DEBUG    root:machine.py:300 INPUT 0
TICK:   0 PC:   0 ADDR:   0 MEM_OUT: Out of range ACC: 0 BUFF: 0 DC: 0 FLAG_ZERO: False FLAG_LT: 0 FLAG_GT: 0
INPUT_PORT:  ['A', 'B', 'O', 'B', 'A', '1', '2', '3', '\n']
OUT_PORT:  []
DATA_MEM:  []
---------------------------------------
DEBUG    root:machine.py:309 CMP 10
TICK:   3 PC:   1 ADDR:   0 MEM_OUT: Out of range ACC: 65 BUFF: 0 DC: 0 FLAG_ZERO: False FLAG_LT: 0 FLAG_GT: 0
INPUT_PORT:  ['B', 'O', 'B', 'A', '1', '2', '3', '\n']
OUT_PORT:  []
DATA_MEM:  []
---------------------------------------
DEBUG    root:machine.py:309 JE 5
TICK:   6 PC:   2 ADDR:   0 MEM_OUT: Out of range ACC: 65 BUFF: 0 DC: 0 FLAG_ZERO: False FLAG_LT: 0 FLAG_GT: 1
INPUT_PORT:  ['B', 'O', 'B', 'A', '1', '2', '3', '\n']
OUT_PORT:  []
DATA_MEM:  []
---------------------------------------
DEBUG    root:machine.py:309 OUTPUT 1
TICK:   9 PC:   3 ADDR:   0 MEM_OUT: Out of range ACC: 65 BUFF: 0 DC: 0 FLAG_ZERO: False FLAG_LT: 0 FLAG_GT: 1
INPUT_PORT:  ['B', 'O', 'B', 'A', '1', '2', '3', '\n']
OUT_PORT:  []
DATA_MEM:  []
---------------------------------------
DEBUG    root:machine.py:309 JMP 0
TICK:  12 PC:   4 ADDR:   0 MEM_OUT: Out of range ACC: 65 BUFF: 0 DC: 0 FLAG_ZERO: False FLAG_LT: 0 FLAG_GT: 1
INPUT_PORT:  ['B', 'O', 'B', 'A', '1', '2', '3', '\n']
OUT_PORT:  ['A']
DATA_MEM:  []
---------------------------------------
DEBUG    root:machine.py:309 INPUT 0
TICK:  15 PC:   0 ADDR:   0 MEM_OUT: Out of range ACC: 65 BUFF: 0 DC: 0 FLAG_ZERO: False FLAG_LT: 0 FLAG_GT: 1
INPUT_PORT:  ['B', 'O', 'B', 'A', '1', '2', '3', '\n']
OUT_PORT:  ['A']
DATA_MEM:  []
---------------------------------------
DEBUG    root:machine.py:309 CMP 10
TICK:  18 PC:   1 ADDR:   0 MEM_OUT: Out of range ACC: 66 BUFF: 0 DC: 0 FLAG_ZERO: False FLAG_LT: 0 FLAG_GT: 1
INPUT_PORT:  ['O', 'B', 'A', '1', '2', '3', '\n']
OUT_PORT:  ['A']
DATA_MEM:  []
---------------------------------------
DEBUG    root:machine.py:309 JE 5
TICK:  21 PC:   2 ADDR:   0 MEM_OUT: Out of range ACC: 66 BUFF: 0 DC: 0 FLAG_ZERO: False FLAG_LT: 0 FLAG_GT: 1
INPUT_PORT:  ['O', 'B', 'A', '1', '2', '3', '\n']
OUT_PORT:  ['A']
DATA_MEM:  []
---------------------------------------
DEBUG    root:machine.py:309 OUTPUT 1
TICK:  24 PC:   3 ADDR:   0 MEM_OUT: Out of range ACC: 66 BUFF: 0 DC: 0 FLAG_ZERO: False FLAG_LT: 0 FLAG_GT: 1
INPUT_PORT:  ['O', 'B', 'A', '1', '2', '3', '\n']
OUT_PORT:  ['A']
DATA_MEM:  []
---------------------------------------
DEBUG    root:machine.py:309 JMP 0
TICK:  27 PC:   4 ADDR:   0 MEM_OUT: Out of range ACC: 66 BUFF: 0 DC: 0 FLAG_ZERO: False FLAG_LT: 0 FLAG_GT: 1
INPUT_PORT:  ['O', 'B', 'A', '1', '2', '3', '\n']
OUT_PORT:  ['A', 'B']
DATA_MEM:  []
---------------------------------------
DEBUG    root:machine.py:309 INPUT 0
TICK:  30 PC:   0 ADDR:   0 MEM_OUT: Out of range ACC: 66 BUFF: 0 DC: 0 FLAG_ZERO: False FLAG_LT: 0 FLAG_GT: 1
INPUT_PORT:  ['O', 'B', 'A', '1', '2', '3', '\n']
OUT_PORT:  ['A', 'B']
DATA_MEM:  []
---------------------------------------
DEBUG    root:machine.py:309 CMP 10
TICK:  33 PC:   1 ADDR:   0 MEM_OUT: Out of range ACC: 79 BUFF: 0 DC: 0 FLAG_ZERO: False FLAG_LT: 0 FLAG_GT: 1
INPUT_PORT:  ['B', 'A', '1', '2', '3', '\n']
OUT_PORT:  ['A', 'B']
DATA_MEM:  []
---------------------------------------
DEBUG    root:machine.py:309 JE 5
TICK:  36 PC:   2 ADDR:   0 MEM_OUT: Out of range ACC: 79 BUFF: 0 DC: 0 FLAG_ZERO: False FLAG_LT: 0 FLAG_GT: 1
INPUT_PORT:  ['B', 'A', '1', '2', '3', '\n']
OUT_PORT:  ['A', 'B']
DATA_MEM:  []
---------------------------------------
DEBUG    root:machine.py:309 OUTPUT 1
TICK:  39 PC:   3 ADDR:   0 MEM_OUT: Out of range ACC: 79 BUFF: 0 DC: 0 FLAG_ZERO: False FLAG_LT: 0 FLAG_GT: 1
INPUT_PORT:  ['B', 'A', '1', '2', '3', '\n']
OUT_PORT:  ['A', 'B']
DATA_MEM:  []
---------------------------------------
DEBUG    root:machine.py:309 JMP 0
TICK:  42 PC:   4 ADDR:   0 MEM_OUT: Out of range ACC: 79 BUFF: 0 DC: 0 FLAG_ZERO: False FLAG_LT: 0 FLAG_GT: 1
INPUT_PORT:  ['B', 'A', '1', '2', '3', '\n']
OUT_PORT:  ['A', 'B', 'O']
DATA_MEM:  []
---------------------------------------
DEBUG    root:machine.py:309 INPUT 0
TICK:  45 PC:   0 ADDR:   0 MEM_OUT: Out of range ACC: 79 BUFF: 0 DC: 0 FLAG_ZERO: False FLAG_LT: 0 FLAG_GT: 1
INPUT_PORT:  ['B', 'A', '1', '2', '3', '\n']
OUT_PORT:  ['A', 'B', 'O']
DATA_MEM:  []
---------------------------------------
DEBUG    root:machine.py:309 CMP 10
TICK:  48 PC:   1 ADDR:   0 MEM_OUT: Out of range ACC: 66 BUFF: 0 DC: 0 FLAG_ZERO: False FLAG_LT: 0 FLAG_GT: 1
INPUT_PORT:  ['A', '1', '2', '3', '\n']
OUT_PORT:  ['A', 'B', 'O']
DATA_MEM:  []
---------------------------------------
DEBUG    root:machine.py:309 JE 5
TICK:  51 PC:   2 ADDR:   0 MEM_OUT: Out of range ACC: 66 BUFF: 0 DC: 0 FLAG_ZERO: False FLAG_LT: 0 FLAG_GT: 1
INPUT_PORT:  ['A', '1', '2', '3', '\n']
OUT_PORT:  ['A', 'B', 'O']
DATA_MEM:  []
---------------------------------------
DEBUG    root:machine.py:309 OUTPUT 1
TICK:  54 PC:   3 ADDR:   0 MEM_OUT: Out of range ACC: 66 BUFF: 0 DC: 0 FLAG_ZERO: False FLAG_LT: 0 FLAG_GT: 1
INPUT_PORT:  ['A', '1', '2', '3', '\n']
OUT_PORT:  ['A', 'B', 'O']
DATA_MEM:  []
---------------------------------------
DEBUG    root:machine.py:309 JMP 0
TICK:  57 PC:   4 ADDR:   0 MEM_OUT: Out of range ACC: 66 BUFF: 0 DC: 0 FLAG_ZERO: False FLAG_LT: 0 FLAG_GT: 1
INPUT_PORT:  ['A', '1', '2', '3', '\n']
OUT_PORT:  ['A', 'B', 'O', 'B']
DATA_MEM:  []
---------------------------------------
DEBUG    root:machine.py:309 INPUT 0
TICK:  60 PC:   0 ADDR:   0 MEM_OUT: Out of range ACC: 66 BUFF: 0 DC: 0 FLAG_ZERO: False FLAG_LT: 0 FLAG_GT: 1
INPUT_PORT:  ['A', '1', '2', '3', '\n']
OUT_PORT:  ['A', 'B', 'O', 'B']
DATA_MEM:  []
---------------------------------------
DEBUG    root:machine.py:309 CMP 10
TICK:  63 PC:   1 ADDR:   0 MEM_OUT: Out of range ACC: 65 BUFF: 0 DC: 0 FLAG_ZERO: False FLAG_LT: 0 FLAG_GT: 1
INPUT_PORT:  ['1', '2', '3', '\n']
OUT_PORT:  ['A', 'B', 'O', 'B']
DATA_MEM:  []
---------------------------------------
DEBUG    root:machine.py:309 JE 5
TICK:  66 PC:   2 ADDR:   0 MEM_OUT: Out of range ACC: 65 BUFF: 0 DC: 0 FLAG_ZERO: False FLAG_LT: 0 FLAG_GT: 1
INPUT_PORT:  ['1', '2', '3', '\n']
OUT_PORT:  ['A', 'B', 'O', 'B']
DATA_MEM:  []
---------------------------------------
DEBUG    root:machine.py:309 OUTPUT 1
TICK:  69 PC:   3 ADDR:   0 MEM_OUT: Out of range ACC: 65 BUFF: 0 DC: 0 FLAG_ZERO: False FLAG_LT: 0 FLAG_GT: 1
INPUT_PORT:  ['1', '2', '3', '\n']
OUT_PORT:  ['A', 'B', 'O', 'B']
DATA_MEM:  []
---------------------------------------
DEBUG    root:machine.py:309 JMP 0
TICK:  72 PC:   4 ADDR:   0 MEM_OUT: Out of range ACC: 65 BUFF: 0 DC: 0 FLAG_ZERO: False FLAG_LT: 0 FLAG_GT: 1
INPUT_PORT:  ['1', '2', '3', '\n']
OUT_PORT:  ['A', 'B', 'O', 'B', 'A']
DATA_MEM:  []
---------------------------------------
DEBUG    root:machine.py:309 INPUT 0
TICK:  75 PC:   0 ADDR:   0 MEM_OUT: Out of range ACC: 65 BUFF: 0 DC: 0 FLAG_ZERO: False FLAG_LT: 0 FLAG_GT: 1
INPUT_PORT:  ['1', '2', '3', '\n']
OUT_PORT:  ['A', 'B', 'O', 'B', 'A']
DATA_MEM:  []
---------------------------------------
DEBUG    root:machine.py:309 CMP 10
TICK:  78 PC:   1 ADDR:   0 MEM_OUT: Out of range ACC: 49 BUFF: 0 DC: 0 FLAG_ZERO: False FLAG_LT: 0 FLAG_GT: 1
INPUT_PORT:  ['2', '3', '\n']
OUT_PORT:  ['A', 'B', 'O', 'B', 'A']
DATA_MEM:  []
---------------------------------------
DEBUG    root:machine.py:309 JE 5
TICK:  81 PC:   2 ADDR:   0 MEM_OUT: Out of range ACC: 49 BUFF: 0 DC: 0 FLAG_ZERO: False FLAG_LT: 0 FLAG_GT: 1
INPUT_PORT:  ['2', '3', '\n']
OUT_PORT:  ['A', 'B', 'O', 'B', 'A']
DATA_MEM:  []
---------------------------------------
DEBUG    root:machine.py:309 OUTPUT 1
TICK:  84 PC:   3 ADDR:   0 MEM_OUT: Out of range ACC: 49 BUFF: 0 DC: 0 FLAG_ZERO: False FLAG_LT: 0 FLAG_GT: 1
INPUT_PORT:  ['2', '3', '\n']
OUT_PORT:  ['A', 'B', 'O', 'B', 'A']
DATA_MEM:  []
---------------------------------------
DEBUG    root:machine.py:309 JMP 0
TICK:  87 PC:   4 ADDR:   0 MEM_OUT: Out of range ACC: 49 BUFF: 0 DC: 0 FLAG_ZERO: False FLAG_LT: 0 FLAG_GT: 1
INPUT_PORT:  ['2', '3', '\n']
OUT_PORT:  ['A', 'B', 'O', 'B', 'A', '1']
DATA_MEM:  []
---------------------------------------
DEBUG    root:machine.py:309 INPUT 0
TICK:  90 PC:   0 ADDR:   0 MEM_OUT: Out of range ACC: 49 BUFF: 0 DC: 0 FLAG_ZERO: False FLAG_LT: 0 FLAG_GT: 1
INPUT_PORT:  ['2', '3', '\n']
OUT_PORT:  ['A', 'B', 'O', 'B', 'A', '1']
DATA_MEM:  []
---------------------------------------
DEBUG    root:machine.py:309 CMP 10
TICK:  93 PC:   1 ADDR:   0 MEM_OUT: Out of range ACC: 50 BUFF: 0 DC: 0 FLAG_ZERO: False FLAG_LT: 0 FLAG_GT: 1
INPUT_PORT:  ['3', '\n']
OUT_PORT:  ['A', 'B', 'O', 'B', 'A', '1']
DATA_MEM:  []
---------------------------------------
DEBUG    root:machine.py:309 JE 5
TICK:  96 PC:   2 ADDR:   0 MEM_OUT: Out of range ACC: 50 BUFF: 0 DC: 0 FLAG_ZERO: False FLAG_LT: 0 FLAG_GT: 1
INPUT_PORT:  ['3', '\n']
OUT_PORT:  ['A', 'B', 'O', 'B', 'A', '1']
DATA_MEM:  []
---------------------------------------
DEBUG    root:machine.py:309 OUTPUT 1
TICK:  99 PC:   3 ADDR:   0 MEM_OUT: Out of range ACC: 50 BUFF: 0 DC: 0 FLAG_ZERO: False FLAG_LT: 0 FLAG_GT: 1
INPUT_PORT:  ['3', '\n']
OUT_PORT:  ['A', 'B', 'O', 'B', 'A', '1']
DATA_MEM:  []
---------------------------------------
DEBUG    root:machine.py:309 JMP 0
TICK: 102 PC:   4 ADDR:   0 MEM_OUT: Out of range ACC: 50 BUFF: 0 DC: 0 FLAG_ZERO: False FLAG_LT: 0 FLAG_GT: 1
INPUT_PORT:  ['3', '\n']
OUT_PORT:  ['A', 'B', 'O', 'B', 'A', '1', '2']
DATA_MEM:  []
---------------------------------------
DEBUG    root:machine.py:309 INPUT 0
TICK: 105 PC:   0 ADDR:   0 MEM_OUT: Out of range ACC: 50 BUFF: 0 DC: 0 FLAG_ZERO: False FLAG_LT: 0 FLAG_GT: 1
INPUT_PORT:  ['3', '\n']
OUT_PORT:  ['A', 'B', 'O', 'B', 'A', '1', '2']
DATA_MEM:  []
---------------------------------------
DEBUG    root:machine.py:309 CMP 10
TICK: 108 PC:   1 ADDR:   0 MEM_OUT: Out of range ACC: 51 BUFF: 0 DC: 0 FLAG_ZERO: False FLAG_LT: 0 FLAG_GT: 1
INPUT_PORT:  ['\n']
OUT_PORT:  ['A', 'B', 'O', 'B', 'A', '1', '2']
DATA_MEM:  []
---------------------------------------
DEBUG    root:machine.py:309 JE 5
TICK: 111 PC:   2 ADDR:   0 MEM_OUT: Out of range ACC: 51 BUFF: 0 DC: 0 FLAG_ZERO: False FLAG_LT: 0 FLAG_GT: 1
INPUT_PORT:  ['\n']
OUT_PORT:  ['A', 'B', 'O', 'B', 'A', '1', '2']
DATA_MEM:  []
---------------------------------------
DEBUG    root:machine.py:309 OUTPUT 1
TICK: 114 PC:   3 ADDR:   0 MEM_OUT: Out of range ACC: 51 BUFF: 0 DC: 0 FLAG_ZERO: False FLAG_LT: 0 FLAG_GT: 1
INPUT_PORT:  ['\n']
OUT_PORT:  ['A', 'B', 'O', 'B', 'A', '1', '2']
DATA_MEM:  []
---------------------------------------
DEBUG    root:machine.py:309 JMP 0
TICK: 117 PC:   4 ADDR:   0 MEM_OUT: Out of range ACC: 51 BUFF: 0 DC: 0 FLAG_ZERO: False FLAG_LT: 0 FLAG_GT: 1
INPUT_PORT:  ['\n']
OUT_PORT:  ['A', 'B', 'O', 'B', 'A', '1', '2', '3']
DATA_MEM:  []
---------------------------------------
DEBUG    root:machine.py:309 INPUT 0
TICK: 120 PC:   0 ADDR:   0 MEM_OUT: Out of range ACC: 51 BUFF: 0 DC: 0 FLAG_ZERO: False FLAG_LT: 0 FLAG_GT: 1
INPUT_PORT:  ['\n']
OUT_PORT:  ['A', 'B', 'O', 'B', 'A', '1', '2', '3']
DATA_MEM:  []
---------------------------------------
DEBUG    root:machine.py:309 CMP 10
TICK: 123 PC:   1 ADDR:   0 MEM_OUT: Out of range ACC: 10 BUFF: 0 DC: 0 FLAG_ZERO: False FLAG_LT: 0 FLAG_GT: 1
INPUT_PORT:  []
OUT_PORT:  ['A', 'B', 'O', 'B', 'A', '1', '2', '3']
DATA_MEM:  []
---------------------------------------
DEBUG    root:machine.py:309 JE 5
TICK: 126 PC:   2 ADDR:   0 MEM_OUT: Out of range ACC: 10 BUFF: 0 DC: 0 FLAG_ZERO: False FLAG_LT: 0 FLAG_GT: 0
INPUT_PORT:  []
OUT_PORT:  ['A', 'B', 'O', 'B', 'A', '1', '2', '3']
DATA_MEM:  []
---------------------------------------
DEBUG    root:machine.py:309 HLT 
TICK: 129 PC:   5 ADDR:   0 MEM_OUT: Out of range ACC: 10 BUFF: 0 DC: 0 FLAG_ZERO: False FLAG_LT: 0 FLAG_GT: 0
INPUT_PORT:  []
OUT_PORT:  ['A', 'B', 'O', 'B', 'A', '1', '2', '3']
DATA_MEM:  []
---------------------------------------
INFO     root:machine.py:317 output_buffer: 'ABOBA123'
DEBUG    root:machine.py:300 LD 0
TICK:   0 PC:   0 ADDR:   0 MEM_OUT: 13 ACC: 0 BUFF: 0 DC: 0 FLAG_ZERO: False FLAG_LT: 0 FLAG_GT: 0
INPUT_PORT:  []
OUT_PORT:  []
DATA_MEM:  [13, 72, 101, 108, 108, 111, 44, 32, 119, 111, 114, 108, 100, 33]
---------------------------------------
DEBUG    root:machine.py:309 SETCNT 
TICK:   4 PC:   1 ADDR:   0 MEM_OUT: 13 ACC: 13 BUFF: 0 DC: 0 FLAG_ZERO: False FLAG_LT: 0 FLAG_GT: 0
INPUT_PORT:  []
OUT_PORT:  []
DATA_MEM:  [13, 72, 101, 108, 108, 111, 44, 32, 119, 111, 114, 108, 100, 33]
---------------------------------------
DEBUG    root:machine.py:309 LDA 4
TICK:   7 PC:   2 ADDR:   0 MEM_OUT: 13 ACC: 13 BUFF: 0 DC: 13 FLAG_ZERO: False FLAG_LT: 0 FLAG_GT: 0
INPUT_PORT:  []
OUT_PORT:  []
DATA_MEM:  [13, 72, 101, 108, 108, 111, 44, 32, 119, 111, 114, 108, 100, 33]
---------------------------------------
DEBUG    root:machine.py:309 SETADDR 
TICK:  10 PC:   3 ADDR:   0 MEM_OUT: 13 ACC: 4 BUFF: 0 DC: 13 FLAG_ZERO: False FLAG_LT: 0 FLAG_GT: 0
INPUT_PORT:  []
OUT_PORT:  []
DATA_MEM:  [13, 72, 101, 108, 108, 111, 44, 32, 119, 111, 114, 108, 100, 33]
---------------------------------------
DEBUG    root:machine.py:309 READ 
TICK:  13 PC:   4 ADDR:   1 MEM_OUT: 72 ACC: 4 BUFF: 0 DC: 13 FLAG_ZERO: False FLAG_LT: 0 FLAG_GT: 0
INPUT_PORT:  []
OUT_PORT:  []
DATA_MEM:  [13, 72, 101, 108, 108, 111, 44, 32, 119, 111, 114, 108, 100, 33]
---------------------------------------
DEBUG    root:machine.py:309 OUTPUT 1
TICK:  17 PC:   5 ADDR:   2 MEM_OUT: 101 ACC: 72 BUFF: 0 DC: 12 FLAG_ZERO: False FLAG_LT: 0 FLAG_GT: 0
INPUT_PORT:  []
OUT_PORT:  []
DATA_MEM:  [13, 72, 101, 108, 108, 111, 44, 32, 119, 111, 114, 108, 100, 33]
---------------------------------------
DEBUG    root:machine.py:309 CNTZ 
TICK:  20 PC:   6 ADDR:   2 MEM_OUT: 101 ACC: 72 BUFF: 0 DC: 12 FLAG_ZERO: False FLAG_LT: 0 FLAG_GT: 0
INPUT_PORT:  []
OUT_PORT:  ['H']
DATA_MEM:  [13, 72, 101, 108, 108, 111, 44, 32, 119, 111, 114, 108, 100, 33]
---------------------------------------
DEBUG    root:machine.py:309 JZ 9
TICK:  23 PC:   7 ADDR:   2 MEM_OUT: 101 ACC: 72 BUFF: 0 DC: 12 FLAG_ZERO: False FLAG_LT: 0 FLAG_GT: 1
INPUT_PORT:  []
OUT_PORT:  ['H']
DATA_MEM:  [13, 72, 101, 108, 108, 111, 44, 32, 119, 111, 114, 108, 100, 33]
---------------------------------------
DEBUG    root:machine.py:309 JMP 4
TICK:  26 PC:   8 ADDR:   2 MEM_OUT: 101 ACC: 72 BUFF: 0 DC: 12 FLAG_ZERO: False FLAG_LT: 0 FLAG_GT: 1
INPUT_PORT:  []
OUT_PORT:  ['H']
DATA_MEM:  [13, 72, 101, 108, 108, 111, 44, 32, 119, 111, 114, 108, 100, 33]
---------------------------------------
DEBUG    root:machine.py:309 READ 
TICK:  29 PC:   4 ADDR:   2 MEM_OUT: 101 ACC: 72 BUFF: 0 DC: 12 FLAG_ZERO: False FLAG_LT: 0 FLAG_GT: 1
INPUT_PORT:  []
OUT_PORT:  ['H']
DATA_MEM:  [13, 72, 101, 108, 108, 111, 44, 32, 119, 111, 114, 108, 100, 33]
---------------------------------------
DEBUG    root:machine.py:309 OUTPUT 1
TICK:  33 PC:   5 ADDR:   3 MEM_OUT: 108 ACC: 101 BUFF: 0 DC: 11 FLAG_ZERO: False FLAG_LT: 0 FLAG_GT: 1
INPUT_PORT:  []
OUT_PORT:  ['H']
DATA_MEM:  [13, 72, 101, 108, 108, 111, 44, 32, 119, 111, 114, 108, 100, 33]
---------------------------------------
DEBUG    root:machine.py:309 CNTZ 
TICK:  36 PC:   6 ADDR:   3 MEM_OUT: 108 ACC: 101 BUFF: 0 DC: 11 FLAG_ZERO: False FLAG_LT: 0 FLAG_GT: 1
INPUT_PORT:  []
OUT_PORT:  ['H', 'e']
DATA_MEM:  [13, 72, 101, 108, 108, 111, 44, 32, 119, 111, 114, 108, 100, 33]
---------------------------------------
DEBUG    root:machine.py:309 JZ 9
TICK:  39 PC:   7 ADDR:   3 MEM_OUT: 108 ACC: 101 BUFF: 0 DC: 11 FLAG_ZERO: False FLAG_LT: 0 FLAG_GT: 1
INPUT_PORT:  []
OUT_PORT:  ['H', 'e']
DATA_MEM:  [13, 72, 101, 108, 108, 111, 44, 32, 119, 111, 114, 108, 100, 33]
---------------------------------------
DEBUG    root:machine.py:309 JMP 4
TICK:  42 PC:   8 ADDR:   3 MEM_OUT: 108 ACC: 101 BUFF: 0 DC: 11 FLAG_ZERO: False FLAG_LT: 0 FLAG_GT: 1
INPUT_PORT:  []
OUT_PORT:  ['H', 'e']
DATA_MEM:  [13, 72, 101, 108, 108, 111, 44, 32, 119, 111, 114, 108, 100, 33]
---------------------------------------
DEBUG    root:machine.py:309 READ 
TICK:  45 PC:   4 ADDR:   3 MEM_OUT: 108 ACC: 101 BUFF: 0 DC: 11 FLAG_ZERO: False FLAG_LT: 0 FLAG_GT: 1
INPUT_PORT:  []
OUT_PORT:  ['H', 'e']
DATA_MEM:  [13, 72, 101, 108, 108, 111, 44, 32, 119, 111, 114, 108, 100, 33]
---------------------------------------
DEBUG    root:machine.py:309 OUTPUT 1
TICK:  49 PC:   5 ADDR:   4 MEM_OUT: 108 ACC: 108 BUFF: 0 DC: 10 FLAG_ZERO: False FLAG_LT: 0 FLAG_GT: 1
INPUT_PORT:  []
OUT_PORT:  ['H', 'e']
DATA_MEM:  [13, 72, 101, 108, 108, 111, 44, 32, 119, 111, 114, 108, 100, 33]
---------------------------------------
DEBUG    root:machine.py:309 CNTZ 
TICK:  52 PC:   6 ADDR:   4 MEM_OUT: 108 ACC: 108 BUFF: 0 DC: 10 FLAG_ZERO: False FLAG_LT: 0 FLAG_GT: 1
INPUT_PORT:  []
OUT_PORT:  ['H', 'e', 'l']
DATA_MEM:  [13, 72, 101, 108, 108, 111, 44, 32, 119, 111, 114, 108, 100, 33]
---------------------------------------
DEBUG    root:machine.py:309 JZ 9
TICK:  55 PC:   7 ADDR:   4 MEM_OUT: 108 ACC: 108 BUFF: 0 DC: 10 FLAG_ZERO: False FLAG_LT: 0 FLAG_GT: 1
INPUT_PORT:  []
OUT_PORT:  ['H', 'e', 'l']
DATA_MEM:  [13, 72, 101, 108, 108, 111, 44, 32, 119, 111, 114, 108, 100, 33]
---------------------------------------
DEBUG    root:machine.py:309 JMP 4
TICK:  58 PC:   8 ADDR:   4 MEM_OUT: 108 ACC: 108 BUFF: 0 DC: 10 FLAG_ZERO: False FLAG_LT: 0 FLAG_GT: 1
INPUT_PORT:  []
OUT_PORT:  ['H', 'e', 'l']
DATA_MEM:  [13, 72, 101, 108, 108, 111, 44, 32, 119, 111, 114, 108, 100, 33]
---------------------------------------
DEBUG    root:machine.py:309 READ 
TICK:  61 PC:   4 ADDR:   4 MEM_OUT: 108 ACC: 108 BUFF: 0 DC: 10 FLAG_ZERO: False FLAG_LT: 0 FLAG_GT: 1
INPUT_PORT:  []
OUT_PORT:  ['H', 'e', 'l']
DATA_MEM:  [13, 72, 101, 108, 108, 111, 44, 32, 119, 111, 114, 108, 100, 33]
---------------------------------------
DEBUG    root:machine.py:309 OUTPUT 1
TICK:  65 PC:   5 ADDR:   5 MEM_OUT: 111 ACC: 108 BUFF: 0 DC: 9 FLAG_ZERO: False FLAG_LT: 0 FLAG_GT: 1
INPUT_PORT:  []
OUT_PORT:  ['H', 'e', 'l']
DATA_MEM:  [13, 72, 101, 108, 108, 111, 44, 32, 119, 111, 114, 108, 100, 33]
---------------------------------------
DEBUG    root:machine.py:309 CNTZ 
TICK:  68 PC:   6 ADDR:   5 MEM_OUT: 111 ACC: 108 BUFF: 0 DC: 9 FLAG_ZERO: False FLAG_LT: 0 FLAG_GT: 1
INPUT_PORT:  []
OUT_PORT:  ['H', 'e', 'l', 'l']
DATA_MEM:  [13, 72, 101, 108, 108, 111, 44, 32, 119, 111, 114, 108, 100, 33]
---------------------------------------
DEBUG    root:machine.py:309 JZ 9
TICK:  71 PC:   7 ADDR:   5 MEM_OUT: 111 ACC: 108 BUFF: 0 DC: 9 FLAG_ZERO: False FLAG_LT: 0 FLAG_GT: 1
INPUT_PORT:  []
OUT_PORT:  ['H', 'e', 'l', 'l']
DATA_MEM:  [13, 72, 101, 108, 108, 111, 44, 32, 119, 111, 114, 108, 100, 33]
---------------------------------------
DEBUG    root:machine.py:309 JMP 4
TICK:  74 PC:   8 ADDR:   5 MEM_OUT: 111 ACC: 108 BUFF: 0 DC: 9 FLAG_ZERO: False FLAG_LT: 0 FLAG_GT: 1
INPUT_PORT:  []
OUT_PORT:  ['H', 'e', 'l', 'l']
DATA_MEM:  [13, 72, 101, 108, 108, 111, 44, 32, 119, 111, 114, 108, 100, 33]
---------------------------------------
DEBUG    root:machine.py:309 READ 
TICK:  77 PC:   4 ADDR:   5 MEM_OUT: 111 ACC: 108 BUFF: 0 DC: 9 FLAG_ZERO: False FLAG_LT: 0 FLAG_GT: 1
INPUT_PORT:  []
OUT_PORT:  ['H', 'e', 'l', 'l']
DATA_MEM:  [13, 72, 101, 108, 108, 111, 44, 32, 119, 111, 114, 108, 100, 33]
---------------------------------------
DEBUG    root:machine.py:309 OUTPUT 1
TICK:  81 PC:   5 ADDR:   6 MEM_OUT: 44 ACC: 111 BUFF: 0 DC: 8 FLAG_ZERO: False FLAG_LT: 0 FLAG_GT: 1
INPUT_PORT:  []
OUT_PORT:  ['H', 'e', 'l', 'l']
DATA_MEM:  [13, 72, 101, 108, 108, 111, 44, 32, 119, 111, 114, 108, 100, 33]
---------------------------------------
DEBUG    root:machine.py:309 CNTZ 
TICK:  84 PC:   6 ADDR:   6 MEM_OUT: 44 ACC: 111 BUFF: 0 DC: 8 FLAG_ZERO: False FLAG_LT: 0 FLAG_GT: 1
INPUT_PORT:  []
OUT_PORT:  ['H', 'e', 'l', 'l', 'o']
DATA_MEM:  [13, 72, 101, 108, 108, 111, 44, 32, 119, 111, 114, 108, 100, 33]
---------------------------------------
DEBUG    root:machine.py:309 JZ 9
TICK:  87 PC:   7 ADDR:   6 MEM_OUT: 44 ACC: 111 BUFF: 0 DC: 8 FLAG_ZERO: False FLAG_LT: 0 FLAG_GT: 1
INPUT_PORT:  []
OUT_PORT:  ['H', 'e', 'l', 'l', 'o']
DATA_MEM:  [13, 72, 101, 108, 108, 111, 44, 32, 119, 111, 114, 108, 100, 33]
---------------------------------------
DEBUG    root:machine.py:309 JMP 4
TICK:  90 PC:   8 ADDR:   6 MEM_OUT: 44 ACC: 111 BUFF: 0 DC: 8 FLAG_ZERO: False FLAG_LT: 0 FLAG_GT: 1
INPUT_PORT:  []
OUT_PORT:  ['H', 'e', 'l', 'l', 'o']
DATA_MEM:  [13, 72, 101, 108, 108, 111, 44, 32, 119, 111, 114, 108, 100, 33]
---------------------------------------
DEBUG    root:machine.py:309 READ 
TICK:  93 PC:   4 ADDR:   6 MEM_OUT: 44 ACC: 111 BUFF: 0 DC: 8 FLAG_ZERO: False FLAG_LT: 0 FLAG_GT: 1
INPUT_PORT:  []
OUT_PORT:  ['H', 'e', 'l', 'l', 'o']
DATA_MEM:  [13, 72, 101, 108, 108, 111, 44, 32, 119, 111, 114, 108, 100, 33]
---------------------------------------
DEBUG    root:machine.py:309 OUTPUT 1
TICK:  97 PC:   5 ADDR:   7 MEM_OUT: 32 ACC: 44 BUFF: 0 DC: 7 FLAG_ZERO: False FLAG_LT: 0 FLAG_GT: 1
INPUT_PORT:  []
OUT_PORT:  ['H', 'e', 'l', 'l', 'o']
DATA_MEM:  [13, 72, 101, 108, 108, 111, 44, 32, 119, 111, 114, 108, 100, 33]
---------------------------------------
DEBUG    root:machine.py:309 CNTZ 
TICK: 100 PC:   6 ADDR:   7 MEM_OUT: 32 ACC: 44 BUFF: 0 DC: 7 FLAG_ZERO: False FLAG_LT: 0 FLAG_GT: 1
INPUT_PORT:  []
OUT_PORT:  ['H', 'e', 'l', 'l', 'o', ',']
DATA_MEM:  [13, 72, 101, 108, 108, 111, 44, 32, 119, 111, 114, 108, 100, 33]
---------------------------------------
DEBUG    root:machine.py:309 JZ 9
TICK: 103 PC:   7 ADDR:   7 MEM_OUT: 32 ACC: 44 BUFF: 0 DC: 7 FLAG_ZERO: False FLAG_LT: 0 FLAG_GT: 1
INPUT_PORT:  []
OUT_PORT:  ['H', 'e', 'l', 'l', 'o', ',']
DATA_MEM:  [13, 72, 101, 108, 108, 111, 44, 32, 119, 111, 114, 108, 100, 33]
---------------------------------------
DEBUG    root:machine.py:309 JMP 4
TICK: 106 PC:   8 ADDR:   7 MEM_OUT: 32 ACC: 44 BUFF: 0 DC: 7 FLAG_ZERO: False FLAG_LT: 0 FLAG_GT: 1
INPUT_PORT:  []
OUT_PORT:  ['H', 'e', 'l', 'l', 'o', ',']
DATA_MEM:  [13, 72, 101, 108, 108, 111, 44, 32, 119, 111, 114, 108, 100, 33]
---------------------------------------
DEBUG    root:machine.py:309 READ 
TICK: 109 PC:   4 ADDR:   7 MEM_OUT: 32 ACC: 44 BUFF: 0 DC: 7 FLAG_ZERO: False FLAG_LT: 0 FLAG_GT: 1
INPUT_PORT:  []
OUT_PORT:  ['H', 'e', 'l', 'l', 'o', ',']
DATA_MEM:  [13, 72, 101, 108, 108, 111, 44, 32, 119, 111, 114, 108, 100, 33]
---------------------------------------
DEBUG    root:machine.py:309 OUTPUT 1
TICK: 113 PC:   5 ADDR:   8 MEM_OUT: 119 ACC: 32 BUFF: 0 DC: 6 FLAG_ZERO: False FLAG_LT: 0 FLAG_GT: 1
INPUT_PORT:  []
OUT_PORT:  ['H', 'e', 'l', 'l', 'o', ',']
DATA_MEM:  [13, 72, 101, 108, 108, 111, 44, 32, 119, 111, 114, 108, 100, 33]
---------------------------------------
DEBUG    root:machine.py:309 CNTZ 
TICK: 116 PC:   6 ADDR:   8 MEM_OUT: 119 ACC: 32 BUFF: 0 DC: 6 FLAG_ZERO: False FLAG_LT: 0 FLAG_GT: 1
INPUT_PORT:  []
OUT_PORT:  ['H', 'e', 'l', 'l', 'o', ',', ' ']
DATA_MEM:  [13, 72, 101, 108, 108, 111, 44, 32, 119, 111, 114, 108, 100, 33]
---------------------------------------
DEBUG    root:machine.py:309 JZ 9
TICK: 119 PC:   7 ADDR:   8 MEM_OUT: 119 ACC: 32 BUFF: 0 DC: 6 FLAG_ZERO: False FLAG_LT: 0 FLAG_GT: 1
INPUT_PORT:  []
OUT_PORT:  ['H', 'e', 'l', 'l', 'o', ',', ' ']
DATA_MEM:  [13, 72, 101, 108, 108, 111, 44, 32, 119, 111, 114, 108, 100, 33]
---------------------------------------
DEBUG    root:machine.py:309 JMP 4
TICK: 122 PC:   8 ADDR:   8 MEM_OUT: 119 ACC: 32 BUFF: 0 DC: 6 FLAG_ZERO: False FLAG_LT: 0 FLAG_GT: 1
INPUT_PORT:  []
OUT_PORT:  ['H', 'e', 'l', 'l', 'o', ',', ' ']
DATA_MEM:  [13, 72, 101, 108, 108, 111, 44, 32, 119, 111, 114, 108, 100, 33]
---------------------------------------
DEBUG    root:machine.py:309 READ 
TICK: 125 PC:   4 ADDR:   8 MEM_OUT: 119 ACC: 32 BUFF: 0 DC: 6 FLAG_ZERO: False FLAG_LT: 0 FLAG_GT: 1
INPUT_PORT:  []
OUT_PORT:  ['H', 'e', 'l', 'l', 'o', ',', ' ']
DATA_MEM:  [13, 72, 101, 108, 108, 111, 44, 32, 119, 111, 114, 108, 100, 33]
---------------------------------------
DEBUG    root:machine.py:309 OUTPUT 1
TICK: 129 PC:   5 ADDR:   9 MEM_OUT: 111 ACC: 119 BUFF: 0 DC: 5 FLAG_ZERO: False FLAG_LT: 0 FLAG_GT: 1
INPUT_PORT:  []
OUT_PORT:  ['H', 'e', 'l', 'l', 'o', ',', ' ']
DATA_MEM:  [13, 72, 101, 108, 108, 111, 44, 32, 119, 111, 114, 108, 100, 33]
---------------------------------------
DEBUG    root:machine.py:309 CNTZ 
TICK: 132 PC:   6 ADDR:   9 MEM_OUT: 111 ACC: 119 BUFF: 0 DC: 5 FLAG_ZERO: False FLAG_LT: 0 FLAG_GT: 1
INPUT_PORT:  []
OUT_PORT:  ['H', 'e', 'l', 'l', 'o', ',', ' ', 'w']
DATA_MEM:  [13, 72, 101, 108, 108, 111, 44, 32, 119, 111, 114, 108, 100, 33]
---------------------------------------
DEBUG    root:machine.py:309 JZ 9
TICK: 135 PC:   7 ADDR:   9 MEM_OUT: 111 ACC: 119 BUFF: 0 DC: 5 FLAG_ZERO: False FLAG_LT: 0 FLAG_GT: 1
INPUT_PORT:  []
OUT_PORT:  ['H', 'e', 'l', 'l', 'o', ',', ' ', 'w']
DATA_MEM:  [13, 72, 101, 108, 108, 111, 44, 32, 119, 111, 114, 108, 100, 33]
---------------------------------------
DEBUG    root:machine.py:309 JMP 4
TICK: 138 PC:   8 ADDR:   9 MEM_OUT: 111 ACC: 119 BUFF: 0 DC: 5 FLAG_ZERO: False FLAG_LT: 0 FLAG_GT: 1
INPUT_PORT:  []
OUT_PORT:  ['H', 'e', 'l', 'l', 'o', ',', ' ', 'w']
DATA_MEM:  [13, 72, 101, 108, 108, 111, 44, 32, 119, 111, 114, 108, 100, 33]
---------------------------------------
DEBUG    root:machine.py:309 READ 
TICK: 141 PC:   4 ADDR:   9 MEM_OUT: 111 ACC: 119 BUFF: 0 DC: 5 FLAG_ZERO: False FLAG_LT: 0 FLAG_GT: 1
INPUT_PORT:  []
OUT_PORT:  ['H', 'e', 'l', 'l', 'o', ',', ' ', 'w']
DATA_MEM:  [13, 72, 101, 108, 108, 111, 44, 32, 119, 111, 114, 108, 100, 33]
---------------------------------------
DEBUG    root:machine.py:309 OUTPUT 1
TICK: 145 PC:   5 ADDR:  10 MEM_OUT: 114 ACC: 111 BUFF: 0 DC: 4 FLAG_ZERO: False FLAG_LT: 0 FLAG_GT: 1
INPUT_PORT:  []
OUT_PORT:  ['H', 'e', 'l', 'l', 'o', ',', ' ', 'w']
DATA_MEM:  [13, 72, 101, 108, 108, 111, 44, 32, 119, 111, 114, 108, 100, 33]
---------------------------------------
DEBUG    root:machine.py:309 CNTZ 
TICK: 148 PC:   6 ADDR:  10 MEM_OUT: 114 ACC: 111 BUFF: 0 DC: 4 FLAG_ZERO: False FLAG_LT: 0 FLAG_GT: 1
INPUT_PORT:  []
OUT_PORT:  ['H', 'e', 'l', 'l', 'o', ',', ' ', 'w', 'o']
DATA_MEM:  [13, 72, 101, 108, 108, 111, 44, 32, 119, 111, 114, 108, 100, 33]
---------------------------------------
DEBUG    root:machine.py:309 JZ 9
TICK: 151 PC:   7 ADDR:  10 MEM_OUT: 114 ACC: 111 BUFF: 0 DC: 4 FLAG_ZERO: False FLAG_LT: 0 FLAG_GT: 1
INPUT_PORT:  []
OUT_PORT:  ['H', 'e', 'l', 'l', 'o', ',', ' ', 'w', 'o']
DATA_MEM:  [13, 72, 101, 108, 108, 111, 44, 32, 119, 111, 114, 108, 100, 33]
---------------------------------------
DEBUG    root:machine.py:309 JMP 4
TICK: 154 PC:   8 ADDR:  10 MEM_OUT: 114 ACC: 111 BUFF: 0 DC: 4 FLAG_ZERO: False FLAG_LT: 0 FLAG_GT: 1
INPUT_PORT:  []
OUT_PORT:  ['H', 'e', 'l', 'l', 'o', ',', ' ', 'w', 'o']
DATA_MEM:  [13, 72, 101, 108, 108, 111, 44, 32, 119, 111, 114, 108, 100, 33]
---------------------------------------
DEBUG    root:machine.py:309 READ 
TICK: 157 PC:   4 ADDR:  10 MEM_OUT: 114 ACC: 111 BUFF: 0 DC: 4 FLAG_ZERO: False FLAG_LT: 0 FLAG_GT: 1
INPUT_PORT:  []
OUT_PORT:  ['H', 'e', 'l', 'l', 'o', ',', ' ', 'w', 'o']
DATA_MEM:  [13, 72, 101, 108, 108, 111, 44, 32, 119, 111, 114, 108, 100, 33]
---------------------------------------
DEBUG    root:machine.py:309 OUTPUT 1
TICK: 161 PC:   5 ADDR:  11 MEM_OUT: 108 ACC: 114 BUFF: 0 DC: 3 FLAG_ZERO: False FLAG_LT: 0 FLAG_GT: 1
INPUT_PORT:  []
OUT_PORT:  ['H', 'e', 'l', 'l', 'o', ',', ' ', 'w', 'o']
DATA_MEM:  [13, 72, 101, 108, 108, 111, 44, 32, 119, 111, 114, 108, 100, 33]
---------------------------------------
DEBUG    root:machine.py:309 CNTZ 
TICK: 164 PC:   6 ADDR:  11 MEM_OUT: 108 ACC: 114 BUFF: 0 DC: 3 FLAG_ZERO: False FLAG_LT: 0 FLAG_GT: 1
INPUT_PORT:  []
OUT_PORT:  ['H', 'e', 'l', 'l', 'o', ',', ' ', 'w', 'o', 'r']
DATA_MEM:  [13, 72, 101, 108, 108, 111, 44, 32, 119, 111, 114, 108, 100, 33]
---------------------------------------
DEBUG    root:machine.py:309 JZ 9
TICK: 167 PC:   7 ADDR:  11 MEM_OUT: 108 ACC: 114 BUFF: 0 DC: 3 FLAG_ZERO: False FLAG_LT: 0 FLAG_GT: 1
INPUT_PORT:  []
OUT_PORT:  ['H', 'e', 'l', 'l', 'o', ',', ' ', 'w', 'o', 'r']
DATA_MEM:  [13, 72, 101, 108, 108, 111, 44, 32, 119, 111, 114, 108, 100, 33]
---------------------------------------
DEBUG    root:machine.py:309 JMP 4
TICK: 170 PC:   8 ADDR:  11 MEM_OUT: 108 ACC: 114 BUFF: 0 DC: 3 FLAG_ZERO: False FLAG_LT: 0 FLAG_GT: 1
INPUT_PORT:  []
OUT_PORT:  ['H', 'e', 'l', 'l', 'o', ',', ' ', 'w', 'o', 'r']
DATA_MEM:  [13, 72, 101, 108, 108, 111, 44, 32, 119, 111, 114, 108, 100, 33]
---------------------------------------
DEBUG    root:machine.py:309 READ 
TICK: 173 PC:   4 ADDR:  11 MEM_OUT: 108 ACC: 114 BUFF: 0 DC: 3 FLAG_ZERO: False FLAG_LT: 0 FLAG_GT: 1
INPUT_PORT:  []
OUT_PORT:  ['H', 'e', 'l', 'l', 'o', ',', ' ', 'w', 'o', 'r']
DATA_MEM:  [13, 72, 101, 108, 108, 111, 44, 32, 119, 111, 114, 108, 100, 33]
---------------------------------------
DEBUG    root:machine.py:309 OUTPUT 1
TICK: 177 PC:   5 ADDR:  12 MEM_OUT: 100 ACC: 108 BUFF: 0 DC: 2 FLAG_ZERO: False FLAG_LT: 0 FLAG_GT: 1
INPUT_PORT:  []
OUT_PORT:  ['H', 'e', 'l', 'l', 'o', ',', ' ', 'w', 'o', 'r']
DATA_MEM:  [13, 72, 101, 108, 108, 111, 44, 32, 119, 111, 114, 108, 100, 33]
---------------------------------------
DEBUG    root:machine.py:309 CNTZ 
TICK: 180 PC:   6 ADDR:  12 MEM_OUT: 100 ACC: 108 BUFF: 0 DC: 2 FLAG_ZERO: False FLAG_LT: 0 FLAG_GT: 1
INPUT_PORT:  []
OUT_PORT:  ['H', 'e', 'l', 'l', 'o', ',', ' ', 'w', 'o', 'r', 'l']
DATA_MEM:  [13, 72, 101, 108, 108, 111, 44, 32, 119, 111, 114, 108, 100, 33]
---------------------------------------
DEBUG    root:machine.py:309 JZ 9
TICK: 183 PC:   7 ADDR:  12 MEM_OUT: 100 ACC: 108 BUFF: 0 DC: 2 FLAG_ZERO: False FLAG_LT: 0 FLAG_GT: 1
INPUT_PORT:  []
OUT_PORT:  ['H', 'e', 'l', 'l', 'o', ',', ' ', 'w', 'o', 'r', 'l']
DATA_MEM:  [13, 72, 101, 108, 108, 111, 44, 32, 119, 111, 114, 108, 100, 33]
---------------------------------------
DEBUG    root:machine.py:309 JMP 4
TICK: 186 PC:   8 ADDR:  12 MEM_OUT: 100 ACC: 108 BUFF: 0 DC: 2 FLAG_ZERO: False FLAG_LT: 0 FLAG_GT: 1
INPUT_PORT:  []
OUT_PORT:  ['H', 'e', 'l', 'l', 'o', ',', ' ', 'w', 'o', 'r', 'l']
DATA_MEM:  [13, 72, 101, 108, 108, 111, 44, 32, 119, 111, 114, 108, 100, 33]
---------------------------------------
DEBUG    root:machine.py:309 READ 
TICK: 189 PC:   4 ADDR:  12 MEM_OUT: 100 ACC: 108 BUFF: 0 DC: 2 FLAG_ZERO: False FLAG_LT: 0 FLAG_GT: 1
INPUT_PORT:  []
OUT_PORT:  ['H', 'e', 'l', 'l', 'o', ',', ' ', 'w', 'o', 'r', 'l']
DATA_MEM:  [13, 72, 101, 108, 108, 111, 44, 32, 119, 111, 114, 108, 100, 33]
---------------------------------------
DEBUG    root:machine.py:309 OUTPUT 1
TICK: 193 PC:   5 ADDR:  13 MEM_OUT: 33 ACC: 100 BUFF: 0 DC: 1 FLAG_ZERO: False FLAG_LT: 0 FLAG_GT: 1
INPUT_PORT:  []
OUT_PORT:  ['H', 'e', 'l', 'l', 'o', ',', ' ', 'w', 'o', 'r', 'l']
DATA_MEM:  [13, 72, 101, 108, 108, 111, 44, 32, 119, 111, 114, 108, 100, 33]
---------------------------------------
DEBUG    root:machine.py:309 CNTZ 
TICK: 196 PC:   6 ADDR:  13 MEM_OUT: 33 ACC: 100 BUFF: 0 DC: 1 FLAG_ZERO: False FLAG_LT: 0 FLAG_GT: 1
INPUT_PORT:  []
OUT_PORT:  ['H', 'e', 'l', 'l', 'o', ',', ' ', 'w', 'o', 'r', 'l', 'd']
DATA_MEM:  [13, 72, 101, 108, 108, 111, 44, 32, 119, 111, 114, 108, 100, 33]
---------------------------------------
DEBUG    root:machine.py:309 JZ 9
TICK: 199 PC:   7 ADDR:  13 MEM_OUT: 33 ACC: 100 BUFF: 0 DC: 1 FLAG_ZERO: False FLAG_LT: 0 FLAG_GT: 1
INPUT_PORT:  []
OUT_PORT:  ['H', 'e', 'l', 'l', 'o', ',', ' ', 'w', 'o', 'r', 'l', 'd']
DATA_MEM:  [13, 72, 101, 108, 108, 111, 44, 32, 119, 111, 114, 108, 100, 33]
---------------------------------------
DEBUG    root:machine.py:309 JMP 4
TICK: 202 PC:   8 ADDR:  13 MEM_OUT: 33 ACC: 100 BUFF: 0 DC: 1 FLAG_ZERO: False FLAG_LT: 0 FLAG_GT: 1
INPUT_PORT:  []
OUT_PORT:  ['H', 'e', 'l', 'l', 'o', ',', ' ', 'w', 'o', 'r', 'l', 'd']
DATA_MEM:  [13, 72, 101, 108, 108, 111, 44, 32, 119, 111, 114, 108, 100, 33]
---------------------------------------
DEBUG    root:machine.py:309 READ 
TICK: 205 PC:   4 ADDR:  13 MEM_OUT: 33 ACC: 100 BUFF: 0 DC: 1 FLAG_ZERO: False FLAG_LT: 0 FLAG_GT: 1
INPUT_PORT:  []
OUT_PORT:  ['H', 'e', 'l', 'l', 'o', ',', ' ', 'w', 'o', 'r', 'l', 'd']
DATA_MEM:  [13, 72, 101, 108, 108, 111, 44, 32, 119, 111, 114, 108, 100, 33]
---------------------------------------
DEBUG    root:machine.py:309 OUTPUT 1
TICK: 209 PC:   5 ADDR:  14 MEM_OUT: Out of range ACC: 33 BUFF: 0 DC: 0 FLAG_ZERO: False FLAG_LT: 0 FLAG_GT: 1
INPUT_PORT:  []
OUT_PORT:  ['H', 'e', 'l', 'l', 'o', ',', ' ', 'w', 'o', 'r', 'l', 'd']
DATA_MEM:  [13, 72, 101, 108, 108, 111, 44, 32, 119, 111, 114, 108, 100, 33]
---------------------------------------
DEBUG    root:machine.py:309 CNTZ 
TICK: 212 PC:   6 ADDR:  14 MEM_OUT: Out of range ACC: 33 BUFF: 0 DC: 0 FLAG_ZERO: False FLAG_LT: 0 FLAG_GT: 1
INPUT_PORT:  []
OUT_PORT:  ['H', 'e', 'l', 'l', 'o', ',', ' ', 'w', 'o', 'r', 'l', 'd', '!']
DATA_MEM:  [13, 72, 101, 108, 108, 111, 44, 32, 119, 111, 114, 108, 100, 33]
---------------------------------------
DEBUG    root:machine.py:309 JZ 9
TICK: 215 PC:   7 ADDR:  14 MEM_OUT: Out of range ACC: 33 BUFF: 0 DC: 0 FLAG_ZERO: True FLAG_LT: 0 FLAG_GT: 0
INPUT_PORT:  []
OUT_PORT:  ['H', 'e', 'l', 'l', 'o', ',', ' ', 'w', 'o', 'r', 'l', 'd', '!']
DATA_MEM:  [13, 72, 101, 108, 108, 111, 44, 32, 119, 111, 114, 108, 100, 33]
---------------------------------------
DEBUG    root:machine.py:309 HLT 
TICK: 218 PC:   9 ADDR:  14 MEM_OUT: Out of range ACC: 33 BUFF: 0 DC: 0 FLAG_ZERO: True FLAG_LT: 0 FLAG_GT: 0
INPUT_PORT:  []
OUT_PORT:  ['H', 'e', 'l', 'l', 'o', ',', ' ', 'w', 'o', 'r', 'l', 'd', '!']
DATA_MEM:  [13, 72, 101, 108, 108, 111, 44, 32, 119, 111, 114, 108, 100, 33]
---------------------------------------
INFO     root:machine.py:317 output_buffer: 'Hello, world!'
DEBUG    root:machine.py:300 LD 0
TICK:   0 PC:   0 ADDR:   0 MEM_OUT: 19 ACC: 0 BUFF: 0 DC: 0 FLAG_ZERO: False FLAG_LT: 0 FLAG_GT: 0
INPUT_PORT:  ['A', 'B', 'O', 'B', 'A', '1', '2', '3', '\n']
OUT_PORT:  []
DATA_MEM:  [19, 87, 104, 97, 116, 44, 32, 105, 115, 32, 121, 111, 117, 114, 32, 110, 97, 109, 101, 63, 10, 7, 72, 101, 108, 108, 111, 44, 32, 0, 0, 0, 0, 0, 0, 0, 0, 0, 0, 0, 0, 0, 0, 0, 0, 33, 120]
---------------------------------------
DEBUG    root:machine.py:309 SETCNT 
TICK:   4 PC:   1 ADDR:   0 MEM_OUT: 19 ACC: 19 BUFF: 0 DC: 0 FLAG_ZERO: False FLAG_LT: 0 FLAG_GT: 0
INPUT_PORT:  ['A', 'B', 'O', 'B', 'A', '1', '2', '3', '\n']
OUT_PORT:  []
DATA_MEM:  [19, 87, 104, 97, 116, 44, 32, 105, 115, 32, 121, 111, 117, 114, 32, 110, 97, 109, 101, 63, 10, 7, 72, 101, 108, 108, 111, 44, 32, 0, 0, 0, 0, 0, 0, 0, 0, 0, 0, 0, 0, 0, 0, 0, 0, 33, 120]
---------------------------------------
DEBUG    root:machine.py:309 LDA 4
TICK:   7 PC:   2 ADDR:   0 MEM_OUT: 19 ACC: 19 BUFF: 0 DC: 19 FLAG_ZERO: False FLAG_LT: 0 FLAG_GT: 0
INPUT_PORT:  ['A', 'B', 'O', 'B', 'A', '1', '2', '3', '\n']
OUT_PORT:  []
DATA_MEM:  [19, 87, 104, 97, 116, 44, 32, 105, 115, 32, 121, 111, 117, 114, 32, 110, 97, 109, 101, 63, 10, 7, 72, 101, 108, 108, 111, 44, 32, 0, 0, 0, 0, 0, 0, 0, 0, 0, 0, 0, 0, 0, 0, 0, 0, 33, 120]
---------------------------------------
DEBUG    root:machine.py:309 SETADDR 
TICK:  10 PC:   3 ADDR:   0 MEM_OUT: 19 ACC: 4 BUFF: 0 DC: 19 FLAG_ZERO: False FLAG_LT: 0 FLAG_GT: 0
INPUT_PORT:  ['A', 'B', 'O', 'B', 'A', '1', '2', '3', '\n']
OUT_PORT:  []
DATA_MEM:  [19, 87, 104, 97, 116, 44, 32, 105, 115, 32, 121, 111, 117, 114, 32, 110, 97, 109, 101, 63, 10, 7, 72, 101, 108, 108, 111, 44, 32, 0, 0, 0, 0, 0, 0, 0, 0, 0, 0, 0, 0, 0, 0, 0, 0, 33, 120]
---------------------------------------
DEBUG    root:machine.py:309 READ 
TICK:  13 PC:   4 ADDR:   1 MEM_OUT: 87 ACC: 4 BUFF: 0 DC: 19 FLAG_ZERO: False FLAG_LT: 0 FLAG_GT: 0
INPUT_PORT:  ['A', 'B', 'O', 'B', 'A', '1', '2', '3', '\n']
OUT_PORT:  []
DATA_MEM:  [19, 87, 104, 97, 116, 44, 32, 105, 115, 32, 121, 111, 117, 114, 32, 110, 97, 109, 101, 63, 10, 7, 72, 101, 108, 108, 111, 44, 32, 0, 0, 0, 0, 0, 0, 0, 0, 0, 0, 0, 0, 0, 0, 0, 0, 33, 120]
---------------------------------------
DEBUG    root:machine.py:309 OUTPUT 1
TICK:  17 PC:   5 ADDR:   2 MEM_OUT: 104 ACC: 87 BUFF: 0 DC: 18 FLAG_ZERO: False FLAG_LT: 0 FLAG_GT: 0
INPUT_PORT:  ['A', 'B', 'O', 'B', 'A', '1', '2', '3', '\n']
OUT_PORT:  []
DATA_MEM:  [19, 87, 104, 97, 116, 44, 32, 105, 115, 32, 121, 111, 117, 114, 32, 110, 97, 109, 101, 63, 10, 7, 72, 101, 108, 108, 111, 44, 32, 0, 0, 0, 0, 0, 0, 0, 0, 0, 0, 0, 0, 0, 0, 0, 0, 33, 120]
---------------------------------------
DEBUG    root:machine.py:309 CNTZ 
TICK:  20 PC:   6 ADDR:   2 MEM_OUT: 104 ACC: 87 BUFF: 0 DC: 18 FLAG_ZERO: False FLAG_LT: 0 FLAG_GT: 0
INPUT_PORT:  ['A', 'B', 'O', 'B', 'A', '1', '2', '3', '\n']
OUT_PORT:  ['W']
DATA_MEM:  [19, 87, 104, 97, 116, 44, 32, 105, 115, 32, 121, 111, 117, 114, 32, 110, 97, 109, 101, 63, 10, 7, 72, 101, 108, 108, 111, 44, 32, 0, 0, 0, 0, 0, 0, 0, 0, 0, 0, 0, 0, 0, 0, 0, 0, 33, 120]
---------------------------------------
DEBUG    root:machine.py:309 JZ 9
TICK:  23 PC:   7 ADDR:   2 MEM_OUT: 104 ACC: 87 BUFF: 0 DC: 18 FLAG_ZERO: False FLAG_LT: 0 FLAG_GT: 1
INPUT_PORT:  ['A', 'B', 'O', 'B', 'A', '1', '2', '3', '\n']
OUT_PORT:  ['W']
DATA_MEM:  [19, 87, 104, 97, 116, 44, 32, 105, 115, 32, 121, 111, 117, 114, 32, 110, 97, 109, 101, 63, 10, 7, 72, 101, 108, 108, 111, 44, 32, 0, 0, 0, 0, 0, 0, 0, 0, 0, 0, 0, 0, 0, 0, 0, 0, 33, 120]
---------------------------------------
DEBUG    root:machine.py:309 JMP 4
TICK:  26 PC:   8 ADDR:   2 MEM_OUT: 104 ACC: 87 BUFF: 0 DC: 18 FLAG_ZERO: False FLAG_LT: 0 FLAG_GT: 1
INPUT_PORT:  ['A', 'B', 'O', 'B', 'A', '1', '2', '3', '\n']
OUT_PORT:  ['W']
DATA_MEM:  [19, 87, 104, 97, 116, 44, 32, 105, 115, 32, 121, 111, 117, 114, 32, 110, 97, 109, 101, 63, 10, 7, 72, 101, 108, 108, 111, 44, 32, 0, 0, 0, 0, 0, 0, 0, 0, 0, 0, 0, 0, 0, 0, 0, 0, 33, 120]
---------------------------------------
DEBUG    root:machine.py:309 READ 
TICK:  29 PC:   4 ADDR:   2 MEM_OUT: 104 ACC: 87 BUFF: 0 DC: 18 FLAG_ZERO: False FLAG_LT: 0 FLAG_GT: 1
INPUT_PORT:  ['A', 'B', 'O', 'B', 'A', '1', '2', '3', '\n']
OUT_PORT:  ['W']
DATA_MEM:  [19, 87, 104, 97, 116, 44, 32, 105, 115, 32, 121, 111, 117, 114, 32, 110, 97, 109, 101, 63, 10, 7, 72, 101, 108, 108, 111, 44, 32, 0, 0, 0, 0, 0, 0, 0, 0, 0, 0, 0, 0, 0, 0, 0, 0, 33, 120]
---------------------------------------
DEBUG    root:machine.py:309 OUTPUT 1
TICK:  33 PC:   5 ADDR:   3 MEM_OUT: 97 ACC: 104 BUFF: 0 DC: 17 FLAG_ZERO: False FLAG_LT: 0 FLAG_GT: 1
INPUT_PORT:  ['A', 'B', 'O', 'B', 'A', '1', '2', '3', '\n']
OUT_PORT:  ['W']
DATA_MEM:  [19, 87, 104, 97, 116, 44, 32, 105, 115, 32, 121, 111, 117, 114, 32, 110, 97, 109, 101, 63, 10, 7, 72, 101, 108, 108, 111, 44, 32, 0, 0, 0, 0, 0, 0, 0, 0, 0, 0, 0, 0, 0, 0, 0, 0, 33, 120]
---------------------------------------
DEBUG    root:machine.py:309 CNTZ 
TICK:  36 PC:   6 ADDR:   3 MEM_OUT: 97 ACC: 104 BUFF: 0 DC: 17 FLAG_ZERO: False FLAG_LT: 0 FLAG_GT: 1
INPUT_PORT:  ['A', 'B', 'O', 'B', 'A', '1', '2', '3', '\n']
OUT_PORT:  ['W', 'h']
DATA_MEM:  [19, 87, 104, 97, 116, 44, 32, 105, 115, 32, 121, 111, 117, 114, 32, 110, 97, 109, 101, 63, 10, 7, 72, 101, 108, 108, 111, 44, 32, 0, 0, 0, 0, 0, 0, 0, 0, 0, 0, 0, 0, 0, 0, 0, 0, 33, 120]
---------------------------------------
DEBUG    root:machine.py:309 JZ 9
TICK:  39 PC:   7 ADDR:   3 MEM_OUT: 97 ACC: 104 BUFF: 0 DC: 17 FLAG_ZERO: False FLAG_LT: 0 FLAG_GT: 1
INPUT_PORT:  ['A', 'B', 'O', 'B', 'A', '1', '2', '3', '\n']
OUT_PORT:  ['W', 'h']
DATA_MEM:  [19, 87, 104, 97, 116, 44, 32, 105, 115, 32, 121, 111, 117, 114, 32, 110, 97, 109, 101, 63, 10, 7, 72, 101, 108, 108, 111, 44, 32, 0, 0, 0, 0, 0, 0, 0, 0, 0, 0, 0, 0, 0, 0, 0, 0, 33, 120]
---------------------------------------
DEBUG    root:machine.py:309 JMP 4
TICK:  42 PC:   8 ADDR:   3 MEM_OUT: 97 ACC: 104 BUFF: 0 DC: 17 FLAG_ZERO: False FLAG_LT: 0 FLAG_GT: 1
INPUT_PORT:  ['A', 'B', 'O', 'B', 'A', '1', '2', '3', '\n']
OUT_PORT:  ['W', 'h']
DATA_MEM:  [19, 87, 104, 97, 116, 44, 32, 105, 115, 32, 121, 111, 117, 114, 32, 110, 97, 109, 101, 63, 10, 7, 72, 101, 108, 108, 111, 44, 32, 0, 0, 0, 0, 0, 0, 0, 0, 0, 0, 0, 0, 0, 0, 0, 0, 33, 120]
---------------------------------------
DEBUG    root:machine.py:309 READ 
TICK:  45 PC:   4 ADDR:   3 MEM_OUT: 97 ACC: 104 BUFF: 0 DC: 17 FLAG_ZERO: False FLAG_LT: 0 FLAG_GT: 1
INPUT_PORT:  ['A', 'B', 'O', 'B', 'A', '1', '2', '3', '\n']
OUT_PORT:  ['W', 'h']
DATA_MEM:  [19, 87, 104, 97, 116, 44, 32, 105, 115, 32, 121, 111, 117, 114, 32, 110, 97, 109, 101, 63, 10, 7, 72, 101, 108, 108, 111, 44, 32, 0, 0, 0, 0, 0, 0, 0, 0, 0, 0, 0, 0, 0, 0, 0, 0, 33, 120]
---------------------------------------
DEBUG    root:machine.py:309 OUTPUT 1
TICK:  49 PC:   5 ADDR:   4 MEM_OUT: 116 ACC: 97 BUFF: 0 DC: 16 FLAG_ZERO: False FLAG_LT: 0 FLAG_GT: 1
INPUT_PORT:  ['A', 'B', 'O', 'B', 'A', '1', '2', '3', '\n']
OUT_PORT:  ['W', 'h']
DATA_MEM:  [19, 87, 104, 97, 116, 44, 32, 105, 115, 32, 121, 111, 117, 114, 32, 110, 97, 109, 101, 63, 10, 7, 72, 101, 108, 108, 111, 44, 32, 0, 0, 0, 0, 0, 0, 0, 0, 0, 0, 0, 0, 0, 0, 0, 0, 33, 120]
---------------------------------------
DEBUG    root:machine.py:309 CNTZ 
TICK:  52 PC:   6 ADDR:   4 MEM_OUT: 116 ACC: 97 BUFF: 0 DC: 16 FLAG_ZERO: False FLAG_LT: 0 FLAG_GT: 1
INPUT_PORT:  ['A', 'B', 'O', 'B', 'A', '1', '2', '3', '\n']
OUT_PORT:  ['W', 'h', 'a']
DATA_MEM:  [19, 87, 104, 97, 116, 44, 32, 105, 115, 32, 121, 111, 117, 114, 32, 110, 97, 109, 101, 63, 10, 7, 72, 101, 108, 108, 111, 44, 32, 0, 0, 0, 0, 0, 0, 0, 0, 0, 0, 0, 0, 0, 0, 0, 0, 33, 120]
---------------------------------------
DEBUG    root:machine.py:309 JZ 9
TICK:  55 PC:   7 ADDR:   4 MEM_OUT: 116 ACC: 97 BUFF: 0 DC: 16 FLAG_ZERO: False FLAG_LT: 0 FLAG_GT: 1
INPUT_PORT:  ['A', 'B', 'O', 'B', 'A', '1', '2', '3', '\n']
OUT_PORT:  ['W', 'h', 'a']
DATA_MEM:  [19, 87, 104, 97, 116, 44, 32, 105, 115, 32, 121, 111, 117, 114, 32, 110, 97, 109, 101, 63, 10, 7, 72, 101, 108, 108, 111, 44, 32, 0, 0, 0, 0, 0, 0, 0, 0, 0, 0, 0, 0, 0, 0, 0, 0, 33, 120]
---------------------------------------
DEBUG    root:machine.py:309 JMP 4
TICK:  58 PC:   8 ADDR:   4 MEM_OUT: 116 ACC: 97 BUFF: 0 DC: 16 FLAG_ZERO: False FLAG_LT: 0 FLAG_GT: 1
INPUT_PORT:  ['A', 'B', 'O', 'B', 'A', '1', '2', '3', '\n']
OUT_PORT:  ['W', 'h', 'a']
DATA_MEM:  [19, 87, 104, 97, 116, 44, 32, 105, 115, 32, 121, 111, 117, 114, 32, 110, 97, 109, 101, 63, 10, 7, 72, 101, 108, 108, 111, 44, 32, 0, 0, 0, 0, 0, 0, 0, 0, 0, 0, 0, 0, 0, 0, 0, 0, 33, 120]
---------------------------------------
DEBUG    root:machine.py:309 READ 
TICK:  61 PC:   4 ADDR:   4 MEM_OUT: 116 ACC: 97 BUFF: 0 DC: 16 FLAG_ZERO: False FLAG_LT: 0 FLAG_GT: 1
INPUT_PORT:  ['A', 'B', 'O', 'B', 'A', '1', '2', '3', '\n']
OUT_PORT:  ['W', 'h', 'a']
DATA_MEM:  [19, 87, 104, 97, 116, 44, 32, 105, 115, 32, 121, 111, 117, 114, 32, 110, 97, 109, 101, 63, 10, 7, 72, 101, 108, 108, 111, 44, 32, 0, 0, 0, 0, 0, 0, 0, 0, 0, 0, 0, 0, 0, 0, 0, 0, 33, 120]
---------------------------------------
DEBUG    root:machine.py:309 OUTPUT 1
TICK:  65 PC:   5 ADDR:   5 MEM_OUT: 44 ACC: 116 BUFF: 0 DC: 15 FLAG_ZERO: False FLAG_LT: 0 FLAG_GT: 1
INPUT_PORT:  ['A', 'B', 'O', 'B', 'A', '1', '2', '3', '\n']
OUT_PORT:  ['W', 'h', 'a']
DATA_MEM:  [19, 87, 104, 97, 116, 44, 32, 105, 115, 32, 121, 111, 117, 114, 32, 110, 97, 109, 101, 63, 10, 7, 72, 101, 108, 108, 111, 44, 32, 0, 0, 0, 0, 0, 0, 0, 0, 0, 0, 0, 0, 0, 0, 0, 0, 33, 120]
---------------------------------------
DEBUG    root:machine.py:309 CNTZ 
TICK:  68 PC:   6 ADDR:   5 MEM_OUT: 44 ACC: 116 BUFF: 0 DC: 15 FLAG_ZERO: False FLAG_LT: 0 FLAG_GT: 1
INPUT_PORT:  ['A', 'B', 'O', 'B', 'A', '1', '2', '3', '\n']
OUT_PORT:  ['W', 'h', 'a', 't']
DATA_MEM:  [19, 87, 104, 97, 116, 44, 32, 105, 115, 32, 121, 111, 117, 114, 32, 110, 97, 109, 101, 63, 10, 7, 72, 101, 108, 108, 111, 44, 32, 0, 0, 0, 0, 0, 0, 0, 0, 0, 0, 0, 0, 0, 0, 0, 0, 33, 120]
---------------------------------------
DEBUG    root:machine.py:309 JZ 9
TICK:  71 PC:   7 ADDR:   5 MEM_OUT: 44 ACC: 116 BUFF: 0 DC: 15 FLAG_ZERO: False FLAG_LT: 0 FLAG_GT: 1
INPUT_PORT:  ['A', 'B', 'O', 'B', 'A', '1', '2', '3', '\n']
OUT_PORT:  ['W', 'h', 'a', 't']
DATA_MEM:  [19, 87, 104, 97, 116, 44, 32, 105, 115, 32, 121, 111, 117, 114, 32, 110, 97, 109, 101, 63, 10, 7, 72, 101, 108, 108, 111, 44, 32, 0, 0, 0, 0, 0, 0, 0, 0, 0, 0, 0, 0, 0, 0, 0, 0, 33, 120]
---------------------------------------
DEBUG    root:machine.py:309 JMP 4
TICK:  74 PC:   8 ADDR:   5 MEM_OUT: 44 ACC: 116 BUFF: 0 DC: 15 FLAG_ZERO: False FLAG_LT: 0 FLAG_GT: 1
INPUT_PORT:  ['A', 'B', 'O', 'B', 'A', '1', '2', '3', '\n']
OUT_PORT:  ['W', 'h', 'a', 't']
DATA_MEM:  [19, 87, 104, 97, 116, 44, 32, 105, 115, 32, 121, 111, 117, 114, 32, 110, 97, 109, 101, 63, 10, 7, 72, 101, 108, 108, 111, 44, 32, 0, 0, 0, 0, 0, 0, 0, 0, 0, 0, 0, 0, 0, 0, 0, 0, 33, 120]
---------------------------------------
DEBUG    root:machine.py:309 READ 
TICK:  77 PC:   4 ADDR:   5 MEM_OUT: 44 ACC: 116 BUFF: 0 DC: 15 FLAG_ZERO: False FLAG_LT: 0 FLAG_GT: 1
INPUT_PORT:  ['A', 'B', 'O', 'B', 'A', '1', '2', '3', '\n']
OUT_PORT:  ['W', 'h', 'a', 't']
DATA_MEM:  [19, 87, 104, 97, 116, 44, 32, 105, 115, 32, 121, 111, 117, 114, 32, 110, 97, 109, 101, 63, 10, 7, 72, 101, 108, 108, 111, 44, 32, 0, 0, 0, 0, 0, 0, 0, 0, 0, 0, 0, 0, 0, 0, 0, 0, 33, 120]
---------------------------------------
DEBUG    root:machine.py:309 OUTPUT 1
TICK:  81 PC:   5 ADDR:   6 MEM_OUT: 32 ACC: 44 BUFF: 0 DC: 14 FLAG_ZERO: False FLAG_LT: 0 FLAG_GT: 1
INPUT_PORT:  ['A', 'B', 'O', 'B', 'A', '1', '2', '3', '\n']
OUT_PORT:  ['W', 'h', 'a', 't']
DATA_MEM:  [19, 87, 104, 97, 116, 44, 32, 105, 115, 32, 121, 111, 117, 114, 32, 110, 97, 109, 101, 63, 10, 7, 72, 101, 108, 108, 111, 44, 32, 0, 0, 0, 0, 0, 0, 0, 0, 0, 0, 0, 0, 0, 0, 0, 0, 33, 120]
---------------------------------------
DEBUG    root:machine.py:309 CNTZ 
TICK:  84 PC:   6 ADDR:   6 MEM_OUT: 32 ACC: 44 BUFF: 0 DC: 14 FLAG_ZERO: False FLAG_LT: 0 FLAG_GT: 1
INPUT_PORT:  ['A', 'B', 'O', 'B', 'A', '1', '2', '3', '\n']
OUT_PORT:  ['W', 'h', 'a', 't', ',']
DATA_MEM:  [19, 87, 104, 97, 116, 44, 32, 105, 115, 32, 121, 111, 117, 114, 32, 110, 97, 109, 101, 63, 10, 7, 72, 101, 108, 108, 111, 44, 32, 0, 0, 0, 0, 0, 0, 0, 0, 0, 0, 0, 0, 0, 0, 0, 0, 33, 120]
---------------------------------------
DEBUG    root:machine.py:309 JZ 9
TICK:  87 PC:   7 ADDR:   6 MEM_OUT: 32 ACC: 44 BUFF: 0 DC: 14 FLAG_ZERO: False FLAG_LT: 0 FLAG_GT: 1
INPUT_PORT:  ['A', 'B', 'O', 'B', 'A', '1', '2', '3', '\n']
OUT_PORT:  ['W', 'h', 'a', 't', ',']
DATA_MEM:  [19, 87, 104, 97, 116, 44, 32, 105, 115, 32, 121, 111, 117, 114, 32, 110, 97, 109, 101, 63, 10, 7, 72, 101, 108, 108, 111, 44, 32, 0, 0, 0, 0, 0, 0, 0, 0, 0, 0, 0, 0, 0, 0, 0, 0, 33, 120]
---------------------------------------
DEBUG    root:machine.py:309 JMP 4
TICK:  90 PC:   8 ADDR:   6 MEM_OUT: 32 ACC: 44 BUFF: 0 DC: 14 FLAG_ZERO: False FLAG_LT: 0 FLAG_GT: 1
INPUT_PORT:  ['A', 'B', 'O', 'B', 'A', '1', '2', '3', '\n']
OUT_PORT:  ['W', 'h', 'a', 't', ',']
DATA_MEM:  [19, 87, 104, 97, 116, 44, 32, 105, 115, 32, 121, 111, 117, 114, 32, 110, 97, 109, 101, 63, 10, 7, 72, 101, 108, 108, 111, 44, 32, 0, 0, 0, 0, 0, 0, 0, 0, 0, 0, 0, 0, 0, 0, 0, 0, 33, 120]
---------------------------------------
DEBUG    root:machine.py:309 READ 
TICK:  93 PC:   4 ADDR:   6 MEM_OUT: 32 ACC: 44 BUFF: 0 DC: 14 FLAG_ZERO: False FLAG_LT: 0 FLAG_GT: 1
INPUT_PORT:  ['A', 'B', 'O', 'B', 'A', '1', '2', '3', '\n']
OUT_PORT:  ['W', 'h', 'a', 't', ',']
DATA_MEM:  [19, 87, 104, 97, 116, 44, 32, 105, 115, 32, 121, 111, 117, 114, 32, 110, 97, 109, 101, 63, 10, 7, 72, 101, 108, 108, 111, 44, 32, 0, 0, 0, 0, 0, 0, 0, 0, 0, 0, 0, 0, 0, 0, 0, 0, 33, 120]
---------------------------------------
DEBUG    root:machine.py:309 OUTPUT 1
TICK:  97 PC:   5 ADDR:   7 MEM_OUT: 105 ACC: 32 BUFF: 0 DC: 13 FLAG_ZERO: False FLAG_LT: 0 FLAG_GT: 1
INPUT_PORT:  ['A', 'B', 'O', 'B', 'A', '1', '2', '3', '\n']
OUT_PORT:  ['W', 'h', 'a', 't', ',']
DATA_MEM:  [19, 87, 104, 97, 116, 44, 32, 105, 115, 32, 121, 111, 117, 114, 32, 110, 97, 109, 101, 63, 10, 7, 72, 101, 108, 108, 111, 44, 32, 0, 0, 0, 0, 0, 0, 0, 0, 0, 0, 0, 0, 0, 0, 0, 0, 33, 120]
---------------------------------------
DEBUG    root:machine.py:309 CNTZ 
TICK: 100 PC:   6 ADDR:   7 MEM_OUT: 105 ACC: 32 BUFF: 0 DC: 13 FLAG_ZERO: False FLAG_LT: 0 FLAG_GT: 1
INPUT_PORT:  ['A', 'B', 'O', 'B', 'A', '1', '2', '3', '\n']
OUT_PORT:  ['W', 'h', 'a', 't', ',', ' ']
DATA_MEM:  [19, 87, 104, 97, 116, 44, 32, 105, 115, 32, 121, 111, 117, 114, 32, 110, 97, 109, 101, 63, 10, 7, 72, 101, 108, 108, 111, 44, 32, 0, 0, 0, 0, 0, 0, 0, 0, 0, 0, 0, 0, 0, 0, 0, 0, 33, 120]
---------------------------------------
DEBUG    root:machine.py:309 JZ 9
TICK: 103 PC:   7 ADDR:   7 MEM_OUT: 105 ACC: 32 BUFF: 0 DC: 13 FLAG_ZERO: False FLAG_LT: 0 FLAG_GT: 1
INPUT_PORT:  ['A', 'B', 'O', 'B', 'A', '1', '2', '3', '\n']
OUT_PORT:  ['W', 'h', 'a', 't', ',', ' ']
DATA_MEM:  [19, 87, 104, 97, 116, 44, 32, 105, 115, 32, 121, 111, 117, 114, 32, 110, 97, 109, 101, 63, 10, 7, 72, 101, 108, 108, 111, 44, 32, 0, 0, 0, 0, 0, 0, 0, 0, 0, 0, 0, 0, 0, 0, 0, 0, 33, 120]
---------------------------------------
DEBUG    root:machine.py:309 JMP 4
TICK: 106 PC:   8 ADDR:   7 MEM_OUT: 105 ACC: 32 BUFF: 0 DC: 13 FLAG_ZERO: False FLAG_LT: 0 FLAG_GT: 1
INPUT_PORT:  ['A', 'B', 'O', 'B', 'A', '1', '2', '3', '\n']
OUT_PORT:  ['W', 'h', 'a', 't', ',', ' ']
DATA_MEM:  [19, 87, 104, 97, 116, 44, 32, 105, 115, 32, 121, 111, 117, 114, 32, 110, 97, 109, 101, 63, 10, 7, 72, 101, 108, 108, 111, 44, 32, 0, 0, 0, 0, 0, 0, 0, 0, 0, 0, 0, 0, 0, 0, 0, 0, 33, 120]
---------------------------------------
DEBUG    root:machine.py:309 READ 
TICK: 109 PC:   4 ADDR:   7 MEM_OUT: 105 ACC: 32 BUFF: 0 DC: 13 FLAG_ZERO: False FLAG_LT: 0 FLAG_GT: 1
INPUT_PORT:  ['A', 'B', 'O', 'B', 'A', '1', '2', '3', '\n']
OUT_PORT:  ['W', 'h', 'a', 't', ',', ' ']
DATA_MEM:  [19, 87, 104, 97, 116, 44, 32, 105, 115, 32, 121, 111, 117, 114, 32, 110, 97, 109, 101, 63, 10, 7, 72, 101, 108, 108, 111, 44, 32, 0, 0, 0, 0, 0, 0, 0, 0, 0, 0, 0, 0, 0, 0, 0, 0, 33, 120]
---------------------------------------
DEBUG    root:machine.py:309 OUTPUT 1
TICK: 113 PC:   5 ADDR:   8 MEM_OUT: 115 ACC: 105 BUFF: 0 DC: 12 FLAG_ZERO: False FLAG_LT: 0 FLAG_GT: 1
INPUT_PORT:  ['A', 'B', 'O', 'B', 'A', '1', '2', '3', '\n']
OUT_PORT:  ['W', 'h', 'a', 't', ',', ' ']
DATA_MEM:  [19, 87, 104, 97, 116, 44, 32, 105, 115, 32, 121, 111, 117, 114, 32, 110, 97, 109, 101, 63, 10, 7, 72, 101, 108, 108, 111, 44, 32, 0, 0, 0, 0, 0, 0, 0, 0, 0, 0, 0, 0, 0, 0, 0, 0, 33, 120]
---------------------------------------
DEBUG    root:machine.py:309 CNTZ 
TICK: 116 PC:   6 ADDR:   8 MEM_OUT: 115 ACC: 105 BUFF: 0 DC: 12 FLAG_ZERO: False FLAG_LT: 0 FLAG_GT: 1
INPUT_PORT:  ['A', 'B', 'O', 'B', 'A', '1', '2', '3', '\n']
OUT_PORT:  ['W', 'h', 'a', 't', ',', ' ', 'i']
DATA_MEM:  [19, 87, 104, 97, 116, 44, 32, 105, 115, 32, 121, 111, 117, 114, 32, 110, 97, 109, 101, 63, 10, 7, 72, 101, 108, 108, 111, 44, 32, 0, 0, 0, 0, 0, 0, 0, 0, 0, 0, 0, 0, 0, 0, 0, 0, 33, 120]
---------------------------------------
DEBUG    root:machine.py:309 JZ 9
TICK: 119 PC:   7 ADDR:   8 MEM_OUT: 115 ACC: 105 BUFF: 0 DC: 12 FLAG_ZERO: False FLAG_LT: 0 FLAG_GT: 1
INPUT_PORT:  ['A', 'B', 'O', 'B', 'A', '1', '2', '3', '\n']
OUT_PORT:  ['W', 'h', 'a', 't', ',', ' ', 'i']
DATA_MEM:  [19, 87, 104, 97, 116, 44, 32, 105, 115, 32, 121, 111, 117, 114, 32, 110, 97, 109, 101, 63, 10, 7, 72, 101, 108, 108, 111, 44, 32, 0, 0, 0, 0, 0, 0, 0, 0, 0, 0, 0, 0, 0, 0, 0, 0, 33, 120]
---------------------------------------
DEBUG    root:machine.py:309 JMP 4
TICK: 122 PC:   8 ADDR:   8 MEM_OUT: 115 ACC: 105 BUFF: 0 DC: 12 FLAG_ZERO: False FLAG_LT: 0 FLAG_GT: 1
INPUT_PORT:  ['A', 'B', 'O', 'B', 'A', '1', '2', '3', '\n']
OUT_PORT:  ['W', 'h', 'a', 't', ',', ' ', 'i']
DATA_MEM:  [19, 87, 104, 97, 116, 44, 32, 105, 115, 32, 121, 111, 117, 114, 32, 110, 97, 109, 101, 63, 10, 7, 72, 101, 108, 108, 111, 44, 32, 0, 0, 0, 0, 0, 0, 0, 0, 0, 0, 0, 0, 0, 0, 0, 0, 33, 120]
---------------------------------------
DEBUG    root:machine.py:309 READ 
TICK: 125 PC:   4 ADDR:   8 MEM_OUT: 115 ACC: 105 BUFF: 0 DC: 12 FLAG_ZERO: False FLAG_LT: 0 FLAG_GT: 1
INPUT_PORT:  ['A', 'B', 'O', 'B', 'A', '1', '2', '3', '\n']
OUT_PORT:  ['W', 'h', 'a', 't', ',', ' ', 'i']
DATA_MEM:  [19, 87, 104, 97, 116, 44, 32, 105, 115, 32, 121, 111, 117, 114, 32, 110, 97, 109, 101, 63, 10, 7, 72, 101, 108, 108, 111, 44, 32, 0, 0, 0, 0, 0, 0, 0, 0, 0, 0, 0, 0, 0, 0, 0, 0, 33, 120]
---------------------------------------
DEBUG    root:machine.py:309 OUTPUT 1
TICK: 129 PC:   5 ADDR:   9 MEM_OUT: 32 ACC: 115 BUFF: 0 DC: 11 FLAG_ZERO: False FLAG_LT: 0 FLAG_GT: 1
INPUT_PORT:  ['A', 'B', 'O', 'B', 'A', '1', '2', '3', '\n']
OUT_PORT:  ['W', 'h', 'a', 't', ',', ' ', 'i']
DATA_MEM:  [19, 87, 104, 97, 116, 44, 32, 105, 115, 32, 121, 111, 117, 114, 32, 110, 97, 109, 101, 63, 10, 7, 72, 101, 108, 108, 111, 44, 32, 0, 0, 0, 0, 0, 0, 0, 0, 0, 0, 0, 0, 0, 0, 0, 0, 33, 120]
---------------------------------------
DEBUG    root:machine.py:309 CNTZ 
TICK: 132 PC:   6 ADDR:   9 MEM_OUT: 32 ACC: 115 BUFF: 0 DC: 11 FLAG_ZERO: False FLAG_LT: 0 FLAG_GT: 1
INPUT_PORT:  ['A', 'B', 'O', 'B', 'A', '1', '2', '3', '\n']
OUT_PORT:  ['W', 'h', 'a', 't', ',', ' ', 'i', 's']
DATA_MEM:  [19, 87, 104, 97, 116, 44, 32, 105, 115, 32, 121, 111, 117, 114, 32, 110, 97, 109, 101, 63, 10, 7, 72, 101, 108, 108, 111, 44, 32, 0, 0, 0, 0, 0, 0, 0, 0, 0, 0, 0, 0, 0, 0, 0, 0, 33, 120]
---------------------------------------
DEBUG    root:machine.py:309 JZ 9
TICK: 135 PC:   7 ADDR:   9 MEM_OUT: 32 ACC: 115 BUFF: 0 DC: 11 FLAG_ZERO: False FLAG_LT: 0 FLAG_GT: 1
INPUT_PORT:  ['A', 'B', 'O', 'B', 'A', '1', '2', '3', '\n']
OUT_PORT:  ['W', 'h', 'a', 't', ',', ' ', 'i', 's']
DATA_MEM:  [19, 87, 104, 97, 116, 44, 32, 105, 115, 32, 121, 111, 117, 114, 32, 110, 97, 109, 101, 63, 10, 7, 72, 101, 108, 108, 111, 44, 32, 0, 0, 0, 0, 0, 0, 0, 0, 0, 0, 0, 0, 0, 0, 0, 0, 33, 120]
---------------------------------------
DEBUG    root:machine.py:309 JMP 4
TICK: 138 PC:   8 ADDR:   9 MEM_OUT: 32 ACC: 115 BUFF: 0 DC: 11 FLAG_ZERO: False FLAG_LT: 0 FLAG_GT: 1
INPUT_PORT:  ['A', 'B', 'O', 'B', 'A', '1', '2', '3', '\n']
OUT_PORT:  ['W', 'h', 'a', 't', ',', ' ', 'i', 's']
DATA_MEM:  [19, 87, 104, 97, 116, 44, 32, 105, 115, 32, 121, 111, 117, 114, 32, 110, 97, 109, 101, 63, 10, 7, 72, 101, 108, 108, 111, 44, 32, 0, 0, 0, 0, 0, 0, 0, 0, 0, 0, 0, 0, 0, 0, 0, 0, 33, 120]
---------------------------------------
DEBUG    root:machine.py:309 READ 
TICK: 141 PC:   4 ADDR:   9 MEM_OUT: 32 ACC: 115 BUFF: 0 DC: 11 FLAG_ZERO: False FLAG_LT: 0 FLAG_GT: 1
INPUT_PORT:  ['A', 'B', 'O', 'B', 'A', '1', '2', '3', '\n']
OUT_PORT:  ['W', 'h', 'a', 't', ',', ' ', 'i', 's']
DATA_MEM:  [19, 87, 104, 97, 116, 44, 32, 105, 115, 32, 121, 111, 117, 114, 32, 110, 97, 109, 101, 63, 10, 7, 72, 101, 108, 108, 111, 44, 32, 0, 0, 0, 0, 0, 0, 0, 0, 0, 0, 0, 0, 0, 0, 0, 0, 33, 120]
---------------------------------------
DEBUG    root:machine.py:309 OUTPUT 1
TICK: 145 PC:   5 ADDR:  10 MEM_OUT: 121 ACC: 32 BUFF: 0 DC: 10 FLAG_ZERO: False FLAG_LT: 0 FLAG_GT: 1
INPUT_PORT:  ['A', 'B', 'O', 'B', 'A', '1', '2', '3', '\n']
OUT_PORT:  ['W', 'h', 'a', 't', ',', ' ', 'i', 's']
DATA_MEM:  [19, 87, 104, 97, 116, 44, 32, 105, 115, 32, 121, 111, 117, 114, 32, 110, 97, 109, 101, 63, 10, 7, 72, 101, 108, 108, 111, 44, 32, 0, 0, 0, 0, 0, 0, 0, 0, 0, 0, 0, 0, 0, 0, 0, 0, 33, 120]
---------------------------------------
DEBUG    root:machine.py:309 CNTZ 
TICK: 148 PC:   6 ADDR:  10 MEM_OUT: 121 ACC: 32 BUFF: 0 DC: 10 FLAG_ZERO: False FLAG_LT: 0 FLAG_GT: 1
INPUT_PORT:  ['A', 'B', 'O', 'B', 'A', '1', '2', '3', '\n']
OUT_PORT:  ['W', 'h', 'a', 't', ',', ' ', 'i', 's', ' ']
DATA_MEM:  [19, 87, 104, 97, 116, 44, 32, 105, 115, 32, 121, 111, 117, 114, 32, 110, 97, 109, 101, 63, 10, 7, 72, 101, 108, 108, 111, 44, 32, 0, 0, 0, 0, 0, 0, 0, 0, 0, 0, 0, 0, 0, 0, 0, 0, 33, 120]
---------------------------------------
DEBUG    root:machine.py:309 JZ 9
TICK: 151 PC:   7 ADDR:  10 MEM_OUT: 121 ACC: 32 BUFF: 0 DC: 10 FLAG_ZERO: False FLAG_LT: 0 FLAG_GT: 1
INPUT_PORT:  ['A', 'B', 'O', 'B', 'A', '1', '2', '3', '\n']
OUT_PORT:  ['W', 'h', 'a', 't', ',', ' ', 'i', 's', ' ']
DATA_MEM:  [19, 87, 104, 97, 116, 44, 32, 105, 115, 32, 121, 111, 117, 114, 32, 110, 97, 109, 101, 63, 10, 7, 72, 101, 108, 108, 111, 44, 32, 0, 0, 0, 0, 0, 0, 0, 0, 0, 0, 0, 0, 0, 0, 0, 0, 33, 120]
---------------------------------------
DEBUG    root:machine.py:309 JMP 4
TICK: 154 PC:   8 ADDR:  10 MEM_OUT: 121 ACC: 32 BUFF: 0 DC: 10 FLAG_ZERO: False FLAG_LT: 0 FLAG_GT: 1
INPUT_PORT:  ['A', 'B', 'O', 'B', 'A', '1', '2', '3', '\n']
OUT_PORT:  ['W', 'h', 'a', 't', ',', ' ', 'i', 's', ' ']
DATA_MEM:  [19, 87, 104, 97, 116, 44, 32, 105, 115, 32, 121, 111, 117, 114, 32, 110, 97, 109, 101, 63, 10, 7, 72, 101, 108, 108, 111, 44, 32, 0, 0, 0, 0, 0, 0, 0, 0, 0, 0, 0, 0, 0, 0, 0, 0, 33, 120]
---------------------------------------
DEBUG    root:machine.py:309 READ 
TICK: 157 PC:   4 ADDR:  10 MEM_OUT: 121 ACC: 32 BUFF: 0 DC: 10 FLAG_ZERO: False FLAG_LT: 0 FLAG_GT: 1
INPUT_PORT:  ['A', 'B', 'O', 'B', 'A', '1', '2', '3', '\n']
OUT_PORT:  ['W', 'h', 'a', 't', ',', ' ', 'i', 's', ' ']
DATA_MEM:  [19, 87, 104, 97, 116, 44, 32, 105, 115, 32, 121, 111, 117, 114, 32, 110, 97, 109, 101, 63, 10, 7, 72, 101, 108, 108, 111, 44, 32, 0, 0, 0, 0, 0, 0, 0, 0, 0, 0, 0, 0, 0, 0, 0, 0, 33, 120]
---------------------------------------
DEBUG    root:machine.py:309 OUTPUT 1
TICK: 161 PC:   5 ADDR:  11 MEM_OUT: 111 ACC: 121 BUFF: 0 DC: 9 FLAG_ZERO: False FLAG_LT: 0 FLAG_GT: 1
INPUT_PORT:  ['A', 'B', 'O', 'B', 'A', '1', '2', '3', '\n']
OUT_PORT:  ['W', 'h', 'a', 't', ',', ' ', 'i', 's', ' ']
DATA_MEM:  [19, 87, 104, 97, 116, 44, 32, 105, 115, 32, 121, 111, 117, 114, 32, 110, 97, 109, 101, 63, 10, 7, 72, 101, 108, 108, 111, 44, 32, 0, 0, 0, 0, 0, 0, 0, 0, 0, 0, 0, 0, 0, 0, 0, 0, 33, 120]
---------------------------------------
DEBUG    root:machine.py:309 CNTZ 
TICK: 164 PC:   6 ADDR:  11 MEM_OUT: 111 ACC: 121 BUFF: 0 DC: 9 FLAG_ZERO: False FLAG_LT: 0 FLAG_GT: 1
INPUT_PORT:  ['A', 'B', 'O', 'B', 'A', '1', '2', '3', '\n']
OUT_PORT:  ['W', 'h', 'a', 't', ',', ' ', 'i', 's', ' ', 'y']
DATA_MEM:  [19, 87, 104, 97, 116, 44, 32, 105, 115, 32, 121, 111, 117, 114, 32, 110, 97, 109, 101, 63, 10, 7, 72, 101, 108, 108, 111, 44, 32, 0, 0, 0, 0, 0, 0, 0, 0, 0, 0, 0, 0, 0, 0, 0, 0, 33, 120]
---------------------------------------
DEBUG    root:machine.py:309 JZ 9
TICK: 167 PC:   7 ADDR:  11 MEM_OUT: 111 ACC: 121 BUFF: 0 DC: 9 FLAG_ZERO: False FLAG_LT: 0 FLAG_GT: 1
INPUT_PORT:  ['A', 'B', 'O', 'B', 'A', '1', '2', '3', '\n']
OUT_PORT:  ['W', 'h', 'a', 't', ',', ' ', 'i', 's', ' ', 'y']
DATA_MEM:  [19, 87, 104, 97, 116, 44, 32, 105, 115, 32, 121, 111, 117, 114, 32, 110, 97, 109, 101, 63, 10, 7, 72, 101, 108, 108, 111, 44, 32, 0, 0, 0, 0, 0, 0, 0, 0, 0, 0, 0, 0, 0, 0, 0, 0, 33, 120]
---------------------------------------
DEBUG    root:machine.py:309 JMP 4
TICK: 170 PC:   8 ADDR:  11 MEM_OUT: 111 ACC: 121 BUFF: 0 DC: 9 FLAG_ZERO: False FLAG_LT: 0 FLAG_GT: 1
INPUT_PORT:  ['A', 'B', 'O', 'B', 'A', '1', '2', '3', '\n']
OUT_PORT:  ['W', 'h', 'a', 't', ',', ' ', 'i', 's', ' ', 'y']
DATA_MEM:  [19, 87, 104, 97, 116, 44, 32, 105, 115, 32, 121, 111, 117, 114, 32, 110, 97, 109, 101, 63, 10, 7, 72, 101, 108, 108, 111, 44, 32, 0, 0, 0, 0, 0, 0, 0, 0, 0, 0, 0, 0, 0, 0, 0, 0, 33, 120]
---------------------------------------
DEBUG    root:machine.py:309 READ 
TICK: 173 PC:   4 ADDR:  11 MEM_OUT: 111 ACC: 121 BUFF: 0 DC: 9 FLAG_ZERO: False FLAG_LT: 0 FLAG_GT: 1
INPUT_PORT:  ['A', 'B', 'O', 'B', 'A', '1', '2', '3', '\n']
OUT_PORT:  ['W', 'h', 'a', 't', ',', ' ', 'i', 's', ' ', 'y']
DATA_MEM:  [19, 87, 104, 97, 116, 44, 32, 105, 115, 32, 121, 111, 117, 114, 32, 110, 97, 109, 101, 63, 10, 7, 72, 101, 108, 108, 111, 44, 32, 0, 0, 0, 0, 0, 0, 0, 0, 0, 0, 0, 0, 0, 0, 0, 0, 33, 120]
---------------------------------------
DEBUG    root:machine.py:309 OUTPUT 1
TICK: 177 PC:   5 ADDR:  12 MEM_OUT: 117 ACC: 111 BUFF: 0 DC: 8 FLAG_ZERO: False FLAG_LT: 0 FLAG_GT: 1
INPUT_PORT:  ['A', 'B', 'O', 'B', 'A', '1', '2', '3', '\n']
OUT_PORT:  ['W', 'h', 'a', 't', ',', ' ', 'i', 's', ' ', 'y']
DATA_MEM:  [19, 87, 104, 97, 116, 44, 32, 105, 115, 32, 121, 111, 117, 114, 32, 110, 97, 109, 101, 63, 10, 7, 72, 101, 108, 108, 111, 44, 32, 0, 0, 0, 0, 0, 0, 0, 0, 0, 0, 0, 0, 0, 0, 0, 0, 33, 120]
---------------------------------------
DEBUG    root:machine.py:309 CNTZ 
TICK: 180 PC:   6 ADDR:  12 MEM_OUT: 117 ACC: 111 BUFF: 0 DC: 8 FLAG_ZERO: False FLAG_LT: 0 FLAG_GT: 1
INPUT_PORT:  ['A', 'B', 'O', 'B', 'A', '1', '2', '3', '\n']
OUT_PORT:  ['W', 'h', 'a', 't', ',', ' ', 'i', 's', ' ', 'y', 'o']
DATA_MEM:  [19, 87, 104, 97, 116, 44, 32, 105, 115, 32, 121, 111, 117, 114, 32, 110, 97, 109, 101, 63, 10, 7, 72, 101, 108, 108, 111, 44, 32, 0, 0, 0, 0, 0, 0, 0, 0, 0, 0, 0, 0, 0, 0, 0, 0, 33, 120]
---------------------------------------
DEBUG    root:machine.py:309 JZ 9
TICK: 183 PC:   7 ADDR:  12 MEM_OUT: 117 ACC: 111 BUFF: 0 DC: 8 FLAG_ZERO: False FLAG_LT: 0 FLAG_GT: 1
INPUT_PORT:  ['A', 'B', 'O', 'B', 'A', '1', '2', '3', '\n']
OUT_PORT:  ['W', 'h', 'a', 't', ',', ' ', 'i', 's', ' ', 'y', 'o']
DATA_MEM:  [19, 87, 104, 97, 116, 44, 32, 105, 115, 32, 121, 111, 117, 114, 32, 110, 97, 109, 101, 63, 10, 7, 72, 101, 108, 108, 111, 44, 32, 0, 0, 0, 0, 0, 0, 0, 0, 0, 0, 0, 0, 0, 0, 0, 0, 33, 120]
---------------------------------------
DEBUG    root:machine.py:309 JMP 4
TICK: 186 PC:   8 ADDR:  12 MEM_OUT: 117 ACC: 111 BUFF: 0 DC: 8 FLAG_ZERO: False FLAG_LT: 0 FLAG_GT: 1
INPUT_PORT:  ['A', 'B', 'O', 'B', 'A', '1', '2', '3', '\n']
OUT_PORT:  ['W', 'h', 'a', 't', ',', ' ', 'i', 's', ' ', 'y', 'o']
DATA_MEM:  [19, 87, 104, 97, 116, 44, 32, 105, 115, 32, 121, 111, 117, 114, 32, 110, 97, 109, 101, 63, 10, 7, 72, 101, 108, 108, 111, 44, 32, 0, 0, 0, 0, 0, 0, 0, 0, 0, 0, 0, 0, 0, 0, 0, 0, 33, 120]
---------------------------------------
DEBUG    root:machine.py:309 READ 
TICK: 189 PC:   4 ADDR:  12 MEM_OUT: 117 ACC: 111 BUFF: 0 DC: 8 FLAG_ZERO: False FLAG_LT: 0 FLAG_GT: 1
INPUT_PORT:  ['A', 'B', 'O', 'B', 'A', '1', '2', '3', '\n']
OUT_PORT:  ['W', 'h', 'a', 't', ',', ' ', 'i', 's', ' ', 'y', 'o']
DATA_MEM:  [19, 87, 104, 97, 116, 44, 32, 105, 115, 32, 121, 111, 117, 114, 32, 110, 97, 109, 101, 63, 10, 7, 72, 101, 108, 108, 111, 44, 32, 0, 0, 0, 0, 0, 0, 0, 0, 0, 0, 0, 0, 0, 0, 0, 0, 33, 120]
---------------------------------------
DEBUG    root:machine.py:309 OUTPUT 1
TICK: 193 PC:   5 ADDR:  13 MEM_OUT: 114 ACC: 117 BUFF: 0 DC: 7 FLAG_ZERO: False FLAG_LT: 0 FLAG_GT: 1
INPUT_PORT:  ['A', 'B', 'O', 'B', 'A', '1', '2', '3', '\n']
OUT_PORT:  ['W', 'h', 'a', 't', ',', ' ', 'i', 's', ' ', 'y', 'o']
DATA_MEM:  [19, 87, 104, 97, 116, 44, 32, 105, 115, 32, 121, 111, 117, 114, 32, 110, 97, 109, 101, 63, 10, 7, 72, 101, 108, 108, 111, 44, 32, 0, 0, 0, 0, 0, 0, 0, 0, 0, 0, 0, 0, 0, 0, 0, 0, 33, 120]
---------------------------------------
DEBUG    root:machine.py:309 CNTZ 
TICK: 196 PC:   6 ADDR:  13 MEM_OUT: 114 ACC: 117 BUFF: 0 DC: 7 FLAG_ZERO: False FLAG_LT: 0 FLAG_GT: 1
INPUT_PORT:  ['A', 'B', 'O', 'B', 'A', '1', '2', '3', '\n']
OUT_PORT:  ['W', 'h', 'a', 't', ',', ' ', 'i', 's', ' ', 'y', 'o', 'u']
DATA_MEM:  [19, 87, 104, 97, 116, 44, 32, 105, 115, 32, 121, 111, 117, 114, 32, 110, 97, 109, 101, 63, 10, 7, 72, 101, 108, 108, 111, 44, 32, 0, 0, 0, 0, 0, 0, 0, 0, 0, 0, 0, 0, 0, 0, 0, 0, 33, 120]
---------------------------------------
DEBUG    root:machine.py:309 JZ 9
TICK: 199 PC:   7 ADDR:  13 MEM_OUT: 114 ACC: 117 BUFF: 0 DC: 7 FLAG_ZERO: False FLAG_LT: 0 FLAG_GT: 1
INPUT_PORT:  ['A', 'B', 'O', 'B', 'A', '1', '2', '3', '\n']
OUT_PORT:  ['W', 'h', 'a', 't', ',', ' ', 'i', 's', ' ', 'y', 'o', 'u']
DATA_MEM:  [19, 87, 104, 97, 116, 44, 32, 105, 115, 32, 121, 111, 117, 114, 32, 110, 97, 109, 101, 63, 10, 7, 72, 101, 108, 108, 111, 44, 32, 0, 0, 0, 0, 0, 0, 0, 0, 0, 0, 0, 0, 0, 0, 0, 0, 33, 120]
---------------------------------------
DEBUG    root:machine.py:309 JMP 4
TICK: 202 PC:   8 ADDR:  13 MEM_OUT: 114 ACC: 117 BUFF: 0 DC: 7 FLAG_ZERO: False FLAG_LT: 0 FLAG_GT: 1
INPUT_PORT:  ['A', 'B', 'O', 'B', 'A', '1', '2', '3', '\n']
OUT_PORT:  ['W', 'h', 'a', 't', ',', ' ', 'i', 's', ' ', 'y', 'o', 'u']
DATA_MEM:  [19, 87, 104, 97, 116, 44, 32, 105, 115, 32, 121, 111, 117, 114, 32, 110, 97, 109, 101, 63, 10, 7, 72, 101, 108, 108, 111, 44, 32, 0, 0, 0, 0, 0, 0, 0, 0, 0, 0, 0, 0, 0, 0, 0, 0, 33, 120]
---------------------------------------
DEBUG    root:machine.py:309 READ 
TICK: 205 PC:   4 ADDR:  13 MEM_OUT: 114 ACC: 117 BUFF: 0 DC: 7 FLAG_ZERO: False FLAG_LT: 0 FLAG_GT: 1
INPUT_PORT:  ['A', 'B', 'O', 'B', 'A', '1', '2', '3', '\n']
OUT_PORT:  ['W', 'h', 'a', 't', ',', ' ', 'i', 's', ' ', 'y', 'o', 'u']
DATA_MEM:  [19, 87, 104, 97, 116, 44, 32, 105, 115, 32, 121, 111, 117, 114, 32, 110, 97, 109, 101, 63, 10, 7, 72, 101, 108, 108, 111, 44, 32, 0, 0, 0, 0, 0, 0, 0, 0, 0, 0, 0, 0, 0, 0, 0, 0, 33, 120]
---------------------------------------
DEBUG    root:machine.py:309 OUTPUT 1
TICK: 209 PC:   5 ADDR:  14 MEM_OUT: 32 ACC: 114 BUFF: 0 DC: 6 FLAG_ZERO: False FLAG_LT: 0 FLAG_GT: 1
INPUT_PORT:  ['A', 'B', 'O', 'B', 'A', '1', '2', '3', '\n']
OUT_PORT:  ['W', 'h', 'a', 't', ',', ' ', 'i', 's', ' ', 'y', 'o', 'u']
DATA_MEM:  [19, 87, 104, 97, 116, 44, 32, 105, 115, 32, 121, 111, 117, 114, 32, 110, 97, 109, 101, 63, 10, 7, 72, 101, 108, 108, 111, 44, 32, 0, 0, 0, 0, 0, 0, 0, 0, 0, 0, 0, 0, 0, 0, 0, 0, 33, 120]
---------------------------------------
DEBUG    root:machine.py:309 CNTZ 
TICK: 212 PC:   6 ADDR:  14 MEM_OUT: 32 ACC: 114 BUFF: 0 DC: 6 FLAG_ZERO: False FLAG_LT: 0 FLAG_GT: 1
INPUT_PORT:  ['A', 'B', 'O', 'B', 'A', '1', '2', '3', '\n']
OUT_PORT:  ['W', 'h', 'a', 't', ',', ' ', 'i', 's', ' ', 'y', 'o', 'u', 'r']
DATA_MEM:  [19, 87, 104, 97, 116, 44, 32, 105, 115, 32, 121, 111, 117, 114, 32, 110, 97, 109, 101, 63, 10, 7, 72, 101, 108, 108, 111, 44, 32, 0, 0, 0, 0, 0, 0, 0, 0, 0, 0, 0, 0, 0, 0, 0, 0, 33, 120]
---------------------------------------
DEBUG    root:machine.py:309 JZ 9
TICK: 215 PC:   7 ADDR:  14 MEM_OUT: 32 ACC: 114 BUFF: 0 DC: 6 FLAG_ZERO: False FLAG_LT: 0 FLAG_GT: 1
INPUT_PORT:  ['A', 'B', 'O', 'B', 'A', '1', '2', '3', '\n']
OUT_PORT:  ['W', 'h', 'a', 't', ',', ' ', 'i', 's', ' ', 'y', 'o', 'u', 'r']
DATA_MEM:  [19, 87, 104, 97, 116, 44, 32, 105, 115, 32, 121, 111, 117, 114, 32, 110, 97, 109, 101, 63, 10, 7, 72, 101, 108, 108, 111, 44, 32, 0, 0, 0, 0, 0, 0, 0, 0, 0, 0, 0, 0, 0, 0, 0, 0, 33, 120]
---------------------------------------
DEBUG    root:machine.py:309 JMP 4
TICK: 218 PC:   8 ADDR:  14 MEM_OUT: 32 ACC: 114 BUFF: 0 DC: 6 FLAG_ZERO: False FLAG_LT: 0 FLAG_GT: 1
INPUT_PORT:  ['A', 'B', 'O', 'B', 'A', '1', '2', '3', '\n']
OUT_PORT:  ['W', 'h', 'a', 't', ',', ' ', 'i', 's', ' ', 'y', 'o', 'u', 'r']
DATA_MEM:  [19, 87, 104, 97, 116, 44, 32, 105, 115, 32, 121, 111, 117, 114, 32, 110, 97, 109, 101, 63, 10, 7, 72, 101, 108, 108, 111, 44, 32, 0, 0, 0, 0, 0, 0, 0, 0, 0, 0, 0, 0, 0, 0, 0, 0, 33, 120]
---------------------------------------
DEBUG    root:machine.py:309 READ 
TICK: 221 PC:   4 ADDR:  14 MEM_OUT: 32 ACC: 114 BUFF: 0 DC: 6 FLAG_ZERO: False FLAG_LT: 0 FLAG_GT: 1
INPUT_PORT:  ['A', 'B', 'O', 'B', 'A', '1', '2', '3', '\n']
OUT_PORT:  ['W', 'h', 'a', 't', ',', ' ', 'i', 's', ' ', 'y', 'o', 'u', 'r']
DATA_MEM:  [19, 87, 104, 97, 116, 44, 32, 105, 115, 32, 121, 111, 117, 114, 32, 110, 97, 109, 101, 63, 10, 7, 72, 101, 108, 108, 111, 44, 32, 0, 0, 0, 0, 0, 0, 0, 0, 0, 0, 0, 0, 0, 0, 0, 0, 33, 120]
---------------------------------------
DEBUG    root:machine.py:309 OUTPUT 1
TICK: 225 PC:   5 ADDR:  15 MEM_OUT: 110 ACC: 32 BUFF: 0 DC: 5 FLAG_ZERO: False FLAG_LT: 0 FLAG_GT: 1
INPUT_PORT:  ['A', 'B', 'O', 'B', 'A', '1', '2', '3', '\n']
OUT_PORT:  ['W', 'h', 'a', 't', ',', ' ', 'i', 's', ' ', 'y', 'o', 'u', 'r']
DATA_MEM:  [19, 87, 104, 97, 116, 44, 32, 105, 115, 32, 121, 111, 117, 114, 32, 110, 97, 109, 101, 63, 10, 7, 72, 101, 108, 108, 111, 44, 32, 0, 0, 0, 0, 0, 0, 0, 0, 0, 0, 0, 0, 0, 0, 0, 0, 33, 120]
---------------------------------------
DEBUG    root:machine.py:309 CNTZ 
TICK: 228 PC:   6 ADDR:  15 MEM_OUT: 110 ACC: 32 BUFF: 0 DC: 5 FLAG_ZERO: False FLAG_LT: 0 FLAG_GT: 1
INPUT_PORT:  ['A', 'B', 'O', 'B', 'A', '1', '2', '3', '\n']
OUT_PORT:  ['W', 'h', 'a', 't', ',', ' ', 'i', 's', ' ', 'y', 'o', 'u', 'r', ' ']
DATA_MEM:  [19, 87, 104, 97, 116, 44, 32, 105, 115, 32, 121, 111, 117, 114, 32, 110, 97, 109, 101, 63, 10, 7, 72, 101, 108, 108, 111, 44, 32, 0, 0, 0, 0, 0, 0, 0, 0, 0, 0, 0, 0, 0, 0, 0, 0, 33, 120]
---------------------------------------
DEBUG    root:machine.py:309 JZ 9
TICK: 231 PC:   7 ADDR:  15 MEM_OUT: 110 ACC: 32 BUFF: 0 DC: 5 FLAG_ZERO: False FLAG_LT: 0 FLAG_GT: 1
INPUT_PORT:  ['A', 'B', 'O', 'B', 'A', '1', '2', '3', '\n']
OUT_PORT:  ['W', 'h', 'a', 't', ',', ' ', 'i', 's', ' ', 'y', 'o', 'u', 'r', ' ']
DATA_MEM:  [19, 87, 104, 97, 116, 44, 32, 105, 115, 32, 121, 111, 117, 114, 32, 110, 97, 109, 101, 63, 10, 7, 72, 101, 108, 108, 111, 44, 32, 0, 0, 0, 0, 0, 0, 0, 0, 0, 0, 0, 0, 0, 0, 0, 0, 33, 120]
---------------------------------------
DEBUG    root:machine.py:309 JMP 4
TICK: 234 PC:   8 ADDR:  15 MEM_OUT: 110 ACC: 32 BUFF: 0 DC: 5 FLAG_ZERO: False FLAG_LT: 0 FLAG_GT: 1
INPUT_PORT:  ['A', 'B', 'O', 'B', 'A', '1', '2', '3', '\n']
OUT_PORT:  ['W', 'h', 'a', 't', ',', ' ', 'i', 's', ' ', 'y', 'o', 'u', 'r', ' ']
DATA_MEM:  [19, 87, 104, 97, 116, 44, 32, 105, 115, 32, 121, 111, 117, 114, 32, 110, 97, 109, 101, 63, 10, 7, 72, 101, 108, 108, 111, 44, 32, 0, 0, 0, 0, 0, 0, 0, 0, 0, 0, 0, 0, 0, 0, 0, 0, 33, 120]
---------------------------------------
DEBUG    root:machine.py:309 READ 
TICK: 237 PC:   4 ADDR:  15 MEM_OUT: 110 ACC: 32 BUFF: 0 DC: 5 FLAG_ZERO: False FLAG_LT: 0 FLAG_GT: 1
INPUT_PORT:  ['A', 'B', 'O', 'B', 'A', '1', '2', '3', '\n']
OUT_PORT:  ['W', 'h', 'a', 't', ',', ' ', 'i', 's', ' ', 'y', 'o', 'u', 'r', ' ']
DATA_MEM:  [19, 87, 104, 97, 116, 44, 32, 105, 115, 32, 121, 111, 117, 114, 32, 110, 97, 109, 101, 63, 10, 7, 72, 101, 108, 108, 111, 44, 32, 0, 0, 0, 0, 0, 0, 0, 0, 0, 0, 0, 0, 0, 0, 0, 0, 33, 120]
---------------------------------------
DEBUG    root:machine.py:309 OUTPUT 1
TICK: 241 PC:   5 ADDR:  16 MEM_OUT: 97 ACC: 110 BUFF: 0 DC: 4 FLAG_ZERO: False FLAG_LT: 0 FLAG_GT: 1
INPUT_PORT:  ['A', 'B', 'O', 'B', 'A', '1', '2', '3', '\n']
OUT_PORT:  ['W', 'h', 'a', 't', ',', ' ', 'i', 's', ' ', 'y', 'o', 'u', 'r', ' ']
DATA_MEM:  [19, 87, 104, 97, 116, 44, 32, 105, 115, 32, 121, 111, 117, 114, 32, 110, 97, 109, 101, 63, 10, 7, 72, 101, 108, 108, 111, 44, 32, 0, 0, 0, 0, 0, 0, 0, 0, 0, 0, 0, 0, 0, 0, 0, 0, 33, 120]
---------------------------------------
DEBUG    root:machine.py:309 CNTZ 
TICK: 244 PC:   6 ADDR:  16 MEM_OUT: 97 ACC: 110 BUFF: 0 DC: 4 FLAG_ZERO: False FLAG_LT: 0 FLAG_GT: 1
INPUT_PORT:  ['A', 'B', 'O', 'B', 'A', '1', '2', '3', '\n']
OUT_PORT:  ['W', 'h', 'a', 't', ',', ' ', 'i', 's', ' ', 'y', 'o', 'u', 'r', ' ', 'n']
DATA_MEM:  [19, 87, 104, 97, 116, 44, 32, 105, 115, 32, 121, 111, 117, 114, 32, 110, 97, 109, 101, 63, 10, 7, 72, 101, 108, 108, 111, 44, 32, 0, 0, 0, 0, 0, 0, 0, 0, 0, 0, 0, 0, 0, 0, 0, 0, 33, 120]
---------------------------------------
DEBUG    root:machine.py:309 JZ 9
TICK: 247 PC:   7 ADDR:  16 MEM_OUT: 97 ACC: 110 BUFF: 0 DC: 4 FLAG_ZERO: False FLAG_LT: 0 FLAG_GT: 1
INPUT_PORT:  ['A', 'B', 'O', 'B', 'A', '1', '2', '3', '\n']
OUT_PORT:  ['W', 'h', 'a', 't', ',', ' ', 'i', 's', ' ', 'y', 'o', 'u', 'r', ' ', 'n']
DATA_MEM:  [19, 87, 104, 97, 116, 44, 32, 105, 115, 32, 121, 111, 117, 114, 32, 110, 97, 109, 101, 63, 10, 7, 72, 101, 108, 108, 111, 44, 32, 0, 0, 0, 0, 0, 0, 0, 0, 0, 0, 0, 0, 0, 0, 0, 0, 33, 120]
---------------------------------------
DEBUG    root:machine.py:309 JMP 4
TICK: 250 PC:   8 ADDR:  16 MEM_OUT: 97 ACC: 110 BUFF: 0 DC: 4 FLAG_ZERO: False FLAG_LT: 0 FLAG_GT: 1
INPUT_PORT:  ['A', 'B', 'O', 'B', 'A', '1', '2', '3', '\n']
OUT_PORT:  ['W', 'h', 'a', 't', ',', ' ', 'i', 's', ' ', 'y', 'o', 'u', 'r', ' ', 'n']
DATA_MEM:  [19, 87, 104, 97, 116, 44, 32, 105, 115, 32, 121, 111, 117, 114, 32, 110, 97, 109, 101, 63, 10, 7, 72, 101, 108, 108, 111, 44, 32, 0, 0, 0, 0, 0, 0, 0, 0, 0, 0, 0, 0, 0, 0, 0, 0, 33, 120]
---------------------------------------
DEBUG    root:machine.py:309 READ 
TICK: 253 PC:   4 ADDR:  16 MEM_OUT: 97 ACC: 110 BUFF: 0 DC: 4 FLAG_ZERO: False FLAG_LT: 0 FLAG_GT: 1
INPUT_PORT:  ['A', 'B', 'O', 'B', 'A', '1', '2', '3', '\n']
OUT_PORT:  ['W', 'h', 'a', 't', ',', ' ', 'i', 's', ' ', 'y', 'o', 'u', 'r', ' ', 'n']
DATA_MEM:  [19, 87, 104, 97, 116, 44, 32, 105, 115, 32, 121, 111, 117, 114, 32, 110, 97, 109, 101, 63, 10, 7, 72, 101, 108, 108, 111, 44, 32, 0, 0, 0, 0, 0, 0, 0, 0, 0, 0, 0, 0, 0, 0, 0, 0, 33, 120]
---------------------------------------
DEBUG    root:machine.py:309 OUTPUT 1
TICK: 257 PC:   5 ADDR:  17 MEM_OUT: 109 ACC: 97 BUFF: 0 DC: 3 FLAG_ZERO: False FLAG_LT: 0 FLAG_GT: 1
INPUT_PORT:  ['A', 'B', 'O', 'B', 'A', '1', '2', '3', '\n']
OUT_PORT:  ['W', 'h', 'a', 't', ',', ' ', 'i', 's', ' ', 'y', 'o', 'u', 'r', ' ', 'n']
DATA_MEM:  [19, 87, 104, 97, 116, 44, 32, 105, 115, 32, 121, 111, 117, 114, 32, 110, 97, 109, 101, 63, 10, 7, 72, 101, 108, 108, 111, 44, 32, 0, 0, 0, 0, 0, 0, 0, 0, 0, 0, 0, 0, 0, 0, 0, 0, 33, 120]
---------------------------------------
DEBUG    root:machine.py:309 CNTZ 
TICK: 260 PC:   6 ADDR:  17 MEM_OUT: 109 ACC: 97 BUFF: 0 DC: 3 FLAG_ZERO: False FLAG_LT: 0 FLAG_GT: 1
INPUT_PORT:  ['A', 'B', 'O', 'B', 'A', '1', '2', '3', '\n']
OUT_PORT:  ['W', 'h', 'a', 't', ',', ' ', 'i', 's', ' ', 'y', 'o', 'u', 'r', ' ', 'n', 'a']
DATA_MEM:  [19, 87, 104, 97, 116, 44, 32, 105, 115, 32, 121, 111, 117, 114, 32, 110, 97, 109, 101, 63, 10, 7, 72, 101, 108, 108, 111, 44, 32, 0, 0, 0, 0, 0, 0, 0, 0, 0, 0, 0, 0, 0, 0, 0, 0, 33, 120]
---------------------------------------
DEBUG    root:machine.py:309 JZ 9
TICK: 263 PC:   7 ADDR:  17 MEM_OUT: 109 ACC: 97 BUFF: 0 DC: 3 FLAG_ZERO: False FLAG_LT: 0 FLAG_GT: 1
INPUT_PORT:  ['A', 'B', 'O', 'B', 'A', '1', '2', '3', '\n']
OUT_PORT:  ['W', 'h', 'a', 't', ',', ' ', 'i', 's', ' ', 'y', 'o', 'u', 'r', ' ', 'n', 'a']
DATA_MEM:  [19, 87, 104, 97, 116, 44, 32, 105, 115, 32, 121, 111, 117, 114, 32, 110, 97, 109, 101, 63, 10, 7, 72, 101, 108, 108, 111, 44, 32, 0, 0, 0, 0, 0, 0, 0, 0, 0, 0, 0, 0, 0, 0, 0, 0, 33, 120]
---------------------------------------
DEBUG    root:machine.py:309 JMP 4
TICK: 266 PC:   8 ADDR:  17 MEM_OUT: 109 ACC: 97 BUFF: 0 DC: 3 FLAG_ZERO: False FLAG_LT: 0 FLAG_GT: 1
INPUT_PORT:  ['A', 'B', 'O', 'B', 'A', '1', '2', '3', '\n']
OUT_PORT:  ['W', 'h', 'a', 't', ',', ' ', 'i', 's', ' ', 'y', 'o', 'u', 'r', ' ', 'n', 'a']
DATA_MEM:  [19, 87, 104, 97, 116, 44, 32, 105, 115, 32, 121, 111, 117, 114, 32, 110, 97, 109, 101, 63, 10, 7, 72, 101, 108, 108, 111, 44, 32, 0, 0, 0, 0, 0, 0, 0, 0, 0, 0, 0, 0, 0, 0, 0, 0, 33, 120]
---------------------------------------
DEBUG    root:machine.py:309 READ 
TICK: 269 PC:   4 ADDR:  17 MEM_OUT: 109 ACC: 97 BUFF: 0 DC: 3 FLAG_ZERO: False FLAG_LT: 0 FLAG_GT: 1
INPUT_PORT:  ['A', 'B', 'O', 'B', 'A', '1', '2', '3', '\n']
OUT_PORT:  ['W', 'h', 'a', 't', ',', ' ', 'i', 's', ' ', 'y', 'o', 'u', 'r', ' ', 'n', 'a']
DATA_MEM:  [19, 87, 104, 97, 116, 44, 32, 105, 115, 32, 121, 111, 117, 114, 32, 110, 97, 109, 101, 63, 10, 7, 72, 101, 108, 108, 111, 44, 32, 0, 0, 0, 0, 0, 0, 0, 0, 0, 0, 0, 0, 0, 0, 0, 0, 33, 120]
---------------------------------------
DEBUG    root:machine.py:309 OUTPUT 1
TICK: 273 PC:   5 ADDR:  18 MEM_OUT: 101 ACC: 109 BUFF: 0 DC: 2 FLAG_ZERO: False FLAG_LT: 0 FLAG_GT: 1
INPUT_PORT:  ['A', 'B', 'O', 'B', 'A', '1', '2', '3', '\n']
OUT_PORT:  ['W', 'h', 'a', 't', ',', ' ', 'i', 's', ' ', 'y', 'o', 'u', 'r', ' ', 'n', 'a']
DATA_MEM:  [19, 87, 104, 97, 116, 44, 32, 105, 115, 32, 121, 111, 117, 114, 32, 110, 97, 109, 101, 63, 10, 7, 72, 101, 108, 108, 111, 44, 32, 0, 0, 0, 0, 0, 0, 0, 0, 0, 0, 0, 0, 0, 0, 0, 0, 33, 120]
---------------------------------------
DEBUG    root:machine.py:309 CNTZ 
TICK: 276 PC:   6 ADDR:  18 MEM_OUT: 101 ACC: 109 BUFF: 0 DC: 2 FLAG_ZERO: False FLAG_LT: 0 FLAG_GT: 1
INPUT_PORT:  ['A', 'B', 'O', 'B', 'A', '1', '2', '3', '\n']
OUT_PORT:  ['W', 'h', 'a', 't', ',', ' ', 'i', 's', ' ', 'y', 'o', 'u', 'r', ' ', 'n', 'a', 'm']
DATA_MEM:  [19, 87, 104, 97, 116, 44, 32, 105, 115, 32, 121, 111, 117, 114, 32, 110, 97, 109, 101, 63, 10, 7, 72, 101, 108, 108, 111, 44, 32, 0, 0, 0, 0, 0, 0, 0, 0, 0, 0, 0, 0, 0, 0, 0, 0, 33, 120]
---------------------------------------
DEBUG    root:machine.py:309 JZ 9
TICK: 279 PC:   7 ADDR:  18 MEM_OUT: 101 ACC: 109 BUFF: 0 DC: 2 FLAG_ZERO: False FLAG_LT: 0 FLAG_GT: 1
INPUT_PORT:  ['A', 'B', 'O', 'B', 'A', '1', '2', '3', '\n']
OUT_PORT:  ['W', 'h', 'a', 't', ',', ' ', 'i', 's', ' ', 'y', 'o', 'u', 'r', ' ', 'n', 'a', 'm']
DATA_MEM:  [19, 87, 104, 97, 116, 44, 32, 105, 115, 32, 121, 111, 117, 114, 32, 110, 97, 109, 101, 63, 10, 7, 72, 101, 108, 108, 111, 44, 32, 0, 0, 0, 0, 0, 0, 0, 0, 0, 0, 0, 0, 0, 0, 0, 0, 33, 120]
---------------------------------------
DEBUG    root:machine.py:309 JMP 4
TICK: 282 PC:   8 ADDR:  18 MEM_OUT: 101 ACC: 109 BUFF: 0 DC: 2 FLAG_ZERO: False FLAG_LT: 0 FLAG_GT: 1
INPUT_PORT:  ['A', 'B', 'O', 'B', 'A', '1', '2', '3', '\n']
OUT_PORT:  ['W', 'h', 'a', 't', ',', ' ', 'i', 's', ' ', 'y', 'o', 'u', 'r', ' ', 'n', 'a', 'm']
DATA_MEM:  [19, 87, 104, 97, 116, 44, 32, 105, 115, 32, 121, 111, 117, 114, 32, 110, 97, 109, 101, 63, 10, 7, 72, 101, 108, 108, 111, 44, 32, 0, 0, 0, 0, 0, 0, 0, 0, 0, 0, 0, 0, 0, 0, 0, 0, 33, 120]
---------------------------------------
DEBUG    root:machine.py:309 READ 
TICK: 285 PC:   4 ADDR:  18 MEM_OUT: 101 ACC: 109 BUFF: 0 DC: 2 FLAG_ZERO: False FLAG_LT: 0 FLAG_GT: 1
INPUT_PORT:  ['A', 'B', 'O', 'B', 'A', '1', '2', '3', '\n']
OUT_PORT:  ['W', 'h', 'a', 't', ',', ' ', 'i', 's', ' ', 'y', 'o', 'u', 'r', ' ', 'n', 'a', 'm']
DATA_MEM:  [19, 87, 104, 97, 116, 44, 32, 105, 115, 32, 121, 111, 117, 114, 32, 110, 97, 109, 101, 63, 10, 7, 72, 101, 108, 108, 111, 44, 32, 0, 0, 0, 0, 0, 0, 0, 0, 0, 0, 0, 0, 0, 0, 0, 0, 33, 120]
---------------------------------------
DEBUG    root:machine.py:309 OUTPUT 1
TICK: 289 PC:   5 ADDR:  19 MEM_OUT: 63 ACC: 101 BUFF: 0 DC: 1 FLAG_ZERO: False FLAG_LT: 0 FLAG_GT: 1
INPUT_PORT:  ['A', 'B', 'O', 'B', 'A', '1', '2', '3', '\n']
OUT_PORT:  ['W', 'h', 'a', 't', ',', ' ', 'i', 's', ' ', 'y', 'o', 'u', 'r', ' ', 'n', 'a', 'm']
DATA_MEM:  [19, 87, 104, 97, 116, 44, 32, 105, 115, 32, 121, 111, 117, 114, 32, 110, 97, 109, 101, 63, 10, 7, 72, 101, 108, 108, 111, 44, 32, 0, 0, 0, 0, 0, 0, 0, 0, 0, 0, 0, 0, 0, 0, 0, 0, 33, 120]
---------------------------------------
DEBUG    root:machine.py:309 CNTZ 
TICK: 292 PC:   6 ADDR:  19 MEM_OUT: 63 ACC: 101 BUFF: 0 DC: 1 FLAG_ZERO: False FLAG_LT: 0 FLAG_GT: 1
INPUT_PORT:  ['A', 'B', 'O', 'B', 'A', '1', '2', '3', '\n']
OUT_PORT:  ['W', 'h', 'a', 't', ',', ' ', 'i', 's', ' ', 'y', 'o', 'u', 'r', ' ', 'n', 'a', 'm', 'e']
DATA_MEM:  [19, 87, 104, 97, 116, 44, 32, 105, 115, 32, 121, 111, 117, 114, 32, 110, 97, 109, 101, 63, 10, 7, 72, 101, 108, 108, 111, 44, 32, 0, 0, 0, 0, 0, 0, 0, 0, 0, 0, 0, 0, 0, 0, 0, 0, 33, 120]
---------------------------------------
DEBUG    root:machine.py:309 JZ 9
TICK: 295 PC:   7 ADDR:  19 MEM_OUT: 63 ACC: 101 BUFF: 0 DC: 1 FLAG_ZERO: False FLAG_LT: 0 FLAG_GT: 1
INPUT_PORT:  ['A', 'B', 'O', 'B', 'A', '1', '2', '3', '\n']
OUT_PORT:  ['W', 'h', 'a', 't', ',', ' ', 'i', 's', ' ', 'y', 'o', 'u', 'r', ' ', 'n', 'a', 'm', 'e']
DATA_MEM:  [19, 87, 104, 97, 116, 44, 32, 105, 115, 32, 121, 111, 117, 114, 32, 110, 97, 109, 101, 63, 10, 7, 72, 101, 108, 108, 111, 44, 32, 0, 0, 0, 0, 0, 0, 0, 0, 0, 0, 0, 0, 0, 0, 0, 0, 33, 120]
---------------------------------------
DEBUG    root:machine.py:309 JMP 4
TICK: 298 PC:   8 ADDR:  19 MEM_OUT: 63 ACC: 101 BUFF: 0 DC: 1 FLAG_ZERO: False FLAG_LT: 0 FLAG_GT: 1
INPUT_PORT:  ['A', 'B', 'O', 'B', 'A', '1', '2', '3', '\n']
OUT_PORT:  ['W', 'h', 'a', 't', ',', ' ', 'i', 's', ' ', 'y', 'o', 'u', 'r', ' ', 'n', 'a', 'm', 'e']
DATA_MEM:  [19, 87, 104, 97, 116, 44, 32, 105, 115, 32, 121, 111, 117, 114, 32, 110, 97, 109, 101, 63, 10, 7, 72, 101, 108, 108, 111, 44, 32, 0, 0, 0, 0, 0, 0, 0, 0, 0, 0, 0, 0, 0, 0, 0, 0, 33, 120]
---------------------------------------
DEBUG    root:machine.py:309 READ 
TICK: 301 PC:   4 ADDR:  19 MEM_OUT: 63 ACC: 101 BUFF: 0 DC: 1 FLAG_ZERO: False FLAG_LT: 0 FLAG_GT: 1
INPUT_PORT:  ['A', 'B', 'O', 'B', 'A', '1', '2', '3', '\n']
OUT_PORT:  ['W', 'h', 'a', 't', ',', ' ', 'i', 's', ' ', 'y', 'o', 'u', 'r', ' ', 'n', 'a', 'm', 'e']
DATA_MEM:  [19, 87, 104, 97, 116, 44, 32, 105, 115, 32, 121, 111, 117, 114, 32, 110, 97, 109, 101, 63, 10, 7, 72, 101, 108, 108, 111, 44, 32, 0, 0, 0, 0, 0, 0, 0, 0, 0, 0, 0, 0, 0, 0, 0, 0, 33, 120]
---------------------------------------
DEBUG    root:machine.py:309 OUTPUT 1
TICK: 305 PC:   5 ADDR:  20 MEM_OUT: 10 ACC: 63 BUFF: 0 DC: 0 FLAG_ZERO: False FLAG_LT: 0 FLAG_GT: 1
INPUT_PORT:  ['A', 'B', 'O', 'B', 'A', '1', '2', '3', '\n']
OUT_PORT:  ['W', 'h', 'a', 't', ',', ' ', 'i', 's', ' ', 'y', 'o', 'u', 'r', ' ', 'n', 'a', 'm', 'e']
DATA_MEM:  [19, 87, 104, 97, 116, 44, 32, 105, 115, 32, 121, 111, 117, 114, 32, 110, 97, 109, 101, 63, 10, 7, 72, 101, 108, 108, 111, 44, 32, 0, 0, 0, 0, 0, 0, 0, 0, 0, 0, 0, 0, 0, 0, 0, 0, 33, 120]
---------------------------------------
DEBUG    root:machine.py:309 CNTZ 
TICK: 308 PC:   6 ADDR:  20 MEM_OUT: 10 ACC: 63 BUFF: 0 DC: 0 FLAG_ZERO: False FLAG_LT: 0 FLAG_GT: 1
INPUT_PORT:  ['A', 'B', 'O', 'B', 'A', '1', '2', '3', '\n']
OUT_PORT:  ['W', 'h', 'a', 't', ',', ' ', 'i', 's', ' ', 'y', 'o', 'u', 'r', ' ', 'n', 'a', 'm', 'e', '?']
DATA_MEM:  [19, 87, 104, 97, 116, 44, 32, 105, 115, 32, 121, 111, 117, 114, 32, 110, 97, 109, 101, 63, 10, 7, 72, 101, 108, 108, 111, 44, 32, 0, 0, 0, 0, 0, 0, 0, 0, 0, 0, 0, 0, 0, 0, 0, 0, 33, 120]
---------------------------------------
DEBUG    root:machine.py:309 JZ 9
TICK: 311 PC:   7 ADDR:  20 MEM_OUT: 10 ACC: 63 BUFF: 0 DC: 0 FLAG_ZERO: True FLAG_LT: 0 FLAG_GT: 0
INPUT_PORT:  ['A', 'B', 'O', 'B', 'A', '1', '2', '3', '\n']
OUT_PORT:  ['W', 'h', 'a', 't', ',', ' ', 'i', 's', ' ', 'y', 'o', 'u', 'r', ' ', 'n', 'a', 'm', 'e', '?']
DATA_MEM:  [19, 87, 104, 97, 116, 44, 32, 105, 115, 32, 121, 111, 117, 114, 32, 110, 97, 109, 101, 63, 10, 7, 72, 101, 108, 108, 111, 44, 32, 0, 0, 0, 0, 0, 0, 0, 0, 0, 0, 0, 0, 0, 0, 0, 0, 33, 120]
---------------------------------------
DEBUG    root:machine.py:309 LD 80
TICK: 314 PC:   9 ADDR:  20 MEM_OUT: 10 ACC: 63 BUFF: 0 DC: 0 FLAG_ZERO: True FLAG_LT: 0 FLAG_GT: 0
INPUT_PORT:  ['A', 'B', 'O', 'B', 'A', '1', '2', '3', '\n']
OUT_PORT:  ['W', 'h', 'a', 't', ',', ' ', 'i', 's', ' ', 'y', 'o', 'u', 'r', ' ', 'n', 'a', 'm', 'e', '?']
DATA_MEM:  [19, 87, 104, 97, 116, 44, 32, 105, 115, 32, 121, 111, 117, 114, 32, 110, 97, 109, 101, 63, 10, 7, 72, 101, 108, 108, 111, 44, 32, 0, 0, 0, 0, 0, 0, 0, 0, 0, 0, 0, 0, 0, 0, 0, 0, 33, 120]
---------------------------------------
DEBUG    root:machine.py:309 OUTPUT 1
TICK: 318 PC:  10 ADDR:  20 MEM_OUT: 10 ACC: 10 BUFF: 0 DC: 0 FLAG_ZERO: True FLAG_LT: 0 FLAG_GT: 0
INPUT_PORT:  ['A', 'B', 'O', 'B', 'A', '1', '2', '3', '\n']
OUT_PORT:  ['W', 'h', 'a', 't', ',', ' ', 'i', 's', ' ', 'y', 'o', 'u', 'r', ' ', 'n', 'a', 'm', 'e', '?']
DATA_MEM:  [19, 87, 104, 97, 116, 44, 32, 105, 115, 32, 121, 111, 117, 114, 32, 110, 97, 109, 101, 63, 10, 7, 72, 101, 108, 108, 111, 44, 32, 0, 0, 0, 0, 0, 0, 0, 0, 0, 0, 0, 0, 0, 0, 0, 0, 33, 120]
---------------------------------------
DEBUG    root:machine.py:309 LDA 120
TICK: 321 PC:  11 ADDR:  20 MEM_OUT: 10 ACC: 10 BUFF: 0 DC: 0 FLAG_ZERO: True FLAG_LT: 0 FLAG_GT: 0
INPUT_PORT:  ['A', 'B', 'O', 'B', 'A', '1', '2', '3', '\n']
OUT_PORT:  ['W', 'h', 'a', 't', ',', ' ', 'i', 's', ' ', 'y', 'o', 'u', 'r', ' ', 'n', 'a', 'm', 'e', '?', '\n']
DATA_MEM:  [19, 87, 104, 97, 116, 44, 32, 105, 115, 32, 121, 111, 117, 114, 32, 110, 97, 109, 101, 63, 10, 7, 72, 101, 108, 108, 111, 44, 32, 0, 0, 0, 0, 0, 0, 0, 0, 0, 0, 0, 0, 0, 0, 0, 0, 33, 120]
---------------------------------------
DEBUG    root:machine.py:309 SETADDR 
TICK: 324 PC:  12 ADDR:  20 MEM_OUT: 10 ACC: 120 BUFF: 0 DC: 0 FLAG_ZERO: True FLAG_LT: 0 FLAG_GT: 0
INPUT_PORT:  ['A', 'B', 'O', 'B', 'A', '1', '2', '3', '\n']
OUT_PORT:  ['W', 'h', 'a', 't', ',', ' ', 'i', 's', ' ', 'y', 'o', 'u', 'r', ' ', 'n', 'a', 'm', 'e', '?', '\n']
DATA_MEM:  [19, 87, 104, 97, 116, 44, 32, 105, 115, 32, 121, 111, 117, 114, 32, 110, 97, 109, 101, 63, 10, 7, 72, 101, 108, 108, 111, 44, 32, 0, 0, 0, 0, 0, 0, 0, 0, 0, 0, 0, 0, 0, 0, 0, 0, 33, 120]
---------------------------------------
DEBUG    root:machine.py:309 INPUT 0
TICK: 327 PC:  13 ADDR:  30 MEM_OUT: 0 ACC: 120 BUFF: 0 DC: 0 FLAG_ZERO: True FLAG_LT: 0 FLAG_GT: 0
INPUT_PORT:  ['A', 'B', 'O', 'B', 'A', '1', '2', '3', '\n']
OUT_PORT:  ['W', 'h', 'a', 't', ',', ' ', 'i', 's', ' ', 'y', 'o', 'u', 'r', ' ', 'n', 'a', 'm', 'e', '?', '\n']
DATA_MEM:  [19, 87, 104, 97, 116, 44, 32, 105, 115, 32, 121, 111, 117, 114, 32, 110, 97, 109, 101, 63, 10, 7, 72, 101, 108, 108, 111, 44, 32, 0, 0, 0, 0, 0, 0, 0, 0, 0, 0, 0, 0, 0, 0, 0, 0, 33, 120]
---------------------------------------
DEBUG    root:machine.py:309 WRITE 
TICK: 330 PC:  14 ADDR:  30 MEM_OUT: 0 ACC: 65 BUFF: 0 DC: 0 FLAG_ZERO: True FLAG_LT: 0 FLAG_GT: 0
INPUT_PORT:  ['B', 'O', 'B', 'A', '1', '2', '3', '\n']
OUT_PORT:  ['W', 'h', 'a', 't', ',', ' ', 'i', 's', ' ', 'y', 'o', 'u', 'r', ' ', 'n', 'a', 'm', 'e', '?', '\n']
DATA_MEM:  [19, 87, 104, 97, 116, 44, 32, 105, 115, 32, 121, 111, 117, 114, 32, 110, 97, 109, 101, 63, 10, 7, 72, 101, 108, 108, 111, 44, 32, 0, 0, 0, 0, 0, 0, 0, 0, 0, 0, 0, 0, 0, 0, 0, 0, 33, 120]
---------------------------------------
DEBUG    root:machine.py:309 CMP 10
TICK: 334 PC:  15 ADDR:  31 MEM_OUT: 0 ACC: 65 BUFF: 0 DC: -1 FLAG_ZERO: True FLAG_LT: 0 FLAG_GT: 0
INPUT_PORT:  ['B', 'O', 'B', 'A', '1', '2', '3', '\n']
OUT_PORT:  ['W', 'h', 'a', 't', ',', ' ', 'i', 's', ' ', 'y', 'o', 'u', 'r', ' ', 'n', 'a', 'm', 'e', '?', '\n']
DATA_MEM:  [19, 87, 104, 97, 116, 44, 32, 105, 115, 32, 121, 111, 117, 114, 32, 110, 97, 109, 101, 63, 10, 7, 72, 101, 108, 108, 111, 44, 32, 0, 65, 0, 0, 0, 0, 0, 0, 0, 0, 0, 0, 0, 0, 0, 0, 33, 120]
---------------------------------------
DEBUG    root:machine.py:309 JE 25
TICK: 337 PC:  16 ADDR:  31 MEM_OUT: 0 ACC: 65 BUFF: 0 DC: -1 FLAG_ZERO: False FLAG_LT: 0 FLAG_GT: 1
INPUT_PORT:  ['B', 'O', 'B', 'A', '1', '2', '3', '\n']
OUT_PORT:  ['W', 'h', 'a', 't', ',', ' ', 'i', 's', ' ', 'y', 'o', 'u', 'r', ' ', 'n', 'a', 'm', 'e', '?', '\n']
DATA_MEM:  [19, 87, 104, 97, 116, 44, 32, 105, 115, 32, 121, 111, 117, 114, 32, 110, 97, 109, 101, 63, 10, 7, 72, 101, 108, 108, 111, 44, 32, 0, 65, 0, 0, 0, 0, 0, 0, 0, 0, 0, 0, 0, 0, 0, 0, 33, 120]
---------------------------------------
DEBUG    root:machine.py:309 LD 116
TICK: 340 PC:  17 ADDR:  31 MEM_OUT: 0 ACC: 65 BUFF: 0 DC: -1 FLAG_ZERO: False FLAG_LT: 0 FLAG_GT: 1
INPUT_PORT:  ['B', 'O', 'B', 'A', '1', '2', '3', '\n']
OUT_PORT:  ['W', 'h', 'a', 't', ',', ' ', 'i', 's', ' ', 'y', 'o', 'u', 'r', ' ', 'n', 'a', 'm', 'e', '?', '\n']
DATA_MEM:  [19, 87, 104, 97, 116, 44, 32, 105, 115, 32, 121, 111, 117, 114, 32, 110, 97, 109, 101, 63, 10, 7, 72, 101, 108, 108, 111, 44, 32, 0, 65, 0, 0, 0, 0, 0, 0, 0, 0, 0, 0, 0, 0, 0, 0, 33, 120]
---------------------------------------
DEBUG    root:machine.py:309 INC 
TICK: 344 PC:  18 ADDR:  29 MEM_OUT: 0 ACC: 0 BUFF: 0 DC: -1 FLAG_ZERO: False FLAG_LT: 0 FLAG_GT: 1
INPUT_PORT:  ['B', 'O', 'B', 'A', '1', '2', '3', '\n']
OUT_PORT:  ['W', 'h', 'a', 't', ',', ' ', 'i', 's', ' ', 'y', 'o', 'u', 'r', ' ', 'n', 'a', 'm', 'e', '?', '\n']
DATA_MEM:  [19, 87, 104, 97, 116, 44, 32, 105, 115, 32, 121, 111, 117, 114, 32, 110, 97, 109, 101, 63, 10, 7, 72, 101, 108, 108, 111, 44, 32, 0, 65, 0, 0, 0, 0, 0, 0, 0, 0, 0, 0, 0, 0, 0, 0, 33, 120]
---------------------------------------
DEBUG    root:machine.py:309 ST 116
TICK: 347 PC:  19 ADDR:  29 MEM_OUT: 0 ACC: 1 BUFF: 0 DC: -1 FLAG_ZERO: False FLAG_LT: 0 FLAG_GT: 1
INPUT_PORT:  ['B', 'O', 'B', 'A', '1', '2', '3', '\n']
OUT_PORT:  ['W', 'h', 'a', 't', ',', ' ', 'i', 's', ' ', 'y', 'o', 'u', 'r', ' ', 'n', 'a', 'm', 'e', '?', '\n']
DATA_MEM:  [19, 87, 104, 97, 116, 44, 32, 105, 115, 32, 121, 111, 117, 114, 32, 110, 97, 109, 101, 63, 10, 7, 72, 101, 108, 108, 111, 44, 32, 0, 65, 0, 0, 0, 0, 0, 0, 0, 0, 0, 0, 0, 0, 0, 0, 33, 120]
---------------------------------------
DEBUG    root:machine.py:309 LD 184
TICK: 351 PC:  20 ADDR:  29 MEM_OUT: 1 ACC: 1 BUFF: 0 DC: -1 FLAG_ZERO: False FLAG_LT: 0 FLAG_GT: 1
INPUT_PORT:  ['B', 'O', 'B', 'A', '1', '2', '3', '\n']
OUT_PORT:  ['W', 'h', 'a', 't', ',', ' ', 'i', 's', ' ', 'y', 'o', 'u', 'r', ' ', 'n', 'a', 'm', 'e', '?', '\n']
DATA_MEM:  [19, 87, 104, 97, 116, 44, 32, 105, 115, 32, 121, 111, 117, 114, 32, 110, 97, 109, 101, 63, 10, 7, 72, 101, 108, 108, 111, 44, 32, 1, 65, 0, 0, 0, 0, 0, 0, 0, 0, 0, 0, 0, 0, 0, 0, 33, 120]
---------------------------------------
DEBUG    root:machine.py:309 ADD 4
TICK: 355 PC:  21 ADDR:  46 MEM_OUT: 120 ACC: 120 BUFF: 0 DC: -1 FLAG_ZERO: False FLAG_LT: 0 FLAG_GT: 1
INPUT_PORT:  ['B', 'O', 'B', 'A', '1', '2', '3', '\n']
OUT_PORT:  ['W', 'h', 'a', 't', ',', ' ', 'i', 's', ' ', 'y', 'o', 'u', 'r', ' ', 'n', 'a', 'm', 'e', '?', '\n']
DATA_MEM:  [19, 87, 104, 97, 116, 44, 32, 105, 115, 32, 121, 111, 117, 114, 32, 110, 97, 109, 101, 63, 10, 7, 72, 101, 108, 108, 111, 44, 32, 1, 65, 0, 0, 0, 0, 0, 0, 0, 0, 0, 0, 0, 0, 0, 0, 33, 120]
---------------------------------------
DEBUG    root:machine.py:309 ST 184
TICK: 359 PC:  22 ADDR:  46 MEM_OUT: 120 ACC: 124 BUFF: 120 DC: -1 FLAG_ZERO: False FLAG_LT: 0 FLAG_GT: 1
INPUT_PORT:  ['B', 'O', 'B', 'A', '1', '2', '3', '\n']
OUT_PORT:  ['W', 'h', 'a', 't', ',', ' ', 'i', 's', ' ', 'y', 'o', 'u', 'r', ' ', 'n', 'a', 'm', 'e', '?', '\n']
DATA_MEM:  [19, 87, 104, 97, 116, 44, 32, 105, 115, 32, 121, 111, 117, 114, 32, 110, 97, 109, 101, 63, 10, 7, 72, 101, 108, 108, 111, 44, 32, 1, 65, 0, 0, 0, 0, 0, 0, 0, 0, 0, 0, 0, 0, 0, 0, 33, 120]
---------------------------------------
DEBUG    root:machine.py:309 SETADDR 
TICK: 363 PC:  23 ADDR:  46 MEM_OUT: 124 ACC: 124 BUFF: 120 DC: -1 FLAG_ZERO: False FLAG_LT: 0 FLAG_GT: 1
INPUT_PORT:  ['B', 'O', 'B', 'A', '1', '2', '3', '\n']
OUT_PORT:  ['W', 'h', 'a', 't', ',', ' ', 'i', 's', ' ', 'y', 'o', 'u', 'r', ' ', 'n', 'a', 'm', 'e', '?', '\n']
DATA_MEM:  [19, 87, 104, 97, 116, 44, 32, 105, 115, 32, 121, 111, 117, 114, 32, 110, 97, 109, 101, 63, 10, 7, 72, 101, 108, 108, 111, 44, 32, 1, 65, 0, 0, 0, 0, 0, 0, 0, 0, 0, 0, 0, 0, 0, 0, 33, 124]
---------------------------------------
DEBUG    root:machine.py:309 JMP 13
TICK: 366 PC:  24 ADDR:  31 MEM_OUT: 0 ACC: 124 BUFF: 120 DC: -1 FLAG_ZERO: False FLAG_LT: 0 FLAG_GT: 1
INPUT_PORT:  ['B', 'O', 'B', 'A', '1', '2', '3', '\n']
OUT_PORT:  ['W', 'h', 'a', 't', ',', ' ', 'i', 's', ' ', 'y', 'o', 'u', 'r', ' ', 'n', 'a', 'm', 'e', '?', '\n']
DATA_MEM:  [19, 87, 104, 97, 116, 44, 32, 105, 115, 32, 121, 111, 117, 114, 32, 110, 97, 109, 101, 63, 10, 7, 72, 101, 108, 108, 111, 44, 32, 1, 65, 0, 0, 0, 0, 0, 0, 0, 0, 0, 0, 0, 0, 0, 0, 33, 124]
---------------------------------------
DEBUG    root:machine.py:309 INPUT 0
TICK: 369 PC:  13 ADDR:  31 MEM_OUT: 0 ACC: 124 BUFF: 120 DC: -1 FLAG_ZERO: False FLAG_LT: 0 FLAG_GT: 1
INPUT_PORT:  ['B', 'O', 'B', 'A', '1', '2', '3', '\n']
OUT_PORT:  ['W', 'h', 'a', 't', ',', ' ', 'i', 's', ' ', 'y', 'o', 'u', 'r', ' ', 'n', 'a', 'm', 'e', '?', '\n']
DATA_MEM:  [19, 87, 104, 97, 116, 44, 32, 105, 115, 32, 121, 111, 117, 114, 32, 110, 97, 109, 101, 63, 10, 7, 72, 101, 108, 108, 111, 44, 32, 1, 65, 0, 0, 0, 0, 0, 0, 0, 0, 0, 0, 0, 0, 0, 0, 33, 124]
---------------------------------------
DEBUG    root:machine.py:309 WRITE 
TICK: 372 PC:  14 ADDR:  31 MEM_OUT: 0 ACC: 66 BUFF: 120 DC: -1 FLAG_ZERO: False FLAG_LT: 0 FLAG_GT: 1
INPUT_PORT:  ['O', 'B', 'A', '1', '2', '3', '\n']
OUT_PORT:  ['W', 'h', 'a', 't', ',', ' ', 'i', 's', ' ', 'y', 'o', 'u', 'r', ' ', 'n', 'a', 'm', 'e', '?', '\n']
DATA_MEM:  [19, 87, 104, 97, 116, 44, 32, 105, 115, 32, 121, 111, 117, 114, 32, 110, 97, 109, 101, 63, 10, 7, 72, 101, 108, 108, 111, 44, 32, 1, 65, 0, 0, 0, 0, 0, 0, 0, 0, 0, 0, 0, 0, 0, 0, 33, 124]
---------------------------------------
DEBUG    root:machine.py:309 CMP 10
TICK: 376 PC:  15 ADDR:  32 MEM_OUT: 0 ACC: 66 BUFF: 120 DC: -2 FLAG_ZERO: False FLAG_LT: 0 FLAG_GT: 1
INPUT_PORT:  ['O', 'B', 'A', '1', '2', '3', '\n']
OUT_PORT:  ['W', 'h', 'a', 't', ',', ' ', 'i', 's', ' ', 'y', 'o', 'u', 'r', ' ', 'n', 'a', 'm', 'e', '?', '\n']
DATA_MEM:  [19, 87, 104, 97, 116, 44, 32, 105, 115, 32, 121, 111, 117, 114, 32, 110, 97, 109, 101, 63, 10, 7, 72, 101, 108, 108, 111, 44, 32, 1, 65, 66, 0, 0, 0, 0, 0, 0, 0, 0, 0, 0, 0, 0, 0, 33, 124]
---------------------------------------
DEBUG    root:machine.py:309 JE 25
TICK: 379 PC:  16 ADDR:  32 MEM_OUT: 0 ACC: 66 BUFF: 120 DC: -2 FLAG_ZERO: False FLAG_LT: 0 FLAG_GT: 1
INPUT_PORT:  ['O', 'B', 'A', '1', '2', '3', '\n']
OUT_PORT:  ['W', 'h', 'a', 't', ',', ' ', 'i', 's', ' ', 'y', 'o', 'u', 'r', ' ', 'n', 'a', 'm', 'e', '?', '\n']
DATA_MEM:  [19, 87, 104, 97, 116, 44, 32, 105, 115, 32, 121, 111, 117, 114, 32, 110, 97, 109, 101, 63, 10, 7, 72, 101, 108, 108, 111, 44, 32, 1, 65, 66, 0, 0, 0, 0, 0, 0, 0, 0, 0, 0, 0, 0, 0, 33, 124]
---------------------------------------
DEBUG    root:machine.py:309 LD 116
TICK: 382 PC:  17 ADDR:  32 MEM_OUT: 0 ACC: 66 BUFF: 120 DC: -2 FLAG_ZERO: False FLAG_LT: 0 FLAG_GT: 1
INPUT_PORT:  ['O', 'B', 'A', '1', '2', '3', '\n']
OUT_PORT:  ['W', 'h', 'a', 't', ',', ' ', 'i', 's', ' ', 'y', 'o', 'u', 'r', ' ', 'n', 'a', 'm', 'e', '?', '\n']
DATA_MEM:  [19, 87, 104, 97, 116, 44, 32, 105, 115, 32, 121, 111, 117, 114, 32, 110, 97, 109, 101, 63, 10, 7, 72, 101, 108, 108, 111, 44, 32, 1, 65, 66, 0, 0, 0, 0, 0, 0, 0, 0, 0, 0, 0, 0, 0, 33, 124]
---------------------------------------
DEBUG    root:machine.py:309 INC 
TICK: 386 PC:  18 ADDR:  29 MEM_OUT: 1 ACC: 1 BUFF: 120 DC: -2 FLAG_ZERO: False FLAG_LT: 0 FLAG_GT: 1
INPUT_PORT:  ['O', 'B', 'A', '1', '2', '3', '\n']
OUT_PORT:  ['W', 'h', 'a', 't', ',', ' ', 'i', 's', ' ', 'y', 'o', 'u', 'r', ' ', 'n', 'a', 'm', 'e', '?', '\n']
DATA_MEM:  [19, 87, 104, 97, 116, 44, 32, 105, 115, 32, 121, 111, 117, 114, 32, 110, 97, 109, 101, 63, 10, 7, 72, 101, 108, 108, 111, 44, 32, 1, 65, 66, 0, 0, 0, 0, 0, 0, 0, 0, 0, 0, 0, 0, 0, 33, 124]
---------------------------------------
DEBUG    root:machine.py:309 ST 116
TICK: 389 PC:  19 ADDR:  29 MEM_OUT: 1 ACC: 2 BUFF: 120 DC: -2 FLAG_ZERO: False FLAG_LT: 0 FLAG_GT: 1
INPUT_PORT:  ['O', 'B', 'A', '1', '2', '3', '\n']
OUT_PORT:  ['W', 'h', 'a', 't', ',', ' ', 'i', 's', ' ', 'y', 'o', 'u', 'r', ' ', 'n', 'a', 'm', 'e', '?', '\n']
DATA_MEM:  [19, 87, 104, 97, 116, 44, 32, 105, 115, 32, 121, 111, 117, 114, 32, 110, 97, 109, 101, 63, 10, 7, 72, 101, 108, 108, 111, 44, 32, 1, 65, 66, 0, 0, 0, 0, 0, 0, 0, 0, 0, 0, 0, 0, 0, 33, 124]
---------------------------------------
DEBUG    root:machine.py:309 LD 184
TICK: 393 PC:  20 ADDR:  29 MEM_OUT: 2 ACC: 2 BUFF: 120 DC: -2 FLAG_ZERO: False FLAG_LT: 0 FLAG_GT: 1
INPUT_PORT:  ['O', 'B', 'A', '1', '2', '3', '\n']
OUT_PORT:  ['W', 'h', 'a', 't', ',', ' ', 'i', 's', ' ', 'y', 'o', 'u', 'r', ' ', 'n', 'a', 'm', 'e', '?', '\n']
DATA_MEM:  [19, 87, 104, 97, 116, 44, 32, 105, 115, 32, 121, 111, 117, 114, 32, 110, 97, 109, 101, 63, 10, 7, 72, 101, 108, 108, 111, 44, 32, 2, 65, 66, 0, 0, 0, 0, 0, 0, 0, 0, 0, 0, 0, 0, 0, 33, 124]
---------------------------------------
DEBUG    root:machine.py:309 ADD 4
TICK: 397 PC:  21 ADDR:  46 MEM_OUT: 124 ACC: 124 BUFF: 120 DC: -2 FLAG_ZERO: False FLAG_LT: 0 FLAG_GT: 1
INPUT_PORT:  ['O', 'B', 'A', '1', '2', '3', '\n']
OUT_PORT:  ['W', 'h', 'a', 't', ',', ' ', 'i', 's', ' ', 'y', 'o', 'u', 'r', ' ', 'n', 'a', 'm', 'e', '?', '\n']
DATA_MEM:  [19, 87, 104, 97, 116, 44, 32, 105, 115, 32, 121, 111, 117, 114, 32, 110, 97, 109, 101, 63, 10, 7, 72, 101, 108, 108, 111, 44, 32, 2, 65, 66, 0, 0, 0, 0, 0, 0, 0, 0, 0, 0, 0, 0, 0, 33, 124]
---------------------------------------
DEBUG    root:machine.py:309 ST 184
TICK: 401 PC:  22 ADDR:  46 MEM_OUT: 124 ACC: 128 BUFF: 124 DC: -2 FLAG_ZERO: False FLAG_LT: 0 FLAG_GT: 1
INPUT_PORT:  ['O', 'B', 'A', '1', '2', '3', '\n']
OUT_PORT:  ['W', 'h', 'a', 't', ',', ' ', 'i', 's', ' ', 'y', 'o', 'u', 'r', ' ', 'n', 'a', 'm', 'e', '?', '\n']
DATA_MEM:  [19, 87, 104, 97, 116, 44, 32, 105, 115, 32, 121, 111, 117, 114, 32, 110, 97, 109, 101, 63, 10, 7, 72, 101, 108, 108, 111, 44, 32, 2, 65, 66, 0, 0, 0, 0, 0, 0, 0, 0, 0, 0, 0, 0, 0, 33, 124]
---------------------------------------
DEBUG    root:machine.py:309 SETADDR 
TICK: 405 PC:  23 ADDR:  46 MEM_OUT: 128 ACC: 128 BUFF: 124 DC: -2 FLAG_ZERO: False FLAG_LT: 0 FLAG_GT: 1
INPUT_PORT:  ['O', 'B', 'A', '1', '2', '3', '\n']
OUT_PORT:  ['W', 'h', 'a', 't', ',', ' ', 'i', 's', ' ', 'y', 'o', 'u', 'r', ' ', 'n', 'a', 'm', 'e', '?', '\n']
DATA_MEM:  [19, 87, 104, 97, 116, 44, 32, 105, 115, 32, 121, 111, 117, 114, 32, 110, 97, 109, 101, 63, 10, 7, 72, 101, 108, 108, 111, 44, 32, 2, 65, 66, 0, 0, 0, 0, 0, 0, 0, 0, 0, 0, 0, 0, 0, 33, 128]
---------------------------------------
DEBUG    root:machine.py:309 JMP 13
TICK: 408 PC:  24 ADDR:  32 MEM_OUT: 0 ACC: 128 BUFF: 124 DC: -2 FLAG_ZERO: False FLAG_LT: 0 FLAG_GT: 1
INPUT_PORT:  ['O', 'B', 'A', '1', '2', '3', '\n']
OUT_PORT:  ['W', 'h', 'a', 't', ',', ' ', 'i', 's', ' ', 'y', 'o', 'u', 'r', ' ', 'n', 'a', 'm', 'e', '?', '\n']
DATA_MEM:  [19, 87, 104, 97, 116, 44, 32, 105, 115, 32, 121, 111, 117, 114, 32, 110, 97, 109, 101, 63, 10, 7, 72, 101, 108, 108, 111, 44, 32, 2, 65, 66, 0, 0, 0, 0, 0, 0, 0, 0, 0, 0, 0, 0, 0, 33, 128]
---------------------------------------
DEBUG    root:machine.py:309 INPUT 0
TICK: 411 PC:  13 ADDR:  32 MEM_OUT: 0 ACC: 128 BUFF: 124 DC: -2 FLAG_ZERO: False FLAG_LT: 0 FLAG_GT: 1
INPUT_PORT:  ['O', 'B', 'A', '1', '2', '3', '\n']
OUT_PORT:  ['W', 'h', 'a', 't', ',', ' ', 'i', 's', ' ', 'y', 'o', 'u', 'r', ' ', 'n', 'a', 'm', 'e', '?', '\n']
DATA_MEM:  [19, 87, 104, 97, 116, 44, 32, 105, 115, 32, 121, 111, 117, 114, 32, 110, 97, 109, 101, 63, 10, 7, 72, 101, 108, 108, 111, 44, 32, 2, 65, 66, 0, 0, 0, 0, 0, 0, 0, 0, 0, 0, 0, 0, 0, 33, 128]
---------------------------------------
DEBUG    root:machine.py:309 WRITE 
TICK: 414 PC:  14 ADDR:  32 MEM_OUT: 0 ACC: 79 BUFF: 124 DC: -2 FLAG_ZERO: False FLAG_LT: 0 FLAG_GT: 1
INPUT_PORT:  ['B', 'A', '1', '2', '3', '\n']
OUT_PORT:  ['W', 'h', 'a', 't', ',', ' ', 'i', 's', ' ', 'y', 'o', 'u', 'r', ' ', 'n', 'a', 'm', 'e', '?', '\n']
DATA_MEM:  [19, 87, 104, 97, 116, 44, 32, 105, 115, 32, 121, 111, 117, 114, 32, 110, 97, 109, 101, 63, 10, 7, 72, 101, 108, 108, 111, 44, 32, 2, 65, 66, 0, 0, 0, 0, 0, 0, 0, 0, 0, 0, 0, 0, 0, 33, 128]
---------------------------------------
DEBUG    root:machine.py:309 CMP 10
TICK: 418 PC:  15 ADDR:  33 MEM_OUT: 0 ACC: 79 BUFF: 124 DC: -3 FLAG_ZERO: False FLAG_LT: 0 FLAG_GT: 1
INPUT_PORT:  ['B', 'A', '1', '2', '3', '\n']
OUT_PORT:  ['W', 'h', 'a', 't', ',', ' ', 'i', 's', ' ', 'y', 'o', 'u', 'r', ' ', 'n', 'a', 'm', 'e', '?', '\n']
DATA_MEM:  [19, 87, 104, 97, 116, 44, 32, 105, 115, 32, 121, 111, 117, 114, 32, 110, 97, 109, 101, 63, 10, 7, 72, 101, 108, 108, 111, 44, 32, 2, 65, 66, 79, 0, 0, 0, 0, 0, 0, 0, 0, 0, 0, 0, 0, 33, 128]
---------------------------------------
DEBUG    root:machine.py:309 JE 25
TICK: 421 PC:  16 ADDR:  33 MEM_OUT: 0 ACC: 79 BUFF: 124 DC: -3 FLAG_ZERO: False FLAG_LT: 0 FLAG_GT: 1
INPUT_PORT:  ['B', 'A', '1', '2', '3', '\n']
OUT_PORT:  ['W', 'h', 'a', 't', ',', ' ', 'i', 's', ' ', 'y', 'o', 'u', 'r', ' ', 'n', 'a', 'm', 'e', '?', '\n']
DATA_MEM:  [19, 87, 104, 97, 116, 44, 32, 105, 115, 32, 121, 111, 117, 114, 32, 110, 97, 109, 101, 63, 10, 7, 72, 101, 108, 108, 111, 44, 32, 2, 65, 66, 79, 0, 0, 0, 0, 0, 0, 0, 0, 0, 0, 0, 0, 33, 128]
---------------------------------------
DEBUG    root:machine.py:309 LD 116
TICK: 424 PC:  17 ADDR:  33 MEM_OUT: 0 ACC: 79 BUFF: 124 DC: -3 FLAG_ZERO: False FLAG_LT: 0 FLAG_GT: 1
INPUT_PORT:  ['B', 'A', '1', '2', '3', '\n']
OUT_PORT:  ['W', 'h', 'a', 't', ',', ' ', 'i', 's', ' ', 'y', 'o', 'u', 'r', ' ', 'n', 'a', 'm', 'e', '?', '\n']
DATA_MEM:  [19, 87, 104, 97, 116, 44, 32, 105, 115, 32, 121, 111, 117, 114, 32, 110, 97, 109, 101, 63, 10, 7, 72, 101, 108, 108, 111, 44, 32, 2, 65, 66, 79, 0, 0, 0, 0, 0, 0, 0, 0, 0, 0, 0, 0, 33, 128]
---------------------------------------
DEBUG    root:machine.py:309 INC 
TICK: 428 PC:  18 ADDR:  29 MEM_OUT: 2 ACC: 2 BUFF: 124 DC: -3 FLAG_ZERO: False FLAG_LT: 0 FLAG_GT: 1
INPUT_PORT:  ['B', 'A', '1', '2', '3', '\n']
OUT_PORT:  ['W', 'h', 'a', 't', ',', ' ', 'i', 's', ' ', 'y', 'o', 'u', 'r', ' ', 'n', 'a', 'm', 'e', '?', '\n']
DATA_MEM:  [19, 87, 104, 97, 116, 44, 32, 105, 115, 32, 121, 111, 117, 114, 32, 110, 97, 109, 101, 63, 10, 7, 72, 101, 108, 108, 111, 44, 32, 2, 65, 66, 79, 0, 0, 0, 0, 0, 0, 0, 0, 0, 0, 0, 0, 33, 128]
---------------------------------------
DEBUG    root:machine.py:309 ST 116
TICK: 431 PC:  19 ADDR:  29 MEM_OUT: 2 ACC: 3 BUFF: 124 DC: -3 FLAG_ZERO: False FLAG_LT: 0 FLAG_GT: 1
INPUT_PORT:  ['B', 'A', '1', '2', '3', '\n']
OUT_PORT:  ['W', 'h', 'a', 't', ',', ' ', 'i', 's', ' ', 'y', 'o', 'u', 'r', ' ', 'n', 'a', 'm', 'e', '?', '\n']
DATA_MEM:  [19, 87, 104, 97, 116, 44, 32, 105, 115, 32, 121, 111, 117, 114, 32, 110, 97, 109, 101, 63, 10, 7, 72, 101, 108, 108, 111, 44, 32, 2, 65, 66, 79, 0, 0, 0, 0, 0, 0, 0, 0, 0, 0, 0, 0, 33, 128]
---------------------------------------
DEBUG    root:machine.py:309 LD 184
TICK: 435 PC:  20 ADDR:  29 MEM_OUT: 3 ACC: 3 BUFF: 124 DC: -3 FLAG_ZERO: False FLAG_LT: 0 FLAG_GT: 1
INPUT_PORT:  ['B', 'A', '1', '2', '3', '\n']
OUT_PORT:  ['W', 'h', 'a', 't', ',', ' ', 'i', 's', ' ', 'y', 'o', 'u', 'r', ' ', 'n', 'a', 'm', 'e', '?', '\n']
DATA_MEM:  [19, 87, 104, 97, 116, 44, 32, 105, 115, 32, 121, 111, 117, 114, 32, 110, 97, 109, 101, 63, 10, 7, 72, 101, 108, 108, 111, 44, 32, 3, 65, 66, 79, 0, 0, 0, 0, 0, 0, 0, 0, 0, 0, 0, 0, 33, 128]
---------------------------------------
DEBUG    root:machine.py:309 ADD 4
TICK: 439 PC:  21 ADDR:  46 MEM_OUT: 128 ACC: 128 BUFF: 124 DC: -3 FLAG_ZERO: False FLAG_LT: 0 FLAG_GT: 1
INPUT_PORT:  ['B', 'A', '1', '2', '3', '\n']
OUT_PORT:  ['W', 'h', 'a', 't', ',', ' ', 'i', 's', ' ', 'y', 'o', 'u', 'r', ' ', 'n', 'a', 'm', 'e', '?', '\n']
DATA_MEM:  [19, 87, 104, 97, 116, 44, 32, 105, 115, 32, 121, 111, 117, 114, 32, 110, 97, 109, 101, 63, 10, 7, 72, 101, 108, 108, 111, 44, 32, 3, 65, 66, 79, 0, 0, 0, 0, 0, 0, 0, 0, 0, 0, 0, 0, 33, 128]
---------------------------------------
DEBUG    root:machine.py:309 ST 184
TICK: 443 PC:  22 ADDR:  46 MEM_OUT: 128 ACC: 132 BUFF: 128 DC: -3 FLAG_ZERO: False FLAG_LT: 0 FLAG_GT: 1
INPUT_PORT:  ['B', 'A', '1', '2', '3', '\n']
OUT_PORT:  ['W', 'h', 'a', 't', ',', ' ', 'i', 's', ' ', 'y', 'o', 'u', 'r', ' ', 'n', 'a', 'm', 'e', '?', '\n']
DATA_MEM:  [19, 87, 104, 97, 116, 44, 32, 105, 115, 32, 121, 111, 117, 114, 32, 110, 97, 109, 101, 63, 10, 7, 72, 101, 108, 108, 111, 44, 32, 3, 65, 66, 79, 0, 0, 0, 0, 0, 0, 0, 0, 0, 0, 0, 0, 33, 128]
---------------------------------------
DEBUG    root:machine.py:309 SETADDR 
TICK: 447 PC:  23 ADDR:  46 MEM_OUT: 132 ACC: 132 BUFF: 128 DC: -3 FLAG_ZERO: False FLAG_LT: 0 FLAG_GT: 1
INPUT_PORT:  ['B', 'A', '1', '2', '3', '\n']
OUT_PORT:  ['W', 'h', 'a', 't', ',', ' ', 'i', 's', ' ', 'y', 'o', 'u', 'r', ' ', 'n', 'a', 'm', 'e', '?', '\n']
DATA_MEM:  [19, 87, 104, 97, 116, 44, 32, 105, 115, 32, 121, 111, 117, 114, 32, 110, 97, 109, 101, 63, 10, 7, 72, 101, 108, 108, 111, 44, 32, 3, 65, 66, 79, 0, 0, 0, 0, 0, 0, 0, 0, 0, 0, 0, 0, 33, 132]
---------------------------------------
DEBUG    root:machine.py:309 JMP 13
TICK: 450 PC:  24 ADDR:  33 MEM_OUT: 0 ACC: 132 BUFF: 128 DC: -3 FLAG_ZERO: False FLAG_LT: 0 FLAG_GT: 1
INPUT_PORT:  ['B', 'A', '1', '2', '3', '\n']
OUT_PORT:  ['W', 'h', 'a', 't', ',', ' ', 'i', 's', ' ', 'y', 'o', 'u', 'r', ' ', 'n', 'a', 'm', 'e', '?', '\n']
DATA_MEM:  [19, 87, 104, 97, 116, 44, 32, 105, 115, 32, 121, 111, 117, 114, 32, 110, 97, 109, 101, 63, 10, 7, 72, 101, 108, 108, 111, 44, 32, 3, 65, 66, 79, 0, 0, 0, 0, 0, 0, 0, 0, 0, 0, 0, 0, 33, 132]
---------------------------------------
DEBUG    root:machine.py:309 INPUT 0
TICK: 453 PC:  13 ADDR:  33 MEM_OUT: 0 ACC: 132 BUFF: 128 DC: -3 FLAG_ZERO: False FLAG_LT: 0 FLAG_GT: 1
INPUT_PORT:  ['B', 'A', '1', '2', '3', '\n']
OUT_PORT:  ['W', 'h', 'a', 't', ',', ' ', 'i', 's', ' ', 'y', 'o', 'u', 'r', ' ', 'n', 'a', 'm', 'e', '?', '\n']
DATA_MEM:  [19, 87, 104, 97, 116, 44, 32, 105, 115, 32, 121, 111, 117, 114, 32, 110, 97, 109, 101, 63, 10, 7, 72, 101, 108, 108, 111, 44, 32, 3, 65, 66, 79, 0, 0, 0, 0, 0, 0, 0, 0, 0, 0, 0, 0, 33, 132]
---------------------------------------
DEBUG    root:machine.py:309 WRITE 
TICK: 456 PC:  14 ADDR:  33 MEM_OUT: 0 ACC: 66 BUFF: 128 DC: -3 FLAG_ZERO: False FLAG_LT: 0 FLAG_GT: 1
INPUT_PORT:  ['A', '1', '2', '3', '\n']
OUT_PORT:  ['W', 'h', 'a', 't', ',', ' ', 'i', 's', ' ', 'y', 'o', 'u', 'r', ' ', 'n', 'a', 'm', 'e', '?', '\n']
DATA_MEM:  [19, 87, 104, 97, 116, 44, 32, 105, 115, 32, 121, 111, 117, 114, 32, 110, 97, 109, 101, 63, 10, 7, 72, 101, 108, 108, 111, 44, 32, 3, 65, 66, 79, 0, 0, 0, 0, 0, 0, 0, 0, 0, 0, 0, 0, 33, 132]
---------------------------------------
DEBUG    root:machine.py:309 CMP 10
TICK: 460 PC:  15 ADDR:  34 MEM_OUT: 0 ACC: 66 BUFF: 128 DC: -4 FLAG_ZERO: False FLAG_LT: 0 FLAG_GT: 1
INPUT_PORT:  ['A', '1', '2', '3', '\n']
OUT_PORT:  ['W', 'h', 'a', 't', ',', ' ', 'i', 's', ' ', 'y', 'o', 'u', 'r', ' ', 'n', 'a', 'm', 'e', '?', '\n']
DATA_MEM:  [19, 87, 104, 97, 116, 44, 32, 105, 115, 32, 121, 111, 117, 114, 32, 110, 97, 109, 101, 63, 10, 7, 72, 101, 108, 108, 111, 44, 32, 3, 65, 66, 79, 66, 0, 0, 0, 0, 0, 0, 0, 0, 0, 0, 0, 33, 132]
---------------------------------------
DEBUG    root:machine.py:309 JE 25
TICK: 463 PC:  16 ADDR:  34 MEM_OUT: 0 ACC: 66 BUFF: 128 DC: -4 FLAG_ZERO: False FLAG_LT: 0 FLAG_GT: 1
INPUT_PORT:  ['A', '1', '2', '3', '\n']
OUT_PORT:  ['W', 'h', 'a', 't', ',', ' ', 'i', 's', ' ', 'y', 'o', 'u', 'r', ' ', 'n', 'a', 'm', 'e', '?', '\n']
DATA_MEM:  [19, 87, 104, 97, 116, 44, 32, 105, 115, 32, 121, 111, 117, 114, 32, 110, 97, 109, 101, 63, 10, 7, 72, 101, 108, 108, 111, 44, 32, 3, 65, 66, 79, 66, 0, 0, 0, 0, 0, 0, 0, 0, 0, 0, 0, 33, 132]
---------------------------------------
DEBUG    root:machine.py:309 LD 116
TICK: 466 PC:  17 ADDR:  34 MEM_OUT: 0 ACC: 66 BUFF: 128 DC: -4 FLAG_ZERO: False FLAG_LT: 0 FLAG_GT: 1
INPUT_PORT:  ['A', '1', '2', '3', '\n']
OUT_PORT:  ['W', 'h', 'a', 't', ',', ' ', 'i', 's', ' ', 'y', 'o', 'u', 'r', ' ', 'n', 'a', 'm', 'e', '?', '\n']
DATA_MEM:  [19, 87, 104, 97, 116, 44, 32, 105, 115, 32, 121, 111, 117, 114, 32, 110, 97, 109, 101, 63, 10, 7, 72, 101, 108, 108, 111, 44, 32, 3, 65, 66, 79, 66, 0, 0, 0, 0, 0, 0, 0, 0, 0, 0, 0, 33, 132]
---------------------------------------
DEBUG    root:machine.py:309 INC 
TICK: 470 PC:  18 ADDR:  29 MEM_OUT: 3 ACC: 3 BUFF: 128 DC: -4 FLAG_ZERO: False FLAG_LT: 0 FLAG_GT: 1
INPUT_PORT:  ['A', '1', '2', '3', '\n']
OUT_PORT:  ['W', 'h', 'a', 't', ',', ' ', 'i', 's', ' ', 'y', 'o', 'u', 'r', ' ', 'n', 'a', 'm', 'e', '?', '\n']
DATA_MEM:  [19, 87, 104, 97, 116, 44, 32, 105, 115, 32, 121, 111, 117, 114, 32, 110, 97, 109, 101, 63, 10, 7, 72, 101, 108, 108, 111, 44, 32, 3, 65, 66, 79, 66, 0, 0, 0, 0, 0, 0, 0, 0, 0, 0, 0, 33, 132]
---------------------------------------
DEBUG    root:machine.py:309 ST 116
TICK: 473 PC:  19 ADDR:  29 MEM_OUT: 3 ACC: 4 BUFF: 128 DC: -4 FLAG_ZERO: False FLAG_LT: 0 FLAG_GT: 1
INPUT_PORT:  ['A', '1', '2', '3', '\n']
OUT_PORT:  ['W', 'h', 'a', 't', ',', ' ', 'i', 's', ' ', 'y', 'o', 'u', 'r', ' ', 'n', 'a', 'm', 'e', '?', '\n']
DATA_MEM:  [19, 87, 104, 97, 116, 44, 32, 105, 115, 32, 121, 111, 117, 114, 32, 110, 97, 109, 101, 63, 10, 7, 72, 101, 108, 108, 111, 44, 32, 3, 65, 66, 79, 66, 0, 0, 0, 0, 0, 0, 0, 0, 0, 0, 0, 33, 132]
---------------------------------------
DEBUG    root:machine.py:309 LD 184
TICK: 477 PC:  20 ADDR:  29 MEM_OUT: 4 ACC: 4 BUFF: 128 DC: -4 FLAG_ZERO: False FLAG_LT: 0 FLAG_GT: 1
INPUT_PORT:  ['A', '1', '2', '3', '\n']
OUT_PORT:  ['W', 'h', 'a', 't', ',', ' ', 'i', 's', ' ', 'y', 'o', 'u', 'r', ' ', 'n', 'a', 'm', 'e', '?', '\n']
DATA_MEM:  [19, 87, 104, 97, 116, 44, 32, 105, 115, 32, 121, 111, 117, 114, 32, 110, 97, 109, 101, 63, 10, 7, 72, 101, 108, 108, 111, 44, 32, 4, 65, 66, 79, 66, 0, 0, 0, 0, 0, 0, 0, 0, 0, 0, 0, 33, 132]
---------------------------------------
DEBUG    root:machine.py:309 ADD 4
TICK: 481 PC:  21 ADDR:  46 MEM_OUT: 132 ACC: 132 BUFF: 128 DC: -4 FLAG_ZERO: False FLAG_LT: 0 FLAG_GT: 1
INPUT_PORT:  ['A', '1', '2', '3', '\n']
OUT_PORT:  ['W', 'h', 'a', 't', ',', ' ', 'i', 's', ' ', 'y', 'o', 'u', 'r', ' ', 'n', 'a', 'm', 'e', '?', '\n']
DATA_MEM:  [19, 87, 104, 97, 116, 44, 32, 105, 115, 32, 121, 111, 117, 114, 32, 110, 97, 109, 101, 63, 10, 7, 72, 101, 108, 108, 111, 44, 32, 4, 65, 66, 79, 66, 0, 0, 0, 0, 0, 0, 0, 0, 0, 0, 0, 33, 132]
---------------------------------------
DEBUG    root:machine.py:309 ST 184
TICK: 485 PC:  22 ADDR:  46 MEM_OUT: 132 ACC: 136 BUFF: 132 DC: -4 FLAG_ZERO: False FLAG_LT: 0 FLAG_GT: 1
INPUT_PORT:  ['A', '1', '2', '3', '\n']
OUT_PORT:  ['W', 'h', 'a', 't', ',', ' ', 'i', 's', ' ', 'y', 'o', 'u', 'r', ' ', 'n', 'a', 'm', 'e', '?', '\n']
DATA_MEM:  [19, 87, 104, 97, 116, 44, 32, 105, 115, 32, 121, 111, 117, 114, 32, 110, 97, 109, 101, 63, 10, 7, 72, 101, 108, 108, 111, 44, 32, 4, 65, 66, 79, 66, 0, 0, 0, 0, 0, 0, 0, 0, 0, 0, 0, 33, 132]
---------------------------------------
DEBUG    root:machine.py:309 SETADDR 
TICK: 489 PC:  23 ADDR:  46 MEM_OUT: 136 ACC: 136 BUFF: 132 DC: -4 FLAG_ZERO: False FLAG_LT: 0 FLAG_GT: 1
INPUT_PORT:  ['A', '1', '2', '3', '\n']
OUT_PORT:  ['W', 'h', 'a', 't', ',', ' ', 'i', 's', ' ', 'y', 'o', 'u', 'r', ' ', 'n', 'a', 'm', 'e', '?', '\n']
DATA_MEM:  [19, 87, 104, 97, 116, 44, 32, 105, 115, 32, 121, 111, 117, 114, 32, 110, 97, 109, 101, 63, 10, 7, 72, 101, 108, 108, 111, 44, 32, 4, 65, 66, 79, 66, 0, 0, 0, 0, 0, 0, 0, 0, 0, 0, 0, 33, 136]
---------------------------------------
DEBUG    root:machine.py:309 JMP 13
TICK: 492 PC:  24 ADDR:  34 MEM_OUT: 0 ACC: 136 BUFF: 132 DC: -4 FLAG_ZERO: False FLAG_LT: 0 FLAG_GT: 1
INPUT_PORT:  ['A', '1', '2', '3', '\n']
OUT_PORT:  ['W', 'h', 'a', 't', ',', ' ', 'i', 's', ' ', 'y', 'o', 'u', 'r', ' ', 'n', 'a', 'm', 'e', '?', '\n']
DATA_MEM:  [19, 87, 104, 97, 116, 44, 32, 105, 115, 32, 121, 111, 117, 114, 32, 110, 97, 109, 101, 63, 10, 7, 72, 101, 108, 108, 111, 44, 32, 4, 65, 66, 79, 66, 0, 0, 0, 0, 0, 0, 0, 0, 0, 0, 0, 33, 136]
---------------------------------------
DEBUG    root:machine.py:309 INPUT 0
TICK: 495 PC:  13 ADDR:  34 MEM_OUT: 0 ACC: 136 BUFF: 132 DC: -4 FLAG_ZERO: False FLAG_LT: 0 FLAG_GT: 1
INPUT_PORT:  ['A', '1', '2', '3', '\n']
OUT_PORT:  ['W', 'h', 'a', 't', ',', ' ', 'i', 's', ' ', 'y', 'o', 'u', 'r', ' ', 'n', 'a', 'm', 'e', '?', '\n']
DATA_MEM:  [19, 87, 104, 97, 116, 44, 32, 105, 115, 32, 121, 111, 117, 114, 32, 110, 97, 109, 101, 63, 10, 7, 72, 101, 108, 108, 111, 44, 32, 4, 65, 66, 79, 66, 0, 0, 0, 0, 0, 0, 0, 0, 0, 0, 0, 33, 136]
---------------------------------------
DEBUG    root:machine.py:309 WRITE 
TICK: 498 PC:  14 ADDR:  34 MEM_OUT: 0 ACC: 65 BUFF: 132 DC: -4 FLAG_ZERO: False FLAG_LT: 0 FLAG_GT: 1
INPUT_PORT:  ['1', '2', '3', '\n']
OUT_PORT:  ['W', 'h', 'a', 't', ',', ' ', 'i', 's', ' ', 'y', 'o', 'u', 'r', ' ', 'n', 'a', 'm', 'e', '?', '\n']
DATA_MEM:  [19, 87, 104, 97, 116, 44, 32, 105, 115, 32, 121, 111, 117, 114, 32, 110, 97, 109, 101, 63, 10, 7, 72, 101, 108, 108, 111, 44, 32, 4, 65, 66, 79, 66, 0, 0, 0, 0, 0, 0, 0, 0, 0, 0, 0, 33, 136]
---------------------------------------
DEBUG    root:machine.py:309 CMP 10
TICK: 502 PC:  15 ADDR:  35 MEM_OUT: 0 ACC: 65 BUFF: 132 DC: -5 FLAG_ZERO: False FLAG_LT: 0 FLAG_GT: 1
INPUT_PORT:  ['1', '2', '3', '\n']
OUT_PORT:  ['W', 'h', 'a', 't', ',', ' ', 'i', 's', ' ', 'y', 'o', 'u', 'r', ' ', 'n', 'a', 'm', 'e', '?', '\n']
DATA_MEM:  [19, 87, 104, 97, 116, 44, 32, 105, 115, 32, 121, 111, 117, 114, 32, 110, 97, 109, 101, 63, 10, 7, 72, 101, 108, 108, 111, 44, 32, 4, 65, 66, 79, 66, 65, 0, 0, 0, 0, 0, 0, 0, 0, 0, 0, 33, 136]
---------------------------------------
DEBUG    root:machine.py:309 JE 25
TICK: 505 PC:  16 ADDR:  35 MEM_OUT: 0 ACC: 65 BUFF: 132 DC: -5 FLAG_ZERO: False FLAG_LT: 0 FLAG_GT: 1
INPUT_PORT:  ['1', '2', '3', '\n']
OUT_PORT:  ['W', 'h', 'a', 't', ',', ' ', 'i', 's', ' ', 'y', 'o', 'u', 'r', ' ', 'n', 'a', 'm', 'e', '?', '\n']
DATA_MEM:  [19, 87, 104, 97, 116, 44, 32, 105, 115, 32, 121, 111, 117, 114, 32, 110, 97, 109, 101, 63, 10, 7, 72, 101, 108, 108, 111, 44, 32, 4, 65, 66, 79, 66, 65, 0, 0, 0, 0, 0, 0, 0, 0, 0, 0, 33, 136]
---------------------------------------
DEBUG    root:machine.py:309 LD 116
TICK: 508 PC:  17 ADDR:  35 MEM_OUT: 0 ACC: 65 BUFF: 132 DC: -5 FLAG_ZERO: False FLAG_LT: 0 FLAG_GT: 1
INPUT_PORT:  ['1', '2', '3', '\n']
OUT_PORT:  ['W', 'h', 'a', 't', ',', ' ', 'i', 's', ' ', 'y', 'o', 'u', 'r', ' ', 'n', 'a', 'm', 'e', '?', '\n']
DATA_MEM:  [19, 87, 104, 97, 116, 44, 32, 105, 115, 32, 121, 111, 117, 114, 32, 110, 97, 109, 101, 63, 10, 7, 72, 101, 108, 108, 111, 44, 32, 4, 65, 66, 79, 66, 65, 0, 0, 0, 0, 0, 0, 0, 0, 0, 0, 33, 136]
---------------------------------------
DEBUG    root:machine.py:309 INC 
TICK: 512 PC:  18 ADDR:  29 MEM_OUT: 4 ACC: 4 BUFF: 132 DC: -5 FLAG_ZERO: False FLAG_LT: 0 FLAG_GT: 1
INPUT_PORT:  ['1', '2', '3', '\n']
OUT_PORT:  ['W', 'h', 'a', 't', ',', ' ', 'i', 's', ' ', 'y', 'o', 'u', 'r', ' ', 'n', 'a', 'm', 'e', '?', '\n']
DATA_MEM:  [19, 87, 104, 97, 116, 44, 32, 105, 115, 32, 121, 111, 117, 114, 32, 110, 97, 109, 101, 63, 10, 7, 72, 101, 108, 108, 111, 44, 32, 4, 65, 66, 79, 66, 65, 0, 0, 0, 0, 0, 0, 0, 0, 0, 0, 33, 136]
---------------------------------------
DEBUG    root:machine.py:309 ST 116
TICK: 515 PC:  19 ADDR:  29 MEM_OUT: 4 ACC: 5 BUFF: 132 DC: -5 FLAG_ZERO: False FLAG_LT: 0 FLAG_GT: 1
INPUT_PORT:  ['1', '2', '3', '\n']
OUT_PORT:  ['W', 'h', 'a', 't', ',', ' ', 'i', 's', ' ', 'y', 'o', 'u', 'r', ' ', 'n', 'a', 'm', 'e', '?', '\n']
DATA_MEM:  [19, 87, 104, 97, 116, 44, 32, 105, 115, 32, 121, 111, 117, 114, 32, 110, 97, 109, 101, 63, 10, 7, 72, 101, 108, 108, 111, 44, 32, 4, 65, 66, 79, 66, 65, 0, 0, 0, 0, 0, 0, 0, 0, 0, 0, 33, 136]
---------------------------------------
DEBUG    root:machine.py:309 LD 184
TICK: 519 PC:  20 ADDR:  29 MEM_OUT: 5 ACC: 5 BUFF: 132 DC: -5 FLAG_ZERO: False FLAG_LT: 0 FLAG_GT: 1
INPUT_PORT:  ['1', '2', '3', '\n']
OUT_PORT:  ['W', 'h', 'a', 't', ',', ' ', 'i', 's', ' ', 'y', 'o', 'u', 'r', ' ', 'n', 'a', 'm', 'e', '?', '\n']
DATA_MEM:  [19, 87, 104, 97, 116, 44, 32, 105, 115, 32, 121, 111, 117, 114, 32, 110, 97, 109, 101, 63, 10, 7, 72, 101, 108, 108, 111, 44, 32, 5, 65, 66, 79, 66, 65, 0, 0, 0, 0, 0, 0, 0, 0, 0, 0, 33, 136]
---------------------------------------
DEBUG    root:machine.py:309 ADD 4
TICK: 523 PC:  21 ADDR:  46 MEM_OUT: 136 ACC: 136 BUFF: 132 DC: -5 FLAG_ZERO: False FLAG_LT: 0 FLAG_GT: 1
INPUT_PORT:  ['1', '2', '3', '\n']
OUT_PORT:  ['W', 'h', 'a', 't', ',', ' ', 'i', 's', ' ', 'y', 'o', 'u', 'r', ' ', 'n', 'a', 'm', 'e', '?', '\n']
DATA_MEM:  [19, 87, 104, 97, 116, 44, 32, 105, 115, 32, 121, 111, 117, 114, 32, 110, 97, 109, 101, 63, 10, 7, 72, 101, 108, 108, 111, 44, 32, 5, 65, 66, 79, 66, 65, 0, 0, 0, 0, 0, 0, 0, 0, 0, 0, 33, 136]
---------------------------------------
DEBUG    root:machine.py:309 ST 184
TICK: 527 PC:  22 ADDR:  46 MEM_OUT: 136 ACC: 140 BUFF: 136 DC: -5 FLAG_ZERO: False FLAG_LT: 0 FLAG_GT: 1
INPUT_PORT:  ['1', '2', '3', '\n']
OUT_PORT:  ['W', 'h', 'a', 't', ',', ' ', 'i', 's', ' ', 'y', 'o', 'u', 'r', ' ', 'n', 'a', 'm', 'e', '?', '\n']
DATA_MEM:  [19, 87, 104, 97, 116, 44, 32, 105, 115, 32, 121, 111, 117, 114, 32, 110, 97, 109, 101, 63, 10, 7, 72, 101, 108, 108, 111, 44, 32, 5, 65, 66, 79, 66, 65, 0, 0, 0, 0, 0, 0, 0, 0, 0, 0, 33, 136]
---------------------------------------
DEBUG    root:machine.py:309 SETADDR 
TICK: 531 PC:  23 ADDR:  46 MEM_OUT: 140 ACC: 140 BUFF: 136 DC: -5 FLAG_ZERO: False FLAG_LT: 0 FLAG_GT: 1
INPUT_PORT:  ['1', '2', '3', '\n']
OUT_PORT:  ['W', 'h', 'a', 't', ',', ' ', 'i', 's', ' ', 'y', 'o', 'u', 'r', ' ', 'n', 'a', 'm', 'e', '?', '\n']
DATA_MEM:  [19, 87, 104, 97, 116, 44, 32, 105, 115, 32, 121, 111, 117, 114, 32, 110, 97, 109, 101, 63, 10, 7, 72, 101, 108, 108, 111, 44, 32, 5, 65, 66, 79, 66, 65, 0, 0, 0, 0, 0, 0, 0, 0, 0, 0, 33, 140]
---------------------------------------
DEBUG    root:machine.py:309 JMP 13
TICK: 534 PC:  24 ADDR:  35 MEM_OUT: 0 ACC: 140 BUFF: 136 DC: -5 FLAG_ZERO: False FLAG_LT: 0 FLAG_GT: 1
INPUT_PORT:  ['1', '2', '3', '\n']
OUT_PORT:  ['W', 'h', 'a', 't', ',', ' ', 'i', 's', ' ', 'y', 'o', 'u', 'r', ' ', 'n', 'a', 'm', 'e', '?', '\n']
DATA_MEM:  [19, 87, 104, 97, 116, 44, 32, 105, 115, 32, 121, 111, 117, 114, 32, 110, 97, 109, 101, 63, 10, 7, 72, 101, 108, 108, 111, 44, 32, 5, 65, 66, 79, 66, 65, 0, 0, 0, 0, 0, 0, 0, 0, 0, 0, 33, 140]
---------------------------------------
DEBUG    root:machine.py:309 INPUT 0
TICK: 537 PC:  13 ADDR:  35 MEM_OUT: 0 ACC: 140 BUFF: 136 DC: -5 FLAG_ZERO: False FLAG_LT: 0 FLAG_GT: 1
INPUT_PORT:  ['1', '2', '3', '\n']
OUT_PORT:  ['W', 'h', 'a', 't', ',', ' ', 'i', 's', ' ', 'y', 'o', 'u', 'r', ' ', 'n', 'a', 'm', 'e', '?', '\n']
DATA_MEM:  [19, 87, 104, 97, 116, 44, 32, 105, 115, 32, 121, 111, 117, 114, 32, 110, 97, 109, 101, 63, 10, 7, 72, 101, 108, 108, 111, 44, 32, 5, 65, 66, 79, 66, 65, 0, 0, 0, 0, 0, 0, 0, 0, 0, 0, 33, 140]
---------------------------------------
DEBUG    root:machine.py:309 WRITE 
TICK: 540 PC:  14 ADDR:  35 MEM_OUT: 0 ACC: 49 BUFF: 136 DC: -5 FLAG_ZERO: False FLAG_LT: 0 FLAG_GT: 1
INPUT_PORT:  ['2', '3', '\n']
OUT_PORT:  ['W', 'h', 'a', 't', ',', ' ', 'i', 's', ' ', 'y', 'o', 'u', 'r', ' ', 'n', 'a', 'm', 'e', '?', '\n']
DATA_MEM:  [19, 87, 104, 97, 116, 44, 32, 105, 115, 32, 121, 111, 117, 114, 32, 110, 97, 109, 101, 63, 10, 7, 72, 101, 108, 108, 111, 44, 32, 5, 65, 66, 79, 66, 65, 0, 0, 0, 0, 0, 0, 0, 0, 0, 0, 33, 140]
---------------------------------------
DEBUG    root:machine.py:309 CMP 10
TICK: 544 PC:  15 ADDR:  36 MEM_OUT: 0 ACC: 49 BUFF: 136 DC: -6 FLAG_ZERO: False FLAG_LT: 0 FLAG_GT: 1
INPUT_PORT:  ['2', '3', '\n']
OUT_PORT:  ['W', 'h', 'a', 't', ',', ' ', 'i', 's', ' ', 'y', 'o', 'u', 'r', ' ', 'n', 'a', 'm', 'e', '?', '\n']
DATA_MEM:  [19, 87, 104, 97, 116, 44, 32, 105, 115, 32, 121, 111, 117, 114, 32, 110, 97, 109, 101, 63, 10, 7, 72, 101, 108, 108, 111, 44, 32, 5, 65, 66, 79, 66, 65, 49, 0, 0, 0, 0, 0, 0, 0, 0, 0, 33, 140]
---------------------------------------
DEBUG    root:machine.py:309 JE 25
TICK: 547 PC:  16 ADDR:  36 MEM_OUT: 0 ACC: 49 BUFF: 136 DC: -6 FLAG_ZERO: False FLAG_LT: 0 FLAG_GT: 1
INPUT_PORT:  ['2', '3', '\n']
OUT_PORT:  ['W', 'h', 'a', 't', ',', ' ', 'i', 's', ' ', 'y', 'o', 'u', 'r', ' ', 'n', 'a', 'm', 'e', '?', '\n']
DATA_MEM:  [19, 87, 104, 97, 116, 44, 32, 105, 115, 32, 121, 111, 117, 114, 32, 110, 97, 109, 101, 63, 10, 7, 72, 101, 108, 108, 111, 44, 32, 5, 65, 66, 79, 66, 65, 49, 0, 0, 0, 0, 0, 0, 0, 0, 0, 33, 140]
---------------------------------------
DEBUG    root:machine.py:309 LD 116
TICK: 550 PC:  17 ADDR:  36 MEM_OUT: 0 ACC: 49 BUFF: 136 DC: -6 FLAG_ZERO: False FLAG_LT: 0 FLAG_GT: 1
INPUT_PORT:  ['2', '3', '\n']
OUT_PORT:  ['W', 'h', 'a', 't', ',', ' ', 'i', 's', ' ', 'y', 'o', 'u', 'r', ' ', 'n', 'a', 'm', 'e', '?', '\n']
DATA_MEM:  [19, 87, 104, 97, 116, 44, 32, 105, 115, 32, 121, 111, 117, 114, 32, 110, 97, 109, 101, 63, 10, 7, 72, 101, 108, 108, 111, 44, 32, 5, 65, 66, 79, 66, 65, 49, 0, 0, 0, 0, 0, 0, 0, 0, 0, 33, 140]
---------------------------------------
DEBUG    root:machine.py:309 INC 
TICK: 554 PC:  18 ADDR:  29 MEM_OUT: 5 ACC: 5 BUFF: 136 DC: -6 FLAG_ZERO: False FLAG_LT: 0 FLAG_GT: 1
INPUT_PORT:  ['2', '3', '\n']
OUT_PORT:  ['W', 'h', 'a', 't', ',', ' ', 'i', 's', ' ', 'y', 'o', 'u', 'r', ' ', 'n', 'a', 'm', 'e', '?', '\n']
DATA_MEM:  [19, 87, 104, 97, 116, 44, 32, 105, 115, 32, 121, 111, 117, 114, 32, 110, 97, 109, 101, 63, 10, 7, 72, 101, 108, 108, 111, 44, 32, 5, 65, 66, 79, 66, 65, 49, 0, 0, 0, 0, 0, 0, 0, 0, 0, 33, 140]
---------------------------------------
DEBUG    root:machine.py:309 ST 116
TICK: 557 PC:  19 ADDR:  29 MEM_OUT: 5 ACC: 6 BUFF: 136 DC: -6 FLAG_ZERO: False FLAG_LT: 0 FLAG_GT: 1
INPUT_PORT:  ['2', '3', '\n']
OUT_PORT:  ['W', 'h', 'a', 't', ',', ' ', 'i', 's', ' ', 'y', 'o', 'u', 'r', ' ', 'n', 'a', 'm', 'e', '?', '\n']
DATA_MEM:  [19, 87, 104, 97, 116, 44, 32, 105, 115, 32, 121, 111, 117, 114, 32, 110, 97, 109, 101, 63, 10, 7, 72, 101, 108, 108, 111, 44, 32, 5, 65, 66, 79, 66, 65, 49, 0, 0, 0, 0, 0, 0, 0, 0, 0, 33, 140]
---------------------------------------
DEBUG    root:machine.py:309 LD 184
TICK: 561 PC:  20 ADDR:  29 MEM_OUT: 6 ACC: 6 BUFF: 136 DC: -6 FLAG_ZERO: False FLAG_LT: 0 FLAG_GT: 1
INPUT_PORT:  ['2', '3', '\n']
OUT_PORT:  ['W', 'h', 'a', 't', ',', ' ', 'i', 's', ' ', 'y', 'o', 'u', 'r', ' ', 'n', 'a', 'm', 'e', '?', '\n']
DATA_MEM:  [19, 87, 104, 97, 116, 44, 32, 105, 115, 32, 121, 111, 117, 114, 32, 110, 97, 109, 101, 63, 10, 7, 72, 101, 108, 108, 111, 44, 32, 6, 65, 66, 79, 66, 65, 49, 0, 0, 0, 0, 0, 0, 0, 0, 0, 33, 140]
---------------------------------------
DEBUG    root:machine.py:309 ADD 4
TICK: 565 PC:  21 ADDR:  46 MEM_OUT: 140 ACC: 140 BUFF: 136 DC: -6 FLAG_ZERO: False FLAG_LT: 0 FLAG_GT: 1
INPUT_PORT:  ['2', '3', '\n']
OUT_PORT:  ['W', 'h', 'a', 't', ',', ' ', 'i', 's', ' ', 'y', 'o', 'u', 'r', ' ', 'n', 'a', 'm', 'e', '?', '\n']
DATA_MEM:  [19, 87, 104, 97, 116, 44, 32, 105, 115, 32, 121, 111, 117, 114, 32, 110, 97, 109, 101, 63, 10, 7, 72, 101, 108, 108, 111, 44, 32, 6, 65, 66, 79, 66, 65, 49, 0, 0, 0, 0, 0, 0, 0, 0, 0, 33, 140]
---------------------------------------
DEBUG    root:machine.py:309 ST 184
TICK: 569 PC:  22 ADDR:  46 MEM_OUT: 140 ACC: 144 BUFF: 140 DC: -6 FLAG_ZERO: False FLAG_LT: 0 FLAG_GT: 1
INPUT_PORT:  ['2', '3', '\n']
OUT_PORT:  ['W', 'h', 'a', 't', ',', ' ', 'i', 's', ' ', 'y', 'o', 'u', 'r', ' ', 'n', 'a', 'm', 'e', '?', '\n']
DATA_MEM:  [19, 87, 104, 97, 116, 44, 32, 105, 115, 32, 121, 111, 117, 114, 32, 110, 97, 109, 101, 63, 10, 7, 72, 101, 108, 108, 111, 44, 32, 6, 65, 66, 79, 66, 65, 49, 0, 0, 0, 0, 0, 0, 0, 0, 0, 33, 140]
---------------------------------------
DEBUG    root:machine.py:309 SETADDR 
TICK: 573 PC:  23 ADDR:  46 MEM_OUT: 144 ACC: 144 BUFF: 140 DC: -6 FLAG_ZERO: False FLAG_LT: 0 FLAG_GT: 1
INPUT_PORT:  ['2', '3', '\n']
OUT_PORT:  ['W', 'h', 'a', 't', ',', ' ', 'i', 's', ' ', 'y', 'o', 'u', 'r', ' ', 'n', 'a', 'm', 'e', '?', '\n']
DATA_MEM:  [19, 87, 104, 97, 116, 44, 32, 105, 115, 32, 121, 111, 117, 114, 32, 110, 97, 109, 101, 63, 10, 7, 72, 101, 108, 108, 111, 44, 32, 6, 65, 66, 79, 66, 65, 49, 0, 0, 0, 0, 0, 0, 0, 0, 0, 33, 144]
---------------------------------------
DEBUG    root:machine.py:309 JMP 13
TICK: 576 PC:  24 ADDR:  36 MEM_OUT: 0 ACC: 144 BUFF: 140 DC: -6 FLAG_ZERO: False FLAG_LT: 0 FLAG_GT: 1
INPUT_PORT:  ['2', '3', '\n']
OUT_PORT:  ['W', 'h', 'a', 't', ',', ' ', 'i', 's', ' ', 'y', 'o', 'u', 'r', ' ', 'n', 'a', 'm', 'e', '?', '\n']
DATA_MEM:  [19, 87, 104, 97, 116, 44, 32, 105, 115, 32, 121, 111, 117, 114, 32, 110, 97, 109, 101, 63, 10, 7, 72, 101, 108, 108, 111, 44, 32, 6, 65, 66, 79, 66, 65, 49, 0, 0, 0, 0, 0, 0, 0, 0, 0, 33, 144]
---------------------------------------
DEBUG    root:machine.py:309 INPUT 0
TICK: 579 PC:  13 ADDR:  36 MEM_OUT: 0 ACC: 144 BUFF: 140 DC: -6 FLAG_ZERO: False FLAG_LT: 0 FLAG_GT: 1
INPUT_PORT:  ['2', '3', '\n']
OUT_PORT:  ['W', 'h', 'a', 't', ',', ' ', 'i', 's', ' ', 'y', 'o', 'u', 'r', ' ', 'n', 'a', 'm', 'e', '?', '\n']
DATA_MEM:  [19, 87, 104, 97, 116, 44, 32, 105, 115, 32, 121, 111, 117, 114, 32, 110, 97, 109, 101, 63, 10, 7, 72, 101, 108, 108, 111, 44, 32, 6, 65, 66, 79, 66, 65, 49, 0, 0, 0, 0, 0, 0, 0, 0, 0, 33, 144]
---------------------------------------
DEBUG    root:machine.py:309 WRITE 
TICK: 582 PC:  14 ADDR:  36 MEM_OUT: 0 ACC: 50 BUFF: 140 DC: -6 FLAG_ZERO: False FLAG_LT: 0 FLAG_GT: 1
INPUT_PORT:  ['3', '\n']
OUT_PORT:  ['W', 'h', 'a', 't', ',', ' ', 'i', 's', ' ', 'y', 'o', 'u', 'r', ' ', 'n', 'a', 'm', 'e', '?', '\n']
DATA_MEM:  [19, 87, 104, 97, 116, 44, 32, 105, 115, 32, 121, 111, 117, 114, 32, 110, 97, 109, 101, 63, 10, 7, 72, 101, 108, 108, 111, 44, 32, 6, 65, 66, 79, 66, 65, 49, 0, 0, 0, 0, 0, 0, 0, 0, 0, 33, 144]
---------------------------------------
DEBUG    root:machine.py:309 CMP 10
TICK: 586 PC:  15 ADDR:  37 MEM_OUT: 0 ACC: 50 BUFF: 140 DC: -7 FLAG_ZERO: False FLAG_LT: 0 FLAG_GT: 1
INPUT_PORT:  ['3', '\n']
OUT_PORT:  ['W', 'h', 'a', 't', ',', ' ', 'i', 's', ' ', 'y', 'o', 'u', 'r', ' ', 'n', 'a', 'm', 'e', '?', '\n']
DATA_MEM:  [19, 87, 104, 97, 116, 44, 32, 105, 115, 32, 121, 111, 117, 114, 32, 110, 97, 109, 101, 63, 10, 7, 72, 101, 108, 108, 111, 44, 32, 6, 65, 66, 79, 66, 65, 49, 50, 0, 0, 0, 0, 0, 0, 0, 0, 33, 144]
---------------------------------------
DEBUG    root:machine.py:309 JE 25
TICK: 589 PC:  16 ADDR:  37 MEM_OUT: 0 ACC: 50 BUFF: 140 DC: -7 FLAG_ZERO: False FLAG_LT: 0 FLAG_GT: 1
INPUT_PORT:  ['3', '\n']
OUT_PORT:  ['W', 'h', 'a', 't', ',', ' ', 'i', 's', ' ', 'y', 'o', 'u', 'r', ' ', 'n', 'a', 'm', 'e', '?', '\n']
DATA_MEM:  [19, 87, 104, 97, 116, 44, 32, 105, 115, 32, 121, 111, 117, 114, 32, 110, 97, 109, 101, 63, 10, 7, 72, 101, 108, 108, 111, 44, 32, 6, 65, 66, 79, 66, 65, 49, 50, 0, 0, 0, 0, 0, 0, 0, 0, 33, 144]
---------------------------------------
DEBUG    root:machine.py:309 LD 116
TICK: 592 PC:  17 ADDR:  37 MEM_OUT: 0 ACC: 50 BUFF: 140 DC: -7 FLAG_ZERO: False FLAG_LT: 0 FLAG_GT: 1
INPUT_PORT:  ['3', '\n']
OUT_PORT:  ['W', 'h', 'a', 't', ',', ' ', 'i', 's', ' ', 'y', 'o', 'u', 'r', ' ', 'n', 'a', 'm', 'e', '?', '\n']
DATA_MEM:  [19, 87, 104, 97, 116, 44, 32, 105, 115, 32, 121, 111, 117, 114, 32, 110, 97, 109, 101, 63, 10, 7, 72, 101, 108, 108, 111, 44, 32, 6, 65, 66, 79, 66, 65, 49, 50, 0, 0, 0, 0, 0, 0, 0, 0, 33, 144]
---------------------------------------
DEBUG    root:machine.py:309 INC 
TICK: 596 PC:  18 ADDR:  29 MEM_OUT: 6 ACC: 6 BUFF: 140 DC: -7 FLAG_ZERO: False FLAG_LT: 0 FLAG_GT: 1
INPUT_PORT:  ['3', '\n']
OUT_PORT:  ['W', 'h', 'a', 't', ',', ' ', 'i', 's', ' ', 'y', 'o', 'u', 'r', ' ', 'n', 'a', 'm', 'e', '?', '\n']
DATA_MEM:  [19, 87, 104, 97, 116, 44, 32, 105, 115, 32, 121, 111, 117, 114, 32, 110, 97, 109, 101, 63, 10, 7, 72, 101, 108, 108, 111, 44, 32, 6, 65, 66, 79, 66, 65, 49, 50, 0, 0, 0, 0, 0, 0, 0, 0, 33, 144]
---------------------------------------
DEBUG    root:machine.py:309 ST 116
TICK: 599 PC:  19 ADDR:  29 MEM_OUT: 6 ACC: 7 BUFF: 140 DC: -7 FLAG_ZERO: False FLAG_LT: 0 FLAG_GT: 1
INPUT_PORT:  ['3', '\n']
OUT_PORT:  ['W', 'h', 'a', 't', ',', ' ', 'i', 's', ' ', 'y', 'o', 'u', 'r', ' ', 'n', 'a', 'm', 'e', '?', '\n']
DATA_MEM:  [19, 87, 104, 97, 116, 44, 32, 105, 115, 32, 121, 111, 117, 114, 32, 110, 97, 109, 101, 63, 10, 7, 72, 101, 108, 108, 111, 44, 32, 6, 65, 66, 79, 66, 65, 49, 50, 0, 0, 0, 0, 0, 0, 0, 0, 33, 144]
---------------------------------------
DEBUG    root:machine.py:309 LD 184
TICK: 603 PC:  20 ADDR:  29 MEM_OUT: 7 ACC: 7 BUFF: 140 DC: -7 FLAG_ZERO: False FLAG_LT: 0 FLAG_GT: 1
INPUT_PORT:  ['3', '\n']
OUT_PORT:  ['W', 'h', 'a', 't', ',', ' ', 'i', 's', ' ', 'y', 'o', 'u', 'r', ' ', 'n', 'a', 'm', 'e', '?', '\n']
DATA_MEM:  [19, 87, 104, 97, 116, 44, 32, 105, 115, 32, 121, 111, 117, 114, 32, 110, 97, 109, 101, 63, 10, 7, 72, 101, 108, 108, 111, 44, 32, 7, 65, 66, 79, 66, 65, 49, 50, 0, 0, 0, 0, 0, 0, 0, 0, 33, 144]
---------------------------------------
DEBUG    root:machine.py:309 ADD 4
TICK: 607 PC:  21 ADDR:  46 MEM_OUT: 144 ACC: 144 BUFF: 140 DC: -7 FLAG_ZERO: False FLAG_LT: 0 FLAG_GT: 1
INPUT_PORT:  ['3', '\n']
OUT_PORT:  ['W', 'h', 'a', 't', ',', ' ', 'i', 's', ' ', 'y', 'o', 'u', 'r', ' ', 'n', 'a', 'm', 'e', '?', '\n']
DATA_MEM:  [19, 87, 104, 97, 116, 44, 32, 105, 115, 32, 121, 111, 117, 114, 32, 110, 97, 109, 101, 63, 10, 7, 72, 101, 108, 108, 111, 44, 32, 7, 65, 66, 79, 66, 65, 49, 50, 0, 0, 0, 0, 0, 0, 0, 0, 33, 144]
---------------------------------------
DEBUG    root:machine.py:309 ST 184
TICK: 611 PC:  22 ADDR:  46 MEM_OUT: 144 ACC: 148 BUFF: 144 DC: -7 FLAG_ZERO: False FLAG_LT: 0 FLAG_GT: 1
INPUT_PORT:  ['3', '\n']
OUT_PORT:  ['W', 'h', 'a', 't', ',', ' ', 'i', 's', ' ', 'y', 'o', 'u', 'r', ' ', 'n', 'a', 'm', 'e', '?', '\n']
DATA_MEM:  [19, 87, 104, 97, 116, 44, 32, 105, 115, 32, 121, 111, 117, 114, 32, 110, 97, 109, 101, 63, 10, 7, 72, 101, 108, 108, 111, 44, 32, 7, 65, 66, 79, 66, 65, 49, 50, 0, 0, 0, 0, 0, 0, 0, 0, 33, 144]
---------------------------------------
DEBUG    root:machine.py:309 SETADDR 
TICK: 615 PC:  23 ADDR:  46 MEM_OUT: 148 ACC: 148 BUFF: 144 DC: -7 FLAG_ZERO: False FLAG_LT: 0 FLAG_GT: 1
INPUT_PORT:  ['3', '\n']
OUT_PORT:  ['W', 'h', 'a', 't', ',', ' ', 'i', 's', ' ', 'y', 'o', 'u', 'r', ' ', 'n', 'a', 'm', 'e', '?', '\n']
DATA_MEM:  [19, 87, 104, 97, 116, 44, 32, 105, 115, 32, 121, 111, 117, 114, 32, 110, 97, 109, 101, 63, 10, 7, 72, 101, 108, 108, 111, 44, 32, 7, 65, 66, 79, 66, 65, 49, 50, 0, 0, 0, 0, 0, 0, 0, 0, 33, 148]
---------------------------------------
DEBUG    root:machine.py:309 JMP 13
TICK: 618 PC:  24 ADDR:  37 MEM_OUT: 0 ACC: 148 BUFF: 144 DC: -7 FLAG_ZERO: False FLAG_LT: 0 FLAG_GT: 1
INPUT_PORT:  ['3', '\n']
OUT_PORT:  ['W', 'h', 'a', 't', ',', ' ', 'i', 's', ' ', 'y', 'o', 'u', 'r', ' ', 'n', 'a', 'm', 'e', '?', '\n']
DATA_MEM:  [19, 87, 104, 97, 116, 44, 32, 105, 115, 32, 121, 111, 117, 114, 32, 110, 97, 109, 101, 63, 10, 7, 72, 101, 108, 108, 111, 44, 32, 7, 65, 66, 79, 66, 65, 49, 50, 0, 0, 0, 0, 0, 0, 0, 0, 33, 148]
---------------------------------------
DEBUG    root:machine.py:309 INPUT 0
TICK: 621 PC:  13 ADDR:  37 MEM_OUT: 0 ACC: 148 BUFF: 144 DC: -7 FLAG_ZERO: False FLAG_LT: 0 FLAG_GT: 1
INPUT_PORT:  ['3', '\n']
OUT_PORT:  ['W', 'h', 'a', 't', ',', ' ', 'i', 's', ' ', 'y', 'o', 'u', 'r', ' ', 'n', 'a', 'm', 'e', '?', '\n']
DATA_MEM:  [19, 87, 104, 97, 116, 44, 32, 105, 115, 32, 121, 111, 117, 114, 32, 110, 97, 109, 101, 63, 10, 7, 72, 101, 108, 108, 111, 44, 32, 7, 65, 66, 79, 66, 65, 49, 50, 0, 0, 0, 0, 0, 0, 0, 0, 33, 148]
---------------------------------------
DEBUG    root:machine.py:309 WRITE 
TICK: 624 PC:  14 ADDR:  37 MEM_OUT: 0 ACC: 51 BUFF: 144 DC: -7 FLAG_ZERO: False FLAG_LT: 0 FLAG_GT: 1
INPUT_PORT:  ['\n']
OUT_PORT:  ['W', 'h', 'a', 't', ',', ' ', 'i', 's', ' ', 'y', 'o', 'u', 'r', ' ', 'n', 'a', 'm', 'e', '?', '\n']
DATA_MEM:  [19, 87, 104, 97, 116, 44, 32, 105, 115, 32, 121, 111, 117, 114, 32, 110, 97, 109, 101, 63, 10, 7, 72, 101, 108, 108, 111, 44, 32, 7, 65, 66, 79, 66, 65, 49, 50, 0, 0, 0, 0, 0, 0, 0, 0, 33, 148]
---------------------------------------
DEBUG    root:machine.py:309 CMP 10
TICK: 628 PC:  15 ADDR:  38 MEM_OUT: 0 ACC: 51 BUFF: 144 DC: -8 FLAG_ZERO: False FLAG_LT: 0 FLAG_GT: 1
INPUT_PORT:  ['\n']
OUT_PORT:  ['W', 'h', 'a', 't', ',', ' ', 'i', 's', ' ', 'y', 'o', 'u', 'r', ' ', 'n', 'a', 'm', 'e', '?', '\n']
DATA_MEM:  [19, 87, 104, 97, 116, 44, 32, 105, 115, 32, 121, 111, 117, 114, 32, 110, 97, 109, 101, 63, 10, 7, 72, 101, 108, 108, 111, 44, 32, 7, 65, 66, 79, 66, 65, 49, 50, 51, 0, 0, 0, 0, 0, 0, 0, 33, 148]
---------------------------------------
DEBUG    root:machine.py:309 JE 25
TICK: 631 PC:  16 ADDR:  38 MEM_OUT: 0 ACC: 51 BUFF: 144 DC: -8 FLAG_ZERO: False FLAG_LT: 0 FLAG_GT: 1
INPUT_PORT:  ['\n']
OUT_PORT:  ['W', 'h', 'a', 't', ',', ' ', 'i', 's', ' ', 'y', 'o', 'u', 'r', ' ', 'n', 'a', 'm', 'e', '?', '\n']
DATA_MEM:  [19, 87, 104, 97, 116, 44, 32, 105, 115, 32, 121, 111, 117, 114, 32, 110, 97, 109, 101, 63, 10, 7, 72, 101, 108, 108, 111, 44, 32, 7, 65, 66, 79, 66, 65, 49, 50, 51, 0, 0, 0, 0, 0, 0, 0, 33, 148]
---------------------------------------
DEBUG    root:machine.py:309 LD 116
TICK: 634 PC:  17 ADDR:  38 MEM_OUT: 0 ACC: 51 BUFF: 144 DC: -8 FLAG_ZERO: False FLAG_LT: 0 FLAG_GT: 1
INPUT_PORT:  ['\n']
OUT_PORT:  ['W', 'h', 'a', 't', ',', ' ', 'i', 's', ' ', 'y', 'o', 'u', 'r', ' ', 'n', 'a', 'm', 'e', '?', '\n']
DATA_MEM:  [19, 87, 104, 97, 116, 44, 32, 105, 115, 32, 121, 111, 117, 114, 32, 110, 97, 109, 101, 63, 10, 7, 72, 101, 108, 108, 111, 44, 32, 7, 65, 66, 79, 66, 65, 49, 50, 51, 0, 0, 0, 0, 0, 0, 0, 33, 148]
---------------------------------------
DEBUG    root:machine.py:309 INC 
TICK: 638 PC:  18 ADDR:  29 MEM_OUT: 7 ACC: 7 BUFF: 144 DC: -8 FLAG_ZERO: False FLAG_LT: 0 FLAG_GT: 1
INPUT_PORT:  ['\n']
OUT_PORT:  ['W', 'h', 'a', 't', ',', ' ', 'i', 's', ' ', 'y', 'o', 'u', 'r', ' ', 'n', 'a', 'm', 'e', '?', '\n']
DATA_MEM:  [19, 87, 104, 97, 116, 44, 32, 105, 115, 32, 121, 111, 117, 114, 32, 110, 97, 109, 101, 63, 10, 7, 72, 101, 108, 108, 111, 44, 32, 7, 65, 66, 79, 66, 65, 49, 50, 51, 0, 0, 0, 0, 0, 0, 0, 33, 148]
---------------------------------------
DEBUG    root:machine.py:309 ST 116
TICK: 641 PC:  19 ADDR:  29 MEM_OUT: 7 ACC: 8 BUFF: 144 DC: -8 FLAG_ZERO: False FLAG_LT: 0 FLAG_GT: 1
INPUT_PORT:  ['\n']
OUT_PORT:  ['W', 'h', 'a', 't', ',', ' ', 'i', 's', ' ', 'y', 'o', 'u', 'r', ' ', 'n', 'a', 'm', 'e', '?', '\n']
DATA_MEM:  [19, 87, 104, 97, 116, 44, 32, 105, 115, 32, 121, 111, 117, 114, 32, 110, 97, 109, 101, 63, 10, 7, 72, 101, 108, 108, 111, 44, 32, 7, 65, 66, 79, 66, 65, 49, 50, 51, 0, 0, 0, 0, 0, 0, 0, 33, 148]
---------------------------------------
DEBUG    root:machine.py:309 LD 184
TICK: 645 PC:  20 ADDR:  29 MEM_OUT: 8 ACC: 8 BUFF: 144 DC: -8 FLAG_ZERO: False FLAG_LT: 0 FLAG_GT: 1
INPUT_PORT:  ['\n']
OUT_PORT:  ['W', 'h', 'a', 't', ',', ' ', 'i', 's', ' ', 'y', 'o', 'u', 'r', ' ', 'n', 'a', 'm', 'e', '?', '\n']
DATA_MEM:  [19, 87, 104, 97, 116, 44, 32, 105, 115, 32, 121, 111, 117, 114, 32, 110, 97, 109, 101, 63, 10, 7, 72, 101, 108, 108, 111, 44, 32, 8, 65, 66, 79, 66, 65, 49, 50, 51, 0, 0, 0, 0, 0, 0, 0, 33, 148]
---------------------------------------
DEBUG    root:machine.py:309 ADD 4
TICK: 649 PC:  21 ADDR:  46 MEM_OUT: 148 ACC: 148 BUFF: 144 DC: -8 FLAG_ZERO: False FLAG_LT: 0 FLAG_GT: 1
INPUT_PORT:  ['\n']
OUT_PORT:  ['W', 'h', 'a', 't', ',', ' ', 'i', 's', ' ', 'y', 'o', 'u', 'r', ' ', 'n', 'a', 'm', 'e', '?', '\n']
DATA_MEM:  [19, 87, 104, 97, 116, 44, 32, 105, 115, 32, 121, 111, 117, 114, 32, 110, 97, 109, 101, 63, 10, 7, 72, 101, 108, 108, 111, 44, 32, 8, 65, 66, 79, 66, 65, 49, 50, 51, 0, 0, 0, 0, 0, 0, 0, 33, 148]
---------------------------------------
DEBUG    root:machine.py:309 ST 184
TICK: 653 PC:  22 ADDR:  46 MEM_OUT: 148 ACC: 152 BUFF: 148 DC: -8 FLAG_ZERO: False FLAG_LT: 0 FLAG_GT: 1
INPUT_PORT:  ['\n']
OUT_PORT:  ['W', 'h', 'a', 't', ',', ' ', 'i', 's', ' ', 'y', 'o', 'u', 'r', ' ', 'n', 'a', 'm', 'e', '?', '\n']
DATA_MEM:  [19, 87, 104, 97, 116, 44, 32, 105, 115, 32, 121, 111, 117, 114, 32, 110, 97, 109, 101, 63, 10, 7, 72, 101, 108, 108, 111, 44, 32, 8, 65, 66, 79, 66, 65, 49, 50, 51, 0, 0, 0, 0, 0, 0, 0, 33, 148]
---------------------------------------
DEBUG    root:machine.py:309 SETADDR 
TICK: 657 PC:  23 ADDR:  46 MEM_OUT: 152 ACC: 152 BUFF: 148 DC: -8 FLAG_ZERO: False FLAG_LT: 0 FLAG_GT: 1
INPUT_PORT:  ['\n']
OUT_PORT:  ['W', 'h', 'a', 't', ',', ' ', 'i', 's', ' ', 'y', 'o', 'u', 'r', ' ', 'n', 'a', 'm', 'e', '?', '\n']
DATA_MEM:  [19, 87, 104, 97, 116, 44, 32, 105, 115, 32, 121, 111, 117, 114, 32, 110, 97, 109, 101, 63, 10, 7, 72, 101, 108, 108, 111, 44, 32, 8, 65, 66, 79, 66, 65, 49, 50, 51, 0, 0, 0, 0, 0, 0, 0, 33, 152]
---------------------------------------
DEBUG    root:machine.py:309 JMP 13
TICK: 660 PC:  24 ADDR:  38 MEM_OUT: 0 ACC: 152 BUFF: 148 DC: -8 FLAG_ZERO: False FLAG_LT: 0 FLAG_GT: 1
INPUT_PORT:  ['\n']
OUT_PORT:  ['W', 'h', 'a', 't', ',', ' ', 'i', 's', ' ', 'y', 'o', 'u', 'r', ' ', 'n', 'a', 'm', 'e', '?', '\n']
DATA_MEM:  [19, 87, 104, 97, 116, 44, 32, 105, 115, 32, 121, 111, 117, 114, 32, 110, 97, 109, 101, 63, 10, 7, 72, 101, 108, 108, 111, 44, 32, 8, 65, 66, 79, 66, 65, 49, 50, 51, 0, 0, 0, 0, 0, 0, 0, 33, 152]
---------------------------------------
DEBUG    root:machine.py:309 INPUT 0
TICK: 663 PC:  13 ADDR:  38 MEM_OUT: 0 ACC: 152 BUFF: 148 DC: -8 FLAG_ZERO: False FLAG_LT: 0 FLAG_GT: 1
INPUT_PORT:  ['\n']
OUT_PORT:  ['W', 'h', 'a', 't', ',', ' ', 'i', 's', ' ', 'y', 'o', 'u', 'r', ' ', 'n', 'a', 'm', 'e', '?', '\n']
DATA_MEM:  [19, 87, 104, 97, 116, 44, 32, 105, 115, 32, 121, 111, 117, 114, 32, 110, 97, 109, 101, 63, 10, 7, 72, 101, 108, 108, 111, 44, 32, 8, 65, 66, 79, 66, 65, 49, 50, 51, 0, 0, 0, 0, 0, 0, 0, 33, 152]
---------------------------------------
DEBUG    root:machine.py:309 WRITE 
TICK: 666 PC:  14 ADDR:  38 MEM_OUT: 0 ACC: 10 BUFF: 148 DC: -8 FLAG_ZERO: False FLAG_LT: 0 FLAG_GT: 1
INPUT_PORT:  []
OUT_PORT:  ['W', 'h', 'a', 't', ',', ' ', 'i', 's', ' ', 'y', 'o', 'u', 'r', ' ', 'n', 'a', 'm', 'e', '?', '\n']
DATA_MEM:  [19, 87, 104, 97, 116, 44, 32, 105, 115, 32, 121, 111, 117, 114, 32, 110, 97, 109, 101, 63, 10, 7, 72, 101, 108, 108, 111, 44, 32, 8, 65, 66, 79, 66, 65, 49, 50, 51, 0, 0, 0, 0, 0, 0, 0, 33, 152]
---------------------------------------
DEBUG    root:machine.py:309 CMP 10
TICK: 670 PC:  15 ADDR:  39 MEM_OUT: 0 ACC: 10 BUFF: 148 DC: -9 FLAG_ZERO: False FLAG_LT: 0 FLAG_GT: 1
INPUT_PORT:  []
OUT_PORT:  ['W', 'h', 'a', 't', ',', ' ', 'i', 's', ' ', 'y', 'o', 'u', 'r', ' ', 'n', 'a', 'm', 'e', '?', '\n']
DATA_MEM:  [19, 87, 104, 97, 116, 44, 32, 105, 115, 32, 121, 111, 117, 114, 32, 110, 97, 109, 101, 63, 10, 7, 72, 101, 108, 108, 111, 44, 32, 8, 65, 66, 79, 66, 65, 49, 50, 51, 10, 0, 0, 0, 0, 0, 0, 33, 152]
---------------------------------------
DEBUG    root:machine.py:309 JE 25
TICK: 673 PC:  16 ADDR:  39 MEM_OUT: 0 ACC: 10 BUFF: 148 DC: -9 FLAG_ZERO: False FLAG_LT: 0 FLAG_GT: 0
INPUT_PORT:  []
OUT_PORT:  ['W', 'h', 'a', 't', ',', ' ', 'i', 's', ' ', 'y', 'o', 'u', 'r', ' ', 'n', 'a', 'm', 'e', '?', '\n']
DATA_MEM:  [19, 87, 104, 97, 116, 44, 32, 105, 115, 32, 121, 111, 117, 114, 32, 110, 97, 109, 101, 63, 10, 7, 72, 101, 108, 108, 111, 44, 32, 8, 65, 66, 79, 66, 65, 49, 50, 51, 10, 0, 0, 0, 0, 0, 0, 33, 152]
---------------------------------------
DEBUG    root:machine.py:309 LD 84
TICK: 676 PC:  25 ADDR:  39 MEM_OUT: 0 ACC: 10 BUFF: 148 DC: -9 FLAG_ZERO: False FLAG_LT: 0 FLAG_GT: 0
INPUT_PORT:  []
OUT_PORT:  ['W', 'h', 'a', 't', ',', ' ', 'i', 's', ' ', 'y', 'o', 'u', 'r', ' ', 'n', 'a', 'm', 'e', '?', '\n']
DATA_MEM:  [19, 87, 104, 97, 116, 44, 32, 105, 115, 32, 121, 111, 117, 114, 32, 110, 97, 109, 101, 63, 10, 7, 72, 101, 108, 108, 111, 44, 32, 8, 65, 66, 79, 66, 65, 49, 50, 51, 10, 0, 0, 0, 0, 0, 0, 33, 152]
---------------------------------------
DEBUG    root:machine.py:309 SETCNT 
TICK: 680 PC:  26 ADDR:  21 MEM_OUT: 7 ACC: 7 BUFF: 148 DC: -9 FLAG_ZERO: False FLAG_LT: 0 FLAG_GT: 0
INPUT_PORT:  []
OUT_PORT:  ['W', 'h', 'a', 't', ',', ' ', 'i', 's', ' ', 'y', 'o', 'u', 'r', ' ', 'n', 'a', 'm', 'e', '?', '\n']
DATA_MEM:  [19, 87, 104, 97, 116, 44, 32, 105, 115, 32, 121, 111, 117, 114, 32, 110, 97, 109, 101, 63, 10, 7, 72, 101, 108, 108, 111, 44, 32, 8, 65, 66, 79, 66, 65, 49, 50, 51, 10, 0, 0, 0, 0, 0, 0, 33, 152]
---------------------------------------
DEBUG    root:machine.py:309 LDA 88
TICK: 683 PC:  27 ADDR:  21 MEM_OUT: 7 ACC: 7 BUFF: 148 DC: 7 FLAG_ZERO: False FLAG_LT: 0 FLAG_GT: 0
INPUT_PORT:  []
OUT_PORT:  ['W', 'h', 'a', 't', ',', ' ', 'i', 's', ' ', 'y', 'o', 'u', 'r', ' ', 'n', 'a', 'm', 'e', '?', '\n']
DATA_MEM:  [19, 87, 104, 97, 116, 44, 32, 105, 115, 32, 121, 111, 117, 114, 32, 110, 97, 109, 101, 63, 10, 7, 72, 101, 108, 108, 111, 44, 32, 8, 65, 66, 79, 66, 65, 49, 50, 51, 10, 0, 0, 0, 0, 0, 0, 33, 152]
---------------------------------------
DEBUG    root:machine.py:309 SETADDR 
TICK: 686 PC:  28 ADDR:  21 MEM_OUT: 7 ACC: 88 BUFF: 148 DC: 7 FLAG_ZERO: False FLAG_LT: 0 FLAG_GT: 0
INPUT_PORT:  []
OUT_PORT:  ['W', 'h', 'a', 't', ',', ' ', 'i', 's', ' ', 'y', 'o', 'u', 'r', ' ', 'n', 'a', 'm', 'e', '?', '\n']
DATA_MEM:  [19, 87, 104, 97, 116, 44, 32, 105, 115, 32, 121, 111, 117, 114, 32, 110, 97, 109, 101, 63, 10, 7, 72, 101, 108, 108, 111, 44, 32, 8, 65, 66, 79, 66, 65, 49, 50, 51, 10, 0, 0, 0, 0, 0, 0, 33, 152]
---------------------------------------
DEBUG    root:machine.py:309 READ 
TICK: 689 PC:  29 ADDR:  22 MEM_OUT: 72 ACC: 88 BUFF: 148 DC: 7 FLAG_ZERO: False FLAG_LT: 0 FLAG_GT: 0
INPUT_PORT:  []
OUT_PORT:  ['W', 'h', 'a', 't', ',', ' ', 'i', 's', ' ', 'y', 'o', 'u', 'r', ' ', 'n', 'a', 'm', 'e', '?', '\n']
DATA_MEM:  [19, 87, 104, 97, 116, 44, 32, 105, 115, 32, 121, 111, 117, 114, 32, 110, 97, 109, 101, 63, 10, 7, 72, 101, 108, 108, 111, 44, 32, 8, 65, 66, 79, 66, 65, 49, 50, 51, 10, 0, 0, 0, 0, 0, 0, 33, 152]
---------------------------------------
DEBUG    root:machine.py:309 OUTPUT 1
TICK: 693 PC:  30 ADDR:  23 MEM_OUT: 101 ACC: 72 BUFF: 148 DC: 6 FLAG_ZERO: False FLAG_LT: 0 FLAG_GT: 0
INPUT_PORT:  []
OUT_PORT:  ['W', 'h', 'a', 't', ',', ' ', 'i', 's', ' ', 'y', 'o', 'u', 'r', ' ', 'n', 'a', 'm', 'e', '?', '\n']
DATA_MEM:  [19, 87, 104, 97, 116, 44, 32, 105, 115, 32, 121, 111, 117, 114, 32, 110, 97, 109, 101, 63, 10, 7, 72, 101, 108, 108, 111, 44, 32, 8, 65, 66, 79, 66, 65, 49, 50, 51, 10, 0, 0, 0, 0, 0, 0, 33, 152]
---------------------------------------
DEBUG    root:machine.py:309 CNTZ 
TICK: 696 PC:  31 ADDR:  23 MEM_OUT: 101 ACC: 72 BUFF: 148 DC: 6 FLAG_ZERO: False FLAG_LT: 0 FLAG_GT: 0
INPUT_PORT:  []
OUT_PORT:  ['W', 'h', 'a', 't', ',', ' ', 'i', 's', ' ', 'y', 'o', 'u', 'r', ' ', 'n', 'a', 'm', 'e', '?', '\n', 'H']
DATA_MEM:  [19, 87, 104, 97, 116, 44, 32, 105, 115, 32, 121, 111, 117, 114, 32, 110, 97, 109, 101, 63, 10, 7, 72, 101, 108, 108, 111, 44, 32, 8, 65, 66, 79, 66, 65, 49, 50, 51, 10, 0, 0, 0, 0, 0, 0, 33, 152]
---------------------------------------
DEBUG    root:machine.py:309 JZ 34
TICK: 699 PC:  32 ADDR:  23 MEM_OUT: 101 ACC: 72 BUFF: 148 DC: 6 FLAG_ZERO: False FLAG_LT: 0 FLAG_GT: 1
INPUT_PORT:  []
OUT_PORT:  ['W', 'h', 'a', 't', ',', ' ', 'i', 's', ' ', 'y', 'o', 'u', 'r', ' ', 'n', 'a', 'm', 'e', '?', '\n', 'H']
DATA_MEM:  [19, 87, 104, 97, 116, 44, 32, 105, 115, 32, 121, 111, 117, 114, 32, 110, 97, 109, 101, 63, 10, 7, 72, 101, 108, 108, 111, 44, 32, 8, 65, 66, 79, 66, 65, 49, 50, 51, 10, 0, 0, 0, 0, 0, 0, 33, 152]
---------------------------------------
DEBUG    root:machine.py:309 JMP 29
TICK: 702 PC:  33 ADDR:  23 MEM_OUT: 101 ACC: 72 BUFF: 148 DC: 6 FLAG_ZERO: False FLAG_LT: 0 FLAG_GT: 1
INPUT_PORT:  []
OUT_PORT:  ['W', 'h', 'a', 't', ',', ' ', 'i', 's', ' ', 'y', 'o', 'u', 'r', ' ', 'n', 'a', 'm', 'e', '?', '\n', 'H']
DATA_MEM:  [19, 87, 104, 97, 116, 44, 32, 105, 115, 32, 121, 111, 117, 114, 32, 110, 97, 109, 101, 63, 10, 7, 72, 101, 108, 108, 111, 44, 32, 8, 65, 66, 79, 66, 65, 49, 50, 51, 10, 0, 0, 0, 0, 0, 0, 33, 152]
---------------------------------------
DEBUG    root:machine.py:309 READ 
TICK: 705 PC:  29 ADDR:  23 MEM_OUT: 101 ACC: 72 BUFF: 148 DC: 6 FLAG_ZERO: False FLAG_LT: 0 FLAG_GT: 1
INPUT_PORT:  []
OUT_PORT:  ['W', 'h', 'a', 't', ',', ' ', 'i', 's', ' ', 'y', 'o', 'u', 'r', ' ', 'n', 'a', 'm', 'e', '?', '\n', 'H']
DATA_MEM:  [19, 87, 104, 97, 116, 44, 32, 105, 115, 32, 121, 111, 117, 114, 32, 110, 97, 109, 101, 63, 10, 7, 72, 101, 108, 108, 111, 44, 32, 8, 65, 66, 79, 66, 65, 49, 50, 51, 10, 0, 0, 0, 0, 0, 0, 33, 152]
---------------------------------------
DEBUG    root:machine.py:309 OUTPUT 1
TICK: 709 PC:  30 ADDR:  24 MEM_OUT: 108 ACC: 101 BUFF: 148 DC: 5 FLAG_ZERO: False FLAG_LT: 0 FLAG_GT: 1
INPUT_PORT:  []
OUT_PORT:  ['W', 'h', 'a', 't', ',', ' ', 'i', 's', ' ', 'y', 'o', 'u', 'r', ' ', 'n', 'a', 'm', 'e', '?', '\n', 'H']
DATA_MEM:  [19, 87, 104, 97, 116, 44, 32, 105, 115, 32, 121, 111, 117, 114, 32, 110, 97, 109, 101, 63, 10, 7, 72, 101, 108, 108, 111, 44, 32, 8, 65, 66, 79, 66, 65, 49, 50, 51, 10, 0, 0, 0, 0, 0, 0, 33, 152]
---------------------------------------
DEBUG    root:machine.py:309 CNTZ 
TICK: 712 PC:  31 ADDR:  24 MEM_OUT: 108 ACC: 101 BUFF: 148 DC: 5 FLAG_ZERO: False FLAG_LT: 0 FLAG_GT: 1
INPUT_PORT:  []
OUT_PORT:  ['W', 'h', 'a', 't', ',', ' ', 'i', 's', ' ', 'y', 'o', 'u', 'r', ' ', 'n', 'a', 'm', 'e', '?', '\n', 'H', 'e']
DATA_MEM:  [19, 87, 104, 97, 116, 44, 32, 105, 115, 32, 121, 111, 117, 114, 32, 110, 97, 109, 101, 63, 10, 7, 72, 101, 108, 108, 111, 44, 32, 8, 65, 66, 79, 66, 65, 49, 50, 51, 10, 0, 0, 0, 0, 0, 0, 33, 152]
---------------------------------------
DEBUG    root:machine.py:309 JZ 34
TICK: 715 PC:  32 ADDR:  24 MEM_OUT: 108 ACC: 101 BUFF: 148 DC: 5 FLAG_ZERO: False FLAG_LT: 0 FLAG_GT: 1
INPUT_PORT:  []
OUT_PORT:  ['W', 'h', 'a', 't', ',', ' ', 'i', 's', ' ', 'y', 'o', 'u', 'r', ' ', 'n', 'a', 'm', 'e', '?', '\n', 'H', 'e']
DATA_MEM:  [19, 87, 104, 97, 116, 44, 32, 105, 115, 32, 121, 111, 117, 114, 32, 110, 97, 109, 101, 63, 10, 7, 72, 101, 108, 108, 111, 44, 32, 8, 65, 66, 79, 66, 65, 49, 50, 51, 10, 0, 0, 0, 0, 0, 0, 33, 152]
---------------------------------------
DEBUG    root:machine.py:309 JMP 29
TICK: 718 PC:  33 ADDR:  24 MEM_OUT: 108 ACC: 101 BUFF: 148 DC: 5 FLAG_ZERO: False FLAG_LT: 0 FLAG_GT: 1
INPUT_PORT:  []
OUT_PORT:  ['W', 'h', 'a', 't', ',', ' ', 'i', 's', ' ', 'y', 'o', 'u', 'r', ' ', 'n', 'a', 'm', 'e', '?', '\n', 'H', 'e']
DATA_MEM:  [19, 87, 104, 97, 116, 44, 32, 105, 115, 32, 121, 111, 117, 114, 32, 110, 97, 109, 101, 63, 10, 7, 72, 101, 108, 108, 111, 44, 32, 8, 65, 66, 79, 66, 65, 49, 50, 51, 10, 0, 0, 0, 0, 0, 0, 33, 152]
---------------------------------------
DEBUG    root:machine.py:309 READ 
TICK: 721 PC:  29 ADDR:  24 MEM_OUT: 108 ACC: 101 BUFF: 148 DC: 5 FLAG_ZERO: False FLAG_LT: 0 FLAG_GT: 1
INPUT_PORT:  []
OUT_PORT:  ['W', 'h', 'a', 't', ',', ' ', 'i', 's', ' ', 'y', 'o', 'u', 'r', ' ', 'n', 'a', 'm', 'e', '?', '\n', 'H', 'e']
DATA_MEM:  [19, 87, 104, 97, 116, 44, 32, 105, 115, 32, 121, 111, 117, 114, 32, 110, 97, 109, 101, 63, 10, 7, 72, 101, 108, 108, 111, 44, 32, 8, 65, 66, 79, 66, 65, 49, 50, 51, 10, 0, 0, 0, 0, 0, 0, 33, 152]
---------------------------------------
DEBUG    root:machine.py:309 OUTPUT 1
TICK: 725 PC:  30 ADDR:  25 MEM_OUT: 108 ACC: 108 BUFF: 148 DC: 4 FLAG_ZERO: False FLAG_LT: 0 FLAG_GT: 1
INPUT_PORT:  []
OUT_PORT:  ['W', 'h', 'a', 't', ',', ' ', 'i', 's', ' ', 'y', 'o', 'u', 'r', ' ', 'n', 'a', 'm', 'e', '?', '\n', 'H', 'e']
DATA_MEM:  [19, 87, 104, 97, 116, 44, 32, 105, 115, 32, 121, 111, 117, 114, 32, 110, 97, 109, 101, 63, 10, 7, 72, 101, 108, 108, 111, 44, 32, 8, 65, 66, 79, 66, 65, 49, 50, 51, 10, 0, 0, 0, 0, 0, 0, 33, 152]
---------------------------------------
DEBUG    root:machine.py:309 CNTZ 
TICK: 728 PC:  31 ADDR:  25 MEM_OUT: 108 ACC: 108 BUFF: 148 DC: 4 FLAG_ZERO: False FLAG_LT: 0 FLAG_GT: 1
INPUT_PORT:  []
OUT_PORT:  ['W', 'h', 'a', 't', ',', ' ', 'i', 's', ' ', 'y', 'o', 'u', 'r', ' ', 'n', 'a', 'm', 'e', '?', '\n', 'H', 'e', 'l']
DATA_MEM:  [19, 87, 104, 97, 116, 44, 32, 105, 115, 32, 121, 111, 117, 114, 32, 110, 97, 109, 101, 63, 10, 7, 72, 101, 108, 108, 111, 44, 32, 8, 65, 66, 79, 66, 65, 49, 50, 51, 10, 0, 0, 0, 0, 0, 0, 33, 152]
---------------------------------------
DEBUG    root:machine.py:309 JZ 34
TICK: 731 PC:  32 ADDR:  25 MEM_OUT: 108 ACC: 108 BUFF: 148 DC: 4 FLAG_ZERO: False FLAG_LT: 0 FLAG_GT: 1
INPUT_PORT:  []
OUT_PORT:  ['W', 'h', 'a', 't', ',', ' ', 'i', 's', ' ', 'y', 'o', 'u', 'r', ' ', 'n', 'a', 'm', 'e', '?', '\n', 'H', 'e', 'l']
DATA_MEM:  [19, 87, 104, 97, 116, 44, 32, 105, 115, 32, 121, 111, 117, 114, 32, 110, 97, 109, 101, 63, 10, 7, 72, 101, 108, 108, 111, 44, 32, 8, 65, 66, 79, 66, 65, 49, 50, 51, 10, 0, 0, 0, 0, 0, 0, 33, 152]
---------------------------------------
DEBUG    root:machine.py:309 JMP 29
TICK: 734 PC:  33 ADDR:  25 MEM_OUT: 108 ACC: 108 BUFF: 148 DC: 4 FLAG_ZERO: False FLAG_LT: 0 FLAG_GT: 1
INPUT_PORT:  []
OUT_PORT:  ['W', 'h', 'a', 't', ',', ' ', 'i', 's', ' ', 'y', 'o', 'u', 'r', ' ', 'n', 'a', 'm', 'e', '?', '\n', 'H', 'e', 'l']
DATA_MEM:  [19, 87, 104, 97, 116, 44, 32, 105, 115, 32, 121, 111, 117, 114, 32, 110, 97, 109, 101, 63, 10, 7, 72, 101, 108, 108, 111, 44, 32, 8, 65, 66, 79, 66, 65, 49, 50, 51, 10, 0, 0, 0, 0, 0, 0, 33, 152]
---------------------------------------
DEBUG    root:machine.py:309 READ 
TICK: 737 PC:  29 ADDR:  25 MEM_OUT: 108 ACC: 108 BUFF: 148 DC: 4 FLAG_ZERO: False FLAG_LT: 0 FLAG_GT: 1
INPUT_PORT:  []
OUT_PORT:  ['W', 'h', 'a', 't', ',', ' ', 'i', 's', ' ', 'y', 'o', 'u', 'r', ' ', 'n', 'a', 'm', 'e', '?', '\n', 'H', 'e', 'l']
DATA_MEM:  [19, 87, 104, 97, 116, 44, 32, 105, 115, 32, 121, 111, 117, 114, 32, 110, 97, 109, 101, 63, 10, 7, 72, 101, 108, 108, 111, 44, 32, 8, 65, 66, 79, 66, 65, 49, 50, 51, 10, 0, 0, 0, 0, 0, 0, 33, 152]
---------------------------------------
DEBUG    root:machine.py:309 OUTPUT 1
TICK: 741 PC:  30 ADDR:  26 MEM_OUT: 111 ACC: 108 BUFF: 148 DC: 3 FLAG_ZERO: False FLAG_LT: 0 FLAG_GT: 1
INPUT_PORT:  []
OUT_PORT:  ['W', 'h', 'a', 't', ',', ' ', 'i', 's', ' ', 'y', 'o', 'u', 'r', ' ', 'n', 'a', 'm', 'e', '?', '\n', 'H', 'e', 'l']
DATA_MEM:  [19, 87, 104, 97, 116, 44, 32, 105, 115, 32, 121, 111, 117, 114, 32, 110, 97, 109, 101, 63, 10, 7, 72, 101, 108, 108, 111, 44, 32, 8, 65, 66, 79, 66, 65, 49, 50, 51, 10, 0, 0, 0, 0, 0, 0, 33, 152]
---------------------------------------
DEBUG    root:machine.py:309 CNTZ 
TICK: 744 PC:  31 ADDR:  26 MEM_OUT: 111 ACC: 108 BUFF: 148 DC: 3 FLAG_ZERO: False FLAG_LT: 0 FLAG_GT: 1
INPUT_PORT:  []
OUT_PORT:  ['W', 'h', 'a', 't', ',', ' ', 'i', 's', ' ', 'y', 'o', 'u', 'r', ' ', 'n', 'a', 'm', 'e', '?', '\n', 'H', 'e', 'l', 'l']
DATA_MEM:  [19, 87, 104, 97, 116, 44, 32, 105, 115, 32, 121, 111, 117, 114, 32, 110, 97, 109, 101, 63, 10, 7, 72, 101, 108, 108, 111, 44, 32, 8, 65, 66, 79, 66, 65, 49, 50, 51, 10, 0, 0, 0, 0, 0, 0, 33, 152]
---------------------------------------
DEBUG    root:machine.py:309 JZ 34
TICK: 747 PC:  32 ADDR:  26 MEM_OUT: 111 ACC: 108 BUFF: 148 DC: 3 FLAG_ZERO: False FLAG_LT: 0 FLAG_GT: 1
INPUT_PORT:  []
OUT_PORT:  ['W', 'h', 'a', 't', ',', ' ', 'i', 's', ' ', 'y', 'o', 'u', 'r', ' ', 'n', 'a', 'm', 'e', '?', '\n', 'H', 'e', 'l', 'l']
DATA_MEM:  [19, 87, 104, 97, 116, 44, 32, 105, 115, 32, 121, 111, 117, 114, 32, 110, 97, 109, 101, 63, 10, 7, 72, 101, 108, 108, 111, 44, 32, 8, 65, 66, 79, 66, 65, 49, 50, 51, 10, 0, 0, 0, 0, 0, 0, 33, 152]
---------------------------------------
DEBUG    root:machine.py:309 JMP 29
TICK: 750 PC:  33 ADDR:  26 MEM_OUT: 111 ACC: 108 BUFF: 148 DC: 3 FLAG_ZERO: False FLAG_LT: 0 FLAG_GT: 1
INPUT_PORT:  []
OUT_PORT:  ['W', 'h', 'a', 't', ',', ' ', 'i', 's', ' ', 'y', 'o', 'u', 'r', ' ', 'n', 'a', 'm', 'e', '?', '\n', 'H', 'e', 'l', 'l']
DATA_MEM:  [19, 87, 104, 97, 116, 44, 32, 105, 115, 32, 121, 111, 117, 114, 32, 110, 97, 109, 101, 63, 10, 7, 72, 101, 108, 108, 111, 44, 32, 8, 65, 66, 79, 66, 65, 49, 50, 51, 10, 0, 0, 0, 0, 0, 0, 33, 152]
---------------------------------------
DEBUG    root:machine.py:309 READ 
TICK: 753 PC:  29 ADDR:  26 MEM_OUT: 111 ACC: 108 BUFF: 148 DC: 3 FLAG_ZERO: False FLAG_LT: 0 FLAG_GT: 1
INPUT_PORT:  []
OUT_PORT:  ['W', 'h', 'a', 't', ',', ' ', 'i', 's', ' ', 'y', 'o', 'u', 'r', ' ', 'n', 'a', 'm', 'e', '?', '\n', 'H', 'e', 'l', 'l']
DATA_MEM:  [19, 87, 104, 97, 116, 44, 32, 105, 115, 32, 121, 111, 117, 114, 32, 110, 97, 109, 101, 63, 10, 7, 72, 101, 108, 108, 111, 44, 32, 8, 65, 66, 79, 66, 65, 49, 50, 51, 10, 0, 0, 0, 0, 0, 0, 33, 152]
---------------------------------------
DEBUG    root:machine.py:309 OUTPUT 1
TICK: 757 PC:  30 ADDR:  27 MEM_OUT: 44 ACC: 111 BUFF: 148 DC: 2 FLAG_ZERO: False FLAG_LT: 0 FLAG_GT: 1
INPUT_PORT:  []
OUT_PORT:  ['W', 'h', 'a', 't', ',', ' ', 'i', 's', ' ', 'y', 'o', 'u', 'r', ' ', 'n', 'a', 'm', 'e', '?', '\n', 'H', 'e', 'l', 'l']
DATA_MEM:  [19, 87, 104, 97, 116, 44, 32, 105, 115, 32, 121, 111, 117, 114, 32, 110, 97, 109, 101, 63, 10, 7, 72, 101, 108, 108, 111, 44, 32, 8, 65, 66, 79, 66, 65, 49, 50, 51, 10, 0, 0, 0, 0, 0, 0, 33, 152]
---------------------------------------
DEBUG    root:machine.py:309 CNTZ 
TICK: 760 PC:  31 ADDR:  27 MEM_OUT: 44 ACC: 111 BUFF: 148 DC: 2 FLAG_ZERO: False FLAG_LT: 0 FLAG_GT: 1
INPUT_PORT:  []
OUT_PORT:  ['W', 'h', 'a', 't', ',', ' ', 'i', 's', ' ', 'y', 'o', 'u', 'r', ' ', 'n', 'a', 'm', 'e', '?', '\n', 'H', 'e', 'l', 'l', 'o']
DATA_MEM:  [19, 87, 104, 97, 116, 44, 32, 105, 115, 32, 121, 111, 117, 114, 32, 110, 97, 109, 101, 63, 10, 7, 72, 101, 108, 108, 111, 44, 32, 8, 65, 66, 79, 66, 65, 49, 50, 51, 10, 0, 0, 0, 0, 0, 0, 33, 152]
---------------------------------------
DEBUG    root:machine.py:309 JZ 34
TICK: 763 PC:  32 ADDR:  27 MEM_OUT: 44 ACC: 111 BUFF: 148 DC: 2 FLAG_ZERO: False FLAG_LT: 0 FLAG_GT: 1
INPUT_PORT:  []
OUT_PORT:  ['W', 'h', 'a', 't', ',', ' ', 'i', 's', ' ', 'y', 'o', 'u', 'r', ' ', 'n', 'a', 'm', 'e', '?', '\n', 'H', 'e', 'l', 'l', 'o']
DATA_MEM:  [19, 87, 104, 97, 116, 44, 32, 105, 115, 32, 121, 111, 117, 114, 32, 110, 97, 109, 101, 63, 10, 7, 72, 101, 108, 108, 111, 44, 32, 8, 65, 66, 79, 66, 65, 49, 50, 51, 10, 0, 0, 0, 0, 0, 0, 33, 152]
---------------------------------------
DEBUG    root:machine.py:309 JMP 29
TICK: 766 PC:  33 ADDR:  27 MEM_OUT: 44 ACC: 111 BUFF: 148 DC: 2 FLAG_ZERO: False FLAG_LT: 0 FLAG_GT: 1
INPUT_PORT:  []
OUT_PORT:  ['W', 'h', 'a', 't', ',', ' ', 'i', 's', ' ', 'y', 'o', 'u', 'r', ' ', 'n', 'a', 'm', 'e', '?', '\n', 'H', 'e', 'l', 'l', 'o']
DATA_MEM:  [19, 87, 104, 97, 116, 44, 32, 105, 115, 32, 121, 111, 117, 114, 32, 110, 97, 109, 101, 63, 10, 7, 72, 101, 108, 108, 111, 44, 32, 8, 65, 66, 79, 66, 65, 49, 50, 51, 10, 0, 0, 0, 0, 0, 0, 33, 152]
---------------------------------------
DEBUG    root:machine.py:309 READ 
TICK: 769 PC:  29 ADDR:  27 MEM_OUT: 44 ACC: 111 BUFF: 148 DC: 2 FLAG_ZERO: False FLAG_LT: 0 FLAG_GT: 1
INPUT_PORT:  []
OUT_PORT:  ['W', 'h', 'a', 't', ',', ' ', 'i', 's', ' ', 'y', 'o', 'u', 'r', ' ', 'n', 'a', 'm', 'e', '?', '\n', 'H', 'e', 'l', 'l', 'o']
DATA_MEM:  [19, 87, 104, 97, 116, 44, 32, 105, 115, 32, 121, 111, 117, 114, 32, 110, 97, 109, 101, 63, 10, 7, 72, 101, 108, 108, 111, 44, 32, 8, 65, 66, 79, 66, 65, 49, 50, 51, 10, 0, 0, 0, 0, 0, 0, 33, 152]
---------------------------------------
DEBUG    root:machine.py:309 OUTPUT 1
TICK: 773 PC:  30 ADDR:  28 MEM_OUT: 32 ACC: 44 BUFF: 148 DC: 1 FLAG_ZERO: False FLAG_LT: 0 FLAG_GT: 1
INPUT_PORT:  []
OUT_PORT:  ['W', 'h', 'a', 't', ',', ' ', 'i', 's', ' ', 'y', 'o', 'u', 'r', ' ', 'n', 'a', 'm', 'e', '?', '\n', 'H', 'e', 'l', 'l', 'o']
DATA_MEM:  [19, 87, 104, 97, 116, 44, 32, 105, 115, 32, 121, 111, 117, 114, 32, 110, 97, 109, 101, 63, 10, 7, 72, 101, 108, 108, 111, 44, 32, 8, 65, 66, 79, 66, 65, 49, 50, 51, 10, 0, 0, 0, 0, 0, 0, 33, 152]
---------------------------------------
DEBUG    root:machine.py:309 CNTZ 
TICK: 776 PC:  31 ADDR:  28 MEM_OUT: 32 ACC: 44 BUFF: 148 DC: 1 FLAG_ZERO: False FLAG_LT: 0 FLAG_GT: 1
INPUT_PORT:  []
OUT_PORT:  ['W', 'h', 'a', 't', ',', ' ', 'i', 's', ' ', 'y', 'o', 'u', 'r', ' ', 'n', 'a', 'm', 'e', '?', '\n', 'H', 'e', 'l', 'l', 'o', ',']
DATA_MEM:  [19, 87, 104, 97, 116, 44, 32, 105, 115, 32, 121, 111, 117, 114, 32, 110, 97, 109, 101, 63, 10, 7, 72, 101, 108, 108, 111, 44, 32, 8, 65, 66, 79, 66, 65, 49, 50, 51, 10, 0, 0, 0, 0, 0, 0, 33, 152]
---------------------------------------
DEBUG    root:machine.py:309 JZ 34
TICK: 779 PC:  32 ADDR:  28 MEM_OUT: 32 ACC: 44 BUFF: 148 DC: 1 FLAG_ZERO: False FLAG_LT: 0 FLAG_GT: 1
INPUT_PORT:  []
OUT_PORT:  ['W', 'h', 'a', 't', ',', ' ', 'i', 's', ' ', 'y', 'o', 'u', 'r', ' ', 'n', 'a', 'm', 'e', '?', '\n', 'H', 'e', 'l', 'l', 'o', ',']
DATA_MEM:  [19, 87, 104, 97, 116, 44, 32, 105, 115, 32, 121, 111, 117, 114, 32, 110, 97, 109, 101, 63, 10, 7, 72, 101, 108, 108, 111, 44, 32, 8, 65, 66, 79, 66, 65, 49, 50, 51, 10, 0, 0, 0, 0, 0, 0, 33, 152]
---------------------------------------
DEBUG    root:machine.py:309 JMP 29
TICK: 782 PC:  33 ADDR:  28 MEM_OUT: 32 ACC: 44 BUFF: 148 DC: 1 FLAG_ZERO: False FLAG_LT: 0 FLAG_GT: 1
INPUT_PORT:  []
OUT_PORT:  ['W', 'h', 'a', 't', ',', ' ', 'i', 's', ' ', 'y', 'o', 'u', 'r', ' ', 'n', 'a', 'm', 'e', '?', '\n', 'H', 'e', 'l', 'l', 'o', ',']
DATA_MEM:  [19, 87, 104, 97, 116, 44, 32, 105, 115, 32, 121, 111, 117, 114, 32, 110, 97, 109, 101, 63, 10, 7, 72, 101, 108, 108, 111, 44, 32, 8, 65, 66, 79, 66, 65, 49, 50, 51, 10, 0, 0, 0, 0, 0, 0, 33, 152]
---------------------------------------
DEBUG    root:machine.py:309 READ 
TICK: 785 PC:  29 ADDR:  28 MEM_OUT: 32 ACC: 44 BUFF: 148 DC: 1 FLAG_ZERO: False FLAG_LT: 0 FLAG_GT: 1
INPUT_PORT:  []
OUT_PORT:  ['W', 'h', 'a', 't', ',', ' ', 'i', 's', ' ', 'y', 'o', 'u', 'r', ' ', 'n', 'a', 'm', 'e', '?', '\n', 'H', 'e', 'l', 'l', 'o', ',']
DATA_MEM:  [19, 87, 104, 97, 116, 44, 32, 105, 115, 32, 121, 111, 117, 114, 32, 110, 97, 109, 101, 63, 10, 7, 72, 101, 108, 108, 111, 44, 32, 8, 65, 66, 79, 66, 65, 49, 50, 51, 10, 0, 0, 0, 0, 0, 0, 33, 152]
---------------------------------------
DEBUG    root:machine.py:309 OUTPUT 1
TICK: 789 PC:  30 ADDR:  29 MEM_OUT: 8 ACC: 32 BUFF: 148 DC: 0 FLAG_ZERO: False FLAG_LT: 0 FLAG_GT: 1
INPUT_PORT:  []
OUT_PORT:  ['W', 'h', 'a', 't', ',', ' ', 'i', 's', ' ', 'y', 'o', 'u', 'r', ' ', 'n', 'a', 'm', 'e', '?', '\n', 'H', 'e', 'l', 'l', 'o', ',']
DATA_MEM:  [19, 87, 104, 97, 116, 44, 32, 105, 115, 32, 121, 111, 117, 114, 32, 110, 97, 109, 101, 63, 10, 7, 72, 101, 108, 108, 111, 44, 32, 8, 65, 66, 79, 66, 65, 49, 50, 51, 10, 0, 0, 0, 0, 0, 0, 33, 152]
---------------------------------------
DEBUG    root:machine.py:309 CNTZ 
TICK: 792 PC:  31 ADDR:  29 MEM_OUT: 8 ACC: 32 BUFF: 148 DC: 0 FLAG_ZERO: False FLAG_LT: 0 FLAG_GT: 1
INPUT_PORT:  []
OUT_PORT:  ['W', 'h', 'a', 't', ',', ' ', 'i', 's', ' ', 'y', 'o', 'u', 'r', ' ', 'n', 'a', 'm', 'e', '?', '\n', 'H', 'e', 'l', 'l', 'o', ',', ' ']
DATA_MEM:  [19, 87, 104, 97, 116, 44, 32, 105, 115, 32, 121, 111, 117, 114, 32, 110, 97, 109, 101, 63, 10, 7, 72, 101, 108, 108, 111, 44, 32, 8, 65, 66, 79, 66, 65, 49, 50, 51, 10, 0, 0, 0, 0, 0, 0, 33, 152]
---------------------------------------
DEBUG    root:machine.py:309 JZ 34
TICK: 795 PC:  32 ADDR:  29 MEM_OUT: 8 ACC: 32 BUFF: 148 DC: 0 FLAG_ZERO: True FLAG_LT: 0 FLAG_GT: 0
INPUT_PORT:  []
OUT_PORT:  ['W', 'h', 'a', 't', ',', ' ', 'i', 's', ' ', 'y', 'o', 'u', 'r', ' ', 'n', 'a', 'm', 'e', '?', '\n', 'H', 'e', 'l', 'l', 'o', ',', ' ']
DATA_MEM:  [19, 87, 104, 97, 116, 44, 32, 105, 115, 32, 121, 111, 117, 114, 32, 110, 97, 109, 101, 63, 10, 7, 72, 101, 108, 108, 111, 44, 32, 8, 65, 66, 79, 66, 65, 49, 50, 51, 10, 0, 0, 0, 0, 0, 0, 33, 152]
---------------------------------------
DEBUG    root:machine.py:309 LD 116
TICK: 798 PC:  34 ADDR:  29 MEM_OUT: 8 ACC: 32 BUFF: 148 DC: 0 FLAG_ZERO: True FLAG_LT: 0 FLAG_GT: 0
INPUT_PORT:  []
OUT_PORT:  ['W', 'h', 'a', 't', ',', ' ', 'i', 's', ' ', 'y', 'o', 'u', 'r', ' ', 'n', 'a', 'm', 'e', '?', '\n', 'H', 'e', 'l', 'l', 'o', ',', ' ']
DATA_MEM:  [19, 87, 104, 97, 116, 44, 32, 105, 115, 32, 121, 111, 117, 114, 32, 110, 97, 109, 101, 63, 10, 7, 72, 101, 108, 108, 111, 44, 32, 8, 65, 66, 79, 66, 65, 49, 50, 51, 10, 0, 0, 0, 0, 0, 0, 33, 152]
---------------------------------------
DEBUG    root:machine.py:309 SETCNT 
TICK: 802 PC:  35 ADDR:  29 MEM_OUT: 8 ACC: 8 BUFF: 148 DC: 0 FLAG_ZERO: True FLAG_LT: 0 FLAG_GT: 0
INPUT_PORT:  []
OUT_PORT:  ['W', 'h', 'a', 't', ',', ' ', 'i', 's', ' ', 'y', 'o', 'u', 'r', ' ', 'n', 'a', 'm', 'e', '?', '\n', 'H', 'e', 'l', 'l', 'o', ',', ' ']
DATA_MEM:  [19, 87, 104, 97, 116, 44, 32, 105, 115, 32, 121, 111, 117, 114, 32, 110, 97, 109, 101, 63, 10, 7, 72, 101, 108, 108, 111, 44, 32, 8, 65, 66, 79, 66, 65, 49, 50, 51, 10, 0, 0, 0, 0, 0, 0, 33, 152]
---------------------------------------
DEBUG    root:machine.py:309 LDA 120
TICK: 805 PC:  36 ADDR:  29 MEM_OUT: 8 ACC: 8 BUFF: 148 DC: 8 FLAG_ZERO: True FLAG_LT: 0 FLAG_GT: 0
INPUT_PORT:  []
OUT_PORT:  ['W', 'h', 'a', 't', ',', ' ', 'i', 's', ' ', 'y', 'o', 'u', 'r', ' ', 'n', 'a', 'm', 'e', '?', '\n', 'H', 'e', 'l', 'l', 'o', ',', ' ']
DATA_MEM:  [19, 87, 104, 97, 116, 44, 32, 105, 115, 32, 121, 111, 117, 114, 32, 110, 97, 109, 101, 63, 10, 7, 72, 101, 108, 108, 111, 44, 32, 8, 65, 66, 79, 66, 65, 49, 50, 51, 10, 0, 0, 0, 0, 0, 0, 33, 152]
---------------------------------------
DEBUG    root:machine.py:309 SETADDR 
TICK: 808 PC:  37 ADDR:  29 MEM_OUT: 8 ACC: 120 BUFF: 148 DC: 8 FLAG_ZERO: True FLAG_LT: 0 FLAG_GT: 0
INPUT_PORT:  []
OUT_PORT:  ['W', 'h', 'a', 't', ',', ' ', 'i', 's', ' ', 'y', 'o', 'u', 'r', ' ', 'n', 'a', 'm', 'e', '?', '\n', 'H', 'e', 'l', 'l', 'o', ',', ' ']
DATA_MEM:  [19, 87, 104, 97, 116, 44, 32, 105, 115, 32, 121, 111, 117, 114, 32, 110, 97, 109, 101, 63, 10, 7, 72, 101, 108, 108, 111, 44, 32, 8, 65, 66, 79, 66, 65, 49, 50, 51, 10, 0, 0, 0, 0, 0, 0, 33, 152]
---------------------------------------
DEBUG    root:machine.py:309 READ 
TICK: 811 PC:  38 ADDR:  30 MEM_OUT: 65 ACC: 120 BUFF: 148 DC: 8 FLAG_ZERO: True FLAG_LT: 0 FLAG_GT: 0
INPUT_PORT:  []
OUT_PORT:  ['W', 'h', 'a', 't', ',', ' ', 'i', 's', ' ', 'y', 'o', 'u', 'r', ' ', 'n', 'a', 'm', 'e', '?', '\n', 'H', 'e', 'l', 'l', 'o', ',', ' ']
DATA_MEM:  [19, 87, 104, 97, 116, 44, 32, 105, 115, 32, 121, 111, 117, 114, 32, 110, 97, 109, 101, 63, 10, 7, 72, 101, 108, 108, 111, 44, 32, 8, 65, 66, 79, 66, 65, 49, 50, 51, 10, 0, 0, 0, 0, 0, 0, 33, 152]
---------------------------------------
DEBUG    root:machine.py:309 OUTPUT 1
TICK: 815 PC:  39 ADDR:  31 MEM_OUT: 66 ACC: 65 BUFF: 148 DC: 7 FLAG_ZERO: True FLAG_LT: 0 FLAG_GT: 0
INPUT_PORT:  []
OUT_PORT:  ['W', 'h', 'a', 't', ',', ' ', 'i', 's', ' ', 'y', 'o', 'u', 'r', ' ', 'n', 'a', 'm', 'e', '?', '\n', 'H', 'e', 'l', 'l', 'o', ',', ' ']
DATA_MEM:  [19, 87, 104, 97, 116, 44, 32, 105, 115, 32, 121, 111, 117, 114, 32, 110, 97, 109, 101, 63, 10, 7, 72, 101, 108, 108, 111, 44, 32, 8, 65, 66, 79, 66, 65, 49, 50, 51, 10, 0, 0, 0, 0, 0, 0, 33, 152]
---------------------------------------
DEBUG    root:machine.py:309 CNTZ 
TICK: 818 PC:  40 ADDR:  31 MEM_OUT: 66 ACC: 65 BUFF: 148 DC: 7 FLAG_ZERO: True FLAG_LT: 0 FLAG_GT: 0
INPUT_PORT:  []
OUT_PORT:  ['W', 'h', 'a', 't', ',', ' ', 'i', 's', ' ', 'y', 'o', 'u', 'r', ' ', 'n', 'a', 'm', 'e', '?', '\n', 'H', 'e', 'l', 'l', 'o', ',', ' ', 'A']
DATA_MEM:  [19, 87, 104, 97, 116, 44, 32, 105, 115, 32, 121, 111, 117, 114, 32, 110, 97, 109, 101, 63, 10, 7, 72, 101, 108, 108, 111, 44, 32, 8, 65, 66, 79, 66, 65, 49, 50, 51, 10, 0, 0, 0, 0, 0, 0, 33, 152]
---------------------------------------
DEBUG    root:machine.py:309 JZ 43
TICK: 821 PC:  41 ADDR:  31 MEM_OUT: 66 ACC: 65 BUFF: 148 DC: 7 FLAG_ZERO: False FLAG_LT: 0 FLAG_GT: 1
INPUT_PORT:  []
OUT_PORT:  ['W', 'h', 'a', 't', ',', ' ', 'i', 's', ' ', 'y', 'o', 'u', 'r', ' ', 'n', 'a', 'm', 'e', '?', '\n', 'H', 'e', 'l', 'l', 'o', ',', ' ', 'A']
DATA_MEM:  [19, 87, 104, 97, 116, 44, 32, 105, 115, 32, 121, 111, 117, 114, 32, 110, 97, 109, 101, 63, 10, 7, 72, 101, 108, 108, 111, 44, 32, 8, 65, 66, 79, 66, 65, 49, 50, 51, 10, 0, 0, 0, 0, 0, 0, 33, 152]
---------------------------------------
DEBUG    root:machine.py:309 JMP 38
TICK: 824 PC:  42 ADDR:  31 MEM_OUT: 66 ACC: 65 BUFF: 148 DC: 7 FLAG_ZERO: False FLAG_LT: 0 FLAG_GT: 1
INPUT_PORT:  []
OUT_PORT:  ['W', 'h', 'a', 't', ',', ' ', 'i', 's', ' ', 'y', 'o', 'u', 'r', ' ', 'n', 'a', 'm', 'e', '?', '\n', 'H', 'e', 'l', 'l', 'o', ',', ' ', 'A']
DATA_MEM:  [19, 87, 104, 97, 116, 44, 32, 105, 115, 32, 121, 111, 117, 114, 32, 110, 97, 109, 101, 63, 10, 7, 72, 101, 108, 108, 111, 44, 32, 8, 65, 66, 79, 66, 65, 49, 50, 51, 10, 0, 0, 0, 0, 0, 0, 33, 152]
---------------------------------------
DEBUG    root:machine.py:309 READ 
TICK: 827 PC:  38 ADDR:  31 MEM_OUT: 66 ACC: 65 BUFF: 148 DC: 7 FLAG_ZERO: False FLAG_LT: 0 FLAG_GT: 1
INPUT_PORT:  []
OUT_PORT:  ['W', 'h', 'a', 't', ',', ' ', 'i', 's', ' ', 'y', 'o', 'u', 'r', ' ', 'n', 'a', 'm', 'e', '?', '\n', 'H', 'e', 'l', 'l', 'o', ',', ' ', 'A']
DATA_MEM:  [19, 87, 104, 97, 116, 44, 32, 105, 115, 32, 121, 111, 117, 114, 32, 110, 97, 109, 101, 63, 10, 7, 72, 101, 108, 108, 111, 44, 32, 8, 65, 66, 79, 66, 65, 49, 50, 51, 10, 0, 0, 0, 0, 0, 0, 33, 152]
---------------------------------------
DEBUG    root:machine.py:309 OUTPUT 1
TICK: 831 PC:  39 ADDR:  32 MEM_OUT: 79 ACC: 66 BUFF: 148 DC: 6 FLAG_ZERO: False FLAG_LT: 0 FLAG_GT: 1
INPUT_PORT:  []
OUT_PORT:  ['W', 'h', 'a', 't', ',', ' ', 'i', 's', ' ', 'y', 'o', 'u', 'r', ' ', 'n', 'a', 'm', 'e', '?', '\n', 'H', 'e', 'l', 'l', 'o', ',', ' ', 'A']
DATA_MEM:  [19, 87, 104, 97, 116, 44, 32, 105, 115, 32, 121, 111, 117, 114, 32, 110, 97, 109, 101, 63, 10, 7, 72, 101, 108, 108, 111, 44, 32, 8, 65, 66, 79, 66, 65, 49, 50, 51, 10, 0, 0, 0, 0, 0, 0, 33, 152]
---------------------------------------
DEBUG    root:machine.py:309 CNTZ 
TICK: 834 PC:  40 ADDR:  32 MEM_OUT: 79 ACC: 66 BUFF: 148 DC: 6 FLAG_ZERO: False FLAG_LT: 0 FLAG_GT: 1
INPUT_PORT:  []
OUT_PORT:  ['W', 'h', 'a', 't', ',', ' ', 'i', 's', ' ', 'y', 'o', 'u', 'r', ' ', 'n', 'a', 'm', 'e', '?', '\n', 'H', 'e', 'l', 'l', 'o', ',', ' ', 'A', 'B']
DATA_MEM:  [19, 87, 104, 97, 116, 44, 32, 105, 115, 32, 121, 111, 117, 114, 32, 110, 97, 109, 101, 63, 10, 7, 72, 101, 108, 108, 111, 44, 32, 8, 65, 66, 79, 66, 65, 49, 50, 51, 10, 0, 0, 0, 0, 0, 0, 33, 152]
---------------------------------------
DEBUG    root:machine.py:309 JZ 43
TICK: 837 PC:  41 ADDR:  32 MEM_OUT: 79 ACC: 66 BUFF: 148 DC: 6 FLAG_ZERO: False FLAG_LT: 0 FLAG_GT: 1
INPUT_PORT:  []
OUT_PORT:  ['W', 'h', 'a', 't', ',', ' ', 'i', 's', ' ', 'y', 'o', 'u', 'r', ' ', 'n', 'a', 'm', 'e', '?', '\n', 'H', 'e', 'l', 'l', 'o', ',', ' ', 'A', 'B']
DATA_MEM:  [19, 87, 104, 97, 116, 44, 32, 105, 115, 32, 121, 111, 117, 114, 32, 110, 97, 109, 101, 63, 10, 7, 72, 101, 108, 108, 111, 44, 32, 8, 65, 66, 79, 66, 65, 49, 50, 51, 10, 0, 0, 0, 0, 0, 0, 33, 152]
---------------------------------------
DEBUG    root:machine.py:309 JMP 38
TICK: 840 PC:  42 ADDR:  32 MEM_OUT: 79 ACC: 66 BUFF: 148 DC: 6 FLAG_ZERO: False FLAG_LT: 0 FLAG_GT: 1
INPUT_PORT:  []
OUT_PORT:  ['W', 'h', 'a', 't', ',', ' ', 'i', 's', ' ', 'y', 'o', 'u', 'r', ' ', 'n', 'a', 'm', 'e', '?', '\n', 'H', 'e', 'l', 'l', 'o', ',', ' ', 'A', 'B']
DATA_MEM:  [19, 87, 104, 97, 116, 44, 32, 105, 115, 32, 121, 111, 117, 114, 32, 110, 97, 109, 101, 63, 10, 7, 72, 101, 108, 108, 111, 44, 32, 8, 65, 66, 79, 66, 65, 49, 50, 51, 10, 0, 0, 0, 0, 0, 0, 33, 152]
---------------------------------------
DEBUG    root:machine.py:309 READ 
TICK: 843 PC:  38 ADDR:  32 MEM_OUT: 79 ACC: 66 BUFF: 148 DC: 6 FLAG_ZERO: False FLAG_LT: 0 FLAG_GT: 1
INPUT_PORT:  []
OUT_PORT:  ['W', 'h', 'a', 't', ',', ' ', 'i', 's', ' ', 'y', 'o', 'u', 'r', ' ', 'n', 'a', 'm', 'e', '?', '\n', 'H', 'e', 'l', 'l', 'o', ',', ' ', 'A', 'B']
DATA_MEM:  [19, 87, 104, 97, 116, 44, 32, 105, 115, 32, 121, 111, 117, 114, 32, 110, 97, 109, 101, 63, 10, 7, 72, 101, 108, 108, 111, 44, 32, 8, 65, 66, 79, 66, 65, 49, 50, 51, 10, 0, 0, 0, 0, 0, 0, 33, 152]
---------------------------------------
DEBUG    root:machine.py:309 OUTPUT 1
TICK: 847 PC:  39 ADDR:  33 MEM_OUT: 66 ACC: 79 BUFF: 148 DC: 5 FLAG_ZERO: False FLAG_LT: 0 FLAG_GT: 1
INPUT_PORT:  []
OUT_PORT:  ['W', 'h', 'a', 't', ',', ' ', 'i', 's', ' ', 'y', 'o', 'u', 'r', ' ', 'n', 'a', 'm', 'e', '?', '\n', 'H', 'e', 'l', 'l', 'o', ',', ' ', 'A', 'B']
DATA_MEM:  [19, 87, 104, 97, 116, 44, 32, 105, 115, 32, 121, 111, 117, 114, 32, 110, 97, 109, 101, 63, 10, 7, 72, 101, 108, 108, 111, 44, 32, 8, 65, 66, 79, 66, 65, 49, 50, 51, 10, 0, 0, 0, 0, 0, 0, 33, 152]
---------------------------------------
DEBUG    root:machine.py:309 CNTZ 
TICK: 850 PC:  40 ADDR:  33 MEM_OUT: 66 ACC: 79 BUFF: 148 DC: 5 FLAG_ZERO: False FLAG_LT: 0 FLAG_GT: 1
INPUT_PORT:  []
OUT_PORT:  ['W', 'h', 'a', 't', ',', ' ', 'i', 's', ' ', 'y', 'o', 'u', 'r', ' ', 'n', 'a', 'm', 'e', '?', '\n', 'H', 'e', 'l', 'l', 'o', ',', ' ', 'A', 'B', 'O']
DATA_MEM:  [19, 87, 104, 97, 116, 44, 32, 105, 115, 32, 121, 111, 117, 114, 32, 110, 97, 109, 101, 63, 10, 7, 72, 101, 108, 108, 111, 44, 32, 8, 65, 66, 79, 66, 65, 49, 50, 51, 10, 0, 0, 0, 0, 0, 0, 33, 152]
---------------------------------------
DEBUG    root:machine.py:309 JZ 43
TICK: 853 PC:  41 ADDR:  33 MEM_OUT: 66 ACC: 79 BUFF: 148 DC: 5 FLAG_ZERO: False FLAG_LT: 0 FLAG_GT: 1
INPUT_PORT:  []
OUT_PORT:  ['W', 'h', 'a', 't', ',', ' ', 'i', 's', ' ', 'y', 'o', 'u', 'r', ' ', 'n', 'a', 'm', 'e', '?', '\n', 'H', 'e', 'l', 'l', 'o', ',', ' ', 'A', 'B', 'O']
DATA_MEM:  [19, 87, 104, 97, 116, 44, 32, 105, 115, 32, 121, 111, 117, 114, 32, 110, 97, 109, 101, 63, 10, 7, 72, 101, 108, 108, 111, 44, 32, 8, 65, 66, 79, 66, 65, 49, 50, 51, 10, 0, 0, 0, 0, 0, 0, 33, 152]
---------------------------------------
DEBUG    root:machine.py:309 JMP 38
TICK: 856 PC:  42 ADDR:  33 MEM_OUT: 66 ACC: 79 BUFF: 148 DC: 5 FLAG_ZERO: False FLAG_LT: 0 FLAG_GT: 1
INPUT_PORT:  []
OUT_PORT:  ['W', 'h', 'a', 't', ',', ' ', 'i', 's', ' ', 'y', 'o', 'u', 'r', ' ', 'n', 'a', 'm', 'e', '?', '\n', 'H', 'e', 'l', 'l', 'o', ',', ' ', 'A', 'B', 'O']
DATA_MEM:  [19, 87, 104, 97, 116, 44, 32, 105, 115, 32, 121, 111, 117, 114, 32, 110, 97, 109, 101, 63, 10, 7, 72, 101, 108, 108, 111, 44, 32, 8, 65, 66, 79, 66, 65, 49, 50, 51, 10, 0, 0, 0, 0, 0, 0, 33, 152]
---------------------------------------
DEBUG    root:machine.py:309 READ 
TICK: 859 PC:  38 ADDR:  33 MEM_OUT: 66 ACC: 79 BUFF: 148 DC: 5 FLAG_ZERO: False FLAG_LT: 0 FLAG_GT: 1
INPUT_PORT:  []
OUT_PORT:  ['W', 'h', 'a', 't', ',', ' ', 'i', 's', ' ', 'y', 'o', 'u', 'r', ' ', 'n', 'a', 'm', 'e', '?', '\n', 'H', 'e', 'l', 'l', 'o', ',', ' ', 'A', 'B', 'O']
DATA_MEM:  [19, 87, 104, 97, 116, 44, 32, 105, 115, 32, 121, 111, 117, 114, 32, 110, 97, 109, 101, 63, 10, 7, 72, 101, 108, 108, 111, 44, 32, 8, 65, 66, 79, 66, 65, 49, 50, 51, 10, 0, 0, 0, 0, 0, 0, 33, 152]
---------------------------------------
DEBUG    root:machine.py:309 OUTPUT 1
TICK: 863 PC:  39 ADDR:  34 MEM_OUT: 65 ACC: 66 BUFF: 148 DC: 4 FLAG_ZERO: False FLAG_LT: 0 FLAG_GT: 1
INPUT_PORT:  []
OUT_PORT:  ['W', 'h', 'a', 't', ',', ' ', 'i', 's', ' ', 'y', 'o', 'u', 'r', ' ', 'n', 'a', 'm', 'e', '?', '\n', 'H', 'e', 'l', 'l', 'o', ',', ' ', 'A', 'B', 'O']
DATA_MEM:  [19, 87, 104, 97, 116, 44, 32, 105, 115, 32, 121, 111, 117, 114, 32, 110, 97, 109, 101, 63, 10, 7, 72, 101, 108, 108, 111, 44, 32, 8, 65, 66, 79, 66, 65, 49, 50, 51, 10, 0, 0, 0, 0, 0, 0, 33, 152]
---------------------------------------
DEBUG    root:machine.py:309 CNTZ 
TICK: 866 PC:  40 ADDR:  34 MEM_OUT: 65 ACC: 66 BUFF: 148 DC: 4 FLAG_ZERO: False FLAG_LT: 0 FLAG_GT: 1
INPUT_PORT:  []
OUT_PORT:  ['W', 'h', 'a', 't', ',', ' ', 'i', 's', ' ', 'y', 'o', 'u', 'r', ' ', 'n', 'a', 'm', 'e', '?', '\n', 'H', 'e', 'l', 'l', 'o', ',', ' ', 'A', 'B', 'O', 'B']
DATA_MEM:  [19, 87, 104, 97, 116, 44, 32, 105, 115, 32, 121, 111, 117, 114, 32, 110, 97, 109, 101, 63, 10, 7, 72, 101, 108, 108, 111, 44, 32, 8, 65, 66, 79, 66, 65, 49, 50, 51, 10, 0, 0, 0, 0, 0, 0, 33, 152]
---------------------------------------
DEBUG    root:machine.py:309 JZ 43
TICK: 869 PC:  41 ADDR:  34 MEM_OUT: 65 ACC: 66 BUFF: 148 DC: 4 FLAG_ZERO: False FLAG_LT: 0 FLAG_GT: 1
INPUT_PORT:  []
OUT_PORT:  ['W', 'h', 'a', 't', ',', ' ', 'i', 's', ' ', 'y', 'o', 'u', 'r', ' ', 'n', 'a', 'm', 'e', '?', '\n', 'H', 'e', 'l', 'l', 'o', ',', ' ', 'A', 'B', 'O', 'B']
DATA_MEM:  [19, 87, 104, 97, 116, 44, 32, 105, 115, 32, 121, 111, 117, 114, 32, 110, 97, 109, 101, 63, 10, 7, 72, 101, 108, 108, 111, 44, 32, 8, 65, 66, 79, 66, 65, 49, 50, 51, 10, 0, 0, 0, 0, 0, 0, 33, 152]
---------------------------------------
DEBUG    root:machine.py:309 JMP 38
TICK: 872 PC:  42 ADDR:  34 MEM_OUT: 65 ACC: 66 BUFF: 148 DC: 4 FLAG_ZERO: False FLAG_LT: 0 FLAG_GT: 1
INPUT_PORT:  []
OUT_PORT:  ['W', 'h', 'a', 't', ',', ' ', 'i', 's', ' ', 'y', 'o', 'u', 'r', ' ', 'n', 'a', 'm', 'e', '?', '\n', 'H', 'e', 'l', 'l', 'o', ',', ' ', 'A', 'B', 'O', 'B']
DATA_MEM:  [19, 87, 104, 97, 116, 44, 32, 105, 115, 32, 121, 111, 117, 114, 32, 110, 97, 109, 101, 63, 10, 7, 72, 101, 108, 108, 111, 44, 32, 8, 65, 66, 79, 66, 65, 49, 50, 51, 10, 0, 0, 0, 0, 0, 0, 33, 152]
---------------------------------------
DEBUG    root:machine.py:309 READ 
TICK: 875 PC:  38 ADDR:  34 MEM_OUT: 65 ACC: 66 BUFF: 148 DC: 4 FLAG_ZERO: False FLAG_LT: 0 FLAG_GT: 1
INPUT_PORT:  []
OUT_PORT:  ['W', 'h', 'a', 't', ',', ' ', 'i', 's', ' ', 'y', 'o', 'u', 'r', ' ', 'n', 'a', 'm', 'e', '?', '\n', 'H', 'e', 'l', 'l', 'o', ',', ' ', 'A', 'B', 'O', 'B']
DATA_MEM:  [19, 87, 104, 97, 116, 44, 32, 105, 115, 32, 121, 111, 117, 114, 32, 110, 97, 109, 101, 63, 10, 7, 72, 101, 108, 108, 111, 44, 32, 8, 65, 66, 79, 66, 65, 49, 50, 51, 10, 0, 0, 0, 0, 0, 0, 33, 152]
---------------------------------------
DEBUG    root:machine.py:309 OUTPUT 1
TICK: 879 PC:  39 ADDR:  35 MEM_OUT: 49 ACC: 65 BUFF: 148 DC: 3 FLAG_ZERO: False FLAG_LT: 0 FLAG_GT: 1
INPUT_PORT:  []
OUT_PORT:  ['W', 'h', 'a', 't', ',', ' ', 'i', 's', ' ', 'y', 'o', 'u', 'r', ' ', 'n', 'a', 'm', 'e', '?', '\n', 'H', 'e', 'l', 'l', 'o', ',', ' ', 'A', 'B', 'O', 'B']
DATA_MEM:  [19, 87, 104, 97, 116, 44, 32, 105, 115, 32, 121, 111, 117, 114, 32, 110, 97, 109, 101, 63, 10, 7, 72, 101, 108, 108, 111, 44, 32, 8, 65, 66, 79, 66, 65, 49, 50, 51, 10, 0, 0, 0, 0, 0, 0, 33, 152]
---------------------------------------
DEBUG    root:machine.py:309 CNTZ 
TICK: 882 PC:  40 ADDR:  35 MEM_OUT: 49 ACC: 65 BUFF: 148 DC: 3 FLAG_ZERO: False FLAG_LT: 0 FLAG_GT: 1
INPUT_PORT:  []
OUT_PORT:  ['W', 'h', 'a', 't', ',', ' ', 'i', 's', ' ', 'y', 'o', 'u', 'r', ' ', 'n', 'a', 'm', 'e', '?', '\n', 'H', 'e', 'l', 'l', 'o', ',', ' ', 'A', 'B', 'O', 'B', 'A']
DATA_MEM:  [19, 87, 104, 97, 116, 44, 32, 105, 115, 32, 121, 111, 117, 114, 32, 110, 97, 109, 101, 63, 10, 7, 72, 101, 108, 108, 111, 44, 32, 8, 65, 66, 79, 66, 65, 49, 50, 51, 10, 0, 0, 0, 0, 0, 0, 33, 152]
---------------------------------------
DEBUG    root:machine.py:309 JZ 43
TICK: 885 PC:  41 ADDR:  35 MEM_OUT: 49 ACC: 65 BUFF: 148 DC: 3 FLAG_ZERO: False FLAG_LT: 0 FLAG_GT: 1
INPUT_PORT:  []
OUT_PORT:  ['W', 'h', 'a', 't', ',', ' ', 'i', 's', ' ', 'y', 'o', 'u', 'r', ' ', 'n', 'a', 'm', 'e', '?', '\n', 'H', 'e', 'l', 'l', 'o', ',', ' ', 'A', 'B', 'O', 'B', 'A']
DATA_MEM:  [19, 87, 104, 97, 116, 44, 32, 105, 115, 32, 121, 111, 117, 114, 32, 110, 97, 109, 101, 63, 10, 7, 72, 101, 108, 108, 111, 44, 32, 8, 65, 66, 79, 66, 65, 49, 50, 51, 10, 0, 0, 0, 0, 0, 0, 33, 152]
---------------------------------------
DEBUG    root:machine.py:309 JMP 38
TICK: 888 PC:  42 ADDR:  35 MEM_OUT: 49 ACC: 65 BUFF: 148 DC: 3 FLAG_ZERO: False FLAG_LT: 0 FLAG_GT: 1
INPUT_PORT:  []
OUT_PORT:  ['W', 'h', 'a', 't', ',', ' ', 'i', 's', ' ', 'y', 'o', 'u', 'r', ' ', 'n', 'a', 'm', 'e', '?', '\n', 'H', 'e', 'l', 'l', 'o', ',', ' ', 'A', 'B', 'O', 'B', 'A']
DATA_MEM:  [19, 87, 104, 97, 116, 44, 32, 105, 115, 32, 121, 111, 117, 114, 32, 110, 97, 109, 101, 63, 10, 7, 72, 101, 108, 108, 111, 44, 32, 8, 65, 66, 79, 66, 65, 49, 50, 51, 10, 0, 0, 0, 0, 0, 0, 33, 152]
---------------------------------------
DEBUG    root:machine.py:309 READ 
TICK: 891 PC:  38 ADDR:  35 MEM_OUT: 49 ACC: 65 BUFF: 148 DC: 3 FLAG_ZERO: False FLAG_LT: 0 FLAG_GT: 1
INPUT_PORT:  []
OUT_PORT:  ['W', 'h', 'a', 't', ',', ' ', 'i', 's', ' ', 'y', 'o', 'u', 'r', ' ', 'n', 'a', 'm', 'e', '?', '\n', 'H', 'e', 'l', 'l', 'o', ',', ' ', 'A', 'B', 'O', 'B', 'A']
DATA_MEM:  [19, 87, 104, 97, 116, 44, 32, 105, 115, 32, 121, 111, 117, 114, 32, 110, 97, 109, 101, 63, 10, 7, 72, 101, 108, 108, 111, 44, 32, 8, 65, 66, 79, 66, 65, 49, 50, 51, 10, 0, 0, 0, 0, 0, 0, 33, 152]
---------------------------------------
DEBUG    root:machine.py:309 OUTPUT 1
TICK: 895 PC:  39 ADDR:  36 MEM_OUT: 50 ACC: 49 BUFF: 148 DC: 2 FLAG_ZERO: False FLAG_LT: 0 FLAG_GT: 1
INPUT_PORT:  []
OUT_PORT:  ['W', 'h', 'a', 't', ',', ' ', 'i', 's', ' ', 'y', 'o', 'u', 'r', ' ', 'n', 'a', 'm', 'e', '?', '\n', 'H', 'e', 'l', 'l', 'o', ',', ' ', 'A', 'B', 'O', 'B', 'A']
DATA_MEM:  [19, 87, 104, 97, 116, 44, 32, 105, 115, 32, 121, 111, 117, 114, 32, 110, 97, 109, 101, 63, 10, 7, 72, 101, 108, 108, 111, 44, 32, 8, 65, 66, 79, 66, 65, 49, 50, 51, 10, 0, 0, 0, 0, 0, 0, 33, 152]
---------------------------------------
DEBUG    root:machine.py:309 CNTZ 
TICK: 898 PC:  40 ADDR:  36 MEM_OUT: 50 ACC: 49 BUFF: 148 DC: 2 FLAG_ZERO: False FLAG_LT: 0 FLAG_GT: 1
INPUT_PORT:  []
OUT_PORT:  ['W', 'h', 'a', 't', ',', ' ', 'i', 's', ' ', 'y', 'o', 'u', 'r', ' ', 'n', 'a', 'm', 'e', '?', '\n', 'H', 'e', 'l', 'l', 'o', ',', ' ', 'A', 'B', 'O', 'B', 'A', '1']
DATA_MEM:  [19, 87, 104, 97, 116, 44, 32, 105, 115, 32, 121, 111, 117, 114, 32, 110, 97, 109, 101, 63, 10, 7, 72, 101, 108, 108, 111, 44, 32, 8, 65, 66, 79, 66, 65, 49, 50, 51, 10, 0, 0, 0, 0, 0, 0, 33, 152]
---------------------------------------
DEBUG    root:machine.py:309 JZ 43
TICK: 901 PC:  41 ADDR:  36 MEM_OUT: 50 ACC: 49 BUFF: 148 DC: 2 FLAG_ZERO: False FLAG_LT: 0 FLAG_GT: 1
INPUT_PORT:  []
OUT_PORT:  ['W', 'h', 'a', 't', ',', ' ', 'i', 's', ' ', 'y', 'o', 'u', 'r', ' ', 'n', 'a', 'm', 'e', '?', '\n', 'H', 'e', 'l', 'l', 'o', ',', ' ', 'A', 'B', 'O', 'B', 'A', '1']
DATA_MEM:  [19, 87, 104, 97, 116, 44, 32, 105, 115, 32, 121, 111, 117, 114, 32, 110, 97, 109, 101, 63, 10, 7, 72, 101, 108, 108, 111, 44, 32, 8, 65, 66, 79, 66, 65, 49, 50, 51, 10, 0, 0, 0, 0, 0, 0, 33, 152]
---------------------------------------
DEBUG    root:machine.py:309 JMP 38
TICK: 904 PC:  42 ADDR:  36 MEM_OUT: 50 ACC: 49 BUFF: 148 DC: 2 FLAG_ZERO: False FLAG_LT: 0 FLAG_GT: 1
INPUT_PORT:  []
OUT_PORT:  ['W', 'h', 'a', 't', ',', ' ', 'i', 's', ' ', 'y', 'o', 'u', 'r', ' ', 'n', 'a', 'm', 'e', '?', '\n', 'H', 'e', 'l', 'l', 'o', ',', ' ', 'A', 'B', 'O', 'B', 'A', '1']
DATA_MEM:  [19, 87, 104, 97, 116, 44, 32, 105, 115, 32, 121, 111, 117, 114, 32, 110, 97, 109, 101, 63, 10, 7, 72, 101, 108, 108, 111, 44, 32, 8, 65, 66, 79, 66, 65, 49, 50, 51, 10, 0, 0, 0, 0, 0, 0, 33, 152]
---------------------------------------
DEBUG    root:machine.py:309 READ 
TICK: 907 PC:  38 ADDR:  36 MEM_OUT: 50 ACC: 49 BUFF: 148 DC: 2 FLAG_ZERO: False FLAG_LT: 0 FLAG_GT: 1
INPUT_PORT:  []
OUT_PORT:  ['W', 'h', 'a', 't', ',', ' ', 'i', 's', ' ', 'y', 'o', 'u', 'r', ' ', 'n', 'a', 'm', 'e', '?', '\n', 'H', 'e', 'l', 'l', 'o', ',', ' ', 'A', 'B', 'O', 'B', 'A', '1']
DATA_MEM:  [19, 87, 104, 97, 116, 44, 32, 105, 115, 32, 121, 111, 117, 114, 32, 110, 97, 109, 101, 63, 10, 7, 72, 101, 108, 108, 111, 44, 32, 8, 65, 66, 79, 66, 65, 49, 50, 51, 10, 0, 0, 0, 0, 0, 0, 33, 152]
---------------------------------------
DEBUG    root:machine.py:309 OUTPUT 1
TICK: 911 PC:  39 ADDR:  37 MEM_OUT: 51 ACC: 50 BUFF: 148 DC: 1 FLAG_ZERO: False FLAG_LT: 0 FLAG_GT: 1
INPUT_PORT:  []
OUT_PORT:  ['W', 'h', 'a', 't', ',', ' ', 'i', 's', ' ', 'y', 'o', 'u', 'r', ' ', 'n', 'a', 'm', 'e', '?', '\n', 'H', 'e', 'l', 'l', 'o', ',', ' ', 'A', 'B', 'O', 'B', 'A', '1']
DATA_MEM:  [19, 87, 104, 97, 116, 44, 32, 105, 115, 32, 121, 111, 117, 114, 32, 110, 97, 109, 101, 63, 10, 7, 72, 101, 108, 108, 111, 44, 32, 8, 65, 66, 79, 66, 65, 49, 50, 51, 10, 0, 0, 0, 0, 0, 0, 33, 152]
---------------------------------------
DEBUG    root:machine.py:309 CNTZ 
TICK: 914 PC:  40 ADDR:  37 MEM_OUT: 51 ACC: 50 BUFF: 148 DC: 1 FLAG_ZERO: False FLAG_LT: 0 FLAG_GT: 1
INPUT_PORT:  []
OUT_PORT:  ['W', 'h', 'a', 't', ',', ' ', 'i', 's', ' ', 'y', 'o', 'u', 'r', ' ', 'n', 'a', 'm', 'e', '?', '\n', 'H', 'e', 'l', 'l', 'o', ',', ' ', 'A', 'B', 'O', 'B', 'A', '1', '2']
DATA_MEM:  [19, 87, 104, 97, 116, 44, 32, 105, 115, 32, 121, 111, 117, 114, 32, 110, 97, 109, 101, 63, 10, 7, 72, 101, 108, 108, 111, 44, 32, 8, 65, 66, 79, 66, 65, 49, 50, 51, 10, 0, 0, 0, 0, 0, 0, 33, 152]
---------------------------------------
DEBUG    root:machine.py:309 JZ 43
TICK: 917 PC:  41 ADDR:  37 MEM_OUT: 51 ACC: 50 BUFF: 148 DC: 1 FLAG_ZERO: False FLAG_LT: 0 FLAG_GT: 1
INPUT_PORT:  []
OUT_PORT:  ['W', 'h', 'a', 't', ',', ' ', 'i', 's', ' ', 'y', 'o', 'u', 'r', ' ', 'n', 'a', 'm', 'e', '?', '\n', 'H', 'e', 'l', 'l', 'o', ',', ' ', 'A', 'B', 'O', 'B', 'A', '1', '2']
DATA_MEM:  [19, 87, 104, 97, 116, 44, 32, 105, 115, 32, 121, 111, 117, 114, 32, 110, 97, 109, 101, 63, 10, 7, 72, 101, 108, 108, 111, 44, 32, 8, 65, 66, 79, 66, 65, 49, 50, 51, 10, 0, 0, 0, 0, 0, 0, 33, 152]
---------------------------------------
DEBUG    root:machine.py:309 JMP 38
TICK: 920 PC:  42 ADDR:  37 MEM_OUT: 51 ACC: 50 BUFF: 148 DC: 1 FLAG_ZERO: False FLAG_LT: 0 FLAG_GT: 1
INPUT_PORT:  []
OUT_PORT:  ['W', 'h', 'a', 't', ',', ' ', 'i', 's', ' ', 'y', 'o', 'u', 'r', ' ', 'n', 'a', 'm', 'e', '?', '\n', 'H', 'e', 'l', 'l', 'o', ',', ' ', 'A', 'B', 'O', 'B', 'A', '1', '2']
DATA_MEM:  [19, 87, 104, 97, 116, 44, 32, 105, 115, 32, 121, 111, 117, 114, 32, 110, 97, 109, 101, 63, 10, 7, 72, 101, 108, 108, 111, 44, 32, 8, 65, 66, 79, 66, 65, 49, 50, 51, 10, 0, 0, 0, 0, 0, 0, 33, 152]
---------------------------------------
DEBUG    root:machine.py:309 READ 
TICK: 923 PC:  38 ADDR:  37 MEM_OUT: 51 ACC: 50 BUFF: 148 DC: 1 FLAG_ZERO: False FLAG_LT: 0 FLAG_GT: 1
INPUT_PORT:  []
OUT_PORT:  ['W', 'h', 'a', 't', ',', ' ', 'i', 's', ' ', 'y', 'o', 'u', 'r', ' ', 'n', 'a', 'm', 'e', '?', '\n', 'H', 'e', 'l', 'l', 'o', ',', ' ', 'A', 'B', 'O', 'B', 'A', '1', '2']
DATA_MEM:  [19, 87, 104, 97, 116, 44, 32, 105, 115, 32, 121, 111, 117, 114, 32, 110, 97, 109, 101, 63, 10, 7, 72, 101, 108, 108, 111, 44, 32, 8, 65, 66, 79, 66, 65, 49, 50, 51, 10, 0, 0, 0, 0, 0, 0, 33, 152]
---------------------------------------
DEBUG    root:machine.py:309 OUTPUT 1
TICK: 927 PC:  39 ADDR:  38 MEM_OUT: 10 ACC: 51 BUFF: 148 DC: 0 FLAG_ZERO: False FLAG_LT: 0 FLAG_GT: 1
INPUT_PORT:  []
OUT_PORT:  ['W', 'h', 'a', 't', ',', ' ', 'i', 's', ' ', 'y', 'o', 'u', 'r', ' ', 'n', 'a', 'm', 'e', '?', '\n', 'H', 'e', 'l', 'l', 'o', ',', ' ', 'A', 'B', 'O', 'B', 'A', '1', '2']
DATA_MEM:  [19, 87, 104, 97, 116, 44, 32, 105, 115, 32, 121, 111, 117, 114, 32, 110, 97, 109, 101, 63, 10, 7, 72, 101, 108, 108, 111, 44, 32, 8, 65, 66, 79, 66, 65, 49, 50, 51, 10, 0, 0, 0, 0, 0, 0, 33, 152]
---------------------------------------
DEBUG    root:machine.py:309 CNTZ 
TICK: 930 PC:  40 ADDR:  38 MEM_OUT: 10 ACC: 51 BUFF: 148 DC: 0 FLAG_ZERO: False FLAG_LT: 0 FLAG_GT: 1
INPUT_PORT:  []
OUT_PORT:  ['W', 'h', 'a', 't', ',', ' ', 'i', 's', ' ', 'y', 'o', 'u', 'r', ' ', 'n', 'a', 'm', 'e', '?', '\n', 'H', 'e', 'l', 'l', 'o', ',', ' ', 'A', 'B', 'O', 'B', 'A', '1', '2', '3']
DATA_MEM:  [19, 87, 104, 97, 116, 44, 32, 105, 115, 32, 121, 111, 117, 114, 32, 110, 97, 109, 101, 63, 10, 7, 72, 101, 108, 108, 111, 44, 32, 8, 65, 66, 79, 66, 65, 49, 50, 51, 10, 0, 0, 0, 0, 0, 0, 33, 152]
---------------------------------------
DEBUG    root:machine.py:309 JZ 43
TICK: 933 PC:  41 ADDR:  38 MEM_OUT: 10 ACC: 51 BUFF: 148 DC: 0 FLAG_ZERO: True FLAG_LT: 0 FLAG_GT: 0
INPUT_PORT:  []
OUT_PORT:  ['W', 'h', 'a', 't', ',', ' ', 'i', 's', ' ', 'y', 'o', 'u', 'r', ' ', 'n', 'a', 'm', 'e', '?', '\n', 'H', 'e', 'l', 'l', 'o', ',', ' ', 'A', 'B', 'O', 'B', 'A', '1', '2', '3']
DATA_MEM:  [19, 87, 104, 97, 116, 44, 32, 105, 115, 32, 121, 111, 117, 114, 32, 110, 97, 109, 101, 63, 10, 7, 72, 101, 108, 108, 111, 44, 32, 8, 65, 66, 79, 66, 65, 49, 50, 51, 10, 0, 0, 0, 0, 0, 0, 33, 152]
---------------------------------------
DEBUG    root:machine.py:309 LD 180
TICK: 936 PC:  43 ADDR:  38 MEM_OUT: 10 ACC: 51 BUFF: 148 DC: 0 FLAG_ZERO: True FLAG_LT: 0 FLAG_GT: 0
INPUT_PORT:  []
OUT_PORT:  ['W', 'h', 'a', 't', ',', ' ', 'i', 's', ' ', 'y', 'o', 'u', 'r', ' ', 'n', 'a', 'm', 'e', '?', '\n', 'H', 'e', 'l', 'l', 'o', ',', ' ', 'A', 'B', 'O', 'B', 'A', '1', '2', '3']
DATA_MEM:  [19, 87, 104, 97, 116, 44, 32, 105, 115, 32, 121, 111, 117, 114, 32, 110, 97, 109, 101, 63, 10, 7, 72, 101, 108, 108, 111, 44, 32, 8, 65, 66, 79, 66, 65, 49, 50, 51, 10, 0, 0, 0, 0, 0, 0, 33, 152]
---------------------------------------
DEBUG    root:machine.py:309 OUTPUT 1
TICK: 940 PC:  44 ADDR:  45 MEM_OUT: 33 ACC: 33 BUFF: 148 DC: 0 FLAG_ZERO: True FLAG_LT: 0 FLAG_GT: 0
INPUT_PORT:  []
OUT_PORT:  ['W', 'h', 'a', 't', ',', ' ', 'i', 's', ' ', 'y', 'o', 'u', 'r', ' ', 'n', 'a', 'm', 'e', '?', '\n', 'H', 'e', 'l', 'l', 'o', ',', ' ', 'A', 'B', 'O', 'B', 'A', '1', '2', '3']
DATA_MEM:  [19, 87, 104, 97, 116, 44, 32, 105, 115, 32, 121, 111, 117, 114, 32, 110, 97, 109, 101, 63, 10, 7, 72, 101, 108, 108, 111, 44, 32, 8, 65, 66, 79, 66, 65, 49, 50, 51, 10, 0, 0, 0, 0, 0, 0, 33, 152]
---------------------------------------
DEBUG    root:machine.py:309 HLT 
TICK: 943 PC:  45 ADDR:  45 MEM_OUT: 33 ACC: 33 BUFF: 148 DC: 0 FLAG_ZERO: True FLAG_LT: 0 FLAG_GT: 0
INPUT_PORT:  []
OUT_PORT:  ['W', 'h', 'a', 't', ',', ' ', 'i', 's', ' ', 'y', 'o', 'u', 'r', ' ', 'n', 'a', 'm', 'e', '?', '\n', 'H', 'e', 'l', 'l', 'o', ',', ' ', 'A', 'B', 'O', 'B', 'A', '1', '2', '3', '!']
DATA_MEM:  [19, 87, 104, 97, 116, 44, 32, 105, 115, 32, 121, 111, 117, 114, 32, 110, 97, 109, 101, 63, 10, 7, 72, 101, 108, 108, 111, 44, 32, 8, 65, 66, 79, 66, 65, 49, 50, 51, 10, 0, 0, 0, 0, 0, 0, 33, 152]
---------------------------------------
INFO     root:machine.py:317 output_buffer: 'What, is your name?\nHello, ABOBA123!'
DEBUG    root:machine.py:300 LD 0
TICK:   0 PC:   0 ADDR:   0 MEM_OUT: 0 ACC: 0 BUFF: 0 DC: 0 FLAG_ZERO: False FLAG_LT: 0 FLAG_GT: 0
INPUT_PORT:  []
OUT_PORT:  []
DATA_MEM:  [0, 0]
---------------------------------------
DEBUG    root:machine.py:309 INC 
TICK:   4 PC:   1 ADDR:   0 MEM_OUT: 0 ACC: 0 BUFF: 0 DC: 0 FLAG_ZERO: False FLAG_LT: 0 FLAG_GT: 0
INPUT_PORT:  []
OUT_PORT:  []
DATA_MEM:  [0, 0]
---------------------------------------
DEBUG    root:machine.py:309 ST 0
TICK:   7 PC:   2 ADDR:   0 MEM_OUT: 0 ACC: 1 BUFF: 0 DC: 0 FLAG_ZERO: False FLAG_LT: 0 FLAG_GT: 0
INPUT_PORT:  []
OUT_PORT:  []
DATA_MEM:  [0, 0]
---------------------------------------
DEBUG    root:machine.py:309 CMP 1000
TICK:  11 PC:   3 ADDR:   0 MEM_OUT: 1 ACC: 1 BUFF: 0 DC: 0 FLAG_ZERO: False FLAG_LT: 0 FLAG_GT: 0
INPUT_PORT:  []
OUT_PORT:  []
DATA_MEM:  [1, 0]
---------------------------------------
DEBUG    root:machine.py:309 JGE 22
TICK:  14 PC:   4 ADDR:   0 MEM_OUT: 1 ACC: 1 BUFF: 0 DC: 0 FLAG_ZERO: False FLAG_LT: 1 FLAG_GT: 0
INPUT_PORT:  []
OUT_PORT:  []
DATA_MEM:  [1, 0]
---------------------------------------
DEBUG    root:machine.py:309 LD 0
TICK:  17 PC:   5 ADDR:   0 MEM_OUT: 1 ACC: 1 BUFF: 0 DC: 0 FLAG_ZERO: False FLAG_LT: 1 FLAG_GT: 0
INPUT_PORT:  []
OUT_PORT:  []
DATA_MEM:  [1, 0]
---------------------------------------
DEBUG    root:machine.py:309 MOD 3
TICK:  21 PC:   6 ADDR:   0 MEM_OUT: 1 ACC: 1 BUFF: 0 DC: 0 FLAG_ZERO: False FLAG_LT: 1 FLAG_GT: 0
INPUT_PORT:  []
OUT_PORT:  []
DATA_MEM:  [1, 0]
---------------------------------------
DEBUG    root:machine.py:309 CMP 0
TICK:  25 PC:   7 ADDR:   0 MEM_OUT: 1 ACC: 1 BUFF: 1 DC: 0 FLAG_ZERO: False FLAG_LT: 1 FLAG_GT: 0
INPUT_PORT:  []
OUT_PORT:  []
DATA_MEM:  [1, 0]
---------------------------------------
DEBUG    root:machine.py:309 JE 14
TICK:  28 PC:   8 ADDR:   0 MEM_OUT: 1 ACC: 1 BUFF: 1 DC: 0 FLAG_ZERO: False FLAG_LT: 0 FLAG_GT: 1
INPUT_PORT:  []
OUT_PORT:  []
DATA_MEM:  [1, 0]
---------------------------------------
DEBUG    root:machine.py:309 LD 0
TICK:  31 PC:   9 ADDR:   0 MEM_OUT: 1 ACC: 1 BUFF: 1 DC: 0 FLAG_ZERO: False FLAG_LT: 0 FLAG_GT: 1
INPUT_PORT:  []
OUT_PORT:  []
DATA_MEM:  [1, 0]
---------------------------------------
DEBUG    root:machine.py:309 MOD 5
TICK:  35 PC:  10 ADDR:   0 MEM_OUT: 1 ACC: 1 BUFF: 1 DC: 0 FLAG_ZERO: False FLAG_LT: 0 FLAG_GT: 1
INPUT_PORT:  []
OUT_PORT:  []
DATA_MEM:  [1, 0]
---------------------------------------
DEBUG    root:machine.py:309 CMP 0
TICK:  39 PC:  11 ADDR:   0 MEM_OUT: 1 ACC: 1 BUFF: 1 DC: 0 FLAG_ZERO: False FLAG_LT: 0 FLAG_GT: 1
INPUT_PORT:  []
OUT_PORT:  []
DATA_MEM:  [1, 0]
---------------------------------------
DEBUG    root:machine.py:309 JE 18
TICK:  42 PC:  12 ADDR:   0 MEM_OUT: 1 ACC: 1 BUFF: 1 DC: 0 FLAG_ZERO: False FLAG_LT: 0 FLAG_GT: 1
INPUT_PORT:  []
OUT_PORT:  []
DATA_MEM:  [1, 0]
---------------------------------------
DEBUG    root:machine.py:309 JMP 0
TICK:  45 PC:  13 ADDR:   0 MEM_OUT: 1 ACC: 1 BUFF: 1 DC: 0 FLAG_ZERO: False FLAG_LT: 0 FLAG_GT: 1
INPUT_PORT:  []
OUT_PORT:  []
DATA_MEM:  [1, 0]
---------------------------------------
DEBUG    root:machine.py:309 LD 0
TICK:  48 PC:   0 ADDR:   0 MEM_OUT: 1 ACC: 1 BUFF: 1 DC: 0 FLAG_ZERO: False FLAG_LT: 0 FLAG_GT: 1
INPUT_PORT:  []
OUT_PORT:  []
DATA_MEM:  [1, 0]
---------------------------------------
DEBUG    root:machine.py:309 INC 
TICK:  52 PC:   1 ADDR:   0 MEM_OUT: 1 ACC: 1 BUFF: 1 DC: 0 FLAG_ZERO: False FLAG_LT: 0 FLAG_GT: 1
INPUT_PORT:  []
OUT_PORT:  []
DATA_MEM:  [1, 0]
---------------------------------------
DEBUG    root:machine.py:309 ST 0
TICK:  55 PC:   2 ADDR:   0 MEM_OUT: 1 ACC: 2 BUFF: 1 DC: 0 FLAG_ZERO: False FLAG_LT: 0 FLAG_GT: 1
INPUT_PORT:  []
OUT_PORT:  []
DATA_MEM:  [1, 0]
---------------------------------------
DEBUG    root:machine.py:309 CMP 1000
TICK:  59 PC:   3 ADDR:   0 MEM_OUT: 2 ACC: 2 BUFF: 1 DC: 0 FLAG_ZERO: False FLAG_LT: 0 FLAG_GT: 1
INPUT_PORT:  []
OUT_PORT:  []
DATA_MEM:  [2, 0]
---------------------------------------
DEBUG    root:machine.py:309 JGE 22
TICK:  62 PC:   4 ADDR:   0 MEM_OUT: 2 ACC: 2 BUFF: 1 DC: 0 FLAG_ZERO: False FLAG_LT: 1 FLAG_GT: 0
INPUT_PORT:  []
OUT_PORT:  []
DATA_MEM:  [2, 0]
---------------------------------------
DEBUG    root:machine.py:309 LD 0
TICK:  65 PC:   5 ADDR:   0 MEM_OUT: 2 ACC: 2 BUFF: 1 DC: 0 FLAG_ZERO: False FLAG_LT: 1 FLAG_GT: 0
INPUT_PORT:  []
OUT_PORT:  []
DATA_MEM:  [2, 0]
---------------------------------------
DEBUG    root:machine.py:309 MOD 3
TICK:  69 PC:   6 ADDR:   0 MEM_OUT: 2 ACC: 2 BUFF: 1 DC: 0 FLAG_ZERO: False FLAG_LT: 1 FLAG_GT: 0
INPUT_PORT:  []
OUT_PORT:  []
DATA_MEM:  [2, 0]
---------------------------------------
DEBUG    root:machine.py:309 CMP 0
TICK:  73 PC:   7 ADDR:   0 MEM_OUT: 2 ACC: 2 BUFF: 2 DC: 0 FLAG_ZERO: False FLAG_LT: 1 FLAG_GT: 0
INPUT_PORT:  []
OUT_PORT:  []
DATA_MEM:  [2, 0]
---------------------------------------
DEBUG    root:machine.py:309 JE 14
TICK:  76 PC:   8 ADDR:   0 MEM_OUT: 2 ACC: 2 BUFF: 2 DC: 0 FLAG_ZERO: False FLAG_LT: 0 FLAG_GT: 1
INPUT_PORT:  []
OUT_PORT:  []
DATA_MEM:  [2, 0]
---------------------------------------
DEBUG    root:machine.py:309 LD 0
TICK:  79 PC:   9 ADDR:   0 MEM_OUT: 2 ACC: 2 BUFF: 2 DC: 0 FLAG_ZERO: False FLAG_LT: 0 FLAG_GT: 1
INPUT_PORT:  []
OUT_PORT:  []
DATA_MEM:  [2, 0]
---------------------------------------
DEBUG    root:machine.py:309 MOD 5
TICK:  83 PC:  10 ADDR:   0 MEM_OUT: 2 ACC: 2 BUFF: 2 DC: 0 FLAG_ZERO: False FLAG_LT: 0 FLAG_GT: 1
INPUT_PORT:  []
OUT_PORT:  []
DATA_MEM:  [2, 0]
---------------------------------------
DEBUG    root:machine.py:309 CMP 0
TICK:  87 PC:  11 ADDR:   0 MEM_OUT: 2 ACC: 2 BUFF: 2 DC: 0 FLAG_ZERO: False FLAG_LT: 0 FLAG_GT: 1
INPUT_PORT:  []
OUT_PORT:  []
DATA_MEM:  [2, 0]
---------------------------------------
DEBUG    root:machine.py:309 JE 18
TICK:  90 PC:  12 ADDR:   0 MEM_OUT: 2 ACC: 2 BUFF: 2 DC: 0 FLAG_ZERO: False FLAG_LT: 0 FLAG_GT: 1
INPUT_PORT:  []
OUT_PORT:  []
DATA_MEM:  [2, 0]
---------------------------------------
DEBUG    root:machine.py:309 JMP 0
TICK:  93 PC:  13 ADDR:   0 MEM_OUT: 2 ACC: 2 BUFF: 2 DC: 0 FLAG_ZERO: False FLAG_LT: 0 FLAG_GT: 1
INPUT_PORT:  []
OUT_PORT:  []
DATA_MEM:  [2, 0]
---------------------------------------
DEBUG    root:machine.py:309 LD 0
TICK:  96 PC:   0 ADDR:   0 MEM_OUT: 2 ACC: 2 BUFF: 2 DC: 0 FLAG_ZERO: False FLAG_LT: 0 FLAG_GT: 1
INPUT_PORT:  []
OUT_PORT:  []
DATA_MEM:  [2, 0]
---------------------------------------
DEBUG    root:machine.py:309 INC 
TICK: 100 PC:   1 ADDR:   0 MEM_OUT: 2 ACC: 2 BUFF: 2 DC: 0 FLAG_ZERO: False FLAG_LT: 0 FLAG_GT: 1
INPUT_PORT:  []
OUT_PORT:  []
DATA_MEM:  [2, 0]
---------------------------------------
DEBUG    root:machine.py:309 ST 0
TICK: 103 PC:   2 ADDR:   0 MEM_OUT: 2 ACC: 3 BUFF: 2 DC: 0 FLAG_ZERO: False FLAG_LT: 0 FLAG_GT: 1
INPUT_PORT:  []
OUT_PORT:  []
DATA_MEM:  [2, 0]
---------------------------------------
DEBUG    root:machine.py:309 CMP 1000
TICK: 107 PC:   3 ADDR:   0 MEM_OUT: 3 ACC: 3 BUFF: 2 DC: 0 FLAG_ZERO: False FLAG_LT: 0 FLAG_GT: 1
INPUT_PORT:  []
OUT_PORT:  []
DATA_MEM:  [3, 0]
---------------------------------------
DEBUG    root:machine.py:309 JGE 22
TICK: 110 PC:   4 ADDR:   0 MEM_OUT: 3 ACC: 3 BUFF: 2 DC: 0 FLAG_ZERO: False FLAG_LT: 1 FLAG_GT: 0
INPUT_PORT:  []
OUT_PORT:  []
DATA_MEM:  [3, 0]
---------------------------------------
DEBUG    root:machine.py:309 LD 0
TICK: 113 PC:   5 ADDR:   0 MEM_OUT: 3 ACC: 3 BUFF: 2 DC: 0 FLAG_ZERO: False FLAG_LT: 1 FLAG_GT: 0
INPUT_PORT:  []
OUT_PORT:  []
DATA_MEM:  [3, 0]
---------------------------------------
DEBUG    root:machine.py:309 MOD 3
TICK: 117 PC:   6 ADDR:   0 MEM_OUT: 3 ACC: 3 BUFF: 2 DC: 0 FLAG_ZERO: False FLAG_LT: 1 FLAG_GT: 0
INPUT_PORT:  []
OUT_PORT:  []
DATA_MEM:  [3, 0]
---------------------------------------
DEBUG    root:machine.py:309 CMP 0
TICK: 121 PC:   7 ADDR:   0 MEM_OUT: 3 ACC: 0 BUFF: 3 DC: 0 FLAG_ZERO: False FLAG_LT: 1 FLAG_GT: 0
INPUT_PORT:  []
OUT_PORT:  []
DATA_MEM:  [3, 0]
---------------------------------------
DEBUG    root:machine.py:309 JE 14
TICK: 124 PC:   8 ADDR:   0 MEM_OUT: 3 ACC: 0 BUFF: 3 DC: 0 FLAG_ZERO: True FLAG_LT: 0 FLAG_GT: 0
INPUT_PORT:  []
OUT_PORT:  []
DATA_MEM:  [3, 0]
---------------------------------------
DEBUG    root:machine.py:309 LD 4
TICK: 127 PC:  14 ADDR:   0 MEM_OUT: 3 ACC: 0 BUFF: 3 DC: 0 FLAG_ZERO: True FLAG_LT: 0 FLAG_GT: 0
INPUT_PORT:  []
OUT_PORT:  []
DATA_MEM:  [3, 0]
---------------------------------------
DEBUG    root:machine.py:309 INC 
TICK: 131 PC:  15 ADDR:   1 MEM_OUT: 0 ACC: 0 BUFF: 3 DC: 0 FLAG_ZERO: True FLAG_LT: 0 FLAG_GT: 0
INPUT_PORT:  []
OUT_PORT:  []
DATA_MEM:  [3, 0]
---------------------------------------
DEBUG    root:machine.py:309 ST 4
TICK: 134 PC:  16 ADDR:   1 MEM_OUT: 0 ACC: 1 BUFF: 3 DC: 0 FLAG_ZERO: True FLAG_LT: 0 FLAG_GT: 0
INPUT_PORT:  []
OUT_PORT:  []
DATA_MEM:  [3, 0]
---------------------------------------
DEBUG    root:machine.py:309 JMP 0
TICK: 138 PC:  17 ADDR:   1 MEM_OUT: 1 ACC: 1 BUFF: 3 DC: 0 FLAG_ZERO: True FLAG_LT: 0 FLAG_GT: 0
INPUT_PORT:  []
OUT_PORT:  []
DATA_MEM:  [3, 1]
---------------------------------------
DEBUG    root:machine.py:309 LD 0
TICK: 141 PC:   0 ADDR:   1 MEM_OUT: 1 ACC: 1 BUFF: 3 DC: 0 FLAG_ZERO: True FLAG_LT: 0 FLAG_GT: 0
INPUT_PORT:  []
OUT_PORT:  []
DATA_MEM:  [3, 1]
---------------------------------------
DEBUG    root:machine.py:309 INC 
TICK: 145 PC:   1 ADDR:   0 MEM_OUT: 3 ACC: 3 BUFF: 3 DC: 0 FLAG_ZERO: True FLAG_LT: 0 FLAG_GT: 0
INPUT_PORT:  []
OUT_PORT:  []
DATA_MEM:  [3, 1]
---------------------------------------
DEBUG    root:machine.py:309 ST 0
TICK: 148 PC:   2 ADDR:   0 MEM_OUT: 3 ACC: 4 BUFF: 3 DC: 0 FLAG_ZERO: True FLAG_LT: 0 FLAG_GT: 0
INPUT_PORT:  []
OUT_PORT:  []
DATA_MEM:  [3, 1]
---------------------------------------
DEBUG    root:machine.py:309 CMP 1000
TICK: 152 PC:   3 ADDR:   0 MEM_OUT: 4 ACC: 4 BUFF: 3 DC: 0 FLAG_ZERO: True FLAG_LT: 0 FLAG_GT: 0
INPUT_PORT:  []
OUT_PORT:  []
DATA_MEM:  [4, 1]
---------------------------------------
DEBUG    root:machine.py:309 JGE 22
TICK: 155 PC:   4 ADDR:   0 MEM_OUT: 4 ACC: 4 BUFF: 3 DC: 0 FLAG_ZERO: False FLAG_LT: 1 FLAG_GT: 0
INPUT_PORT:  []
OUT_PORT:  []
DATA_MEM:  [4, 1]
---------------------------------------
DEBUG    root:machine.py:309 LD 0
TICK: 158 PC:   5 ADDR:   0 MEM_OUT: 4 ACC: 4 BUFF: 3 DC: 0 FLAG_ZERO: False FLAG_LT: 1 FLAG_GT: 0
INPUT_PORT:  []
OUT_PORT:  []
DATA_MEM:  [4, 1]
---------------------------------------
DEBUG    root:machine.py:309 MOD 3
TICK: 162 PC:   6 ADDR:   0 MEM_OUT: 4 ACC: 4 BUFF: 3 DC: 0 FLAG_ZERO: False FLAG_LT: 1 FLAG_GT: 0
INPUT_PORT:  []
OUT_PORT:  []
DATA_MEM:  [4, 1]
---------------------------------------
DEBUG    root:machine.py:309 CMP 0
TICK: 166 PC:   7 ADDR:   0 MEM_OUT: 4 ACC: 1 BUFF: 4 DC: 0 FLAG_ZERO: False FLAG_LT: 1 FLAG_GT: 0
INPUT_PORT:  []
OUT_PORT:  []
DATA_MEM:  [4, 1]
---------------------------------------
DEBUG    root:machine.py:309 JE 14
TICK: 169 PC:   8 ADDR:   0 MEM_OUT: 4 ACC: 1 BUFF: 4 DC: 0 FLAG_ZERO: False FLAG_LT: 0 FLAG_GT: 1
INPUT_PORT:  []
OUT_PORT:  []
DATA_MEM:  [4, 1]
---------------------------------------
DEBUG    root:machine.py:309 LD 0
TICK: 172 PC:   9 ADDR:   0 MEM_OUT: 4 ACC: 1 BUFF: 4 DC: 0 FLAG_ZERO: False FLAG_LT: 0 FLAG_GT: 1
INPUT_PORT:  []
OUT_PORT:  []
DATA_MEM:  [4, 1]
---------------------------------------
DEBUG    root:machine.py:309 MOD 5
TICK: 176 PC:  10 ADDR:   0 MEM_OUT: 4 ACC: 4 BUFF: 4 DC: 0 FLAG_ZERO: False FLAG_LT: 0 FLAG_GT: 1
INPUT_PORT:  []
OUT_PORT:  []
DATA_MEM:  [4, 1]
---------------------------------------
DEBUG    root:machine.py:309 CMP 0
TICK: 180 PC:  11 ADDR:   0 MEM_OUT: 4 ACC: 4 BUFF: 4 DC: 0 FLAG_ZERO: False FLAG_LT: 0 FLAG_GT: 1
INPUT_PORT:  []
OUT_PORT:  []
DATA_MEM:  [4, 1]
---------------------------------------
DEBUG    root:machine.py:309 JE 18
TICK: 183 PC:  12 ADDR:   0 MEM_OUT: 4 ACC: 4 BUFF: 4 DC: 0 FLAG_ZERO: False FLAG_LT: 0 FLAG_GT: 1
INPUT_PORT:  []
OUT_PORT:  []
DATA_MEM:  [4, 1]
---------------------------------------
DEBUG    root:machine.py:309 JMP 0
TICK: 186 PC:  13 ADDR:   0 MEM_OUT: 4 ACC: 4 BUFF: 4 DC: 0 FLAG_ZERO: False FLAG_LT: 0 FLAG_GT: 1
INPUT_PORT:  []
OUT_PORT:  []
DATA_MEM:  [4, 1]
---------------------------------------
DEBUG    root:machine.py:309 LD 0
TICK: 189 PC:   0 ADDR:   0 MEM_OUT: 4 ACC: 4 BUFF: 4 DC: 0 FLAG_ZERO: False FLAG_LT: 0 FLAG_GT: 1
INPUT_PORT:  []
OUT_PORT:  []
DATA_MEM:  [4, 1]
---------------------------------------
DEBUG    root:machine.py:309 INC 
TICK: 193 PC:   1 ADDR:   0 MEM_OUT: 4 ACC: 4 BUFF: 4 DC: 0 FLAG_ZERO: False FLAG_LT: 0 FLAG_GT: 1
INPUT_PORT:  []
OUT_PORT:  []
DATA_MEM:  [4, 1]
---------------------------------------
DEBUG    root:machine.py:309 ST 0
TICK: 196 PC:   2 ADDR:   0 MEM_OUT: 4 ACC: 5 BUFF: 4 DC: 0 FLAG_ZERO: False FLAG_LT: 0 FLAG_GT: 1
INPUT_PORT:  []
OUT_PORT:  []
DATA_MEM:  [4, 1]
---------------------------------------
DEBUG    root:machine.py:309 CMP 1000
TICK: 200 PC:   3 ADDR:   0 MEM_OUT: 5 ACC: 5 BUFF: 4 DC: 0 FLAG_ZERO: False FLAG_LT: 0 FLAG_GT: 1
INPUT_PORT:  []
OUT_PORT:  []
DATA_MEM:  [5, 1]
---------------------------------------
DEBUG    root:machine.py:309 JGE 22
TICK: 203 PC:   4 ADDR:   0 MEM_OUT: 5 ACC: 5 BUFF: 4 DC: 0 FLAG_ZERO: False FLAG_LT: 1 FLAG_GT: 0
INPUT_PORT:  []
OUT_PORT:  []
DATA_MEM:  [5, 1]
---------------------------------------
DEBUG    root:machine.py:309 LD 0
TICK: 206 PC:   5 ADDR:   0 MEM_OUT: 5 ACC: 5 BUFF: 4 DC: 0 FLAG_ZERO: False FLAG_LT: 1 FLAG_GT: 0
INPUT_PORT:  []
OUT_PORT:  []
DATA_MEM:  [5, 1]
---------------------------------------
DEBUG    root:machine.py:309 MOD 3
TICK: 210 PC:   6 ADDR:   0 MEM_OUT: 5 ACC: 5 BUFF: 4 DC: 0 FLAG_ZERO: False FLAG_LT: 1 FLAG_GT: 0
INPUT_PORT:  []
OUT_PORT:  []
DATA_MEM:  [5, 1]
---------------------------------------
DEBUG    root:machine.py:309 CMP 0
TICK: 214 PC:   7 ADDR:   0 MEM_OUT: 5 ACC: 2 BUFF: 5 DC: 0 FLAG_ZERO: False FLAG_LT: 1 FLAG_GT: 0
INPUT_PORT:  []
OUT_PORT:  []
DATA_MEM:  [5, 1]
---------------------------------------
DEBUG    root:machine.py:309 JE 14
TICK: 217 PC:   8 ADDR:   0 MEM_OUT: 5 ACC: 2 BUFF: 5 DC: 0 FLAG_ZERO: False FLAG_LT: 0 FLAG_GT: 1
INPUT_PORT:  []
OUT_PORT:  []
DATA_MEM:  [5, 1]
---------------------------------------
DEBUG    root:machine.py:309 LD 0
TICK: 220 PC:   9 ADDR:   0 MEM_OUT: 5 ACC: 2 BUFF: 5 DC: 0 FLAG_ZERO: False FLAG_LT: 0 FLAG_GT: 1
INPUT_PORT:  []
OUT_PORT:  []
DATA_MEM:  [5, 1]
---------------------------------------
DEBUG    root:machine.py:309 MOD 5
TICK: 224 PC:  10 ADDR:   0 MEM_OUT: 5 ACC: 5 BUFF: 5 DC: 0 FLAG_ZERO: False FLAG_LT: 0 FLAG_GT: 1
INPUT_PORT:  []
OUT_PORT:  []
DATA_MEM:  [5, 1]
---------------------------------------
DEBUG    root:machine.py:309 CMP 0
TICK: 228 PC:  11 ADDR:   0 MEM_OUT: 5 ACC: 0 BUFF: 5 DC: 0 FLAG_ZERO: False FLAG_LT: 0 FLAG_GT: 1
INPUT_PORT:  []
OUT_PORT:  []
DATA_MEM:  [5, 1]
---------------------------------------
DEBUG    root:machine.py:309 JE 18
TICK: 231 PC:  12 ADDR:   0 MEM_OUT: 5 ACC: 0 BUFF: 5 DC: 0 FLAG_ZERO: True FLAG_LT: 0 FLAG_GT: 0
INPUT_PORT:  []
OUT_PORT:  []
DATA_MEM:  [5, 1]
---------------------------------------
DEBUG    root:machine.py:309 LD 4
TICK: 234 PC:  18 ADDR:   0 MEM_OUT: 5 ACC: 0 BUFF: 5 DC: 0 FLAG_ZERO: True FLAG_LT: 0 FLAG_GT: 0
INPUT_PORT:  []
OUT_PORT:  []
DATA_MEM:  [5, 1]
---------------------------------------
DEBUG    root:machine.py:309 INC 
TICK: 238 PC:  19 ADDR:   1 MEM_OUT: 1 ACC: 1 BUFF: 5 DC: 0 FLAG_ZERO: True FLAG_LT: 0 FLAG_GT: 0
INPUT_PORT:  []
OUT_PORT:  []
DATA_MEM:  [5, 1]
---------------------------------------
DEBUG    root:machine.py:309 ST 4
TICK: 241 PC:  20 ADDR:   1 MEM_OUT: 1 ACC: 2 BUFF: 5 DC: 0 FLAG_ZERO: True FLAG_LT: 0 FLAG_GT: 0
INPUT_PORT:  []
OUT_PORT:  []
DATA_MEM:  [5, 1]
---------------------------------------
DEBUG    root:machine.py:309 JMP 0
TICK: 245 PC:  21 ADDR:   1 MEM_OUT: 2 ACC: 2 BUFF: 5 DC: 0 FLAG_ZERO: True FLAG_LT: 0 FLAG_GT: 0
INPUT_PORT:  []
OUT_PORT:  []
DATA_MEM:  [5, 2]
---------------------------------------
DEBUG    root:machine.py:309 LD 0
TICK: 248 PC:   0 ADDR:   1 MEM_OUT: 2 ACC: 2 BUFF: 5 DC: 0 FLAG_ZERO: True FLAG_LT: 0 FLAG_GT: 0
INPUT_PORT:  []
OUT_PORT:  []
DATA_MEM:  [5, 2]
---------------------------------------
DEBUG    root:machine.py:309 INC 
TICK: 252 PC:   1 ADDR:   0 MEM_OUT: 5 ACC: 5 BUFF: 5 DC: 0 FLAG_ZERO: True FLAG_LT: 0 FLAG_GT: 0
INPUT_PORT:  []
OUT_PORT:  []
DATA_MEM:  [5, 2]
---------------------------------------
DEBUG    root:machine.py:309 ST 0
TICK: 255 PC:   2 ADDR:   0 MEM_OUT: 5 ACC: 6 BUFF: 5 DC: 0 FLAG_ZERO: True FLAG_LT: 0 FLAG_GT: 0
INPUT_PORT:  []
OUT_PORT:  []
DATA_MEM:  [5, 2]
---------------------------------------
DEBUG    root:machine.py:309 CMP 1000
TICK: 259 PC:   3 ADDR:   0 MEM_OUT: 6 ACC: 6 BUFF: 5 DC: 0 FLAG_ZERO: True FLAG_LT: 0 FLAG_GT: 0
INPUT_PORT:  []
OUT_PORT:  []
DATA_MEM:  [6, 2]
---------------------------------------
DEBUG    root:machine.py:309 JGE 22
TICK: 262 PC:   4 ADDR:   0 MEM_OUT: 6 ACC: 6 BUFF: 5 DC: 0 FLAG_ZERO: False FLAG_LT: 1 FLAG_GT: 0
INPUT_PORT:  []
OUT_PORT:  []
DATA_MEM:  [6, 2]
---------------------------------------
DEBUG    root:machine.py:309 LD 0
TICK: 265 PC:   5 ADDR:   0 MEM_OUT: 6 ACC: 6 BUFF: 5 DC: 0 FLAG_ZERO: False FLAG_LT: 1 FLAG_GT: 0
INPUT_PORT:  []
OUT_PORT:  []
DATA_MEM:  [6, 2]
---------------------------------------
DEBUG    root:machine.py:309 MOD 3
TICK: 269 PC:   6 ADDR:   0 MEM_OUT: 6 ACC: 6 BUFF: 5 DC: 0 FLAG_ZERO: False FLAG_LT: 1 FLAG_GT: 0
INPUT_PORT:  []
OUT_PORT:  []
DATA_MEM:  [6, 2]
---------------------------------------
DEBUG    root:machine.py:309 CMP 0
TICK: 273 PC:   7 ADDR:   0 MEM_OUT: 6 ACC: 0 BUFF: 6 DC: 0 FLAG_ZERO: False FLAG_LT: 1 FLAG_GT: 0
INPUT_PORT:  []
OUT_PORT:  []
DATA_MEM:  [6, 2]
---------------------------------------
DEBUG    root:machine.py:309 JE 14
TICK: 276 PC:   8 ADDR:   0 MEM_OUT: 6 ACC: 0 BUFF: 6 DC: 0 FLAG_ZERO: True FLAG_LT: 0 FLAG_GT: 0
INPUT_PORT:  []
OUT_PORT:  []
DATA_MEM:  [6, 2]
---------------------------------------
DEBUG    root:machine.py:309 LD 4
TICK: 279 PC:  14 ADDR:   0 MEM_OUT: 6 ACC: 0 BUFF: 6 DC: 0 FLAG_ZERO: True FLAG_LT: 0 FLAG_GT: 0
INPUT_PORT:  []
OUT_PORT:  []
DATA_MEM:  [6, 2]
---------------------------------------
DEBUG    root:machine.py:309 INC 
TICK: 283 PC:  15 ADDR:   1 MEM_OUT: 2 ACC: 2 BUFF: 6 DC: 0 FLAG_ZERO: True FLAG_LT: 0 FLAG_GT: 0
INPUT_PORT:  []
OUT_PORT:  []
DATA_MEM:  [6, 2]
---------------------------------------
DEBUG    root:machine.py:309 ST 4
TICK: 286 PC:  16 ADDR:   1 MEM_OUT: 2 ACC: 3 BUFF: 6 DC: 0 FLAG_ZERO: True FLAG_LT: 0 FLAG_GT: 0
INPUT_PORT:  []
OUT_PORT:  []
DATA_MEM:  [6, 2]
---------------------------------------
DEBUG    root:machine.py:309 JMP 0
TICK: 290 PC:  17 ADDR:   1 MEM_OUT: 3 ACC: 3 BUFF: 6 DC: 0 FLAG_ZERO: True FLAG_LT: 0 FLAG_GT: 0
INPUT_PORT:  []
OUT_PORT:  []
DATA_MEM:  [6, 3]
---------------------------------------
DEBUG    root:machine.py:309 LD 0
TICK: 293 PC:   0 ADDR:   1 MEM_OUT: 3 ACC: 3 BUFF: 6 DC: 0 FLAG_ZERO: True FLAG_LT: 0 FLAG_GT: 0
INPUT_PORT:  []
OUT_PORT:  []
DATA_MEM:  [6, 3]
---------------------------------------
DEBUG    root:machine.py:309 INC 
TICK: 297 PC:   1 ADDR:   0 MEM_OUT: 6 ACC: 6 BUFF: 6 DC: 0 FLAG_ZERO: True FLAG_LT: 0 FLAG_GT: 0
INPUT_PORT:  []
OUT_PORT:  []
DATA_MEM:  [6, 3]
---------------------------------------
DEBUG    root:machine.py:309 ST 0
TICK: 300 PC:   2 ADDR:   0 MEM_OUT: 6 ACC: 7 BUFF: 6 DC: 0 FLAG_ZERO: True FLAG_LT: 0 FLAG_GT: 0
INPUT_PORT:  []
OUT_PORT:  []
DATA_MEM:  [6, 3]
---------------------------------------
DEBUG    root:machine.py:309 CMP 1000
TICK: 304 PC:   3 ADDR:   0 MEM_OUT: 7 ACC: 7 BUFF: 6 DC: 0 FLAG_ZERO: True FLAG_LT: 0 FLAG_GT: 0
INPUT_PORT:  []
OUT_PORT:  []
DATA_MEM:  [7, 3]
---------------------------------------
DEBUG    root:machine.py:309 JGE 22
TICK: 307 PC:   4 ADDR:   0 MEM_OUT: 7 ACC: 7 BUFF: 6 DC: 0 FLAG_ZERO: False FLAG_LT: 1 FLAG_GT: 0
INPUT_PORT:  []
OUT_PORT:  []
DATA_MEM:  [7, 3]
---------------------------------------
DEBUG    root:machine.py:309 LD 0
TICK: 310 PC:   5 ADDR:   0 MEM_OUT: 7 ACC: 7 BUFF: 6 DC: 0 FLAG_ZERO: False FLAG_LT: 1 FLAG_GT: 0
INPUT_PORT:  []
OUT_PORT:  []
DATA_MEM:  [7, 3]
---------------------------------------
DEBUG    root:machine.py:309 MOD 3
TICK: 314 PC:   6 ADDR:   0 MEM_OUT: 7 ACC: 7 BUFF: 6 DC: 0 FLAG_ZERO: False FLAG_LT: 1 FLAG_GT: 0
INPUT_PORT:  []
OUT_PORT:  []
DATA_MEM:  [7, 3]
---------------------------------------
DEBUG    root:machine.py:309 CMP 0
TICK: 318 PC:   7 ADDR:   0 MEM_OUT: 7 ACC: 1 BUFF: 7 DC: 0 FLAG_ZERO: False FLAG_LT: 1 FLAG_GT: 0
INPUT_PORT:  []
OUT_PORT:  []
DATA_MEM:  [7, 3]
---------------------------------------
DEBUG    root:machine.py:309 JE 14
TICK: 321 PC:   8 ADDR:   0 MEM_OUT: 7 ACC: 1 BUFF: 7 DC: 0 FLAG_ZERO: False FLAG_LT: 0 FLAG_GT: 1
INPUT_PORT:  []
OUT_PORT:  []
DATA_MEM:  [7, 3]
---------------------------------------
DEBUG    root:machine.py:309 LD 0
TICK: 324 PC:   9 ADDR:   0 MEM_OUT: 7 ACC: 1 BUFF: 7 DC: 0 FLAG_ZERO: False FLAG_LT: 0 FLAG_GT: 1
INPUT_PORT:  []
OUT_PORT:  []
DATA_MEM:  [7, 3]
---------------------------------------
DEBUG    root:machine.py:309 MOD 5
TICK: 328 PC:  10 ADDR:   0 MEM_OUT: 7 ACC: 7 BUFF: 7 DC: 0 FLAG_ZERO: False FLAG_LT: 0 FLAG_GT: 1
INPUT_PORT:  []
OUT_PORT:  []
DATA_MEM:  [7, 3]
---------------------------------------
DEBUG    root:machine.py:309 CMP 0
TICK: 332 PC:  11 ADDR:   0 MEM_OUT: 7 ACC: 2 BUFF: 7 DC: 0 FLAG_ZERO: False FLAG_LT: 0 FLAG_GT: 1
INPUT_PORT:  []
OUT_PORT:  []
DATA_MEM:  [7, 3]
---------------------------------------
DEBUG    root:machine.py:309 JE 18
TICK: 335 PC:  12 ADDR:   0 MEM_OUT: 7 ACC: 2 BUFF: 7 DC: 0 FLAG_ZERO: False FLAG_LT: 0 FLAG_GT: 1
INPUT_PORT:  []
OUT_PORT:  []
DATA_MEM:  [7, 3]
---------------------------------------
DEBUG    root:machine.py:309 JMP 0
TICK: 338 PC:  13 ADDR:   0 MEM_OUT: 7 ACC: 2 BUFF: 7 DC: 0 FLAG_ZERO: False FLAG_LT: 0 FLAG_GT: 1
INPUT_PORT:  []
OUT_PORT:  []
DATA_MEM:  [7, 3]
---------------------------------------
DEBUG    root:machine.py:309 LD 0
TICK: 341 PC:   0 ADDR:   0 MEM_OUT: 7 ACC: 2 BUFF: 7 DC: 0 FLAG_ZERO: False FLAG_LT: 0 FLAG_GT: 1
INPUT_PORT:  []
OUT_PORT:  []
DATA_MEM:  [7, 3]
---------------------------------------
DEBUG    root:machine.py:309 INC 
TICK: 345 PC:   1 ADDR:   0 MEM_OUT: 7 ACC: 7 BUFF: 7 DC: 0 FLAG_ZERO: False FLAG_LT: 0 FLAG_GT: 1
INPUT_PORT:  []
OUT_PORT:  []
DATA_MEM:  [7, 3]
---------------------------------------
DEBUG    root:machine.py:309 ST 0
TICK: 348 PC:   2 ADDR:   0 MEM_OUT: 7 ACC: 8 BUFF: 7 DC: 0 FLAG_ZERO: False FLAG_LT: 0 FLAG_GT: 1
INPUT_PORT:  []
OUT_PORT:  []
DATA_MEM:  [7, 3]
---------------------------------------
DEBUG    root:machine.py:309 CMP 1000
TICK: 352 PC:   3 ADDR:   0 MEM_OUT: 8 ACC: 8 BUFF: 7 DC: 0 FLAG_ZERO: False FLAG_LT: 0 FLAG_GT: 1
INPUT_PORT:  []
OUT_PORT:  []
DATA_MEM:  [8, 3]
---------------------------------------
DEBUG    root:machine.py:309 JGE 22
TICK: 355 PC:   4 ADDR:   0 MEM_OUT: 8 ACC: 8 BUFF: 7 DC: 0 FLAG_ZERO: False FLAG_LT: 1 FLAG_GT: 0
INPUT_PORT:  []
OUT_PORT:  []
DATA_MEM:  [8, 3]
---------------------------------------
DEBUG    root:machine.py:309 LD 0
TICK: 358 PC:   5 ADDR:   0 MEM_OUT: 8 ACC: 8 BUFF: 7 DC: 0 FLAG_ZERO: False FLAG_LT: 1 FLAG_GT: 0
INPUT_PORT:  []
OUT_PORT:  []
DATA_MEM:  [8, 3]
---------------------------------------
DEBUG    root:machine.py:309 MOD 3
TICK: 362 PC:   6 ADDR:   0 MEM_OUT: 8 ACC: 8 BUFF: 7 DC: 0 FLAG_ZERO: False FLAG_LT: 1 FLAG_GT: 0
INPUT_PORT:  []
OUT_PORT:  []
DATA_MEM:  [8, 3]
---------------------------------------
DEBUG    root:machine.py:309 CMP 0
TICK: 366 PC:   7 ADDR:   0 MEM_OUT: 8 ACC: 2 BUFF: 8 DC: 0 FLAG_ZERO: False FLAG_LT: 1 FLAG_GT: 0
INPUT_PORT:  []
OUT_PORT:  []
DATA_MEM:  [8, 3]
---------------------------------------
DEBUG    root:machine.py:309 JE 14
TICK: 369 PC:   8 ADDR:   0 MEM_OUT: 8 ACC: 2 BUFF: 8 DC: 0 FLAG_ZERO: False FLAG_LT: 0 FLAG_GT: 1
INPUT_PORT:  []
OUT_PORT:  []
DATA_MEM:  [8, 3]
---------------------------------------
DEBUG    root:machine.py:309 LD 0
TICK: 372 PC:   9 ADDR:   0 MEM_OUT: 8 ACC: 2 BUFF: 8 DC: 0 FLAG_ZERO: False FLAG_LT: 0 FLAG_GT: 1
INPUT_PORT:  []
OUT_PORT:  []
DATA_MEM:  [8, 3]
---------------------------------------
DEBUG    root:machine.py:309 MOD 5
TICK: 376 PC:  10 ADDR:   0 MEM_OUT: 8 ACC: 8 BUFF: 8 DC: 0 FLAG_ZERO: False FLAG_LT: 0 FLAG_GT: 1
INPUT_PORT:  []
OUT_PORT:  []
DATA_MEM:  [8, 3]
---------------------------------------
DEBUG    root:machine.py:309 CMP 0
TICK: 380 PC:  11 ADDR:   0 MEM_OUT: 8 ACC: 3 BUFF: 8 DC: 0 FLAG_ZERO: False FLAG_LT: 0 FLAG_GT: 1
INPUT_PORT:  []
OUT_PORT:  []
DATA_MEM:  [8, 3]
---------------------------------------
DEBUG    root:machine.py:309 JE 18
TICK: 383 PC:  12 ADDR:   0 MEM_OUT: 8 ACC: 3 BUFF: 8 DC: 0 FLAG_ZERO: False FLAG_LT: 0 FLAG_GT: 1
INPUT_PORT:  []
OUT_PORT:  []
DATA_MEM:  [8, 3]
---------------------------------------
DEBUG    root:machine.py:309 JMP 0
TICK: 386 PC:  13 ADDR:   0 MEM_OUT: 8 ACC: 3 BUFF: 8 DC: 0 FLAG_ZERO: False FLAG_LT: 0 FLAG_GT: 1
INPUT_PORT:  []
OUT_PORT:  []
DATA_MEM:  [8, 3]
---------------------------------------
DEBUG    root:machine.py:309 LD 0
TICK: 389 PC:   0 ADDR:   0 MEM_OUT: 8 ACC: 3 BUFF: 8 DC: 0 FLAG_ZERO: False FLAG_LT: 0 FLAG_GT: 1
INPUT_PORT:  []
OUT_PORT:  []
DATA_MEM:  [8, 3]
---------------------------------------
DEBUG    root:machine.py:309 INC 
TICK: 393 PC:   1 ADDR:   0 MEM_OUT: 8 ACC: 8 BUFF: 8 DC: 0 FLAG_ZERO: False FLAG_LT: 0 FLAG_GT: 1
INPUT_PORT:  []
OUT_PORT:  []
DATA_MEM:  [8, 3]
---------------------------------------
DEBUG    root:machine.py:309 ST 0
TICK: 396 PC:   2 ADDR:   0 MEM_OUT: 8 ACC: 9 BUFF: 8 DC: 0 FLAG_ZERO: False FLAG_LT: 0 FLAG_GT: 1
INPUT_PORT:  []
OUT_PORT:  []
DATA_MEM:  [8, 3]
---------------------------------------
DEBUG    root:machine.py:309 CMP 1000
TICK: 400 PC:   3 ADDR:   0 MEM_OUT: 9 ACC: 9 BUFF: 8 DC: 0 FLAG_ZERO: False FLAG_LT: 0 FLAG_GT: 1
INPUT_PORT:  []
OUT_PORT:  []
DATA_MEM:  [9, 3]
---------------------------------------
DEBUG    root:machine.py:309 JGE 22
TICK: 403 PC:   4 ADDR:   0 MEM_OUT: 9 ACC: 9 BUFF: 8 DC: 0 FLAG_ZERO: False FLAG_LT: 1 FLAG_GT: 0
INPUT_PORT:  []
OUT_PORT:  []
DATA_MEM:  [9, 3]
---------------------------------------
DEBUG    root:machine.py:309 LD 0
TICK: 406 PC:   5 ADDR:   0 MEM_OUT: 9 ACC: 9 BUFF: 8 DC: 0 FLAG_ZERO: False FLAG_LT: 1 FLAG_GT: 0
INPUT_PORT:  []
OUT_PORT:  []
DATA_MEM:  [9, 3]
---------------------------------------
DEBUG    root:machine.py:309 MOD 3
TICK: 410 PC:   6 ADDR:   0 MEM_OUT: 9 ACC: 9 BUFF: 8 DC: 0 FLAG_ZERO: False FLAG_LT: 1 FLAG_GT: 0
INPUT_PORT:  []
OUT_PORT:  []
DATA_MEM:  [9, 3]
---------------------------------------
DEBUG    root:machine.py:309 CMP 0
TICK: 414 PC:   7 ADDR:   0 MEM_OUT: 9 ACC: 0 BUFF: 9 DC: 0 FLAG_ZERO: False FLAG_LT: 1 FLAG_GT: 0
INPUT_PORT:  []
OUT_PORT:  []
DATA_MEM:  [9, 3]
---------------------------------------
DEBUG    root:machine.py:309 JE 14
TICK: 417 PC:   8 ADDR:   0 MEM_OUT: 9 ACC: 0 BUFF: 9 DC: 0 FLAG_ZERO: True FLAG_LT: 0 FLAG_GT: 0
INPUT_PORT:  []
OUT_PORT:  []
DATA_MEM:  [9, 3]
---------------------------------------
DEBUG    root:machine.py:309 LD 4
TICK: 420 PC:  14 ADDR:   0 MEM_OUT: 9 ACC: 0 BUFF: 9 DC: 0 FLAG_ZERO: True FLAG_LT: 0 FLAG_GT: 0
INPUT_PORT:  []
OUT_PORT:  []
DATA_MEM:  [9, 3]
---------------------------------------
DEBUG    root:machine.py:309 INC 
TICK: 424 PC:  15 ADDR:   1 MEM_OUT: 3 ACC: 3 BUFF: 9 DC: 0 FLAG_ZERO: True FLAG_LT: 0 FLAG_GT: 0
INPUT_PORT:  []
OUT_PORT:  []
DATA_MEM:  [9, 3]
---------------------------------------
DEBUG    root:machine.py:309 ST 4
TICK: 427 PC:  16 ADDR:   1 MEM_OUT: 3 ACC: 4 BUFF: 9 DC: 0 FLAG_ZERO: True FLAG_LT: 0 FLAG_GT: 0
INPUT_PORT:  []
OUT_PORT:  []
DATA_MEM:  [9, 3]
---------------------------------------
DEBUG    root:machine.py:309 JMP 0
TICK: 431 PC:  17 ADDR:   1 MEM_OUT: 4 ACC: 4 BUFF: 9 DC: 0 FLAG_ZERO: True FLAG_LT: 0 FLAG_GT: 0
INPUT_PORT:  []
OUT_PORT:  []
DATA_MEM:  [9, 4]
---------------------------------------
DEBUG    root:machine.py:309 LD 0
TICK: 434 PC:   0 ADDR:   1 MEM_OUT: 4 ACC: 4 BUFF: 9 DC: 0 FLAG_ZERO: True FLAG_LT: 0 FLAG_GT: 0
INPUT_PORT:  []
OUT_PORT:  []
DATA_MEM:  [9, 4]
---------------------------------------
DEBUG    root:machine.py:309 INC 
TICK: 438 PC:   1 ADDR:   0 MEM_OUT: 9 ACC: 9 BUFF: 9 DC: 0 FLAG_ZERO: True FLAG_LT: 0 FLAG_GT: 0
INPUT_PORT:  []
OUT_PORT:  []
DATA_MEM:  [9, 4]
---------------------------------------
DEBUG    root:machine.py:309 ST 0
TICK: 441 PC:   2 ADDR:   0 MEM_OUT: 9 ACC: 10 BUFF: 9 DC: 0 FLAG_ZERO: True FLAG_LT: 0 FLAG_GT: 0
INPUT_PORT:  []
OUT_PORT:  []
DATA_MEM:  [9, 4]
---------------------------------------
DEBUG    root:machine.py:309 CMP 1000
TICK: 445 PC:   3 ADDR:   0 MEM_OUT: 10 ACC: 10 BUFF: 9 DC: 0 FLAG_ZERO: True FLAG_LT: 0 FLAG_GT: 0
INPUT_PORT:  []
OUT_PORT:  []
DATA_MEM:  [10, 4]
---------------------------------------
DEBUG    root:machine.py:309 JGE 22
TICK: 448 PC:   4 ADDR:   0 MEM_OUT: 10 ACC: 10 BUFF: 9 DC: 0 FLAG_ZERO: False FLAG_LT: 1 FLAG_GT: 0
INPUT_PORT:  []
OUT_PORT:  []
DATA_MEM:  [10, 4]
---------------------------------------
DEBUG    root:machine.py:309 LD 0
TICK: 451 PC:   5 ADDR:   0 MEM_OUT: 10 ACC: 10 BUFF: 9 DC: 0 FLAG_ZERO: False FLAG_LT: 1 FLAG_GT: 0
INPUT_PORT:  []
OUT_PORT:  []
DATA_MEM:  [10, 4]
---------------------------------------
DEBUG    root:machine.py:309 MOD 3
TICK: 455 PC:   6 ADDR:   0 MEM_OUT: 10 ACC: 10 BUFF: 9 DC: 0 FLAG_ZERO: False FLAG_LT: 1 FLAG_GT: 0
INPUT_PORT:  []
OUT_PORT:  []
DATA_MEM:  [10, 4]
---------------------------------------
DEBUG    root:machine.py:309 CMP 0
TICK: 459 PC:   7 ADDR:   0 MEM_OUT: 10 ACC: 1 BUFF: 10 DC: 0 FLAG_ZERO: False FLAG_LT: 1 FLAG_GT: 0
INPUT_PORT:  []
OUT_PORT:  []
DATA_MEM:  [10, 4]
---------------------------------------
DEBUG    root:machine.py:309 JE 14
TICK: 462 PC:   8 ADDR:   0 MEM_OUT: 10 ACC: 1 BUFF: 10 DC: 0 FLAG_ZERO: False FLAG_LT: 0 FLAG_GT: 1
INPUT_PORT:  []
OUT_PORT:  []
DATA_MEM:  [10, 4]
---------------------------------------
DEBUG    root:machine.py:309 LD 0
TICK: 465 PC:   9 ADDR:   0 MEM_OUT: 10 ACC: 1 BUFF: 10 DC: 0 FLAG_ZERO: False FLAG_LT: 0 FLAG_GT: 1
INPUT_PORT:  []
OUT_PORT:  []
DATA_MEM:  [10, 4]
---------------------------------------
DEBUG    root:machine.py:309 MOD 5
TICK: 469 PC:  10 ADDR:   0 MEM_OUT: 10 ACC: 10 BUFF: 10 DC: 0 FLAG_ZERO: False FLAG_LT: 0 FLAG_GT: 1
INPUT_PORT:  []
OUT_PORT:  []
DATA_MEM:  [10, 4]
---------------------------------------
DEBUG    root:machine.py:309 CMP 0
TICK: 473 PC:  11 ADDR:   0 MEM_OUT: 10 ACC: 0 BUFF: 10 DC: 0 FLAG_ZERO: False FLAG_LT: 0 FLAG_GT: 1
INPUT_PORT:  []
OUT_PORT:  []
DATA_MEM:  [10, 4]
---------------------------------------
DEBUG    root:machine.py:309 JE 18
TICK: 476 PC:  12 ADDR:   0 MEM_OUT: 10 ACC: 0 BUFF: 10 DC: 0 FLAG_ZERO: True FLAG_LT: 0 FLAG_GT: 0
INPUT_PORT:  []
OUT_PORT:  []
DATA_MEM:  [10, 4]
---------------------------------------
DEBUG    root:machine.py:309 LD 4
TICK: 479 PC:  18 ADDR:   0 MEM_OUT: 10 ACC: 0 BUFF: 10 DC: 0 FLAG_ZERO: True FLAG_LT: 0 FLAG_GT: 0
INPUT_PORT:  []
OUT_PORT:  []
DATA_MEM:  [10, 4]
---------------------------------------
DEBUG    root:machine.py:309 INC 
TICK: 483 PC:  19 ADDR:   1 MEM_OUT: 4 ACC: 4 BUFF: 10 DC: 0 FLAG_ZERO: True FLAG_LT: 0 FLAG_GT: 0
INPUT_PORT:  []
OUT_PORT:  []
DATA_MEM:  [10, 4]
---------------------------------------
DEBUG    root:machine.py:309 ST 4
TICK: 486 PC:  20 ADDR:   1 MEM_OUT: 4 ACC: 5 BUFF: 10 DC: 0 FLAG_ZERO: True FLAG_LT: 0 FLAG_GT: 0
INPUT_PORT:  []
OUT_PORT:  []
DATA_MEM:  [10, 4]
---------------------------------------
DEBUG    root:machine.py:309 JMP 0
TICK: 490 PC:  21 ADDR:   1 MEM_OUT: 5 ACC: 5 BUFF: 10 DC: 0 FLAG_ZERO: True FLAG_LT: 0 FLAG_GT: 0
INPUT_PORT:  []
OUT_PORT:  []
DATA_MEM:  [10, 5]
---------------------------------------
DEBUG    root:machine.py:309 LD 0
TICK: 493 PC:   0 ADDR:   1 MEM_OUT: 5 ACC: 5 BUFF: 10 DC: 0 FLAG_ZERO: True FLAG_LT: 0 FLAG_GT: 0
INPUT_PORT:  []
OUT_PORT:  []
DATA_MEM:  [10, 5]
---------------------------------------
DEBUG    root:machine.py:309 INC 
TICK: 497 PC:   1 ADDR:   0 MEM_OUT: 10 ACC: 10 BUFF: 10 DC: 0 FLAG_ZERO: True FLAG_LT: 0 FLAG_GT: 0
INPUT_PORT:  []
OUT_PORT:  []
DATA_MEM:  [10, 5]
---------------------------------------
DEBUG    root:machine.py:309 ST 0
TICK: 500 PC:   2 ADDR:   0 MEM_OUT: 10 ACC: 11 BUFF: 10 DC: 0 FLAG_ZERO: True FLAG_LT: 0 FLAG_GT: 0
INPUT_PORT:  []
OUT_PORT:  []
DATA_MEM:  [10, 5]
---------------------------------------
DEBUG    root:machine.py:309 CMP 1000
TICK: 504 PC:   3 ADDR:   0 MEM_OUT: 11 ACC: 11 BUFF: 10 DC: 0 FLAG_ZERO: True FLAG_LT: 0 FLAG_GT: 0
INPUT_PORT:  []
OUT_PORT:  []
DATA_MEM:  [11, 5]
---------------------------------------
DEBUG    root:machine.py:309 JGE 22
TICK: 507 PC:   4 ADDR:   0 MEM_OUT: 11 ACC: 11 BUFF: 10 DC: 0 FLAG_ZERO: False FLAG_LT: 1 FLAG_GT: 0
INPUT_PORT:  []
OUT_PORT:  []
DATA_MEM:  [11, 5]
---------------------------------------
DEBUG    root:machine.py:309 LD 0
TICK: 510 PC:   5 ADDR:   0 MEM_OUT: 11 ACC: 11 BUFF: 10 DC: 0 FLAG_ZERO: False FLAG_LT: 1 FLAG_GT: 0
INPUT_PORT:  []
OUT_PORT:  []
DATA_MEM:  [11, 5]
---------------------------------------
DEBUG    root:machine.py:309 MOD 3
TICK: 514 PC:   6 ADDR:   0 MEM_OUT: 11 ACC: 11 BUFF: 10 DC: 0 FLAG_ZERO: False FLAG_LT: 1 FLAG_GT: 0
INPUT_PORT:  []
OUT_PORT:  []
DATA_MEM:  [11, 5]
---------------------------------------
DEBUG    root:machine.py:309 CMP 0
TICK: 518 PC:   7 ADDR:   0 MEM_OUT: 11 ACC: 2 BUFF: 11 DC: 0 FLAG_ZERO: False FLAG_LT: 1 FLAG_GT: 0
INPUT_PORT:  []
OUT_PORT:  []
DATA_MEM:  [11, 5]
---------------------------------------
DEBUG    root:machine.py:309 JE 14
TICK: 521 PC:   8 ADDR:   0 MEM_OUT: 11 ACC: 2 BUFF: 11 DC: 0 FLAG_ZERO: False FLAG_LT: 0 FLAG_GT: 1
INPUT_PORT:  []
OUT_PORT:  []
DATA_MEM:  [11, 5]
---------------------------------------
DEBUG    root:machine.py:309 LD 0
TICK: 524 PC:   9 ADDR:   0 MEM_OUT: 11 ACC: 2 BUFF: 11 DC: 0 FLAG_ZERO: False FLAG_LT: 0 FLAG_GT: 1
INPUT_PORT:  []
OUT_PORT:  []
DATA_MEM:  [11, 5]
---------------------------------------
DEBUG    root:machine.py:309 MOD 5
TICK: 528 PC:  10 ADDR:   0 MEM_OUT: 11 ACC: 11 BUFF: 11 DC: 0 FLAG_ZERO: False FLAG_LT: 0 FLAG_GT: 1
INPUT_PORT:  []
OUT_PORT:  []
DATA_MEM:  [11, 5]
---------------------------------------
DEBUG    root:machine.py:309 CMP 0
TICK: 532 PC:  11 ADDR:   0 MEM_OUT: 11 ACC: 1 BUFF: 11 DC: 0 FLAG_ZERO: False FLAG_LT: 0 FLAG_GT: 1
INPUT_PORT:  []
OUT_PORT:  []
DATA_MEM:  [11, 5]
---------------------------------------
DEBUG    root:machine.py:309 JE 18
TICK: 535 PC:  12 ADDR:   0 MEM_OUT: 11 ACC: 1 BUFF: 11 DC: 0 FLAG_ZERO: False FLAG_LT: 0 FLAG_GT: 1
INPUT_PORT:  []
OUT_PORT:  []
DATA_MEM:  [11, 5]
---------------------------------------
DEBUG    root:machine.py:309 JMP 0
TICK: 538 PC:  13 ADDR:   0 MEM_OUT: 11 ACC: 1 BUFF: 11 DC: 0 FLAG_ZERO: False FLAG_LT: 0 FLAG_GT: 1
INPUT_PORT:  []
OUT_PORT:  []
DATA_MEM:  [11, 5]
---------------------------------------
DEBUG    root:machine.py:309 LD 0
TICK: 541 PC:   0 ADDR:   0 MEM_OUT: 11 ACC: 1 BUFF: 11 DC: 0 FLAG_ZERO: False FLAG_LT: 0 FLAG_GT: 1
INPUT_PORT:  []
OUT_PORT:  []
DATA_MEM:  [11, 5]
---------------------------------------
DEBUG    root:machine.py:309 INC 
TICK: 545 PC:   1 ADDR:   0 MEM_OUT: 11 ACC: 11 BUFF: 11 DC: 0 FLAG_ZERO: False FLAG_LT: 0 FLAG_GT: 1
INPUT_PORT:  []
OUT_PORT:  []
DATA_MEM:  [11, 5]
---------------------------------------
DEBUG    root:machine.py:309 ST 0
TICK: 548 PC:   2 ADDR:   0 MEM_OUT: 11 ACC: 12 BUFF: 11 DC: 0 FLAG_ZERO: False FLAG_LT: 0 FLAG_GT: 1
INPUT_PORT:  []
OUT_PORT:  []
DATA_MEM:  [11, 5]
---------------------------------------
DEBUG    root:machine.py:309 CMP 1000
TICK: 552 PC:   3 ADDR:   0 MEM_OUT: 12 ACC: 12 BUFF: 11 DC: 0 FLAG_ZERO: False FLAG_LT: 0 FLAG_GT: 1
INPUT_PORT:  []
OUT_PORT:  []
DATA_MEM:  [12, 5]
---------------------------------------
DEBUG    root:machine.py:309 JGE 22
TICK: 555 PC:   4 ADDR:   0 MEM_OUT: 12 ACC: 12 BUFF: 11 DC: 0 FLAG_ZERO: False FLAG_LT: 1 FLAG_GT: 0
INPUT_PORT:  []
OUT_PORT:  []
DATA_MEM:  [12, 5]
---------------------------------------
DEBUG    root:machine.py:309 LD 0
TICK: 558 PC:   5 ADDR:   0 MEM_OUT: 12 ACC: 12 BUFF: 11 DC: 0 FLAG_ZERO: False FLAG_LT: 1 FLAG_GT: 0
INPUT_PORT:  []
OUT_PORT:  []
DATA_MEM:  [12, 5]
---------------------------------------
DEBUG    root:machine.py:309 MOD 3
TICK: 562 PC:   6 ADDR:   0 MEM_OUT: 12 ACC: 12 BUFF: 11 DC: 0 FLAG_ZERO: False FLAG_LT: 1 FLAG_GT: 0
INPUT_PORT:  []
OUT_PORT:  []
DATA_MEM:  [12, 5]
---------------------------------------
DEBUG    root:machine.py:309 CMP 0
TICK: 566 PC:   7 ADDR:   0 MEM_OUT: 12 ACC: 0 BUFF: 12 DC: 0 FLAG_ZERO: False FLAG_LT: 1 FLAG_GT: 0
INPUT_PORT:  []
OUT_PORT:  []
DATA_MEM:  [12, 5]
---------------------------------------
DEBUG    root:machine.py:309 JE 14
TICK: 569 PC:   8 ADDR:   0 MEM_OUT: 12 ACC: 0 BUFF: 12 DC: 0 FLAG_ZERO: True FLAG_LT: 0 FLAG_GT: 0
INPUT_PORT:  []
OUT_PORT:  []
DATA_MEM:  [12, 5]
---------------------------------------
DEBUG    root:machine.py:309 LD 4
TICK: 572 PC:  14 ADDR:   0 MEM_OUT: 12 ACC: 0 BUFF: 12 DC: 0 FLAG_ZERO: True FLAG_LT: 0 FLAG_GT: 0
INPUT_PORT:  []
OUT_PORT:  []
DATA_MEM:  [12, 5]
---------------------------------------
DEBUG    root:machine.py:309 INC 
TICK: 576 PC:  15 ADDR:   1 MEM_OUT: 5 ACC: 5 BUFF: 12 DC: 0 FLAG_ZERO: True FLAG_LT: 0 FLAG_GT: 0
INPUT_PORT:  []
OUT_PORT:  []
DATA_MEM:  [12, 5]
---------------------------------------
DEBUG    root:machine.py:309 ST 4
TICK: 579 PC:  16 ADDR:   1 MEM_OUT: 5 ACC: 6 BUFF: 12 DC: 0 FLAG_ZERO: True FLAG_LT: 0 FLAG_GT: 0
INPUT_PORT:  []
OUT_PORT:  []
DATA_MEM:  [12, 5]
---------------------------------------
DEBUG    root:machine.py:309 JMP 0
TICK: 583 PC:  17 ADDR:   1 MEM_OUT: 6 ACC: 6 BUFF: 12 DC: 0 FLAG_ZERO: True FLAG_LT: 0 FLAG_GT: 0
INPUT_PORT:  []
OUT_PORT:  []
DATA_MEM:  [12, 6]
---------------------------------------
DEBUG    root:machine.py:309 LD 0
TICK: 586 PC:   0 ADDR:   1 MEM_OUT: 6 ACC: 6 BUFF: 12 DC: 0 FLAG_ZERO: True FLAG_LT: 0 FLAG_GT: 0
INPUT_PORT:  []
OUT_PORT:  []
DATA_MEM:  [12, 6]
---------------------------------------
DEBUG    root:machine.py:309 INC 
TICK: 590 PC:   1 ADDR:   0 MEM_OUT: 12 ACC: 12 BUFF: 12 DC: 0 FLAG_ZERO: True FLAG_LT: 0 FLAG_GT: 0
INPUT_PORT:  []
OUT_PORT:  []
DATA_MEM:  [12, 6]
---------------------------------------
DEBUG    root:machine.py:309 ST 0
TICK: 593 PC:   2 ADDR:   0 MEM_OUT: 12 ACC: 13 BUFF: 12 DC: 0 FLAG_ZERO: True FLAG_LT: 0 FLAG_GT: 0
INPUT_PORT:  []
OUT_PORT:  []
DATA_MEM:  [12, 6]
---------------------------------------
DEBUG    root:machine.py:309 CMP 1000
TICK: 597 PC:   3 ADDR:   0 MEM_OUT: 13 ACC: 13 BUFF: 12 DC: 0 FLAG_ZERO: True FLAG_LT: 0 FLAG_GT: 0
INPUT_PORT:  []
OUT_PORT:  []
DATA_MEM:  [13, 6]
---------------------------------------
DEBUG    root:machine.py:309 JGE 22
TICK: 600 PC:   4 ADDR:   0 MEM_OUT: 13 ACC: 13 BUFF: 12 DC: 0 FLAG_ZERO: False FLAG_LT: 1 FLAG_GT: 0
INPUT_PORT:  []
OUT_PORT:  []
DATA_MEM:  [13, 6]
---------------------------------------
DEBUG    root:machine.py:309 LD 0
TICK: 603 PC:   5 ADDR:   0 MEM_OUT: 13 ACC: 13 BUFF: 12 DC: 0 FLAG_ZERO: False FLAG_LT: 1 FLAG_GT: 0
INPUT_PORT:  []
OUT_PORT:  []
DATA_MEM:  [13, 6]
---------------------------------------
DEBUG    root:machine.py:309 MOD 3
TICK: 607 PC:   6 ADDR:   0 MEM_OUT: 13 ACC: 13 BUFF: 12 DC: 0 FLAG_ZERO: False FLAG_LT: 1 FLAG_GT: 0
INPUT_PORT:  []
OUT_PORT:  []
DATA_MEM:  [13, 6]
---------------------------------------
DEBUG    root:machine.py:309 CMP 0
TICK: 611 PC:   7 ADDR:   0 MEM_OUT: 13 ACC: 1 BUFF: 13 DC: 0 FLAG_ZERO: False FLAG_LT: 1 FLAG_GT: 0
INPUT_PORT:  []
OUT_PORT:  []
DATA_MEM:  [13, 6]
---------------------------------------
DEBUG    root:machine.py:309 JE 14
TICK: 614 PC:   8 ADDR:   0 MEM_OUT: 13 ACC: 1 BUFF: 13 DC: 0 FLAG_ZERO: False FLAG_LT: 0 FLAG_GT: 1
INPUT_PORT:  []
OUT_PORT:  []
DATA_MEM:  [13, 6]
---------------------------------------
DEBUG    root:machine.py:309 LD 0
TICK: 617 PC:   9 ADDR:   0 MEM_OUT: 13 ACC: 1 BUFF: 13 DC: 0 FLAG_ZERO: False FLAG_LT: 0 FLAG_GT: 1
INPUT_PORT:  []
OUT_PORT:  []
DATA_MEM:  [13, 6]
---------------------------------------
DEBUG    root:machine.py:309 MOD 5
TICK: 621 PC:  10 ADDR:   0 MEM_OUT: 13 ACC: 13 BUFF: 13 DC: 0 FLAG_ZERO: False FLAG_LT: 0 FLAG_GT: 1
INPUT_PORT:  []
OUT_PORT:  []
DATA_MEM:  [13, 6]
---------------------------------------
DEBUG    root:machine.py:309 CMP 0
TICK: 625 PC:  11 ADDR:   0 MEM_OUT: 13 ACC: 3 BUFF: 13 DC: 0 FLAG_ZERO: False FLAG_LT: 0 FLAG_GT: 1
INPUT_PORT:  []
OUT_PORT:  []
DATA_MEM:  [13, 6]
---------------------------------------
DEBUG    root:machine.py:309 JE 18
TICK: 628 PC:  12 ADDR:   0 MEM_OUT: 13 ACC: 3 BUFF: 13 DC: 0 FLAG_ZERO: False FLAG_LT: 0 FLAG_GT: 1
INPUT_PORT:  []
OUT_PORT:  []
DATA_MEM:  [13, 6]
---------------------------------------
DEBUG    root:machine.py:309 JMP 0
TICK: 631 PC:  13 ADDR:   0 MEM_OUT: 13 ACC: 3 BUFF: 13 DC: 0 FLAG_ZERO: False FLAG_LT: 0 FLAG_GT: 1
INPUT_PORT:  []
OUT_PORT:  []
DATA_MEM:  [13, 6]
---------------------------------------
DEBUG    root:machine.py:309 LD 0
TICK: 634 PC:   0 ADDR:   0 MEM_OUT: 13 ACC: 3 BUFF: 13 DC: 0 FLAG_ZERO: False FLAG_LT: 0 FLAG_GT: 1
INPUT_PORT:  []
OUT_PORT:  []
DATA_MEM:  [13, 6]
---------------------------------------
DEBUG    root:machine.py:309 INC 
TICK: 638 PC:   1 ADDR:   0 MEM_OUT: 13 ACC: 13 BUFF: 13 DC: 0 FLAG_ZERO: False FLAG_LT: 0 FLAG_GT: 1
INPUT_PORT:  []
OUT_PORT:  []
DATA_MEM:  [13, 6]
---------------------------------------
DEBUG    root:machine.py:309 ST 0
TICK: 641 PC:   2 ADDR:   0 MEM_OUT: 13 ACC: 14 BUFF: 13 DC: 0 FLAG_ZERO: False FLAG_LT: 0 FLAG_GT: 1
INPUT_PORT:  []
OUT_PORT:  []
DATA_MEM:  [13, 6]
---------------------------------------
DEBUG    root:machine.py:309 CMP 1000
TICK: 645 PC:   3 ADDR:   0 MEM_OUT: 14 ACC: 14 BUFF: 13 DC: 0 FLAG_ZERO: False FLAG_LT: 0 FLAG_GT: 1
INPUT_PORT:  []
OUT_PORT:  []
DATA_MEM:  [14, 6]
---------------------------------------
DEBUG    root:machine.py:309 JGE 22
TICK: 648 PC:   4 ADDR:   0 MEM_OUT: 14 ACC: 14 BUFF: 13 DC: 0 FLAG_ZERO: False FLAG_LT: 1 FLAG_GT: 0
INPUT_PORT:  []
OUT_PORT:  []
DATA_MEM:  [14, 6]
---------------------------------------
DEBUG    root:machine.py:309 LD 0
TICK: 651 PC:   5 ADDR:   0 MEM_OUT: 14 ACC: 14 BUFF: 13 DC: 0 FLAG_ZERO: False FLAG_LT: 1 FLAG_GT: 0
INPUT_PORT:  []
OUT_PORT:  []
DATA_MEM:  [14, 6]
---------------------------------------
DEBUG    root:machine.py:309 MOD 3
TICK: 655 PC:   6 ADDR:   0 MEM_OUT: 14 ACC: 14 BUFF: 13 DC: 0 FLAG_ZERO: False FLAG_LT: 1 FLAG_GT: 0
INPUT_PORT:  []
OUT_PORT:  []
DATA_MEM:  [14, 6]
---------------------------------------
DEBUG    root:machine.py:309 CMP 0
TICK: 659 PC:   7 ADDR:   0 MEM_OUT: 14 ACC: 2 BUFF: 14 DC: 0 FLAG_ZERO: False FLAG_LT: 1 FLAG_GT: 0
INPUT_PORT:  []
OUT_PORT:  []
DATA_MEM:  [14, 6]
---------------------------------------
DEBUG    root:machine.py:309 JE 14
TICK: 662 PC:   8 ADDR:   0 MEM_OUT: 14 ACC: 2 BUFF: 14 DC: 0 FLAG_ZERO: False FLAG_LT: 0 FLAG_GT: 1
INPUT_PORT:  []
OUT_PORT:  []
DATA_MEM:  [14, 6]
---------------------------------------
DEBUG    root:machine.py:309 LD 0
TICK: 665 PC:   9 ADDR:   0 MEM_OUT: 14 ACC: 2 BUFF: 14 DC: 0 FLAG_ZERO: False FLAG_LT: 0 FLAG_GT: 1
INPUT_PORT:  []
OUT_PORT:  []
DATA_MEM:  [14, 6]
---------------------------------------
DEBUG    root:machine.py:309 MOD 5
TICK: 669 PC:  10 ADDR:   0 MEM_OUT: 14 ACC: 14 BUFF: 14 DC: 0 FLAG_ZERO: False FLAG_LT: 0 FLAG_GT: 1
INPUT_PORT:  []
OUT_PORT:  []
DATA_MEM:  [14, 6]
---------------------------------------
DEBUG    root:machine.py:309 CMP 0
TICK: 673 PC:  11 ADDR:   0 MEM_OUT: 14 ACC: 4 BUFF: 14 DC: 0 FLAG_ZERO: False FLAG_LT: 0 FLAG_GT: 1
INPUT_PORT:  []
OUT_PORT:  []
DATA_MEM:  [14, 6]
---------------------------------------
DEBUG    root:machine.py:309 JE 18
TICK: 676 PC:  12 ADDR:   0 MEM_OUT: 14 ACC: 4 BUFF: 14 DC: 0 FLAG_ZERO: False FLAG_LT: 0 FLAG_GT: 1
INPUT_PORT:  []
OUT_PORT:  []
DATA_MEM:  [14, 6]
---------------------------------------
DEBUG    root:machine.py:309 JMP 0
TICK: 679 PC:  13 ADDR:   0 MEM_OUT: 14 ACC: 4 BUFF: 14 DC: 0 FLAG_ZERO: False FLAG_LT: 0 FLAG_GT: 1
INPUT_PORT:  []
OUT_PORT:  []
DATA_MEM:  [14, 6]
---------------------------------------
DEBUG    root:machine.py:309 LD 0
TICK: 682 PC:   0 ADDR:   0 MEM_OUT: 14 ACC: 4 BUFF: 14 DC: 0 FLAG_ZERO: False FLAG_LT: 0 FLAG_GT: 1
INPUT_PORT:  []
OUT_PORT:  []
DATA_MEM:  [14, 6]
---------------------------------------
DEBUG    root:machine.py:309 INC 
TICK: 686 PC:   1 ADDR:   0 MEM_OUT: 14 ACC: 14 BUFF: 14 DC: 0 FLAG_ZERO: False FLAG_LT: 0 FLAG_GT: 1
INPUT_PORT:  []
OUT_PORT:  []
DATA_MEM:  [14, 6]
---------------------------------------
DEBUG    root:machine.py:309 ST 0
TICK: 689 PC:   2 ADDR:   0 MEM_OUT: 14 ACC: 15 BUFF: 14 DC: 0 FLAG_ZERO: False FLAG_LT: 0 FLAG_GT: 1
INPUT_PORT:  []
OUT_PORT:  []
DATA_MEM:  [14, 6]
---------------------------------------
DEBUG    root:machine.py:309 CMP 1000
TICK: 693 PC:   3 ADDR:   0 MEM_OUT: 15 ACC: 15 BUFF: 14 DC: 0 FLAG_ZERO: False FLAG_LT: 0 FLAG_GT: 1
INPUT_PORT:  []
OUT_PORT:  []
DATA_MEM:  [15, 6]
---------------------------------------
DEBUG    root:machine.py:309 JGE 22
TICK: 696 PC:   4 ADDR:   0 MEM_OUT: 15 ACC: 15 BUFF: 14 DC: 0 FLAG_ZERO: False FLAG_LT: 1 FLAG_GT: 0
INPUT_PORT:  []
OUT_PORT:  []
DATA_MEM:  [15, 6]
---------------------------------------
DEBUG    root:machine.py:309 LD 0
TICK: 699 PC:   5 ADDR:   0 MEM_OUT: 15 ACC: 15 BUFF: 14 DC: 0 FLAG_ZERO: False FLAG_LT: 1 FLAG_GT: 0
INPUT_PORT:  []
OUT_PORT:  []
DATA_MEM:  [15, 6]
---------------------------------------
DEBUG    root:machine.py:309 MOD 3
TICK: 703 PC:   6 ADDR:   0 MEM_OUT: 15 ACC: 15 BUFF: 14 DC: 0 FLAG_ZERO: False FLAG_LT: 1 FLAG_GT: 0
INPUT_PORT:  []
OUT_PORT:  []
DATA_MEM:  [15, 6]
---------------------------------------
DEBUG    root:machine.py:309 CMP 0
TICK: 707 PC:   7 ADDR:   0 MEM_OUT: 15 ACC: 0 BUFF: 15 DC: 0 FLAG_ZERO: False FLAG_LT: 1 FLAG_GT: 0
INPUT_PORT:  []
OUT_PORT:  []
DATA_MEM:  [15, 6]
---------------------------------------
DEBUG    root:machine.py:309 JE 14
TICK: 710 PC:   8 ADDR:   0 MEM_OUT: 15 ACC: 0 BUFF: 15 DC: 0 FLAG_ZERO: True FLAG_LT: 0 FLAG_GT: 0
INPUT_PORT:  []
OUT_PORT:  []
DATA_MEM:  [15, 6]
---------------------------------------
DEBUG    root:machine.py:309 LD 4
TICK: 713 PC:  14 ADDR:   0 MEM_OUT: 15 ACC: 0 BUFF: 15 DC: 0 FLAG_ZERO: True FLAG_LT: 0 FLAG_GT: 0
INPUT_PORT:  []
OUT_PORT:  []
DATA_MEM:  [15, 6]
---------------------------------------
DEBUG    root:machine.py:309 INC 
TICK: 717 PC:  15 ADDR:   1 MEM_OUT: 6 ACC: 6 BUFF: 15 DC: 0 FLAG_ZERO: True FLAG_LT: 0 FLAG_GT: 0
INPUT_PORT:  []
OUT_PORT:  []
DATA_MEM:  [15, 6]
---------------------------------------
DEBUG    root:machine.py:309 ST 4
TICK: 720 PC:  16 ADDR:   1 MEM_OUT: 6 ACC: 7 BUFF: 15 DC: 0 FLAG_ZERO: True FLAG_LT: 0 FLAG_GT: 0
INPUT_PORT:  []
OUT_PORT:  []
DATA_MEM:  [15, 6]
---------------------------------------
DEBUG    root:machine.py:309 JMP 0
TICK: 724 PC:  17 ADDR:   1 MEM_OUT: 7 ACC: 7 BUFF: 15 DC: 0 FLAG_ZERO: True FLAG_LT: 0 FLAG_GT: 0
INPUT_PORT:  []
OUT_PORT:  []
DATA_MEM:  [15, 7]
---------------------------------------
DEBUG    root:machine.py:309 LD 0
TICK: 727 PC:   0 ADDR:   1 MEM_OUT: 7 ACC: 7 BUFF: 15 DC: 0 FLAG_ZERO: True FLAG_LT: 0 FLAG_GT: 0
INPUT_PORT:  []
OUT_PORT:  []
DATA_MEM:  [15, 7]
---------------------------------------
DEBUG    root:machine.py:309 INC 
TICK: 731 PC:   1 ADDR:   0 MEM_OUT: 15 ACC: 15 BUFF: 15 DC: 0 FLAG_ZERO: True FLAG_LT: 0 FLAG_GT: 0
INPUT_PORT:  []
OUT_PORT:  []
DATA_MEM:  [15, 7]
---------------------------------------
DEBUG    root:machine.py:309 ST 0
TICK: 734 PC:   2 ADDR:   0 MEM_OUT: 15 ACC: 16 BUFF: 15 DC: 0 FLAG_ZERO: True FLAG_LT: 0 FLAG_GT: 0
INPUT_PORT:  []
OUT_PORT:  []
DATA_MEM:  [15, 7]
---------------------------------------
DEBUG    root:machine.py:309 CMP 1000
TICK: 738 PC:   3 ADDR:   0 MEM_OUT: 16 ACC: 16 BUFF: 15 DC: 0 FLAG_ZERO: True FLAG_LT: 0 FLAG_GT: 0
INPUT_PORT:  []
OUT_PORT:  []
DATA_MEM:  [16, 7]
---------------------------------------
DEBUG    root:machine.py:309 JGE 22
TICK: 741 PC:   4 ADDR:   0 MEM_OUT: 16 ACC: 16 BUFF: 15 DC: 0 FLAG_ZERO: False FLAG_LT: 1 FLAG_GT: 0
INPUT_PORT:  []
OUT_PORT:  []
DATA_MEM:  [16, 7]
---------------------------------------
DEBUG    root:machine.py:309 LD 0
TICK: 744 PC:   5 ADDR:   0 MEM_OUT: 16 ACC: 16 BUFF: 15 DC: 0 FLAG_ZERO: False FLAG_LT: 1 FLAG_GT: 0
INPUT_PORT:  []
OUT_PORT:  []
DATA_MEM:  [16, 7]
---------------------------------------
DEBUG    root:machine.py:309 MOD 3
TICK: 748 PC:   6 ADDR:   0 MEM_OUT: 16 ACC: 16 BUFF: 15 DC: 0 FLAG_ZERO: False FLAG_LT: 1 FLAG_GT: 0
INPUT_PORT:  []
OUT_PORT:  []
DATA_MEM:  [16, 7]
---------------------------------------
DEBUG    root:machine.py:309 CMP 0
TICK: 752 PC:   7 ADDR:   0 MEM_OUT: 16 ACC: 1 BUFF: 16 DC: 0 FLAG_ZERO: False FLAG_LT: 1 FLAG_GT: 0
INPUT_PORT:  []
OUT_PORT:  []
DATA_MEM:  [16, 7]
---------------------------------------
DEBUG    root:machine.py:309 JE 14
TICK: 755 PC:   8 ADDR:   0 MEM_OUT: 16 ACC: 1 BUFF: 16 DC: 0 FLAG_ZERO: False FLAG_LT: 0 FLAG_GT: 1
INPUT_PORT:  []
OUT_PORT:  []
DATA_MEM:  [16, 7]
---------------------------------------
DEBUG    root:machine.py:309 LD 0
TICK: 758 PC:   9 ADDR:   0 MEM_OUT: 16 ACC: 1 BUFF: 16 DC: 0 FLAG_ZERO: False FLAG_LT: 0 FLAG_GT: 1
INPUT_PORT:  []
OUT_PORT:  []
DATA_MEM:  [16, 7]
---------------------------------------
DEBUG    root:machine.py:309 MOD 5
TICK: 762 PC:  10 ADDR:   0 MEM_OUT: 16 ACC: 16 BUFF: 16 DC: 0 FLAG_ZERO: False FLAG_LT: 0 FLAG_GT: 1
INPUT_PORT:  []
OUT_PORT:  []
DATA_MEM:  [16, 7]
---------------------------------------
DEBUG    root:machine.py:309 CMP 0
TICK: 766 PC:  11 ADDR:   0 MEM_OUT: 16 ACC: 1 BUFF: 16 DC: 0 FLAG_ZERO: False FLAG_LT: 0 FLAG_GT: 1
INPUT_PORT:  []
OUT_PORT:  []
DATA_MEM:  [16, 7]
---------------------------------------
DEBUG    root:machine.py:309 JE 18
TICK: 769 PC:  12 ADDR:   0 MEM_OUT: 16 ACC: 1 BUFF: 16 DC: 0 FLAG_ZERO: False FLAG_LT: 0 FLAG_GT: 1
INPUT_PORT:  []
OUT_PORT:  []
DATA_MEM:  [16, 7]
---------------------------------------
DEBUG    root:machine.py:309 JMP 0
TICK: 772 PC:  13 ADDR:   0 MEM_OUT: 16 ACC: 1 BUFF: 16 DC: 0 FLAG_ZERO: False FLAG_LT: 0 FLAG_GT: 1
INPUT_PORT:  []
OUT_PORT:  []
DATA_MEM:  [16, 7]
---------------------------------------
DEBUG    root:machine.py:309 LD 0
TICK: 775 PC:   0 ADDR:   0 MEM_OUT: 16 ACC: 1 BUFF: 16 DC: 0 FLAG_ZERO: False FLAG_LT: 0 FLAG_GT: 1
INPUT_PORT:  []
OUT_PORT:  []
DATA_MEM:  [16, 7]
---------------------------------------
DEBUG    root:machine.py:309 INC 
TICK: 779 PC:   1 ADDR:   0 MEM_OUT: 16 ACC: 16 BUFF: 16 DC: 0 FLAG_ZERO: False FLAG_LT: 0 FLAG_GT: 1
INPUT_PORT:  []
OUT_PORT:  []
DATA_MEM:  [16, 7]
---------------------------------------
DEBUG    root:machine.py:309 ST 0
TICK: 782 PC:   2 ADDR:   0 MEM_OUT: 16 ACC: 17 BUFF: 16 DC: 0 FLAG_ZERO: False FLAG_LT: 0 FLAG_GT: 1
INPUT_PORT:  []
OUT_PORT:  []
DATA_MEM:  [16, 7]
---------------------------------------
DEBUG    root:machine.py:309 CMP 1000
TICK: 786 PC:   3 ADDR:   0 MEM_OUT: 17 ACC: 17 BUFF: 16 DC: 0 FLAG_ZERO: False FLAG_LT: 0 FLAG_GT: 1
INPUT_PORT:  []
OUT_PORT:  []
DATA_MEM:  [17, 7]
---------------------------------------
DEBUG    root:machine.py:309 JGE 22
TICK: 789 PC:   4 ADDR:   0 MEM_OUT: 17 ACC: 17 BUFF: 16 DC: 0 FLAG_ZERO: False FLAG_LT: 1 FLAG_GT: 0
INPUT_PORT:  []
OUT_PORT:  []
DATA_MEM:  [17, 7]
---------------------------------------
DEBUG    root:machine.py:309 LD 0
TICK: 792 PC:   5 ADDR:   0 MEM_OUT: 17 ACC: 17 BUFF: 16 DC: 0 FLAG_ZERO: False FLAG_LT: 1 FLAG_GT: 0
INPUT_PORT:  []
OUT_PORT:  []
DATA_MEM:  [17, 7]
---------------------------------------
DEBUG    root:machine.py:309 MOD 3
TICK: 796 PC:   6 ADDR:   0 MEM_OUT: 17 ACC: 17 BUFF: 16 DC: 0 FLAG_ZERO: False FLAG_LT: 1 FLAG_GT: 0
INPUT_PORT:  []
OUT_PORT:  []
DATA_MEM:  [17, 7]
---------------------------------------
DEBUG    root:machine.py:309 CMP 0
TICK: 800 PC:   7 ADDR:   0 MEM_OUT: 17 ACC: 2 BUFF: 17 DC: 0 FLAG_ZERO: False FLAG_LT: 1 FLAG_GT: 0
INPUT_PORT:  []
OUT_PORT:  []
DATA_MEM:  [17, 7]
---------------------------------------
DEBUG    root:machine.py:309 JE 14
TICK: 803 PC:   8 ADDR:   0 MEM_OUT: 17 ACC: 2 BUFF: 17 DC: 0 FLAG_ZERO: False FLAG_LT: 0 FLAG_GT: 1
INPUT_PORT:  []
OUT_PORT:  []
DATA_MEM:  [17, 7]
---------------------------------------
DEBUG    root:machine.py:309 LD 0
TICK: 806 PC:   9 ADDR:   0 MEM_OUT: 17 ACC: 2 BUFF: 17 DC: 0 FLAG_ZERO: False FLAG_LT: 0 FLAG_GT: 1
INPUT_PORT:  []
OUT_PORT:  []
DATA_MEM:  [17, 7]
---------------------------------------
DEBUG    root:machine.py:309 MOD 5
TICK: 810 PC:  10 ADDR:   0 MEM_OUT: 17 ACC: 17 BUFF: 17 DC: 0 FLAG_ZERO: False FLAG_LT: 0 FLAG_GT: 1
INPUT_PORT:  []
OUT_PORT:  []
DATA_MEM:  [17, 7]
---------------------------------------
DEBUG    root:machine.py:309 CMP 0
TICK: 814 PC:  11 ADDR:   0 MEM_OUT: 17 ACC: 2 BUFF: 17 DC: 0 FLAG_ZERO: False FLAG_LT: 0 FLAG_GT: 1
INPUT_PORT:  []
OUT_PORT:  []
DATA_MEM:  [17, 7]
---------------------------------------
DEBUG    root:machine.py:309 JE 18
TICK: 817 PC:  12 ADDR:   0 MEM_OUT: 17 ACC: 2 BUFF: 17 DC: 0 FLAG_ZERO: False FLAG_LT: 0 FLAG_GT: 1
INPUT_PORT:  []
OUT_PORT:  []
DATA_MEM:  [17, 7]
---------------------------------------
DEBUG    root:machine.py:309 JMP 0
TICK: 820 PC:  13 ADDR:   0 MEM_OUT: 17 ACC: 2 BUFF: 17 DC: 0 FLAG_ZERO: False FLAG_LT: 0 FLAG_GT: 1
INPUT_PORT:  []
OUT_PORT:  []
DATA_MEM:  [17, 7]
---------------------------------------
DEBUG    root:machine.py:309 LD 0
TICK: 823 PC:   0 ADDR:   0 MEM_OUT: 17 ACC: 2 BUFF: 17 DC: 0 FLAG_ZERO: False FLAG_LT: 0 FLAG_GT: 1
INPUT_PORT:  []
OUT_PORT:  []
DATA_MEM:  [17, 7]
---------------------------------------
DEBUG    root:machine.py:309 INC 
TICK: 827 PC:   1 ADDR:   0 MEM_OUT: 17 ACC: 17 BUFF: 17 DC: 0 FLAG_ZERO: False FLAG_LT: 0 FLAG_GT: 1
INPUT_PORT:  []
OUT_PORT:  []
DATA_MEM:  [17, 7]
---------------------------------------
DEBUG    root:machine.py:309 ST 0
TICK: 830 PC:   2 ADDR:   0 MEM_OUT: 17 ACC: 18 BUFF: 17 DC: 0 FLAG_ZERO: False FLAG_LT: 0 FLAG_GT: 1
INPUT_PORT:  []
OUT_PORT:  []
DATA_MEM:  [17, 7]
---------------------------------------
DEBUG    root:machine.py:309 CMP 1000
TICK: 834 PC:   3 ADDR:   0 MEM_OUT: 18 ACC: 18 BUFF: 17 DC: 0 FLAG_ZERO: False FLAG_LT: 0 FLAG_GT: 1
INPUT_PORT:  []
OUT_PORT:  []
DATA_MEM:  [18, 7]
---------------------------------------
DEBUG    root:machine.py:309 JGE 22
TICK: 837 PC:   4 ADDR:   0 MEM_OUT: 18 ACC: 18 BUFF: 17 DC: 0 FLAG_ZERO: False FLAG_LT: 1 FLAG_GT: 0
INPUT_PORT:  []
OUT_PORT:  []
DATA_MEM:  [18, 7]
---------------------------------------
DEBUG    root:machine.py:309 LD 0
TICK: 840 PC:   5 ADDR:   0 MEM_OUT: 18 ACC: 18 BUFF: 17 DC: 0 FLAG_ZERO: False FLAG_LT: 1 FLAG_GT: 0
INPUT_PORT:  []
OUT_PORT:  []
DATA_MEM:  [18, 7]
---------------------------------------
DEBUG    root:machine.py:309 MOD 3
TICK: 844 PC:   6 ADDR:   0 MEM_OUT: 18 ACC: 18 BUFF: 17 DC: 0 FLAG_ZERO: False FLAG_LT: 1 FLAG_GT: 0
INPUT_PORT:  []
OUT_PORT:  []
DATA_MEM:  [18, 7]
---------------------------------------
DEBUG    root:machine.py:309 CMP 0
TICK: 848 PC:   7 ADDR:   0 MEM_OUT: 18 ACC: 0 BUFF: 18 DC: 0 FLAG_ZERO: False FLAG_LT: 1 FLAG_GT: 0
INPUT_PORT:  []
OUT_PORT:  []
DATA_MEM:  [18, 7]
---------------------------------------
DEBUG    root:machine.py:309 JE 14
TICK: 851 PC:   8 ADDR:   0 MEM_OUT: 18 ACC: 0 BUFF: 18 DC: 0 FLAG_ZERO: True FLAG_LT: 0 FLAG_GT: 0
INPUT_PORT:  []
OUT_PORT:  []
DATA_MEM:  [18, 7]
---------------------------------------
DEBUG    root:machine.py:309 LD 4
TICK: 854 PC:  14 ADDR:   0 MEM_OUT: 18 ACC: 0 BUFF: 18 DC: 0 FLAG_ZERO: True FLAG_LT: 0 FLAG_GT: 0
INPUT_PORT:  []
OUT_PORT:  []
DATA_MEM:  [18, 7]
---------------------------------------
DEBUG    root:machine.py:309 INC 
TICK: 858 PC:  15 ADDR:   1 MEM_OUT: 7 ACC: 7 BUFF: 18 DC: 0 FLAG_ZERO: True FLAG_LT: 0 FLAG_GT: 0
INPUT_PORT:  []
OUT_PORT:  []
DATA_MEM:  [18, 7]
---------------------------------------
DEBUG    root:machine.py:309 ST 4
TICK: 861 PC:  16 ADDR:   1 MEM_OUT: 7 ACC: 8 BUFF: 18 DC: 0 FLAG_ZERO: True FLAG_LT: 0 FLAG_GT: 0
INPUT_PORT:  []
OUT_PORT:  []
DATA_MEM:  [18, 7]
---------------------------------------
DEBUG    root:machine.py:309 JMP 0
TICK: 865 PC:  17 ADDR:   1 MEM_OUT: 8 ACC: 8 BUFF: 18 DC: 0 FLAG_ZERO: True FLAG_LT: 0 FLAG_GT: 0
INPUT_PORT:  []
OUT_PORT:  []
DATA_MEM:  [18, 8]
---------------------------------------
DEBUG    root:machine.py:309 LD 0
TICK: 868 PC:   0 ADDR:   1 MEM_OUT: 8 ACC: 8 BUFF: 18 DC: 0 FLAG_ZERO: True FLAG_LT: 0 FLAG_GT: 0
INPUT_PORT:  []
OUT_PORT:  []
DATA_MEM:  [18, 8]
---------------------------------------
DEBUG    root:machine.py:309 INC 
TICK: 872 PC:   1 ADDR:   0 MEM_OUT: 18 ACC: 18 BUFF: 18 DC: 0 FLAG_ZERO: True FLAG_LT: 0 FLAG_GT: 0
INPUT_PORT:  []
OUT_PORT:  []
DATA_MEM:  [18, 8]
---------------------------------------
DEBUG    root:machine.py:309 ST 0
TICK: 875 PC:   2 ADDR:   0 MEM_OUT: 18 ACC: 19 BUFF: 18 DC: 0 FLAG_ZERO: True FLAG_LT: 0 FLAG_GT: 0
INPUT_PORT:  []
OUT_PORT:  []
DATA_MEM:  [18, 8]
---------------------------------------
DEBUG    root:machine.py:309 CMP 1000
TICK: 879 PC:   3 ADDR:   0 MEM_OUT: 19 ACC: 19 BUFF: 18 DC: 0 FLAG_ZERO: True FLAG_LT: 0 FLAG_GT: 0
INPUT_PORT:  []
OUT_PORT:  []
DATA_MEM:  [19, 8]
---------------------------------------
DEBUG    root:machine.py:309 JGE 22
TICK: 882 PC:   4 ADDR:   0 MEM_OUT: 19 ACC: 19 BUFF: 18 DC: 0 FLAG_ZERO: False FLAG_LT: 1 FLAG_GT: 0
INPUT_PORT:  []
OUT_PORT:  []
DATA_MEM:  [19, 8]
---------------------------------------
DEBUG    root:machine.py:309 LD 0
TICK: 885 PC:   5 ADDR:   0 MEM_OUT: 19 ACC: 19 BUFF: 18 DC: 0 FLAG_ZERO: False FLAG_LT: 1 FLAG_GT: 0
INPUT_PORT:  []
OUT_PORT:  []
DATA_MEM:  [19, 8]
---------------------------------------
DEBUG    root:machine.py:309 MOD 3
TICK: 889 PC:   6 ADDR:   0 MEM_OUT: 19 ACC: 19 BUFF: 18 DC: 0 FLAG_ZERO: False FLAG_LT: 1 FLAG_GT: 0
INPUT_PORT:  []
OUT_PORT:  []
DATA_MEM:  [19, 8]
---------------------------------------
DEBUG    root:machine.py:309 CMP 0
TICK: 893 PC:   7 ADDR:   0 MEM_OUT: 19 ACC: 1 BUFF: 19 DC: 0 FLAG_ZERO: False FLAG_LT: 1 FLAG_GT: 0
INPUT_PORT:  []
OUT_PORT:  []
DATA_MEM:  [19, 8]
---------------------------------------
DEBUG    root:machine.py:309 JE 14
TICK: 896 PC:   8 ADDR:   0 MEM_OUT: 19 ACC: 1 BUFF: 19 DC: 0 FLAG_ZERO: False FLAG_LT: 0 FLAG_GT: 1
INPUT_PORT:  []
OUT_PORT:  []
DATA_MEM:  [19, 8]
---------------------------------------
DEBUG    root:machine.py:309 LD 0
TICK: 899 PC:   9 ADDR:   0 MEM_OUT: 19 ACC: 1 BUFF: 19 DC: 0 FLAG_ZERO: False FLAG_LT: 0 FLAG_GT: 1
INPUT_PORT:  []
OUT_PORT:  []
DATA_MEM:  [19, 8]
---------------------------------------
DEBUG    root:machine.py:309 MOD 5
TICK: 903 PC:  10 ADDR:   0 MEM_OUT: 19 ACC: 19 BUFF: 19 DC: 0 FLAG_ZERO: False FLAG_LT: 0 FLAG_GT: 1
INPUT_PORT:  []
OUT_PORT:  []
DATA_MEM:  [19, 8]
---------------------------------------
DEBUG    root:machine.py:309 CMP 0
TICK: 907 PC:  11 ADDR:   0 MEM_OUT: 19 ACC: 4 BUFF: 19 DC: 0 FLAG_ZERO: False FLAG_LT: 0 FLAG_GT: 1
INPUT_PORT:  []
OUT_PORT:  []
DATA_MEM:  [19, 8]
---------------------------------------
DEBUG    root:machine.py:309 JE 18
TICK: 910 PC:  12 ADDR:   0 MEM_OUT: 19 ACC: 4 BUFF: 19 DC: 0 FLAG_ZERO: False FLAG_LT: 0 FLAG_GT: 1
INPUT_PORT:  []
OUT_PORT:  []
DATA_MEM:  [19, 8]
---------------------------------------
DEBUG    root:machine.py:309 JMP 0
TICK: 913 PC:  13 ADDR:   0 MEM_OUT: 19 ACC: 4 BUFF: 19 DC: 0 FLAG_ZERO: False FLAG_LT: 0 FLAG_GT: 1
INPUT_PORT:  []
OUT_PORT:  []
DATA_MEM:  [19, 8]
---------------------------------------
DEBUG    root:machine.py:309 LD 0
TICK: 916 PC:   0 ADDR:   0 MEM_OUT: 19 ACC: 4 BUFF: 19 DC: 0 FLAG_ZERO: False FLAG_LT: 0 FLAG_GT: 1
INPUT_PORT:  []
OUT_PORT:  []
DATA_MEM:  [19, 8]
---------------------------------------
DEBUG    root:machine.py:309 INC 
TICK: 920 PC:   1 ADDR:   0 MEM_OUT: 19 ACC: 19 BUFF: 19 DC: 0 FLAG_ZERO: False FLAG_LT: 0 FLAG_GT: 1
INPUT_PORT:  []
OUT_PORT:  []
DATA_MEM:  [19, 8]
---------------------------------------
DEBUG    root:machine.py:309 ST 0
TICK: 923 PC:   2 ADDR:   0 MEM_OUT: 19 ACC: 20 BUFF: 19 DC: 0 FLAG_ZERO: False FLAG_LT: 0 FLAG_GT: 1
INPUT_PORT:  []
OUT_PORT:  []
DATA_MEM:  [19, 8]
---------------------------------------
DEBUG    root:machine.py:309 CMP 1000
TICK: 927 PC:   3 ADDR:   0 MEM_OUT: 20 ACC: 20 BUFF: 19 DC: 0 FLAG_ZERO: False FLAG_LT: 0 FLAG_GT: 1
INPUT_PORT:  []
OUT_PORT:  []
DATA_MEM:  [20, 8]
---------------------------------------
DEBUG    root:machine.py:309 JGE 22
TICK: 930 PC:   4 ADDR:   0 MEM_OUT: 20 ACC: 20 BUFF: 19 DC: 0 FLAG_ZERO: False FLAG_LT: 1 FLAG_GT: 0
INPUT_PORT:  []
OUT_PORT:  []
DATA_MEM:  [20, 8]
---------------------------------------
DEBUG    root:machine.py:309 LD 0
TICK: 933 PC:   5 ADDR:   0 MEM_OUT: 20 ACC: 20 BUFF: 19 DC: 0 FLAG_ZERO: False FLAG_LT: 1 FLAG_GT: 0
INPUT_PORT:  []
OUT_PORT:  []
DATA_MEM:  [20, 8]
---------------------------------------
DEBUG    root:machine.py:309 MOD 3
TICK: 937 PC:   6 ADDR:   0 MEM_OUT: 20 ACC: 20 BUFF: 19 DC: 0 FLAG_ZERO: False FLAG_LT: 1 FLAG_GT: 0
INPUT_PORT:  []
OUT_PORT:  []
DATA_MEM:  [20, 8]
---------------------------------------
DEBUG    root:machine.py:309 CMP 0
TICK: 941 PC:   7 ADDR:   0 MEM_OUT: 20 ACC: 2 BUFF: 20 DC: 0 FLAG_ZERO: False FLAG_LT: 1 FLAG_GT: 0
INPUT_PORT:  []
OUT_PORT:  []
DATA_MEM:  [20, 8]
---------------------------------------
DEBUG    root:machine.py:309 JE 14
TICK: 944 PC:   8 ADDR:   0 MEM_OUT: 20 ACC: 2 BUFF: 20 DC: 0 FLAG_ZERO: False FLAG_LT: 0 FLAG_GT: 1
INPUT_PORT:  []
OUT_PORT:  []
DATA_MEM:  [20, 8]
---------------------------------------
DEBUG    root:machine.py:309 LD 0
TICK: 947 PC:   9 ADDR:   0 MEM_OUT: 20 ACC: 2 BUFF: 20 DC: 0 FLAG_ZERO: False FLAG_LT: 0 FLAG_GT: 1
INPUT_PORT:  []
OUT_PORT:  []
DATA_MEM:  [20, 8]
---------------------------------------
DEBUG    root:machine.py:309 MOD 5
TICK: 951 PC:  10 ADDR:   0 MEM_OUT: 20 ACC: 20 BUFF: 20 DC: 0 FLAG_ZERO: False FLAG_LT: 0 FLAG_GT: 1
INPUT_PORT:  []
OUT_PORT:  []
DATA_MEM:  [20, 8]
---------------------------------------
DEBUG    root:machine.py:309 CMP 0
TICK: 955 PC:  11 ADDR:   0 MEM_OUT: 20 ACC: 0 BUFF: 20 DC: 0 FLAG_ZERO: False FLAG_LT: 0 FLAG_GT: 1
INPUT_PORT:  []
OUT_PORT:  []
DATA_MEM:  [20, 8]
---------------------------------------
DEBUG    root:machine.py:309 JE 18
TICK: 958 PC:  12 ADDR:   0 MEM_OUT: 20 ACC: 0 BUFF: 20 DC: 0 FLAG_ZERO: True FLAG_LT: 0 FLAG_GT: 0
INPUT_PORT:  []
OUT_PORT:  []
DATA_MEM:  [20, 8]
---------------------------------------
DEBUG    root:machine.py:309 LD 4
TICK: 961 PC:  18 ADDR:   0 MEM_OUT: 20 ACC: 0 BUFF: 20 DC: 0 FLAG_ZERO: True FLAG_LT: 0 FLAG_GT: 0
INPUT_PORT:  []
OUT_PORT:  []
DATA_MEM:  [20, 8]
---------------------------------------
DEBUG    root:machine.py:309 INC 
TICK: 965 PC:  19 ADDR:   1 MEM_OUT: 8 ACC: 8 BUFF: 20 DC: 0 FLAG_ZERO: True FLAG_LT: 0 FLAG_GT: 0
INPUT_PORT:  []
OUT_PORT:  []
DATA_MEM:  [20, 8]
---------------------------------------
DEBUG    root:machine.py:309 ST 4
TICK: 968 PC:  20 ADDR:   1 MEM_OUT: 8 ACC: 9 BUFF: 20 DC: 0 FLAG_ZERO: True FLAG_LT: 0 FLAG_GT: 0
INPUT_PORT:  []
OUT_PORT:  []
DATA_MEM:  [20, 8]
---------------------------------------
DEBUG    root:machine.py:309 JMP 0
TICK: 972 PC:  21 ADDR:   1 MEM_OUT: 9 ACC: 9 BUFF: 20 DC: 0 FLAG_ZERO: True FLAG_LT: 0 FLAG_GT: 0
INPUT_PORT:  []
OUT_PORT:  []
DATA_MEM:  [20, 9]
---------------------------------------
DEBUG    root:machine.py:309 LD 0
TICK: 975 PC:   0 ADDR:   1 MEM_OUT: 9 ACC: 9 BUFF: 20 DC: 0 FLAG_ZERO: True FLAG_LT: 0 FLAG_GT: 0
INPUT_PORT:  []
OUT_PORT:  []
DATA_MEM:  [20, 9]
---------------------------------------
DEBUG    root:machine.py:309 INC 
TICK: 979 PC:   1 ADDR:   0 MEM_OUT: 20 ACC: 20 BUFF: 20 DC: 0 FLAG_ZERO: True FLAG_LT: 0 FLAG_GT: 0
INPUT_PORT:  []
OUT_PORT:  []
DATA_MEM:  [20, 9]
---------------------------------------
DEBUG    root:machine.py:309 ST 0
TICK: 982 PC:   2 ADDR:   0 MEM_OUT: 20 ACC: 21 BUFF: 20 DC: 0 FLAG_ZERO: True FLAG_LT: 0 FLAG_GT: 0
INPUT_PORT:  []
OUT_PORT:  []
DATA_MEM:  [20, 9]
---------------------------------------
DEBUG    root:machine.py:309 CMP 1000
TICK: 986 PC:   3 ADDR:   0 MEM_OUT: 21 ACC: 21 BUFF: 20 DC: 0 FLAG_ZERO: True FLAG_LT: 0 FLAG_GT: 0
INPUT_PORT:  []
OUT_PORT:  []
DATA_MEM:  [21, 9]
---------------------------------------
DEBUG    root:machine.py:309 JGE 22
TICK: 989 PC:   4 ADDR:   0 MEM_OUT: 21 ACC: 21 BUFF: 20 DC: 0 FLAG_ZERO: False FLAG_LT: 1 FLAG_GT: 0
INPUT_PORT:  []
OUT_PORT:  []
DATA_MEM:  [21, 9]
---------------------------------------
DEBUG    root:machine.py:309 LD 0
TICK: 992 PC:   5 ADDR:   0 MEM_OUT: 21 ACC: 21 BUFF: 20 DC: 0 FLAG_ZERO: False FLAG_LT: 1 FLAG_GT: 0
INPUT_PORT:  []
OUT_PORT:  []
DATA_MEM:  [21, 9]
---------------------------------------
DEBUG    root:machine.py:309 MOD 3
TICK: 996 PC:   6 ADDR:   0 MEM_OUT: 21 ACC: 21 BUFF: 20 DC: 0 FLAG_ZERO: False FLAG_LT: 1 FLAG_GT: 0
INPUT_PORT:  []
OUT_PORT:  []
DATA_MEM:  [21, 9]
---------------------------------------
DEBUG    root:machine.py:309 CMP 0
TICK: 1000 PC:   7 ADDR:   0 MEM_OUT: 21 ACC: 0 BUFF: 21 DC: 0 FLAG_ZERO: False FLAG_LT: 1 FLAG_GT: 0
INPUT_PORT:  []
OUT_PORT:  []
DATA_MEM:  [21, 9]
---------------------------------------
DEBUG    root:machine.py:309 JE 14
TICK: 1003 PC:   8 ADDR:   0 MEM_OUT: 21 ACC: 0 BUFF: 21 DC: 0 FLAG_ZERO: True FLAG_LT: 0 FLAG_GT: 0
INPUT_PORT:  []
OUT_PORT:  []
DATA_MEM:  [21, 9]
---------------------------------------
DEBUG    root:machine.py:309 LD 4
TICK: 1006 PC:  14 ADDR:   0 MEM_OUT: 21 ACC: 0 BUFF: 21 DC: 0 FLAG_ZERO: True FLAG_LT: 0 FLAG_GT: 0
INPUT_PORT:  []
OUT_PORT:  []
DATA_MEM:  [21, 9]
---------------------------------------
DEBUG    root:machine.py:309 INC 
TICK: 1010 PC:  15 ADDR:   1 MEM_OUT: 9 ACC: 9 BUFF: 21 DC: 0 FLAG_ZERO: True FLAG_LT: 0 FLAG_GT: 0
INPUT_PORT:  []
OUT_PORT:  []
DATA_MEM:  [21, 9]
---------------------------------------
DEBUG    root:machine.py:309 ST 4
TICK: 1013 PC:  16 ADDR:   1 MEM_OUT: 9 ACC: 10 BUFF: 21 DC: 0 FLAG_ZERO: True FLAG_LT: 0 FLAG_GT: 0
INPUT_PORT:  []
OUT_PORT:  []
DATA_MEM:  [21, 9]
---------------------------------------
DEBUG    root:machine.py:309 JMP 0
TICK: 1017 PC:  17 ADDR:   1 MEM_OUT: 10 ACC: 10 BUFF: 21 DC: 0 FLAG_ZERO: True FLAG_LT: 0 FLAG_GT: 0
INPUT_PORT:  []
OUT_PORT:  []
DATA_MEM:  [21, 10]
---------------------------------------
DEBUG    root:machine.py:309 LD 0
TICK: 1020 PC:   0 ADDR:   1 MEM_OUT: 10 ACC: 10 BUFF: 21 DC: 0 FLAG_ZERO: True FLAG_LT: 0 FLAG_GT: 0
INPUT_PORT:  []
OUT_PORT:  []
DATA_MEM:  [21, 10]
---------------------------------------
DEBUG    root:machine.py:309 INC 
TICK: 1024 PC:   1 ADDR:   0 MEM_OUT: 21 ACC: 21 BUFF: 21 DC: 0 FLAG_ZERO: True FLAG_LT: 0 FLAG_GT: 0
INPUT_PORT:  []
OUT_PORT:  []
DATA_MEM:  [21, 10]
---------------------------------------
DEBUG    root:machine.py:309 ST 0
TICK: 1027 PC:   2 ADDR:   0 MEM_OUT: 21 ACC: 22 BUFF: 21 DC: 0 FLAG_ZERO: True FLAG_LT: 0 FLAG_GT: 0
INPUT_PORT:  []
OUT_PORT:  []
DATA_MEM:  [21, 10]
---------------------------------------
DEBUG    root:machine.py:309 CMP 1000
TICK: 1031 PC:   3 ADDR:   0 MEM_OUT: 22 ACC: 22 BUFF: 21 DC: 0 FLAG_ZERO: True FLAG_LT: 0 FLAG_GT: 0
INPUT_PORT:  []
OUT_PORT:  []
DATA_MEM:  [22, 10]
---------------------------------------
DEBUG    root:machine.py:309 JGE 22
TICK: 1034 PC:   4 ADDR:   0 MEM_OUT: 22 ACC: 22 BUFF: 21 DC: 0 FLAG_ZERO: False FLAG_LT: 1 FLAG_GT: 0
INPUT_PORT:  []
OUT_PORT:  []
DATA_MEM:  [22, 10]
---------------------------------------
DEBUG    root:machine.py:309 LD 0
TICK: 1037 PC:   5 ADDR:   0 MEM_OUT: 22 ACC: 22 BUFF: 21 DC: 0 FLAG_ZERO: False FLAG_LT: 1 FLAG_GT: 0
INPUT_PORT:  []
OUT_PORT:  []
DATA_MEM:  [22, 10]
---------------------------------------
DEBUG    root:machine.py:309 MOD 3
TICK: 1041 PC:   6 ADDR:   0 MEM_OUT: 22 ACC: 22 BUFF: 21 DC: 0 FLAG_ZERO: False FLAG_LT: 1 FLAG_GT: 0
INPUT_PORT:  []
OUT_PORT:  []
DATA_MEM:  [22, 10]
---------------------------------------
DEBUG    root:machine.py:309 CMP 0
TICK: 1045 PC:   7 ADDR:   0 MEM_OUT: 22 ACC: 1 BUFF: 22 DC: 0 FLAG_ZERO: False FLAG_LT: 1 FLAG_GT: 0
INPUT_PORT:  []
OUT_PORT:  []
DATA_MEM:  [22, 10]
---------------------------------------
DEBUG    root:machine.py:309 JE 14
TICK: 1048 PC:   8 ADDR:   0 MEM_OUT: 22 ACC: 1 BUFF: 22 DC: 0 FLAG_ZERO: False FLAG_LT: 0 FLAG_GT: 1
INPUT_PORT:  []
OUT_PORT:  []
DATA_MEM:  [22, 10]
---------------------------------------
DEBUG    root:machine.py:309 LD 0
TICK: 1051 PC:   9 ADDR:   0 MEM_OUT: 22 ACC: 1 BUFF: 22 DC: 0 FLAG_ZERO: False FLAG_LT: 0 FLAG_GT: 1
INPUT_PORT:  []
OUT_PORT:  []
DATA_MEM:  [22, 10]
---------------------------------------
DEBUG    root:machine.py:309 MOD 5
TICK: 1055 PC:  10 ADDR:   0 MEM_OUT: 22 ACC: 22 BUFF: 22 DC: 0 FLAG_ZERO: False FLAG_LT: 0 FLAG_GT: 1
INPUT_PORT:  []
OUT_PORT:  []
DATA_MEM:  [22, 10]
---------------------------------------
DEBUG    root:machine.py:309 CMP 0
TICK: 1059 PC:  11 ADDR:   0 MEM_OUT: 22 ACC: 2 BUFF: 22 DC: 0 FLAG_ZERO: False FLAG_LT: 0 FLAG_GT: 1
INPUT_PORT:  []
OUT_PORT:  []
DATA_MEM:  [22, 10]
---------------------------------------
DEBUG    root:machine.py:309 JE 18
TICK: 1062 PC:  12 ADDR:   0 MEM_OUT: 22 ACC: 2 BUFF: 22 DC: 0 FLAG_ZERO: False FLAG_LT: 0 FLAG_GT: 1
INPUT_PORT:  []
OUT_PORT:  []
DATA_MEM:  [22, 10]
---------------------------------------
DEBUG    root:machine.py:309 JMP 0
TICK: 1065 PC:  13 ADDR:   0 MEM_OUT: 22 ACC: 2 BUFF: 22 DC: 0 FLAG_ZERO: False FLAG_LT: 0 FLAG_GT: 1
INPUT_PORT:  []
OUT_PORT:  []
DATA_MEM:  [22, 10]
---------------------------------------
DEBUG    root:machine.py:309 LD 0
TICK: 1068 PC:   0 ADDR:   0 MEM_OUT: 22 ACC: 2 BUFF: 22 DC: 0 FLAG_ZERO: False FLAG_LT: 0 FLAG_GT: 1
INPUT_PORT:  []
OUT_PORT:  []
DATA_MEM:  [22, 10]
---------------------------------------
DEBUG    root:machine.py:309 INC 
TICK: 1072 PC:   1 ADDR:   0 MEM_OUT: 22 ACC: 22 BUFF: 22 DC: 0 FLAG_ZERO: False FLAG_LT: 0 FLAG_GT: 1
INPUT_PORT:  []
OUT_PORT:  []
DATA_MEM:  [22, 10]
---------------------------------------
DEBUG    root:machine.py:309 ST 0
TICK: 1075 PC:   2 ADDR:   0 MEM_OUT: 22 ACC: 23 BUFF: 22 DC: 0 FLAG_ZERO: False FLAG_LT: 0 FLAG_GT: 1
INPUT_PORT:  []
OUT_PORT:  []
DATA_MEM:  [22, 10]
---------------------------------------
DEBUG    root:machine.py:309 CMP 1000
TICK: 1079 PC:   3 ADDR:   0 MEM_OUT: 23 ACC: 23 BUFF: 22 DC: 0 FLAG_ZERO: False FLAG_LT: 0 FLAG_GT: 1
INPUT_PORT:  []
OUT_PORT:  []
DATA_MEM:  [23, 10]
---------------------------------------
DEBUG    root:machine.py:309 JGE 22
TICK: 1082 PC:   4 ADDR:   0 MEM_OUT: 23 ACC: 23 BUFF: 22 DC: 0 FLAG_ZERO: False FLAG_LT: 1 FLAG_GT: 0
INPUT_PORT:  []
OUT_PORT:  []
DATA_MEM:  [23, 10]
---------------------------------------
DEBUG    root:machine.py:309 LD 0
TICK: 1085 PC:   5 ADDR:   0 MEM_OUT: 23 ACC: 23 BUFF: 22 DC: 0 FLAG_ZERO: False FLAG_LT: 1 FLAG_GT: 0
INPUT_PORT:  []
OUT_PORT:  []
DATA_MEM:  [23, 10]
---------------------------------------
DEBUG    root:machine.py:309 MOD 3
TICK: 1089 PC:   6 ADDR:   0 MEM_OUT: 23 ACC: 23 BUFF: 22 DC: 0 FLAG_ZERO: False FLAG_LT: 1 FLAG_GT: 0
INPUT_PORT:  []
OUT_PORT:  []
DATA_MEM:  [23, 10]
---------------------------------------
DEBUG    root:machine.py:309 CMP 0
TICK: 1093 PC:   7 ADDR:   0 MEM_OUT: 23 ACC: 2 BUFF: 23 DC: 0 FLAG_ZERO: False FLAG_LT: 1 FLAG_GT: 0
INPUT_PORT:  []
OUT_PORT:  []
DATA_MEM:  [23, 10]
---------------------------------------
DEBUG    root:machine.py:309 JE 14
TICK: 1096 PC:   8 ADDR:   0 MEM_OUT: 23 ACC: 2 BUFF: 23 DC: 0 FLAG_ZERO: False FLAG_LT: 0 FLAG_GT: 1
INPUT_PORT:  []
OUT_PORT:  []
DATA_MEM:  [23, 10]
---------------------------------------
DEBUG    root:machine.py:309 LD 0
TICK: 1099 PC:   9 ADDR:   0 MEM_OUT: 23 ACC: 2 BUFF: 23 DC: 0 FLAG_ZERO: False FLAG_LT: 0 FLAG_GT: 1
INPUT_PORT:  []
OUT_PORT:  []
DATA_MEM:  [23, 10]
---------------------------------------
DEBUG    root:machine.py:309 MOD 5
TICK: 1103 PC:  10 ADDR:   0 MEM_OUT: 23 ACC: 23 BUFF: 23 DC: 0 FLAG_ZERO: False FLAG_LT: 0 FLAG_GT: 1
INPUT_PORT:  []
OUT_PORT:  []
DATA_MEM:  [23, 10]
---------------------------------------
DEBUG    root:machine.py:309 CMP 0
TICK: 1107 PC:  11 ADDR:   0 MEM_OUT: 23 ACC: 3 BUFF: 23 DC: 0 FLAG_ZERO: False FLAG_LT: 0 FLAG_GT: 1
INPUT_PORT:  []
OUT_PORT:  []
DATA_MEM:  [23, 10]
---------------------------------------
DEBUG    root:machine.py:309 JE 18
TICK: 1110 PC:  12 ADDR:   0 MEM_OUT: 23 ACC: 3 BUFF: 23 DC: 0 FLAG_ZERO: False FLAG_LT: 0 FLAG_GT: 1
INPUT_PORT:  []
OUT_PORT:  []
DATA_MEM:  [23, 10]
---------------------------------------
DEBUG    root:machine.py:309 JMP 0
TICK: 1113 PC:  13 ADDR:   0 MEM_OUT: 23 ACC: 3 BUFF: 23 DC: 0 FLAG_ZERO: False FLAG_LT: 0 FLAG_GT: 1
INPUT_PORT:  []
OUT_PORT:  []
DATA_MEM:  [23, 10]
---------------------------------------
DEBUG    root:machine.py:309 LD 0
TICK: 1116 PC:   0 ADDR:   0 MEM_OUT: 23 ACC: 3 BUFF: 23 DC: 0 FLAG_ZERO: False FLAG_LT: 0 FLAG_GT: 1
INPUT_PORT:  []
OUT_PORT:  []
DATA_MEM:  [23, 10]
---------------------------------------
DEBUG    root:machine.py:309 INC 
TICK: 1120 PC:   1 ADDR:   0 MEM_OUT: 23 ACC: 23 BUFF: 23 DC: 0 FLAG_ZERO: False FLAG_LT: 0 FLAG_GT: 1
INPUT_PORT:  []
OUT_PORT:  []
DATA_MEM:  [23, 10]
---------------------------------------
DEBUG    root:machine.py:309 ST 0
TICK: 1123 PC:   2 ADDR:   0 MEM_OUT: 23 ACC: 24 BUFF: 23 DC: 0 FLAG_ZERO: False FLAG_LT: 0 FLAG_GT: 1
INPUT_PORT:  []
OUT_PORT:  []
DATA_MEM:  [23, 10]
---------------------------------------
DEBUG    root:machine.py:309 CMP 1000
TICK: 1127 PC:   3 ADDR:   0 MEM_OUT: 24 ACC: 24 BUFF: 23 DC: 0 FLAG_ZERO: False FLAG_LT: 0 FLAG_GT: 1
INPUT_PORT:  []
OUT_PORT:  []
DATA_MEM:  [24, 10]
---------------------------------------
DEBUG    root:machine.py:309 JGE 22
TICK: 1130 PC:   4 ADDR:   0 MEM_OUT: 24 ACC: 24 BUFF: 23 DC: 0 FLAG_ZERO: False FLAG_LT: 1 FLAG_GT: 0
INPUT_PORT:  []
OUT_PORT:  []
DATA_MEM:  [24, 10]
---------------------------------------
DEBUG    root:machine.py:309 LD 0
TICK: 1133 PC:   5 ADDR:   0 MEM_OUT: 24 ACC: 24 BUFF: 23 DC: 0 FLAG_ZERO: False FLAG_LT: 1 FLAG_GT: 0
INPUT_PORT:  []
OUT_PORT:  []
DATA_MEM:  [24, 10]
---------------------------------------
DEBUG    root:machine.py:309 MOD 3
TICK: 1137 PC:   6 ADDR:   0 MEM_OUT: 24 ACC: 24 BUFF: 23 DC: 0 FLAG_ZERO: False FLAG_LT: 1 FLAG_GT: 0
INPUT_PORT:  []
OUT_PORT:  []
DATA_MEM:  [24, 10]
---------------------------------------
DEBUG    root:machine.py:309 CMP 0
TICK: 1141 PC:   7 ADDR:   0 MEM_OUT: 24 ACC: 0 BUFF: 24 DC: 0 FLAG_ZERO: False FLAG_LT: 1 FLAG_GT: 0
INPUT_PORT:  []
OUT_PORT:  []
DATA_MEM:  [24, 10]
---------------------------------------
DEBUG    root:machine.py:309 JE 14
TICK: 1144 PC:   8 ADDR:   0 MEM_OUT: 24 ACC: 0 BUFF: 24 DC: 0 FLAG_ZERO: True FLAG_LT: 0 FLAG_GT: 0
INPUT_PORT:  []
OUT_PORT:  []
DATA_MEM:  [24, 10]
---------------------------------------
DEBUG    root:machine.py:309 LD 4
TICK: 1147 PC:  14 ADDR:   0 MEM_OUT: 24 ACC: 0 BUFF: 24 DC: 0 FLAG_ZERO: True FLAG_LT: 0 FLAG_GT: 0
INPUT_PORT:  []
OUT_PORT:  []
DATA_MEM:  [24, 10]
---------------------------------------
DEBUG    root:machine.py:309 INC 
TICK: 1151 PC:  15 ADDR:   1 MEM_OUT: 10 ACC: 10 BUFF: 24 DC: 0 FLAG_ZERO: True FLAG_LT: 0 FLAG_GT: 0
INPUT_PORT:  []
OUT_PORT:  []
DATA_MEM:  [24, 10]
---------------------------------------
DEBUG    root:machine.py:309 ST 4
TICK: 1154 PC:  16 ADDR:   1 MEM_OUT: 10 ACC: 11 BUFF: 24 DC: 0 FLAG_ZERO: True FLAG_LT: 0 FLAG_GT: 0
INPUT_PORT:  []
OUT_PORT:  []
DATA_MEM:  [24, 10]
---------------------------------------
DEBUG    root:machine.py:309 JMP 0
TICK: 1158 PC:  17 ADDR:   1 MEM_OUT: 11 ACC: 11 BUFF: 24 DC: 0 FLAG_ZERO: True FLAG_LT: 0 FLAG_GT: 0
INPUT_PORT:  []
OUT_PORT:  []
DATA_MEM:  [24, 11]
---------------------------------------
DEBUG    root:machine.py:309 LD 0
TICK: 1161 PC:   0 ADDR:   1 MEM_OUT: 11 ACC: 11 BUFF: 24 DC: 0 FLAG_ZERO: True FLAG_LT: 0 FLAG_GT: 0
INPUT_PORT:  []
OUT_PORT:  []
DATA_MEM:  [24, 11]
---------------------------------------
DEBUG    root:machine.py:309 INC 
TICK: 1165 PC:   1 ADDR:   0 MEM_OUT: 24 ACC: 24 BUFF: 24 DC: 0 FLAG_ZERO: True FLAG_LT: 0 FLAG_GT: 0
INPUT_PORT:  []
OUT_PORT:  []
DATA_MEM:  [24, 11]
---------------------------------------
DEBUG    root:machine.py:309 ST 0
TICK: 1168 PC:   2 ADDR:   0 MEM_OUT: 24 ACC: 25 BUFF: 24 DC: 0 FLAG_ZERO: True FLAG_LT: 0 FLAG_GT: 0
INPUT_PORT:  []
OUT_PORT:  []
DATA_MEM:  [24, 11]
---------------------------------------
DEBUG    root:machine.py:309 CMP 1000
TICK: 1172 PC:   3 ADDR:   0 MEM_OUT: 25 ACC: 25 BUFF: 24 DC: 0 FLAG_ZERO: True FLAG_LT: 0 FLAG_GT: 0
INPUT_PORT:  []
OUT_PORT:  []
DATA_MEM:  [25, 11]
---------------------------------------
DEBUG    root:machine.py:309 JGE 22
TICK: 1175 PC:   4 ADDR:   0 MEM_OUT: 25 ACC: 25 BUFF: 24 DC: 0 FLAG_ZERO: False FLAG_LT: 1 FLAG_GT: 0
INPUT_PORT:  []
OUT_PORT:  []
DATA_MEM:  [25, 11]
---------------------------------------
DEBUG    root:machine.py:309 LD 0
TICK: 1178 PC:   5 ADDR:   0 MEM_OUT: 25 ACC: 25 BUFF: 24 DC: 0 FLAG_ZERO: False FLAG_LT: 1 FLAG_GT: 0
INPUT_PORT:  []
OUT_PORT:  []
DATA_MEM:  [25, 11]
---------------------------------------
DEBUG    root:machine.py:309 MOD 3
TICK: 1182 PC:   6 ADDR:   0 MEM_OUT: 25 ACC: 25 BUFF: 24 DC: 0 FLAG_ZERO: False FLAG_LT: 1 FLAG_GT: 0
INPUT_PORT:  []
OUT_PORT:  []
DATA_MEM:  [25, 11]
---------------------------------------
DEBUG    root:machine.py:309 CMP 0
TICK: 1186 PC:   7 ADDR:   0 MEM_OUT: 25 ACC: 1 BUFF: 25 DC: 0 FLAG_ZERO: False FLAG_LT: 1 FLAG_GT: 0
INPUT_PORT:  []
OUT_PORT:  []
DATA_MEM:  [25, 11]
---------------------------------------
DEBUG    root:machine.py:309 JE 14
TICK: 1189 PC:   8 ADDR:   0 MEM_OUT: 25 ACC: 1 BUFF: 25 DC: 0 FLAG_ZERO: False FLAG_LT: 0 FLAG_GT: 1
INPUT_PORT:  []
OUT_PORT:  []
DATA_MEM:  [25, 11]
---------------------------------------
DEBUG    root:machine.py:309 LD 0
TICK: 1192 PC:   9 ADDR:   0 MEM_OUT: 25 ACC: 1 BUFF: 25 DC: 0 FLAG_ZERO: False FLAG_LT: 0 FLAG_GT: 1
INPUT_PORT:  []
OUT_PORT:  []
DATA_MEM:  [25, 11]
---------------------------------------
DEBUG    root:machine.py:309 MOD 5
TICK: 1196 PC:  10 ADDR:   0 MEM_OUT: 25 ACC: 25 BUFF: 25 DC: 0 FLAG_ZERO: False FLAG_LT: 0 FLAG_GT: 1
INPUT_PORT:  []
OUT_PORT:  []
DATA_MEM:  [25, 11]
---------------------------------------
DEBUG    root:machine.py:309 CMP 0
TICK: 1200 PC:  11 ADDR:   0 MEM_OUT: 25 ACC: 0 BUFF: 25 DC: 0 FLAG_ZERO: False FLAG_LT: 0 FLAG_GT: 1
INPUT_PORT:  []
OUT_PORT:  []
DATA_MEM:  [25, 11]
---------------------------------------
DEBUG    root:machine.py:309 JE 18
TICK: 1203 PC:  12 ADDR:   0 MEM_OUT: 25 ACC: 0 BUFF: 25 DC: 0 FLAG_ZERO: True FLAG_LT: 0 FLAG_GT: 0
INPUT_PORT:  []
OUT_PORT:  []
DATA_MEM:  [25, 11]
---------------------------------------
DEBUG    root:machine.py:309 LD 4
TICK: 1206 PC:  18 ADDR:   0 MEM_OUT: 25 ACC: 0 BUFF: 25 DC: 0 FLAG_ZERO: True FLAG_LT: 0 FLAG_GT: 0
INPUT_PORT:  []
OUT_PORT:  []
DATA_MEM:  [25, 11]
---------------------------------------
DEBUG    root:machine.py:309 INC 
TICK: 1210 PC:  19 ADDR:   1 MEM_OUT: 11 ACC: 11 BUFF: 25 DC: 0 FLAG_ZERO: True FLAG_LT: 0 FLAG_GT: 0
INPUT_PORT:  []
OUT_PORT:  []
DATA_MEM:  [25, 11]
---------------------------------------
DEBUG    root:machine.py:309 ST 4
TICK: 1213 PC:  20 ADDR:   1 MEM_OUT: 11 ACC: 12 BUFF: 25 DC: 0 FLAG_ZERO: True FLAG_LT: 0 FLAG_GT: 0
INPUT_PORT:  []
OUT_PORT:  []
DATA_MEM:  [25, 11]
---------------------------------------
DEBUG    root:machine.py:309 JMP 0
TICK: 1217 PC:  21 ADDR:   1 MEM_OUT: 12 ACC: 12 BUFF: 25 DC: 0 FLAG_ZERO: True FLAG_LT: 0 FLAG_GT: 0
INPUT_PORT:  []
OUT_PORT:  []
DATA_MEM:  [25, 12]
---------------------------------------
DEBUG    root:machine.py:309 LD 0
TICK: 1220 PC:   0 ADDR:   1 MEM_OUT: 12 ACC: 12 BUFF: 25 DC: 0 FLAG_ZERO: True FLAG_LT: 0 FLAG_GT: 0
INPUT_PORT:  []
OUT_PORT:  []
DATA_MEM:  [25, 12]
---------------------------------------
DEBUG    root:machine.py:309 INC 
TICK: 1224 PC:   1 ADDR:   0 MEM_OUT: 25 ACC: 25 BUFF: 25 DC: 0 FLAG_ZERO: True FLAG_LT: 0 FLAG_GT: 0
INPUT_PORT:  []
OUT_PORT:  []
DATA_MEM:  [25, 12]
---------------------------------------
DEBUG    root:machine.py:309 ST 0
TICK: 1227 PC:   2 ADDR:   0 MEM_OUT: 25 ACC: 26 BUFF: 25 DC: 0 FLAG_ZERO: True FLAG_LT: 0 FLAG_GT: 0
INPUT_PORT:  []
OUT_PORT:  []
DATA_MEM:  [25, 12]
---------------------------------------
DEBUG    root:machine.py:309 CMP 1000
TICK: 1231 PC:   3 ADDR:   0 MEM_OUT: 26 ACC: 26 BUFF: 25 DC: 0 FLAG_ZERO: True FLAG_LT: 0 FLAG_GT: 0
INPUT_PORT:  []
OUT_PORT:  []
DATA_MEM:  [26, 12]
---------------------------------------
DEBUG    root:machine.py:309 JGE 22
TICK: 1234 PC:   4 ADDR:   0 MEM_OUT: 26 ACC: 26 BUFF: 25 DC: 0 FLAG_ZERO: False FLAG_LT: 1 FLAG_GT: 0
INPUT_PORT:  []
OUT_PORT:  []
DATA_MEM:  [26, 12]
---------------------------------------
DEBUG    root:machine.py:309 LD 0
TICK: 1237 PC:   5 ADDR:   0 MEM_OUT: 26 ACC: 26 BUFF: 25 DC: 0 FLAG_ZERO: False FLAG_LT: 1 FLAG_GT: 0
INPUT_PORT:  []
OUT_PORT:  []
DATA_MEM:  [26, 12]
---------------------------------------
DEBUG    root:machine.py:309 MOD 3
TICK: 1241 PC:   6 ADDR:   0 MEM_OUT: 26 ACC: 26 BUFF: 25 DC: 0 FLAG_ZERO: False FLAG_LT: 1 FLAG_GT: 0
INPUT_PORT:  []
OUT_PORT:  []
DATA_MEM:  [26, 12]
---------------------------------------
DEBUG    root:machine.py:309 CMP 0
TICK: 1245 PC:   7 ADDR:   0 MEM_OUT: 26 ACC: 2 BUFF: 26 DC: 0 FLAG_ZERO: False FLAG_LT: 1 FLAG_GT: 0
INPUT_PORT:  []
OUT_PORT:  []
DATA_MEM:  [26, 12]
---------------------------------------
DEBUG    root:machine.py:309 JE 14
TICK: 1248 PC:   8 ADDR:   0 MEM_OUT: 26 ACC: 2 BUFF: 26 DC: 0 FLAG_ZERO: False FLAG_LT: 0 FLAG_GT: 1
INPUT_PORT:  []
OUT_PORT:  []
DATA_MEM:  [26, 12]
---------------------------------------
DEBUG    root:machine.py:309 LD 0
TICK: 1251 PC:   9 ADDR:   0 MEM_OUT: 26 ACC: 2 BUFF: 26 DC: 0 FLAG_ZERO: False FLAG_LT: 0 FLAG_GT: 1
INPUT_PORT:  []
OUT_PORT:  []
DATA_MEM:  [26, 12]
---------------------------------------
DEBUG    root:machine.py:309 MOD 5
TICK: 1255 PC:  10 ADDR:   0 MEM_OUT: 26 ACC: 26 BUFF: 26 DC: 0 FLAG_ZERO: False FLAG_LT: 0 FLAG_GT: 1
INPUT_PORT:  []
OUT_PORT:  []
DATA_MEM:  [26, 12]
---------------------------------------
DEBUG    root:machine.py:309 CMP 0
TICK: 1259 PC:  11 ADDR:   0 MEM_OUT: 26 ACC: 1 BUFF: 26 DC: 0 FLAG_ZERO: False FLAG_LT: 0 FLAG_GT: 1
INPUT_PORT:  []
OUT_PORT:  []
DATA_MEM:  [26, 12]
---------------------------------------
DEBUG    root:machine.py:309 JE 18
TICK: 1262 PC:  12 ADDR:   0 MEM_OUT: 26 ACC: 1 BUFF: 26 DC: 0 FLAG_ZERO: False FLAG_LT: 0 FLAG_GT: 1
INPUT_PORT:  []
OUT_PORT:  []
DATA_MEM:  [26, 12]
---------------------------------------
DEBUG    root:machine.py:309 JMP 0
TICK: 1265 PC:  13 ADDR:   0 MEM_OUT: 26 ACC: 1 BUFF: 26 DC: 0 FLAG_ZERO: False FLAG_LT: 0 FLAG_GT: 1
INPUT_PORT:  []
OUT_PORT:  []
DATA_MEM:  [26, 12]
---------------------------------------
DEBUG    root:machine.py:309 LD 0
TICK: 1268 PC:   0 ADDR:   0 MEM_OUT: 26 ACC: 1 BUFF: 26 DC: 0 FLAG_ZERO: False FLAG_LT: 0 FLAG_GT: 1
INPUT_PORT:  []
OUT_PORT:  []
DATA_MEM:  [26, 12]
---------------------------------------
DEBUG    root:machine.py:309 INC 
TICK: 1272 PC:   1 ADDR:   0 MEM_OUT: 26 ACC: 26 BUFF: 26 DC: 0 FLAG_ZERO: False FLAG_LT: 0 FLAG_GT: 1
INPUT_PORT:  []
OUT_PORT:  []
DATA_MEM:  [26, 12]
---------------------------------------
DEBUG    root:machine.py:309 ST 0
TICK: 1275 PC:   2 ADDR:   0 MEM_OUT: 26 ACC: 27 BUFF: 26 DC: 0 FLAG_ZERO: False FLAG_LT: 0 FLAG_GT: 1
INPUT_PORT:  []
OUT_PORT:  []
DATA_MEM:  [26, 12]
---------------------------------------
DEBUG    root:machine.py:309 CMP 1000
TICK: 1279 PC:   3 ADDR:   0 MEM_OUT: 27 ACC: 27 BUFF: 26 DC: 0 FLAG_ZERO: False FLAG_LT: 0 FLAG_GT: 1
INPUT_PORT:  []
OUT_PORT:  []
DATA_MEM:  [27, 12]
---------------------------------------
DEBUG    root:machine.py:309 JGE 22
TICK: 1282 PC:   4 ADDR:   0 MEM_OUT: 27 ACC: 27 BUFF: 26 DC: 0 FLAG_ZERO: False FLAG_LT: 1 FLAG_GT: 0
INPUT_PORT:  []
OUT_PORT:  []
DATA_MEM:  [27, 12]
---------------------------------------
DEBUG    root:machine.py:309 LD 0
TICK: 1285 PC:   5 ADDR:   0 MEM_OUT: 27 ACC: 27 BUFF: 26 DC: 0 FLAG_ZERO: False FLAG_LT: 1 FLAG_GT: 0
INPUT_PORT:  []
OUT_PORT:  []
DATA_MEM:  [27, 12]
---------------------------------------
DEBUG    root:machine.py:309 MOD 3
TICK: 1289 PC:   6 ADDR:   0 MEM_OUT: 27 ACC: 27 BUFF: 26 DC: 0 FLAG_ZERO: False FLAG_LT: 1 FLAG_GT: 0
INPUT_PORT:  []
OUT_PORT:  []
DATA_MEM:  [27, 12]
---------------------------------------
DEBUG    root:machine.py:309 CMP 0
TICK: 1293 PC:   7 ADDR:   0 MEM_OUT: 27 ACC: 0 BUFF: 27 DC: 0 FLAG_ZERO: False FLAG_LT: 1 FLAG_GT: 0
INPUT_PORT:  []
OUT_PORT:  []
DATA_MEM:  [27, 12]
---------------------------------------
DEBUG    root:machine.py:309 JE 14
TICK: 1296 PC:   8 ADDR:   0 MEM_OUT: 27 ACC: 0 BUFF: 27 DC: 0 FLAG_ZERO: True FLAG_LT: 0 FLAG_GT: 0
INPUT_PORT:  []
OUT_PORT:  []
DATA_MEM:  [27, 12]
---------------------------------------
DEBUG    root:machine.py:309 LD 4
TICK: 1299 PC:  14 ADDR:   0 MEM_OUT: 27 ACC: 0 BUFF: 27 DC: 0 FLAG_ZERO: True FLAG_LT: 0 FLAG_GT: 0
INPUT_PORT:  []
OUT_PORT:  []
DATA_MEM:  [27, 12]
---------------------------------------
DEBUG    root:machine.py:309 INC 
TICK: 1303 PC:  15 ADDR:   1 MEM_OUT: 12 ACC: 12 BUFF: 27 DC: 0 FLAG_ZERO: True FLAG_LT: 0 FLAG_GT: 0
INPUT_PORT:  []
OUT_PORT:  []
DATA_MEM:  [27, 12]
---------------------------------------
DEBUG    root:machine.py:309 ST 4
TICK: 1306 PC:  16 ADDR:   1 MEM_OUT: 12 ACC: 13 BUFF: 27 DC: 0 FLAG_ZERO: True FLAG_LT: 0 FLAG_GT: 0
INPUT_PORT:  []
OUT_PORT:  []
DATA_MEM:  [27, 12]
---------------------------------------
DEBUG    root:machine.py:309 JMP 0
TICK: 1310 PC:  17 ADDR:   1 MEM_OUT: 13 ACC: 13 BUFF: 27 DC: 0 FLAG_ZERO: True FLAG_LT: 0 FLAG_GT: 0
INPUT_PORT:  []
OUT_PORT:  []
DATA_MEM:  [27, 13]
---------------------------------------
DEBUG    root:machine.py:309 LD 0
TICK: 1313 PC:   0 ADDR:   1 MEM_OUT: 13 ACC: 13 BUFF: 27 DC: 0 FLAG_ZERO: True FLAG_LT: 0 FLAG_GT: 0
INPUT_PORT:  []
OUT_PORT:  []
DATA_MEM:  [27, 13]
---------------------------------------
DEBUG    root:machine.py:309 INC 
TICK: 1317 PC:   1 ADDR:   0 MEM_OUT: 27 ACC: 27 BUFF: 27 DC: 0 FLAG_ZERO: True FLAG_LT: 0 FLAG_GT: 0
INPUT_PORT:  []
OUT_PORT:  []
DATA_MEM:  [27, 13]
---------------------------------------
DEBUG    root:machine.py:309 ST 0
TICK: 1320 PC:   2 ADDR:   0 MEM_OUT: 27 ACC: 28 BUFF: 27 DC: 0 FLAG_ZERO: True FLAG_LT: 0 FLAG_GT: 0
INPUT_PORT:  []
OUT_PORT:  []
DATA_MEM:  [27, 13]
---------------------------------------
DEBUG    root:machine.py:309 CMP 1000
TICK: 1324 PC:   3 ADDR:   0 MEM_OUT: 28 ACC: 28 BUFF: 27 DC: 0 FLAG_ZERO: True FLAG_LT: 0 FLAG_GT: 0
INPUT_PORT:  []
OUT_PORT:  []
DATA_MEM:  [28, 13]
---------------------------------------
DEBUG    root:machine.py:309 JGE 22
TICK: 1327 PC:   4 ADDR:   0 MEM_OUT: 28 ACC: 28 BUFF: 27 DC: 0 FLAG_ZERO: False FLAG_LT: 1 FLAG_GT: 0
INPUT_PORT:  []
OUT_PORT:  []
DATA_MEM:  [28, 13]
---------------------------------------
DEBUG    root:machine.py:309 LD 0
TICK: 1330 PC:   5 ADDR:   0 MEM_OUT: 28 ACC: 28 BUFF: 27 DC: 0 FLAG_ZERO: False FLAG_LT: 1 FLAG_GT: 0
INPUT_PORT:  []
OUT_PORT:  []
DATA_MEM:  [28, 13]
---------------------------------------
DEBUG    root:machine.py:309 MOD 3
TICK: 1334 PC:   6 ADDR:   0 MEM_OUT: 28 ACC: 28 BUFF: 27 DC: 0 FLAG_ZERO: False FLAG_LT: 1 FLAG_GT: 0
INPUT_PORT:  []
OUT_PORT:  []
DATA_MEM:  [28, 13]
---------------------------------------
DEBUG    root:machine.py:309 CMP 0
TICK: 1338 PC:   7 ADDR:   0 MEM_OUT: 28 ACC: 1 BUFF: 28 DC: 0 FLAG_ZERO: False FLAG_LT: 1 FLAG_GT: 0
INPUT_PORT:  []
OUT_PORT:  []
DATA_MEM:  [28, 13]
---------------------------------------
DEBUG    root:machine.py:309 JE 14
TICK: 1341 PC:   8 ADDR:   0 MEM_OUT: 28 ACC: 1 BUFF: 28 DC: 0 FLAG_ZERO: False FLAG_LT: 0 FLAG_GT: 1
INPUT_PORT:  []
OUT_PORT:  []
DATA_MEM:  [28, 13]
---------------------------------------
DEBUG    root:machine.py:309 LD 0
TICK: 1344 PC:   9 ADDR:   0 MEM_OUT: 28 ACC: 1 BUFF: 28 DC: 0 FLAG_ZERO: False FLAG_LT: 0 FLAG_GT: 1
INPUT_PORT:  []
OUT_PORT:  []
DATA_MEM:  [28, 13]
---------------------------------------
DEBUG    root:machine.py:309 MOD 5
TICK: 1348 PC:  10 ADDR:   0 MEM_OUT: 28 ACC: 28 BUFF: 28 DC: 0 FLAG_ZERO: False FLAG_LT: 0 FLAG_GT: 1
INPUT_PORT:  []
OUT_PORT:  []
DATA_MEM:  [28, 13]
---------------------------------------
DEBUG    root:machine.py:309 CMP 0
TICK: 1352 PC:  11 ADDR:   0 MEM_OUT: 28 ACC: 3 BUFF: 28 DC: 0 FLAG_ZERO: False FLAG_LT: 0 FLAG_GT: 1
INPUT_PORT:  []
OUT_PORT:  []
DATA_MEM:  [28, 13]
---------------------------------------
DEBUG    root:machine.py:309 JE 18
TICK: 1355 PC:  12 ADDR:   0 MEM_OUT: 28 ACC: 3 BUFF: 28 DC: 0 FLAG_ZERO: False FLAG_LT: 0 FLAG_GT: 1
INPUT_PORT:  []
OUT_PORT:  []
DATA_MEM:  [28, 13]
---------------------------------------
DEBUG    root:machine.py:309 JMP 0
TICK: 1358 PC:  13 ADDR:   0 MEM_OUT: 28 ACC: 3 BUFF: 28 DC: 0 FLAG_ZERO: False FLAG_LT: 0 FLAG_GT: 1
INPUT_PORT:  []
OUT_PORT:  []
DATA_MEM:  [28, 13]
---------------------------------------
DEBUG    root:machine.py:309 LD 0
TICK: 1361 PC:   0 ADDR:   0 MEM_OUT: 28 ACC: 3 BUFF: 28 DC: 0 FLAG_ZERO: False FLAG_LT: 0 FLAG_GT: 1
INPUT_PORT:  []
OUT_PORT:  []
DATA_MEM:  [28, 13]
---------------------------------------
DEBUG    root:machine.py:309 INC 
TICK: 1365 PC:   1 ADDR:   0 MEM_OUT: 28 ACC: 28 BUFF: 28 DC: 0 FLAG_ZERO: False FLAG_LT: 0 FLAG_GT: 1
INPUT_PORT:  []
OUT_PORT:  []
DATA_MEM:  [28, 13]
---------------------------------------
DEBUG    root:machine.py:309 ST 0
TICK: 1368 PC:   2 ADDR:   0 MEM_OUT: 28 ACC: 29 BUFF: 28 DC: 0 FLAG_ZERO: False FLAG_LT: 0 FLAG_GT: 1
INPUT_PORT:  []
OUT_PORT:  []
DATA_MEM:  [28, 13]
---------------------------------------
DEBUG    root:machine.py:309 CMP 1000
TICK: 1372 PC:   3 ADDR:   0 MEM_OUT: 29 ACC: 29 BUFF: 28 DC: 0 FLAG_ZERO: False FLAG_LT: 0 FLAG_GT: 1
INPUT_PORT:  []
OUT_PORT:  []
DATA_MEM:  [29, 13]
---------------------------------------
DEBUG    root:machine.py:309 JGE 22
TICK: 1375 PC:   4 ADDR:   0 MEM_OUT: 29 ACC: 29 BUFF: 28 DC: 0 FLAG_ZERO: False FLAG_LT: 1 FLAG_GT: 0
INPUT_PORT:  []
OUT_PORT:  []
DATA_MEM:  [29, 13]
---------------------------------------
DEBUG    root:machine.py:309 LD 0
TICK: 1378 PC:   5 ADDR:   0 MEM_OUT: 29 ACC: 29 BUFF: 28 DC: 0 FLAG_ZERO: False FLAG_LT: 1 FLAG_GT: 0
INPUT_PORT:  []
OUT_PORT:  []
DATA_MEM:  [29, 13]
---------------------------------------
DEBUG    root:machine.py:309 MOD 3
TICK: 1382 PC:   6 ADDR:   0 MEM_OUT: 29 ACC: 29 BUFF: 28 DC: 0 FLAG_ZERO: False FLAG_LT: 1 FLAG_GT: 0
INPUT_PORT:  []
OUT_PORT:  []
DATA_MEM:  [29, 13]
---------------------------------------
DEBUG    root:machine.py:309 CMP 0
TICK: 1386 PC:   7 ADDR:   0 MEM_OUT: 29 ACC: 2 BUFF: 29 DC: 0 FLAG_ZERO: False FLAG_LT: 1 FLAG_GT: 0
INPUT_PORT:  []
OUT_PORT:  []
DATA_MEM:  [29, 13]
---------------------------------------
DEBUG    root:machine.py:309 JE 14
TICK: 1389 PC:   8 ADDR:   0 MEM_OUT: 29 ACC: 2 BUFF: 29 DC: 0 FLAG_ZERO: False FLAG_LT: 0 FLAG_GT: 1
INPUT_PORT:  []
OUT_PORT:  []
DATA_MEM:  [29, 13]
---------------------------------------
DEBUG    root:machine.py:309 LD 0
TICK: 1392 PC:   9 ADDR:   0 MEM_OUT: 29 ACC: 2 BUFF: 29 DC: 0 FLAG_ZERO: False FLAG_LT: 0 FLAG_GT: 1
INPUT_PORT:  []
OUT_PORT:  []
DATA_MEM:  [29, 13]
---------------------------------------
DEBUG    root:machine.py:309 MOD 5
TICK: 1396 PC:  10 ADDR:   0 MEM_OUT: 29 ACC: 29 BUFF: 29 DC: 0 FLAG_ZERO: False FLAG_LT: 0 FLAG_GT: 1
INPUT_PORT:  []
OUT_PORT:  []
DATA_MEM:  [29, 13]
---------------------------------------
DEBUG    root:machine.py:309 CMP 0
TICK: 1400 PC:  11 ADDR:   0 MEM_OUT: 29 ACC: 4 BUFF: 29 DC: 0 FLAG_ZERO: False FLAG_LT: 0 FLAG_GT: 1
INPUT_PORT:  []
OUT_PORT:  []
DATA_MEM:  [29, 13]
---------------------------------------
DEBUG    root:machine.py:309 JE 18
TICK: 1403 PC:  12 ADDR:   0 MEM_OUT: 29 ACC: 4 BUFF: 29 DC: 0 FLAG_ZERO: False FLAG_LT: 0 FLAG_GT: 1
INPUT_PORT:  []
OUT_PORT:  []
DATA_MEM:  [29, 13]
---------------------------------------
DEBUG    root:machine.py:309 JMP 0
TICK: 1406 PC:  13 ADDR:   0 MEM_OUT: 29 ACC: 4 BUFF: 29 DC: 0 FLAG_ZERO: False FLAG_LT: 0 FLAG_GT: 1
INPUT_PORT:  []
OUT_PORT:  []
DATA_MEM:  [29, 13]
---------------------------------------
DEBUG    root:machine.py:309 LD 0
TICK: 1409 PC:   0 ADDR:   0 MEM_OUT: 29 ACC: 4 BUFF: 29 DC: 0 FLAG_ZERO: False FLAG_LT: 0 FLAG_GT: 1
INPUT_PORT:  []
OUT_PORT:  []
DATA_MEM:  [29, 13]
---------------------------------------
DEBUG    root:machine.py:309 INC 
TICK: 1413 PC:   1 ADDR:   0 MEM_OUT: 29 ACC: 29 BUFF: 29 DC: 0 FLAG_ZERO: False FLAG_LT: 0 FLAG_GT: 1
INPUT_PORT:  []
OUT_PORT:  []
DATA_MEM:  [29, 13]
---------------------------------------
DEBUG    root:machine.py:309 ST 0
TICK: 1416 PC:   2 ADDR:   0 MEM_OUT: 29 ACC: 30 BUFF: 29 DC: 0 FLAG_ZERO: False FLAG_LT: 0 FLAG_GT: 1
INPUT_PORT:  []
OUT_PORT:  []
DATA_MEM:  [29, 13]
---------------------------------------
DEBUG    root:machine.py:309 CMP 1000
TICK: 1420 PC:   3 ADDR:   0 MEM_OUT: 30 ACC: 30 BUFF: 29 DC: 0 FLAG_ZERO: False FLAG_LT: 0 FLAG_GT: 1
INPUT_PORT:  []
OUT_PORT:  []
DATA_MEM:  [30, 13]
---------------------------------------
DEBUG    root:machine.py:309 JGE 22
TICK: 1423 PC:   4 ADDR:   0 MEM_OUT: 30 ACC: 30 BUFF: 29 DC: 0 FLAG_ZERO: False FLAG_LT: 1 FLAG_GT: 0
INPUT_PORT:  []
OUT_PORT:  []
DATA_MEM:  [30, 13]
---------------------------------------
DEBUG    root:machine.py:309 LD 0
TICK: 1426 PC:   5 ADDR:   0 MEM_OUT: 30 ACC: 30 BUFF: 29 DC: 0 FLAG_ZERO: False FLAG_LT: 1 FLAG_GT: 0
INPUT_PORT:  []
OUT_PORT:  []
DATA_MEM:  [30, 13]
---------------------------------------
DEBUG    root:machine.py:309 MOD 3
TICK: 1430 PC:   6 ADDR:   0 MEM_OUT: 30 ACC: 30 BUFF: 29 DC: 0 FLAG_ZERO: False FLAG_LT: 1 FLAG_GT: 0
INPUT_PORT:  []
OUT_PORT:  []
DATA_MEM:  [30, 13]
---------------------------------------
DEBUG    root:machine.py:309 CMP 0
TICK: 1434 PC:   7 ADDR:   0 MEM_OUT: 30 ACC: 0 BUFF: 30 DC: 0 FLAG_ZERO: False FLAG_LT: 1 FLAG_GT: 0
INPUT_PORT:  []
OUT_PORT:  []
DATA_MEM:  [30, 13]
---------------------------------------
DEBUG    root:machine.py:309 JE 14
TICK: 1437 PC:   8 ADDR:   0 MEM_OUT: 30 ACC: 0 BUFF: 30 DC: 0 FLAG_ZERO: True FLAG_LT: 0 FLAG_GT: 0
INPUT_PORT:  []
OUT_PORT:  []
DATA_MEM:  [30, 13]
---------------------------------------
DEBUG    root:machine.py:309 LD 4
TICK: 1440 PC:  14 ADDR:   0 MEM_OUT: 30 ACC: 0 BUFF: 30 DC: 0 FLAG_ZERO: True FLAG_LT: 0 FLAG_GT: 0
INPUT_PORT:  []
OUT_PORT:  []
DATA_MEM:  [30, 13]
---------------------------------------
DEBUG    root:machine.py:309 INC 
TICK: 1444 PC:  15 ADDR:   1 MEM_OUT: 13 ACC: 13 BUFF: 30 DC: 0 FLAG_ZERO: True FLAG_LT: 0 FLAG_GT: 0
INPUT_PORT:  []
OUT_PORT:  []
DATA_MEM:  [30, 13]
---------------------------------------
DEBUG    root:machine.py:309 ST 4
TICK: 1447 PC:  16 ADDR:   1 MEM_OUT: 13 ACC: 14 BUFF: 30 DC: 0 FLAG_ZERO: True FLAG_LT: 0 FLAG_GT: 0
INPUT_PORT:  []
OUT_PORT:  []
DATA_MEM:  [30, 13]
---------------------------------------
DEBUG    root:machine.py:309 JMP 0
TICK: 1451 PC:  17 ADDR:   1 MEM_OUT: 14 ACC: 14 BUFF: 30 DC: 0 FLAG_ZERO: True FLAG_LT: 0 FLAG_GT: 0
INPUT_PORT:  []
OUT_PORT:  []
DATA_MEM:  [30, 14]
---------------------------------------
DEBUG    root:machine.py:309 LD 0
TICK: 1454 PC:   0 ADDR:   1 MEM_OUT: 14 ACC: 14 BUFF: 30 DC: 0 FLAG_ZERO: True FLAG_LT: 0 FLAG_GT: 0
INPUT_PORT:  []
OUT_PORT:  []
DATA_MEM:  [30, 14]
---------------------------------------
DEBUG    root:machine.py:309 INC 
TICK: 1458 PC:   1 ADDR:   0 MEM_OUT: 30 ACC: 30 BUFF: 30 DC: 0 FLAG_ZERO: True FLAG_LT: 0 FLAG_GT: 0
INPUT_PORT:  []
OUT_PORT:  []
DATA_MEM:  [30, 14]
---------------------------------------
DEBUG    root:machine.py:309 ST 0
TICK: 1461 PC:   2 ADDR:   0 MEM_OUT: 30 ACC: 31 BUFF: 30 DC: 0 FLAG_ZERO: True FLAG_LT: 0 FLAG_GT: 0
INPUT_PORT:  []
OUT_PORT:  []
DATA_MEM:  [30, 14]
---------------------------------------
DEBUG    root:machine.py:309 CMP 1000
TICK: 1465 PC:   3 ADDR:   0 MEM_OUT: 31 ACC: 31 BUFF: 30 DC: 0 FLAG_ZERO: True FLAG_LT: 0 FLAG_GT: 0
INPUT_PORT:  []
OUT_PORT:  []
DATA_MEM:  [31, 14]
---------------------------------------
DEBUG    root:machine.py:309 JGE 22
TICK: 1468 PC:   4 ADDR:   0 MEM_OUT: 31 ACC: 31 BUFF: 30 DC: 0 FLAG_ZERO: False FLAG_LT: 1 FLAG_GT: 0
INPUT_PORT:  []
OUT_PORT:  []
DATA_MEM:  [31, 14]
---------------------------------------
DEBUG    root:machine.py:309 LD 0
TICK: 1471 PC:   5 ADDR:   0 MEM_OUT: 31 ACC: 31 BUFF: 30 DC: 0 FLAG_ZERO: False FLAG_LT: 1 FLAG_GT: 0
INPUT_PORT:  []
OUT_PORT:  []
DATA_MEM:  [31, 14]
---------------------------------------
DEBUG    root:machine.py:309 MOD 3
TICK: 1475 PC:   6 ADDR:   0 MEM_OUT: 31 ACC: 31 BUFF: 30 DC: 0 FLAG_ZERO: False FLAG_LT: 1 FLAG_GT: 0
INPUT_PORT:  []
OUT_PORT:  []
DATA_MEM:  [31, 14]
---------------------------------------
DEBUG    root:machine.py:309 CMP 0
TICK: 1479 PC:   7 ADDR:   0 MEM_OUT: 31 ACC: 1 BUFF: 31 DC: 0 FLAG_ZERO: False FLAG_LT: 1 FLAG_GT: 0
INPUT_PORT:  []
OUT_PORT:  []
DATA_MEM:  [31, 14]
---------------------------------------
DEBUG    root:machine.py:309 JE 14
TICK: 1482 PC:   8 ADDR:   0 MEM_OUT: 31 ACC: 1 BUFF: 31 DC: 0 FLAG_ZERO: False FLAG_LT: 0 FLAG_GT: 1
INPUT_PORT:  []
OUT_PORT:  []
DATA_MEM:  [31, 14]
---------------------------------------
DEBUG    root:machine.py:309 LD 0
TICK: 1485 PC:   9 ADDR:   0 MEM_OUT: 31 ACC: 1 BUFF: 31 DC: 0 FLAG_ZERO: False FLAG_LT: 0 FLAG_GT: 1
INPUT_PORT:  []
OUT_PORT:  []
DATA_MEM:  [31, 14]
---------------------------------------
DEBUG    root:machine.py:309 MOD 5
TICK: 1489 PC:  10 ADDR:   0 MEM_OUT: 31 ACC: 31 BUFF: 31 DC: 0 FLAG_ZERO: False FLAG_LT: 0 FLAG_GT: 1
INPUT_PORT:  []
OUT_PORT:  []
DATA_MEM:  [31, 14]
---------------------------------------
DEBUG    root:machine.py:309 CMP 0
TICK: 1493 PC:  11 ADDR:   0 MEM_OUT: 31 ACC: 1 BUFF: 31 DC: 0 FLAG_ZERO: False FLAG_LT: 0 FLAG_GT: 1
INPUT_PORT:  []
OUT_PORT:  []
DATA_MEM:  [31, 14]
---------------------------------------
DEBUG    root:machine.py:309 JE 18
TICK: 1496 PC:  12 ADDR:   0 MEM_OUT: 31 ACC: 1 BUFF: 31 DC: 0 FLAG_ZERO: False FLAG_LT: 0 FLAG_GT: 1
INPUT_PORT:  []
OUT_PORT:  []
DATA_MEM:  [31, 14]
---------------------------------------
DEBUG    root:machine.py:309 JMP 0
TICK: 1499 PC:  13 ADDR:   0 MEM_OUT: 31 ACC: 1 BUFF: 31 DC: 0 FLAG_ZERO: False FLAG_LT: 0 FLAG_GT: 1
INPUT_PORT:  []
OUT_PORT:  []
DATA_MEM:  [31, 14]
---------------------------------------
DEBUG    root:machine.py:309 LD 0
TICK: 1502 PC:   0 ADDR:   0 MEM_OUT: 31 ACC: 1 BUFF: 31 DC: 0 FLAG_ZERO: False FLAG_LT: 0 FLAG_GT: 1
INPUT_PORT:  []
OUT_PORT:  []
DATA_MEM:  [31, 14]
---------------------------------------
DEBUG    root:machine.py:309 INC 
TICK: 1506 PC:   1 ADDR:   0 MEM_OUT: 31 ACC: 31 BUFF: 31 DC: 0 FLAG_ZERO: False FLAG_LT: 0 FLAG_GT: 1
INPUT_PORT:  []
OUT_PORT:  []
DATA_MEM:  [31, 14]
---------------------------------------
DEBUG    root:machine.py:309 ST 0
TICK: 1509 PC:   2 ADDR:   0 MEM_OUT: 31 ACC: 32 BUFF: 31 DC: 0 FLAG_ZERO: False FLAG_LT: 0 FLAG_GT: 1
INPUT_PORT:  []
OUT_PORT:  []
DATA_MEM:  [31, 14]
---------------------------------------
DEBUG    root:machine.py:309 CMP 1000
TICK: 1513 PC:   3 ADDR:   0 MEM_OUT: 32 ACC: 32 BUFF: 31 DC: 0 FLAG_ZERO: False FLAG_LT: 0 FLAG_GT: 1
INPUT_PORT:  []
OUT_PORT:  []
DATA_MEM:  [32, 14]
---------------------------------------
DEBUG    root:machine.py:309 JGE 22
TICK: 1516 PC:   4 ADDR:   0 MEM_OUT: 32 ACC: 32 BUFF: 31 DC: 0 FLAG_ZERO: False FLAG_LT: 1 FLAG_GT: 0
INPUT_PORT:  []
OUT_PORT:  []
DATA_MEM:  [32, 14]
---------------------------------------
DEBUG    root:machine.py:309 LD 0
TICK: 1519 PC:   5 ADDR:   0 MEM_OUT: 32 ACC: 32 BUFF: 31 DC: 0 FLAG_ZERO: False FLAG_LT: 1 FLAG_GT: 0
INPUT_PORT:  []
OUT_PORT:  []
DATA_MEM:  [32, 14]
---------------------------------------
DEBUG    root:machine.py:309 MOD 3
TICK: 1523 PC:   6 ADDR:   0 MEM_OUT: 32 ACC: 32 BUFF: 31 DC: 0 FLAG_ZERO: False FLAG_LT: 1 FLAG_GT: 0
INPUT_PORT:  []
OUT_PORT:  []
DATA_MEM:  [32, 14]
---------------------------------------
DEBUG    root:machine.py:309 CMP 0
TICK: 1527 PC:   7 ADDR:   0 MEM_OUT: 32 ACC: 2 BUFF: 32 DC: 0 FLAG_ZERO: False FLAG_LT: 1 FLAG_GT: 0
INPUT_PORT:  []
OUT_PORT:  []
DATA_MEM:  [32, 14]
---------------------------------------
DEBUG    root:machine.py:309 JE 14
TICK: 1530 PC:   8 ADDR:   0 MEM_OUT: 32 ACC: 2 BUFF: 32 DC: 0 FLAG_ZERO: False FLAG_LT: 0 FLAG_GT: 1
INPUT_PORT:  []
OUT_PORT:  []
DATA_MEM:  [32, 14]
---------------------------------------
DEBUG    root:machine.py:309 LD 0
TICK: 1533 PC:   9 ADDR:   0 MEM_OUT: 32 ACC: 2 BUFF: 32 DC: 0 FLAG_ZERO: False FLAG_LT: 0 FLAG_GT: 1
INPUT_PORT:  []
OUT_PORT:  []
DATA_MEM:  [32, 14]
---------------------------------------
DEBUG    root:machine.py:309 MOD 5
TICK: 1537 PC:  10 ADDR:   0 MEM_OUT: 32 ACC: 32 BUFF: 32 DC: 0 FLAG_ZERO: False FLAG_LT: 0 FLAG_GT: 1
INPUT_PORT:  []
OUT_PORT:  []
DATA_MEM:  [32, 14]
---------------------------------------
DEBUG    root:machine.py:309 CMP 0
TICK: 1541 PC:  11 ADDR:   0 MEM_OUT: 32 ACC: 2 BUFF: 32 DC: 0 FLAG_ZERO: False FLAG_LT: 0 FLAG_GT: 1
INPUT_PORT:  []
OUT_PORT:  []
DATA_MEM:  [32, 14]
---------------------------------------
DEBUG    root:machine.py:309 JE 18
TICK: 1544 PC:  12 ADDR:   0 MEM_OUT: 32 ACC: 2 BUFF: 32 DC: 0 FLAG_ZERO: False FLAG_LT: 0 FLAG_GT: 1
INPUT_PORT:  []
OUT_PORT:  []
DATA_MEM:  [32, 14]
---------------------------------------
DEBUG    root:machine.py:309 JMP 0
TICK: 1547 PC:  13 ADDR:   0 MEM_OUT: 32 ACC: 2 BUFF: 32 DC: 0 FLAG_ZERO: False FLAG_LT: 0 FLAG_GT: 1
INPUT_PORT:  []
OUT_PORT:  []
DATA_MEM:  [32, 14]
---------------------------------------
DEBUG    root:machine.py:309 LD 0
TICK: 1550 PC:   0 ADDR:   0 MEM_OUT: 32 ACC: 2 BUFF: 32 DC: 0 FLAG_ZERO: False FLAG_LT: 0 FLAG_GT: 1
INPUT_PORT:  []
OUT_PORT:  []
DATA_MEM:  [32, 14]
---------------------------------------
DEBUG    root:machine.py:309 INC 
TICK: 1554 PC:   1 ADDR:   0 MEM_OUT: 32 ACC: 32 BUFF: 32 DC: 0 FLAG_ZERO: False FLAG_LT: 0 FLAG_GT: 1
INPUT_PORT:  []
OUT_PORT:  []
DATA_MEM:  [32, 14]
---------------------------------------
DEBUG    root:machine.py:309 ST 0
TICK: 1557 PC:   2 ADDR:   0 MEM_OUT: 32 ACC: 33 BUFF: 32 DC: 0 FLAG_ZERO: False FLAG_LT: 0 FLAG_GT: 1
INPUT_PORT:  []
OUT_PORT:  []
DATA_MEM:  [32, 14]
---------------------------------------
DEBUG    root:machine.py:309 CMP 1000
TICK: 1561 PC:   3 ADDR:   0 MEM_OUT: 33 ACC: 33 BUFF: 32 DC: 0 FLAG_ZERO: False FLAG_LT: 0 FLAG_GT: 1
INPUT_PORT:  []
OUT_PORT:  []
DATA_MEM:  [33, 14]
---------------------------------------
DEBUG    root:machine.py:309 JGE 22
TICK: 1564 PC:   4 ADDR:   0 MEM_OUT: 33 ACC: 33 BUFF: 32 DC: 0 FLAG_ZERO: False FLAG_LT: 1 FLAG_GT: 0
INPUT_PORT:  []
OUT_PORT:  []
DATA_MEM:  [33, 14]
---------------------------------------
DEBUG    root:machine.py:309 LD 0
TICK: 1567 PC:   5 ADDR:   0 MEM_OUT: 33 ACC: 33 BUFF: 32 DC: 0 FLAG_ZERO: False FLAG_LT: 1 FLAG_GT: 0
INPUT_PORT:  []
OUT_PORT:  []
DATA_MEM:  [33, 14]
---------------------------------------
DEBUG    root:machine.py:309 MOD 3
TICK: 1571 PC:   6 ADDR:   0 MEM_OUT: 33 ACC: 33 BUFF: 32 DC: 0 FLAG_ZERO: False FLAG_LT: 1 FLAG_GT: 0
INPUT_PORT:  []
OUT_PORT:  []
DATA_MEM:  [33, 14]
---------------------------------------
DEBUG    root:machine.py:309 CMP 0
TICK: 1575 PC:   7 ADDR:   0 MEM_OUT: 33 ACC: 0 BUFF: 33 DC: 0 FLAG_ZERO: False FLAG_LT: 1 FLAG_GT: 0
INPUT_PORT:  []
OUT_PORT:  []
DATA_MEM:  [33, 14]
---------------------------------------
DEBUG    root:machine.py:309 JE 14
TICK: 1578 PC:   8 ADDR:   0 MEM_OUT: 33 ACC: 0 BUFF: 33 DC: 0 FLAG_ZERO: True FLAG_LT: 0 FLAG_GT: 0
INPUT_PORT:  []
OUT_PORT:  []
DATA_MEM:  [33, 14]
---------------------------------------
DEBUG    root:machine.py:309 LD 4
TICK: 1581 PC:  14 ADDR:   0 MEM_OUT: 33 ACC: 0 BUFF: 33 DC: 0 FLAG_ZERO: True FLAG_LT: 0 FLAG_GT: 0
INPUT_PORT:  []
OUT_PORT:  []
DATA_MEM:  [33, 14]
---------------------------------------
DEBUG    root:machine.py:309 INC 
TICK: 1585 PC:  15 ADDR:   1 MEM_OUT: 14 ACC: 14 BUFF: 33 DC: 0 FLAG_ZERO: True FLAG_LT: 0 FLAG_GT: 0
INPUT_PORT:  []
OUT_PORT:  []
DATA_MEM:  [33, 14]
---------------------------------------
DEBUG    root:machine.py:309 ST 4
TICK: 1588 PC:  16 ADDR:   1 MEM_OUT: 14 ACC: 15 BUFF: 33 DC: 0 FLAG_ZERO: True FLAG_LT: 0 FLAG_GT: 0
INPUT_PORT:  []
OUT_PORT:  []
DATA_MEM:  [33, 14]
---------------------------------------
DEBUG    root:machine.py:309 JMP 0
TICK: 1592 PC:  17 ADDR:   1 MEM_OUT: 15 ACC: 15 BUFF: 33 DC: 0 FLAG_ZERO: True FLAG_LT: 0 FLAG_GT: 0
INPUT_PORT:  []
OUT_PORT:  []
DATA_MEM:  [33, 15]
---------------------------------------
DEBUG    root:machine.py:309 LD 0
TICK: 1595 PC:   0 ADDR:   1 MEM_OUT: 15 ACC: 15 BUFF: 33 DC: 0 FLAG_ZERO: True FLAG_LT: 0 FLAG_GT: 0
INPUT_PORT:  []
OUT_PORT:  []
DATA_MEM:  [33, 15]
---------------------------------------
DEBUG    root:machine.py:309 INC 
TICK: 1599 PC:   1 ADDR:   0 MEM_OUT: 33 ACC: 33 BUFF: 33 DC: 0 FLAG_ZERO: True FLAG_LT: 0 FLAG_GT: 0
INPUT_PORT:  []
OUT_PORT:  []
DATA_MEM:  [33, 15]
---------------------------------------
DEBUG    root:machine.py:309 ST 0
TICK: 1602 PC:   2 ADDR:   0 MEM_OUT: 33 ACC: 34 BUFF: 33 DC: 0 FLAG_ZERO: True FLAG_LT: 0 FLAG_GT: 0
INPUT_PORT:  []
OUT_PORT:  []
DATA_MEM:  [33, 15]
---------------------------------------
DEBUG    root:machine.py:309 CMP 1000
TICK: 1606 PC:   3 ADDR:   0 MEM_OUT: 34 ACC: 34 BUFF: 33 DC: 0 FLAG_ZERO: True FLAG_LT: 0 FLAG_GT: 0
INPUT_PORT:  []
OUT_PORT:  []
DATA_MEM:  [34, 15]
---------------------------------------
DEBUG    root:machine.py:309 JGE 22
TICK: 1609 PC:   4 ADDR:   0 MEM_OUT: 34 ACC: 34 BUFF: 33 DC: 0 FLAG_ZERO: False FLAG_LT: 1 FLAG_GT: 0
INPUT_PORT:  []
OUT_PORT:  []
DATA_MEM:  [34, 15]
---------------------------------------
DEBUG    root:machine.py:309 LD 0
TICK: 1612 PC:   5 ADDR:   0 MEM_OUT: 34 ACC: 34 BUFF: 33 DC: 0 FLAG_ZERO: False FLAG_LT: 1 FLAG_GT: 0
INPUT_PORT:  []
OUT_PORT:  []
DATA_MEM:  [34, 15]
---------------------------------------
DEBUG    root:machine.py:309 MOD 3
TICK: 1616 PC:   6 ADDR:   0 MEM_OUT: 34 ACC: 34 BUFF: 33 DC: 0 FLAG_ZERO: False FLAG_LT: 1 FLAG_GT: 0
INPUT_PORT:  []
OUT_PORT:  []
DATA_MEM:  [34, 15]
---------------------------------------
DEBUG    root:machine.py:309 CMP 0
TICK: 1620 PC:   7 ADDR:   0 MEM_OUT: 34 ACC: 1 BUFF: 34 DC: 0 FLAG_ZERO: False FLAG_LT: 1 FLAG_GT: 0
INPUT_PORT:  []
OUT_PORT:  []
DATA_MEM:  [34, 15]
---------------------------------------
DEBUG    root:machine.py:309 JE 14
TICK: 1623 PC:   8 ADDR:   0 MEM_OUT: 34 ACC: 1 BUFF: 34 DC: 0 FLAG_ZERO: False FLAG_LT: 0 FLAG_GT: 1
INPUT_PORT:  []
OUT_PORT:  []
DATA_MEM:  [34, 15]
---------------------------------------
DEBUG    root:machine.py:309 LD 0
TICK: 1626 PC:   9 ADDR:   0 MEM_OUT: 34 ACC: 1 BUFF: 34 DC: 0 FLAG_ZERO: False FLAG_LT: 0 FLAG_GT: 1
INPUT_PORT:  []
OUT_PORT:  []
DATA_MEM:  [34, 15]
---------------------------------------
DEBUG    root:machine.py:309 MOD 5
TICK: 1630 PC:  10 ADDR:   0 MEM_OUT: 34 ACC: 34 BUFF: 34 DC: 0 FLAG_ZERO: False FLAG_LT: 0 FLAG_GT: 1
INPUT_PORT:  []
OUT_PORT:  []
DATA_MEM:  [34, 15]
---------------------------------------
DEBUG    root:machine.py:309 CMP 0
TICK: 1634 PC:  11 ADDR:   0 MEM_OUT: 34 ACC: 4 BUFF: 34 DC: 0 FLAG_ZERO: False FLAG_LT: 0 FLAG_GT: 1
INPUT_PORT:  []
OUT_PORT:  []
DATA_MEM:  [34, 15]
---------------------------------------
DEBUG    root:machine.py:309 JE 18
TICK: 1637 PC:  12 ADDR:   0 MEM_OUT: 34 ACC: 4 BUFF: 34 DC: 0 FLAG_ZERO: False FLAG_LT: 0 FLAG_GT: 1
INPUT_PORT:  []
OUT_PORT:  []
DATA_MEM:  [34, 15]
---------------------------------------
DEBUG    root:machine.py:309 JMP 0
TICK: 1640 PC:  13 ADDR:   0 MEM_OUT: 34 ACC: 4 BUFF: 34 DC: 0 FLAG_ZERO: False FLAG_LT: 0 FLAG_GT: 1
INPUT_PORT:  []
OUT_PORT:  []
DATA_MEM:  [34, 15]
---------------------------------------
DEBUG    root:machine.py:309 LD 0
TICK: 1643 PC:   0 ADDR:   0 MEM_OUT: 34 ACC: 4 BUFF: 34 DC: 0 FLAG_ZERO: False FLAG_LT: 0 FLAG_GT: 1
INPUT_PORT:  []
OUT_PORT:  []
DATA_MEM:  [34, 15]
---------------------------------------
DEBUG    root:machine.py:309 INC 
TICK: 1647 PC:   1 ADDR:   0 MEM_OUT: 34 ACC: 34 BUFF: 34 DC: 0 FLAG_ZERO: False FLAG_LT: 0 FLAG_GT: 1
INPUT_PORT:  []
OUT_PORT:  []
DATA_MEM:  [34, 15]
---------------------------------------
DEBUG    root:machine.py:309 ST 0
TICK: 1650 PC:   2 ADDR:   0 MEM_OUT: 34 ACC: 35 BUFF: 34 DC: 0 FLAG_ZERO: False FLAG_LT: 0 FLAG_GT: 1
INPUT_PORT:  []
OUT_PORT:  []
DATA_MEM:  [34, 15]
---------------------------------------
DEBUG    root:machine.py:309 CMP 1000
TICK: 1654 PC:   3 ADDR:   0 MEM_OUT: 35 ACC: 35 BUFF: 34 DC: 0 FLAG_ZERO: False FLAG_LT: 0 FLAG_GT: 1
INPUT_PORT:  []
OUT_PORT:  []
DATA_MEM:  [35, 15]
---------------------------------------
DEBUG    root:machine.py:309 JGE 22
TICK: 1657 PC:   4 ADDR:   0 MEM_OUT: 35 ACC: 35 BUFF: 34 DC: 0 FLAG_ZERO: False FLAG_LT: 1 FLAG_GT: 0
INPUT_PORT:  []
OUT_PORT:  []
DATA_MEM:  [35, 15]
---------------------------------------
DEBUG    root:machine.py:309 LD 0
TICK: 1660 PC:   5 ADDR:   0 MEM_OUT: 35 ACC: 35 BUFF: 34 DC: 0 FLAG_ZERO: False FLAG_LT: 1 FLAG_GT: 0
INPUT_PORT:  []
OUT_PORT:  []
DATA_MEM:  [35, 15]
---------------------------------------
DEBUG    root:machine.py:309 MOD 3
TICK: 1664 PC:   6 ADDR:   0 MEM_OUT: 35 ACC: 35 BUFF: 34 DC: 0 FLAG_ZERO: False FLAG_LT: 1 FLAG_GT: 0
INPUT_PORT:  []
OUT_PORT:  []
DATA_MEM:  [35, 15]
---------------------------------------
DEBUG    root:machine.py:309 CMP 0
TICK: 1668 PC:   7 ADDR:   0 MEM_OUT: 35 ACC: 2 BUFF: 35 DC: 0 FLAG_ZERO: False FLAG_LT: 1 FLAG_GT: 0
INPUT_PORT:  []
OUT_PORT:  []
DATA_MEM:  [35, 15]
---------------------------------------
DEBUG    root:machine.py:309 JE 14
TICK: 1671 PC:   8 ADDR:   0 MEM_OUT: 35 ACC: 2 BUFF: 35 DC: 0 FLAG_ZERO: False FLAG_LT: 0 FLAG_GT: 1
INPUT_PORT:  []
OUT_PORT:  []
DATA_MEM:  [35, 15]
---------------------------------------
DEBUG    root:machine.py:309 LD 0
TICK: 1674 PC:   9 ADDR:   0 MEM_OUT: 35 ACC: 2 BUFF: 35 DC: 0 FLAG_ZERO: False FLAG_LT: 0 FLAG_GT: 1
INPUT_PORT:  []
OUT_PORT:  []
DATA_MEM:  [35, 15]
---------------------------------------
DEBUG    root:machine.py:309 MOD 5
TICK: 1678 PC:  10 ADDR:   0 MEM_OUT: 35 ACC: 35 BUFF: 35 DC: 0 FLAG_ZERO: False FLAG_LT: 0 FLAG_GT: 1
INPUT_PORT:  []
OUT_PORT:  []
DATA_MEM:  [35, 15]
---------------------------------------
DEBUG    root:machine.py:309 CMP 0
TICK: 1682 PC:  11 ADDR:   0 MEM_OUT: 35 ACC: 0 BUFF: 35 DC: 0 FLAG_ZERO: False FLAG_LT: 0 FLAG_GT: 1
INPUT_PORT:  []
OUT_PORT:  []
DATA_MEM:  [35, 15]
---------------------------------------
DEBUG    root:machine.py:309 JE 18
TICK: 1685 PC:  12 ADDR:   0 MEM_OUT: 35 ACC: 0 BUFF: 35 DC: 0 FLAG_ZERO: True FLAG_LT: 0 FLAG_GT: 0
INPUT_PORT:  []
OUT_PORT:  []
DATA_MEM:  [35, 15]
---------------------------------------
DEBUG    root:machine.py:309 LD 4
TICK: 1688 PC:  18 ADDR:   0 MEM_OUT: 35 ACC: 0 BUFF: 35 DC: 0 FLAG_ZERO: True FLAG_LT: 0 FLAG_GT: 0
INPUT_PORT:  []
OUT_PORT:  []
DATA_MEM:  [35, 15]
---------------------------------------
DEBUG    root:machine.py:309 INC 
TICK: 1692 PC:  19 ADDR:   1 MEM_OUT: 15 ACC: 15 BUFF: 35 DC: 0 FLAG_ZERO: True FLAG_LT: 0 FLAG_GT: 0
INPUT_PORT:  []
OUT_PORT:  []
DATA_MEM:  [35, 15]
---------------------------------------
DEBUG    root:machine.py:309 ST 4
TICK: 1695 PC:  20 ADDR:   1 MEM_OUT: 15 ACC: 16 BUFF: 35 DC: 0 FLAG_ZERO: True FLAG_LT: 0 FLAG_GT: 0
INPUT_PORT:  []
OUT_PORT:  []
DATA_MEM:  [35, 15]
---------------------------------------
DEBUG    root:machine.py:309 JMP 0
TICK: 1699 PC:  21 ADDR:   1 MEM_OUT: 16 ACC: 16 BUFF: 35 DC: 0 FLAG_ZERO: True FLAG_LT: 0 FLAG_GT: 0
INPUT_PORT:  []
OUT_PORT:  []
DATA_MEM:  [35, 16]
---------------------------------------
DEBUG    root:machine.py:309 LD 0
TICK: 1702 PC:   0 ADDR:   1 MEM_OUT: 16 ACC: 16 BUFF: 35 DC: 0 FLAG_ZERO: True FLAG_LT: 0 FLAG_GT: 0
INPUT_PORT:  []
OUT_PORT:  []
DATA_MEM:  [35, 16]
---------------------------------------
DEBUG    root:machine.py:309 INC 
TICK: 1706 PC:   1 ADDR:   0 MEM_OUT: 35 ACC: 35 BUFF: 35 DC: 0 FLAG_ZERO: True FLAG_LT: 0 FLAG_GT: 0
INPUT_PORT:  []
OUT_PORT:  []
DATA_MEM:  [35, 16]
---------------------------------------
DEBUG    root:machine.py:309 ST 0
TICK: 1709 PC:   2 ADDR:   0 MEM_OUT: 35 ACC: 36 BUFF: 35 DC: 0 FLAG_ZERO: True FLAG_LT: 0 FLAG_GT: 0
INPUT_PORT:  []
OUT_PORT:  []
DATA_MEM:  [35, 16]
---------------------------------------
DEBUG    root:machine.py:309 CMP 1000
TICK: 1713 PC:   3 ADDR:   0 MEM_OUT: 36 ACC: 36 BUFF: 35 DC: 0 FLAG_ZERO: True FLAG_LT: 0 FLAG_GT: 0
INPUT_PORT:  []
OUT_PORT:  []
DATA_MEM:  [36, 16]
---------------------------------------
DEBUG    root:machine.py:309 JGE 22
TICK: 1716 PC:   4 ADDR:   0 MEM_OUT: 36 ACC: 36 BUFF: 35 DC: 0 FLAG_ZERO: False FLAG_LT: 1 FLAG_GT: 0
INPUT_PORT:  []
OUT_PORT:  []
DATA_MEM:  [36, 16]
---------------------------------------
DEBUG    root:machine.py:309 LD 0
TICK: 1719 PC:   5 ADDR:   0 MEM_OUT: 36 ACC: 36 BUFF: 35 DC: 0 FLAG_ZERO: False FLAG_LT: 1 FLAG_GT: 0
INPUT_PORT:  []
OUT_PORT:  []
DATA_MEM:  [36, 16]
---------------------------------------
DEBUG    root:machine.py:309 MOD 3
TICK: 1723 PC:   6 ADDR:   0 MEM_OUT: 36 ACC: 36 BUFF: 35 DC: 0 FLAG_ZERO: False FLAG_LT: 1 FLAG_GT: 0
INPUT_PORT:  []
OUT_PORT:  []
DATA_MEM:  [36, 16]
---------------------------------------
DEBUG    root:machine.py:309 CMP 0
TICK: 1727 PC:   7 ADDR:   0 MEM_OUT: 36 ACC: 0 BUFF: 36 DC: 0 FLAG_ZERO: False FLAG_LT: 1 FLAG_GT: 0
INPUT_PORT:  []
OUT_PORT:  []
DATA_MEM:  [36, 16]
---------------------------------------
DEBUG    root:machine.py:309 JE 14
TICK: 1730 PC:   8 ADDR:   0 MEM_OUT: 36 ACC: 0 BUFF: 36 DC: 0 FLAG_ZERO: True FLAG_LT: 0 FLAG_GT: 0
INPUT_PORT:  []
OUT_PORT:  []
DATA_MEM:  [36, 16]
---------------------------------------
DEBUG    root:machine.py:309 LD 4
TICK: 1733 PC:  14 ADDR:   0 MEM_OUT: 36 ACC: 0 BUFF: 36 DC: 0 FLAG_ZERO: True FLAG_LT: 0 FLAG_GT: 0
INPUT_PORT:  []
OUT_PORT:  []
DATA_MEM:  [36, 16]
---------------------------------------
DEBUG    root:machine.py:309 INC 
TICK: 1737 PC:  15 ADDR:   1 MEM_OUT: 16 ACC: 16 BUFF: 36 DC: 0 FLAG_ZERO: True FLAG_LT: 0 FLAG_GT: 0
INPUT_PORT:  []
OUT_PORT:  []
DATA_MEM:  [36, 16]
---------------------------------------
DEBUG    root:machine.py:309 ST 4
TICK: 1740 PC:  16 ADDR:   1 MEM_OUT: 16 ACC: 17 BUFF: 36 DC: 0 FLAG_ZERO: True FLAG_LT: 0 FLAG_GT: 0
INPUT_PORT:  []
OUT_PORT:  []
DATA_MEM:  [36, 16]
---------------------------------------
DEBUG    root:machine.py:309 JMP 0
TICK: 1744 PC:  17 ADDR:   1 MEM_OUT: 17 ACC: 17 BUFF: 36 DC: 0 FLAG_ZERO: True FLAG_LT: 0 FLAG_GT: 0
INPUT_PORT:  []
OUT_PORT:  []
DATA_MEM:  [36, 17]
---------------------------------------
DEBUG    root:machine.py:309 LD 0
TICK: 1747 PC:   0 ADDR:   1 MEM_OUT: 17 ACC: 17 BUFF: 36 DC: 0 FLAG_ZERO: True FLAG_LT: 0 FLAG_GT: 0
INPUT_PORT:  []
OUT_PORT:  []
DATA_MEM:  [36, 17]
---------------------------------------
DEBUG    root:machine.py:309 INC 
TICK: 1751 PC:   1 ADDR:   0 MEM_OUT: 36 ACC: 36 BUFF: 36 DC: 0 FLAG_ZERO: True FLAG_LT: 0 FLAG_GT: 0
INPUT_PORT:  []
OUT_PORT:  []
DATA_MEM:  [36, 17]
---------------------------------------
DEBUG    root:machine.py:309 ST 0
TICK: 1754 PC:   2 ADDR:   0 MEM_OUT: 36 ACC: 37 BUFF: 36 DC: 0 FLAG_ZERO: True FLAG_LT: 0 FLAG_GT: 0
INPUT_PORT:  []
OUT_PORT:  []
DATA_MEM:  [36, 17]
---------------------------------------
DEBUG    root:machine.py:309 CMP 1000
TICK: 1758 PC:   3 ADDR:   0 MEM_OUT: 37 ACC: 37 BUFF: 36 DC: 0 FLAG_ZERO: True FLAG_LT: 0 FLAG_GT: 0
INPUT_PORT:  []
OUT_PORT:  []
DATA_MEM:  [37, 17]
---------------------------------------
DEBUG    root:machine.py:309 JGE 22
TICK: 1761 PC:   4 ADDR:   0 MEM_OUT: 37 ACC: 37 BUFF: 36 DC: 0 FLAG_ZERO: False FLAG_LT: 1 FLAG_GT: 0
INPUT_PORT:  []
OUT_PORT:  []
DATA_MEM:  [37, 17]
---------------------------------------
DEBUG    root:machine.py:309 LD 0
TICK: 1764 PC:   5 ADDR:   0 MEM_OUT: 37 ACC: 37 BUFF: 36 DC: 0 FLAG_ZERO: False FLAG_LT: 1 FLAG_GT: 0
INPUT_PORT:  []
OUT_PORT:  []
DATA_MEM:  [37, 17]
---------------------------------------
DEBUG    root:machine.py:309 MOD 3
TICK: 1768 PC:   6 ADDR:   0 MEM_OUT: 37 ACC: 37 BUFF: 36 DC: 0 FLAG_ZERO: False FLAG_LT: 1 FLAG_GT: 0
INPUT_PORT:  []
OUT_PORT:  []
DATA_MEM:  [37, 17]
---------------------------------------
DEBUG    root:machine.py:309 CMP 0
TICK: 1772 PC:   7 ADDR:   0 MEM_OUT: 37 ACC: 1 BUFF: 37 DC: 0 FLAG_ZERO: False FLAG_LT: 1 FLAG_GT: 0
INPUT_PORT:  []
OUT_PORT:  []
DATA_MEM:  [37, 17]
---------------------------------------
DEBUG    root:machine.py:309 JE 14
TICK: 1775 PC:   8 ADDR:   0 MEM_OUT: 37 ACC: 1 BUFF: 37 DC: 0 FLAG_ZERO: False FLAG_LT: 0 FLAG_GT: 1
INPUT_PORT:  []
OUT_PORT:  []
DATA_MEM:  [37, 17]
---------------------------------------
DEBUG    root:machine.py:309 LD 0
TICK: 1778 PC:   9 ADDR:   0 MEM_OUT: 37 ACC: 1 BUFF: 37 DC: 0 FLAG_ZERO: False FLAG_LT: 0 FLAG_GT: 1
INPUT_PORT:  []
OUT_PORT:  []
DATA_MEM:  [37, 17]
---------------------------------------
DEBUG    root:machine.py:309 MOD 5
TICK: 1782 PC:  10 ADDR:   0 MEM_OUT: 37 ACC: 37 BUFF: 37 DC: 0 FLAG_ZERO: False FLAG_LT: 0 FLAG_GT: 1
INPUT_PORT:  []
OUT_PORT:  []
DATA_MEM:  [37, 17]
---------------------------------------
DEBUG    root:machine.py:309 CMP 0
TICK: 1786 PC:  11 ADDR:   0 MEM_OUT: 37 ACC: 2 BUFF: 37 DC: 0 FLAG_ZERO: False FLAG_LT: 0 FLAG_GT: 1
INPUT_PORT:  []
OUT_PORT:  []
DATA_MEM:  [37, 17]
---------------------------------------
DEBUG    root:machine.py:309 JE 18
TICK: 1789 PC:  12 ADDR:   0 MEM_OUT: 37 ACC: 2 BUFF: 37 DC: 0 FLAG_ZERO: False FLAG_LT: 0 FLAG_GT: 1
INPUT_PORT:  []
OUT_PORT:  []
DATA_MEM:  [37, 17]
---------------------------------------
DEBUG    root:machine.py:309 JMP 0
TICK: 1792 PC:  13 ADDR:   0 MEM_OUT: 37 ACC: 2 BUFF: 37 DC: 0 FLAG_ZERO: False FLAG_LT: 0 FLAG_GT: 1
INPUT_PORT:  []
OUT_PORT:  []
DATA_MEM:  [37, 17]
---------------------------------------
DEBUG    root:machine.py:309 LD 0
TICK: 1795 PC:   0 ADDR:   0 MEM_OUT: 37 ACC: 2 BUFF: 37 DC: 0 FLAG_ZERO: False FLAG_LT: 0 FLAG_GT: 1
INPUT_PORT:  []
OUT_PORT:  []
DATA_MEM:  [37, 17]
---------------------------------------
DEBUG    root:machine.py:309 INC 
TICK: 1799 PC:   1 ADDR:   0 MEM_OUT: 37 ACC: 37 BUFF: 37 DC: 0 FLAG_ZERO: False FLAG_LT: 0 FLAG_GT: 1
INPUT_PORT:  []
OUT_PORT:  []
DATA_MEM:  [37, 17]
---------------------------------------
DEBUG    root:machine.py:309 ST 0
TICK: 1802 PC:   2 ADDR:   0 MEM_OUT: 37 ACC: 38 BUFF: 37 DC: 0 FLAG_ZERO: False FLAG_LT: 0 FLAG_GT: 1
INPUT_PORT:  []
OUT_PORT:  []
DATA_MEM:  [37, 17]
---------------------------------------
DEBUG    root:machine.py:309 CMP 1000
TICK: 1806 PC:   3 ADDR:   0 MEM_OUT: 38 ACC: 38 BUFF: 37 DC: 0 FLAG_ZERO: False FLAG_LT: 0 FLAG_GT: 1
INPUT_PORT:  []
OUT_PORT:  []
DATA_MEM:  [38, 17]
---------------------------------------
DEBUG    root:machine.py:309 JGE 22
TICK: 1809 PC:   4 ADDR:   0 MEM_OUT: 38 ACC: 38 BUFF: 37 DC: 0 FLAG_ZERO: False FLAG_LT: 1 FLAG_GT: 0
INPUT_PORT:  []
OUT_PORT:  []
DATA_MEM:  [38, 17]
---------------------------------------
DEBUG    root:machine.py:309 LD 0
TICK: 1812 PC:   5 ADDR:   0 MEM_OUT: 38 ACC: 38 BUFF: 37 DC: 0 FLAG_ZERO: False FLAG_LT: 1 FLAG_GT: 0
INPUT_PORT:  []
OUT_PORT:  []
DATA_MEM:  [38, 17]
---------------------------------------
DEBUG    root:machine.py:309 MOD 3
TICK: 1816 PC:   6 ADDR:   0 MEM_OUT: 38 ACC: 38 BUFF: 37 DC: 0 FLAG_ZERO: False FLAG_LT: 1 FLAG_GT: 0
INPUT_PORT:  []
OUT_PORT:  []
DATA_MEM:  [38, 17]
---------------------------------------
DEBUG    root:machine.py:309 CMP 0
TICK: 1820 PC:   7 ADDR:   0 MEM_OUT: 38 ACC: 2 BUFF: 38 DC: 0 FLAG_ZERO: False FLAG_LT: 1 FLAG_GT: 0
INPUT_PORT:  []
OUT_PORT:  []
DATA_MEM:  [38, 17]
---------------------------------------
DEBUG    root:machine.py:309 JE 14
TICK: 1823 PC:   8 ADDR:   0 MEM_OUT: 38 ACC: 2 BUFF: 38 DC: 0 FLAG_ZERO: False FLAG_LT: 0 FLAG_GT: 1
INPUT_PORT:  []
OUT_PORT:  []
DATA_MEM:  [38, 17]
---------------------------------------
DEBUG    root:machine.py:309 LD 0
TICK: 1826 PC:   9 ADDR:   0 MEM_OUT: 38 ACC: 2 BUFF: 38 DC: 0 FLAG_ZERO: False FLAG_LT: 0 FLAG_GT: 1
INPUT_PORT:  []
OUT_PORT:  []
DATA_MEM:  [38, 17]
---------------------------------------
DEBUG    root:machine.py:309 MOD 5
TICK: 1830 PC:  10 ADDR:   0 MEM_OUT: 38 ACC: 38 BUFF: 38 DC: 0 FLAG_ZERO: False FLAG_LT: 0 FLAG_GT: 1
INPUT_PORT:  []
OUT_PORT:  []
DATA_MEM:  [38, 17]
---------------------------------------
DEBUG    root:machine.py:309 CMP 0
TICK: 1834 PC:  11 ADDR:   0 MEM_OUT: 38 ACC: 3 BUFF: 38 DC: 0 FLAG_ZERO: False FLAG_LT: 0 FLAG_GT: 1
INPUT_PORT:  []
OUT_PORT:  []
DATA_MEM:  [38, 17]
---------------------------------------
DEBUG    root:machine.py:309 JE 18
TICK: 1837 PC:  12 ADDR:   0 MEM_OUT: 38 ACC: 3 BUFF: 38 DC: 0 FLAG_ZERO: False FLAG_LT: 0 FLAG_GT: 1
INPUT_PORT:  []
OUT_PORT:  []
DATA_MEM:  [38, 17]
---------------------------------------
DEBUG    root:machine.py:309 JMP 0
TICK: 1840 PC:  13 ADDR:   0 MEM_OUT: 38 ACC: 3 BUFF: 38 DC: 0 FLAG_ZERO: False FLAG_LT: 0 FLAG_GT: 1
INPUT_PORT:  []
OUT_PORT:  []
DATA_MEM:  [38, 17]
---------------------------------------
DEBUG    root:machine.py:309 LD 0
TICK: 1843 PC:   0 ADDR:   0 MEM_OUT: 38 ACC: 3 BUFF: 38 DC: 0 FLAG_ZERO: False FLAG_LT: 0 FLAG_GT: 1
INPUT_PORT:  []
OUT_PORT:  []
DATA_MEM:  [38, 17]
---------------------------------------
DEBUG    root:machine.py:309 INC 
TICK: 1847 PC:   1 ADDR:   0 MEM_OUT: 38 ACC: 38 BUFF: 38 DC: 0 FLAG_ZERO: False FLAG_LT: 0 FLAG_GT: 1
INPUT_PORT:  []
OUT_PORT:  []
DATA_MEM:  [38, 17]
---------------------------------------
DEBUG    root:machine.py:309 ST 0
TICK: 1850 PC:   2 ADDR:   0 MEM_OUT: 38 ACC: 39 BUFF: 38 DC: 0 FLAG_ZERO: False FLAG_LT: 0 FLAG_GT: 1
INPUT_PORT:  []
OUT_PORT:  []
DATA_MEM:  [38, 17]
---------------------------------------
DEBUG    root:machine.py:309 CMP 1000
TICK: 1854 PC:   3 ADDR:   0 MEM_OUT: 39 ACC: 39 BUFF: 38 DC: 0 FLAG_ZERO: False FLAG_LT: 0 FLAG_GT: 1
INPUT_PORT:  []
OUT_PORT:  []
DATA_MEM:  [39, 17]
---------------------------------------
DEBUG    root:machine.py:309 JGE 22
TICK: 1857 PC:   4 ADDR:   0 MEM_OUT: 39 ACC: 39 BUFF: 38 DC: 0 FLAG_ZERO: False FLAG_LT: 1 FLAG_GT: 0
INPUT_PORT:  []
OUT_PORT:  []
DATA_MEM:  [39, 17]
---------------------------------------
DEBUG    root:machine.py:309 LD 0
TICK: 1860 PC:   5 ADDR:   0 MEM_OUT: 39 ACC: 39 BUFF: 38 DC: 0 FLAG_ZERO: False FLAG_LT: 1 FLAG_GT: 0
INPUT_PORT:  []
OUT_PORT:  []
DATA_MEM:  [39, 17]
---------------------------------------
DEBUG    root:machine.py:309 MOD 3
TICK: 1864 PC:   6 ADDR:   0 MEM_OUT: 39 ACC: 39 BUFF: 38 DC: 0 FLAG_ZERO: False FLAG_LT: 1 FLAG_GT: 0
INPUT_PORT:  []
OUT_PORT:  []
DATA_MEM:  [39, 17]
---------------------------------------
DEBUG    root:machine.py:309 CMP 0
TICK: 1868 PC:   7 ADDR:   0 MEM_OUT: 39 ACC: 0 BUFF: 39 DC: 0 FLAG_ZERO: False FLAG_LT: 1 FLAG_GT: 0
INPUT_PORT:  []
OUT_PORT:  []
DATA_MEM:  [39, 17]
---------------------------------------
DEBUG    root:machine.py:309 JE 14
TICK: 1871 PC:   8 ADDR:   0 MEM_OUT: 39 ACC: 0 BUFF: 39 DC: 0 FLAG_ZERO: True FLAG_LT: 0 FLAG_GT: 0
INPUT_PORT:  []
OUT_PORT:  []
DATA_MEM:  [39, 17]
---------------------------------------
DEBUG    root:machine.py:309 LD 4
TICK: 1874 PC:  14 ADDR:   0 MEM_OUT: 39 ACC: 0 BUFF: 39 DC: 0 FLAG_ZERO: True FLAG_LT: 0 FLAG_GT: 0
INPUT_PORT:  []
OUT_PORT:  []
DATA_MEM:  [39, 17]
---------------------------------------
DEBUG    root:machine.py:309 INC 
TICK: 1878 PC:  15 ADDR:   1 MEM_OUT: 17 ACC: 17 BUFF: 39 DC: 0 FLAG_ZERO: True FLAG_LT: 0 FLAG_GT: 0
INPUT_PORT:  []
OUT_PORT:  []
DATA_MEM:  [39, 17]
---------------------------------------
DEBUG    root:machine.py:309 ST 4
TICK: 1881 PC:  16 ADDR:   1 MEM_OUT: 17 ACC: 18 BUFF: 39 DC: 0 FLAG_ZERO: True FLAG_LT: 0 FLAG_GT: 0
INPUT_PORT:  []
OUT_PORT:  []
DATA_MEM:  [39, 17]
---------------------------------------
DEBUG    root:machine.py:309 JMP 0
TICK: 1885 PC:  17 ADDR:   1 MEM_OUT: 18 ACC: 18 BUFF: 39 DC: 0 FLAG_ZERO: True FLAG_LT: 0 FLAG_GT: 0
INPUT_PORT:  []
OUT_PORT:  []
DATA_MEM:  [39, 18]
---------------------------------------
DEBUG    root:machine.py:309 LD 0
TICK: 1888 PC:   0 ADDR:   1 MEM_OUT: 18 ACC: 18 BUFF: 39 DC: 0 FLAG_ZERO: True FLAG_LT: 0 FLAG_GT: 0
INPUT_PORT:  []
OUT_PORT:  []
DATA_MEM:  [39, 18]
---------------------------------------
DEBUG    root:machine.py:309 INC 
TICK: 1892 PC:   1 ADDR:   0 MEM_OUT: 39 ACC: 39 BUFF: 39 DC: 0 FLAG_ZERO: True FLAG_LT: 0 FLAG_GT: 0
INPUT_PORT:  []
OUT_PORT:  []
DATA_MEM:  [39, 18]
---------------------------------------
DEBUG    root:machine.py:309 ST 0
TICK: 1895 PC:   2 ADDR:   0 MEM_OUT: 39 ACC: 40 BUFF: 39 DC: 0 FLAG_ZERO: True FLAG_LT: 0 FLAG_GT: 0
INPUT_PORT:  []
OUT_PORT:  []
DATA_MEM:  [39, 18]
---------------------------------------
DEBUG    root:machine.py:309 CMP 1000
TICK: 1899 PC:   3 ADDR:   0 MEM_OUT: 40 ACC: 40 BUFF: 39 DC: 0 FLAG_ZERO: True FLAG_LT: 0 FLAG_GT: 0
INPUT_PORT:  []
OUT_PORT:  []
DATA_MEM:  [40, 18]
---------------------------------------
DEBUG    root:machine.py:309 JGE 22
TICK: 1902 PC:   4 ADDR:   0 MEM_OUT: 40 ACC: 40 BUFF: 39 DC: 0 FLAG_ZERO: False FLAG_LT: 1 FLAG_GT: 0
INPUT_PORT:  []
OUT_PORT:  []
DATA_MEM:  [40, 18]
---------------------------------------
DEBUG    root:machine.py:309 LD 0
TICK: 1905 PC:   5 ADDR:   0 MEM_OUT: 40 ACC: 40 BUFF: 39 DC: 0 FLAG_ZERO: False FLAG_LT: 1 FLAG_GT: 0
INPUT_PORT:  []
OUT_PORT:  []
DATA_MEM:  [40, 18]
---------------------------------------
DEBUG    root:machine.py:309 MOD 3
TICK: 1909 PC:   6 ADDR:   0 MEM_OUT: 40 ACC: 40 BUFF: 39 DC: 0 FLAG_ZERO: False FLAG_LT: 1 FLAG_GT: 0
INPUT_PORT:  []
OUT_PORT:  []
DATA_MEM:  [40, 18]
---------------------------------------
DEBUG    root:machine.py:309 CMP 0
TICK: 1913 PC:   7 ADDR:   0 MEM_OUT: 40 ACC: 1 BUFF: 40 DC: 0 FLAG_ZERO: False FLAG_LT: 1 FLAG_GT: 0
INPUT_PORT:  []
OUT_PORT:  []
DATA_MEM:  [40, 18]
---------------------------------------
DEBUG    root:machine.py:309 JE 14
TICK: 1916 PC:   8 ADDR:   0 MEM_OUT: 40 ACC: 1 BUFF: 40 DC: 0 FLAG_ZERO: False FLAG_LT: 0 FLAG_GT: 1
INPUT_PORT:  []
OUT_PORT:  []
DATA_MEM:  [40, 18]
---------------------------------------
DEBUG    root:machine.py:309 LD 0
TICK: 1919 PC:   9 ADDR:   0 MEM_OUT: 40 ACC: 1 BUFF: 40 DC: 0 FLAG_ZERO: False FLAG_LT: 0 FLAG_GT: 1
INPUT_PORT:  []
OUT_PORT:  []
DATA_MEM:  [40, 18]
---------------------------------------
DEBUG    root:machine.py:309 MOD 5
TICK: 1923 PC:  10 ADDR:   0 MEM_OUT: 40 ACC: 40 BUFF: 40 DC: 0 FLAG_ZERO: False FLAG_LT: 0 FLAG_GT: 1
INPUT_PORT:  []
OUT_PORT:  []
DATA_MEM:  [40, 18]
---------------------------------------
DEBUG    root:machine.py:309 CMP 0
TICK: 1927 PC:  11 ADDR:   0 MEM_OUT: 40 ACC: 0 BUFF: 40 DC: 0 FLAG_ZERO: False FLAG_LT: 0 FLAG_GT: 1
INPUT_PORT:  []
OUT_PORT:  []
DATA_MEM:  [40, 18]
---------------------------------------
DEBUG    root:machine.py:309 JE 18
TICK: 1930 PC:  12 ADDR:   0 MEM_OUT: 40 ACC: 0 BUFF: 40 DC: 0 FLAG_ZERO: True FLAG_LT: 0 FLAG_GT: 0
INPUT_PORT:  []
OUT_PORT:  []
DATA_MEM:  [40, 18]
---------------------------------------
DEBUG    root:machine.py:309 LD 4
TICK: 1933 PC:  18 ADDR:   0 MEM_OUT: 40 ACC: 0 BUFF: 40 DC: 0 FLAG_ZERO: True FLAG_LT: 0 FLAG_GT: 0
INPUT_PORT:  []
OUT_PORT:  []
DATA_MEM:  [40, 18]
---------------------------------------
DEBUG    root:machine.py:309 INC 
TICK: 1937 PC:  19 ADDR:   1 MEM_OUT: 18 ACC: 18 BUFF: 40 DC: 0 FLAG_ZERO: True FLAG_LT: 0 FLAG_GT: 0
INPUT_PORT:  []
OUT_PORT:  []
DATA_MEM:  [40, 18]
---------------------------------------
DEBUG    root:machine.py:309 ST 4
TICK: 1940 PC:  20 ADDR:   1 MEM_OUT: 18 ACC: 19 BUFF: 40 DC: 0 FLAG_ZERO: True FLAG_LT: 0 FLAG_GT: 0
INPUT_PORT:  []
OUT_PORT:  []
DATA_MEM:  [40, 18]
---------------------------------------
DEBUG    root:machine.py:309 JMP 0
TICK: 1944 PC:  21 ADDR:   1 MEM_OUT: 19 ACC: 19 BUFF: 40 DC: 0 FLAG_ZERO: True FLAG_LT: 0 FLAG_GT: 0
INPUT_PORT:  []
OUT_PORT:  []
DATA_MEM:  [40, 19]
---------------------------------------
DEBUG    root:machine.py:309 LD 0
TICK: 1947 PC:   0 ADDR:   1 MEM_OUT: 19 ACC: 19 BUFF: 40 DC: 0 FLAG_ZERO: True FLAG_LT: 0 FLAG_GT: 0
INPUT_PORT:  []
OUT_PORT:  []
DATA_MEM:  [40, 19]
---------------------------------------
DEBUG    root:machine.py:309 INC 
TICK: 1951 PC:   1 ADDR:   0 MEM_OUT: 40 ACC: 40 BUFF: 40 DC: 0 FLAG_ZERO: True FLAG_LT: 0 FLAG_GT: 0
INPUT_PORT:  []
OUT_PORT:  []
DATA_MEM:  [40, 19]
---------------------------------------
DEBUG    root:machine.py:309 ST 0
TICK: 1954 PC:   2 ADDR:   0 MEM_OUT: 40 ACC: 41 BUFF: 40 DC: 0 FLAG_ZERO: True FLAG_LT: 0 FLAG_GT: 0
INPUT_PORT:  []
OUT_PORT:  []
DATA_MEM:  [40, 19]
---------------------------------------
DEBUG    root:machine.py:309 CMP 1000
TICK: 1958 PC:   3 ADDR:   0 MEM_OUT: 41 ACC: 41 BUFF: 40 DC: 0 FLAG_ZERO: True FLAG_LT: 0 FLAG_GT: 0
INPUT_PORT:  []
OUT_PORT:  []
DATA_MEM:  [41, 19]
---------------------------------------
DEBUG    root:machine.py:309 JGE 22
TICK: 1961 PC:   4 ADDR:   0 MEM_OUT: 41 ACC: 41 BUFF: 40 DC: 0 FLAG_ZERO: False FLAG_LT: 1 FLAG_GT: 0
INPUT_PORT:  []
OUT_PORT:  []
DATA_MEM:  [41, 19]
---------------------------------------
DEBUG    root:machine.py:309 LD 0
TICK: 1964 PC:   5 ADDR:   0 MEM_OUT: 41 ACC: 41 BUFF: 40 DC: 0 FLAG_ZERO: False FLAG_LT: 1 FLAG_GT: 0
INPUT_PORT:  []
OUT_PORT:  []
DATA_MEM:  [41, 19]
---------------------------------------
DEBUG    root:machine.py:309 MOD 3
TICK: 1968 PC:   6 ADDR:   0 MEM_OUT: 41 ACC: 41 BUFF: 40 DC: 0 FLAG_ZERO: False FLAG_LT: 1 FLAG_GT: 0
INPUT_PORT:  []
OUT_PORT:  []
DATA_MEM:  [41, 19]
---------------------------------------
DEBUG    root:machine.py:309 CMP 0
TICK: 1972 PC:   7 ADDR:   0 MEM_OUT: 41 ACC: 2 BUFF: 41 DC: 0 FLAG_ZERO: False FLAG_LT: 1 FLAG_GT: 0
INPUT_PORT:  []
OUT_PORT:  []
DATA_MEM:  [41, 19]
---------------------------------------
DEBUG    root:machine.py:309 JE 14
TICK: 1975 PC:   8 ADDR:   0 MEM_OUT: 41 ACC: 2 BUFF: 41 DC: 0 FLAG_ZERO: False FLAG_LT: 0 FLAG_GT: 1
INPUT_PORT:  []
OUT_PORT:  []
DATA_MEM:  [41, 19]
---------------------------------------
DEBUG    root:machine.py:309 LD 0
TICK: 1978 PC:   9 ADDR:   0 MEM_OUT: 41 ACC: 2 BUFF: 41 DC: 0 FLAG_ZERO: False FLAG_LT: 0 FLAG_GT: 1
INPUT_PORT:  []
OUT_PORT:  []
DATA_MEM:  [41, 19]
---------------------------------------
DEBUG    root:machine.py:309 MOD 5
TICK: 1982 PC:  10 ADDR:   0 MEM_OUT: 41 ACC: 41 BUFF: 41 DC: 0 FLAG_ZERO: False FLAG_LT: 0 FLAG_GT: 1
INPUT_PORT:  []
OUT_PORT:  []
DATA_MEM:  [41, 19]
---------------------------------------
DEBUG    root:machine.py:309 CMP 0
TICK: 1986 PC:  11 ADDR:   0 MEM_OUT: 41 ACC: 1 BUFF: 41 DC: 0 FLAG_ZERO: False FLAG_LT: 0 FLAG_GT: 1
INPUT_PORT:  []
OUT_PORT:  []
DATA_MEM:  [41, 19]
---------------------------------------
DEBUG    root:machine.py:309 JE 18
TICK: 1989 PC:  12 ADDR:   0 MEM_OUT: 41 ACC: 1 BUFF: 41 DC: 0 FLAG_ZERO: False FLAG_LT: 0 FLAG_GT: 1
INPUT_PORT:  []
OUT_PORT:  []
DATA_MEM:  [41, 19]
---------------------------------------
DEBUG    root:machine.py:309 JMP 0
TICK: 1992 PC:  13 ADDR:   0 MEM_OUT: 41 ACC: 1 BUFF: 41 DC: 0 FLAG_ZERO: False FLAG_LT: 0 FLAG_GT: 1
INPUT_PORT:  []
OUT_PORT:  []
DATA_MEM:  [41, 19]
---------------------------------------
DEBUG    root:machine.py:309 LD 0
TICK: 1995 PC:   0 ADDR:   0 MEM_OUT: 41 ACC: 1 BUFF: 41 DC: 0 FLAG_ZERO: False FLAG_LT: 0 FLAG_GT: 1
INPUT_PORT:  []
OUT_PORT:  []
DATA_MEM:  [41, 19]
---------------------------------------
DEBUG    root:machine.py:309 INC 
TICK: 1999 PC:   1 ADDR:   0 MEM_OUT: 41 ACC: 41 BUFF: 41 DC: 0 FLAG_ZERO: False FLAG_LT: 0 FLAG_GT: 1
INPUT_PORT:  []
OUT_PORT:  []
DATA_MEM:  [41, 19]
---------------------------------------
DEBUG    root:machine.py:309 ST 0
TICK: 2002 PC:   2 ADDR:   0 MEM_OUT: 41 ACC: 42 BUFF: 41 DC: 0 FLAG_ZERO: False FLAG_LT: 0 FLAG_GT: 1
INPUT_PORT:  []
OUT_PORT:  []
DATA_MEM:  [41, 19]
---------------------------------------
DEBUG    root:machine.py:309 CMP 1000
TICK: 2006 PC:   3 ADDR:   0 MEM_OUT: 42 ACC: 42 BUFF: 41 DC: 0 FLAG_ZERO: False FLAG_LT: 0 FLAG_GT: 1
INPUT_PORT:  []
OUT_PORT:  []
DATA_MEM:  [42, 19]
---------------------------------------
DEBUG    root:machine.py:309 JGE 22
TICK: 2009 PC:   4 ADDR:   0 MEM_OUT: 42 ACC: 42 BUFF: 41 DC: 0 FLAG_ZERO: False FLAG_LT: 1 FLAG_GT: 0
INPUT_PORT:  []
OUT_PORT:  []
DATA_MEM:  [42, 19]
---------------------------------------
DEBUG    root:machine.py:309 LD 0
TICK: 2012 PC:   5 ADDR:   0 MEM_OUT: 42 ACC: 42 BUFF: 41 DC: 0 FLAG_ZERO: False FLAG_LT: 1 FLAG_GT: 0
INPUT_PORT:  []
OUT_PORT:  []
DATA_MEM:  [42, 19]
---------------------------------------
DEBUG    root:machine.py:309 MOD 3
TICK: 2016 PC:   6 ADDR:   0 MEM_OUT: 42 ACC: 42 BUFF: 41 DC: 0 FLAG_ZERO: False FLAG_LT: 1 FLAG_GT: 0
INPUT_PORT:  []
OUT_PORT:  []
DATA_MEM:  [42, 19]
---------------------------------------
DEBUG    root:machine.py:309 CMP 0
TICK: 2020 PC:   7 ADDR:   0 MEM_OUT: 42 ACC: 0 BUFF: 42 DC: 0 FLAG_ZERO: False FLAG_LT: 1 FLAG_GT: 0
INPUT_PORT:  []
OUT_PORT:  []
DATA_MEM:  [42, 19]
---------------------------------------
DEBUG    root:machine.py:309 JE 14
TICK: 2023 PC:   8 ADDR:   0 MEM_OUT: 42 ACC: 0 BUFF: 42 DC: 0 FLAG_ZERO: True FLAG_LT: 0 FLAG_GT: 0
INPUT_PORT:  []
OUT_PORT:  []
DATA_MEM:  [42, 19]
---------------------------------------
DEBUG    root:machine.py:309 LD 4
TICK: 2026 PC:  14 ADDR:   0 MEM_OUT: 42 ACC: 0 BUFF: 42 DC: 0 FLAG_ZERO: True FLAG_LT: 0 FLAG_GT: 0
INPUT_PORT:  []
OUT_PORT:  []
DATA_MEM:  [42, 19]
---------------------------------------
DEBUG    root:machine.py:309 INC 
TICK: 2030 PC:  15 ADDR:   1 MEM_OUT: 19 ACC: 19 BUFF: 42 DC: 0 FLAG_ZERO: True FLAG_LT: 0 FLAG_GT: 0
INPUT_PORT:  []
OUT_PORT:  []
DATA_MEM:  [42, 19]
---------------------------------------
DEBUG    root:machine.py:309 ST 4
TICK: 2033 PC:  16 ADDR:   1 MEM_OUT: 19 ACC: 20 BUFF: 42 DC: 0 FLAG_ZERO: True FLAG_LT: 0 FLAG_GT: 0
INPUT_PORT:  []
OUT_PORT:  []
DATA_MEM:  [42, 19]
---------------------------------------
DEBUG    root:machine.py:309 JMP 0
TICK: 2037 PC:  17 ADDR:   1 MEM_OUT: 20 ACC: 20 BUFF: 42 DC: 0 FLAG_ZERO: True FLAG_LT: 0 FLAG_GT: 0
INPUT_PORT:  []
OUT_PORT:  []
DATA_MEM:  [42, 20]
---------------------------------------
DEBUG    root:machine.py:309 LD 0
TICK: 2040 PC:   0 ADDR:   1 MEM_OUT: 20 ACC: 20 BUFF: 42 DC: 0 FLAG_ZERO: True FLAG_LT: 0 FLAG_GT: 0
INPUT_PORT:  []
OUT_PORT:  []
DATA_MEM:  [42, 20]
---------------------------------------
DEBUG    root:machine.py:309 INC 
TICK: 2044 PC:   1 ADDR:   0 MEM_OUT: 42 ACC: 42 BUFF: 42 DC: 0 FLAG_ZERO: True FLAG_LT: 0 FLAG_GT: 0
INPUT_PORT:  []
OUT_PORT:  []
DATA_MEM:  [42, 20]
---------------------------------------
DEBUG    root:machine.py:309 ST 0
TICK: 2047 PC:   2 ADDR:   0 MEM_OUT: 42 ACC: 43 BUFF: 42 DC: 0 FLAG_ZERO: True FLAG_LT: 0 FLAG_GT: 0
INPUT_PORT:  []
OUT_PORT:  []
DATA_MEM:  [42, 20]
---------------------------------------
DEBUG    root:machine.py:309 CMP 1000
TICK: 2051 PC:   3 ADDR:   0 MEM_OUT: 43 ACC: 43 BUFF: 42 DC: 0 FLAG_ZERO: True FLAG_LT: 0 FLAG_GT: 0
INPUT_PORT:  []
OUT_PORT:  []
DATA_MEM:  [43, 20]
---------------------------------------
DEBUG    root:machine.py:309 JGE 22
TICK: 2054 PC:   4 ADDR:   0 MEM_OUT: 43 ACC: 43 BUFF: 42 DC: 0 FLAG_ZERO: False FLAG_LT: 1 FLAG_GT: 0
INPUT_PORT:  []
OUT_PORT:  []
DATA_MEM:  [43, 20]
---------------------------------------
DEBUG    root:machine.py:309 LD 0
TICK: 2057 PC:   5 ADDR:   0 MEM_OUT: 43 ACC: 43 BUFF: 42 DC: 0 FLAG_ZERO: False FLAG_LT: 1 FLAG_GT: 0
INPUT_PORT:  []
OUT_PORT:  []
DATA_MEM:  [43, 20]
---------------------------------------
DEBUG    root:machine.py:309 MOD 3
TICK: 2061 PC:   6 ADDR:   0 MEM_OUT: 43 ACC: 43 BUFF: 42 DC: 0 FLAG_ZERO: False FLAG_LT: 1 FLAG_GT: 0
INPUT_PORT:  []
OUT_PORT:  []
DATA_MEM:  [43, 20]
---------------------------------------
DEBUG    root:machine.py:309 CMP 0
TICK: 2065 PC:   7 ADDR:   0 MEM_OUT: 43 ACC: 1 BUFF: 43 DC: 0 FLAG_ZERO: False FLAG_LT: 1 FLAG_GT: 0
INPUT_PORT:  []
OUT_PORT:  []
DATA_MEM:  [43, 20]
---------------------------------------
DEBUG    root:machine.py:309 JE 14
TICK: 2068 PC:   8 ADDR:   0 MEM_OUT: 43 ACC: 1 BUFF: 43 DC: 0 FLAG_ZERO: False FLAG_LT: 0 FLAG_GT: 1
INPUT_PORT:  []
OUT_PORT:  []
DATA_MEM:  [43, 20]
---------------------------------------
DEBUG    root:machine.py:309 LD 0
TICK: 2071 PC:   9 ADDR:   0 MEM_OUT: 43 ACC: 1 BUFF: 43 DC: 0 FLAG_ZERO: False FLAG_LT: 0 FLAG_GT: 1
INPUT_PORT:  []
OUT_PORT:  []
DATA_MEM:  [43, 20]
---------------------------------------
DEBUG    root:machine.py:309 MOD 5
TICK: 2075 PC:  10 ADDR:   0 MEM_OUT: 43 ACC: 43 BUFF: 43 DC: 0 FLAG_ZERO: False FLAG_LT: 0 FLAG_GT: 1
INPUT_PORT:  []
OUT_PORT:  []
DATA_MEM:  [43, 20]
---------------------------------------
DEBUG    root:machine.py:309 CMP 0
TICK: 2079 PC:  11 ADDR:   0 MEM_OUT: 43 ACC: 3 BUFF: 43 DC: 0 FLAG_ZERO: False FLAG_LT: 0 FLAG_GT: 1
INPUT_PORT:  []
OUT_PORT:  []
DATA_MEM:  [43, 20]
---------------------------------------
DEBUG    root:machine.py:309 JE 18
TICK: 2082 PC:  12 ADDR:   0 MEM_OUT: 43 ACC: 3 BUFF: 43 DC: 0 FLAG_ZERO: False FLAG_LT: 0 FLAG_GT: 1
INPUT_PORT:  []
OUT_PORT:  []
DATA_MEM:  [43, 20]
---------------------------------------
DEBUG    root:machine.py:309 JMP 0
TICK: 2085 PC:  13 ADDR:   0 MEM_OUT: 43 ACC: 3 BUFF: 43 DC: 0 FLAG_ZERO: False FLAG_LT: 0 FLAG_GT: 1
INPUT_PORT:  []
OUT_PORT:  []
DATA_MEM:  [43, 20]
---------------------------------------
DEBUG    root:machine.py:309 LD 0
TICK: 2088 PC:   0 ADDR:   0 MEM_OUT: 43 ACC: 3 BUFF: 43 DC: 0 FLAG_ZERO: False FLAG_LT: 0 FLAG_GT: 1
INPUT_PORT:  []
OUT_PORT:  []
DATA_MEM:  [43, 20]
---------------------------------------
DEBUG    root:machine.py:309 INC 
TICK: 2092 PC:   1 ADDR:   0 MEM_OUT: 43 ACC: 43 BUFF: 43 DC: 0 FLAG_ZERO: False FLAG_LT: 0 FLAG_GT: 1
INPUT_PORT:  []
OUT_PORT:  []
DATA_MEM:  [43, 20]
---------------------------------------
DEBUG    root:machine.py:309 ST 0
TICK: 2095 PC:   2 ADDR:   0 MEM_OUT: 43 ACC: 44 BUFF: 43 DC: 0 FLAG_ZERO: False FLAG_LT: 0 FLAG_GT: 1
INPUT_PORT:  []
OUT_PORT:  []
DATA_MEM:  [43, 20]
---------------------------------------
DEBUG    root:machine.py:309 CMP 1000
TICK: 2099 PC:   3 ADDR:   0 MEM_OUT: 44 ACC: 44 BUFF: 43 DC: 0 FLAG_ZERO: False FLAG_LT: 0 FLAG_GT: 1
INPUT_PORT:  []
OUT_PORT:  []
DATA_MEM:  [44, 20]
---------------------------------------
DEBUG    root:machine.py:309 JGE 22
TICK: 2102 PC:   4 ADDR:   0 MEM_OUT: 44 ACC: 44 BUFF: 43 DC: 0 FLAG_ZERO: False FLAG_LT: 1 FLAG_GT: 0
INPUT_PORT:  []
OUT_PORT:  []
DATA_MEM:  [44, 20]
---------------------------------------
DEBUG    root:machine.py:309 LD 0
TICK: 2105 PC:   5 ADDR:   0 MEM_OUT: 44 ACC: 44 BUFF: 43 DC: 0 FLAG_ZERO: False FLAG_LT: 1 FLAG_GT: 0
INPUT_PORT:  []
OUT_PORT:  []
DATA_MEM:  [44, 20]
---------------------------------------
DEBUG    root:machine.py:309 MOD 3
TICK: 2109 PC:   6 ADDR:   0 MEM_OUT: 44 ACC: 44 BUFF: 43 DC: 0 FLAG_ZERO: False FLAG_LT: 1 FLAG_GT: 0
INPUT_PORT:  []
OUT_PORT:  []
DATA_MEM:  [44, 20]
---------------------------------------
DEBUG    root:machine.py:309 CMP 0
TICK: 2113 PC:   7 ADDR:   0 MEM_OUT: 44 ACC: 2 BUFF: 44 DC: 0 FLAG_ZERO: False FLAG_LT: 1 FLAG_GT: 0
INPUT_PORT:  []
OUT_PORT:  []
DATA_MEM:  [44, 20]
---------------------------------------
DEBUG    root:machine.py:309 JE 14
TICK: 2116 PC:   8 ADDR:   0 MEM_OUT: 44 ACC: 2 BUFF: 44 DC: 0 FLAG_ZERO: False FLAG_LT: 0 FLAG_GT: 1
INPUT_PORT:  []
OUT_PORT:  []
DATA_MEM:  [44, 20]
---------------------------------------
DEBUG    root:machine.py:309 LD 0
TICK: 2119 PC:   9 ADDR:   0 MEM_OUT: 44 ACC: 2 BUFF: 44 DC: 0 FLAG_ZERO: False FLAG_LT: 0 FLAG_GT: 1
INPUT_PORT:  []
OUT_PORT:  []
DATA_MEM:  [44, 20]
---------------------------------------
DEBUG    root:machine.py:309 MOD 5
TICK: 2123 PC:  10 ADDR:   0 MEM_OUT: 44 ACC: 44 BUFF: 44 DC: 0 FLAG_ZERO: False FLAG_LT: 0 FLAG_GT: 1
INPUT_PORT:  []
OUT_PORT:  []
DATA_MEM:  [44, 20]
---------------------------------------
DEBUG    root:machine.py:309 CMP 0
TICK: 2127 PC:  11 ADDR:   0 MEM_OUT: 44 ACC: 4 BUFF: 44 DC: 0 FLAG_ZERO: False FLAG_LT: 0 FLAG_GT: 1
INPUT_PORT:  []
OUT_PORT:  []
DATA_MEM:  [44, 20]
---------------------------------------
DEBUG    root:machine.py:309 JE 18
TICK: 2130 PC:  12 ADDR:   0 MEM_OUT: 44 ACC: 4 BUFF: 44 DC: 0 FLAG_ZERO: False FLAG_LT: 0 FLAG_GT: 1
INPUT_PORT:  []
OUT_PORT:  []
DATA_MEM:  [44, 20]
---------------------------------------
DEBUG    root:machine.py:309 JMP 0
TICK: 2133 PC:  13 ADDR:   0 MEM_OUT: 44 ACC: 4 BUFF: 44 DC: 0 FLAG_ZERO: False FLAG_LT: 0 FLAG_GT: 1
INPUT_PORT:  []
OUT_PORT:  []
DATA_MEM:  [44, 20]
---------------------------------------
DEBUG    root:machine.py:309 LD 0
TICK: 2136 PC:   0 ADDR:   0 MEM_OUT: 44 ACC: 4 BUFF: 44 DC: 0 FLAG_ZERO: False FLAG_LT: 0 FLAG_GT: 1
INPUT_PORT:  []
OUT_PORT:  []
DATA_MEM:  [44, 20]
---------------------------------------
DEBUG    root:machine.py:309 INC 
TICK: 2140 PC:   1 ADDR:   0 MEM_OUT: 44 ACC: 44 BUFF: 44 DC: 0 FLAG_ZERO: False FLAG_LT: 0 FLAG_GT: 1
INPUT_PORT:  []
OUT_PORT:  []
DATA_MEM:  [44, 20]
---------------------------------------
DEBUG    root:machine.py:309 ST 0
TICK: 2143 PC:   2 ADDR:   0 MEM_OUT: 44 ACC: 45 BUFF: 44 DC: 0 FLAG_ZERO: False FLAG_LT: 0 FLAG_GT: 1
INPUT_PORT:  []
OUT_PORT:  []
DATA_MEM:  [44, 20]
---------------------------------------
DEBUG    root:machine.py:309 CMP 1000
TICK: 2147 PC:   3 ADDR:   0 MEM_OUT: 45 ACC: 45 BUFF: 44 DC: 0 FLAG_ZERO: False FLAG_LT: 0 FLAG_GT: 1
INPUT_PORT:  []
OUT_PORT:  []
DATA_MEM:  [45, 20]
---------------------------------------
DEBUG    root:machine.py:309 JGE 22
TICK: 2150 PC:   4 ADDR:   0 MEM_OUT: 45 ACC: 45 BUFF: 44 DC: 0 FLAG_ZERO: False FLAG_LT: 1 FLAG_GT: 0
INPUT_PORT:  []
OUT_PORT:  []
DATA_MEM:  [45, 20]
---------------------------------------
DEBUG    root:machine.py:309 LD 0
TICK: 2153 PC:   5 ADDR:   0 MEM_OUT: 45 ACC: 45 BUFF: 44 DC: 0 FLAG_ZERO: False FLAG_LT: 1 FLAG_GT: 0
INPUT_PORT:  []
OUT_PORT:  []
DATA_MEM:  [45, 20]
---------------------------------------
DEBUG    root:machine.py:309 MOD 3
TICK: 2157 PC:   6 ADDR:   0 MEM_OUT: 45 ACC: 45 BUFF: 44 DC: 0 FLAG_ZERO: False FLAG_LT: 1 FLAG_GT: 0
INPUT_PORT:  []
OUT_PORT:  []
DATA_MEM:  [45, 20]
---------------------------------------
DEBUG    root:machine.py:309 CMP 0
TICK: 2161 PC:   7 ADDR:   0 MEM_OUT: 45 ACC: 0 BUFF: 45 DC: 0 FLAG_ZERO: False FLAG_LT: 1 FLAG_GT: 0
INPUT_PORT:  []
OUT_PORT:  []
DATA_MEM:  [45, 20]
---------------------------------------
DEBUG    root:machine.py:309 JE 14
TICK: 2164 PC:   8 ADDR:   0 MEM_OUT: 45 ACC: 0 BUFF: 45 DC: 0 FLAG_ZERO: True FLAG_LT: 0 FLAG_GT: 0
INPUT_PORT:  []
OUT_PORT:  []
DATA_MEM:  [45, 20]
---------------------------------------
DEBUG    root:machine.py:309 LD 4
TICK: 2167 PC:  14 ADDR:   0 MEM_OUT: 45 ACC: 0 BUFF: 45 DC: 0 FLAG_ZERO: True FLAG_LT: 0 FLAG_GT: 0
INPUT_PORT:  []
OUT_PORT:  []
DATA_MEM:  [45, 20]
---------------------------------------
DEBUG    root:machine.py:309 INC 
TICK: 2171 PC:  15 ADDR:   1 MEM_OUT: 20 ACC: 20 BUFF: 45 DC: 0 FLAG_ZERO: True FLAG_LT: 0 FLAG_GT: 0
INPUT_PORT:  []
OUT_PORT:  []
DATA_MEM:  [45, 20]
---------------------------------------
DEBUG    root:machine.py:309 ST 4
TICK: 2174 PC:  16 ADDR:   1 MEM_OUT: 20 ACC: 21 BUFF: 45 DC: 0 FLAG_ZERO: True FLAG_LT: 0 FLAG_GT: 0
INPUT_PORT:  []
OUT_PORT:  []
DATA_MEM:  [45, 20]
---------------------------------------
DEBUG    root:machine.py:309 JMP 0
TICK: 2178 PC:  17 ADDR:   1 MEM_OUT: 21 ACC: 21 BUFF: 45 DC: 0 FLAG_ZERO: True FLAG_LT: 0 FLAG_GT: 0
INPUT_PORT:  []
OUT_PORT:  []
DATA_MEM:  [45, 21]
---------------------------------------
DEBUG    root:machine.py:309 LD 0
TICK: 2181 PC:   0 ADDR:   1 MEM_OUT: 21 ACC: 21 BUFF: 45 DC: 0 FLAG_ZERO: True FLAG_LT: 0 FLAG_GT: 0
INPUT_PORT:  []
OUT_PORT:  []
DATA_MEM:  [45, 21]
---------------------------------------
DEBUG    root:machine.py:309 INC 
TICK: 2185 PC:   1 ADDR:   0 MEM_OUT: 45 ACC: 45 BUFF: 45 DC: 0 FLAG_ZERO: True FLAG_LT: 0 FLAG_GT: 0
INPUT_PORT:  []
OUT_PORT:  []
DATA_MEM:  [45, 21]
---------------------------------------
DEBUG    root:machine.py:309 ST 0
TICK: 2188 PC:   2 ADDR:   0 MEM_OUT: 45 ACC: 46 BUFF: 45 DC: 0 FLAG_ZERO: True FLAG_LT: 0 FLAG_GT: 0
INPUT_PORT:  []
OUT_PORT:  []
DATA_MEM:  [45, 21]
---------------------------------------
DEBUG    root:machine.py:309 CMP 1000
TICK: 2192 PC:   3 ADDR:   0 MEM_OUT: 46 ACC: 46 BUFF: 45 DC: 0 FLAG_ZERO: True FLAG_LT: 0 FLAG_GT: 0
INPUT_PORT:  []
OUT_PORT:  []
DATA_MEM:  [46, 21]
---------------------------------------
DEBUG    root:machine.py:309 JGE 22
TICK: 2195 PC:   4 ADDR:   0 MEM_OUT: 46 ACC: 46 BUFF: 45 DC: 0 FLAG_ZERO: False FLAG_LT: 1 FLAG_GT: 0
INPUT_PORT:  []
OUT_PORT:  []
DATA_MEM:  [46, 21]
---------------------------------------
DEBUG    root:machine.py:309 LD 0
TICK: 2198 PC:   5 ADDR:   0 MEM_OUT: 46 ACC: 46 BUFF: 45 DC: 0 FLAG_ZERO: False FLAG_LT: 1 FLAG_GT: 0
INPUT_PORT:  []
OUT_PORT:  []
DATA_MEM:  [46, 21]
---------------------------------------
DEBUG    root:machine.py:309 MOD 3
TICK: 2202 PC:   6 ADDR:   0 MEM_OUT: 46 ACC: 46 BUFF: 45 DC: 0 FLAG_ZERO: False FLAG_LT: 1 FLAG_GT: 0
INPUT_PORT:  []
OUT_PORT:  []
DATA_MEM:  [46, 21]
---------------------------------------
DEBUG    root:machine.py:309 CMP 0
TICK: 2206 PC:   7 ADDR:   0 MEM_OUT: 46 ACC: 1 BUFF: 46 DC: 0 FLAG_ZERO: False FLAG_LT: 1 FLAG_GT: 0
INPUT_PORT:  []
OUT_PORT:  []
DATA_MEM:  [46, 21]
---------------------------------------
DEBUG    root:machine.py:309 JE 14
TICK: 2209 PC:   8 ADDR:   0 MEM_OUT: 46 ACC: 1 BUFF: 46 DC: 0 FLAG_ZERO: False FLAG_LT: 0 FLAG_GT: 1
INPUT_PORT:  []
OUT_PORT:  []
DATA_MEM:  [46, 21]
---------------------------------------
DEBUG    root:machine.py:309 LD 0
TICK: 2212 PC:   9 ADDR:   0 MEM_OUT: 46 ACC: 1 BUFF: 46 DC: 0 FLAG_ZERO: False FLAG_LT: 0 FLAG_GT: 1
INPUT_PORT:  []
OUT_PORT:  []
DATA_MEM:  [46, 21]
---------------------------------------
DEBUG    root:machine.py:309 MOD 5
TICK: 2216 PC:  10 ADDR:   0 MEM_OUT: 46 ACC: 46 BUFF: 46 DC: 0 FLAG_ZERO: False FLAG_LT: 0 FLAG_GT: 1
INPUT_PORT:  []
OUT_PORT:  []
DATA_MEM:  [46, 21]
---------------------------------------
DEBUG    root:machine.py:309 CMP 0
TICK: 2220 PC:  11 ADDR:   0 MEM_OUT: 46 ACC: 1 BUFF: 46 DC: 0 FLAG_ZERO: False FLAG_LT: 0 FLAG_GT: 1
INPUT_PORT:  []
OUT_PORT:  []
DATA_MEM:  [46, 21]
---------------------------------------
DEBUG    root:machine.py:309 JE 18
TICK: 2223 PC:  12 ADDR:   0 MEM_OUT: 46 ACC: 1 BUFF: 46 DC: 0 FLAG_ZERO: False FLAG_LT: 0 FLAG_GT: 1
INPUT_PORT:  []
OUT_PORT:  []
DATA_MEM:  [46, 21]
---------------------------------------
DEBUG    root:machine.py:309 JMP 0
TICK: 2226 PC:  13 ADDR:   0 MEM_OUT: 46 ACC: 1 BUFF: 46 DC: 0 FLAG_ZERO: False FLAG_LT: 0 FLAG_GT: 1
INPUT_PORT:  []
OUT_PORT:  []
DATA_MEM:  [46, 21]
---------------------------------------
DEBUG    root:machine.py:309 LD 0
TICK: 2229 PC:   0 ADDR:   0 MEM_OUT: 46 ACC: 1 BUFF: 46 DC: 0 FLAG_ZERO: False FLAG_LT: 0 FLAG_GT: 1
INPUT_PORT:  []
OUT_PORT:  []
DATA_MEM:  [46, 21]
---------------------------------------
DEBUG    root:machine.py:309 INC 
TICK: 2233 PC:   1 ADDR:   0 MEM_OUT: 46 ACC: 46 BUFF: 46 DC: 0 FLAG_ZERO: False FLAG_LT: 0 FLAG_GT: 1
INPUT_PORT:  []
OUT_PORT:  []
DATA_MEM:  [46, 21]
---------------------------------------
DEBUG    root:machine.py:309 ST 0
TICK: 2236 PC:   2 ADDR:   0 MEM_OUT: 46 ACC: 47 BUFF: 46 DC: 0 FLAG_ZERO: False FLAG_LT: 0 FLAG_GT: 1
INPUT_PORT:  []
OUT_PORT:  []
DATA_MEM:  [46, 21]
---------------------------------------
DEBUG    root:machine.py:309 CMP 1000
TICK: 2240 PC:   3 ADDR:   0 MEM_OUT: 47 ACC: 47 BUFF: 46 DC: 0 FLAG_ZERO: False FLAG_LT: 0 FLAG_GT: 1
INPUT_PORT:  []
OUT_PORT:  []
DATA_MEM:  [47, 21]
---------------------------------------
DEBUG    root:machine.py:309 JGE 22
TICK: 2243 PC:   4 ADDR:   0 MEM_OUT: 47 ACC: 47 BUFF: 46 DC: 0 FLAG_ZERO: False FLAG_LT: 1 FLAG_GT: 0
INPUT_PORT:  []
OUT_PORT:  []
DATA_MEM:  [47, 21]
---------------------------------------
DEBUG    root:machine.py:309 LD 0
TICK: 2246 PC:   5 ADDR:   0 MEM_OUT: 47 ACC: 47 BUFF: 46 DC: 0 FLAG_ZERO: False FLAG_LT: 1 FLAG_GT: 0
INPUT_PORT:  []
OUT_PORT:  []
DATA_MEM:  [47, 21]
---------------------------------------
DEBUG    root:machine.py:309 MOD 3
TICK: 2250 PC:   6 ADDR:   0 MEM_OUT: 47 ACC: 47 BUFF: 46 DC: 0 FLAG_ZERO: False FLAG_LT: 1 FLAG_GT: 0
INPUT_PORT:  []
OUT_PORT:  []
DATA_MEM:  [47, 21]
---------------------------------------
DEBUG    root:machine.py:309 CMP 0
TICK: 2254 PC:   7 ADDR:   0 MEM_OUT: 47 ACC: 2 BUFF: 47 DC: 0 FLAG_ZERO: False FLAG_LT: 1 FLAG_GT: 0
INPUT_PORT:  []
OUT_PORT:  []
DATA_MEM:  [47, 21]
---------------------------------------
DEBUG    root:machine.py:309 JE 14
TICK: 2257 PC:   8 ADDR:   0 MEM_OUT: 47 ACC: 2 BUFF: 47 DC: 0 FLAG_ZERO: False FLAG_LT: 0 FLAG_GT: 1
INPUT_PORT:  []
OUT_PORT:  []
DATA_MEM:  [47, 21]
---------------------------------------
DEBUG    root:machine.py:309 LD 0
TICK: 2260 PC:   9 ADDR:   0 MEM_OUT: 47 ACC: 2 BUFF: 47 DC: 0 FLAG_ZERO: False FLAG_LT: 0 FLAG_GT: 1
INPUT_PORT:  []
OUT_PORT:  []
DATA_MEM:  [47, 21]
---------------------------------------
DEBUG    root:machine.py:309 MOD 5
TICK: 2264 PC:  10 ADDR:   0 MEM_OUT: 47 ACC: 47 BUFF: 47 DC: 0 FLAG_ZERO: False FLAG_LT: 0 FLAG_GT: 1
INPUT_PORT:  []
OUT_PORT:  []
DATA_MEM:  [47, 21]
---------------------------------------
DEBUG    root:machine.py:309 CMP 0
TICK: 2268 PC:  11 ADDR:   0 MEM_OUT: 47 ACC: 2 BUFF: 47 DC: 0 FLAG_ZERO: False FLAG_LT: 0 FLAG_GT: 1
INPUT_PORT:  []
OUT_PORT:  []
DATA_MEM:  [47, 21]
---------------------------------------
DEBUG    root:machine.py:309 JE 18
TICK: 2271 PC:  12 ADDR:   0 MEM_OUT: 47 ACC: 2 BUFF: 47 DC: 0 FLAG_ZERO: False FLAG_LT: 0 FLAG_GT: 1
INPUT_PORT:  []
OUT_PORT:  []
DATA_MEM:  [47, 21]
---------------------------------------
DEBUG    root:machine.py:309 JMP 0
TICK: 2274 PC:  13 ADDR:   0 MEM_OUT: 47 ACC: 2 BUFF: 47 DC: 0 FLAG_ZERO: False FLAG_LT: 0 FLAG_GT: 1
INPUT_PORT:  []
OUT_PORT:  []
DATA_MEM:  [47, 21]
---------------------------------------
DEBUG    root:machine.py:309 LD 0
TICK: 2277 PC:   0 ADDR:   0 MEM_OUT: 47 ACC: 2 BUFF: 47 DC: 0 FLAG_ZERO: False FLAG_LT: 0 FLAG_GT: 1
INPUT_PORT:  []
OUT_PORT:  []
DATA_MEM:  [47, 21]
---------------------------------------
DEBUG    root:machine.py:309 INC 
TICK: 2281 PC:   1 ADDR:   0 MEM_OUT: 47 ACC: 47 BUFF: 47 DC: 0 FLAG_ZERO: False FLAG_LT: 0 FLAG_GT: 1
INPUT_PORT:  []
OUT_PORT:  []
DATA_MEM:  [47, 21]
---------------------------------------
DEBUG    root:machine.py:309 ST 0
TICK: 2284 PC:   2 ADDR:   0 MEM_OUT: 47 ACC: 48 BUFF: 47 DC: 0 FLAG_ZERO: False FLAG_LT: 0 FLAG_GT: 1
INPUT_PORT:  []
OUT_PORT:  []
DATA_MEM:  [47, 21]
---------------------------------------
DEBUG    root:machine.py:309 CMP 1000
TICK: 2288 PC:   3 ADDR:   0 MEM_OUT: 48 ACC: 48 BUFF: 47 DC: 0 FLAG_ZERO: False FLAG_LT: 0 FLAG_GT: 1
INPUT_PORT:  []
OUT_PORT:  []
DATA_MEM:  [48, 21]
---------------------------------------
DEBUG    root:machine.py:309 JGE 22
TICK: 2291 PC:   4 ADDR:   0 MEM_OUT: 48 ACC: 48 BUFF: 47 DC: 0 FLAG_ZERO: False FLAG_LT: 1 FLAG_GT: 0
INPUT_PORT:  []
OUT_PORT:  []
DATA_MEM:  [48, 21]
---------------------------------------
DEBUG    root:machine.py:309 LD 0
TICK: 2294 PC:   5 ADDR:   0 MEM_OUT: 48 ACC: 48 BUFF: 47 DC: 0 FLAG_ZERO: False FLAG_LT: 1 FLAG_GT: 0
INPUT_PORT:  []
OUT_PORT:  []
DATA_MEM:  [48, 21]
---------------------------------------
DEBUG    root:machine.py:309 MOD 3
TICK: 2298 PC:   6 ADDR:   0 MEM_OUT: 48 ACC: 48 BUFF: 47 DC: 0 FLAG_ZERO: False FLAG_LT: 1 FLAG_GT: 0
INPUT_PORT:  []
OUT_PORT:  []
DATA_MEM:  [48, 21]
---------------------------------------
DEBUG    root:machine.py:309 CMP 0
TICK: 2302 PC:   7 ADDR:   0 MEM_OUT: 48 ACC: 0 BUFF: 48 DC: 0 FLAG_ZERO: False FLAG_LT: 1 FLAG_GT: 0
INPUT_PORT:  []
OUT_PORT:  []
DATA_MEM:  [48, 21]
---------------------------------------
DEBUG    root:machine.py:309 JE 14
TICK: 2305 PC:   8 ADDR:   0 MEM_OUT: 48 ACC: 0 BUFF: 48 DC: 0 FLAG_ZERO: True FLAG_LT: 0 FLAG_GT: 0
INPUT_PORT:  []
OUT_PORT:  []
DATA_MEM:  [48, 21]
---------------------------------------
DEBUG    root:machine.py:309 LD 4
TICK: 2308 PC:  14 ADDR:   0 MEM_OUT: 48 ACC: 0 BUFF: 48 DC: 0 FLAG_ZERO: True FLAG_LT: 0 FLAG_GT: 0
INPUT_PORT:  []
OUT_PORT:  []
DATA_MEM:  [48, 21]
---------------------------------------
DEBUG    root:machine.py:309 INC 
TICK: 2312 PC:  15 ADDR:   1 MEM_OUT: 21 ACC: 21 BUFF: 48 DC: 0 FLAG_ZERO: True FLAG_LT: 0 FLAG_GT: 0
INPUT_PORT:  []
OUT_PORT:  []
DATA_MEM:  [48, 21]
---------------------------------------
DEBUG    root:machine.py:309 ST 4
TICK: 2315 PC:  16 ADDR:   1 MEM_OUT: 21 ACC: 22 BUFF: 48 DC: 0 FLAG_ZERO: True FLAG_LT: 0 FLAG_GT: 0
INPUT_PORT:  []
OUT_PORT:  []
DATA_MEM:  [48, 21]
---------------------------------------
DEBUG    root:machine.py:309 JMP 0
TICK: 2319 PC:  17 ADDR:   1 MEM_OUT: 22 ACC: 22 BUFF: 48 DC: 0 FLAG_ZERO: True FLAG_LT: 0 FLAG_GT: 0
INPUT_PORT:  []
OUT_PORT:  []
DATA_MEM:  [48, 22]
---------------------------------------
DEBUG    root:machine.py:309 LD 0
TICK: 2322 PC:   0 ADDR:   1 MEM_OUT: 22 ACC: 22 BUFF: 48 DC: 0 FLAG_ZERO: True FLAG_LT: 0 FLAG_GT: 0
INPUT_PORT:  []
OUT_PORT:  []
DATA_MEM:  [48, 22]
---------------------------------------
DEBUG    root:machine.py:309 INC 
TICK: 2326 PC:   1 ADDR:   0 MEM_OUT: 48 ACC: 48 BUFF: 48 DC: 0 FLAG_ZERO: True FLAG_LT: 0 FLAG_GT: 0
INPUT_PORT:  []
OUT_PORT:  []
DATA_MEM:  [48, 22]
---------------------------------------
DEBUG    root:machine.py:309 ST 0
TICK: 2329 PC:   2 ADDR:   0 MEM_OUT: 48 ACC: 49 BUFF: 48 DC: 0 FLAG_ZERO: True FLAG_LT: 0 FLAG_GT: 0
INPUT_PORT:  []
OUT_PORT:  []
DATA_MEM:  [48, 22]
---------------------------------------
DEBUG    root:machine.py:309 CMP 1000
TICK: 2333 PC:   3 ADDR:   0 MEM_OUT: 49 ACC: 49 BUFF: 48 DC: 0 FLAG_ZERO: True FLAG_LT: 0 FLAG_GT: 0
INPUT_PORT:  []
OUT_PORT:  []
DATA_MEM:  [49, 22]
---------------------------------------
DEBUG    root:machine.py:309 JGE 22
TICK: 2336 PC:   4 ADDR:   0 MEM_OUT: 49 ACC: 49 BUFF: 48 DC: 0 FLAG_ZERO: False FLAG_LT: 1 FLAG_GT: 0
INPUT_PORT:  []
OUT_PORT:  []
DATA_MEM:  [49, 22]
---------------------------------------
DEBUG    root:machine.py:309 LD 0
TICK: 2339 PC:   5 ADDR:   0 MEM_OUT: 49 ACC: 49 BUFF: 48 DC: 0 FLAG_ZERO: False FLAG_LT: 1 FLAG_GT: 0
INPUT_PORT:  []
OUT_PORT:  []
DATA_MEM:  [49, 22]
---------------------------------------
DEBUG    root:machine.py:309 MOD 3
TICK: 2343 PC:   6 ADDR:   0 MEM_OUT: 49 ACC: 49 BUFF: 48 DC: 0 FLAG_ZERO: False FLAG_LT: 1 FLAG_GT: 0
INPUT_PORT:  []
OUT_PORT:  []
DATA_MEM:  [49, 22]
---------------------------------------
DEBUG    root:machine.py:309 CMP 0
TICK: 2347 PC:   7 ADDR:   0 MEM_OUT: 49 ACC: 1 BUFF: 49 DC: 0 FLAG_ZERO: False FLAG_LT: 1 FLAG_GT: 0
INPUT_PORT:  []
OUT_PORT:  []
DATA_MEM:  [49, 22]
---------------------------------------
DEBUG    root:machine.py:309 JE 14
TICK: 2350 PC:   8 ADDR:   0 MEM_OUT: 49 ACC: 1 BUFF: 49 DC: 0 FLAG_ZERO: False FLAG_LT: 0 FLAG_GT: 1
INPUT_PORT:  []
OUT_PORT:  []
DATA_MEM:  [49, 22]
---------------------------------------
DEBUG    root:machine.py:309 LD 0
TICK: 2353 PC:   9 ADDR:   0 MEM_OUT: 49 ACC: 1 BUFF: 49 DC: 0 FLAG_ZERO: False FLAG_LT: 0 FLAG_GT: 1
INPUT_PORT:  []
OUT_PORT:  []
DATA_MEM:  [49, 22]
---------------------------------------
DEBUG    root:machine.py:309 MOD 5
TICK: 2357 PC:  10 ADDR:   0 MEM_OUT: 49 ACC: 49 BUFF: 49 DC: 0 FLAG_ZERO: False FLAG_LT: 0 FLAG_GT: 1
INPUT_PORT:  []
OUT_PORT:  []
DATA_MEM:  [49, 22]
---------------------------------------
DEBUG    root:machine.py:309 CMP 0
TICK: 2361 PC:  11 ADDR:   0 MEM_OUT: 49 ACC: 4 BUFF: 49 DC: 0 FLAG_ZERO: False FLAG_LT: 0 FLAG_GT: 1
INPUT_PORT:  []
OUT_PORT:  []
DATA_MEM:  [49, 22]
---------------------------------------
DEBUG    root:machine.py:309 JE 18
TICK: 2364 PC:  12 ADDR:   0 MEM_OUT: 49 ACC: 4 BUFF: 49 DC: 0 FLAG_ZERO: False FLAG_LT: 0 FLAG_GT: 1
INPUT_PORT:  []
OUT_PORT:  []
DATA_MEM:  [49, 22]
---------------------------------------
DEBUG    root:machine.py:309 JMP 0
TICK: 2367 PC:  13 ADDR:   0 MEM_OUT: 49 ACC: 4 BUFF: 49 DC: 0 FLAG_ZERO: False FLAG_LT: 0 FLAG_GT: 1
INPUT_PORT:  []
OUT_PORT:  []
DATA_MEM:  [49, 22]
---------------------------------------
DEBUG    root:machine.py:309 LD 0
TICK: 2370 PC:   0 ADDR:   0 MEM_OUT: 49 ACC: 4 BUFF: 49 DC: 0 FLAG_ZERO: False FLAG_LT: 0 FLAG_GT: 1
INPUT_PORT:  []
OUT_PORT:  []
DATA_MEM:  [49, 22]
---------------------------------------
DEBUG    root:machine.py:309 INC 
TICK: 2374 PC:   1 ADDR:   0 MEM_OUT: 49 ACC: 49 BUFF: 49 DC: 0 FLAG_ZERO: False FLAG_LT: 0 FLAG_GT: 1
INPUT_PORT:  []
OUT_PORT:  []
DATA_MEM:  [49, 22]
---------------------------------------
DEBUG    root:machine.py:309 ST 0
TICK: 2377 PC:   2 ADDR:   0 MEM_OUT: 49 ACC: 50 BUFF: 49 DC: 0 FLAG_ZERO: False FLAG_LT: 0 FLAG_GT: 1
INPUT_PORT:  []
OUT_PORT:  []
DATA_MEM:  [49, 22]
---------------------------------------
DEBUG    root:machine.py:309 CMP 1000
TICK: 2381 PC:   3 ADDR:   0 MEM_OUT: 50 ACC: 50 BUFF: 49 DC: 0 FLAG_ZERO: False FLAG_LT: 0 FLAG_GT: 1
INPUT_PORT:  []
OUT_PORT:  []
DATA_MEM:  [50, 22]
---------------------------------------
DEBUG    root:machine.py:309 JGE 22
TICK: 2384 PC:   4 ADDR:   0 MEM_OUT: 50 ACC: 50 BUFF: 49 DC: 0 FLAG_ZERO: False FLAG_LT: 1 FLAG_GT: 0
INPUT_PORT:  []
OUT_PORT:  []
DATA_MEM:  [50, 22]
---------------------------------------
DEBUG    root:machine.py:309 LD 0
TICK: 2387 PC:   5 ADDR:   0 MEM_OUT: 50 ACC: 50 BUFF: 49 DC: 0 FLAG_ZERO: False FLAG_LT: 1 FLAG_GT: 0
INPUT_PORT:  []
OUT_PORT:  []
DATA_MEM:  [50, 22]
---------------------------------------
DEBUG    root:machine.py:309 MOD 3
TICK: 2391 PC:   6 ADDR:   0 MEM_OUT: 50 ACC: 50 BUFF: 49 DC: 0 FLAG_ZERO: False FLAG_LT: 1 FLAG_GT: 0
INPUT_PORT:  []
OUT_PORT:  []
DATA_MEM:  [50, 22]
---------------------------------------
DEBUG    root:machine.py:309 CMP 0
TICK: 2395 PC:   7 ADDR:   0 MEM_OUT: 50 ACC: 2 BUFF: 50 DC: 0 FLAG_ZERO: False FLAG_LT: 1 FLAG_GT: 0
INPUT_PORT:  []
OUT_PORT:  []
DATA_MEM:  [50, 22]
---------------------------------------
DEBUG    root:machine.py:309 JE 14
TICK: 2398 PC:   8 ADDR:   0 MEM_OUT: 50 ACC: 2 BUFF: 50 DC: 0 FLAG_ZERO: False FLAG_LT: 0 FLAG_GT: 1
INPUT_PORT:  []
OUT_PORT:  []
DATA_MEM:  [50, 22]
---------------------------------------
DEBUG    root:machine.py:309 LD 0
TICK: 2401 PC:   9 ADDR:   0 MEM_OUT: 50 ACC: 2 BUFF: 50 DC: 0 FLAG_ZERO: False FLAG_LT: 0 FLAG_GT: 1
INPUT_PORT:  []
OUT_PORT:  []
DATA_MEM:  [50, 22]
---------------------------------------
DEBUG    root:machine.py:309 MOD 5
TICK: 2405 PC:  10 ADDR:   0 MEM_OUT: 50 ACC: 50 BUFF: 50 DC: 0 FLAG_ZERO: False FLAG_LT: 0 FLAG_GT: 1
INPUT_PORT:  []
OUT_PORT:  []
DATA_MEM:  [50, 22]
---------------------------------------
DEBUG    root:machine.py:309 CMP 0
TICK: 2409 PC:  11 ADDR:   0 MEM_OUT: 50 ACC: 0 BUFF: 50 DC: 0 FLAG_ZERO: False FLAG_LT: 0 FLAG_GT: 1
INPUT_PORT:  []
OUT_PORT:  []
DATA_MEM:  [50, 22]
---------------------------------------
DEBUG    root:machine.py:309 JE 18
TICK: 2412 PC:  12 ADDR:   0 MEM_OUT: 50 ACC: 0 BUFF: 50 DC: 0 FLAG_ZERO: True FLAG_LT: 0 FLAG_GT: 0
INPUT_PORT:  []
OUT_PORT:  []
DATA_MEM:  [50, 22]
---------------------------------------
DEBUG    root:machine.py:309 LD 4
TICK: 2415 PC:  18 ADDR:   0 MEM_OUT: 50 ACC: 0 BUFF: 50 DC: 0 FLAG_ZERO: True FLAG_LT: 0 FLAG_GT: 0
INPUT_PORT:  []
OUT_PORT:  []
DATA_MEM:  [50, 22]
---------------------------------------
DEBUG    root:machine.py:309 INC 
TICK: 2419 PC:  19 ADDR:   1 MEM_OUT: 22 ACC: 22 BUFF: 50 DC: 0 FLAG_ZERO: True FLAG_LT: 0 FLAG_GT: 0
INPUT_PORT:  []
OUT_PORT:  []
DATA_MEM:  [50, 22]
---------------------------------------
DEBUG    root:machine.py:309 ST 4
TICK: 2422 PC:  20 ADDR:   1 MEM_OUT: 22 ACC: 23 BUFF: 50 DC: 0 FLAG_ZERO: True FLAG_LT: 0 FLAG_GT: 0
INPUT_PORT:  []
OUT_PORT:  []
DATA_MEM:  [50, 22]
---------------------------------------
DEBUG    root:machine.py:309 JMP 0
TICK: 2426 PC:  21 ADDR:   1 MEM_OUT: 23 ACC: 23 BUFF: 50 DC: 0 FLAG_ZERO: True FLAG_LT: 0 FLAG_GT: 0
INPUT_PORT:  []
OUT_PORT:  []
DATA_MEM:  [50, 23]
---------------------------------------
DEBUG    root:machine.py:309 LD 0
TICK: 2429 PC:   0 ADDR:   1 MEM_OUT: 23 ACC: 23 BUFF: 50 DC: 0 FLAG_ZERO: True FLAG_LT: 0 FLAG_GT: 0
INPUT_PORT:  []
OUT_PORT:  []
DATA_MEM:  [50, 23]
---------------------------------------
DEBUG    root:machine.py:309 INC 
TICK: 2433 PC:   1 ADDR:   0 MEM_OUT: 50 ACC: 50 BUFF: 50 DC: 0 FLAG_ZERO: True FLAG_LT: 0 FLAG_GT: 0
INPUT_PORT:  []
OUT_PORT:  []
DATA_MEM:  [50, 23]
---------------------------------------
DEBUG    root:machine.py:309 ST 0
TICK: 2436 PC:   2 ADDR:   0 MEM_OUT: 50 ACC: 51 BUFF: 50 DC: 0 FLAG_ZERO: True FLAG_LT: 0 FLAG_GT: 0
INPUT_PORT:  []
OUT_PORT:  []
DATA_MEM:  [50, 23]
---------------------------------------
DEBUG    root:machine.py:309 CMP 1000
TICK: 2440 PC:   3 ADDR:   0 MEM_OUT: 51 ACC: 51 BUFF: 50 DC: 0 FLAG_ZERO: True FLAG_LT: 0 FLAG_GT: 0
INPUT_PORT:  []
OUT_PORT:  []
DATA_MEM:  [51, 23]
---------------------------------------
DEBUG    root:machine.py:309 JGE 22
TICK: 2443 PC:   4 ADDR:   0 MEM_OUT: 51 ACC: 51 BUFF: 50 DC: 0 FLAG_ZERO: False FLAG_LT: 1 FLAG_GT: 0
INPUT_PORT:  []
OUT_PORT:  []
DATA_MEM:  [51, 23]
---------------------------------------
DEBUG    root:machine.py:309 LD 0
TICK: 2446 PC:   5 ADDR:   0 MEM_OUT: 51 ACC: 51 BUFF: 50 DC: 0 FLAG_ZERO: False FLAG_LT: 1 FLAG_GT: 0
INPUT_PORT:  []
OUT_PORT:  []
DATA_MEM:  [51, 23]
---------------------------------------
DEBUG    root:machine.py:309 MOD 3
TICK: 2450 PC:   6 ADDR:   0 MEM_OUT: 51 ACC: 51 BUFF: 50 DC: 0 FLAG_ZERO: False FLAG_LT: 1 FLAG_GT: 0
INPUT_PORT:  []
OUT_PORT:  []
DATA_MEM:  [51, 23]
---------------------------------------
DEBUG    root:machine.py:309 CMP 0
TICK: 2454 PC:   7 ADDR:   0 MEM_OUT: 51 ACC: 0 BUFF: 51 DC: 0 FLAG_ZERO: False FLAG_LT: 1 FLAG_GT: 0
INPUT_PORT:  []
OUT_PORT:  []
DATA_MEM:  [51, 23]
---------------------------------------
DEBUG    root:machine.py:309 JE 14
TICK: 2457 PC:   8 ADDR:   0 MEM_OUT: 51 ACC: 0 BUFF: 51 DC: 0 FLAG_ZERO: True FLAG_LT: 0 FLAG_GT: 0
INPUT_PORT:  []
OUT_PORT:  []
DATA_MEM:  [51, 23]
---------------------------------------
DEBUG    root:machine.py:309 LD 4
TICK: 2460 PC:  14 ADDR:   0 MEM_OUT: 51 ACC: 0 BUFF: 51 DC: 0 FLAG_ZERO: True FLAG_LT: 0 FLAG_GT: 0
INPUT_PORT:  []
OUT_PORT:  []
DATA_MEM:  [51, 23]
---------------------------------------
DEBUG    root:machine.py:309 INC 
TICK: 2464 PC:  15 ADDR:   1 MEM_OUT: 23 ACC: 23 BUFF: 51 DC: 0 FLAG_ZERO: True FLAG_LT: 0 FLAG_GT: 0
INPUT_PORT:  []
OUT_PORT:  []
DATA_MEM:  [51, 23]
---------------------------------------
DEBUG    root:machine.py:309 ST 4
TICK: 2467 PC:  16 ADDR:   1 MEM_OUT: 23 ACC: 24 BUFF: 51 DC: 0 FLAG_ZERO: True FLAG_LT: 0 FLAG_GT: 0
INPUT_PORT:  []
OUT_PORT:  []
DATA_MEM:  [51, 23]
---------------------------------------
DEBUG    root:machine.py:309 JMP 0
TICK: 2471 PC:  17 ADDR:   1 MEM_OUT: 24 ACC: 24 BUFF: 51 DC: 0 FLAG_ZERO: True FLAG_LT: 0 FLAG_GT: 0
INPUT_PORT:  []
OUT_PORT:  []
DATA_MEM:  [51, 24]
---------------------------------------
DEBUG    root:machine.py:309 LD 0
TICK: 2474 PC:   0 ADDR:   1 MEM_OUT: 24 ACC: 24 BUFF: 51 DC: 0 FLAG_ZERO: True FLAG_LT: 0 FLAG_GT: 0
INPUT_PORT:  []
OUT_PORT:  []
DATA_MEM:  [51, 24]
---------------------------------------
DEBUG    root:machine.py:309 INC 
TICK: 2478 PC:   1 ADDR:   0 MEM_OUT: 51 ACC: 51 BUFF: 51 DC: 0 FLAG_ZERO: True FLAG_LT: 0 FLAG_GT: 0
INPUT_PORT:  []
OUT_PORT:  []
DATA_MEM:  [51, 24]
---------------------------------------
DEBUG    root:machine.py:309 ST 0
TICK: 2481 PC:   2 ADDR:   0 MEM_OUT: 51 ACC: 52 BUFF: 51 DC: 0 FLAG_ZERO: True FLAG_LT: 0 FLAG_GT: 0
INPUT_PORT:  []
OUT_PORT:  []
DATA_MEM:  [51, 24]
---------------------------------------
DEBUG    root:machine.py:309 CMP 1000
TICK: 2485 PC:   3 ADDR:   0 MEM_OUT: 52 ACC: 52 BUFF: 51 DC: 0 FLAG_ZERO: True FLAG_LT: 0 FLAG_GT: 0
INPUT_PORT:  []
OUT_PORT:  []
DATA_MEM:  [52, 24]
---------------------------------------
DEBUG    root:machine.py:309 JGE 22
TICK: 2488 PC:   4 ADDR:   0 MEM_OUT: 52 ACC: 52 BUFF: 51 DC: 0 FLAG_ZERO: False FLAG_LT: 1 FLAG_GT: 0
INPUT_PORT:  []
OUT_PORT:  []
DATA_MEM:  [52, 24]
---------------------------------------
DEBUG    root:machine.py:309 LD 0
TICK: 2491 PC:   5 ADDR:   0 MEM_OUT: 52 ACC: 52 BUFF: 51 DC: 0 FLAG_ZERO: False FLAG_LT: 1 FLAG_GT: 0
INPUT_PORT:  []
OUT_PORT:  []
DATA_MEM:  [52, 24]
---------------------------------------
DEBUG    root:machine.py:309 MOD 3
TICK: 2495 PC:   6 ADDR:   0 MEM_OUT: 52 ACC: 52 BUFF: 51 DC: 0 FLAG_ZERO: False FLAG_LT: 1 FLAG_GT: 0
INPUT_PORT:  []
OUT_PORT:  []
DATA_MEM:  [52, 24]
---------------------------------------
DEBUG    root:machine.py:309 CMP 0
TICK: 2499 PC:   7 ADDR:   0 MEM_OUT: 52 ACC: 1 BUFF: 52 DC: 0 FLAG_ZERO: False FLAG_LT: 1 FLAG_GT: 0
INPUT_PORT:  []
OUT_PORT:  []
DATA_MEM:  [52, 24]
---------------------------------------
DEBUG    root:machine.py:309 JE 14
TICK: 2502 PC:   8 ADDR:   0 MEM_OUT: 52 ACC: 1 BUFF: 52 DC: 0 FLAG_ZERO: False FLAG_LT: 0 FLAG_GT: 1
INPUT_PORT:  []
OUT_PORT:  []
DATA_MEM:  [52, 24]
---------------------------------------
DEBUG    root:machine.py:309 LD 0
TICK: 2505 PC:   9 ADDR:   0 MEM_OUT: 52 ACC: 1 BUFF: 52 DC: 0 FLAG_ZERO: False FLAG_LT: 0 FLAG_GT: 1
INPUT_PORT:  []
OUT_PORT:  []
DATA_MEM:  [52, 24]
---------------------------------------
DEBUG    root:machine.py:309 MOD 5
TICK: 2509 PC:  10 ADDR:   0 MEM_OUT: 52 ACC: 52 BUFF: 52 DC: 0 FLAG_ZERO: False FLAG_LT: 0 FLAG_GT: 1
INPUT_PORT:  []
OUT_PORT:  []
DATA_MEM:  [52, 24]
---------------------------------------
DEBUG    root:machine.py:309 CMP 0
TICK: 2513 PC:  11 ADDR:   0 MEM_OUT: 52 ACC: 2 BUFF: 52 DC: 0 FLAG_ZERO: False FLAG_LT: 0 FLAG_GT: 1
INPUT_PORT:  []
OUT_PORT:  []
DATA_MEM:  [52, 24]
---------------------------------------
DEBUG    root:machine.py:309 JE 18
TICK: 2516 PC:  12 ADDR:   0 MEM_OUT: 52 ACC: 2 BUFF: 52 DC: 0 FLAG_ZERO: False FLAG_LT: 0 FLAG_GT: 1
INPUT_PORT:  []
OUT_PORT:  []
DATA_MEM:  [52, 24]
---------------------------------------
DEBUG    root:machine.py:309 JMP 0
TICK: 2519 PC:  13 ADDR:   0 MEM_OUT: 52 ACC: 2 BUFF: 52 DC: 0 FLAG_ZERO: False FLAG_LT: 0 FLAG_GT: 1
INPUT_PORT:  []
OUT_PORT:  []
DATA_MEM:  [52, 24]
---------------------------------------
DEBUG    root:machine.py:309 LD 0
TICK: 2522 PC:   0 ADDR:   0 MEM_OUT: 52 ACC: 2 BUFF: 52 DC: 0 FLAG_ZERO: False FLAG_LT: 0 FLAG_GT: 1
INPUT_PORT:  []
OUT_PORT:  []
DATA_MEM:  [52, 24]
---------------------------------------
DEBUG    root:machine.py:309 INC 
TICK: 2526 PC:   1 ADDR:   0 MEM_OUT: 52 ACC: 52 BUFF: 52 DC: 0 FLAG_ZERO: False FLAG_LT: 0 FLAG_GT: 1
INPUT_PORT:  []
OUT_PORT:  []
DATA_MEM:  [52, 24]
---------------------------------------
DEBUG    root:machine.py:309 ST 0
TICK: 2529 PC:   2 ADDR:   0 MEM_OUT: 52 ACC: 53 BUFF: 52 DC: 0 FLAG_ZERO: False FLAG_LT: 0 FLAG_GT: 1
INPUT_PORT:  []
OUT_PORT:  []
DATA_MEM:  [52, 24]
---------------------------------------
DEBUG    root:machine.py:309 CMP 1000
TICK: 2533 PC:   3 ADDR:   0 MEM_OUT: 53 ACC: 53 BUFF: 52 DC: 0 FLAG_ZERO: False FLAG_LT: 0 FLAG_GT: 1
INPUT_PORT:  []
OUT_PORT:  []
DATA_MEM:  [53, 24]
---------------------------------------
DEBUG    root:machine.py:309 JGE 22
TICK: 2536 PC:   4 ADDR:   0 MEM_OUT: 53 ACC: 53 BUFF: 52 DC: 0 FLAG_ZERO: False FLAG_LT: 1 FLAG_GT: 0
INPUT_PORT:  []
OUT_PORT:  []
DATA_MEM:  [53, 24]
---------------------------------------
DEBUG    root:machine.py:309 LD 0
TICK: 2539 PC:   5 ADDR:   0 MEM_OUT: 53 ACC: 53 BUFF: 52 DC: 0 FLAG_ZERO: False FLAG_LT: 1 FLAG_GT: 0
INPUT_PORT:  []
OUT_PORT:  []
DATA_MEM:  [53, 24]
---------------------------------------
DEBUG    root:machine.py:309 MOD 3
TICK: 2543 PC:   6 ADDR:   0 MEM_OUT: 53 ACC: 53 BUFF: 52 DC: 0 FLAG_ZERO: False FLAG_LT: 1 FLAG_GT: 0
INPUT_PORT:  []
OUT_PORT:  []
DATA_MEM:  [53, 24]
---------------------------------------
DEBUG    root:machine.py:309 CMP 0
TICK: 2547 PC:   7 ADDR:   0 MEM_OUT: 53 ACC: 2 BUFF: 53 DC: 0 FLAG_ZERO: False FLAG_LT: 1 FLAG_GT: 0
INPUT_PORT:  []
OUT_PORT:  []
DATA_MEM:  [53, 24]
---------------------------------------
DEBUG    root:machine.py:309 JE 14
TICK: 2550 PC:   8 ADDR:   0 MEM_OUT: 53 ACC: 2 BUFF: 53 DC: 0 FLAG_ZERO: False FLAG_LT: 0 FLAG_GT: 1
INPUT_PORT:  []
OUT_PORT:  []
DATA_MEM:  [53, 24]
---------------------------------------
DEBUG    root:machine.py:309 LD 0
TICK: 2553 PC:   9 ADDR:   0 MEM_OUT: 53 ACC: 2 BUFF: 53 DC: 0 FLAG_ZERO: False FLAG_LT: 0 FLAG_GT: 1
INPUT_PORT:  []
OUT_PORT:  []
DATA_MEM:  [53, 24]
---------------------------------------
DEBUG    root:machine.py:309 MOD 5
TICK: 2557 PC:  10 ADDR:   0 MEM_OUT: 53 ACC: 53 BUFF: 53 DC: 0 FLAG_ZERO: False FLAG_LT: 0 FLAG_GT: 1
INPUT_PORT:  []
OUT_PORT:  []
DATA_MEM:  [53, 24]
---------------------------------------
DEBUG    root:machine.py:309 CMP 0
TICK: 2561 PC:  11 ADDR:   0 MEM_OUT: 53 ACC: 3 BUFF: 53 DC: 0 FLAG_ZERO: False FLAG_LT: 0 FLAG_GT: 1
INPUT_PORT:  []
OUT_PORT:  []
DATA_MEM:  [53, 24]
---------------------------------------
DEBUG    root:machine.py:309 JE 18
TICK: 2564 PC:  12 ADDR:   0 MEM_OUT: 53 ACC: 3 BUFF: 53 DC: 0 FLAG_ZERO: False FLAG_LT: 0 FLAG_GT: 1
INPUT_PORT:  []
OUT_PORT:  []
DATA_MEM:  [53, 24]
---------------------------------------
DEBUG    root:machine.py:309 JMP 0
TICK: 2567 PC:  13 ADDR:   0 MEM_OUT: 53 ACC: 3 BUFF: 53 DC: 0 FLAG_ZERO: False FLAG_LT: 0 FLAG_GT: 1
INPUT_PORT:  []
OUT_PORT:  []
DATA_MEM:  [53, 24]
---------------------------------------
DEBUG    root:machine.py:309 LD 0
TICK: 2570 PC:   0 ADDR:   0 MEM_OUT: 53 ACC: 3 BUFF: 53 DC: 0 FLAG_ZERO: False FLAG_LT: 0 FLAG_GT: 1
INPUT_PORT:  []
OUT_PORT:  []
DATA_MEM:  [53, 24]
---------------------------------------
DEBUG    root:machine.py:309 INC 
TICK: 2574 PC:   1 ADDR:   0 MEM_OUT: 53 ACC: 53 BUFF: 53 DC: 0 FLAG_ZERO: False FLAG_LT: 0 FLAG_GT: 1
INPUT_PORT:  []
OUT_PORT:  []
DATA_MEM:  [53, 24]
---------------------------------------
DEBUG    root:machine.py:309 ST 0
TICK: 2577 PC:   2 ADDR:   0 MEM_OUT: 53 ACC: 54 BUFF: 53 DC: 0 FLAG_ZERO: False FLAG_LT: 0 FLAG_GT: 1
INPUT_PORT:  []
OUT_PORT:  []
DATA_MEM:  [53, 24]
---------------------------------------
DEBUG    root:machine.py:309 CMP 1000
TICK: 2581 PC:   3 ADDR:   0 MEM_OUT: 54 ACC: 54 BUFF: 53 DC: 0 FLAG_ZERO: False FLAG_LT: 0 FLAG_GT: 1
INPUT_PORT:  []
OUT_PORT:  []
DATA_MEM:  [54, 24]
---------------------------------------
DEBUG    root:machine.py:309 JGE 22
TICK: 2584 PC:   4 ADDR:   0 MEM_OUT: 54 ACC: 54 BUFF: 53 DC: 0 FLAG_ZERO: False FLAG_LT: 1 FLAG_GT: 0
INPUT_PORT:  []
OUT_PORT:  []
DATA_MEM:  [54, 24]
---------------------------------------
DEBUG    root:machine.py:309 LD 0
TICK: 2587 PC:   5 ADDR:   0 MEM_OUT: 54 ACC: 54 BUFF: 53 DC: 0 FLAG_ZERO: False FLAG_LT: 1 FLAG_GT: 0
INPUT_PORT:  []
OUT_PORT:  []
DATA_MEM:  [54, 24]
---------------------------------------
DEBUG    root:machine.py:309 MOD 3
TICK: 2591 PC:   6 ADDR:   0 MEM_OUT: 54 ACC: 54 BUFF: 53 DC: 0 FLAG_ZERO: False FLAG_LT: 1 FLAG_GT: 0
INPUT_PORT:  []
OUT_PORT:  []
DATA_MEM:  [54, 24]
---------------------------------------
DEBUG    root:machine.py:309 CMP 0
TICK: 2595 PC:   7 ADDR:   0 MEM_OUT: 54 ACC: 0 BUFF: 54 DC: 0 FLAG_ZERO: False FLAG_LT: 1 FLAG_GT: 0
INPUT_PORT:  []
OUT_PORT:  []
DATA_MEM:  [54, 24]
---------------------------------------
DEBUG    root:machine.py:309 JE 14
TICK: 2598 PC:   8 ADDR:   0 MEM_OUT: 54 ACC: 0 BUFF: 54 DC: 0 FLAG_ZERO: True FLAG_LT: 0 FLAG_GT: 0
INPUT_PORT:  []
OUT_PORT:  []
DATA_MEM:  [54, 24]
---------------------------------------
DEBUG    root:machine.py:309 LD 4
TICK: 2601 PC:  14 ADDR:   0 MEM_OUT: 54 ACC: 0 BUFF: 54 DC: 0 FLAG_ZERO: True FLAG_LT: 0 FLAG_GT: 0
INPUT_PORT:  []
OUT_PORT:  []
DATA_MEM:  [54, 24]
---------------------------------------
DEBUG    root:machine.py:309 INC 
TICK: 2605 PC:  15 ADDR:   1 MEM_OUT: 24 ACC: 24 BUFF: 54 DC: 0 FLAG_ZERO: True FLAG_LT: 0 FLAG_GT: 0
INPUT_PORT:  []
OUT_PORT:  []
DATA_MEM:  [54, 24]
---------------------------------------
DEBUG    root:machine.py:309 ST 4
TICK: 2608 PC:  16 ADDR:   1 MEM_OUT: 24 ACC: 25 BUFF: 54 DC: 0 FLAG_ZERO: True FLAG_LT: 0 FLAG_GT: 0
INPUT_PORT:  []
OUT_PORT:  []
DATA_MEM:  [54, 24]
---------------------------------------
DEBUG    root:machine.py:309 JMP 0
TICK: 2612 PC:  17 ADDR:   1 MEM_OUT: 25 ACC: 25 BUFF: 54 DC: 0 FLAG_ZERO: True FLAG_LT: 0 FLAG_GT: 0
INPUT_PORT:  []
OUT_PORT:  []
DATA_MEM:  [54, 25]
---------------------------------------
DEBUG    root:machine.py:309 LD 0
TICK: 2615 PC:   0 ADDR:   1 MEM_OUT: 25 ACC: 25 BUFF: 54 DC: 0 FLAG_ZERO: True FLAG_LT: 0 FLAG_GT: 0
INPUT_PORT:  []
OUT_PORT:  []
DATA_MEM:  [54, 25]
---------------------------------------
DEBUG    root:machine.py:309 INC 
TICK: 2619 PC:   1 ADDR:   0 MEM_OUT: 54 ACC: 54 BUFF: 54 DC: 0 FLAG_ZERO: True FLAG_LT: 0 FLAG_GT: 0
INPUT_PORT:  []
OUT_PORT:  []
DATA_MEM:  [54, 25]
---------------------------------------
DEBUG    root:machine.py:309 ST 0
TICK: 2622 PC:   2 ADDR:   0 MEM_OUT: 54 ACC: 55 BUFF: 54 DC: 0 FLAG_ZERO: True FLAG_LT: 0 FLAG_GT: 0
INPUT_PORT:  []
OUT_PORT:  []
DATA_MEM:  [54, 25]
---------------------------------------
DEBUG    root:machine.py:309 CMP 1000
TICK: 2626 PC:   3 ADDR:   0 MEM_OUT: 55 ACC: 55 BUFF: 54 DC: 0 FLAG_ZERO: True FLAG_LT: 0 FLAG_GT: 0
INPUT_PORT:  []
OUT_PORT:  []
DATA_MEM:  [55, 25]
---------------------------------------
DEBUG    root:machine.py:309 JGE 22
TICK: 2629 PC:   4 ADDR:   0 MEM_OUT: 55 ACC: 55 BUFF: 54 DC: 0 FLAG_ZERO: False FLAG_LT: 1 FLAG_GT: 0
INPUT_PORT:  []
OUT_PORT:  []
DATA_MEM:  [55, 25]
---------------------------------------
DEBUG    root:machine.py:309 LD 0
TICK: 2632 PC:   5 ADDR:   0 MEM_OUT: 55 ACC: 55 BUFF: 54 DC: 0 FLAG_ZERO: False FLAG_LT: 1 FLAG_GT: 0
INPUT_PORT:  []
OUT_PORT:  []
DATA_MEM:  [55, 25]
---------------------------------------
DEBUG    root:machine.py:309 MOD 3
TICK: 2636 PC:   6 ADDR:   0 MEM_OUT: 55 ACC: 55 BUFF: 54 DC: 0 FLAG_ZERO: False FLAG_LT: 1 FLAG_GT: 0
INPUT_PORT:  []
OUT_PORT:  []
DATA_MEM:  [55, 25]
---------------------------------------
DEBUG    root:machine.py:309 CMP 0
TICK: 2640 PC:   7 ADDR:   0 MEM_OUT: 55 ACC: 1 BUFF: 55 DC: 0 FLAG_ZERO: False FLAG_LT: 1 FLAG_GT: 0
INPUT_PORT:  []
OUT_PORT:  []
DATA_MEM:  [55, 25]
---------------------------------------
DEBUG    root:machine.py:309 JE 14
TICK: 2643 PC:   8 ADDR:   0 MEM_OUT: 55 ACC: 1 BUFF: 55 DC: 0 FLAG_ZERO: False FLAG_LT: 0 FLAG_GT: 1
INPUT_PORT:  []
OUT_PORT:  []
DATA_MEM:  [55, 25]
---------------------------------------
DEBUG    root:machine.py:309 LD 0
TICK: 2646 PC:   9 ADDR:   0 MEM_OUT: 55 ACC: 1 BUFF: 55 DC: 0 FLAG_ZERO: False FLAG_LT: 0 FLAG_GT: 1
INPUT_PORT:  []
OUT_PORT:  []
DATA_MEM:  [55, 25]
---------------------------------------
DEBUG    root:machine.py:309 MOD 5
TICK: 2650 PC:  10 ADDR:   0 MEM_OUT: 55 ACC: 55 BUFF: 55 DC: 0 FLAG_ZERO: False FLAG_LT: 0 FLAG_GT: 1
INPUT_PORT:  []
OUT_PORT:  []
DATA_MEM:  [55, 25]
---------------------------------------
DEBUG    root:machine.py:309 CMP 0
TICK: 2654 PC:  11 ADDR:   0 MEM_OUT: 55 ACC: 0 BUFF: 55 DC: 0 FLAG_ZERO: False FLAG_LT: 0 FLAG_GT: 1
INPUT_PORT:  []
OUT_PORT:  []
DATA_MEM:  [55, 25]
---------------------------------------
DEBUG    root:machine.py:309 JE 18
TICK: 2657 PC:  12 ADDR:   0 MEM_OUT: 55 ACC: 0 BUFF: 55 DC: 0 FLAG_ZERO: True FLAG_LT: 0 FLAG_GT: 0
INPUT_PORT:  []
OUT_PORT:  []
DATA_MEM:  [55, 25]
---------------------------------------
DEBUG    root:machine.py:309 LD 4
TICK: 2660 PC:  18 ADDR:   0 MEM_OUT: 55 ACC: 0 BUFF: 55 DC: 0 FLAG_ZERO: True FLAG_LT: 0 FLAG_GT: 0
INPUT_PORT:  []
OUT_PORT:  []
DATA_MEM:  [55, 25]
---------------------------------------
DEBUG    root:machine.py:309 INC 
TICK: 2664 PC:  19 ADDR:   1 MEM_OUT: 25 ACC: 25 BUFF: 55 DC: 0 FLAG_ZERO: True FLAG_LT: 0 FLAG_GT: 0
INPUT_PORT:  []
OUT_PORT:  []
DATA_MEM:  [55, 25]
---------------------------------------
DEBUG    root:machine.py:309 ST 4
TICK: 2667 PC:  20 ADDR:   1 MEM_OUT: 25 ACC: 26 BUFF: 55 DC: 0 FLAG_ZERO: True FLAG_LT: 0 FLAG_GT: 0
INPUT_PORT:  []
OUT_PORT:  []
DATA_MEM:  [55, 25]
---------------------------------------
DEBUG    root:machine.py:309 JMP 0
TICK: 2671 PC:  21 ADDR:   1 MEM_OUT: 26 ACC: 26 BUFF: 55 DC: 0 FLAG_ZERO: True FLAG_LT: 0 FLAG_GT: 0
INPUT_PORT:  []
OUT_PORT:  []
DATA_MEM:  [55, 26]
---------------------------------------
DEBUG    root:machine.py:309 LD 0
TICK: 2674 PC:   0 ADDR:   1 MEM_OUT: 26 ACC: 26 BUFF: 55 DC: 0 FLAG_ZERO: True FLAG_LT: 0 FLAG_GT: 0
INPUT_PORT:  []
OUT_PORT:  []
DATA_MEM:  [55, 26]
---------------------------------------
DEBUG    root:machine.py:309 INC 
TICK: 2678 PC:   1 ADDR:   0 MEM_OUT: 55 ACC: 55 BUFF: 55 DC: 0 FLAG_ZERO: True FLAG_LT: 0 FLAG_GT: 0
INPUT_PORT:  []
OUT_PORT:  []
DATA_MEM:  [55, 26]
---------------------------------------
DEBUG    root:machine.py:309 ST 0
TICK: 2681 PC:   2 ADDR:   0 MEM_OUT: 55 ACC: 56 BUFF: 55 DC: 0 FLAG_ZERO: True FLAG_LT: 0 FLAG_GT: 0
INPUT_PORT:  []
OUT_PORT:  []
DATA_MEM:  [55, 26]
---------------------------------------
DEBUG    root:machine.py:309 CMP 1000
TICK: 2685 PC:   3 ADDR:   0 MEM_OUT: 56 ACC: 56 BUFF: 55 DC: 0 FLAG_ZERO: True FLAG_LT: 0 FLAG_GT: 0
INPUT_PORT:  []
OUT_PORT:  []
DATA_MEM:  [56, 26]
---------------------------------------
DEBUG    root:machine.py:309 JGE 22
TICK: 2688 PC:   4 ADDR:   0 MEM_OUT: 56 ACC: 56 BUFF: 55 DC: 0 FLAG_ZERO: False FLAG_LT: 1 FLAG_GT: 0
INPUT_PORT:  []
OUT_PORT:  []
DATA_MEM:  [56, 26]
---------------------------------------
DEBUG    root:machine.py:309 LD 0
TICK: 2691 PC:   5 ADDR:   0 MEM_OUT: 56 ACC: 56 BUFF: 55 DC: 0 FLAG_ZERO: False FLAG_LT: 1 FLAG_GT: 0
INPUT_PORT:  []
OUT_PORT:  []
DATA_MEM:  [56, 26]
---------------------------------------
DEBUG    root:machine.py:309 MOD 3
TICK: 2695 PC:   6 ADDR:   0 MEM_OUT: 56 ACC: 56 BUFF: 55 DC: 0 FLAG_ZERO: False FLAG_LT: 1 FLAG_GT: 0
INPUT_PORT:  []
OUT_PORT:  []
DATA_MEM:  [56, 26]
---------------------------------------
DEBUG    root:machine.py:309 CMP 0
TICK: 2699 PC:   7 ADDR:   0 MEM_OUT: 56 ACC: 2 BUFF: 56 DC: 0 FLAG_ZERO: False FLAG_LT: 1 FLAG_GT: 0
INPUT_PORT:  []
OUT_PORT:  []
DATA_MEM:  [56, 26]
---------------------------------------
DEBUG    root:machine.py:309 JE 14
TICK: 2702 PC:   8 ADDR:   0 MEM_OUT: 56 ACC: 2 BUFF: 56 DC: 0 FLAG_ZERO: False FLAG_LT: 0 FLAG_GT: 1
INPUT_PORT:  []
OUT_PORT:  []
DATA_MEM:  [56, 26]
---------------------------------------
DEBUG    root:machine.py:309 LD 0
TICK: 2705 PC:   9 ADDR:   0 MEM_OUT: 56 ACC: 2 BUFF: 56 DC: 0 FLAG_ZERO: False FLAG_LT: 0 FLAG_GT: 1
INPUT_PORT:  []
OUT_PORT:  []
DATA_MEM:  [56, 26]
---------------------------------------
DEBUG    root:machine.py:309 MOD 5
TICK: 2709 PC:  10 ADDR:   0 MEM_OUT: 56 ACC: 56 BUFF: 56 DC: 0 FLAG_ZERO: False FLAG_LT: 0 FLAG_GT: 1
INPUT_PORT:  []
OUT_PORT:  []
DATA_MEM:  [56, 26]
---------------------------------------
DEBUG    root:machine.py:309 CMP 0
TICK: 2713 PC:  11 ADDR:   0 MEM_OUT: 56 ACC: 1 BUFF: 56 DC: 0 FLAG_ZERO: False FLAG_LT: 0 FLAG_GT: 1
INPUT_PORT:  []
OUT_PORT:  []
DATA_MEM:  [56, 26]
---------------------------------------
DEBUG    root:machine.py:309 JE 18
TICK: 2716 PC:  12 ADDR:   0 MEM_OUT: 56 ACC: 1 BUFF: 56 DC: 0 FLAG_ZERO: False FLAG_LT: 0 FLAG_GT: 1
INPUT_PORT:  []
OUT_PORT:  []
DATA_MEM:  [56, 26]
---------------------------------------
DEBUG    root:machine.py:309 JMP 0
TICK: 2719 PC:  13 ADDR:   0 MEM_OUT: 56 ACC: 1 BUFF: 56 DC: 0 FLAG_ZERO: False FLAG_LT: 0 FLAG_GT: 1
INPUT_PORT:  []
OUT_PORT:  []
DATA_MEM:  [56, 26]
---------------------------------------
DEBUG    root:machine.py:309 LD 0
TICK: 2722 PC:   0 ADDR:   0 MEM_OUT: 56 ACC: 1 BUFF: 56 DC: 0 FLAG_ZERO: False FLAG_LT: 0 FLAG_GT: 1
INPUT_PORT:  []
OUT_PORT:  []
DATA_MEM:  [56, 26]
---------------------------------------
DEBUG    root:machine.py:309 INC 
TICK: 2726 PC:   1 ADDR:   0 MEM_OUT: 56 ACC: 56 BUFF: 56 DC: 0 FLAG_ZERO: False FLAG_LT: 0 FLAG_GT: 1
INPUT_PORT:  []
OUT_PORT:  []
DATA_MEM:  [56, 26]
---------------------------------------
DEBUG    root:machine.py:309 ST 0
TICK: 2729 PC:   2 ADDR:   0 MEM_OUT: 56 ACC: 57 BUFF: 56 DC: 0 FLAG_ZERO: False FLAG_LT: 0 FLAG_GT: 1
INPUT_PORT:  []
OUT_PORT:  []
DATA_MEM:  [56, 26]
---------------------------------------
DEBUG    root:machine.py:309 CMP 1000
TICK: 2733 PC:   3 ADDR:   0 MEM_OUT: 57 ACC: 57 BUFF: 56 DC: 0 FLAG_ZERO: False FLAG_LT: 0 FLAG_GT: 1
INPUT_PORT:  []
OUT_PORT:  []
DATA_MEM:  [57, 26]
---------------------------------------
DEBUG    root:machine.py:309 JGE 22
TICK: 2736 PC:   4 ADDR:   0 MEM_OUT: 57 ACC: 57 BUFF: 56 DC: 0 FLAG_ZERO: False FLAG_LT: 1 FLAG_GT: 0
INPUT_PORT:  []
OUT_PORT:  []
DATA_MEM:  [57, 26]
---------------------------------------
DEBUG    root:machine.py:309 LD 0
TICK: 2739 PC:   5 ADDR:   0 MEM_OUT: 57 ACC: 57 BUFF: 56 DC: 0 FLAG_ZERO: False FLAG_LT: 1 FLAG_GT: 0
INPUT_PORT:  []
OUT_PORT:  []
DATA_MEM:  [57, 26]
---------------------------------------
DEBUG    root:machine.py:309 MOD 3
TICK: 2743 PC:   6 ADDR:   0 MEM_OUT: 57 ACC: 57 BUFF: 56 DC: 0 FLAG_ZERO: False FLAG_LT: 1 FLAG_GT: 0
INPUT_PORT:  []
OUT_PORT:  []
DATA_MEM:  [57, 26]
---------------------------------------
DEBUG    root:machine.py:309 CMP 0
TICK: 2747 PC:   7 ADDR:   0 MEM_OUT: 57 ACC: 0 BUFF: 57 DC: 0 FLAG_ZERO: False FLAG_LT: 1 FLAG_GT: 0
INPUT_PORT:  []
OUT_PORT:  []
DATA_MEM:  [57, 26]
---------------------------------------
DEBUG    root:machine.py:309 JE 14
TICK: 2750 PC:   8 ADDR:   0 MEM_OUT: 57 ACC: 0 BUFF: 57 DC: 0 FLAG_ZERO: True FLAG_LT: 0 FLAG_GT: 0
INPUT_PORT:  []
OUT_PORT:  []
DATA_MEM:  [57, 26]
---------------------------------------
DEBUG    root:machine.py:309 LD 4
TICK: 2753 PC:  14 ADDR:   0 MEM_OUT: 57 ACC: 0 BUFF: 57 DC: 0 FLAG_ZERO: True FLAG_LT: 0 FLAG_GT: 0
INPUT_PORT:  []
OUT_PORT:  []
DATA_MEM:  [57, 26]
---------------------------------------
DEBUG    root:machine.py:309 INC 
TICK: 2757 PC:  15 ADDR:   1 MEM_OUT: 26 ACC: 26 BUFF: 57 DC: 0 FLAG_ZERO: True FLAG_LT: 0 FLAG_GT: 0
INPUT_PORT:  []
OUT_PORT:  []
DATA_MEM:  [57, 26]
---------------------------------------
DEBUG    root:machine.py:309 ST 4
TICK: 2760 PC:  16 ADDR:   1 MEM_OUT: 26 ACC: 27 BUFF: 57 DC: 0 FLAG_ZERO: True FLAG_LT: 0 FLAG_GT: 0
INPUT_PORT:  []
OUT_PORT:  []
DATA_MEM:  [57, 26]
---------------------------------------
DEBUG    root:machine.py:309 JMP 0
TICK: 2764 PC:  17 ADDR:   1 MEM_OUT: 27 ACC: 27 BUFF: 57 DC: 0 FLAG_ZERO: True FLAG_LT: 0 FLAG_GT: 0
INPUT_PORT:  []
OUT_PORT:  []
DATA_MEM:  [57, 27]
---------------------------------------
DEBUG    root:machine.py:309 LD 0
TICK: 2767 PC:   0 ADDR:   1 MEM_OUT: 27 ACC: 27 BUFF: 57 DC: 0 FLAG_ZERO: True FLAG_LT: 0 FLAG_GT: 0
INPUT_PORT:  []
OUT_PORT:  []
DATA_MEM:  [57, 27]
---------------------------------------
DEBUG    root:machine.py:309 INC 
TICK: 2771 PC:   1 ADDR:   0 MEM_OUT: 57 ACC: 57 BUFF: 57 DC: 0 FLAG_ZERO: True FLAG_LT: 0 FLAG_GT: 0
INPUT_PORT:  []
OUT_PORT:  []
DATA_MEM:  [57, 27]
---------------------------------------
DEBUG    root:machine.py:309 ST 0
TICK: 2774 PC:   2 ADDR:   0 MEM_OUT: 57 ACC: 58 BUFF: 57 DC: 0 FLAG_ZERO: True FLAG_LT: 0 FLAG_GT: 0
INPUT_PORT:  []
OUT_PORT:  []
DATA_MEM:  [57, 27]
---------------------------------------
DEBUG    root:machine.py:309 CMP 1000
TICK: 2778 PC:   3 ADDR:   0 MEM_OUT: 58 ACC: 58 BUFF: 57 DC: 0 FLAG_ZERO: True FLAG_LT: 0 FLAG_GT: 0
INPUT_PORT:  []
OUT_PORT:  []
DATA_MEM:  [58, 27]
---------------------------------------
DEBUG    root:machine.py:309 JGE 22
TICK: 2781 PC:   4 ADDR:   0 MEM_OUT: 58 ACC: 58 BUFF: 57 DC: 0 FLAG_ZERO: False FLAG_LT: 1 FLAG_GT: 0
INPUT_PORT:  []
OUT_PORT:  []
DATA_MEM:  [58, 27]
---------------------------------------
DEBUG    root:machine.py:309 LD 0
TICK: 2784 PC:   5 ADDR:   0 MEM_OUT: 58 ACC: 58 BUFF: 57 DC: 0 FLAG_ZERO: False FLAG_LT: 1 FLAG_GT: 0
INPUT_PORT:  []
OUT_PORT:  []
DATA_MEM:  [58, 27]
---------------------------------------
DEBUG    root:machine.py:309 MOD 3
TICK: 2788 PC:   6 ADDR:   0 MEM_OUT: 58 ACC: 58 BUFF: 57 DC: 0 FLAG_ZERO: False FLAG_LT: 1 FLAG_GT: 0
INPUT_PORT:  []
OUT_PORT:  []
DATA_MEM:  [58, 27]
---------------------------------------
DEBUG    root:machine.py:309 CMP 0
TICK: 2792 PC:   7 ADDR:   0 MEM_OUT: 58 ACC: 1 BUFF: 58 DC: 0 FLAG_ZERO: False FLAG_LT: 1 FLAG_GT: 0
INPUT_PORT:  []
OUT_PORT:  []
DATA_MEM:  [58, 27]
---------------------------------------
DEBUG    root:machine.py:309 JE 14
TICK: 2795 PC:   8 ADDR:   0 MEM_OUT: 58 ACC: 1 BUFF: 58 DC: 0 FLAG_ZERO: False FLAG_LT: 0 FLAG_GT: 1
INPUT_PORT:  []
OUT_PORT:  []
DATA_MEM:  [58, 27]
---------------------------------------
DEBUG    root:machine.py:309 LD 0
TICK: 2798 PC:   9 ADDR:   0 MEM_OUT: 58 ACC: 1 BUFF: 58 DC: 0 FLAG_ZERO: False FLAG_LT: 0 FLAG_GT: 1
INPUT_PORT:  []
OUT_PORT:  []
DATA_MEM:  [58, 27]
---------------------------------------
DEBUG    root:machine.py:309 MOD 5
TICK: 2802 PC:  10 ADDR:   0 MEM_OUT: 58 ACC: 58 BUFF: 58 DC: 0 FLAG_ZERO: False FLAG_LT: 0 FLAG_GT: 1
INPUT_PORT:  []
OUT_PORT:  []
DATA_MEM:  [58, 27]
---------------------------------------
DEBUG    root:machine.py:309 CMP 0
TICK: 2806 PC:  11 ADDR:   0 MEM_OUT: 58 ACC: 3 BUFF: 58 DC: 0 FLAG_ZERO: False FLAG_LT: 0 FLAG_GT: 1
INPUT_PORT:  []
OUT_PORT:  []
DATA_MEM:  [58, 27]
---------------------------------------
DEBUG    root:machine.py:309 JE 18
TICK: 2809 PC:  12 ADDR:   0 MEM_OUT: 58 ACC: 3 BUFF: 58 DC: 0 FLAG_ZERO: False FLAG_LT: 0 FLAG_GT: 1
INPUT_PORT:  []
OUT_PORT:  []
DATA_MEM:  [58, 27]
---------------------------------------
DEBUG    root:machine.py:309 JMP 0
TICK: 2812 PC:  13 ADDR:   0 MEM_OUT: 58 ACC: 3 BUFF: 58 DC: 0 FLAG_ZERO: False FLAG_LT: 0 FLAG_GT: 1
INPUT_PORT:  []
OUT_PORT:  []
DATA_MEM:  [58, 27]
---------------------------------------
DEBUG    root:machine.py:309 LD 0
TICK: 2815 PC:   0 ADDR:   0 MEM_OUT: 58 ACC: 3 BUFF: 58 DC: 0 FLAG_ZERO: False FLAG_LT: 0 FLAG_GT: 1
INPUT_PORT:  []
OUT_PORT:  []
DATA_MEM:  [58, 27]
---------------------------------------
DEBUG    root:machine.py:309 INC 
TICK: 2819 PC:   1 ADDR:   0 MEM_OUT: 58 ACC: 58 BUFF: 58 DC: 0 FLAG_ZERO: False FLAG_LT: 0 FLAG_GT: 1
INPUT_PORT:  []
OUT_PORT:  []
DATA_MEM:  [58, 27]
---------------------------------------
DEBUG    root:machine.py:309 ST 0
TICK: 2822 PC:   2 ADDR:   0 MEM_OUT: 58 ACC: 59 BUFF: 58 DC: 0 FLAG_ZERO: False FLAG_LT: 0 FLAG_GT: 1
INPUT_PORT:  []
OUT_PORT:  []
DATA_MEM:  [58, 27]
---------------------------------------
DEBUG    root:machine.py:309 CMP 1000
TICK: 2826 PC:   3 ADDR:   0 MEM_OUT: 59 ACC: 59 BUFF: 58 DC: 0 FLAG_ZERO: False FLAG_LT: 0 FLAG_GT: 1
INPUT_PORT:  []
OUT_PORT:  []
DATA_MEM:  [59, 27]
---------------------------------------
DEBUG    root:machine.py:309 JGE 22
TICK: 2829 PC:   4 ADDR:   0 MEM_OUT: 59 ACC: 59 BUFF: 58 DC: 0 FLAG_ZERO: False FLAG_LT: 1 FLAG_GT: 0
INPUT_PORT:  []
OUT_PORT:  []
DATA_MEM:  [59, 27]
---------------------------------------
DEBUG    root:machine.py:309 LD 0
TICK: 2832 PC:   5 ADDR:   0 MEM_OUT: 59 ACC: 59 BUFF: 58 DC: 0 FLAG_ZERO: False FLAG_LT: 1 FLAG_GT: 0
INPUT_PORT:  []
OUT_PORT:  []
DATA_MEM:  [59, 27]
---------------------------------------
DEBUG    root:machine.py:309 MOD 3
TICK: 2836 PC:   6 ADDR:   0 MEM_OUT: 59 ACC: 59 BUFF: 58 DC: 0 FLAG_ZERO: False FLAG_LT: 1 FLAG_GT: 0
INPUT_PORT:  []
OUT_PORT:  []
DATA_MEM:  [59, 27]
---------------------------------------
DEBUG    root:machine.py:309 CMP 0
TICK: 2840 PC:   7 ADDR:   0 MEM_OUT: 59 ACC: 2 BUFF: 59 DC: 0 FLAG_ZERO: False FLAG_LT: 1 FLAG_GT: 0
INPUT_PORT:  []
OUT_PORT:  []
DATA_MEM:  [59, 27]
---------------------------------------
DEBUG    root:machine.py:309 JE 14
TICK: 2843 PC:   8 ADDR:   0 MEM_OUT: 59 ACC: 2 BUFF: 59 DC: 0 FLAG_ZERO: False FLAG_LT: 0 FLAG_GT: 1
INPUT_PORT:  []
OUT_PORT:  []
DATA_MEM:  [59, 27]
---------------------------------------
DEBUG    root:machine.py:309 LD 0
TICK: 2846 PC:   9 ADDR:   0 MEM_OUT: 59 ACC: 2 BUFF: 59 DC: 0 FLAG_ZERO: False FLAG_LT: 0 FLAG_GT: 1
INPUT_PORT:  []
OUT_PORT:  []
DATA_MEM:  [59, 27]
---------------------------------------
DEBUG    root:machine.py:309 MOD 5
TICK: 2850 PC:  10 ADDR:   0 MEM_OUT: 59 ACC: 59 BUFF: 59 DC: 0 FLAG_ZERO: False FLAG_LT: 0 FLAG_GT: 1
INPUT_PORT:  []
OUT_PORT:  []
DATA_MEM:  [59, 27]
---------------------------------------
DEBUG    root:machine.py:309 CMP 0
TICK: 2854 PC:  11 ADDR:   0 MEM_OUT: 59 ACC: 4 BUFF: 59 DC: 0 FLAG_ZERO: False FLAG_LT: 0 FLAG_GT: 1
INPUT_PORT:  []
OUT_PORT:  []
DATA_MEM:  [59, 27]
---------------------------------------
DEBUG    root:machine.py:309 JE 18
TICK: 2857 PC:  12 ADDR:   0 MEM_OUT: 59 ACC: 4 BUFF: 59 DC: 0 FLAG_ZERO: False FLAG_LT: 0 FLAG_GT: 1
INPUT_PORT:  []
OUT_PORT:  []
DATA_MEM:  [59, 27]
---------------------------------------
DEBUG    root:machine.py:309 JMP 0
TICK: 2860 PC:  13 ADDR:   0 MEM_OUT: 59 ACC: 4 BUFF: 59 DC: 0 FLAG_ZERO: False FLAG_LT: 0 FLAG_GT: 1
INPUT_PORT:  []
OUT_PORT:  []
DATA_MEM:  [59, 27]
---------------------------------------
DEBUG    root:machine.py:309 LD 0
TICK: 2863 PC:   0 ADDR:   0 MEM_OUT: 59 ACC: 4 BUFF: 59 DC: 0 FLAG_ZERO: False FLAG_LT: 0 FLAG_GT: 1
INPUT_PORT:  []
OUT_PORT:  []
DATA_MEM:  [59, 27]
---------------------------------------
DEBUG    root:machine.py:309 INC 
TICK: 2867 PC:   1 ADDR:   0 MEM_OUT: 59 ACC: 59 BUFF: 59 DC: 0 FLAG_ZERO: False FLAG_LT: 0 FLAG_GT: 1
INPUT_PORT:  []
OUT_PORT:  []
DATA_MEM:  [59, 27]
---------------------------------------
DEBUG    root:machine.py:309 ST 0
TICK: 2870 PC:   2 ADDR:   0 MEM_OUT: 59 ACC: 60 BUFF: 59 DC: 0 FLAG_ZERO: False FLAG_LT: 0 FLAG_GT: 1
INPUT_PORT:  []
OUT_PORT:  []
DATA_MEM:  [59, 27]
---------------------------------------
DEBUG    root:machine.py:309 CMP 1000
TICK: 2874 PC:   3 ADDR:   0 MEM_OUT: 60 ACC: 60 BUFF: 59 DC: 0 FLAG_ZERO: False FLAG_LT: 0 FLAG_GT: 1
INPUT_PORT:  []
OUT_PORT:  []
DATA_MEM:  [60, 27]
---------------------------------------
DEBUG    root:machine.py:309 JGE 22
TICK: 2877 PC:   4 ADDR:   0 MEM_OUT: 60 ACC: 60 BUFF: 59 DC: 0 FLAG_ZERO: False FLAG_LT: 1 FLAG_GT: 0
INPUT_PORT:  []
OUT_PORT:  []
DATA_MEM:  [60, 27]
---------------------------------------
DEBUG    root:machine.py:309 LD 0
TICK: 2880 PC:   5 ADDR:   0 MEM_OUT: 60 ACC: 60 BUFF: 59 DC: 0 FLAG_ZERO: False FLAG_LT: 1 FLAG_GT: 0
INPUT_PORT:  []
OUT_PORT:  []
DATA_MEM:  [60, 27]
---------------------------------------
DEBUG    root:machine.py:309 MOD 3
TICK: 2884 PC:   6 ADDR:   0 MEM_OUT: 60 ACC: 60 BUFF: 59 DC: 0 FLAG_ZERO: False FLAG_LT: 1 FLAG_GT: 0
INPUT_PORT:  []
OUT_PORT:  []
DATA_MEM:  [60, 27]
---------------------------------------
DEBUG    root:machine.py:309 CMP 0
TICK: 2888 PC:   7 ADDR:   0 MEM_OUT: 60 ACC: 0 BUFF: 60 DC: 0 FLAG_ZERO: False FLAG_LT: 1 FLAG_GT: 0
INPUT_PORT:  []
OUT_PORT:  []
DATA_MEM:  [60, 27]
---------------------------------------
DEBUG    root:machine.py:309 JE 14
TICK: 2891 PC:   8 ADDR:   0 MEM_OUT: 60 ACC: 0 BUFF: 60 DC: 0 FLAG_ZERO: True FLAG_LT: 0 FLAG_GT: 0
INPUT_PORT:  []
OUT_PORT:  []
DATA_MEM:  [60, 27]
---------------------------------------
DEBUG    root:machine.py:309 LD 4
TICK: 2894 PC:  14 ADDR:   0 MEM_OUT: 60 ACC: 0 BUFF: 60 DC: 0 FLAG_ZERO: True FLAG_LT: 0 FLAG_GT: 0
INPUT_PORT:  []
OUT_PORT:  []
DATA_MEM:  [60, 27]
---------------------------------------
DEBUG    root:machine.py:309 INC 
TICK: 2898 PC:  15 ADDR:   1 MEM_OUT: 27 ACC: 27 BUFF: 60 DC: 0 FLAG_ZERO: True FLAG_LT: 0 FLAG_GT: 0
INPUT_PORT:  []
OUT_PORT:  []
DATA_MEM:  [60, 27]
---------------------------------------
DEBUG    root:machine.py:309 ST 4
TICK: 2901 PC:  16 ADDR:   1 MEM_OUT: 27 ACC: 28 BUFF: 60 DC: 0 FLAG_ZERO: True FLAG_LT: 0 FLAG_GT: 0
INPUT_PORT:  []
OUT_PORT:  []
DATA_MEM:  [60, 27]
---------------------------------------
DEBUG    root:machine.py:309 JMP 0
TICK: 2905 PC:  17 ADDR:   1 MEM_OUT: 28 ACC: 28 BUFF: 60 DC: 0 FLAG_ZERO: True FLAG_LT: 0 FLAG_GT: 0
INPUT_PORT:  []
OUT_PORT:  []
DATA_MEM:  [60, 28]
---------------------------------------
DEBUG    root:machine.py:309 LD 0
TICK: 2908 PC:   0 ADDR:   1 MEM_OUT: 28 ACC: 28 BUFF: 60 DC: 0 FLAG_ZERO: True FLAG_LT: 0 FLAG_GT: 0
INPUT_PORT:  []
OUT_PORT:  []
DATA_MEM:  [60, 28]
---------------------------------------
DEBUG    root:machine.py:309 INC 
TICK: 2912 PC:   1 ADDR:   0 MEM_OUT: 60 ACC: 60 BUFF: 60 DC: 0 FLAG_ZERO: True FLAG_LT: 0 FLAG_GT: 0
INPUT_PORT:  []
OUT_PORT:  []
DATA_MEM:  [60, 28]
---------------------------------------
DEBUG    root:machine.py:309 ST 0
TICK: 2915 PC:   2 ADDR:   0 MEM_OUT: 60 ACC: 61 BUFF: 60 DC: 0 FLAG_ZERO: True FLAG_LT: 0 FLAG_GT: 0
INPUT_PORT:  []
OUT_PORT:  []
DATA_MEM:  [60, 28]
---------------------------------------
DEBUG    root:machine.py:309 CMP 1000
TICK: 2919 PC:   3 ADDR:   0 MEM_OUT: 61 ACC: 61 BUFF: 60 DC: 0 FLAG_ZERO: True FLAG_LT: 0 FLAG_GT: 0
INPUT_PORT:  []
OUT_PORT:  []
DATA_MEM:  [61, 28]
---------------------------------------
DEBUG    root:machine.py:309 JGE 22
TICK: 2922 PC:   4 ADDR:   0 MEM_OUT: 61 ACC: 61 BUFF: 60 DC: 0 FLAG_ZERO: False FLAG_LT: 1 FLAG_GT: 0
INPUT_PORT:  []
OUT_PORT:  []
DATA_MEM:  [61, 28]
---------------------------------------
DEBUG    root:machine.py:309 LD 0
TICK: 2925 PC:   5 ADDR:   0 MEM_OUT: 61 ACC: 61 BUFF: 60 DC: 0 FLAG_ZERO: False FLAG_LT: 1 FLAG_GT: 0
INPUT_PORT:  []
OUT_PORT:  []
DATA_MEM:  [61, 28]
---------------------------------------
DEBUG    root:machine.py:309 MOD 3
TICK: 2929 PC:   6 ADDR:   0 MEM_OUT: 61 ACC: 61 BUFF: 60 DC: 0 FLAG_ZERO: False FLAG_LT: 1 FLAG_GT: 0
INPUT_PORT:  []
OUT_PORT:  []
DATA_MEM:  [61, 28]
---------------------------------------
DEBUG    root:machine.py:309 CMP 0
TICK: 2933 PC:   7 ADDR:   0 MEM_OUT: 61 ACC: 1 BUFF: 61 DC: 0 FLAG_ZERO: False FLAG_LT: 1 FLAG_GT: 0
INPUT_PORT:  []
OUT_PORT:  []
DATA_MEM:  [61, 28]
---------------------------------------
DEBUG    root:machine.py:309 JE 14
TICK: 2936 PC:   8 ADDR:   0 MEM_OUT: 61 ACC: 1 BUFF: 61 DC: 0 FLAG_ZERO: False FLAG_LT: 0 FLAG_GT: 1
INPUT_PORT:  []
OUT_PORT:  []
DATA_MEM:  [61, 28]
---------------------------------------
DEBUG    root:machine.py:309 LD 0
TICK: 2939 PC:   9 ADDR:   0 MEM_OUT: 61 ACC: 1 BUFF: 61 DC: 0 FLAG_ZERO: False FLAG_LT: 0 FLAG_GT: 1
INPUT_PORT:  []
OUT_PORT:  []
DATA_MEM:  [61, 28]
---------------------------------------
DEBUG    root:machine.py:309 MOD 5
TICK: 2943 PC:  10 ADDR:   0 MEM_OUT: 61 ACC: 61 BUFF: 61 DC: 0 FLAG_ZERO: False FLAG_LT: 0 FLAG_GT: 1
INPUT_PORT:  []
OUT_PORT:  []
DATA_MEM:  [61, 28]
---------------------------------------
DEBUG    root:machine.py:309 CMP 0
TICK: 2947 PC:  11 ADDR:   0 MEM_OUT: 61 ACC: 1 BUFF: 61 DC: 0 FLAG_ZERO: False FLAG_LT: 0 FLAG_GT: 1
INPUT_PORT:  []
OUT_PORT:  []
DATA_MEM:  [61, 28]
---------------------------------------
DEBUG    root:machine.py:309 JE 18
TICK: 2950 PC:  12 ADDR:   0 MEM_OUT: 61 ACC: 1 BUFF: 61 DC: 0 FLAG_ZERO: False FLAG_LT: 0 FLAG_GT: 1
INPUT_PORT:  []
OUT_PORT:  []
DATA_MEM:  [61, 28]
---------------------------------------
DEBUG    root:machine.py:309 JMP 0
TICK: 2953 PC:  13 ADDR:   0 MEM_OUT: 61 ACC: 1 BUFF: 61 DC: 0 FLAG_ZERO: False FLAG_LT: 0 FLAG_GT: 1
INPUT_PORT:  []
OUT_PORT:  []
DATA_MEM:  [61, 28]
---------------------------------------
DEBUG    root:machine.py:309 LD 0
TICK: 2956 PC:   0 ADDR:   0 MEM_OUT: 61 ACC: 1 BUFF: 61 DC: 0 FLAG_ZERO: False FLAG_LT: 0 FLAG_GT: 1
INPUT_PORT:  []
OUT_PORT:  []
DATA_MEM:  [61, 28]
---------------------------------------
DEBUG    root:machine.py:309 INC 
TICK: 2960 PC:   1 ADDR:   0 MEM_OUT: 61 ACC: 61 BUFF: 61 DC: 0 FLAG_ZERO: False FLAG_LT: 0 FLAG_GT: 1
INPUT_PORT:  []
OUT_PORT:  []
DATA_MEM:  [61, 28]
---------------------------------------
DEBUG    root:machine.py:309 ST 0
TICK: 2963 PC:   2 ADDR:   0 MEM_OUT: 61 ACC: 62 BUFF: 61 DC: 0 FLAG_ZERO: False FLAG_LT: 0 FLAG_GT: 1
INPUT_PORT:  []
OUT_PORT:  []
DATA_MEM:  [61, 28]
---------------------------------------
DEBUG    root:machine.py:309 CMP 1000
TICK: 2967 PC:   3 ADDR:   0 MEM_OUT: 62 ACC: 62 BUFF: 61 DC: 0 FLAG_ZERO: False FLAG_LT: 0 FLAG_GT: 1
INPUT_PORT:  []
OUT_PORT:  []
DATA_MEM:  [62, 28]
---------------------------------------
DEBUG    root:machine.py:309 JGE 22
TICK: 2970 PC:   4 ADDR:   0 MEM_OUT: 62 ACC: 62 BUFF: 61 DC: 0 FLAG_ZERO: False FLAG_LT: 1 FLAG_GT: 0
INPUT_PORT:  []
OUT_PORT:  []
DATA_MEM:  [62, 28]
---------------------------------------
DEBUG    root:machine.py:309 LD 0
TICK: 2973 PC:   5 ADDR:   0 MEM_OUT: 62 ACC: 62 BUFF: 61 DC: 0 FLAG_ZERO: False FLAG_LT: 1 FLAG_GT: 0
INPUT_PORT:  []
OUT_PORT:  []
DATA_MEM:  [62, 28]
---------------------------------------
DEBUG    root:machine.py:309 MOD 3
TICK: 2977 PC:   6 ADDR:   0 MEM_OUT: 62 ACC: 62 BUFF: 61 DC: 0 FLAG_ZERO: False FLAG_LT: 1 FLAG_GT: 0
INPUT_PORT:  []
OUT_PORT:  []
DATA_MEM:  [62, 28]
---------------------------------------
DEBUG    root:machine.py:309 CMP 0
TICK: 2981 PC:   7 ADDR:   0 MEM_OUT: 62 ACC: 2 BUFF: 62 DC: 0 FLAG_ZERO: False FLAG_LT: 1 FLAG_GT: 0
INPUT_PORT:  []
OUT_PORT:  []
DATA_MEM:  [62, 28]
---------------------------------------
DEBUG    root:machine.py:309 JE 14
TICK: 2984 PC:   8 ADDR:   0 MEM_OUT: 62 ACC: 2 BUFF: 62 DC: 0 FLAG_ZERO: False FLAG_LT: 0 FLAG_GT: 1
INPUT_PORT:  []
OUT_PORT:  []
DATA_MEM:  [62, 28]
---------------------------------------
DEBUG    root:machine.py:309 LD 0
TICK: 2987 PC:   9 ADDR:   0 MEM_OUT: 62 ACC: 2 BUFF: 62 DC: 0 FLAG_ZERO: False FLAG_LT: 0 FLAG_GT: 1
INPUT_PORT:  []
OUT_PORT:  []
DATA_MEM:  [62, 28]
---------------------------------------
DEBUG    root:machine.py:309 MOD 5
TICK: 2991 PC:  10 ADDR:   0 MEM_OUT: 62 ACC: 62 BUFF: 62 DC: 0 FLAG_ZERO: False FLAG_LT: 0 FLAG_GT: 1
INPUT_PORT:  []
OUT_PORT:  []
DATA_MEM:  [62, 28]
---------------------------------------
DEBUG    root:machine.py:309 CMP 0
TICK: 2995 PC:  11 ADDR:   0 MEM_OUT: 62 ACC: 2 BUFF: 62 DC: 0 FLAG_ZERO: False FLAG_LT: 0 FLAG_GT: 1
INPUT_PORT:  []
OUT_PORT:  []
DATA_MEM:  [62, 28]
---------------------------------------
DEBUG    root:machine.py:309 JE 18
TICK: 2998 PC:  12 ADDR:   0 MEM_OUT: 62 ACC: 2 BUFF: 62 DC: 0 FLAG_ZERO: False FLAG_LT: 0 FLAG_GT: 1
INPUT_PORT:  []
OUT_PORT:  []
DATA_MEM:  [62, 28]
---------------------------------------
DEBUG    root:machine.py:309 JMP 0
TICK: 3001 PC:  13 ADDR:   0 MEM_OUT: 62 ACC: 2 BUFF: 62 DC: 0 FLAG_ZERO: False FLAG_LT: 0 FLAG_GT: 1
INPUT_PORT:  []
OUT_PORT:  []
DATA_MEM:  [62, 28]
---------------------------------------
DEBUG    root:machine.py:309 LD 0
TICK: 3004 PC:   0 ADDR:   0 MEM_OUT: 62 ACC: 2 BUFF: 62 DC: 0 FLAG_ZERO: False FLAG_LT: 0 FLAG_GT: 1
INPUT_PORT:  []
OUT_PORT:  []
DATA_MEM:  [62, 28]
---------------------------------------
DEBUG    root:machine.py:309 INC 
TICK: 3008 PC:   1 ADDR:   0 MEM_OUT: 62 ACC: 62 BUFF: 62 DC: 0 FLAG_ZERO: False FLAG_LT: 0 FLAG_GT: 1
INPUT_PORT:  []
OUT_PORT:  []
DATA_MEM:  [62, 28]
---------------------------------------
DEBUG    root:machine.py:309 ST 0
TICK: 3011 PC:   2 ADDR:   0 MEM_OUT: 62 ACC: 63 BUFF: 62 DC: 0 FLAG_ZERO: False FLAG_LT: 0 FLAG_GT: 1
INPUT_PORT:  []
OUT_PORT:  []
DATA_MEM:  [62, 28]
---------------------------------------
DEBUG    root:machine.py:309 CMP 1000
TICK: 3015 PC:   3 ADDR:   0 MEM_OUT: 63 ACC: 63 BUFF: 62 DC: 0 FLAG_ZERO: False FLAG_LT: 0 FLAG_GT: 1
INPUT_PORT:  []
OUT_PORT:  []
DATA_MEM:  [63, 28]
---------------------------------------
DEBUG    root:machine.py:309 JGE 22
TICK: 3018 PC:   4 ADDR:   0 MEM_OUT: 63 ACC: 63 BUFF: 62 DC: 0 FLAG_ZERO: False FLAG_LT: 1 FLAG_GT: 0
INPUT_PORT:  []
OUT_PORT:  []
DATA_MEM:  [63, 28]
---------------------------------------
DEBUG    root:machine.py:309 LD 0
TICK: 3021 PC:   5 ADDR:   0 MEM_OUT: 63 ACC: 63 BUFF: 62 DC: 0 FLAG_ZERO: False FLAG_LT: 1 FLAG_GT: 0
INPUT_PORT:  []
OUT_PORT:  []
DATA_MEM:  [63, 28]
---------------------------------------
DEBUG    root:machine.py:309 MOD 3
TICK: 3025 PC:   6 ADDR:   0 MEM_OUT: 63 ACC: 63 BUFF: 62 DC: 0 FLAG_ZERO: False FLAG_LT: 1 FLAG_GT: 0
INPUT_PORT:  []
OUT_PORT:  []
DATA_MEM:  [63, 28]
---------------------------------------
DEBUG    root:machine.py:309 CMP 0
TICK: 3029 PC:   7 ADDR:   0 MEM_OUT: 63 ACC: 0 BUFF: 63 DC: 0 FLAG_ZERO: False FLAG_LT: 1 FLAG_GT: 0
INPUT_PORT:  []
OUT_PORT:  []
DATA_MEM:  [63, 28]
---------------------------------------
DEBUG    root:machine.py:309 JE 14
TICK: 3032 PC:   8 ADDR:   0 MEM_OUT: 63 ACC: 0 BUFF: 63 DC: 0 FLAG_ZERO: True FLAG_LT: 0 FLAG_GT: 0
INPUT_PORT:  []
OUT_PORT:  []
DATA_MEM:  [63, 28]
---------------------------------------
DEBUG    root:machine.py:309 LD 4
TICK: 3035 PC:  14 ADDR:   0 MEM_OUT: 63 ACC: 0 BUFF: 63 DC: 0 FLAG_ZERO: True FLAG_LT: 0 FLAG_GT: 0
INPUT_PORT:  []
OUT_PORT:  []
DATA_MEM:  [63, 28]
---------------------------------------
DEBUG    root:machine.py:309 INC 
TICK: 3039 PC:  15 ADDR:   1 MEM_OUT: 28 ACC: 28 BUFF: 63 DC: 0 FLAG_ZERO: True FLAG_LT: 0 FLAG_GT: 0
INPUT_PORT:  []
OUT_PORT:  []
DATA_MEM:  [63, 28]
---------------------------------------
DEBUG    root:machine.py:309 ST 4
TICK: 3042 PC:  16 ADDR:   1 MEM_OUT: 28 ACC: 29 BUFF: 63 DC: 0 FLAG_ZERO: True FLAG_LT: 0 FLAG_GT: 0
INPUT_PORT:  []
OUT_PORT:  []
DATA_MEM:  [63, 28]
---------------------------------------
DEBUG    root:machine.py:309 JMP 0
TICK: 3046 PC:  17 ADDR:   1 MEM_OUT: 29 ACC: 29 BUFF: 63 DC: 0 FLAG_ZERO: True FLAG_LT: 0 FLAG_GT: 0
INPUT_PORT:  []
OUT_PORT:  []
DATA_MEM:  [63, 29]
---------------------------------------
DEBUG    root:machine.py:309 LD 0
TICK: 3049 PC:   0 ADDR:   1 MEM_OUT: 29 ACC: 29 BUFF: 63 DC: 0 FLAG_ZERO: True FLAG_LT: 0 FLAG_GT: 0
INPUT_PORT:  []
OUT_PORT:  []
DATA_MEM:  [63, 29]
---------------------------------------
DEBUG    root:machine.py:309 INC 
TICK: 3053 PC:   1 ADDR:   0 MEM_OUT: 63 ACC: 63 BUFF: 63 DC: 0 FLAG_ZERO: True FLAG_LT: 0 FLAG_GT: 0
INPUT_PORT:  []
OUT_PORT:  []
DATA_MEM:  [63, 29]
---------------------------------------
DEBUG    root:machine.py:309 ST 0
TICK: 3056 PC:   2 ADDR:   0 MEM_OUT: 63 ACC: 64 BUFF: 63 DC: 0 FLAG_ZERO: True FLAG_LT: 0 FLAG_GT: 0
INPUT_PORT:  []
OUT_PORT:  []
DATA_MEM:  [63, 29]
---------------------------------------
DEBUG    root:machine.py:309 CMP 1000
TICK: 3060 PC:   3 ADDR:   0 MEM_OUT: 64 ACC: 64 BUFF: 63 DC: 0 FLAG_ZERO: True FLAG_LT: 0 FLAG_GT: 0
INPUT_PORT:  []
OUT_PORT:  []
DATA_MEM:  [64, 29]
---------------------------------------
DEBUG    root:machine.py:309 JGE 22
TICK: 3063 PC:   4 ADDR:   0 MEM_OUT: 64 ACC: 64 BUFF: 63 DC: 0 FLAG_ZERO: False FLAG_LT: 1 FLAG_GT: 0
INPUT_PORT:  []
OUT_PORT:  []
DATA_MEM:  [64, 29]
---------------------------------------
DEBUG    root:machine.py:309 LD 0
TICK: 3066 PC:   5 ADDR:   0 MEM_OUT: 64 ACC: 64 BUFF: 63 DC: 0 FLAG_ZERO: False FLAG_LT: 1 FLAG_GT: 0
INPUT_PORT:  []
OUT_PORT:  []
DATA_MEM:  [64, 29]
---------------------------------------
DEBUG    root:machine.py:309 MOD 3
TICK: 3070 PC:   6 ADDR:   0 MEM_OUT: 64 ACC: 64 BUFF: 63 DC: 0 FLAG_ZERO: False FLAG_LT: 1 FLAG_GT: 0
INPUT_PORT:  []
OUT_PORT:  []
DATA_MEM:  [64, 29]
---------------------------------------
DEBUG    root:machine.py:309 CMP 0
TICK: 3074 PC:   7 ADDR:   0 MEM_OUT: 64 ACC: 1 BUFF: 64 DC: 0 FLAG_ZERO: False FLAG_LT: 1 FLAG_GT: 0
INPUT_PORT:  []
OUT_PORT:  []
DATA_MEM:  [64, 29]
---------------------------------------
DEBUG    root:machine.py:309 JE 14
TICK: 3077 PC:   8 ADDR:   0 MEM_OUT: 64 ACC: 1 BUFF: 64 DC: 0 FLAG_ZERO: False FLAG_LT: 0 FLAG_GT: 1
INPUT_PORT:  []
OUT_PORT:  []
DATA_MEM:  [64, 29]
---------------------------------------
DEBUG    root:machine.py:309 LD 0
TICK: 3080 PC:   9 ADDR:   0 MEM_OUT: 64 ACC: 1 BUFF: 64 DC: 0 FLAG_ZERO: False FLAG_LT: 0 FLAG_GT: 1
INPUT_PORT:  []
OUT_PORT:  []
DATA_MEM:  [64, 29]
---------------------------------------
DEBUG    root:machine.py:309 MOD 5
TICK: 3084 PC:  10 ADDR:   0 MEM_OUT: 64 ACC: 64 BUFF: 64 DC: 0 FLAG_ZERO: False FLAG_LT: 0 FLAG_GT: 1
INPUT_PORT:  []
OUT_PORT:  []
DATA_MEM:  [64, 29]
---------------------------------------
DEBUG    root:machine.py:309 CMP 0
TICK: 3088 PC:  11 ADDR:   0 MEM_OUT: 64 ACC: 4 BUFF: 64 DC: 0 FLAG_ZERO: False FLAG_LT: 0 FLAG_GT: 1
INPUT_PORT:  []
OUT_PORT:  []
DATA_MEM:  [64, 29]
---------------------------------------
DEBUG    root:machine.py:309 JE 18
TICK: 3091 PC:  12 ADDR:   0 MEM_OUT: 64 ACC: 4 BUFF: 64 DC: 0 FLAG_ZERO: False FLAG_LT: 0 FLAG_GT: 1
INPUT_PORT:  []
OUT_PORT:  []
DATA_MEM:  [64, 29]
---------------------------------------
DEBUG    root:machine.py:309 JMP 0
TICK: 3094 PC:  13 ADDR:   0 MEM_OUT: 64 ACC: 4 BUFF: 64 DC: 0 FLAG_ZERO: False FLAG_LT: 0 FLAG_GT: 1
INPUT_PORT:  []
OUT_PORT:  []
DATA_MEM:  [64, 29]
---------------------------------------
DEBUG    root:machine.py:309 LD 0
TICK: 3097 PC:   0 ADDR:   0 MEM_OUT: 64 ACC: 4 BUFF: 64 DC: 0 FLAG_ZERO: False FLAG_LT: 0 FLAG_GT: 1
INPUT_PORT:  []
OUT_PORT:  []
DATA_MEM:  [64, 29]
---------------------------------------
DEBUG    root:machine.py:309 INC 
TICK: 3101 PC:   1 ADDR:   0 MEM_OUT: 64 ACC: 64 BUFF: 64 DC: 0 FLAG_ZERO: False FLAG_LT: 0 FLAG_GT: 1
INPUT_PORT:  []
OUT_PORT:  []
DATA_MEM:  [64, 29]
---------------------------------------
DEBUG    root:machine.py:309 ST 0
TICK: 3104 PC:   2 ADDR:   0 MEM_OUT: 64 ACC: 65 BUFF: 64 DC: 0 FLAG_ZERO: False FLAG_LT: 0 FLAG_GT: 1
INPUT_PORT:  []
OUT_PORT:  []
DATA_MEM:  [64, 29]
---------------------------------------
DEBUG    root:machine.py:309 CMP 1000
TICK: 3108 PC:   3 ADDR:   0 MEM_OUT: 65 ACC: 65 BUFF: 64 DC: 0 FLAG_ZERO: False FLAG_LT: 0 FLAG_GT: 1
INPUT_PORT:  []
OUT_PORT:  []
DATA_MEM:  [65, 29]
---------------------------------------
DEBUG    root:machine.py:309 JGE 22
TICK: 3111 PC:   4 ADDR:   0 MEM_OUT: 65 ACC: 65 BUFF: 64 DC: 0 FLAG_ZERO: False FLAG_LT: 1 FLAG_GT: 0
INPUT_PORT:  []
OUT_PORT:  []
DATA_MEM:  [65, 29]
---------------------------------------
DEBUG    root:machine.py:309 LD 0
TICK: 3114 PC:   5 ADDR:   0 MEM_OUT: 65 ACC: 65 BUFF: 64 DC: 0 FLAG_ZERO: False FLAG_LT: 1 FLAG_GT: 0
INPUT_PORT:  []
OUT_PORT:  []
DATA_MEM:  [65, 29]
---------------------------------------
DEBUG    root:machine.py:309 MOD 3
TICK: 3118 PC:   6 ADDR:   0 MEM_OUT: 65 ACC: 65 BUFF: 64 DC: 0 FLAG_ZERO: False FLAG_LT: 1 FLAG_GT: 0
INPUT_PORT:  []
OUT_PORT:  []
DATA_MEM:  [65, 29]
---------------------------------------
DEBUG    root:machine.py:309 CMP 0
TICK: 3122 PC:   7 ADDR:   0 MEM_OUT: 65 ACC: 2 BUFF: 65 DC: 0 FLAG_ZERO: False FLAG_LT: 1 FLAG_GT: 0
INPUT_PORT:  []
OUT_PORT:  []
DATA_MEM:  [65, 29]
---------------------------------------
DEBUG    root:machine.py:309 JE 14
TICK: 3125 PC:   8 ADDR:   0 MEM_OUT: 65 ACC: 2 BUFF: 65 DC: 0 FLAG_ZERO: False FLAG_LT: 0 FLAG_GT: 1
INPUT_PORT:  []
OUT_PORT:  []
DATA_MEM:  [65, 29]
---------------------------------------
DEBUG    root:machine.py:309 LD 0
TICK: 3128 PC:   9 ADDR:   0 MEM_OUT: 65 ACC: 2 BUFF: 65 DC: 0 FLAG_ZERO: False FLAG_LT: 0 FLAG_GT: 1
INPUT_PORT:  []
OUT_PORT:  []
DATA_MEM:  [65, 29]
---------------------------------------
DEBUG    root:machine.py:309 MOD 5
TICK: 3132 PC:  10 ADDR:   0 MEM_OUT: 65 ACC: 65 BUFF: 65 DC: 0 FLAG_ZERO: False FLAG_LT: 0 FLAG_GT: 1
INPUT_PORT:  []
OUT_PORT:  []
DATA_MEM:  [65, 29]
---------------------------------------
DEBUG    root:machine.py:309 CMP 0
TICK: 3136 PC:  11 ADDR:   0 MEM_OUT: 65 ACC: 0 BUFF: 65 DC: 0 FLAG_ZERO: False FLAG_LT: 0 FLAG_GT: 1
INPUT_PORT:  []
OUT_PORT:  []
DATA_MEM:  [65, 29]
---------------------------------------
DEBUG    root:machine.py:309 JE 18
TICK: 3139 PC:  12 ADDR:   0 MEM_OUT: 65 ACC: 0 BUFF: 65 DC: 0 FLAG_ZERO: True FLAG_LT: 0 FLAG_GT: 0
INPUT_PORT:  []
OUT_PORT:  []
DATA_MEM:  [65, 29]
---------------------------------------
DEBUG    root:machine.py:309 LD 4
TICK: 3142 PC:  18 ADDR:   0 MEM_OUT: 65 ACC: 0 BUFF: 65 DC: 0 FLAG_ZERO: True FLAG_LT: 0 FLAG_GT: 0
INPUT_PORT:  []
OUT_PORT:  []
DATA_MEM:  [65, 29]
---------------------------------------
DEBUG    root:machine.py:309 INC 
TICK: 3146 PC:  19 ADDR:   1 MEM_OUT: 29 ACC: 29 BUFF: 65 DC: 0 FLAG_ZERO: True FLAG_LT: 0 FLAG_GT: 0
INPUT_PORT:  []
OUT_PORT:  []
DATA_MEM:  [65, 29]
---------------------------------------
DEBUG    root:machine.py:309 ST 4
TICK: 3149 PC:  20 ADDR:   1 MEM_OUT: 29 ACC: 30 BUFF: 65 DC: 0 FLAG_ZERO: True FLAG_LT: 0 FLAG_GT: 0
INPUT_PORT:  []
OUT_PORT:  []
DATA_MEM:  [65, 29]
---------------------------------------
DEBUG    root:machine.py:309 JMP 0
TICK: 3153 PC:  21 ADDR:   1 MEM_OUT: 30 ACC: 30 BUFF: 65 DC: 0 FLAG_ZERO: True FLAG_LT: 0 FLAG_GT: 0
INPUT_PORT:  []
OUT_PORT:  []
DATA_MEM:  [65, 30]
---------------------------------------
DEBUG    root:machine.py:309 LD 0
TICK: 3156 PC:   0 ADDR:   1 MEM_OUT: 30 ACC: 30 BUFF: 65 DC: 0 FLAG_ZERO: True FLAG_LT: 0 FLAG_GT: 0
INPUT_PORT:  []
OUT_PORT:  []
DATA_MEM:  [65, 30]
---------------------------------------
DEBUG    root:machine.py:309 INC 
TICK: 3160 PC:   1 ADDR:   0 MEM_OUT: 65 ACC: 65 BUFF: 65 DC: 0 FLAG_ZERO: True FLAG_LT: 0 FLAG_GT: 0
INPUT_PORT:  []
OUT_PORT:  []
DATA_MEM:  [65, 30]
---------------------------------------
DEBUG    root:machine.py:309 ST 0
TICK: 3163 PC:   2 ADDR:   0 MEM_OUT: 65 ACC: 66 BUFF: 65 DC: 0 FLAG_ZERO: True FLAG_LT: 0 FLAG_GT: 0
INPUT_PORT:  []
OUT_PORT:  []
DATA_MEM:  [65, 30]
---------------------------------------
DEBUG    root:machine.py:309 CMP 1000
TICK: 3167 PC:   3 ADDR:   0 MEM_OUT: 66 ACC: 66 BUFF: 65 DC: 0 FLAG_ZERO: True FLAG_LT: 0 FLAG_GT: 0
INPUT_PORT:  []
OUT_PORT:  []
DATA_MEM:  [66, 30]
---------------------------------------
DEBUG    root:machine.py:309 JGE 22
TICK: 3170 PC:   4 ADDR:   0 MEM_OUT: 66 ACC: 66 BUFF: 65 DC: 0 FLAG_ZERO: False FLAG_LT: 1 FLAG_GT: 0
INPUT_PORT:  []
OUT_PORT:  []
DATA_MEM:  [66, 30]
---------------------------------------
DEBUG    root:machine.py:309 LD 0
TICK: 3173 PC:   5 ADDR:   0 MEM_OUT: 66 ACC: 66 BUFF: 65 DC: 0 FLAG_ZERO: False FLAG_LT: 1 FLAG_GT: 0
INPUT_PORT:  []
OUT_PORT:  []
DATA_MEM:  [66, 30]
---------------------------------------
DEBUG    root:machine.py:309 MOD 3
TICK: 3177 PC:   6 ADDR:   0 MEM_OUT: 66 ACC: 66 BUFF: 65 DC: 0 FLAG_ZERO: False FLAG_LT: 1 FLAG_GT: 0
INPUT_PORT:  []
OUT_PORT:  []
DATA_MEM:  [66, 30]
---------------------------------------
DEBUG    root:machine.py:309 CMP 0
TICK: 3181 PC:   7 ADDR:   0 MEM_OUT: 66 ACC: 0 BUFF: 66 DC: 0 FLAG_ZERO: False FLAG_LT: 1 FLAG_GT: 0
INPUT_PORT:  []
OUT_PORT:  []
DATA_MEM:  [66, 30]
---------------------------------------
DEBUG    root:machine.py:309 JE 14
TICK: 3184 PC:   8 ADDR:   0 MEM_OUT: 66 ACC: 0 BUFF: 66 DC: 0 FLAG_ZERO: True FLAG_LT: 0 FLAG_GT: 0
INPUT_PORT:  []
OUT_PORT:  []
DATA_MEM:  [66, 30]
---------------------------------------
DEBUG    root:machine.py:309 LD 4
TICK: 3187 PC:  14 ADDR:   0 MEM_OUT: 66 ACC: 0 BUFF: 66 DC: 0 FLAG_ZERO: True FLAG_LT: 0 FLAG_GT: 0
INPUT_PORT:  []
OUT_PORT:  []
DATA_MEM:  [66, 30]
---------------------------------------
DEBUG    root:machine.py:309 INC 
TICK: 3191 PC:  15 ADDR:   1 MEM_OUT: 30 ACC: 30 BUFF: 66 DC: 0 FLAG_ZERO: True FLAG_LT: 0 FLAG_GT: 0
INPUT_PORT:  []
OUT_PORT:  []
DATA_MEM:  [66, 30]
---------------------------------------
DEBUG    root:machine.py:309 ST 4
TICK: 3194 PC:  16 ADDR:   1 MEM_OUT: 30 ACC: 31 BUFF: 66 DC: 0 FLAG_ZERO: True FLAG_LT: 0 FLAG_GT: 0
INPUT_PORT:  []
OUT_PORT:  []
DATA_MEM:  [66, 30]
---------------------------------------
DEBUG    root:machine.py:309 JMP 0
TICK: 3198 PC:  17 ADDR:   1 MEM_OUT: 31 ACC: 31 BUFF: 66 DC: 0 FLAG_ZERO: True FLAG_LT: 0 FLAG_GT: 0
INPUT_PORT:  []
OUT_PORT:  []
DATA_MEM:  [66, 31]
---------------------------------------
DEBUG    root:machine.py:309 LD 0
TICK: 3201 PC:   0 ADDR:   1 MEM_OUT: 31 ACC: 31 BUFF: 66 DC: 0 FLAG_ZERO: True FLAG_LT: 0 FLAG_GT: 0
INPUT_PORT:  []
OUT_PORT:  []
DATA_MEM:  [66, 31]
---------------------------------------
DEBUG    root:machine.py:309 INC 
TICK: 3205 PC:   1 ADDR:   0 MEM_OUT: 66 ACC: 66 BUFF: 66 DC: 0 FLAG_ZERO: True FLAG_LT: 0 FLAG_GT: 0
INPUT_PORT:  []
OUT_PORT:  []
DATA_MEM:  [66, 31]
---------------------------------------
DEBUG    root:machine.py:309 ST 0
TICK: 3208 PC:   2 ADDR:   0 MEM_OUT: 66 ACC: 67 BUFF: 66 DC: 0 FLAG_ZERO: True FLAG_LT: 0 FLAG_GT: 0
INPUT_PORT:  []
OUT_PORT:  []
DATA_MEM:  [66, 31]
---------------------------------------
DEBUG    root:machine.py:309 CMP 1000
TICK: 3212 PC:   3 ADDR:   0 MEM_OUT: 67 ACC: 67 BUFF: 66 DC: 0 FLAG_ZERO: True FLAG_LT: 0 FLAG_GT: 0
INPUT_PORT:  []
OUT_PORT:  []
DATA_MEM:  [67, 31]
---------------------------------------
DEBUG    root:machine.py:309 JGE 22
TICK: 3215 PC:   4 ADDR:   0 MEM_OUT: 67 ACC: 67 BUFF: 66 DC: 0 FLAG_ZERO: False FLAG_LT: 1 FLAG_GT: 0
INPUT_PORT:  []
OUT_PORT:  []
DATA_MEM:  [67, 31]
---------------------------------------
DEBUG    root:machine.py:309 LD 0
TICK: 3218 PC:   5 ADDR:   0 MEM_OUT: 67 ACC: 67 BUFF: 66 DC: 0 FLAG_ZERO: False FLAG_LT: 1 FLAG_GT: 0
INPUT_PORT:  []
OUT_PORT:  []
DATA_MEM:  [67, 31]
---------------------------------------
DEBUG    root:machine.py:309 MOD 3
TICK: 3222 PC:   6 ADDR:   0 MEM_OUT: 67 ACC: 67 BUFF: 66 DC: 0 FLAG_ZERO: False FLAG_LT: 1 FLAG_GT: 0
INPUT_PORT:  []
OUT_PORT:  []
DATA_MEM:  [67, 31]
---------------------------------------
DEBUG    root:machine.py:309 CMP 0
TICK: 3226 PC:   7 ADDR:   0 MEM_OUT: 67 ACC: 1 BUFF: 67 DC: 0 FLAG_ZERO: False FLAG_LT: 1 FLAG_GT: 0
INPUT_PORT:  []
OUT_PORT:  []
DATA_MEM:  [67, 31]
---------------------------------------
DEBUG    root:machine.py:309 JE 14
TICK: 3229 PC:   8 ADDR:   0 MEM_OUT: 67 ACC: 1 BUFF: 67 DC: 0 FLAG_ZERO: False FLAG_LT: 0 FLAG_GT: 1
INPUT_PORT:  []
OUT_PORT:  []
DATA_MEM:  [67, 31]
---------------------------------------
DEBUG    root:machine.py:309 LD 0
TICK: 3232 PC:   9 ADDR:   0 MEM_OUT: 67 ACC: 1 BUFF: 67 DC: 0 FLAG_ZERO: False FLAG_LT: 0 FLAG_GT: 1
INPUT_PORT:  []
OUT_PORT:  []
DATA_MEM:  [67, 31]
---------------------------------------
DEBUG    root:machine.py:309 MOD 5
TICK: 3236 PC:  10 ADDR:   0 MEM_OUT: 67 ACC: 67 BUFF: 67 DC: 0 FLAG_ZERO: False FLAG_LT: 0 FLAG_GT: 1
INPUT_PORT:  []
OUT_PORT:  []
DATA_MEM:  [67, 31]
---------------------------------------
DEBUG    root:machine.py:309 CMP 0
TICK: 3240 PC:  11 ADDR:   0 MEM_OUT: 67 ACC: 2 BUFF: 67 DC: 0 FLAG_ZERO: False FLAG_LT: 0 FLAG_GT: 1
INPUT_PORT:  []
OUT_PORT:  []
DATA_MEM:  [67, 31]
---------------------------------------
DEBUG    root:machine.py:309 JE 18
TICK: 3243 PC:  12 ADDR:   0 MEM_OUT: 67 ACC: 2 BUFF: 67 DC: 0 FLAG_ZERO: False FLAG_LT: 0 FLAG_GT: 1
INPUT_PORT:  []
OUT_PORT:  []
DATA_MEM:  [67, 31]
---------------------------------------
DEBUG    root:machine.py:309 JMP 0
TICK: 3246 PC:  13 ADDR:   0 MEM_OUT: 67 ACC: 2 BUFF: 67 DC: 0 FLAG_ZERO: False FLAG_LT: 0 FLAG_GT: 1
INPUT_PORT:  []
OUT_PORT:  []
DATA_MEM:  [67, 31]
---------------------------------------
DEBUG    root:machine.py:309 LD 0
TICK: 3249 PC:   0 ADDR:   0 MEM_OUT: 67 ACC: 2 BUFF: 67 DC: 0 FLAG_ZERO: False FLAG_LT: 0 FLAG_GT: 1
INPUT_PORT:  []
OUT_PORT:  []
DATA_MEM:  [67, 31]
---------------------------------------
DEBUG    root:machine.py:309 INC 
TICK: 3253 PC:   1 ADDR:   0 MEM_OUT: 67 ACC: 67 BUFF: 67 DC: 0 FLAG_ZERO: False FLAG_LT: 0 FLAG_GT: 1
INPUT_PORT:  []
OUT_PORT:  []
DATA_MEM:  [67, 31]
---------------------------------------
DEBUG    root:machine.py:309 ST 0
TICK: 3256 PC:   2 ADDR:   0 MEM_OUT: 67 ACC: 68 BUFF: 67 DC: 0 FLAG_ZERO: False FLAG_LT: 0 FLAG_GT: 1
INPUT_PORT:  []
OUT_PORT:  []
DATA_MEM:  [67, 31]
---------------------------------------
DEBUG    root:machine.py:309 CMP 1000
TICK: 3260 PC:   3 ADDR:   0 MEM_OUT: 68 ACC: 68 BUFF: 67 DC: 0 FLAG_ZERO: False FLAG_LT: 0 FLAG_GT: 1
INPUT_PORT:  []
OUT_PORT:  []
DATA_MEM:  [68, 31]
---------------------------------------
DEBUG    root:machine.py:309 JGE 22
TICK: 3263 PC:   4 ADDR:   0 MEM_OUT: 68 ACC: 68 BUFF: 67 DC: 0 FLAG_ZERO: False FLAG_LT: 1 FLAG_GT: 0
INPUT_PORT:  []
OUT_PORT:  []
DATA_MEM:  [68, 31]
---------------------------------------
DEBUG    root:machine.py:309 LD 0
TICK: 3266 PC:   5 ADDR:   0 MEM_OUT: 68 ACC: 68 BUFF: 67 DC: 0 FLAG_ZERO: False FLAG_LT: 1 FLAG_GT: 0
INPUT_PORT:  []
OUT_PORT:  []
DATA_MEM:  [68, 31]
---------------------------------------
DEBUG    root:machine.py:309 MOD 3
TICK: 3270 PC:   6 ADDR:   0 MEM_OUT: 68 ACC: 68 BUFF: 67 DC: 0 FLAG_ZERO: False FLAG_LT: 1 FLAG_GT: 0
INPUT_PORT:  []
OUT_PORT:  []
DATA_MEM:  [68, 31]
---------------------------------------
DEBUG    root:machine.py:309 CMP 0
TICK: 3274 PC:   7 ADDR:   0 MEM_OUT: 68 ACC: 2 BUFF: 68 DC: 0 FLAG_ZERO: False FLAG_LT: 1 FLAG_GT: 0
INPUT_PORT:  []
OUT_PORT:  []
DATA_MEM:  [68, 31]
---------------------------------------
DEBUG    root:machine.py:309 JE 14
TICK: 3277 PC:   8 ADDR:   0 MEM_OUT: 68 ACC: 2 BUFF: 68 DC: 0 FLAG_ZERO: False FLAG_LT: 0 FLAG_GT: 1
INPUT_PORT:  []
OUT_PORT:  []
DATA_MEM:  [68, 31]
---------------------------------------
DEBUG    root:machine.py:309 LD 0
TICK: 3280 PC:   9 ADDR:   0 MEM_OUT: 68 ACC: 2 BUFF: 68 DC: 0 FLAG_ZERO: False FLAG_LT: 0 FLAG_GT: 1
INPUT_PORT:  []
OUT_PORT:  []
DATA_MEM:  [68, 31]
---------------------------------------
DEBUG    root:machine.py:309 MOD 5
TICK: 3284 PC:  10 ADDR:   0 MEM_OUT: 68 ACC: 68 BUFF: 68 DC: 0 FLAG_ZERO: False FLAG_LT: 0 FLAG_GT: 1
INPUT_PORT:  []
OUT_PORT:  []
DATA_MEM:  [68, 31]
---------------------------------------
DEBUG    root:machine.py:309 CMP 0
TICK: 3288 PC:  11 ADDR:   0 MEM_OUT: 68 ACC: 3 BUFF: 68 DC: 0 FLAG_ZERO: False FLAG_LT: 0 FLAG_GT: 1
INPUT_PORT:  []
OUT_PORT:  []
DATA_MEM:  [68, 31]
---------------------------------------
DEBUG    root:machine.py:309 JE 18
TICK: 3291 PC:  12 ADDR:   0 MEM_OUT: 68 ACC: 3 BUFF: 68 DC: 0 FLAG_ZERO: False FLAG_LT: 0 FLAG_GT: 1
INPUT_PORT:  []
OUT_PORT:  []
DATA_MEM:  [68, 31]
---------------------------------------
DEBUG    root:machine.py:309 JMP 0
TICK: 3294 PC:  13 ADDR:   0 MEM_OUT: 68 ACC: 3 BUFF: 68 DC: 0 FLAG_ZERO: False FLAG_LT: 0 FLAG_GT: 1
INPUT_PORT:  []
OUT_PORT:  []
DATA_MEM:  [68, 31]
---------------------------------------
DEBUG    root:machine.py:309 LD 0
TICK: 3297 PC:   0 ADDR:   0 MEM_OUT: 68 ACC: 3 BUFF: 68 DC: 0 FLAG_ZERO: False FLAG_LT: 0 FLAG_GT: 1
INPUT_PORT:  []
OUT_PORT:  []
DATA_MEM:  [68, 31]
---------------------------------------
DEBUG    root:machine.py:309 INC 
TICK: 3301 PC:   1 ADDR:   0 MEM_OUT: 68 ACC: 68 BUFF: 68 DC: 0 FLAG_ZERO: False FLAG_LT: 0 FLAG_GT: 1
INPUT_PORT:  []
OUT_PORT:  []
DATA_MEM:  [68, 31]
---------------------------------------
DEBUG    root:machine.py:309 ST 0
TICK: 3304 PC:   2 ADDR:   0 MEM_OUT: 68 ACC: 69 BUFF: 68 DC: 0 FLAG_ZERO: False FLAG_LT: 0 FLAG_GT: 1
INPUT_PORT:  []
OUT_PORT:  []
DATA_MEM:  [68, 31]
---------------------------------------
DEBUG    root:machine.py:309 CMP 1000
TICK: 3308 PC:   3 ADDR:   0 MEM_OUT: 69 ACC: 69 BUFF: 68 DC: 0 FLAG_ZERO: False FLAG_LT: 0 FLAG_GT: 1
INPUT_PORT:  []
OUT_PORT:  []
DATA_MEM:  [69, 31]
---------------------------------------
DEBUG    root:machine.py:309 JGE 22
TICK: 3311 PC:   4 ADDR:   0 MEM_OUT: 69 ACC: 69 BUFF: 68 DC: 0 FLAG_ZERO: False FLAG_LT: 1 FLAG_GT: 0
INPUT_PORT:  []
OUT_PORT:  []
DATA_MEM:  [69, 31]
---------------------------------------
DEBUG    root:machine.py:309 LD 0
TICK: 3314 PC:   5 ADDR:   0 MEM_OUT: 69 ACC: 69 BUFF: 68 DC: 0 FLAG_ZERO: False FLAG_LT: 1 FLAG_GT: 0
INPUT_PORT:  []
OUT_PORT:  []
DATA_MEM:  [69, 31]
---------------------------------------
DEBUG    root:machine.py:309 MOD 3
TICK: 3318 PC:   6 ADDR:   0 MEM_OUT: 69 ACC: 69 BUFF: 68 DC: 0 FLAG_ZERO: False FLAG_LT: 1 FLAG_GT: 0
INPUT_PORT:  []
OUT_PORT:  []
DATA_MEM:  [69, 31]
---------------------------------------
DEBUG    root:machine.py:309 CMP 0
TICK: 3322 PC:   7 ADDR:   0 MEM_OUT: 69 ACC: 0 BUFF: 69 DC: 0 FLAG_ZERO: False FLAG_LT: 1 FLAG_GT: 0
INPUT_PORT:  []
OUT_PORT:  []
DATA_MEM:  [69, 31]
---------------------------------------
DEBUG    root:machine.py:309 JE 14
TICK: 3325 PC:   8 ADDR:   0 MEM_OUT: 69 ACC: 0 BUFF: 69 DC: 0 FLAG_ZERO: True FLAG_LT: 0 FLAG_GT: 0
INPUT_PORT:  []
OUT_PORT:  []
DATA_MEM:  [69, 31]
---------------------------------------
DEBUG    root:machine.py:309 LD 4
TICK: 3328 PC:  14 ADDR:   0 MEM_OUT: 69 ACC: 0 BUFF: 69 DC: 0 FLAG_ZERO: True FLAG_LT: 0 FLAG_GT: 0
INPUT_PORT:  []
OUT_PORT:  []
DATA_MEM:  [69, 31]
---------------------------------------
DEBUG    root:machine.py:309 INC 
TICK: 3332 PC:  15 ADDR:   1 MEM_OUT: 31 ACC: 31 BUFF: 69 DC: 0 FLAG_ZERO: True FLAG_LT: 0 FLAG_GT: 0
INPUT_PORT:  []
OUT_PORT:  []
DATA_MEM:  [69, 31]
---------------------------------------
DEBUG    root:machine.py:309 ST 4
TICK: 3335 PC:  16 ADDR:   1 MEM_OUT: 31 ACC: 32 BUFF: 69 DC: 0 FLAG_ZERO: True FLAG_LT: 0 FLAG_GT: 0
INPUT_PORT:  []
OUT_PORT:  []
DATA_MEM:  [69, 31]
---------------------------------------
DEBUG    root:machine.py:309 JMP 0
TICK: 3339 PC:  17 ADDR:   1 MEM_OUT: 32 ACC: 32 BUFF: 69 DC: 0 FLAG_ZERO: True FLAG_LT: 0 FLAG_GT: 0
INPUT_PORT:  []
OUT_PORT:  []
DATA_MEM:  [69, 32]
---------------------------------------
DEBUG    root:machine.py:309 LD 0
TICK: 3342 PC:   0 ADDR:   1 MEM_OUT: 32 ACC: 32 BUFF: 69 DC: 0 FLAG_ZERO: True FLAG_LT: 0 FLAG_GT: 0
INPUT_PORT:  []
OUT_PORT:  []
DATA_MEM:  [69, 32]
---------------------------------------
DEBUG    root:machine.py:309 INC 
TICK: 3346 PC:   1 ADDR:   0 MEM_OUT: 69 ACC: 69 BUFF: 69 DC: 0 FLAG_ZERO: True FLAG_LT: 0 FLAG_GT: 0
INPUT_PORT:  []
OUT_PORT:  []
DATA_MEM:  [69, 32]
---------------------------------------
DEBUG    root:machine.py:309 ST 0
TICK: 3349 PC:   2 ADDR:   0 MEM_OUT: 69 ACC: 70 BUFF: 69 DC: 0 FLAG_ZERO: True FLAG_LT: 0 FLAG_GT: 0
INPUT_PORT:  []
OUT_PORT:  []
DATA_MEM:  [69, 32]
---------------------------------------
DEBUG    root:machine.py:309 CMP 1000
TICK: 3353 PC:   3 ADDR:   0 MEM_OUT: 70 ACC: 70 BUFF: 69 DC: 0 FLAG_ZERO: True FLAG_LT: 0 FLAG_GT: 0
INPUT_PORT:  []
OUT_PORT:  []
DATA_MEM:  [70, 32]
---------------------------------------
DEBUG    root:machine.py:309 JGE 22
TICK: 3356 PC:   4 ADDR:   0 MEM_OUT: 70 ACC: 70 BUFF: 69 DC: 0 FLAG_ZERO: False FLAG_LT: 1 FLAG_GT: 0
INPUT_PORT:  []
OUT_PORT:  []
DATA_MEM:  [70, 32]
---------------------------------------
DEBUG    root:machine.py:309 LD 0
TICK: 3359 PC:   5 ADDR:   0 MEM_OUT: 70 ACC: 70 BUFF: 69 DC: 0 FLAG_ZERO: False FLAG_LT: 1 FLAG_GT: 0
INPUT_PORT:  []
OUT_PORT:  []
DATA_MEM:  [70, 32]
---------------------------------------
DEBUG    root:machine.py:309 MOD 3
TICK: 3363 PC:   6 ADDR:   0 MEM_OUT: 70 ACC: 70 BUFF: 69 DC: 0 FLAG_ZERO: False FLAG_LT: 1 FLAG_GT: 0
INPUT_PORT:  []
OUT_PORT:  []
DATA_MEM:  [70, 32]
---------------------------------------
DEBUG    root:machine.py:309 CMP 0
TICK: 3367 PC:   7 ADDR:   0 MEM_OUT: 70 ACC: 1 BUFF: 70 DC: 0 FLAG_ZERO: False FLAG_LT: 1 FLAG_GT: 0
INPUT_PORT:  []
OUT_PORT:  []
DATA_MEM:  [70, 32]
---------------------------------------
DEBUG    root:machine.py:309 JE 14
TICK: 3370 PC:   8 ADDR:   0 MEM_OUT: 70 ACC: 1 BUFF: 70 DC: 0 FLAG_ZERO: False FLAG_LT: 0 FLAG_GT: 1
INPUT_PORT:  []
OUT_PORT:  []
DATA_MEM:  [70, 32]
---------------------------------------
DEBUG    root:machine.py:309 LD 0
TICK: 3373 PC:   9 ADDR:   0 MEM_OUT: 70 ACC: 1 BUFF: 70 DC: 0 FLAG_ZERO: False FLAG_LT: 0 FLAG_GT: 1
INPUT_PORT:  []
OUT_PORT:  []
DATA_MEM:  [70, 32]
---------------------------------------
DEBUG    root:machine.py:309 MOD 5
TICK: 3377 PC:  10 ADDR:   0 MEM_OUT: 70 ACC: 70 BUFF: 70 DC: 0 FLAG_ZERO: False FLAG_LT: 0 FLAG_GT: 1
INPUT_PORT:  []
OUT_PORT:  []
DATA_MEM:  [70, 32]
---------------------------------------
DEBUG    root:machine.py:309 CMP 0
TICK: 3381 PC:  11 ADDR:   0 MEM_OUT: 70 ACC: 0 BUFF: 70 DC: 0 FLAG_ZERO: False FLAG_LT: 0 FLAG_GT: 1
INPUT_PORT:  []
OUT_PORT:  []
DATA_MEM:  [70, 32]
---------------------------------------
DEBUG    root:machine.py:309 JE 18
TICK: 3384 PC:  12 ADDR:   0 MEM_OUT: 70 ACC: 0 BUFF: 70 DC: 0 FLAG_ZERO: True FLAG_LT: 0 FLAG_GT: 0
INPUT_PORT:  []
OUT_PORT:  []
DATA_MEM:  [70, 32]
---------------------------------------
DEBUG    root:machine.py:309 LD 4
TICK: 3387 PC:  18 ADDR:   0 MEM_OUT: 70 ACC: 0 BUFF: 70 DC: 0 FLAG_ZERO: True FLAG_LT: 0 FLAG_GT: 0
INPUT_PORT:  []
OUT_PORT:  []
DATA_MEM:  [70, 32]
---------------------------------------
DEBUG    root:machine.py:309 INC 
TICK: 3391 PC:  19 ADDR:   1 MEM_OUT: 32 ACC: 32 BUFF: 70 DC: 0 FLAG_ZERO: True FLAG_LT: 0 FLAG_GT: 0
INPUT_PORT:  []
OUT_PORT:  []
DATA_MEM:  [70, 32]
---------------------------------------
DEBUG    root:machine.py:309 ST 4
TICK: 3394 PC:  20 ADDR:   1 MEM_OUT: 32 ACC: 33 BUFF: 70 DC: 0 FLAG_ZERO: True FLAG_LT: 0 FLAG_GT: 0
INPUT_PORT:  []
OUT_PORT:  []
DATA_MEM:  [70, 32]
---------------------------------------
DEBUG    root:machine.py:309 JMP 0
TICK: 3398 PC:  21 ADDR:   1 MEM_OUT: 33 ACC: 33 BUFF: 70 DC: 0 FLAG_ZERO: True FLAG_LT: 0 FLAG_GT: 0
INPUT_PORT:  []
OUT_PORT:  []
DATA_MEM:  [70, 33]
---------------------------------------
DEBUG    root:machine.py:309 LD 0
TICK: 3401 PC:   0 ADDR:   1 MEM_OUT: 33 ACC: 33 BUFF: 70 DC: 0 FLAG_ZERO: True FLAG_LT: 0 FLAG_GT: 0
INPUT_PORT:  []
OUT_PORT:  []
DATA_MEM:  [70, 33]
---------------------------------------
DEBUG    root:machine.py:309 INC 
TICK: 3405 PC:   1 ADDR:   0 MEM_OUT: 70 ACC: 70 BUFF: 70 DC: 0 FLAG_ZERO: True FLAG_LT: 0 FLAG_GT: 0
INPUT_PORT:  []
OUT_PORT:  []
DATA_MEM:  [70, 33]
---------------------------------------
DEBUG    root:machine.py:309 ST 0
TICK: 3408 PC:   2 ADDR:   0 MEM_OUT: 70 ACC: 71 BUFF: 70 DC: 0 FLAG_ZERO: True FLAG_LT: 0 FLAG_GT: 0
INPUT_PORT:  []
OUT_PORT:  []
DATA_MEM:  [70, 33]
---------------------------------------
DEBUG    root:machine.py:309 CMP 1000
TICK: 3412 PC:   3 ADDR:   0 MEM_OUT: 71 ACC: 71 BUFF: 70 DC: 0 FLAG_ZERO: True FLAG_LT: 0 FLAG_GT: 0
INPUT_PORT:  []
OUT_PORT:  []
DATA_MEM:  [71, 33]
---------------------------------------
DEBUG    root:machine.py:309 JGE 22
TICK: 3415 PC:   4 ADDR:   0 MEM_OUT: 71 ACC: 71 BUFF: 70 DC: 0 FLAG_ZERO: False FLAG_LT: 1 FLAG_GT: 0
INPUT_PORT:  []
OUT_PORT:  []
DATA_MEM:  [71, 33]
---------------------------------------
DEBUG    root:machine.py:309 LD 0
TICK: 3418 PC:   5 ADDR:   0 MEM_OUT: 71 ACC: 71 BUFF: 70 DC: 0 FLAG_ZERO: False FLAG_LT: 1 FLAG_GT: 0
INPUT_PORT:  []
OUT_PORT:  []
DATA_MEM:  [71, 33]
---------------------------------------
DEBUG    root:machine.py:309 MOD 3
TICK: 3422 PC:   6 ADDR:   0 MEM_OUT: 71 ACC: 71 BUFF: 70 DC: 0 FLAG_ZERO: False FLAG_LT: 1 FLAG_GT: 0
INPUT_PORT:  []
OUT_PORT:  []
DATA_MEM:  [71, 33]
---------------------------------------
DEBUG    root:machine.py:309 CMP 0
TICK: 3426 PC:   7 ADDR:   0 MEM_OUT: 71 ACC: 2 BUFF: 71 DC: 0 FLAG_ZERO: False FLAG_LT: 1 FLAG_GT: 0
INPUT_PORT:  []
OUT_PORT:  []
DATA_MEM:  [71, 33]
---------------------------------------
DEBUG    root:machine.py:309 JE 14
TICK: 3429 PC:   8 ADDR:   0 MEM_OUT: 71 ACC: 2 BUFF: 71 DC: 0 FLAG_ZERO: False FLAG_LT: 0 FLAG_GT: 1
INPUT_PORT:  []
OUT_PORT:  []
DATA_MEM:  [71, 33]
---------------------------------------
DEBUG    root:machine.py:309 LD 0
TICK: 3432 PC:   9 ADDR:   0 MEM_OUT: 71 ACC: 2 BUFF: 71 DC: 0 FLAG_ZERO: False FLAG_LT: 0 FLAG_GT: 1
INPUT_PORT:  []
OUT_PORT:  []
DATA_MEM:  [71, 33]
---------------------------------------
DEBUG    root:machine.py:309 MOD 5
TICK: 3436 PC:  10 ADDR:   0 MEM_OUT: 71 ACC: 71 BUFF: 71 DC: 0 FLAG_ZERO: False FLAG_LT: 0 FLAG_GT: 1
INPUT_PORT:  []
OUT_PORT:  []
DATA_MEM:  [71, 33]
---------------------------------------
DEBUG    root:machine.py:309 CMP 0
TICK: 3440 PC:  11 ADDR:   0 MEM_OUT: 71 ACC: 1 BUFF: 71 DC: 0 FLAG_ZERO: False FLAG_LT: 0 FLAG_GT: 1
INPUT_PORT:  []
OUT_PORT:  []
DATA_MEM:  [71, 33]
---------------------------------------
DEBUG    root:machine.py:309 JE 18
TICK: 3443 PC:  12 ADDR:   0 MEM_OUT: 71 ACC: 1 BUFF: 71 DC: 0 FLAG_ZERO: False FLAG_LT: 0 FLAG_GT: 1
INPUT_PORT:  []
OUT_PORT:  []
DATA_MEM:  [71, 33]
---------------------------------------
DEBUG    root:machine.py:309 JMP 0
TICK: 3446 PC:  13 ADDR:   0 MEM_OUT: 71 ACC: 1 BUFF: 71 DC: 0 FLAG_ZERO: False FLAG_LT: 0 FLAG_GT: 1
INPUT_PORT:  []
OUT_PORT:  []
DATA_MEM:  [71, 33]
---------------------------------------
DEBUG    root:machine.py:309 LD 0
TICK: 3449 PC:   0 ADDR:   0 MEM_OUT: 71 ACC: 1 BUFF: 71 DC: 0 FLAG_ZERO: False FLAG_LT: 0 FLAG_GT: 1
INPUT_PORT:  []
OUT_PORT:  []
DATA_MEM:  [71, 33]
---------------------------------------
DEBUG    root:machine.py:309 INC 
TICK: 3453 PC:   1 ADDR:   0 MEM_OUT: 71 ACC: 71 BUFF: 71 DC: 0 FLAG_ZERO: False FLAG_LT: 0 FLAG_GT: 1
INPUT_PORT:  []
OUT_PORT:  []
DATA_MEM:  [71, 33]
---------------------------------------
DEBUG    root:machine.py:309 ST 0
TICK: 3456 PC:   2 ADDR:   0 MEM_OUT: 71 ACC: 72 BUFF: 71 DC: 0 FLAG_ZERO: False FLAG_LT: 0 FLAG_GT: 1
INPUT_PORT:  []
OUT_PORT:  []
DATA_MEM:  [71, 33]
---------------------------------------
DEBUG    root:machine.py:309 CMP 1000
TICK: 3460 PC:   3 ADDR:   0 MEM_OUT: 72 ACC: 72 BUFF: 71 DC: 0 FLAG_ZERO: False FLAG_LT: 0 FLAG_GT: 1
INPUT_PORT:  []
OUT_PORT:  []
DATA_MEM:  [72, 33]
---------------------------------------
DEBUG    root:machine.py:309 JGE 22
TICK: 3463 PC:   4 ADDR:   0 MEM_OUT: 72 ACC: 72 BUFF: 71 DC: 0 FLAG_ZERO: False FLAG_LT: 1 FLAG_GT: 0
INPUT_PORT:  []
OUT_PORT:  []
DATA_MEM:  [72, 33]
---------------------------------------
DEBUG    root:machine.py:309 LD 0
TICK: 3466 PC:   5 ADDR:   0 MEM_OUT: 72 ACC: 72 BUFF: 71 DC: 0 FLAG_ZERO: False FLAG_LT: 1 FLAG_GT: 0
INPUT_PORT:  []
OUT_PORT:  []
DATA_MEM:  [72, 33]
---------------------------------------
DEBUG    root:machine.py:309 MOD 3
TICK: 3470 PC:   6 ADDR:   0 MEM_OUT: 72 ACC: 72 BUFF: 71 DC: 0 FLAG_ZERO: False FLAG_LT: 1 FLAG_GT: 0
INPUT_PORT:  []
OUT_PORT:  []
DATA_MEM:  [72, 33]
---------------------------------------
DEBUG    root:machine.py:309 CMP 0
TICK: 3474 PC:   7 ADDR:   0 MEM_OUT: 72 ACC: 0 BUFF: 72 DC: 0 FLAG_ZERO: False FLAG_LT: 1 FLAG_GT: 0
INPUT_PORT:  []
OUT_PORT:  []
DATA_MEM:  [72, 33]
---------------------------------------
DEBUG    root:machine.py:309 JE 14
TICK: 3477 PC:   8 ADDR:   0 MEM_OUT: 72 ACC: 0 BUFF: 72 DC: 0 FLAG_ZERO: True FLAG_LT: 0 FLAG_GT: 0
INPUT_PORT:  []
OUT_PORT:  []
DATA_MEM:  [72, 33]
---------------------------------------
DEBUG    root:machine.py:309 LD 4
TICK: 3480 PC:  14 ADDR:   0 MEM_OUT: 72 ACC: 0 BUFF: 72 DC: 0 FLAG_ZERO: True FLAG_LT: 0 FLAG_GT: 0
INPUT_PORT:  []
OUT_PORT:  []
DATA_MEM:  [72, 33]
---------------------------------------
DEBUG    root:machine.py:309 INC 
TICK: 3484 PC:  15 ADDR:   1 MEM_OUT: 33 ACC: 33 BUFF: 72 DC: 0 FLAG_ZERO: True FLAG_LT: 0 FLAG_GT: 0
INPUT_PORT:  []
OUT_PORT:  []
DATA_MEM:  [72, 33]
---------------------------------------
DEBUG    root:machine.py:309 ST 4
TICK: 3487 PC:  16 ADDR:   1 MEM_OUT: 33 ACC: 34 BUFF: 72 DC: 0 FLAG_ZERO: True FLAG_LT: 0 FLAG_GT: 0
INPUT_PORT:  []
OUT_PORT:  []
DATA_MEM:  [72, 33]
---------------------------------------
DEBUG    root:machine.py:309 JMP 0
TICK: 3491 PC:  17 ADDR:   1 MEM_OUT: 34 ACC: 34 BUFF: 72 DC: 0 FLAG_ZERO: True FLAG_LT: 0 FLAG_GT: 0
INPUT_PORT:  []
OUT_PORT:  []
DATA_MEM:  [72, 34]
---------------------------------------
DEBUG    root:machine.py:309 LD 0
TICK: 3494 PC:   0 ADDR:   1 MEM_OUT: 34 ACC: 34 BUFF: 72 DC: 0 FLAG_ZERO: True FLAG_LT: 0 FLAG_GT: 0
INPUT_PORT:  []
OUT_PORT:  []
DATA_MEM:  [72, 34]
---------------------------------------
DEBUG    root:machine.py:309 INC 
TICK: 3498 PC:   1 ADDR:   0 MEM_OUT: 72 ACC: 72 BUFF: 72 DC: 0 FLAG_ZERO: True FLAG_LT: 0 FLAG_GT: 0
INPUT_PORT:  []
OUT_PORT:  []
DATA_MEM:  [72, 34]
---------------------------------------
DEBUG    root:machine.py:309 ST 0
TICK: 3501 PC:   2 ADDR:   0 MEM_OUT: 72 ACC: 73 BUFF: 72 DC: 0 FLAG_ZERO: True FLAG_LT: 0 FLAG_GT: 0
INPUT_PORT:  []
OUT_PORT:  []
DATA_MEM:  [72, 34]
---------------------------------------
DEBUG    root:machine.py:309 CMP 1000
TICK: 3505 PC:   3 ADDR:   0 MEM_OUT: 73 ACC: 73 BUFF: 72 DC: 0 FLAG_ZERO: True FLAG_LT: 0 FLAG_GT: 0
INPUT_PORT:  []
OUT_PORT:  []
DATA_MEM:  [73, 34]
---------------------------------------
DEBUG    root:machine.py:309 JGE 22
TICK: 3508 PC:   4 ADDR:   0 MEM_OUT: 73 ACC: 73 BUFF: 72 DC: 0 FLAG_ZERO: False FLAG_LT: 1 FLAG_GT: 0
INPUT_PORT:  []
OUT_PORT:  []
DATA_MEM:  [73, 34]
---------------------------------------
DEBUG    root:machine.py:309 LD 0
TICK: 3511 PC:   5 ADDR:   0 MEM_OUT: 73 ACC: 73 BUFF: 72 DC: 0 FLAG_ZERO: False FLAG_LT: 1 FLAG_GT: 0
INPUT_PORT:  []
OUT_PORT:  []
DATA_MEM:  [73, 34]
---------------------------------------
DEBUG    root:machine.py:309 MOD 3
TICK: 3515 PC:   6 ADDR:   0 MEM_OUT: 73 ACC: 73 BUFF: 72 DC: 0 FLAG_ZERO: False FLAG_LT: 1 FLAG_GT: 0
INPUT_PORT:  []
OUT_PORT:  []
DATA_MEM:  [73, 34]
---------------------------------------
DEBUG    root:machine.py:309 CMP 0
TICK: 3519 PC:   7 ADDR:   0 MEM_OUT: 73 ACC: 1 BUFF: 73 DC: 0 FLAG_ZERO: False FLAG_LT: 1 FLAG_GT: 0
INPUT_PORT:  []
OUT_PORT:  []
DATA_MEM:  [73, 34]
---------------------------------------
DEBUG    root:machine.py:309 JE 14
TICK: 3522 PC:   8 ADDR:   0 MEM_OUT: 73 ACC: 1 BUFF: 73 DC: 0 FLAG_ZERO: False FLAG_LT: 0 FLAG_GT: 1
INPUT_PORT:  []
OUT_PORT:  []
DATA_MEM:  [73, 34]
---------------------------------------
DEBUG    root:machine.py:309 LD 0
TICK: 3525 PC:   9 ADDR:   0 MEM_OUT: 73 ACC: 1 BUFF: 73 DC: 0 FLAG_ZERO: False FLAG_LT: 0 FLAG_GT: 1
INPUT_PORT:  []
OUT_PORT:  []
DATA_MEM:  [73, 34]
---------------------------------------
DEBUG    root:machine.py:309 MOD 5
TICK: 3529 PC:  10 ADDR:   0 MEM_OUT: 73 ACC: 73 BUFF: 73 DC: 0 FLAG_ZERO: False FLAG_LT: 0 FLAG_GT: 1
INPUT_PORT:  []
OUT_PORT:  []
DATA_MEM:  [73, 34]
---------------------------------------
DEBUG    root:machine.py:309 CMP 0
TICK: 3533 PC:  11 ADDR:   0 MEM_OUT: 73 ACC: 3 BUFF: 73 DC: 0 FLAG_ZERO: False FLAG_LT: 0 FLAG_GT: 1
INPUT_PORT:  []
OUT_PORT:  []
DATA_MEM:  [73, 34]
---------------------------------------
DEBUG    root:machine.py:309 JE 18
TICK: 3536 PC:  12 ADDR:   0 MEM_OUT: 73 ACC: 3 BUFF: 73 DC: 0 FLAG_ZERO: False FLAG_LT: 0 FLAG_GT: 1
INPUT_PORT:  []
OUT_PORT:  []
DATA_MEM:  [73, 34]
---------------------------------------
DEBUG    root:machine.py:309 JMP 0
TICK: 3539 PC:  13 ADDR:   0 MEM_OUT: 73 ACC: 3 BUFF: 73 DC: 0 FLAG_ZERO: False FLAG_LT: 0 FLAG_GT: 1
INPUT_PORT:  []
OUT_PORT:  []
DATA_MEM:  [73, 34]
---------------------------------------
DEBUG    root:machine.py:309 LD 0
TICK: 3542 PC:   0 ADDR:   0 MEM_OUT: 73 ACC: 3 BUFF: 73 DC: 0 FLAG_ZERO: False FLAG_LT: 0 FLAG_GT: 1
INPUT_PORT:  []
OUT_PORT:  []
DATA_MEM:  [73, 34]
---------------------------------------
DEBUG    root:machine.py:309 INC 
TICK: 3546 PC:   1 ADDR:   0 MEM_OUT: 73 ACC: 73 BUFF: 73 DC: 0 FLAG_ZERO: False FLAG_LT: 0 FLAG_GT: 1
INPUT_PORT:  []
OUT_PORT:  []
DATA_MEM:  [73, 34]
---------------------------------------
DEBUG    root:machine.py:309 ST 0
TICK: 3549 PC:   2 ADDR:   0 MEM_OUT: 73 ACC: 74 BUFF: 73 DC: 0 FLAG_ZERO: False FLAG_LT: 0 FLAG_GT: 1
INPUT_PORT:  []
OUT_PORT:  []
DATA_MEM:  [73, 34]
---------------------------------------
DEBUG    root:machine.py:309 CMP 1000
TICK: 3553 PC:   3 ADDR:   0 MEM_OUT: 74 ACC: 74 BUFF: 73 DC: 0 FLAG_ZERO: False FLAG_LT: 0 FLAG_GT: 1
INPUT_PORT:  []
OUT_PORT:  []
DATA_MEM:  [74, 34]
---------------------------------------
DEBUG    root:machine.py:309 JGE 22
TICK: 3556 PC:   4 ADDR:   0 MEM_OUT: 74 ACC: 74 BUFF: 73 DC: 0 FLAG_ZERO: False FLAG_LT: 1 FLAG_GT: 0
INPUT_PORT:  []
OUT_PORT:  []
DATA_MEM:  [74, 34]
---------------------------------------
DEBUG    root:machine.py:309 LD 0
TICK: 3559 PC:   5 ADDR:   0 MEM_OUT: 74 ACC: 74 BUFF: 73 DC: 0 FLAG_ZERO: False FLAG_LT: 1 FLAG_GT: 0
INPUT_PORT:  []
OUT_PORT:  []
DATA_MEM:  [74, 34]
---------------------------------------
DEBUG    root:machine.py:309 MOD 3
TICK: 3563 PC:   6 ADDR:   0 MEM_OUT: 74 ACC: 74 BUFF: 73 DC: 0 FLAG_ZERO: False FLAG_LT: 1 FLAG_GT: 0
INPUT_PORT:  []
OUT_PORT:  []
DATA_MEM:  [74, 34]
---------------------------------------
DEBUG    root:machine.py:309 CMP 0
TICK: 3567 PC:   7 ADDR:   0 MEM_OUT: 74 ACC: 2 BUFF: 74 DC: 0 FLAG_ZERO: False FLAG_LT: 1 FLAG_GT: 0
INPUT_PORT:  []
OUT_PORT:  []
DATA_MEM:  [74, 34]
---------------------------------------
DEBUG    root:machine.py:309 JE 14
TICK: 3570 PC:   8 ADDR:   0 MEM_OUT: 74 ACC: 2 BUFF: 74 DC: 0 FLAG_ZERO: False FLAG_LT: 0 FLAG_GT: 1
INPUT_PORT:  []
OUT_PORT:  []
DATA_MEM:  [74, 34]
---------------------------------------
DEBUG    root:machine.py:309 LD 0
TICK: 3573 PC:   9 ADDR:   0 MEM_OUT: 74 ACC: 2 BUFF: 74 DC: 0 FLAG_ZERO: False FLAG_LT: 0 FLAG_GT: 1
INPUT_PORT:  []
OUT_PORT:  []
DATA_MEM:  [74, 34]
---------------------------------------
DEBUG    root:machine.py:309 MOD 5
TICK: 3577 PC:  10 ADDR:   0 MEM_OUT: 74 ACC: 74 BUFF: 74 DC: 0 FLAG_ZERO: False FLAG_LT: 0 FLAG_GT: 1
INPUT_PORT:  []
OUT_PORT:  []
DATA_MEM:  [74, 34]
---------------------------------------
DEBUG    root:machine.py:309 CMP 0
TICK: 3581 PC:  11 ADDR:   0 MEM_OUT: 74 ACC: 4 BUFF: 74 DC: 0 FLAG_ZERO: False FLAG_LT: 0 FLAG_GT: 1
INPUT_PORT:  []
OUT_PORT:  []
DATA_MEM:  [74, 34]
---------------------------------------
DEBUG    root:machine.py:309 JE 18
TICK: 3584 PC:  12 ADDR:   0 MEM_OUT: 74 ACC: 4 BUFF: 74 DC: 0 FLAG_ZERO: False FLAG_LT: 0 FLAG_GT: 1
INPUT_PORT:  []
OUT_PORT:  []
DATA_MEM:  [74, 34]
---------------------------------------
DEBUG    root:machine.py:309 JMP 0
TICK: 3587 PC:  13 ADDR:   0 MEM_OUT: 74 ACC: 4 BUFF: 74 DC: 0 FLAG_ZERO: False FLAG_LT: 0 FLAG_GT: 1
INPUT_PORT:  []
OUT_PORT:  []
DATA_MEM:  [74, 34]
---------------------------------------
DEBUG    root:machine.py:309 LD 0
TICK: 3590 PC:   0 ADDR:   0 MEM_OUT: 74 ACC: 4 BUFF: 74 DC: 0 FLAG_ZERO: False FLAG_LT: 0 FLAG_GT: 1
INPUT_PORT:  []
OUT_PORT:  []
DATA_MEM:  [74, 34]
---------------------------------------
DEBUG    root:machine.py:309 INC 
TICK: 3594 PC:   1 ADDR:   0 MEM_OUT: 74 ACC: 74 BUFF: 74 DC: 0 FLAG_ZERO: False FLAG_LT: 0 FLAG_GT: 1
INPUT_PORT:  []
OUT_PORT:  []
DATA_MEM:  [74, 34]
---------------------------------------
DEBUG    root:machine.py:309 ST 0
TICK: 3597 PC:   2 ADDR:   0 MEM_OUT: 74 ACC: 75 BUFF: 74 DC: 0 FLAG_ZERO: False FLAG_LT: 0 FLAG_GT: 1
INPUT_PORT:  []
OUT_PORT:  []
DATA_MEM:  [74, 34]
---------------------------------------
DEBUG    root:machine.py:309 CMP 1000
TICK: 3601 PC:   3 ADDR:   0 MEM_OUT: 75 ACC: 75 BUFF: 74 DC: 0 FLAG_ZERO: False FLAG_LT: 0 FLAG_GT: 1
INPUT_PORT:  []
OUT_PORT:  []
DATA_MEM:  [75, 34]
---------------------------------------
DEBUG    root:machine.py:309 JGE 22
TICK: 3604 PC:   4 ADDR:   0 MEM_OUT: 75 ACC: 75 BUFF: 74 DC: 0 FLAG_ZERO: False FLAG_LT: 1 FLAG_GT: 0
INPUT_PORT:  []
OUT_PORT:  []
DATA_MEM:  [75, 34]
---------------------------------------
DEBUG    root:machine.py:309 LD 0
TICK: 3607 PC:   5 ADDR:   0 MEM_OUT: 75 ACC: 75 BUFF: 74 DC: 0 FLAG_ZERO: False FLAG_LT: 1 FLAG_GT: 0
INPUT_PORT:  []
OUT_PORT:  []
DATA_MEM:  [75, 34]
---------------------------------------
DEBUG    root:machine.py:309 MOD 3
TICK: 3611 PC:   6 ADDR:   0 MEM_OUT: 75 ACC: 75 BUFF: 74 DC: 0 FLAG_ZERO: False FLAG_LT: 1 FLAG_GT: 0
INPUT_PORT:  []
OUT_PORT:  []
DATA_MEM:  [75, 34]
---------------------------------------
DEBUG    root:machine.py:309 CMP 0
TICK: 3615 PC:   7 ADDR:   0 MEM_OUT: 75 ACC: 0 BUFF: 75 DC: 0 FLAG_ZERO: False FLAG_LT: 1 FLAG_GT: 0
INPUT_PORT:  []
OUT_PORT:  []
DATA_MEM:  [75, 34]
---------------------------------------
DEBUG    root:machine.py:309 JE 14
TICK: 3618 PC:   8 ADDR:   0 MEM_OUT: 75 ACC: 0 BUFF: 75 DC: 0 FLAG_ZERO: True FLAG_LT: 0 FLAG_GT: 0
INPUT_PORT:  []
OUT_PORT:  []
DATA_MEM:  [75, 34]
---------------------------------------
DEBUG    root:machine.py:309 LD 4
TICK: 3621 PC:  14 ADDR:   0 MEM_OUT: 75 ACC: 0 BUFF: 75 DC: 0 FLAG_ZERO: True FLAG_LT: 0 FLAG_GT: 0
INPUT_PORT:  []
OUT_PORT:  []
DATA_MEM:  [75, 34]
---------------------------------------
DEBUG    root:machine.py:309 INC 
TICK: 3625 PC:  15 ADDR:   1 MEM_OUT: 34 ACC: 34 BUFF: 75 DC: 0 FLAG_ZERO: True FLAG_LT: 0 FLAG_GT: 0
INPUT_PORT:  []
OUT_PORT:  []
DATA_MEM:  [75, 34]
---------------------------------------
DEBUG    root:machine.py:309 ST 4
TICK: 3628 PC:  16 ADDR:   1 MEM_OUT: 34 ACC: 35 BUFF: 75 DC: 0 FLAG_ZERO: True FLAG_LT: 0 FLAG_GT: 0
INPUT_PORT:  []
OUT_PORT:  []
DATA_MEM:  [75, 34]
---------------------------------------
DEBUG    root:machine.py:309 JMP 0
TICK: 3632 PC:  17 ADDR:   1 MEM_OUT: 35 ACC: 35 BUFF: 75 DC: 0 FLAG_ZERO: True FLAG_LT: 0 FLAG_GT: 0
INPUT_PORT:  []
OUT_PORT:  []
DATA_MEM:  [75, 35]
---------------------------------------
DEBUG    root:machine.py:309 LD 0
TICK: 3635 PC:   0 ADDR:   1 MEM_OUT: 35 ACC: 35 BUFF: 75 DC: 0 FLAG_ZERO: True FLAG_LT: 0 FLAG_GT: 0
INPUT_PORT:  []
OUT_PORT:  []
DATA_MEM:  [75, 35]
---------------------------------------
DEBUG    root:machine.py:309 INC 
TICK: 3639 PC:   1 ADDR:   0 MEM_OUT: 75 ACC: 75 BUFF: 75 DC: 0 FLAG_ZERO: True FLAG_LT: 0 FLAG_GT: 0
INPUT_PORT:  []
OUT_PORT:  []
DATA_MEM:  [75, 35]
---------------------------------------
DEBUG    root:machine.py:309 ST 0
TICK: 3642 PC:   2 ADDR:   0 MEM_OUT: 75 ACC: 76 BUFF: 75 DC: 0 FLAG_ZERO: True FLAG_LT: 0 FLAG_GT: 0
INPUT_PORT:  []
OUT_PORT:  []
DATA_MEM:  [75, 35]
---------------------------------------
DEBUG    root:machine.py:309 CMP 1000
TICK: 3646 PC:   3 ADDR:   0 MEM_OUT: 76 ACC: 76 BUFF: 75 DC: 0 FLAG_ZERO: True FLAG_LT: 0 FLAG_GT: 0
INPUT_PORT:  []
OUT_PORT:  []
DATA_MEM:  [76, 35]
---------------------------------------
DEBUG    root:machine.py:309 JGE 22
TICK: 3649 PC:   4 ADDR:   0 MEM_OUT: 76 ACC: 76 BUFF: 75 DC: 0 FLAG_ZERO: False FLAG_LT: 1 FLAG_GT: 0
INPUT_PORT:  []
OUT_PORT:  []
DATA_MEM:  [76, 35]
---------------------------------------
DEBUG    root:machine.py:309 LD 0
TICK: 3652 PC:   5 ADDR:   0 MEM_OUT: 76 ACC: 76 BUFF: 75 DC: 0 FLAG_ZERO: False FLAG_LT: 1 FLAG_GT: 0
INPUT_PORT:  []
OUT_PORT:  []
DATA_MEM:  [76, 35]
---------------------------------------
DEBUG    root:machine.py:309 MOD 3
TICK: 3656 PC:   6 ADDR:   0 MEM_OUT: 76 ACC: 76 BUFF: 75 DC: 0 FLAG_ZERO: False FLAG_LT: 1 FLAG_GT: 0
INPUT_PORT:  []
OUT_PORT:  []
DATA_MEM:  [76, 35]
---------------------------------------
DEBUG    root:machine.py:309 CMP 0
TICK: 3660 PC:   7 ADDR:   0 MEM_OUT: 76 ACC: 1 BUFF: 76 DC: 0 FLAG_ZERO: False FLAG_LT: 1 FLAG_GT: 0
INPUT_PORT:  []
OUT_PORT:  []
DATA_MEM:  [76, 35]
---------------------------------------
DEBUG    root:machine.py:309 JE 14
TICK: 3663 PC:   8 ADDR:   0 MEM_OUT: 76 ACC: 1 BUFF: 76 DC: 0 FLAG_ZERO: False FLAG_LT: 0 FLAG_GT: 1
INPUT_PORT:  []
OUT_PORT:  []
DATA_MEM:  [76, 35]
---------------------------------------
DEBUG    root:machine.py:309 LD 0
TICK: 3666 PC:   9 ADDR:   0 MEM_OUT: 76 ACC: 1 BUFF: 76 DC: 0 FLAG_ZERO: False FLAG_LT: 0 FLAG_GT: 1
INPUT_PORT:  []
OUT_PORT:  []
DATA_MEM:  [76, 35]
---------------------------------------
DEBUG    root:machine.py:309 MOD 5
TICK: 3670 PC:  10 ADDR:   0 MEM_OUT: 76 ACC: 76 BUFF: 76 DC: 0 FLAG_ZERO: False FLAG_LT: 0 FLAG_GT: 1
INPUT_PORT:  []
OUT_PORT:  []
DATA_MEM:  [76, 35]
---------------------------------------
DEBUG    root:machine.py:309 CMP 0
TICK: 3674 PC:  11 ADDR:   0 MEM_OUT: 76 ACC: 1 BUFF: 76 DC: 0 FLAG_ZERO: False FLAG_LT: 0 FLAG_GT: 1
INPUT_PORT:  []
OUT_PORT:  []
DATA_MEM:  [76, 35]
---------------------------------------
DEBUG    root:machine.py:309 JE 18
TICK: 3677 PC:  12 ADDR:   0 MEM_OUT: 76 ACC: 1 BUFF: 76 DC: 0 FLAG_ZERO: False FLAG_LT: 0 FLAG_GT: 1
INPUT_PORT:  []
OUT_PORT:  []
DATA_MEM:  [76, 35]
---------------------------------------
DEBUG    root:machine.py:309 JMP 0
TICK: 3680 PC:  13 ADDR:   0 MEM_OUT: 76 ACC: 1 BUFF: 76 DC: 0 FLAG_ZERO: False FLAG_LT: 0 FLAG_GT: 1
INPUT_PORT:  []
OUT_PORT:  []
DATA_MEM:  [76, 35]
---------------------------------------
DEBUG    root:machine.py:309 LD 0
TICK: 3683 PC:   0 ADDR:   0 MEM_OUT: 76 ACC: 1 BUFF: 76 DC: 0 FLAG_ZERO: False FLAG_LT: 0 FLAG_GT: 1
INPUT_PORT:  []
OUT_PORT:  []
DATA_MEM:  [76, 35]
---------------------------------------
DEBUG    root:machine.py:309 INC 
TICK: 3687 PC:   1 ADDR:   0 MEM_OUT: 76 ACC: 76 BUFF: 76 DC: 0 FLAG_ZERO: False FLAG_LT: 0 FLAG_GT: 1
INPUT_PORT:  []
OUT_PORT:  []
DATA_MEM:  [76, 35]
---------------------------------------
DEBUG    root:machine.py:309 ST 0
TICK: 3690 PC:   2 ADDR:   0 MEM_OUT: 76 ACC: 77 BUFF: 76 DC: 0 FLAG_ZERO: False FLAG_LT: 0 FLAG_GT: 1
INPUT_PORT:  []
OUT_PORT:  []
DATA_MEM:  [76, 35]
---------------------------------------
DEBUG    root:machine.py:309 CMP 1000
TICK: 3694 PC:   3 ADDR:   0 MEM_OUT: 77 ACC: 77 BUFF: 76 DC: 0 FLAG_ZERO: False FLAG_LT: 0 FLAG_GT: 1
INPUT_PORT:  []
OUT_PORT:  []
DATA_MEM:  [77, 35]
---------------------------------------
DEBUG    root:machine.py:309 JGE 22
TICK: 3697 PC:   4 ADDR:   0 MEM_OUT: 77 ACC: 77 BUFF: 76 DC: 0 FLAG_ZERO: False FLAG_LT: 1 FLAG_GT: 0
INPUT_PORT:  []
OUT_PORT:  []
DATA_MEM:  [77, 35]
---------------------------------------
DEBUG    root:machine.py:309 LD 0
TICK: 3700 PC:   5 ADDR:   0 MEM_OUT: 77 ACC: 77 BUFF: 76 DC: 0 FLAG_ZERO: False FLAG_LT: 1 FLAG_GT: 0
INPUT_PORT:  []
OUT_PORT:  []
DATA_MEM:  [77, 35]
---------------------------------------
DEBUG    root:machine.py:309 MOD 3
TICK: 3704 PC:   6 ADDR:   0 MEM_OUT: 77 ACC: 77 BUFF: 76 DC: 0 FLAG_ZERO: False FLAG_LT: 1 FLAG_GT: 0
INPUT_PORT:  []
OUT_PORT:  []
DATA_MEM:  [77, 35]
---------------------------------------
DEBUG    root:machine.py:309 CMP 0
TICK: 3708 PC:   7 ADDR:   0 MEM_OUT: 77 ACC: 2 BUFF: 77 DC: 0 FLAG_ZERO: False FLAG_LT: 1 FLAG_GT: 0
INPUT_PORT:  []
OUT_PORT:  []
DATA_MEM:  [77, 35]
---------------------------------------
DEBUG    root:machine.py:309 JE 14
TICK: 3711 PC:   8 ADDR:   0 MEM_OUT: 77 ACC: 2 BUFF: 77 DC: 0 FLAG_ZERO: False FLAG_LT: 0 FLAG_GT: 1
INPUT_PORT:  []
OUT_PORT:  []
DATA_MEM:  [77, 35]
---------------------------------------
DEBUG    root:machine.py:309 LD 0
TICK: 3714 PC:   9 ADDR:   0 MEM_OUT: 77 ACC: 2 BUFF: 77 DC: 0 FLAG_ZERO: False FLAG_LT: 0 FLAG_GT: 1
INPUT_PORT:  []
OUT_PORT:  []
DATA_MEM:  [77, 35]
---------------------------------------
DEBUG    root:machine.py:309 MOD 5
TICK: 3718 PC:  10 ADDR:   0 MEM_OUT: 77 ACC: 77 BUFF: 77 DC: 0 FLAG_ZERO: False FLAG_LT: 0 FLAG_GT: 1
INPUT_PORT:  []
OUT_PORT:  []
DATA_MEM:  [77, 35]
---------------------------------------
DEBUG    root:machine.py:309 CMP 0
TICK: 3722 PC:  11 ADDR:   0 MEM_OUT: 77 ACC: 2 BUFF: 77 DC: 0 FLAG_ZERO: False FLAG_LT: 0 FLAG_GT: 1
INPUT_PORT:  []
OUT_PORT:  []
DATA_MEM:  [77, 35]
---------------------------------------
DEBUG    root:machine.py:309 JE 18
TICK: 3725 PC:  12 ADDR:   0 MEM_OUT: 77 ACC: 2 BUFF: 77 DC: 0 FLAG_ZERO: False FLAG_LT: 0 FLAG_GT: 1
INPUT_PORT:  []
OUT_PORT:  []
DATA_MEM:  [77, 35]
---------------------------------------
DEBUG    root:machine.py:309 JMP 0
TICK: 3728 PC:  13 ADDR:   0 MEM_OUT: 77 ACC: 2 BUFF: 77 DC: 0 FLAG_ZERO: False FLAG_LT: 0 FLAG_GT: 1
INPUT_PORT:  []
OUT_PORT:  []
DATA_MEM:  [77, 35]
---------------------------------------
DEBUG    root:machine.py:309 LD 0
TICK: 3731 PC:   0 ADDR:   0 MEM_OUT: 77 ACC: 2 BUFF: 77 DC: 0 FLAG_ZERO: False FLAG_LT: 0 FLAG_GT: 1
INPUT_PORT:  []
OUT_PORT:  []
DATA_MEM:  [77, 35]
---------------------------------------
DEBUG    root:machine.py:309 INC 
TICK: 3735 PC:   1 ADDR:   0 MEM_OUT: 77 ACC: 77 BUFF: 77 DC: 0 FLAG_ZERO: False FLAG_LT: 0 FLAG_GT: 1
INPUT_PORT:  []
OUT_PORT:  []
DATA_MEM:  [77, 35]
---------------------------------------
DEBUG    root:machine.py:309 ST 0
TICK: 3738 PC:   2 ADDR:   0 MEM_OUT: 77 ACC: 78 BUFF: 77 DC: 0 FLAG_ZERO: False FLAG_LT: 0 FLAG_GT: 1
INPUT_PORT:  []
OUT_PORT:  []
DATA_MEM:  [77, 35]
---------------------------------------
DEBUG    root:machine.py:309 CMP 1000
TICK: 3742 PC:   3 ADDR:   0 MEM_OUT: 78 ACC: 78 BUFF: 77 DC: 0 FLAG_ZERO: False FLAG_LT: 0 FLAG_GT: 1
INPUT_PORT:  []
OUT_PORT:  []
DATA_MEM:  [78, 35]
---------------------------------------
DEBUG    root:machine.py:309 JGE 22
TICK: 3745 PC:   4 ADDR:   0 MEM_OUT: 78 ACC: 78 BUFF: 77 DC: 0 FLAG_ZERO: False FLAG_LT: 1 FLAG_GT: 0
INPUT_PORT:  []
OUT_PORT:  []
DATA_MEM:  [78, 35]
---------------------------------------
DEBUG    root:machine.py:309 LD 0
TICK: 3748 PC:   5 ADDR:   0 MEM_OUT: 78 ACC: 78 BUFF: 77 DC: 0 FLAG_ZERO: False FLAG_LT: 1 FLAG_GT: 0
INPUT_PORT:  []
OUT_PORT:  []
DATA_MEM:  [78, 35]
---------------------------------------
DEBUG    root:machine.py:309 MOD 3
TICK: 3752 PC:   6 ADDR:   0 MEM_OUT: 78 ACC: 78 BUFF: 77 DC: 0 FLAG_ZERO: False FLAG_LT: 1 FLAG_GT: 0
INPUT_PORT:  []
OUT_PORT:  []
DATA_MEM:  [78, 35]
---------------------------------------
DEBUG    root:machine.py:309 CMP 0
TICK: 3756 PC:   7 ADDR:   0 MEM_OUT: 78 ACC: 0 BUFF: 78 DC: 0 FLAG_ZERO: False FLAG_LT: 1 FLAG_GT: 0
INPUT_PORT:  []
OUT_PORT:  []
DATA_MEM:  [78, 35]
---------------------------------------
DEBUG    root:machine.py:309 JE 14
TICK: 3759 PC:   8 ADDR:   0 MEM_OUT: 78 ACC: 0 BUFF: 78 DC: 0 FLAG_ZERO: True FLAG_LT: 0 FLAG_GT: 0
INPUT_PORT:  []
OUT_PORT:  []
DATA_MEM:  [78, 35]
---------------------------------------
DEBUG    root:machine.py:309 LD 4
TICK: 3762 PC:  14 ADDR:   0 MEM_OUT: 78 ACC: 0 BUFF: 78 DC: 0 FLAG_ZERO: True FLAG_LT: 0 FLAG_GT: 0
INPUT_PORT:  []
OUT_PORT:  []
DATA_MEM:  [78, 35]
---------------------------------------
DEBUG    root:machine.py:309 INC 
TICK: 3766 PC:  15 ADDR:   1 MEM_OUT: 35 ACC: 35 BUFF: 78 DC: 0 FLAG_ZERO: True FLAG_LT: 0 FLAG_GT: 0
INPUT_PORT:  []
OUT_PORT:  []
DATA_MEM:  [78, 35]
---------------------------------------
DEBUG    root:machine.py:309 ST 4
TICK: 3769 PC:  16 ADDR:   1 MEM_OUT: 35 ACC: 36 BUFF: 78 DC: 0 FLAG_ZERO: True FLAG_LT: 0 FLAG_GT: 0
INPUT_PORT:  []
OUT_PORT:  []
DATA_MEM:  [78, 35]
---------------------------------------
DEBUG    root:machine.py:309 JMP 0
TICK: 3773 PC:  17 ADDR:   1 MEM_OUT: 36 ACC: 36 BUFF: 78 DC: 0 FLAG_ZERO: True FLAG_LT: 0 FLAG_GT: 0
INPUT_PORT:  []
OUT_PORT:  []
DATA_MEM:  [78, 36]
---------------------------------------
DEBUG    root:machine.py:309 LD 0
TICK: 3776 PC:   0 ADDR:   1 MEM_OUT: 36 ACC: 36 BUFF: 78 DC: 0 FLAG_ZERO: True FLAG_LT: 0 FLAG_GT: 0
INPUT_PORT:  []
OUT_PORT:  []
DATA_MEM:  [78, 36]
---------------------------------------
DEBUG    root:machine.py:309 INC 
TICK: 3780 PC:   1 ADDR:   0 MEM_OUT: 78 ACC: 78 BUFF: 78 DC: 0 FLAG_ZERO: True FLAG_LT: 0 FLAG_GT: 0
INPUT_PORT:  []
OUT_PORT:  []
DATA_MEM:  [78, 36]
---------------------------------------
DEBUG    root:machine.py:309 ST 0
TICK: 3783 PC:   2 ADDR:   0 MEM_OUT: 78 ACC: 79 BUFF: 78 DC: 0 FLAG_ZERO: True FLAG_LT: 0 FLAG_GT: 0
INPUT_PORT:  []
OUT_PORT:  []
DATA_MEM:  [78, 36]
---------------------------------------
DEBUG    root:machine.py:309 CMP 1000
TICK: 3787 PC:   3 ADDR:   0 MEM_OUT: 79 ACC: 79 BUFF: 78 DC: 0 FLAG_ZERO: True FLAG_LT: 0 FLAG_GT: 0
INPUT_PORT:  []
OUT_PORT:  []
DATA_MEM:  [79, 36]
---------------------------------------
DEBUG    root:machine.py:309 JGE 22
TICK: 3790 PC:   4 ADDR:   0 MEM_OUT: 79 ACC: 79 BUFF: 78 DC: 0 FLAG_ZERO: False FLAG_LT: 1 FLAG_GT: 0
INPUT_PORT:  []
OUT_PORT:  []
DATA_MEM:  [79, 36]
---------------------------------------
DEBUG    root:machine.py:309 LD 0
TICK: 3793 PC:   5 ADDR:   0 MEM_OUT: 79 ACC: 79 BUFF: 78 DC: 0 FLAG_ZERO: False FLAG_LT: 1 FLAG_GT: 0
INPUT_PORT:  []
OUT_PORT:  []
DATA_MEM:  [79, 36]
---------------------------------------
DEBUG    root:machine.py:309 MOD 3
TICK: 3797 PC:   6 ADDR:   0 MEM_OUT: 79 ACC: 79 BUFF: 78 DC: 0 FLAG_ZERO: False FLAG_LT: 1 FLAG_GT: 0
INPUT_PORT:  []
OUT_PORT:  []
DATA_MEM:  [79, 36]
---------------------------------------
DEBUG    root:machine.py:309 CMP 0
TICK: 3801 PC:   7 ADDR:   0 MEM_OUT: 79 ACC: 1 BUFF: 79 DC: 0 FLAG_ZERO: False FLAG_LT: 1 FLAG_GT: 0
INPUT_PORT:  []
OUT_PORT:  []
DATA_MEM:  [79, 36]
---------------------------------------
DEBUG    root:machine.py:309 JE 14
TICK: 3804 PC:   8 ADDR:   0 MEM_OUT: 79 ACC: 1 BUFF: 79 DC: 0 FLAG_ZERO: False FLAG_LT: 0 FLAG_GT: 1
INPUT_PORT:  []
OUT_PORT:  []
DATA_MEM:  [79, 36]
---------------------------------------
DEBUG    root:machine.py:309 LD 0
TICK: 3807 PC:   9 ADDR:   0 MEM_OUT: 79 ACC: 1 BUFF: 79 DC: 0 FLAG_ZERO: False FLAG_LT: 0 FLAG_GT: 1
INPUT_PORT:  []
OUT_PORT:  []
DATA_MEM:  [79, 36]
---------------------------------------
DEBUG    root:machine.py:309 MOD 5
TICK: 3811 PC:  10 ADDR:   0 MEM_OUT: 79 ACC: 79 BUFF: 79 DC: 0 FLAG_ZERO: False FLAG_LT: 0 FLAG_GT: 1
INPUT_PORT:  []
OUT_PORT:  []
DATA_MEM:  [79, 36]
---------------------------------------
DEBUG    root:machine.py:309 CMP 0
TICK: 3815 PC:  11 ADDR:   0 MEM_OUT: 79 ACC: 4 BUFF: 79 DC: 0 FLAG_ZERO: False FLAG_LT: 0 FLAG_GT: 1
INPUT_PORT:  []
OUT_PORT:  []
DATA_MEM:  [79, 36]
---------------------------------------
DEBUG    root:machine.py:309 JE 18
TICK: 3818 PC:  12 ADDR:   0 MEM_OUT: 79 ACC: 4 BUFF: 79 DC: 0 FLAG_ZERO: False FLAG_LT: 0 FLAG_GT: 1
INPUT_PORT:  []
OUT_PORT:  []
DATA_MEM:  [79, 36]
---------------------------------------
DEBUG    root:machine.py:309 JMP 0
TICK: 3821 PC:  13 ADDR:   0 MEM_OUT: 79 ACC: 4 BUFF: 79 DC: 0 FLAG_ZERO: False FLAG_LT: 0 FLAG_GT: 1
INPUT_PORT:  []
OUT_PORT:  []
DATA_MEM:  [79, 36]
---------------------------------------
DEBUG    root:machine.py:309 LD 0
TICK: 3824 PC:   0 ADDR:   0 MEM_OUT: 79 ACC: 4 BUFF: 79 DC: 0 FLAG_ZERO: False FLAG_LT: 0 FLAG_GT: 1
INPUT_PORT:  []
OUT_PORT:  []
DATA_MEM:  [79, 36]
---------------------------------------
DEBUG    root:machine.py:309 INC 
TICK: 3828 PC:   1 ADDR:   0 MEM_OUT: 79 ACC: 79 BUFF: 79 DC: 0 FLAG_ZERO: False FLAG_LT: 0 FLAG_GT: 1
INPUT_PORT:  []
OUT_PORT:  []
DATA_MEM:  [79, 36]
---------------------------------------
DEBUG    root:machine.py:309 ST 0
TICK: 3831 PC:   2 ADDR:   0 MEM_OUT: 79 ACC: 80 BUFF: 79 DC: 0 FLAG_ZERO: False FLAG_LT: 0 FLAG_GT: 1
INPUT_PORT:  []
OUT_PORT:  []
DATA_MEM:  [79, 36]
---------------------------------------
DEBUG    root:machine.py:309 CMP 1000
TICK: 3835 PC:   3 ADDR:   0 MEM_OUT: 80 ACC: 80 BUFF: 79 DC: 0 FLAG_ZERO: False FLAG_LT: 0 FLAG_GT: 1
INPUT_PORT:  []
OUT_PORT:  []
DATA_MEM:  [80, 36]
---------------------------------------
DEBUG    root:machine.py:309 JGE 22
TICK: 3838 PC:   4 ADDR:   0 MEM_OUT: 80 ACC: 80 BUFF: 79 DC: 0 FLAG_ZERO: False FLAG_LT: 1 FLAG_GT: 0
INPUT_PORT:  []
OUT_PORT:  []
DATA_MEM:  [80, 36]
---------------------------------------
DEBUG    root:machine.py:309 LD 0
TICK: 3841 PC:   5 ADDR:   0 MEM_OUT: 80 ACC: 80 BUFF: 79 DC: 0 FLAG_ZERO: False FLAG_LT: 1 FLAG_GT: 0
INPUT_PORT:  []
OUT_PORT:  []
DATA_MEM:  [80, 36]
---------------------------------------
DEBUG    root:machine.py:309 MOD 3
TICK: 3845 PC:   6 ADDR:   0 MEM_OUT: 80 ACC: 80 BUFF: 79 DC: 0 FLAG_ZERO: False FLAG_LT: 1 FLAG_GT: 0
INPUT_PORT:  []
OUT_PORT:  []
DATA_MEM:  [80, 36]
---------------------------------------
DEBUG    root:machine.py:309 CMP 0
TICK: 3849 PC:   7 ADDR:   0 MEM_OUT: 80 ACC: 2 BUFF: 80 DC: 0 FLAG_ZERO: False FLAG_LT: 1 FLAG_GT: 0
INPUT_PORT:  []
OUT_PORT:  []
DATA_MEM:  [80, 36]
---------------------------------------
DEBUG    root:machine.py:309 JE 14
TICK: 3852 PC:   8 ADDR:   0 MEM_OUT: 80 ACC: 2 BUFF: 80 DC: 0 FLAG_ZERO: False FLAG_LT: 0 FLAG_GT: 1
INPUT_PORT:  []
OUT_PORT:  []
DATA_MEM:  [80, 36]
---------------------------------------
DEBUG    root:machine.py:309 LD 0
TICK: 3855 PC:   9 ADDR:   0 MEM_OUT: 80 ACC: 2 BUFF: 80 DC: 0 FLAG_ZERO: False FLAG_LT: 0 FLAG_GT: 1
INPUT_PORT:  []
OUT_PORT:  []
DATA_MEM:  [80, 36]
---------------------------------------
DEBUG    root:machine.py:309 MOD 5
TICK: 3859 PC:  10 ADDR:   0 MEM_OUT: 80 ACC: 80 BUFF: 80 DC: 0 FLAG_ZERO: False FLAG_LT: 0 FLAG_GT: 1
INPUT_PORT:  []
OUT_PORT:  []
DATA_MEM:  [80, 36]
---------------------------------------
DEBUG    root:machine.py:309 CMP 0
TICK: 3863 PC:  11 ADDR:   0 MEM_OUT: 80 ACC: 0 BUFF: 80 DC: 0 FLAG_ZERO: False FLAG_LT: 0 FLAG_GT: 1
INPUT_PORT:  []
OUT_PORT:  []
DATA_MEM:  [80, 36]
---------------------------------------
DEBUG    root:machine.py:309 JE 18
TICK: 3866 PC:  12 ADDR:   0 MEM_OUT: 80 ACC: 0 BUFF: 80 DC: 0 FLAG_ZERO: True FLAG_LT: 0 FLAG_GT: 0
INPUT_PORT:  []
OUT_PORT:  []
DATA_MEM:  [80, 36]
---------------------------------------
DEBUG    root:machine.py:309 LD 4
TICK: 3869 PC:  18 ADDR:   0 MEM_OUT: 80 ACC: 0 BUFF: 80 DC: 0 FLAG_ZERO: True FLAG_LT: 0 FLAG_GT: 0
INPUT_PORT:  []
OUT_PORT:  []
DATA_MEM:  [80, 36]
---------------------------------------
DEBUG    root:machine.py:309 INC 
TICK: 3873 PC:  19 ADDR:   1 MEM_OUT: 36 ACC: 36 BUFF: 80 DC: 0 FLAG_ZERO: True FLAG_LT: 0 FLAG_GT: 0
INPUT_PORT:  []
OUT_PORT:  []
DATA_MEM:  [80, 36]
---------------------------------------
DEBUG    root:machine.py:309 ST 4
TICK: 3876 PC:  20 ADDR:   1 MEM_OUT: 36 ACC: 37 BUFF: 80 DC: 0 FLAG_ZERO: True FLAG_LT: 0 FLAG_GT: 0
INPUT_PORT:  []
OUT_PORT:  []
DATA_MEM:  [80, 36]
---------------------------------------
DEBUG    root:machine.py:309 JMP 0
TICK: 3880 PC:  21 ADDR:   1 MEM_OUT: 37 ACC: 37 BUFF: 80 DC: 0 FLAG_ZERO: True FLAG_LT: 0 FLAG_GT: 0
INPUT_PORT:  []
OUT_PORT:  []
DATA_MEM:  [80, 37]
---------------------------------------
DEBUG    root:machine.py:309 LD 0
TICK: 3883 PC:   0 ADDR:   1 MEM_OUT: 37 ACC: 37 BUFF: 80 DC: 0 FLAG_ZERO: True FLAG_LT: 0 FLAG_GT: 0
INPUT_PORT:  []
OUT_PORT:  []
DATA_MEM:  [80, 37]
---------------------------------------
DEBUG    root:machine.py:309 INC 
TICK: 3887 PC:   1 ADDR:   0 MEM_OUT: 80 ACC: 80 BUFF: 80 DC: 0 FLAG_ZERO: True FLAG_LT: 0 FLAG_GT: 0
INPUT_PORT:  []
OUT_PORT:  []
DATA_MEM:  [80, 37]
---------------------------------------
DEBUG    root:machine.py:309 ST 0
TICK: 3890 PC:   2 ADDR:   0 MEM_OUT: 80 ACC: 81 BUFF: 80 DC: 0 FLAG_ZERO: True FLAG_LT: 0 FLAG_GT: 0
INPUT_PORT:  []
OUT_PORT:  []
DATA_MEM:  [80, 37]
---------------------------------------
DEBUG    root:machine.py:309 CMP 1000
TICK: 3894 PC:   3 ADDR:   0 MEM_OUT: 81 ACC: 81 BUFF: 80 DC: 0 FLAG_ZERO: True FLAG_LT: 0 FLAG_GT: 0
INPUT_PORT:  []
OUT_PORT:  []
DATA_MEM:  [81, 37]
---------------------------------------
DEBUG    root:machine.py:309 JGE 22
TICK: 3897 PC:   4 ADDR:   0 MEM_OUT: 81 ACC: 81 BUFF: 80 DC: 0 FLAG_ZERO: False FLAG_LT: 1 FLAG_GT: 0
INPUT_PORT:  []
OUT_PORT:  []
DATA_MEM:  [81, 37]
---------------------------------------
DEBUG    root:machine.py:309 LD 0
TICK: 3900 PC:   5 ADDR:   0 MEM_OUT: 81 ACC: 81 BUFF: 80 DC: 0 FLAG_ZERO: False FLAG_LT: 1 FLAG_GT: 0
INPUT_PORT:  []
OUT_PORT:  []
DATA_MEM:  [81, 37]
---------------------------------------
DEBUG    root:machine.py:309 MOD 3
TICK: 3904 PC:   6 ADDR:   0 MEM_OUT: 81 ACC: 81 BUFF: 80 DC: 0 FLAG_ZERO: False FLAG_LT: 1 FLAG_GT: 0
INPUT_PORT:  []
OUT_PORT:  []
DATA_MEM:  [81, 37]
---------------------------------------
DEBUG    root:machine.py:309 CMP 0
TICK: 3908 PC:   7 ADDR:   0 MEM_OUT: 81 ACC: 0 BUFF: 81 DC: 0 FLAG_ZERO: False FLAG_LT: 1 FLAG_GT: 0
INPUT_PORT:  []
OUT_PORT:  []
DATA_MEM:  [81, 37]
---------------------------------------
DEBUG    root:machine.py:309 JE 14
TICK: 3911 PC:   8 ADDR:   0 MEM_OUT: 81 ACC: 0 BUFF: 81 DC: 0 FLAG_ZERO: True FLAG_LT: 0 FLAG_GT: 0
INPUT_PORT:  []
OUT_PORT:  []
DATA_MEM:  [81, 37]
---------------------------------------
DEBUG    root:machine.py:309 LD 4
TICK: 3914 PC:  14 ADDR:   0 MEM_OUT: 81 ACC: 0 BUFF: 81 DC: 0 FLAG_ZERO: True FLAG_LT: 0 FLAG_GT: 0
INPUT_PORT:  []
OUT_PORT:  []
DATA_MEM:  [81, 37]
---------------------------------------
DEBUG    root:machine.py:309 INC 
TICK: 3918 PC:  15 ADDR:   1 MEM_OUT: 37 ACC: 37 BUFF: 81 DC: 0 FLAG_ZERO: True FLAG_LT: 0 FLAG_GT: 0
INPUT_PORT:  []
OUT_PORT:  []
DATA_MEM:  [81, 37]
---------------------------------------
DEBUG    root:machine.py:309 ST 4
TICK: 3921 PC:  16 ADDR:   1 MEM_OUT: 37 ACC: 38 BUFF: 81 DC: 0 FLAG_ZERO: True FLAG_LT: 0 FLAG_GT: 0
INPUT_PORT:  []
OUT_PORT:  []
DATA_MEM:  [81, 37]
---------------------------------------
DEBUG    root:machine.py:309 JMP 0
TICK: 3925 PC:  17 ADDR:   1 MEM_OUT: 38 ACC: 38 BUFF: 81 DC: 0 FLAG_ZERO: True FLAG_LT: 0 FLAG_GT: 0
INPUT_PORT:  []
OUT_PORT:  []
DATA_MEM:  [81, 38]
---------------------------------------
DEBUG    root:machine.py:309 LD 0
TICK: 3928 PC:   0 ADDR:   1 MEM_OUT: 38 ACC: 38 BUFF: 81 DC: 0 FLAG_ZERO: True FLAG_LT: 0 FLAG_GT: 0
INPUT_PORT:  []
OUT_PORT:  []
DATA_MEM:  [81, 38]
---------------------------------------
DEBUG    root:machine.py:309 INC 
TICK: 3932 PC:   1 ADDR:   0 MEM_OUT: 81 ACC: 81 BUFF: 81 DC: 0 FLAG_ZERO: True FLAG_LT: 0 FLAG_GT: 0
INPUT_PORT:  []
OUT_PORT:  []
DATA_MEM:  [81, 38]
---------------------------------------
DEBUG    root:machine.py:309 ST 0
TICK: 3935 PC:   2 ADDR:   0 MEM_OUT: 81 ACC: 82 BUFF: 81 DC: 0 FLAG_ZERO: True FLAG_LT: 0 FLAG_GT: 0
INPUT_PORT:  []
OUT_PORT:  []
DATA_MEM:  [81, 38]
---------------------------------------
DEBUG    root:machine.py:309 CMP 1000
TICK: 3939 PC:   3 ADDR:   0 MEM_OUT: 82 ACC: 82 BUFF: 81 DC: 0 FLAG_ZERO: True FLAG_LT: 0 FLAG_GT: 0
INPUT_PORT:  []
OUT_PORT:  []
DATA_MEM:  [82, 38]
---------------------------------------
DEBUG    root:machine.py:309 JGE 22
TICK: 3942 PC:   4 ADDR:   0 MEM_OUT: 82 ACC: 82 BUFF: 81 DC: 0 FLAG_ZERO: False FLAG_LT: 1 FLAG_GT: 0
INPUT_PORT:  []
OUT_PORT:  []
DATA_MEM:  [82, 38]
---------------------------------------
DEBUG    root:machine.py:309 LD 0
TICK: 3945 PC:   5 ADDR:   0 MEM_OUT: 82 ACC: 82 BUFF: 81 DC: 0 FLAG_ZERO: False FLAG_LT: 1 FLAG_GT: 0
INPUT_PORT:  []
OUT_PORT:  []
DATA_MEM:  [82, 38]
---------------------------------------
DEBUG    root:machine.py:309 MOD 3
TICK: 3949 PC:   6 ADDR:   0 MEM_OUT: 82 ACC: 82 BUFF: 81 DC: 0 FLAG_ZERO: False FLAG_LT: 1 FLAG_GT: 0
INPUT_PORT:  []
OUT_PORT:  []
DATA_MEM:  [82, 38]
---------------------------------------
DEBUG    root:machine.py:309 CMP 0
TICK: 3953 PC:   7 ADDR:   0 MEM_OUT: 82 ACC: 1 BUFF: 82 DC: 0 FLAG_ZERO: False FLAG_LT: 1 FLAG_GT: 0
INPUT_PORT:  []
OUT_PORT:  []
DATA_MEM:  [82, 38]
---------------------------------------
DEBUG    root:machine.py:309 JE 14
TICK: 3956 PC:   8 ADDR:   0 MEM_OUT: 82 ACC: 1 BUFF: 82 DC: 0 FLAG_ZERO: False FLAG_LT: 0 FLAG_GT: 1
INPUT_PORT:  []
OUT_PORT:  []
DATA_MEM:  [82, 38]
---------------------------------------
DEBUG    root:machine.py:309 LD 0
TICK: 3959 PC:   9 ADDR:   0 MEM_OUT: 82 ACC: 1 BUFF: 82 DC: 0 FLAG_ZERO: False FLAG_LT: 0 FLAG_GT: 1
INPUT_PORT:  []
OUT_PORT:  []
DATA_MEM:  [82, 38]
---------------------------------------
DEBUG    root:machine.py:309 MOD 5
TICK: 3963 PC:  10 ADDR:   0 MEM_OUT: 82 ACC: 82 BUFF: 82 DC: 0 FLAG_ZERO: False FLAG_LT: 0 FLAG_GT: 1
INPUT_PORT:  []
OUT_PORT:  []
DATA_MEM:  [82, 38]
---------------------------------------
DEBUG    root:machine.py:309 CMP 0
TICK: 3967 PC:  11 ADDR:   0 MEM_OUT: 82 ACC: 2 BUFF: 82 DC: 0 FLAG_ZERO: False FLAG_LT: 0 FLAG_GT: 1
INPUT_PORT:  []
OUT_PORT:  []
DATA_MEM:  [82, 38]
---------------------------------------
DEBUG    root:machine.py:309 JE 18
TICK: 3970 PC:  12 ADDR:   0 MEM_OUT: 82 ACC: 2 BUFF: 82 DC: 0 FLAG_ZERO: False FLAG_LT: 0 FLAG_GT: 1
INPUT_PORT:  []
OUT_PORT:  []
DATA_MEM:  [82, 38]
---------------------------------------
DEBUG    root:machine.py:309 JMP 0
TICK: 3973 PC:  13 ADDR:   0 MEM_OUT: 82 ACC: 2 BUFF: 82 DC: 0 FLAG_ZERO: False FLAG_LT: 0 FLAG_GT: 1
INPUT_PORT:  []
OUT_PORT:  []
DATA_MEM:  [82, 38]
---------------------------------------
DEBUG    root:machine.py:309 LD 0
TICK: 3976 PC:   0 ADDR:   0 MEM_OUT: 82 ACC: 2 BUFF: 82 DC: 0 FLAG_ZERO: False FLAG_LT: 0 FLAG_GT: 1
INPUT_PORT:  []
OUT_PORT:  []
DATA_MEM:  [82, 38]
---------------------------------------
DEBUG    root:machine.py:309 INC 
TICK: 3980 PC:   1 ADDR:   0 MEM_OUT: 82 ACC: 82 BUFF: 82 DC: 0 FLAG_ZERO: False FLAG_LT: 0 FLAG_GT: 1
INPUT_PORT:  []
OUT_PORT:  []
DATA_MEM:  [82, 38]
---------------------------------------
DEBUG    root:machine.py:309 ST 0
TICK: 3983 PC:   2 ADDR:   0 MEM_OUT: 82 ACC: 83 BUFF: 82 DC: 0 FLAG_ZERO: False FLAG_LT: 0 FLAG_GT: 1
INPUT_PORT:  []
OUT_PORT:  []
DATA_MEM:  [82, 38]
---------------------------------------
DEBUG    root:machine.py:309 CMP 1000
TICK: 3987 PC:   3 ADDR:   0 MEM_OUT: 83 ACC: 83 BUFF: 82 DC: 0 FLAG_ZERO: False FLAG_LT: 0 FLAG_GT: 1
INPUT_PORT:  []
OUT_PORT:  []
DATA_MEM:  [83, 38]
---------------------------------------
DEBUG    root:machine.py:309 JGE 22
TICK: 3990 PC:   4 ADDR:   0 MEM_OUT: 83 ACC: 83 BUFF: 82 DC: 0 FLAG_ZERO: False FLAG_LT: 1 FLAG_GT: 0
INPUT_PORT:  []
OUT_PORT:  []
DATA_MEM:  [83, 38]
---------------------------------------
DEBUG    root:machine.py:309 LD 0
TICK: 3993 PC:   5 ADDR:   0 MEM_OUT: 83 ACC: 83 BUFF: 82 DC: 0 FLAG_ZERO: False FLAG_LT: 1 FLAG_GT: 0
INPUT_PORT:  []
OUT_PORT:  []
DATA_MEM:  [83, 38]
---------------------------------------
DEBUG    root:machine.py:309 MOD 3
TICK: 3997 PC:   6 ADDR:   0 MEM_OUT: 83 ACC: 83 BUFF: 82 DC: 0 FLAG_ZERO: False FLAG_LT: 1 FLAG_GT: 0
INPUT_PORT:  []
OUT_PORT:  []
DATA_MEM:  [83, 38]
---------------------------------------
DEBUG    root:machine.py:309 CMP 0
TICK: 4001 PC:   7 ADDR:   0 MEM_OUT: 83 ACC: 2 BUFF: 83 DC: 0 FLAG_ZERO: False FLAG_LT: 1 FLAG_GT: 0
INPUT_PORT:  []
OUT_PORT:  []
DATA_MEM:  [83, 38]
---------------------------------------
DEBUG    root:machine.py:309 JE 14
TICK: 4004 PC:   8 ADDR:   0 MEM_OUT: 83 ACC: 2 BUFF: 83 DC: 0 FLAG_ZERO: False FLAG_LT: 0 FLAG_GT: 1
INPUT_PORT:  []
OUT_PORT:  []
DATA_MEM:  [83, 38]
---------------------------------------
DEBUG    root:machine.py:309 LD 0
TICK: 4007 PC:   9 ADDR:   0 MEM_OUT: 83 ACC: 2 BUFF: 83 DC: 0 FLAG_ZERO: False FLAG_LT: 0 FLAG_GT: 1
INPUT_PORT:  []
OUT_PORT:  []
DATA_MEM:  [83, 38]
---------------------------------------
DEBUG    root:machine.py:309 MOD 5
TICK: 4011 PC:  10 ADDR:   0 MEM_OUT: 83 ACC: 83 BUFF: 83 DC: 0 FLAG_ZERO: False FLAG_LT: 0 FLAG_GT: 1
INPUT_PORT:  []
OUT_PORT:  []
DATA_MEM:  [83, 38]
---------------------------------------
DEBUG    root:machine.py:309 CMP 0
TICK: 4015 PC:  11 ADDR:   0 MEM_OUT: 83 ACC: 3 BUFF: 83 DC: 0 FLAG_ZERO: False FLAG_LT: 0 FLAG_GT: 1
INPUT_PORT:  []
OUT_PORT:  []
DATA_MEM:  [83, 38]
---------------------------------------
DEBUG    root:machine.py:309 JE 18
TICK: 4018 PC:  12 ADDR:   0 MEM_OUT: 83 ACC: 3 BUFF: 83 DC: 0 FLAG_ZERO: False FLAG_LT: 0 FLAG_GT: 1
INPUT_PORT:  []
OUT_PORT:  []
DATA_MEM:  [83, 38]
---------------------------------------
DEBUG    root:machine.py:309 JMP 0
TICK: 4021 PC:  13 ADDR:   0 MEM_OUT: 83 ACC: 3 BUFF: 83 DC: 0 FLAG_ZERO: False FLAG_LT: 0 FLAG_GT: 1
INPUT_PORT:  []
OUT_PORT:  []
DATA_MEM:  [83, 38]
---------------------------------------
DEBUG    root:machine.py:309 LD 0
TICK: 4024 PC:   0 ADDR:   0 MEM_OUT: 83 ACC: 3 BUFF: 83 DC: 0 FLAG_ZERO: False FLAG_LT: 0 FLAG_GT: 1
INPUT_PORT:  []
OUT_PORT:  []
DATA_MEM:  [83, 38]
---------------------------------------
DEBUG    root:machine.py:309 INC 
TICK: 4028 PC:   1 ADDR:   0 MEM_OUT: 83 ACC: 83 BUFF: 83 DC: 0 FLAG_ZERO: False FLAG_LT: 0 FLAG_GT: 1
INPUT_PORT:  []
OUT_PORT:  []
DATA_MEM:  [83, 38]
---------------------------------------
DEBUG    root:machine.py:309 ST 0
TICK: 4031 PC:   2 ADDR:   0 MEM_OUT: 83 ACC: 84 BUFF: 83 DC: 0 FLAG_ZERO: False FLAG_LT: 0 FLAG_GT: 1
INPUT_PORT:  []
OUT_PORT:  []
DATA_MEM:  [83, 38]
---------------------------------------
DEBUG    root:machine.py:309 CMP 1000
TICK: 4035 PC:   3 ADDR:   0 MEM_OUT: 84 ACC: 84 BUFF: 83 DC: 0 FLAG_ZERO: False FLAG_LT: 0 FLAG_GT: 1
INPUT_PORT:  []
OUT_PORT:  []
DATA_MEM:  [84, 38]
---------------------------------------
DEBUG    root:machine.py:309 JGE 22
TICK: 4038 PC:   4 ADDR:   0 MEM_OUT: 84 ACC: 84 BUFF: 83 DC: 0 FLAG_ZERO: False FLAG_LT: 1 FLAG_GT: 0
INPUT_PORT:  []
OUT_PORT:  []
DATA_MEM:  [84, 38]
---------------------------------------
DEBUG    root:machine.py:309 LD 0
TICK: 4041 PC:   5 ADDR:   0 MEM_OUT: 84 ACC: 84 BUFF: 83 DC: 0 FLAG_ZERO: False FLAG_LT: 1 FLAG_GT: 0
INPUT_PORT:  []
OUT_PORT:  []
DATA_MEM:  [84, 38]
---------------------------------------
DEBUG    root:machine.py:309 MOD 3
TICK: 4045 PC:   6 ADDR:   0 MEM_OUT: 84 ACC: 84 BUFF: 83 DC: 0 FLAG_ZERO: False FLAG_LT: 1 FLAG_GT: 0
INPUT_PORT:  []
OUT_PORT:  []
DATA_MEM:  [84, 38]
---------------------------------------
DEBUG    root:machine.py:309 CMP 0
TICK: 4049 PC:   7 ADDR:   0 MEM_OUT: 84 ACC: 0 BUFF: 84 DC: 0 FLAG_ZERO: False FLAG_LT: 1 FLAG_GT: 0
INPUT_PORT:  []
OUT_PORT:  []
DATA_MEM:  [84, 38]
---------------------------------------
DEBUG    root:machine.py:309 JE 14
TICK: 4052 PC:   8 ADDR:   0 MEM_OUT: 84 ACC: 0 BUFF: 84 DC: 0 FLAG_ZERO: True FLAG_LT: 0 FLAG_GT: 0
INPUT_PORT:  []
OUT_PORT:  []
DATA_MEM:  [84, 38]
---------------------------------------
DEBUG    root:machine.py:309 LD 4
TICK: 4055 PC:  14 ADDR:   0 MEM_OUT: 84 ACC: 0 BUFF: 84 DC: 0 FLAG_ZERO: True FLAG_LT: 0 FLAG_GT: 0
INPUT_PORT:  []
OUT_PORT:  []
DATA_MEM:  [84, 38]
---------------------------------------
DEBUG    root:machine.py:309 INC 
TICK: 4059 PC:  15 ADDR:   1 MEM_OUT: 38 ACC: 38 BUFF: 84 DC: 0 FLAG_ZERO: True FLAG_LT: 0 FLAG_GT: 0
INPUT_PORT:  []
OUT_PORT:  []
DATA_MEM:  [84, 38]
---------------------------------------
DEBUG    root:machine.py:309 ST 4
TICK: 4062 PC:  16 ADDR:   1 MEM_OUT: 38 ACC: 39 BUFF: 84 DC: 0 FLAG_ZERO: True FLAG_LT: 0 FLAG_GT: 0
INPUT_PORT:  []
OUT_PORT:  []
DATA_MEM:  [84, 38]
---------------------------------------
DEBUG    root:machine.py:309 JMP 0
TICK: 4066 PC:  17 ADDR:   1 MEM_OUT: 39 ACC: 39 BUFF: 84 DC: 0 FLAG_ZERO: True FLAG_LT: 0 FLAG_GT: 0
INPUT_PORT:  []
OUT_PORT:  []
DATA_MEM:  [84, 39]
---------------------------------------
DEBUG    root:machine.py:309 LD 0
TICK: 4069 PC:   0 ADDR:   1 MEM_OUT: 39 ACC: 39 BUFF: 84 DC: 0 FLAG_ZERO: True FLAG_LT: 0 FLAG_GT: 0
INPUT_PORT:  []
OUT_PORT:  []
DATA_MEM:  [84, 39]
---------------------------------------
DEBUG    root:machine.py:309 INC 
TICK: 4073 PC:   1 ADDR:   0 MEM_OUT: 84 ACC: 84 BUFF: 84 DC: 0 FLAG_ZERO: True FLAG_LT: 0 FLAG_GT: 0
INPUT_PORT:  []
OUT_PORT:  []
DATA_MEM:  [84, 39]
---------------------------------------
DEBUG    root:machine.py:309 ST 0
TICK: 4076 PC:   2 ADDR:   0 MEM_OUT: 84 ACC: 85 BUFF: 84 DC: 0 FLAG_ZERO: True FLAG_LT: 0 FLAG_GT: 0
INPUT_PORT:  []
OUT_PORT:  []
DATA_MEM:  [84, 39]
---------------------------------------
DEBUG    root:machine.py:309 CMP 1000
TICK: 4080 PC:   3 ADDR:   0 MEM_OUT: 85 ACC: 85 BUFF: 84 DC: 0 FLAG_ZERO: True FLAG_LT: 0 FLAG_GT: 0
INPUT_PORT:  []
OUT_PORT:  []
DATA_MEM:  [85, 39]
---------------------------------------
DEBUG    root:machine.py:309 JGE 22
TICK: 4083 PC:   4 ADDR:   0 MEM_OUT: 85 ACC: 85 BUFF: 84 DC: 0 FLAG_ZERO: False FLAG_LT: 1 FLAG_GT: 0
INPUT_PORT:  []
OUT_PORT:  []
DATA_MEM:  [85, 39]
---------------------------------------
DEBUG    root:machine.py:309 LD 0
TICK: 4086 PC:   5 ADDR:   0 MEM_OUT: 85 ACC: 85 BUFF: 84 DC: 0 FLAG_ZERO: False FLAG_LT: 1 FLAG_GT: 0
INPUT_PORT:  []
OUT_PORT:  []
DATA_MEM:  [85, 39]
---------------------------------------
DEBUG    root:machine.py:309 MOD 3
TICK: 4090 PC:   6 ADDR:   0 MEM_OUT: 85 ACC: 85 BUFF: 84 DC: 0 FLAG_ZERO: False FLAG_LT: 1 FLAG_GT: 0
INPUT_PORT:  []
OUT_PORT:  []
DATA_MEM:  [85, 39]
---------------------------------------
DEBUG    root:machine.py:309 CMP 0
TICK: 4094 PC:   7 ADDR:   0 MEM_OUT: 85 ACC: 1 BUFF: 85 DC: 0 FLAG_ZERO: False FLAG_LT: 1 FLAG_GT: 0
INPUT_PORT:  []
OUT_PORT:  []
DATA_MEM:  [85, 39]
---------------------------------------
DEBUG    root:machine.py:309 JE 14
TICK: 4097 PC:   8 ADDR:   0 MEM_OUT: 85 ACC: 1 BUFF: 85 DC: 0 FLAG_ZERO: False FLAG_LT: 0 FLAG_GT: 1
INPUT_PORT:  []
OUT_PORT:  []
DATA_MEM:  [85, 39]
---------------------------------------
DEBUG    root:machine.py:309 LD 0
TICK: 4100 PC:   9 ADDR:   0 MEM_OUT: 85 ACC: 1 BUFF: 85 DC: 0 FLAG_ZERO: False FLAG_LT: 0 FLAG_GT: 1
INPUT_PORT:  []
OUT_PORT:  []
DATA_MEM:  [85, 39]
---------------------------------------
DEBUG    root:machine.py:309 MOD 5
TICK: 4104 PC:  10 ADDR:   0 MEM_OUT: 85 ACC: 85 BUFF: 85 DC: 0 FLAG_ZERO: False FLAG_LT: 0 FLAG_GT: 1
INPUT_PORT:  []
OUT_PORT:  []
DATA_MEM:  [85, 39]
---------------------------------------
DEBUG    root:machine.py:309 CMP 0
TICK: 4108 PC:  11 ADDR:   0 MEM_OUT: 85 ACC: 0 BUFF: 85 DC: 0 FLAG_ZERO: False FLAG_LT: 0 FLAG_GT: 1
INPUT_PORT:  []
OUT_PORT:  []
DATA_MEM:  [85, 39]
---------------------------------------
DEBUG    root:machine.py:309 JE 18
TICK: 4111 PC:  12 ADDR:   0 MEM_OUT: 85 ACC: 0 BUFF: 85 DC: 0 FLAG_ZERO: True FLAG_LT: 0 FLAG_GT: 0
INPUT_PORT:  []
OUT_PORT:  []
DATA_MEM:  [85, 39]
---------------------------------------
DEBUG    root:machine.py:309 LD 4
TICK: 4114 PC:  18 ADDR:   0 MEM_OUT: 85 ACC: 0 BUFF: 85 DC: 0 FLAG_ZERO: True FLAG_LT: 0 FLAG_GT: 0
INPUT_PORT:  []
OUT_PORT:  []
DATA_MEM:  [85, 39]
---------------------------------------
DEBUG    root:machine.py:309 INC 
TICK: 4118 PC:  19 ADDR:   1 MEM_OUT: 39 ACC: 39 BUFF: 85 DC: 0 FLAG_ZERO: True FLAG_LT: 0 FLAG_GT: 0
INPUT_PORT:  []
OUT_PORT:  []
DATA_MEM:  [85, 39]
---------------------------------------
DEBUG    root:machine.py:309 ST 4
TICK: 4121 PC:  20 ADDR:   1 MEM_OUT: 39 ACC: 40 BUFF: 85 DC: 0 FLAG_ZERO: True FLAG_LT: 0 FLAG_GT: 0
INPUT_PORT:  []
OUT_PORT:  []
DATA_MEM:  [85, 39]
---------------------------------------
DEBUG    root:machine.py:309 JMP 0
TICK: 4125 PC:  21 ADDR:   1 MEM_OUT: 40 ACC: 40 BUFF: 85 DC: 0 FLAG_ZERO: True FLAG_LT: 0 FLAG_GT: 0
INPUT_PORT:  []
OUT_PORT:  []
DATA_MEM:  [85, 40]
---------------------------------------
DEBUG    root:machine.py:309 LD 0
TICK: 4128 PC:   0 ADDR:   1 MEM_OUT: 40 ACC: 40 BUFF: 85 DC: 0 FLAG_ZERO: True FLAG_LT: 0 FLAG_GT: 0
INPUT_PORT:  []
OUT_PORT:  []
DATA_MEM:  [85, 40]
---------------------------------------
DEBUG    root:machine.py:309 INC 
TICK: 4132 PC:   1 ADDR:   0 MEM_OUT: 85 ACC: 85 BUFF: 85 DC: 0 FLAG_ZERO: True FLAG_LT: 0 FLAG_GT: 0
INPUT_PORT:  []
OUT_PORT:  []
DATA_MEM:  [85, 40]
---------------------------------------
DEBUG    root:machine.py:309 ST 0
TICK: 4135 PC:   2 ADDR:   0 MEM_OUT: 85 ACC: 86 BUFF: 85 DC: 0 FLAG_ZERO: True FLAG_LT: 0 FLAG_GT: 0
INPUT_PORT:  []
OUT_PORT:  []
DATA_MEM:  [85, 40]
---------------------------------------
DEBUG    root:machine.py:309 CMP 1000
TICK: 4139 PC:   3 ADDR:   0 MEM_OUT: 86 ACC: 86 BUFF: 85 DC: 0 FLAG_ZERO: True FLAG_LT: 0 FLAG_GT: 0
INPUT_PORT:  []
OUT_PORT:  []
DATA_MEM:  [86, 40]
---------------------------------------
DEBUG    root:machine.py:309 JGE 22
TICK: 4142 PC:   4 ADDR:   0 MEM_OUT: 86 ACC: 86 BUFF: 85 DC: 0 FLAG_ZERO: False FLAG_LT: 1 FLAG_GT: 0
INPUT_PORT:  []
OUT_PORT:  []
DATA_MEM:  [86, 40]
---------------------------------------
DEBUG    root:machine.py:309 LD 0
TICK: 4145 PC:   5 ADDR:   0 MEM_OUT: 86 ACC: 86 BUFF: 85 DC: 0 FLAG_ZERO: False FLAG_LT: 1 FLAG_GT: 0
INPUT_PORT:  []
OUT_PORT:  []
DATA_MEM:  [86, 40]
---------------------------------------
DEBUG    root:machine.py:309 MOD 3
TICK: 4149 PC:   6 ADDR:   0 MEM_OUT: 86 ACC: 86 BUFF: 85 DC: 0 FLAG_ZERO: False FLAG_LT: 1 FLAG_GT: 0
INPUT_PORT:  []
OUT_PORT:  []
DATA_MEM:  [86, 40]
---------------------------------------
DEBUG    root:machine.py:309 CMP 0
TICK: 4153 PC:   7 ADDR:   0 MEM_OUT: 86 ACC: 2 BUFF: 86 DC: 0 FLAG_ZERO: False FLAG_LT: 1 FLAG_GT: 0
INPUT_PORT:  []
OUT_PORT:  []
DATA_MEM:  [86, 40]
---------------------------------------
DEBUG    root:machine.py:309 JE 14
TICK: 4156 PC:   8 ADDR:   0 MEM_OUT: 86 ACC: 2 BUFF: 86 DC: 0 FLAG_ZERO: False FLAG_LT: 0 FLAG_GT: 1
INPUT_PORT:  []
OUT_PORT:  []
DATA_MEM:  [86, 40]
---------------------------------------
DEBUG    root:machine.py:309 LD 0
TICK: 4159 PC:   9 ADDR:   0 MEM_OUT: 86 ACC: 2 BUFF: 86 DC: 0 FLAG_ZERO: False FLAG_LT: 0 FLAG_GT: 1
INPUT_PORT:  []
OUT_PORT:  []
DATA_MEM:  [86, 40]
---------------------------------------
DEBUG    root:machine.py:309 MOD 5
TICK: 4163 PC:  10 ADDR:   0 MEM_OUT: 86 ACC: 86 BUFF: 86 DC: 0 FLAG_ZERO: False FLAG_LT: 0 FLAG_GT: 1
INPUT_PORT:  []
OUT_PORT:  []
DATA_MEM:  [86, 40]
---------------------------------------
DEBUG    root:machine.py:309 CMP 0
TICK: 4167 PC:  11 ADDR:   0 MEM_OUT: 86 ACC: 1 BUFF: 86 DC: 0 FLAG_ZERO: False FLAG_LT: 0 FLAG_GT: 1
INPUT_PORT:  []
OUT_PORT:  []
DATA_MEM:  [86, 40]
---------------------------------------
DEBUG    root:machine.py:309 JE 18
TICK: 4170 PC:  12 ADDR:   0 MEM_OUT: 86 ACC: 1 BUFF: 86 DC: 0 FLAG_ZERO: False FLAG_LT: 0 FLAG_GT: 1
INPUT_PORT:  []
OUT_PORT:  []
DATA_MEM:  [86, 40]
---------------------------------------
DEBUG    root:machine.py:309 JMP 0
TICK: 4173 PC:  13 ADDR:   0 MEM_OUT: 86 ACC: 1 BUFF: 86 DC: 0 FLAG_ZERO: False FLAG_LT: 0 FLAG_GT: 1
INPUT_PORT:  []
OUT_PORT:  []
DATA_MEM:  [86, 40]
---------------------------------------
DEBUG    root:machine.py:309 LD 0
TICK: 4176 PC:   0 ADDR:   0 MEM_OUT: 86 ACC: 1 BUFF: 86 DC: 0 FLAG_ZERO: False FLAG_LT: 0 FLAG_GT: 1
INPUT_PORT:  []
OUT_PORT:  []
DATA_MEM:  [86, 40]
---------------------------------------
DEBUG    root:machine.py:309 INC 
TICK: 4180 PC:   1 ADDR:   0 MEM_OUT: 86 ACC: 86 BUFF: 86 DC: 0 FLAG_ZERO: False FLAG_LT: 0 FLAG_GT: 1
INPUT_PORT:  []
OUT_PORT:  []
DATA_MEM:  [86, 40]
---------------------------------------
DEBUG    root:machine.py:309 ST 0
TICK: 4183 PC:   2 ADDR:   0 MEM_OUT: 86 ACC: 87 BUFF: 86 DC: 0 FLAG_ZERO: False FLAG_LT: 0 FLAG_GT: 1
INPUT_PORT:  []
OUT_PORT:  []
DATA_MEM:  [86, 40]
---------------------------------------
DEBUG    root:machine.py:309 CMP 1000
TICK: 4187 PC:   3 ADDR:   0 MEM_OUT: 87 ACC: 87 BUFF: 86 DC: 0 FLAG_ZERO: False FLAG_LT: 0 FLAG_GT: 1
INPUT_PORT:  []
OUT_PORT:  []
DATA_MEM:  [87, 40]
---------------------------------------
DEBUG    root:machine.py:309 JGE 22
TICK: 4190 PC:   4 ADDR:   0 MEM_OUT: 87 ACC: 87 BUFF: 86 DC: 0 FLAG_ZERO: False FLAG_LT: 1 FLAG_GT: 0
INPUT_PORT:  []
OUT_PORT:  []
DATA_MEM:  [87, 40]
---------------------------------------
DEBUG    root:machine.py:309 LD 0
TICK: 4193 PC:   5 ADDR:   0 MEM_OUT: 87 ACC: 87 BUFF: 86 DC: 0 FLAG_ZERO: False FLAG_LT: 1 FLAG_GT: 0
INPUT_PORT:  []
OUT_PORT:  []
DATA_MEM:  [87, 40]
---------------------------------------
DEBUG    root:machine.py:309 MOD 3
TICK: 4197 PC:   6 ADDR:   0 MEM_OUT: 87 ACC: 87 BUFF: 86 DC: 0 FLAG_ZERO: False FLAG_LT: 1 FLAG_GT: 0
INPUT_PORT:  []
OUT_PORT:  []
DATA_MEM:  [87, 40]
---------------------------------------
DEBUG    root:machine.py:309 CMP 0
TICK: 4201 PC:   7 ADDR:   0 MEM_OUT: 87 ACC: 0 BUFF: 87 DC: 0 FLAG_ZERO: False FLAG_LT: 1 FLAG_GT: 0
INPUT_PORT:  []
OUT_PORT:  []
DATA_MEM:  [87, 40]
---------------------------------------
DEBUG    root:machine.py:309 JE 14
TICK: 4204 PC:   8 ADDR:   0 MEM_OUT: 87 ACC: 0 BUFF: 87 DC: 0 FLAG_ZERO: True FLAG_LT: 0 FLAG_GT: 0
INPUT_PORT:  []
OUT_PORT:  []
DATA_MEM:  [87, 40]
---------------------------------------
DEBUG    root:machine.py:309 LD 4
TICK: 4207 PC:  14 ADDR:   0 MEM_OUT: 87 ACC: 0 BUFF: 87 DC: 0 FLAG_ZERO: True FLAG_LT: 0 FLAG_GT: 0
INPUT_PORT:  []
OUT_PORT:  []
DATA_MEM:  [87, 40]
---------------------------------------
DEBUG    root:machine.py:309 INC 
TICK: 4211 PC:  15 ADDR:   1 MEM_OUT: 40 ACC: 40 BUFF: 87 DC: 0 FLAG_ZERO: True FLAG_LT: 0 FLAG_GT: 0
INPUT_PORT:  []
OUT_PORT:  []
DATA_MEM:  [87, 40]
---------------------------------------
DEBUG    root:machine.py:309 ST 4
TICK: 4214 PC:  16 ADDR:   1 MEM_OUT: 40 ACC: 41 BUFF: 87 DC: 0 FLAG_ZERO: True FLAG_LT: 0 FLAG_GT: 0
INPUT_PORT:  []
OUT_PORT:  []
DATA_MEM:  [87, 40]
---------------------------------------
DEBUG    root:machine.py:309 JMP 0
TICK: 4218 PC:  17 ADDR:   1 MEM_OUT: 41 ACC: 41 BUFF: 87 DC: 0 FLAG_ZERO: True FLAG_LT: 0 FLAG_GT: 0
INPUT_PORT:  []
OUT_PORT:  []
DATA_MEM:  [87, 41]
---------------------------------------
DEBUG    root:machine.py:309 LD 0
TICK: 4221 PC:   0 ADDR:   1 MEM_OUT: 41 ACC: 41 BUFF: 87 DC: 0 FLAG_ZERO: True FLAG_LT: 0 FLAG_GT: 0
INPUT_PORT:  []
OUT_PORT:  []
DATA_MEM:  [87, 41]
---------------------------------------
DEBUG    root:machine.py:309 INC 
TICK: 4225 PC:   1 ADDR:   0 MEM_OUT: 87 ACC: 87 BUFF: 87 DC: 0 FLAG_ZERO: True FLAG_LT: 0 FLAG_GT: 0
INPUT_PORT:  []
OUT_PORT:  []
DATA_MEM:  [87, 41]
---------------------------------------
DEBUG    root:machine.py:309 ST 0
TICK: 4228 PC:   2 ADDR:   0 MEM_OUT: 87 ACC: 88 BUFF: 87 DC: 0 FLAG_ZERO: True FLAG_LT: 0 FLAG_GT: 0
INPUT_PORT:  []
OUT_PORT:  []
DATA_MEM:  [87, 41]
---------------------------------------
DEBUG    root:machine.py:309 CMP 1000
TICK: 4232 PC:   3 ADDR:   0 MEM_OUT: 88 ACC: 88 BUFF: 87 DC: 0 FLAG_ZERO: True FLAG_LT: 0 FLAG_GT: 0
INPUT_PORT:  []
OUT_PORT:  []
DATA_MEM:  [88, 41]
---------------------------------------
DEBUG    root:machine.py:309 JGE 22
TICK: 4235 PC:   4 ADDR:   0 MEM_OUT: 88 ACC: 88 BUFF: 87 DC: 0 FLAG_ZERO: False FLAG_LT: 1 FLAG_GT: 0
INPUT_PORT:  []
OUT_PORT:  []
DATA_MEM:  [88, 41]
---------------------------------------
DEBUG    root:machine.py:309 LD 0
TICK: 4238 PC:   5 ADDR:   0 MEM_OUT: 88 ACC: 88 BUFF: 87 DC: 0 FLAG_ZERO: False FLAG_LT: 1 FLAG_GT: 0
INPUT_PORT:  []
OUT_PORT:  []
DATA_MEM:  [88, 41]
---------------------------------------
DEBUG    root:machine.py:309 MOD 3
TICK: 4242 PC:   6 ADDR:   0 MEM_OUT: 88 ACC: 88 BUFF: 87 DC: 0 FLAG_ZERO: False FLAG_LT: 1 FLAG_GT: 0
INPUT_PORT:  []
OUT_PORT:  []
DATA_MEM:  [88, 41]
---------------------------------------
DEBUG    root:machine.py:309 CMP 0
TICK: 4246 PC:   7 ADDR:   0 MEM_OUT: 88 ACC: 1 BUFF: 88 DC: 0 FLAG_ZERO: False FLAG_LT: 1 FLAG_GT: 0
INPUT_PORT:  []
OUT_PORT:  []
DATA_MEM:  [88, 41]
---------------------------------------
DEBUG    root:machine.py:309 JE 14
TICK: 4249 PC:   8 ADDR:   0 MEM_OUT: 88 ACC: 1 BUFF: 88 DC: 0 FLAG_ZERO: False FLAG_LT: 0 FLAG_GT: 1
INPUT_PORT:  []
OUT_PORT:  []
DATA_MEM:  [88, 41]
---------------------------------------
DEBUG    root:machine.py:309 LD 0
TICK: 4252 PC:   9 ADDR:   0 MEM_OUT: 88 ACC: 1 BUFF: 88 DC: 0 FLAG_ZERO: False FLAG_LT: 0 FLAG_GT: 1
INPUT_PORT:  []
OUT_PORT:  []
DATA_MEM:  [88, 41]
---------------------------------------
DEBUG    root:machine.py:309 MOD 5
TICK: 4256 PC:  10 ADDR:   0 MEM_OUT: 88 ACC: 88 BUFF: 88 DC: 0 FLAG_ZERO: False FLAG_LT: 0 FLAG_GT: 1
INPUT_PORT:  []
OUT_PORT:  []
DATA_MEM:  [88, 41]
---------------------------------------
DEBUG    root:machine.py:309 CMP 0
TICK: 4260 PC:  11 ADDR:   0 MEM_OUT: 88 ACC: 3 BUFF: 88 DC: 0 FLAG_ZERO: False FLAG_LT: 0 FLAG_GT: 1
INPUT_PORT:  []
OUT_PORT:  []
DATA_MEM:  [88, 41]
---------------------------------------
DEBUG    root:machine.py:309 JE 18
TICK: 4263 PC:  12 ADDR:   0 MEM_OUT: 88 ACC: 3 BUFF: 88 DC: 0 FLAG_ZERO: False FLAG_LT: 0 FLAG_GT: 1
INPUT_PORT:  []
OUT_PORT:  []
DATA_MEM:  [88, 41]
---------------------------------------
DEBUG    root:machine.py:309 JMP 0
TICK: 4266 PC:  13 ADDR:   0 MEM_OUT: 88 ACC: 3 BUFF: 88 DC: 0 FLAG_ZERO: False FLAG_LT: 0 FLAG_GT: 1
INPUT_PORT:  []
OUT_PORT:  []
DATA_MEM:  [88, 41]
---------------------------------------
DEBUG    root:machine.py:309 LD 0
TICK: 4269 PC:   0 ADDR:   0 MEM_OUT: 88 ACC: 3 BUFF: 88 DC: 0 FLAG_ZERO: False FLAG_LT: 0 FLAG_GT: 1
INPUT_PORT:  []
OUT_PORT:  []
DATA_MEM:  [88, 41]
---------------------------------------
DEBUG    root:machine.py:309 INC 
TICK: 4273 PC:   1 ADDR:   0 MEM_OUT: 88 ACC: 88 BUFF: 88 DC: 0 FLAG_ZERO: False FLAG_LT: 0 FLAG_GT: 1
INPUT_PORT:  []
OUT_PORT:  []
DATA_MEM:  [88, 41]
---------------------------------------
DEBUG    root:machine.py:309 ST 0
TICK: 4276 PC:   2 ADDR:   0 MEM_OUT: 88 ACC: 89 BUFF: 88 DC: 0 FLAG_ZERO: False FLAG_LT: 0 FLAG_GT: 1
INPUT_PORT:  []
OUT_PORT:  []
DATA_MEM:  [88, 41]
---------------------------------------
DEBUG    root:machine.py:309 CMP 1000
TICK: 4280 PC:   3 ADDR:   0 MEM_OUT: 89 ACC: 89 BUFF: 88 DC: 0 FLAG_ZERO: False FLAG_LT: 0 FLAG_GT: 1
INPUT_PORT:  []
OUT_PORT:  []
DATA_MEM:  [89, 41]
---------------------------------------
DEBUG    root:machine.py:309 JGE 22
TICK: 4283 PC:   4 ADDR:   0 MEM_OUT: 89 ACC: 89 BUFF: 88 DC: 0 FLAG_ZERO: False FLAG_LT: 1 FLAG_GT: 0
INPUT_PORT:  []
OUT_PORT:  []
DATA_MEM:  [89, 41]
---------------------------------------
DEBUG    root:machine.py:309 LD 0
TICK: 4286 PC:   5 ADDR:   0 MEM_OUT: 89 ACC: 89 BUFF: 88 DC: 0 FLAG_ZERO: False FLAG_LT: 1 FLAG_GT: 0
INPUT_PORT:  []
OUT_PORT:  []
DATA_MEM:  [89, 41]
---------------------------------------
DEBUG    root:machine.py:309 MOD 3
TICK: 4290 PC:   6 ADDR:   0 MEM_OUT: 89 ACC: 89 BUFF: 88 DC: 0 FLAG_ZERO: False FLAG_LT: 1 FLAG_GT: 0
INPUT_PORT:  []
OUT_PORT:  []
DATA_MEM:  [89, 41]
---------------------------------------
DEBUG    root:machine.py:309 CMP 0
TICK: 4294 PC:   7 ADDR:   0 MEM_OUT: 89 ACC: 2 BUFF: 89 DC: 0 FLAG_ZERO: False FLAG_LT: 1 FLAG_GT: 0
INPUT_PORT:  []
OUT_PORT:  []
DATA_MEM:  [89, 41]
---------------------------------------
DEBUG    root:machine.py:309 JE 14
TICK: 4297 PC:   8 ADDR:   0 MEM_OUT: 89 ACC: 2 BUFF: 89 DC: 0 FLAG_ZERO: False FLAG_LT: 0 FLAG_GT: 1
INPUT_PORT:  []
OUT_PORT:  []
DATA_MEM:  [89, 41]
---------------------------------------
DEBUG    root:machine.py:309 LD 0
TICK: 4300 PC:   9 ADDR:   0 MEM_OUT: 89 ACC: 2 BUFF: 89 DC: 0 FLAG_ZERO: False FLAG_LT: 0 FLAG_GT: 1
INPUT_PORT:  []
OUT_PORT:  []
DATA_MEM:  [89, 41]
---------------------------------------
DEBUG    root:machine.py:309 MOD 5
TICK: 4304 PC:  10 ADDR:   0 MEM_OUT: 89 ACC: 89 BUFF: 89 DC: 0 FLAG_ZERO: False FLAG_LT: 0 FLAG_GT: 1
INPUT_PORT:  []
OUT_PORT:  []
DATA_MEM:  [89, 41]
---------------------------------------
DEBUG    root:machine.py:309 CMP 0
TICK: 4308 PC:  11 ADDR:   0 MEM_OUT: 89 ACC: 4 BUFF: 89 DC: 0 FLAG_ZERO: False FLAG_LT: 0 FLAG_GT: 1
INPUT_PORT:  []
OUT_PORT:  []
DATA_MEM:  [89, 41]
---------------------------------------
DEBUG    root:machine.py:309 JE 18
TICK: 4311 PC:  12 ADDR:   0 MEM_OUT: 89 ACC: 4 BUFF: 89 DC: 0 FLAG_ZERO: False FLAG_LT: 0 FLAG_GT: 1
INPUT_PORT:  []
OUT_PORT:  []
DATA_MEM:  [89, 41]
---------------------------------------
DEBUG    root:machine.py:309 JMP 0
TICK: 4314 PC:  13 ADDR:   0 MEM_OUT: 89 ACC: 4 BUFF: 89 DC: 0 FLAG_ZERO: False FLAG_LT: 0 FLAG_GT: 1
INPUT_PORT:  []
OUT_PORT:  []
DATA_MEM:  [89, 41]
---------------------------------------
DEBUG    root:machine.py:309 LD 0
TICK: 4317 PC:   0 ADDR:   0 MEM_OUT: 89 ACC: 4 BUFF: 89 DC: 0 FLAG_ZERO: False FLAG_LT: 0 FLAG_GT: 1
INPUT_PORT:  []
OUT_PORT:  []
DATA_MEM:  [89, 41]
---------------------------------------
DEBUG    root:machine.py:309 INC 
TICK: 4321 PC:   1 ADDR:   0 MEM_OUT: 89 ACC: 89 BUFF: 89 DC: 0 FLAG_ZERO: False FLAG_LT: 0 FLAG_GT: 1
INPUT_PORT:  []
OUT_PORT:  []
DATA_MEM:  [89, 41]
---------------------------------------
DEBUG    root:machine.py:309 ST 0
TICK: 4324 PC:   2 ADDR:   0 MEM_OUT: 89 ACC: 90 BUFF: 89 DC: 0 FLAG_ZERO: False FLAG_LT: 0 FLAG_GT: 1
INPUT_PORT:  []
OUT_PORT:  []
DATA_MEM:  [89, 41]
---------------------------------------
DEBUG    root:machine.py:309 CMP 1000
TICK: 4328 PC:   3 ADDR:   0 MEM_OUT: 90 ACC: 90 BUFF: 89 DC: 0 FLAG_ZERO: False FLAG_LT: 0 FLAG_GT: 1
INPUT_PORT:  []
OUT_PORT:  []
DATA_MEM:  [90, 41]
---------------------------------------
DEBUG    root:machine.py:309 JGE 22
TICK: 4331 PC:   4 ADDR:   0 MEM_OUT: 90 ACC: 90 BUFF: 89 DC: 0 FLAG_ZERO: False FLAG_LT: 1 FLAG_GT: 0
INPUT_PORT:  []
OUT_PORT:  []
DATA_MEM:  [90, 41]
---------------------------------------
DEBUG    root:machine.py:309 LD 0
TICK: 4334 PC:   5 ADDR:   0 MEM_OUT: 90 ACC: 90 BUFF: 89 DC: 0 FLAG_ZERO: False FLAG_LT: 1 FLAG_GT: 0
INPUT_PORT:  []
OUT_PORT:  []
DATA_MEM:  [90, 41]
---------------------------------------
DEBUG    root:machine.py:309 MOD 3
TICK: 4338 PC:   6 ADDR:   0 MEM_OUT: 90 ACC: 90 BUFF: 89 DC: 0 FLAG_ZERO: False FLAG_LT: 1 FLAG_GT: 0
INPUT_PORT:  []
OUT_PORT:  []
DATA_MEM:  [90, 41]
---------------------------------------
DEBUG    root:machine.py:309 CMP 0
TICK: 4342 PC:   7 ADDR:   0 MEM_OUT: 90 ACC: 0 BUFF: 90 DC: 0 FLAG_ZERO: False FLAG_LT: 1 FLAG_GT: 0
INPUT_PORT:  []
OUT_PORT:  []
DATA_MEM:  [90, 41]
---------------------------------------
DEBUG    root:machine.py:309 JE 14
TICK: 4345 PC:   8 ADDR:   0 MEM_OUT: 90 ACC: 0 BUFF: 90 DC: 0 FLAG_ZERO: True FLAG_LT: 0 FLAG_GT: 0
INPUT_PORT:  []
OUT_PORT:  []
DATA_MEM:  [90, 41]
---------------------------------------
DEBUG    root:machine.py:309 LD 4
TICK: 4348 PC:  14 ADDR:   0 MEM_OUT: 90 ACC: 0 BUFF: 90 DC: 0 FLAG_ZERO: True FLAG_LT: 0 FLAG_GT: 0
INPUT_PORT:  []
OUT_PORT:  []
DATA_MEM:  [90, 41]
---------------------------------------
DEBUG    root:machine.py:309 INC 
TICK: 4352 PC:  15 ADDR:   1 MEM_OUT: 41 ACC: 41 BUFF: 90 DC: 0 FLAG_ZERO: True FLAG_LT: 0 FLAG_GT: 0
INPUT_PORT:  []
OUT_PORT:  []
DATA_MEM:  [90, 41]
---------------------------------------
DEBUG    root:machine.py:309 ST 4
TICK: 4355 PC:  16 ADDR:   1 MEM_OUT: 41 ACC: 42 BUFF: 90 DC: 0 FLAG_ZERO: True FLAG_LT: 0 FLAG_GT: 0
INPUT_PORT:  []
OUT_PORT:  []
DATA_MEM:  [90, 41]
---------------------------------------
DEBUG    root:machine.py:309 JMP 0
TICK: 4359 PC:  17 ADDR:   1 MEM_OUT: 42 ACC: 42 BUFF: 90 DC: 0 FLAG_ZERO: True FLAG_LT: 0 FLAG_GT: 0
INPUT_PORT:  []
OUT_PORT:  []
DATA_MEM:  [90, 42]
---------------------------------------
DEBUG    root:machine.py:309 LD 0
TICK: 4362 PC:   0 ADDR:   1 MEM_OUT: 42 ACC: 42 BUFF: 90 DC: 0 FLAG_ZERO: True FLAG_LT: 0 FLAG_GT: 0
INPUT_PORT:  []
OUT_PORT:  []
DATA_MEM:  [90, 42]
---------------------------------------
DEBUG    root:machine.py:309 INC 
TICK: 4366 PC:   1 ADDR:   0 MEM_OUT: 90 ACC: 90 BUFF: 90 DC: 0 FLAG_ZERO: True FLAG_LT: 0 FLAG_GT: 0
INPUT_PORT:  []
OUT_PORT:  []
DATA_MEM:  [90, 42]
---------------------------------------
DEBUG    root:machine.py:309 ST 0
TICK: 4369 PC:   2 ADDR:   0 MEM_OUT: 90 ACC: 91 BUFF: 90 DC: 0 FLAG_ZERO: True FLAG_LT: 0 FLAG_GT: 0
INPUT_PORT:  []
OUT_PORT:  []
DATA_MEM:  [90, 42]
---------------------------------------
DEBUG    root:machine.py:309 CMP 1000
TICK: 4373 PC:   3 ADDR:   0 MEM_OUT: 91 ACC: 91 BUFF: 90 DC: 0 FLAG_ZERO: True FLAG_LT: 0 FLAG_GT: 0
INPUT_PORT:  []
OUT_PORT:  []
DATA_MEM:  [91, 42]
---------------------------------------
DEBUG    root:machine.py:309 JGE 22
TICK: 4376 PC:   4 ADDR:   0 MEM_OUT: 91 ACC: 91 BUFF: 90 DC: 0 FLAG_ZERO: False FLAG_LT: 1 FLAG_GT: 0
INPUT_PORT:  []
OUT_PORT:  []
DATA_MEM:  [91, 42]
---------------------------------------
DEBUG    root:machine.py:309 LD 0
TICK: 4379 PC:   5 ADDR:   0 MEM_OUT: 91 ACC: 91 BUFF: 90 DC: 0 FLAG_ZERO: False FLAG_LT: 1 FLAG_GT: 0
INPUT_PORT:  []
OUT_PORT:  []
DATA_MEM:  [91, 42]
---------------------------------------
DEBUG    root:machine.py:309 MOD 3
TICK: 4383 PC:   6 ADDR:   0 MEM_OUT: 91 ACC: 91 BUFF: 90 DC: 0 FLAG_ZERO: False FLAG_LT: 1 FLAG_GT: 0
INPUT_PORT:  []
OUT_PORT:  []
DATA_MEM:  [91, 42]
---------------------------------------
DEBUG    root:machine.py:309 CMP 0
TICK: 4387 PC:   7 ADDR:   0 MEM_OUT: 91 ACC: 1 BUFF: 91 DC: 0 FLAG_ZERO: False FLAG_LT: 1 FLAG_GT: 0
INPUT_PORT:  []
OUT_PORT:  []
DATA_MEM:  [91, 42]
---------------------------------------
DEBUG    root:machine.py:309 JE 14
TICK: 4390 PC:   8 ADDR:   0 MEM_OUT: 91 ACC: 1 BUFF: 91 DC: 0 FLAG_ZERO: False FLAG_LT: 0 FLAG_GT: 1
INPUT_PORT:  []
OUT_PORT:  []
DATA_MEM:  [91, 42]
---------------------------------------
DEBUG    root:machine.py:309 LD 0
TICK: 4393 PC:   9 ADDR:   0 MEM_OUT: 91 ACC: 1 BUFF: 91 DC: 0 FLAG_ZERO: False FLAG_LT: 0 FLAG_GT: 1
INPUT_PORT:  []
OUT_PORT:  []
DATA_MEM:  [91, 42]
---------------------------------------
DEBUG    root:machine.py:309 MOD 5
TICK: 4397 PC:  10 ADDR:   0 MEM_OUT: 91 ACC: 91 BUFF: 91 DC: 0 FLAG_ZERO: False FLAG_LT: 0 FLAG_GT: 1
INPUT_PORT:  []
OUT_PORT:  []
DATA_MEM:  [91, 42]
---------------------------------------
DEBUG    root:machine.py:309 CMP 0
TICK: 4401 PC:  11 ADDR:   0 MEM_OUT: 91 ACC: 1 BUFF: 91 DC: 0 FLAG_ZERO: False FLAG_LT: 0 FLAG_GT: 1
INPUT_PORT:  []
OUT_PORT:  []
DATA_MEM:  [91, 42]
---------------------------------------
DEBUG    root:machine.py:309 JE 18
TICK: 4404 PC:  12 ADDR:   0 MEM_OUT: 91 ACC: 1 BUFF: 91 DC: 0 FLAG_ZERO: False FLAG_LT: 0 FLAG_GT: 1
INPUT_PORT:  []
OUT_PORT:  []
DATA_MEM:  [91, 42]
---------------------------------------
DEBUG    root:machine.py:309 JMP 0
TICK: 4407 PC:  13 ADDR:   0 MEM_OUT: 91 ACC: 1 BUFF: 91 DC: 0 FLAG_ZERO: False FLAG_LT: 0 FLAG_GT: 1
INPUT_PORT:  []
OUT_PORT:  []
DATA_MEM:  [91, 42]
---------------------------------------
DEBUG    root:machine.py:309 LD 0
TICK: 4410 PC:   0 ADDR:   0 MEM_OUT: 91 ACC: 1 BUFF: 91 DC: 0 FLAG_ZERO: False FLAG_LT: 0 FLAG_GT: 1
INPUT_PORT:  []
OUT_PORT:  []
DATA_MEM:  [91, 42]
---------------------------------------
DEBUG    root:machine.py:309 INC 
TICK: 4414 PC:   1 ADDR:   0 MEM_OUT: 91 ACC: 91 BUFF: 91 DC: 0 FLAG_ZERO: False FLAG_LT: 0 FLAG_GT: 1
INPUT_PORT:  []
OUT_PORT:  []
DATA_MEM:  [91, 42]
---------------------------------------
DEBUG    root:machine.py:309 ST 0
TICK: 4417 PC:   2 ADDR:   0 MEM_OUT: 91 ACC: 92 BUFF: 91 DC: 0 FLAG_ZERO: False FLAG_LT: 0 FLAG_GT: 1
INPUT_PORT:  []
OUT_PORT:  []
DATA_MEM:  [91, 42]
---------------------------------------
DEBUG    root:machine.py:309 CMP 1000
TICK: 4421 PC:   3 ADDR:   0 MEM_OUT: 92 ACC: 92 BUFF: 91 DC: 0 FLAG_ZERO: False FLAG_LT: 0 FLAG_GT: 1
INPUT_PORT:  []
OUT_PORT:  []
DATA_MEM:  [92, 42]
---------------------------------------
DEBUG    root:machine.py:309 JGE 22
TICK: 4424 PC:   4 ADDR:   0 MEM_OUT: 92 ACC: 92 BUFF: 91 DC: 0 FLAG_ZERO: False FLAG_LT: 1 FLAG_GT: 0
INPUT_PORT:  []
OUT_PORT:  []
DATA_MEM:  [92, 42]
---------------------------------------
DEBUG    root:machine.py:309 LD 0
TICK: 4427 PC:   5 ADDR:   0 MEM_OUT: 92 ACC: 92 BUFF: 91 DC: 0 FLAG_ZERO: False FLAG_LT: 1 FLAG_GT: 0
INPUT_PORT:  []
OUT_PORT:  []
DATA_MEM:  [92, 42]
---------------------------------------
DEBUG    root:machine.py:309 MOD 3
TICK: 4431 PC:   6 ADDR:   0 MEM_OUT: 92 ACC: 92 BUFF: 91 DC: 0 FLAG_ZERO: False FLAG_LT: 1 FLAG_GT: 0
INPUT_PORT:  []
OUT_PORT:  []
DATA_MEM:  [92, 42]
---------------------------------------
DEBUG    root:machine.py:309 CMP 0
TICK: 4435 PC:   7 ADDR:   0 MEM_OUT: 92 ACC: 2 BUFF: 92 DC: 0 FLAG_ZERO: False FLAG_LT: 1 FLAG_GT: 0
INPUT_PORT:  []
OUT_PORT:  []
DATA_MEM:  [92, 42]
---------------------------------------
DEBUG    root:machine.py:309 JE 14
TICK: 4438 PC:   8 ADDR:   0 MEM_OUT: 92 ACC: 2 BUFF: 92 DC: 0 FLAG_ZERO: False FLAG_LT: 0 FLAG_GT: 1
INPUT_PORT:  []
OUT_PORT:  []
DATA_MEM:  [92, 42]
---------------------------------------
DEBUG    root:machine.py:309 LD 0
TICK: 4441 PC:   9 ADDR:   0 MEM_OUT: 92 ACC: 2 BUFF: 92 DC: 0 FLAG_ZERO: False FLAG_LT: 0 FLAG_GT: 1
INPUT_PORT:  []
OUT_PORT:  []
DATA_MEM:  [92, 42]
---------------------------------------
DEBUG    root:machine.py:309 MOD 5
TICK: 4445 PC:  10 ADDR:   0 MEM_OUT: 92 ACC: 92 BUFF: 92 DC: 0 FLAG_ZERO: False FLAG_LT: 0 FLAG_GT: 1
INPUT_PORT:  []
OUT_PORT:  []
DATA_MEM:  [92, 42]
---------------------------------------
DEBUG    root:machine.py:309 CMP 0
TICK: 4449 PC:  11 ADDR:   0 MEM_OUT: 92 ACC: 2 BUFF: 92 DC: 0 FLAG_ZERO: False FLAG_LT: 0 FLAG_GT: 1
INPUT_PORT:  []
OUT_PORT:  []
DATA_MEM:  [92, 42]
---------------------------------------
DEBUG    root:machine.py:309 JE 18
TICK: 4452 PC:  12 ADDR:   0 MEM_OUT: 92 ACC: 2 BUFF: 92 DC: 0 FLAG_ZERO: False FLAG_LT: 0 FLAG_GT: 1
INPUT_PORT:  []
OUT_PORT:  []
DATA_MEM:  [92, 42]
---------------------------------------
DEBUG    root:machine.py:309 JMP 0
TICK: 4455 PC:  13 ADDR:   0 MEM_OUT: 92 ACC: 2 BUFF: 92 DC: 0 FLAG_ZERO: False FLAG_LT: 0 FLAG_GT: 1
INPUT_PORT:  []
OUT_PORT:  []
DATA_MEM:  [92, 42]
---------------------------------------
DEBUG    root:machine.py:309 LD 0
TICK: 4458 PC:   0 ADDR:   0 MEM_OUT: 92 ACC: 2 BUFF: 92 DC: 0 FLAG_ZERO: False FLAG_LT: 0 FLAG_GT: 1
INPUT_PORT:  []
OUT_PORT:  []
DATA_MEM:  [92, 42]
---------------------------------------
DEBUG    root:machine.py:309 INC 
TICK: 4462 PC:   1 ADDR:   0 MEM_OUT: 92 ACC: 92 BUFF: 92 DC: 0 FLAG_ZERO: False FLAG_LT: 0 FLAG_GT: 1
INPUT_PORT:  []
OUT_PORT:  []
DATA_MEM:  [92, 42]
---------------------------------------
DEBUG    root:machine.py:309 ST 0
TICK: 4465 PC:   2 ADDR:   0 MEM_OUT: 92 ACC: 93 BUFF: 92 DC: 0 FLAG_ZERO: False FLAG_LT: 0 FLAG_GT: 1
INPUT_PORT:  []
OUT_PORT:  []
DATA_MEM:  [92, 42]
---------------------------------------
DEBUG    root:machine.py:309 CMP 1000
TICK: 4469 PC:   3 ADDR:   0 MEM_OUT: 93 ACC: 93 BUFF: 92 DC: 0 FLAG_ZERO: False FLAG_LT: 0 FLAG_GT: 1
INPUT_PORT:  []
OUT_PORT:  []
DATA_MEM:  [93, 42]
---------------------------------------
DEBUG    root:machine.py:309 JGE 22
TICK: 4472 PC:   4 ADDR:   0 MEM_OUT: 93 ACC: 93 BUFF: 92 DC: 0 FLAG_ZERO: False FLAG_LT: 1 FLAG_GT: 0
INPUT_PORT:  []
OUT_PORT:  []
DATA_MEM:  [93, 42]
---------------------------------------
DEBUG    root:machine.py:309 LD 0
TICK: 4475 PC:   5 ADDR:   0 MEM_OUT: 93 ACC: 93 BUFF: 92 DC: 0 FLAG_ZERO: False FLAG_LT: 1 FLAG_GT: 0
INPUT_PORT:  []
OUT_PORT:  []
DATA_MEM:  [93, 42]
---------------------------------------
DEBUG    root:machine.py:309 MOD 3
TICK: 4479 PC:   6 ADDR:   0 MEM_OUT: 93 ACC: 93 BUFF: 92 DC: 0 FLAG_ZERO: False FLAG_LT: 1 FLAG_GT: 0
INPUT_PORT:  []
OUT_PORT:  []
DATA_MEM:  [93, 42]
---------------------------------------
DEBUG    root:machine.py:309 CMP 0
TICK: 4483 PC:   7 ADDR:   0 MEM_OUT: 93 ACC: 0 BUFF: 93 DC: 0 FLAG_ZERO: False FLAG_LT: 1 FLAG_GT: 0
INPUT_PORT:  []
OUT_PORT:  []
DATA_MEM:  [93, 42]
---------------------------------------
DEBUG    root:machine.py:309 JE 14
TICK: 4486 PC:   8 ADDR:   0 MEM_OUT: 93 ACC: 0 BUFF: 93 DC: 0 FLAG_ZERO: True FLAG_LT: 0 FLAG_GT: 0
INPUT_PORT:  []
OUT_PORT:  []
DATA_MEM:  [93, 42]
---------------------------------------
DEBUG    root:machine.py:309 LD 4
TICK: 4489 PC:  14 ADDR:   0 MEM_OUT: 93 ACC: 0 BUFF: 93 DC: 0 FLAG_ZERO: True FLAG_LT: 0 FLAG_GT: 0
INPUT_PORT:  []
OUT_PORT:  []
DATA_MEM:  [93, 42]
---------------------------------------
DEBUG    root:machine.py:309 INC 
TICK: 4493 PC:  15 ADDR:   1 MEM_OUT: 42 ACC: 42 BUFF: 93 DC: 0 FLAG_ZERO: True FLAG_LT: 0 FLAG_GT: 0
INPUT_PORT:  []
OUT_PORT:  []
DATA_MEM:  [93, 42]
---------------------------------------
DEBUG    root:machine.py:309 ST 4
TICK: 4496 PC:  16 ADDR:   1 MEM_OUT: 42 ACC: 43 BUFF: 93 DC: 0 FLAG_ZERO: True FLAG_LT: 0 FLAG_GT: 0
INPUT_PORT:  []
OUT_PORT:  []
DATA_MEM:  [93, 42]
---------------------------------------
DEBUG    root:machine.py:309 JMP 0
TICK: 4500 PC:  17 ADDR:   1 MEM_OUT: 43 ACC: 43 BUFF: 93 DC: 0 FLAG_ZERO: True FLAG_LT: 0 FLAG_GT: 0
INPUT_PORT:  []
OUT_PORT:  []
DATA_MEM:  [93, 43]
---------------------------------------
DEBUG    root:machine.py:309 LD 0
TICK: 4503 PC:   0 ADDR:   1 MEM_OUT: 43 ACC: 43 BUFF: 93 DC: 0 FLAG_ZERO: True FLAG_LT: 0 FLAG_GT: 0
INPUT_PORT:  []
OUT_PORT:  []
DATA_MEM:  [93, 43]
---------------------------------------
DEBUG    root:machine.py:309 INC 
TICK: 4507 PC:   1 ADDR:   0 MEM_OUT: 93 ACC: 93 BUFF: 93 DC: 0 FLAG_ZERO: True FLAG_LT: 0 FLAG_GT: 0
INPUT_PORT:  []
OUT_PORT:  []
DATA_MEM:  [93, 43]
---------------------------------------
DEBUG    root:machine.py:309 ST 0
TICK: 4510 PC:   2 ADDR:   0 MEM_OUT: 93 ACC: 94 BUFF: 93 DC: 0 FLAG_ZERO: True FLAG_LT: 0 FLAG_GT: 0
INPUT_PORT:  []
OUT_PORT:  []
DATA_MEM:  [93, 43]
---------------------------------------
DEBUG    root:machine.py:309 CMP 1000
TICK: 4514 PC:   3 ADDR:   0 MEM_OUT: 94 ACC: 94 BUFF: 93 DC: 0 FLAG_ZERO: True FLAG_LT: 0 FLAG_GT: 0
INPUT_PORT:  []
OUT_PORT:  []
DATA_MEM:  [94, 43]
---------------------------------------
DEBUG    root:machine.py:309 JGE 22
TICK: 4517 PC:   4 ADDR:   0 MEM_OUT: 94 ACC: 94 BUFF: 93 DC: 0 FLAG_ZERO: False FLAG_LT: 1 FLAG_GT: 0
INPUT_PORT:  []
OUT_PORT:  []
DATA_MEM:  [94, 43]
---------------------------------------
DEBUG    root:machine.py:309 LD 0
TICK: 4520 PC:   5 ADDR:   0 MEM_OUT: 94 ACC: 94 BUFF: 93 DC: 0 FLAG_ZERO: False FLAG_LT: 1 FLAG_GT: 0
INPUT_PORT:  []
OUT_PORT:  []
DATA_MEM:  [94, 43]
---------------------------------------
DEBUG    root:machine.py:309 MOD 3
TICK: 4524 PC:   6 ADDR:   0 MEM_OUT: 94 ACC: 94 BUFF: 93 DC: 0 FLAG_ZERO: False FLAG_LT: 1 FLAG_GT: 0
INPUT_PORT:  []
OUT_PORT:  []
DATA_MEM:  [94, 43]
---------------------------------------
DEBUG    root:machine.py:309 CMP 0
TICK: 4528 PC:   7 ADDR:   0 MEM_OUT: 94 ACC: 1 BUFF: 94 DC: 0 FLAG_ZERO: False FLAG_LT: 1 FLAG_GT: 0
INPUT_PORT:  []
OUT_PORT:  []
DATA_MEM:  [94, 43]
---------------------------------------
DEBUG    root:machine.py:309 JE 14
TICK: 4531 PC:   8 ADDR:   0 MEM_OUT: 94 ACC: 1 BUFF: 94 DC: 0 FLAG_ZERO: False FLAG_LT: 0 FLAG_GT: 1
INPUT_PORT:  []
OUT_PORT:  []
DATA_MEM:  [94, 43]
---------------------------------------
DEBUG    root:machine.py:309 LD 0
TICK: 4534 PC:   9 ADDR:   0 MEM_OUT: 94 ACC: 1 BUFF: 94 DC: 0 FLAG_ZERO: False FLAG_LT: 0 FLAG_GT: 1
INPUT_PORT:  []
OUT_PORT:  []
DATA_MEM:  [94, 43]
---------------------------------------
DEBUG    root:machine.py:309 MOD 5
TICK: 4538 PC:  10 ADDR:   0 MEM_OUT: 94 ACC: 94 BUFF: 94 DC: 0 FLAG_ZERO: False FLAG_LT: 0 FLAG_GT: 1
INPUT_PORT:  []
OUT_PORT:  []
DATA_MEM:  [94, 43]
---------------------------------------
DEBUG    root:machine.py:309 CMP 0
TICK: 4542 PC:  11 ADDR:   0 MEM_OUT: 94 ACC: 4 BUFF: 94 DC: 0 FLAG_ZERO: False FLAG_LT: 0 FLAG_GT: 1
INPUT_PORT:  []
OUT_PORT:  []
DATA_MEM:  [94, 43]
---------------------------------------
DEBUG    root:machine.py:309 JE 18
TICK: 4545 PC:  12 ADDR:   0 MEM_OUT: 94 ACC: 4 BUFF: 94 DC: 0 FLAG_ZERO: False FLAG_LT: 0 FLAG_GT: 1
INPUT_PORT:  []
OUT_PORT:  []
DATA_MEM:  [94, 43]
---------------------------------------
DEBUG    root:machine.py:309 JMP 0
TICK: 4548 PC:  13 ADDR:   0 MEM_OUT: 94 ACC: 4 BUFF: 94 DC: 0 FLAG_ZERO: False FLAG_LT: 0 FLAG_GT: 1
INPUT_PORT:  []
OUT_PORT:  []
DATA_MEM:  [94, 43]
---------------------------------------
DEBUG    root:machine.py:309 LD 0
TICK: 4551 PC:   0 ADDR:   0 MEM_OUT: 94 ACC: 4 BUFF: 94 DC: 0 FLAG_ZERO: False FLAG_LT: 0 FLAG_GT: 1
INPUT_PORT:  []
OUT_PORT:  []
DATA_MEM:  [94, 43]
---------------------------------------
DEBUG    root:machine.py:309 INC 
TICK: 4555 PC:   1 ADDR:   0 MEM_OUT: 94 ACC: 94 BUFF: 94 DC: 0 FLAG_ZERO: False FLAG_LT: 0 FLAG_GT: 1
INPUT_PORT:  []
OUT_PORT:  []
DATA_MEM:  [94, 43]
---------------------------------------
DEBUG    root:machine.py:309 ST 0
TICK: 4558 PC:   2 ADDR:   0 MEM_OUT: 94 ACC: 95 BUFF: 94 DC: 0 FLAG_ZERO: False FLAG_LT: 0 FLAG_GT: 1
INPUT_PORT:  []
OUT_PORT:  []
DATA_MEM:  [94, 43]
---------------------------------------
DEBUG    root:machine.py:309 CMP 1000
TICK: 4562 PC:   3 ADDR:   0 MEM_OUT: 95 ACC: 95 BUFF: 94 DC: 0 FLAG_ZERO: False FLAG_LT: 0 FLAG_GT: 1
INPUT_PORT:  []
OUT_PORT:  []
DATA_MEM:  [95, 43]
---------------------------------------
DEBUG    root:machine.py:309 JGE 22
TICK: 4565 PC:   4 ADDR:   0 MEM_OUT: 95 ACC: 95 BUFF: 94 DC: 0 FLAG_ZERO: False FLAG_LT: 1 FLAG_GT: 0
INPUT_PORT:  []
OUT_PORT:  []
DATA_MEM:  [95, 43]
---------------------------------------
DEBUG    root:machine.py:309 LD 0
TICK: 4568 PC:   5 ADDR:   0 MEM_OUT: 95 ACC: 95 BUFF: 94 DC: 0 FLAG_ZERO: False FLAG_LT: 1 FLAG_GT: 0
INPUT_PORT:  []
OUT_PORT:  []
DATA_MEM:  [95, 43]
---------------------------------------
DEBUG    root:machine.py:309 MOD 3
TICK: 4572 PC:   6 ADDR:   0 MEM_OUT: 95 ACC: 95 BUFF: 94 DC: 0 FLAG_ZERO: False FLAG_LT: 1 FLAG_GT: 0
INPUT_PORT:  []
OUT_PORT:  []
DATA_MEM:  [95, 43]
---------------------------------------
DEBUG    root:machine.py:309 CMP 0
TICK: 4576 PC:   7 ADDR:   0 MEM_OUT: 95 ACC: 2 BUFF: 95 DC: 0 FLAG_ZERO: False FLAG_LT: 1 FLAG_GT: 0
INPUT_PORT:  []
OUT_PORT:  []
DATA_MEM:  [95, 43]
---------------------------------------
DEBUG    root:machine.py:309 JE 14
TICK: 4579 PC:   8 ADDR:   0 MEM_OUT: 95 ACC: 2 BUFF: 95 DC: 0 FLAG_ZERO: False FLAG_LT: 0 FLAG_GT: 1
INPUT_PORT:  []
OUT_PORT:  []
DATA_MEM:  [95, 43]
---------------------------------------
DEBUG    root:machine.py:309 LD 0
TICK: 4582 PC:   9 ADDR:   0 MEM_OUT: 95 ACC: 2 BUFF: 95 DC: 0 FLAG_ZERO: False FLAG_LT: 0 FLAG_GT: 1
INPUT_PORT:  []
OUT_PORT:  []
DATA_MEM:  [95, 43]
---------------------------------------
DEBUG    root:machine.py:309 MOD 5
TICK: 4586 PC:  10 ADDR:   0 MEM_OUT: 95 ACC: 95 BUFF: 95 DC: 0 FLAG_ZERO: False FLAG_LT: 0 FLAG_GT: 1
INPUT_PORT:  []
OUT_PORT:  []
DATA_MEM:  [95, 43]
---------------------------------------
DEBUG    root:machine.py:309 CMP 0
TICK: 4590 PC:  11 ADDR:   0 MEM_OUT: 95 ACC: 0 BUFF: 95 DC: 0 FLAG_ZERO: False FLAG_LT: 0 FLAG_GT: 1
INPUT_PORT:  []
OUT_PORT:  []
DATA_MEM:  [95, 43]
---------------------------------------
DEBUG    root:machine.py:309 JE 18
TICK: 4593 PC:  12 ADDR:   0 MEM_OUT: 95 ACC: 0 BUFF: 95 DC: 0 FLAG_ZERO: True FLAG_LT: 0 FLAG_GT: 0
INPUT_PORT:  []
OUT_PORT:  []
DATA_MEM:  [95, 43]
---------------------------------------
DEBUG    root:machine.py:309 LD 4
TICK: 4596 PC:  18 ADDR:   0 MEM_OUT: 95 ACC: 0 BUFF: 95 DC: 0 FLAG_ZERO: True FLAG_LT: 0 FLAG_GT: 0
INPUT_PORT:  []
OUT_PORT:  []
DATA_MEM:  [95, 43]
---------------------------------------
DEBUG    root:machine.py:309 INC 
TICK: 4600 PC:  19 ADDR:   1 MEM_OUT: 43 ACC: 43 BUFF: 95 DC: 0 FLAG_ZERO: True FLAG_LT: 0 FLAG_GT: 0
INPUT_PORT:  []
OUT_PORT:  []
DATA_MEM:  [95, 43]
---------------------------------------
DEBUG    root:machine.py:309 ST 4
TICK: 4603 PC:  20 ADDR:   1 MEM_OUT: 43 ACC: 44 BUFF: 95 DC: 0 FLAG_ZERO: True FLAG_LT: 0 FLAG_GT: 0
INPUT_PORT:  []
OUT_PORT:  []
DATA_MEM:  [95, 43]
---------------------------------------
DEBUG    root:machine.py:309 JMP 0
TICK: 4607 PC:  21 ADDR:   1 MEM_OUT: 44 ACC: 44 BUFF: 95 DC: 0 FLAG_ZERO: True FLAG_LT: 0 FLAG_GT: 0
INPUT_PORT:  []
OUT_PORT:  []
DATA_MEM:  [95, 44]
---------------------------------------
DEBUG    root:machine.py:309 LD 0
TICK: 4610 PC:   0 ADDR:   1 MEM_OUT: 44 ACC: 44 BUFF: 95 DC: 0 FLAG_ZERO: True FLAG_LT: 0 FLAG_GT: 0
INPUT_PORT:  []
OUT_PORT:  []
DATA_MEM:  [95, 44]
---------------------------------------
DEBUG    root:machine.py:309 INC 
TICK: 4614 PC:   1 ADDR:   0 MEM_OUT: 95 ACC: 95 BUFF: 95 DC: 0 FLAG_ZERO: True FLAG_LT: 0 FLAG_GT: 0
INPUT_PORT:  []
OUT_PORT:  []
DATA_MEM:  [95, 44]
---------------------------------------
DEBUG    root:machine.py:309 ST 0
TICK: 4617 PC:   2 ADDR:   0 MEM_OUT: 95 ACC: 96 BUFF: 95 DC: 0 FLAG_ZERO: True FLAG_LT: 0 FLAG_GT: 0
INPUT_PORT:  []
OUT_PORT:  []
DATA_MEM:  [95, 44]
---------------------------------------
DEBUG    root:machine.py:309 CMP 1000
TICK: 4621 PC:   3 ADDR:   0 MEM_OUT: 96 ACC: 96 BUFF: 95 DC: 0 FLAG_ZERO: True FLAG_LT: 0 FLAG_GT: 0
INPUT_PORT:  []
OUT_PORT:  []
DATA_MEM:  [96, 44]
---------------------------------------
DEBUG    root:machine.py:309 JGE 22
TICK: 4624 PC:   4 ADDR:   0 MEM_OUT: 96 ACC: 96 BUFF: 95 DC: 0 FLAG_ZERO: False FLAG_LT: 1 FLAG_GT: 0
INPUT_PORT:  []
OUT_PORT:  []
DATA_MEM:  [96, 44]
---------------------------------------
DEBUG    root:machine.py:309 LD 0
TICK: 4627 PC:   5 ADDR:   0 MEM_OUT: 96 ACC: 96 BUFF: 95 DC: 0 FLAG_ZERO: False FLAG_LT: 1 FLAG_GT: 0
INPUT_PORT:  []
OUT_PORT:  []
DATA_MEM:  [96, 44]
---------------------------------------
DEBUG    root:machine.py:309 MOD 3
TICK: 4631 PC:   6 ADDR:   0 MEM_OUT: 96 ACC: 96 BUFF: 95 DC: 0 FLAG_ZERO: False FLAG_LT: 1 FLAG_GT: 0
INPUT_PORT:  []
OUT_PORT:  []
DATA_MEM:  [96, 44]
---------------------------------------
DEBUG    root:machine.py:309 CMP 0
TICK: 4635 PC:   7 ADDR:   0 MEM_OUT: 96 ACC: 0 BUFF: 96 DC: 0 FLAG_ZERO: False FLAG_LT: 1 FLAG_GT: 0
INPUT_PORT:  []
OUT_PORT:  []
DATA_MEM:  [96, 44]
---------------------------------------
DEBUG    root:machine.py:309 JE 14
TICK: 4638 PC:   8 ADDR:   0 MEM_OUT: 96 ACC: 0 BUFF: 96 DC: 0 FLAG_ZERO: True FLAG_LT: 0 FLAG_GT: 0
INPUT_PORT:  []
OUT_PORT:  []
DATA_MEM:  [96, 44]
---------------------------------------
DEBUG    root:machine.py:309 LD 4
TICK: 4641 PC:  14 ADDR:   0 MEM_OUT: 96 ACC: 0 BUFF: 96 DC: 0 FLAG_ZERO: True FLAG_LT: 0 FLAG_GT: 0
INPUT_PORT:  []
OUT_PORT:  []
DATA_MEM:  [96, 44]
---------------------------------------
DEBUG    root:machine.py:309 INC 
TICK: 4645 PC:  15 ADDR:   1 MEM_OUT: 44 ACC: 44 BUFF: 96 DC: 0 FLAG_ZERO: True FLAG_LT: 0 FLAG_GT: 0
INPUT_PORT:  []
OUT_PORT:  []
DATA_MEM:  [96, 44]
---------------------------------------
DEBUG    root:machine.py:309 ST 4
TICK: 4648 PC:  16 ADDR:   1 MEM_OUT: 44 ACC: 45 BUFF: 96 DC: 0 FLAG_ZERO: True FLAG_LT: 0 FLAG_GT: 0
INPUT_PORT:  []
OUT_PORT:  []
DATA_MEM:  [96, 44]
---------------------------------------
DEBUG    root:machine.py:309 JMP 0
TICK: 4652 PC:  17 ADDR:   1 MEM_OUT: 45 ACC: 45 BUFF: 96 DC: 0 FLAG_ZERO: True FLAG_LT: 0 FLAG_GT: 0
INPUT_PORT:  []
OUT_PORT:  []
DATA_MEM:  [96, 45]
---------------------------------------
DEBUG    root:machine.py:309 LD 0
TICK: 4655 PC:   0 ADDR:   1 MEM_OUT: 45 ACC: 45 BUFF: 96 DC: 0 FLAG_ZERO: True FLAG_LT: 0 FLAG_GT: 0
INPUT_PORT:  []
OUT_PORT:  []
DATA_MEM:  [96, 45]
---------------------------------------
DEBUG    root:machine.py:309 INC 
TICK: 4659 PC:   1 ADDR:   0 MEM_OUT: 96 ACC: 96 BUFF: 96 DC: 0 FLAG_ZERO: True FLAG_LT: 0 FLAG_GT: 0
INPUT_PORT:  []
OUT_PORT:  []
DATA_MEM:  [96, 45]
---------------------------------------
DEBUG    root:machine.py:309 ST 0
TICK: 4662 PC:   2 ADDR:   0 MEM_OUT: 96 ACC: 97 BUFF: 96 DC: 0 FLAG_ZERO: True FLAG_LT: 0 FLAG_GT: 0
INPUT_PORT:  []
OUT_PORT:  []
DATA_MEM:  [96, 45]
---------------------------------------
DEBUG    root:machine.py:309 CMP 1000
TICK: 4666 PC:   3 ADDR:   0 MEM_OUT: 97 ACC: 97 BUFF: 96 DC: 0 FLAG_ZERO: True FLAG_LT: 0 FLAG_GT: 0
INPUT_PORT:  []
OUT_PORT:  []
DATA_MEM:  [97, 45]
---------------------------------------
DEBUG    root:machine.py:309 JGE 22
TICK: 4669 PC:   4 ADDR:   0 MEM_OUT: 97 ACC: 97 BUFF: 96 DC: 0 FLAG_ZERO: False FLAG_LT: 1 FLAG_GT: 0
INPUT_PORT:  []
OUT_PORT:  []
DATA_MEM:  [97, 45]
---------------------------------------
DEBUG    root:machine.py:309 LD 0
TICK: 4672 PC:   5 ADDR:   0 MEM_OUT: 97 ACC: 97 BUFF: 96 DC: 0 FLAG_ZERO: False FLAG_LT: 1 FLAG_GT: 0
INPUT_PORT:  []
OUT_PORT:  []
DATA_MEM:  [97, 45]
---------------------------------------
DEBUG    root:machine.py:309 MOD 3
TICK: 4676 PC:   6 ADDR:   0 MEM_OUT: 97 ACC: 97 BUFF: 96 DC: 0 FLAG_ZERO: False FLAG_LT: 1 FLAG_GT: 0
INPUT_PORT:  []
OUT_PORT:  []
DATA_MEM:  [97, 45]
---------------------------------------
DEBUG    root:machine.py:309 CMP 0
TICK: 4680 PC:   7 ADDR:   0 MEM_OUT: 97 ACC: 1 BUFF: 97 DC: 0 FLAG_ZERO: False FLAG_LT: 1 FLAG_GT: 0
INPUT_PORT:  []
OUT_PORT:  []
DATA_MEM:  [97, 45]
---------------------------------------
DEBUG    root:machine.py:309 JE 14
TICK: 4683 PC:   8 ADDR:   0 MEM_OUT: 97 ACC: 1 BUFF: 97 DC: 0 FLAG_ZERO: False FLAG_LT: 0 FLAG_GT: 1
INPUT_PORT:  []
OUT_PORT:  []
DATA_MEM:  [97, 45]
---------------------------------------
DEBUG    root:machine.py:309 LD 0
TICK: 4686 PC:   9 ADDR:   0 MEM_OUT: 97 ACC: 1 BUFF: 97 DC: 0 FLAG_ZERO: False FLAG_LT: 0 FLAG_GT: 1
INPUT_PORT:  []
OUT_PORT:  []
DATA_MEM:  [97, 45]
---------------------------------------
DEBUG    root:machine.py:309 MOD 5
TICK: 4690 PC:  10 ADDR:   0 MEM_OUT: 97 ACC: 97 BUFF: 97 DC: 0 FLAG_ZERO: False FLAG_LT: 0 FLAG_GT: 1
INPUT_PORT:  []
OUT_PORT:  []
DATA_MEM:  [97, 45]
---------------------------------------
DEBUG    root:machine.py:309 CMP 0
TICK: 4694 PC:  11 ADDR:   0 MEM_OUT: 97 ACC: 2 BUFF: 97 DC: 0 FLAG_ZERO: False FLAG_LT: 0 FLAG_GT: 1
INPUT_PORT:  []
OUT_PORT:  []
DATA_MEM:  [97, 45]
---------------------------------------
DEBUG    root:machine.py:309 JE 18
TICK: 4697 PC:  12 ADDR:   0 MEM_OUT: 97 ACC: 2 BUFF: 97 DC: 0 FLAG_ZERO: False FLAG_LT: 0 FLAG_GT: 1
INPUT_PORT:  []
OUT_PORT:  []
DATA_MEM:  [97, 45]
---------------------------------------
DEBUG    root:machine.py:309 JMP 0
TICK: 4700 PC:  13 ADDR:   0 MEM_OUT: 97 ACC: 2 BUFF: 97 DC: 0 FLAG_ZERO: False FLAG_LT: 0 FLAG_GT: 1
INPUT_PORT:  []
OUT_PORT:  []
DATA_MEM:  [97, 45]
---------------------------------------
DEBUG    root:machine.py:309 LD 0
TICK: 4703 PC:   0 ADDR:   0 MEM_OUT: 97 ACC: 2 BUFF: 97 DC: 0 FLAG_ZERO: False FLAG_LT: 0 FLAG_GT: 1
INPUT_PORT:  []
OUT_PORT:  []
DATA_MEM:  [97, 45]
---------------------------------------
DEBUG    root:machine.py:309 INC 
TICK: 4707 PC:   1 ADDR:   0 MEM_OUT: 97 ACC: 97 BUFF: 97 DC: 0 FLAG_ZERO: False FLAG_LT: 0 FLAG_GT: 1
INPUT_PORT:  []
OUT_PORT:  []
DATA_MEM:  [97, 45]
---------------------------------------
DEBUG    root:machine.py:309 ST 0
TICK: 4710 PC:   2 ADDR:   0 MEM_OUT: 97 ACC: 98 BUFF: 97 DC: 0 FLAG_ZERO: False FLAG_LT: 0 FLAG_GT: 1
INPUT_PORT:  []
OUT_PORT:  []
DATA_MEM:  [97, 45]
---------------------------------------
DEBUG    root:machine.py:309 CMP 1000
TICK: 4714 PC:   3 ADDR:   0 MEM_OUT: 98 ACC: 98 BUFF: 97 DC: 0 FLAG_ZERO: False FLAG_LT: 0 FLAG_GT: 1
INPUT_PORT:  []
OUT_PORT:  []
DATA_MEM:  [98, 45]
---------------------------------------
DEBUG    root:machine.py:309 JGE 22
TICK: 4717 PC:   4 ADDR:   0 MEM_OUT: 98 ACC: 98 BUFF: 97 DC: 0 FLAG_ZERO: False FLAG_LT: 1 FLAG_GT: 0
INPUT_PORT:  []
OUT_PORT:  []
DATA_MEM:  [98, 45]
---------------------------------------
DEBUG    root:machine.py:309 LD 0
TICK: 4720 PC:   5 ADDR:   0 MEM_OUT: 98 ACC: 98 BUFF: 97 DC: 0 FLAG_ZERO: False FLAG_LT: 1 FLAG_GT: 0
INPUT_PORT:  []
OUT_PORT:  []
DATA_MEM:  [98, 45]
---------------------------------------
DEBUG    root:machine.py:309 MOD 3
TICK: 4724 PC:   6 ADDR:   0 MEM_OUT: 98 ACC: 98 BUFF: 97 DC: 0 FLAG_ZERO: False FLAG_LT: 1 FLAG_GT: 0
INPUT_PORT:  []
OUT_PORT:  []
DATA_MEM:  [98, 45]
---------------------------------------
DEBUG    root:machine.py:309 CMP 0
TICK: 4728 PC:   7 ADDR:   0 MEM_OUT: 98 ACC: 2 BUFF: 98 DC: 0 FLAG_ZERO: False FLAG_LT: 1 FLAG_GT: 0
INPUT_PORT:  []
OUT_PORT:  []
DATA_MEM:  [98, 45]
---------------------------------------
DEBUG    root:machine.py:309 JE 14
TICK: 4731 PC:   8 ADDR:   0 MEM_OUT: 98 ACC: 2 BUFF: 98 DC: 0 FLAG_ZERO: False FLAG_LT: 0 FLAG_GT: 1
INPUT_PORT:  []
OUT_PORT:  []
DATA_MEM:  [98, 45]
---------------------------------------
DEBUG    root:machine.py:309 LD 0
TICK: 4734 PC:   9 ADDR:   0 MEM_OUT: 98 ACC: 2 BUFF: 98 DC: 0 FLAG_ZERO: False FLAG_LT: 0 FLAG_GT: 1
INPUT_PORT:  []
OUT_PORT:  []
DATA_MEM:  [98, 45]
---------------------------------------
DEBUG    root:machine.py:309 MOD 5
TICK: 4738 PC:  10 ADDR:   0 MEM_OUT: 98 ACC: 98 BUFF: 98 DC: 0 FLAG_ZERO: False FLAG_LT: 0 FLAG_GT: 1
INPUT_PORT:  []
OUT_PORT:  []
DATA_MEM:  [98, 45]
---------------------------------------
DEBUG    root:machine.py:309 CMP 0
TICK: 4742 PC:  11 ADDR:   0 MEM_OUT: 98 ACC: 3 BUFF: 98 DC: 0 FLAG_ZERO: False FLAG_LT: 0 FLAG_GT: 1
INPUT_PORT:  []
OUT_PORT:  []
DATA_MEM:  [98, 45]
---------------------------------------
DEBUG    root:machine.py:309 JE 18
TICK: 4745 PC:  12 ADDR:   0 MEM_OUT: 98 ACC: 3 BUFF: 98 DC: 0 FLAG_ZERO: False FLAG_LT: 0 FLAG_GT: 1
INPUT_PORT:  []
OUT_PORT:  []
DATA_MEM:  [98, 45]
---------------------------------------
DEBUG    root:machine.py:309 JMP 0
TICK: 4748 PC:  13 ADDR:   0 MEM_OUT: 98 ACC: 3 BUFF: 98 DC: 0 FLAG_ZERO: False FLAG_LT: 0 FLAG_GT: 1
INPUT_PORT:  []
OUT_PORT:  []
DATA_MEM:  [98, 45]
---------------------------------------
DEBUG    root:machine.py:309 LD 0
TICK: 4751 PC:   0 ADDR:   0 MEM_OUT: 98 ACC: 3 BUFF: 98 DC: 0 FLAG_ZERO: False FLAG_LT: 0 FLAG_GT: 1
INPUT_PORT:  []
OUT_PORT:  []
DATA_MEM:  [98, 45]
---------------------------------------
DEBUG    root:machine.py:309 INC 
TICK: 4755 PC:   1 ADDR:   0 MEM_OUT: 98 ACC: 98 BUFF: 98 DC: 0 FLAG_ZERO: False FLAG_LT: 0 FLAG_GT: 1
INPUT_PORT:  []
OUT_PORT:  []
DATA_MEM:  [98, 45]
---------------------------------------
DEBUG    root:machine.py:309 ST 0
TICK: 4758 PC:   2 ADDR:   0 MEM_OUT: 98 ACC: 99 BUFF: 98 DC: 0 FLAG_ZERO: False FLAG_LT: 0 FLAG_GT: 1
INPUT_PORT:  []
OUT_PORT:  []
DATA_MEM:  [98, 45]
---------------------------------------
DEBUG    root:machine.py:309 CMP 1000
TICK: 4762 PC:   3 ADDR:   0 MEM_OUT: 99 ACC: 99 BUFF: 98 DC: 0 FLAG_ZERO: False FLAG_LT: 0 FLAG_GT: 1
INPUT_PORT:  []
OUT_PORT:  []
DATA_MEM:  [99, 45]
---------------------------------------
DEBUG    root:machine.py:309 JGE 22
TICK: 4765 PC:   4 ADDR:   0 MEM_OUT: 99 ACC: 99 BUFF: 98 DC: 0 FLAG_ZERO: False FLAG_LT: 1 FLAG_GT: 0
INPUT_PORT:  []
OUT_PORT:  []
DATA_MEM:  [99, 45]
---------------------------------------
DEBUG    root:machine.py:309 LD 0
TICK: 4768 PC:   5 ADDR:   0 MEM_OUT: 99 ACC: 99 BUFF: 98 DC: 0 FLAG_ZERO: False FLAG_LT: 1 FLAG_GT: 0
INPUT_PORT:  []
OUT_PORT:  []
DATA_MEM:  [99, 45]
---------------------------------------
DEBUG    root:machine.py:309 MOD 3
TICK: 4772 PC:   6 ADDR:   0 MEM_OUT: 99 ACC: 99 BUFF: 98 DC: 0 FLAG_ZERO: False FLAG_LT: 1 FLAG_GT: 0
INPUT_PORT:  []
OUT_PORT:  []
DATA_MEM:  [99, 45]
---------------------------------------
DEBUG    root:machine.py:309 CMP 0
TICK: 4776 PC:   7 ADDR:   0 MEM_OUT: 99 ACC: 0 BUFF: 99 DC: 0 FLAG_ZERO: False FLAG_LT: 1 FLAG_GT: 0
INPUT_PORT:  []
OUT_PORT:  []
DATA_MEM:  [99, 45]
---------------------------------------
DEBUG    root:machine.py:309 JE 14
TICK: 4779 PC:   8 ADDR:   0 MEM_OUT: 99 ACC: 0 BUFF: 99 DC: 0 FLAG_ZERO: True FLAG_LT: 0 FLAG_GT: 0
INPUT_PORT:  []
OUT_PORT:  []
DATA_MEM:  [99, 45]
---------------------------------------
DEBUG    root:machine.py:309 LD 4
TICK: 4782 PC:  14 ADDR:   0 MEM_OUT: 99 ACC: 0 BUFF: 99 DC: 0 FLAG_ZERO: True FLAG_LT: 0 FLAG_GT: 0
INPUT_PORT:  []
OUT_PORT:  []
DATA_MEM:  [99, 45]
---------------------------------------
DEBUG    root:machine.py:309 INC 
TICK: 4786 PC:  15 ADDR:   1 MEM_OUT: 45 ACC: 45 BUFF: 99 DC: 0 FLAG_ZERO: True FLAG_LT: 0 FLAG_GT: 0
INPUT_PORT:  []
OUT_PORT:  []
DATA_MEM:  [99, 45]
---------------------------------------
DEBUG    root:machine.py:309 ST 4
TICK: 4789 PC:  16 ADDR:   1 MEM_OUT: 45 ACC: 46 BUFF: 99 DC: 0 FLAG_ZERO: True FLAG_LT: 0 FLAG_GT: 0
INPUT_PORT:  []
OUT_PORT:  []
DATA_MEM:  [99, 45]
---------------------------------------
DEBUG    root:machine.py:309 JMP 0
TICK: 4793 PC:  17 ADDR:   1 MEM_OUT: 46 ACC: 46 BUFF: 99 DC: 0 FLAG_ZERO: True FLAG_LT: 0 FLAG_GT: 0
INPUT_PORT:  []
OUT_PORT:  []
DATA_MEM:  [99, 46]
---------------------------------------
DEBUG    root:machine.py:309 LD 0
TICK: 4796 PC:   0 ADDR:   1 MEM_OUT: 46 ACC: 46 BUFF: 99 DC: 0 FLAG_ZERO: True FLAG_LT: 0 FLAG_GT: 0
INPUT_PORT:  []
OUT_PORT:  []
DATA_MEM:  [99, 46]
---------------------------------------
DEBUG    root:machine.py:309 INC 
TICK: 4800 PC:   1 ADDR:   0 MEM_OUT: 99 ACC: 99 BUFF: 99 DC: 0 FLAG_ZERO: True FLAG_LT: 0 FLAG_GT: 0
INPUT_PORT:  []
OUT_PORT:  []
DATA_MEM:  [99, 46]
---------------------------------------
DEBUG    root:machine.py:309 ST 0
TICK: 4803 PC:   2 ADDR:   0 MEM_OUT: 99 ACC: 100 BUFF: 99 DC: 0 FLAG_ZERO: True FLAG_LT: 0 FLAG_GT: 0
INPUT_PORT:  []
OUT_PORT:  []
DATA_MEM:  [99, 46]
---------------------------------------
DEBUG    root:machine.py:309 CMP 1000
TICK: 4807 PC:   3 ADDR:   0 MEM_OUT: 100 ACC: 100 BUFF: 99 DC: 0 FLAG_ZERO: True FLAG_LT: 0 FLAG_GT: 0
INPUT_PORT:  []
OUT_PORT:  []
DATA_MEM:  [100, 46]
---------------------------------------
DEBUG    root:machine.py:309 JGE 22
TICK: 4810 PC:   4 ADDR:   0 MEM_OUT: 100 ACC: 100 BUFF: 99 DC: 0 FLAG_ZERO: False FLAG_LT: 1 FLAG_GT: 0
INPUT_PORT:  []
OUT_PORT:  []
DATA_MEM:  [100, 46]
---------------------------------------
DEBUG    root:machine.py:309 LD 0
TICK: 4813 PC:   5 ADDR:   0 MEM_OUT: 100 ACC: 100 BUFF: 99 DC: 0 FLAG_ZERO: False FLAG_LT: 1 FLAG_GT: 0
INPUT_PORT:  []
OUT_PORT:  []
DATA_MEM:  [100, 46]
---------------------------------------
DEBUG    root:machine.py:309 MOD 3
TICK: 4817 PC:   6 ADDR:   0 MEM_OUT: 100 ACC: 100 BUFF: 99 DC: 0 FLAG_ZERO: False FLAG_LT: 1 FLAG_GT: 0
INPUT_PORT:  []
OUT_PORT:  []
DATA_MEM:  [100, 46]
---------------------------------------
DEBUG    root:machine.py:309 CMP 0
TICK: 4821 PC:   7 ADDR:   0 MEM_OUT: 100 ACC: 1 BUFF: 100 DC: 0 FLAG_ZERO: False FLAG_LT: 1 FLAG_GT: 0
INPUT_PORT:  []
OUT_PORT:  []
DATA_MEM:  [100, 46]
---------------------------------------
DEBUG    root:machine.py:309 JE 14
TICK: 4824 PC:   8 ADDR:   0 MEM_OUT: 100 ACC: 1 BUFF: 100 DC: 0 FLAG_ZERO: False FLAG_LT: 0 FLAG_GT: 1
INPUT_PORT:  []
OUT_PORT:  []
DATA_MEM:  [100, 46]
---------------------------------------
DEBUG    root:machine.py:309 LD 0
TICK: 4827 PC:   9 ADDR:   0 MEM_OUT: 100 ACC: 1 BUFF: 100 DC: 0 FLAG_ZERO: False FLAG_LT: 0 FLAG_GT: 1
INPUT_PORT:  []
OUT_PORT:  []
DATA_MEM:  [100, 46]
---------------------------------------
DEBUG    root:machine.py:309 MOD 5
TICK: 4831 PC:  10 ADDR:   0 MEM_OUT: 100 ACC: 100 BUFF: 100 DC: 0 FLAG_ZERO: False FLAG_LT: 0 FLAG_GT: 1
INPUT_PORT:  []
OUT_PORT:  []
DATA_MEM:  [100, 46]
---------------------------------------
DEBUG    root:machine.py:309 CMP 0
TICK: 4835 PC:  11 ADDR:   0 MEM_OUT: 100 ACC: 0 BUFF: 100 DC: 0 FLAG_ZERO: False FLAG_LT: 0 FLAG_GT: 1
INPUT_PORT:  []
OUT_PORT:  []
DATA_MEM:  [100, 46]
---------------------------------------
DEBUG    root:machine.py:309 JE 18
TICK: 4838 PC:  12 ADDR:   0 MEM_OUT: 100 ACC: 0 BUFF: 100 DC: 0 FLAG_ZERO: True FLAG_LT: 0 FLAG_GT: 0
INPUT_PORT:  []
OUT_PORT:  []
DATA_MEM:  [100, 46]
---------------------------------------
DEBUG    root:machine.py:309 LD 4
TICK: 4841 PC:  18 ADDR:   0 MEM_OUT: 100 ACC: 0 BUFF: 100 DC: 0 FLAG_ZERO: True FLAG_LT: 0 FLAG_GT: 0
INPUT_PORT:  []
OUT_PORT:  []
DATA_MEM:  [100, 46]
---------------------------------------
DEBUG    root:machine.py:309 INC 
TICK: 4845 PC:  19 ADDR:   1 MEM_OUT: 46 ACC: 46 BUFF: 100 DC: 0 FLAG_ZERO: True FLAG_LT: 0 FLAG_GT: 0
INPUT_PORT:  []
OUT_PORT:  []
DATA_MEM:  [100, 46]
---------------------------------------
DEBUG    root:machine.py:309 ST 4
TICK: 4848 PC:  20 ADDR:   1 MEM_OUT: 46 ACC: 47 BUFF: 100 DC: 0 FLAG_ZERO: True FLAG_LT: 0 FLAG_GT: 0
INPUT_PORT:  []
OUT_PORT:  []
DATA_MEM:  [100, 46]
---------------------------------------
DEBUG    root:machine.py:309 JMP 0
TICK: 4852 PC:  21 ADDR:   1 MEM_OUT: 47 ACC: 47 BUFF: 100 DC: 0 FLAG_ZERO: True FLAG_LT: 0 FLAG_GT: 0
INPUT_PORT:  []
OUT_PORT:  []
DATA_MEM:  [100, 47]
---------------------------------------
DEBUG    root:machine.py:309 LD 0
TICK: 4855 PC:   0 ADDR:   1 MEM_OUT: 47 ACC: 47 BUFF: 100 DC: 0 FLAG_ZERO: True FLAG_LT: 0 FLAG_GT: 0
INPUT_PORT:  []
OUT_PORT:  []
DATA_MEM:  [100, 47]
---------------------------------------
DEBUG    root:machine.py:309 INC 
TICK: 4859 PC:   1 ADDR:   0 MEM_OUT: 100 ACC: 100 BUFF: 100 DC: 0 FLAG_ZERO: True FLAG_LT: 0 FLAG_GT: 0
INPUT_PORT:  []
OUT_PORT:  []
DATA_MEM:  [100, 47]
---------------------------------------
DEBUG    root:machine.py:309 ST 0
TICK: 4862 PC:   2 ADDR:   0 MEM_OUT: 100 ACC: 101 BUFF: 100 DC: 0 FLAG_ZERO: True FLAG_LT: 0 FLAG_GT: 0
INPUT_PORT:  []
OUT_PORT:  []
DATA_MEM:  [100, 47]
---------------------------------------
DEBUG    root:machine.py:309 CMP 1000
TICK: 4866 PC:   3 ADDR:   0 MEM_OUT: 101 ACC: 101 BUFF: 100 DC: 0 FLAG_ZERO: True FLAG_LT: 0 FLAG_GT: 0
INPUT_PORT:  []
OUT_PORT:  []
DATA_MEM:  [101, 47]
---------------------------------------
DEBUG    root:machine.py:309 JGE 22
TICK: 4869 PC:   4 ADDR:   0 MEM_OUT: 101 ACC: 101 BUFF: 100 DC: 0 FLAG_ZERO: False FLAG_LT: 1 FLAG_GT: 0
INPUT_PORT:  []
OUT_PORT:  []
DATA_MEM:  [101, 47]
---------------------------------------
DEBUG    root:machine.py:309 LD 0
TICK: 4872 PC:   5 ADDR:   0 MEM_OUT: 101 ACC: 101 BUFF: 100 DC: 0 FLAG_ZERO: False FLAG_LT: 1 FLAG_GT: 0
INPUT_PORT:  []
OUT_PORT:  []
DATA_MEM:  [101, 47]
---------------------------------------
DEBUG    root:machine.py:309 MOD 3
TICK: 4876 PC:   6 ADDR:   0 MEM_OUT: 101 ACC: 101 BUFF: 100 DC: 0 FLAG_ZERO: False FLAG_LT: 1 FLAG_GT: 0
INPUT_PORT:  []
OUT_PORT:  []
DATA_MEM:  [101, 47]
---------------------------------------
DEBUG    root:machine.py:309 CMP 0
TICK: 4880 PC:   7 ADDR:   0 MEM_OUT: 101 ACC: 2 BUFF: 101 DC: 0 FLAG_ZERO: False FLAG_LT: 1 FLAG_GT: 0
INPUT_PORT:  []
OUT_PORT:  []
DATA_MEM:  [101, 47]
---------------------------------------
DEBUG    root:machine.py:309 JE 14
TICK: 4883 PC:   8 ADDR:   0 MEM_OUT: 101 ACC: 2 BUFF: 101 DC: 0 FLAG_ZERO: False FLAG_LT: 0 FLAG_GT: 1
INPUT_PORT:  []
OUT_PORT:  []
DATA_MEM:  [101, 47]
---------------------------------------
DEBUG    root:machine.py:309 LD 0
TICK: 4886 PC:   9 ADDR:   0 MEM_OUT: 101 ACC: 2 BUFF: 101 DC: 0 FLAG_ZERO: False FLAG_LT: 0 FLAG_GT: 1
INPUT_PORT:  []
OUT_PORT:  []
DATA_MEM:  [101, 47]
---------------------------------------
DEBUG    root:machine.py:309 MOD 5
TICK: 4890 PC:  10 ADDR:   0 MEM_OUT: 101 ACC: 101 BUFF: 101 DC: 0 FLAG_ZERO: False FLAG_LT: 0 FLAG_GT: 1
INPUT_PORT:  []
OUT_PORT:  []
DATA_MEM:  [101, 47]
---------------------------------------
DEBUG    root:machine.py:309 CMP 0
TICK: 4894 PC:  11 ADDR:   0 MEM_OUT: 101 ACC: 1 BUFF: 101 DC: 0 FLAG_ZERO: False FLAG_LT: 0 FLAG_GT: 1
INPUT_PORT:  []
OUT_PORT:  []
DATA_MEM:  [101, 47]
---------------------------------------
DEBUG    root:machine.py:309 JE 18
TICK: 4897 PC:  12 ADDR:   0 MEM_OUT: 101 ACC: 1 BUFF: 101 DC: 0 FLAG_ZERO: False FLAG_LT: 0 FLAG_GT: 1
INPUT_PORT:  []
OUT_PORT:  []
DATA_MEM:  [101, 47]
---------------------------------------
DEBUG    root:machine.py:309 JMP 0
TICK: 4900 PC:  13 ADDR:   0 MEM_OUT: 101 ACC: 1 BUFF: 101 DC: 0 FLAG_ZERO: False FLAG_LT: 0 FLAG_GT: 1
INPUT_PORT:  []
OUT_PORT:  []
DATA_MEM:  [101, 47]
---------------------------------------
DEBUG    root:machine.py:309 LD 0
TICK: 4903 PC:   0 ADDR:   0 MEM_OUT: 101 ACC: 1 BUFF: 101 DC: 0 FLAG_ZERO: False FLAG_LT: 0 FLAG_GT: 1
INPUT_PORT:  []
OUT_PORT:  []
DATA_MEM:  [101, 47]
---------------------------------------
DEBUG    root:machine.py:309 INC 
TICK: 4907 PC:   1 ADDR:   0 MEM_OUT: 101 ACC: 101 BUFF: 101 DC: 0 FLAG_ZERO: False FLAG_LT: 0 FLAG_GT: 1
INPUT_PORT:  []
OUT_PORT:  []
DATA_MEM:  [101, 47]
---------------------------------------
DEBUG    root:machine.py:309 ST 0
TICK: 4910 PC:   2 ADDR:   0 MEM_OUT: 101 ACC: 102 BUFF: 101 DC: 0 FLAG_ZERO: False FLAG_LT: 0 FLAG_GT: 1
INPUT_PORT:  []
OUT_PORT:  []
DATA_MEM:  [101, 47]
---------------------------------------
DEBUG    root:machine.py:309 CMP 1000
TICK: 4914 PC:   3 ADDR:   0 MEM_OUT: 102 ACC: 102 BUFF: 101 DC: 0 FLAG_ZERO: False FLAG_LT: 0 FLAG_GT: 1
INPUT_PORT:  []
OUT_PORT:  []
DATA_MEM:  [102, 47]
---------------------------------------
DEBUG    root:machine.py:309 JGE 22
TICK: 4917 PC:   4 ADDR:   0 MEM_OUT: 102 ACC: 102 BUFF: 101 DC: 0 FLAG_ZERO: False FLAG_LT: 1 FLAG_GT: 0
INPUT_PORT:  []
OUT_PORT:  []
DATA_MEM:  [102, 47]
---------------------------------------
DEBUG    root:machine.py:309 LD 0
TICK: 4920 PC:   5 ADDR:   0 MEM_OUT: 102 ACC: 102 BUFF: 101 DC: 0 FLAG_ZERO: False FLAG_LT: 1 FLAG_GT: 0
INPUT_PORT:  []
OUT_PORT:  []
DATA_MEM:  [102, 47]
---------------------------------------
DEBUG    root:machine.py:309 MOD 3
TICK: 4924 PC:   6 ADDR:   0 MEM_OUT: 102 ACC: 102 BUFF: 101 DC: 0 FLAG_ZERO: False FLAG_LT: 1 FLAG_GT: 0
INPUT_PORT:  []
OUT_PORT:  []
DATA_MEM:  [102, 47]
---------------------------------------
DEBUG    root:machine.py:309 CMP 0
TICK: 4928 PC:   7 ADDR:   0 MEM_OUT: 102 ACC: 0 BUFF: 102 DC: 0 FLAG_ZERO: False FLAG_LT: 1 FLAG_GT: 0
INPUT_PORT:  []
OUT_PORT:  []
DATA_MEM:  [102, 47]
---------------------------------------
DEBUG    root:machine.py:309 JE 14
TICK: 4931 PC:   8 ADDR:   0 MEM_OUT: 102 ACC: 0 BUFF: 102 DC: 0 FLAG_ZERO: True FLAG_LT: 0 FLAG_GT: 0
INPUT_PORT:  []
OUT_PORT:  []
DATA_MEM:  [102, 47]
---------------------------------------
DEBUG    root:machine.py:309 LD 4
TICK: 4934 PC:  14 ADDR:   0 MEM_OUT: 102 ACC: 0 BUFF: 102 DC: 0 FLAG_ZERO: True FLAG_LT: 0 FLAG_GT: 0
INPUT_PORT:  []
OUT_PORT:  []
DATA_MEM:  [102, 47]
---------------------------------------
DEBUG    root:machine.py:309 INC 
TICK: 4938 PC:  15 ADDR:   1 MEM_OUT: 47 ACC: 47 BUFF: 102 DC: 0 FLAG_ZERO: True FLAG_LT: 0 FLAG_GT: 0
INPUT_PORT:  []
OUT_PORT:  []
DATA_MEM:  [102, 47]
---------------------------------------
DEBUG    root:machine.py:309 ST 4
TICK: 4941 PC:  16 ADDR:   1 MEM_OUT: 47 ACC: 48 BUFF: 102 DC: 0 FLAG_ZERO: True FLAG_LT: 0 FLAG_GT: 0
INPUT_PORT:  []
OUT_PORT:  []
DATA_MEM:  [102, 47]
---------------------------------------
DEBUG    root:machine.py:309 JMP 0
TICK: 4945 PC:  17 ADDR:   1 MEM_OUT: 48 ACC: 48 BUFF: 102 DC: 0 FLAG_ZERO: True FLAG_LT: 0 FLAG_GT: 0
INPUT_PORT:  []
OUT_PORT:  []
DATA_MEM:  [102, 48]
---------------------------------------
DEBUG    root:machine.py:309 LD 0
TICK: 4948 PC:   0 ADDR:   1 MEM_OUT: 48 ACC: 48 BUFF: 102 DC: 0 FLAG_ZERO: True FLAG_LT: 0 FLAG_GT: 0
INPUT_PORT:  []
OUT_PORT:  []
DATA_MEM:  [102, 48]
---------------------------------------
DEBUG    root:machine.py:309 INC 
TICK: 4952 PC:   1 ADDR:   0 MEM_OUT: 102 ACC: 102 BUFF: 102 DC: 0 FLAG_ZERO: True FLAG_LT: 0 FLAG_GT: 0
INPUT_PORT:  []
OUT_PORT:  []
DATA_MEM:  [102, 48]
---------------------------------------
DEBUG    root:machine.py:309 ST 0
TICK: 4955 PC:   2 ADDR:   0 MEM_OUT: 102 ACC: 103 BUFF: 102 DC: 0 FLAG_ZERO: True FLAG_LT: 0 FLAG_GT: 0
INPUT_PORT:  []
OUT_PORT:  []
DATA_MEM:  [102, 48]
---------------------------------------
DEBUG    root:machine.py:309 CMP 1000
TICK: 4959 PC:   3 ADDR:   0 MEM_OUT: 103 ACC: 103 BUFF: 102 DC: 0 FLAG_ZERO: True FLAG_LT: 0 FLAG_GT: 0
INPUT_PORT:  []
OUT_PORT:  []
DATA_MEM:  [103, 48]
---------------------------------------
DEBUG    root:machine.py:309 JGE 22
TICK: 4962 PC:   4 ADDR:   0 MEM_OUT: 103 ACC: 103 BUFF: 102 DC: 0 FLAG_ZERO: False FLAG_LT: 1 FLAG_GT: 0
INPUT_PORT:  []
OUT_PORT:  []
DATA_MEM:  [103, 48]
---------------------------------------
DEBUG    root:machine.py:309 LD 0
TICK: 4965 PC:   5 ADDR:   0 MEM_OUT: 103 ACC: 103 BUFF: 102 DC: 0 FLAG_ZERO: False FLAG_LT: 1 FLAG_GT: 0
INPUT_PORT:  []
OUT_PORT:  []
DATA_MEM:  [103, 48]
---------------------------------------
DEBUG    root:machine.py:309 MOD 3
TICK: 4969 PC:   6 ADDR:   0 MEM_OUT: 103 ACC: 103 BUFF: 102 DC: 0 FLAG_ZERO: False FLAG_LT: 1 FLAG_GT: 0
INPUT_PORT:  []
OUT_PORT:  []
DATA_MEM:  [103, 48]
---------------------------------------
DEBUG    root:machine.py:309 CMP 0
TICK: 4973 PC:   7 ADDR:   0 MEM_OUT: 103 ACC: 1 BUFF: 103 DC: 0 FLAG_ZERO: False FLAG_LT: 1 FLAG_GT: 0
INPUT_PORT:  []
OUT_PORT:  []
DATA_MEM:  [103, 48]
---------------------------------------
DEBUG    root:machine.py:309 JE 14
TICK: 4976 PC:   8 ADDR:   0 MEM_OUT: 103 ACC: 1 BUFF: 103 DC: 0 FLAG_ZERO: False FLAG_LT: 0 FLAG_GT: 1
INPUT_PORT:  []
OUT_PORT:  []
DATA_MEM:  [103, 48]
---------------------------------------
DEBUG    root:machine.py:309 LD 0
TICK: 4979 PC:   9 ADDR:   0 MEM_OUT: 103 ACC: 1 BUFF: 103 DC: 0 FLAG_ZERO: False FLAG_LT: 0 FLAG_GT: 1
INPUT_PORT:  []
OUT_PORT:  []
DATA_MEM:  [103, 48]
---------------------------------------
DEBUG    root:machine.py:309 MOD 5
TICK: 4983 PC:  10 ADDR:   0 MEM_OUT: 103 ACC: 103 BUFF: 103 DC: 0 FLAG_ZERO: False FLAG_LT: 0 FLAG_GT: 1
INPUT_PORT:  []
OUT_PORT:  []
DATA_MEM:  [103, 48]
---------------------------------------
DEBUG    root:machine.py:309 CMP 0
TICK: 4987 PC:  11 ADDR:   0 MEM_OUT: 103 ACC: 3 BUFF: 103 DC: 0 FLAG_ZERO: False FLAG_LT: 0 FLAG_GT: 1
INPUT_PORT:  []
OUT_PORT:  []
DATA_MEM:  [103, 48]
---------------------------------------
DEBUG    root:machine.py:309 JE 18
TICK: 4990 PC:  12 ADDR:   0 MEM_OUT: 103 ACC: 3 BUFF: 103 DC: 0 FLAG_ZERO: False FLAG_LT: 0 FLAG_GT: 1
INPUT_PORT:  []
OUT_PORT:  []
DATA_MEM:  [103, 48]
---------------------------------------
DEBUG    root:machine.py:309 JMP 0
TICK: 4993 PC:  13 ADDR:   0 MEM_OUT: 103 ACC: 3 BUFF: 103 DC: 0 FLAG_ZERO: False FLAG_LT: 0 FLAG_GT: 1
INPUT_PORT:  []
OUT_PORT:  []
DATA_MEM:  [103, 48]
---------------------------------------
DEBUG    root:machine.py:309 LD 0
TICK: 4996 PC:   0 ADDR:   0 MEM_OUT: 103 ACC: 3 BUFF: 103 DC: 0 FLAG_ZERO: False FLAG_LT: 0 FLAG_GT: 1
INPUT_PORT:  []
OUT_PORT:  []
DATA_MEM:  [103, 48]
---------------------------------------
DEBUG    root:machine.py:309 INC 
TICK: 5000 PC:   1 ADDR:   0 MEM_OUT: 103 ACC: 103 BUFF: 103 DC: 0 FLAG_ZERO: False FLAG_LT: 0 FLAG_GT: 1
INPUT_PORT:  []
OUT_PORT:  []
DATA_MEM:  [103, 48]
---------------------------------------
DEBUG    root:machine.py:309 ST 0
TICK: 5003 PC:   2 ADDR:   0 MEM_OUT: 103 ACC: 104 BUFF: 103 DC: 0 FLAG_ZERO: False FLAG_LT: 0 FLAG_GT: 1
INPUT_PORT:  []
OUT_PORT:  []
DATA_MEM:  [103, 48]
---------------------------------------
DEBUG    root:machine.py:309 CMP 1000
TICK: 5007 PC:   3 ADDR:   0 MEM_OUT: 104 ACC: 104 BUFF: 103 DC: 0 FLAG_ZERO: False FLAG_LT: 0 FLAG_GT: 1
INPUT_PORT:  []
OUT_PORT:  []
DATA_MEM:  [104, 48]
---------------------------------------
DEBUG    root:machine.py:309 JGE 22
TICK: 5010 PC:   4 ADDR:   0 MEM_OUT: 104 ACC: 104 BUFF: 103 DC: 0 FLAG_ZERO: False FLAG_LT: 1 FLAG_GT: 0
INPUT_PORT:  []
OUT_PORT:  []
DATA_MEM:  [104, 48]
---------------------------------------
DEBUG    root:machine.py:309 LD 0
TICK: 5013 PC:   5 ADDR:   0 MEM_OUT: 104 ACC: 104 BUFF: 103 DC: 0 FLAG_ZERO: False FLAG_LT: 1 FLAG_GT: 0
INPUT_PORT:  []
OUT_PORT:  []
DATA_MEM:  [104, 48]
---------------------------------------
DEBUG    root:machine.py:309 MOD 3
TICK: 5017 PC:   6 ADDR:   0 MEM_OUT: 104 ACC: 104 BUFF: 103 DC: 0 FLAG_ZERO: False FLAG_LT: 1 FLAG_GT: 0
INPUT_PORT:  []
OUT_PORT:  []
DATA_MEM:  [104, 48]
---------------------------------------
DEBUG    root:machine.py:309 CMP 0
TICK: 5021 PC:   7 ADDR:   0 MEM_OUT: 104 ACC: 2 BUFF: 104 DC: 0 FLAG_ZERO: False FLAG_LT: 1 FLAG_GT: 0
INPUT_PORT:  []
OUT_PORT:  []
DATA_MEM:  [104, 48]
---------------------------------------
DEBUG    root:machine.py:309 JE 14
TICK: 5024 PC:   8 ADDR:   0 MEM_OUT: 104 ACC: 2 BUFF: 104 DC: 0 FLAG_ZERO: False FLAG_LT: 0 FLAG_GT: 1
INPUT_PORT:  []
OUT_PORT:  []
DATA_MEM:  [104, 48]
---------------------------------------
DEBUG    root:machine.py:309 LD 0
TICK: 5027 PC:   9 ADDR:   0 MEM_OUT: 104 ACC: 2 BUFF: 104 DC: 0 FLAG_ZERO: False FLAG_LT: 0 FLAG_GT: 1
INPUT_PORT:  []
OUT_PORT:  []
DATA_MEM:  [104, 48]
---------------------------------------
DEBUG    root:machine.py:309 MOD 5
TICK: 5031 PC:  10 ADDR:   0 MEM_OUT: 104 ACC: 104 BUFF: 104 DC: 0 FLAG_ZERO: False FLAG_LT: 0 FLAG_GT: 1
INPUT_PORT:  []
OUT_PORT:  []
DATA_MEM:  [104, 48]
---------------------------------------
DEBUG    root:machine.py:309 CMP 0
TICK: 5035 PC:  11 ADDR:   0 MEM_OUT: 104 ACC: 4 BUFF: 104 DC: 0 FLAG_ZERO: False FLAG_LT: 0 FLAG_GT: 1
INPUT_PORT:  []
OUT_PORT:  []
DATA_MEM:  [104, 48]
---------------------------------------
DEBUG    root:machine.py:309 JE 18
TICK: 5038 PC:  12 ADDR:   0 MEM_OUT: 104 ACC: 4 BUFF: 104 DC: 0 FLAG_ZERO: False FLAG_LT: 0 FLAG_GT: 1
INPUT_PORT:  []
OUT_PORT:  []
DATA_MEM:  [104, 48]
---------------------------------------
DEBUG    root:machine.py:309 JMP 0
TICK: 5041 PC:  13 ADDR:   0 MEM_OUT: 104 ACC: 4 BUFF: 104 DC: 0 FLAG_ZERO: False FLAG_LT: 0 FLAG_GT: 1
INPUT_PORT:  []
OUT_PORT:  []
DATA_MEM:  [104, 48]
---------------------------------------
DEBUG    root:machine.py:309 LD 0
TICK: 5044 PC:   0 ADDR:   0 MEM_OUT: 104 ACC: 4 BUFF: 104 DC: 0 FLAG_ZERO: False FLAG_LT: 0 FLAG_GT: 1
INPUT_PORT:  []
OUT_PORT:  []
DATA_MEM:  [104, 48]
---------------------------------------
DEBUG    root:machine.py:309 INC 
TICK: 5048 PC:   1 ADDR:   0 MEM_OUT: 104 ACC: 104 BUFF: 104 DC: 0 FLAG_ZERO: False FLAG_LT: 0 FLAG_GT: 1
INPUT_PORT:  []
OUT_PORT:  []
DATA_MEM:  [104, 48]
---------------------------------------
DEBUG    root:machine.py:309 ST 0
TICK: 5051 PC:   2 ADDR:   0 MEM_OUT: 104 ACC: 105 BUFF: 104 DC: 0 FLAG_ZERO: False FLAG_LT: 0 FLAG_GT: 1
INPUT_PORT:  []
OUT_PORT:  []
DATA_MEM:  [104, 48]
---------------------------------------
DEBUG    root:machine.py:309 CMP 1000
TICK: 5055 PC:   3 ADDR:   0 MEM_OUT: 105 ACC: 105 BUFF: 104 DC: 0 FLAG_ZERO: False FLAG_LT: 0 FLAG_GT: 1
INPUT_PORT:  []
OUT_PORT:  []
DATA_MEM:  [105, 48]
---------------------------------------
DEBUG    root:machine.py:309 JGE 22
TICK: 5058 PC:   4 ADDR:   0 MEM_OUT: 105 ACC: 105 BUFF: 104 DC: 0 FLAG_ZERO: False FLAG_LT: 1 FLAG_GT: 0
INPUT_PORT:  []
OUT_PORT:  []
DATA_MEM:  [105, 48]
---------------------------------------
DEBUG    root:machine.py:309 LD 0
TICK: 5061 PC:   5 ADDR:   0 MEM_OUT: 105 ACC: 105 BUFF: 104 DC: 0 FLAG_ZERO: False FLAG_LT: 1 FLAG_GT: 0
INPUT_PORT:  []
OUT_PORT:  []
DATA_MEM:  [105, 48]
---------------------------------------
DEBUG    root:machine.py:309 MOD 3
TICK: 5065 PC:   6 ADDR:   0 MEM_OUT: 105 ACC: 105 BUFF: 104 DC: 0 FLAG_ZERO: False FLAG_LT: 1 FLAG_GT: 0
INPUT_PORT:  []
OUT_PORT:  []
DATA_MEM:  [105, 48]
---------------------------------------
DEBUG    root:machine.py:309 CMP 0
TICK: 5069 PC:   7 ADDR:   0 MEM_OUT: 105 ACC: 0 BUFF: 105 DC: 0 FLAG_ZERO: False FLAG_LT: 1 FLAG_GT: 0
INPUT_PORT:  []
OUT_PORT:  []
DATA_MEM:  [105, 48]
---------------------------------------
DEBUG    root:machine.py:309 JE 14
TICK: 5072 PC:   8 ADDR:   0 MEM_OUT: 105 ACC: 0 BUFF: 105 DC: 0 FLAG_ZERO: True FLAG_LT: 0 FLAG_GT: 0
INPUT_PORT:  []
OUT_PORT:  []
DATA_MEM:  [105, 48]
---------------------------------------
DEBUG    root:machine.py:309 LD 4
TICK: 5075 PC:  14 ADDR:   0 MEM_OUT: 105 ACC: 0 BUFF: 105 DC: 0 FLAG_ZERO: True FLAG_LT: 0 FLAG_GT: 0
INPUT_PORT:  []
OUT_PORT:  []
DATA_MEM:  [105, 48]
---------------------------------------
DEBUG    root:machine.py:309 INC 
TICK: 5079 PC:  15 ADDR:   1 MEM_OUT: 48 ACC: 48 BUFF: 105 DC: 0 FLAG_ZERO: True FLAG_LT: 0 FLAG_GT: 0
INPUT_PORT:  []
OUT_PORT:  []
DATA_MEM:  [105, 48]
---------------------------------------
DEBUG    root:machine.py:309 ST 4
TICK: 5082 PC:  16 ADDR:   1 MEM_OUT: 48 ACC: 49 BUFF: 105 DC: 0 FLAG_ZERO: True FLAG_LT: 0 FLAG_GT: 0
INPUT_PORT:  []
OUT_PORT:  []
DATA_MEM:  [105, 48]
---------------------------------------
DEBUG    root:machine.py:309 JMP 0
TICK: 5086 PC:  17 ADDR:   1 MEM_OUT: 49 ACC: 49 BUFF: 105 DC: 0 FLAG_ZERO: True FLAG_LT: 0 FLAG_GT: 0
INPUT_PORT:  []
OUT_PORT:  []
DATA_MEM:  [105, 49]
---------------------------------------
DEBUG    root:machine.py:309 LD 0
TICK: 5089 PC:   0 ADDR:   1 MEM_OUT: 49 ACC: 49 BUFF: 105 DC: 0 FLAG_ZERO: True FLAG_LT: 0 FLAG_GT: 0
INPUT_PORT:  []
OUT_PORT:  []
DATA_MEM:  [105, 49]
---------------------------------------
DEBUG    root:machine.py:309 INC 
TICK: 5093 PC:   1 ADDR:   0 MEM_OUT: 105 ACC: 105 BUFF: 105 DC: 0 FLAG_ZERO: True FLAG_LT: 0 FLAG_GT: 0
INPUT_PORT:  []
OUT_PORT:  []
DATA_MEM:  [105, 49]
---------------------------------------
DEBUG    root:machine.py:309 ST 0
TICK: 5096 PC:   2 ADDR:   0 MEM_OUT: 105 ACC: 106 BUFF: 105 DC: 0 FLAG_ZERO: True FLAG_LT: 0 FLAG_GT: 0
INPUT_PORT:  []
OUT_PORT:  []
DATA_MEM:  [105, 49]
---------------------------------------
DEBUG    root:machine.py:309 CMP 1000
TICK: 5100 PC:   3 ADDR:   0 MEM_OUT: 106 ACC: 106 BUFF: 105 DC: 0 FLAG_ZERO: True FLAG_LT: 0 FLAG_GT: 0
INPUT_PORT:  []
OUT_PORT:  []
DATA_MEM:  [106, 49]
---------------------------------------
DEBUG    root:machine.py:309 JGE 22
TICK: 5103 PC:   4 ADDR:   0 MEM_OUT: 106 ACC: 106 BUFF: 105 DC: 0 FLAG_ZERO: False FLAG_LT: 1 FLAG_GT: 0
INPUT_PORT:  []
OUT_PORT:  []
DATA_MEM:  [106, 49]
---------------------------------------
DEBUG    root:machine.py:309 LD 0
TICK: 5106 PC:   5 ADDR:   0 MEM_OUT: 106 ACC: 106 BUFF: 105 DC: 0 FLAG_ZERO: False FLAG_LT: 1 FLAG_GT: 0
INPUT_PORT:  []
OUT_PORT:  []
DATA_MEM:  [106, 49]
---------------------------------------
DEBUG    root:machine.py:309 MOD 3
TICK: 5110 PC:   6 ADDR:   0 MEM_OUT: 106 ACC: 106 BUFF: 105 DC: 0 FLAG_ZERO: False FLAG_LT: 1 FLAG_GT: 0
INPUT_PORT:  []
OUT_PORT:  []
DATA_MEM:  [106, 49]
---------------------------------------
DEBUG    root:machine.py:309 CMP 0
TICK: 5114 PC:   7 ADDR:   0 MEM_OUT: 106 ACC: 1 BUFF: 106 DC: 0 FLAG_ZERO: False FLAG_LT: 1 FLAG_GT: 0
INPUT_PORT:  []
OUT_PORT:  []
DATA_MEM:  [106, 49]
---------------------------------------
DEBUG    root:machine.py:309 JE 14
TICK: 5117 PC:   8 ADDR:   0 MEM_OUT: 106 ACC: 1 BUFF: 106 DC: 0 FLAG_ZERO: False FLAG_LT: 0 FLAG_GT: 1
INPUT_PORT:  []
OUT_PORT:  []
DATA_MEM:  [106, 49]
---------------------------------------
DEBUG    root:machine.py:309 LD 0
TICK: 5120 PC:   9 ADDR:   0 MEM_OUT: 106 ACC: 1 BUFF: 106 DC: 0 FLAG_ZERO: False FLAG_LT: 0 FLAG_GT: 1
INPUT_PORT:  []
OUT_PORT:  []
DATA_MEM:  [106, 49]
---------------------------------------
DEBUG    root:machine.py:309 MOD 5
TICK: 5124 PC:  10 ADDR:   0 MEM_OUT: 106 ACC: 106 BUFF: 106 DC: 0 FLAG_ZERO: False FLAG_LT: 0 FLAG_GT: 1
INPUT_PORT:  []
OUT_PORT:  []
DATA_MEM:  [106, 49]
---------------------------------------
DEBUG    root:machine.py:309 CMP 0
TICK: 5128 PC:  11 ADDR:   0 MEM_OUT: 106 ACC: 1 BUFF: 106 DC: 0 FLAG_ZERO: False FLAG_LT: 0 FLAG_GT: 1
INPUT_PORT:  []
OUT_PORT:  []
DATA_MEM:  [106, 49]
---------------------------------------
DEBUG    root:machine.py:309 JE 18
TICK: 5131 PC:  12 ADDR:   0 MEM_OUT: 106 ACC: 1 BUFF: 106 DC: 0 FLAG_ZERO: False FLAG_LT: 0 FLAG_GT: 1
INPUT_PORT:  []
OUT_PORT:  []
DATA_MEM:  [106, 49]
---------------------------------------
DEBUG    root:machine.py:309 JMP 0
TICK: 5134 PC:  13 ADDR:   0 MEM_OUT: 106 ACC: 1 BUFF: 106 DC: 0 FLAG_ZERO: False FLAG_LT: 0 FLAG_GT: 1
INPUT_PORT:  []
OUT_PORT:  []
DATA_MEM:  [106, 49]
---------------------------------------
DEBUG    root:machine.py:309 LD 0
TICK: 5137 PC:   0 ADDR:   0 MEM_OUT: 106 ACC: 1 BUFF: 106 DC: 0 FLAG_ZERO: False FLAG_LT: 0 FLAG_GT: 1
INPUT_PORT:  []
OUT_PORT:  []
DATA_MEM:  [106, 49]
---------------------------------------
DEBUG    root:machine.py:309 INC 
TICK: 5141 PC:   1 ADDR:   0 MEM_OUT: 106 ACC: 106 BUFF: 106 DC: 0 FLAG_ZERO: False FLAG_LT: 0 FLAG_GT: 1
INPUT_PORT:  []
OUT_PORT:  []
DATA_MEM:  [106, 49]
---------------------------------------
DEBUG    root:machine.py:309 ST 0
TICK: 5144 PC:   2 ADDR:   0 MEM_OUT: 106 ACC: 107 BUFF: 106 DC: 0 FLAG_ZERO: False FLAG_LT: 0 FLAG_GT: 1
INPUT_PORT:  []
OUT_PORT:  []
DATA_MEM:  [106, 49]
---------------------------------------
DEBUG    root:machine.py:309 CMP 1000
TICK: 5148 PC:   3 ADDR:   0 MEM_OUT: 107 ACC: 107 BUFF: 106 DC: 0 FLAG_ZERO: False FLAG_LT: 0 FLAG_GT: 1
INPUT_PORT:  []
OUT_PORT:  []
DATA_MEM:  [107, 49]
---------------------------------------
DEBUG    root:machine.py:309 JGE 22
TICK: 5151 PC:   4 ADDR:   0 MEM_OUT: 107 ACC: 107 BUFF: 106 DC: 0 FLAG_ZERO: False FLAG_LT: 1 FLAG_GT: 0
INPUT_PORT:  []
OUT_PORT:  []
DATA_MEM:  [107, 49]
---------------------------------------
DEBUG    root:machine.py:309 LD 0
TICK: 5154 PC:   5 ADDR:   0 MEM_OUT: 107 ACC: 107 BUFF: 106 DC: 0 FLAG_ZERO: False FLAG_LT: 1 FLAG_GT: 0
INPUT_PORT:  []
OUT_PORT:  []
DATA_MEM:  [107, 49]
---------------------------------------
DEBUG    root:machine.py:309 MOD 3
TICK: 5158 PC:   6 ADDR:   0 MEM_OUT: 107 ACC: 107 BUFF: 106 DC: 0 FLAG_ZERO: False FLAG_LT: 1 FLAG_GT: 0
INPUT_PORT:  []
OUT_PORT:  []
DATA_MEM:  [107, 49]
---------------------------------------
DEBUG    root:machine.py:309 CMP 0
TICK: 5162 PC:   7 ADDR:   0 MEM_OUT: 107 ACC: 2 BUFF: 107 DC: 0 FLAG_ZERO: False FLAG_LT: 1 FLAG_GT: 0
INPUT_PORT:  []
OUT_PORT:  []
DATA_MEM:  [107, 49]
---------------------------------------
DEBUG    root:machine.py:309 JE 14
TICK: 5165 PC:   8 ADDR:   0 MEM_OUT: 107 ACC: 2 BUFF: 107 DC: 0 FLAG_ZERO: False FLAG_LT: 0 FLAG_GT: 1
INPUT_PORT:  []
OUT_PORT:  []
DATA_MEM:  [107, 49]
---------------------------------------
DEBUG    root:machine.py:309 LD 0
TICK: 5168 PC:   9 ADDR:   0 MEM_OUT: 107 ACC: 2 BUFF: 107 DC: 0 FLAG_ZERO: False FLAG_LT: 0 FLAG_GT: 1
INPUT_PORT:  []
OUT_PORT:  []
DATA_MEM:  [107, 49]
---------------------------------------
DEBUG    root:machine.py:309 MOD 5
TICK: 5172 PC:  10 ADDR:   0 MEM_OUT: 107 ACC: 107 BUFF: 107 DC: 0 FLAG_ZERO: False FLAG_LT: 0 FLAG_GT: 1
INPUT_PORT:  []
OUT_PORT:  []
DATA_MEM:  [107, 49]
---------------------------------------
DEBUG    root:machine.py:309 CMP 0
TICK: 5176 PC:  11 ADDR:   0 MEM_OUT: 107 ACC: 2 BUFF: 107 DC: 0 FLAG_ZERO: False FLAG_LT: 0 FLAG_GT: 1
INPUT_PORT:  []
OUT_PORT:  []
DATA_MEM:  [107, 49]
---------------------------------------
DEBUG    root:machine.py:309 JE 18
TICK: 5179 PC:  12 ADDR:   0 MEM_OUT: 107 ACC: 2 BUFF: 107 DC: 0 FLAG_ZERO: False FLAG_LT: 0 FLAG_GT: 1
INPUT_PORT:  []
OUT_PORT:  []
DATA_MEM:  [107, 49]
---------------------------------------
DEBUG    root:machine.py:309 JMP 0
TICK: 5182 PC:  13 ADDR:   0 MEM_OUT: 107 ACC: 2 BUFF: 107 DC: 0 FLAG_ZERO: False FLAG_LT: 0 FLAG_GT: 1
INPUT_PORT:  []
OUT_PORT:  []
DATA_MEM:  [107, 49]
---------------------------------------
DEBUG    root:machine.py:309 LD 0
TICK: 5185 PC:   0 ADDR:   0 MEM_OUT: 107 ACC: 2 BUFF: 107 DC: 0 FLAG_ZERO: False FLAG_LT: 0 FLAG_GT: 1
INPUT_PORT:  []
OUT_PORT:  []
DATA_MEM:  [107, 49]
---------------------------------------
DEBUG    root:machine.py:309 INC 
TICK: 5189 PC:   1 ADDR:   0 MEM_OUT: 107 ACC: 107 BUFF: 107 DC: 0 FLAG_ZERO: False FLAG_LT: 0 FLAG_GT: 1
INPUT_PORT:  []
OUT_PORT:  []
DATA_MEM:  [107, 49]
---------------------------------------
DEBUG    root:machine.py:309 ST 0
TICK: 5192 PC:   2 ADDR:   0 MEM_OUT: 107 ACC: 108 BUFF: 107 DC: 0 FLAG_ZERO: False FLAG_LT: 0 FLAG_GT: 1
INPUT_PORT:  []
OUT_PORT:  []
DATA_MEM:  [107, 49]
---------------------------------------
DEBUG    root:machine.py:309 CMP 1000
TICK: 5196 PC:   3 ADDR:   0 MEM_OUT: 108 ACC: 108 BUFF: 107 DC: 0 FLAG_ZERO: False FLAG_LT: 0 FLAG_GT: 1
INPUT_PORT:  []
OUT_PORT:  []
DATA_MEM:  [108, 49]
---------------------------------------
DEBUG    root:machine.py:309 JGE 22
TICK: 5199 PC:   4 ADDR:   0 MEM_OUT: 108 ACC: 108 BUFF: 107 DC: 0 FLAG_ZERO: False FLAG_LT: 1 FLAG_GT: 0
INPUT_PORT:  []
OUT_PORT:  []
DATA_MEM:  [108, 49]
---------------------------------------
DEBUG    root:machine.py:309 LD 0
TICK: 5202 PC:   5 ADDR:   0 MEM_OUT: 108 ACC: 108 BUFF: 107 DC: 0 FLAG_ZERO: False FLAG_LT: 1 FLAG_GT: 0
INPUT_PORT:  []
OUT_PORT:  []
DATA_MEM:  [108, 49]
---------------------------------------
DEBUG    root:machine.py:309 MOD 3
TICK: 5206 PC:   6 ADDR:   0 MEM_OUT: 108 ACC: 108 BUFF: 107 DC: 0 FLAG_ZERO: False FLAG_LT: 1 FLAG_GT: 0
INPUT_PORT:  []
OUT_PORT:  []
DATA_MEM:  [108, 49]
---------------------------------------
DEBUG    root:machine.py:309 CMP 0
TICK: 5210 PC:   7 ADDR:   0 MEM_OUT: 108 ACC: 0 BUFF: 108 DC: 0 FLAG_ZERO: False FLAG_LT: 1 FLAG_GT: 0
INPUT_PORT:  []
OUT_PORT:  []
DATA_MEM:  [108, 49]
---------------------------------------
DEBUG    root:machine.py:309 JE 14
TICK: 5213 PC:   8 ADDR:   0 MEM_OUT: 108 ACC: 0 BUFF: 108 DC: 0 FLAG_ZERO: True FLAG_LT: 0 FLAG_GT: 0
INPUT_PORT:  []
OUT_PORT:  []
DATA_MEM:  [108, 49]
---------------------------------------
DEBUG    root:machine.py:309 LD 4
TICK: 5216 PC:  14 ADDR:   0 MEM_OUT: 108 ACC: 0 BUFF: 108 DC: 0 FLAG_ZERO: True FLAG_LT: 0 FLAG_GT: 0
INPUT_PORT:  []
OUT_PORT:  []
DATA_MEM:  [108, 49]
---------------------------------------
DEBUG    root:machine.py:309 INC 
TICK: 5220 PC:  15 ADDR:   1 MEM_OUT: 49 ACC: 49 BUFF: 108 DC: 0 FLAG_ZERO: True FLAG_LT: 0 FLAG_GT: 0
INPUT_PORT:  []
OUT_PORT:  []
DATA_MEM:  [108, 49]
---------------------------------------
DEBUG    root:machine.py:309 ST 4
TICK: 5223 PC:  16 ADDR:   1 MEM_OUT: 49 ACC: 50 BUFF: 108 DC: 0 FLAG_ZERO: True FLAG_LT: 0 FLAG_GT: 0
INPUT_PORT:  []
OUT_PORT:  []
DATA_MEM:  [108, 49]
---------------------------------------
DEBUG    root:machine.py:309 JMP 0
TICK: 5227 PC:  17 ADDR:   1 MEM_OUT: 50 ACC: 50 BUFF: 108 DC: 0 FLAG_ZERO: True FLAG_LT: 0 FLAG_GT: 0
INPUT_PORT:  []
OUT_PORT:  []
DATA_MEM:  [108, 50]
---------------------------------------
DEBUG    root:machine.py:309 LD 0
TICK: 5230 PC:   0 ADDR:   1 MEM_OUT: 50 ACC: 50 BUFF: 108 DC: 0 FLAG_ZERO: True FLAG_LT: 0 FLAG_GT: 0
INPUT_PORT:  []
OUT_PORT:  []
DATA_MEM:  [108, 50]
---------------------------------------
DEBUG    root:machine.py:309 INC 
TICK: 5234 PC:   1 ADDR:   0 MEM_OUT: 108 ACC: 108 BUFF: 108 DC: 0 FLAG_ZERO: True FLAG_LT: 0 FLAG_GT: 0
INPUT_PORT:  []
OUT_PORT:  []
DATA_MEM:  [108, 50]
---------------------------------------
DEBUG    root:machine.py:309 ST 0
TICK: 5237 PC:   2 ADDR:   0 MEM_OUT: 108 ACC: 109 BUFF: 108 DC: 0 FLAG_ZERO: True FLAG_LT: 0 FLAG_GT: 0
INPUT_PORT:  []
OUT_PORT:  []
DATA_MEM:  [108, 50]
---------------------------------------
DEBUG    root:machine.py:309 CMP 1000
TICK: 5241 PC:   3 ADDR:   0 MEM_OUT: 109 ACC: 109 BUFF: 108 DC: 0 FLAG_ZERO: True FLAG_LT: 0 FLAG_GT: 0
INPUT_PORT:  []
OUT_PORT:  []
DATA_MEM:  [109, 50]
---------------------------------------
DEBUG    root:machine.py:309 JGE 22
TICK: 5244 PC:   4 ADDR:   0 MEM_OUT: 109 ACC: 109 BUFF: 108 DC: 0 FLAG_ZERO: False FLAG_LT: 1 FLAG_GT: 0
INPUT_PORT:  []
OUT_PORT:  []
DATA_MEM:  [109, 50]
---------------------------------------
DEBUG    root:machine.py:309 LD 0
TICK: 5247 PC:   5 ADDR:   0 MEM_OUT: 109 ACC: 109 BUFF: 108 DC: 0 FLAG_ZERO: False FLAG_LT: 1 FLAG_GT: 0
INPUT_PORT:  []
OUT_PORT:  []
DATA_MEM:  [109, 50]
---------------------------------------
DEBUG    root:machine.py:309 MOD 3
TICK: 5251 PC:   6 ADDR:   0 MEM_OUT: 109 ACC: 109 BUFF: 108 DC: 0 FLAG_ZERO: False FLAG_LT: 1 FLAG_GT: 0
INPUT_PORT:  []
OUT_PORT:  []
DATA_MEM:  [109, 50]
---------------------------------------
DEBUG    root:machine.py:309 CMP 0
TICK: 5255 PC:   7 ADDR:   0 MEM_OUT: 109 ACC: 1 BUFF: 109 DC: 0 FLAG_ZERO: False FLAG_LT: 1 FLAG_GT: 0
INPUT_PORT:  []
OUT_PORT:  []
DATA_MEM:  [109, 50]
---------------------------------------
DEBUG    root:machine.py:309 JE 14
TICK: 5258 PC:   8 ADDR:   0 MEM_OUT: 109 ACC: 1 BUFF: 109 DC: 0 FLAG_ZERO: False FLAG_LT: 0 FLAG_GT: 1
INPUT_PORT:  []
OUT_PORT:  []
DATA_MEM:  [109, 50]
---------------------------------------
DEBUG    root:machine.py:309 LD 0
TICK: 5261 PC:   9 ADDR:   0 MEM_OUT: 109 ACC: 1 BUFF: 109 DC: 0 FLAG_ZERO: False FLAG_LT: 0 FLAG_GT: 1
INPUT_PORT:  []
OUT_PORT:  []
DATA_MEM:  [109, 50]
---------------------------------------
DEBUG    root:machine.py:309 MOD 5
TICK: 5265 PC:  10 ADDR:   0 MEM_OUT: 109 ACC: 109 BUFF: 109 DC: 0 FLAG_ZERO: False FLAG_LT: 0 FLAG_GT: 1
INPUT_PORT:  []
OUT_PORT:  []
DATA_MEM:  [109, 50]
---------------------------------------
DEBUG    root:machine.py:309 CMP 0
TICK: 5269 PC:  11 ADDR:   0 MEM_OUT: 109 ACC: 4 BUFF: 109 DC: 0 FLAG_ZERO: False FLAG_LT: 0 FLAG_GT: 1
INPUT_PORT:  []
OUT_PORT:  []
DATA_MEM:  [109, 50]
---------------------------------------
DEBUG    root:machine.py:309 JE 18
TICK: 5272 PC:  12 ADDR:   0 MEM_OUT: 109 ACC: 4 BUFF: 109 DC: 0 FLAG_ZERO: False FLAG_LT: 0 FLAG_GT: 1
INPUT_PORT:  []
OUT_PORT:  []
DATA_MEM:  [109, 50]
---------------------------------------
DEBUG    root:machine.py:309 JMP 0
TICK: 5275 PC:  13 ADDR:   0 MEM_OUT: 109 ACC: 4 BUFF: 109 DC: 0 FLAG_ZERO: False FLAG_LT: 0 FLAG_GT: 1
INPUT_PORT:  []
OUT_PORT:  []
DATA_MEM:  [109, 50]
---------------------------------------
DEBUG    root:machine.py:309 LD 0
TICK: 5278 PC:   0 ADDR:   0 MEM_OUT: 109 ACC: 4 BUFF: 109 DC: 0 FLAG_ZERO: False FLAG_LT: 0 FLAG_GT: 1
INPUT_PORT:  []
OUT_PORT:  []
DATA_MEM:  [109, 50]
---------------------------------------
DEBUG    root:machine.py:309 INC 
TICK: 5282 PC:   1 ADDR:   0 MEM_OUT: 109 ACC: 109 BUFF: 109 DC: 0 FLAG_ZERO: False FLAG_LT: 0 FLAG_GT: 1
INPUT_PORT:  []
OUT_PORT:  []
DATA_MEM:  [109, 50]
---------------------------------------
DEBUG    root:machine.py:309 ST 0
TICK: 5285 PC:   2 ADDR:   0 MEM_OUT: 109 ACC: 110 BUFF: 109 DC: 0 FLAG_ZERO: False FLAG_LT: 0 FLAG_GT: 1
INPUT_PORT:  []
OUT_PORT:  []
DATA_MEM:  [109, 50]
---------------------------------------
DEBUG    root:machine.py:309 CMP 1000
TICK: 5289 PC:   3 ADDR:   0 MEM_OUT: 110 ACC: 110 BUFF: 109 DC: 0 FLAG_ZERO: False FLAG_LT: 0 FLAG_GT: 1
INPUT_PORT:  []
OUT_PORT:  []
DATA_MEM:  [110, 50]
---------------------------------------
DEBUG    root:machine.py:309 JGE 22
TICK: 5292 PC:   4 ADDR:   0 MEM_OUT: 110 ACC: 110 BUFF: 109 DC: 0 FLAG_ZERO: False FLAG_LT: 1 FLAG_GT: 0
INPUT_PORT:  []
OUT_PORT:  []
DATA_MEM:  [110, 50]
---------------------------------------
DEBUG    root:machine.py:309 LD 0
TICK: 5295 PC:   5 ADDR:   0 MEM_OUT: 110 ACC: 110 BUFF: 109 DC: 0 FLAG_ZERO: False FLAG_LT: 1 FLAG_GT: 0
INPUT_PORT:  []
OUT_PORT:  []
DATA_MEM:  [110, 50]
---------------------------------------
DEBUG    root:machine.py:309 MOD 3
TICK: 5299 PC:   6 ADDR:   0 MEM_OUT: 110 ACC: 110 BUFF: 109 DC: 0 FLAG_ZERO: False FLAG_LT: 1 FLAG_GT: 0
INPUT_PORT:  []
OUT_PORT:  []
DATA_MEM:  [110, 50]
---------------------------------------
DEBUG    root:machine.py:309 CMP 0
TICK: 5303 PC:   7 ADDR:   0 MEM_OUT: 110 ACC: 2 BUFF: 110 DC: 0 FLAG_ZERO: False FLAG_LT: 1 FLAG_GT: 0
INPUT_PORT:  []
OUT_PORT:  []
DATA_MEM:  [110, 50]
---------------------------------------
DEBUG    root:machine.py:309 JE 14
TICK: 5306 PC:   8 ADDR:   0 MEM_OUT: 110 ACC: 2 BUFF: 110 DC: 0 FLAG_ZERO: False FLAG_LT: 0 FLAG_GT: 1
INPUT_PORT:  []
OUT_PORT:  []
DATA_MEM:  [110, 50]
---------------------------------------
DEBUG    root:machine.py:309 LD 0
TICK: 5309 PC:   9 ADDR:   0 MEM_OUT: 110 ACC: 2 BUFF: 110 DC: 0 FLAG_ZERO: False FLAG_LT: 0 FLAG_GT: 1
INPUT_PORT:  []
OUT_PORT:  []
DATA_MEM:  [110, 50]
---------------------------------------
DEBUG    root:machine.py:309 MOD 5
TICK: 5313 PC:  10 ADDR:   0 MEM_OUT: 110 ACC: 110 BUFF: 110 DC: 0 FLAG_ZERO: False FLAG_LT: 0 FLAG_GT: 1
INPUT_PORT:  []
OUT_PORT:  []
DATA_MEM:  [110, 50]
---------------------------------------
DEBUG    root:machine.py:309 CMP 0
TICK: 5317 PC:  11 ADDR:   0 MEM_OUT: 110 ACC: 0 BUFF: 110 DC: 0 FLAG_ZERO: False FLAG_LT: 0 FLAG_GT: 1
INPUT_PORT:  []
OUT_PORT:  []
DATA_MEM:  [110, 50]
---------------------------------------
DEBUG    root:machine.py:309 JE 18
TICK: 5320 PC:  12 ADDR:   0 MEM_OUT: 110 ACC: 0 BUFF: 110 DC: 0 FLAG_ZERO: True FLAG_LT: 0 FLAG_GT: 0
INPUT_PORT:  []
OUT_PORT:  []
DATA_MEM:  [110, 50]
---------------------------------------
DEBUG    root:machine.py:309 LD 4
TICK: 5323 PC:  18 ADDR:   0 MEM_OUT: 110 ACC: 0 BUFF: 110 DC: 0 FLAG_ZERO: True FLAG_LT: 0 FLAG_GT: 0
INPUT_PORT:  []
OUT_PORT:  []
DATA_MEM:  [110, 50]
---------------------------------------
DEBUG    root:machine.py:309 INC 
TICK: 5327 PC:  19 ADDR:   1 MEM_OUT: 50 ACC: 50 BUFF: 110 DC: 0 FLAG_ZERO: True FLAG_LT: 0 FLAG_GT: 0
INPUT_PORT:  []
OUT_PORT:  []
DATA_MEM:  [110, 50]
---------------------------------------
DEBUG    root:machine.py:309 ST 4
TICK: 5330 PC:  20 ADDR:   1 MEM_OUT: 50 ACC: 51 BUFF: 110 DC: 0 FLAG_ZERO: True FLAG_LT: 0 FLAG_GT: 0
INPUT_PORT:  []
OUT_PORT:  []
DATA_MEM:  [110, 50]
---------------------------------------
DEBUG    root:machine.py:309 JMP 0
TICK: 5334 PC:  21 ADDR:   1 MEM_OUT: 51 ACC: 51 BUFF: 110 DC: 0 FLAG_ZERO: True FLAG_LT: 0 FLAG_GT: 0
INPUT_PORT:  []
OUT_PORT:  []
DATA_MEM:  [110, 51]
---------------------------------------
DEBUG    root:machine.py:309 LD 0
TICK: 5337 PC:   0 ADDR:   1 MEM_OUT: 51 ACC: 51 BUFF: 110 DC: 0 FLAG_ZERO: True FLAG_LT: 0 FLAG_GT: 0
INPUT_PORT:  []
OUT_PORT:  []
DATA_MEM:  [110, 51]
---------------------------------------
DEBUG    root:machine.py:309 INC 
TICK: 5341 PC:   1 ADDR:   0 MEM_OUT: 110 ACC: 110 BUFF: 110 DC: 0 FLAG_ZERO: True FLAG_LT: 0 FLAG_GT: 0
INPUT_PORT:  []
OUT_PORT:  []
DATA_MEM:  [110, 51]
---------------------------------------
DEBUG    root:machine.py:309 ST 0
TICK: 5344 PC:   2 ADDR:   0 MEM_OUT: 110 ACC: 111 BUFF: 110 DC: 0 FLAG_ZERO: True FLAG_LT: 0 FLAG_GT: 0
INPUT_PORT:  []
OUT_PORT:  []
DATA_MEM:  [110, 51]
---------------------------------------
DEBUG    root:machine.py:309 CMP 1000
TICK: 5348 PC:   3 ADDR:   0 MEM_OUT: 111 ACC: 111 BUFF: 110 DC: 0 FLAG_ZERO: True FLAG_LT: 0 FLAG_GT: 0
INPUT_PORT:  []
OUT_PORT:  []
DATA_MEM:  [111, 51]
---------------------------------------
DEBUG    root:machine.py:309 JGE 22
TICK: 5351 PC:   4 ADDR:   0 MEM_OUT: 111 ACC: 111 BUFF: 110 DC: 0 FLAG_ZERO: False FLAG_LT: 1 FLAG_GT: 0
INPUT_PORT:  []
OUT_PORT:  []
DATA_MEM:  [111, 51]
---------------------------------------
DEBUG    root:machine.py:309 LD 0
TICK: 5354 PC:   5 ADDR:   0 MEM_OUT: 111 ACC: 111 BUFF: 110 DC: 0 FLAG_ZERO: False FLAG_LT: 1 FLAG_GT: 0
INPUT_PORT:  []
OUT_PORT:  []
DATA_MEM:  [111, 51]
---------------------------------------
DEBUG    root:machine.py:309 MOD 3
TICK: 5358 PC:   6 ADDR:   0 MEM_OUT: 111 ACC: 111 BUFF: 110 DC: 0 FLAG_ZERO: False FLAG_LT: 1 FLAG_GT: 0
INPUT_PORT:  []
OUT_PORT:  []
DATA_MEM:  [111, 51]
---------------------------------------
DEBUG    root:machine.py:309 CMP 0
TICK: 5362 PC:   7 ADDR:   0 MEM_OUT: 111 ACC: 0 BUFF: 111 DC: 0 FLAG_ZERO: False FLAG_LT: 1 FLAG_GT: 0
INPUT_PORT:  []
OUT_PORT:  []
DATA_MEM:  [111, 51]
---------------------------------------
DEBUG    root:machine.py:309 JE 14
TICK: 5365 PC:   8 ADDR:   0 MEM_OUT: 111 ACC: 0 BUFF: 111 DC: 0 FLAG_ZERO: True FLAG_LT: 0 FLAG_GT: 0
INPUT_PORT:  []
OUT_PORT:  []
DATA_MEM:  [111, 51]
---------------------------------------
DEBUG    root:machine.py:309 LD 4
TICK: 5368 PC:  14 ADDR:   0 MEM_OUT: 111 ACC: 0 BUFF: 111 DC: 0 FLAG_ZERO: True FLAG_LT: 0 FLAG_GT: 0
INPUT_PORT:  []
OUT_PORT:  []
DATA_MEM:  [111, 51]
---------------------------------------
DEBUG    root:machine.py:309 INC 
TICK: 5372 PC:  15 ADDR:   1 MEM_OUT: 51 ACC: 51 BUFF: 111 DC: 0 FLAG_ZERO: True FLAG_LT: 0 FLAG_GT: 0
INPUT_PORT:  []
OUT_PORT:  []
DATA_MEM:  [111, 51]
---------------------------------------
DEBUG    root:machine.py:309 ST 4
TICK: 5375 PC:  16 ADDR:   1 MEM_OUT: 51 ACC: 52 BUFF: 111 DC: 0 FLAG_ZERO: True FLAG_LT: 0 FLAG_GT: 0
INPUT_PORT:  []
OUT_PORT:  []
DATA_MEM:  [111, 51]
---------------------------------------
DEBUG    root:machine.py:309 JMP 0
TICK: 5379 PC:  17 ADDR:   1 MEM_OUT: 52 ACC: 52 BUFF: 111 DC: 0 FLAG_ZERO: True FLAG_LT: 0 FLAG_GT: 0
INPUT_PORT:  []
OUT_PORT:  []
DATA_MEM:  [111, 52]
---------------------------------------
DEBUG    root:machine.py:309 LD 0
TICK: 5382 PC:   0 ADDR:   1 MEM_OUT: 52 ACC: 52 BUFF: 111 DC: 0 FLAG_ZERO: True FLAG_LT: 0 FLAG_GT: 0
INPUT_PORT:  []
OUT_PORT:  []
DATA_MEM:  [111, 52]
---------------------------------------
DEBUG    root:machine.py:309 INC 
TICK: 5386 PC:   1 ADDR:   0 MEM_OUT: 111 ACC: 111 BUFF: 111 DC: 0 FLAG_ZERO: True FLAG_LT: 0 FLAG_GT: 0
INPUT_PORT:  []
OUT_PORT:  []
DATA_MEM:  [111, 52]
---------------------------------------
DEBUG    root:machine.py:309 ST 0
TICK: 5389 PC:   2 ADDR:   0 MEM_OUT: 111 ACC: 112 BUFF: 111 DC: 0 FLAG_ZERO: True FLAG_LT: 0 FLAG_GT: 0
INPUT_PORT:  []
OUT_PORT:  []
DATA_MEM:  [111, 52]
---------------------------------------
DEBUG    root:machine.py:309 CMP 1000
TICK: 5393 PC:   3 ADDR:   0 MEM_OUT: 112 ACC: 112 BUFF: 111 DC: 0 FLAG_ZERO: True FLAG_LT: 0 FLAG_GT: 0
INPUT_PORT:  []
OUT_PORT:  []
DATA_MEM:  [112, 52]
---------------------------------------
DEBUG    root:machine.py:309 JGE 22
TICK: 5396 PC:   4 ADDR:   0 MEM_OUT: 112 ACC: 112 BUFF: 111 DC: 0 FLAG_ZERO: False FLAG_LT: 1 FLAG_GT: 0
INPUT_PORT:  []
OUT_PORT:  []
DATA_MEM:  [112, 52]
---------------------------------------
DEBUG    root:machine.py:309 LD 0
TICK: 5399 PC:   5 ADDR:   0 MEM_OUT: 112 ACC: 112 BUFF: 111 DC: 0 FLAG_ZERO: False FLAG_LT: 1 FLAG_GT: 0
INPUT_PORT:  []
OUT_PORT:  []
DATA_MEM:  [112, 52]
---------------------------------------
DEBUG    root:machine.py:309 MOD 3
TICK: 5403 PC:   6 ADDR:   0 MEM_OUT: 112 ACC: 112 BUFF: 111 DC: 0 FLAG_ZERO: False FLAG_LT: 1 FLAG_GT: 0
INPUT_PORT:  []
OUT_PORT:  []
DATA_MEM:  [112, 52]
---------------------------------------
DEBUG    root:machine.py:309 CMP 0
TICK: 5407 PC:   7 ADDR:   0 MEM_OUT: 112 ACC: 1 BUFF: 112 DC: 0 FLAG_ZERO: False FLAG_LT: 1 FLAG_GT: 0
INPUT_PORT:  []
OUT_PORT:  []
DATA_MEM:  [112, 52]
---------------------------------------
DEBUG    root:machine.py:309 JE 14
TICK: 5410 PC:   8 ADDR:   0 MEM_OUT: 112 ACC: 1 BUFF: 112 DC: 0 FLAG_ZERO: False FLAG_LT: 0 FLAG_GT: 1
INPUT_PORT:  []
OUT_PORT:  []
DATA_MEM:  [112, 52]
---------------------------------------
DEBUG    root:machine.py:309 LD 0
TICK: 5413 PC:   9 ADDR:   0 MEM_OUT: 112 ACC: 1 BUFF: 112 DC: 0 FLAG_ZERO: False FLAG_LT: 0 FLAG_GT: 1
INPUT_PORT:  []
OUT_PORT:  []
DATA_MEM:  [112, 52]
---------------------------------------
DEBUG    root:machine.py:309 MOD 5
TICK: 5417 PC:  10 ADDR:   0 MEM_OUT: 112 ACC: 112 BUFF: 112 DC: 0 FLAG_ZERO: False FLAG_LT: 0 FLAG_GT: 1
INPUT_PORT:  []
OUT_PORT:  []
DATA_MEM:  [112, 52]
---------------------------------------
DEBUG    root:machine.py:309 CMP 0
TICK: 5421 PC:  11 ADDR:   0 MEM_OUT: 112 ACC: 2 BUFF: 112 DC: 0 FLAG_ZERO: False FLAG_LT: 0 FLAG_GT: 1
INPUT_PORT:  []
OUT_PORT:  []
DATA_MEM:  [112, 52]
---------------------------------------
DEBUG    root:machine.py:309 JE 18
TICK: 5424 PC:  12 ADDR:   0 MEM_OUT: 112 ACC: 2 BUFF: 112 DC: 0 FLAG_ZERO: False FLAG_LT: 0 FLAG_GT: 1
INPUT_PORT:  []
OUT_PORT:  []
DATA_MEM:  [112, 52]
---------------------------------------
DEBUG    root:machine.py:309 JMP 0
TICK: 5427 PC:  13 ADDR:   0 MEM_OUT: 112 ACC: 2 BUFF: 112 DC: 0 FLAG_ZERO: False FLAG_LT: 0 FLAG_GT: 1
INPUT_PORT:  []
OUT_PORT:  []
DATA_MEM:  [112, 52]
---------------------------------------
DEBUG    root:machine.py:309 LD 0
TICK: 5430 PC:   0 ADDR:   0 MEM_OUT: 112 ACC: 2 BUFF: 112 DC: 0 FLAG_ZERO: False FLAG_LT: 0 FLAG_GT: 1
INPUT_PORT:  []
OUT_PORT:  []
DATA_MEM:  [112, 52]
---------------------------------------
DEBUG    root:machine.py:309 INC 
TICK: 5434 PC:   1 ADDR:   0 MEM_OUT: 112 ACC: 112 BUFF: 112 DC: 0 FLAG_ZERO: False FLAG_LT: 0 FLAG_GT: 1
INPUT_PORT:  []
OUT_PORT:  []
DATA_MEM:  [112, 52]
---------------------------------------
DEBUG    root:machine.py:309 ST 0
TICK: 5437 PC:   2 ADDR:   0 MEM_OUT: 112 ACC: 113 BUFF: 112 DC: 0 FLAG_ZERO: False FLAG_LT: 0 FLAG_GT: 1
INPUT_PORT:  []
OUT_PORT:  []
DATA_MEM:  [112, 52]
---------------------------------------
DEBUG    root:machine.py:309 CMP 1000
TICK: 5441 PC:   3 ADDR:   0 MEM_OUT: 113 ACC: 113 BUFF: 112 DC: 0 FLAG_ZERO: False FLAG_LT: 0 FLAG_GT: 1
INPUT_PORT:  []
OUT_PORT:  []
DATA_MEM:  [113, 52]
---------------------------------------
DEBUG    root:machine.py:309 JGE 22
TICK: 5444 PC:   4 ADDR:   0 MEM_OUT: 113 ACC: 113 BUFF: 112 DC: 0 FLAG_ZERO: False FLAG_LT: 1 FLAG_GT: 0
INPUT_PORT:  []
OUT_PORT:  []
DATA_MEM:  [113, 52]
---------------------------------------
DEBUG    root:machine.py:309 LD 0
TICK: 5447 PC:   5 ADDR:   0 MEM_OUT: 113 ACC: 113 BUFF: 112 DC: 0 FLAG_ZERO: False FLAG_LT: 1 FLAG_GT: 0
INPUT_PORT:  []
OUT_PORT:  []
DATA_MEM:  [113, 52]
---------------------------------------
DEBUG    root:machine.py:309 MOD 3
TICK: 5451 PC:   6 ADDR:   0 MEM_OUT: 113 ACC: 113 BUFF: 112 DC: 0 FLAG_ZERO: False FLAG_LT: 1 FLAG_GT: 0
INPUT_PORT:  []
OUT_PORT:  []
DATA_MEM:  [113, 52]
---------------------------------------
DEBUG    root:machine.py:309 CMP 0
TICK: 5455 PC:   7 ADDR:   0 MEM_OUT: 113 ACC: 2 BUFF: 113 DC: 0 FLAG_ZERO: False FLAG_LT: 1 FLAG_GT: 0
INPUT_PORT:  []
OUT_PORT:  []
DATA_MEM:  [113, 52]
---------------------------------------
DEBUG    root:machine.py:309 JE 14
TICK: 5458 PC:   8 ADDR:   0 MEM_OUT: 113 ACC: 2 BUFF: 113 DC: 0 FLAG_ZERO: False FLAG_LT: 0 FLAG_GT: 1
INPUT_PORT:  []
OUT_PORT:  []
DATA_MEM:  [113, 52]
---------------------------------------
DEBUG    root:machine.py:309 LD 0
TICK: 5461 PC:   9 ADDR:   0 MEM_OUT: 113 ACC: 2 BUFF: 113 DC: 0 FLAG_ZERO: False FLAG_LT: 0 FLAG_GT: 1
INPUT_PORT:  []
OUT_PORT:  []
DATA_MEM:  [113, 52]
---------------------------------------
DEBUG    root:machine.py:309 MOD 5
TICK: 5465 PC:  10 ADDR:   0 MEM_OUT: 113 ACC: 113 BUFF: 113 DC: 0 FLAG_ZERO: False FLAG_LT: 0 FLAG_GT: 1
INPUT_PORT:  []
OUT_PORT:  []
DATA_MEM:  [113, 52]
---------------------------------------
DEBUG    root:machine.py:309 CMP 0
TICK: 5469 PC:  11 ADDR:   0 MEM_OUT: 113 ACC: 3 BUFF: 113 DC: 0 FLAG_ZERO: False FLAG_LT: 0 FLAG_GT: 1
INPUT_PORT:  []
OUT_PORT:  []
DATA_MEM:  [113, 52]
---------------------------------------
DEBUG    root:machine.py:309 JE 18
TICK: 5472 PC:  12 ADDR:   0 MEM_OUT: 113 ACC: 3 BUFF: 113 DC: 0 FLAG_ZERO: False FLAG_LT: 0 FLAG_GT: 1
INPUT_PORT:  []
OUT_PORT:  []
DATA_MEM:  [113, 52]
---------------------------------------
DEBUG    root:machine.py:309 JMP 0
TICK: 5475 PC:  13 ADDR:   0 MEM_OUT: 113 ACC: 3 BUFF: 113 DC: 0 FLAG_ZERO: False FLAG_LT: 0 FLAG_GT: 1
INPUT_PORT:  []
OUT_PORT:  []
DATA_MEM:  [113, 52]
---------------------------------------
DEBUG    root:machine.py:309 LD 0
TICK: 5478 PC:   0 ADDR:   0 MEM_OUT: 113 ACC: 3 BUFF: 113 DC: 0 FLAG_ZERO: False FLAG_LT: 0 FLAG_GT: 1
INPUT_PORT:  []
OUT_PORT:  []
DATA_MEM:  [113, 52]
---------------------------------------
DEBUG    root:machine.py:309 INC 
TICK: 5482 PC:   1 ADDR:   0 MEM_OUT: 113 ACC: 113 BUFF: 113 DC: 0 FLAG_ZERO: False FLAG_LT: 0 FLAG_GT: 1
INPUT_PORT:  []
OUT_PORT:  []
DATA_MEM:  [113, 52]
---------------------------------------
DEBUG    root:machine.py:309 ST 0
TICK: 5485 PC:   2 ADDR:   0 MEM_OUT: 113 ACC: 114 BUFF: 113 DC: 0 FLAG_ZERO: False FLAG_LT: 0 FLAG_GT: 1
INPUT_PORT:  []
OUT_PORT:  []
DATA_MEM:  [113, 52]
---------------------------------------
DEBUG    root:machine.py:309 CMP 1000
TICK: 5489 PC:   3 ADDR:   0 MEM_OUT: 114 ACC: 114 BUFF: 113 DC: 0 FLAG_ZERO: False FLAG_LT: 0 FLAG_GT: 1
INPUT_PORT:  []
OUT_PORT:  []
DATA_MEM:  [114, 52]
---------------------------------------
DEBUG    root:machine.py:309 JGE 22
TICK: 5492 PC:   4 ADDR:   0 MEM_OUT: 114 ACC: 114 BUFF: 113 DC: 0 FLAG_ZERO: False FLAG_LT: 1 FLAG_GT: 0
INPUT_PORT:  []
OUT_PORT:  []
DATA_MEM:  [114, 52]
---------------------------------------
DEBUG    root:machine.py:309 LD 0
TICK: 5495 PC:   5 ADDR:   0 MEM_OUT: 114 ACC: 114 BUFF: 113 DC: 0 FLAG_ZERO: False FLAG_LT: 1 FLAG_GT: 0
INPUT_PORT:  []
OUT_PORT:  []
DATA_MEM:  [114, 52]
---------------------------------------
DEBUG    root:machine.py:309 MOD 3
TICK: 5499 PC:   6 ADDR:   0 MEM_OUT: 114 ACC: 114 BUFF: 113 DC: 0 FLAG_ZERO: False FLAG_LT: 1 FLAG_GT: 0
INPUT_PORT:  []
OUT_PORT:  []
DATA_MEM:  [114, 52]
---------------------------------------
DEBUG    root:machine.py:309 CMP 0
TICK: 5503 PC:   7 ADDR:   0 MEM_OUT: 114 ACC: 0 BUFF: 114 DC: 0 FLAG_ZERO: False FLAG_LT: 1 FLAG_GT: 0
INPUT_PORT:  []
OUT_PORT:  []
DATA_MEM:  [114, 52]
---------------------------------------
DEBUG    root:machine.py:309 JE 14
TICK: 5506 PC:   8 ADDR:   0 MEM_OUT: 114 ACC: 0 BUFF: 114 DC: 0 FLAG_ZERO: True FLAG_LT: 0 FLAG_GT: 0
INPUT_PORT:  []
OUT_PORT:  []
DATA_MEM:  [114, 52]
---------------------------------------
DEBUG    root:machine.py:309 LD 4
TICK: 5509 PC:  14 ADDR:   0 MEM_OUT: 114 ACC: 0 BUFF: 114 DC: 0 FLAG_ZERO: True FLAG_LT: 0 FLAG_GT: 0
INPUT_PORT:  []
OUT_PORT:  []
DATA_MEM:  [114, 52]
---------------------------------------
DEBUG    root:machine.py:309 INC 
TICK: 5513 PC:  15 ADDR:   1 MEM_OUT: 52 ACC: 52 BUFF: 114 DC: 0 FLAG_ZERO: True FLAG_LT: 0 FLAG_GT: 0
INPUT_PORT:  []
OUT_PORT:  []
DATA_MEM:  [114, 52]
---------------------------------------
DEBUG    root:machine.py:309 ST 4
TICK: 5516 PC:  16 ADDR:   1 MEM_OUT: 52 ACC: 53 BUFF: 114 DC: 0 FLAG_ZERO: True FLAG_LT: 0 FLAG_GT: 0
INPUT_PORT:  []
OUT_PORT:  []
DATA_MEM:  [114, 52]
---------------------------------------
DEBUG    root:machine.py:309 JMP 0
TICK: 5520 PC:  17 ADDR:   1 MEM_OUT: 53 ACC: 53 BUFF: 114 DC: 0 FLAG_ZERO: True FLAG_LT: 0 FLAG_GT: 0
INPUT_PORT:  []
OUT_PORT:  []
DATA_MEM:  [114, 53]
---------------------------------------
DEBUG    root:machine.py:309 LD 0
TICK: 5523 PC:   0 ADDR:   1 MEM_OUT: 53 ACC: 53 BUFF: 114 DC: 0 FLAG_ZERO: True FLAG_LT: 0 FLAG_GT: 0
INPUT_PORT:  []
OUT_PORT:  []
DATA_MEM:  [114, 53]
---------------------------------------
DEBUG    root:machine.py:309 INC 
TICK: 5527 PC:   1 ADDR:   0 MEM_OUT: 114 ACC: 114 BUFF: 114 DC: 0 FLAG_ZERO: True FLAG_LT: 0 FLAG_GT: 0
INPUT_PORT:  []
OUT_PORT:  []
DATA_MEM:  [114, 53]
---------------------------------------
DEBUG    root:machine.py:309 ST 0
TICK: 5530 PC:   2 ADDR:   0 MEM_OUT: 114 ACC: 115 BUFF: 114 DC: 0 FLAG_ZERO: True FLAG_LT: 0 FLAG_GT: 0
INPUT_PORT:  []
OUT_PORT:  []
DATA_MEM:  [114, 53]
---------------------------------------
DEBUG    root:machine.py:309 CMP 1000
TICK: 5534 PC:   3 ADDR:   0 MEM_OUT: 115 ACC: 115 BUFF: 114 DC: 0 FLAG_ZERO: True FLAG_LT: 0 FLAG_GT: 0
INPUT_PORT:  []
OUT_PORT:  []
DATA_MEM:  [115, 53]
---------------------------------------
DEBUG    root:machine.py:309 JGE 22
TICK: 5537 PC:   4 ADDR:   0 MEM_OUT: 115 ACC: 115 BUFF: 114 DC: 0 FLAG_ZERO: False FLAG_LT: 1 FLAG_GT: 0
INPUT_PORT:  []
OUT_PORT:  []
DATA_MEM:  [115, 53]
---------------------------------------
DEBUG    root:machine.py:309 LD 0
TICK: 5540 PC:   5 ADDR:   0 MEM_OUT: 115 ACC: 115 BUFF: 114 DC: 0 FLAG_ZERO: False FLAG_LT: 1 FLAG_GT: 0
INPUT_PORT:  []
OUT_PORT:  []
DATA_MEM:  [115, 53]
---------------------------------------
DEBUG    root:machine.py:309 MOD 3
TICK: 5544 PC:   6 ADDR:   0 MEM_OUT: 115 ACC: 115 BUFF: 114 DC: 0 FLAG_ZERO: False FLAG_LT: 1 FLAG_GT: 0
INPUT_PORT:  []
OUT_PORT:  []
DATA_MEM:  [115, 53]
---------------------------------------
DEBUG    root:machine.py:309 CMP 0
TICK: 5548 PC:   7 ADDR:   0 MEM_OUT: 115 ACC: 1 BUFF: 115 DC: 0 FLAG_ZERO: False FLAG_LT: 1 FLAG_GT: 0
INPUT_PORT:  []
OUT_PORT:  []
DATA_MEM:  [115, 53]
---------------------------------------
DEBUG    root:machine.py:309 JE 14
TICK: 5551 PC:   8 ADDR:   0 MEM_OUT: 115 ACC: 1 BUFF: 115 DC: 0 FLAG_ZERO: False FLAG_LT: 0 FLAG_GT: 1
INPUT_PORT:  []
OUT_PORT:  []
DATA_MEM:  [115, 53]
---------------------------------------
DEBUG    root:machine.py:309 LD 0
TICK: 5554 PC:   9 ADDR:   0 MEM_OUT: 115 ACC: 1 BUFF: 115 DC: 0 FLAG_ZERO: False FLAG_LT: 0 FLAG_GT: 1
INPUT_PORT:  []
OUT_PORT:  []
DATA_MEM:  [115, 53]
---------------------------------------
DEBUG    root:machine.py:309 MOD 5
TICK: 5558 PC:  10 ADDR:   0 MEM_OUT: 115 ACC: 115 BUFF: 115 DC: 0 FLAG_ZERO: False FLAG_LT: 0 FLAG_GT: 1
INPUT_PORT:  []
OUT_PORT:  []
DATA_MEM:  [115, 53]
---------------------------------------
DEBUG    root:machine.py:309 CMP 0
TICK: 5562 PC:  11 ADDR:   0 MEM_OUT: 115 ACC: 0 BUFF: 115 DC: 0 FLAG_ZERO: False FLAG_LT: 0 FLAG_GT: 1
INPUT_PORT:  []
OUT_PORT:  []
DATA_MEM:  [115, 53]
---------------------------------------
DEBUG    root:machine.py:309 JE 18
TICK: 5565 PC:  12 ADDR:   0 MEM_OUT: 115 ACC: 0 BUFF: 115 DC: 0 FLAG_ZERO: True FLAG_LT: 0 FLAG_GT: 0
INPUT_PORT:  []
OUT_PORT:  []
DATA_MEM:  [115, 53]
---------------------------------------
DEBUG    root:machine.py:309 LD 4
TICK: 5568 PC:  18 ADDR:   0 MEM_OUT: 115 ACC: 0 BUFF: 115 DC: 0 FLAG_ZERO: True FLAG_LT: 0 FLAG_GT: 0
INPUT_PORT:  []
OUT_PORT:  []
DATA_MEM:  [115, 53]
---------------------------------------
DEBUG    root:machine.py:309 INC 
TICK: 5572 PC:  19 ADDR:   1 MEM_OUT: 53 ACC: 53 BUFF: 115 DC: 0 FLAG_ZERO: True FLAG_LT: 0 FLAG_GT: 0
INPUT_PORT:  []
OUT_PORT:  []
DATA_MEM:  [115, 53]
---------------------------------------
DEBUG    root:machine.py:309 ST 4
TICK: 5575 PC:  20 ADDR:   1 MEM_OUT: 53 ACC: 54 BUFF: 115 DC: 0 FLAG_ZERO: True FLAG_LT: 0 FLAG_GT: 0
INPUT_PORT:  []
OUT_PORT:  []
DATA_MEM:  [115, 53]
---------------------------------------
DEBUG    root:machine.py:309 JMP 0
TICK: 5579 PC:  21 ADDR:   1 MEM_OUT: 54 ACC: 54 BUFF: 115 DC: 0 FLAG_ZERO: True FLAG_LT: 0 FLAG_GT: 0
INPUT_PORT:  []
OUT_PORT:  []
DATA_MEM:  [115, 54]
---------------------------------------
DEBUG    root:machine.py:309 LD 0
TICK: 5582 PC:   0 ADDR:   1 MEM_OUT: 54 ACC: 54 BUFF: 115 DC: 0 FLAG_ZERO: True FLAG_LT: 0 FLAG_GT: 0
INPUT_PORT:  []
OUT_PORT:  []
DATA_MEM:  [115, 54]
---------------------------------------
DEBUG    root:machine.py:309 INC 
TICK: 5586 PC:   1 ADDR:   0 MEM_OUT: 115 ACC: 115 BUFF: 115 DC: 0 FLAG_ZERO: True FLAG_LT: 0 FLAG_GT: 0
INPUT_PORT:  []
OUT_PORT:  []
DATA_MEM:  [115, 54]
---------------------------------------
DEBUG    root:machine.py:309 ST 0
TICK: 5589 PC:   2 ADDR:   0 MEM_OUT: 115 ACC: 116 BUFF: 115 DC: 0 FLAG_ZERO: True FLAG_LT: 0 FLAG_GT: 0
INPUT_PORT:  []
OUT_PORT:  []
DATA_MEM:  [115, 54]
---------------------------------------
DEBUG    root:machine.py:309 CMP 1000
TICK: 5593 PC:   3 ADDR:   0 MEM_OUT: 116 ACC: 116 BUFF: 115 DC: 0 FLAG_ZERO: True FLAG_LT: 0 FLAG_GT: 0
INPUT_PORT:  []
OUT_PORT:  []
DATA_MEM:  [116, 54]
---------------------------------------
DEBUG    root:machine.py:309 JGE 22
TICK: 5596 PC:   4 ADDR:   0 MEM_OUT: 116 ACC: 116 BUFF: 115 DC: 0 FLAG_ZERO: False FLAG_LT: 1 FLAG_GT: 0
INPUT_PORT:  []
OUT_PORT:  []
DATA_MEM:  [116, 54]
---------------------------------------
DEBUG    root:machine.py:309 LD 0
TICK: 5599 PC:   5 ADDR:   0 MEM_OUT: 116 ACC: 116 BUFF: 115 DC: 0 FLAG_ZERO: False FLAG_LT: 1 FLAG_GT: 0
INPUT_PORT:  []
OUT_PORT:  []
DATA_MEM:  [116, 54]
---------------------------------------
DEBUG    root:machine.py:309 MOD 3
TICK: 5603 PC:   6 ADDR:   0 MEM_OUT: 116 ACC: 116 BUFF: 115 DC: 0 FLAG_ZERO: False FLAG_LT: 1 FLAG_GT: 0
INPUT_PORT:  []
OUT_PORT:  []
DATA_MEM:  [116, 54]
---------------------------------------
DEBUG    root:machine.py:309 CMP 0
TICK: 5607 PC:   7 ADDR:   0 MEM_OUT: 116 ACC: 2 BUFF: 116 DC: 0 FLAG_ZERO: False FLAG_LT: 1 FLAG_GT: 0
INPUT_PORT:  []
OUT_PORT:  []
DATA_MEM:  [116, 54]
---------------------------------------
DEBUG    root:machine.py:309 JE 14
TICK: 5610 PC:   8 ADDR:   0 MEM_OUT: 116 ACC: 2 BUFF: 116 DC: 0 FLAG_ZERO: False FLAG_LT: 0 FLAG_GT: 1
INPUT_PORT:  []
OUT_PORT:  []
DATA_MEM:  [116, 54]
---------------------------------------
DEBUG    root:machine.py:309 LD 0
TICK: 5613 PC:   9 ADDR:   0 MEM_OUT: 116 ACC: 2 BUFF: 116 DC: 0 FLAG_ZERO: False FLAG_LT: 0 FLAG_GT: 1
INPUT_PORT:  []
OUT_PORT:  []
DATA_MEM:  [116, 54]
---------------------------------------
DEBUG    root:machine.py:309 MOD 5
TICK: 5617 PC:  10 ADDR:   0 MEM_OUT: 116 ACC: 116 BUFF: 116 DC: 0 FLAG_ZERO: False FLAG_LT: 0 FLAG_GT: 1
INPUT_PORT:  []
OUT_PORT:  []
DATA_MEM:  [116, 54]
---------------------------------------
DEBUG    root:machine.py:309 CMP 0
TICK: 5621 PC:  11 ADDR:   0 MEM_OUT: 116 ACC: 1 BUFF: 116 DC: 0 FLAG_ZERO: False FLAG_LT: 0 FLAG_GT: 1
INPUT_PORT:  []
OUT_PORT:  []
DATA_MEM:  [116, 54]
---------------------------------------
DEBUG    root:machine.py:309 JE 18
TICK: 5624 PC:  12 ADDR:   0 MEM_OUT: 116 ACC: 1 BUFF: 116 DC: 0 FLAG_ZERO: False FLAG_LT: 0 FLAG_GT: 1
INPUT_PORT:  []
OUT_PORT:  []
DATA_MEM:  [116, 54]
---------------------------------------
DEBUG    root:machine.py:309 JMP 0
TICK: 5627 PC:  13 ADDR:   0 MEM_OUT: 116 ACC: 1 BUFF: 116 DC: 0 FLAG_ZERO: False FLAG_LT: 0 FLAG_GT: 1
INPUT_PORT:  []
OUT_PORT:  []
DATA_MEM:  [116, 54]
---------------------------------------
DEBUG    root:machine.py:309 LD 0
TICK: 5630 PC:   0 ADDR:   0 MEM_OUT: 116 ACC: 1 BUFF: 116 DC: 0 FLAG_ZERO: False FLAG_LT: 0 FLAG_GT: 1
INPUT_PORT:  []
OUT_PORT:  []
DATA_MEM:  [116, 54]
---------------------------------------
DEBUG    root:machine.py:309 INC 
TICK: 5634 PC:   1 ADDR:   0 MEM_OUT: 116 ACC: 116 BUFF: 116 DC: 0 FLAG_ZERO: False FLAG_LT: 0 FLAG_GT: 1
INPUT_PORT:  []
OUT_PORT:  []
DATA_MEM:  [116, 54]
---------------------------------------
DEBUG    root:machine.py:309 ST 0
TICK: 5637 PC:   2 ADDR:   0 MEM_OUT: 116 ACC: 117 BUFF: 116 DC: 0 FLAG_ZERO: False FLAG_LT: 0 FLAG_GT: 1
INPUT_PORT:  []
OUT_PORT:  []
DATA_MEM:  [116, 54]
---------------------------------------
DEBUG    root:machine.py:309 CMP 1000
TICK: 5641 PC:   3 ADDR:   0 MEM_OUT: 117 ACC: 117 BUFF: 116 DC: 0 FLAG_ZERO: False FLAG_LT: 0 FLAG_GT: 1
INPUT_PORT:  []
OUT_PORT:  []
DATA_MEM:  [117, 54]
---------------------------------------
DEBUG    root:machine.py:309 JGE 22
TICK: 5644 PC:   4 ADDR:   0 MEM_OUT: 117 ACC: 117 BUFF: 116 DC: 0 FLAG_ZERO: False FLAG_LT: 1 FLAG_GT: 0
INPUT_PORT:  []
OUT_PORT:  []
DATA_MEM:  [117, 54]
---------------------------------------
DEBUG    root:machine.py:309 LD 0
TICK: 5647 PC:   5 ADDR:   0 MEM_OUT: 117 ACC: 117 BUFF: 116 DC: 0 FLAG_ZERO: False FLAG_LT: 1 FLAG_GT: 0
INPUT_PORT:  []
OUT_PORT:  []
DATA_MEM:  [117, 54]
---------------------------------------
DEBUG    root:machine.py:309 MOD 3
TICK: 5651 PC:   6 ADDR:   0 MEM_OUT: 117 ACC: 117 BUFF: 116 DC: 0 FLAG_ZERO: False FLAG_LT: 1 FLAG_GT: 0
INPUT_PORT:  []
OUT_PORT:  []
DATA_MEM:  [117, 54]
---------------------------------------
DEBUG    root:machine.py:309 CMP 0
TICK: 5655 PC:   7 ADDR:   0 MEM_OUT: 117 ACC: 0 BUFF: 117 DC: 0 FLAG_ZERO: False FLAG_LT: 1 FLAG_GT: 0
INPUT_PORT:  []
OUT_PORT:  []
DATA_MEM:  [117, 54]
---------------------------------------
DEBUG    root:machine.py:309 JE 14
TICK: 5658 PC:   8 ADDR:   0 MEM_OUT: 117 ACC: 0 BUFF: 117 DC: 0 FLAG_ZERO: True FLAG_LT: 0 FLAG_GT: 0
INPUT_PORT:  []
OUT_PORT:  []
DATA_MEM:  [117, 54]
---------------------------------------
DEBUG    root:machine.py:309 LD 4
TICK: 5661 PC:  14 ADDR:   0 MEM_OUT: 117 ACC: 0 BUFF: 117 DC: 0 FLAG_ZERO: True FLAG_LT: 0 FLAG_GT: 0
INPUT_PORT:  []
OUT_PORT:  []
DATA_MEM:  [117, 54]
---------------------------------------
DEBUG    root:machine.py:309 INC 
TICK: 5665 PC:  15 ADDR:   1 MEM_OUT: 54 ACC: 54 BUFF: 117 DC: 0 FLAG_ZERO: True FLAG_LT: 0 FLAG_GT: 0
INPUT_PORT:  []
OUT_PORT:  []
DATA_MEM:  [117, 54]
---------------------------------------
DEBUG    root:machine.py:309 ST 4
TICK: 5668 PC:  16 ADDR:   1 MEM_OUT: 54 ACC: 55 BUFF: 117 DC: 0 FLAG_ZERO: True FLAG_LT: 0 FLAG_GT: 0
INPUT_PORT:  []
OUT_PORT:  []
DATA_MEM:  [117, 54]
---------------------------------------
DEBUG    root:machine.py:309 JMP 0
TICK: 5672 PC:  17 ADDR:   1 MEM_OUT: 55 ACC: 55 BUFF: 117 DC: 0 FLAG_ZERO: True FLAG_LT: 0 FLAG_GT: 0
INPUT_PORT:  []
OUT_PORT:  []
DATA_MEM:  [117, 55]
---------------------------------------
DEBUG    root:machine.py:309 LD 0
TICK: 5675 PC:   0 ADDR:   1 MEM_OUT: 55 ACC: 55 BUFF: 117 DC: 0 FLAG_ZERO: True FLAG_LT: 0 FLAG_GT: 0
INPUT_PORT:  []
OUT_PORT:  []
DATA_MEM:  [117, 55]
---------------------------------------
DEBUG    root:machine.py:309 INC 
TICK: 5679 PC:   1 ADDR:   0 MEM_OUT: 117 ACC: 117 BUFF: 117 DC: 0 FLAG_ZERO: True FLAG_LT: 0 FLAG_GT: 0
INPUT_PORT:  []
OUT_PORT:  []
DATA_MEM:  [117, 55]
---------------------------------------
DEBUG    root:machine.py:309 ST 0
TICK: 5682 PC:   2 ADDR:   0 MEM_OUT: 117 ACC: 118 BUFF: 117 DC: 0 FLAG_ZERO: True FLAG_LT: 0 FLAG_GT: 0
INPUT_PORT:  []
OUT_PORT:  []
DATA_MEM:  [117, 55]
---------------------------------------
DEBUG    root:machine.py:309 CMP 1000
TICK: 5686 PC:   3 ADDR:   0 MEM_OUT: 118 ACC: 118 BUFF: 117 DC: 0 FLAG_ZERO: True FLAG_LT: 0 FLAG_GT: 0
INPUT_PORT:  []
OUT_PORT:  []
DATA_MEM:  [118, 55]
---------------------------------------
DEBUG    root:machine.py:309 JGE 22
TICK: 5689 PC:   4 ADDR:   0 MEM_OUT: 118 ACC: 118 BUFF: 117 DC: 0 FLAG_ZERO: False FLAG_LT: 1 FLAG_GT: 0
INPUT_PORT:  []
OUT_PORT:  []
DATA_MEM:  [118, 55]
---------------------------------------
DEBUG    root:machine.py:309 LD 0
TICK: 5692 PC:   5 ADDR:   0 MEM_OUT: 118 ACC: 118 BUFF: 117 DC: 0 FLAG_ZERO: False FLAG_LT: 1 FLAG_GT: 0
INPUT_PORT:  []
OUT_PORT:  []
DATA_MEM:  [118, 55]
---------------------------------------
DEBUG    root:machine.py:309 MOD 3
TICK: 5696 PC:   6 ADDR:   0 MEM_OUT: 118 ACC: 118 BUFF: 117 DC: 0 FLAG_ZERO: False FLAG_LT: 1 FLAG_GT: 0
INPUT_PORT:  []
OUT_PORT:  []
DATA_MEM:  [118, 55]
---------------------------------------
DEBUG    root:machine.py:309 CMP 0
TICK: 5700 PC:   7 ADDR:   0 MEM_OUT: 118 ACC: 1 BUFF: 118 DC: 0 FLAG_ZERO: False FLAG_LT: 1 FLAG_GT: 0
INPUT_PORT:  []
OUT_PORT:  []
DATA_MEM:  [118, 55]
---------------------------------------
DEBUG    root:machine.py:309 JE 14
TICK: 5703 PC:   8 ADDR:   0 MEM_OUT: 118 ACC: 1 BUFF: 118 DC: 0 FLAG_ZERO: False FLAG_LT: 0 FLAG_GT: 1
INPUT_PORT:  []
OUT_PORT:  []
DATA_MEM:  [118, 55]
---------------------------------------
DEBUG    root:machine.py:309 LD 0
TICK: 5706 PC:   9 ADDR:   0 MEM_OUT: 118 ACC: 1 BUFF: 118 DC: 0 FLAG_ZERO: False FLAG_LT: 0 FLAG_GT: 1
INPUT_PORT:  []
OUT_PORT:  []
DATA_MEM:  [118, 55]
---------------------------------------
DEBUG    root:machine.py:309 MOD 5
TICK: 5710 PC:  10 ADDR:   0 MEM_OUT: 118 ACC: 118 BUFF: 118 DC: 0 FLAG_ZERO: False FLAG_LT: 0 FLAG_GT: 1
INPUT_PORT:  []
OUT_PORT:  []
DATA_MEM:  [118, 55]
---------------------------------------
DEBUG    root:machine.py:309 CMP 0
TICK: 5714 PC:  11 ADDR:   0 MEM_OUT: 118 ACC: 3 BUFF: 118 DC: 0 FLAG_ZERO: False FLAG_LT: 0 FLAG_GT: 1
INPUT_PORT:  []
OUT_PORT:  []
DATA_MEM:  [118, 55]
---------------------------------------
DEBUG    root:machine.py:309 JE 18
TICK: 5717 PC:  12 ADDR:   0 MEM_OUT: 118 ACC: 3 BUFF: 118 DC: 0 FLAG_ZERO: False FLAG_LT: 0 FLAG_GT: 1
INPUT_PORT:  []
OUT_PORT:  []
DATA_MEM:  [118, 55]
---------------------------------------
DEBUG    root:machine.py:309 JMP 0
TICK: 5720 PC:  13 ADDR:   0 MEM_OUT: 118 ACC: 3 BUFF: 118 DC: 0 FLAG_ZERO: False FLAG_LT: 0 FLAG_GT: 1
INPUT_PORT:  []
OUT_PORT:  []
DATA_MEM:  [118, 55]
---------------------------------------
DEBUG    root:machine.py:309 LD 0
TICK: 5723 PC:   0 ADDR:   0 MEM_OUT: 118 ACC: 3 BUFF: 118 DC: 0 FLAG_ZERO: False FLAG_LT: 0 FLAG_GT: 1
INPUT_PORT:  []
OUT_PORT:  []
DATA_MEM:  [118, 55]
---------------------------------------
DEBUG    root:machine.py:309 INC 
TICK: 5727 PC:   1 ADDR:   0 MEM_OUT: 118 ACC: 118 BUFF: 118 DC: 0 FLAG_ZERO: False FLAG_LT: 0 FLAG_GT: 1
INPUT_PORT:  []
OUT_PORT:  []
DATA_MEM:  [118, 55]
---------------------------------------
DEBUG    root:machine.py:309 ST 0
TICK: 5730 PC:   2 ADDR:   0 MEM_OUT: 118 ACC: 119 BUFF: 118 DC: 0 FLAG_ZERO: False FLAG_LT: 0 FLAG_GT: 1
INPUT_PORT:  []
OUT_PORT:  []
DATA_MEM:  [118, 55]
---------------------------------------
DEBUG    root:machine.py:309 CMP 1000
TICK: 5734 PC:   3 ADDR:   0 MEM_OUT: 119 ACC: 119 BUFF: 118 DC: 0 FLAG_ZERO: False FLAG_LT: 0 FLAG_GT: 1
INPUT_PORT:  []
OUT_PORT:  []
DATA_MEM:  [119, 55]
---------------------------------------
DEBUG    root:machine.py:309 JGE 22
TICK: 5737 PC:   4 ADDR:   0 MEM_OUT: 119 ACC: 119 BUFF: 118 DC: 0 FLAG_ZERO: False FLAG_LT: 1 FLAG_GT: 0
INPUT_PORT:  []
OUT_PORT:  []
DATA_MEM:  [119, 55]
---------------------------------------
DEBUG    root:machine.py:309 LD 0
TICK: 5740 PC:   5 ADDR:   0 MEM_OUT: 119 ACC: 119 BUFF: 118 DC: 0 FLAG_ZERO: False FLAG_LT: 1 FLAG_GT: 0
INPUT_PORT:  []
OUT_PORT:  []
DATA_MEM:  [119, 55]
---------------------------------------
DEBUG    root:machine.py:309 MOD 3
TICK: 5744 PC:   6 ADDR:   0 MEM_OUT: 119 ACC: 119 BUFF: 118 DC: 0 FLAG_ZERO: False FLAG_LT: 1 FLAG_GT: 0
INPUT_PORT:  []
OUT_PORT:  []
DATA_MEM:  [119, 55]
---------------------------------------
DEBUG    root:machine.py:309 CMP 0
TICK: 5748 PC:   7 ADDR:   0 MEM_OUT: 119 ACC: 2 BUFF: 119 DC: 0 FLAG_ZERO: False FLAG_LT: 1 FLAG_GT: 0
INPUT_PORT:  []
OUT_PORT:  []
DATA_MEM:  [119, 55]
---------------------------------------
DEBUG    root:machine.py:309 JE 14
TICK: 5751 PC:   8 ADDR:   0 MEM_OUT: 119 ACC: 2 BUFF: 119 DC: 0 FLAG_ZERO: False FLAG_LT: 0 FLAG_GT: 1
INPUT_PORT:  []
OUT_PORT:  []
DATA_MEM:  [119, 55]
---------------------------------------
DEBUG    root:machine.py:309 LD 0
TICK: 5754 PC:   9 ADDR:   0 MEM_OUT: 119 ACC: 2 BUFF: 119 DC: 0 FLAG_ZERO: False FLAG_LT: 0 FLAG_GT: 1
INPUT_PORT:  []
OUT_PORT:  []
DATA_MEM:  [119, 55]
---------------------------------------
DEBUG    root:machine.py:309 MOD 5
TICK: 5758 PC:  10 ADDR:   0 MEM_OUT: 119 ACC: 119 BUFF: 119 DC: 0 FLAG_ZERO: False FLAG_LT: 0 FLAG_GT: 1
INPUT_PORT:  []
OUT_PORT:  []
DATA_MEM:  [119, 55]
---------------------------------------
DEBUG    root:machine.py:309 CMP 0
TICK: 5762 PC:  11 ADDR:   0 MEM_OUT: 119 ACC: 4 BUFF: 119 DC: 0 FLAG_ZERO: False FLAG_LT: 0 FLAG_GT: 1
INPUT_PORT:  []
OUT_PORT:  []
DATA_MEM:  [119, 55]
---------------------------------------
DEBUG    root:machine.py:309 JE 18
TICK: 5765 PC:  12 ADDR:   0 MEM_OUT: 119 ACC: 4 BUFF: 119 DC: 0 FLAG_ZERO: False FLAG_LT: 0 FLAG_GT: 1
INPUT_PORT:  []
OUT_PORT:  []
DATA_MEM:  [119, 55]
---------------------------------------
DEBUG    root:machine.py:309 JMP 0
TICK: 5768 PC:  13 ADDR:   0 MEM_OUT: 119 ACC: 4 BUFF: 119 DC: 0 FLAG_ZERO: False FLAG_LT: 0 FLAG_GT: 1
INPUT_PORT:  []
OUT_PORT:  []
DATA_MEM:  [119, 55]
---------------------------------------
DEBUG    root:machine.py:309 LD 0
TICK: 5771 PC:   0 ADDR:   0 MEM_OUT: 119 ACC: 4 BUFF: 119 DC: 0 FLAG_ZERO: False FLAG_LT: 0 FLAG_GT: 1
INPUT_PORT:  []
OUT_PORT:  []
DATA_MEM:  [119, 55]
---------------------------------------
DEBUG    root:machine.py:309 INC 
TICK: 5775 PC:   1 ADDR:   0 MEM_OUT: 119 ACC: 119 BUFF: 119 DC: 0 FLAG_ZERO: False FLAG_LT: 0 FLAG_GT: 1
INPUT_PORT:  []
OUT_PORT:  []
DATA_MEM:  [119, 55]
---------------------------------------
DEBUG    root:machine.py:309 ST 0
TICK: 5778 PC:   2 ADDR:   0 MEM_OUT: 119 ACC: 120 BUFF: 119 DC: 0 FLAG_ZERO: False FLAG_LT: 0 FLAG_GT: 1
INPUT_PORT:  []
OUT_PORT:  []
DATA_MEM:  [119, 55]
---------------------------------------
DEBUG    root:machine.py:309 CMP 1000
TICK: 5782 PC:   3 ADDR:   0 MEM_OUT: 120 ACC: 120 BUFF: 119 DC: 0 FLAG_ZERO: False FLAG_LT: 0 FLAG_GT: 1
INPUT_PORT:  []
OUT_PORT:  []
DATA_MEM:  [120, 55]
---------------------------------------
DEBUG    root:machine.py:309 JGE 22
TICK: 5785 PC:   4 ADDR:   0 MEM_OUT: 120 ACC: 120 BUFF: 119 DC: 0 FLAG_ZERO: False FLAG_LT: 1 FLAG_GT: 0
INPUT_PORT:  []
OUT_PORT:  []
DATA_MEM:  [120, 55]
---------------------------------------
DEBUG    root:machine.py:309 LD 0
TICK: 5788 PC:   5 ADDR:   0 MEM_OUT: 120 ACC: 120 BUFF: 119 DC: 0 FLAG_ZERO: False FLAG_LT: 1 FLAG_GT: 0
INPUT_PORT:  []
OUT_PORT:  []
DATA_MEM:  [120, 55]
---------------------------------------
DEBUG    root:machine.py:309 MOD 3
TICK: 5792 PC:   6 ADDR:   0 MEM_OUT: 120 ACC: 120 BUFF: 119 DC: 0 FLAG_ZERO: False FLAG_LT: 1 FLAG_GT: 0
INPUT_PORT:  []
OUT_PORT:  []
DATA_MEM:  [120, 55]
---------------------------------------
DEBUG    root:machine.py:309 CMP 0
TICK: 5796 PC:   7 ADDR:   0 MEM_OUT: 120 ACC: 0 BUFF: 120 DC: 0 FLAG_ZERO: False FLAG_LT: 1 FLAG_GT: 0
INPUT_PORT:  []
OUT_PORT:  []
DATA_MEM:  [120, 55]
---------------------------------------
DEBUG    root:machine.py:309 JE 14
TICK: 5799 PC:   8 ADDR:   0 MEM_OUT: 120 ACC: 0 BUFF: 120 DC: 0 FLAG_ZERO: True FLAG_LT: 0 FLAG_GT: 0
INPUT_PORT:  []
OUT_PORT:  []
DATA_MEM:  [120, 55]
---------------------------------------
DEBUG    root:machine.py:309 LD 4
TICK: 5802 PC:  14 ADDR:   0 MEM_OUT: 120 ACC: 0 BUFF: 120 DC: 0 FLAG_ZERO: True FLAG_LT: 0 FLAG_GT: 0
INPUT_PORT:  []
OUT_PORT:  []
DATA_MEM:  [120, 55]
---------------------------------------
DEBUG    root:machine.py:309 INC 
TICK: 5806 PC:  15 ADDR:   1 MEM_OUT: 55 ACC: 55 BUFF: 120 DC: 0 FLAG_ZERO: True FLAG_LT: 0 FLAG_GT: 0
INPUT_PORT:  []
OUT_PORT:  []
DATA_MEM:  [120, 55]
---------------------------------------
DEBUG    root:machine.py:309 ST 4
TICK: 5809 PC:  16 ADDR:   1 MEM_OUT: 55 ACC: 56 BUFF: 120 DC: 0 FLAG_ZERO: True FLAG_LT: 0 FLAG_GT: 0
INPUT_PORT:  []
OUT_PORT:  []
DATA_MEM:  [120, 55]
---------------------------------------
DEBUG    root:machine.py:309 JMP 0
TICK: 5813 PC:  17 ADDR:   1 MEM_OUT: 56 ACC: 56 BUFF: 120 DC: 0 FLAG_ZERO: True FLAG_LT: 0 FLAG_GT: 0
INPUT_PORT:  []
OUT_PORT:  []
DATA_MEM:  [120, 56]
---------------------------------------
DEBUG    root:machine.py:309 LD 0
TICK: 5816 PC:   0 ADDR:   1 MEM_OUT: 56 ACC: 56 BUFF: 120 DC: 0 FLAG_ZERO: True FLAG_LT: 0 FLAG_GT: 0
INPUT_PORT:  []
OUT_PORT:  []
DATA_MEM:  [120, 56]
---------------------------------------
DEBUG    root:machine.py:309 INC 
TICK: 5820 PC:   1 ADDR:   0 MEM_OUT: 120 ACC: 120 BUFF: 120 DC: 0 FLAG_ZERO: True FLAG_LT: 0 FLAG_GT: 0
INPUT_PORT:  []
OUT_PORT:  []
DATA_MEM:  [120, 56]
---------------------------------------
DEBUG    root:machine.py:309 ST 0
TICK: 5823 PC:   2 ADDR:   0 MEM_OUT: 120 ACC: 121 BUFF: 120 DC: 0 FLAG_ZERO: True FLAG_LT: 0 FLAG_GT: 0
INPUT_PORT:  []
OUT_PORT:  []
DATA_MEM:  [120, 56]
---------------------------------------
DEBUG    root:machine.py:309 CMP 1000
TICK: 5827 PC:   3 ADDR:   0 MEM_OUT: 121 ACC: 121 BUFF: 120 DC: 0 FLAG_ZERO: True FLAG_LT: 0 FLAG_GT: 0
INPUT_PORT:  []
OUT_PORT:  []
DATA_MEM:  [121, 56]
---------------------------------------
DEBUG    root:machine.py:309 JGE 22
TICK: 5830 PC:   4 ADDR:   0 MEM_OUT: 121 ACC: 121 BUFF: 120 DC: 0 FLAG_ZERO: False FLAG_LT: 1 FLAG_GT: 0
INPUT_PORT:  []
OUT_PORT:  []
DATA_MEM:  [121, 56]
---------------------------------------
DEBUG    root:machine.py:309 LD 0
TICK: 5833 PC:   5 ADDR:   0 MEM_OUT: 121 ACC: 121 BUFF: 120 DC: 0 FLAG_ZERO: False FLAG_LT: 1 FLAG_GT: 0
INPUT_PORT:  []
OUT_PORT:  []
DATA_MEM:  [121, 56]
---------------------------------------
DEBUG    root:machine.py:309 MOD 3
TICK: 5837 PC:   6 ADDR:   0 MEM_OUT: 121 ACC: 121 BUFF: 120 DC: 0 FLAG_ZERO: False FLAG_LT: 1 FLAG_GT: 0
INPUT_PORT:  []
OUT_PORT:  []
DATA_MEM:  [121, 56]
---------------------------------------
DEBUG    root:machine.py:309 CMP 0
TICK: 5841 PC:   7 ADDR:   0 MEM_OUT: 121 ACC: 1 BUFF: 121 DC: 0 FLAG_ZERO: False FLAG_LT: 1 FLAG_GT: 0
INPUT_PORT:  []
OUT_PORT:  []
DATA_MEM:  [121, 56]
---------------------------------------
DEBUG    root:machine.py:309 JE 14
TICK: 5844 PC:   8 ADDR:   0 MEM_OUT: 121 ACC: 1 BUFF: 121 DC: 0 FLAG_ZERO: False FLAG_LT: 0 FLAG_GT: 1
INPUT_PORT:  []
OUT_PORT:  []
DATA_MEM:  [121, 56]
---------------------------------------
DEBUG    root:machine.py:309 LD 0
TICK: 5847 PC:   9 ADDR:   0 MEM_OUT: 121 ACC: 1 BUFF: 121 DC: 0 FLAG_ZERO: False FLAG_LT: 0 FLAG_GT: 1
INPUT_PORT:  []
OUT_PORT:  []
DATA_MEM:  [121, 56]
---------------------------------------
DEBUG    root:machine.py:309 MOD 5
TICK: 5851 PC:  10 ADDR:   0 MEM_OUT: 121 ACC: 121 BUFF: 121 DC: 0 FLAG_ZERO: False FLAG_LT: 0 FLAG_GT: 1
INPUT_PORT:  []
OUT_PORT:  []
DATA_MEM:  [121, 56]
---------------------------------------
DEBUG    root:machine.py:309 CMP 0
TICK: 5855 PC:  11 ADDR:   0 MEM_OUT: 121 ACC: 1 BUFF: 121 DC: 0 FLAG_ZERO: False FLAG_LT: 0 FLAG_GT: 1
INPUT_PORT:  []
OUT_PORT:  []
DATA_MEM:  [121, 56]
---------------------------------------
DEBUG    root:machine.py:309 JE 18
TICK: 5858 PC:  12 ADDR:   0 MEM_OUT: 121 ACC: 1 BUFF: 121 DC: 0 FLAG_ZERO: False FLAG_LT: 0 FLAG_GT: 1
INPUT_PORT:  []
OUT_PORT:  []
DATA_MEM:  [121, 56]
---------------------------------------
DEBUG    root:machine.py:309 JMP 0
TICK: 5861 PC:  13 ADDR:   0 MEM_OUT: 121 ACC: 1 BUFF: 121 DC: 0 FLAG_ZERO: False FLAG_LT: 0 FLAG_GT: 1
INPUT_PORT:  []
OUT_PORT:  []
DATA_MEM:  [121, 56]
---------------------------------------
DEBUG    root:machine.py:309 LD 0
TICK: 5864 PC:   0 ADDR:   0 MEM_OUT: 121 ACC: 1 BUFF: 121 DC: 0 FLAG_ZERO: False FLAG_LT: 0 FLAG_GT: 1
INPUT_PORT:  []
OUT_PORT:  []
DATA_MEM:  [121, 56]
---------------------------------------
DEBUG    root:machine.py:309 INC 
TICK: 5868 PC:   1 ADDR:   0 MEM_OUT: 121 ACC: 121 BUFF: 121 DC: 0 FLAG_ZERO: False FLAG_LT: 0 FLAG_GT: 1
INPUT_PORT:  []
OUT_PORT:  []
DATA_MEM:  [121, 56]
---------------------------------------
DEBUG    root:machine.py:309 ST 0
TICK: 5871 PC:   2 ADDR:   0 MEM_OUT: 121 ACC: 122 BUFF: 121 DC: 0 FLAG_ZERO: False FLAG_LT: 0 FLAG_GT: 1
INPUT_PORT:  []
OUT_PORT:  []
DATA_MEM:  [121, 56]
---------------------------------------
DEBUG    root:machine.py:309 CMP 1000
TICK: 5875 PC:   3 ADDR:   0 MEM_OUT: 122 ACC: 122 BUFF: 121 DC: 0 FLAG_ZERO: False FLAG_LT: 0 FLAG_GT: 1
INPUT_PORT:  []
OUT_PORT:  []
DATA_MEM:  [122, 56]
---------------------------------------
DEBUG    root:machine.py:309 JGE 22
TICK: 5878 PC:   4 ADDR:   0 MEM_OUT: 122 ACC: 122 BUFF: 121 DC: 0 FLAG_ZERO: False FLAG_LT: 1 FLAG_GT: 0
INPUT_PORT:  []
OUT_PORT:  []
DATA_MEM:  [122, 56]
---------------------------------------
DEBUG    root:machine.py:309 LD 0
TICK: 5881 PC:   5 ADDR:   0 MEM_OUT: 122 ACC: 122 BUFF: 121 DC: 0 FLAG_ZERO: False FLAG_LT: 1 FLAG_GT: 0
INPUT_PORT:  []
OUT_PORT:  []
DATA_MEM:  [122, 56]
---------------------------------------
DEBUG    root:machine.py:309 MOD 3
TICK: 5885 PC:   6 ADDR:   0 MEM_OUT: 122 ACC: 122 BUFF: 121 DC: 0 FLAG_ZERO: False FLAG_LT: 1 FLAG_GT: 0
INPUT_PORT:  []
OUT_PORT:  []
DATA_MEM:  [122, 56]
---------------------------------------
DEBUG    root:machine.py:309 CMP 0
TICK: 5889 PC:   7 ADDR:   0 MEM_OUT: 122 ACC: 2 BUFF: 122 DC: 0 FLAG_ZERO: False FLAG_LT: 1 FLAG_GT: 0
INPUT_PORT:  []
OUT_PORT:  []
DATA_MEM:  [122, 56]
---------------------------------------
DEBUG    root:machine.py:309 JE 14
TICK: 5892 PC:   8 ADDR:   0 MEM_OUT: 122 ACC: 2 BUFF: 122 DC: 0 FLAG_ZERO: False FLAG_LT: 0 FLAG_GT: 1
INPUT_PORT:  []
OUT_PORT:  []
DATA_MEM:  [122, 56]
---------------------------------------
DEBUG    root:machine.py:309 LD 0
TICK: 5895 PC:   9 ADDR:   0 MEM_OUT: 122 ACC: 2 BUFF: 122 DC: 0 FLAG_ZERO: False FLAG_LT: 0 FLAG_GT: 1
INPUT_PORT:  []
OUT_PORT:  []
DATA_MEM:  [122, 56]
---------------------------------------
DEBUG    root:machine.py:309 MOD 5
TICK: 5899 PC:  10 ADDR:   0 MEM_OUT: 122 ACC: 122 BUFF: 122 DC: 0 FLAG_ZERO: False FLAG_LT: 0 FLAG_GT: 1
INPUT_PORT:  []
OUT_PORT:  []
DATA_MEM:  [122, 56]
---------------------------------------
DEBUG    root:machine.py:309 CMP 0
TICK: 5903 PC:  11 ADDR:   0 MEM_OUT: 122 ACC: 2 BUFF: 122 DC: 0 FLAG_ZERO: False FLAG_LT: 0 FLAG_GT: 1
INPUT_PORT:  []
OUT_PORT:  []
DATA_MEM:  [122, 56]
---------------------------------------
DEBUG    root:machine.py:309 JE 18
TICK: 5906 PC:  12 ADDR:   0 MEM_OUT: 122 ACC: 2 BUFF: 122 DC: 0 FLAG_ZERO: False FLAG_LT: 0 FLAG_GT: 1
INPUT_PORT:  []
OUT_PORT:  []
DATA_MEM:  [122, 56]
---------------------------------------
DEBUG    root:machine.py:309 JMP 0
TICK: 5909 PC:  13 ADDR:   0 MEM_OUT: 122 ACC: 2 BUFF: 122 DC: 0 FLAG_ZERO: False FLAG_LT: 0 FLAG_GT: 1
INPUT_PORT:  []
OUT_PORT:  []
DATA_MEM:  [122, 56]
---------------------------------------
DEBUG    root:machine.py:309 LD 0
TICK: 5912 PC:   0 ADDR:   0 MEM_OUT: 122 ACC: 2 BUFF: 122 DC: 0 FLAG_ZERO: False FLAG_LT: 0 FLAG_GT: 1
INPUT_PORT:  []
OUT_PORT:  []
DATA_MEM:  [122, 56]
---------------------------------------
DEBUG    root:machine.py:309 INC 
TICK: 5916 PC:   1 ADDR:   0 MEM_OUT: 122 ACC: 122 BUFF: 122 DC: 0 FLAG_ZERO: False FLAG_LT: 0 FLAG_GT: 1
INPUT_PORT:  []
OUT_PORT:  []
DATA_MEM:  [122, 56]
---------------------------------------
DEBUG    root:machine.py:309 ST 0
TICK: 5919 PC:   2 ADDR:   0 MEM_OUT: 122 ACC: 123 BUFF: 122 DC: 0 FLAG_ZERO: False FLAG_LT: 0 FLAG_GT: 1
INPUT_PORT:  []
OUT_PORT:  []
DATA_MEM:  [122, 56]
---------------------------------------
DEBUG    root:machine.py:309 CMP 1000
TICK: 5923 PC:   3 ADDR:   0 MEM_OUT: 123 ACC: 123 BUFF: 122 DC: 0 FLAG_ZERO: False FLAG_LT: 0 FLAG_GT: 1
INPUT_PORT:  []
OUT_PORT:  []
DATA_MEM:  [123, 56]
---------------------------------------
DEBUG    root:machine.py:309 JGE 22
TICK: 5926 PC:   4 ADDR:   0 MEM_OUT: 123 ACC: 123 BUFF: 122 DC: 0 FLAG_ZERO: False FLAG_LT: 1 FLAG_GT: 0
INPUT_PORT:  []
OUT_PORT:  []
DATA_MEM:  [123, 56]
---------------------------------------
DEBUG    root:machine.py:309 LD 0
TICK: 5929 PC:   5 ADDR:   0 MEM_OUT: 123 ACC: 123 BUFF: 122 DC: 0 FLAG_ZERO: False FLAG_LT: 1 FLAG_GT: 0
INPUT_PORT:  []
OUT_PORT:  []
DATA_MEM:  [123, 56]
---------------------------------------
DEBUG    root:machine.py:309 MOD 3
TICK: 5933 PC:   6 ADDR:   0 MEM_OUT: 123 ACC: 123 BUFF: 122 DC: 0 FLAG_ZERO: False FLAG_LT: 1 FLAG_GT: 0
INPUT_PORT:  []
OUT_PORT:  []
DATA_MEM:  [123, 56]
---------------------------------------
DEBUG    root:machine.py:309 CMP 0
TICK: 5937 PC:   7 ADDR:   0 MEM_OUT: 123 ACC: 0 BUFF: 123 DC: 0 FLAG_ZERO: False FLAG_LT: 1 FLAG_GT: 0
INPUT_PORT:  []
OUT_PORT:  []
DATA_MEM:  [123, 56]
---------------------------------------
DEBUG    root:machine.py:309 JE 14
TICK: 5940 PC:   8 ADDR:   0 MEM_OUT: 123 ACC: 0 BUFF: 123 DC: 0 FLAG_ZERO: True FLAG_LT: 0 FLAG_GT: 0
INPUT_PORT:  []
OUT_PORT:  []
DATA_MEM:  [123, 56]
---------------------------------------
DEBUG    root:machine.py:309 LD 4
TICK: 5943 PC:  14 ADDR:   0 MEM_OUT: 123 ACC: 0 BUFF: 123 DC: 0 FLAG_ZERO: True FLAG_LT: 0 FLAG_GT: 0
INPUT_PORT:  []
OUT_PORT:  []
DATA_MEM:  [123, 56]
---------------------------------------
DEBUG    root:machine.py:309 INC 
TICK: 5947 PC:  15 ADDR:   1 MEM_OUT: 56 ACC: 56 BUFF: 123 DC: 0 FLAG_ZERO: True FLAG_LT: 0 FLAG_GT: 0
INPUT_PORT:  []
OUT_PORT:  []
DATA_MEM:  [123, 56]
---------------------------------------
DEBUG    root:machine.py:309 ST 4
TICK: 5950 PC:  16 ADDR:   1 MEM_OUT: 56 ACC: 57 BUFF: 123 DC: 0 FLAG_ZERO: True FLAG_LT: 0 FLAG_GT: 0
INPUT_PORT:  []
OUT_PORT:  []
DATA_MEM:  [123, 56]
---------------------------------------
DEBUG    root:machine.py:309 JMP 0
TICK: 5954 PC:  17 ADDR:   1 MEM_OUT: 57 ACC: 57 BUFF: 123 DC: 0 FLAG_ZERO: True FLAG_LT: 0 FLAG_GT: 0
INPUT_PORT:  []
OUT_PORT:  []
DATA_MEM:  [123, 57]
---------------------------------------
DEBUG    root:machine.py:309 LD 0
TICK: 5957 PC:   0 ADDR:   1 MEM_OUT: 57 ACC: 57 BUFF: 123 DC: 0 FLAG_ZERO: True FLAG_LT: 0 FLAG_GT: 0
INPUT_PORT:  []
OUT_PORT:  []
DATA_MEM:  [123, 57]
---------------------------------------
DEBUG    root:machine.py:309 INC 
TICK: 5961 PC:   1 ADDR:   0 MEM_OUT: 123 ACC: 123 BUFF: 123 DC: 0 FLAG_ZERO: True FLAG_LT: 0 FLAG_GT: 0
INPUT_PORT:  []
OUT_PORT:  []
DATA_MEM:  [123, 57]
---------------------------------------
DEBUG    root:machine.py:309 ST 0
TICK: 5964 PC:   2 ADDR:   0 MEM_OUT: 123 ACC: 124 BUFF: 123 DC: 0 FLAG_ZERO: True FLAG_LT: 0 FLAG_GT: 0
INPUT_PORT:  []
OUT_PORT:  []
DATA_MEM:  [123, 57]
---------------------------------------
DEBUG    root:machine.py:309 CMP 1000
TICK: 5968 PC:   3 ADDR:   0 MEM_OUT: 124 ACC: 124 BUFF: 123 DC: 0 FLAG_ZERO: True FLAG_LT: 0 FLAG_GT: 0
INPUT_PORT:  []
OUT_PORT:  []
DATA_MEM:  [124, 57]
---------------------------------------
DEBUG    root:machine.py:309 JGE 22
TICK: 5971 PC:   4 ADDR:   0 MEM_OUT: 124 ACC: 124 BUFF: 123 DC: 0 FLAG_ZERO: False FLAG_LT: 1 FLAG_GT: 0
INPUT_PORT:  []
OUT_PORT:  []
DATA_MEM:  [124, 57]
---------------------------------------
DEBUG    root:machine.py:309 LD 0
TICK: 5974 PC:   5 ADDR:   0 MEM_OUT: 124 ACC: 124 BUFF: 123 DC: 0 FLAG_ZERO: False FLAG_LT: 1 FLAG_GT: 0
INPUT_PORT:  []
OUT_PORT:  []
DATA_MEM:  [124, 57]
---------------------------------------
DEBUG    root:machine.py:309 MOD 3
TICK: 5978 PC:   6 ADDR:   0 MEM_OUT: 124 ACC: 124 BUFF: 123 DC: 0 FLAG_ZERO: False FLAG_LT: 1 FLAG_GT: 0
INPUT_PORT:  []
OUT_PORT:  []
DATA_MEM:  [124, 57]
---------------------------------------
DEBUG    root:machine.py:309 CMP 0
TICK: 5982 PC:   7 ADDR:   0 MEM_OUT: 124 ACC: 1 BUFF: 124 DC: 0 FLAG_ZERO: False FLAG_LT: 1 FLAG_GT: 0
INPUT_PORT:  []
OUT_PORT:  []
DATA_MEM:  [124, 57]
---------------------------------------
DEBUG    root:machine.py:309 JE 14
TICK: 5985 PC:   8 ADDR:   0 MEM_OUT: 124 ACC: 1 BUFF: 124 DC: 0 FLAG_ZERO: False FLAG_LT: 0 FLAG_GT: 1
INPUT_PORT:  []
OUT_PORT:  []
DATA_MEM:  [124, 57]
---------------------------------------
DEBUG    root:machine.py:309 LD 0
TICK: 5988 PC:   9 ADDR:   0 MEM_OUT: 124 ACC: 1 BUFF: 124 DC: 0 FLAG_ZERO: False FLAG_LT: 0 FLAG_GT: 1
INPUT_PORT:  []
OUT_PORT:  []
DATA_MEM:  [124, 57]
---------------------------------------
DEBUG    root:machine.py:309 MOD 5
TICK: 5992 PC:  10 ADDR:   0 MEM_OUT: 124 ACC: 124 BUFF: 124 DC: 0 FLAG_ZERO: False FLAG_LT: 0 FLAG_GT: 1
INPUT_PORT:  []
OUT_PORT:  []
DATA_MEM:  [124, 57]
---------------------------------------
DEBUG    root:machine.py:309 CMP 0
TICK: 5996 PC:  11 ADDR:   0 MEM_OUT: 124 ACC: 4 BUFF: 124 DC: 0 FLAG_ZERO: False FLAG_LT: 0 FLAG_GT: 1
INPUT_PORT:  []
OUT_PORT:  []
DATA_MEM:  [124, 57]
---------------------------------------
DEBUG    root:machine.py:309 JE 18
TICK: 5999 PC:  12 ADDR:   0 MEM_OUT: 124 ACC: 4 BUFF: 124 DC: 0 FLAG_ZERO: False FLAG_LT: 0 FLAG_GT: 1
INPUT_PORT:  []
OUT_PORT:  []
DATA_MEM:  [124, 57]
---------------------------------------
DEBUG    root:machine.py:309 JMP 0
TICK: 6002 PC:  13 ADDR:   0 MEM_OUT: 124 ACC: 4 BUFF: 124 DC: 0 FLAG_ZERO: False FLAG_LT: 0 FLAG_GT: 1
INPUT_PORT:  []
OUT_PORT:  []
DATA_MEM:  [124, 57]
---------------------------------------
DEBUG    root:machine.py:309 LD 0
TICK: 6005 PC:   0 ADDR:   0 MEM_OUT: 124 ACC: 4 BUFF: 124 DC: 0 FLAG_ZERO: False FLAG_LT: 0 FLAG_GT: 1
INPUT_PORT:  []
OUT_PORT:  []
DATA_MEM:  [124, 57]
---------------------------------------
DEBUG    root:machine.py:309 INC 
TICK: 6009 PC:   1 ADDR:   0 MEM_OUT: 124 ACC: 124 BUFF: 124 DC: 0 FLAG_ZERO: False FLAG_LT: 0 FLAG_GT: 1
INPUT_PORT:  []
OUT_PORT:  []
DATA_MEM:  [124, 57]
---------------------------------------
DEBUG    root:machine.py:309 ST 0
TICK: 6012 PC:   2 ADDR:   0 MEM_OUT: 124 ACC: 125 BUFF: 124 DC: 0 FLAG_ZERO: False FLAG_LT: 0 FLAG_GT: 1
INPUT_PORT:  []
OUT_PORT:  []
DATA_MEM:  [124, 57]
---------------------------------------
DEBUG    root:machine.py:309 CMP 1000
TICK: 6016 PC:   3 ADDR:   0 MEM_OUT: 125 ACC: 125 BUFF: 124 DC: 0 FLAG_ZERO: False FLAG_LT: 0 FLAG_GT: 1
INPUT_PORT:  []
OUT_PORT:  []
DATA_MEM:  [125, 57]
---------------------------------------
DEBUG    root:machine.py:309 JGE 22
TICK: 6019 PC:   4 ADDR:   0 MEM_OUT: 125 ACC: 125 BUFF: 124 DC: 0 FLAG_ZERO: False FLAG_LT: 1 FLAG_GT: 0
INPUT_PORT:  []
OUT_PORT:  []
DATA_MEM:  [125, 57]
---------------------------------------
DEBUG    root:machine.py:309 LD 0
TICK: 6022 PC:   5 ADDR:   0 MEM_OUT: 125 ACC: 125 BUFF: 124 DC: 0 FLAG_ZERO: False FLAG_LT: 1 FLAG_GT: 0
INPUT_PORT:  []
OUT_PORT:  []
DATA_MEM:  [125, 57]
---------------------------------------
DEBUG    root:machine.py:309 MOD 3
TICK: 6026 PC:   6 ADDR:   0 MEM_OUT: 125 ACC: 125 BUFF: 124 DC: 0 FLAG_ZERO: False FLAG_LT: 1 FLAG_GT: 0
INPUT_PORT:  []
OUT_PORT:  []
DATA_MEM:  [125, 57]
---------------------------------------
DEBUG    root:machine.py:309 CMP 0
TICK: 6030 PC:   7 ADDR:   0 MEM_OUT: 125 ACC: 2 BUFF: 125 DC: 0 FLAG_ZERO: False FLAG_LT: 1 FLAG_GT: 0
INPUT_PORT:  []
OUT_PORT:  []
DATA_MEM:  [125, 57]
---------------------------------------
DEBUG    root:machine.py:309 JE 14
TICK: 6033 PC:   8 ADDR:   0 MEM_OUT: 125 ACC: 2 BUFF: 125 DC: 0 FLAG_ZERO: False FLAG_LT: 0 FLAG_GT: 1
INPUT_PORT:  []
OUT_PORT:  []
DATA_MEM:  [125, 57]
---------------------------------------
DEBUG    root:machine.py:309 LD 0
TICK: 6036 PC:   9 ADDR:   0 MEM_OUT: 125 ACC: 2 BUFF: 125 DC: 0 FLAG_ZERO: False FLAG_LT: 0 FLAG_GT: 1
INPUT_PORT:  []
OUT_PORT:  []
DATA_MEM:  [125, 57]
---------------------------------------
DEBUG    root:machine.py:309 MOD 5
TICK: 6040 PC:  10 ADDR:   0 MEM_OUT: 125 ACC: 125 BUFF: 125 DC: 0 FLAG_ZERO: False FLAG_LT: 0 FLAG_GT: 1
INPUT_PORT:  []
OUT_PORT:  []
DATA_MEM:  [125, 57]
---------------------------------------
DEBUG    root:machine.py:309 CMP 0
TICK: 6044 PC:  11 ADDR:   0 MEM_OUT: 125 ACC: 0 BUFF: 125 DC: 0 FLAG_ZERO: False FLAG_LT: 0 FLAG_GT: 1
INPUT_PORT:  []
OUT_PORT:  []
DATA_MEM:  [125, 57]
---------------------------------------
DEBUG    root:machine.py:309 JE 18
TICK: 6047 PC:  12 ADDR:   0 MEM_OUT: 125 ACC: 0 BUFF: 125 DC: 0 FLAG_ZERO: True FLAG_LT: 0 FLAG_GT: 0
INPUT_PORT:  []
OUT_PORT:  []
DATA_MEM:  [125, 57]
---------------------------------------
DEBUG    root:machine.py:309 LD 4
TICK: 6050 PC:  18 ADDR:   0 MEM_OUT: 125 ACC: 0 BUFF: 125 DC: 0 FLAG_ZERO: True FLAG_LT: 0 FLAG_GT: 0
INPUT_PORT:  []
OUT_PORT:  []
DATA_MEM:  [125, 57]
---------------------------------------
DEBUG    root:machine.py:309 INC 
TICK: 6054 PC:  19 ADDR:   1 MEM_OUT: 57 ACC: 57 BUFF: 125 DC: 0 FLAG_ZERO: True FLAG_LT: 0 FLAG_GT: 0
INPUT_PORT:  []
OUT_PORT:  []
DATA_MEM:  [125, 57]
---------------------------------------
DEBUG    root:machine.py:309 ST 4
TICK: 6057 PC:  20 ADDR:   1 MEM_OUT: 57 ACC: 58 BUFF: 125 DC: 0 FLAG_ZERO: True FLAG_LT: 0 FLAG_GT: 0
INPUT_PORT:  []
OUT_PORT:  []
DATA_MEM:  [125, 57]
---------------------------------------
DEBUG    root:machine.py:309 JMP 0
TICK: 6061 PC:  21 ADDR:   1 MEM_OUT: 58 ACC: 58 BUFF: 125 DC: 0 FLAG_ZERO: True FLAG_LT: 0 FLAG_GT: 0
INPUT_PORT:  []
OUT_PORT:  []
DATA_MEM:  [125, 58]
---------------------------------------
DEBUG    root:machine.py:309 LD 0
TICK: 6064 PC:   0 ADDR:   1 MEM_OUT: 58 ACC: 58 BUFF: 125 DC: 0 FLAG_ZERO: True FLAG_LT: 0 FLAG_GT: 0
INPUT_PORT:  []
OUT_PORT:  []
DATA_MEM:  [125, 58]
---------------------------------------
DEBUG    root:machine.py:309 INC 
TICK: 6068 PC:   1 ADDR:   0 MEM_OUT: 125 ACC: 125 BUFF: 125 DC: 0 FLAG_ZERO: True FLAG_LT: 0 FLAG_GT: 0
INPUT_PORT:  []
OUT_PORT:  []
DATA_MEM:  [125, 58]
---------------------------------------
DEBUG    root:machine.py:309 ST 0
TICK: 6071 PC:   2 ADDR:   0 MEM_OUT: 125 ACC: 126 BUFF: 125 DC: 0 FLAG_ZERO: True FLAG_LT: 0 FLAG_GT: 0
INPUT_PORT:  []
OUT_PORT:  []
DATA_MEM:  [125, 58]
---------------------------------------
DEBUG    root:machine.py:309 CMP 1000
TICK: 6075 PC:   3 ADDR:   0 MEM_OUT: 126 ACC: 126 BUFF: 125 DC: 0 FLAG_ZERO: True FLAG_LT: 0 FLAG_GT: 0
INPUT_PORT:  []
OUT_PORT:  []
DATA_MEM:  [126, 58]
---------------------------------------
DEBUG    root:machine.py:309 JGE 22
TICK: 6078 PC:   4 ADDR:   0 MEM_OUT: 126 ACC: 126 BUFF: 125 DC: 0 FLAG_ZERO: False FLAG_LT: 1 FLAG_GT: 0
INPUT_PORT:  []
OUT_PORT:  []
DATA_MEM:  [126, 58]
---------------------------------------
DEBUG    root:machine.py:309 LD 0
TICK: 6081 PC:   5 ADDR:   0 MEM_OUT: 126 ACC: 126 BUFF: 125 DC: 0 FLAG_ZERO: False FLAG_LT: 1 FLAG_GT: 0
INPUT_PORT:  []
OUT_PORT:  []
DATA_MEM:  [126, 58]
---------------------------------------
DEBUG    root:machine.py:309 MOD 3
TICK: 6085 PC:   6 ADDR:   0 MEM_OUT: 126 ACC: 126 BUFF: 125 DC: 0 FLAG_ZERO: False FLAG_LT: 1 FLAG_GT: 0
INPUT_PORT:  []
OUT_PORT:  []
DATA_MEM:  [126, 58]
---------------------------------------
DEBUG    root:machine.py:309 CMP 0
TICK: 6089 PC:   7 ADDR:   0 MEM_OUT: 126 ACC: 0 BUFF: 126 DC: 0 FLAG_ZERO: False FLAG_LT: 1 FLAG_GT: 0
INPUT_PORT:  []
OUT_PORT:  []
DATA_MEM:  [126, 58]
---------------------------------------
DEBUG    root:machine.py:309 JE 14
TICK: 6092 PC:   8 ADDR:   0 MEM_OUT: 126 ACC: 0 BUFF: 126 DC: 0 FLAG_ZERO: True FLAG_LT: 0 FLAG_GT: 0
INPUT_PORT:  []
OUT_PORT:  []
DATA_MEM:  [126, 58]
---------------------------------------
DEBUG    root:machine.py:309 LD 4
TICK: 6095 PC:  14 ADDR:   0 MEM_OUT: 126 ACC: 0 BUFF: 126 DC: 0 FLAG_ZERO: True FLAG_LT: 0 FLAG_GT: 0
INPUT_PORT:  []
OUT_PORT:  []
DATA_MEM:  [126, 58]
---------------------------------------
DEBUG    root:machine.py:309 INC 
TICK: 6099 PC:  15 ADDR:   1 MEM_OUT: 58 ACC: 58 BUFF: 126 DC: 0 FLAG_ZERO: True FLAG_LT: 0 FLAG_GT: 0
INPUT_PORT:  []
OUT_PORT:  []
DATA_MEM:  [126, 58]
---------------------------------------
DEBUG    root:machine.py:309 ST 4
TICK: 6102 PC:  16 ADDR:   1 MEM_OUT: 58 ACC: 59 BUFF: 126 DC: 0 FLAG_ZERO: True FLAG_LT: 0 FLAG_GT: 0
INPUT_PORT:  []
OUT_PORT:  []
DATA_MEM:  [126, 58]
---------------------------------------
DEBUG    root:machine.py:309 JMP 0
TICK: 6106 PC:  17 ADDR:   1 MEM_OUT: 59 ACC: 59 BUFF: 126 DC: 0 FLAG_ZERO: True FLAG_LT: 0 FLAG_GT: 0
INPUT_PORT:  []
OUT_PORT:  []
DATA_MEM:  [126, 59]
---------------------------------------
DEBUG    root:machine.py:309 LD 0
TICK: 6109 PC:   0 ADDR:   1 MEM_OUT: 59 ACC: 59 BUFF: 126 DC: 0 FLAG_ZERO: True FLAG_LT: 0 FLAG_GT: 0
INPUT_PORT:  []
OUT_PORT:  []
DATA_MEM:  [126, 59]
---------------------------------------
DEBUG    root:machine.py:309 INC 
TICK: 6113 PC:   1 ADDR:   0 MEM_OUT: 126 ACC: 126 BUFF: 126 DC: 0 FLAG_ZERO: True FLAG_LT: 0 FLAG_GT: 0
INPUT_PORT:  []
OUT_PORT:  []
DATA_MEM:  [126, 59]
---------------------------------------
DEBUG    root:machine.py:309 ST 0
TICK: 6116 PC:   2 ADDR:   0 MEM_OUT: 126 ACC: 127 BUFF: 126 DC: 0 FLAG_ZERO: True FLAG_LT: 0 FLAG_GT: 0
INPUT_PORT:  []
OUT_PORT:  []
DATA_MEM:  [126, 59]
---------------------------------------
DEBUG    root:machine.py:309 CMP 1000
TICK: 6120 PC:   3 ADDR:   0 MEM_OUT: 127 ACC: 127 BUFF: 126 DC: 0 FLAG_ZERO: True FLAG_LT: 0 FLAG_GT: 0
INPUT_PORT:  []
OUT_PORT:  []
DATA_MEM:  [127, 59]
---------------------------------------
DEBUG    root:machine.py:309 JGE 22
TICK: 6123 PC:   4 ADDR:   0 MEM_OUT: 127 ACC: 127 BUFF: 126 DC: 0 FLAG_ZERO: False FLAG_LT: 1 FLAG_GT: 0
INPUT_PORT:  []
OUT_PORT:  []
DATA_MEM:  [127, 59]
---------------------------------------
DEBUG    root:machine.py:309 LD 0
TICK: 6126 PC:   5 ADDR:   0 MEM_OUT: 127 ACC: 127 BUFF: 126 DC: 0 FLAG_ZERO: False FLAG_LT: 1 FLAG_GT: 0
INPUT_PORT:  []
OUT_PORT:  []
DATA_MEM:  [127, 59]
---------------------------------------
DEBUG    root:machine.py:309 MOD 3
TICK: 6130 PC:   6 ADDR:   0 MEM_OUT: 127 ACC: 127 BUFF: 126 DC: 0 FLAG_ZERO: False FLAG_LT: 1 FLAG_GT: 0
INPUT_PORT:  []
OUT_PORT:  []
DATA_MEM:  [127, 59]
---------------------------------------
DEBUG    root:machine.py:309 CMP 0
TICK: 6134 PC:   7 ADDR:   0 MEM_OUT: 127 ACC: 1 BUFF: 127 DC: 0 FLAG_ZERO: False FLAG_LT: 1 FLAG_GT: 0
INPUT_PORT:  []
OUT_PORT:  []
DATA_MEM:  [127, 59]
---------------------------------------
DEBUG    root:machine.py:309 JE 14
TICK: 6137 PC:   8 ADDR:   0 MEM_OUT: 127 ACC: 1 BUFF: 127 DC: 0 FLAG_ZERO: False FLAG_LT: 0 FLAG_GT: 1
INPUT_PORT:  []
OUT_PORT:  []
DATA_MEM:  [127, 59]
---------------------------------------
DEBUG    root:machine.py:309 LD 0
TICK: 6140 PC:   9 ADDR:   0 MEM_OUT: 127 ACC: 1 BUFF: 127 DC: 0 FLAG_ZERO: False FLAG_LT: 0 FLAG_GT: 1
INPUT_PORT:  []
OUT_PORT:  []
DATA_MEM:  [127, 59]
---------------------------------------
DEBUG    root:machine.py:309 MOD 5
TICK: 6144 PC:  10 ADDR:   0 MEM_OUT: 127 ACC: 127 BUFF: 127 DC: 0 FLAG_ZERO: False FLAG_LT: 0 FLAG_GT: 1
INPUT_PORT:  []
OUT_PORT:  []
DATA_MEM:  [127, 59]
---------------------------------------
DEBUG    root:machine.py:309 CMP 0
TICK: 6148 PC:  11 ADDR:   0 MEM_OUT: 127 ACC: 2 BUFF: 127 DC: 0 FLAG_ZERO: False FLAG_LT: 0 FLAG_GT: 1
INPUT_PORT:  []
OUT_PORT:  []
DATA_MEM:  [127, 59]
---------------------------------------
DEBUG    root:machine.py:309 JE 18
TICK: 6151 PC:  12 ADDR:   0 MEM_OUT: 127 ACC: 2 BUFF: 127 DC: 0 FLAG_ZERO: False FLAG_LT: 0 FLAG_GT: 1
INPUT_PORT:  []
OUT_PORT:  []
DATA_MEM:  [127, 59]
---------------------------------------
DEBUG    root:machine.py:309 JMP 0
TICK: 6154 PC:  13 ADDR:   0 MEM_OUT: 127 ACC: 2 BUFF: 127 DC: 0 FLAG_ZERO: False FLAG_LT: 0 FLAG_GT: 1
INPUT_PORT:  []
OUT_PORT:  []
DATA_MEM:  [127, 59]
---------------------------------------
DEBUG    root:machine.py:309 LD 0
TICK: 6157 PC:   0 ADDR:   0 MEM_OUT: 127 ACC: 2 BUFF: 127 DC: 0 FLAG_ZERO: False FLAG_LT: 0 FLAG_GT: 1
INPUT_PORT:  []
OUT_PORT:  []
DATA_MEM:  [127, 59]
---------------------------------------
DEBUG    root:machine.py:309 INC 
TICK: 6161 PC:   1 ADDR:   0 MEM_OUT: 127 ACC: 127 BUFF: 127 DC: 0 FLAG_ZERO: False FLAG_LT: 0 FLAG_GT: 1
INPUT_PORT:  []
OUT_PORT:  []
DATA_MEM:  [127, 59]
---------------------------------------
DEBUG    root:machine.py:309 ST 0
TICK: 6164 PC:   2 ADDR:   0 MEM_OUT: 127 ACC: 128 BUFF: 127 DC: 0 FLAG_ZERO: False FLAG_LT: 0 FLAG_GT: 1
INPUT_PORT:  []
OUT_PORT:  []
DATA_MEM:  [127, 59]
---------------------------------------
DEBUG    root:machine.py:309 CMP 1000
TICK: 6168 PC:   3 ADDR:   0 MEM_OUT: 128 ACC: 128 BUFF: 127 DC: 0 FLAG_ZERO: False FLAG_LT: 0 FLAG_GT: 1
INPUT_PORT:  []
OUT_PORT:  []
DATA_MEM:  [128, 59]
---------------------------------------
DEBUG    root:machine.py:309 JGE 22
TICK: 6171 PC:   4 ADDR:   0 MEM_OUT: 128 ACC: 128 BUFF: 127 DC: 0 FLAG_ZERO: False FLAG_LT: 1 FLAG_GT: 0
INPUT_PORT:  []
OUT_PORT:  []
DATA_MEM:  [128, 59]
---------------------------------------
DEBUG    root:machine.py:309 LD 0
TICK: 6174 PC:   5 ADDR:   0 MEM_OUT: 128 ACC: 128 BUFF: 127 DC: 0 FLAG_ZERO: False FLAG_LT: 1 FLAG_GT: 0
INPUT_PORT:  []
OUT_PORT:  []
DATA_MEM:  [128, 59]
---------------------------------------
DEBUG    root:machine.py:309 MOD 3
TICK: 6178 PC:   6 ADDR:   0 MEM_OUT: 128 ACC: 128 BUFF: 127 DC: 0 FLAG_ZERO: False FLAG_LT: 1 FLAG_GT: 0
INPUT_PORT:  []
OUT_PORT:  []
DATA_MEM:  [128, 59]
---------------------------------------
DEBUG    root:machine.py:309 CMP 0
TICK: 6182 PC:   7 ADDR:   0 MEM_OUT: 128 ACC: 2 BUFF: 128 DC: 0 FLAG_ZERO: False FLAG_LT: 1 FLAG_GT: 0
INPUT_PORT:  []
OUT_PORT:  []
DATA_MEM:  [128, 59]
---------------------------------------
DEBUG    root:machine.py:309 JE 14
TICK: 6185 PC:   8 ADDR:   0 MEM_OUT: 128 ACC: 2 BUFF: 128 DC: 0 FLAG_ZERO: False FLAG_LT: 0 FLAG_GT: 1
INPUT_PORT:  []
OUT_PORT:  []
DATA_MEM:  [128, 59]
---------------------------------------
DEBUG    root:machine.py:309 LD 0
TICK: 6188 PC:   9 ADDR:   0 MEM_OUT: 128 ACC: 2 BUFF: 128 DC: 0 FLAG_ZERO: False FLAG_LT: 0 FLAG_GT: 1
INPUT_PORT:  []
OUT_PORT:  []
DATA_MEM:  [128, 59]
---------------------------------------
DEBUG    root:machine.py:309 MOD 5
TICK: 6192 PC:  10 ADDR:   0 MEM_OUT: 128 ACC: 128 BUFF: 128 DC: 0 FLAG_ZERO: False FLAG_LT: 0 FLAG_GT: 1
INPUT_PORT:  []
OUT_PORT:  []
DATA_MEM:  [128, 59]
---------------------------------------
DEBUG    root:machine.py:309 CMP 0
TICK: 6196 PC:  11 ADDR:   0 MEM_OUT: 128 ACC: 3 BUFF: 128 DC: 0 FLAG_ZERO: False FLAG_LT: 0 FLAG_GT: 1
INPUT_PORT:  []
OUT_PORT:  []
DATA_MEM:  [128, 59]
---------------------------------------
DEBUG    root:machine.py:309 JE 18
TICK: 6199 PC:  12 ADDR:   0 MEM_OUT: 128 ACC: 3 BUFF: 128 DC: 0 FLAG_ZERO: False FLAG_LT: 0 FLAG_GT: 1
INPUT_PORT:  []
OUT_PORT:  []
DATA_MEM:  [128, 59]
---------------------------------------
DEBUG    root:machine.py:309 JMP 0
TICK: 6202 PC:  13 ADDR:   0 MEM_OUT: 128 ACC: 3 BUFF: 128 DC: 0 FLAG_ZERO: False FLAG_LT: 0 FLAG_GT: 1
INPUT_PORT:  []
OUT_PORT:  []
DATA_MEM:  [128, 59]
---------------------------------------
DEBUG    root:machine.py:309 LD 0
TICK: 6205 PC:   0 ADDR:   0 MEM_OUT: 128 ACC: 3 BUFF: 128 DC: 0 FLAG_ZERO: False FLAG_LT: 0 FLAG_GT: 1
INPUT_PORT:  []
OUT_PORT:  []
DATA_MEM:  [128, 59]
---------------------------------------
DEBUG    root:machine.py:309 INC 
TICK: 6209 PC:   1 ADDR:   0 MEM_OUT: 128 ACC: 128 BUFF: 128 DC: 0 FLAG_ZERO: False FLAG_LT: 0 FLAG_GT: 1
INPUT_PORT:  []
OUT_PORT:  []
DATA_MEM:  [128, 59]
---------------------------------------
DEBUG    root:machine.py:309 ST 0
TICK: 6212 PC:   2 ADDR:   0 MEM_OUT: 128 ACC: 129 BUFF: 128 DC: 0 FLAG_ZERO: False FLAG_LT: 0 FLAG_GT: 1
INPUT_PORT:  []
OUT_PORT:  []
DATA_MEM:  [128, 59]
---------------------------------------
DEBUG    root:machine.py:309 CMP 1000
TICK: 6216 PC:   3 ADDR:   0 MEM_OUT: 129 ACC: 129 BUFF: 128 DC: 0 FLAG_ZERO: False FLAG_LT: 0 FLAG_GT: 1
INPUT_PORT:  []
OUT_PORT:  []
DATA_MEM:  [129, 59]
---------------------------------------
DEBUG    root:machine.py:309 JGE 22
TICK: 6219 PC:   4 ADDR:   0 MEM_OUT: 129 ACC: 129 BUFF: 128 DC: 0 FLAG_ZERO: False FLAG_LT: 1 FLAG_GT: 0
INPUT_PORT:  []
OUT_PORT:  []
DATA_MEM:  [129, 59]
---------------------------------------
DEBUG    root:machine.py:309 LD 0
TICK: 6222 PC:   5 ADDR:   0 MEM_OUT: 129 ACC: 129 BUFF: 128 DC: 0 FLAG_ZERO: False FLAG_LT: 1 FLAG_GT: 0
INPUT_PORT:  []
OUT_PORT:  []
DATA_MEM:  [129, 59]
---------------------------------------
DEBUG    root:machine.py:309 MOD 3
TICK: 6226 PC:   6 ADDR:   0 MEM_OUT: 129 ACC: 129 BUFF: 128 DC: 0 FLAG_ZERO: False FLAG_LT: 1 FLAG_GT: 0
INPUT_PORT:  []
OUT_PORT:  []
DATA_MEM:  [129, 59]
---------------------------------------
DEBUG    root:machine.py:309 CMP 0
TICK: 6230 PC:   7 ADDR:   0 MEM_OUT: 129 ACC: 0 BUFF: 129 DC: 0 FLAG_ZERO: False FLAG_LT: 1 FLAG_GT: 0
INPUT_PORT:  []
OUT_PORT:  []
DATA_MEM:  [129, 59]
---------------------------------------
DEBUG    root:machine.py:309 JE 14
TICK: 6233 PC:   8 ADDR:   0 MEM_OUT: 129 ACC: 0 BUFF: 129 DC: 0 FLAG_ZERO: True FLAG_LT: 0 FLAG_GT: 0
INPUT_PORT:  []
OUT_PORT:  []
DATA_MEM:  [129, 59]
---------------------------------------
DEBUG    root:machine.py:309 LD 4
TICK: 6236 PC:  14 ADDR:   0 MEM_OUT: 129 ACC: 0 BUFF: 129 DC: 0 FLAG_ZERO: True FLAG_LT: 0 FLAG_GT: 0
INPUT_PORT:  []
OUT_PORT:  []
DATA_MEM:  [129, 59]
---------------------------------------
DEBUG    root:machine.py:309 INC 
TICK: 6240 PC:  15 ADDR:   1 MEM_OUT: 59 ACC: 59 BUFF: 129 DC: 0 FLAG_ZERO: True FLAG_LT: 0 FLAG_GT: 0
INPUT_PORT:  []
OUT_PORT:  []
DATA_MEM:  [129, 59]
---------------------------------------
DEBUG    root:machine.py:309 ST 4
TICK: 6243 PC:  16 ADDR:   1 MEM_OUT: 59 ACC: 60 BUFF: 129 DC: 0 FLAG_ZERO: True FLAG_LT: 0 FLAG_GT: 0
INPUT_PORT:  []
OUT_PORT:  []
DATA_MEM:  [129, 59]
---------------------------------------
DEBUG    root:machine.py:309 JMP 0
TICK: 6247 PC:  17 ADDR:   1 MEM_OUT: 60 ACC: 60 BUFF: 129 DC: 0 FLAG_ZERO: True FLAG_LT: 0 FLAG_GT: 0
INPUT_PORT:  []
OUT_PORT:  []
DATA_MEM:  [129, 60]
---------------------------------------
DEBUG    root:machine.py:309 LD 0
TICK: 6250 PC:   0 ADDR:   1 MEM_OUT: 60 ACC: 60 BUFF: 129 DC: 0 FLAG_ZERO: True FLAG_LT: 0 FLAG_GT: 0
INPUT_PORT:  []
OUT_PORT:  []
DATA_MEM:  [129, 60]
---------------------------------------
DEBUG    root:machine.py:309 INC 
TICK: 6254 PC:   1 ADDR:   0 MEM_OUT: 129 ACC: 129 BUFF: 129 DC: 0 FLAG_ZERO: True FLAG_LT: 0 FLAG_GT: 0
INPUT_PORT:  []
OUT_PORT:  []
DATA_MEM:  [129, 60]
---------------------------------------
DEBUG    root:machine.py:309 ST 0
TICK: 6257 PC:   2 ADDR:   0 MEM_OUT: 129 ACC: 130 BUFF: 129 DC: 0 FLAG_ZERO: True FLAG_LT: 0 FLAG_GT: 0
INPUT_PORT:  []
OUT_PORT:  []
DATA_MEM:  [129, 60]
---------------------------------------
DEBUG    root:machine.py:309 CMP 1000
TICK: 6261 PC:   3 ADDR:   0 MEM_OUT: 130 ACC: 130 BUFF: 129 DC: 0 FLAG_ZERO: True FLAG_LT: 0 FLAG_GT: 0
INPUT_PORT:  []
OUT_PORT:  []
DATA_MEM:  [130, 60]
---------------------------------------
DEBUG    root:machine.py:309 JGE 22
TICK: 6264 PC:   4 ADDR:   0 MEM_OUT: 130 ACC: 130 BUFF: 129 DC: 0 FLAG_ZERO: False FLAG_LT: 1 FLAG_GT: 0
INPUT_PORT:  []
OUT_PORT:  []
DATA_MEM:  [130, 60]
---------------------------------------
DEBUG    root:machine.py:309 LD 0
TICK: 6267 PC:   5 ADDR:   0 MEM_OUT: 130 ACC: 130 BUFF: 129 DC: 0 FLAG_ZERO: False FLAG_LT: 1 FLAG_GT: 0
INPUT_PORT:  []
OUT_PORT:  []
DATA_MEM:  [130, 60]
---------------------------------------
DEBUG    root:machine.py:309 MOD 3
TICK: 6271 PC:   6 ADDR:   0 MEM_OUT: 130 ACC: 130 BUFF: 129 DC: 0 FLAG_ZERO: False FLAG_LT: 1 FLAG_GT: 0
INPUT_PORT:  []
OUT_PORT:  []
DATA_MEM:  [130, 60]
---------------------------------------
DEBUG    root:machine.py:309 CMP 0
TICK: 6275 PC:   7 ADDR:   0 MEM_OUT: 130 ACC: 1 BUFF: 130 DC: 0 FLAG_ZERO: False FLAG_LT: 1 FLAG_GT: 0
INPUT_PORT:  []
OUT_PORT:  []
DATA_MEM:  [130, 60]
---------------------------------------
DEBUG    root:machine.py:309 JE 14
TICK: 6278 PC:   8 ADDR:   0 MEM_OUT: 130 ACC: 1 BUFF: 130 DC: 0 FLAG_ZERO: False FLAG_LT: 0 FLAG_GT: 1
INPUT_PORT:  []
OUT_PORT:  []
DATA_MEM:  [130, 60]
---------------------------------------
DEBUG    root:machine.py:309 LD 0
TICK: 6281 PC:   9 ADDR:   0 MEM_OUT: 130 ACC: 1 BUFF: 130 DC: 0 FLAG_ZERO: False FLAG_LT: 0 FLAG_GT: 1
INPUT_PORT:  []
OUT_PORT:  []
DATA_MEM:  [130, 60]
---------------------------------------
DEBUG    root:machine.py:309 MOD 5
TICK: 6285 PC:  10 ADDR:   0 MEM_OUT: 130 ACC: 130 BUFF: 130 DC: 0 FLAG_ZERO: False FLAG_LT: 0 FLAG_GT: 1
INPUT_PORT:  []
OUT_PORT:  []
DATA_MEM:  [130, 60]
---------------------------------------
DEBUG    root:machine.py:309 CMP 0
TICK: 6289 PC:  11 ADDR:   0 MEM_OUT: 130 ACC: 0 BUFF: 130 DC: 0 FLAG_ZERO: False FLAG_LT: 0 FLAG_GT: 1
INPUT_PORT:  []
OUT_PORT:  []
DATA_MEM:  [130, 60]
---------------------------------------
DEBUG    root:machine.py:309 JE 18
TICK: 6292 PC:  12 ADDR:   0 MEM_OUT: 130 ACC: 0 BUFF: 130 DC: 0 FLAG_ZERO: True FLAG_LT: 0 FLAG_GT: 0
INPUT_PORT:  []
OUT_PORT:  []
DATA_MEM:  [130, 60]
---------------------------------------
DEBUG    root:machine.py:309 LD 4
TICK: 6295 PC:  18 ADDR:   0 MEM_OUT: 130 ACC: 0 BUFF: 130 DC: 0 FLAG_ZERO: True FLAG_LT: 0 FLAG_GT: 0
INPUT_PORT:  []
OUT_PORT:  []
DATA_MEM:  [130, 60]
---------------------------------------
DEBUG    root:machine.py:309 INC 
TICK: 6299 PC:  19 ADDR:   1 MEM_OUT: 60 ACC: 60 BUFF: 130 DC: 0 FLAG_ZERO: True FLAG_LT: 0 FLAG_GT: 0
INPUT_PORT:  []
OUT_PORT:  []
DATA_MEM:  [130, 60]
---------------------------------------
DEBUG    root:machine.py:309 ST 4
TICK: 6302 PC:  20 ADDR:   1 MEM_OUT: 60 ACC: 61 BUFF: 130 DC: 0 FLAG_ZERO: True FLAG_LT: 0 FLAG_GT: 0
INPUT_PORT:  []
OUT_PORT:  []
DATA_MEM:  [130, 60]
---------------------------------------
DEBUG    root:machine.py:309 JMP 0
TICK: 6306 PC:  21 ADDR:   1 MEM_OUT: 61 ACC: 61 BUFF: 130 DC: 0 FLAG_ZERO: True FLAG_LT: 0 FLAG_GT: 0
INPUT_PORT:  []
OUT_PORT:  []
DATA_MEM:  [130, 61]
---------------------------------------
DEBUG    root:machine.py:309 LD 0
TICK: 6309 PC:   0 ADDR:   1 MEM_OUT: 61 ACC: 61 BUFF: 130 DC: 0 FLAG_ZERO: True FLAG_LT: 0 FLAG_GT: 0
INPUT_PORT:  []
OUT_PORT:  []
DATA_MEM:  [130, 61]
---------------------------------------
DEBUG    root:machine.py:309 INC 
TICK: 6313 PC:   1 ADDR:   0 MEM_OUT: 130 ACC: 130 BUFF: 130 DC: 0 FLAG_ZERO: True FLAG_LT: 0 FLAG_GT: 0
INPUT_PORT:  []
OUT_PORT:  []
DATA_MEM:  [130, 61]
---------------------------------------
DEBUG    root:machine.py:309 ST 0
TICK: 6316 PC:   2 ADDR:   0 MEM_OUT: 130 ACC: 131 BUFF: 130 DC: 0 FLAG_ZERO: True FLAG_LT: 0 FLAG_GT: 0
INPUT_PORT:  []
OUT_PORT:  []
DATA_MEM:  [130, 61]
---------------------------------------
DEBUG    root:machine.py:309 CMP 1000
TICK: 6320 PC:   3 ADDR:   0 MEM_OUT: 131 ACC: 131 BUFF: 130 DC: 0 FLAG_ZERO: True FLAG_LT: 0 FLAG_GT: 0
INPUT_PORT:  []
OUT_PORT:  []
DATA_MEM:  [131, 61]
---------------------------------------
DEBUG    root:machine.py:309 JGE 22
TICK: 6323 PC:   4 ADDR:   0 MEM_OUT: 131 ACC: 131 BUFF: 130 DC: 0 FLAG_ZERO: False FLAG_LT: 1 FLAG_GT: 0
INPUT_PORT:  []
OUT_PORT:  []
DATA_MEM:  [131, 61]
---------------------------------------
DEBUG    root:machine.py:309 LD 0
TICK: 6326 PC:   5 ADDR:   0 MEM_OUT: 131 ACC: 131 BUFF: 130 DC: 0 FLAG_ZERO: False FLAG_LT: 1 FLAG_GT: 0
INPUT_PORT:  []
OUT_PORT:  []
DATA_MEM:  [131, 61]
---------------------------------------
DEBUG    root:machine.py:309 MOD 3
TICK: 6330 PC:   6 ADDR:   0 MEM_OUT: 131 ACC: 131 BUFF: 130 DC: 0 FLAG_ZERO: False FLAG_LT: 1 FLAG_GT: 0
INPUT_PORT:  []
OUT_PORT:  []
DATA_MEM:  [131, 61]
---------------------------------------
DEBUG    root:machine.py:309 CMP 0
TICK: 6334 PC:   7 ADDR:   0 MEM_OUT: 131 ACC: 2 BUFF: 131 DC: 0 FLAG_ZERO: False FLAG_LT: 1 FLAG_GT: 0
INPUT_PORT:  []
OUT_PORT:  []
DATA_MEM:  [131, 61]
---------------------------------------
DEBUG    root:machine.py:309 JE 14
TICK: 6337 PC:   8 ADDR:   0 MEM_OUT: 131 ACC: 2 BUFF: 131 DC: 0 FLAG_ZERO: False FLAG_LT: 0 FLAG_GT: 1
INPUT_PORT:  []
OUT_PORT:  []
DATA_MEM:  [131, 61]
---------------------------------------
DEBUG    root:machine.py:309 LD 0
TICK: 6340 PC:   9 ADDR:   0 MEM_OUT: 131 ACC: 2 BUFF: 131 DC: 0 FLAG_ZERO: False FLAG_LT: 0 FLAG_GT: 1
INPUT_PORT:  []
OUT_PORT:  []
DATA_MEM:  [131, 61]
---------------------------------------
DEBUG    root:machine.py:309 MOD 5
TICK: 6344 PC:  10 ADDR:   0 MEM_OUT: 131 ACC: 131 BUFF: 131 DC: 0 FLAG_ZERO: False FLAG_LT: 0 FLAG_GT: 1
INPUT_PORT:  []
OUT_PORT:  []
DATA_MEM:  [131, 61]
---------------------------------------
DEBUG    root:machine.py:309 CMP 0
TICK: 6348 PC:  11 ADDR:   0 MEM_OUT: 131 ACC: 1 BUFF: 131 DC: 0 FLAG_ZERO: False FLAG_LT: 0 FLAG_GT: 1
INPUT_PORT:  []
OUT_PORT:  []
DATA_MEM:  [131, 61]
---------------------------------------
DEBUG    root:machine.py:309 JE 18
TICK: 6351 PC:  12 ADDR:   0 MEM_OUT: 131 ACC: 1 BUFF: 131 DC: 0 FLAG_ZERO: False FLAG_LT: 0 FLAG_GT: 1
INPUT_PORT:  []
OUT_PORT:  []
DATA_MEM:  [131, 61]
---------------------------------------
DEBUG    root:machine.py:309 JMP 0
TICK: 6354 PC:  13 ADDR:   0 MEM_OUT: 131 ACC: 1 BUFF: 131 DC: 0 FLAG_ZERO: False FLAG_LT: 0 FLAG_GT: 1
INPUT_PORT:  []
OUT_PORT:  []
DATA_MEM:  [131, 61]
---------------------------------------
DEBUG    root:machine.py:309 LD 0
TICK: 6357 PC:   0 ADDR:   0 MEM_OUT: 131 ACC: 1 BUFF: 131 DC: 0 FLAG_ZERO: False FLAG_LT: 0 FLAG_GT: 1
INPUT_PORT:  []
OUT_PORT:  []
DATA_MEM:  [131, 61]
---------------------------------------
DEBUG    root:machine.py:309 INC 
TICK: 6361 PC:   1 ADDR:   0 MEM_OUT: 131 ACC: 131 BUFF: 131 DC: 0 FLAG_ZERO: False FLAG_LT: 0 FLAG_GT: 1
INPUT_PORT:  []
OUT_PORT:  []
DATA_MEM:  [131, 61]
---------------------------------------
DEBUG    root:machine.py:309 ST 0
TICK: 6364 PC:   2 ADDR:   0 MEM_OUT: 131 ACC: 132 BUFF: 131 DC: 0 FLAG_ZERO: False FLAG_LT: 0 FLAG_GT: 1
INPUT_PORT:  []
OUT_PORT:  []
DATA_MEM:  [131, 61]
---------------------------------------
DEBUG    root:machine.py:309 CMP 1000
TICK: 6368 PC:   3 ADDR:   0 MEM_OUT: 132 ACC: 132 BUFF: 131 DC: 0 FLAG_ZERO: False FLAG_LT: 0 FLAG_GT: 1
INPUT_PORT:  []
OUT_PORT:  []
DATA_MEM:  [132, 61]
---------------------------------------
DEBUG    root:machine.py:309 JGE 22
TICK: 6371 PC:   4 ADDR:   0 MEM_OUT: 132 ACC: 132 BUFF: 131 DC: 0 FLAG_ZERO: False FLAG_LT: 1 FLAG_GT: 0
INPUT_PORT:  []
OUT_PORT:  []
DATA_MEM:  [132, 61]
---------------------------------------
DEBUG    root:machine.py:309 LD 0
TICK: 6374 PC:   5 ADDR:   0 MEM_OUT: 132 ACC: 132 BUFF: 131 DC: 0 FLAG_ZERO: False FLAG_LT: 1 FLAG_GT: 0
INPUT_PORT:  []
OUT_PORT:  []
DATA_MEM:  [132, 61]
---------------------------------------
DEBUG    root:machine.py:309 MOD 3
TICK: 6378 PC:   6 ADDR:   0 MEM_OUT: 132 ACC: 132 BUFF: 131 DC: 0 FLAG_ZERO: False FLAG_LT: 1 FLAG_GT: 0
INPUT_PORT:  []
OUT_PORT:  []
DATA_MEM:  [132, 61]
---------------------------------------
DEBUG    root:machine.py:309 CMP 0
TICK: 6382 PC:   7 ADDR:   0 MEM_OUT: 132 ACC: 0 BUFF: 132 DC: 0 FLAG_ZERO: False FLAG_LT: 1 FLAG_GT: 0
INPUT_PORT:  []
OUT_PORT:  []
DATA_MEM:  [132, 61]
---------------------------------------
DEBUG    root:machine.py:309 JE 14
TICK: 6385 PC:   8 ADDR:   0 MEM_OUT: 132 ACC: 0 BUFF: 132 DC: 0 FLAG_ZERO: True FLAG_LT: 0 FLAG_GT: 0
INPUT_PORT:  []
OUT_PORT:  []
DATA_MEM:  [132, 61]
---------------------------------------
DEBUG    root:machine.py:309 LD 4
TICK: 6388 PC:  14 ADDR:   0 MEM_OUT: 132 ACC: 0 BUFF: 132 DC: 0 FLAG_ZERO: True FLAG_LT: 0 FLAG_GT: 0
INPUT_PORT:  []
OUT_PORT:  []
DATA_MEM:  [132, 61]
---------------------------------------
DEBUG    root:machine.py:309 INC 
TICK: 6392 PC:  15 ADDR:   1 MEM_OUT: 61 ACC: 61 BUFF: 132 DC: 0 FLAG_ZERO: True FLAG_LT: 0 FLAG_GT: 0
INPUT_PORT:  []
OUT_PORT:  []
DATA_MEM:  [132, 61]
---------------------------------------
DEBUG    root:machine.py:309 ST 4
TICK: 6395 PC:  16 ADDR:   1 MEM_OUT: 61 ACC: 62 BUFF: 132 DC: 0 FLAG_ZERO: True FLAG_LT: 0 FLAG_GT: 0
INPUT_PORT:  []
OUT_PORT:  []
DATA_MEM:  [132, 61]
---------------------------------------
DEBUG    root:machine.py:309 JMP 0
TICK: 6399 PC:  17 ADDR:   1 MEM_OUT: 62 ACC: 62 BUFF: 132 DC: 0 FLAG_ZERO: True FLAG_LT: 0 FLAG_GT: 0
INPUT_PORT:  []
OUT_PORT:  []
DATA_MEM:  [132, 62]
---------------------------------------
DEBUG    root:machine.py:309 LD 0
TICK: 6402 PC:   0 ADDR:   1 MEM_OUT: 62 ACC: 62 BUFF: 132 DC: 0 FLAG_ZERO: True FLAG_LT: 0 FLAG_GT: 0
INPUT_PORT:  []
OUT_PORT:  []
DATA_MEM:  [132, 62]
---------------------------------------
DEBUG    root:machine.py:309 INC 
TICK: 6406 PC:   1 ADDR:   0 MEM_OUT: 132 ACC: 132 BUFF: 132 DC: 0 FLAG_ZERO: True FLAG_LT: 0 FLAG_GT: 0
INPUT_PORT:  []
OUT_PORT:  []
DATA_MEM:  [132, 62]
---------------------------------------
DEBUG    root:machine.py:309 ST 0
TICK: 6409 PC:   2 ADDR:   0 MEM_OUT: 132 ACC: 133 BUFF: 132 DC: 0 FLAG_ZERO: True FLAG_LT: 0 FLAG_GT: 0
INPUT_PORT:  []
OUT_PORT:  []
DATA_MEM:  [132, 62]
---------------------------------------
DEBUG    root:machine.py:309 CMP 1000
TICK: 6413 PC:   3 ADDR:   0 MEM_OUT: 133 ACC: 133 BUFF: 132 DC: 0 FLAG_ZERO: True FLAG_LT: 0 FLAG_GT: 0
INPUT_PORT:  []
OUT_PORT:  []
DATA_MEM:  [133, 62]
---------------------------------------
DEBUG    root:machine.py:309 JGE 22
TICK: 6416 PC:   4 ADDR:   0 MEM_OUT: 133 ACC: 133 BUFF: 132 DC: 0 FLAG_ZERO: False FLAG_LT: 1 FLAG_GT: 0
INPUT_PORT:  []
OUT_PORT:  []
DATA_MEM:  [133, 62]
---------------------------------------
DEBUG    root:machine.py:309 LD 0
TICK: 6419 PC:   5 ADDR:   0 MEM_OUT: 133 ACC: 133 BUFF: 132 DC: 0 FLAG_ZERO: False FLAG_LT: 1 FLAG_GT: 0
INPUT_PORT:  []
OUT_PORT:  []
DATA_MEM:  [133, 62]
---------------------------------------
DEBUG    root:machine.py:309 MOD 3
TICK: 6423 PC:   6 ADDR:   0 MEM_OUT: 133 ACC: 133 BUFF: 132 DC: 0 FLAG_ZERO: False FLAG_LT: 1 FLAG_GT: 0
INPUT_PORT:  []
OUT_PORT:  []
DATA_MEM:  [133, 62]
---------------------------------------
DEBUG    root:machine.py:309 CMP 0
TICK: 6427 PC:   7 ADDR:   0 MEM_OUT: 133 ACC: 1 BUFF: 133 DC: 0 FLAG_ZERO: False FLAG_LT: 1 FLAG_GT: 0
INPUT_PORT:  []
OUT_PORT:  []
DATA_MEM:  [133, 62]
---------------------------------------
DEBUG    root:machine.py:309 JE 14
TICK: 6430 PC:   8 ADDR:   0 MEM_OUT: 133 ACC: 1 BUFF: 133 DC: 0 FLAG_ZERO: False FLAG_LT: 0 FLAG_GT: 1
INPUT_PORT:  []
OUT_PORT:  []
DATA_MEM:  [133, 62]
---------------------------------------
DEBUG    root:machine.py:309 LD 0
TICK: 6433 PC:   9 ADDR:   0 MEM_OUT: 133 ACC: 1 BUFF: 133 DC: 0 FLAG_ZERO: False FLAG_LT: 0 FLAG_GT: 1
INPUT_PORT:  []
OUT_PORT:  []
DATA_MEM:  [133, 62]
---------------------------------------
DEBUG    root:machine.py:309 MOD 5
TICK: 6437 PC:  10 ADDR:   0 MEM_OUT: 133 ACC: 133 BUFF: 133 DC: 0 FLAG_ZERO: False FLAG_LT: 0 FLAG_GT: 1
INPUT_PORT:  []
OUT_PORT:  []
DATA_MEM:  [133, 62]
---------------------------------------
DEBUG    root:machine.py:309 CMP 0
TICK: 6441 PC:  11 ADDR:   0 MEM_OUT: 133 ACC: 3 BUFF: 133 DC: 0 FLAG_ZERO: False FLAG_LT: 0 FLAG_GT: 1
INPUT_PORT:  []
OUT_PORT:  []
DATA_MEM:  [133, 62]
---------------------------------------
DEBUG    root:machine.py:309 JE 18
TICK: 6444 PC:  12 ADDR:   0 MEM_OUT: 133 ACC: 3 BUFF: 133 DC: 0 FLAG_ZERO: False FLAG_LT: 0 FLAG_GT: 1
INPUT_PORT:  []
OUT_PORT:  []
DATA_MEM:  [133, 62]
---------------------------------------
DEBUG    root:machine.py:309 JMP 0
TICK: 6447 PC:  13 ADDR:   0 MEM_OUT: 133 ACC: 3 BUFF: 133 DC: 0 FLAG_ZERO: False FLAG_LT: 0 FLAG_GT: 1
INPUT_PORT:  []
OUT_PORT:  []
DATA_MEM:  [133, 62]
---------------------------------------
DEBUG    root:machine.py:309 LD 0
TICK: 6450 PC:   0 ADDR:   0 MEM_OUT: 133 ACC: 3 BUFF: 133 DC: 0 FLAG_ZERO: False FLAG_LT: 0 FLAG_GT: 1
INPUT_PORT:  []
OUT_PORT:  []
DATA_MEM:  [133, 62]
---------------------------------------
DEBUG    root:machine.py:309 INC 
TICK: 6454 PC:   1 ADDR:   0 MEM_OUT: 133 ACC: 133 BUFF: 133 DC: 0 FLAG_ZERO: False FLAG_LT: 0 FLAG_GT: 1
INPUT_PORT:  []
OUT_PORT:  []
DATA_MEM:  [133, 62]
---------------------------------------
DEBUG    root:machine.py:309 ST 0
TICK: 6457 PC:   2 ADDR:   0 MEM_OUT: 133 ACC: 134 BUFF: 133 DC: 0 FLAG_ZERO: False FLAG_LT: 0 FLAG_GT: 1
INPUT_PORT:  []
OUT_PORT:  []
DATA_MEM:  [133, 62]
---------------------------------------
DEBUG    root:machine.py:309 CMP 1000
TICK: 6461 PC:   3 ADDR:   0 MEM_OUT: 134 ACC: 134 BUFF: 133 DC: 0 FLAG_ZERO: False FLAG_LT: 0 FLAG_GT: 1
INPUT_PORT:  []
OUT_PORT:  []
DATA_MEM:  [134, 62]
---------------------------------------
DEBUG    root:machine.py:309 JGE 22
TICK: 6464 PC:   4 ADDR:   0 MEM_OUT: 134 ACC: 134 BUFF: 133 DC: 0 FLAG_ZERO: False FLAG_LT: 1 FLAG_GT: 0
INPUT_PORT:  []
OUT_PORT:  []
DATA_MEM:  [134, 62]
---------------------------------------
DEBUG    root:machine.py:309 LD 0
TICK: 6467 PC:   5 ADDR:   0 MEM_OUT: 134 ACC: 134 BUFF: 133 DC: 0 FLAG_ZERO: False FLAG_LT: 1 FLAG_GT: 0
INPUT_PORT:  []
OUT_PORT:  []
DATA_MEM:  [134, 62]
---------------------------------------
DEBUG    root:machine.py:309 MOD 3
TICK: 6471 PC:   6 ADDR:   0 MEM_OUT: 134 ACC: 134 BUFF: 133 DC: 0 FLAG_ZERO: False FLAG_LT: 1 FLAG_GT: 0
INPUT_PORT:  []
OUT_PORT:  []
DATA_MEM:  [134, 62]
---------------------------------------
DEBUG    root:machine.py:309 CMP 0
TICK: 6475 PC:   7 ADDR:   0 MEM_OUT: 134 ACC: 2 BUFF: 134 DC: 0 FLAG_ZERO: False FLAG_LT: 1 FLAG_GT: 0
INPUT_PORT:  []
OUT_PORT:  []
DATA_MEM:  [134, 62]
---------------------------------------
DEBUG    root:machine.py:309 JE 14
TICK: 6478 PC:   8 ADDR:   0 MEM_OUT: 134 ACC: 2 BUFF: 134 DC: 0 FLAG_ZERO: False FLAG_LT: 0 FLAG_GT: 1
INPUT_PORT:  []
OUT_PORT:  []
DATA_MEM:  [134, 62]
---------------------------------------
DEBUG    root:machine.py:309 LD 0
TICK: 6481 PC:   9 ADDR:   0 MEM_OUT: 134 ACC: 2 BUFF: 134 DC: 0 FLAG_ZERO: False FLAG_LT: 0 FLAG_GT: 1
INPUT_PORT:  []
OUT_PORT:  []
DATA_MEM:  [134, 62]
---------------------------------------
DEBUG    root:machine.py:309 MOD 5
TICK: 6485 PC:  10 ADDR:   0 MEM_OUT: 134 ACC: 134 BUFF: 134 DC: 0 FLAG_ZERO: False FLAG_LT: 0 FLAG_GT: 1
INPUT_PORT:  []
OUT_PORT:  []
DATA_MEM:  [134, 62]
---------------------------------------
DEBUG    root:machine.py:309 CMP 0
TICK: 6489 PC:  11 ADDR:   0 MEM_OUT: 134 ACC: 4 BUFF: 134 DC: 0 FLAG_ZERO: False FLAG_LT: 0 FLAG_GT: 1
INPUT_PORT:  []
OUT_PORT:  []
DATA_MEM:  [134, 62]
---------------------------------------
DEBUG    root:machine.py:309 JE 18
TICK: 6492 PC:  12 ADDR:   0 MEM_OUT: 134 ACC: 4 BUFF: 134 DC: 0 FLAG_ZERO: False FLAG_LT: 0 FLAG_GT: 1
INPUT_PORT:  []
OUT_PORT:  []
DATA_MEM:  [134, 62]
---------------------------------------
DEBUG    root:machine.py:309 JMP 0
TICK: 6495 PC:  13 ADDR:   0 MEM_OUT: 134 ACC: 4 BUFF: 134 DC: 0 FLAG_ZERO: False FLAG_LT: 0 FLAG_GT: 1
INPUT_PORT:  []
OUT_PORT:  []
DATA_MEM:  [134, 62]
---------------------------------------
DEBUG    root:machine.py:309 LD 0
TICK: 6498 PC:   0 ADDR:   0 MEM_OUT: 134 ACC: 4 BUFF: 134 DC: 0 FLAG_ZERO: False FLAG_LT: 0 FLAG_GT: 1
INPUT_PORT:  []
OUT_PORT:  []
DATA_MEM:  [134, 62]
---------------------------------------
DEBUG    root:machine.py:309 INC 
TICK: 6502 PC:   1 ADDR:   0 MEM_OUT: 134 ACC: 134 BUFF: 134 DC: 0 FLAG_ZERO: False FLAG_LT: 0 FLAG_GT: 1
INPUT_PORT:  []
OUT_PORT:  []
DATA_MEM:  [134, 62]
---------------------------------------
DEBUG    root:machine.py:309 ST 0
TICK: 6505 PC:   2 ADDR:   0 MEM_OUT: 134 ACC: 135 BUFF: 134 DC: 0 FLAG_ZERO: False FLAG_LT: 0 FLAG_GT: 1
INPUT_PORT:  []
OUT_PORT:  []
DATA_MEM:  [134, 62]
---------------------------------------
DEBUG    root:machine.py:309 CMP 1000
TICK: 6509 PC:   3 ADDR:   0 MEM_OUT: 135 ACC: 135 BUFF: 134 DC: 0 FLAG_ZERO: False FLAG_LT: 0 FLAG_GT: 1
INPUT_PORT:  []
OUT_PORT:  []
DATA_MEM:  [135, 62]
---------------------------------------
DEBUG    root:machine.py:309 JGE 22
TICK: 6512 PC:   4 ADDR:   0 MEM_OUT: 135 ACC: 135 BUFF: 134 DC: 0 FLAG_ZERO: False FLAG_LT: 1 FLAG_GT: 0
INPUT_PORT:  []
OUT_PORT:  []
DATA_MEM:  [135, 62]
---------------------------------------
DEBUG    root:machine.py:309 LD 0
TICK: 6515 PC:   5 ADDR:   0 MEM_OUT: 135 ACC: 135 BUFF: 134 DC: 0 FLAG_ZERO: False FLAG_LT: 1 FLAG_GT: 0
INPUT_PORT:  []
OUT_PORT:  []
DATA_MEM:  [135, 62]
---------------------------------------
DEBUG    root:machine.py:309 MOD 3
TICK: 6519 PC:   6 ADDR:   0 MEM_OUT: 135 ACC: 135 BUFF: 134 DC: 0 FLAG_ZERO: False FLAG_LT: 1 FLAG_GT: 0
INPUT_PORT:  []
OUT_PORT:  []
DATA_MEM:  [135, 62]
---------------------------------------
DEBUG    root:machine.py:309 CMP 0
TICK: 6523 PC:   7 ADDR:   0 MEM_OUT: 135 ACC: 0 BUFF: 135 DC: 0 FLAG_ZERO: False FLAG_LT: 1 FLAG_GT: 0
INPUT_PORT:  []
OUT_PORT:  []
DATA_MEM:  [135, 62]
---------------------------------------
DEBUG    root:machine.py:309 JE 14
TICK: 6526 PC:   8 ADDR:   0 MEM_OUT: 135 ACC: 0 BUFF: 135 DC: 0 FLAG_ZERO: True FLAG_LT: 0 FLAG_GT: 0
INPUT_PORT:  []
OUT_PORT:  []
DATA_MEM:  [135, 62]
---------------------------------------
DEBUG    root:machine.py:309 LD 4
TICK: 6529 PC:  14 ADDR:   0 MEM_OUT: 135 ACC: 0 BUFF: 135 DC: 0 FLAG_ZERO: True FLAG_LT: 0 FLAG_GT: 0
INPUT_PORT:  []
OUT_PORT:  []
DATA_MEM:  [135, 62]
---------------------------------------
DEBUG    root:machine.py:309 INC 
TICK: 6533 PC:  15 ADDR:   1 MEM_OUT: 62 ACC: 62 BUFF: 135 DC: 0 FLAG_ZERO: True FLAG_LT: 0 FLAG_GT: 0
INPUT_PORT:  []
OUT_PORT:  []
DATA_MEM:  [135, 62]
---------------------------------------
DEBUG    root:machine.py:309 ST 4
TICK: 6536 PC:  16 ADDR:   1 MEM_OUT: 62 ACC: 63 BUFF: 135 DC: 0 FLAG_ZERO: True FLAG_LT: 0 FLAG_GT: 0
INPUT_PORT:  []
OUT_PORT:  []
DATA_MEM:  [135, 62]
---------------------------------------
DEBUG    root:machine.py:309 JMP 0
TICK: 6540 PC:  17 ADDR:   1 MEM_OUT: 63 ACC: 63 BUFF: 135 DC: 0 FLAG_ZERO: True FLAG_LT: 0 FLAG_GT: 0
INPUT_PORT:  []
OUT_PORT:  []
DATA_MEM:  [135, 63]
---------------------------------------
DEBUG    root:machine.py:309 LD 0
TICK: 6543 PC:   0 ADDR:   1 MEM_OUT: 63 ACC: 63 BUFF: 135 DC: 0 FLAG_ZERO: True FLAG_LT: 0 FLAG_GT: 0
INPUT_PORT:  []
OUT_PORT:  []
DATA_MEM:  [135, 63]
---------------------------------------
DEBUG    root:machine.py:309 INC 
TICK: 6547 PC:   1 ADDR:   0 MEM_OUT: 135 ACC: 135 BUFF: 135 DC: 0 FLAG_ZERO: True FLAG_LT: 0 FLAG_GT: 0
INPUT_PORT:  []
OUT_PORT:  []
DATA_MEM:  [135, 63]
---------------------------------------
DEBUG    root:machine.py:309 ST 0
TICK: 6550 PC:   2 ADDR:   0 MEM_OUT: 135 ACC: 136 BUFF: 135 DC: 0 FLAG_ZERO: True FLAG_LT: 0 FLAG_GT: 0
INPUT_PORT:  []
OUT_PORT:  []
DATA_MEM:  [135, 63]
---------------------------------------
DEBUG    root:machine.py:309 CMP 1000
TICK: 6554 PC:   3 ADDR:   0 MEM_OUT: 136 ACC: 136 BUFF: 135 DC: 0 FLAG_ZERO: True FLAG_LT: 0 FLAG_GT: 0
INPUT_PORT:  []
OUT_PORT:  []
DATA_MEM:  [136, 63]
---------------------------------------
DEBUG    root:machine.py:309 JGE 22
TICK: 6557 PC:   4 ADDR:   0 MEM_OUT: 136 ACC: 136 BUFF: 135 DC: 0 FLAG_ZERO: False FLAG_LT: 1 FLAG_GT: 0
INPUT_PORT:  []
OUT_PORT:  []
DATA_MEM:  [136, 63]
---------------------------------------
DEBUG    root:machine.py:309 LD 0
TICK: 6560 PC:   5 ADDR:   0 MEM_OUT: 136 ACC: 136 BUFF: 135 DC: 0 FLAG_ZERO: False FLAG_LT: 1 FLAG_GT: 0
INPUT_PORT:  []
OUT_PORT:  []
DATA_MEM:  [136, 63]
---------------------------------------
DEBUG    root:machine.py:309 MOD 3
TICK: 6564 PC:   6 ADDR:   0 MEM_OUT: 136 ACC: 136 BUFF: 135 DC: 0 FLAG_ZERO: False FLAG_LT: 1 FLAG_GT: 0
INPUT_PORT:  []
OUT_PORT:  []
DATA_MEM:  [136, 63]
---------------------------------------
DEBUG    root:machine.py:309 CMP 0
TICK: 6568 PC:   7 ADDR:   0 MEM_OUT: 136 ACC: 1 BUFF: 136 DC: 0 FLAG_ZERO: False FLAG_LT: 1 FLAG_GT: 0
INPUT_PORT:  []
OUT_PORT:  []
DATA_MEM:  [136, 63]
---------------------------------------
DEBUG    root:machine.py:309 JE 14
TICK: 6571 PC:   8 ADDR:   0 MEM_OUT: 136 ACC: 1 BUFF: 136 DC: 0 FLAG_ZERO: False FLAG_LT: 0 FLAG_GT: 1
INPUT_PORT:  []
OUT_PORT:  []
DATA_MEM:  [136, 63]
---------------------------------------
DEBUG    root:machine.py:309 LD 0
TICK: 6574 PC:   9 ADDR:   0 MEM_OUT: 136 ACC: 1 BUFF: 136 DC: 0 FLAG_ZERO: False FLAG_LT: 0 FLAG_GT: 1
INPUT_PORT:  []
OUT_PORT:  []
DATA_MEM:  [136, 63]
---------------------------------------
DEBUG    root:machine.py:309 MOD 5
TICK: 6578 PC:  10 ADDR:   0 MEM_OUT: 136 ACC: 136 BUFF: 136 DC: 0 FLAG_ZERO: False FLAG_LT: 0 FLAG_GT: 1
INPUT_PORT:  []
OUT_PORT:  []
DATA_MEM:  [136, 63]
---------------------------------------
DEBUG    root:machine.py:309 CMP 0
TICK: 6582 PC:  11 ADDR:   0 MEM_OUT: 136 ACC: 1 BUFF: 136 DC: 0 FLAG_ZERO: False FLAG_LT: 0 FLAG_GT: 1
INPUT_PORT:  []
OUT_PORT:  []
DATA_MEM:  [136, 63]
---------------------------------------
DEBUG    root:machine.py:309 JE 18
TICK: 6585 PC:  12 ADDR:   0 MEM_OUT: 136 ACC: 1 BUFF: 136 DC: 0 FLAG_ZERO: False FLAG_LT: 0 FLAG_GT: 1
INPUT_PORT:  []
OUT_PORT:  []
DATA_MEM:  [136, 63]
---------------------------------------
DEBUG    root:machine.py:309 JMP 0
TICK: 6588 PC:  13 ADDR:   0 MEM_OUT: 136 ACC: 1 BUFF: 136 DC: 0 FLAG_ZERO: False FLAG_LT: 0 FLAG_GT: 1
INPUT_PORT:  []
OUT_PORT:  []
DATA_MEM:  [136, 63]
---------------------------------------
DEBUG    root:machine.py:309 LD 0
TICK: 6591 PC:   0 ADDR:   0 MEM_OUT: 136 ACC: 1 BUFF: 136 DC: 0 FLAG_ZERO: False FLAG_LT: 0 FLAG_GT: 1
INPUT_PORT:  []
OUT_PORT:  []
DATA_MEM:  [136, 63]
---------------------------------------
DEBUG    root:machine.py:309 INC 
TICK: 6595 PC:   1 ADDR:   0 MEM_OUT: 136 ACC: 136 BUFF: 136 DC: 0 FLAG_ZERO: False FLAG_LT: 0 FLAG_GT: 1
INPUT_PORT:  []
OUT_PORT:  []
DATA_MEM:  [136, 63]
---------------------------------------
DEBUG    root:machine.py:309 ST 0
TICK: 6598 PC:   2 ADDR:   0 MEM_OUT: 136 ACC: 137 BUFF: 136 DC: 0 FLAG_ZERO: False FLAG_LT: 0 FLAG_GT: 1
INPUT_PORT:  []
OUT_PORT:  []
DATA_MEM:  [136, 63]
---------------------------------------
DEBUG    root:machine.py:309 CMP 1000
TICK: 6602 PC:   3 ADDR:   0 MEM_OUT: 137 ACC: 137 BUFF: 136 DC: 0 FLAG_ZERO: False FLAG_LT: 0 FLAG_GT: 1
INPUT_PORT:  []
OUT_PORT:  []
DATA_MEM:  [137, 63]
---------------------------------------
DEBUG    root:machine.py:309 JGE 22
TICK: 6605 PC:   4 ADDR:   0 MEM_OUT: 137 ACC: 137 BUFF: 136 DC: 0 FLAG_ZERO: False FLAG_LT: 1 FLAG_GT: 0
INPUT_PORT:  []
OUT_PORT:  []
DATA_MEM:  [137, 63]
---------------------------------------
DEBUG    root:machine.py:309 LD 0
TICK: 6608 PC:   5 ADDR:   0 MEM_OUT: 137 ACC: 137 BUFF: 136 DC: 0 FLAG_ZERO: False FLAG_LT: 1 FLAG_GT: 0
INPUT_PORT:  []
OUT_PORT:  []
DATA_MEM:  [137, 63]
---------------------------------------
DEBUG    root:machine.py:309 MOD 3
TICK: 6612 PC:   6 ADDR:   0 MEM_OUT: 137 ACC: 137 BUFF: 136 DC: 0 FLAG_ZERO: False FLAG_LT: 1 FLAG_GT: 0
INPUT_PORT:  []
OUT_PORT:  []
DATA_MEM:  [137, 63]
---------------------------------------
DEBUG    root:machine.py:309 CMP 0
TICK: 6616 PC:   7 ADDR:   0 MEM_OUT: 137 ACC: 2 BUFF: 137 DC: 0 FLAG_ZERO: False FLAG_LT: 1 FLAG_GT: 0
INPUT_PORT:  []
OUT_PORT:  []
DATA_MEM:  [137, 63]
---------------------------------------
DEBUG    root:machine.py:309 JE 14
TICK: 6619 PC:   8 ADDR:   0 MEM_OUT: 137 ACC: 2 BUFF: 137 DC: 0 FLAG_ZERO: False FLAG_LT: 0 FLAG_GT: 1
INPUT_PORT:  []
OUT_PORT:  []
DATA_MEM:  [137, 63]
---------------------------------------
DEBUG    root:machine.py:309 LD 0
TICK: 6622 PC:   9 ADDR:   0 MEM_OUT: 137 ACC: 2 BUFF: 137 DC: 0 FLAG_ZERO: False FLAG_LT: 0 FLAG_GT: 1
INPUT_PORT:  []
OUT_PORT:  []
DATA_MEM:  [137, 63]
---------------------------------------
DEBUG    root:machine.py:309 MOD 5
TICK: 6626 PC:  10 ADDR:   0 MEM_OUT: 137 ACC: 137 BUFF: 137 DC: 0 FLAG_ZERO: False FLAG_LT: 0 FLAG_GT: 1
INPUT_PORT:  []
OUT_PORT:  []
DATA_MEM:  [137, 63]
---------------------------------------
DEBUG    root:machine.py:309 CMP 0
TICK: 6630 PC:  11 ADDR:   0 MEM_OUT: 137 ACC: 2 BUFF: 137 DC: 0 FLAG_ZERO: False FLAG_LT: 0 FLAG_GT: 1
INPUT_PORT:  []
OUT_PORT:  []
DATA_MEM:  [137, 63]
---------------------------------------
DEBUG    root:machine.py:309 JE 18
TICK: 6633 PC:  12 ADDR:   0 MEM_OUT: 137 ACC: 2 BUFF: 137 DC: 0 FLAG_ZERO: False FLAG_LT: 0 FLAG_GT: 1
INPUT_PORT:  []
OUT_PORT:  []
DATA_MEM:  [137, 63]
---------------------------------------
DEBUG    root:machine.py:309 JMP 0
TICK: 6636 PC:  13 ADDR:   0 MEM_OUT: 137 ACC: 2 BUFF: 137 DC: 0 FLAG_ZERO: False FLAG_LT: 0 FLAG_GT: 1
INPUT_PORT:  []
OUT_PORT:  []
DATA_MEM:  [137, 63]
---------------------------------------
DEBUG    root:machine.py:309 LD 0
TICK: 6639 PC:   0 ADDR:   0 MEM_OUT: 137 ACC: 2 BUFF: 137 DC: 0 FLAG_ZERO: False FLAG_LT: 0 FLAG_GT: 1
INPUT_PORT:  []
OUT_PORT:  []
DATA_MEM:  [137, 63]
---------------------------------------
DEBUG    root:machine.py:309 INC 
TICK: 6643 PC:   1 ADDR:   0 MEM_OUT: 137 ACC: 137 BUFF: 137 DC: 0 FLAG_ZERO: False FLAG_LT: 0 FLAG_GT: 1
INPUT_PORT:  []
OUT_PORT:  []
DATA_MEM:  [137, 63]
---------------------------------------
DEBUG    root:machine.py:309 ST 0
TICK: 6646 PC:   2 ADDR:   0 MEM_OUT: 137 ACC: 138 BUFF: 137 DC: 0 FLAG_ZERO: False FLAG_LT: 0 FLAG_GT: 1
INPUT_PORT:  []
OUT_PORT:  []
DATA_MEM:  [137, 63]
---------------------------------------
DEBUG    root:machine.py:309 CMP 1000
TICK: 6650 PC:   3 ADDR:   0 MEM_OUT: 138 ACC: 138 BUFF: 137 DC: 0 FLAG_ZERO: False FLAG_LT: 0 FLAG_GT: 1
INPUT_PORT:  []
OUT_PORT:  []
DATA_MEM:  [138, 63]
---------------------------------------
DEBUG    root:machine.py:309 JGE 22
TICK: 6653 PC:   4 ADDR:   0 MEM_OUT: 138 ACC: 138 BUFF: 137 DC: 0 FLAG_ZERO: False FLAG_LT: 1 FLAG_GT: 0
INPUT_PORT:  []
OUT_PORT:  []
DATA_MEM:  [138, 63]
---------------------------------------
DEBUG    root:machine.py:309 LD 0
TICK: 6656 PC:   5 ADDR:   0 MEM_OUT: 138 ACC: 138 BUFF: 137 DC: 0 FLAG_ZERO: False FLAG_LT: 1 FLAG_GT: 0
INPUT_PORT:  []
OUT_PORT:  []
DATA_MEM:  [138, 63]
---------------------------------------
DEBUG    root:machine.py:309 MOD 3
TICK: 6660 PC:   6 ADDR:   0 MEM_OUT: 138 ACC: 138 BUFF: 137 DC: 0 FLAG_ZERO: False FLAG_LT: 1 FLAG_GT: 0
INPUT_PORT:  []
OUT_PORT:  []
DATA_MEM:  [138, 63]
---------------------------------------
DEBUG    root:machine.py:309 CMP 0
TICK: 6664 PC:   7 ADDR:   0 MEM_OUT: 138 ACC: 0 BUFF: 138 DC: 0 FLAG_ZERO: False FLAG_LT: 1 FLAG_GT: 0
INPUT_PORT:  []
OUT_PORT:  []
DATA_MEM:  [138, 63]
---------------------------------------
DEBUG    root:machine.py:309 JE 14
TICK: 6667 PC:   8 ADDR:   0 MEM_OUT: 138 ACC: 0 BUFF: 138 DC: 0 FLAG_ZERO: True FLAG_LT: 0 FLAG_GT: 0
INPUT_PORT:  []
OUT_PORT:  []
DATA_MEM:  [138, 63]
---------------------------------------
DEBUG    root:machine.py:309 LD 4
TICK: 6670 PC:  14 ADDR:   0 MEM_OUT: 138 ACC: 0 BUFF: 138 DC: 0 FLAG_ZERO: True FLAG_LT: 0 FLAG_GT: 0
INPUT_PORT:  []
OUT_PORT:  []
DATA_MEM:  [138, 63]
---------------------------------------
DEBUG    root:machine.py:309 INC 
TICK: 6674 PC:  15 ADDR:   1 MEM_OUT: 63 ACC: 63 BUFF: 138 DC: 0 FLAG_ZERO: True FLAG_LT: 0 FLAG_GT: 0
INPUT_PORT:  []
OUT_PORT:  []
DATA_MEM:  [138, 63]
---------------------------------------
DEBUG    root:machine.py:309 ST 4
TICK: 6677 PC:  16 ADDR:   1 MEM_OUT: 63 ACC: 64 BUFF: 138 DC: 0 FLAG_ZERO: True FLAG_LT: 0 FLAG_GT: 0
INPUT_PORT:  []
OUT_PORT:  []
DATA_MEM:  [138, 63]
---------------------------------------
DEBUG    root:machine.py:309 JMP 0
TICK: 6681 PC:  17 ADDR:   1 MEM_OUT: 64 ACC: 64 BUFF: 138 DC: 0 FLAG_ZERO: True FLAG_LT: 0 FLAG_GT: 0
INPUT_PORT:  []
OUT_PORT:  []
DATA_MEM:  [138, 64]
---------------------------------------
DEBUG    root:machine.py:309 LD 0
TICK: 6684 PC:   0 ADDR:   1 MEM_OUT: 64 ACC: 64 BUFF: 138 DC: 0 FLAG_ZERO: True FLAG_LT: 0 FLAG_GT: 0
INPUT_PORT:  []
OUT_PORT:  []
DATA_MEM:  [138, 64]
---------------------------------------
DEBUG    root:machine.py:309 INC 
TICK: 6688 PC:   1 ADDR:   0 MEM_OUT: 138 ACC: 138 BUFF: 138 DC: 0 FLAG_ZERO: True FLAG_LT: 0 FLAG_GT: 0
INPUT_PORT:  []
OUT_PORT:  []
DATA_MEM:  [138, 64]
---------------------------------------
DEBUG    root:machine.py:309 ST 0
TICK: 6691 PC:   2 ADDR:   0 MEM_OUT: 138 ACC: 139 BUFF: 138 DC: 0 FLAG_ZERO: True FLAG_LT: 0 FLAG_GT: 0
INPUT_PORT:  []
OUT_PORT:  []
DATA_MEM:  [138, 64]
---------------------------------------
DEBUG    root:machine.py:309 CMP 1000
TICK: 6695 PC:   3 ADDR:   0 MEM_OUT: 139 ACC: 139 BUFF: 138 DC: 0 FLAG_ZERO: True FLAG_LT: 0 FLAG_GT: 0
INPUT_PORT:  []
OUT_PORT:  []
DATA_MEM:  [139, 64]
---------------------------------------
DEBUG    root:machine.py:309 JGE 22
TICK: 6698 PC:   4 ADDR:   0 MEM_OUT: 139 ACC: 139 BUFF: 138 DC: 0 FLAG_ZERO: False FLAG_LT: 1 FLAG_GT: 0
INPUT_PORT:  []
OUT_PORT:  []
DATA_MEM:  [139, 64]
---------------------------------------
DEBUG    root:machine.py:309 LD 0
TICK: 6701 PC:   5 ADDR:   0 MEM_OUT: 139 ACC: 139 BUFF: 138 DC: 0 FLAG_ZERO: False FLAG_LT: 1 FLAG_GT: 0
INPUT_PORT:  []
OUT_PORT:  []
DATA_MEM:  [139, 64]
---------------------------------------
DEBUG    root:machine.py:309 MOD 3
TICK: 6705 PC:   6 ADDR:   0 MEM_OUT: 139 ACC: 139 BUFF: 138 DC: 0 FLAG_ZERO: False FLAG_LT: 1 FLAG_GT: 0
INPUT_PORT:  []
OUT_PORT:  []
DATA_MEM:  [139, 64]
---------------------------------------
DEBUG    root:machine.py:309 CMP 0
TICK: 6709 PC:   7 ADDR:   0 MEM_OUT: 139 ACC: 1 BUFF: 139 DC: 0 FLAG_ZERO: False FLAG_LT: 1 FLAG_GT: 0
INPUT_PORT:  []
OUT_PORT:  []
DATA_MEM:  [139, 64]
---------------------------------------
DEBUG    root:machine.py:309 JE 14
TICK: 6712 PC:   8 ADDR:   0 MEM_OUT: 139 ACC: 1 BUFF: 139 DC: 0 FLAG_ZERO: False FLAG_LT: 0 FLAG_GT: 1
INPUT_PORT:  []
OUT_PORT:  []
DATA_MEM:  [139, 64]
---------------------------------------
DEBUG    root:machine.py:309 LD 0
TICK: 6715 PC:   9 ADDR:   0 MEM_OUT: 139 ACC: 1 BUFF: 139 DC: 0 FLAG_ZERO: False FLAG_LT: 0 FLAG_GT: 1
INPUT_PORT:  []
OUT_PORT:  []
DATA_MEM:  [139, 64]
---------------------------------------
DEBUG    root:machine.py:309 MOD 5
TICK: 6719 PC:  10 ADDR:   0 MEM_OUT: 139 ACC: 139 BUFF: 139 DC: 0 FLAG_ZERO: False FLAG_LT: 0 FLAG_GT: 1
INPUT_PORT:  []
OUT_PORT:  []
DATA_MEM:  [139, 64]
---------------------------------------
DEBUG    root:machine.py:309 CMP 0
TICK: 6723 PC:  11 ADDR:   0 MEM_OUT: 139 ACC: 4 BUFF: 139 DC: 0 FLAG_ZERO: False FLAG_LT: 0 FLAG_GT: 1
INPUT_PORT:  []
OUT_PORT:  []
DATA_MEM:  [139, 64]
---------------------------------------
DEBUG    root:machine.py:309 JE 18
TICK: 6726 PC:  12 ADDR:   0 MEM_OUT: 139 ACC: 4 BUFF: 139 DC: 0 FLAG_ZERO: False FLAG_LT: 0 FLAG_GT: 1
INPUT_PORT:  []
OUT_PORT:  []
DATA_MEM:  [139, 64]
---------------------------------------
DEBUG    root:machine.py:309 JMP 0
TICK: 6729 PC:  13 ADDR:   0 MEM_OUT: 139 ACC: 4 BUFF: 139 DC: 0 FLAG_ZERO: False FLAG_LT: 0 FLAG_GT: 1
INPUT_PORT:  []
OUT_PORT:  []
DATA_MEM:  [139, 64]
---------------------------------------
DEBUG    root:machine.py:309 LD 0
TICK: 6732 PC:   0 ADDR:   0 MEM_OUT: 139 ACC: 4 BUFF: 139 DC: 0 FLAG_ZERO: False FLAG_LT: 0 FLAG_GT: 1
INPUT_PORT:  []
OUT_PORT:  []
DATA_MEM:  [139, 64]
---------------------------------------
DEBUG    root:machine.py:309 INC 
TICK: 6736 PC:   1 ADDR:   0 MEM_OUT: 139 ACC: 139 BUFF: 139 DC: 0 FLAG_ZERO: False FLAG_LT: 0 FLAG_GT: 1
INPUT_PORT:  []
OUT_PORT:  []
DATA_MEM:  [139, 64]
---------------------------------------
DEBUG    root:machine.py:309 ST 0
TICK: 6739 PC:   2 ADDR:   0 MEM_OUT: 139 ACC: 140 BUFF: 139 DC: 0 FLAG_ZERO: False FLAG_LT: 0 FLAG_GT: 1
INPUT_PORT:  []
OUT_PORT:  []
DATA_MEM:  [139, 64]
---------------------------------------
DEBUG    root:machine.py:309 CMP 1000
TICK: 6743 PC:   3 ADDR:   0 MEM_OUT: 140 ACC: 140 BUFF: 139 DC: 0 FLAG_ZERO: False FLAG_LT: 0 FLAG_GT: 1
INPUT_PORT:  []
OUT_PORT:  []
DATA_MEM:  [140, 64]
---------------------------------------
DEBUG    root:machine.py:309 JGE 22
TICK: 6746 PC:   4 ADDR:   0 MEM_OUT: 140 ACC: 140 BUFF: 139 DC: 0 FLAG_ZERO: False FLAG_LT: 1 FLAG_GT: 0
INPUT_PORT:  []
OUT_PORT:  []
DATA_MEM:  [140, 64]
---------------------------------------
DEBUG    root:machine.py:309 LD 0
TICK: 6749 PC:   5 ADDR:   0 MEM_OUT: 140 ACC: 140 BUFF: 139 DC: 0 FLAG_ZERO: False FLAG_LT: 1 FLAG_GT: 0
INPUT_PORT:  []
OUT_PORT:  []
DATA_MEM:  [140, 64]
---------------------------------------
DEBUG    root:machine.py:309 MOD 3
TICK: 6753 PC:   6 ADDR:   0 MEM_OUT: 140 ACC: 140 BUFF: 139 DC: 0 FLAG_ZERO: False FLAG_LT: 1 FLAG_GT: 0
INPUT_PORT:  []
OUT_PORT:  []
DATA_MEM:  [140, 64]
---------------------------------------
DEBUG    root:machine.py:309 CMP 0
TICK: 6757 PC:   7 ADDR:   0 MEM_OUT: 140 ACC: 2 BUFF: 140 DC: 0 FLAG_ZERO: False FLAG_LT: 1 FLAG_GT: 0
INPUT_PORT:  []
OUT_PORT:  []
DATA_MEM:  [140, 64]
---------------------------------------
DEBUG    root:machine.py:309 JE 14
TICK: 6760 PC:   8 ADDR:   0 MEM_OUT: 140 ACC: 2 BUFF: 140 DC: 0 FLAG_ZERO: False FLAG_LT: 0 FLAG_GT: 1
INPUT_PORT:  []
OUT_PORT:  []
DATA_MEM:  [140, 64]
---------------------------------------
DEBUG    root:machine.py:309 LD 0
TICK: 6763 PC:   9 ADDR:   0 MEM_OUT: 140 ACC: 2 BUFF: 140 DC: 0 FLAG_ZERO: False FLAG_LT: 0 FLAG_GT: 1
INPUT_PORT:  []
OUT_PORT:  []
DATA_MEM:  [140, 64]
---------------------------------------
DEBUG    root:machine.py:309 MOD 5
TICK: 6767 PC:  10 ADDR:   0 MEM_OUT: 140 ACC: 140 BUFF: 140 DC: 0 FLAG_ZERO: False FLAG_LT: 0 FLAG_GT: 1
INPUT_PORT:  []
OUT_PORT:  []
DATA_MEM:  [140, 64]
---------------------------------------
DEBUG    root:machine.py:309 CMP 0
TICK: 6771 PC:  11 ADDR:   0 MEM_OUT: 140 ACC: 0 BUFF: 140 DC: 0 FLAG_ZERO: False FLAG_LT: 0 FLAG_GT: 1
INPUT_PORT:  []
OUT_PORT:  []
DATA_MEM:  [140, 64]
---------------------------------------
DEBUG    root:machine.py:309 JE 18
TICK: 6774 PC:  12 ADDR:   0 MEM_OUT: 140 ACC: 0 BUFF: 140 DC: 0 FLAG_ZERO: True FLAG_LT: 0 FLAG_GT: 0
INPUT_PORT:  []
OUT_PORT:  []
DATA_MEM:  [140, 64]
---------------------------------------
DEBUG    root:machine.py:309 LD 4
TICK: 6777 PC:  18 ADDR:   0 MEM_OUT: 140 ACC: 0 BUFF: 140 DC: 0 FLAG_ZERO: True FLAG_LT: 0 FLAG_GT: 0
INPUT_PORT:  []
OUT_PORT:  []
DATA_MEM:  [140, 64]
---------------------------------------
DEBUG    root:machine.py:309 INC 
TICK: 6781 PC:  19 ADDR:   1 MEM_OUT: 64 ACC: 64 BUFF: 140 DC: 0 FLAG_ZERO: True FLAG_LT: 0 FLAG_GT: 0
INPUT_PORT:  []
OUT_PORT:  []
DATA_MEM:  [140, 64]
---------------------------------------
DEBUG    root:machine.py:309 ST 4
TICK: 6784 PC:  20 ADDR:   1 MEM_OUT: 64 ACC: 65 BUFF: 140 DC: 0 FLAG_ZERO: True FLAG_LT: 0 FLAG_GT: 0
INPUT_PORT:  []
OUT_PORT:  []
DATA_MEM:  [140, 64]
---------------------------------------
DEBUG    root:machine.py:309 JMP 0
TICK: 6788 PC:  21 ADDR:   1 MEM_OUT: 65 ACC: 65 BUFF: 140 DC: 0 FLAG_ZERO: True FLAG_LT: 0 FLAG_GT: 0
INPUT_PORT:  []
OUT_PORT:  []
DATA_MEM:  [140, 65]
---------------------------------------
DEBUG    root:machine.py:309 LD 0
TICK: 6791 PC:   0 ADDR:   1 MEM_OUT: 65 ACC: 65 BUFF: 140 DC: 0 FLAG_ZERO: True FLAG_LT: 0 FLAG_GT: 0
INPUT_PORT:  []
OUT_PORT:  []
DATA_MEM:  [140, 65]
---------------------------------------
DEBUG    root:machine.py:309 INC 
TICK: 6795 PC:   1 ADDR:   0 MEM_OUT: 140 ACC: 140 BUFF: 140 DC: 0 FLAG_ZERO: True FLAG_LT: 0 FLAG_GT: 0
INPUT_PORT:  []
OUT_PORT:  []
DATA_MEM:  [140, 65]
---------------------------------------
DEBUG    root:machine.py:309 ST 0
TICK: 6798 PC:   2 ADDR:   0 MEM_OUT: 140 ACC: 141 BUFF: 140 DC: 0 FLAG_ZERO: True FLAG_LT: 0 FLAG_GT: 0
INPUT_PORT:  []
OUT_PORT:  []
DATA_MEM:  [140, 65]
---------------------------------------
DEBUG    root:machine.py:309 CMP 1000
TICK: 6802 PC:   3 ADDR:   0 MEM_OUT: 141 ACC: 141 BUFF: 140 DC: 0 FLAG_ZERO: True FLAG_LT: 0 FLAG_GT: 0
INPUT_PORT:  []
OUT_PORT:  []
DATA_MEM:  [141, 65]
---------------------------------------
DEBUG    root:machine.py:309 JGE 22
TICK: 6805 PC:   4 ADDR:   0 MEM_OUT: 141 ACC: 141 BUFF: 140 DC: 0 FLAG_ZERO: False FLAG_LT: 1 FLAG_GT: 0
INPUT_PORT:  []
OUT_PORT:  []
DATA_MEM:  [141, 65]
---------------------------------------
DEBUG    root:machine.py:309 LD 0
TICK: 6808 PC:   5 ADDR:   0 MEM_OUT: 141 ACC: 141 BUFF: 140 DC: 0 FLAG_ZERO: False FLAG_LT: 1 FLAG_GT: 0
INPUT_PORT:  []
OUT_PORT:  []
DATA_MEM:  [141, 65]
---------------------------------------
DEBUG    root:machine.py:309 MOD 3
TICK: 6812 PC:   6 ADDR:   0 MEM_OUT: 141 ACC: 141 BUFF: 140 DC: 0 FLAG_ZERO: False FLAG_LT: 1 FLAG_GT: 0
INPUT_PORT:  []
OUT_PORT:  []
DATA_MEM:  [141, 65]
---------------------------------------
DEBUG    root:machine.py:309 CMP 0
TICK: 6816 PC:   7 ADDR:   0 MEM_OUT: 141 ACC: 0 BUFF: 141 DC: 0 FLAG_ZERO: False FLAG_LT: 1 FLAG_GT: 0
INPUT_PORT:  []
OUT_PORT:  []
DATA_MEM:  [141, 65]
---------------------------------------
DEBUG    root:machine.py:309 JE 14
TICK: 6819 PC:   8 ADDR:   0 MEM_OUT: 141 ACC: 0 BUFF: 141 DC: 0 FLAG_ZERO: True FLAG_LT: 0 FLAG_GT: 0
INPUT_PORT:  []
OUT_PORT:  []
DATA_MEM:  [141, 65]
---------------------------------------
DEBUG    root:machine.py:309 LD 4
TICK: 6822 PC:  14 ADDR:   0 MEM_OUT: 141 ACC: 0 BUFF: 141 DC: 0 FLAG_ZERO: True FLAG_LT: 0 FLAG_GT: 0
INPUT_PORT:  []
OUT_PORT:  []
DATA_MEM:  [141, 65]
---------------------------------------
DEBUG    root:machine.py:309 INC 
TICK: 6826 PC:  15 ADDR:   1 MEM_OUT: 65 ACC: 65 BUFF: 141 DC: 0 FLAG_ZERO: True FLAG_LT: 0 FLAG_GT: 0
INPUT_PORT:  []
OUT_PORT:  []
DATA_MEM:  [141, 65]
---------------------------------------
DEBUG    root:machine.py:309 ST 4
TICK: 6829 PC:  16 ADDR:   1 MEM_OUT: 65 ACC: 66 BUFF: 141 DC: 0 FLAG_ZERO: True FLAG_LT: 0 FLAG_GT: 0
INPUT_PORT:  []
OUT_PORT:  []
DATA_MEM:  [141, 65]
---------------------------------------
DEBUG    root:machine.py:309 JMP 0
TICK: 6833 PC:  17 ADDR:   1 MEM_OUT: 66 ACC: 66 BUFF: 141 DC: 0 FLAG_ZERO: True FLAG_LT: 0 FLAG_GT: 0
INPUT_PORT:  []
OUT_PORT:  []
DATA_MEM:  [141, 66]
---------------------------------------
DEBUG    root:machine.py:309 LD 0
TICK: 6836 PC:   0 ADDR:   1 MEM_OUT: 66 ACC: 66 BUFF: 141 DC: 0 FLAG_ZERO: True FLAG_LT: 0 FLAG_GT: 0
INPUT_PORT:  []
OUT_PORT:  []
DATA_MEM:  [141, 66]
---------------------------------------
DEBUG    root:machine.py:309 INC 
TICK: 6840 PC:   1 ADDR:   0 MEM_OUT: 141 ACC: 141 BUFF: 141 DC: 0 FLAG_ZERO: True FLAG_LT: 0 FLAG_GT: 0
INPUT_PORT:  []
OUT_PORT:  []
DATA_MEM:  [141, 66]
---------------------------------------
DEBUG    root:machine.py:309 ST 0
TICK: 6843 PC:   2 ADDR:   0 MEM_OUT: 141 ACC: 142 BUFF: 141 DC: 0 FLAG_ZERO: True FLAG_LT: 0 FLAG_GT: 0
INPUT_PORT:  []
OUT_PORT:  []
DATA_MEM:  [141, 66]
---------------------------------------
DEBUG    root:machine.py:309 CMP 1000
TICK: 6847 PC:   3 ADDR:   0 MEM_OUT: 142 ACC: 142 BUFF: 141 DC: 0 FLAG_ZERO: True FLAG_LT: 0 FLAG_GT: 0
INPUT_PORT:  []
OUT_PORT:  []
DATA_MEM:  [142, 66]
---------------------------------------
DEBUG    root:machine.py:309 JGE 22
TICK: 6850 PC:   4 ADDR:   0 MEM_OUT: 142 ACC: 142 BUFF: 141 DC: 0 FLAG_ZERO: False FLAG_LT: 1 FLAG_GT: 0
INPUT_PORT:  []
OUT_PORT:  []
DATA_MEM:  [142, 66]
---------------------------------------
DEBUG    root:machine.py:309 LD 0
TICK: 6853 PC:   5 ADDR:   0 MEM_OUT: 142 ACC: 142 BUFF: 141 DC: 0 FLAG_ZERO: False FLAG_LT: 1 FLAG_GT: 0
INPUT_PORT:  []
OUT_PORT:  []
DATA_MEM:  [142, 66]
---------------------------------------
DEBUG    root:machine.py:309 MOD 3
TICK: 6857 PC:   6 ADDR:   0 MEM_OUT: 142 ACC: 142 BUFF: 141 DC: 0 FLAG_ZERO: False FLAG_LT: 1 FLAG_GT: 0
INPUT_PORT:  []
OUT_PORT:  []
DATA_MEM:  [142, 66]
---------------------------------------
DEBUG    root:machine.py:309 CMP 0
TICK: 6861 PC:   7 ADDR:   0 MEM_OUT: 142 ACC: 1 BUFF: 142 DC: 0 FLAG_ZERO: False FLAG_LT: 1 FLAG_GT: 0
INPUT_PORT:  []
OUT_PORT:  []
DATA_MEM:  [142, 66]
---------------------------------------
DEBUG    root:machine.py:309 JE 14
TICK: 6864 PC:   8 ADDR:   0 MEM_OUT: 142 ACC: 1 BUFF: 142 DC: 0 FLAG_ZERO: False FLAG_LT: 0 FLAG_GT: 1
INPUT_PORT:  []
OUT_PORT:  []
DATA_MEM:  [142, 66]
---------------------------------------
DEBUG    root:machine.py:309 LD 0
TICK: 6867 PC:   9 ADDR:   0 MEM_OUT: 142 ACC: 1 BUFF: 142 DC: 0 FLAG_ZERO: False FLAG_LT: 0 FLAG_GT: 1
INPUT_PORT:  []
OUT_PORT:  []
DATA_MEM:  [142, 66]
---------------------------------------
DEBUG    root:machine.py:309 MOD 5
TICK: 6871 PC:  10 ADDR:   0 MEM_OUT: 142 ACC: 142 BUFF: 142 DC: 0 FLAG_ZERO: False FLAG_LT: 0 FLAG_GT: 1
INPUT_PORT:  []
OUT_PORT:  []
DATA_MEM:  [142, 66]
---------------------------------------
DEBUG    root:machine.py:309 CMP 0
TICK: 6875 PC:  11 ADDR:   0 MEM_OUT: 142 ACC: 2 BUFF: 142 DC: 0 FLAG_ZERO: False FLAG_LT: 0 FLAG_GT: 1
INPUT_PORT:  []
OUT_PORT:  []
DATA_MEM:  [142, 66]
---------------------------------------
DEBUG    root:machine.py:309 JE 18
TICK: 6878 PC:  12 ADDR:   0 MEM_OUT: 142 ACC: 2 BUFF: 142 DC: 0 FLAG_ZERO: False FLAG_LT: 0 FLAG_GT: 1
INPUT_PORT:  []
OUT_PORT:  []
DATA_MEM:  [142, 66]
---------------------------------------
DEBUG    root:machine.py:309 JMP 0
TICK: 6881 PC:  13 ADDR:   0 MEM_OUT: 142 ACC: 2 BUFF: 142 DC: 0 FLAG_ZERO: False FLAG_LT: 0 FLAG_GT: 1
INPUT_PORT:  []
OUT_PORT:  []
DATA_MEM:  [142, 66]
---------------------------------------
DEBUG    root:machine.py:309 LD 0
TICK: 6884 PC:   0 ADDR:   0 MEM_OUT: 142 ACC: 2 BUFF: 142 DC: 0 FLAG_ZERO: False FLAG_LT: 0 FLAG_GT: 1
INPUT_PORT:  []
OUT_PORT:  []
DATA_MEM:  [142, 66]
---------------------------------------
DEBUG    root:machine.py:309 INC 
TICK: 6888 PC:   1 ADDR:   0 MEM_OUT: 142 ACC: 142 BUFF: 142 DC: 0 FLAG_ZERO: False FLAG_LT: 0 FLAG_GT: 1
INPUT_PORT:  []
OUT_PORT:  []
DATA_MEM:  [142, 66]
---------------------------------------
DEBUG    root:machine.py:309 ST 0
TICK: 6891 PC:   2 ADDR:   0 MEM_OUT: 142 ACC: 143 BUFF: 142 DC: 0 FLAG_ZERO: False FLAG_LT: 0 FLAG_GT: 1
INPUT_PORT:  []
OUT_PORT:  []
DATA_MEM:  [142, 66]
---------------------------------------
DEBUG    root:machine.py:309 CMP 1000
TICK: 6895 PC:   3 ADDR:   0 MEM_OUT: 143 ACC: 143 BUFF: 142 DC: 0 FLAG_ZERO: False FLAG_LT: 0 FLAG_GT: 1
INPUT_PORT:  []
OUT_PORT:  []
DATA_MEM:  [143, 66]
---------------------------------------
DEBUG    root:machine.py:309 JGE 22
TICK: 6898 PC:   4 ADDR:   0 MEM_OUT: 143 ACC: 143 BUFF: 142 DC: 0 FLAG_ZERO: False FLAG_LT: 1 FLAG_GT: 0
INPUT_PORT:  []
OUT_PORT:  []
DATA_MEM:  [143, 66]
---------------------------------------
DEBUG    root:machine.py:309 LD 0
TICK: 6901 PC:   5 ADDR:   0 MEM_OUT: 143 ACC: 143 BUFF: 142 DC: 0 FLAG_ZERO: False FLAG_LT: 1 FLAG_GT: 0
INPUT_PORT:  []
OUT_PORT:  []
DATA_MEM:  [143, 66]
---------------------------------------
DEBUG    root:machine.py:309 MOD 3
TICK: 6905 PC:   6 ADDR:   0 MEM_OUT: 143 ACC: 143 BUFF: 142 DC: 0 FLAG_ZERO: False FLAG_LT: 1 FLAG_GT: 0
INPUT_PORT:  []
OUT_PORT:  []
DATA_MEM:  [143, 66]
---------------------------------------
DEBUG    root:machine.py:309 CMP 0
TICK: 6909 PC:   7 ADDR:   0 MEM_OUT: 143 ACC: 2 BUFF: 143 DC: 0 FLAG_ZERO: False FLAG_LT: 1 FLAG_GT: 0
INPUT_PORT:  []
OUT_PORT:  []
DATA_MEM:  [143, 66]
---------------------------------------
DEBUG    root:machine.py:309 JE 14
TICK: 6912 PC:   8 ADDR:   0 MEM_OUT: 143 ACC: 2 BUFF: 143 DC: 0 FLAG_ZERO: False FLAG_LT: 0 FLAG_GT: 1
INPUT_PORT:  []
OUT_PORT:  []
DATA_MEM:  [143, 66]
---------------------------------------
DEBUG    root:machine.py:309 LD 0
TICK: 6915 PC:   9 ADDR:   0 MEM_OUT: 143 ACC: 2 BUFF: 143 DC: 0 FLAG_ZERO: False FLAG_LT: 0 FLAG_GT: 1
INPUT_PORT:  []
OUT_PORT:  []
DATA_MEM:  [143, 66]
---------------------------------------
DEBUG    root:machine.py:309 MOD 5
TICK: 6919 PC:  10 ADDR:   0 MEM_OUT: 143 ACC: 143 BUFF: 143 DC: 0 FLAG_ZERO: False FLAG_LT: 0 FLAG_GT: 1
INPUT_PORT:  []
OUT_PORT:  []
DATA_MEM:  [143, 66]
---------------------------------------
DEBUG    root:machine.py:309 CMP 0
TICK: 6923 PC:  11 ADDR:   0 MEM_OUT: 143 ACC: 3 BUFF: 143 DC: 0 FLAG_ZERO: False FLAG_LT: 0 FLAG_GT: 1
INPUT_PORT:  []
OUT_PORT:  []
DATA_MEM:  [143, 66]
---------------------------------------
DEBUG    root:machine.py:309 JE 18
TICK: 6926 PC:  12 ADDR:   0 MEM_OUT: 143 ACC: 3 BUFF: 143 DC: 0 FLAG_ZERO: False FLAG_LT: 0 FLAG_GT: 1
INPUT_PORT:  []
OUT_PORT:  []
DATA_MEM:  [143, 66]
---------------------------------------
DEBUG    root:machine.py:309 JMP 0
TICK: 6929 PC:  13 ADDR:   0 MEM_OUT: 143 ACC: 3 BUFF: 143 DC: 0 FLAG_ZERO: False FLAG_LT: 0 FLAG_GT: 1
INPUT_PORT:  []
OUT_PORT:  []
DATA_MEM:  [143, 66]
---------------------------------------
DEBUG    root:machine.py:309 LD 0
TICK: 6932 PC:   0 ADDR:   0 MEM_OUT: 143 ACC: 3 BUFF: 143 DC: 0 FLAG_ZERO: False FLAG_LT: 0 FLAG_GT: 1
INPUT_PORT:  []
OUT_PORT:  []
DATA_MEM:  [143, 66]
---------------------------------------
DEBUG    root:machine.py:309 INC 
TICK: 6936 PC:   1 ADDR:   0 MEM_OUT: 143 ACC: 143 BUFF: 143 DC: 0 FLAG_ZERO: False FLAG_LT: 0 FLAG_GT: 1
INPUT_PORT:  []
OUT_PORT:  []
DATA_MEM:  [143, 66]
---------------------------------------
DEBUG    root:machine.py:309 ST 0
TICK: 6939 PC:   2 ADDR:   0 MEM_OUT: 143 ACC: 144 BUFF: 143 DC: 0 FLAG_ZERO: False FLAG_LT: 0 FLAG_GT: 1
INPUT_PORT:  []
OUT_PORT:  []
DATA_MEM:  [143, 66]
---------------------------------------
DEBUG    root:machine.py:309 CMP 1000
TICK: 6943 PC:   3 ADDR:   0 MEM_OUT: 144 ACC: 144 BUFF: 143 DC: 0 FLAG_ZERO: False FLAG_LT: 0 FLAG_GT: 1
INPUT_PORT:  []
OUT_PORT:  []
DATA_MEM:  [144, 66]
---------------------------------------
DEBUG    root:machine.py:309 JGE 22
TICK: 6946 PC:   4 ADDR:   0 MEM_OUT: 144 ACC: 144 BUFF: 143 DC: 0 FLAG_ZERO: False FLAG_LT: 1 FLAG_GT: 0
INPUT_PORT:  []
OUT_PORT:  []
DATA_MEM:  [144, 66]
---------------------------------------
DEBUG    root:machine.py:309 LD 0
TICK: 6949 PC:   5 ADDR:   0 MEM_OUT: 144 ACC: 144 BUFF: 143 DC: 0 FLAG_ZERO: False FLAG_LT: 1 FLAG_GT: 0
INPUT_PORT:  []
OUT_PORT:  []
DATA_MEM:  [144, 66]
---------------------------------------
DEBUG    root:machine.py:309 MOD 3
TICK: 6953 PC:   6 ADDR:   0 MEM_OUT: 144 ACC: 144 BUFF: 143 DC: 0 FLAG_ZERO: False FLAG_LT: 1 FLAG_GT: 0
INPUT_PORT:  []
OUT_PORT:  []
DATA_MEM:  [144, 66]
---------------------------------------
DEBUG    root:machine.py:309 CMP 0
TICK: 6957 PC:   7 ADDR:   0 MEM_OUT: 144 ACC: 0 BUFF: 144 DC: 0 FLAG_ZERO: False FLAG_LT: 1 FLAG_GT: 0
INPUT_PORT:  []
OUT_PORT:  []
DATA_MEM:  [144, 66]
---------------------------------------
DEBUG    root:machine.py:309 JE 14
TICK: 6960 PC:   8 ADDR:   0 MEM_OUT: 144 ACC: 0 BUFF: 144 DC: 0 FLAG_ZERO: True FLAG_LT: 0 FLAG_GT: 0
INPUT_PORT:  []
OUT_PORT:  []
DATA_MEM:  [144, 66]
---------------------------------------
DEBUG    root:machine.py:309 LD 4
TICK: 6963 PC:  14 ADDR:   0 MEM_OUT: 144 ACC: 0 BUFF: 144 DC: 0 FLAG_ZERO: True FLAG_LT: 0 FLAG_GT: 0
INPUT_PORT:  []
OUT_PORT:  []
DATA_MEM:  [144, 66]
---------------------------------------
DEBUG    root:machine.py:309 INC 
TICK: 6967 PC:  15 ADDR:   1 MEM_OUT: 66 ACC: 66 BUFF: 144 DC: 0 FLAG_ZERO: True FLAG_LT: 0 FLAG_GT: 0
INPUT_PORT:  []
OUT_PORT:  []
DATA_MEM:  [144, 66]
---------------------------------------
DEBUG    root:machine.py:309 ST 4
TICK: 6970 PC:  16 ADDR:   1 MEM_OUT: 66 ACC: 67 BUFF: 144 DC: 0 FLAG_ZERO: True FLAG_LT: 0 FLAG_GT: 0
INPUT_PORT:  []
OUT_PORT:  []
DATA_MEM:  [144, 66]
---------------------------------------
DEBUG    root:machine.py:309 JMP 0
TICK: 6974 PC:  17 ADDR:   1 MEM_OUT: 67 ACC: 67 BUFF: 144 DC: 0 FLAG_ZERO: True FLAG_LT: 0 FLAG_GT: 0
INPUT_PORT:  []
OUT_PORT:  []
DATA_MEM:  [144, 67]
---------------------------------------
DEBUG    root:machine.py:309 LD 0
TICK: 6977 PC:   0 ADDR:   1 MEM_OUT: 67 ACC: 67 BUFF: 144 DC: 0 FLAG_ZERO: True FLAG_LT: 0 FLAG_GT: 0
INPUT_PORT:  []
OUT_PORT:  []
DATA_MEM:  [144, 67]
---------------------------------------
DEBUG    root:machine.py:309 INC 
TICK: 6981 PC:   1 ADDR:   0 MEM_OUT: 144 ACC: 144 BUFF: 144 DC: 0 FLAG_ZERO: True FLAG_LT: 0 FLAG_GT: 0
INPUT_PORT:  []
OUT_PORT:  []
DATA_MEM:  [144, 67]
---------------------------------------
DEBUG    root:machine.py:309 ST 0
TICK: 6984 PC:   2 ADDR:   0 MEM_OUT: 144 ACC: 145 BUFF: 144 DC: 0 FLAG_ZERO: True FLAG_LT: 0 FLAG_GT: 0
INPUT_PORT:  []
OUT_PORT:  []
DATA_MEM:  [144, 67]
---------------------------------------
DEBUG    root:machine.py:309 CMP 1000
TICK: 6988 PC:   3 ADDR:   0 MEM_OUT: 145 ACC: 145 BUFF: 144 DC: 0 FLAG_ZERO: True FLAG_LT: 0 FLAG_GT: 0
INPUT_PORT:  []
OUT_PORT:  []
DATA_MEM:  [145, 67]
---------------------------------------
DEBUG    root:machine.py:309 JGE 22
TICK: 6991 PC:   4 ADDR:   0 MEM_OUT: 145 ACC: 145 BUFF: 144 DC: 0 FLAG_ZERO: False FLAG_LT: 1 FLAG_GT: 0
INPUT_PORT:  []
OUT_PORT:  []
DATA_MEM:  [145, 67]
---------------------------------------
DEBUG    root:machine.py:309 LD 0
TICK: 6994 PC:   5 ADDR:   0 MEM_OUT: 145 ACC: 145 BUFF: 144 DC: 0 FLAG_ZERO: False FLAG_LT: 1 FLAG_GT: 0
INPUT_PORT:  []
OUT_PORT:  []
DATA_MEM:  [145, 67]
---------------------------------------
DEBUG    root:machine.py:309 MOD 3
TICK: 6998 PC:   6 ADDR:   0 MEM_OUT: 145 ACC: 145 BUFF: 144 DC: 0 FLAG_ZERO: False FLAG_LT: 1 FLAG_GT: 0
INPUT_PORT:  []
OUT_PORT:  []
DATA_MEM:  [145, 67]
---------------------------------------
DEBUG    root:machine.py:309 CMP 0
TICK: 7002 PC:   7 ADDR:   0 MEM_OUT: 145 ACC: 1 BUFF: 145 DC: 0 FLAG_ZERO: False FLAG_LT: 1 FLAG_GT: 0
INPUT_PORT:  []
OUT_PORT:  []
DATA_MEM:  [145, 67]
---------------------------------------
DEBUG    root:machine.py:309 JE 14
TICK: 7005 PC:   8 ADDR:   0 MEM_OUT: 145 ACC: 1 BUFF: 145 DC: 0 FLAG_ZERO: False FLAG_LT: 0 FLAG_GT: 1
INPUT_PORT:  []
OUT_PORT:  []
DATA_MEM:  [145, 67]
---------------------------------------
DEBUG    root:machine.py:309 LD 0
TICK: 7008 PC:   9 ADDR:   0 MEM_OUT: 145 ACC: 1 BUFF: 145 DC: 0 FLAG_ZERO: False FLAG_LT: 0 FLAG_GT: 1
INPUT_PORT:  []
OUT_PORT:  []
DATA_MEM:  [145, 67]
---------------------------------------
DEBUG    root:machine.py:309 MOD 5
TICK: 7012 PC:  10 ADDR:   0 MEM_OUT: 145 ACC: 145 BUFF: 145 DC: 0 FLAG_ZERO: False FLAG_LT: 0 FLAG_GT: 1
INPUT_PORT:  []
OUT_PORT:  []
DATA_MEM:  [145, 67]
---------------------------------------
DEBUG    root:machine.py:309 CMP 0
TICK: 7016 PC:  11 ADDR:   0 MEM_OUT: 145 ACC: 0 BUFF: 145 DC: 0 FLAG_ZERO: False FLAG_LT: 0 FLAG_GT: 1
INPUT_PORT:  []
OUT_PORT:  []
DATA_MEM:  [145, 67]
---------------------------------------
DEBUG    root:machine.py:309 JE 18
TICK: 7019 PC:  12 ADDR:   0 MEM_OUT: 145 ACC: 0 BUFF: 145 DC: 0 FLAG_ZERO: True FLAG_LT: 0 FLAG_GT: 0
INPUT_PORT:  []
OUT_PORT:  []
DATA_MEM:  [145, 67]
---------------------------------------
DEBUG    root:machine.py:309 LD 4
TICK: 7022 PC:  18 ADDR:   0 MEM_OUT: 145 ACC: 0 BUFF: 145 DC: 0 FLAG_ZERO: True FLAG_LT: 0 FLAG_GT: 0
INPUT_PORT:  []
OUT_PORT:  []
DATA_MEM:  [145, 67]
---------------------------------------
DEBUG    root:machine.py:309 INC 
TICK: 7026 PC:  19 ADDR:   1 MEM_OUT: 67 ACC: 67 BUFF: 145 DC: 0 FLAG_ZERO: True FLAG_LT: 0 FLAG_GT: 0
INPUT_PORT:  []
OUT_PORT:  []
DATA_MEM:  [145, 67]
---------------------------------------
DEBUG    root:machine.py:309 ST 4
TICK: 7029 PC:  20 ADDR:   1 MEM_OUT: 67 ACC: 68 BUFF: 145 DC: 0 FLAG_ZERO: True FLAG_LT: 0 FLAG_GT: 0
INPUT_PORT:  []
OUT_PORT:  []
DATA_MEM:  [145, 67]
---------------------------------------
DEBUG    root:machine.py:309 JMP 0
TICK: 7033 PC:  21 ADDR:   1 MEM_OUT: 68 ACC: 68 BUFF: 145 DC: 0 FLAG_ZERO: True FLAG_LT: 0 FLAG_GT: 0
INPUT_PORT:  []
OUT_PORT:  []
DATA_MEM:  [145, 68]
---------------------------------------
DEBUG    root:machine.py:309 LD 0
TICK: 7036 PC:   0 ADDR:   1 MEM_OUT: 68 ACC: 68 BUFF: 145 DC: 0 FLAG_ZERO: True FLAG_LT: 0 FLAG_GT: 0
INPUT_PORT:  []
OUT_PORT:  []
DATA_MEM:  [145, 68]
---------------------------------------
DEBUG    root:machine.py:309 INC 
TICK: 7040 PC:   1 ADDR:   0 MEM_OUT: 145 ACC: 145 BUFF: 145 DC: 0 FLAG_ZERO: True FLAG_LT: 0 FLAG_GT: 0
INPUT_PORT:  []
OUT_PORT:  []
DATA_MEM:  [145, 68]
---------------------------------------
DEBUG    root:machine.py:309 ST 0
TICK: 7043 PC:   2 ADDR:   0 MEM_OUT: 145 ACC: 146 BUFF: 145 DC: 0 FLAG_ZERO: True FLAG_LT: 0 FLAG_GT: 0
INPUT_PORT:  []
OUT_PORT:  []
DATA_MEM:  [145, 68]
---------------------------------------
DEBUG    root:machine.py:309 CMP 1000
TICK: 7047 PC:   3 ADDR:   0 MEM_OUT: 146 ACC: 146 BUFF: 145 DC: 0 FLAG_ZERO: True FLAG_LT: 0 FLAG_GT: 0
INPUT_PORT:  []
OUT_PORT:  []
DATA_MEM:  [146, 68]
---------------------------------------
DEBUG    root:machine.py:309 JGE 22
TICK: 7050 PC:   4 ADDR:   0 MEM_OUT: 146 ACC: 146 BUFF: 145 DC: 0 FLAG_ZERO: False FLAG_LT: 1 FLAG_GT: 0
INPUT_PORT:  []
OUT_PORT:  []
DATA_MEM:  [146, 68]
---------------------------------------
DEBUG    root:machine.py:309 LD 0
TICK: 7053 PC:   5 ADDR:   0 MEM_OUT: 146 ACC: 146 BUFF: 145 DC: 0 FLAG_ZERO: False FLAG_LT: 1 FLAG_GT: 0
INPUT_PORT:  []
OUT_PORT:  []
DATA_MEM:  [146, 68]
---------------------------------------
DEBUG    root:machine.py:309 MOD 3
TICK: 7057 PC:   6 ADDR:   0 MEM_OUT: 146 ACC: 146 BUFF: 145 DC: 0 FLAG_ZERO: False FLAG_LT: 1 FLAG_GT: 0
INPUT_PORT:  []
OUT_PORT:  []
DATA_MEM:  [146, 68]
---------------------------------------
DEBUG    root:machine.py:309 CMP 0
TICK: 7061 PC:   7 ADDR:   0 MEM_OUT: 146 ACC: 2 BUFF: 146 DC: 0 FLAG_ZERO: False FLAG_LT: 1 FLAG_GT: 0
INPUT_PORT:  []
OUT_PORT:  []
DATA_MEM:  [146, 68]
---------------------------------------
DEBUG    root:machine.py:309 JE 14
TICK: 7064 PC:   8 ADDR:   0 MEM_OUT: 146 ACC: 2 BUFF: 146 DC: 0 FLAG_ZERO: False FLAG_LT: 0 FLAG_GT: 1
INPUT_PORT:  []
OUT_PORT:  []
DATA_MEM:  [146, 68]
---------------------------------------
DEBUG    root:machine.py:309 LD 0
TICK: 7067 PC:   9 ADDR:   0 MEM_OUT: 146 ACC: 2 BUFF: 146 DC: 0 FLAG_ZERO: False FLAG_LT: 0 FLAG_GT: 1
INPUT_PORT:  []
OUT_PORT:  []
DATA_MEM:  [146, 68]
---------------------------------------
DEBUG    root:machine.py:309 MOD 5
TICK: 7071 PC:  10 ADDR:   0 MEM_OUT: 146 ACC: 146 BUFF: 146 DC: 0 FLAG_ZERO: False FLAG_LT: 0 FLAG_GT: 1
INPUT_PORT:  []
OUT_PORT:  []
DATA_MEM:  [146, 68]
---------------------------------------
DEBUG    root:machine.py:309 CMP 0
TICK: 7075 PC:  11 ADDR:   0 MEM_OUT: 146 ACC: 1 BUFF: 146 DC: 0 FLAG_ZERO: False FLAG_LT: 0 FLAG_GT: 1
INPUT_PORT:  []
OUT_PORT:  []
DATA_MEM:  [146, 68]
---------------------------------------
DEBUG    root:machine.py:309 JE 18
TICK: 7078 PC:  12 ADDR:   0 MEM_OUT: 146 ACC: 1 BUFF: 146 DC: 0 FLAG_ZERO: False FLAG_LT: 0 FLAG_GT: 1
INPUT_PORT:  []
OUT_PORT:  []
DATA_MEM:  [146, 68]
---------------------------------------
DEBUG    root:machine.py:309 JMP 0
TICK: 7081 PC:  13 ADDR:   0 MEM_OUT: 146 ACC: 1 BUFF: 146 DC: 0 FLAG_ZERO: False FLAG_LT: 0 FLAG_GT: 1
INPUT_PORT:  []
OUT_PORT:  []
DATA_MEM:  [146, 68]
---------------------------------------
DEBUG    root:machine.py:309 LD 0
TICK: 7084 PC:   0 ADDR:   0 MEM_OUT: 146 ACC: 1 BUFF: 146 DC: 0 FLAG_ZERO: False FLAG_LT: 0 FLAG_GT: 1
INPUT_PORT:  []
OUT_PORT:  []
DATA_MEM:  [146, 68]
---------------------------------------
DEBUG    root:machine.py:309 INC 
TICK: 7088 PC:   1 ADDR:   0 MEM_OUT: 146 ACC: 146 BUFF: 146 DC: 0 FLAG_ZERO: False FLAG_LT: 0 FLAG_GT: 1
INPUT_PORT:  []
OUT_PORT:  []
DATA_MEM:  [146, 68]
---------------------------------------
DEBUG    root:machine.py:309 ST 0
TICK: 7091 PC:   2 ADDR:   0 MEM_OUT: 146 ACC: 147 BUFF: 146 DC: 0 FLAG_ZERO: False FLAG_LT: 0 FLAG_GT: 1
INPUT_PORT:  []
OUT_PORT:  []
DATA_MEM:  [146, 68]
---------------------------------------
DEBUG    root:machine.py:309 CMP 1000
TICK: 7095 PC:   3 ADDR:   0 MEM_OUT: 147 ACC: 147 BUFF: 146 DC: 0 FLAG_ZERO: False FLAG_LT: 0 FLAG_GT: 1
INPUT_PORT:  []
OUT_PORT:  []
DATA_MEM:  [147, 68]
---------------------------------------
DEBUG    root:machine.py:309 JGE 22
TICK: 7098 PC:   4 ADDR:   0 MEM_OUT: 147 ACC: 147 BUFF: 146 DC: 0 FLAG_ZERO: False FLAG_LT: 1 FLAG_GT: 0
INPUT_PORT:  []
OUT_PORT:  []
DATA_MEM:  [147, 68]
---------------------------------------
DEBUG    root:machine.py:309 LD 0
TICK: 7101 PC:   5 ADDR:   0 MEM_OUT: 147 ACC: 147 BUFF: 146 DC: 0 FLAG_ZERO: False FLAG_LT: 1 FLAG_GT: 0
INPUT_PORT:  []
OUT_PORT:  []
DATA_MEM:  [147, 68]
---------------------------------------
DEBUG    root:machine.py:309 MOD 3
TICK: 7105 PC:   6 ADDR:   0 MEM_OUT: 147 ACC: 147 BUFF: 146 DC: 0 FLAG_ZERO: False FLAG_LT: 1 FLAG_GT: 0
INPUT_PORT:  []
OUT_PORT:  []
DATA_MEM:  [147, 68]
---------------------------------------
DEBUG    root:machine.py:309 CMP 0
TICK: 7109 PC:   7 ADDR:   0 MEM_OUT: 147 ACC: 0 BUFF: 147 DC: 0 FLAG_ZERO: False FLAG_LT: 1 FLAG_GT: 0
INPUT_PORT:  []
OUT_PORT:  []
DATA_MEM:  [147, 68]
---------------------------------------
DEBUG    root:machine.py:309 JE 14
TICK: 7112 PC:   8 ADDR:   0 MEM_OUT: 147 ACC: 0 BUFF: 147 DC: 0 FLAG_ZERO: True FLAG_LT: 0 FLAG_GT: 0
INPUT_PORT:  []
OUT_PORT:  []
DATA_MEM:  [147, 68]
---------------------------------------
DEBUG    root:machine.py:309 LD 4
TICK: 7115 PC:  14 ADDR:   0 MEM_OUT: 147 ACC: 0 BUFF: 147 DC: 0 FLAG_ZERO: True FLAG_LT: 0 FLAG_GT: 0
INPUT_PORT:  []
OUT_PORT:  []
DATA_MEM:  [147, 68]
---------------------------------------
DEBUG    root:machine.py:309 INC 
TICK: 7119 PC:  15 ADDR:   1 MEM_OUT: 68 ACC: 68 BUFF: 147 DC: 0 FLAG_ZERO: True FLAG_LT: 0 FLAG_GT: 0
INPUT_PORT:  []
OUT_PORT:  []
DATA_MEM:  [147, 68]
---------------------------------------
DEBUG    root:machine.py:309 ST 4
TICK: 7122 PC:  16 ADDR:   1 MEM_OUT: 68 ACC: 69 BUFF: 147 DC: 0 FLAG_ZERO: True FLAG_LT: 0 FLAG_GT: 0
INPUT_PORT:  []
OUT_PORT:  []
DATA_MEM:  [147, 68]
---------------------------------------
DEBUG    root:machine.py:309 JMP 0
TICK: 7126 PC:  17 ADDR:   1 MEM_OUT: 69 ACC: 69 BUFF: 147 DC: 0 FLAG_ZERO: True FLAG_LT: 0 FLAG_GT: 0
INPUT_PORT:  []
OUT_PORT:  []
DATA_MEM:  [147, 69]
---------------------------------------
DEBUG    root:machine.py:309 LD 0
TICK: 7129 PC:   0 ADDR:   1 MEM_OUT: 69 ACC: 69 BUFF: 147 DC: 0 FLAG_ZERO: True FLAG_LT: 0 FLAG_GT: 0
INPUT_PORT:  []
OUT_PORT:  []
DATA_MEM:  [147, 69]
---------------------------------------
DEBUG    root:machine.py:309 INC 
TICK: 7133 PC:   1 ADDR:   0 MEM_OUT: 147 ACC: 147 BUFF: 147 DC: 0 FLAG_ZERO: True FLAG_LT: 0 FLAG_GT: 0
INPUT_PORT:  []
OUT_PORT:  []
DATA_MEM:  [147, 69]
---------------------------------------
DEBUG    root:machine.py:309 ST 0
TICK: 7136 PC:   2 ADDR:   0 MEM_OUT: 147 ACC: 148 BUFF: 147 DC: 0 FLAG_ZERO: True FLAG_LT: 0 FLAG_GT: 0
INPUT_PORT:  []
OUT_PORT:  []
DATA_MEM:  [147, 69]
---------------------------------------
DEBUG    root:machine.py:309 CMP 1000
TICK: 7140 PC:   3 ADDR:   0 MEM_OUT: 148 ACC: 148 BUFF: 147 DC: 0 FLAG_ZERO: True FLAG_LT: 0 FLAG_GT: 0
INPUT_PORT:  []
OUT_PORT:  []
DATA_MEM:  [148, 69]
---------------------------------------
DEBUG    root:machine.py:309 JGE 22
TICK: 7143 PC:   4 ADDR:   0 MEM_OUT: 148 ACC: 148 BUFF: 147 DC: 0 FLAG_ZERO: False FLAG_LT: 1 FLAG_GT: 0
INPUT_PORT:  []
OUT_PORT:  []
DATA_MEM:  [148, 69]
---------------------------------------
DEBUG    root:machine.py:309 LD 0
TICK: 7146 PC:   5 ADDR:   0 MEM_OUT: 148 ACC: 148 BUFF: 147 DC: 0 FLAG_ZERO: False FLAG_LT: 1 FLAG_GT: 0
INPUT_PORT:  []
OUT_PORT:  []
DATA_MEM:  [148, 69]
---------------------------------------
DEBUG    root:machine.py:309 MOD 3
TICK: 7150 PC:   6 ADDR:   0 MEM_OUT: 148 ACC: 148 BUFF: 147 DC: 0 FLAG_ZERO: False FLAG_LT: 1 FLAG_GT: 0
INPUT_PORT:  []
OUT_PORT:  []
DATA_MEM:  [148, 69]
---------------------------------------
DEBUG    root:machine.py:309 CMP 0
TICK: 7154 PC:   7 ADDR:   0 MEM_OUT: 148 ACC: 1 BUFF: 148 DC: 0 FLAG_ZERO: False FLAG_LT: 1 FLAG_GT: 0
INPUT_PORT:  []
OUT_PORT:  []
DATA_MEM:  [148, 69]
---------------------------------------
DEBUG    root:machine.py:309 JE 14
TICK: 7157 PC:   8 ADDR:   0 MEM_OUT: 148 ACC: 1 BUFF: 148 DC: 0 FLAG_ZERO: False FLAG_LT: 0 FLAG_GT: 1
INPUT_PORT:  []
OUT_PORT:  []
DATA_MEM:  [148, 69]
---------------------------------------
DEBUG    root:machine.py:309 LD 0
TICK: 7160 PC:   9 ADDR:   0 MEM_OUT: 148 ACC: 1 BUFF: 148 DC: 0 FLAG_ZERO: False FLAG_LT: 0 FLAG_GT: 1
INPUT_PORT:  []
OUT_PORT:  []
DATA_MEM:  [148, 69]
---------------------------------------
DEBUG    root:machine.py:309 MOD 5
TICK: 7164 PC:  10 ADDR:   0 MEM_OUT: 148 ACC: 148 BUFF: 148 DC: 0 FLAG_ZERO: False FLAG_LT: 0 FLAG_GT: 1
INPUT_PORT:  []
OUT_PORT:  []
DATA_MEM:  [148, 69]
---------------------------------------
DEBUG    root:machine.py:309 CMP 0
TICK: 7168 PC:  11 ADDR:   0 MEM_OUT: 148 ACC: 3 BUFF: 148 DC: 0 FLAG_ZERO: False FLAG_LT: 0 FLAG_GT: 1
INPUT_PORT:  []
OUT_PORT:  []
DATA_MEM:  [148, 69]
---------------------------------------
DEBUG    root:machine.py:309 JE 18
TICK: 7171 PC:  12 ADDR:   0 MEM_OUT: 148 ACC: 3 BUFF: 148 DC: 0 FLAG_ZERO: False FLAG_LT: 0 FLAG_GT: 1
INPUT_PORT:  []
OUT_PORT:  []
DATA_MEM:  [148, 69]
---------------------------------------
DEBUG    root:machine.py:309 JMP 0
TICK: 7174 PC:  13 ADDR:   0 MEM_OUT: 148 ACC: 3 BUFF: 148 DC: 0 FLAG_ZERO: False FLAG_LT: 0 FLAG_GT: 1
INPUT_PORT:  []
OUT_PORT:  []
DATA_MEM:  [148, 69]
---------------------------------------
DEBUG    root:machine.py:309 LD 0
TICK: 7177 PC:   0 ADDR:   0 MEM_OUT: 148 ACC: 3 BUFF: 148 DC: 0 FLAG_ZERO: False FLAG_LT: 0 FLAG_GT: 1
INPUT_PORT:  []
OUT_PORT:  []
DATA_MEM:  [148, 69]
---------------------------------------
DEBUG    root:machine.py:309 INC 
TICK: 7181 PC:   1 ADDR:   0 MEM_OUT: 148 ACC: 148 BUFF: 148 DC: 0 FLAG_ZERO: False FLAG_LT: 0 FLAG_GT: 1
INPUT_PORT:  []
OUT_PORT:  []
DATA_MEM:  [148, 69]
---------------------------------------
DEBUG    root:machine.py:309 ST 0
TICK: 7184 PC:   2 ADDR:   0 MEM_OUT: 148 ACC: 149 BUFF: 148 DC: 0 FLAG_ZERO: False FLAG_LT: 0 FLAG_GT: 1
INPUT_PORT:  []
OUT_PORT:  []
DATA_MEM:  [148, 69]
---------------------------------------
DEBUG    root:machine.py:309 CMP 1000
TICK: 7188 PC:   3 ADDR:   0 MEM_OUT: 149 ACC: 149 BUFF: 148 DC: 0 FLAG_ZERO: False FLAG_LT: 0 FLAG_GT: 1
INPUT_PORT:  []
OUT_PORT:  []
DATA_MEM:  [149, 69]
---------------------------------------
DEBUG    root:machine.py:309 JGE 22
TICK: 7191 PC:   4 ADDR:   0 MEM_OUT: 149 ACC: 149 BUFF: 148 DC: 0 FLAG_ZERO: False FLAG_LT: 1 FLAG_GT: 0
INPUT_PORT:  []
OUT_PORT:  []
DATA_MEM:  [149, 69]
---------------------------------------
DEBUG    root:machine.py:309 LD 0
TICK: 7194 PC:   5 ADDR:   0 MEM_OUT: 149 ACC: 149 BUFF: 148 DC: 0 FLAG_ZERO: False FLAG_LT: 1 FLAG_GT: 0
INPUT_PORT:  []
OUT_PORT:  []
DATA_MEM:  [149, 69]
---------------------------------------
DEBUG    root:machine.py:309 MOD 3
TICK: 7198 PC:   6 ADDR:   0 MEM_OUT: 149 ACC: 149 BUFF: 148 DC: 0 FLAG_ZERO: False FLAG_LT: 1 FLAG_GT: 0
INPUT_PORT:  []
OUT_PORT:  []
DATA_MEM:  [149, 69]
---------------------------------------
DEBUG    root:machine.py:309 CMP 0
TICK: 7202 PC:   7 ADDR:   0 MEM_OUT: 149 ACC: 2 BUFF: 149 DC: 0 FLAG_ZERO: False FLAG_LT: 1 FLAG_GT: 0
INPUT_PORT:  []
OUT_PORT:  []
DATA_MEM:  [149, 69]
---------------------------------------
DEBUG    root:machine.py:309 JE 14
TICK: 7205 PC:   8 ADDR:   0 MEM_OUT: 149 ACC: 2 BUFF: 149 DC: 0 FLAG_ZERO: False FLAG_LT: 0 FLAG_GT: 1
INPUT_PORT:  []
OUT_PORT:  []
DATA_MEM:  [149, 69]
---------------------------------------
DEBUG    root:machine.py:309 LD 0
TICK: 7208 PC:   9 ADDR:   0 MEM_OUT: 149 ACC: 2 BUFF: 149 DC: 0 FLAG_ZERO: False FLAG_LT: 0 FLAG_GT: 1
INPUT_PORT:  []
OUT_PORT:  []
DATA_MEM:  [149, 69]
---------------------------------------
DEBUG    root:machine.py:309 MOD 5
TICK: 7212 PC:  10 ADDR:   0 MEM_OUT: 149 ACC: 149 BUFF: 149 DC: 0 FLAG_ZERO: False FLAG_LT: 0 FLAG_GT: 1
INPUT_PORT:  []
OUT_PORT:  []
DATA_MEM:  [149, 69]
---------------------------------------
DEBUG    root:machine.py:309 CMP 0
TICK: 7216 PC:  11 ADDR:   0 MEM_OUT: 149 ACC: 4 BUFF: 149 DC: 0 FLAG_ZERO: False FLAG_LT: 0 FLAG_GT: 1
INPUT_PORT:  []
OUT_PORT:  []
DATA_MEM:  [149, 69]
---------------------------------------
DEBUG    root:machine.py:309 JE 18
TICK: 7219 PC:  12 ADDR:   0 MEM_OUT: 149 ACC: 4 BUFF: 149 DC: 0 FLAG_ZERO: False FLAG_LT: 0 FLAG_GT: 1
INPUT_PORT:  []
OUT_PORT:  []
DATA_MEM:  [149, 69]
---------------------------------------
DEBUG    root:machine.py:309 JMP 0
TICK: 7222 PC:  13 ADDR:   0 MEM_OUT: 149 ACC: 4 BUFF: 149 DC: 0 FLAG_ZERO: False FLAG_LT: 0 FLAG_GT: 1
INPUT_PORT:  []
OUT_PORT:  []
DATA_MEM:  [149, 69]
---------------------------------------
DEBUG    root:machine.py:309 LD 0
TICK: 7225 PC:   0 ADDR:   0 MEM_OUT: 149 ACC: 4 BUFF: 149 DC: 0 FLAG_ZERO: False FLAG_LT: 0 FLAG_GT: 1
INPUT_PORT:  []
OUT_PORT:  []
DATA_MEM:  [149, 69]
---------------------------------------
DEBUG    root:machine.py:309 INC 
TICK: 7229 PC:   1 ADDR:   0 MEM_OUT: 149 ACC: 149 BUFF: 149 DC: 0 FLAG_ZERO: False FLAG_LT: 0 FLAG_GT: 1
INPUT_PORT:  []
OUT_PORT:  []
DATA_MEM:  [149, 69]
---------------------------------------
DEBUG    root:machine.py:309 ST 0
TICK: 7232 PC:   2 ADDR:   0 MEM_OUT: 149 ACC: 150 BUFF: 149 DC: 0 FLAG_ZERO: False FLAG_LT: 0 FLAG_GT: 1
INPUT_PORT:  []
OUT_PORT:  []
DATA_MEM:  [149, 69]
---------------------------------------
DEBUG    root:machine.py:309 CMP 1000
TICK: 7236 PC:   3 ADDR:   0 MEM_OUT: 150 ACC: 150 BUFF: 149 DC: 0 FLAG_ZERO: False FLAG_LT: 0 FLAG_GT: 1
INPUT_PORT:  []
OUT_PORT:  []
DATA_MEM:  [150, 69]
---------------------------------------
DEBUG    root:machine.py:309 JGE 22
TICK: 7239 PC:   4 ADDR:   0 MEM_OUT: 150 ACC: 150 BUFF: 149 DC: 0 FLAG_ZERO: False FLAG_LT: 1 FLAG_GT: 0
INPUT_PORT:  []
OUT_PORT:  []
DATA_MEM:  [150, 69]
---------------------------------------
DEBUG    root:machine.py:309 LD 0
TICK: 7242 PC:   5 ADDR:   0 MEM_OUT: 150 ACC: 150 BUFF: 149 DC: 0 FLAG_ZERO: False FLAG_LT: 1 FLAG_GT: 0
INPUT_PORT:  []
OUT_PORT:  []
DATA_MEM:  [150, 69]
---------------------------------------
DEBUG    root:machine.py:309 MOD 3
TICK: 7246 PC:   6 ADDR:   0 MEM_OUT: 150 ACC: 150 BUFF: 149 DC: 0 FLAG_ZERO: False FLAG_LT: 1 FLAG_GT: 0
INPUT_PORT:  []
OUT_PORT:  []
DATA_MEM:  [150, 69]
---------------------------------------
DEBUG    root:machine.py:309 CMP 0
TICK: 7250 PC:   7 ADDR:   0 MEM_OUT: 150 ACC: 0 BUFF: 150 DC: 0 FLAG_ZERO: False FLAG_LT: 1 FLAG_GT: 0
INPUT_PORT:  []
OUT_PORT:  []
DATA_MEM:  [150, 69]
---------------------------------------
DEBUG    root:machine.py:309 JE 14
TICK: 7253 PC:   8 ADDR:   0 MEM_OUT: 150 ACC: 0 BUFF: 150 DC: 0 FLAG_ZERO: True FLAG_LT: 0 FLAG_GT: 0
INPUT_PORT:  []
OUT_PORT:  []
DATA_MEM:  [150, 69]
---------------------------------------
DEBUG    root:machine.py:309 LD 4
TICK: 7256 PC:  14 ADDR:   0 MEM_OUT: 150 ACC: 0 BUFF: 150 DC: 0 FLAG_ZERO: True FLAG_LT: 0 FLAG_GT: 0
INPUT_PORT:  []
OUT_PORT:  []
DATA_MEM:  [150, 69]
---------------------------------------
DEBUG    root:machine.py:309 INC 
TICK: 7260 PC:  15 ADDR:   1 MEM_OUT: 69 ACC: 69 BUFF: 150 DC: 0 FLAG_ZERO: True FLAG_LT: 0 FLAG_GT: 0
INPUT_PORT:  []
OUT_PORT:  []
DATA_MEM:  [150, 69]
---------------------------------------
DEBUG    root:machine.py:309 ST 4
TICK: 7263 PC:  16 ADDR:   1 MEM_OUT: 69 ACC: 70 BUFF: 150 DC: 0 FLAG_ZERO: True FLAG_LT: 0 FLAG_GT: 0
INPUT_PORT:  []
OUT_PORT:  []
DATA_MEM:  [150, 69]
---------------------------------------
DEBUG    root:machine.py:309 JMP 0
TICK: 7267 PC:  17 ADDR:   1 MEM_OUT: 70 ACC: 70 BUFF: 150 DC: 0 FLAG_ZERO: True FLAG_LT: 0 FLAG_GT: 0
INPUT_PORT:  []
OUT_PORT:  []
DATA_MEM:  [150, 70]
---------------------------------------
DEBUG    root:machine.py:309 LD 0
TICK: 7270 PC:   0 ADDR:   1 MEM_OUT: 70 ACC: 70 BUFF: 150 DC: 0 FLAG_ZERO: True FLAG_LT: 0 FLAG_GT: 0
INPUT_PORT:  []
OUT_PORT:  []
DATA_MEM:  [150, 70]
---------------------------------------
DEBUG    root:machine.py:309 INC 
TICK: 7274 PC:   1 ADDR:   0 MEM_OUT: 150 ACC: 150 BUFF: 150 DC: 0 FLAG_ZERO: True FLAG_LT: 0 FLAG_GT: 0
INPUT_PORT:  []
OUT_PORT:  []
DATA_MEM:  [150, 70]
---------------------------------------
DEBUG    root:machine.py:309 ST 0
TICK: 7277 PC:   2 ADDR:   0 MEM_OUT: 150 ACC: 151 BUFF: 150 DC: 0 FLAG_ZERO: True FLAG_LT: 0 FLAG_GT: 0
INPUT_PORT:  []
OUT_PORT:  []
DATA_MEM:  [150, 70]
---------------------------------------
DEBUG    root:machine.py:309 CMP 1000
TICK: 7281 PC:   3 ADDR:   0 MEM_OUT: 151 ACC: 151 BUFF: 150 DC: 0 FLAG_ZERO: True FLAG_LT: 0 FLAG_GT: 0
INPUT_PORT:  []
OUT_PORT:  []
DATA_MEM:  [151, 70]
---------------------------------------
DEBUG    root:machine.py:309 JGE 22
TICK: 7284 PC:   4 ADDR:   0 MEM_OUT: 151 ACC: 151 BUFF: 150 DC: 0 FLAG_ZERO: False FLAG_LT: 1 FLAG_GT: 0
INPUT_PORT:  []
OUT_PORT:  []
DATA_MEM:  [151, 70]
---------------------------------------
DEBUG    root:machine.py:309 LD 0
TICK: 7287 PC:   5 ADDR:   0 MEM_OUT: 151 ACC: 151 BUFF: 150 DC: 0 FLAG_ZERO: False FLAG_LT: 1 FLAG_GT: 0
INPUT_PORT:  []
OUT_PORT:  []
DATA_MEM:  [151, 70]
---------------------------------------
DEBUG    root:machine.py:309 MOD 3
TICK: 7291 PC:   6 ADDR:   0 MEM_OUT: 151 ACC: 151 BUFF: 150 DC: 0 FLAG_ZERO: False FLAG_LT: 1 FLAG_GT: 0
INPUT_PORT:  []
OUT_PORT:  []
DATA_MEM:  [151, 70]
---------------------------------------
DEBUG    root:machine.py:309 CMP 0
TICK: 7295 PC:   7 ADDR:   0 MEM_OUT: 151 ACC: 1 BUFF: 151 DC: 0 FLAG_ZERO: False FLAG_LT: 1 FLAG_GT: 0
INPUT_PORT:  []
OUT_PORT:  []
DATA_MEM:  [151, 70]
---------------------------------------
DEBUG    root:machine.py:309 JE 14
TICK: 7298 PC:   8 ADDR:   0 MEM_OUT: 151 ACC: 1 BUFF: 151 DC: 0 FLAG_ZERO: False FLAG_LT: 0 FLAG_GT: 1
INPUT_PORT:  []
OUT_PORT:  []
DATA_MEM:  [151, 70]
---------------------------------------
DEBUG    root:machine.py:309 LD 0
TICK: 7301 PC:   9 ADDR:   0 MEM_OUT: 151 ACC: 1 BUFF: 151 DC: 0 FLAG_ZERO: False FLAG_LT: 0 FLAG_GT: 1
INPUT_PORT:  []
OUT_PORT:  []
DATA_MEM:  [151, 70]
---------------------------------------
DEBUG    root:machine.py:309 MOD 5
TICK: 7305 PC:  10 ADDR:   0 MEM_OUT: 151 ACC: 151 BUFF: 151 DC: 0 FLAG_ZERO: False FLAG_LT: 0 FLAG_GT: 1
INPUT_PORT:  []
OUT_PORT:  []
DATA_MEM:  [151, 70]
---------------------------------------
DEBUG    root:machine.py:309 CMP 0
TICK: 7309 PC:  11 ADDR:   0 MEM_OUT: 151 ACC: 1 BUFF: 151 DC: 0 FLAG_ZERO: False FLAG_LT: 0 FLAG_GT: 1
INPUT_PORT:  []
OUT_PORT:  []
DATA_MEM:  [151, 70]
---------------------------------------
DEBUG    root:machine.py:309 JE 18
TICK: 7312 PC:  12 ADDR:   0 MEM_OUT: 151 ACC: 1 BUFF: 151 DC: 0 FLAG_ZERO: False FLAG_LT: 0 FLAG_GT: 1
INPUT_PORT:  []
OUT_PORT:  []
DATA_MEM:  [151, 70]
---------------------------------------
DEBUG    root:machine.py:309 JMP 0
TICK: 7315 PC:  13 ADDR:   0 MEM_OUT: 151 ACC: 1 BUFF: 151 DC: 0 FLAG_ZERO: False FLAG_LT: 0 FLAG_GT: 1
INPUT_PORT:  []
OUT_PORT:  []
DATA_MEM:  [151, 70]
---------------------------------------
DEBUG    root:machine.py:309 LD 0
TICK: 7318 PC:   0 ADDR:   0 MEM_OUT: 151 ACC: 1 BUFF: 151 DC: 0 FLAG_ZERO: False FLAG_LT: 0 FLAG_GT: 1
INPUT_PORT:  []
OUT_PORT:  []
DATA_MEM:  [151, 70]
---------------------------------------
DEBUG    root:machine.py:309 INC 
TICK: 7322 PC:   1 ADDR:   0 MEM_OUT: 151 ACC: 151 BUFF: 151 DC: 0 FLAG_ZERO: False FLAG_LT: 0 FLAG_GT: 1
INPUT_PORT:  []
OUT_PORT:  []
DATA_MEM:  [151, 70]
---------------------------------------
DEBUG    root:machine.py:309 ST 0
TICK: 7325 PC:   2 ADDR:   0 MEM_OUT: 151 ACC: 152 BUFF: 151 DC: 0 FLAG_ZERO: False FLAG_LT: 0 FLAG_GT: 1
INPUT_PORT:  []
OUT_PORT:  []
DATA_MEM:  [151, 70]
---------------------------------------
DEBUG    root:machine.py:309 CMP 1000
TICK: 7329 PC:   3 ADDR:   0 MEM_OUT: 152 ACC: 152 BUFF: 151 DC: 0 FLAG_ZERO: False FLAG_LT: 0 FLAG_GT: 1
INPUT_PORT:  []
OUT_PORT:  []
DATA_MEM:  [152, 70]
---------------------------------------
DEBUG    root:machine.py:309 JGE 22
TICK: 7332 PC:   4 ADDR:   0 MEM_OUT: 152 ACC: 152 BUFF: 151 DC: 0 FLAG_ZERO: False FLAG_LT: 1 FLAG_GT: 0
INPUT_PORT:  []
OUT_PORT:  []
DATA_MEM:  [152, 70]
---------------------------------------
DEBUG    root:machine.py:309 LD 0
TICK: 7335 PC:   5 ADDR:   0 MEM_OUT: 152 ACC: 152 BUFF: 151 DC: 0 FLAG_ZERO: False FLAG_LT: 1 FLAG_GT: 0
INPUT_PORT:  []
OUT_PORT:  []
DATA_MEM:  [152, 70]
---------------------------------------
DEBUG    root:machine.py:309 MOD 3
TICK: 7339 PC:   6 ADDR:   0 MEM_OUT: 152 ACC: 152 BUFF: 151 DC: 0 FLAG_ZERO: False FLAG_LT: 1 FLAG_GT: 0
INPUT_PORT:  []
OUT_PORT:  []
DATA_MEM:  [152, 70]
---------------------------------------
DEBUG    root:machine.py:309 CMP 0
TICK: 7343 PC:   7 ADDR:   0 MEM_OUT: 152 ACC: 2 BUFF: 152 DC: 0 FLAG_ZERO: False FLAG_LT: 1 FLAG_GT: 0
INPUT_PORT:  []
OUT_PORT:  []
DATA_MEM:  [152, 70]
---------------------------------------
DEBUG    root:machine.py:309 JE 14
TICK: 7346 PC:   8 ADDR:   0 MEM_OUT: 152 ACC: 2 BUFF: 152 DC: 0 FLAG_ZERO: False FLAG_LT: 0 FLAG_GT: 1
INPUT_PORT:  []
OUT_PORT:  []
DATA_MEM:  [152, 70]
---------------------------------------
DEBUG    root:machine.py:309 LD 0
TICK: 7349 PC:   9 ADDR:   0 MEM_OUT: 152 ACC: 2 BUFF: 152 DC: 0 FLAG_ZERO: False FLAG_LT: 0 FLAG_GT: 1
INPUT_PORT:  []
OUT_PORT:  []
DATA_MEM:  [152, 70]
---------------------------------------
DEBUG    root:machine.py:309 MOD 5
TICK: 7353 PC:  10 ADDR:   0 MEM_OUT: 152 ACC: 152 BUFF: 152 DC: 0 FLAG_ZERO: False FLAG_LT: 0 FLAG_GT: 1
INPUT_PORT:  []
OUT_PORT:  []
DATA_MEM:  [152, 70]
---------------------------------------
DEBUG    root:machine.py:309 CMP 0
TICK: 7357 PC:  11 ADDR:   0 MEM_OUT: 152 ACC: 2 BUFF: 152 DC: 0 FLAG_ZERO: False FLAG_LT: 0 FLAG_GT: 1
INPUT_PORT:  []
OUT_PORT:  []
DATA_MEM:  [152, 70]
---------------------------------------
DEBUG    root:machine.py:309 JE 18
TICK: 7360 PC:  12 ADDR:   0 MEM_OUT: 152 ACC: 2 BUFF: 152 DC: 0 FLAG_ZERO: False FLAG_LT: 0 FLAG_GT: 1
INPUT_PORT:  []
OUT_PORT:  []
DATA_MEM:  [152, 70]
---------------------------------------
DEBUG    root:machine.py:309 JMP 0
TICK: 7363 PC:  13 ADDR:   0 MEM_OUT: 152 ACC: 2 BUFF: 152 DC: 0 FLAG_ZERO: False FLAG_LT: 0 FLAG_GT: 1
INPUT_PORT:  []
OUT_PORT:  []
DATA_MEM:  [152, 70]
---------------------------------------
DEBUG    root:machine.py:309 LD 0
TICK: 7366 PC:   0 ADDR:   0 MEM_OUT: 152 ACC: 2 BUFF: 152 DC: 0 FLAG_ZERO: False FLAG_LT: 0 FLAG_GT: 1
INPUT_PORT:  []
OUT_PORT:  []
DATA_MEM:  [152, 70]
---------------------------------------
DEBUG    root:machine.py:309 INC 
TICK: 7370 PC:   1 ADDR:   0 MEM_OUT: 152 ACC: 152 BUFF: 152 DC: 0 FLAG_ZERO: False FLAG_LT: 0 FLAG_GT: 1
INPUT_PORT:  []
OUT_PORT:  []
DATA_MEM:  [152, 70]
---------------------------------------
DEBUG    root:machine.py:309 ST 0
TICK: 7373 PC:   2 ADDR:   0 MEM_OUT: 152 ACC: 153 BUFF: 152 DC: 0 FLAG_ZERO: False FLAG_LT: 0 FLAG_GT: 1
INPUT_PORT:  []
OUT_PORT:  []
DATA_MEM:  [152, 70]
---------------------------------------
DEBUG    root:machine.py:309 CMP 1000
TICK: 7377 PC:   3 ADDR:   0 MEM_OUT: 153 ACC: 153 BUFF: 152 DC: 0 FLAG_ZERO: False FLAG_LT: 0 FLAG_GT: 1
INPUT_PORT:  []
OUT_PORT:  []
DATA_MEM:  [153, 70]
---------------------------------------
DEBUG    root:machine.py:309 JGE 22
TICK: 7380 PC:   4 ADDR:   0 MEM_OUT: 153 ACC: 153 BUFF: 152 DC: 0 FLAG_ZERO: False FLAG_LT: 1 FLAG_GT: 0
INPUT_PORT:  []
OUT_PORT:  []
DATA_MEM:  [153, 70]
---------------------------------------
DEBUG    root:machine.py:309 LD 0
TICK: 7383 PC:   5 ADDR:   0 MEM_OUT: 153 ACC: 153 BUFF: 152 DC: 0 FLAG_ZERO: False FLAG_LT: 1 FLAG_GT: 0
INPUT_PORT:  []
OUT_PORT:  []
DATA_MEM:  [153, 70]
---------------------------------------
DEBUG    root:machine.py:309 MOD 3
TICK: 7387 PC:   6 ADDR:   0 MEM_OUT: 153 ACC: 153 BUFF: 152 DC: 0 FLAG_ZERO: False FLAG_LT: 1 FLAG_GT: 0
INPUT_PORT:  []
OUT_PORT:  []
DATA_MEM:  [153, 70]
---------------------------------------
DEBUG    root:machine.py:309 CMP 0
TICK: 7391 PC:   7 ADDR:   0 MEM_OUT: 153 ACC: 0 BUFF: 153 DC: 0 FLAG_ZERO: False FLAG_LT: 1 FLAG_GT: 0
INPUT_PORT:  []
OUT_PORT:  []
DATA_MEM:  [153, 70]
---------------------------------------
DEBUG    root:machine.py:309 JE 14
TICK: 7394 PC:   8 ADDR:   0 MEM_OUT: 153 ACC: 0 BUFF: 153 DC: 0 FLAG_ZERO: True FLAG_LT: 0 FLAG_GT: 0
INPUT_PORT:  []
OUT_PORT:  []
DATA_MEM:  [153, 70]
---------------------------------------
DEBUG    root:machine.py:309 LD 4
TICK: 7397 PC:  14 ADDR:   0 MEM_OUT: 153 ACC: 0 BUFF: 153 DC: 0 FLAG_ZERO: True FLAG_LT: 0 FLAG_GT: 0
INPUT_PORT:  []
OUT_PORT:  []
DATA_MEM:  [153, 70]
---------------------------------------
DEBUG    root:machine.py:309 INC 
TICK: 7401 PC:  15 ADDR:   1 MEM_OUT: 70 ACC: 70 BUFF: 153 DC: 0 FLAG_ZERO: True FLAG_LT: 0 FLAG_GT: 0
INPUT_PORT:  []
OUT_PORT:  []
DATA_MEM:  [153, 70]
---------------------------------------
DEBUG    root:machine.py:309 ST 4
TICK: 7404 PC:  16 ADDR:   1 MEM_OUT: 70 ACC: 71 BUFF: 153 DC: 0 FLAG_ZERO: True FLAG_LT: 0 FLAG_GT: 0
INPUT_PORT:  []
OUT_PORT:  []
DATA_MEM:  [153, 70]
---------------------------------------
DEBUG    root:machine.py:309 JMP 0
TICK: 7408 PC:  17 ADDR:   1 MEM_OUT: 71 ACC: 71 BUFF: 153 DC: 0 FLAG_ZERO: True FLAG_LT: 0 FLAG_GT: 0
INPUT_PORT:  []
OUT_PORT:  []
DATA_MEM:  [153, 71]
---------------------------------------
DEBUG    root:machine.py:309 LD 0
TICK: 7411 PC:   0 ADDR:   1 MEM_OUT: 71 ACC: 71 BUFF: 153 DC: 0 FLAG_ZERO: True FLAG_LT: 0 FLAG_GT: 0
INPUT_PORT:  []
OUT_PORT:  []
DATA_MEM:  [153, 71]
---------------------------------------
DEBUG    root:machine.py:309 INC 
TICK: 7415 PC:   1 ADDR:   0 MEM_OUT: 153 ACC: 153 BUFF: 153 DC: 0 FLAG_ZERO: True FLAG_LT: 0 FLAG_GT: 0
INPUT_PORT:  []
OUT_PORT:  []
DATA_MEM:  [153, 71]
---------------------------------------
DEBUG    root:machine.py:309 ST 0
TICK: 7418 PC:   2 ADDR:   0 MEM_OUT: 153 ACC: 154 BUFF: 153 DC: 0 FLAG_ZERO: True FLAG_LT: 0 FLAG_GT: 0
INPUT_PORT:  []
OUT_PORT:  []
DATA_MEM:  [153, 71]
---------------------------------------
DEBUG    root:machine.py:309 CMP 1000
TICK: 7422 PC:   3 ADDR:   0 MEM_OUT: 154 ACC: 154 BUFF: 153 DC: 0 FLAG_ZERO: True FLAG_LT: 0 FLAG_GT: 0
INPUT_PORT:  []
OUT_PORT:  []
DATA_MEM:  [154, 71]
---------------------------------------
DEBUG    root:machine.py:309 JGE 22
TICK: 7425 PC:   4 ADDR:   0 MEM_OUT: 154 ACC: 154 BUFF: 153 DC: 0 FLAG_ZERO: False FLAG_LT: 1 FLAG_GT: 0
INPUT_PORT:  []
OUT_PORT:  []
DATA_MEM:  [154, 71]
---------------------------------------
DEBUG    root:machine.py:309 LD 0
TICK: 7428 PC:   5 ADDR:   0 MEM_OUT: 154 ACC: 154 BUFF: 153 DC: 0 FLAG_ZERO: False FLAG_LT: 1 FLAG_GT: 0
INPUT_PORT:  []
OUT_PORT:  []
DATA_MEM:  [154, 71]
---------------------------------------
DEBUG    root:machine.py:309 MOD 3
TICK: 7432 PC:   6 ADDR:   0 MEM_OUT: 154 ACC: 154 BUFF: 153 DC: 0 FLAG_ZERO: False FLAG_LT: 1 FLAG_GT: 0
INPUT_PORT:  []
OUT_PORT:  []
DATA_MEM:  [154, 71]
---------------------------------------
DEBUG    root:machine.py:309 CMP 0
TICK: 7436 PC:   7 ADDR:   0 MEM_OUT: 154 ACC: 1 BUFF: 154 DC: 0 FLAG_ZERO: False FLAG_LT: 1 FLAG_GT: 0
INPUT_PORT:  []
OUT_PORT:  []
DATA_MEM:  [154, 71]
---------------------------------------
DEBUG    root:machine.py:309 JE 14
TICK: 7439 PC:   8 ADDR:   0 MEM_OUT: 154 ACC: 1 BUFF: 154 DC: 0 FLAG_ZERO: False FLAG_LT: 0 FLAG_GT: 1
INPUT_PORT:  []
OUT_PORT:  []
DATA_MEM:  [154, 71]
---------------------------------------
DEBUG    root:machine.py:309 LD 0
TICK: 7442 PC:   9 ADDR:   0 MEM_OUT: 154 ACC: 1 BUFF: 154 DC: 0 FLAG_ZERO: False FLAG_LT: 0 FLAG_GT: 1
INPUT_PORT:  []
OUT_PORT:  []
DATA_MEM:  [154, 71]
---------------------------------------
DEBUG    root:machine.py:309 MOD 5
TICK: 7446 PC:  10 ADDR:   0 MEM_OUT: 154 ACC: 154 BUFF: 154 DC: 0 FLAG_ZERO: False FLAG_LT: 0 FLAG_GT: 1
INPUT_PORT:  []
OUT_PORT:  []
DATA_MEM:  [154, 71]
---------------------------------------
DEBUG    root:machine.py:309 CMP 0
TICK: 7450 PC:  11 ADDR:   0 MEM_OUT: 154 ACC: 4 BUFF: 154 DC: 0 FLAG_ZERO: False FLAG_LT: 0 FLAG_GT: 1
INPUT_PORT:  []
OUT_PORT:  []
DATA_MEM:  [154, 71]
---------------------------------------
DEBUG    root:machine.py:309 JE 18
TICK: 7453 PC:  12 ADDR:   0 MEM_OUT: 154 ACC: 4 BUFF: 154 DC: 0 FLAG_ZERO: False FLAG_LT: 0 FLAG_GT: 1
INPUT_PORT:  []
OUT_PORT:  []
DATA_MEM:  [154, 71]
---------------------------------------
DEBUG    root:machine.py:309 JMP 0
TICK: 7456 PC:  13 ADDR:   0 MEM_OUT: 154 ACC: 4 BUFF: 154 DC: 0 FLAG_ZERO: False FLAG_LT: 0 FLAG_GT: 1
INPUT_PORT:  []
OUT_PORT:  []
DATA_MEM:  [154, 71]
---------------------------------------
DEBUG    root:machine.py:309 LD 0
TICK: 7459 PC:   0 ADDR:   0 MEM_OUT: 154 ACC: 4 BUFF: 154 DC: 0 FLAG_ZERO: False FLAG_LT: 0 FLAG_GT: 1
INPUT_PORT:  []
OUT_PORT:  []
DATA_MEM:  [154, 71]
---------------------------------------
DEBUG    root:machine.py:309 INC 
TICK: 7463 PC:   1 ADDR:   0 MEM_OUT: 154 ACC: 154 BUFF: 154 DC: 0 FLAG_ZERO: False FLAG_LT: 0 FLAG_GT: 1
INPUT_PORT:  []
OUT_PORT:  []
DATA_MEM:  [154, 71]
---------------------------------------
DEBUG    root:machine.py:309 ST 0
TICK: 7466 PC:   2 ADDR:   0 MEM_OUT: 154 ACC: 155 BUFF: 154 DC: 0 FLAG_ZERO: False FLAG_LT: 0 FLAG_GT: 1
INPUT_PORT:  []
OUT_PORT:  []
DATA_MEM:  [154, 71]
---------------------------------------
DEBUG    root:machine.py:309 CMP 1000
TICK: 7470 PC:   3 ADDR:   0 MEM_OUT: 155 ACC: 155 BUFF: 154 DC: 0 FLAG_ZERO: False FLAG_LT: 0 FLAG_GT: 1
INPUT_PORT:  []
OUT_PORT:  []
DATA_MEM:  [155, 71]
---------------------------------------
DEBUG    root:machine.py:309 JGE 22
TICK: 7473 PC:   4 ADDR:   0 MEM_OUT: 155 ACC: 155 BUFF: 154 DC: 0 FLAG_ZERO: False FLAG_LT: 1 FLAG_GT: 0
INPUT_PORT:  []
OUT_PORT:  []
DATA_MEM:  [155, 71]
---------------------------------------
DEBUG    root:machine.py:309 LD 0
TICK: 7476 PC:   5 ADDR:   0 MEM_OUT: 155 ACC: 155 BUFF: 154 DC: 0 FLAG_ZERO: False FLAG_LT: 1 FLAG_GT: 0
INPUT_PORT:  []
OUT_PORT:  []
DATA_MEM:  [155, 71]
---------------------------------------
DEBUG    root:machine.py:309 MOD 3
TICK: 7480 PC:   6 ADDR:   0 MEM_OUT: 155 ACC: 155 BUFF: 154 DC: 0 FLAG_ZERO: False FLAG_LT: 1 FLAG_GT: 0
INPUT_PORT:  []
OUT_PORT:  []
DATA_MEM:  [155, 71]
---------------------------------------
DEBUG    root:machine.py:309 CMP 0
TICK: 7484 PC:   7 ADDR:   0 MEM_OUT: 155 ACC: 2 BUFF: 155 DC: 0 FLAG_ZERO: False FLAG_LT: 1 FLAG_GT: 0
INPUT_PORT:  []
OUT_PORT:  []
DATA_MEM:  [155, 71]
---------------------------------------
DEBUG    root:machine.py:309 JE 14
TICK: 7487 PC:   8 ADDR:   0 MEM_OUT: 155 ACC: 2 BUFF: 155 DC: 0 FLAG_ZERO: False FLAG_LT: 0 FLAG_GT: 1
INPUT_PORT:  []
OUT_PORT:  []
DATA_MEM:  [155, 71]
---------------------------------------
DEBUG    root:machine.py:309 LD 0
TICK: 7490 PC:   9 ADDR:   0 MEM_OUT: 155 ACC: 2 BUFF: 155 DC: 0 FLAG_ZERO: False FLAG_LT: 0 FLAG_GT: 1
INPUT_PORT:  []
OUT_PORT:  []
DATA_MEM:  [155, 71]
---------------------------------------
DEBUG    root:machine.py:309 MOD 5
TICK: 7494 PC:  10 ADDR:   0 MEM_OUT: 155 ACC: 155 BUFF: 155 DC: 0 FLAG_ZERO: False FLAG_LT: 0 FLAG_GT: 1
INPUT_PORT:  []
OUT_PORT:  []
DATA_MEM:  [155, 71]
---------------------------------------
DEBUG    root:machine.py:309 CMP 0
TICK: 7498 PC:  11 ADDR:   0 MEM_OUT: 155 ACC: 0 BUFF: 155 DC: 0 FLAG_ZERO: False FLAG_LT: 0 FLAG_GT: 1
INPUT_PORT:  []
OUT_PORT:  []
DATA_MEM:  [155, 71]
---------------------------------------
DEBUG    root:machine.py:309 JE 18
TICK: 7501 PC:  12 ADDR:   0 MEM_OUT: 155 ACC: 0 BUFF: 155 DC: 0 FLAG_ZERO: True FLAG_LT: 0 FLAG_GT: 0
INPUT_PORT:  []
OUT_PORT:  []
DATA_MEM:  [155, 71]
---------------------------------------
DEBUG    root:machine.py:309 LD 4
TICK: 7504 PC:  18 ADDR:   0 MEM_OUT: 155 ACC: 0 BUFF: 155 DC: 0 FLAG_ZERO: True FLAG_LT: 0 FLAG_GT: 0
INPUT_PORT:  []
OUT_PORT:  []
DATA_MEM:  [155, 71]
---------------------------------------
DEBUG    root:machine.py:309 INC 
TICK: 7508 PC:  19 ADDR:   1 MEM_OUT: 71 ACC: 71 BUFF: 155 DC: 0 FLAG_ZERO: True FLAG_LT: 0 FLAG_GT: 0
INPUT_PORT:  []
OUT_PORT:  []
DATA_MEM:  [155, 71]
---------------------------------------
DEBUG    root:machine.py:309 ST 4
TICK: 7511 PC:  20 ADDR:   1 MEM_OUT: 71 ACC: 72 BUFF: 155 DC: 0 FLAG_ZERO: True FLAG_LT: 0 FLAG_GT: 0
INPUT_PORT:  []
OUT_PORT:  []
DATA_MEM:  [155, 71]
---------------------------------------
DEBUG    root:machine.py:309 JMP 0
TICK: 7515 PC:  21 ADDR:   1 MEM_OUT: 72 ACC: 72 BUFF: 155 DC: 0 FLAG_ZERO: True FLAG_LT: 0 FLAG_GT: 0
INPUT_PORT:  []
OUT_PORT:  []
DATA_MEM:  [155, 72]
---------------------------------------
DEBUG    root:machine.py:309 LD 0
TICK: 7518 PC:   0 ADDR:   1 MEM_OUT: 72 ACC: 72 BUFF: 155 DC: 0 FLAG_ZERO: True FLAG_LT: 0 FLAG_GT: 0
INPUT_PORT:  []
OUT_PORT:  []
DATA_MEM:  [155, 72]
---------------------------------------
DEBUG    root:machine.py:309 INC 
TICK: 7522 PC:   1 ADDR:   0 MEM_OUT: 155 ACC: 155 BUFF: 155 DC: 0 FLAG_ZERO: True FLAG_LT: 0 FLAG_GT: 0
INPUT_PORT:  []
OUT_PORT:  []
DATA_MEM:  [155, 72]
---------------------------------------
DEBUG    root:machine.py:309 ST 0
TICK: 7525 PC:   2 ADDR:   0 MEM_OUT: 155 ACC: 156 BUFF: 155 DC: 0 FLAG_ZERO: True FLAG_LT: 0 FLAG_GT: 0
INPUT_PORT:  []
OUT_PORT:  []
DATA_MEM:  [155, 72]
---------------------------------------
DEBUG    root:machine.py:309 CMP 1000
TICK: 7529 PC:   3 ADDR:   0 MEM_OUT: 156 ACC: 156 BUFF: 155 DC: 0 FLAG_ZERO: True FLAG_LT: 0 FLAG_GT: 0
INPUT_PORT:  []
OUT_PORT:  []
DATA_MEM:  [156, 72]
---------------------------------------
DEBUG    root:machine.py:309 JGE 22
TICK: 7532 PC:   4 ADDR:   0 MEM_OUT: 156 ACC: 156 BUFF: 155 DC: 0 FLAG_ZERO: False FLAG_LT: 1 FLAG_GT: 0
INPUT_PORT:  []
OUT_PORT:  []
DATA_MEM:  [156, 72]
---------------------------------------
DEBUG    root:machine.py:309 LD 0
TICK: 7535 PC:   5 ADDR:   0 MEM_OUT: 156 ACC: 156 BUFF: 155 DC: 0 FLAG_ZERO: False FLAG_LT: 1 FLAG_GT: 0
INPUT_PORT:  []
OUT_PORT:  []
DATA_MEM:  [156, 72]
---------------------------------------
DEBUG    root:machine.py:309 MOD 3
TICK: 7539 PC:   6 ADDR:   0 MEM_OUT: 156 ACC: 156 BUFF: 155 DC: 0 FLAG_ZERO: False FLAG_LT: 1 FLAG_GT: 0
INPUT_PORT:  []
OUT_PORT:  []
DATA_MEM:  [156, 72]
---------------------------------------
DEBUG    root:machine.py:309 CMP 0
TICK: 7543 PC:   7 ADDR:   0 MEM_OUT: 156 ACC: 0 BUFF: 156 DC: 0 FLAG_ZERO: False FLAG_LT: 1 FLAG_GT: 0
INPUT_PORT:  []
OUT_PORT:  []
DATA_MEM:  [156, 72]
---------------------------------------
DEBUG    root:machine.py:309 JE 14
TICK: 7546 PC:   8 ADDR:   0 MEM_OUT: 156 ACC: 0 BUFF: 156 DC: 0 FLAG_ZERO: True FLAG_LT: 0 FLAG_GT: 0
INPUT_PORT:  []
OUT_PORT:  []
DATA_MEM:  [156, 72]
---------------------------------------
DEBUG    root:machine.py:309 LD 4
TICK: 7549 PC:  14 ADDR:   0 MEM_OUT: 156 ACC: 0 BUFF: 156 DC: 0 FLAG_ZERO: True FLAG_LT: 0 FLAG_GT: 0
INPUT_PORT:  []
OUT_PORT:  []
DATA_MEM:  [156, 72]
---------------------------------------
DEBUG    root:machine.py:309 INC 
TICK: 7553 PC:  15 ADDR:   1 MEM_OUT: 72 ACC: 72 BUFF: 156 DC: 0 FLAG_ZERO: True FLAG_LT: 0 FLAG_GT: 0
INPUT_PORT:  []
OUT_PORT:  []
DATA_MEM:  [156, 72]
---------------------------------------
DEBUG    root:machine.py:309 ST 4
TICK: 7556 PC:  16 ADDR:   1 MEM_OUT: 72 ACC: 73 BUFF: 156 DC: 0 FLAG_ZERO: True FLAG_LT: 0 FLAG_GT: 0
INPUT_PORT:  []
OUT_PORT:  []
DATA_MEM:  [156, 72]
---------------------------------------
DEBUG    root:machine.py:309 JMP 0
TICK: 7560 PC:  17 ADDR:   1 MEM_OUT: 73 ACC: 73 BUFF: 156 DC: 0 FLAG_ZERO: True FLAG_LT: 0 FLAG_GT: 0
INPUT_PORT:  []
OUT_PORT:  []
DATA_MEM:  [156, 73]
---------------------------------------
DEBUG    root:machine.py:309 LD 0
TICK: 7563 PC:   0 ADDR:   1 MEM_OUT: 73 ACC: 73 BUFF: 156 DC: 0 FLAG_ZERO: True FLAG_LT: 0 FLAG_GT: 0
INPUT_PORT:  []
OUT_PORT:  []
DATA_MEM:  [156, 73]
---------------------------------------
DEBUG    root:machine.py:309 INC 
TICK: 7567 PC:   1 ADDR:   0 MEM_OUT: 156 ACC: 156 BUFF: 156 DC: 0 FLAG_ZERO: True FLAG_LT: 0 FLAG_GT: 0
INPUT_PORT:  []
OUT_PORT:  []
DATA_MEM:  [156, 73]
---------------------------------------
DEBUG    root:machine.py:309 ST 0
TICK: 7570 PC:   2 ADDR:   0 MEM_OUT: 156 ACC: 157 BUFF: 156 DC: 0 FLAG_ZERO: True FLAG_LT: 0 FLAG_GT: 0
INPUT_PORT:  []
OUT_PORT:  []
DATA_MEM:  [156, 73]
---------------------------------------
DEBUG    root:machine.py:309 CMP 1000
TICK: 7574 PC:   3 ADDR:   0 MEM_OUT: 157 ACC: 157 BUFF: 156 DC: 0 FLAG_ZERO: True FLAG_LT: 0 FLAG_GT: 0
INPUT_PORT:  []
OUT_PORT:  []
DATA_MEM:  [157, 73]
---------------------------------------
DEBUG    root:machine.py:309 JGE 22
TICK: 7577 PC:   4 ADDR:   0 MEM_OUT: 157 ACC: 157 BUFF: 156 DC: 0 FLAG_ZERO: False FLAG_LT: 1 FLAG_GT: 0
INPUT_PORT:  []
OUT_PORT:  []
DATA_MEM:  [157, 73]
---------------------------------------
DEBUG    root:machine.py:309 LD 0
TICK: 7580 PC:   5 ADDR:   0 MEM_OUT: 157 ACC: 157 BUFF: 156 DC: 0 FLAG_ZERO: False FLAG_LT: 1 FLAG_GT: 0
INPUT_PORT:  []
OUT_PORT:  []
DATA_MEM:  [157, 73]
---------------------------------------
DEBUG    root:machine.py:309 MOD 3
TICK: 7584 PC:   6 ADDR:   0 MEM_OUT: 157 ACC: 157 BUFF: 156 DC: 0 FLAG_ZERO: False FLAG_LT: 1 FLAG_GT: 0
INPUT_PORT:  []
OUT_PORT:  []
DATA_MEM:  [157, 73]
---------------------------------------
DEBUG    root:machine.py:309 CMP 0
TICK: 7588 PC:   7 ADDR:   0 MEM_OUT: 157 ACC: 1 BUFF: 157 DC: 0 FLAG_ZERO: False FLAG_LT: 1 FLAG_GT: 0
INPUT_PORT:  []
OUT_PORT:  []
DATA_MEM:  [157, 73]
---------------------------------------
DEBUG    root:machine.py:309 JE 14
TICK: 7591 PC:   8 ADDR:   0 MEM_OUT: 157 ACC: 1 BUFF: 157 DC: 0 FLAG_ZERO: False FLAG_LT: 0 FLAG_GT: 1
INPUT_PORT:  []
OUT_PORT:  []
DATA_MEM:  [157, 73]
---------------------------------------
DEBUG    root:machine.py:309 LD 0
TICK: 7594 PC:   9 ADDR:   0 MEM_OUT: 157 ACC: 1 BUFF: 157 DC: 0 FLAG_ZERO: False FLAG_LT: 0 FLAG_GT: 1
INPUT_PORT:  []
OUT_PORT:  []
DATA_MEM:  [157, 73]
---------------------------------------
DEBUG    root:machine.py:309 MOD 5
TICK: 7598 PC:  10 ADDR:   0 MEM_OUT: 157 ACC: 157 BUFF: 157 DC: 0 FLAG_ZERO: False FLAG_LT: 0 FLAG_GT: 1
INPUT_PORT:  []
OUT_PORT:  []
DATA_MEM:  [157, 73]
---------------------------------------
DEBUG    root:machine.py:309 CMP 0
TICK: 7602 PC:  11 ADDR:   0 MEM_OUT: 157 ACC: 2 BUFF: 157 DC: 0 FLAG_ZERO: False FLAG_LT: 0 FLAG_GT: 1
INPUT_PORT:  []
OUT_PORT:  []
DATA_MEM:  [157, 73]
---------------------------------------
DEBUG    root:machine.py:309 JE 18
TICK: 7605 PC:  12 ADDR:   0 MEM_OUT: 157 ACC: 2 BUFF: 157 DC: 0 FLAG_ZERO: False FLAG_LT: 0 FLAG_GT: 1
INPUT_PORT:  []
OUT_PORT:  []
DATA_MEM:  [157, 73]
---------------------------------------
DEBUG    root:machine.py:309 JMP 0
TICK: 7608 PC:  13 ADDR:   0 MEM_OUT: 157 ACC: 2 BUFF: 157 DC: 0 FLAG_ZERO: False FLAG_LT: 0 FLAG_GT: 1
INPUT_PORT:  []
OUT_PORT:  []
DATA_MEM:  [157, 73]
---------------------------------------
DEBUG    root:machine.py:309 LD 0
TICK: 7611 PC:   0 ADDR:   0 MEM_OUT: 157 ACC: 2 BUFF: 157 DC: 0 FLAG_ZERO: False FLAG_LT: 0 FLAG_GT: 1
INPUT_PORT:  []
OUT_PORT:  []
DATA_MEM:  [157, 73]
---------------------------------------
DEBUG    root:machine.py:309 INC 
TICK: 7615 PC:   1 ADDR:   0 MEM_OUT: 157 ACC: 157 BUFF: 157 DC: 0 FLAG_ZERO: False FLAG_LT: 0 FLAG_GT: 1
INPUT_PORT:  []
OUT_PORT:  []
DATA_MEM:  [157, 73]
---------------------------------------
DEBUG    root:machine.py:309 ST 0
TICK: 7618 PC:   2 ADDR:   0 MEM_OUT: 157 ACC: 158 BUFF: 157 DC: 0 FLAG_ZERO: False FLAG_LT: 0 FLAG_GT: 1
INPUT_PORT:  []
OUT_PORT:  []
DATA_MEM:  [157, 73]
---------------------------------------
DEBUG    root:machine.py:309 CMP 1000
TICK: 7622 PC:   3 ADDR:   0 MEM_OUT: 158 ACC: 158 BUFF: 157 DC: 0 FLAG_ZERO: False FLAG_LT: 0 FLAG_GT: 1
INPUT_PORT:  []
OUT_PORT:  []
DATA_MEM:  [158, 73]
---------------------------------------
DEBUG    root:machine.py:309 JGE 22
TICK: 7625 PC:   4 ADDR:   0 MEM_OUT: 158 ACC: 158 BUFF: 157 DC: 0 FLAG_ZERO: False FLAG_LT: 1 FLAG_GT: 0
INPUT_PORT:  []
OUT_PORT:  []
DATA_MEM:  [158, 73]
---------------------------------------
DEBUG    root:machine.py:309 LD 0
TICK: 7628 PC:   5 ADDR:   0 MEM_OUT: 158 ACC: 158 BUFF: 157 DC: 0 FLAG_ZERO: False FLAG_LT: 1 FLAG_GT: 0
INPUT_PORT:  []
OUT_PORT:  []
DATA_MEM:  [158, 73]
---------------------------------------
DEBUG    root:machine.py:309 MOD 3
TICK: 7632 PC:   6 ADDR:   0 MEM_OUT: 158 ACC: 158 BUFF: 157 DC: 0 FLAG_ZERO: False FLAG_LT: 1 FLAG_GT: 0
INPUT_PORT:  []
OUT_PORT:  []
DATA_MEM:  [158, 73]
---------------------------------------
DEBUG    root:machine.py:309 CMP 0
TICK: 7636 PC:   7 ADDR:   0 MEM_OUT: 158 ACC: 2 BUFF: 158 DC: 0 FLAG_ZERO: False FLAG_LT: 1 FLAG_GT: 0
INPUT_PORT:  []
OUT_PORT:  []
DATA_MEM:  [158, 73]
---------------------------------------
DEBUG    root:machine.py:309 JE 14
TICK: 7639 PC:   8 ADDR:   0 MEM_OUT: 158 ACC: 2 BUFF: 158 DC: 0 FLAG_ZERO: False FLAG_LT: 0 FLAG_GT: 1
INPUT_PORT:  []
OUT_PORT:  []
DATA_MEM:  [158, 73]
---------------------------------------
DEBUG    root:machine.py:309 LD 0
TICK: 7642 PC:   9 ADDR:   0 MEM_OUT: 158 ACC: 2 BUFF: 158 DC: 0 FLAG_ZERO: False FLAG_LT: 0 FLAG_GT: 1
INPUT_PORT:  []
OUT_PORT:  []
DATA_MEM:  [158, 73]
---------------------------------------
DEBUG    root:machine.py:309 MOD 5
TICK: 7646 PC:  10 ADDR:   0 MEM_OUT: 158 ACC: 158 BUFF: 158 DC: 0 FLAG_ZERO: False FLAG_LT: 0 FLAG_GT: 1
INPUT_PORT:  []
OUT_PORT:  []
DATA_MEM:  [158, 73]
---------------------------------------
DEBUG    root:machine.py:309 CMP 0
TICK: 7650 PC:  11 ADDR:   0 MEM_OUT: 158 ACC: 3 BUFF: 158 DC: 0 FLAG_ZERO: False FLAG_LT: 0 FLAG_GT: 1
INPUT_PORT:  []
OUT_PORT:  []
DATA_MEM:  [158, 73]
---------------------------------------
DEBUG    root:machine.py:309 JE 18
TICK: 7653 PC:  12 ADDR:   0 MEM_OUT: 158 ACC: 3 BUFF: 158 DC: 0 FLAG_ZERO: False FLAG_LT: 0 FLAG_GT: 1
INPUT_PORT:  []
OUT_PORT:  []
DATA_MEM:  [158, 73]
---------------------------------------
DEBUG    root:machine.py:309 JMP 0
TICK: 7656 PC:  13 ADDR:   0 MEM_OUT: 158 ACC: 3 BUFF: 158 DC: 0 FLAG_ZERO: False FLAG_LT: 0 FLAG_GT: 1
INPUT_PORT:  []
OUT_PORT:  []
DATA_MEM:  [158, 73]
---------------------------------------
DEBUG    root:machine.py:309 LD 0
TICK: 7659 PC:   0 ADDR:   0 MEM_OUT: 158 ACC: 3 BUFF: 158 DC: 0 FLAG_ZERO: False FLAG_LT: 0 FLAG_GT: 1
INPUT_PORT:  []
OUT_PORT:  []
DATA_MEM:  [158, 73]
---------------------------------------
DEBUG    root:machine.py:309 INC 
TICK: 7663 PC:   1 ADDR:   0 MEM_OUT: 158 ACC: 158 BUFF: 158 DC: 0 FLAG_ZERO: False FLAG_LT: 0 FLAG_GT: 1
INPUT_PORT:  []
OUT_PORT:  []
DATA_MEM:  [158, 73]
---------------------------------------
DEBUG    root:machine.py:309 ST 0
TICK: 7666 PC:   2 ADDR:   0 MEM_OUT: 158 ACC: 159 BUFF: 158 DC: 0 FLAG_ZERO: False FLAG_LT: 0 FLAG_GT: 1
INPUT_PORT:  []
OUT_PORT:  []
DATA_MEM:  [158, 73]
---------------------------------------
DEBUG    root:machine.py:309 CMP 1000
TICK: 7670 PC:   3 ADDR:   0 MEM_OUT: 159 ACC: 159 BUFF: 158 DC: 0 FLAG_ZERO: False FLAG_LT: 0 FLAG_GT: 1
INPUT_PORT:  []
OUT_PORT:  []
DATA_MEM:  [159, 73]
---------------------------------------
DEBUG    root:machine.py:309 JGE 22
TICK: 7673 PC:   4 ADDR:   0 MEM_OUT: 159 ACC: 159 BUFF: 158 DC: 0 FLAG_ZERO: False FLAG_LT: 1 FLAG_GT: 0
INPUT_PORT:  []
OUT_PORT:  []
DATA_MEM:  [159, 73]
---------------------------------------
DEBUG    root:machine.py:309 LD 0
TICK: 7676 PC:   5 ADDR:   0 MEM_OUT: 159 ACC: 159 BUFF: 158 DC: 0 FLAG_ZERO: False FLAG_LT: 1 FLAG_GT: 0
INPUT_PORT:  []
OUT_PORT:  []
DATA_MEM:  [159, 73]
---------------------------------------
DEBUG    root:machine.py:309 MOD 3
TICK: 7680 PC:   6 ADDR:   0 MEM_OUT: 159 ACC: 159 BUFF: 158 DC: 0 FLAG_ZERO: False FLAG_LT: 1 FLAG_GT: 0
INPUT_PORT:  []
OUT_PORT:  []
DATA_MEM:  [159, 73]
---------------------------------------
DEBUG    root:machine.py:309 CMP 0
TICK: 7684 PC:   7 ADDR:   0 MEM_OUT: 159 ACC: 0 BUFF: 159 DC: 0 FLAG_ZERO: False FLAG_LT: 1 FLAG_GT: 0
INPUT_PORT:  []
OUT_PORT:  []
DATA_MEM:  [159, 73]
---------------------------------------
DEBUG    root:machine.py:309 JE 14
TICK: 7687 PC:   8 ADDR:   0 MEM_OUT: 159 ACC: 0 BUFF: 159 DC: 0 FLAG_ZERO: True FLAG_LT: 0 FLAG_GT: 0
INPUT_PORT:  []
OUT_PORT:  []
DATA_MEM:  [159, 73]
---------------------------------------
DEBUG    root:machine.py:309 LD 4
TICK: 7690 PC:  14 ADDR:   0 MEM_OUT: 159 ACC: 0 BUFF: 159 DC: 0 FLAG_ZERO: True FLAG_LT: 0 FLAG_GT: 0
INPUT_PORT:  []
OUT_PORT:  []
DATA_MEM:  [159, 73]
---------------------------------------
DEBUG    root:machine.py:309 INC 
TICK: 7694 PC:  15 ADDR:   1 MEM_OUT: 73 ACC: 73 BUFF: 159 DC: 0 FLAG_ZERO: True FLAG_LT: 0 FLAG_GT: 0
INPUT_PORT:  []
OUT_PORT:  []
DATA_MEM:  [159, 73]
---------------------------------------
DEBUG    root:machine.py:309 ST 4
TICK: 7697 PC:  16 ADDR:   1 MEM_OUT: 73 ACC: 74 BUFF: 159 DC: 0 FLAG_ZERO: True FLAG_LT: 0 FLAG_GT: 0
INPUT_PORT:  []
OUT_PORT:  []
DATA_MEM:  [159, 73]
---------------------------------------
DEBUG    root:machine.py:309 JMP 0
TICK: 7701 PC:  17 ADDR:   1 MEM_OUT: 74 ACC: 74 BUFF: 159 DC: 0 FLAG_ZERO: True FLAG_LT: 0 FLAG_GT: 0
INPUT_PORT:  []
OUT_PORT:  []
DATA_MEM:  [159, 74]
---------------------------------------
DEBUG    root:machine.py:309 LD 0
TICK: 7704 PC:   0 ADDR:   1 MEM_OUT: 74 ACC: 74 BUFF: 159 DC: 0 FLAG_ZERO: True FLAG_LT: 0 FLAG_GT: 0
INPUT_PORT:  []
OUT_PORT:  []
DATA_MEM:  [159, 74]
---------------------------------------
DEBUG    root:machine.py:309 INC 
TICK: 7708 PC:   1 ADDR:   0 MEM_OUT: 159 ACC: 159 BUFF: 159 DC: 0 FLAG_ZERO: True FLAG_LT: 0 FLAG_GT: 0
INPUT_PORT:  []
OUT_PORT:  []
DATA_MEM:  [159, 74]
---------------------------------------
DEBUG    root:machine.py:309 ST 0
TICK: 7711 PC:   2 ADDR:   0 MEM_OUT: 159 ACC: 160 BUFF: 159 DC: 0 FLAG_ZERO: True FLAG_LT: 0 FLAG_GT: 0
INPUT_PORT:  []
OUT_PORT:  []
DATA_MEM:  [159, 74]
---------------------------------------
DEBUG    root:machine.py:309 CMP 1000
TICK: 7715 PC:   3 ADDR:   0 MEM_OUT: 160 ACC: 160 BUFF: 159 DC: 0 FLAG_ZERO: True FLAG_LT: 0 FLAG_GT: 0
INPUT_PORT:  []
OUT_PORT:  []
DATA_MEM:  [160, 74]
---------------------------------------
DEBUG    root:machine.py:309 JGE 22
TICK: 7718 PC:   4 ADDR:   0 MEM_OUT: 160 ACC: 160 BUFF: 159 DC: 0 FLAG_ZERO: False FLAG_LT: 1 FLAG_GT: 0
INPUT_PORT:  []
OUT_PORT:  []
DATA_MEM:  [160, 74]
---------------------------------------
DEBUG    root:machine.py:309 LD 0
TICK: 7721 PC:   5 ADDR:   0 MEM_OUT: 160 ACC: 160 BUFF: 159 DC: 0 FLAG_ZERO: False FLAG_LT: 1 FLAG_GT: 0
INPUT_PORT:  []
OUT_PORT:  []
DATA_MEM:  [160, 74]
---------------------------------------
DEBUG    root:machine.py:309 MOD 3
TICK: 7725 PC:   6 ADDR:   0 MEM_OUT: 160 ACC: 160 BUFF: 159 DC: 0 FLAG_ZERO: False FLAG_LT: 1 FLAG_GT: 0
INPUT_PORT:  []
OUT_PORT:  []
DATA_MEM:  [160, 74]
---------------------------------------
DEBUG    root:machine.py:309 CMP 0
TICK: 7729 PC:   7 ADDR:   0 MEM_OUT: 160 ACC: 1 BUFF: 160 DC: 0 FLAG_ZERO: False FLAG_LT: 1 FLAG_GT: 0
INPUT_PORT:  []
OUT_PORT:  []
DATA_MEM:  [160, 74]
---------------------------------------
DEBUG    root:machine.py:309 JE 14
TICK: 7732 PC:   8 ADDR:   0 MEM_OUT: 160 ACC: 1 BUFF: 160 DC: 0 FLAG_ZERO: False FLAG_LT: 0 FLAG_GT: 1
INPUT_PORT:  []
OUT_PORT:  []
DATA_MEM:  [160, 74]
---------------------------------------
DEBUG    root:machine.py:309 LD 0
TICK: 7735 PC:   9 ADDR:   0 MEM_OUT: 160 ACC: 1 BUFF: 160 DC: 0 FLAG_ZERO: False FLAG_LT: 0 FLAG_GT: 1
INPUT_PORT:  []
OUT_PORT:  []
DATA_MEM:  [160, 74]
---------------------------------------
DEBUG    root:machine.py:309 MOD 5
TICK: 7739 PC:  10 ADDR:   0 MEM_OUT: 160 ACC: 160 BUFF: 160 DC: 0 FLAG_ZERO: False FLAG_LT: 0 FLAG_GT: 1
INPUT_PORT:  []
OUT_PORT:  []
DATA_MEM:  [160, 74]
---------------------------------------
DEBUG    root:machine.py:309 CMP 0
TICK: 7743 PC:  11 ADDR:   0 MEM_OUT: 160 ACC: 0 BUFF: 160 DC: 0 FLAG_ZERO: False FLAG_LT: 0 FLAG_GT: 1
INPUT_PORT:  []
OUT_PORT:  []
DATA_MEM:  [160, 74]
---------------------------------------
DEBUG    root:machine.py:309 JE 18
TICK: 7746 PC:  12 ADDR:   0 MEM_OUT: 160 ACC: 0 BUFF: 160 DC: 0 FLAG_ZERO: True FLAG_LT: 0 FLAG_GT: 0
INPUT_PORT:  []
OUT_PORT:  []
DATA_MEM:  [160, 74]
---------------------------------------
DEBUG    root:machine.py:309 LD 4
TICK: 7749 PC:  18 ADDR:   0 MEM_OUT: 160 ACC: 0 BUFF: 160 DC: 0 FLAG_ZERO: True FLAG_LT: 0 FLAG_GT: 0
INPUT_PORT:  []
OUT_PORT:  []
DATA_MEM:  [160, 74]
---------------------------------------
DEBUG    root:machine.py:309 INC 
TICK: 7753 PC:  19 ADDR:   1 MEM_OUT: 74 ACC: 74 BUFF: 160 DC: 0 FLAG_ZERO: True FLAG_LT: 0 FLAG_GT: 0
INPUT_PORT:  []
OUT_PORT:  []
DATA_MEM:  [160, 74]
---------------------------------------
DEBUG    root:machine.py:309 ST 4
TICK: 7756 PC:  20 ADDR:   1 MEM_OUT: 74 ACC: 75 BUFF: 160 DC: 0 FLAG_ZERO: True FLAG_LT: 0 FLAG_GT: 0
INPUT_PORT:  []
OUT_PORT:  []
DATA_MEM:  [160, 74]
---------------------------------------
DEBUG    root:machine.py:309 JMP 0
TICK: 7760 PC:  21 ADDR:   1 MEM_OUT: 75 ACC: 75 BUFF: 160 DC: 0 FLAG_ZERO: True FLAG_LT: 0 FLAG_GT: 0
INPUT_PORT:  []
OUT_PORT:  []
DATA_MEM:  [160, 75]
---------------------------------------
DEBUG    root:machine.py:309 LD 0
TICK: 7763 PC:   0 ADDR:   1 MEM_OUT: 75 ACC: 75 BUFF: 160 DC: 0 FLAG_ZERO: True FLAG_LT: 0 FLAG_GT: 0
INPUT_PORT:  []
OUT_PORT:  []
DATA_MEM:  [160, 75]
---------------------------------------
DEBUG    root:machine.py:309 INC 
TICK: 7767 PC:   1 ADDR:   0 MEM_OUT: 160 ACC: 160 BUFF: 160 DC: 0 FLAG_ZERO: True FLAG_LT: 0 FLAG_GT: 0
INPUT_PORT:  []
OUT_PORT:  []
DATA_MEM:  [160, 75]
---------------------------------------
DEBUG    root:machine.py:309 ST 0
TICK: 7770 PC:   2 ADDR:   0 MEM_OUT: 160 ACC: 161 BUFF: 160 DC: 0 FLAG_ZERO: True FLAG_LT: 0 FLAG_GT: 0
INPUT_PORT:  []
OUT_PORT:  []
DATA_MEM:  [160, 75]
---------------------------------------
DEBUG    root:machine.py:309 CMP 1000
TICK: 7774 PC:   3 ADDR:   0 MEM_OUT: 161 ACC: 161 BUFF: 160 DC: 0 FLAG_ZERO: True FLAG_LT: 0 FLAG_GT: 0
INPUT_PORT:  []
OUT_PORT:  []
DATA_MEM:  [161, 75]
---------------------------------------
DEBUG    root:machine.py:309 JGE 22
TICK: 7777 PC:   4 ADDR:   0 MEM_OUT: 161 ACC: 161 BUFF: 160 DC: 0 FLAG_ZERO: False FLAG_LT: 1 FLAG_GT: 0
INPUT_PORT:  []
OUT_PORT:  []
DATA_MEM:  [161, 75]
---------------------------------------
DEBUG    root:machine.py:309 LD 0
TICK: 7780 PC:   5 ADDR:   0 MEM_OUT: 161 ACC: 161 BUFF: 160 DC: 0 FLAG_ZERO: False FLAG_LT: 1 FLAG_GT: 0
INPUT_PORT:  []
OUT_PORT:  []
DATA_MEM:  [161, 75]
---------------------------------------
DEBUG    root:machine.py:309 MOD 3
TICK: 7784 PC:   6 ADDR:   0 MEM_OUT: 161 ACC: 161 BUFF: 160 DC: 0 FLAG_ZERO: False FLAG_LT: 1 FLAG_GT: 0
INPUT_PORT:  []
OUT_PORT:  []
DATA_MEM:  [161, 75]
---------------------------------------
DEBUG    root:machine.py:309 CMP 0
TICK: 7788 PC:   7 ADDR:   0 MEM_OUT: 161 ACC: 2 BUFF: 161 DC: 0 FLAG_ZERO: False FLAG_LT: 1 FLAG_GT: 0
INPUT_PORT:  []
OUT_PORT:  []
DATA_MEM:  [161, 75]
---------------------------------------
DEBUG    root:machine.py:309 JE 14
TICK: 7791 PC:   8 ADDR:   0 MEM_OUT: 161 ACC: 2 BUFF: 161 DC: 0 FLAG_ZERO: False FLAG_LT: 0 FLAG_GT: 1
INPUT_PORT:  []
OUT_PORT:  []
DATA_MEM:  [161, 75]
---------------------------------------
DEBUG    root:machine.py:309 LD 0
TICK: 7794 PC:   9 ADDR:   0 MEM_OUT: 161 ACC: 2 BUFF: 161 DC: 0 FLAG_ZERO: False FLAG_LT: 0 FLAG_GT: 1
INPUT_PORT:  []
OUT_PORT:  []
DATA_MEM:  [161, 75]
---------------------------------------
DEBUG    root:machine.py:309 MOD 5
TICK: 7798 PC:  10 ADDR:   0 MEM_OUT: 161 ACC: 161 BUFF: 161 DC: 0 FLAG_ZERO: False FLAG_LT: 0 FLAG_GT: 1
INPUT_PORT:  []
OUT_PORT:  []
DATA_MEM:  [161, 75]
---------------------------------------
DEBUG    root:machine.py:309 CMP 0
TICK: 7802 PC:  11 ADDR:   0 MEM_OUT: 161 ACC: 1 BUFF: 161 DC: 0 FLAG_ZERO: False FLAG_LT: 0 FLAG_GT: 1
INPUT_PORT:  []
OUT_PORT:  []
DATA_MEM:  [161, 75]
---------------------------------------
DEBUG    root:machine.py:309 JE 18
TICK: 7805 PC:  12 ADDR:   0 MEM_OUT: 161 ACC: 1 BUFF: 161 DC: 0 FLAG_ZERO: False FLAG_LT: 0 FLAG_GT: 1
INPUT_PORT:  []
OUT_PORT:  []
DATA_MEM:  [161, 75]
---------------------------------------
DEBUG    root:machine.py:309 JMP 0
TICK: 7808 PC:  13 ADDR:   0 MEM_OUT: 161 ACC: 1 BUFF: 161 DC: 0 FLAG_ZERO: False FLAG_LT: 0 FLAG_GT: 1
INPUT_PORT:  []
OUT_PORT:  []
DATA_MEM:  [161, 75]
---------------------------------------
DEBUG    root:machine.py:309 LD 0
TICK: 7811 PC:   0 ADDR:   0 MEM_OUT: 161 ACC: 1 BUFF: 161 DC: 0 FLAG_ZERO: False FLAG_LT: 0 FLAG_GT: 1
INPUT_PORT:  []
OUT_PORT:  []
DATA_MEM:  [161, 75]
---------------------------------------
DEBUG    root:machine.py:309 INC 
TICK: 7815 PC:   1 ADDR:   0 MEM_OUT: 161 ACC: 161 BUFF: 161 DC: 0 FLAG_ZERO: False FLAG_LT: 0 FLAG_GT: 1
INPUT_PORT:  []
OUT_PORT:  []
DATA_MEM:  [161, 75]
---------------------------------------
DEBUG    root:machine.py:309 ST 0
TICK: 7818 PC:   2 ADDR:   0 MEM_OUT: 161 ACC: 162 BUFF: 161 DC: 0 FLAG_ZERO: False FLAG_LT: 0 FLAG_GT: 1
INPUT_PORT:  []
OUT_PORT:  []
DATA_MEM:  [161, 75]
---------------------------------------
DEBUG    root:machine.py:309 CMP 1000
TICK: 7822 PC:   3 ADDR:   0 MEM_OUT: 162 ACC: 162 BUFF: 161 DC: 0 FLAG_ZERO: False FLAG_LT: 0 FLAG_GT: 1
INPUT_PORT:  []
OUT_PORT:  []
DATA_MEM:  [162, 75]
---------------------------------------
DEBUG    root:machine.py:309 JGE 22
TICK: 7825 PC:   4 ADDR:   0 MEM_OUT: 162 ACC: 162 BUFF: 161 DC: 0 FLAG_ZERO: False FLAG_LT: 1 FLAG_GT: 0
INPUT_PORT:  []
OUT_PORT:  []
DATA_MEM:  [162, 75]
---------------------------------------
DEBUG    root:machine.py:309 LD 0
TICK: 7828 PC:   5 ADDR:   0 MEM_OUT: 162 ACC: 162 BUFF: 161 DC: 0 FLAG_ZERO: False FLAG_LT: 1 FLAG_GT: 0
INPUT_PORT:  []
OUT_PORT:  []
DATA_MEM:  [162, 75]
---------------------------------------
DEBUG    root:machine.py:309 MOD 3
TICK: 7832 PC:   6 ADDR:   0 MEM_OUT: 162 ACC: 162 BUFF: 161 DC: 0 FLAG_ZERO: False FLAG_LT: 1 FLAG_GT: 0
INPUT_PORT:  []
OUT_PORT:  []
DATA_MEM:  [162, 75]
---------------------------------------
DEBUG    root:machine.py:309 CMP 0
TICK: 7836 PC:   7 ADDR:   0 MEM_OUT: 162 ACC: 0 BUFF: 162 DC: 0 FLAG_ZERO: False FLAG_LT: 1 FLAG_GT: 0
INPUT_PORT:  []
OUT_PORT:  []
DATA_MEM:  [162, 75]
---------------------------------------
DEBUG    root:machine.py:309 JE 14
TICK: 7839 PC:   8 ADDR:   0 MEM_OUT: 162 ACC: 0 BUFF: 162 DC: 0 FLAG_ZERO: True FLAG_LT: 0 FLAG_GT: 0
INPUT_PORT:  []
OUT_PORT:  []
DATA_MEM:  [162, 75]
---------------------------------------
DEBUG    root:machine.py:309 LD 4
TICK: 7842 PC:  14 ADDR:   0 MEM_OUT: 162 ACC: 0 BUFF: 162 DC: 0 FLAG_ZERO: True FLAG_LT: 0 FLAG_GT: 0
INPUT_PORT:  []
OUT_PORT:  []
DATA_MEM:  [162, 75]
---------------------------------------
DEBUG    root:machine.py:309 INC 
TICK: 7846 PC:  15 ADDR:   1 MEM_OUT: 75 ACC: 75 BUFF: 162 DC: 0 FLAG_ZERO: True FLAG_LT: 0 FLAG_GT: 0
INPUT_PORT:  []
OUT_PORT:  []
DATA_MEM:  [162, 75]
---------------------------------------
DEBUG    root:machine.py:309 ST 4
TICK: 7849 PC:  16 ADDR:   1 MEM_OUT: 75 ACC: 76 BUFF: 162 DC: 0 FLAG_ZERO: True FLAG_LT: 0 FLAG_GT: 0
INPUT_PORT:  []
OUT_PORT:  []
DATA_MEM:  [162, 75]
---------------------------------------
DEBUG    root:machine.py:309 JMP 0
TICK: 7853 PC:  17 ADDR:   1 MEM_OUT: 76 ACC: 76 BUFF: 162 DC: 0 FLAG_ZERO: True FLAG_LT: 0 FLAG_GT: 0
INPUT_PORT:  []
OUT_PORT:  []
DATA_MEM:  [162, 76]
---------------------------------------
DEBUG    root:machine.py:309 LD 0
TICK: 7856 PC:   0 ADDR:   1 MEM_OUT: 76 ACC: 76 BUFF: 162 DC: 0 FLAG_ZERO: True FLAG_LT: 0 FLAG_GT: 0
INPUT_PORT:  []
OUT_PORT:  []
DATA_MEM:  [162, 76]
---------------------------------------
DEBUG    root:machine.py:309 INC 
TICK: 7860 PC:   1 ADDR:   0 MEM_OUT: 162 ACC: 162 BUFF: 162 DC: 0 FLAG_ZERO: True FLAG_LT: 0 FLAG_GT: 0
INPUT_PORT:  []
OUT_PORT:  []
DATA_MEM:  [162, 76]
---------------------------------------
DEBUG    root:machine.py:309 ST 0
TICK: 7863 PC:   2 ADDR:   0 MEM_OUT: 162 ACC: 163 BUFF: 162 DC: 0 FLAG_ZERO: True FLAG_LT: 0 FLAG_GT: 0
INPUT_PORT:  []
OUT_PORT:  []
DATA_MEM:  [162, 76]
---------------------------------------
DEBUG    root:machine.py:309 CMP 1000
TICK: 7867 PC:   3 ADDR:   0 MEM_OUT: 163 ACC: 163 BUFF: 162 DC: 0 FLAG_ZERO: True FLAG_LT: 0 FLAG_GT: 0
INPUT_PORT:  []
OUT_PORT:  []
DATA_MEM:  [163, 76]
---------------------------------------
DEBUG    root:machine.py:309 JGE 22
TICK: 7870 PC:   4 ADDR:   0 MEM_OUT: 163 ACC: 163 BUFF: 162 DC: 0 FLAG_ZERO: False FLAG_LT: 1 FLAG_GT: 0
INPUT_PORT:  []
OUT_PORT:  []
DATA_MEM:  [163, 76]
---------------------------------------
DEBUG    root:machine.py:309 LD 0
TICK: 7873 PC:   5 ADDR:   0 MEM_OUT: 163 ACC: 163 BUFF: 162 DC: 0 FLAG_ZERO: False FLAG_LT: 1 FLAG_GT: 0
INPUT_PORT:  []
OUT_PORT:  []
DATA_MEM:  [163, 76]
---------------------------------------
DEBUG    root:machine.py:309 MOD 3
TICK: 7877 PC:   6 ADDR:   0 MEM_OUT: 163 ACC: 163 BUFF: 162 DC: 0 FLAG_ZERO: False FLAG_LT: 1 FLAG_GT: 0
INPUT_PORT:  []
OUT_PORT:  []
DATA_MEM:  [163, 76]
---------------------------------------
DEBUG    root:machine.py:309 CMP 0
TICK: 7881 PC:   7 ADDR:   0 MEM_OUT: 163 ACC: 1 BUFF: 163 DC: 0 FLAG_ZERO: False FLAG_LT: 1 FLAG_GT: 0
INPUT_PORT:  []
OUT_PORT:  []
DATA_MEM:  [163, 76]
---------------------------------------
DEBUG    root:machine.py:309 JE 14
TICK: 7884 PC:   8 ADDR:   0 MEM_OUT: 163 ACC: 1 BUFF: 163 DC: 0 FLAG_ZERO: False FLAG_LT: 0 FLAG_GT: 1
INPUT_PORT:  []
OUT_PORT:  []
DATA_MEM:  [163, 76]
---------------------------------------
DEBUG    root:machine.py:309 LD 0
TICK: 7887 PC:   9 ADDR:   0 MEM_OUT: 163 ACC: 1 BUFF: 163 DC: 0 FLAG_ZERO: False FLAG_LT: 0 FLAG_GT: 1
INPUT_PORT:  []
OUT_PORT:  []
DATA_MEM:  [163, 76]
---------------------------------------
DEBUG    root:machine.py:309 MOD 5
TICK: 7891 PC:  10 ADDR:   0 MEM_OUT: 163 ACC: 163 BUFF: 163 DC: 0 FLAG_ZERO: False FLAG_LT: 0 FLAG_GT: 1
INPUT_PORT:  []
OUT_PORT:  []
DATA_MEM:  [163, 76]
---------------------------------------
DEBUG    root:machine.py:309 CMP 0
TICK: 7895 PC:  11 ADDR:   0 MEM_OUT: 163 ACC: 3 BUFF: 163 DC: 0 FLAG_ZERO: False FLAG_LT: 0 FLAG_GT: 1
INPUT_PORT:  []
OUT_PORT:  []
DATA_MEM:  [163, 76]
---------------------------------------
DEBUG    root:machine.py:309 JE 18
TICK: 7898 PC:  12 ADDR:   0 MEM_OUT: 163 ACC: 3 BUFF: 163 DC: 0 FLAG_ZERO: False FLAG_LT: 0 FLAG_GT: 1
INPUT_PORT:  []
OUT_PORT:  []
DATA_MEM:  [163, 76]
---------------------------------------
DEBUG    root:machine.py:309 JMP 0
TICK: 7901 PC:  13 ADDR:   0 MEM_OUT: 163 ACC: 3 BUFF: 163 DC: 0 FLAG_ZERO: False FLAG_LT: 0 FLAG_GT: 1
INPUT_PORT:  []
OUT_PORT:  []
DATA_MEM:  [163, 76]
---------------------------------------
DEBUG    root:machine.py:309 LD 0
TICK: 7904 PC:   0 ADDR:   0 MEM_OUT: 163 ACC: 3 BUFF: 163 DC: 0 FLAG_ZERO: False FLAG_LT: 0 FLAG_GT: 1
INPUT_PORT:  []
OUT_PORT:  []
DATA_MEM:  [163, 76]
---------------------------------------
DEBUG    root:machine.py:309 INC 
TICK: 7908 PC:   1 ADDR:   0 MEM_OUT: 163 ACC: 163 BUFF: 163 DC: 0 FLAG_ZERO: False FLAG_LT: 0 FLAG_GT: 1
INPUT_PORT:  []
OUT_PORT:  []
DATA_MEM:  [163, 76]
---------------------------------------
DEBUG    root:machine.py:309 ST 0
TICK: 7911 PC:   2 ADDR:   0 MEM_OUT: 163 ACC: 164 BUFF: 163 DC: 0 FLAG_ZERO: False FLAG_LT: 0 FLAG_GT: 1
INPUT_PORT:  []
OUT_PORT:  []
DATA_MEM:  [163, 76]
---------------------------------------
DEBUG    root:machine.py:309 CMP 1000
TICK: 7915 PC:   3 ADDR:   0 MEM_OUT: 164 ACC: 164 BUFF: 163 DC: 0 FLAG_ZERO: False FLAG_LT: 0 FLAG_GT: 1
INPUT_PORT:  []
OUT_PORT:  []
DATA_MEM:  [164, 76]
---------------------------------------
DEBUG    root:machine.py:309 JGE 22
TICK: 7918 PC:   4 ADDR:   0 MEM_OUT: 164 ACC: 164 BUFF: 163 DC: 0 FLAG_ZERO: False FLAG_LT: 1 FLAG_GT: 0
INPUT_PORT:  []
OUT_PORT:  []
DATA_MEM:  [164, 76]
---------------------------------------
DEBUG    root:machine.py:309 LD 0
TICK: 7921 PC:   5 ADDR:   0 MEM_OUT: 164 ACC: 164 BUFF: 163 DC: 0 FLAG_ZERO: False FLAG_LT: 1 FLAG_GT: 0
INPUT_PORT:  []
OUT_PORT:  []
DATA_MEM:  [164, 76]
---------------------------------------
DEBUG    root:machine.py:309 MOD 3
TICK: 7925 PC:   6 ADDR:   0 MEM_OUT: 164 ACC: 164 BUFF: 163 DC: 0 FLAG_ZERO: False FLAG_LT: 1 FLAG_GT: 0
INPUT_PORT:  []
OUT_PORT:  []
DATA_MEM:  [164, 76]
---------------------------------------
DEBUG    root:machine.py:309 CMP 0
TICK: 7929 PC:   7 ADDR:   0 MEM_OUT: 164 ACC: 2 BUFF: 164 DC: 0 FLAG_ZERO: False FLAG_LT: 1 FLAG_GT: 0
INPUT_PORT:  []
OUT_PORT:  []
DATA_MEM:  [164, 76]
---------------------------------------
DEBUG    root:machine.py:309 JE 14
TICK: 7932 PC:   8 ADDR:   0 MEM_OUT: 164 ACC: 2 BUFF: 164 DC: 0 FLAG_ZERO: False FLAG_LT: 0 FLAG_GT: 1
INPUT_PORT:  []
OUT_PORT:  []
DATA_MEM:  [164, 76]
---------------------------------------
DEBUG    root:machine.py:309 LD 0
TICK: 7935 PC:   9 ADDR:   0 MEM_OUT: 164 ACC: 2 BUFF: 164 DC: 0 FLAG_ZERO: False FLAG_LT: 0 FLAG_GT: 1
INPUT_PORT:  []
OUT_PORT:  []
DATA_MEM:  [164, 76]
---------------------------------------
DEBUG    root:machine.py:309 MOD 5
TICK: 7939 PC:  10 ADDR:   0 MEM_OUT: 164 ACC: 164 BUFF: 164 DC: 0 FLAG_ZERO: False FLAG_LT: 0 FLAG_GT: 1
INPUT_PORT:  []
OUT_PORT:  []
DATA_MEM:  [164, 76]
---------------------------------------
DEBUG    root:machine.py:309 CMP 0
TICK: 7943 PC:  11 ADDR:   0 MEM_OUT: 164 ACC: 4 BUFF: 164 DC: 0 FLAG_ZERO: False FLAG_LT: 0 FLAG_GT: 1
INPUT_PORT:  []
OUT_PORT:  []
DATA_MEM:  [164, 76]
---------------------------------------
DEBUG    root:machine.py:309 JE 18
TICK: 7946 PC:  12 ADDR:   0 MEM_OUT: 164 ACC: 4 BUFF: 164 DC: 0 FLAG_ZERO: False FLAG_LT: 0 FLAG_GT: 1
INPUT_PORT:  []
OUT_PORT:  []
DATA_MEM:  [164, 76]
---------------------------------------
DEBUG    root:machine.py:309 JMP 0
TICK: 7949 PC:  13 ADDR:   0 MEM_OUT: 164 ACC: 4 BUFF: 164 DC: 0 FLAG_ZERO: False FLAG_LT: 0 FLAG_GT: 1
INPUT_PORT:  []
OUT_PORT:  []
DATA_MEM:  [164, 76]
---------------------------------------
DEBUG    root:machine.py:309 LD 0
TICK: 7952 PC:   0 ADDR:   0 MEM_OUT: 164 ACC: 4 BUFF: 164 DC: 0 FLAG_ZERO: False FLAG_LT: 0 FLAG_GT: 1
INPUT_PORT:  []
OUT_PORT:  []
DATA_MEM:  [164, 76]
---------------------------------------
DEBUG    root:machine.py:309 INC 
TICK: 7956 PC:   1 ADDR:   0 MEM_OUT: 164 ACC: 164 BUFF: 164 DC: 0 FLAG_ZERO: False FLAG_LT: 0 FLAG_GT: 1
INPUT_PORT:  []
OUT_PORT:  []
DATA_MEM:  [164, 76]
---------------------------------------
DEBUG    root:machine.py:309 ST 0
TICK: 7959 PC:   2 ADDR:   0 MEM_OUT: 164 ACC: 165 BUFF: 164 DC: 0 FLAG_ZERO: False FLAG_LT: 0 FLAG_GT: 1
INPUT_PORT:  []
OUT_PORT:  []
DATA_MEM:  [164, 76]
---------------------------------------
DEBUG    root:machine.py:309 CMP 1000
TICK: 7963 PC:   3 ADDR:   0 MEM_OUT: 165 ACC: 165 BUFF: 164 DC: 0 FLAG_ZERO: False FLAG_LT: 0 FLAG_GT: 1
INPUT_PORT:  []
OUT_PORT:  []
DATA_MEM:  [165, 76]
---------------------------------------
DEBUG    root:machine.py:309 JGE 22
TICK: 7966 PC:   4 ADDR:   0 MEM_OUT: 165 ACC: 165 BUFF: 164 DC: 0 FLAG_ZERO: False FLAG_LT: 1 FLAG_GT: 0
INPUT_PORT:  []
OUT_PORT:  []
DATA_MEM:  [165, 76]
---------------------------------------
DEBUG    root:machine.py:309 LD 0
TICK: 7969 PC:   5 ADDR:   0 MEM_OUT: 165 ACC: 165 BUFF: 164 DC: 0 FLAG_ZERO: False FLAG_LT: 1 FLAG_GT: 0
INPUT_PORT:  []
OUT_PORT:  []
DATA_MEM:  [165, 76]
---------------------------------------
DEBUG    root:machine.py:309 MOD 3
TICK: 7973 PC:   6 ADDR:   0 MEM_OUT: 165 ACC: 165 BUFF: 164 DC: 0 FLAG_ZERO: False FLAG_LT: 1 FLAG_GT: 0
INPUT_PORT:  []
OUT_PORT:  []
DATA_MEM:  [165, 76]
---------------------------------------
DEBUG    root:machine.py:309 CMP 0
TICK: 7977 PC:   7 ADDR:   0 MEM_OUT: 165 ACC: 0 BUFF: 165 DC: 0 FLAG_ZERO: False FLAG_LT: 1 FLAG_GT: 0
INPUT_PORT:  []
OUT_PORT:  []
DATA_MEM:  [165, 76]
---------------------------------------
DEBUG    root:machine.py:309 JE 14
TICK: 7980 PC:   8 ADDR:   0 MEM_OUT: 165 ACC: 0 BUFF: 165 DC: 0 FLAG_ZERO: True FLAG_LT: 0 FLAG_GT: 0
INPUT_PORT:  []
OUT_PORT:  []
DATA_MEM:  [165, 76]
---------------------------------------
DEBUG    root:machine.py:309 LD 4
TICK: 7983 PC:  14 ADDR:   0 MEM_OUT: 165 ACC: 0 BUFF: 165 DC: 0 FLAG_ZERO: True FLAG_LT: 0 FLAG_GT: 0
INPUT_PORT:  []
OUT_PORT:  []
DATA_MEM:  [165, 76]
---------------------------------------
DEBUG    root:machine.py:309 INC 
TICK: 7987 PC:  15 ADDR:   1 MEM_OUT: 76 ACC: 76 BUFF: 165 DC: 0 FLAG_ZERO: True FLAG_LT: 0 FLAG_GT: 0
INPUT_PORT:  []
OUT_PORT:  []
DATA_MEM:  [165, 76]
---------------------------------------
DEBUG    root:machine.py:309 ST 4
TICK: 7990 PC:  16 ADDR:   1 MEM_OUT: 76 ACC: 77 BUFF: 165 DC: 0 FLAG_ZERO: True FLAG_LT: 0 FLAG_GT: 0
INPUT_PORT:  []
OUT_PORT:  []
DATA_MEM:  [165, 76]
---------------------------------------
DEBUG    root:machine.py:309 JMP 0
TICK: 7994 PC:  17 ADDR:   1 MEM_OUT: 77 ACC: 77 BUFF: 165 DC: 0 FLAG_ZERO: True FLAG_LT: 0 FLAG_GT: 0
INPUT_PORT:  []
OUT_PORT:  []
DATA_MEM:  [165, 77]
---------------------------------------
DEBUG    root:machine.py:309 LD 0
TICK: 7997 PC:   0 ADDR:   1 MEM_OUT: 77 ACC: 77 BUFF: 165 DC: 0 FLAG_ZERO: True FLAG_LT: 0 FLAG_GT: 0
INPUT_PORT:  []
OUT_PORT:  []
DATA_MEM:  [165, 77]
---------------------------------------
DEBUG    root:machine.py:309 INC 
TICK: 8001 PC:   1 ADDR:   0 MEM_OUT: 165 ACC: 165 BUFF: 165 DC: 0 FLAG_ZERO: True FLAG_LT: 0 FLAG_GT: 0
INPUT_PORT:  []
OUT_PORT:  []
DATA_MEM:  [165, 77]
---------------------------------------
DEBUG    root:machine.py:309 ST 0
TICK: 8004 PC:   2 ADDR:   0 MEM_OUT: 165 ACC: 166 BUFF: 165 DC: 0 FLAG_ZERO: True FLAG_LT: 0 FLAG_GT: 0
INPUT_PORT:  []
OUT_PORT:  []
DATA_MEM:  [165, 77]
---------------------------------------
DEBUG    root:machine.py:309 CMP 1000
TICK: 8008 PC:   3 ADDR:   0 MEM_OUT: 166 ACC: 166 BUFF: 165 DC: 0 FLAG_ZERO: True FLAG_LT: 0 FLAG_GT: 0
INPUT_PORT:  []
OUT_PORT:  []
DATA_MEM:  [166, 77]
---------------------------------------
DEBUG    root:machine.py:309 JGE 22
TICK: 8011 PC:   4 ADDR:   0 MEM_OUT: 166 ACC: 166 BUFF: 165 DC: 0 FLAG_ZERO: False FLAG_LT: 1 FLAG_GT: 0
INPUT_PORT:  []
OUT_PORT:  []
DATA_MEM:  [166, 77]
---------------------------------------
DEBUG    root:machine.py:309 LD 0
TICK: 8014 PC:   5 ADDR:   0 MEM_OUT: 166 ACC: 166 BUFF: 165 DC: 0 FLAG_ZERO: False FLAG_LT: 1 FLAG_GT: 0
INPUT_PORT:  []
OUT_PORT:  []
DATA_MEM:  [166, 77]
---------------------------------------
DEBUG    root:machine.py:309 MOD 3
TICK: 8018 PC:   6 ADDR:   0 MEM_OUT: 166 ACC: 166 BUFF: 165 DC: 0 FLAG_ZERO: False FLAG_LT: 1 FLAG_GT: 0
INPUT_PORT:  []
OUT_PORT:  []
DATA_MEM:  [166, 77]
---------------------------------------
DEBUG    root:machine.py:309 CMP 0
TICK: 8022 PC:   7 ADDR:   0 MEM_OUT: 166 ACC: 1 BUFF: 166 DC: 0 FLAG_ZERO: False FLAG_LT: 1 FLAG_GT: 0
INPUT_PORT:  []
OUT_PORT:  []
DATA_MEM:  [166, 77]
---------------------------------------
DEBUG    root:machine.py:309 JE 14
TICK: 8025 PC:   8 ADDR:   0 MEM_OUT: 166 ACC: 1 BUFF: 166 DC: 0 FLAG_ZERO: False FLAG_LT: 0 FLAG_GT: 1
INPUT_PORT:  []
OUT_PORT:  []
DATA_MEM:  [166, 77]
---------------------------------------
DEBUG    root:machine.py:309 LD 0
TICK: 8028 PC:   9 ADDR:   0 MEM_OUT: 166 ACC: 1 BUFF: 166 DC: 0 FLAG_ZERO: False FLAG_LT: 0 FLAG_GT: 1
INPUT_PORT:  []
OUT_PORT:  []
DATA_MEM:  [166, 77]
---------------------------------------
DEBUG    root:machine.py:309 MOD 5
TICK: 8032 PC:  10 ADDR:   0 MEM_OUT: 166 ACC: 166 BUFF: 166 DC: 0 FLAG_ZERO: False FLAG_LT: 0 FLAG_GT: 1
INPUT_PORT:  []
OUT_PORT:  []
DATA_MEM:  [166, 77]
---------------------------------------
DEBUG    root:machine.py:309 CMP 0
TICK: 8036 PC:  11 ADDR:   0 MEM_OUT: 166 ACC: 1 BUFF: 166 DC: 0 FLAG_ZERO: False FLAG_LT: 0 FLAG_GT: 1
INPUT_PORT:  []
OUT_PORT:  []
DATA_MEM:  [166, 77]
---------------------------------------
DEBUG    root:machine.py:309 JE 18
TICK: 8039 PC:  12 ADDR:   0 MEM_OUT: 166 ACC: 1 BUFF: 166 DC: 0 FLAG_ZERO: False FLAG_LT: 0 FLAG_GT: 1
INPUT_PORT:  []
OUT_PORT:  []
DATA_MEM:  [166, 77]
---------------------------------------
DEBUG    root:machine.py:309 JMP 0
TICK: 8042 PC:  13 ADDR:   0 MEM_OUT: 166 ACC: 1 BUFF: 166 DC: 0 FLAG_ZERO: False FLAG_LT: 0 FLAG_GT: 1
INPUT_PORT:  []
OUT_PORT:  []
DATA_MEM:  [166, 77]
---------------------------------------
DEBUG    root:machine.py:309 LD 0
TICK: 8045 PC:   0 ADDR:   0 MEM_OUT: 166 ACC: 1 BUFF: 166 DC: 0 FLAG_ZERO: False FLAG_LT: 0 FLAG_GT: 1
INPUT_PORT:  []
OUT_PORT:  []
DATA_MEM:  [166, 77]
---------------------------------------
DEBUG    root:machine.py:309 INC 
TICK: 8049 PC:   1 ADDR:   0 MEM_OUT: 166 ACC: 166 BUFF: 166 DC: 0 FLAG_ZERO: False FLAG_LT: 0 FLAG_GT: 1
INPUT_PORT:  []
OUT_PORT:  []
DATA_MEM:  [166, 77]
---------------------------------------
DEBUG    root:machine.py:309 ST 0
TICK: 8052 PC:   2 ADDR:   0 MEM_OUT: 166 ACC: 167 BUFF: 166 DC: 0 FLAG_ZERO: False FLAG_LT: 0 FLAG_GT: 1
INPUT_PORT:  []
OUT_PORT:  []
DATA_MEM:  [166, 77]
---------------------------------------
DEBUG    root:machine.py:309 CMP 1000
TICK: 8056 PC:   3 ADDR:   0 MEM_OUT: 167 ACC: 167 BUFF: 166 DC: 0 FLAG_ZERO: False FLAG_LT: 0 FLAG_GT: 1
INPUT_PORT:  []
OUT_PORT:  []
DATA_MEM:  [167, 77]
---------------------------------------
DEBUG    root:machine.py:309 JGE 22
TICK: 8059 PC:   4 ADDR:   0 MEM_OUT: 167 ACC: 167 BUFF: 166 DC: 0 FLAG_ZERO: False FLAG_LT: 1 FLAG_GT: 0
INPUT_PORT:  []
OUT_PORT:  []
DATA_MEM:  [167, 77]
---------------------------------------
DEBUG    root:machine.py:309 LD 0
TICK: 8062 PC:   5 ADDR:   0 MEM_OUT: 167 ACC: 167 BUFF: 166 DC: 0 FLAG_ZERO: False FLAG_LT: 1 FLAG_GT: 0
INPUT_PORT:  []
OUT_PORT:  []
DATA_MEM:  [167, 77]
---------------------------------------
DEBUG    root:machine.py:309 MOD 3
TICK: 8066 PC:   6 ADDR:   0 MEM_OUT: 167 ACC: 167 BUFF: 166 DC: 0 FLAG_ZERO: False FLAG_LT: 1 FLAG_GT: 0
INPUT_PORT:  []
OUT_PORT:  []
DATA_MEM:  [167, 77]
---------------------------------------
DEBUG    root:machine.py:309 CMP 0
TICK: 8070 PC:   7 ADDR:   0 MEM_OUT: 167 ACC: 2 BUFF: 167 DC: 0 FLAG_ZERO: False FLAG_LT: 1 FLAG_GT: 0
INPUT_PORT:  []
OUT_PORT:  []
DATA_MEM:  [167, 77]
---------------------------------------
DEBUG    root:machine.py:309 JE 14
TICK: 8073 PC:   8 ADDR:   0 MEM_OUT: 167 ACC: 2 BUFF: 167 DC: 0 FLAG_ZERO: False FLAG_LT: 0 FLAG_GT: 1
INPUT_PORT:  []
OUT_PORT:  []
DATA_MEM:  [167, 77]
---------------------------------------
DEBUG    root:machine.py:309 LD 0
TICK: 8076 PC:   9 ADDR:   0 MEM_OUT: 167 ACC: 2 BUFF: 167 DC: 0 FLAG_ZERO: False FLAG_LT: 0 FLAG_GT: 1
INPUT_PORT:  []
OUT_PORT:  []
DATA_MEM:  [167, 77]
---------------------------------------
DEBUG    root:machine.py:309 MOD 5
TICK: 8080 PC:  10 ADDR:   0 MEM_OUT: 167 ACC: 167 BUFF: 167 DC: 0 FLAG_ZERO: False FLAG_LT: 0 FLAG_GT: 1
INPUT_PORT:  []
OUT_PORT:  []
DATA_MEM:  [167, 77]
---------------------------------------
DEBUG    root:machine.py:309 CMP 0
TICK: 8084 PC:  11 ADDR:   0 MEM_OUT: 167 ACC: 2 BUFF: 167 DC: 0 FLAG_ZERO: False FLAG_LT: 0 FLAG_GT: 1
INPUT_PORT:  []
OUT_PORT:  []
DATA_MEM:  [167, 77]
---------------------------------------
DEBUG    root:machine.py:309 JE 18
TICK: 8087 PC:  12 ADDR:   0 MEM_OUT: 167 ACC: 2 BUFF: 167 DC: 0 FLAG_ZERO: False FLAG_LT: 0 FLAG_GT: 1
INPUT_PORT:  []
OUT_PORT:  []
DATA_MEM:  [167, 77]
---------------------------------------
DEBUG    root:machine.py:309 JMP 0
TICK: 8090 PC:  13 ADDR:   0 MEM_OUT: 167 ACC: 2 BUFF: 167 DC: 0 FLAG_ZERO: False FLAG_LT: 0 FLAG_GT: 1
INPUT_PORT:  []
OUT_PORT:  []
DATA_MEM:  [167, 77]
---------------------------------------
DEBUG    root:machine.py:309 LD 0
TICK: 8093 PC:   0 ADDR:   0 MEM_OUT: 167 ACC: 2 BUFF: 167 DC: 0 FLAG_ZERO: False FLAG_LT: 0 FLAG_GT: 1
INPUT_PORT:  []
OUT_PORT:  []
DATA_MEM:  [167, 77]
---------------------------------------
DEBUG    root:machine.py:309 INC 
TICK: 8097 PC:   1 ADDR:   0 MEM_OUT: 167 ACC: 167 BUFF: 167 DC: 0 FLAG_ZERO: False FLAG_LT: 0 FLAG_GT: 1
INPUT_PORT:  []
OUT_PORT:  []
DATA_MEM:  [167, 77]
---------------------------------------
DEBUG    root:machine.py:309 ST 0
TICK: 8100 PC:   2 ADDR:   0 MEM_OUT: 167 ACC: 168 BUFF: 167 DC: 0 FLAG_ZERO: False FLAG_LT: 0 FLAG_GT: 1
INPUT_PORT:  []
OUT_PORT:  []
DATA_MEM:  [167, 77]
---------------------------------------
DEBUG    root:machine.py:309 CMP 1000
TICK: 8104 PC:   3 ADDR:   0 MEM_OUT: 168 ACC: 168 BUFF: 167 DC: 0 FLAG_ZERO: False FLAG_LT: 0 FLAG_GT: 1
INPUT_PORT:  []
OUT_PORT:  []
DATA_MEM:  [168, 77]
---------------------------------------
DEBUG    root:machine.py:309 JGE 22
TICK: 8107 PC:   4 ADDR:   0 MEM_OUT: 168 ACC: 168 BUFF: 167 DC: 0 FLAG_ZERO: False FLAG_LT: 1 FLAG_GT: 0
INPUT_PORT:  []
OUT_PORT:  []
DATA_MEM:  [168, 77]
---------------------------------------
DEBUG    root:machine.py:309 LD 0
TICK: 8110 PC:   5 ADDR:   0 MEM_OUT: 168 ACC: 168 BUFF: 167 DC: 0 FLAG_ZERO: False FLAG_LT: 1 FLAG_GT: 0
INPUT_PORT:  []
OUT_PORT:  []
DATA_MEM:  [168, 77]
---------------------------------------
DEBUG    root:machine.py:309 MOD 3
TICK: 8114 PC:   6 ADDR:   0 MEM_OUT: 168 ACC: 168 BUFF: 167 DC: 0 FLAG_ZERO: False FLAG_LT: 1 FLAG_GT: 0
INPUT_PORT:  []
OUT_PORT:  []
DATA_MEM:  [168, 77]
---------------------------------------
DEBUG    root:machine.py:309 CMP 0
TICK: 8118 PC:   7 ADDR:   0 MEM_OUT: 168 ACC: 0 BUFF: 168 DC: 0 FLAG_ZERO: False FLAG_LT: 1 FLAG_GT: 0
INPUT_PORT:  []
OUT_PORT:  []
DATA_MEM:  [168, 77]
---------------------------------------
DEBUG    root:machine.py:309 JE 14
TICK: 8121 PC:   8 ADDR:   0 MEM_OUT: 168 ACC: 0 BUFF: 168 DC: 0 FLAG_ZERO: True FLAG_LT: 0 FLAG_GT: 0
INPUT_PORT:  []
OUT_PORT:  []
DATA_MEM:  [168, 77]
---------------------------------------
DEBUG    root:machine.py:309 LD 4
TICK: 8124 PC:  14 ADDR:   0 MEM_OUT: 168 ACC: 0 BUFF: 168 DC: 0 FLAG_ZERO: True FLAG_LT: 0 FLAG_GT: 0
INPUT_PORT:  []
OUT_PORT:  []
DATA_MEM:  [168, 77]
---------------------------------------
DEBUG    root:machine.py:309 INC 
TICK: 8128 PC:  15 ADDR:   1 MEM_OUT: 77 ACC: 77 BUFF: 168 DC: 0 FLAG_ZERO: True FLAG_LT: 0 FLAG_GT: 0
INPUT_PORT:  []
OUT_PORT:  []
DATA_MEM:  [168, 77]
---------------------------------------
DEBUG    root:machine.py:309 ST 4
TICK: 8131 PC:  16 ADDR:   1 MEM_OUT: 77 ACC: 78 BUFF: 168 DC: 0 FLAG_ZERO: True FLAG_LT: 0 FLAG_GT: 0
INPUT_PORT:  []
OUT_PORT:  []
DATA_MEM:  [168, 77]
---------------------------------------
DEBUG    root:machine.py:309 JMP 0
TICK: 8135 PC:  17 ADDR:   1 MEM_OUT: 78 ACC: 78 BUFF: 168 DC: 0 FLAG_ZERO: True FLAG_LT: 0 FLAG_GT: 0
INPUT_PORT:  []
OUT_PORT:  []
DATA_MEM:  [168, 78]
---------------------------------------
DEBUG    root:machine.py:309 LD 0
TICK: 8138 PC:   0 ADDR:   1 MEM_OUT: 78 ACC: 78 BUFF: 168 DC: 0 FLAG_ZERO: True FLAG_LT: 0 FLAG_GT: 0
INPUT_PORT:  []
OUT_PORT:  []
DATA_MEM:  [168, 78]
---------------------------------------
DEBUG    root:machine.py:309 INC 
TICK: 8142 PC:   1 ADDR:   0 MEM_OUT: 168 ACC: 168 BUFF: 168 DC: 0 FLAG_ZERO: True FLAG_LT: 0 FLAG_GT: 0
INPUT_PORT:  []
OUT_PORT:  []
DATA_MEM:  [168, 78]
---------------------------------------
DEBUG    root:machine.py:309 ST 0
TICK: 8145 PC:   2 ADDR:   0 MEM_OUT: 168 ACC: 169 BUFF: 168 DC: 0 FLAG_ZERO: True FLAG_LT: 0 FLAG_GT: 0
INPUT_PORT:  []
OUT_PORT:  []
DATA_MEM:  [168, 78]
---------------------------------------
DEBUG    root:machine.py:309 CMP 1000
TICK: 8149 PC:   3 ADDR:   0 MEM_OUT: 169 ACC: 169 BUFF: 168 DC: 0 FLAG_ZERO: True FLAG_LT: 0 FLAG_GT: 0
INPUT_PORT:  []
OUT_PORT:  []
DATA_MEM:  [169, 78]
---------------------------------------
DEBUG    root:machine.py:309 JGE 22
TICK: 8152 PC:   4 ADDR:   0 MEM_OUT: 169 ACC: 169 BUFF: 168 DC: 0 FLAG_ZERO: False FLAG_LT: 1 FLAG_GT: 0
INPUT_PORT:  []
OUT_PORT:  []
DATA_MEM:  [169, 78]
---------------------------------------
DEBUG    root:machine.py:309 LD 0
TICK: 8155 PC:   5 ADDR:   0 MEM_OUT: 169 ACC: 169 BUFF: 168 DC: 0 FLAG_ZERO: False FLAG_LT: 1 FLAG_GT: 0
INPUT_PORT:  []
OUT_PORT:  []
DATA_MEM:  [169, 78]
---------------------------------------
DEBUG    root:machine.py:309 MOD 3
TICK: 8159 PC:   6 ADDR:   0 MEM_OUT: 169 ACC: 169 BUFF: 168 DC: 0 FLAG_ZERO: False FLAG_LT: 1 FLAG_GT: 0
INPUT_PORT:  []
OUT_PORT:  []
DATA_MEM:  [169, 78]
---------------------------------------
DEBUG    root:machine.py:309 CMP 0
TICK: 8163 PC:   7 ADDR:   0 MEM_OUT: 169 ACC: 1 BUFF: 169 DC: 0 FLAG_ZERO: False FLAG_LT: 1 FLAG_GT: 0
INPUT_PORT:  []
OUT_PORT:  []
DATA_MEM:  [169, 78]
---------------------------------------
DEBUG    root:machine.py:309 JE 14
TICK: 8166 PC:   8 ADDR:   0 MEM_OUT: 169 ACC: 1 BUFF: 169 DC: 0 FLAG_ZERO: False FLAG_LT: 0 FLAG_GT: 1
INPUT_PORT:  []
OUT_PORT:  []
DATA_MEM:  [169, 78]
---------------------------------------
DEBUG    root:machine.py:309 LD 0
TICK: 8169 PC:   9 ADDR:   0 MEM_OUT: 169 ACC: 1 BUFF: 169 DC: 0 FLAG_ZERO: False FLAG_LT: 0 FLAG_GT: 1
INPUT_PORT:  []
OUT_PORT:  []
DATA_MEM:  [169, 78]
---------------------------------------
DEBUG    root:machine.py:309 MOD 5
TICK: 8173 PC:  10 ADDR:   0 MEM_OUT: 169 ACC: 169 BUFF: 169 DC: 0 FLAG_ZERO: False FLAG_LT: 0 FLAG_GT: 1
INPUT_PORT:  []
OUT_PORT:  []
DATA_MEM:  [169, 78]
---------------------------------------
DEBUG    root:machine.py:309 CMP 0
TICK: 8177 PC:  11 ADDR:   0 MEM_OUT: 169 ACC: 4 BUFF: 169 DC: 0 FLAG_ZERO: False FLAG_LT: 0 FLAG_GT: 1
INPUT_PORT:  []
OUT_PORT:  []
DATA_MEM:  [169, 78]
---------------------------------------
DEBUG    root:machine.py:309 JE 18
TICK: 8180 PC:  12 ADDR:   0 MEM_OUT: 169 ACC: 4 BUFF: 169 DC: 0 FLAG_ZERO: False FLAG_LT: 0 FLAG_GT: 1
INPUT_PORT:  []
OUT_PORT:  []
DATA_MEM:  [169, 78]
---------------------------------------
DEBUG    root:machine.py:309 JMP 0
TICK: 8183 PC:  13 ADDR:   0 MEM_OUT: 169 ACC: 4 BUFF: 169 DC: 0 FLAG_ZERO: False FLAG_LT: 0 FLAG_GT: 1
INPUT_PORT:  []
OUT_PORT:  []
DATA_MEM:  [169, 78]
---------------------------------------
DEBUG    root:machine.py:309 LD 0
TICK: 8186 PC:   0 ADDR:   0 MEM_OUT: 169 ACC: 4 BUFF: 169 DC: 0 FLAG_ZERO: False FLAG_LT: 0 FLAG_GT: 1
INPUT_PORT:  []
OUT_PORT:  []
DATA_MEM:  [169, 78]
---------------------------------------
DEBUG    root:machine.py:309 INC 
TICK: 8190 PC:   1 ADDR:   0 MEM_OUT: 169 ACC: 169 BUFF: 169 DC: 0 FLAG_ZERO: False FLAG_LT: 0 FLAG_GT: 1
INPUT_PORT:  []
OUT_PORT:  []
DATA_MEM:  [169, 78]
---------------------------------------
DEBUG    root:machine.py:309 ST 0
TICK: 8193 PC:   2 ADDR:   0 MEM_OUT: 169 ACC: 170 BUFF: 169 DC: 0 FLAG_ZERO: False FLAG_LT: 0 FLAG_GT: 1
INPUT_PORT:  []
OUT_PORT:  []
DATA_MEM:  [169, 78]
---------------------------------------
DEBUG    root:machine.py:309 CMP 1000
TICK: 8197 PC:   3 ADDR:   0 MEM_OUT: 170 ACC: 170 BUFF: 169 DC: 0 FLAG_ZERO: False FLAG_LT: 0 FLAG_GT: 1
INPUT_PORT:  []
OUT_PORT:  []
DATA_MEM:  [170, 78]
---------------------------------------
DEBUG    root:machine.py:309 JGE 22
TICK: 8200 PC:   4 ADDR:   0 MEM_OUT: 170 ACC: 170 BUFF: 169 DC: 0 FLAG_ZERO: False FLAG_LT: 1 FLAG_GT: 0
INPUT_PORT:  []
OUT_PORT:  []
DATA_MEM:  [170, 78]
---------------------------------------
DEBUG    root:machine.py:309 LD 0
TICK: 8203 PC:   5 ADDR:   0 MEM_OUT: 170 ACC: 170 BUFF: 169 DC: 0 FLAG_ZERO: False FLAG_LT: 1 FLAG_GT: 0
INPUT_PORT:  []
OUT_PORT:  []
DATA_MEM:  [170, 78]
---------------------------------------
DEBUG    root:machine.py:309 MOD 3
TICK: 8207 PC:   6 ADDR:   0 MEM_OUT: 170 ACC: 170 BUFF: 169 DC: 0 FLAG_ZERO: False FLAG_LT: 1 FLAG_GT: 0
INPUT_PORT:  []
OUT_PORT:  []
DATA_MEM:  [170, 78]
---------------------------------------
DEBUG    root:machine.py:309 CMP 0
TICK: 8211 PC:   7 ADDR:   0 MEM_OUT: 170 ACC: 2 BUFF: 170 DC: 0 FLAG_ZERO: False FLAG_LT: 1 FLAG_GT: 0
INPUT_PORT:  []
OUT_PORT:  []
DATA_MEM:  [170, 78]
---------------------------------------
DEBUG    root:machine.py:309 JE 14
TICK: 8214 PC:   8 ADDR:   0 MEM_OUT: 170 ACC: 2 BUFF: 170 DC: 0 FLAG_ZERO: False FLAG_LT: 0 FLAG_GT: 1
INPUT_PORT:  []
OUT_PORT:  []
DATA_MEM:  [170, 78]
---------------------------------------
DEBUG    root:machine.py:309 LD 0
TICK: 8217 PC:   9 ADDR:   0 MEM_OUT: 170 ACC: 2 BUFF: 170 DC: 0 FLAG_ZERO: False FLAG_LT: 0 FLAG_GT: 1
INPUT_PORT:  []
OUT_PORT:  []
DATA_MEM:  [170, 78]
---------------------------------------
DEBUG    root:machine.py:309 MOD 5
TICK: 8221 PC:  10 ADDR:   0 MEM_OUT: 170 ACC: 170 BUFF: 170 DC: 0 FLAG_ZERO: False FLAG_LT: 0 FLAG_GT: 1
INPUT_PORT:  []
OUT_PORT:  []
DATA_MEM:  [170, 78]
---------------------------------------
DEBUG    root:machine.py:309 CMP 0
TICK: 8225 PC:  11 ADDR:   0 MEM_OUT: 170 ACC: 0 BUFF: 170 DC: 0 FLAG_ZERO: False FLAG_LT: 0 FLAG_GT: 1
INPUT_PORT:  []
OUT_PORT:  []
DATA_MEM:  [170, 78]
---------------------------------------
DEBUG    root:machine.py:309 JE 18
TICK: 8228 PC:  12 ADDR:   0 MEM_OUT: 170 ACC: 0 BUFF: 170 DC: 0 FLAG_ZERO: True FLAG_LT: 0 FLAG_GT: 0
INPUT_PORT:  []
OUT_PORT:  []
DATA_MEM:  [170, 78]
---------------------------------------
DEBUG    root:machine.py:309 LD 4
TICK: 8231 PC:  18 ADDR:   0 MEM_OUT: 170 ACC: 0 BUFF: 170 DC: 0 FLAG_ZERO: True FLAG_LT: 0 FLAG_GT: 0
INPUT_PORT:  []
OUT_PORT:  []
DATA_MEM:  [170, 78]
---------------------------------------
DEBUG    root:machine.py:309 INC 
TICK: 8235 PC:  19 ADDR:   1 MEM_OUT: 78 ACC: 78 BUFF: 170 DC: 0 FLAG_ZERO: True FLAG_LT: 0 FLAG_GT: 0
INPUT_PORT:  []
OUT_PORT:  []
DATA_MEM:  [170, 78]
---------------------------------------
DEBUG    root:machine.py:309 ST 4
TICK: 8238 PC:  20 ADDR:   1 MEM_OUT: 78 ACC: 79 BUFF: 170 DC: 0 FLAG_ZERO: True FLAG_LT: 0 FLAG_GT: 0
INPUT_PORT:  []
OUT_PORT:  []
DATA_MEM:  [170, 78]
---------------------------------------
DEBUG    root:machine.py:309 JMP 0
TICK: 8242 PC:  21 ADDR:   1 MEM_OUT: 79 ACC: 79 BUFF: 170 DC: 0 FLAG_ZERO: True FLAG_LT: 0 FLAG_GT: 0
INPUT_PORT:  []
OUT_PORT:  []
DATA_MEM:  [170, 79]
---------------------------------------
DEBUG    root:machine.py:309 LD 0
TICK: 8245 PC:   0 ADDR:   1 MEM_OUT: 79 ACC: 79 BUFF: 170 DC: 0 FLAG_ZERO: True FLAG_LT: 0 FLAG_GT: 0
INPUT_PORT:  []
OUT_PORT:  []
DATA_MEM:  [170, 79]
---------------------------------------
DEBUG    root:machine.py:309 INC 
TICK: 8249 PC:   1 ADDR:   0 MEM_OUT: 170 ACC: 170 BUFF: 170 DC: 0 FLAG_ZERO: True FLAG_LT: 0 FLAG_GT: 0
INPUT_PORT:  []
OUT_PORT:  []
DATA_MEM:  [170, 79]
---------------------------------------
DEBUG    root:machine.py:309 ST 0
TICK: 8252 PC:   2 ADDR:   0 MEM_OUT: 170 ACC: 171 BUFF: 170 DC: 0 FLAG_ZERO: True FLAG_LT: 0 FLAG_GT: 0
INPUT_PORT:  []
OUT_PORT:  []
DATA_MEM:  [170, 79]
---------------------------------------
DEBUG    root:machine.py:309 CMP 1000
TICK: 8256 PC:   3 ADDR:   0 MEM_OUT: 171 ACC: 171 BUFF: 170 DC: 0 FLAG_ZERO: True FLAG_LT: 0 FLAG_GT: 0
INPUT_PORT:  []
OUT_PORT:  []
DATA_MEM:  [171, 79]
---------------------------------------
DEBUG    root:machine.py:309 JGE 22
TICK: 8259 PC:   4 ADDR:   0 MEM_OUT: 171 ACC: 171 BUFF: 170 DC: 0 FLAG_ZERO: False FLAG_LT: 1 FLAG_GT: 0
INPUT_PORT:  []
OUT_PORT:  []
DATA_MEM:  [171, 79]
---------------------------------------
DEBUG    root:machine.py:309 LD 0
TICK: 8262 PC:   5 ADDR:   0 MEM_OUT: 171 ACC: 171 BUFF: 170 DC: 0 FLAG_ZERO: False FLAG_LT: 1 FLAG_GT: 0
INPUT_PORT:  []
OUT_PORT:  []
DATA_MEM:  [171, 79]
---------------------------------------
DEBUG    root:machine.py:309 MOD 3
TICK: 8266 PC:   6 ADDR:   0 MEM_OUT: 171 ACC: 171 BUFF: 170 DC: 0 FLAG_ZERO: False FLAG_LT: 1 FLAG_GT: 0
INPUT_PORT:  []
OUT_PORT:  []
DATA_MEM:  [171, 79]
---------------------------------------
DEBUG    root:machine.py:309 CMP 0
TICK: 8270 PC:   7 ADDR:   0 MEM_OUT: 171 ACC: 0 BUFF: 171 DC: 0 FLAG_ZERO: False FLAG_LT: 1 FLAG_GT: 0
INPUT_PORT:  []
OUT_PORT:  []
DATA_MEM:  [171, 79]
---------------------------------------
DEBUG    root:machine.py:309 JE 14
TICK: 8273 PC:   8 ADDR:   0 MEM_OUT: 171 ACC: 0 BUFF: 171 DC: 0 FLAG_ZERO: True FLAG_LT: 0 FLAG_GT: 0
INPUT_PORT:  []
OUT_PORT:  []
DATA_MEM:  [171, 79]
---------------------------------------
DEBUG    root:machine.py:309 LD 4
TICK: 8276 PC:  14 ADDR:   0 MEM_OUT: 171 ACC: 0 BUFF: 171 DC: 0 FLAG_ZERO: True FLAG_LT: 0 FLAG_GT: 0
INPUT_PORT:  []
OUT_PORT:  []
DATA_MEM:  [171, 79]
---------------------------------------
DEBUG    root:machine.py:309 INC 
TICK: 8280 PC:  15 ADDR:   1 MEM_OUT: 79 ACC: 79 BUFF: 171 DC: 0 FLAG_ZERO: True FLAG_LT: 0 FLAG_GT: 0
INPUT_PORT:  []
OUT_PORT:  []
DATA_MEM:  [171, 79]
---------------------------------------
DEBUG    root:machine.py:309 ST 4
TICK: 8283 PC:  16 ADDR:   1 MEM_OUT: 79 ACC: 80 BUFF: 171 DC: 0 FLAG_ZERO: True FLAG_LT: 0 FLAG_GT: 0
INPUT_PORT:  []
OUT_PORT:  []
DATA_MEM:  [171, 79]
---------------------------------------
DEBUG    root:machine.py:309 JMP 0
TICK: 8287 PC:  17 ADDR:   1 MEM_OUT: 80 ACC: 80 BUFF: 171 DC: 0 FLAG_ZERO: True FLAG_LT: 0 FLAG_GT: 0
INPUT_PORT:  []
OUT_PORT:  []
DATA_MEM:  [171, 80]
---------------------------------------
DEBUG    root:machine.py:309 LD 0
TICK: 8290 PC:   0 ADDR:   1 MEM_OUT: 80 ACC: 80 BUFF: 171 DC: 0 FLAG_ZERO: True FLAG_LT: 0 FLAG_GT: 0
INPUT_PORT:  []
OUT_PORT:  []
DATA_MEM:  [171, 80]
---------------------------------------
DEBUG    root:machine.py:309 INC 
TICK: 8294 PC:   1 ADDR:   0 MEM_OUT: 171 ACC: 171 BUFF: 171 DC: 0 FLAG_ZERO: True FLAG_LT: 0 FLAG_GT: 0
INPUT_PORT:  []
OUT_PORT:  []
DATA_MEM:  [171, 80]
---------------------------------------
DEBUG    root:machine.py:309 ST 0
TICK: 8297 PC:   2 ADDR:   0 MEM_OUT: 171 ACC: 172 BUFF: 171 DC: 0 FLAG_ZERO: True FLAG_LT: 0 FLAG_GT: 0
INPUT_PORT:  []
OUT_PORT:  []
DATA_MEM:  [171, 80]
---------------------------------------
DEBUG    root:machine.py:309 CMP 1000
TICK: 8301 PC:   3 ADDR:   0 MEM_OUT: 172 ACC: 172 BUFF: 171 DC: 0 FLAG_ZERO: True FLAG_LT: 0 FLAG_GT: 0
INPUT_PORT:  []
OUT_PORT:  []
DATA_MEM:  [172, 80]
---------------------------------------
DEBUG    root:machine.py:309 JGE 22
TICK: 8304 PC:   4 ADDR:   0 MEM_OUT: 172 ACC: 172 BUFF: 171 DC: 0 FLAG_ZERO: False FLAG_LT: 1 FLAG_GT: 0
INPUT_PORT:  []
OUT_PORT:  []
DATA_MEM:  [172, 80]
---------------------------------------
DEBUG    root:machine.py:309 LD 0
TICK: 8307 PC:   5 ADDR:   0 MEM_OUT: 172 ACC: 172 BUFF: 171 DC: 0 FLAG_ZERO: False FLAG_LT: 1 FLAG_GT: 0
INPUT_PORT:  []
OUT_PORT:  []
DATA_MEM:  [172, 80]
---------------------------------------
DEBUG    root:machine.py:309 MOD 3
TICK: 8311 PC:   6 ADDR:   0 MEM_OUT: 172 ACC: 172 BUFF: 171 DC: 0 FLAG_ZERO: False FLAG_LT: 1 FLAG_GT: 0
INPUT_PORT:  []
OUT_PORT:  []
DATA_MEM:  [172, 80]
---------------------------------------
DEBUG    root:machine.py:309 CMP 0
TICK: 8315 PC:   7 ADDR:   0 MEM_OUT: 172 ACC: 1 BUFF: 172 DC: 0 FLAG_ZERO: False FLAG_LT: 1 FLAG_GT: 0
INPUT_PORT:  []
OUT_PORT:  []
DATA_MEM:  [172, 80]
---------------------------------------
DEBUG    root:machine.py:309 JE 14
TICK: 8318 PC:   8 ADDR:   0 MEM_OUT: 172 ACC: 1 BUFF: 172 DC: 0 FLAG_ZERO: False FLAG_LT: 0 FLAG_GT: 1
INPUT_PORT:  []
OUT_PORT:  []
DATA_MEM:  [172, 80]
---------------------------------------
DEBUG    root:machine.py:309 LD 0
TICK: 8321 PC:   9 ADDR:   0 MEM_OUT: 172 ACC: 1 BUFF: 172 DC: 0 FLAG_ZERO: False FLAG_LT: 0 FLAG_GT: 1
INPUT_PORT:  []
OUT_PORT:  []
DATA_MEM:  [172, 80]
---------------------------------------
DEBUG    root:machine.py:309 MOD 5
TICK: 8325 PC:  10 ADDR:   0 MEM_OUT: 172 ACC: 172 BUFF: 172 DC: 0 FLAG_ZERO: False FLAG_LT: 0 FLAG_GT: 1
INPUT_PORT:  []
OUT_PORT:  []
DATA_MEM:  [172, 80]
---------------------------------------
DEBUG    root:machine.py:309 CMP 0
TICK: 8329 PC:  11 ADDR:   0 MEM_OUT: 172 ACC: 2 BUFF: 172 DC: 0 FLAG_ZERO: False FLAG_LT: 0 FLAG_GT: 1
INPUT_PORT:  []
OUT_PORT:  []
DATA_MEM:  [172, 80]
---------------------------------------
DEBUG    root:machine.py:309 JE 18
TICK: 8332 PC:  12 ADDR:   0 MEM_OUT: 172 ACC: 2 BUFF: 172 DC: 0 FLAG_ZERO: False FLAG_LT: 0 FLAG_GT: 1
INPUT_PORT:  []
OUT_PORT:  []
DATA_MEM:  [172, 80]
---------------------------------------
DEBUG    root:machine.py:309 JMP 0
TICK: 8335 PC:  13 ADDR:   0 MEM_OUT: 172 ACC: 2 BUFF: 172 DC: 0 FLAG_ZERO: False FLAG_LT: 0 FLAG_GT: 1
INPUT_PORT:  []
OUT_PORT:  []
DATA_MEM:  [172, 80]
---------------------------------------
DEBUG    root:machine.py:309 LD 0
TICK: 8338 PC:   0 ADDR:   0 MEM_OUT: 172 ACC: 2 BUFF: 172 DC: 0 FLAG_ZERO: False FLAG_LT: 0 FLAG_GT: 1
INPUT_PORT:  []
OUT_PORT:  []
DATA_MEM:  [172, 80]
---------------------------------------
DEBUG    root:machine.py:309 INC 
TICK: 8342 PC:   1 ADDR:   0 MEM_OUT: 172 ACC: 172 BUFF: 172 DC: 0 FLAG_ZERO: False FLAG_LT: 0 FLAG_GT: 1
INPUT_PORT:  []
OUT_PORT:  []
DATA_MEM:  [172, 80]
---------------------------------------
DEBUG    root:machine.py:309 ST 0
TICK: 8345 PC:   2 ADDR:   0 MEM_OUT: 172 ACC: 173 BUFF: 172 DC: 0 FLAG_ZERO: False FLAG_LT: 0 FLAG_GT: 1
INPUT_PORT:  []
OUT_PORT:  []
DATA_MEM:  [172, 80]
---------------------------------------
DEBUG    root:machine.py:309 CMP 1000
TICK: 8349 PC:   3 ADDR:   0 MEM_OUT: 173 ACC: 173 BUFF: 172 DC: 0 FLAG_ZERO: False FLAG_LT: 0 FLAG_GT: 1
INPUT_PORT:  []
OUT_PORT:  []
DATA_MEM:  [173, 80]
---------------------------------------
DEBUG    root:machine.py:309 JGE 22
TICK: 8352 PC:   4 ADDR:   0 MEM_OUT: 173 ACC: 173 BUFF: 172 DC: 0 FLAG_ZERO: False FLAG_LT: 1 FLAG_GT: 0
INPUT_PORT:  []
OUT_PORT:  []
DATA_MEM:  [173, 80]
---------------------------------------
DEBUG    root:machine.py:309 LD 0
TICK: 8355 PC:   5 ADDR:   0 MEM_OUT: 173 ACC: 173 BUFF: 172 DC: 0 FLAG_ZERO: False FLAG_LT: 1 FLAG_GT: 0
INPUT_PORT:  []
OUT_PORT:  []
DATA_MEM:  [173, 80]
---------------------------------------
DEBUG    root:machine.py:309 MOD 3
TICK: 8359 PC:   6 ADDR:   0 MEM_OUT: 173 ACC: 173 BUFF: 172 DC: 0 FLAG_ZERO: False FLAG_LT: 1 FLAG_GT: 0
INPUT_PORT:  []
OUT_PORT:  []
DATA_MEM:  [173, 80]
---------------------------------------
DEBUG    root:machine.py:309 CMP 0
TICK: 8363 PC:   7 ADDR:   0 MEM_OUT: 173 ACC: 2 BUFF: 173 DC: 0 FLAG_ZERO: False FLAG_LT: 1 FLAG_GT: 0
INPUT_PORT:  []
OUT_PORT:  []
DATA_MEM:  [173, 80]
---------------------------------------
DEBUG    root:machine.py:309 JE 14
TICK: 8366 PC:   8 ADDR:   0 MEM_OUT: 173 ACC: 2 BUFF: 173 DC: 0 FLAG_ZERO: False FLAG_LT: 0 FLAG_GT: 1
INPUT_PORT:  []
OUT_PORT:  []
DATA_MEM:  [173, 80]
---------------------------------------
DEBUG    root:machine.py:309 LD 0
TICK: 8369 PC:   9 ADDR:   0 MEM_OUT: 173 ACC: 2 BUFF: 173 DC: 0 FLAG_ZERO: False FLAG_LT: 0 FLAG_GT: 1
INPUT_PORT:  []
OUT_PORT:  []
DATA_MEM:  [173, 80]
---------------------------------------
DEBUG    root:machine.py:309 MOD 5
TICK: 8373 PC:  10 ADDR:   0 MEM_OUT: 173 ACC: 173 BUFF: 173 DC: 0 FLAG_ZERO: False FLAG_LT: 0 FLAG_GT: 1
INPUT_PORT:  []
OUT_PORT:  []
DATA_MEM:  [173, 80]
---------------------------------------
DEBUG    root:machine.py:309 CMP 0
TICK: 8377 PC:  11 ADDR:   0 MEM_OUT: 173 ACC: 3 BUFF: 173 DC: 0 FLAG_ZERO: False FLAG_LT: 0 FLAG_GT: 1
INPUT_PORT:  []
OUT_PORT:  []
DATA_MEM:  [173, 80]
---------------------------------------
DEBUG    root:machine.py:309 JE 18
TICK: 8380 PC:  12 ADDR:   0 MEM_OUT: 173 ACC: 3 BUFF: 173 DC: 0 FLAG_ZERO: False FLAG_LT: 0 FLAG_GT: 1
INPUT_PORT:  []
OUT_PORT:  []
DATA_MEM:  [173, 80]
---------------------------------------
DEBUG    root:machine.py:309 JMP 0
TICK: 8383 PC:  13 ADDR:   0 MEM_OUT: 173 ACC: 3 BUFF: 173 DC: 0 FLAG_ZERO: False FLAG_LT: 0 FLAG_GT: 1
INPUT_PORT:  []
OUT_PORT:  []
DATA_MEM:  [173, 80]
---------------------------------------
DEBUG    root:machine.py:309 LD 0
TICK: 8386 PC:   0 ADDR:   0 MEM_OUT: 173 ACC: 3 BUFF: 173 DC: 0 FLAG_ZERO: False FLAG_LT: 0 FLAG_GT: 1
INPUT_PORT:  []
OUT_PORT:  []
DATA_MEM:  [173, 80]
---------------------------------------
DEBUG    root:machine.py:309 INC 
TICK: 8390 PC:   1 ADDR:   0 MEM_OUT: 173 ACC: 173 BUFF: 173 DC: 0 FLAG_ZERO: False FLAG_LT: 0 FLAG_GT: 1
INPUT_PORT:  []
OUT_PORT:  []
DATA_MEM:  [173, 80]
---------------------------------------
DEBUG    root:machine.py:309 ST 0
TICK: 8393 PC:   2 ADDR:   0 MEM_OUT: 173 ACC: 174 BUFF: 173 DC: 0 FLAG_ZERO: False FLAG_LT: 0 FLAG_GT: 1
INPUT_PORT:  []
OUT_PORT:  []
DATA_MEM:  [173, 80]
---------------------------------------
DEBUG    root:machine.py:309 CMP 1000
TICK: 8397 PC:   3 ADDR:   0 MEM_OUT: 174 ACC: 174 BUFF: 173 DC: 0 FLAG_ZERO: False FLAG_LT: 0 FLAG_GT: 1
INPUT_PORT:  []
OUT_PORT:  []
DATA_MEM:  [174, 80]
---------------------------------------
DEBUG    root:machine.py:309 JGE 22
TICK: 8400 PC:   4 ADDR:   0 MEM_OUT: 174 ACC: 174 BUFF: 173 DC: 0 FLAG_ZERO: False FLAG_LT: 1 FLAG_GT: 0
INPUT_PORT:  []
OUT_PORT:  []
DATA_MEM:  [174, 80]
---------------------------------------
DEBUG    root:machine.py:309 LD 0
TICK: 8403 PC:   5 ADDR:   0 MEM_OUT: 174 ACC: 174 BUFF: 173 DC: 0 FLAG_ZERO: False FLAG_LT: 1 FLAG_GT: 0
INPUT_PORT:  []
OUT_PORT:  []
DATA_MEM:  [174, 80]
---------------------------------------
DEBUG    root:machine.py:309 MOD 3
TICK: 8407 PC:   6 ADDR:   0 MEM_OUT: 174 ACC: 174 BUFF: 173 DC: 0 FLAG_ZERO: False FLAG_LT: 1 FLAG_GT: 0
INPUT_PORT:  []
OUT_PORT:  []
DATA_MEM:  [174, 80]
---------------------------------------
DEBUG    root:machine.py:309 CMP 0
TICK: 8411 PC:   7 ADDR:   0 MEM_OUT: 174 ACC: 0 BUFF: 174 DC: 0 FLAG_ZERO: False FLAG_LT: 1 FLAG_GT: 0
INPUT_PORT:  []
OUT_PORT:  []
DATA_MEM:  [174, 80]
---------------------------------------
DEBUG    root:machine.py:309 JE 14
TICK: 8414 PC:   8 ADDR:   0 MEM_OUT: 174 ACC: 0 BUFF: 174 DC: 0 FLAG_ZERO: True FLAG_LT: 0 FLAG_GT: 0
INPUT_PORT:  []
OUT_PORT:  []
DATA_MEM:  [174, 80]
---------------------------------------
DEBUG    root:machine.py:309 LD 4
TICK: 8417 PC:  14 ADDR:   0 MEM_OUT: 174 ACC: 0 BUFF: 174 DC: 0 FLAG_ZERO: True FLAG_LT: 0 FLAG_GT: 0
INPUT_PORT:  []
OUT_PORT:  []
DATA_MEM:  [174, 80]
---------------------------------------
DEBUG    root:machine.py:309 INC 
TICK: 8421 PC:  15 ADDR:   1 MEM_OUT: 80 ACC: 80 BUFF: 174 DC: 0 FLAG_ZERO: True FLAG_LT: 0 FLAG_GT: 0
INPUT_PORT:  []
OUT_PORT:  []
DATA_MEM:  [174, 80]
---------------------------------------
DEBUG    root:machine.py:309 ST 4
TICK: 8424 PC:  16 ADDR:   1 MEM_OUT: 80 ACC: 81 BUFF: 174 DC: 0 FLAG_ZERO: True FLAG_LT: 0 FLAG_GT: 0
INPUT_PORT:  []
OUT_PORT:  []
DATA_MEM:  [174, 80]
---------------------------------------
DEBUG    root:machine.py:309 JMP 0
TICK: 8428 PC:  17 ADDR:   1 MEM_OUT: 81 ACC: 81 BUFF: 174 DC: 0 FLAG_ZERO: True FLAG_LT: 0 FLAG_GT: 0
INPUT_PORT:  []
OUT_PORT:  []
DATA_MEM:  [174, 81]
---------------------------------------
DEBUG    root:machine.py:309 LD 0
TICK: 8431 PC:   0 ADDR:   1 MEM_OUT: 81 ACC: 81 BUFF: 174 DC: 0 FLAG_ZERO: True FLAG_LT: 0 FLAG_GT: 0
INPUT_PORT:  []
OUT_PORT:  []
DATA_MEM:  [174, 81]
---------------------------------------
DEBUG    root:machine.py:309 INC 
TICK: 8435 PC:   1 ADDR:   0 MEM_OUT: 174 ACC: 174 BUFF: 174 DC: 0 FLAG_ZERO: True FLAG_LT: 0 FLAG_GT: 0
INPUT_PORT:  []
OUT_PORT:  []
DATA_MEM:  [174, 81]
---------------------------------------
DEBUG    root:machine.py:309 ST 0
TICK: 8438 PC:   2 ADDR:   0 MEM_OUT: 174 ACC: 175 BUFF: 174 DC: 0 FLAG_ZERO: True FLAG_LT: 0 FLAG_GT: 0
INPUT_PORT:  []
OUT_PORT:  []
DATA_MEM:  [174, 81]
---------------------------------------
DEBUG    root:machine.py:309 CMP 1000
TICK: 8442 PC:   3 ADDR:   0 MEM_OUT: 175 ACC: 175 BUFF: 174 DC: 0 FLAG_ZERO: True FLAG_LT: 0 FLAG_GT: 0
INPUT_PORT:  []
OUT_PORT:  []
DATA_MEM:  [175, 81]
---------------------------------------
DEBUG    root:machine.py:309 JGE 22
TICK: 8445 PC:   4 ADDR:   0 MEM_OUT: 175 ACC: 175 BUFF: 174 DC: 0 FLAG_ZERO: False FLAG_LT: 1 FLAG_GT: 0
INPUT_PORT:  []
OUT_PORT:  []
DATA_MEM:  [175, 81]
---------------------------------------
DEBUG    root:machine.py:309 LD 0
TICK: 8448 PC:   5 ADDR:   0 MEM_OUT: 175 ACC: 175 BUFF: 174 DC: 0 FLAG_ZERO: False FLAG_LT: 1 FLAG_GT: 0
INPUT_PORT:  []
OUT_PORT:  []
DATA_MEM:  [175, 81]
---------------------------------------
DEBUG    root:machine.py:309 MOD 3
TICK: 8452 PC:   6 ADDR:   0 MEM_OUT: 175 ACC: 175 BUFF: 174 DC: 0 FLAG_ZERO: False FLAG_LT: 1 FLAG_GT: 0
INPUT_PORT:  []
OUT_PORT:  []
DATA_MEM:  [175, 81]
---------------------------------------
DEBUG    root:machine.py:309 CMP 0
TICK: 8456 PC:   7 ADDR:   0 MEM_OUT: 175 ACC: 1 BUFF: 175 DC: 0 FLAG_ZERO: False FLAG_LT: 1 FLAG_GT: 0
INPUT_PORT:  []
OUT_PORT:  []
DATA_MEM:  [175, 81]
---------------------------------------
DEBUG    root:machine.py:309 JE 14
TICK: 8459 PC:   8 ADDR:   0 MEM_OUT: 175 ACC: 1 BUFF: 175 DC: 0 FLAG_ZERO: False FLAG_LT: 0 FLAG_GT: 1
INPUT_PORT:  []
OUT_PORT:  []
DATA_MEM:  [175, 81]
---------------------------------------
DEBUG    root:machine.py:309 LD 0
TICK: 8462 PC:   9 ADDR:   0 MEM_OUT: 175 ACC: 1 BUFF: 175 DC: 0 FLAG_ZERO: False FLAG_LT: 0 FLAG_GT: 1
INPUT_PORT:  []
OUT_PORT:  []
DATA_MEM:  [175, 81]
---------------------------------------
DEBUG    root:machine.py:309 MOD 5
TICK: 8466 PC:  10 ADDR:   0 MEM_OUT: 175 ACC: 175 BUFF: 175 DC: 0 FLAG_ZERO: False FLAG_LT: 0 FLAG_GT: 1
INPUT_PORT:  []
OUT_PORT:  []
DATA_MEM:  [175, 81]
---------------------------------------
DEBUG    root:machine.py:309 CMP 0
TICK: 8470 PC:  11 ADDR:   0 MEM_OUT: 175 ACC: 0 BUFF: 175 DC: 0 FLAG_ZERO: False FLAG_LT: 0 FLAG_GT: 1
INPUT_PORT:  []
OUT_PORT:  []
DATA_MEM:  [175, 81]
---------------------------------------
DEBUG    root:machine.py:309 JE 18
TICK: 8473 PC:  12 ADDR:   0 MEM_OUT: 175 ACC: 0 BUFF: 175 DC: 0 FLAG_ZERO: True FLAG_LT: 0 FLAG_GT: 0
INPUT_PORT:  []
OUT_PORT:  []
DATA_MEM:  [175, 81]
---------------------------------------
DEBUG    root:machine.py:309 LD 4
TICK: 8476 PC:  18 ADDR:   0 MEM_OUT: 175 ACC: 0 BUFF: 175 DC: 0 FLAG_ZERO: True FLAG_LT: 0 FLAG_GT: 0
INPUT_PORT:  []
OUT_PORT:  []
DATA_MEM:  [175, 81]
---------------------------------------
DEBUG    root:machine.py:309 INC 
TICK: 8480 PC:  19 ADDR:   1 MEM_OUT: 81 ACC: 81 BUFF: 175 DC: 0 FLAG_ZERO: True FLAG_LT: 0 FLAG_GT: 0
INPUT_PORT:  []
OUT_PORT:  []
DATA_MEM:  [175, 81]
---------------------------------------
DEBUG    root:machine.py:309 ST 4
TICK: 8483 PC:  20 ADDR:   1 MEM_OUT: 81 ACC: 82 BUFF: 175 DC: 0 FLAG_ZERO: True FLAG_LT: 0 FLAG_GT: 0
INPUT_PORT:  []
OUT_PORT:  []
DATA_MEM:  [175, 81]
---------------------------------------
DEBUG    root:machine.py:309 JMP 0
TICK: 8487 PC:  21 ADDR:   1 MEM_OUT: 82 ACC: 82 BUFF: 175 DC: 0 FLAG_ZERO: True FLAG_LT: 0 FLAG_GT: 0
INPUT_PORT:  []
OUT_PORT:  []
DATA_MEM:  [175, 82]
---------------------------------------
DEBUG    root:machine.py:309 LD 0
TICK: 8490 PC:   0 ADDR:   1 MEM_OUT: 82 ACC: 82 BUFF: 175 DC: 0 FLAG_ZERO: True FLAG_LT: 0 FLAG_GT: 0
INPUT_PORT:  []
OUT_PORT:  []
DATA_MEM:  [175, 82]
---------------------------------------
DEBUG    root:machine.py:309 INC 
TICK: 8494 PC:   1 ADDR:   0 MEM_OUT: 175 ACC: 175 BUFF: 175 DC: 0 FLAG_ZERO: True FLAG_LT: 0 FLAG_GT: 0
INPUT_PORT:  []
OUT_PORT:  []
DATA_MEM:  [175, 82]
---------------------------------------
DEBUG    root:machine.py:309 ST 0
TICK: 8497 PC:   2 ADDR:   0 MEM_OUT: 175 ACC: 176 BUFF: 175 DC: 0 FLAG_ZERO: True FLAG_LT: 0 FLAG_GT: 0
INPUT_PORT:  []
OUT_PORT:  []
DATA_MEM:  [175, 82]
---------------------------------------
DEBUG    root:machine.py:309 CMP 1000
TICK: 8501 PC:   3 ADDR:   0 MEM_OUT: 176 ACC: 176 BUFF: 175 DC: 0 FLAG_ZERO: True FLAG_LT: 0 FLAG_GT: 0
INPUT_PORT:  []
OUT_PORT:  []
DATA_MEM:  [176, 82]
---------------------------------------
DEBUG    root:machine.py:309 JGE 22
TICK: 8504 PC:   4 ADDR:   0 MEM_OUT: 176 ACC: 176 BUFF: 175 DC: 0 FLAG_ZERO: False FLAG_LT: 1 FLAG_GT: 0
INPUT_PORT:  []
OUT_PORT:  []
DATA_MEM:  [176, 82]
---------------------------------------
DEBUG    root:machine.py:309 LD 0
TICK: 8507 PC:   5 ADDR:   0 MEM_OUT: 176 ACC: 176 BUFF: 175 DC: 0 FLAG_ZERO: False FLAG_LT: 1 FLAG_GT: 0
INPUT_PORT:  []
OUT_PORT:  []
DATA_MEM:  [176, 82]
---------------------------------------
DEBUG    root:machine.py:309 MOD 3
TICK: 8511 PC:   6 ADDR:   0 MEM_OUT: 176 ACC: 176 BUFF: 175 DC: 0 FLAG_ZERO: False FLAG_LT: 1 FLAG_GT: 0
INPUT_PORT:  []
OUT_PORT:  []
DATA_MEM:  [176, 82]
---------------------------------------
DEBUG    root:machine.py:309 CMP 0
TICK: 8515 PC:   7 ADDR:   0 MEM_OUT: 176 ACC: 2 BUFF: 176 DC: 0 FLAG_ZERO: False FLAG_LT: 1 FLAG_GT: 0
INPUT_PORT:  []
OUT_PORT:  []
DATA_MEM:  [176, 82]
---------------------------------------
DEBUG    root:machine.py:309 JE 14
TICK: 8518 PC:   8 ADDR:   0 MEM_OUT: 176 ACC: 2 BUFF: 176 DC: 0 FLAG_ZERO: False FLAG_LT: 0 FLAG_GT: 1
INPUT_PORT:  []
OUT_PORT:  []
DATA_MEM:  [176, 82]
---------------------------------------
DEBUG    root:machine.py:309 LD 0
TICK: 8521 PC:   9 ADDR:   0 MEM_OUT: 176 ACC: 2 BUFF: 176 DC: 0 FLAG_ZERO: False FLAG_LT: 0 FLAG_GT: 1
INPUT_PORT:  []
OUT_PORT:  []
DATA_MEM:  [176, 82]
---------------------------------------
DEBUG    root:machine.py:309 MOD 5
TICK: 8525 PC:  10 ADDR:   0 MEM_OUT: 176 ACC: 176 BUFF: 176 DC: 0 FLAG_ZERO: False FLAG_LT: 0 FLAG_GT: 1
INPUT_PORT:  []
OUT_PORT:  []
DATA_MEM:  [176, 82]
---------------------------------------
DEBUG    root:machine.py:309 CMP 0
TICK: 8529 PC:  11 ADDR:   0 MEM_OUT: 176 ACC: 1 BUFF: 176 DC: 0 FLAG_ZERO: False FLAG_LT: 0 FLAG_GT: 1
INPUT_PORT:  []
OUT_PORT:  []
DATA_MEM:  [176, 82]
---------------------------------------
DEBUG    root:machine.py:309 JE 18
TICK: 8532 PC:  12 ADDR:   0 MEM_OUT: 176 ACC: 1 BUFF: 176 DC: 0 FLAG_ZERO: False FLAG_LT: 0 FLAG_GT: 1
INPUT_PORT:  []
OUT_PORT:  []
DATA_MEM:  [176, 82]
---------------------------------------
DEBUG    root:machine.py:309 JMP 0
TICK: 8535 PC:  13 ADDR:   0 MEM_OUT: 176 ACC: 1 BUFF: 176 DC: 0 FLAG_ZERO: False FLAG_LT: 0 FLAG_GT: 1
INPUT_PORT:  []
OUT_PORT:  []
DATA_MEM:  [176, 82]
---------------------------------------
DEBUG    root:machine.py:309 LD 0
TICK: 8538 PC:   0 ADDR:   0 MEM_OUT: 176 ACC: 1 BUFF: 176 DC: 0 FLAG_ZERO: False FLAG_LT: 0 FLAG_GT: 1
INPUT_PORT:  []
OUT_PORT:  []
DATA_MEM:  [176, 82]
---------------------------------------
DEBUG    root:machine.py:309 INC 
TICK: 8542 PC:   1 ADDR:   0 MEM_OUT: 176 ACC: 176 BUFF: 176 DC: 0 FLAG_ZERO: False FLAG_LT: 0 FLAG_GT: 1
INPUT_PORT:  []
OUT_PORT:  []
DATA_MEM:  [176, 82]
---------------------------------------
DEBUG    root:machine.py:309 ST 0
TICK: 8545 PC:   2 ADDR:   0 MEM_OUT: 176 ACC: 177 BUFF: 176 DC: 0 FLAG_ZERO: False FLAG_LT: 0 FLAG_GT: 1
INPUT_PORT:  []
OUT_PORT:  []
DATA_MEM:  [176, 82]
---------------------------------------
DEBUG    root:machine.py:309 CMP 1000
TICK: 8549 PC:   3 ADDR:   0 MEM_OUT: 177 ACC: 177 BUFF: 176 DC: 0 FLAG_ZERO: False FLAG_LT: 0 FLAG_GT: 1
INPUT_PORT:  []
OUT_PORT:  []
DATA_MEM:  [177, 82]
---------------------------------------
DEBUG    root:machine.py:309 JGE 22
TICK: 8552 PC:   4 ADDR:   0 MEM_OUT: 177 ACC: 177 BUFF: 176 DC: 0 FLAG_ZERO: False FLAG_LT: 1 FLAG_GT: 0
INPUT_PORT:  []
OUT_PORT:  []
DATA_MEM:  [177, 82]
---------------------------------------
DEBUG    root:machine.py:309 LD 0
TICK: 8555 PC:   5 ADDR:   0 MEM_OUT: 177 ACC: 177 BUFF: 176 DC: 0 FLAG_ZERO: False FLAG_LT: 1 FLAG_GT: 0
INPUT_PORT:  []
OUT_PORT:  []
DATA_MEM:  [177, 82]
---------------------------------------
DEBUG    root:machine.py:309 MOD 3
TICK: 8559 PC:   6 ADDR:   0 MEM_OUT: 177 ACC: 177 BUFF: 176 DC: 0 FLAG_ZERO: False FLAG_LT: 1 FLAG_GT: 0
INPUT_PORT:  []
OUT_PORT:  []
DATA_MEM:  [177, 82]
---------------------------------------
DEBUG    root:machine.py:309 CMP 0
TICK: 8563 PC:   7 ADDR:   0 MEM_OUT: 177 ACC: 0 BUFF: 177 DC: 0 FLAG_ZERO: False FLAG_LT: 1 FLAG_GT: 0
INPUT_PORT:  []
OUT_PORT:  []
DATA_MEM:  [177, 82]
---------------------------------------
DEBUG    root:machine.py:309 JE 14
TICK: 8566 PC:   8 ADDR:   0 MEM_OUT: 177 ACC: 0 BUFF: 177 DC: 0 FLAG_ZERO: True FLAG_LT: 0 FLAG_GT: 0
INPUT_PORT:  []
OUT_PORT:  []
DATA_MEM:  [177, 82]
---------------------------------------
DEBUG    root:machine.py:309 LD 4
TICK: 8569 PC:  14 ADDR:   0 MEM_OUT: 177 ACC: 0 BUFF: 177 DC: 0 FLAG_ZERO: True FLAG_LT: 0 FLAG_GT: 0
INPUT_PORT:  []
OUT_PORT:  []
DATA_MEM:  [177, 82]
---------------------------------------
DEBUG    root:machine.py:309 INC 
TICK: 8573 PC:  15 ADDR:   1 MEM_OUT: 82 ACC: 82 BUFF: 177 DC: 0 FLAG_ZERO: True FLAG_LT: 0 FLAG_GT: 0
INPUT_PORT:  []
OUT_PORT:  []
DATA_MEM:  [177, 82]
---------------------------------------
DEBUG    root:machine.py:309 ST 4
TICK: 8576 PC:  16 ADDR:   1 MEM_OUT: 82 ACC: 83 BUFF: 177 DC: 0 FLAG_ZERO: True FLAG_LT: 0 FLAG_GT: 0
INPUT_PORT:  []
OUT_PORT:  []
DATA_MEM:  [177, 82]
---------------------------------------
DEBUG    root:machine.py:309 JMP 0
TICK: 8580 PC:  17 ADDR:   1 MEM_OUT: 83 ACC: 83 BUFF: 177 DC: 0 FLAG_ZERO: True FLAG_LT: 0 FLAG_GT: 0
INPUT_PORT:  []
OUT_PORT:  []
DATA_MEM:  [177, 83]
---------------------------------------
DEBUG    root:machine.py:309 LD 0
TICK: 8583 PC:   0 ADDR:   1 MEM_OUT: 83 ACC: 83 BUFF: 177 DC: 0 FLAG_ZERO: True FLAG_LT: 0 FLAG_GT: 0
INPUT_PORT:  []
OUT_PORT:  []
DATA_MEM:  [177, 83]
---------------------------------------
DEBUG    root:machine.py:309 INC 
TICK: 8587 PC:   1 ADDR:   0 MEM_OUT: 177 ACC: 177 BUFF: 177 DC: 0 FLAG_ZERO: True FLAG_LT: 0 FLAG_GT: 0
INPUT_PORT:  []
OUT_PORT:  []
DATA_MEM:  [177, 83]
---------------------------------------
DEBUG    root:machine.py:309 ST 0
TICK: 8590 PC:   2 ADDR:   0 MEM_OUT: 177 ACC: 178 BUFF: 177 DC: 0 FLAG_ZERO: True FLAG_LT: 0 FLAG_GT: 0
INPUT_PORT:  []
OUT_PORT:  []
DATA_MEM:  [177, 83]
---------------------------------------
DEBUG    root:machine.py:309 CMP 1000
TICK: 8594 PC:   3 ADDR:   0 MEM_OUT: 178 ACC: 178 BUFF: 177 DC: 0 FLAG_ZERO: True FLAG_LT: 0 FLAG_GT: 0
INPUT_PORT:  []
OUT_PORT:  []
DATA_MEM:  [178, 83]
---------------------------------------
DEBUG    root:machine.py:309 JGE 22
TICK: 8597 PC:   4 ADDR:   0 MEM_OUT: 178 ACC: 178 BUFF: 177 DC: 0 FLAG_ZERO: False FLAG_LT: 1 FLAG_GT: 0
INPUT_PORT:  []
OUT_PORT:  []
DATA_MEM:  [178, 83]
---------------------------------------
DEBUG    root:machine.py:309 LD 0
TICK: 8600 PC:   5 ADDR:   0 MEM_OUT: 178 ACC: 178 BUFF: 177 DC: 0 FLAG_ZERO: False FLAG_LT: 1 FLAG_GT: 0
INPUT_PORT:  []
OUT_PORT:  []
DATA_MEM:  [178, 83]
---------------------------------------
DEBUG    root:machine.py:309 MOD 3
TICK: 8604 PC:   6 ADDR:   0 MEM_OUT: 178 ACC: 178 BUFF: 177 DC: 0 FLAG_ZERO: False FLAG_LT: 1 FLAG_GT: 0
INPUT_PORT:  []
OUT_PORT:  []
DATA_MEM:  [178, 83]
---------------------------------------
DEBUG    root:machine.py:309 CMP 0
TICK: 8608 PC:   7 ADDR:   0 MEM_OUT: 178 ACC: 1 BUFF: 178 DC: 0 FLAG_ZERO: False FLAG_LT: 1 FLAG_GT: 0
INPUT_PORT:  []
OUT_PORT:  []
DATA_MEM:  [178, 83]
---------------------------------------
DEBUG    root:machine.py:309 JE 14
TICK: 8611 PC:   8 ADDR:   0 MEM_OUT: 178 ACC: 1 BUFF: 178 DC: 0 FLAG_ZERO: False FLAG_LT: 0 FLAG_GT: 1
INPUT_PORT:  []
OUT_PORT:  []
DATA_MEM:  [178, 83]
---------------------------------------
DEBUG    root:machine.py:309 LD 0
TICK: 8614 PC:   9 ADDR:   0 MEM_OUT: 178 ACC: 1 BUFF: 178 DC: 0 FLAG_ZERO: False FLAG_LT: 0 FLAG_GT: 1
INPUT_PORT:  []
OUT_PORT:  []
DATA_MEM:  [178, 83]
---------------------------------------
DEBUG    root:machine.py:309 MOD 5
TICK: 8618 PC:  10 ADDR:   0 MEM_OUT: 178 ACC: 178 BUFF: 178 DC: 0 FLAG_ZERO: False FLAG_LT: 0 FLAG_GT: 1
INPUT_PORT:  []
OUT_PORT:  []
DATA_MEM:  [178, 83]
---------------------------------------
DEBUG    root:machine.py:309 CMP 0
TICK: 8622 PC:  11 ADDR:   0 MEM_OUT: 178 ACC: 3 BUFF: 178 DC: 0 FLAG_ZERO: False FLAG_LT: 0 FLAG_GT: 1
INPUT_PORT:  []
OUT_PORT:  []
DATA_MEM:  [178, 83]
---------------------------------------
DEBUG    root:machine.py:309 JE 18
TICK: 8625 PC:  12 ADDR:   0 MEM_OUT: 178 ACC: 3 BUFF: 178 DC: 0 FLAG_ZERO: False FLAG_LT: 0 FLAG_GT: 1
INPUT_PORT:  []
OUT_PORT:  []
DATA_MEM:  [178, 83]
---------------------------------------
DEBUG    root:machine.py:309 JMP 0
TICK: 8628 PC:  13 ADDR:   0 MEM_OUT: 178 ACC: 3 BUFF: 178 DC: 0 FLAG_ZERO: False FLAG_LT: 0 FLAG_GT: 1
INPUT_PORT:  []
OUT_PORT:  []
DATA_MEM:  [178, 83]
---------------------------------------
DEBUG    root:machine.py:309 LD 0
TICK: 8631 PC:   0 ADDR:   0 MEM_OUT: 178 ACC: 3 BUFF: 178 DC: 0 FLAG_ZERO: False FLAG_LT: 0 FLAG_GT: 1
INPUT_PORT:  []
OUT_PORT:  []
DATA_MEM:  [178, 83]
---------------------------------------
DEBUG    root:machine.py:309 INC 
TICK: 8635 PC:   1 ADDR:   0 MEM_OUT: 178 ACC: 178 BUFF: 178 DC: 0 FLAG_ZERO: False FLAG_LT: 0 FLAG_GT: 1
INPUT_PORT:  []
OUT_PORT:  []
DATA_MEM:  [178, 83]
---------------------------------------
DEBUG    root:machine.py:309 ST 0
TICK: 8638 PC:   2 ADDR:   0 MEM_OUT: 178 ACC: 179 BUFF: 178 DC: 0 FLAG_ZERO: False FLAG_LT: 0 FLAG_GT: 1
INPUT_PORT:  []
OUT_PORT:  []
DATA_MEM:  [178, 83]
---------------------------------------
DEBUG    root:machine.py:309 CMP 1000
TICK: 8642 PC:   3 ADDR:   0 MEM_OUT: 179 ACC: 179 BUFF: 178 DC: 0 FLAG_ZERO: False FLAG_LT: 0 FLAG_GT: 1
INPUT_PORT:  []
OUT_PORT:  []
DATA_MEM:  [179, 83]
---------------------------------------
DEBUG    root:machine.py:309 JGE 22
TICK: 8645 PC:   4 ADDR:   0 MEM_OUT: 179 ACC: 179 BUFF: 178 DC: 0 FLAG_ZERO: False FLAG_LT: 1 FLAG_GT: 0
INPUT_PORT:  []
OUT_PORT:  []
DATA_MEM:  [179, 83]
---------------------------------------
DEBUG    root:machine.py:309 LD 0
TICK: 8648 PC:   5 ADDR:   0 MEM_OUT: 179 ACC: 179 BUFF: 178 DC: 0 FLAG_ZERO: False FLAG_LT: 1 FLAG_GT: 0
INPUT_PORT:  []
OUT_PORT:  []
DATA_MEM:  [179, 83]
---------------------------------------
DEBUG    root:machine.py:309 MOD 3
TICK: 8652 PC:   6 ADDR:   0 MEM_OUT: 179 ACC: 179 BUFF: 178 DC: 0 FLAG_ZERO: False FLAG_LT: 1 FLAG_GT: 0
INPUT_PORT:  []
OUT_PORT:  []
DATA_MEM:  [179, 83]
---------------------------------------
DEBUG    root:machine.py:309 CMP 0
TICK: 8656 PC:   7 ADDR:   0 MEM_OUT: 179 ACC: 2 BUFF: 179 DC: 0 FLAG_ZERO: False FLAG_LT: 1 FLAG_GT: 0
INPUT_PORT:  []
OUT_PORT:  []
DATA_MEM:  [179, 83]
---------------------------------------
DEBUG    root:machine.py:309 JE 14
TICK: 8659 PC:   8 ADDR:   0 MEM_OUT: 179 ACC: 2 BUFF: 179 DC: 0 FLAG_ZERO: False FLAG_LT: 0 FLAG_GT: 1
INPUT_PORT:  []
OUT_PORT:  []
DATA_MEM:  [179, 83]
---------------------------------------
DEBUG    root:machine.py:309 LD 0
TICK: 8662 PC:   9 ADDR:   0 MEM_OUT: 179 ACC: 2 BUFF: 179 DC: 0 FLAG_ZERO: False FLAG_LT: 0 FLAG_GT: 1
INPUT_PORT:  []
OUT_PORT:  []
DATA_MEM:  [179, 83]
---------------------------------------
DEBUG    root:machine.py:309 MOD 5
TICK: 8666 PC:  10 ADDR:   0 MEM_OUT: 179 ACC: 179 BUFF: 179 DC: 0 FLAG_ZERO: False FLAG_LT: 0 FLAG_GT: 1
INPUT_PORT:  []
OUT_PORT:  []
DATA_MEM:  [179, 83]
---------------------------------------
DEBUG    root:machine.py:309 CMP 0
TICK: 8670 PC:  11 ADDR:   0 MEM_OUT: 179 ACC: 4 BUFF: 179 DC: 0 FLAG_ZERO: False FLAG_LT: 0 FLAG_GT: 1
INPUT_PORT:  []
OUT_PORT:  []
DATA_MEM:  [179, 83]
---------------------------------------
DEBUG    root:machine.py:309 JE 18
TICK: 8673 PC:  12 ADDR:   0 MEM_OUT: 179 ACC: 4 BUFF: 179 DC: 0 FLAG_ZERO: False FLAG_LT: 0 FLAG_GT: 1
INPUT_PORT:  []
OUT_PORT:  []
DATA_MEM:  [179, 83]
---------------------------------------
DEBUG    root:machine.py:309 JMP 0
TICK: 8676 PC:  13 ADDR:   0 MEM_OUT: 179 ACC: 4 BUFF: 179 DC: 0 FLAG_ZERO: False FLAG_LT: 0 FLAG_GT: 1
INPUT_PORT:  []
OUT_PORT:  []
DATA_MEM:  [179, 83]
---------------------------------------
DEBUG    root:machine.py:309 LD 0
TICK: 8679 PC:   0 ADDR:   0 MEM_OUT: 179 ACC: 4 BUFF: 179 DC: 0 FLAG_ZERO: False FLAG_LT: 0 FLAG_GT: 1
INPUT_PORT:  []
OUT_PORT:  []
DATA_MEM:  [179, 83]
---------------------------------------
DEBUG    root:machine.py:309 INC 
TICK: 8683 PC:   1 ADDR:   0 MEM_OUT: 179 ACC: 179 BUFF: 179 DC: 0 FLAG_ZERO: False FLAG_LT: 0 FLAG_GT: 1
INPUT_PORT:  []
OUT_PORT:  []
DATA_MEM:  [179, 83]
---------------------------------------
DEBUG    root:machine.py:309 ST 0
TICK: 8686 PC:   2 ADDR:   0 MEM_OUT: 179 ACC: 180 BUFF: 179 DC: 0 FLAG_ZERO: False FLAG_LT: 0 FLAG_GT: 1
INPUT_PORT:  []
OUT_PORT:  []
DATA_MEM:  [179, 83]
---------------------------------------
DEBUG    root:machine.py:309 CMP 1000
TICK: 8690 PC:   3 ADDR:   0 MEM_OUT: 180 ACC: 180 BUFF: 179 DC: 0 FLAG_ZERO: False FLAG_LT: 0 FLAG_GT: 1
INPUT_PORT:  []
OUT_PORT:  []
DATA_MEM:  [180, 83]
---------------------------------------
DEBUG    root:machine.py:309 JGE 22
TICK: 8693 PC:   4 ADDR:   0 MEM_OUT: 180 ACC: 180 BUFF: 179 DC: 0 FLAG_ZERO: False FLAG_LT: 1 FLAG_GT: 0
INPUT_PORT:  []
OUT_PORT:  []
DATA_MEM:  [180, 83]
---------------------------------------
DEBUG    root:machine.py:309 LD 0
TICK: 8696 PC:   5 ADDR:   0 MEM_OUT: 180 ACC: 180 BUFF: 179 DC: 0 FLAG_ZERO: False FLAG_LT: 1 FLAG_GT: 0
INPUT_PORT:  []
OUT_PORT:  []
DATA_MEM:  [180, 83]
---------------------------------------
DEBUG    root:machine.py:309 MOD 3
TICK: 8700 PC:   6 ADDR:   0 MEM_OUT: 180 ACC: 180 BUFF: 179 DC: 0 FLAG_ZERO: False FLAG_LT: 1 FLAG_GT: 0
INPUT_PORT:  []
OUT_PORT:  []
DATA_MEM:  [180, 83]
---------------------------------------
DEBUG    root:machine.py:309 CMP 0
TICK: 8704 PC:   7 ADDR:   0 MEM_OUT: 180 ACC: 0 BUFF: 180 DC: 0 FLAG_ZERO: False FLAG_LT: 1 FLAG_GT: 0
INPUT_PORT:  []
OUT_PORT:  []
DATA_MEM:  [180, 83]
---------------------------------------
DEBUG    root:machine.py:309 JE 14
TICK: 8707 PC:   8 ADDR:   0 MEM_OUT: 180 ACC: 0 BUFF: 180 DC: 0 FLAG_ZERO: True FLAG_LT: 0 FLAG_GT: 0
INPUT_PORT:  []
OUT_PORT:  []
DATA_MEM:  [180, 83]
---------------------------------------
DEBUG    root:machine.py:309 LD 4
TICK: 8710 PC:  14 ADDR:   0 MEM_OUT: 180 ACC: 0 BUFF: 180 DC: 0 FLAG_ZERO: True FLAG_LT: 0 FLAG_GT: 0
INPUT_PORT:  []
OUT_PORT:  []
DATA_MEM:  [180, 83]
---------------------------------------
DEBUG    root:machine.py:309 INC 
TICK: 8714 PC:  15 ADDR:   1 MEM_OUT: 83 ACC: 83 BUFF: 180 DC: 0 FLAG_ZERO: True FLAG_LT: 0 FLAG_GT: 0
INPUT_PORT:  []
OUT_PORT:  []
DATA_MEM:  [180, 83]
---------------------------------------
DEBUG    root:machine.py:309 ST 4
TICK: 8717 PC:  16 ADDR:   1 MEM_OUT: 83 ACC: 84 BUFF: 180 DC: 0 FLAG_ZERO: True FLAG_LT: 0 FLAG_GT: 0
INPUT_PORT:  []
OUT_PORT:  []
DATA_MEM:  [180, 83]
---------------------------------------
DEBUG    root:machine.py:309 JMP 0
TICK: 8721 PC:  17 ADDR:   1 MEM_OUT: 84 ACC: 84 BUFF: 180 DC: 0 FLAG_ZERO: True FLAG_LT: 0 FLAG_GT: 0
INPUT_PORT:  []
OUT_PORT:  []
DATA_MEM:  [180, 84]
---------------------------------------
DEBUG    root:machine.py:309 LD 0
TICK: 8724 PC:   0 ADDR:   1 MEM_OUT: 84 ACC: 84 BUFF: 180 DC: 0 FLAG_ZERO: True FLAG_LT: 0 FLAG_GT: 0
INPUT_PORT:  []
OUT_PORT:  []
DATA_MEM:  [180, 84]
---------------------------------------
DEBUG    root:machine.py:309 INC 
TICK: 8728 PC:   1 ADDR:   0 MEM_OUT: 180 ACC: 180 BUFF: 180 DC: 0 FLAG_ZERO: True FLAG_LT: 0 FLAG_GT: 0
INPUT_PORT:  []
OUT_PORT:  []
DATA_MEM:  [180, 84]
---------------------------------------
DEBUG    root:machine.py:309 ST 0
TICK: 8731 PC:   2 ADDR:   0 MEM_OUT: 180 ACC: 181 BUFF: 180 DC: 0 FLAG_ZERO: True FLAG_LT: 0 FLAG_GT: 0
INPUT_PORT:  []
OUT_PORT:  []
DATA_MEM:  [180, 84]
---------------------------------------
DEBUG    root:machine.py:309 CMP 1000
TICK: 8735 PC:   3 ADDR:   0 MEM_OUT: 181 ACC: 181 BUFF: 180 DC: 0 FLAG_ZERO: True FLAG_LT: 0 FLAG_GT: 0
INPUT_PORT:  []
OUT_PORT:  []
DATA_MEM:  [181, 84]
---------------------------------------
DEBUG    root:machine.py:309 JGE 22
TICK: 8738 PC:   4 ADDR:   0 MEM_OUT: 181 ACC: 181 BUFF: 180 DC: 0 FLAG_ZERO: False FLAG_LT: 1 FLAG_GT: 0
INPUT_PORT:  []
OUT_PORT:  []
DATA_MEM:  [181, 84]
---------------------------------------
DEBUG    root:machine.py:309 LD 0
TICK: 8741 PC:   5 ADDR:   0 MEM_OUT: 181 ACC: 181 BUFF: 180 DC: 0 FLAG_ZERO: False FLAG_LT: 1 FLAG_GT: 0
INPUT_PORT:  []
OUT_PORT:  []
DATA_MEM:  [181, 84]
---------------------------------------
DEBUG    root:machine.py:309 MOD 3
TICK: 8745 PC:   6 ADDR:   0 MEM_OUT: 181 ACC: 181 BUFF: 180 DC: 0 FLAG_ZERO: False FLAG_LT: 1 FLAG_GT: 0
INPUT_PORT:  []
OUT_PORT:  []
DATA_MEM:  [181, 84]
---------------------------------------
DEBUG    root:machine.py:309 CMP 0
TICK: 8749 PC:   7 ADDR:   0 MEM_OUT: 181 ACC: 1 BUFF: 181 DC: 0 FLAG_ZERO: False FLAG_LT: 1 FLAG_GT: 0
INPUT_PORT:  []
OUT_PORT:  []
DATA_MEM:  [181, 84]
---------------------------------------
DEBUG    root:machine.py:309 JE 14
TICK: 8752 PC:   8 ADDR:   0 MEM_OUT: 181 ACC: 1 BUFF: 181 DC: 0 FLAG_ZERO: False FLAG_LT: 0 FLAG_GT: 1
INPUT_PORT:  []
OUT_PORT:  []
DATA_MEM:  [181, 84]
---------------------------------------
DEBUG    root:machine.py:309 LD 0
TICK: 8755 PC:   9 ADDR:   0 MEM_OUT: 181 ACC: 1 BUFF: 181 DC: 0 FLAG_ZERO: False FLAG_LT: 0 FLAG_GT: 1
INPUT_PORT:  []
OUT_PORT:  []
DATA_MEM:  [181, 84]
---------------------------------------
DEBUG    root:machine.py:309 MOD 5
TICK: 8759 PC:  10 ADDR:   0 MEM_OUT: 181 ACC: 181 BUFF: 181 DC: 0 FLAG_ZERO: False FLAG_LT: 0 FLAG_GT: 1
INPUT_PORT:  []
OUT_PORT:  []
DATA_MEM:  [181, 84]
---------------------------------------
DEBUG    root:machine.py:309 CMP 0
TICK: 8763 PC:  11 ADDR:   0 MEM_OUT: 181 ACC: 1 BUFF: 181 DC: 0 FLAG_ZERO: False FLAG_LT: 0 FLAG_GT: 1
INPUT_PORT:  []
OUT_PORT:  []
DATA_MEM:  [181, 84]
---------------------------------------
DEBUG    root:machine.py:309 JE 18
TICK: 8766 PC:  12 ADDR:   0 MEM_OUT: 181 ACC: 1 BUFF: 181 DC: 0 FLAG_ZERO: False FLAG_LT: 0 FLAG_GT: 1
INPUT_PORT:  []
OUT_PORT:  []
DATA_MEM:  [181, 84]
---------------------------------------
DEBUG    root:machine.py:309 JMP 0
TICK: 8769 PC:  13 ADDR:   0 MEM_OUT: 181 ACC: 1 BUFF: 181 DC: 0 FLAG_ZERO: False FLAG_LT: 0 FLAG_GT: 1
INPUT_PORT:  []
OUT_PORT:  []
DATA_MEM:  [181, 84]
---------------------------------------
DEBUG    root:machine.py:309 LD 0
TICK: 8772 PC:   0 ADDR:   0 MEM_OUT: 181 ACC: 1 BUFF: 181 DC: 0 FLAG_ZERO: False FLAG_LT: 0 FLAG_GT: 1
INPUT_PORT:  []
OUT_PORT:  []
DATA_MEM:  [181, 84]
---------------------------------------
DEBUG    root:machine.py:309 INC 
TICK: 8776 PC:   1 ADDR:   0 MEM_OUT: 181 ACC: 181 BUFF: 181 DC: 0 FLAG_ZERO: False FLAG_LT: 0 FLAG_GT: 1
INPUT_PORT:  []
OUT_PORT:  []
DATA_MEM:  [181, 84]
---------------------------------------
DEBUG    root:machine.py:309 ST 0
TICK: 8779 PC:   2 ADDR:   0 MEM_OUT: 181 ACC: 182 BUFF: 181 DC: 0 FLAG_ZERO: False FLAG_LT: 0 FLAG_GT: 1
INPUT_PORT:  []
OUT_PORT:  []
DATA_MEM:  [181, 84]
---------------------------------------
DEBUG    root:machine.py:309 CMP 1000
TICK: 8783 PC:   3 ADDR:   0 MEM_OUT: 182 ACC: 182 BUFF: 181 DC: 0 FLAG_ZERO: False FLAG_LT: 0 FLAG_GT: 1
INPUT_PORT:  []
OUT_PORT:  []
DATA_MEM:  [182, 84]
---------------------------------------
DEBUG    root:machine.py:309 JGE 22
TICK: 8786 PC:   4 ADDR:   0 MEM_OUT: 182 ACC: 182 BUFF: 181 DC: 0 FLAG_ZERO: False FLAG_LT: 1 FLAG_GT: 0
INPUT_PORT:  []
OUT_PORT:  []
DATA_MEM:  [182, 84]
---------------------------------------
DEBUG    root:machine.py:309 LD 0
TICK: 8789 PC:   5 ADDR:   0 MEM_OUT: 182 ACC: 182 BUFF: 181 DC: 0 FLAG_ZERO: False FLAG_LT: 1 FLAG_GT: 0
INPUT_PORT:  []
OUT_PORT:  []
DATA_MEM:  [182, 84]
---------------------------------------
DEBUG    root:machine.py:309 MOD 3
TICK: 8793 PC:   6 ADDR:   0 MEM_OUT: 182 ACC: 182 BUFF: 181 DC: 0 FLAG_ZERO: False FLAG_LT: 1 FLAG_GT: 0
INPUT_PORT:  []
OUT_PORT:  []
DATA_MEM:  [182, 84]
---------------------------------------
DEBUG    root:machine.py:309 CMP 0
TICK: 8797 PC:   7 ADDR:   0 MEM_OUT: 182 ACC: 2 BUFF: 182 DC: 0 FLAG_ZERO: False FLAG_LT: 1 FLAG_GT: 0
INPUT_PORT:  []
OUT_PORT:  []
DATA_MEM:  [182, 84]
---------------------------------------
DEBUG    root:machine.py:309 JE 14
TICK: 8800 PC:   8 ADDR:   0 MEM_OUT: 182 ACC: 2 BUFF: 182 DC: 0 FLAG_ZERO: False FLAG_LT: 0 FLAG_GT: 1
INPUT_PORT:  []
OUT_PORT:  []
DATA_MEM:  [182, 84]
---------------------------------------
DEBUG    root:machine.py:309 LD 0
TICK: 8803 PC:   9 ADDR:   0 MEM_OUT: 182 ACC: 2 BUFF: 182 DC: 0 FLAG_ZERO: False FLAG_LT: 0 FLAG_GT: 1
INPUT_PORT:  []
OUT_PORT:  []
DATA_MEM:  [182, 84]
---------------------------------------
DEBUG    root:machine.py:309 MOD 5
TICK: 8807 PC:  10 ADDR:   0 MEM_OUT: 182 ACC: 182 BUFF: 182 DC: 0 FLAG_ZERO: False FLAG_LT: 0 FLAG_GT: 1
INPUT_PORT:  []
OUT_PORT:  []
DATA_MEM:  [182, 84]
---------------------------------------
DEBUG    root:machine.py:309 CMP 0
TICK: 8811 PC:  11 ADDR:   0 MEM_OUT: 182 ACC: 2 BUFF: 182 DC: 0 FLAG_ZERO: False FLAG_LT: 0 FLAG_GT: 1
INPUT_PORT:  []
OUT_PORT:  []
DATA_MEM:  [182, 84]
---------------------------------------
DEBUG    root:machine.py:309 JE 18
TICK: 8814 PC:  12 ADDR:   0 MEM_OUT: 182 ACC: 2 BUFF: 182 DC: 0 FLAG_ZERO: False FLAG_LT: 0 FLAG_GT: 1
INPUT_PORT:  []
OUT_PORT:  []
DATA_MEM:  [182, 84]
---------------------------------------
DEBUG    root:machine.py:309 JMP 0
TICK: 8817 PC:  13 ADDR:   0 MEM_OUT: 182 ACC: 2 BUFF: 182 DC: 0 FLAG_ZERO: False FLAG_LT: 0 FLAG_GT: 1
INPUT_PORT:  []
OUT_PORT:  []
DATA_MEM:  [182, 84]
---------------------------------------
DEBUG    root:machine.py:309 LD 0
TICK: 8820 PC:   0 ADDR:   0 MEM_OUT: 182 ACC: 2 BUFF: 182 DC: 0 FLAG_ZERO: False FLAG_LT: 0 FLAG_GT: 1
INPUT_PORT:  []
OUT_PORT:  []
DATA_MEM:  [182, 84]
---------------------------------------
DEBUG    root:machine.py:309 INC 
TICK: 8824 PC:   1 ADDR:   0 MEM_OUT: 182 ACC: 182 BUFF: 182 DC: 0 FLAG_ZERO: False FLAG_LT: 0 FLAG_GT: 1
INPUT_PORT:  []
OUT_PORT:  []
DATA_MEM:  [182, 84]
---------------------------------------
DEBUG    root:machine.py:309 ST 0
TICK: 8827 PC:   2 ADDR:   0 MEM_OUT: 182 ACC: 183 BUFF: 182 DC: 0 FLAG_ZERO: False FLAG_LT: 0 FLAG_GT: 1
INPUT_PORT:  []
OUT_PORT:  []
DATA_MEM:  [182, 84]
---------------------------------------
DEBUG    root:machine.py:309 CMP 1000
TICK: 8831 PC:   3 ADDR:   0 MEM_OUT: 183 ACC: 183 BUFF: 182 DC: 0 FLAG_ZERO: False FLAG_LT: 0 FLAG_GT: 1
INPUT_PORT:  []
OUT_PORT:  []
DATA_MEM:  [183, 84]
---------------------------------------
DEBUG    root:machine.py:309 JGE 22
TICK: 8834 PC:   4 ADDR:   0 MEM_OUT: 183 ACC: 183 BUFF: 182 DC: 0 FLAG_ZERO: False FLAG_LT: 1 FLAG_GT: 0
INPUT_PORT:  []
OUT_PORT:  []
DATA_MEM:  [183, 84]
---------------------------------------
DEBUG    root:machine.py:309 LD 0
TICK: 8837 PC:   5 ADDR:   0 MEM_OUT: 183 ACC: 183 BUFF: 182 DC: 0 FLAG_ZERO: False FLAG_LT: 1 FLAG_GT: 0
INPUT_PORT:  []
OUT_PORT:  []
DATA_MEM:  [183, 84]
---------------------------------------
DEBUG    root:machine.py:309 MOD 3
TICK: 8841 PC:   6 ADDR:   0 MEM_OUT: 183 ACC: 183 BUFF: 182 DC: 0 FLAG_ZERO: False FLAG_LT: 1 FLAG_GT: 0
INPUT_PORT:  []
OUT_PORT:  []
DATA_MEM:  [183, 84]
---------------------------------------
DEBUG    root:machine.py:309 CMP 0
TICK: 8845 PC:   7 ADDR:   0 MEM_OUT: 183 ACC: 0 BUFF: 183 DC: 0 FLAG_ZERO: False FLAG_LT: 1 FLAG_GT: 0
INPUT_PORT:  []
OUT_PORT:  []
DATA_MEM:  [183, 84]
---------------------------------------
DEBUG    root:machine.py:309 JE 14
TICK: 8848 PC:   8 ADDR:   0 MEM_OUT: 183 ACC: 0 BUFF: 183 DC: 0 FLAG_ZERO: True FLAG_LT: 0 FLAG_GT: 0
INPUT_PORT:  []
OUT_PORT:  []
DATA_MEM:  [183, 84]
---------------------------------------
DEBUG    root:machine.py:309 LD 4
TICK: 8851 PC:  14 ADDR:   0 MEM_OUT: 183 ACC: 0 BUFF: 183 DC: 0 FLAG_ZERO: True FLAG_LT: 0 FLAG_GT: 0
INPUT_PORT:  []
OUT_PORT:  []
DATA_MEM:  [183, 84]
---------------------------------------
DEBUG    root:machine.py:309 INC 
TICK: 8855 PC:  15 ADDR:   1 MEM_OUT: 84 ACC: 84 BUFF: 183 DC: 0 FLAG_ZERO: True FLAG_LT: 0 FLAG_GT: 0
INPUT_PORT:  []
OUT_PORT:  []
DATA_MEM:  [183, 84]
---------------------------------------
DEBUG    root:machine.py:309 ST 4
TICK: 8858 PC:  16 ADDR:   1 MEM_OUT: 84 ACC: 85 BUFF: 183 DC: 0 FLAG_ZERO: True FLAG_LT: 0 FLAG_GT: 0
INPUT_PORT:  []
OUT_PORT:  []
DATA_MEM:  [183, 84]
---------------------------------------
DEBUG    root:machine.py:309 JMP 0
TICK: 8862 PC:  17 ADDR:   1 MEM_OUT: 85 ACC: 85 BUFF: 183 DC: 0 FLAG_ZERO: True FLAG_LT: 0 FLAG_GT: 0
INPUT_PORT:  []
OUT_PORT:  []
DATA_MEM:  [183, 85]
---------------------------------------
DEBUG    root:machine.py:309 LD 0
TICK: 8865 PC:   0 ADDR:   1 MEM_OUT: 85 ACC: 85 BUFF: 183 DC: 0 FLAG_ZERO: True FLAG_LT: 0 FLAG_GT: 0
INPUT_PORT:  []
OUT_PORT:  []
DATA_MEM:  [183, 85]
---------------------------------------
DEBUG    root:machine.py:309 INC 
TICK: 8869 PC:   1 ADDR:   0 MEM_OUT: 183 ACC: 183 BUFF: 183 DC: 0 FLAG_ZERO: True FLAG_LT: 0 FLAG_GT: 0
INPUT_PORT:  []
OUT_PORT:  []
DATA_MEM:  [183, 85]
---------------------------------------
DEBUG    root:machine.py:309 ST 0
TICK: 8872 PC:   2 ADDR:   0 MEM_OUT: 183 ACC: 184 BUFF: 183 DC: 0 FLAG_ZERO: True FLAG_LT: 0 FLAG_GT: 0
INPUT_PORT:  []
OUT_PORT:  []
DATA_MEM:  [183, 85]
---------------------------------------
DEBUG    root:machine.py:309 CMP 1000
TICK: 8876 PC:   3 ADDR:   0 MEM_OUT: 184 ACC: 184 BUFF: 183 DC: 0 FLAG_ZERO: True FLAG_LT: 0 FLAG_GT: 0
INPUT_PORT:  []
OUT_PORT:  []
DATA_MEM:  [184, 85]
---------------------------------------
DEBUG    root:machine.py:309 JGE 22
TICK: 8879 PC:   4 ADDR:   0 MEM_OUT: 184 ACC: 184 BUFF: 183 DC: 0 FLAG_ZERO: False FLAG_LT: 1 FLAG_GT: 0
INPUT_PORT:  []
OUT_PORT:  []
DATA_MEM:  [184, 85]
---------------------------------------
DEBUG    root:machine.py:309 LD 0
TICK: 8882 PC:   5 ADDR:   0 MEM_OUT: 184 ACC: 184 BUFF: 183 DC: 0 FLAG_ZERO: False FLAG_LT: 1 FLAG_GT: 0
INPUT_PORT:  []
OUT_PORT:  []
DATA_MEM:  [184, 85]
---------------------------------------
DEBUG    root:machine.py:309 MOD 3
TICK: 8886 PC:   6 ADDR:   0 MEM_OUT: 184 ACC: 184 BUFF: 183 DC: 0 FLAG_ZERO: False FLAG_LT: 1 FLAG_GT: 0
INPUT_PORT:  []
OUT_PORT:  []
DATA_MEM:  [184, 85]
---------------------------------------
DEBUG    root:machine.py:309 CMP 0
TICK: 8890 PC:   7 ADDR:   0 MEM_OUT: 184 ACC: 1 BUFF: 184 DC: 0 FLAG_ZERO: False FLAG_LT: 1 FLAG_GT: 0
INPUT_PORT:  []
OUT_PORT:  []
DATA_MEM:  [184, 85]
---------------------------------------
DEBUG    root:machine.py:309 JE 14
TICK: 8893 PC:   8 ADDR:   0 MEM_OUT: 184 ACC: 1 BUFF: 184 DC: 0 FLAG_ZERO: False FLAG_LT: 0 FLAG_GT: 1
INPUT_PORT:  []
OUT_PORT:  []
DATA_MEM:  [184, 85]
---------------------------------------
DEBUG    root:machine.py:309 LD 0
TICK: 8896 PC:   9 ADDR:   0 MEM_OUT: 184 ACC: 1 BUFF: 184 DC: 0 FLAG_ZERO: False FLAG_LT: 0 FLAG_GT: 1
INPUT_PORT:  []
OUT_PORT:  []
DATA_MEM:  [184, 85]
---------------------------------------
DEBUG    root:machine.py:309 MOD 5
TICK: 8900 PC:  10 ADDR:   0 MEM_OUT: 184 ACC: 184 BUFF: 184 DC: 0 FLAG_ZERO: False FLAG_LT: 0 FLAG_GT: 1
INPUT_PORT:  []
OUT_PORT:  []
DATA_MEM:  [184, 85]
---------------------------------------
DEBUG    root:machine.py:309 CMP 0
TICK: 8904 PC:  11 ADDR:   0 MEM_OUT: 184 ACC: 4 BUFF: 184 DC: 0 FLAG_ZERO: False FLAG_LT: 0 FLAG_GT: 1
INPUT_PORT:  []
OUT_PORT:  []
DATA_MEM:  [184, 85]
---------------------------------------
DEBUG    root:machine.py:309 JE 18
TICK: 8907 PC:  12 ADDR:   0 MEM_OUT: 184 ACC: 4 BUFF: 184 DC: 0 FLAG_ZERO: False FLAG_LT: 0 FLAG_GT: 1
INPUT_PORT:  []
OUT_PORT:  []
DATA_MEM:  [184, 85]
---------------------------------------
DEBUG    root:machine.py:309 JMP 0
TICK: 8910 PC:  13 ADDR:   0 MEM_OUT: 184 ACC: 4 BUFF: 184 DC: 0 FLAG_ZERO: False FLAG_LT: 0 FLAG_GT: 1
INPUT_PORT:  []
OUT_PORT:  []
DATA_MEM:  [184, 85]
---------------------------------------
DEBUG    root:machine.py:309 LD 0
TICK: 8913 PC:   0 ADDR:   0 MEM_OUT: 184 ACC: 4 BUFF: 184 DC: 0 FLAG_ZERO: False FLAG_LT: 0 FLAG_GT: 1
INPUT_PORT:  []
OUT_PORT:  []
DATA_MEM:  [184, 85]
---------------------------------------
DEBUG    root:machine.py:309 INC 
TICK: 8917 PC:   1 ADDR:   0 MEM_OUT: 184 ACC: 184 BUFF: 184 DC: 0 FLAG_ZERO: False FLAG_LT: 0 FLAG_GT: 1
INPUT_PORT:  []
OUT_PORT:  []
DATA_MEM:  [184, 85]
---------------------------------------
DEBUG    root:machine.py:309 ST 0
TICK: 8920 PC:   2 ADDR:   0 MEM_OUT: 184 ACC: 185 BUFF: 184 DC: 0 FLAG_ZERO: False FLAG_LT: 0 FLAG_GT: 1
INPUT_PORT:  []
OUT_PORT:  []
DATA_MEM:  [184, 85]
---------------------------------------
DEBUG    root:machine.py:309 CMP 1000
TICK: 8924 PC:   3 ADDR:   0 MEM_OUT: 185 ACC: 185 BUFF: 184 DC: 0 FLAG_ZERO: False FLAG_LT: 0 FLAG_GT: 1
INPUT_PORT:  []
OUT_PORT:  []
DATA_MEM:  [185, 85]
---------------------------------------
DEBUG    root:machine.py:309 JGE 22
TICK: 8927 PC:   4 ADDR:   0 MEM_OUT: 185 ACC: 185 BUFF: 184 DC: 0 FLAG_ZERO: False FLAG_LT: 1 FLAG_GT: 0
INPUT_PORT:  []
OUT_PORT:  []
DATA_MEM:  [185, 85]
---------------------------------------
DEBUG    root:machine.py:309 LD 0
TICK: 8930 PC:   5 ADDR:   0 MEM_OUT: 185 ACC: 185 BUFF: 184 DC: 0 FLAG_ZERO: False FLAG_LT: 1 FLAG_GT: 0
INPUT_PORT:  []
OUT_PORT:  []
DATA_MEM:  [185, 85]
---------------------------------------
DEBUG    root:machine.py:309 MOD 3
TICK: 8934 PC:   6 ADDR:   0 MEM_OUT: 185 ACC: 185 BUFF: 184 DC: 0 FLAG_ZERO: False FLAG_LT: 1 FLAG_GT: 0
INPUT_PORT:  []
OUT_PORT:  []
DATA_MEM:  [185, 85]
---------------------------------------
DEBUG    root:machine.py:309 CMP 0
TICK: 8938 PC:   7 ADDR:   0 MEM_OUT: 185 ACC: 2 BUFF: 185 DC: 0 FLAG_ZERO: False FLAG_LT: 1 FLAG_GT: 0
INPUT_PORT:  []
OUT_PORT:  []
DATA_MEM:  [185, 85]
---------------------------------------
DEBUG    root:machine.py:309 JE 14
TICK: 8941 PC:   8 ADDR:   0 MEM_OUT: 185 ACC: 2 BUFF: 185 DC: 0 FLAG_ZERO: False FLAG_LT: 0 FLAG_GT: 1
INPUT_PORT:  []
OUT_PORT:  []
DATA_MEM:  [185, 85]
---------------------------------------
DEBUG    root:machine.py:309 LD 0
TICK: 8944 PC:   9 ADDR:   0 MEM_OUT: 185 ACC: 2 BUFF: 185 DC: 0 FLAG_ZERO: False FLAG_LT: 0 FLAG_GT: 1
INPUT_PORT:  []
OUT_PORT:  []
DATA_MEM:  [185, 85]
---------------------------------------
DEBUG    root:machine.py:309 MOD 5
TICK: 8948 PC:  10 ADDR:   0 MEM_OUT: 185 ACC: 185 BUFF: 185 DC: 0 FLAG_ZERO: False FLAG_LT: 0 FLAG_GT: 1
INPUT_PORT:  []
OUT_PORT:  []
DATA_MEM:  [185, 85]
---------------------------------------
DEBUG    root:machine.py:309 CMP 0
TICK: 8952 PC:  11 ADDR:   0 MEM_OUT: 185 ACC: 0 BUFF: 185 DC: 0 FLAG_ZERO: False FLAG_LT: 0 FLAG_GT: 1
INPUT_PORT:  []
OUT_PORT:  []
DATA_MEM:  [185, 85]
---------------------------------------
DEBUG    root:machine.py:309 JE 18
TICK: 8955 PC:  12 ADDR:   0 MEM_OUT: 185 ACC: 0 BUFF: 185 DC: 0 FLAG_ZERO: True FLAG_LT: 0 FLAG_GT: 0
INPUT_PORT:  []
OUT_PORT:  []
DATA_MEM:  [185, 85]
---------------------------------------
DEBUG    root:machine.py:309 LD 4
TICK: 8958 PC:  18 ADDR:   0 MEM_OUT: 185 ACC: 0 BUFF: 185 DC: 0 FLAG_ZERO: True FLAG_LT: 0 FLAG_GT: 0
INPUT_PORT:  []
OUT_PORT:  []
DATA_MEM:  [185, 85]
---------------------------------------
DEBUG    root:machine.py:309 INC 
TICK: 8962 PC:  19 ADDR:   1 MEM_OUT: 85 ACC: 85 BUFF: 185 DC: 0 FLAG_ZERO: True FLAG_LT: 0 FLAG_GT: 0
INPUT_PORT:  []
OUT_PORT:  []
DATA_MEM:  [185, 85]
---------------------------------------
DEBUG    root:machine.py:309 ST 4
TICK: 8965 PC:  20 ADDR:   1 MEM_OUT: 85 ACC: 86 BUFF: 185 DC: 0 FLAG_ZERO: True FLAG_LT: 0 FLAG_GT: 0
INPUT_PORT:  []
OUT_PORT:  []
DATA_MEM:  [185, 85]
---------------------------------------
DEBUG    root:machine.py:309 JMP 0
TICK: 8969 PC:  21 ADDR:   1 MEM_OUT: 86 ACC: 86 BUFF: 185 DC: 0 FLAG_ZERO: True FLAG_LT: 0 FLAG_GT: 0
INPUT_PORT:  []
OUT_PORT:  []
DATA_MEM:  [185, 86]
---------------------------------------
DEBUG    root:machine.py:309 LD 0
TICK: 8972 PC:   0 ADDR:   1 MEM_OUT: 86 ACC: 86 BUFF: 185 DC: 0 FLAG_ZERO: True FLAG_LT: 0 FLAG_GT: 0
INPUT_PORT:  []
OUT_PORT:  []
DATA_MEM:  [185, 86]
---------------------------------------
DEBUG    root:machine.py:309 INC 
TICK: 8976 PC:   1 ADDR:   0 MEM_OUT: 185 ACC: 185 BUFF: 185 DC: 0 FLAG_ZERO: True FLAG_LT: 0 FLAG_GT: 0
INPUT_PORT:  []
OUT_PORT:  []
DATA_MEM:  [185, 86]
---------------------------------------
DEBUG    root:machine.py:309 ST 0
TICK: 8979 PC:   2 ADDR:   0 MEM_OUT: 185 ACC: 186 BUFF: 185 DC: 0 FLAG_ZERO: True FLAG_LT: 0 FLAG_GT: 0
INPUT_PORT:  []
OUT_PORT:  []
DATA_MEM:  [185, 86]
---------------------------------------
DEBUG    root:machine.py:309 CMP 1000
TICK: 8983 PC:   3 ADDR:   0 MEM_OUT: 186 ACC: 186 BUFF: 185 DC: 0 FLAG_ZERO: True FLAG_LT: 0 FLAG_GT: 0
INPUT_PORT:  []
OUT_PORT:  []
DATA_MEM:  [186, 86]
---------------------------------------
DEBUG    root:machine.py:309 JGE 22
TICK: 8986 PC:   4 ADDR:   0 MEM_OUT: 186 ACC: 186 BUFF: 185 DC: 0 FLAG_ZERO: False FLAG_LT: 1 FLAG_GT: 0
INPUT_PORT:  []
OUT_PORT:  []
DATA_MEM:  [186, 86]
---------------------------------------
DEBUG    root:machine.py:309 LD 0
TICK: 8989 PC:   5 ADDR:   0 MEM_OUT: 186 ACC: 186 BUFF: 185 DC: 0 FLAG_ZERO: False FLAG_LT: 1 FLAG_GT: 0
INPUT_PORT:  []
OUT_PORT:  []
DATA_MEM:  [186, 86]
---------------------------------------
DEBUG    root:machine.py:309 MOD 3
TICK: 8993 PC:   6 ADDR:   0 MEM_OUT: 186 ACC: 186 BUFF: 185 DC: 0 FLAG_ZERO: False FLAG_LT: 1 FLAG_GT: 0
INPUT_PORT:  []
OUT_PORT:  []
DATA_MEM:  [186, 86]
---------------------------------------
DEBUG    root:machine.py:309 CMP 0
TICK: 8997 PC:   7 ADDR:   0 MEM_OUT: 186 ACC: 0 BUFF: 186 DC: 0 FLAG_ZERO: False FLAG_LT: 1 FLAG_GT: 0
INPUT_PORT:  []
OUT_PORT:  []
DATA_MEM:  [186, 86]
---------------------------------------
DEBUG    root:machine.py:309 JE 14
TICK: 9000 PC:   8 ADDR:   0 MEM_OUT: 186 ACC: 0 BUFF: 186 DC: 0 FLAG_ZERO: True FLAG_LT: 0 FLAG_GT: 0
INPUT_PORT:  []
OUT_PORT:  []
DATA_MEM:  [186, 86]
---------------------------------------
DEBUG    root:machine.py:309 LD 4
TICK: 9003 PC:  14 ADDR:   0 MEM_OUT: 186 ACC: 0 BUFF: 186 DC: 0 FLAG_ZERO: True FLAG_LT: 0 FLAG_GT: 0
INPUT_PORT:  []
OUT_PORT:  []
DATA_MEM:  [186, 86]
---------------------------------------
DEBUG    root:machine.py:309 INC 
TICK: 9007 PC:  15 ADDR:   1 MEM_OUT: 86 ACC: 86 BUFF: 186 DC: 0 FLAG_ZERO: True FLAG_LT: 0 FLAG_GT: 0
INPUT_PORT:  []
OUT_PORT:  []
DATA_MEM:  [186, 86]
---------------------------------------
DEBUG    root:machine.py:309 ST 4
TICK: 9010 PC:  16 ADDR:   1 MEM_OUT: 86 ACC: 87 BUFF: 186 DC: 0 FLAG_ZERO: True FLAG_LT: 0 FLAG_GT: 0
INPUT_PORT:  []
OUT_PORT:  []
DATA_MEM:  [186, 86]
---------------------------------------
DEBUG    root:machine.py:309 JMP 0
TICK: 9014 PC:  17 ADDR:   1 MEM_OUT: 87 ACC: 87 BUFF: 186 DC: 0 FLAG_ZERO: True FLAG_LT: 0 FLAG_GT: 0
INPUT_PORT:  []
OUT_PORT:  []
DATA_MEM:  [186, 87]
---------------------------------------
DEBUG    root:machine.py:309 LD 0
TICK: 9017 PC:   0 ADDR:   1 MEM_OUT: 87 ACC: 87 BUFF: 186 DC: 0 FLAG_ZERO: True FLAG_LT: 0 FLAG_GT: 0
INPUT_PORT:  []
OUT_PORT:  []
DATA_MEM:  [186, 87]
---------------------------------------
DEBUG    root:machine.py:309 INC 
TICK: 9021 PC:   1 ADDR:   0 MEM_OUT: 186 ACC: 186 BUFF: 186 DC: 0 FLAG_ZERO: True FLAG_LT: 0 FLAG_GT: 0
INPUT_PORT:  []
OUT_PORT:  []
DATA_MEM:  [186, 87]
---------------------------------------
DEBUG    root:machine.py:309 ST 0
TICK: 9024 PC:   2 ADDR:   0 MEM_OUT: 186 ACC: 187 BUFF: 186 DC: 0 FLAG_ZERO: True FLAG_LT: 0 FLAG_GT: 0
INPUT_PORT:  []
OUT_PORT:  []
DATA_MEM:  [186, 87]
---------------------------------------
DEBUG    root:machine.py:309 CMP 1000
TICK: 9028 PC:   3 ADDR:   0 MEM_OUT: 187 ACC: 187 BUFF: 186 DC: 0 FLAG_ZERO: True FLAG_LT: 0 FLAG_GT: 0
INPUT_PORT:  []
OUT_PORT:  []
DATA_MEM:  [187, 87]
---------------------------------------
DEBUG    root:machine.py:309 JGE 22
TICK: 9031 PC:   4 ADDR:   0 MEM_OUT: 187 ACC: 187 BUFF: 186 DC: 0 FLAG_ZERO: False FLAG_LT: 1 FLAG_GT: 0
INPUT_PORT:  []
OUT_PORT:  []
DATA_MEM:  [187, 87]
---------------------------------------
DEBUG    root:machine.py:309 LD 0
TICK: 9034 PC:   5 ADDR:   0 MEM_OUT: 187 ACC: 187 BUFF: 186 DC: 0 FLAG_ZERO: False FLAG_LT: 1 FLAG_GT: 0
INPUT_PORT:  []
OUT_PORT:  []
DATA_MEM:  [187, 87]
---------------------------------------
DEBUG    root:machine.py:309 MOD 3
TICK: 9038 PC:   6 ADDR:   0 MEM_OUT: 187 ACC: 187 BUFF: 186 DC: 0 FLAG_ZERO: False FLAG_LT: 1 FLAG_GT: 0
INPUT_PORT:  []
OUT_PORT:  []
DATA_MEM:  [187, 87]
---------------------------------------
DEBUG    root:machine.py:309 CMP 0
TICK: 9042 PC:   7 ADDR:   0 MEM_OUT: 187 ACC: 1 BUFF: 187 DC: 0 FLAG_ZERO: False FLAG_LT: 1 FLAG_GT: 0
INPUT_PORT:  []
OUT_PORT:  []
DATA_MEM:  [187, 87]
---------------------------------------
DEBUG    root:machine.py:309 JE 14
TICK: 9045 PC:   8 ADDR:   0 MEM_OUT: 187 ACC: 1 BUFF: 187 DC: 0 FLAG_ZERO: False FLAG_LT: 0 FLAG_GT: 1
INPUT_PORT:  []
OUT_PORT:  []
DATA_MEM:  [187, 87]
---------------------------------------
DEBUG    root:machine.py:309 LD 0
TICK: 9048 PC:   9 ADDR:   0 MEM_OUT: 187 ACC: 1 BUFF: 187 DC: 0 FLAG_ZERO: False FLAG_LT: 0 FLAG_GT: 1
INPUT_PORT:  []
OUT_PORT:  []
DATA_MEM:  [187, 87]
---------------------------------------
DEBUG    root:machine.py:309 MOD 5
TICK: 9052 PC:  10 ADDR:   0 MEM_OUT: 187 ACC: 187 BUFF: 187 DC: 0 FLAG_ZERO: False FLAG_LT: 0 FLAG_GT: 1
INPUT_PORT:  []
OUT_PORT:  []
DATA_MEM:  [187, 87]
---------------------------------------
DEBUG    root:machine.py:309 CMP 0
TICK: 9056 PC:  11 ADDR:   0 MEM_OUT: 187 ACC: 2 BUFF: 187 DC: 0 FLAG_ZERO: False FLAG_LT: 0 FLAG_GT: 1
INPUT_PORT:  []
OUT_PORT:  []
DATA_MEM:  [187, 87]
---------------------------------------
DEBUG    root:machine.py:309 JE 18
TICK: 9059 PC:  12 ADDR:   0 MEM_OUT: 187 ACC: 2 BUFF: 187 DC: 0 FLAG_ZERO: False FLAG_LT: 0 FLAG_GT: 1
INPUT_PORT:  []
OUT_PORT:  []
DATA_MEM:  [187, 87]
---------------------------------------
DEBUG    root:machine.py:309 JMP 0
TICK: 9062 PC:  13 ADDR:   0 MEM_OUT: 187 ACC: 2 BUFF: 187 DC: 0 FLAG_ZERO: False FLAG_LT: 0 FLAG_GT: 1
INPUT_PORT:  []
OUT_PORT:  []
DATA_MEM:  [187, 87]
---------------------------------------
DEBUG    root:machine.py:309 LD 0
TICK: 9065 PC:   0 ADDR:   0 MEM_OUT: 187 ACC: 2 BUFF: 187 DC: 0 FLAG_ZERO: False FLAG_LT: 0 FLAG_GT: 1
INPUT_PORT:  []
OUT_PORT:  []
DATA_MEM:  [187, 87]
---------------------------------------
DEBUG    root:machine.py:309 INC 
TICK: 9069 PC:   1 ADDR:   0 MEM_OUT: 187 ACC: 187 BUFF: 187 DC: 0 FLAG_ZERO: False FLAG_LT: 0 FLAG_GT: 1
INPUT_PORT:  []
OUT_PORT:  []
DATA_MEM:  [187, 87]
---------------------------------------
DEBUG    root:machine.py:309 ST 0
TICK: 9072 PC:   2 ADDR:   0 MEM_OUT: 187 ACC: 188 BUFF: 187 DC: 0 FLAG_ZERO: False FLAG_LT: 0 FLAG_GT: 1
INPUT_PORT:  []
OUT_PORT:  []
DATA_MEM:  [187, 87]
---------------------------------------
DEBUG    root:machine.py:309 CMP 1000
TICK: 9076 PC:   3 ADDR:   0 MEM_OUT: 188 ACC: 188 BUFF: 187 DC: 0 FLAG_ZERO: False FLAG_LT: 0 FLAG_GT: 1
INPUT_PORT:  []
OUT_PORT:  []
DATA_MEM:  [188, 87]
---------------------------------------
DEBUG    root:machine.py:309 JGE 22
TICK: 9079 PC:   4 ADDR:   0 MEM_OUT: 188 ACC: 188 BUFF: 187 DC: 0 FLAG_ZERO: False FLAG_LT: 1 FLAG_GT: 0
INPUT_PORT:  []
OUT_PORT:  []
DATA_MEM:  [188, 87]
---------------------------------------
DEBUG    root:machine.py:309 LD 0
TICK: 9082 PC:   5 ADDR:   0 MEM_OUT: 188 ACC: 188 BUFF: 187 DC: 0 FLAG_ZERO: False FLAG_LT: 1 FLAG_GT: 0
INPUT_PORT:  []
OUT_PORT:  []
DATA_MEM:  [188, 87]
---------------------------------------
DEBUG    root:machine.py:309 MOD 3
TICK: 9086 PC:   6 ADDR:   0 MEM_OUT: 188 ACC: 188 BUFF: 187 DC: 0 FLAG_ZERO: False FLAG_LT: 1 FLAG_GT: 0
INPUT_PORT:  []
OUT_PORT:  []
DATA_MEM:  [188, 87]
---------------------------------------
DEBUG    root:machine.py:309 CMP 0
TICK: 9090 PC:   7 ADDR:   0 MEM_OUT: 188 ACC: 2 BUFF: 188 DC: 0 FLAG_ZERO: False FLAG_LT: 1 FLAG_GT: 0
INPUT_PORT:  []
OUT_PORT:  []
DATA_MEM:  [188, 87]
---------------------------------------
DEBUG    root:machine.py:309 JE 14
TICK: 9093 PC:   8 ADDR:   0 MEM_OUT: 188 ACC: 2 BUFF: 188 DC: 0 FLAG_ZERO: False FLAG_LT: 0 FLAG_GT: 1
INPUT_PORT:  []
OUT_PORT:  []
DATA_MEM:  [188, 87]
---------------------------------------
DEBUG    root:machine.py:309 LD 0
TICK: 9096 PC:   9 ADDR:   0 MEM_OUT: 188 ACC: 2 BUFF: 188 DC: 0 FLAG_ZERO: False FLAG_LT: 0 FLAG_GT: 1
INPUT_PORT:  []
OUT_PORT:  []
DATA_MEM:  [188, 87]
---------------------------------------
DEBUG    root:machine.py:309 MOD 5
TICK: 9100 PC:  10 ADDR:   0 MEM_OUT: 188 ACC: 188 BUFF: 188 DC: 0 FLAG_ZERO: False FLAG_LT: 0 FLAG_GT: 1
INPUT_PORT:  []
OUT_PORT:  []
DATA_MEM:  [188, 87]
---------------------------------------
DEBUG    root:machine.py:309 CMP 0
TICK: 9104 PC:  11 ADDR:   0 MEM_OUT: 188 ACC: 3 BUFF: 188 DC: 0 FLAG_ZERO: False FLAG_LT: 0 FLAG_GT: 1
INPUT_PORT:  []
OUT_PORT:  []
DATA_MEM:  [188, 87]
---------------------------------------
DEBUG    root:machine.py:309 JE 18
TICK: 9107 PC:  12 ADDR:   0 MEM_OUT: 188 ACC: 3 BUFF: 188 DC: 0 FLAG_ZERO: False FLAG_LT: 0 FLAG_GT: 1
INPUT_PORT:  []
OUT_PORT:  []
DATA_MEM:  [188, 87]
---------------------------------------
DEBUG    root:machine.py:309 JMP 0
TICK: 9110 PC:  13 ADDR:   0 MEM_OUT: 188 ACC: 3 BUFF: 188 DC: 0 FLAG_ZERO: False FLAG_LT: 0 FLAG_GT: 1
INPUT_PORT:  []
OUT_PORT:  []
DATA_MEM:  [188, 87]
---------------------------------------
DEBUG    root:machine.py:309 LD 0
TICK: 9113 PC:   0 ADDR:   0 MEM_OUT: 188 ACC: 3 BUFF: 188 DC: 0 FLAG_ZERO: False FLAG_LT: 0 FLAG_GT: 1
INPUT_PORT:  []
OUT_PORT:  []
DATA_MEM:  [188, 87]
---------------------------------------
DEBUG    root:machine.py:309 INC 
TICK: 9117 PC:   1 ADDR:   0 MEM_OUT: 188 ACC: 188 BUFF: 188 DC: 0 FLAG_ZERO: False FLAG_LT: 0 FLAG_GT: 1
INPUT_PORT:  []
OUT_PORT:  []
DATA_MEM:  [188, 87]
---------------------------------------
DEBUG    root:machine.py:309 ST 0
TICK: 9120 PC:   2 ADDR:   0 MEM_OUT: 188 ACC: 189 BUFF: 188 DC: 0 FLAG_ZERO: False FLAG_LT: 0 FLAG_GT: 1
INPUT_PORT:  []
OUT_PORT:  []
DATA_MEM:  [188, 87]
---------------------------------------
DEBUG    root:machine.py:309 CMP 1000
TICK: 9124 PC:   3 ADDR:   0 MEM_OUT: 189 ACC: 189 BUFF: 188 DC: 0 FLAG_ZERO: False FLAG_LT: 0 FLAG_GT: 1
INPUT_PORT:  []
OUT_PORT:  []
DATA_MEM:  [189, 87]
---------------------------------------
DEBUG    root:machine.py:309 JGE 22
TICK: 9127 PC:   4 ADDR:   0 MEM_OUT: 189 ACC: 189 BUFF: 188 DC: 0 FLAG_ZERO: False FLAG_LT: 1 FLAG_GT: 0
INPUT_PORT:  []
OUT_PORT:  []
DATA_MEM:  [189, 87]
---------------------------------------
DEBUG    root:machine.py:309 LD 0
TICK: 9130 PC:   5 ADDR:   0 MEM_OUT: 189 ACC: 189 BUFF: 188 DC: 0 FLAG_ZERO: False FLAG_LT: 1 FLAG_GT: 0
INPUT_PORT:  []
OUT_PORT:  []
DATA_MEM:  [189, 87]
---------------------------------------
DEBUG    root:machine.py:309 MOD 3
TICK: 9134 PC:   6 ADDR:   0 MEM_OUT: 189 ACC: 189 BUFF: 188 DC: 0 FLAG_ZERO: False FLAG_LT: 1 FLAG_GT: 0
INPUT_PORT:  []
OUT_PORT:  []
DATA_MEM:  [189, 87]
---------------------------------------
DEBUG    root:machine.py:309 CMP 0
TICK: 9138 PC:   7 ADDR:   0 MEM_OUT: 189 ACC: 0 BUFF: 189 DC: 0 FLAG_ZERO: False FLAG_LT: 1 FLAG_GT: 0
INPUT_PORT:  []
OUT_PORT:  []
DATA_MEM:  [189, 87]
---------------------------------------
DEBUG    root:machine.py:309 JE 14
TICK: 9141 PC:   8 ADDR:   0 MEM_OUT: 189 ACC: 0 BUFF: 189 DC: 0 FLAG_ZERO: True FLAG_LT: 0 FLAG_GT: 0
INPUT_PORT:  []
OUT_PORT:  []
DATA_MEM:  [189, 87]
---------------------------------------
DEBUG    root:machine.py:309 LD 4
TICK: 9144 PC:  14 ADDR:   0 MEM_OUT: 189 ACC: 0 BUFF: 189 DC: 0 FLAG_ZERO: True FLAG_LT: 0 FLAG_GT: 0
INPUT_PORT:  []
OUT_PORT:  []
DATA_MEM:  [189, 87]
---------------------------------------
DEBUG    root:machine.py:309 INC 
TICK: 9148 PC:  15 ADDR:   1 MEM_OUT: 87 ACC: 87 BUFF: 189 DC: 0 FLAG_ZERO: True FLAG_LT: 0 FLAG_GT: 0
INPUT_PORT:  []
OUT_PORT:  []
DATA_MEM:  [189, 87]
---------------------------------------
DEBUG    root:machine.py:309 ST 4
TICK: 9151 PC:  16 ADDR:   1 MEM_OUT: 87 ACC: 88 BUFF: 189 DC: 0 FLAG_ZERO: True FLAG_LT: 0 FLAG_GT: 0
INPUT_PORT:  []
OUT_PORT:  []
DATA_MEM:  [189, 87]
---------------------------------------
DEBUG    root:machine.py:309 JMP 0
TICK: 9155 PC:  17 ADDR:   1 MEM_OUT: 88 ACC: 88 BUFF: 189 DC: 0 FLAG_ZERO: True FLAG_LT: 0 FLAG_GT: 0
INPUT_PORT:  []
OUT_PORT:  []
DATA_MEM:  [189, 88]
---------------------------------------
DEBUG    root:machine.py:309 LD 0
TICK: 9158 PC:   0 ADDR:   1 MEM_OUT: 88 ACC: 88 BUFF: 189 DC: 0 FLAG_ZERO: True FLAG_LT: 0 FLAG_GT: 0
INPUT_PORT:  []
OUT_PORT:  []
DATA_MEM:  [189, 88]
---------------------------------------
DEBUG    root:machine.py:309 INC 
TICK: 9162 PC:   1 ADDR:   0 MEM_OUT: 189 ACC: 189 BUFF: 189 DC: 0 FLAG_ZERO: True FLAG_LT: 0 FLAG_GT: 0
INPUT_PORT:  []
OUT_PORT:  []
DATA_MEM:  [189, 88]
---------------------------------------
DEBUG    root:machine.py:309 ST 0
TICK: 9165 PC:   2 ADDR:   0 MEM_OUT: 189 ACC: 190 BUFF: 189 DC: 0 FLAG_ZERO: True FLAG_LT: 0 FLAG_GT: 0
INPUT_PORT:  []
OUT_PORT:  []
DATA_MEM:  [189, 88]
---------------------------------------
DEBUG    root:machine.py:309 CMP 1000
TICK: 9169 PC:   3 ADDR:   0 MEM_OUT: 190 ACC: 190 BUFF: 189 DC: 0 FLAG_ZERO: True FLAG_LT: 0 FLAG_GT: 0
INPUT_PORT:  []
OUT_PORT:  []
DATA_MEM:  [190, 88]
---------------------------------------
DEBUG    root:machine.py:309 JGE 22
TICK: 9172 PC:   4 ADDR:   0 MEM_OUT: 190 ACC: 190 BUFF: 189 DC: 0 FLAG_ZERO: False FLAG_LT: 1 FLAG_GT: 0
INPUT_PORT:  []
OUT_PORT:  []
DATA_MEM:  [190, 88]
---------------------------------------
DEBUG    root:machine.py:309 LD 0
TICK: 9175 PC:   5 ADDR:   0 MEM_OUT: 190 ACC: 190 BUFF: 189 DC: 0 FLAG_ZERO: False FLAG_LT: 1 FLAG_GT: 0
INPUT_PORT:  []
OUT_PORT:  []
DATA_MEM:  [190, 88]
---------------------------------------
DEBUG    root:machine.py:309 MOD 3
TICK: 9179 PC:   6 ADDR:   0 MEM_OUT: 190 ACC: 190 BUFF: 189 DC: 0 FLAG_ZERO: False FLAG_LT: 1 FLAG_GT: 0
INPUT_PORT:  []
OUT_PORT:  []
DATA_MEM:  [190, 88]
---------------------------------------
DEBUG    root:machine.py:309 CMP 0
TICK: 9183 PC:   7 ADDR:   0 MEM_OUT: 190 ACC: 1 BUFF: 190 DC: 0 FLAG_ZERO: False FLAG_LT: 1 FLAG_GT: 0
INPUT_PORT:  []
OUT_PORT:  []
DATA_MEM:  [190, 88]
---------------------------------------
DEBUG    root:machine.py:309 JE 14
TICK: 9186 PC:   8 ADDR:   0 MEM_OUT: 190 ACC: 1 BUFF: 190 DC: 0 FLAG_ZERO: False FLAG_LT: 0 FLAG_GT: 1
INPUT_PORT:  []
OUT_PORT:  []
DATA_MEM:  [190, 88]
---------------------------------------
DEBUG    root:machine.py:309 LD 0
TICK: 9189 PC:   9 ADDR:   0 MEM_OUT: 190 ACC: 1 BUFF: 190 DC: 0 FLAG_ZERO: False FLAG_LT: 0 FLAG_GT: 1
INPUT_PORT:  []
OUT_PORT:  []
DATA_MEM:  [190, 88]
---------------------------------------
DEBUG    root:machine.py:309 MOD 5
TICK: 9193 PC:  10 ADDR:   0 MEM_OUT: 190 ACC: 190 BUFF: 190 DC: 0 FLAG_ZERO: False FLAG_LT: 0 FLAG_GT: 1
INPUT_PORT:  []
OUT_PORT:  []
DATA_MEM:  [190, 88]
---------------------------------------
DEBUG    root:machine.py:309 CMP 0
TICK: 9197 PC:  11 ADDR:   0 MEM_OUT: 190 ACC: 0 BUFF: 190 DC: 0 FLAG_ZERO: False FLAG_LT: 0 FLAG_GT: 1
INPUT_PORT:  []
OUT_PORT:  []
DATA_MEM:  [190, 88]
---------------------------------------
DEBUG    root:machine.py:309 JE 18
TICK: 9200 PC:  12 ADDR:   0 MEM_OUT: 190 ACC: 0 BUFF: 190 DC: 0 FLAG_ZERO: True FLAG_LT: 0 FLAG_GT: 0
INPUT_PORT:  []
OUT_PORT:  []
DATA_MEM:  [190, 88]
---------------------------------------
DEBUG    root:machine.py:309 LD 4
TICK: 9203 PC:  18 ADDR:   0 MEM_OUT: 190 ACC: 0 BUFF: 190 DC: 0 FLAG_ZERO: True FLAG_LT: 0 FLAG_GT: 0
INPUT_PORT:  []
OUT_PORT:  []
DATA_MEM:  [190, 88]
---------------------------------------
DEBUG    root:machine.py:309 INC 
TICK: 9207 PC:  19 ADDR:   1 MEM_OUT: 88 ACC: 88 BUFF: 190 DC: 0 FLAG_ZERO: True FLAG_LT: 0 FLAG_GT: 0
INPUT_PORT:  []
OUT_PORT:  []
DATA_MEM:  [190, 88]
---------------------------------------
DEBUG    root:machine.py:309 ST 4
TICK: 9210 PC:  20 ADDR:   1 MEM_OUT: 88 ACC: 89 BUFF: 190 DC: 0 FLAG_ZERO: True FLAG_LT: 0 FLAG_GT: 0
INPUT_PORT:  []
OUT_PORT:  []
DATA_MEM:  [190, 88]
---------------------------------------
DEBUG    root:machine.py:309 JMP 0
TICK: 9214 PC:  21 ADDR:   1 MEM_OUT: 89 ACC: 89 BUFF: 190 DC: 0 FLAG_ZERO: True FLAG_LT: 0 FLAG_GT: 0
INPUT_PORT:  []
OUT_PORT:  []
DATA_MEM:  [190, 89]
---------------------------------------
DEBUG    root:machine.py:309 LD 0
TICK: 9217 PC:   0 ADDR:   1 MEM_OUT: 89 ACC: 89 BUFF: 190 DC: 0 FLAG_ZERO: True FLAG_LT: 0 FLAG_GT: 0
INPUT_PORT:  []
OUT_PORT:  []
DATA_MEM:  [190, 89]
---------------------------------------
DEBUG    root:machine.py:309 INC 
TICK: 9221 PC:   1 ADDR:   0 MEM_OUT: 190 ACC: 190 BUFF: 190 DC: 0 FLAG_ZERO: True FLAG_LT: 0 FLAG_GT: 0
INPUT_PORT:  []
OUT_PORT:  []
DATA_MEM:  [190, 89]
---------------------------------------
DEBUG    root:machine.py:309 ST 0
TICK: 9224 PC:   2 ADDR:   0 MEM_OUT: 190 ACC: 191 BUFF: 190 DC: 0 FLAG_ZERO: True FLAG_LT: 0 FLAG_GT: 0
INPUT_PORT:  []
OUT_PORT:  []
DATA_MEM:  [190, 89]
---------------------------------------
DEBUG    root:machine.py:309 CMP 1000
TICK: 9228 PC:   3 ADDR:   0 MEM_OUT: 191 ACC: 191 BUFF: 190 DC: 0 FLAG_ZERO: True FLAG_LT: 0 FLAG_GT: 0
INPUT_PORT:  []
OUT_PORT:  []
DATA_MEM:  [191, 89]
---------------------------------------
DEBUG    root:machine.py:309 JGE 22
TICK: 9231 PC:   4 ADDR:   0 MEM_OUT: 191 ACC: 191 BUFF: 190 DC: 0 FLAG_ZERO: False FLAG_LT: 1 FLAG_GT: 0
INPUT_PORT:  []
OUT_PORT:  []
DATA_MEM:  [191, 89]
---------------------------------------
DEBUG    root:machine.py:309 LD 0
TICK: 9234 PC:   5 ADDR:   0 MEM_OUT: 191 ACC: 191 BUFF: 190 DC: 0 FLAG_ZERO: False FLAG_LT: 1 FLAG_GT: 0
INPUT_PORT:  []
OUT_PORT:  []
DATA_MEM:  [191, 89]
---------------------------------------
DEBUG    root:machine.py:309 MOD 3
TICK: 9238 PC:   6 ADDR:   0 MEM_OUT: 191 ACC: 191 BUFF: 190 DC: 0 FLAG_ZERO: False FLAG_LT: 1 FLAG_GT: 0
INPUT_PORT:  []
OUT_PORT:  []
DATA_MEM:  [191, 89]
---------------------------------------
DEBUG    root:machine.py:309 CMP 0
TICK: 9242 PC:   7 ADDR:   0 MEM_OUT: 191 ACC: 2 BUFF: 191 DC: 0 FLAG_ZERO: False FLAG_LT: 1 FLAG_GT: 0
INPUT_PORT:  []
OUT_PORT:  []
DATA_MEM:  [191, 89]
---------------------------------------
DEBUG    root:machine.py:309 JE 14
TICK: 9245 PC:   8 ADDR:   0 MEM_OUT: 191 ACC: 2 BUFF: 191 DC: 0 FLAG_ZERO: False FLAG_LT: 0 FLAG_GT: 1
INPUT_PORT:  []
OUT_PORT:  []
DATA_MEM:  [191, 89]
---------------------------------------
DEBUG    root:machine.py:309 LD 0
TICK: 9248 PC:   9 ADDR:   0 MEM_OUT: 191 ACC: 2 BUFF: 191 DC: 0 FLAG_ZERO: False FLAG_LT: 0 FLAG_GT: 1
INPUT_PORT:  []
OUT_PORT:  []
DATA_MEM:  [191, 89]
---------------------------------------
DEBUG    root:machine.py:309 MOD 5
TICK: 9252 PC:  10 ADDR:   0 MEM_OUT: 191 ACC: 191 BUFF: 191 DC: 0 FLAG_ZERO: False FLAG_LT: 0 FLAG_GT: 1
INPUT_PORT:  []
OUT_PORT:  []
DATA_MEM:  [191, 89]
---------------------------------------
DEBUG    root:machine.py:309 CMP 0
TICK: 9256 PC:  11 ADDR:   0 MEM_OUT: 191 ACC: 1 BUFF: 191 DC: 0 FLAG_ZERO: False FLAG_LT: 0 FLAG_GT: 1
INPUT_PORT:  []
OUT_PORT:  []
DATA_MEM:  [191, 89]
---------------------------------------
DEBUG    root:machine.py:309 JE 18
TICK: 9259 PC:  12 ADDR:   0 MEM_OUT: 191 ACC: 1 BUFF: 191 DC: 0 FLAG_ZERO: False FLAG_LT: 0 FLAG_GT: 1
INPUT_PORT:  []
OUT_PORT:  []
DATA_MEM:  [191, 89]
---------------------------------------
DEBUG    root:machine.py:309 JMP 0
TICK: 9262 PC:  13 ADDR:   0 MEM_OUT: 191 ACC: 1 BUFF: 191 DC: 0 FLAG_ZERO: False FLAG_LT: 0 FLAG_GT: 1
INPUT_PORT:  []
OUT_PORT:  []
DATA_MEM:  [191, 89]
---------------------------------------
DEBUG    root:machine.py:309 LD 0
TICK: 9265 PC:   0 ADDR:   0 MEM_OUT: 191 ACC: 1 BUFF: 191 DC: 0 FLAG_ZERO: False FLAG_LT: 0 FLAG_GT: 1
INPUT_PORT:  []
OUT_PORT:  []
DATA_MEM:  [191, 89]
---------------------------------------
DEBUG    root:machine.py:309 INC 
TICK: 9269 PC:   1 ADDR:   0 MEM_OUT: 191 ACC: 191 BUFF: 191 DC: 0 FLAG_ZERO: False FLAG_LT: 0 FLAG_GT: 1
INPUT_PORT:  []
OUT_PORT:  []
DATA_MEM:  [191, 89]
---------------------------------------
DEBUG    root:machine.py:309 ST 0
TICK: 9272 PC:   2 ADDR:   0 MEM_OUT: 191 ACC: 192 BUFF: 191 DC: 0 FLAG_ZERO: False FLAG_LT: 0 FLAG_GT: 1
INPUT_PORT:  []
OUT_PORT:  []
DATA_MEM:  [191, 89]
---------------------------------------
DEBUG    root:machine.py:309 CMP 1000
TICK: 9276 PC:   3 ADDR:   0 MEM_OUT: 192 ACC: 192 BUFF: 191 DC: 0 FLAG_ZERO: False FLAG_LT: 0 FLAG_GT: 1
INPUT_PORT:  []
OUT_PORT:  []
DATA_MEM:  [192, 89]
---------------------------------------
DEBUG    root:machine.py:309 JGE 22
TICK: 9279 PC:   4 ADDR:   0 MEM_OUT: 192 ACC: 192 BUFF: 191 DC: 0 FLAG_ZERO: False FLAG_LT: 1 FLAG_GT: 0
INPUT_PORT:  []
OUT_PORT:  []
DATA_MEM:  [192, 89]
---------------------------------------
DEBUG    root:machine.py:309 LD 0
TICK: 9282 PC:   5 ADDR:   0 MEM_OUT: 192 ACC: 192 BUFF: 191 DC: 0 FLAG_ZERO: False FLAG_LT: 1 FLAG_GT: 0
INPUT_PORT:  []
OUT_PORT:  []
DATA_MEM:  [192, 89]
---------------------------------------
DEBUG    root:machine.py:309 MOD 3
TICK: 9286 PC:   6 ADDR:   0 MEM_OUT: 192 ACC: 192 BUFF: 191 DC: 0 FLAG_ZERO: False FLAG_LT: 1 FLAG_GT: 0
INPUT_PORT:  []
OUT_PORT:  []
DATA_MEM:  [192, 89]
---------------------------------------
DEBUG    root:machine.py:309 CMP 0
TICK: 9290 PC:   7 ADDR:   0 MEM_OUT: 192 ACC: 0 BUFF: 192 DC: 0 FLAG_ZERO: False FLAG_LT: 1 FLAG_GT: 0
INPUT_PORT:  []
OUT_PORT:  []
DATA_MEM:  [192, 89]
---------------------------------------
DEBUG    root:machine.py:309 JE 14
TICK: 9293 PC:   8 ADDR:   0 MEM_OUT: 192 ACC: 0 BUFF: 192 DC: 0 FLAG_ZERO: True FLAG_LT: 0 FLAG_GT: 0
INPUT_PORT:  []
OUT_PORT:  []
DATA_MEM:  [192, 89]
---------------------------------------
DEBUG    root:machine.py:309 LD 4
TICK: 9296 PC:  14 ADDR:   0 MEM_OUT: 192 ACC: 0 BUFF: 192 DC: 0 FLAG_ZERO: True FLAG_LT: 0 FLAG_GT: 0
INPUT_PORT:  []
OUT_PORT:  []
DATA_MEM:  [192, 89]
---------------------------------------
DEBUG    root:machine.py:309 INC 
TICK: 9300 PC:  15 ADDR:   1 MEM_OUT: 89 ACC: 89 BUFF: 192 DC: 0 FLAG_ZERO: True FLAG_LT: 0 FLAG_GT: 0
INPUT_PORT:  []
OUT_PORT:  []
DATA_MEM:  [192, 89]
---------------------------------------
DEBUG    root:machine.py:309 ST 4
TICK: 9303 PC:  16 ADDR:   1 MEM_OUT: 89 ACC: 90 BUFF: 192 DC: 0 FLAG_ZERO: True FLAG_LT: 0 FLAG_GT: 0
INPUT_PORT:  []
OUT_PORT:  []
DATA_MEM:  [192, 89]
---------------------------------------
DEBUG    root:machine.py:309 JMP 0
TICK: 9307 PC:  17 ADDR:   1 MEM_OUT: 90 ACC: 90 BUFF: 192 DC: 0 FLAG_ZERO: True FLAG_LT: 0 FLAG_GT: 0
INPUT_PORT:  []
OUT_PORT:  []
DATA_MEM:  [192, 90]
---------------------------------------
DEBUG    root:machine.py:309 LD 0
TICK: 9310 PC:   0 ADDR:   1 MEM_OUT: 90 ACC: 90 BUFF: 192 DC: 0 FLAG_ZERO: True FLAG_LT: 0 FLAG_GT: 0
INPUT_PORT:  []
OUT_PORT:  []
DATA_MEM:  [192, 90]
---------------------------------------
DEBUG    root:machine.py:309 INC 
TICK: 9314 PC:   1 ADDR:   0 MEM_OUT: 192 ACC: 192 BUFF: 192 DC: 0 FLAG_ZERO: True FLAG_LT: 0 FLAG_GT: 0
INPUT_PORT:  []
OUT_PORT:  []
DATA_MEM:  [192, 90]
---------------------------------------
DEBUG    root:machine.py:309 ST 0
TICK: 9317 PC:   2 ADDR:   0 MEM_OUT: 192 ACC: 193 BUFF: 192 DC: 0 FLAG_ZERO: True FLAG_LT: 0 FLAG_GT: 0
INPUT_PORT:  []
OUT_PORT:  []
DATA_MEM:  [192, 90]
---------------------------------------
DEBUG    root:machine.py:309 CMP 1000
TICK: 9321 PC:   3 ADDR:   0 MEM_OUT: 193 ACC: 193 BUFF: 192 DC: 0 FLAG_ZERO: True FLAG_LT: 0 FLAG_GT: 0
INPUT_PORT:  []
OUT_PORT:  []
DATA_MEM:  [193, 90]
---------------------------------------
DEBUG    root:machine.py:309 JGE 22
TICK: 9324 PC:   4 ADDR:   0 MEM_OUT: 193 ACC: 193 BUFF: 192 DC: 0 FLAG_ZERO: False FLAG_LT: 1 FLAG_GT: 0
INPUT_PORT:  []
OUT_PORT:  []
DATA_MEM:  [193, 90]
---------------------------------------
DEBUG    root:machine.py:309 LD 0
TICK: 9327 PC:   5 ADDR:   0 MEM_OUT: 193 ACC: 193 BUFF: 192 DC: 0 FLAG_ZERO: False FLAG_LT: 1 FLAG_GT: 0
INPUT_PORT:  []
OUT_PORT:  []
DATA_MEM:  [193, 90]
---------------------------------------
DEBUG    root:machine.py:309 MOD 3
TICK: 9331 PC:   6 ADDR:   0 MEM_OUT: 193 ACC: 193 BUFF: 192 DC: 0 FLAG_ZERO: False FLAG_LT: 1 FLAG_GT: 0
INPUT_PORT:  []
OUT_PORT:  []
DATA_MEM:  [193, 90]
---------------------------------------
DEBUG    root:machine.py:309 CMP 0
TICK: 9335 PC:   7 ADDR:   0 MEM_OUT: 193 ACC: 1 BUFF: 193 DC: 0 FLAG_ZERO: False FLAG_LT: 1 FLAG_GT: 0
INPUT_PORT:  []
OUT_PORT:  []
DATA_MEM:  [193, 90]
---------------------------------------
DEBUG    root:machine.py:309 JE 14
TICK: 9338 PC:   8 ADDR:   0 MEM_OUT: 193 ACC: 1 BUFF: 193 DC: 0 FLAG_ZERO: False FLAG_LT: 0 FLAG_GT: 1
INPUT_PORT:  []
OUT_PORT:  []
DATA_MEM:  [193, 90]
---------------------------------------
DEBUG    root:machine.py:309 LD 0
TICK: 9341 PC:   9 ADDR:   0 MEM_OUT: 193 ACC: 1 BUFF: 193 DC: 0 FLAG_ZERO: False FLAG_LT: 0 FLAG_GT: 1
INPUT_PORT:  []
OUT_PORT:  []
DATA_MEM:  [193, 90]
---------------------------------------
DEBUG    root:machine.py:309 MOD 5
TICK: 9345 PC:  10 ADDR:   0 MEM_OUT: 193 ACC: 193 BUFF: 193 DC: 0 FLAG_ZERO: False FLAG_LT: 0 FLAG_GT: 1
INPUT_PORT:  []
OUT_PORT:  []
DATA_MEM:  [193, 90]
---------------------------------------
DEBUG    root:machine.py:309 CMP 0
TICK: 9349 PC:  11 ADDR:   0 MEM_OUT: 193 ACC: 3 BUFF: 193 DC: 0 FLAG_ZERO: False FLAG_LT: 0 FLAG_GT: 1
INPUT_PORT:  []
OUT_PORT:  []
DATA_MEM:  [193, 90]
---------------------------------------
DEBUG    root:machine.py:309 JE 18
TICK: 9352 PC:  12 ADDR:   0 MEM_OUT: 193 ACC: 3 BUFF: 193 DC: 0 FLAG_ZERO: False FLAG_LT: 0 FLAG_GT: 1
INPUT_PORT:  []
OUT_PORT:  []
DATA_MEM:  [193, 90]
---------------------------------------
DEBUG    root:machine.py:309 JMP 0
TICK: 9355 PC:  13 ADDR:   0 MEM_OUT: 193 ACC: 3 BUFF: 193 DC: 0 FLAG_ZERO: False FLAG_LT: 0 FLAG_GT: 1
INPUT_PORT:  []
OUT_PORT:  []
DATA_MEM:  [193, 90]
---------------------------------------
DEBUG    root:machine.py:309 LD 0
TICK: 9358 PC:   0 ADDR:   0 MEM_OUT: 193 ACC: 3 BUFF: 193 DC: 0 FLAG_ZERO: False FLAG_LT: 0 FLAG_GT: 1
INPUT_PORT:  []
OUT_PORT:  []
DATA_MEM:  [193, 90]
---------------------------------------
DEBUG    root:machine.py:309 INC 
TICK: 9362 PC:   1 ADDR:   0 MEM_OUT: 193 ACC: 193 BUFF: 193 DC: 0 FLAG_ZERO: False FLAG_LT: 0 FLAG_GT: 1
INPUT_PORT:  []
OUT_PORT:  []
DATA_MEM:  [193, 90]
---------------------------------------
DEBUG    root:machine.py:309 ST 0
TICK: 9365 PC:   2 ADDR:   0 MEM_OUT: 193 ACC: 194 BUFF: 193 DC: 0 FLAG_ZERO: False FLAG_LT: 0 FLAG_GT: 1
INPUT_PORT:  []
OUT_PORT:  []
DATA_MEM:  [193, 90]
---------------------------------------
DEBUG    root:machine.py:309 CMP 1000
TICK: 9369 PC:   3 ADDR:   0 MEM_OUT: 194 ACC: 194 BUFF: 193 DC: 0 FLAG_ZERO: False FLAG_LT: 0 FLAG_GT: 1
INPUT_PORT:  []
OUT_PORT:  []
DATA_MEM:  [194, 90]
---------------------------------------
DEBUG    root:machine.py:309 JGE 22
TICK: 9372 PC:   4 ADDR:   0 MEM_OUT: 194 ACC: 194 BUFF: 193 DC: 0 FLAG_ZERO: False FLAG_LT: 1 FLAG_GT: 0
INPUT_PORT:  []
OUT_PORT:  []
DATA_MEM:  [194, 90]
---------------------------------------
DEBUG    root:machine.py:309 LD 0
TICK: 9375 PC:   5 ADDR:   0 MEM_OUT: 194 ACC: 194 BUFF: 193 DC: 0 FLAG_ZERO: False FLAG_LT: 1 FLAG_GT: 0
INPUT_PORT:  []
OUT_PORT:  []
DATA_MEM:  [194, 90]
---------------------------------------
DEBUG    root:machine.py:309 MOD 3
TICK: 9379 PC:   6 ADDR:   0 MEM_OUT: 194 ACC: 194 BUFF: 193 DC: 0 FLAG_ZERO: False FLAG_LT: 1 FLAG_GT: 0
INPUT_PORT:  []
OUT_PORT:  []
DATA_MEM:  [194, 90]
---------------------------------------
DEBUG    root:machine.py:309 CMP 0
TICK: 9383 PC:   7 ADDR:   0 MEM_OUT: 194 ACC: 2 BUFF: 194 DC: 0 FLAG_ZERO: False FLAG_LT: 1 FLAG_GT: 0
INPUT_PORT:  []
OUT_PORT:  []
DATA_MEM:  [194, 90]
---------------------------------------
DEBUG    root:machine.py:309 JE 14
TICK: 9386 PC:   8 ADDR:   0 MEM_OUT: 194 ACC: 2 BUFF: 194 DC: 0 FLAG_ZERO: False FLAG_LT: 0 FLAG_GT: 1
INPUT_PORT:  []
OUT_PORT:  []
DATA_MEM:  [194, 90]
---------------------------------------
DEBUG    root:machine.py:309 LD 0
TICK: 9389 PC:   9 ADDR:   0 MEM_OUT: 194 ACC: 2 BUFF: 194 DC: 0 FLAG_ZERO: False FLAG_LT: 0 FLAG_GT: 1
INPUT_PORT:  []
OUT_PORT:  []
DATA_MEM:  [194, 90]
---------------------------------------
DEBUG    root:machine.py:309 MOD 5
TICK: 9393 PC:  10 ADDR:   0 MEM_OUT: 194 ACC: 194 BUFF: 194 DC: 0 FLAG_ZERO: False FLAG_LT: 0 FLAG_GT: 1
INPUT_PORT:  []
OUT_PORT:  []
DATA_MEM:  [194, 90]
---------------------------------------
DEBUG    root:machine.py:309 CMP 0
TICK: 9397 PC:  11 ADDR:   0 MEM_OUT: 194 ACC: 4 BUFF: 194 DC: 0 FLAG_ZERO: False FLAG_LT: 0 FLAG_GT: 1
INPUT_PORT:  []
OUT_PORT:  []
DATA_MEM:  [194, 90]
---------------------------------------
DEBUG    root:machine.py:309 JE 18
TICK: 9400 PC:  12 ADDR:   0 MEM_OUT: 194 ACC: 4 BUFF: 194 DC: 0 FLAG_ZERO: False FLAG_LT: 0 FLAG_GT: 1
INPUT_PORT:  []
OUT_PORT:  []
DATA_MEM:  [194, 90]
---------------------------------------
DEBUG    root:machine.py:309 JMP 0
TICK: 9403 PC:  13 ADDR:   0 MEM_OUT: 194 ACC: 4 BUFF: 194 DC: 0 FLAG_ZERO: False FLAG_LT: 0 FLAG_GT: 1
INPUT_PORT:  []
OUT_PORT:  []
DATA_MEM:  [194, 90]
---------------------------------------
DEBUG    root:machine.py:309 LD 0
TICK: 9406 PC:   0 ADDR:   0 MEM_OUT: 194 ACC: 4 BUFF: 194 DC: 0 FLAG_ZERO: False FLAG_LT: 0 FLAG_GT: 1
INPUT_PORT:  []
OUT_PORT:  []
DATA_MEM:  [194, 90]
---------------------------------------
DEBUG    root:machine.py:309 INC 
TICK: 9410 PC:   1 ADDR:   0 MEM_OUT: 194 ACC: 194 BUFF: 194 DC: 0 FLAG_ZERO: False FLAG_LT: 0 FLAG_GT: 1
INPUT_PORT:  []
OUT_PORT:  []
DATA_MEM:  [194, 90]
---------------------------------------
DEBUG    root:machine.py:309 ST 0
TICK: 9413 PC:   2 ADDR:   0 MEM_OUT: 194 ACC: 195 BUFF: 194 DC: 0 FLAG_ZERO: False FLAG_LT: 0 FLAG_GT: 1
INPUT_PORT:  []
OUT_PORT:  []
DATA_MEM:  [194, 90]
---------------------------------------
DEBUG    root:machine.py:309 CMP 1000
TICK: 9417 PC:   3 ADDR:   0 MEM_OUT: 195 ACC: 195 BUFF: 194 DC: 0 FLAG_ZERO: False FLAG_LT: 0 FLAG_GT: 1
INPUT_PORT:  []
OUT_PORT:  []
DATA_MEM:  [195, 90]
---------------------------------------
DEBUG    root:machine.py:309 JGE 22
TICK: 9420 PC:   4 ADDR:   0 MEM_OUT: 195 ACC: 195 BUFF: 194 DC: 0 FLAG_ZERO: False FLAG_LT: 1 FLAG_GT: 0
INPUT_PORT:  []
OUT_PORT:  []
DATA_MEM:  [195, 90]
---------------------------------------
DEBUG    root:machine.py:309 LD 0
TICK: 9423 PC:   5 ADDR:   0 MEM_OUT: 195 ACC: 195 BUFF: 194 DC: 0 FLAG_ZERO: False FLAG_LT: 1 FLAG_GT: 0
INPUT_PORT:  []
OUT_PORT:  []
DATA_MEM:  [195, 90]
---------------------------------------
DEBUG    root:machine.py:309 MOD 3
TICK: 9427 PC:   6 ADDR:   0 MEM_OUT: 195 ACC: 195 BUFF: 194 DC: 0 FLAG_ZERO: False FLAG_LT: 1 FLAG_GT: 0
INPUT_PORT:  []
OUT_PORT:  []
DATA_MEM:  [195, 90]
---------------------------------------
DEBUG    root:machine.py:309 CMP 0
TICK: 9431 PC:   7 ADDR:   0 MEM_OUT: 195 ACC: 0 BUFF: 195 DC: 0 FLAG_ZERO: False FLAG_LT: 1 FLAG_GT: 0
INPUT_PORT:  []
OUT_PORT:  []
DATA_MEM:  [195, 90]
---------------------------------------
DEBUG    root:machine.py:309 JE 14
TICK: 9434 PC:   8 ADDR:   0 MEM_OUT: 195 ACC: 0 BUFF: 195 DC: 0 FLAG_ZERO: True FLAG_LT: 0 FLAG_GT: 0
INPUT_PORT:  []
OUT_PORT:  []
DATA_MEM:  [195, 90]
---------------------------------------
DEBUG    root:machine.py:309 LD 4
TICK: 9437 PC:  14 ADDR:   0 MEM_OUT: 195 ACC: 0 BUFF: 195 DC: 0 FLAG_ZERO: True FLAG_LT: 0 FLAG_GT: 0
INPUT_PORT:  []
OUT_PORT:  []
DATA_MEM:  [195, 90]
---------------------------------------
DEBUG    root:machine.py:309 INC 
TICK: 9441 PC:  15 ADDR:   1 MEM_OUT: 90 ACC: 90 BUFF: 195 DC: 0 FLAG_ZERO: True FLAG_LT: 0 FLAG_GT: 0
INPUT_PORT:  []
OUT_PORT:  []
DATA_MEM:  [195, 90]
---------------------------------------
DEBUG    root:machine.py:309 ST 4
TICK: 9444 PC:  16 ADDR:   1 MEM_OUT: 90 ACC: 91 BUFF: 195 DC: 0 FLAG_ZERO: True FLAG_LT: 0 FLAG_GT: 0
INPUT_PORT:  []
OUT_PORT:  []
DATA_MEM:  [195, 90]
---------------------------------------
DEBUG    root:machine.py:309 JMP 0
TICK: 9448 PC:  17 ADDR:   1 MEM_OUT: 91 ACC: 91 BUFF: 195 DC: 0 FLAG_ZERO: True FLAG_LT: 0 FLAG_GT: 0
INPUT_PORT:  []
OUT_PORT:  []
DATA_MEM:  [195, 91]
---------------------------------------
DEBUG    root:machine.py:309 LD 0
TICK: 9451 PC:   0 ADDR:   1 MEM_OUT: 91 ACC: 91 BUFF: 195 DC: 0 FLAG_ZERO: True FLAG_LT: 0 FLAG_GT: 0
INPUT_PORT:  []
OUT_PORT:  []
DATA_MEM:  [195, 91]
---------------------------------------
DEBUG    root:machine.py:309 INC 
TICK: 9455 PC:   1 ADDR:   0 MEM_OUT: 195 ACC: 195 BUFF: 195 DC: 0 FLAG_ZERO: True FLAG_LT: 0 FLAG_GT: 0
INPUT_PORT:  []
OUT_PORT:  []
DATA_MEM:  [195, 91]
---------------------------------------
DEBUG    root:machine.py:309 ST 0
TICK: 9458 PC:   2 ADDR:   0 MEM_OUT: 195 ACC: 196 BUFF: 195 DC: 0 FLAG_ZERO: True FLAG_LT: 0 FLAG_GT: 0
INPUT_PORT:  []
OUT_PORT:  []
DATA_MEM:  [195, 91]
---------------------------------------
DEBUG    root:machine.py:309 CMP 1000
TICK: 9462 PC:   3 ADDR:   0 MEM_OUT: 196 ACC: 196 BUFF: 195 DC: 0 FLAG_ZERO: True FLAG_LT: 0 FLAG_GT: 0
INPUT_PORT:  []
OUT_PORT:  []
DATA_MEM:  [196, 91]
---------------------------------------
DEBUG    root:machine.py:309 JGE 22
TICK: 9465 PC:   4 ADDR:   0 MEM_OUT: 196 ACC: 196 BUFF: 195 DC: 0 FLAG_ZERO: False FLAG_LT: 1 FLAG_GT: 0
INPUT_PORT:  []
OUT_PORT:  []
DATA_MEM:  [196, 91]
---------------------------------------
DEBUG    root:machine.py:309 LD 0
TICK: 9468 PC:   5 ADDR:   0 MEM_OUT: 196 ACC: 196 BUFF: 195 DC: 0 FLAG_ZERO: False FLAG_LT: 1 FLAG_GT: 0
INPUT_PORT:  []
OUT_PORT:  []
DATA_MEM:  [196, 91]
---------------------------------------
DEBUG    root:machine.py:309 MOD 3
TICK: 9472 PC:   6 ADDR:   0 MEM_OUT: 196 ACC: 196 BUFF: 195 DC: 0 FLAG_ZERO: False FLAG_LT: 1 FLAG_GT: 0
INPUT_PORT:  []
OUT_PORT:  []
DATA_MEM:  [196, 91]
---------------------------------------
DEBUG    root:machine.py:309 CMP 0
TICK: 9476 PC:   7 ADDR:   0 MEM_OUT: 196 ACC: 1 BUFF: 196 DC: 0 FLAG_ZERO: False FLAG_LT: 1 FLAG_GT: 0
INPUT_PORT:  []
OUT_PORT:  []
DATA_MEM:  [196, 91]
---------------------------------------
DEBUG    root:machine.py:309 JE 14
TICK: 9479 PC:   8 ADDR:   0 MEM_OUT: 196 ACC: 1 BUFF: 196 DC: 0 FLAG_ZERO: False FLAG_LT: 0 FLAG_GT: 1
INPUT_PORT:  []
OUT_PORT:  []
DATA_MEM:  [196, 91]
---------------------------------------
DEBUG    root:machine.py:309 LD 0
TICK: 9482 PC:   9 ADDR:   0 MEM_OUT: 196 ACC: 1 BUFF: 196 DC: 0 FLAG_ZERO: False FLAG_LT: 0 FLAG_GT: 1
INPUT_PORT:  []
OUT_PORT:  []
DATA_MEM:  [196, 91]
---------------------------------------
DEBUG    root:machine.py:309 MOD 5
TICK: 9486 PC:  10 ADDR:   0 MEM_OUT: 196 ACC: 196 BUFF: 196 DC: 0 FLAG_ZERO: False FLAG_LT: 0 FLAG_GT: 1
INPUT_PORT:  []
OUT_PORT:  []
DATA_MEM:  [196, 91]
---------------------------------------
DEBUG    root:machine.py:309 CMP 0
TICK: 9490 PC:  11 ADDR:   0 MEM_OUT: 196 ACC: 1 BUFF: 196 DC: 0 FLAG_ZERO: False FLAG_LT: 0 FLAG_GT: 1
INPUT_PORT:  []
OUT_PORT:  []
DATA_MEM:  [196, 91]
---------------------------------------
DEBUG    root:machine.py:309 JE 18
TICK: 9493 PC:  12 ADDR:   0 MEM_OUT: 196 ACC: 1 BUFF: 196 DC: 0 FLAG_ZERO: False FLAG_LT: 0 FLAG_GT: 1
INPUT_PORT:  []
OUT_PORT:  []
DATA_MEM:  [196, 91]
---------------------------------------
DEBUG    root:machine.py:309 JMP 0
TICK: 9496 PC:  13 ADDR:   0 MEM_OUT: 196 ACC: 1 BUFF: 196 DC: 0 FLAG_ZERO: False FLAG_LT: 0 FLAG_GT: 1
INPUT_PORT:  []
OUT_PORT:  []
DATA_MEM:  [196, 91]
---------------------------------------
DEBUG    root:machine.py:309 LD 0
TICK: 9499 PC:   0 ADDR:   0 MEM_OUT: 196 ACC: 1 BUFF: 196 DC: 0 FLAG_ZERO: False FLAG_LT: 0 FLAG_GT: 1
INPUT_PORT:  []
OUT_PORT:  []
DATA_MEM:  [196, 91]
---------------------------------------
DEBUG    root:machine.py:309 INC 
TICK: 9503 PC:   1 ADDR:   0 MEM_OUT: 196 ACC: 196 BUFF: 196 DC: 0 FLAG_ZERO: False FLAG_LT: 0 FLAG_GT: 1
INPUT_PORT:  []
OUT_PORT:  []
DATA_MEM:  [196, 91]
---------------------------------------
DEBUG    root:machine.py:309 ST 0
TICK: 9506 PC:   2 ADDR:   0 MEM_OUT: 196 ACC: 197 BUFF: 196 DC: 0 FLAG_ZERO: False FLAG_LT: 0 FLAG_GT: 1
INPUT_PORT:  []
OUT_PORT:  []
DATA_MEM:  [196, 91]
---------------------------------------
DEBUG    root:machine.py:309 CMP 1000
TICK: 9510 PC:   3 ADDR:   0 MEM_OUT: 197 ACC: 197 BUFF: 196 DC: 0 FLAG_ZERO: False FLAG_LT: 0 FLAG_GT: 1
INPUT_PORT:  []
OUT_PORT:  []
DATA_MEM:  [197, 91]
---------------------------------------
DEBUG    root:machine.py:309 JGE 22
TICK: 9513 PC:   4 ADDR:   0 MEM_OUT: 197 ACC: 197 BUFF: 196 DC: 0 FLAG_ZERO: False FLAG_LT: 1 FLAG_GT: 0
INPUT_PORT:  []
OUT_PORT:  []
DATA_MEM:  [197, 91]
---------------------------------------
DEBUG    root:machine.py:309 LD 0
TICK: 9516 PC:   5 ADDR:   0 MEM_OUT: 197 ACC: 197 BUFF: 196 DC: 0 FLAG_ZERO: False FLAG_LT: 1 FLAG_GT: 0
INPUT_PORT:  []
OUT_PORT:  []
DATA_MEM:  [197, 91]
---------------------------------------
DEBUG    root:machine.py:309 MOD 3
TICK: 9520 PC:   6 ADDR:   0 MEM_OUT: 197 ACC: 197 BUFF: 196 DC: 0 FLAG_ZERO: False FLAG_LT: 1 FLAG_GT: 0
INPUT_PORT:  []
OUT_PORT:  []
DATA_MEM:  [197, 91]
---------------------------------------
DEBUG    root:machine.py:309 CMP 0
TICK: 9524 PC:   7 ADDR:   0 MEM_OUT: 197 ACC: 2 BUFF: 197 DC: 0 FLAG_ZERO: False FLAG_LT: 1 FLAG_GT: 0
INPUT_PORT:  []
OUT_PORT:  []
DATA_MEM:  [197, 91]
---------------------------------------
DEBUG    root:machine.py:309 JE 14
TICK: 9527 PC:   8 ADDR:   0 MEM_OUT: 197 ACC: 2 BUFF: 197 DC: 0 FLAG_ZERO: False FLAG_LT: 0 FLAG_GT: 1
INPUT_PORT:  []
OUT_PORT:  []
DATA_MEM:  [197, 91]
---------------------------------------
DEBUG    root:machine.py:309 LD 0
TICK: 9530 PC:   9 ADDR:   0 MEM_OUT: 197 ACC: 2 BUFF: 197 DC: 0 FLAG_ZERO: False FLAG_LT: 0 FLAG_GT: 1
INPUT_PORT:  []
OUT_PORT:  []
DATA_MEM:  [197, 91]
---------------------------------------
DEBUG    root:machine.py:309 MOD 5
TICK: 9534 PC:  10 ADDR:   0 MEM_OUT: 197 ACC: 197 BUFF: 197 DC: 0 FLAG_ZERO: False FLAG_LT: 0 FLAG_GT: 1
INPUT_PORT:  []
OUT_PORT:  []
DATA_MEM:  [197, 91]
---------------------------------------
DEBUG    root:machine.py:309 CMP 0
TICK: 9538 PC:  11 ADDR:   0 MEM_OUT: 197 ACC: 2 BUFF: 197 DC: 0 FLAG_ZERO: False FLAG_LT: 0 FLAG_GT: 1
INPUT_PORT:  []
OUT_PORT:  []
DATA_MEM:  [197, 91]
---------------------------------------
DEBUG    root:machine.py:309 JE 18
TICK: 9541 PC:  12 ADDR:   0 MEM_OUT: 197 ACC: 2 BUFF: 197 DC: 0 FLAG_ZERO: False FLAG_LT: 0 FLAG_GT: 1
INPUT_PORT:  []
OUT_PORT:  []
DATA_MEM:  [197, 91]
---------------------------------------
DEBUG    root:machine.py:309 JMP 0
TICK: 9544 PC:  13 ADDR:   0 MEM_OUT: 197 ACC: 2 BUFF: 197 DC: 0 FLAG_ZERO: False FLAG_LT: 0 FLAG_GT: 1
INPUT_PORT:  []
OUT_PORT:  []
DATA_MEM:  [197, 91]
---------------------------------------
DEBUG    root:machine.py:309 LD 0
TICK: 9547 PC:   0 ADDR:   0 MEM_OUT: 197 ACC: 2 BUFF: 197 DC: 0 FLAG_ZERO: False FLAG_LT: 0 FLAG_GT: 1
INPUT_PORT:  []
OUT_PORT:  []
DATA_MEM:  [197, 91]
---------------------------------------
DEBUG    root:machine.py:309 INC 
TICK: 9551 PC:   1 ADDR:   0 MEM_OUT: 197 ACC: 197 BUFF: 197 DC: 0 FLAG_ZERO: False FLAG_LT: 0 FLAG_GT: 1
INPUT_PORT:  []
OUT_PORT:  []
DATA_MEM:  [197, 91]
---------------------------------------
DEBUG    root:machine.py:309 ST 0
TICK: 9554 PC:   2 ADDR:   0 MEM_OUT: 197 ACC: 198 BUFF: 197 DC: 0 FLAG_ZERO: False FLAG_LT: 0 FLAG_GT: 1
INPUT_PORT:  []
OUT_PORT:  []
DATA_MEM:  [197, 91]
---------------------------------------
DEBUG    root:machine.py:309 CMP 1000
TICK: 9558 PC:   3 ADDR:   0 MEM_OUT: 198 ACC: 198 BUFF: 197 DC: 0 FLAG_ZERO: False FLAG_LT: 0 FLAG_GT: 1
INPUT_PORT:  []
OUT_PORT:  []
DATA_MEM:  [198, 91]
---------------------------------------
DEBUG    root:machine.py:309 JGE 22
TICK: 9561 PC:   4 ADDR:   0 MEM_OUT: 198 ACC: 198 BUFF: 197 DC: 0 FLAG_ZERO: False FLAG_LT: 1 FLAG_GT: 0
INPUT_PORT:  []
OUT_PORT:  []
DATA_MEM:  [198, 91]
---------------------------------------
DEBUG    root:machine.py:309 LD 0
TICK: 9564 PC:   5 ADDR:   0 MEM_OUT: 198 ACC: 198 BUFF: 197 DC: 0 FLAG_ZERO: False FLAG_LT: 1 FLAG_GT: 0
INPUT_PORT:  []
OUT_PORT:  []
DATA_MEM:  [198, 91]
---------------------------------------
DEBUG    root:machine.py:309 MOD 3
TICK: 9568 PC:   6 ADDR:   0 MEM_OUT: 198 ACC: 198 BUFF: 197 DC: 0 FLAG_ZERO: False FLAG_LT: 1 FLAG_GT: 0
INPUT_PORT:  []
OUT_PORT:  []
DATA_MEM:  [198, 91]
---------------------------------------
DEBUG    root:machine.py:309 CMP 0
TICK: 9572 PC:   7 ADDR:   0 MEM_OUT: 198 ACC: 0 BUFF: 198 DC: 0 FLAG_ZERO: False FLAG_LT: 1 FLAG_GT: 0
INPUT_PORT:  []
OUT_PORT:  []
DATA_MEM:  [198, 91]
---------------------------------------
DEBUG    root:machine.py:309 JE 14
TICK: 9575 PC:   8 ADDR:   0 MEM_OUT: 198 ACC: 0 BUFF: 198 DC: 0 FLAG_ZERO: True FLAG_LT: 0 FLAG_GT: 0
INPUT_PORT:  []
OUT_PORT:  []
DATA_MEM:  [198, 91]
---------------------------------------
DEBUG    root:machine.py:309 LD 4
TICK: 9578 PC:  14 ADDR:   0 MEM_OUT: 198 ACC: 0 BUFF: 198 DC: 0 FLAG_ZERO: True FLAG_LT: 0 FLAG_GT: 0
INPUT_PORT:  []
OUT_PORT:  []
DATA_MEM:  [198, 91]
---------------------------------------
DEBUG    root:machine.py:309 INC 
TICK: 9582 PC:  15 ADDR:   1 MEM_OUT: 91 ACC: 91 BUFF: 198 DC: 0 FLAG_ZERO: True FLAG_LT: 0 FLAG_GT: 0
INPUT_PORT:  []
OUT_PORT:  []
DATA_MEM:  [198, 91]
---------------------------------------
DEBUG    root:machine.py:309 ST 4
TICK: 9585 PC:  16 ADDR:   1 MEM_OUT: 91 ACC: 92 BUFF: 198 DC: 0 FLAG_ZERO: True FLAG_LT: 0 FLAG_GT: 0
INPUT_PORT:  []
OUT_PORT:  []
DATA_MEM:  [198, 91]
---------------------------------------
DEBUG    root:machine.py:309 JMP 0
TICK: 9589 PC:  17 ADDR:   1 MEM_OUT: 92 ACC: 92 BUFF: 198 DC: 0 FLAG_ZERO: True FLAG_LT: 0 FLAG_GT: 0
INPUT_PORT:  []
OUT_PORT:  []
DATA_MEM:  [198, 92]
---------------------------------------
DEBUG    root:machine.py:309 LD 0
TICK: 9592 PC:   0 ADDR:   1 MEM_OUT: 92 ACC: 92 BUFF: 198 DC: 0 FLAG_ZERO: True FLAG_LT: 0 FLAG_GT: 0
INPUT_PORT:  []
OUT_PORT:  []
DATA_MEM:  [198, 92]
---------------------------------------
DEBUG    root:machine.py:309 INC 
TICK: 9596 PC:   1 ADDR:   0 MEM_OUT: 198 ACC: 198 BUFF: 198 DC: 0 FLAG_ZERO: True FLAG_LT: 0 FLAG_GT: 0
INPUT_PORT:  []
OUT_PORT:  []
DATA_MEM:  [198, 92]
---------------------------------------
DEBUG    root:machine.py:309 ST 0
TICK: 9599 PC:   2 ADDR:   0 MEM_OUT: 198 ACC: 199 BUFF: 198 DC: 0 FLAG_ZERO: True FLAG_LT: 0 FLAG_GT: 0
INPUT_PORT:  []
OUT_PORT:  []
DATA_MEM:  [198, 92]
---------------------------------------
DEBUG    root:machine.py:309 CMP 1000
TICK: 9603 PC:   3 ADDR:   0 MEM_OUT: 199 ACC: 199 BUFF: 198 DC: 0 FLAG_ZERO: True FLAG_LT: 0 FLAG_GT: 0
INPUT_PORT:  []
OUT_PORT:  []
DATA_MEM:  [199, 92]
---------------------------------------
DEBUG    root:machine.py:309 JGE 22
TICK: 9606 PC:   4 ADDR:   0 MEM_OUT: 199 ACC: 199 BUFF: 198 DC: 0 FLAG_ZERO: False FLAG_LT: 1 FLAG_GT: 0
INPUT_PORT:  []
OUT_PORT:  []
DATA_MEM:  [199, 92]
---------------------------------------
DEBUG    root:machine.py:309 LD 0
TICK: 9609 PC:   5 ADDR:   0 MEM_OUT: 199 ACC: 199 BUFF: 198 DC: 0 FLAG_ZERO: False FLAG_LT: 1 FLAG_GT: 0
INPUT_PORT:  []
OUT_PORT:  []
DATA_MEM:  [199, 92]
---------------------------------------
DEBUG    root:machine.py:309 MOD 3
TICK: 9613 PC:   6 ADDR:   0 MEM_OUT: 199 ACC: 199 BUFF: 198 DC: 0 FLAG_ZERO: False FLAG_LT: 1 FLAG_GT: 0
INPUT_PORT:  []
OUT_PORT:  []
DATA_MEM:  [199, 92]
---------------------------------------
DEBUG    root:machine.py:309 CMP 0
TICK: 9617 PC:   7 ADDR:   0 MEM_OUT: 199 ACC: 1 BUFF: 199 DC: 0 FLAG_ZERO: False FLAG_LT: 1 FLAG_GT: 0
INPUT_PORT:  []
OUT_PORT:  []
DATA_MEM:  [199, 92]
---------------------------------------
DEBUG    root:machine.py:309 JE 14
TICK: 9620 PC:   8 ADDR:   0 MEM_OUT: 199 ACC: 1 BUFF: 199 DC: 0 FLAG_ZERO: False FLAG_LT: 0 FLAG_GT: 1
INPUT_PORT:  []
OUT_PORT:  []
DATA_MEM:  [199, 92]
---------------------------------------
DEBUG    root:machine.py:309 LD 0
TICK: 9623 PC:   9 ADDR:   0 MEM_OUT: 199 ACC: 1 BUFF: 199 DC: 0 FLAG_ZERO: False FLAG_LT: 0 FLAG_GT: 1
INPUT_PORT:  []
OUT_PORT:  []
DATA_MEM:  [199, 92]
---------------------------------------
DEBUG    root:machine.py:309 MOD 5
TICK: 9627 PC:  10 ADDR:   0 MEM_OUT: 199 ACC: 199 BUFF: 199 DC: 0 FLAG_ZERO: False FLAG_LT: 0 FLAG_GT: 1
INPUT_PORT:  []
OUT_PORT:  []
DATA_MEM:  [199, 92]
---------------------------------------
DEBUG    root:machine.py:309 CMP 0
TICK: 9631 PC:  11 ADDR:   0 MEM_OUT: 199 ACC: 4 BUFF: 199 DC: 0 FLAG_ZERO: False FLAG_LT: 0 FLAG_GT: 1
INPUT_PORT:  []
OUT_PORT:  []
DATA_MEM:  [199, 92]
---------------------------------------
DEBUG    root:machine.py:309 JE 18
TICK: 9634 PC:  12 ADDR:   0 MEM_OUT: 199 ACC: 4 BUFF: 199 DC: 0 FLAG_ZERO: False FLAG_LT: 0 FLAG_GT: 1
INPUT_PORT:  []
OUT_PORT:  []
DATA_MEM:  [199, 92]
---------------------------------------
DEBUG    root:machine.py:309 JMP 0
TICK: 9637 PC:  13 ADDR:   0 MEM_OUT: 199 ACC: 4 BUFF: 199 DC: 0 FLAG_ZERO: False FLAG_LT: 0 FLAG_GT: 1
INPUT_PORT:  []
OUT_PORT:  []
DATA_MEM:  [199, 92]
---------------------------------------
DEBUG    root:machine.py:309 LD 0
TICK: 9640 PC:   0 ADDR:   0 MEM_OUT: 199 ACC: 4 BUFF: 199 DC: 0 FLAG_ZERO: False FLAG_LT: 0 FLAG_GT: 1
INPUT_PORT:  []
OUT_PORT:  []
DATA_MEM:  [199, 92]
---------------------------------------
DEBUG    root:machine.py:309 INC 
TICK: 9644 PC:   1 ADDR:   0 MEM_OUT: 199 ACC: 199 BUFF: 199 DC: 0 FLAG_ZERO: False FLAG_LT: 0 FLAG_GT: 1
INPUT_PORT:  []
OUT_PORT:  []
DATA_MEM:  [199, 92]
---------------------------------------
DEBUG    root:machine.py:309 ST 0
TICK: 9647 PC:   2 ADDR:   0 MEM_OUT: 199 ACC: 200 BUFF: 199 DC: 0 FLAG_ZERO: False FLAG_LT: 0 FLAG_GT: 1
INPUT_PORT:  []
OUT_PORT:  []
DATA_MEM:  [199, 92]
---------------------------------------
DEBUG    root:machine.py:309 CMP 1000
TICK: 9651 PC:   3 ADDR:   0 MEM_OUT: 200 ACC: 200 BUFF: 199 DC: 0 FLAG_ZERO: False FLAG_LT: 0 FLAG_GT: 1
INPUT_PORT:  []
OUT_PORT:  []
DATA_MEM:  [200, 92]
---------------------------------------
DEBUG    root:machine.py:309 JGE 22
TICK: 9654 PC:   4 ADDR:   0 MEM_OUT: 200 ACC: 200 BUFF: 199 DC: 0 FLAG_ZERO: False FLAG_LT: 1 FLAG_GT: 0
INPUT_PORT:  []
OUT_PORT:  []
DATA_MEM:  [200, 92]
---------------------------------------
DEBUG    root:machine.py:309 LD 0
TICK: 9657 PC:   5 ADDR:   0 MEM_OUT: 200 ACC: 200 BUFF: 199 DC: 0 FLAG_ZERO: False FLAG_LT: 1 FLAG_GT: 0
INPUT_PORT:  []
OUT_PORT:  []
DATA_MEM:  [200, 92]
---------------------------------------
DEBUG    root:machine.py:309 MOD 3
TICK: 9661 PC:   6 ADDR:   0 MEM_OUT: 200 ACC: 200 BUFF: 199 DC: 0 FLAG_ZERO: False FLAG_LT: 1 FLAG_GT: 0
INPUT_PORT:  []
OUT_PORT:  []
DATA_MEM:  [200, 92]
---------------------------------------
DEBUG    root:machine.py:309 CMP 0
TICK: 9665 PC:   7 ADDR:   0 MEM_OUT: 200 ACC: 2 BUFF: 200 DC: 0 FLAG_ZERO: False FLAG_LT: 1 FLAG_GT: 0
INPUT_PORT:  []
OUT_PORT:  []
DATA_MEM:  [200, 92]
---------------------------------------
DEBUG    root:machine.py:309 JE 14
TICK: 9668 PC:   8 ADDR:   0 MEM_OUT: 200 ACC: 2 BUFF: 200 DC: 0 FLAG_ZERO: False FLAG_LT: 0 FLAG_GT: 1
INPUT_PORT:  []
OUT_PORT:  []
DATA_MEM:  [200, 92]
---------------------------------------
DEBUG    root:machine.py:309 LD 0
TICK: 9671 PC:   9 ADDR:   0 MEM_OUT: 200 ACC: 2 BUFF: 200 DC: 0 FLAG_ZERO: False FLAG_LT: 0 FLAG_GT: 1
INPUT_PORT:  []
OUT_PORT:  []
DATA_MEM:  [200, 92]
---------------------------------------
DEBUG    root:machine.py:309 MOD 5
TICK: 9675 PC:  10 ADDR:   0 MEM_OUT: 200 ACC: 200 BUFF: 200 DC: 0 FLAG_ZERO: False FLAG_LT: 0 FLAG_GT: 1
INPUT_PORT:  []
OUT_PORT:  []
DATA_MEM:  [200, 92]
---------------------------------------
DEBUG    root:machine.py:309 CMP 0
TICK: 9679 PC:  11 ADDR:   0 MEM_OUT: 200 ACC: 0 BUFF: 200 DC: 0 FLAG_ZERO: False FLAG_LT: 0 FLAG_GT: 1
INPUT_PORT:  []
OUT_PORT:  []
DATA_MEM:  [200, 92]
---------------------------------------
DEBUG    root:machine.py:309 JE 18
TICK: 9682 PC:  12 ADDR:   0 MEM_OUT: 200 ACC: 0 BUFF: 200 DC: 0 FLAG_ZERO: True FLAG_LT: 0 FLAG_GT: 0
INPUT_PORT:  []
OUT_PORT:  []
DATA_MEM:  [200, 92]
---------------------------------------
DEBUG    root:machine.py:309 LD 4
TICK: 9685 PC:  18 ADDR:   0 MEM_OUT: 200 ACC: 0 BUFF: 200 DC: 0 FLAG_ZERO: True FLAG_LT: 0 FLAG_GT: 0
INPUT_PORT:  []
OUT_PORT:  []
DATA_MEM:  [200, 92]
---------------------------------------
DEBUG    root:machine.py:309 INC 
TICK: 9689 PC:  19 ADDR:   1 MEM_OUT: 92 ACC: 92 BUFF: 200 DC: 0 FLAG_ZERO: True FLAG_LT: 0 FLAG_GT: 0
INPUT_PORT:  []
OUT_PORT:  []
DATA_MEM:  [200, 92]
---------------------------------------
DEBUG    root:machine.py:309 ST 4
TICK: 9692 PC:  20 ADDR:   1 MEM_OUT: 92 ACC: 93 BUFF: 200 DC: 0 FLAG_ZERO: True FLAG_LT: 0 FLAG_GT: 0
INPUT_PORT:  []
OUT_PORT:  []
DATA_MEM:  [200, 92]
---------------------------------------
DEBUG    root:machine.py:309 JMP 0
TICK: 9696 PC:  21 ADDR:   1 MEM_OUT: 93 ACC: 93 BUFF: 200 DC: 0 FLAG_ZERO: True FLAG_LT: 0 FLAG_GT: 0
INPUT_PORT:  []
OUT_PORT:  []
DATA_MEM:  [200, 93]
---------------------------------------
DEBUG    root:machine.py:309 LD 0
TICK: 9699 PC:   0 ADDR:   1 MEM_OUT: 93 ACC: 93 BUFF: 200 DC: 0 FLAG_ZERO: True FLAG_LT: 0 FLAG_GT: 0
INPUT_PORT:  []
OUT_PORT:  []
DATA_MEM:  [200, 93]
---------------------------------------
DEBUG    root:machine.py:309 INC 
TICK: 9703 PC:   1 ADDR:   0 MEM_OUT: 200 ACC: 200 BUFF: 200 DC: 0 FLAG_ZERO: True FLAG_LT: 0 FLAG_GT: 0
INPUT_PORT:  []
OUT_PORT:  []
DATA_MEM:  [200, 93]
---------------------------------------
DEBUG    root:machine.py:309 ST 0
TICK: 9706 PC:   2 ADDR:   0 MEM_OUT: 200 ACC: 201 BUFF: 200 DC: 0 FLAG_ZERO: True FLAG_LT: 0 FLAG_GT: 0
INPUT_PORT:  []
OUT_PORT:  []
DATA_MEM:  [200, 93]
---------------------------------------
DEBUG    root:machine.py:309 CMP 1000
TICK: 9710 PC:   3 ADDR:   0 MEM_OUT: 201 ACC: 201 BUFF: 200 DC: 0 FLAG_ZERO: True FLAG_LT: 0 FLAG_GT: 0
INPUT_PORT:  []
OUT_PORT:  []
DATA_MEM:  [201, 93]
---------------------------------------
DEBUG    root:machine.py:309 JGE 22
TICK: 9713 PC:   4 ADDR:   0 MEM_OUT: 201 ACC: 201 BUFF: 200 DC: 0 FLAG_ZERO: False FLAG_LT: 1 FLAG_GT: 0
INPUT_PORT:  []
OUT_PORT:  []
DATA_MEM:  [201, 93]
---------------------------------------
DEBUG    root:machine.py:309 LD 0
TICK: 9716 PC:   5 ADDR:   0 MEM_OUT: 201 ACC: 201 BUFF: 200 DC: 0 FLAG_ZERO: False FLAG_LT: 1 FLAG_GT: 0
INPUT_PORT:  []
OUT_PORT:  []
DATA_MEM:  [201, 93]
---------------------------------------
DEBUG    root:machine.py:309 MOD 3
TICK: 9720 PC:   6 ADDR:   0 MEM_OUT: 201 ACC: 201 BUFF: 200 DC: 0 FLAG_ZERO: False FLAG_LT: 1 FLAG_GT: 0
INPUT_PORT:  []
OUT_PORT:  []
DATA_MEM:  [201, 93]
---------------------------------------
DEBUG    root:machine.py:309 CMP 0
TICK: 9724 PC:   7 ADDR:   0 MEM_OUT: 201 ACC: 0 BUFF: 201 DC: 0 FLAG_ZERO: False FLAG_LT: 1 FLAG_GT: 0
INPUT_PORT:  []
OUT_PORT:  []
DATA_MEM:  [201, 93]
---------------------------------------
DEBUG    root:machine.py:309 JE 14
TICK: 9727 PC:   8 ADDR:   0 MEM_OUT: 201 ACC: 0 BUFF: 201 DC: 0 FLAG_ZERO: True FLAG_LT: 0 FLAG_GT: 0
INPUT_PORT:  []
OUT_PORT:  []
DATA_MEM:  [201, 93]
---------------------------------------
DEBUG    root:machine.py:309 LD 4
TICK: 9730 PC:  14 ADDR:   0 MEM_OUT: 201 ACC: 0 BUFF: 201 DC: 0 FLAG_ZERO: True FLAG_LT: 0 FLAG_GT: 0
INPUT_PORT:  []
OUT_PORT:  []
DATA_MEM:  [201, 93]
---------------------------------------
DEBUG    root:machine.py:309 INC 
TICK: 9734 PC:  15 ADDR:   1 MEM_OUT: 93 ACC: 93 BUFF: 201 DC: 0 FLAG_ZERO: True FLAG_LT: 0 FLAG_GT: 0
INPUT_PORT:  []
OUT_PORT:  []
DATA_MEM:  [201, 93]
---------------------------------------
DEBUG    root:machine.py:309 ST 4
TICK: 9737 PC:  16 ADDR:   1 MEM_OUT: 93 ACC: 94 BUFF: 201 DC: 0 FLAG_ZERO: True FLAG_LT: 0 FLAG_GT: 0
INPUT_PORT:  []
OUT_PORT:  []
DATA_MEM:  [201, 93]
---------------------------------------
DEBUG    root:machine.py:309 JMP 0
TICK: 9741 PC:  17 ADDR:   1 MEM_OUT: 94 ACC: 94 BUFF: 201 DC: 0 FLAG_ZERO: True FLAG_LT: 0 FLAG_GT: 0
INPUT_PORT:  []
OUT_PORT:  []
DATA_MEM:  [201, 94]
---------------------------------------
DEBUG    root:machine.py:309 LD 0
TICK: 9744 PC:   0 ADDR:   1 MEM_OUT: 94 ACC: 94 BUFF: 201 DC: 0 FLAG_ZERO: True FLAG_LT: 0 FLAG_GT: 0
INPUT_PORT:  []
OUT_PORT:  []
DATA_MEM:  [201, 94]
---------------------------------------
DEBUG    root:machine.py:309 INC 
TICK: 9748 PC:   1 ADDR:   0 MEM_OUT: 201 ACC: 201 BUFF: 201 DC: 0 FLAG_ZERO: True FLAG_LT: 0 FLAG_GT: 0
INPUT_PORT:  []
OUT_PORT:  []
DATA_MEM:  [201, 94]
---------------------------------------
DEBUG    root:machine.py:309 ST 0
TICK: 9751 PC:   2 ADDR:   0 MEM_OUT: 201 ACC: 202 BUFF: 201 DC: 0 FLAG_ZERO: True FLAG_LT: 0 FLAG_GT: 0
INPUT_PORT:  []
OUT_PORT:  []
DATA_MEM:  [201, 94]
---------------------------------------
DEBUG    root:machine.py:309 CMP 1000
TICK: 9755 PC:   3 ADDR:   0 MEM_OUT: 202 ACC: 202 BUFF: 201 DC: 0 FLAG_ZERO: True FLAG_LT: 0 FLAG_GT: 0
INPUT_PORT:  []
OUT_PORT:  []
DATA_MEM:  [202, 94]
---------------------------------------
DEBUG    root:machine.py:309 JGE 22
TICK: 9758 PC:   4 ADDR:   0 MEM_OUT: 202 ACC: 202 BUFF: 201 DC: 0 FLAG_ZERO: False FLAG_LT: 1 FLAG_GT: 0
INPUT_PORT:  []
OUT_PORT:  []
DATA_MEM:  [202, 94]
---------------------------------------
DEBUG    root:machine.py:309 LD 0
TICK: 9761 PC:   5 ADDR:   0 MEM_OUT: 202 ACC: 202 BUFF: 201 DC: 0 FLAG_ZERO: False FLAG_LT: 1 FLAG_GT: 0
INPUT_PORT:  []
OUT_PORT:  []
DATA_MEM:  [202, 94]
---------------------------------------
DEBUG    root:machine.py:309 MOD 3
TICK: 9765 PC:   6 ADDR:   0 MEM_OUT: 202 ACC: 202 BUFF: 201 DC: 0 FLAG_ZERO: False FLAG_LT: 1 FLAG_GT: 0
INPUT_PORT:  []
OUT_PORT:  []
DATA_MEM:  [202, 94]
---------------------------------------
DEBUG    root:machine.py:309 CMP 0
TICK: 9769 PC:   7 ADDR:   0 MEM_OUT: 202 ACC: 1 BUFF: 202 DC: 0 FLAG_ZERO: False FLAG_LT: 1 FLAG_GT: 0
INPUT_PORT:  []
OUT_PORT:  []
DATA_MEM:  [202, 94]
---------------------------------------
DEBUG    root:machine.py:309 JE 14
TICK: 9772 PC:   8 ADDR:   0 MEM_OUT: 202 ACC: 1 BUFF: 202 DC: 0 FLAG_ZERO: False FLAG_LT: 0 FLAG_GT: 1
INPUT_PORT:  []
OUT_PORT:  []
DATA_MEM:  [202, 94]
---------------------------------------
DEBUG    root:machine.py:309 LD 0
TICK: 9775 PC:   9 ADDR:   0 MEM_OUT: 202 ACC: 1 BUFF: 202 DC: 0 FLAG_ZERO: False FLAG_LT: 0 FLAG_GT: 1
INPUT_PORT:  []
OUT_PORT:  []
DATA_MEM:  [202, 94]
---------------------------------------
DEBUG    root:machine.py:309 MOD 5
TICK: 9779 PC:  10 ADDR:   0 MEM_OUT: 202 ACC: 202 BUFF: 202 DC: 0 FLAG_ZERO: False FLAG_LT: 0 FLAG_GT: 1
INPUT_PORT:  []
OUT_PORT:  []
DATA_MEM:  [202, 94]
---------------------------------------
DEBUG    root:machine.py:309 CMP 0
TICK: 9783 PC:  11 ADDR:   0 MEM_OUT: 202 ACC: 2 BUFF: 202 DC: 0 FLAG_ZERO: False FLAG_LT: 0 FLAG_GT: 1
INPUT_PORT:  []
OUT_PORT:  []
DATA_MEM:  [202, 94]
---------------------------------------
DEBUG    root:machine.py:309 JE 18
TICK: 9786 PC:  12 ADDR:   0 MEM_OUT: 202 ACC: 2 BUFF: 202 DC: 0 FLAG_ZERO: False FLAG_LT: 0 FLAG_GT: 1
INPUT_PORT:  []
OUT_PORT:  []
DATA_MEM:  [202, 94]
---------------------------------------
DEBUG    root:machine.py:309 JMP 0
TICK: 9789 PC:  13 ADDR:   0 MEM_OUT: 202 ACC: 2 BUFF: 202 DC: 0 FLAG_ZERO: False FLAG_LT: 0 FLAG_GT: 1
INPUT_PORT:  []
OUT_PORT:  []
DATA_MEM:  [202, 94]
---------------------------------------
DEBUG    root:machine.py:309 LD 0
TICK: 9792 PC:   0 ADDR:   0 MEM_OUT: 202 ACC: 2 BUFF: 202 DC: 0 FLAG_ZERO: False FLAG_LT: 0 FLAG_GT: 1
INPUT_PORT:  []
OUT_PORT:  []
DATA_MEM:  [202, 94]
---------------------------------------
DEBUG    root:machine.py:309 INC 
TICK: 9796 PC:   1 ADDR:   0 MEM_OUT: 202 ACC: 202 BUFF: 202 DC: 0 FLAG_ZERO: False FLAG_LT: 0 FLAG_GT: 1
INPUT_PORT:  []
OUT_PORT:  []
DATA_MEM:  [202, 94]
---------------------------------------
DEBUG    root:machine.py:309 ST 0
TICK: 9799 PC:   2 ADDR:   0 MEM_OUT: 202 ACC: 203 BUFF: 202 DC: 0 FLAG_ZERO: False FLAG_LT: 0 FLAG_GT: 1
INPUT_PORT:  []
OUT_PORT:  []
DATA_MEM:  [202, 94]
---------------------------------------
DEBUG    root:machine.py:309 CMP 1000
TICK: 9803 PC:   3 ADDR:   0 MEM_OUT: 203 ACC: 203 BUFF: 202 DC: 0 FLAG_ZERO: False FLAG_LT: 0 FLAG_GT: 1
INPUT_PORT:  []
OUT_PORT:  []
DATA_MEM:  [203, 94]
---------------------------------------
DEBUG    root:machine.py:309 JGE 22
TICK: 9806 PC:   4 ADDR:   0 MEM_OUT: 203 ACC: 203 BUFF: 202 DC: 0 FLAG_ZERO: False FLAG_LT: 1 FLAG_GT: 0
INPUT_PORT:  []
OUT_PORT:  []
DATA_MEM:  [203, 94]
---------------------------------------
DEBUG    root:machine.py:309 LD 0
TICK: 9809 PC:   5 ADDR:   0 MEM_OUT: 203 ACC: 203 BUFF: 202 DC: 0 FLAG_ZERO: False FLAG_LT: 1 FLAG_GT: 0
INPUT_PORT:  []
OUT_PORT:  []
DATA_MEM:  [203, 94]
---------------------------------------
DEBUG    root:machine.py:309 MOD 3
TICK: 9813 PC:   6 ADDR:   0 MEM_OUT: 203 ACC: 203 BUFF: 202 DC: 0 FLAG_ZERO: False FLAG_LT: 1 FLAG_GT: 0
INPUT_PORT:  []
OUT_PORT:  []
DATA_MEM:  [203, 94]
---------------------------------------
DEBUG    root:machine.py:309 CMP 0
TICK: 9817 PC:   7 ADDR:   0 MEM_OUT: 203 ACC: 2 BUFF: 203 DC: 0 FLAG_ZERO: False FLAG_LT: 1 FLAG_GT: 0
INPUT_PORT:  []
OUT_PORT:  []
DATA_MEM:  [203, 94]
---------------------------------------
DEBUG    root:machine.py:309 JE 14
TICK: 9820 PC:   8 ADDR:   0 MEM_OUT: 203 ACC: 2 BUFF: 203 DC: 0 FLAG_ZERO: False FLAG_LT: 0 FLAG_GT: 1
INPUT_PORT:  []
OUT_PORT:  []
DATA_MEM:  [203, 94]
---------------------------------------
DEBUG    root:machine.py:309 LD 0
TICK: 9823 PC:   9 ADDR:   0 MEM_OUT: 203 ACC: 2 BUFF: 203 DC: 0 FLAG_ZERO: False FLAG_LT: 0 FLAG_GT: 1
INPUT_PORT:  []
OUT_PORT:  []
DATA_MEM:  [203, 94]
---------------------------------------
DEBUG    root:machine.py:309 MOD 5
TICK: 9827 PC:  10 ADDR:   0 MEM_OUT: 203 ACC: 203 BUFF: 203 DC: 0 FLAG_ZERO: False FLAG_LT: 0 FLAG_GT: 1
INPUT_PORT:  []
OUT_PORT:  []
DATA_MEM:  [203, 94]
---------------------------------------
DEBUG    root:machine.py:309 CMP 0
TICK: 9831 PC:  11 ADDR:   0 MEM_OUT: 203 ACC: 3 BUFF: 203 DC: 0 FLAG_ZERO: False FLAG_LT: 0 FLAG_GT: 1
INPUT_PORT:  []
OUT_PORT:  []
DATA_MEM:  [203, 94]
---------------------------------------
DEBUG    root:machine.py:309 JE 18
TICK: 9834 PC:  12 ADDR:   0 MEM_OUT: 203 ACC: 3 BUFF: 203 DC: 0 FLAG_ZERO: False FLAG_LT: 0 FLAG_GT: 1
INPUT_PORT:  []
OUT_PORT:  []
DATA_MEM:  [203, 94]
---------------------------------------
DEBUG    root:machine.py:309 JMP 0
TICK: 9837 PC:  13 ADDR:   0 MEM_OUT: 203 ACC: 3 BUFF: 203 DC: 0 FLAG_ZERO: False FLAG_LT: 0 FLAG_GT: 1
INPUT_PORT:  []
OUT_PORT:  []
DATA_MEM:  [203, 94]
---------------------------------------
DEBUG    root:machine.py:309 LD 0
TICK: 9840 PC:   0 ADDR:   0 MEM_OUT: 203 ACC: 3 BUFF: 203 DC: 0 FLAG_ZERO: False FLAG_LT: 0 FLAG_GT: 1
INPUT_PORT:  []
OUT_PORT:  []
DATA_MEM:  [203, 94]
---------------------------------------
DEBUG    root:machine.py:309 INC 
TICK: 9844 PC:   1 ADDR:   0 MEM_OUT: 203 ACC: 203 BUFF: 203 DC: 0 FLAG_ZERO: False FLAG_LT: 0 FLAG_GT: 1
INPUT_PORT:  []
OUT_PORT:  []
DATA_MEM:  [203, 94]
---------------------------------------
DEBUG    root:machine.py:309 ST 0
TICK: 9847 PC:   2 ADDR:   0 MEM_OUT: 203 ACC: 204 BUFF: 203 DC: 0 FLAG_ZERO: False FLAG_LT: 0 FLAG_GT: 1
INPUT_PORT:  []
OUT_PORT:  []
DATA_MEM:  [203, 94]
---------------------------------------
DEBUG    root:machine.py:309 CMP 1000
TICK: 9851 PC:   3 ADDR:   0 MEM_OUT: 204 ACC: 204 BUFF: 203 DC: 0 FLAG_ZERO: False FLAG_LT: 0 FLAG_GT: 1
INPUT_PORT:  []
OUT_PORT:  []
DATA_MEM:  [204, 94]
---------------------------------------
DEBUG    root:machine.py:309 JGE 22
TICK: 9854 PC:   4 ADDR:   0 MEM_OUT: 204 ACC: 204 BUFF: 203 DC: 0 FLAG_ZERO: False FLAG_LT: 1 FLAG_GT: 0
INPUT_PORT:  []
OUT_PORT:  []
DATA_MEM:  [204, 94]
---------------------------------------
DEBUG    root:machine.py:309 LD 0
TICK: 9857 PC:   5 ADDR:   0 MEM_OUT: 204 ACC: 204 BUFF: 203 DC: 0 FLAG_ZERO: False FLAG_LT: 1 FLAG_GT: 0
INPUT_PORT:  []
OUT_PORT:  []
DATA_MEM:  [204, 94]
---------------------------------------
DEBUG    root:machine.py:309 MOD 3
TICK: 9861 PC:   6 ADDR:   0 MEM_OUT: 204 ACC: 204 BUFF: 203 DC: 0 FLAG_ZERO: False FLAG_LT: 1 FLAG_GT: 0
INPUT_PORT:  []
OUT_PORT:  []
DATA_MEM:  [204, 94]
---------------------------------------
DEBUG    root:machine.py:309 CMP 0
TICK: 9865 PC:   7 ADDR:   0 MEM_OUT: 204 ACC: 0 BUFF: 204 DC: 0 FLAG_ZERO: False FLAG_LT: 1 FLAG_GT: 0
INPUT_PORT:  []
OUT_PORT:  []
DATA_MEM:  [204, 94]
---------------------------------------
DEBUG    root:machine.py:309 JE 14
TICK: 9868 PC:   8 ADDR:   0 MEM_OUT: 204 ACC: 0 BUFF: 204 DC: 0 FLAG_ZERO: True FLAG_LT: 0 FLAG_GT: 0
INPUT_PORT:  []
OUT_PORT:  []
DATA_MEM:  [204, 94]
---------------------------------------
DEBUG    root:machine.py:309 LD 4
TICK: 9871 PC:  14 ADDR:   0 MEM_OUT: 204 ACC: 0 BUFF: 204 DC: 0 FLAG_ZERO: True FLAG_LT: 0 FLAG_GT: 0
INPUT_PORT:  []
OUT_PORT:  []
DATA_MEM:  [204, 94]
---------------------------------------
DEBUG    root:machine.py:309 INC 
TICK: 9875 PC:  15 ADDR:   1 MEM_OUT: 94 ACC: 94 BUFF: 204 DC: 0 FLAG_ZERO: True FLAG_LT: 0 FLAG_GT: 0
INPUT_PORT:  []
OUT_PORT:  []
DATA_MEM:  [204, 94]
---------------------------------------
DEBUG    root:machine.py:309 ST 4
TICK: 9878 PC:  16 ADDR:   1 MEM_OUT: 94 ACC: 95 BUFF: 204 DC: 0 FLAG_ZERO: True FLAG_LT: 0 FLAG_GT: 0
INPUT_PORT:  []
OUT_PORT:  []
DATA_MEM:  [204, 94]
---------------------------------------
DEBUG    root:machine.py:309 JMP 0
TICK: 9882 PC:  17 ADDR:   1 MEM_OUT: 95 ACC: 95 BUFF: 204 DC: 0 FLAG_ZERO: True FLAG_LT: 0 FLAG_GT: 0
INPUT_PORT:  []
OUT_PORT:  []
DATA_MEM:  [204, 95]
---------------------------------------
DEBUG    root:machine.py:309 LD 0
TICK: 9885 PC:   0 ADDR:   1 MEM_OUT: 95 ACC: 95 BUFF: 204 DC: 0 FLAG_ZERO: True FLAG_LT: 0 FLAG_GT: 0
INPUT_PORT:  []
OUT_PORT:  []
DATA_MEM:  [204, 95]
---------------------------------------
DEBUG    root:machine.py:309 INC 
TICK: 9889 PC:   1 ADDR:   0 MEM_OUT: 204 ACC: 204 BUFF: 204 DC: 0 FLAG_ZERO: True FLAG_LT: 0 FLAG_GT: 0
INPUT_PORT:  []
OUT_PORT:  []
DATA_MEM:  [204, 95]
---------------------------------------
DEBUG    root:machine.py:309 ST 0
TICK: 9892 PC:   2 ADDR:   0 MEM_OUT: 204 ACC: 205 BUFF: 204 DC: 0 FLAG_ZERO: True FLAG_LT: 0 FLAG_GT: 0
INPUT_PORT:  []
OUT_PORT:  []
DATA_MEM:  [204, 95]
---------------------------------------
DEBUG    root:machine.py:309 CMP 1000
TICK: 9896 PC:   3 ADDR:   0 MEM_OUT: 205 ACC: 205 BUFF: 204 DC: 0 FLAG_ZERO: True FLAG_LT: 0 FLAG_GT: 0
INPUT_PORT:  []
OUT_PORT:  []
DATA_MEM:  [205, 95]
---------------------------------------
DEBUG    root:machine.py:309 JGE 22
TICK: 9899 PC:   4 ADDR:   0 MEM_OUT: 205 ACC: 205 BUFF: 204 DC: 0 FLAG_ZERO: False FLAG_LT: 1 FLAG_GT: 0
INPUT_PORT:  []
OUT_PORT:  []
DATA_MEM:  [205, 95]
---------------------------------------
DEBUG    root:machine.py:309 LD 0
TICK: 9902 PC:   5 ADDR:   0 MEM_OUT: 205 ACC: 205 BUFF: 204 DC: 0 FLAG_ZERO: False FLAG_LT: 1 FLAG_GT: 0
INPUT_PORT:  []
OUT_PORT:  []
DATA_MEM:  [205, 95]
---------------------------------------
DEBUG    root:machine.py:309 MOD 3
TICK: 9906 PC:   6 ADDR:   0 MEM_OUT: 205 ACC: 205 BUFF: 204 DC: 0 FLAG_ZERO: False FLAG_LT: 1 FLAG_GT: 0
INPUT_PORT:  []
OUT_PORT:  []
DATA_MEM:  [205, 95]
---------------------------------------
DEBUG    root:machine.py:309 CMP 0
TICK: 9910 PC:   7 ADDR:   0 MEM_OUT: 205 ACC: 1 BUFF: 205 DC: 0 FLAG_ZERO: False FLAG_LT: 1 FLAG_GT: 0
INPUT_PORT:  []
OUT_PORT:  []
DATA_MEM:  [205, 95]
---------------------------------------
DEBUG    root:machine.py:309 JE 14
TICK: 9913 PC:   8 ADDR:   0 MEM_OUT: 205 ACC: 1 BUFF: 205 DC: 0 FLAG_ZERO: False FLAG_LT: 0 FLAG_GT: 1
INPUT_PORT:  []
OUT_PORT:  []
DATA_MEM:  [205, 95]
---------------------------------------
DEBUG    root:machine.py:309 LD 0
TICK: 9916 PC:   9 ADDR:   0 MEM_OUT: 205 ACC: 1 BUFF: 205 DC: 0 FLAG_ZERO: False FLAG_LT: 0 FLAG_GT: 1
INPUT_PORT:  []
OUT_PORT:  []
DATA_MEM:  [205, 95]
---------------------------------------
DEBUG    root:machine.py:309 MOD 5
TICK: 9920 PC:  10 ADDR:   0 MEM_OUT: 205 ACC: 205 BUFF: 205 DC: 0 FLAG_ZERO: False FLAG_LT: 0 FLAG_GT: 1
INPUT_PORT:  []
OUT_PORT:  []
DATA_MEM:  [205, 95]
---------------------------------------
DEBUG    root:machine.py:309 CMP 0
TICK: 9924 PC:  11 ADDR:   0 MEM_OUT: 205 ACC: 0 BUFF: 205 DC: 0 FLAG_ZERO: False FLAG_LT: 0 FLAG_GT: 1
INPUT_PORT:  []
OUT_PORT:  []
DATA_MEM:  [205, 95]
---------------------------------------
DEBUG    root:machine.py:309 JE 18
TICK: 9927 PC:  12 ADDR:   0 MEM_OUT: 205 ACC: 0 BUFF: 205 DC: 0 FLAG_ZERO: True FLAG_LT: 0 FLAG_GT: 0
INPUT_PORT:  []
OUT_PORT:  []
DATA_MEM:  [205, 95]
---------------------------------------
DEBUG    root:machine.py:309 LD 4
TICK: 9930 PC:  18 ADDR:   0 MEM_OUT: 205 ACC: 0 BUFF: 205 DC: 0 FLAG_ZERO: True FLAG_LT: 0 FLAG_GT: 0
INPUT_PORT:  []
OUT_PORT:  []
DATA_MEM:  [205, 95]
---------------------------------------
DEBUG    root:machine.py:309 INC 
TICK: 9934 PC:  19 ADDR:   1 MEM_OUT: 95 ACC: 95 BUFF: 205 DC: 0 FLAG_ZERO: True FLAG_LT: 0 FLAG_GT: 0
INPUT_PORT:  []
OUT_PORT:  []
DATA_MEM:  [205, 95]
---------------------------------------
DEBUG    root:machine.py:309 ST 4
TICK: 9937 PC:  20 ADDR:   1 MEM_OUT: 95 ACC: 96 BUFF: 205 DC: 0 FLAG_ZERO: True FLAG_LT: 0 FLAG_GT: 0
INPUT_PORT:  []
OUT_PORT:  []
DATA_MEM:  [205, 95]
---------------------------------------
DEBUG    root:machine.py:309 JMP 0
TICK: 9941 PC:  21 ADDR:   1 MEM_OUT: 96 ACC: 96 BUFF: 205 DC: 0 FLAG_ZERO: True FLAG_LT: 0 FLAG_GT: 0
INPUT_PORT:  []
OUT_PORT:  []
DATA_MEM:  [205, 96]
---------------------------------------
DEBUG    root:machine.py:309 LD 0
TICK: 9944 PC:   0 ADDR:   1 MEM_OUT: 96 ACC: 96 BUFF: 205 DC: 0 FLAG_ZERO: True FLAG_LT: 0 FLAG_GT: 0
INPUT_PORT:  []
OUT_PORT:  []
DATA_MEM:  [205, 96]
---------------------------------------
DEBUG    root:machine.py:309 INC 
TICK: 9948 PC:   1 ADDR:   0 MEM_OUT: 205 ACC: 205 BUFF: 205 DC: 0 FLAG_ZERO: True FLAG_LT: 0 FLAG_GT: 0
INPUT_PORT:  []
OUT_PORT:  []
DATA_MEM:  [205, 96]
---------------------------------------
DEBUG    root:machine.py:309 ST 0
TICK: 9951 PC:   2 ADDR:   0 MEM_OUT: 205 ACC: 206 BUFF: 205 DC: 0 FLAG_ZERO: True FLAG_LT: 0 FLAG_GT: 0
INPUT_PORT:  []
OUT_PORT:  []
DATA_MEM:  [205, 96]
---------------------------------------
DEBUG    root:machine.py:309 CMP 1000
TICK: 9955 PC:   3 ADDR:   0 MEM_OUT: 206 ACC: 206 BUFF: 205 DC: 0 FLAG_ZERO: True FLAG_LT: 0 FLAG_GT: 0
INPUT_PORT:  []
OUT_PORT:  []
DATA_MEM:  [206, 96]
---------------------------------------
DEBUG    root:machine.py:309 JGE 22
TICK: 9958 PC:   4 ADDR:   0 MEM_OUT: 206 ACC: 206 BUFF: 205 DC: 0 FLAG_ZERO: False FLAG_LT: 1 FLAG_GT: 0
INPUT_PORT:  []
OUT_PORT:  []
DATA_MEM:  [206, 96]
---------------------------------------
DEBUG    root:machine.py:309 LD 0
TICK: 9961 PC:   5 ADDR:   0 MEM_OUT: 206 ACC: 206 BUFF: 205 DC: 0 FLAG_ZERO: False FLAG_LT: 1 FLAG_GT: 0
INPUT_PORT:  []
OUT_PORT:  []
DATA_MEM:  [206, 96]
---------------------------------------
DEBUG    root:machine.py:309 MOD 3
TICK: 9965 PC:   6 ADDR:   0 MEM_OUT: 206 ACC: 206 BUFF: 205 DC: 0 FLAG_ZERO: False FLAG_LT: 1 FLAG_GT: 0
INPUT_PORT:  []
OUT_PORT:  []
DATA_MEM:  [206, 96]
---------------------------------------
DEBUG    root:machine.py:309 CMP 0
TICK: 9969 PC:   7 ADDR:   0 MEM_OUT: 206 ACC: 2 BUFF: 206 DC: 0 FLAG_ZERO: False FLAG_LT: 1 FLAG_GT: 0
INPUT_PORT:  []
OUT_PORT:  []
DATA_MEM:  [206, 96]
---------------------------------------
DEBUG    root:machine.py:309 JE 14
TICK: 9972 PC:   8 ADDR:   0 MEM_OUT: 206 ACC: 2 BUFF: 206 DC: 0 FLAG_ZERO: False FLAG_LT: 0 FLAG_GT: 1
INPUT_PORT:  []
OUT_PORT:  []
DATA_MEM:  [206, 96]
---------------------------------------
DEBUG    root:machine.py:309 LD 0
TICK: 9975 PC:   9 ADDR:   0 MEM_OUT: 206 ACC: 2 BUFF: 206 DC: 0 FLAG_ZERO: False FLAG_LT: 0 FLAG_GT: 1
INPUT_PORT:  []
OUT_PORT:  []
DATA_MEM:  [206, 96]
---------------------------------------
DEBUG    root:machine.py:309 MOD 5
TICK: 9979 PC:  10 ADDR:   0 MEM_OUT: 206 ACC: 206 BUFF: 206 DC: 0 FLAG_ZERO: False FLAG_LT: 0 FLAG_GT: 1
INPUT_PORT:  []
OUT_PORT:  []
DATA_MEM:  [206, 96]
---------------------------------------
DEBUG    root:machine.py:309 CMP 0
TICK: 9983 PC:  11 ADDR:   0 MEM_OUT: 206 ACC: 1 BUFF: 206 DC: 0 FLAG_ZERO: False FLAG_LT: 0 FLAG_GT: 1
INPUT_PORT:  []
OUT_PORT:  []
DATA_MEM:  [206, 96]
---------------------------------------
DEBUG    root:machine.py:309 JE 18
TICK: 9986 PC:  12 ADDR:   0 MEM_OUT: 206 ACC: 1 BUFF: 206 DC: 0 FLAG_ZERO: False FLAG_LT: 0 FLAG_GT: 1
INPUT_PORT:  []
OUT_PORT:  []
DATA_MEM:  [206, 96]
---------------------------------------
DEBUG    root:machine.py:309 JMP 0
TICK: 9989 PC:  13 ADDR:   0 MEM_OUT: 206 ACC: 1 BUFF: 206 DC: 0 FLAG_ZERO: False FLAG_LT: 0 FLAG_GT: 1
INPUT_PORT:  []
OUT_PORT:  []
DATA_MEM:  [206, 96]
---------------------------------------
DEBUG    root:machine.py:309 LD 0
TICK: 9992 PC:   0 ADDR:   0 MEM_OUT: 206 ACC: 1 BUFF: 206 DC: 0 FLAG_ZERO: False FLAG_LT: 0 FLAG_GT: 1
INPUT_PORT:  []
OUT_PORT:  []
DATA_MEM:  [206, 96]
---------------------------------------
DEBUG    root:machine.py:309 INC 
TICK: 9996 PC:   1 ADDR:   0 MEM_OUT: 206 ACC: 206 BUFF: 206 DC: 0 FLAG_ZERO: False FLAG_LT: 0 FLAG_GT: 1
INPUT_PORT:  []
OUT_PORT:  []
DATA_MEM:  [206, 96]
---------------------------------------
DEBUG    root:machine.py:309 ST 0
TICK: 9999 PC:   2 ADDR:   0 MEM_OUT: 206 ACC: 207 BUFF: 206 DC: 0 FLAG_ZERO: False FLAG_LT: 0 FLAG_GT: 1
INPUT_PORT:  []
OUT_PORT:  []
DATA_MEM:  [206, 96]
---------------------------------------
DEBUG    root:machine.py:309 CMP 1000
TICK: 10003 PC:   3 ADDR:   0 MEM_OUT: 207 ACC: 207 BUFF: 206 DC: 0 FLAG_ZERO: False FLAG_LT: 0 FLAG_GT: 1
INPUT_PORT:  []
OUT_PORT:  []
DATA_MEM:  [207, 96]
---------------------------------------
DEBUG    root:machine.py:309 JGE 22
TICK: 10006 PC:   4 ADDR:   0 MEM_OUT: 207 ACC: 207 BUFF: 206 DC: 0 FLAG_ZERO: False FLAG_LT: 1 FLAG_GT: 0
INPUT_PORT:  []
OUT_PORT:  []
DATA_MEM:  [207, 96]
---------------------------------------
DEBUG    root:machine.py:309 LD 0
TICK: 10009 PC:   5 ADDR:   0 MEM_OUT: 207 ACC: 207 BUFF: 206 DC: 0 FLAG_ZERO: False FLAG_LT: 1 FLAG_GT: 0
INPUT_PORT:  []
OUT_PORT:  []
DATA_MEM:  [207, 96]
---------------------------------------
DEBUG    root:machine.py:309 MOD 3
TICK: 10013 PC:   6 ADDR:   0 MEM_OUT: 207 ACC: 207 BUFF: 206 DC: 0 FLAG_ZERO: False FLAG_LT: 1 FLAG_GT: 0
INPUT_PORT:  []
OUT_PORT:  []
DATA_MEM:  [207, 96]
---------------------------------------
DEBUG    root:machine.py:309 CMP 0
TICK: 10017 PC:   7 ADDR:   0 MEM_OUT: 207 ACC: 0 BUFF: 207 DC: 0 FLAG_ZERO: False FLAG_LT: 1 FLAG_GT: 0
INPUT_PORT:  []
OUT_PORT:  []
DATA_MEM:  [207, 96]
---------------------------------------
DEBUG    root:machine.py:309 JE 14
TICK: 10020 PC:   8 ADDR:   0 MEM_OUT: 207 ACC: 0 BUFF: 207 DC: 0 FLAG_ZERO: True FLAG_LT: 0 FLAG_GT: 0
INPUT_PORT:  []
OUT_PORT:  []
DATA_MEM:  [207, 96]
---------------------------------------
DEBUG    root:machine.py:309 LD 4
TICK: 10023 PC:  14 ADDR:   0 MEM_OUT: 207 ACC: 0 BUFF: 207 DC: 0 FLAG_ZERO: True FLAG_LT: 0 FLAG_GT: 0
INPUT_PORT:  []
OUT_PORT:  []
DATA_MEM:  [207, 96]
---------------------------------------
DEBUG    root:machine.py:309 INC 
TICK: 10027 PC:  15 ADDR:   1 MEM_OUT: 96 ACC: 96 BUFF: 207 DC: 0 FLAG_ZERO: True FLAG_LT: 0 FLAG_GT: 0
INPUT_PORT:  []
OUT_PORT:  []
DATA_MEM:  [207, 96]
---------------------------------------
DEBUG    root:machine.py:309 ST 4
TICK: 10030 PC:  16 ADDR:   1 MEM_OUT: 96 ACC: 97 BUFF: 207 DC: 0 FLAG_ZERO: True FLAG_LT: 0 FLAG_GT: 0
INPUT_PORT:  []
OUT_PORT:  []
DATA_MEM:  [207, 96]
---------------------------------------
DEBUG    root:machine.py:309 JMP 0
TICK: 10034 PC:  17 ADDR:   1 MEM_OUT: 97 ACC: 97 BUFF: 207 DC: 0 FLAG_ZERO: True FLAG_LT: 0 FLAG_GT: 0
INPUT_PORT:  []
OUT_PORT:  []
DATA_MEM:  [207, 97]
---------------------------------------
DEBUG    root:machine.py:309 LD 0
TICK: 10037 PC:   0 ADDR:   1 MEM_OUT: 97 ACC: 97 BUFF: 207 DC: 0 FLAG_ZERO: True FLAG_LT: 0 FLAG_GT: 0
INPUT_PORT:  []
OUT_PORT:  []
DATA_MEM:  [207, 97]
---------------------------------------
DEBUG    root:machine.py:309 INC 
TICK: 10041 PC:   1 ADDR:   0 MEM_OUT: 207 ACC: 207 BUFF: 207 DC: 0 FLAG_ZERO: True FLAG_LT: 0 FLAG_GT: 0
INPUT_PORT:  []
OUT_PORT:  []
DATA_MEM:  [207, 97]
---------------------------------------
DEBUG    root:machine.py:309 ST 0
TICK: 10044 PC:   2 ADDR:   0 MEM_OUT: 207 ACC: 208 BUFF: 207 DC: 0 FLAG_ZERO: True FLAG_LT: 0 FLAG_GT: 0
INPUT_PORT:  []
OUT_PORT:  []
DATA_MEM:  [207, 97]
---------------------------------------
DEBUG    root:machine.py:309 CMP 1000
TICK: 10048 PC:   3 ADDR:   0 MEM_OUT: 208 ACC: 208 BUFF: 207 DC: 0 FLAG_ZERO: True FLAG_LT: 0 FLAG_GT: 0
INPUT_PORT:  []
OUT_PORT:  []
DATA_MEM:  [208, 97]
---------------------------------------
DEBUG    root:machine.py:309 JGE 22
TICK: 10051 PC:   4 ADDR:   0 MEM_OUT: 208 ACC: 208 BUFF: 207 DC: 0 FLAG_ZERO: False FLAG_LT: 1 FLAG_GT: 0
INPUT_PORT:  []
OUT_PORT:  []
DATA_MEM:  [208, 97]
---------------------------------------
DEBUG    root:machine.py:309 LD 0
TICK: 10054 PC:   5 ADDR:   0 MEM_OUT: 208 ACC: 208 BUFF: 207 DC: 0 FLAG_ZERO: False FLAG_LT: 1 FLAG_GT: 0
INPUT_PORT:  []
OUT_PORT:  []
DATA_MEM:  [208, 97]
---------------------------------------
DEBUG    root:machine.py:309 MOD 3
TICK: 10058 PC:   6 ADDR:   0 MEM_OUT: 208 ACC: 208 BUFF: 207 DC: 0 FLAG_ZERO: False FLAG_LT: 1 FLAG_GT: 0
INPUT_PORT:  []
OUT_PORT:  []
DATA_MEM:  [208, 97]
---------------------------------------
DEBUG    root:machine.py:309 CMP 0
TICK: 10062 PC:   7 ADDR:   0 MEM_OUT: 208 ACC: 1 BUFF: 208 DC: 0 FLAG_ZERO: False FLAG_LT: 1 FLAG_GT: 0
INPUT_PORT:  []
OUT_PORT:  []
DATA_MEM:  [208, 97]
---------------------------------------
DEBUG    root:machine.py:309 JE 14
TICK: 10065 PC:   8 ADDR:   0 MEM_OUT: 208 ACC: 1 BUFF: 208 DC: 0 FLAG_ZERO: False FLAG_LT: 0 FLAG_GT: 1
INPUT_PORT:  []
OUT_PORT:  []
DATA_MEM:  [208, 97]
---------------------------------------
DEBUG    root:machine.py:309 LD 0
TICK: 10068 PC:   9 ADDR:   0 MEM_OUT: 208 ACC: 1 BUFF: 208 DC: 0 FLAG_ZERO: False FLAG_LT: 0 FLAG_GT: 1
INPUT_PORT:  []
OUT_PORT:  []
DATA_MEM:  [208, 97]
---------------------------------------
DEBUG    root:machine.py:309 MOD 5
TICK: 10072 PC:  10 ADDR:   0 MEM_OUT: 208 ACC: 208 BUFF: 208 DC: 0 FLAG_ZERO: False FLAG_LT: 0 FLAG_GT: 1
INPUT_PORT:  []
OUT_PORT:  []
DATA_MEM:  [208, 97]
---------------------------------------
DEBUG    root:machine.py:309 CMP 0
TICK: 10076 PC:  11 ADDR:   0 MEM_OUT: 208 ACC: 3 BUFF: 208 DC: 0 FLAG_ZERO: False FLAG_LT: 0 FLAG_GT: 1
INPUT_PORT:  []
OUT_PORT:  []
DATA_MEM:  [208, 97]
---------------------------------------
DEBUG    root:machine.py:309 JE 18
TICK: 10079 PC:  12 ADDR:   0 MEM_OUT: 208 ACC: 3 BUFF: 208 DC: 0 FLAG_ZERO: False FLAG_LT: 0 FLAG_GT: 1
INPUT_PORT:  []
OUT_PORT:  []
DATA_MEM:  [208, 97]
---------------------------------------
DEBUG    root:machine.py:309 JMP 0
TICK: 10082 PC:  13 ADDR:   0 MEM_OUT: 208 ACC: 3 BUFF: 208 DC: 0 FLAG_ZERO: False FLAG_LT: 0 FLAG_GT: 1
INPUT_PORT:  []
OUT_PORT:  []
DATA_MEM:  [208, 97]
---------------------------------------
DEBUG    root:machine.py:309 LD 0
TICK: 10085 PC:   0 ADDR:   0 MEM_OUT: 208 ACC: 3 BUFF: 208 DC: 0 FLAG_ZERO: False FLAG_LT: 0 FLAG_GT: 1
INPUT_PORT:  []
OUT_PORT:  []
DATA_MEM:  [208, 97]
---------------------------------------
DEBUG    root:machine.py:309 INC 
TICK: 10089 PC:   1 ADDR:   0 MEM_OUT: 208 ACC: 208 BUFF: 208 DC: 0 FLAG_ZERO: False FLAG_LT: 0 FLAG_GT: 1
INPUT_PORT:  []
OUT_PORT:  []
DATA_MEM:  [208, 97]
---------------------------------------
DEBUG    root:machine.py:309 ST 0
TICK: 10092 PC:   2 ADDR:   0 MEM_OUT: 208 ACC: 209 BUFF: 208 DC: 0 FLAG_ZERO: False FLAG_LT: 0 FLAG_GT: 1
INPUT_PORT:  []
OUT_PORT:  []
DATA_MEM:  [208, 97]
---------------------------------------
DEBUG    root:machine.py:309 CMP 1000
TICK: 10096 PC:   3 ADDR:   0 MEM_OUT: 209 ACC: 209 BUFF: 208 DC: 0 FLAG_ZERO: False FLAG_LT: 0 FLAG_GT: 1
INPUT_PORT:  []
OUT_PORT:  []
DATA_MEM:  [209, 97]
---------------------------------------
DEBUG    root:machine.py:309 JGE 22
TICK: 10099 PC:   4 ADDR:   0 MEM_OUT: 209 ACC: 209 BUFF: 208 DC: 0 FLAG_ZERO: False FLAG_LT: 1 FLAG_GT: 0
INPUT_PORT:  []
OUT_PORT:  []
DATA_MEM:  [209, 97]
---------------------------------------
DEBUG    root:machine.py:309 LD 0
TICK: 10102 PC:   5 ADDR:   0 MEM_OUT: 209 ACC: 209 BUFF: 208 DC: 0 FLAG_ZERO: False FLAG_LT: 1 FLAG_GT: 0
INPUT_PORT:  []
OUT_PORT:  []
DATA_MEM:  [209, 97]
---------------------------------------
DEBUG    root:machine.py:309 MOD 3
TICK: 10106 PC:   6 ADDR:   0 MEM_OUT: 209 ACC: 209 BUFF: 208 DC: 0 FLAG_ZERO: False FLAG_LT: 1 FLAG_GT: 0
INPUT_PORT:  []
OUT_PORT:  []
DATA_MEM:  [209, 97]
---------------------------------------
DEBUG    root:machine.py:309 CMP 0
TICK: 10110 PC:   7 ADDR:   0 MEM_OUT: 209 ACC: 2 BUFF: 209 DC: 0 FLAG_ZERO: False FLAG_LT: 1 FLAG_GT: 0
INPUT_PORT:  []
OUT_PORT:  []
DATA_MEM:  [209, 97]
---------------------------------------
DEBUG    root:machine.py:309 JE 14
TICK: 10113 PC:   8 ADDR:   0 MEM_OUT: 209 ACC: 2 BUFF: 209 DC: 0 FLAG_ZERO: False FLAG_LT: 0 FLAG_GT: 1
INPUT_PORT:  []
OUT_PORT:  []
DATA_MEM:  [209, 97]
---------------------------------------
DEBUG    root:machine.py:309 LD 0
TICK: 10116 PC:   9 ADDR:   0 MEM_OUT: 209 ACC: 2 BUFF: 209 DC: 0 FLAG_ZERO: False FLAG_LT: 0 FLAG_GT: 1
INPUT_PORT:  []
OUT_PORT:  []
DATA_MEM:  [209, 97]
---------------------------------------
DEBUG    root:machine.py:309 MOD 5
TICK: 10120 PC:  10 ADDR:   0 MEM_OUT: 209 ACC: 209 BUFF: 209 DC: 0 FLAG_ZERO: False FLAG_LT: 0 FLAG_GT: 1
INPUT_PORT:  []
OUT_PORT:  []
DATA_MEM:  [209, 97]
---------------------------------------
DEBUG    root:machine.py:309 CMP 0
TICK: 10124 PC:  11 ADDR:   0 MEM_OUT: 209 ACC: 4 BUFF: 209 DC: 0 FLAG_ZERO: False FLAG_LT: 0 FLAG_GT: 1
INPUT_PORT:  []
OUT_PORT:  []
DATA_MEM:  [209, 97]
---------------------------------------
DEBUG    root:machine.py:309 JE 18
TICK: 10127 PC:  12 ADDR:   0 MEM_OUT: 209 ACC: 4 BUFF: 209 DC: 0 FLAG_ZERO: False FLAG_LT: 0 FLAG_GT: 1
INPUT_PORT:  []
OUT_PORT:  []
DATA_MEM:  [209, 97]
---------------------------------------
DEBUG    root:machine.py:309 JMP 0
TICK: 10130 PC:  13 ADDR:   0 MEM_OUT: 209 ACC: 4 BUFF: 209 DC: 0 FLAG_ZERO: False FLAG_LT: 0 FLAG_GT: 1
INPUT_PORT:  []
OUT_PORT:  []
DATA_MEM:  [209, 97]
---------------------------------------
DEBUG    root:machine.py:309 LD 0
TICK: 10133 PC:   0 ADDR:   0 MEM_OUT: 209 ACC: 4 BUFF: 209 DC: 0 FLAG_ZERO: False FLAG_LT: 0 FLAG_GT: 1
INPUT_PORT:  []
OUT_PORT:  []
DATA_MEM:  [209, 97]
---------------------------------------
DEBUG    root:machine.py:309 INC 
TICK: 10137 PC:   1 ADDR:   0 MEM_OUT: 209 ACC: 209 BUFF: 209 DC: 0 FLAG_ZERO: False FLAG_LT: 0 FLAG_GT: 1
INPUT_PORT:  []
OUT_PORT:  []
DATA_MEM:  [209, 97]
---------------------------------------
DEBUG    root:machine.py:309 ST 0
TICK: 10140 PC:   2 ADDR:   0 MEM_OUT: 209 ACC: 210 BUFF: 209 DC: 0 FLAG_ZERO: False FLAG_LT: 0 FLAG_GT: 1
INPUT_PORT:  []
OUT_PORT:  []
DATA_MEM:  [209, 97]
---------------------------------------
DEBUG    root:machine.py:309 CMP 1000
TICK: 10144 PC:   3 ADDR:   0 MEM_OUT: 210 ACC: 210 BUFF: 209 DC: 0 FLAG_ZERO: False FLAG_LT: 0 FLAG_GT: 1
INPUT_PORT:  []
OUT_PORT:  []
DATA_MEM:  [210, 97]
---------------------------------------
DEBUG    root:machine.py:309 JGE 22
TICK: 10147 PC:   4 ADDR:   0 MEM_OUT: 210 ACC: 210 BUFF: 209 DC: 0 FLAG_ZERO: False FLAG_LT: 1 FLAG_GT: 0
INPUT_PORT:  []
OUT_PORT:  []
DATA_MEM:  [210, 97]
---------------------------------------
DEBUG    root:machine.py:309 LD 0
TICK: 10150 PC:   5 ADDR:   0 MEM_OUT: 210 ACC: 210 BUFF: 209 DC: 0 FLAG_ZERO: False FLAG_LT: 1 FLAG_GT: 0
INPUT_PORT:  []
OUT_PORT:  []
DATA_MEM:  [210, 97]
---------------------------------------
DEBUG    root:machine.py:309 MOD 3
TICK: 10154 PC:   6 ADDR:   0 MEM_OUT: 210 ACC: 210 BUFF: 209 DC: 0 FLAG_ZERO: False FLAG_LT: 1 FLAG_GT: 0
INPUT_PORT:  []
OUT_PORT:  []
DATA_MEM:  [210, 97]
---------------------------------------
DEBUG    root:machine.py:309 CMP 0
TICK: 10158 PC:   7 ADDR:   0 MEM_OUT: 210 ACC: 0 BUFF: 210 DC: 0 FLAG_ZERO: False FLAG_LT: 1 FLAG_GT: 0
INPUT_PORT:  []
OUT_PORT:  []
DATA_MEM:  [210, 97]
---------------------------------------
DEBUG    root:machine.py:309 JE 14
TICK: 10161 PC:   8 ADDR:   0 MEM_OUT: 210 ACC: 0 BUFF: 210 DC: 0 FLAG_ZERO: True FLAG_LT: 0 FLAG_GT: 0
INPUT_PORT:  []
OUT_PORT:  []
DATA_MEM:  [210, 97]
---------------------------------------
DEBUG    root:machine.py:309 LD 4
TICK: 10164 PC:  14 ADDR:   0 MEM_OUT: 210 ACC: 0 BUFF: 210 DC: 0 FLAG_ZERO: True FLAG_LT: 0 FLAG_GT: 0
INPUT_PORT:  []
OUT_PORT:  []
DATA_MEM:  [210, 97]
---------------------------------------
DEBUG    root:machine.py:309 INC 
TICK: 10168 PC:  15 ADDR:   1 MEM_OUT: 97 ACC: 97 BUFF: 210 DC: 0 FLAG_ZERO: True FLAG_LT: 0 FLAG_GT: 0
INPUT_PORT:  []
OUT_PORT:  []
DATA_MEM:  [210, 97]
---------------------------------------
DEBUG    root:machine.py:309 ST 4
TICK: 10171 PC:  16 ADDR:   1 MEM_OUT: 97 ACC: 98 BUFF: 210 DC: 0 FLAG_ZERO: True FLAG_LT: 0 FLAG_GT: 0
INPUT_PORT:  []
OUT_PORT:  []
DATA_MEM:  [210, 97]
---------------------------------------
DEBUG    root:machine.py:309 JMP 0
TICK: 10175 PC:  17 ADDR:   1 MEM_OUT: 98 ACC: 98 BUFF: 210 DC: 0 FLAG_ZERO: True FLAG_LT: 0 FLAG_GT: 0
INPUT_PORT:  []
OUT_PORT:  []
DATA_MEM:  [210, 98]
---------------------------------------
DEBUG    root:machine.py:309 LD 0
TICK: 10178 PC:   0 ADDR:   1 MEM_OUT: 98 ACC: 98 BUFF: 210 DC: 0 FLAG_ZERO: True FLAG_LT: 0 FLAG_GT: 0
INPUT_PORT:  []
OUT_PORT:  []
DATA_MEM:  [210, 98]
---------------------------------------
DEBUG    root:machine.py:309 INC 
TICK: 10182 PC:   1 ADDR:   0 MEM_OUT: 210 ACC: 210 BUFF: 210 DC: 0 FLAG_ZERO: True FLAG_LT: 0 FLAG_GT: 0
INPUT_PORT:  []
OUT_PORT:  []
DATA_MEM:  [210, 98]
---------------------------------------
DEBUG    root:machine.py:309 ST 0
TICK: 10185 PC:   2 ADDR:   0 MEM_OUT: 210 ACC: 211 BUFF: 210 DC: 0 FLAG_ZERO: True FLAG_LT: 0 FLAG_GT: 0
INPUT_PORT:  []
OUT_PORT:  []
DATA_MEM:  [210, 98]
---------------------------------------
DEBUG    root:machine.py:309 CMP 1000
TICK: 10189 PC:   3 ADDR:   0 MEM_OUT: 211 ACC: 211 BUFF: 210 DC: 0 FLAG_ZERO: True FLAG_LT: 0 FLAG_GT: 0
INPUT_PORT:  []
OUT_PORT:  []
DATA_MEM:  [211, 98]
---------------------------------------
DEBUG    root:machine.py:309 JGE 22
TICK: 10192 PC:   4 ADDR:   0 MEM_OUT: 211 ACC: 211 BUFF: 210 DC: 0 FLAG_ZERO: False FLAG_LT: 1 FLAG_GT: 0
INPUT_PORT:  []
OUT_PORT:  []
DATA_MEM:  [211, 98]
---------------------------------------
DEBUG    root:machine.py:309 LD 0
TICK: 10195 PC:   5 ADDR:   0 MEM_OUT: 211 ACC: 211 BUFF: 210 DC: 0 FLAG_ZERO: False FLAG_LT: 1 FLAG_GT: 0
INPUT_PORT:  []
OUT_PORT:  []
DATA_MEM:  [211, 98]
---------------------------------------
DEBUG    root:machine.py:309 MOD 3
TICK: 10199 PC:   6 ADDR:   0 MEM_OUT: 211 ACC: 211 BUFF: 210 DC: 0 FLAG_ZERO: False FLAG_LT: 1 FLAG_GT: 0
INPUT_PORT:  []
OUT_PORT:  []
DATA_MEM:  [211, 98]
---------------------------------------
DEBUG    root:machine.py:309 CMP 0
TICK: 10203 PC:   7 ADDR:   0 MEM_OUT: 211 ACC: 1 BUFF: 211 DC: 0 FLAG_ZERO: False FLAG_LT: 1 FLAG_GT: 0
INPUT_PORT:  []
OUT_PORT:  []
DATA_MEM:  [211, 98]
---------------------------------------
DEBUG    root:machine.py:309 JE 14
TICK: 10206 PC:   8 ADDR:   0 MEM_OUT: 211 ACC: 1 BUFF: 211 DC: 0 FLAG_ZERO: False FLAG_LT: 0 FLAG_GT: 1
INPUT_PORT:  []
OUT_PORT:  []
DATA_MEM:  [211, 98]
---------------------------------------
DEBUG    root:machine.py:309 LD 0
TICK: 10209 PC:   9 ADDR:   0 MEM_OUT: 211 ACC: 1 BUFF: 211 DC: 0 FLAG_ZERO: False FLAG_LT: 0 FLAG_GT: 1
INPUT_PORT:  []
OUT_PORT:  []
DATA_MEM:  [211, 98]
---------------------------------------
DEBUG    root:machine.py:309 MOD 5
TICK: 10213 PC:  10 ADDR:   0 MEM_OUT: 211 ACC: 211 BUFF: 211 DC: 0 FLAG_ZERO: False FLAG_LT: 0 FLAG_GT: 1
INPUT_PORT:  []
OUT_PORT:  []
DATA_MEM:  [211, 98]
---------------------------------------
DEBUG    root:machine.py:309 CMP 0
TICK: 10217 PC:  11 ADDR:   0 MEM_OUT: 211 ACC: 1 BUFF: 211 DC: 0 FLAG_ZERO: False FLAG_LT: 0 FLAG_GT: 1
INPUT_PORT:  []
OUT_PORT:  []
DATA_MEM:  [211, 98]
---------------------------------------
DEBUG    root:machine.py:309 JE 18
TICK: 10220 PC:  12 ADDR:   0 MEM_OUT: 211 ACC: 1 BUFF: 211 DC: 0 FLAG_ZERO: False FLAG_LT: 0 FLAG_GT: 1
INPUT_PORT:  []
OUT_PORT:  []
DATA_MEM:  [211, 98]
---------------------------------------
DEBUG    root:machine.py:309 JMP 0
TICK: 10223 PC:  13 ADDR:   0 MEM_OUT: 211 ACC: 1 BUFF: 211 DC: 0 FLAG_ZERO: False FLAG_LT: 0 FLAG_GT: 1
INPUT_PORT:  []
OUT_PORT:  []
DATA_MEM:  [211, 98]
---------------------------------------
DEBUG    root:machine.py:309 LD 0
TICK: 10226 PC:   0 ADDR:   0 MEM_OUT: 211 ACC: 1 BUFF: 211 DC: 0 FLAG_ZERO: False FLAG_LT: 0 FLAG_GT: 1
INPUT_PORT:  []
OUT_PORT:  []
DATA_MEM:  [211, 98]
---------------------------------------
DEBUG    root:machine.py:309 INC 
TICK: 10230 PC:   1 ADDR:   0 MEM_OUT: 211 ACC: 211 BUFF: 211 DC: 0 FLAG_ZERO: False FLAG_LT: 0 FLAG_GT: 1
INPUT_PORT:  []
OUT_PORT:  []
DATA_MEM:  [211, 98]
---------------------------------------
DEBUG    root:machine.py:309 ST 0
TICK: 10233 PC:   2 ADDR:   0 MEM_OUT: 211 ACC: 212 BUFF: 211 DC: 0 FLAG_ZERO: False FLAG_LT: 0 FLAG_GT: 1
INPUT_PORT:  []
OUT_PORT:  []
DATA_MEM:  [211, 98]
---------------------------------------
DEBUG    root:machine.py:309 CMP 1000
TICK: 10237 PC:   3 ADDR:   0 MEM_OUT: 212 ACC: 212 BUFF: 211 DC: 0 FLAG_ZERO: False FLAG_LT: 0 FLAG_GT: 1
INPUT_PORT:  []
OUT_PORT:  []
DATA_MEM:  [212, 98]
---------------------------------------
DEBUG    root:machine.py:309 JGE 22
TICK: 10240 PC:   4 ADDR:   0 MEM_OUT: 212 ACC: 212 BUFF: 211 DC: 0 FLAG_ZERO: False FLAG_LT: 1 FLAG_GT: 0
INPUT_PORT:  []
OUT_PORT:  []
DATA_MEM:  [212, 98]
---------------------------------------
DEBUG    root:machine.py:309 LD 0
TICK: 10243 PC:   5 ADDR:   0 MEM_OUT: 212 ACC: 212 BUFF: 211 DC: 0 FLAG_ZERO: False FLAG_LT: 1 FLAG_GT: 0
INPUT_PORT:  []
OUT_PORT:  []
DATA_MEM:  [212, 98]
---------------------------------------
DEBUG    root:machine.py:309 MOD 3
TICK: 10247 PC:   6 ADDR:   0 MEM_OUT: 212 ACC: 212 BUFF: 211 DC: 0 FLAG_ZERO: False FLAG_LT: 1 FLAG_GT: 0
INPUT_PORT:  []
OUT_PORT:  []
DATA_MEM:  [212, 98]
---------------------------------------
DEBUG    root:machine.py:309 CMP 0
TICK: 10251 PC:   7 ADDR:   0 MEM_OUT: 212 ACC: 2 BUFF: 212 DC: 0 FLAG_ZERO: False FLAG_LT: 1 FLAG_GT: 0
INPUT_PORT:  []
OUT_PORT:  []
DATA_MEM:  [212, 98]
---------------------------------------
DEBUG    root:machine.py:309 JE 14
TICK: 10254 PC:   8 ADDR:   0 MEM_OUT: 212 ACC: 2 BUFF: 212 DC: 0 FLAG_ZERO: False FLAG_LT: 0 FLAG_GT: 1
INPUT_PORT:  []
OUT_PORT:  []
DATA_MEM:  [212, 98]
---------------------------------------
DEBUG    root:machine.py:309 LD 0
TICK: 10257 PC:   9 ADDR:   0 MEM_OUT: 212 ACC: 2 BUFF: 212 DC: 0 FLAG_ZERO: False FLAG_LT: 0 FLAG_GT: 1
INPUT_PORT:  []
OUT_PORT:  []
DATA_MEM:  [212, 98]
---------------------------------------
DEBUG    root:machine.py:309 MOD 5
TICK: 10261 PC:  10 ADDR:   0 MEM_OUT: 212 ACC: 212 BUFF: 212 DC: 0 FLAG_ZERO: False FLAG_LT: 0 FLAG_GT: 1
INPUT_PORT:  []
OUT_PORT:  []
DATA_MEM:  [212, 98]
---------------------------------------
DEBUG    root:machine.py:309 CMP 0
TICK: 10265 PC:  11 ADDR:   0 MEM_OUT: 212 ACC: 2 BUFF: 212 DC: 0 FLAG_ZERO: False FLAG_LT: 0 FLAG_GT: 1
INPUT_PORT:  []
OUT_PORT:  []
DATA_MEM:  [212, 98]
---------------------------------------
DEBUG    root:machine.py:309 JE 18
TICK: 10268 PC:  12 ADDR:   0 MEM_OUT: 212 ACC: 2 BUFF: 212 DC: 0 FLAG_ZERO: False FLAG_LT: 0 FLAG_GT: 1
INPUT_PORT:  []
OUT_PORT:  []
DATA_MEM:  [212, 98]
---------------------------------------
DEBUG    root:machine.py:309 JMP 0
TICK: 10271 PC:  13 ADDR:   0 MEM_OUT: 212 ACC: 2 BUFF: 212 DC: 0 FLAG_ZERO: False FLAG_LT: 0 FLAG_GT: 1
INPUT_PORT:  []
OUT_PORT:  []
DATA_MEM:  [212, 98]
---------------------------------------
DEBUG    root:machine.py:309 LD 0
TICK: 10274 PC:   0 ADDR:   0 MEM_OUT: 212 ACC: 2 BUFF: 212 DC: 0 FLAG_ZERO: False FLAG_LT: 0 FLAG_GT: 1
INPUT_PORT:  []
OUT_PORT:  []
DATA_MEM:  [212, 98]
---------------------------------------
DEBUG    root:machine.py:309 INC 
TICK: 10278 PC:   1 ADDR:   0 MEM_OUT: 212 ACC: 212 BUFF: 212 DC: 0 FLAG_ZERO: False FLAG_LT: 0 FLAG_GT: 1
INPUT_PORT:  []
OUT_PORT:  []
DATA_MEM:  [212, 98]
---------------------------------------
DEBUG    root:machine.py:309 ST 0
TICK: 10281 PC:   2 ADDR:   0 MEM_OUT: 212 ACC: 213 BUFF: 212 DC: 0 FLAG_ZERO: False FLAG_LT: 0 FLAG_GT: 1
INPUT_PORT:  []
OUT_PORT:  []
DATA_MEM:  [212, 98]
---------------------------------------
DEBUG    root:machine.py:309 CMP 1000
TICK: 10285 PC:   3 ADDR:   0 MEM_OUT: 213 ACC: 213 BUFF: 212 DC: 0 FLAG_ZERO: False FLAG_LT: 0 FLAG_GT: 1
INPUT_PORT:  []
OUT_PORT:  []
DATA_MEM:  [213, 98]
---------------------------------------
DEBUG    root:machine.py:309 JGE 22
TICK: 10288 PC:   4 ADDR:   0 MEM_OUT: 213 ACC: 213 BUFF: 212 DC: 0 FLAG_ZERO: False FLAG_LT: 1 FLAG_GT: 0
INPUT_PORT:  []
OUT_PORT:  []
DATA_MEM:  [213, 98]
---------------------------------------
DEBUG    root:machine.py:309 LD 0
TICK: 10291 PC:   5 ADDR:   0 MEM_OUT: 213 ACC: 213 BUFF: 212 DC: 0 FLAG_ZERO: False FLAG_LT: 1 FLAG_GT: 0
INPUT_PORT:  []
OUT_PORT:  []
DATA_MEM:  [213, 98]
---------------------------------------
DEBUG    root:machine.py:309 MOD 3
TICK: 10295 PC:   6 ADDR:   0 MEM_OUT: 213 ACC: 213 BUFF: 212 DC: 0 FLAG_ZERO: False FLAG_LT: 1 FLAG_GT: 0
INPUT_PORT:  []
OUT_PORT:  []
DATA_MEM:  [213, 98]
---------------------------------------
DEBUG    root:machine.py:309 CMP 0
TICK: 10299 PC:   7 ADDR:   0 MEM_OUT: 213 ACC: 0 BUFF: 213 DC: 0 FLAG_ZERO: False FLAG_LT: 1 FLAG_GT: 0
INPUT_PORT:  []
OUT_PORT:  []
DATA_MEM:  [213, 98]
---------------------------------------
DEBUG    root:machine.py:309 JE 14
TICK: 10302 PC:   8 ADDR:   0 MEM_OUT: 213 ACC: 0 BUFF: 213 DC: 0 FLAG_ZERO: True FLAG_LT: 0 FLAG_GT: 0
INPUT_PORT:  []
OUT_PORT:  []
DATA_MEM:  [213, 98]
---------------------------------------
DEBUG    root:machine.py:309 LD 4
TICK: 10305 PC:  14 ADDR:   0 MEM_OUT: 213 ACC: 0 BUFF: 213 DC: 0 FLAG_ZERO: True FLAG_LT: 0 FLAG_GT: 0
INPUT_PORT:  []
OUT_PORT:  []
DATA_MEM:  [213, 98]
---------------------------------------
DEBUG    root:machine.py:309 INC 
TICK: 10309 PC:  15 ADDR:   1 MEM_OUT: 98 ACC: 98 BUFF: 213 DC: 0 FLAG_ZERO: True FLAG_LT: 0 FLAG_GT: 0
INPUT_PORT:  []
OUT_PORT:  []
DATA_MEM:  [213, 98]
---------------------------------------
DEBUG    root:machine.py:309 ST 4
TICK: 10312 PC:  16 ADDR:   1 MEM_OUT: 98 ACC: 99 BUFF: 213 DC: 0 FLAG_ZERO: True FLAG_LT: 0 FLAG_GT: 0
INPUT_PORT:  []
OUT_PORT:  []
DATA_MEM:  [213, 98]
---------------------------------------
DEBUG    root:machine.py:309 JMP 0
TICK: 10316 PC:  17 ADDR:   1 MEM_OUT: 99 ACC: 99 BUFF: 213 DC: 0 FLAG_ZERO: True FLAG_LT: 0 FLAG_GT: 0
INPUT_PORT:  []
OUT_PORT:  []
DATA_MEM:  [213, 99]
---------------------------------------
DEBUG    root:machine.py:309 LD 0
TICK: 10319 PC:   0 ADDR:   1 MEM_OUT: 99 ACC: 99 BUFF: 213 DC: 0 FLAG_ZERO: True FLAG_LT: 0 FLAG_GT: 0
INPUT_PORT:  []
OUT_PORT:  []
DATA_MEM:  [213, 99]
---------------------------------------
DEBUG    root:machine.py:309 INC 
TICK: 10323 PC:   1 ADDR:   0 MEM_OUT: 213 ACC: 213 BUFF: 213 DC: 0 FLAG_ZERO: True FLAG_LT: 0 FLAG_GT: 0
INPUT_PORT:  []
OUT_PORT:  []
DATA_MEM:  [213, 99]
---------------------------------------
DEBUG    root:machine.py:309 ST 0
TICK: 10326 PC:   2 ADDR:   0 MEM_OUT: 213 ACC: 214 BUFF: 213 DC: 0 FLAG_ZERO: True FLAG_LT: 0 FLAG_GT: 0
INPUT_PORT:  []
OUT_PORT:  []
DATA_MEM:  [213, 99]
---------------------------------------
DEBUG    root:machine.py:309 CMP 1000
TICK: 10330 PC:   3 ADDR:   0 MEM_OUT: 214 ACC: 214 BUFF: 213 DC: 0 FLAG_ZERO: True FLAG_LT: 0 FLAG_GT: 0
INPUT_PORT:  []
OUT_PORT:  []
DATA_MEM:  [214, 99]
---------------------------------------
DEBUG    root:machine.py:309 JGE 22
TICK: 10333 PC:   4 ADDR:   0 MEM_OUT: 214 ACC: 214 BUFF: 213 DC: 0 FLAG_ZERO: False FLAG_LT: 1 FLAG_GT: 0
INPUT_PORT:  []
OUT_PORT:  []
DATA_MEM:  [214, 99]
---------------------------------------
DEBUG    root:machine.py:309 LD 0
TICK: 10336 PC:   5 ADDR:   0 MEM_OUT: 214 ACC: 214 BUFF: 213 DC: 0 FLAG_ZERO: False FLAG_LT: 1 FLAG_GT: 0
INPUT_PORT:  []
OUT_PORT:  []
DATA_MEM:  [214, 99]
---------------------------------------
DEBUG    root:machine.py:309 MOD 3
TICK: 10340 PC:   6 ADDR:   0 MEM_OUT: 214 ACC: 214 BUFF: 213 DC: 0 FLAG_ZERO: False FLAG_LT: 1 FLAG_GT: 0
INPUT_PORT:  []
OUT_PORT:  []
DATA_MEM:  [214, 99]
---------------------------------------
DEBUG    root:machine.py:309 CMP 0
TICK: 10344 PC:   7 ADDR:   0 MEM_OUT: 214 ACC: 1 BUFF: 214 DC: 0 FLAG_ZERO: False FLAG_LT: 1 FLAG_GT: 0
INPUT_PORT:  []
OUT_PORT:  []
DATA_MEM:  [214, 99]
---------------------------------------
DEBUG    root:machine.py:309 JE 14
TICK: 10347 PC:   8 ADDR:   0 MEM_OUT: 214 ACC: 1 BUFF: 214 DC: 0 FLAG_ZERO: False FLAG_LT: 0 FLAG_GT: 1
INPUT_PORT:  []
OUT_PORT:  []
DATA_MEM:  [214, 99]
---------------------------------------
DEBUG    root:machine.py:309 LD 0
TICK: 10350 PC:   9 ADDR:   0 MEM_OUT: 214 ACC: 1 BUFF: 214 DC: 0 FLAG_ZERO: False FLAG_LT: 0 FLAG_GT: 1
INPUT_PORT:  []
OUT_PORT:  []
DATA_MEM:  [214, 99]
---------------------------------------
DEBUG    root:machine.py:309 MOD 5
TICK: 10354 PC:  10 ADDR:   0 MEM_OUT: 214 ACC: 214 BUFF: 214 DC: 0 FLAG_ZERO: False FLAG_LT: 0 FLAG_GT: 1
INPUT_PORT:  []
OUT_PORT:  []
DATA_MEM:  [214, 99]
---------------------------------------
DEBUG    root:machine.py:309 CMP 0
TICK: 10358 PC:  11 ADDR:   0 MEM_OUT: 214 ACC: 4 BUFF: 214 DC: 0 FLAG_ZERO: False FLAG_LT: 0 FLAG_GT: 1
INPUT_PORT:  []
OUT_PORT:  []
DATA_MEM:  [214, 99]
---------------------------------------
DEBUG    root:machine.py:309 JE 18
TICK: 10361 PC:  12 ADDR:   0 MEM_OUT: 214 ACC: 4 BUFF: 214 DC: 0 FLAG_ZERO: False FLAG_LT: 0 FLAG_GT: 1
INPUT_PORT:  []
OUT_PORT:  []
DATA_MEM:  [214, 99]
---------------------------------------
DEBUG    root:machine.py:309 JMP 0
TICK: 10364 PC:  13 ADDR:   0 MEM_OUT: 214 ACC: 4 BUFF: 214 DC: 0 FLAG_ZERO: False FLAG_LT: 0 FLAG_GT: 1
INPUT_PORT:  []
OUT_PORT:  []
DATA_MEM:  [214, 99]
---------------------------------------
DEBUG    root:machine.py:309 LD 0
TICK: 10367 PC:   0 ADDR:   0 MEM_OUT: 214 ACC: 4 BUFF: 214 DC: 0 FLAG_ZERO: False FLAG_LT: 0 FLAG_GT: 1
INPUT_PORT:  []
OUT_PORT:  []
DATA_MEM:  [214, 99]
---------------------------------------
DEBUG    root:machine.py:309 INC 
TICK: 10371 PC:   1 ADDR:   0 MEM_OUT: 214 ACC: 214 BUFF: 214 DC: 0 FLAG_ZERO: False FLAG_LT: 0 FLAG_GT: 1
INPUT_PORT:  []
OUT_PORT:  []
DATA_MEM:  [214, 99]
---------------------------------------
DEBUG    root:machine.py:309 ST 0
TICK: 10374 PC:   2 ADDR:   0 MEM_OUT: 214 ACC: 215 BUFF: 214 DC: 0 FLAG_ZERO: False FLAG_LT: 0 FLAG_GT: 1
INPUT_PORT:  []
OUT_PORT:  []
DATA_MEM:  [214, 99]
---------------------------------------
DEBUG    root:machine.py:309 CMP 1000
TICK: 10378 PC:   3 ADDR:   0 MEM_OUT: 215 ACC: 215 BUFF: 214 DC: 0 FLAG_ZERO: False FLAG_LT: 0 FLAG_GT: 1
INPUT_PORT:  []
OUT_PORT:  []
DATA_MEM:  [215, 99]
---------------------------------------
DEBUG    root:machine.py:309 JGE 22
TICK: 10381 PC:   4 ADDR:   0 MEM_OUT: 215 ACC: 215 BUFF: 214 DC: 0 FLAG_ZERO: False FLAG_LT: 1 FLAG_GT: 0
INPUT_PORT:  []
OUT_PORT:  []
DATA_MEM:  [215, 99]
---------------------------------------
DEBUG    root:machine.py:309 LD 0
TICK: 10384 PC:   5 ADDR:   0 MEM_OUT: 215 ACC: 215 BUFF: 214 DC: 0 FLAG_ZERO: False FLAG_LT: 1 FLAG_GT: 0
INPUT_PORT:  []
OUT_PORT:  []
DATA_MEM:  [215, 99]
---------------------------------------
DEBUG    root:machine.py:309 MOD 3
TICK: 10388 PC:   6 ADDR:   0 MEM_OUT: 215 ACC: 215 BUFF: 214 DC: 0 FLAG_ZERO: False FLAG_LT: 1 FLAG_GT: 0
INPUT_PORT:  []
OUT_PORT:  []
DATA_MEM:  [215, 99]
---------------------------------------
DEBUG    root:machine.py:309 CMP 0
TICK: 10392 PC:   7 ADDR:   0 MEM_OUT: 215 ACC: 2 BUFF: 215 DC: 0 FLAG_ZERO: False FLAG_LT: 1 FLAG_GT: 0
INPUT_PORT:  []
OUT_PORT:  []
DATA_MEM:  [215, 99]
---------------------------------------
DEBUG    root:machine.py:309 JE 14
TICK: 10395 PC:   8 ADDR:   0 MEM_OUT: 215 ACC: 2 BUFF: 215 DC: 0 FLAG_ZERO: False FLAG_LT: 0 FLAG_GT: 1
INPUT_PORT:  []
OUT_PORT:  []
DATA_MEM:  [215, 99]
---------------------------------------
DEBUG    root:machine.py:309 LD 0
TICK: 10398 PC:   9 ADDR:   0 MEM_OUT: 215 ACC: 2 BUFF: 215 DC: 0 FLAG_ZERO: False FLAG_LT: 0 FLAG_GT: 1
INPUT_PORT:  []
OUT_PORT:  []
DATA_MEM:  [215, 99]
---------------------------------------
DEBUG    root:machine.py:309 MOD 5
TICK: 10402 PC:  10 ADDR:   0 MEM_OUT: 215 ACC: 215 BUFF: 215 DC: 0 FLAG_ZERO: False FLAG_LT: 0 FLAG_GT: 1
INPUT_PORT:  []
OUT_PORT:  []
DATA_MEM:  [215, 99]
---------------------------------------
DEBUG    root:machine.py:309 CMP 0
TICK: 10406 PC:  11 ADDR:   0 MEM_OUT: 215 ACC: 0 BUFF: 215 DC: 0 FLAG_ZERO: False FLAG_LT: 0 FLAG_GT: 1
INPUT_PORT:  []
OUT_PORT:  []
DATA_MEM:  [215, 99]
---------------------------------------
DEBUG    root:machine.py:309 JE 18
TICK: 10409 PC:  12 ADDR:   0 MEM_OUT: 215 ACC: 0 BUFF: 215 DC: 0 FLAG_ZERO: True FLAG_LT: 0 FLAG_GT: 0
INPUT_PORT:  []
OUT_PORT:  []
DATA_MEM:  [215, 99]
---------------------------------------
DEBUG    root:machine.py:309 LD 4
TICK: 10412 PC:  18 ADDR:   0 MEM_OUT: 215 ACC: 0 BUFF: 215 DC: 0 FLAG_ZERO: True FLAG_LT: 0 FLAG_GT: 0
INPUT_PORT:  []
OUT_PORT:  []
DATA_MEM:  [215, 99]
---------------------------------------
DEBUG    root:machine.py:309 INC 
TICK: 10416 PC:  19 ADDR:   1 MEM_OUT: 99 ACC: 99 BUFF: 215 DC: 0 FLAG_ZERO: True FLAG_LT: 0 FLAG_GT: 0
INPUT_PORT:  []
OUT_PORT:  []
DATA_MEM:  [215, 99]
---------------------------------------
DEBUG    root:machine.py:309 ST 4
TICK: 10419 PC:  20 ADDR:   1 MEM_OUT: 99 ACC: 100 BUFF: 215 DC: 0 FLAG_ZERO: True FLAG_LT: 0 FLAG_GT: 0
INPUT_PORT:  []
OUT_PORT:  []
DATA_MEM:  [215, 99]
---------------------------------------
DEBUG    root:machine.py:309 JMP 0
TICK: 10423 PC:  21 ADDR:   1 MEM_OUT: 100 ACC: 100 BUFF: 215 DC: 0 FLAG_ZERO: True FLAG_LT: 0 FLAG_GT: 0
INPUT_PORT:  []
OUT_PORT:  []
DATA_MEM:  [215, 100]
---------------------------------------
DEBUG    root:machine.py:309 LD 0
TICK: 10426 PC:   0 ADDR:   1 MEM_OUT: 100 ACC: 100 BUFF: 215 DC: 0 FLAG_ZERO: True FLAG_LT: 0 FLAG_GT: 0
INPUT_PORT:  []
OUT_PORT:  []
DATA_MEM:  [215, 100]
---------------------------------------
DEBUG    root:machine.py:309 INC 
TICK: 10430 PC:   1 ADDR:   0 MEM_OUT: 215 ACC: 215 BUFF: 215 DC: 0 FLAG_ZERO: True FLAG_LT: 0 FLAG_GT: 0
INPUT_PORT:  []
OUT_PORT:  []
DATA_MEM:  [215, 100]
---------------------------------------
DEBUG    root:machine.py:309 ST 0
TICK: 10433 PC:   2 ADDR:   0 MEM_OUT: 215 ACC: 216 BUFF: 215 DC: 0 FLAG_ZERO: True FLAG_LT: 0 FLAG_GT: 0
INPUT_PORT:  []
OUT_PORT:  []
DATA_MEM:  [215, 100]
---------------------------------------
DEBUG    root:machine.py:309 CMP 1000
TICK: 10437 PC:   3 ADDR:   0 MEM_OUT: 216 ACC: 216 BUFF: 215 DC: 0 FLAG_ZERO: True FLAG_LT: 0 FLAG_GT: 0
INPUT_PORT:  []
OUT_PORT:  []
DATA_MEM:  [216, 100]
---------------------------------------
DEBUG    root:machine.py:309 JGE 22
TICK: 10440 PC:   4 ADDR:   0 MEM_OUT: 216 ACC: 216 BUFF: 215 DC: 0 FLAG_ZERO: False FLAG_LT: 1 FLAG_GT: 0
INPUT_PORT:  []
OUT_PORT:  []
DATA_MEM:  [216, 100]
---------------------------------------
DEBUG    root:machine.py:309 LD 0
TICK: 10443 PC:   5 ADDR:   0 MEM_OUT: 216 ACC: 216 BUFF: 215 DC: 0 FLAG_ZERO: False FLAG_LT: 1 FLAG_GT: 0
INPUT_PORT:  []
OUT_PORT:  []
DATA_MEM:  [216, 100]
---------------------------------------
DEBUG    root:machine.py:309 MOD 3
TICK: 10447 PC:   6 ADDR:   0 MEM_OUT: 216 ACC: 216 BUFF: 215 DC: 0 FLAG_ZERO: False FLAG_LT: 1 FLAG_GT: 0
INPUT_PORT:  []
OUT_PORT:  []
DATA_MEM:  [216, 100]
---------------------------------------
DEBUG    root:machine.py:309 CMP 0
TICK: 10451 PC:   7 ADDR:   0 MEM_OUT: 216 ACC: 0 BUFF: 216 DC: 0 FLAG_ZERO: False FLAG_LT: 1 FLAG_GT: 0
INPUT_PORT:  []
OUT_PORT:  []
DATA_MEM:  [216, 100]
---------------------------------------
DEBUG    root:machine.py:309 JE 14
TICK: 10454 PC:   8 ADDR:   0 MEM_OUT: 216 ACC: 0 BUFF: 216 DC: 0 FLAG_ZERO: True FLAG_LT: 0 FLAG_GT: 0
INPUT_PORT:  []
OUT_PORT:  []
DATA_MEM:  [216, 100]
---------------------------------------
DEBUG    root:machine.py:309 LD 4
TICK: 10457 PC:  14 ADDR:   0 MEM_OUT: 216 ACC: 0 BUFF: 216 DC: 0 FLAG_ZERO: True FLAG_LT: 0 FLAG_GT: 0
INPUT_PORT:  []
OUT_PORT:  []
DATA_MEM:  [216, 100]
---------------------------------------
DEBUG    root:machine.py:309 INC 
TICK: 10461 PC:  15 ADDR:   1 MEM_OUT: 100 ACC: 100 BUFF: 216 DC: 0 FLAG_ZERO: True FLAG_LT: 0 FLAG_GT: 0
INPUT_PORT:  []
OUT_PORT:  []
DATA_MEM:  [216, 100]
---------------------------------------
DEBUG    root:machine.py:309 ST 4
TICK: 10464 PC:  16 ADDR:   1 MEM_OUT: 100 ACC: 101 BUFF: 216 DC: 0 FLAG_ZERO: True FLAG_LT: 0 FLAG_GT: 0
INPUT_PORT:  []
OUT_PORT:  []
DATA_MEM:  [216, 100]
---------------------------------------
DEBUG    root:machine.py:309 JMP 0
TICK: 10468 PC:  17 ADDR:   1 MEM_OUT: 101 ACC: 101 BUFF: 216 DC: 0 FLAG_ZERO: True FLAG_LT: 0 FLAG_GT: 0
INPUT_PORT:  []
OUT_PORT:  []
DATA_MEM:  [216, 101]
---------------------------------------
DEBUG    root:machine.py:309 LD 0
TICK: 10471 PC:   0 ADDR:   1 MEM_OUT: 101 ACC: 101 BUFF: 216 DC: 0 FLAG_ZERO: True FLAG_LT: 0 FLAG_GT: 0
INPUT_PORT:  []
OUT_PORT:  []
DATA_MEM:  [216, 101]
---------------------------------------
DEBUG    root:machine.py:309 INC 
TICK: 10475 PC:   1 ADDR:   0 MEM_OUT: 216 ACC: 216 BUFF: 216 DC: 0 FLAG_ZERO: True FLAG_LT: 0 FLAG_GT: 0
INPUT_PORT:  []
OUT_PORT:  []
DATA_MEM:  [216, 101]
---------------------------------------
DEBUG    root:machine.py:309 ST 0
TICK: 10478 PC:   2 ADDR:   0 MEM_OUT: 216 ACC: 217 BUFF: 216 DC: 0 FLAG_ZERO: True FLAG_LT: 0 FLAG_GT: 0
INPUT_PORT:  []
OUT_PORT:  []
DATA_MEM:  [216, 101]
---------------------------------------
DEBUG    root:machine.py:309 CMP 1000
TICK: 10482 PC:   3 ADDR:   0 MEM_OUT: 217 ACC: 217 BUFF: 216 DC: 0 FLAG_ZERO: True FLAG_LT: 0 FLAG_GT: 0
INPUT_PORT:  []
OUT_PORT:  []
DATA_MEM:  [217, 101]
---------------------------------------
DEBUG    root:machine.py:309 JGE 22
TICK: 10485 PC:   4 ADDR:   0 MEM_OUT: 217 ACC: 217 BUFF: 216 DC: 0 FLAG_ZERO: False FLAG_LT: 1 FLAG_GT: 0
INPUT_PORT:  []
OUT_PORT:  []
DATA_MEM:  [217, 101]
---------------------------------------
DEBUG    root:machine.py:309 LD 0
TICK: 10488 PC:   5 ADDR:   0 MEM_OUT: 217 ACC: 217 BUFF: 216 DC: 0 FLAG_ZERO: False FLAG_LT: 1 FLAG_GT: 0
INPUT_PORT:  []
OUT_PORT:  []
DATA_MEM:  [217, 101]
---------------------------------------
DEBUG    root:machine.py:309 MOD 3
TICK: 10492 PC:   6 ADDR:   0 MEM_OUT: 217 ACC: 217 BUFF: 216 DC: 0 FLAG_ZERO: False FLAG_LT: 1 FLAG_GT: 0
INPUT_PORT:  []
OUT_PORT:  []
DATA_MEM:  [217, 101]
---------------------------------------
DEBUG    root:machine.py:309 CMP 0
TICK: 10496 PC:   7 ADDR:   0 MEM_OUT: 217 ACC: 1 BUFF: 217 DC: 0 FLAG_ZERO: False FLAG_LT: 1 FLAG_GT: 0
INPUT_PORT:  []
OUT_PORT:  []
DATA_MEM:  [217, 101]
---------------------------------------
DEBUG    root:machine.py:309 JE 14
TICK: 10499 PC:   8 ADDR:   0 MEM_OUT: 217 ACC: 1 BUFF: 217 DC: 0 FLAG_ZERO: False FLAG_LT: 0 FLAG_GT: 1
INPUT_PORT:  []
OUT_PORT:  []
DATA_MEM:  [217, 101]
---------------------------------------
DEBUG    root:machine.py:309 LD 0
TICK: 10502 PC:   9 ADDR:   0 MEM_OUT: 217 ACC: 1 BUFF: 217 DC: 0 FLAG_ZERO: False FLAG_LT: 0 FLAG_GT: 1
INPUT_PORT:  []
OUT_PORT:  []
DATA_MEM:  [217, 101]
---------------------------------------
DEBUG    root:machine.py:309 MOD 5
TICK: 10506 PC:  10 ADDR:   0 MEM_OUT: 217 ACC: 217 BUFF: 217 DC: 0 FLAG_ZERO: False FLAG_LT: 0 FLAG_GT: 1
INPUT_PORT:  []
OUT_PORT:  []
DATA_MEM:  [217, 101]
---------------------------------------
DEBUG    root:machine.py:309 CMP 0
TICK: 10510 PC:  11 ADDR:   0 MEM_OUT: 217 ACC: 2 BUFF: 217 DC: 0 FLAG_ZERO: False FLAG_LT: 0 FLAG_GT: 1
INPUT_PORT:  []
OUT_PORT:  []
DATA_MEM:  [217, 101]
---------------------------------------
DEBUG    root:machine.py:309 JE 18
TICK: 10513 PC:  12 ADDR:   0 MEM_OUT: 217 ACC: 2 BUFF: 217 DC: 0 FLAG_ZERO: False FLAG_LT: 0 FLAG_GT: 1
INPUT_PORT:  []
OUT_PORT:  []
DATA_MEM:  [217, 101]
---------------------------------------
DEBUG    root:machine.py:309 JMP 0
TICK: 10516 PC:  13 ADDR:   0 MEM_OUT: 217 ACC: 2 BUFF: 217 DC: 0 FLAG_ZERO: False FLAG_LT: 0 FLAG_GT: 1
INPUT_PORT:  []
OUT_PORT:  []
DATA_MEM:  [217, 101]
---------------------------------------
DEBUG    root:machine.py:309 LD 0
TICK: 10519 PC:   0 ADDR:   0 MEM_OUT: 217 ACC: 2 BUFF: 217 DC: 0 FLAG_ZERO: False FLAG_LT: 0 FLAG_GT: 1
INPUT_PORT:  []
OUT_PORT:  []
DATA_MEM:  [217, 101]
---------------------------------------
DEBUG    root:machine.py:309 INC 
TICK: 10523 PC:   1 ADDR:   0 MEM_OUT: 217 ACC: 217 BUFF: 217 DC: 0 FLAG_ZERO: False FLAG_LT: 0 FLAG_GT: 1
INPUT_PORT:  []
OUT_PORT:  []
DATA_MEM:  [217, 101]
---------------------------------------
DEBUG    root:machine.py:309 ST 0
TICK: 10526 PC:   2 ADDR:   0 MEM_OUT: 217 ACC: 218 BUFF: 217 DC: 0 FLAG_ZERO: False FLAG_LT: 0 FLAG_GT: 1
INPUT_PORT:  []
OUT_PORT:  []
DATA_MEM:  [217, 101]
---------------------------------------
DEBUG    root:machine.py:309 CMP 1000
TICK: 10530 PC:   3 ADDR:   0 MEM_OUT: 218 ACC: 218 BUFF: 217 DC: 0 FLAG_ZERO: False FLAG_LT: 0 FLAG_GT: 1
INPUT_PORT:  []
OUT_PORT:  []
DATA_MEM:  [218, 101]
---------------------------------------
DEBUG    root:machine.py:309 JGE 22
TICK: 10533 PC:   4 ADDR:   0 MEM_OUT: 218 ACC: 218 BUFF: 217 DC: 0 FLAG_ZERO: False FLAG_LT: 1 FLAG_GT: 0
INPUT_PORT:  []
OUT_PORT:  []
DATA_MEM:  [218, 101]
---------------------------------------
DEBUG    root:machine.py:309 LD 0
TICK: 10536 PC:   5 ADDR:   0 MEM_OUT: 218 ACC: 218 BUFF: 217 DC: 0 FLAG_ZERO: False FLAG_LT: 1 FLAG_GT: 0
INPUT_PORT:  []
OUT_PORT:  []
DATA_MEM:  [218, 101]
---------------------------------------
DEBUG    root:machine.py:309 MOD 3
TICK: 10540 PC:   6 ADDR:   0 MEM_OUT: 218 ACC: 218 BUFF: 217 DC: 0 FLAG_ZERO: False FLAG_LT: 1 FLAG_GT: 0
INPUT_PORT:  []
OUT_PORT:  []
DATA_MEM:  [218, 101]
---------------------------------------
DEBUG    root:machine.py:309 CMP 0
TICK: 10544 PC:   7 ADDR:   0 MEM_OUT: 218 ACC: 2 BUFF: 218 DC: 0 FLAG_ZERO: False FLAG_LT: 1 FLAG_GT: 0
INPUT_PORT:  []
OUT_PORT:  []
DATA_MEM:  [218, 101]
---------------------------------------
DEBUG    root:machine.py:309 JE 14
TICK: 10547 PC:   8 ADDR:   0 MEM_OUT: 218 ACC: 2 BUFF: 218 DC: 0 FLAG_ZERO: False FLAG_LT: 0 FLAG_GT: 1
INPUT_PORT:  []
OUT_PORT:  []
DATA_MEM:  [218, 101]
---------------------------------------
DEBUG    root:machine.py:309 LD 0
TICK: 10550 PC:   9 ADDR:   0 MEM_OUT: 218 ACC: 2 BUFF: 218 DC: 0 FLAG_ZERO: False FLAG_LT: 0 FLAG_GT: 1
INPUT_PORT:  []
OUT_PORT:  []
DATA_MEM:  [218, 101]
---------------------------------------
DEBUG    root:machine.py:309 MOD 5
TICK: 10554 PC:  10 ADDR:   0 MEM_OUT: 218 ACC: 218 BUFF: 218 DC: 0 FLAG_ZERO: False FLAG_LT: 0 FLAG_GT: 1
INPUT_PORT:  []
OUT_PORT:  []
DATA_MEM:  [218, 101]
---------------------------------------
DEBUG    root:machine.py:309 CMP 0
TICK: 10558 PC:  11 ADDR:   0 MEM_OUT: 218 ACC: 3 BUFF: 218 DC: 0 FLAG_ZERO: False FLAG_LT: 0 FLAG_GT: 1
INPUT_PORT:  []
OUT_PORT:  []
DATA_MEM:  [218, 101]
---------------------------------------
DEBUG    root:machine.py:309 JE 18
TICK: 10561 PC:  12 ADDR:   0 MEM_OUT: 218 ACC: 3 BUFF: 218 DC: 0 FLAG_ZERO: False FLAG_LT: 0 FLAG_GT: 1
INPUT_PORT:  []
OUT_PORT:  []
DATA_MEM:  [218, 101]
---------------------------------------
DEBUG    root:machine.py:309 JMP 0
TICK: 10564 PC:  13 ADDR:   0 MEM_OUT: 218 ACC: 3 BUFF: 218 DC: 0 FLAG_ZERO: False FLAG_LT: 0 FLAG_GT: 1
INPUT_PORT:  []
OUT_PORT:  []
DATA_MEM:  [218, 101]
---------------------------------------
DEBUG    root:machine.py:309 LD 0
TICK: 10567 PC:   0 ADDR:   0 MEM_OUT: 218 ACC: 3 BUFF: 218 DC: 0 FLAG_ZERO: False FLAG_LT: 0 FLAG_GT: 1
INPUT_PORT:  []
OUT_PORT:  []
DATA_MEM:  [218, 101]
---------------------------------------
DEBUG    root:machine.py:309 INC 
TICK: 10571 PC:   1 ADDR:   0 MEM_OUT: 218 ACC: 218 BUFF: 218 DC: 0 FLAG_ZERO: False FLAG_LT: 0 FLAG_GT: 1
INPUT_PORT:  []
OUT_PORT:  []
DATA_MEM:  [218, 101]
---------------------------------------
DEBUG    root:machine.py:309 ST 0
TICK: 10574 PC:   2 ADDR:   0 MEM_OUT: 218 ACC: 219 BUFF: 218 DC: 0 FLAG_ZERO: False FLAG_LT: 0 FLAG_GT: 1
INPUT_PORT:  []
OUT_PORT:  []
DATA_MEM:  [218, 101]
---------------------------------------
DEBUG    root:machine.py:309 CMP 1000
TICK: 10578 PC:   3 ADDR:   0 MEM_OUT: 219 ACC: 219 BUFF: 218 DC: 0 FLAG_ZERO: False FLAG_LT: 0 FLAG_GT: 1
INPUT_PORT:  []
OUT_PORT:  []
DATA_MEM:  [219, 101]
---------------------------------------
DEBUG    root:machine.py:309 JGE 22
TICK: 10581 PC:   4 ADDR:   0 MEM_OUT: 219 ACC: 219 BUFF: 218 DC: 0 FLAG_ZERO: False FLAG_LT: 1 FLAG_GT: 0
INPUT_PORT:  []
OUT_PORT:  []
DATA_MEM:  [219, 101]
---------------------------------------
DEBUG    root:machine.py:309 LD 0
TICK: 10584 PC:   5 ADDR:   0 MEM_OUT: 219 ACC: 219 BUFF: 218 DC: 0 FLAG_ZERO: False FLAG_LT: 1 FLAG_GT: 0
INPUT_PORT:  []
OUT_PORT:  []
DATA_MEM:  [219, 101]
---------------------------------------
DEBUG    root:machine.py:309 MOD 3
TICK: 10588 PC:   6 ADDR:   0 MEM_OUT: 219 ACC: 219 BUFF: 218 DC: 0 FLAG_ZERO: False FLAG_LT: 1 FLAG_GT: 0
INPUT_PORT:  []
OUT_PORT:  []
DATA_MEM:  [219, 101]
---------------------------------------
DEBUG    root:machine.py:309 CMP 0
TICK: 10592 PC:   7 ADDR:   0 MEM_OUT: 219 ACC: 0 BUFF: 219 DC: 0 FLAG_ZERO: False FLAG_LT: 1 FLAG_GT: 0
INPUT_PORT:  []
OUT_PORT:  []
DATA_MEM:  [219, 101]
---------------------------------------
DEBUG    root:machine.py:309 JE 14
TICK: 10595 PC:   8 ADDR:   0 MEM_OUT: 219 ACC: 0 BUFF: 219 DC: 0 FLAG_ZERO: True FLAG_LT: 0 FLAG_GT: 0
INPUT_PORT:  []
OUT_PORT:  []
DATA_MEM:  [219, 101]
---------------------------------------
DEBUG    root:machine.py:309 LD 4
TICK: 10598 PC:  14 ADDR:   0 MEM_OUT: 219 ACC: 0 BUFF: 219 DC: 0 FLAG_ZERO: True FLAG_LT: 0 FLAG_GT: 0
INPUT_PORT:  []
OUT_PORT:  []
DATA_MEM:  [219, 101]
---------------------------------------
DEBUG    root:machine.py:309 INC 
TICK: 10602 PC:  15 ADDR:   1 MEM_OUT: 101 ACC: 101 BUFF: 219 DC: 0 FLAG_ZERO: True FLAG_LT: 0 FLAG_GT: 0
INPUT_PORT:  []
OUT_PORT:  []
DATA_MEM:  [219, 101]
---------------------------------------
DEBUG    root:machine.py:309 ST 4
TICK: 10605 PC:  16 ADDR:   1 MEM_OUT: 101 ACC: 102 BUFF: 219 DC: 0 FLAG_ZERO: True FLAG_LT: 0 FLAG_GT: 0
INPUT_PORT:  []
OUT_PORT:  []
DATA_MEM:  [219, 101]
---------------------------------------
DEBUG    root:machine.py:309 JMP 0
TICK: 10609 PC:  17 ADDR:   1 MEM_OUT: 102 ACC: 102 BUFF: 219 DC: 0 FLAG_ZERO: True FLAG_LT: 0 FLAG_GT: 0
INPUT_PORT:  []
OUT_PORT:  []
DATA_MEM:  [219, 102]
---------------------------------------
DEBUG    root:machine.py:309 LD 0
TICK: 10612 PC:   0 ADDR:   1 MEM_OUT: 102 ACC: 102 BUFF: 219 DC: 0 FLAG_ZERO: True FLAG_LT: 0 FLAG_GT: 0
INPUT_PORT:  []
OUT_PORT:  []
DATA_MEM:  [219, 102]
---------------------------------------
DEBUG    root:machine.py:309 INC 
TICK: 10616 PC:   1 ADDR:   0 MEM_OUT: 219 ACC: 219 BUFF: 219 DC: 0 FLAG_ZERO: True FLAG_LT: 0 FLAG_GT: 0
INPUT_PORT:  []
OUT_PORT:  []
DATA_MEM:  [219, 102]
---------------------------------------
DEBUG    root:machine.py:309 ST 0
TICK: 10619 PC:   2 ADDR:   0 MEM_OUT: 219 ACC: 220 BUFF: 219 DC: 0 FLAG_ZERO: True FLAG_LT: 0 FLAG_GT: 0
INPUT_PORT:  []
OUT_PORT:  []
DATA_MEM:  [219, 102]
---------------------------------------
DEBUG    root:machine.py:309 CMP 1000
TICK: 10623 PC:   3 ADDR:   0 MEM_OUT: 220 ACC: 220 BUFF: 219 DC: 0 FLAG_ZERO: True FLAG_LT: 0 FLAG_GT: 0
INPUT_PORT:  []
OUT_PORT:  []
DATA_MEM:  [220, 102]
---------------------------------------
DEBUG    root:machine.py:309 JGE 22
TICK: 10626 PC:   4 ADDR:   0 MEM_OUT: 220 ACC: 220 BUFF: 219 DC: 0 FLAG_ZERO: False FLAG_LT: 1 FLAG_GT: 0
INPUT_PORT:  []
OUT_PORT:  []
DATA_MEM:  [220, 102]
---------------------------------------
DEBUG    root:machine.py:309 LD 0
TICK: 10629 PC:   5 ADDR:   0 MEM_OUT: 220 ACC: 220 BUFF: 219 DC: 0 FLAG_ZERO: False FLAG_LT: 1 FLAG_GT: 0
INPUT_PORT:  []
OUT_PORT:  []
DATA_MEM:  [220, 102]
---------------------------------------
DEBUG    root:machine.py:309 MOD 3
TICK: 10633 PC:   6 ADDR:   0 MEM_OUT: 220 ACC: 220 BUFF: 219 DC: 0 FLAG_ZERO: False FLAG_LT: 1 FLAG_GT: 0
INPUT_PORT:  []
OUT_PORT:  []
DATA_MEM:  [220, 102]
---------------------------------------
DEBUG    root:machine.py:309 CMP 0
TICK: 10637 PC:   7 ADDR:   0 MEM_OUT: 220 ACC: 1 BUFF: 220 DC: 0 FLAG_ZERO: False FLAG_LT: 1 FLAG_GT: 0
INPUT_PORT:  []
OUT_PORT:  []
DATA_MEM:  [220, 102]
---------------------------------------
DEBUG    root:machine.py:309 JE 14
TICK: 10640 PC:   8 ADDR:   0 MEM_OUT: 220 ACC: 1 BUFF: 220 DC: 0 FLAG_ZERO: False FLAG_LT: 0 FLAG_GT: 1
INPUT_PORT:  []
OUT_PORT:  []
DATA_MEM:  [220, 102]
---------------------------------------
DEBUG    root:machine.py:309 LD 0
TICK: 10643 PC:   9 ADDR:   0 MEM_OUT: 220 ACC: 1 BUFF: 220 DC: 0 FLAG_ZERO: False FLAG_LT: 0 FLAG_GT: 1
INPUT_PORT:  []
OUT_PORT:  []
DATA_MEM:  [220, 102]
---------------------------------------
DEBUG    root:machine.py:309 MOD 5
TICK: 10647 PC:  10 ADDR:   0 MEM_OUT: 220 ACC: 220 BUFF: 220 DC: 0 FLAG_ZERO: False FLAG_LT: 0 FLAG_GT: 1
INPUT_PORT:  []
OUT_PORT:  []
DATA_MEM:  [220, 102]
---------------------------------------
DEBUG    root:machine.py:309 CMP 0
TICK: 10651 PC:  11 ADDR:   0 MEM_OUT: 220 ACC: 0 BUFF: 220 DC: 0 FLAG_ZERO: False FLAG_LT: 0 FLAG_GT: 1
INPUT_PORT:  []
OUT_PORT:  []
DATA_MEM:  [220, 102]
---------------------------------------
DEBUG    root:machine.py:309 JE 18
TICK: 10654 PC:  12 ADDR:   0 MEM_OUT: 220 ACC: 0 BUFF: 220 DC: 0 FLAG_ZERO: True FLAG_LT: 0 FLAG_GT: 0
INPUT_PORT:  []
OUT_PORT:  []
DATA_MEM:  [220, 102]
---------------------------------------
DEBUG    root:machine.py:309 LD 4
TICK: 10657 PC:  18 ADDR:   0 MEM_OUT: 220 ACC: 0 BUFF: 220 DC: 0 FLAG_ZERO: True FLAG_LT: 0 FLAG_GT: 0
INPUT_PORT:  []
OUT_PORT:  []
DATA_MEM:  [220, 102]
---------------------------------------
DEBUG    root:machine.py:309 INC 
TICK: 10661 PC:  19 ADDR:   1 MEM_OUT: 102 ACC: 102 BUFF: 220 DC: 0 FLAG_ZERO: True FLAG_LT: 0 FLAG_GT: 0
INPUT_PORT:  []
OUT_PORT:  []
DATA_MEM:  [220, 102]
---------------------------------------
DEBUG    root:machine.py:309 ST 4
TICK: 10664 PC:  20 ADDR:   1 MEM_OUT: 102 ACC: 103 BUFF: 220 DC: 0 FLAG_ZERO: True FLAG_LT: 0 FLAG_GT: 0
INPUT_PORT:  []
OUT_PORT:  []
DATA_MEM:  [220, 102]
---------------------------------------
DEBUG    root:machine.py:309 JMP 0
TICK: 10668 PC:  21 ADDR:   1 MEM_OUT: 103 ACC: 103 BUFF: 220 DC: 0 FLAG_ZERO: True FLAG_LT: 0 FLAG_GT: 0
INPUT_PORT:  []
OUT_PORT:  []
DATA_MEM:  [220, 103]
---------------------------------------
DEBUG    root:machine.py:309 LD 0
TICK: 10671 PC:   0 ADDR:   1 MEM_OUT: 103 ACC: 103 BUFF: 220 DC: 0 FLAG_ZERO: True FLAG_LT: 0 FLAG_GT: 0
INPUT_PORT:  []
OUT_PORT:  []
DATA_MEM:  [220, 103]
---------------------------------------
DEBUG    root:machine.py:309 INC 
TICK: 10675 PC:   1 ADDR:   0 MEM_OUT: 220 ACC: 220 BUFF: 220 DC: 0 FLAG_ZERO: True FLAG_LT: 0 FLAG_GT: 0
INPUT_PORT:  []
OUT_PORT:  []
DATA_MEM:  [220, 103]
---------------------------------------
DEBUG    root:machine.py:309 ST 0
TICK: 10678 PC:   2 ADDR:   0 MEM_OUT: 220 ACC: 221 BUFF: 220 DC: 0 FLAG_ZERO: True FLAG_LT: 0 FLAG_GT: 0
INPUT_PORT:  []
OUT_PORT:  []
DATA_MEM:  [220, 103]
---------------------------------------
DEBUG    root:machine.py:309 CMP 1000
TICK: 10682 PC:   3 ADDR:   0 MEM_OUT: 221 ACC: 221 BUFF: 220 DC: 0 FLAG_ZERO: True FLAG_LT: 0 FLAG_GT: 0
INPUT_PORT:  []
OUT_PORT:  []
DATA_MEM:  [221, 103]
---------------------------------------
DEBUG    root:machine.py:309 JGE 22
TICK: 10685 PC:   4 ADDR:   0 MEM_OUT: 221 ACC: 221 BUFF: 220 DC: 0 FLAG_ZERO: False FLAG_LT: 1 FLAG_GT: 0
INPUT_PORT:  []
OUT_PORT:  []
DATA_MEM:  [221, 103]
---------------------------------------
DEBUG    root:machine.py:309 LD 0
TICK: 10688 PC:   5 ADDR:   0 MEM_OUT: 221 ACC: 221 BUFF: 220 DC: 0 FLAG_ZERO: False FLAG_LT: 1 FLAG_GT: 0
INPUT_PORT:  []
OUT_PORT:  []
DATA_MEM:  [221, 103]
---------------------------------------
DEBUG    root:machine.py:309 MOD 3
TICK: 10692 PC:   6 ADDR:   0 MEM_OUT: 221 ACC: 221 BUFF: 220 DC: 0 FLAG_ZERO: False FLAG_LT: 1 FLAG_GT: 0
INPUT_PORT:  []
OUT_PORT:  []
DATA_MEM:  [221, 103]
---------------------------------------
DEBUG    root:machine.py:309 CMP 0
TICK: 10696 PC:   7 ADDR:   0 MEM_OUT: 221 ACC: 2 BUFF: 221 DC: 0 FLAG_ZERO: False FLAG_LT: 1 FLAG_GT: 0
INPUT_PORT:  []
OUT_PORT:  []
DATA_MEM:  [221, 103]
---------------------------------------
DEBUG    root:machine.py:309 JE 14
TICK: 10699 PC:   8 ADDR:   0 MEM_OUT: 221 ACC: 2 BUFF: 221 DC: 0 FLAG_ZERO: False FLAG_LT: 0 FLAG_GT: 1
INPUT_PORT:  []
OUT_PORT:  []
DATA_MEM:  [221, 103]
---------------------------------------
DEBUG    root:machine.py:309 LD 0
TICK: 10702 PC:   9 ADDR:   0 MEM_OUT: 221 ACC: 2 BUFF: 221 DC: 0 FLAG_ZERO: False FLAG_LT: 0 FLAG_GT: 1
INPUT_PORT:  []
OUT_PORT:  []
DATA_MEM:  [221, 103]
---------------------------------------
DEBUG    root:machine.py:309 MOD 5
TICK: 10706 PC:  10 ADDR:   0 MEM_OUT: 221 ACC: 221 BUFF: 221 DC: 0 FLAG_ZERO: False FLAG_LT: 0 FLAG_GT: 1
INPUT_PORT:  []
OUT_PORT:  []
DATA_MEM:  [221, 103]
---------------------------------------
DEBUG    root:machine.py:309 CMP 0
TICK: 10710 PC:  11 ADDR:   0 MEM_OUT: 221 ACC: 1 BUFF: 221 DC: 0 FLAG_ZERO: False FLAG_LT: 0 FLAG_GT: 1
INPUT_PORT:  []
OUT_PORT:  []
DATA_MEM:  [221, 103]
---------------------------------------
DEBUG    root:machine.py:309 JE 18
TICK: 10713 PC:  12 ADDR:   0 MEM_OUT: 221 ACC: 1 BUFF: 221 DC: 0 FLAG_ZERO: False FLAG_LT: 0 FLAG_GT: 1
INPUT_PORT:  []
OUT_PORT:  []
DATA_MEM:  [221, 103]
---------------------------------------
DEBUG    root:machine.py:309 JMP 0
TICK: 10716 PC:  13 ADDR:   0 MEM_OUT: 221 ACC: 1 BUFF: 221 DC: 0 FLAG_ZERO: False FLAG_LT: 0 FLAG_GT: 1
INPUT_PORT:  []
OUT_PORT:  []
DATA_MEM:  [221, 103]
---------------------------------------
DEBUG    root:machine.py:309 LD 0
TICK: 10719 PC:   0 ADDR:   0 MEM_OUT: 221 ACC: 1 BUFF: 221 DC: 0 FLAG_ZERO: False FLAG_LT: 0 FLAG_GT: 1
INPUT_PORT:  []
OUT_PORT:  []
DATA_MEM:  [221, 103]
---------------------------------------
DEBUG    root:machine.py:309 INC 
TICK: 10723 PC:   1 ADDR:   0 MEM_OUT: 221 ACC: 221 BUFF: 221 DC: 0 FLAG_ZERO: False FLAG_LT: 0 FLAG_GT: 1
INPUT_PORT:  []
OUT_PORT:  []
DATA_MEM:  [221, 103]
---------------------------------------
DEBUG    root:machine.py:309 ST 0
TICK: 10726 PC:   2 ADDR:   0 MEM_OUT: 221 ACC: 222 BUFF: 221 DC: 0 FLAG_ZERO: False FLAG_LT: 0 FLAG_GT: 1
INPUT_PORT:  []
OUT_PORT:  []
DATA_MEM:  [221, 103]
---------------------------------------
DEBUG    root:machine.py:309 CMP 1000
TICK: 10730 PC:   3 ADDR:   0 MEM_OUT: 222 ACC: 222 BUFF: 221 DC: 0 FLAG_ZERO: False FLAG_LT: 0 FLAG_GT: 1
INPUT_PORT:  []
OUT_PORT:  []
DATA_MEM:  [222, 103]
---------------------------------------
DEBUG    root:machine.py:309 JGE 22
TICK: 10733 PC:   4 ADDR:   0 MEM_OUT: 222 ACC: 222 BUFF: 221 DC: 0 FLAG_ZERO: False FLAG_LT: 1 FLAG_GT: 0
INPUT_PORT:  []
OUT_PORT:  []
DATA_MEM:  [222, 103]
---------------------------------------
DEBUG    root:machine.py:309 LD 0
TICK: 10736 PC:   5 ADDR:   0 MEM_OUT: 222 ACC: 222 BUFF: 221 DC: 0 FLAG_ZERO: False FLAG_LT: 1 FLAG_GT: 0
INPUT_PORT:  []
OUT_PORT:  []
DATA_MEM:  [222, 103]
---------------------------------------
DEBUG    root:machine.py:309 MOD 3
TICK: 10740 PC:   6 ADDR:   0 MEM_OUT: 222 ACC: 222 BUFF: 221 DC: 0 FLAG_ZERO: False FLAG_LT: 1 FLAG_GT: 0
INPUT_PORT:  []
OUT_PORT:  []
DATA_MEM:  [222, 103]
---------------------------------------
DEBUG    root:machine.py:309 CMP 0
TICK: 10744 PC:   7 ADDR:   0 MEM_OUT: 222 ACC: 0 BUFF: 222 DC: 0 FLAG_ZERO: False FLAG_LT: 1 FLAG_GT: 0
INPUT_PORT:  []
OUT_PORT:  []
DATA_MEM:  [222, 103]
---------------------------------------
DEBUG    root:machine.py:309 JE 14
TICK: 10747 PC:   8 ADDR:   0 MEM_OUT: 222 ACC: 0 BUFF: 222 DC: 0 FLAG_ZERO: True FLAG_LT: 0 FLAG_GT: 0
INPUT_PORT:  []
OUT_PORT:  []
DATA_MEM:  [222, 103]
---------------------------------------
DEBUG    root:machine.py:309 LD 4
TICK: 10750 PC:  14 ADDR:   0 MEM_OUT: 222 ACC: 0 BUFF: 222 DC: 0 FLAG_ZERO: True FLAG_LT: 0 FLAG_GT: 0
INPUT_PORT:  []
OUT_PORT:  []
DATA_MEM:  [222, 103]
---------------------------------------
DEBUG    root:machine.py:309 INC 
TICK: 10754 PC:  15 ADDR:   1 MEM_OUT: 103 ACC: 103 BUFF: 222 DC: 0 FLAG_ZERO: True FLAG_LT: 0 FLAG_GT: 0
INPUT_PORT:  []
OUT_PORT:  []
DATA_MEM:  [222, 103]
---------------------------------------
DEBUG    root:machine.py:309 ST 4
TICK: 10757 PC:  16 ADDR:   1 MEM_OUT: 103 ACC: 104 BUFF: 222 DC: 0 FLAG_ZERO: True FLAG_LT: 0 FLAG_GT: 0
INPUT_PORT:  []
OUT_PORT:  []
DATA_MEM:  [222, 103]
---------------------------------------
DEBUG    root:machine.py:309 JMP 0
TICK: 10761 PC:  17 ADDR:   1 MEM_OUT: 104 ACC: 104 BUFF: 222 DC: 0 FLAG_ZERO: True FLAG_LT: 0 FLAG_GT: 0
INPUT_PORT:  []
OUT_PORT:  []
DATA_MEM:  [222, 104]
---------------------------------------
DEBUG    root:machine.py:309 LD 0
TICK: 10764 PC:   0 ADDR:   1 MEM_OUT: 104 ACC: 104 BUFF: 222 DC: 0 FLAG_ZERO: True FLAG_LT: 0 FLAG_GT: 0
INPUT_PORT:  []
OUT_PORT:  []
DATA_MEM:  [222, 104]
---------------------------------------
DEBUG    root:machine.py:309 INC 
TICK: 10768 PC:   1 ADDR:   0 MEM_OUT: 222 ACC: 222 BUFF: 222 DC: 0 FLAG_ZERO: True FLAG_LT: 0 FLAG_GT: 0
INPUT_PORT:  []
OUT_PORT:  []
DATA_MEM:  [222, 104]
---------------------------------------
DEBUG    root:machine.py:309 ST 0
TICK: 10771 PC:   2 ADDR:   0 MEM_OUT: 222 ACC: 223 BUFF: 222 DC: 0 FLAG_ZERO: True FLAG_LT: 0 FLAG_GT: 0
INPUT_PORT:  []
OUT_PORT:  []
DATA_MEM:  [222, 104]
---------------------------------------
DEBUG    root:machine.py:309 CMP 1000
TICK: 10775 PC:   3 ADDR:   0 MEM_OUT: 223 ACC: 223 BUFF: 222 DC: 0 FLAG_ZERO: True FLAG_LT: 0 FLAG_GT: 0
INPUT_PORT:  []
OUT_PORT:  []
DATA_MEM:  [223, 104]
---------------------------------------
DEBUG    root:machine.py:309 JGE 22
TICK: 10778 PC:   4 ADDR:   0 MEM_OUT: 223 ACC: 223 BUFF: 222 DC: 0 FLAG_ZERO: False FLAG_LT: 1 FLAG_GT: 0
INPUT_PORT:  []
OUT_PORT:  []
DATA_MEM:  [223, 104]
---------------------------------------
DEBUG    root:machine.py:309 LD 0
TICK: 10781 PC:   5 ADDR:   0 MEM_OUT: 223 ACC: 223 BUFF: 222 DC: 0 FLAG_ZERO: False FLAG_LT: 1 FLAG_GT: 0
INPUT_PORT:  []
OUT_PORT:  []
DATA_MEM:  [223, 104]
---------------------------------------
DEBUG    root:machine.py:309 MOD 3
TICK: 10785 PC:   6 ADDR:   0 MEM_OUT: 223 ACC: 223 BUFF: 222 DC: 0 FLAG_ZERO: False FLAG_LT: 1 FLAG_GT: 0
INPUT_PORT:  []
OUT_PORT:  []
DATA_MEM:  [223, 104]
---------------------------------------
DEBUG    root:machine.py:309 CMP 0
TICK: 10789 PC:   7 ADDR:   0 MEM_OUT: 223 ACC: 1 BUFF: 223 DC: 0 FLAG_ZERO: False FLAG_LT: 1 FLAG_GT: 0
INPUT_PORT:  []
OUT_PORT:  []
DATA_MEM:  [223, 104]
---------------------------------------
DEBUG    root:machine.py:309 JE 14
TICK: 10792 PC:   8 ADDR:   0 MEM_OUT: 223 ACC: 1 BUFF: 223 DC: 0 FLAG_ZERO: False FLAG_LT: 0 FLAG_GT: 1
INPUT_PORT:  []
OUT_PORT:  []
DATA_MEM:  [223, 104]
---------------------------------------
DEBUG    root:machine.py:309 LD 0
TICK: 10795 PC:   9 ADDR:   0 MEM_OUT: 223 ACC: 1 BUFF: 223 DC: 0 FLAG_ZERO: False FLAG_LT: 0 FLAG_GT: 1
INPUT_PORT:  []
OUT_PORT:  []
DATA_MEM:  [223, 104]
---------------------------------------
DEBUG    root:machine.py:309 MOD 5
TICK: 10799 PC:  10 ADDR:   0 MEM_OUT: 223 ACC: 223 BUFF: 223 DC: 0 FLAG_ZERO: False FLAG_LT: 0 FLAG_GT: 1
INPUT_PORT:  []
OUT_PORT:  []
DATA_MEM:  [223, 104]
---------------------------------------
DEBUG    root:machine.py:309 CMP 0
TICK: 10803 PC:  11 ADDR:   0 MEM_OUT: 223 ACC: 3 BUFF: 223 DC: 0 FLAG_ZERO: False FLAG_LT: 0 FLAG_GT: 1
INPUT_PORT:  []
OUT_PORT:  []
DATA_MEM:  [223, 104]
---------------------------------------
DEBUG    root:machine.py:309 JE 18
TICK: 10806 PC:  12 ADDR:   0 MEM_OUT: 223 ACC: 3 BUFF: 223 DC: 0 FLAG_ZERO: False FLAG_LT: 0 FLAG_GT: 1
INPUT_PORT:  []
OUT_PORT:  []
DATA_MEM:  [223, 104]
---------------------------------------
DEBUG    root:machine.py:309 JMP 0
TICK: 10809 PC:  13 ADDR:   0 MEM_OUT: 223 ACC: 3 BUFF: 223 DC: 0 FLAG_ZERO: False FLAG_LT: 0 FLAG_GT: 1
INPUT_PORT:  []
OUT_PORT:  []
DATA_MEM:  [223, 104]
---------------------------------------
DEBUG    root:machine.py:309 LD 0
TICK: 10812 PC:   0 ADDR:   0 MEM_OUT: 223 ACC: 3 BUFF: 223 DC: 0 FLAG_ZERO: False FLAG_LT: 0 FLAG_GT: 1
INPUT_PORT:  []
OUT_PORT:  []
DATA_MEM:  [223, 104]
---------------------------------------
DEBUG    root:machine.py:309 INC 
TICK: 10816 PC:   1 ADDR:   0 MEM_OUT: 223 ACC: 223 BUFF: 223 DC: 0 FLAG_ZERO: False FLAG_LT: 0 FLAG_GT: 1
INPUT_PORT:  []
OUT_PORT:  []
DATA_MEM:  [223, 104]
---------------------------------------
DEBUG    root:machine.py:309 ST 0
TICK: 10819 PC:   2 ADDR:   0 MEM_OUT: 223 ACC: 224 BUFF: 223 DC: 0 FLAG_ZERO: False FLAG_LT: 0 FLAG_GT: 1
INPUT_PORT:  []
OUT_PORT:  []
DATA_MEM:  [223, 104]
---------------------------------------
DEBUG    root:machine.py:309 CMP 1000
TICK: 10823 PC:   3 ADDR:   0 MEM_OUT: 224 ACC: 224 BUFF: 223 DC: 0 FLAG_ZERO: False FLAG_LT: 0 FLAG_GT: 1
INPUT_PORT:  []
OUT_PORT:  []
DATA_MEM:  [224, 104]
---------------------------------------
DEBUG    root:machine.py:309 JGE 22
TICK: 10826 PC:   4 ADDR:   0 MEM_OUT: 224 ACC: 224 BUFF: 223 DC: 0 FLAG_ZERO: False FLAG_LT: 1 FLAG_GT: 0
INPUT_PORT:  []
OUT_PORT:  []
DATA_MEM:  [224, 104]
---------------------------------------
DEBUG    root:machine.py:309 LD 0
TICK: 10829 PC:   5 ADDR:   0 MEM_OUT: 224 ACC: 224 BUFF: 223 DC: 0 FLAG_ZERO: False FLAG_LT: 1 FLAG_GT: 0
INPUT_PORT:  []
OUT_PORT:  []
DATA_MEM:  [224, 104]
---------------------------------------
DEBUG    root:machine.py:309 MOD 3
TICK: 10833 PC:   6 ADDR:   0 MEM_OUT: 224 ACC: 224 BUFF: 223 DC: 0 FLAG_ZERO: False FLAG_LT: 1 FLAG_GT: 0
INPUT_PORT:  []
OUT_PORT:  []
DATA_MEM:  [224, 104]
---------------------------------------
DEBUG    root:machine.py:309 CMP 0
TICK: 10837 PC:   7 ADDR:   0 MEM_OUT: 224 ACC: 2 BUFF: 224 DC: 0 FLAG_ZERO: False FLAG_LT: 1 FLAG_GT: 0
INPUT_PORT:  []
OUT_PORT:  []
DATA_MEM:  [224, 104]
---------------------------------------
DEBUG    root:machine.py:309 JE 14
TICK: 10840 PC:   8 ADDR:   0 MEM_OUT: 224 ACC: 2 BUFF: 224 DC: 0 FLAG_ZERO: False FLAG_LT: 0 FLAG_GT: 1
INPUT_PORT:  []
OUT_PORT:  []
DATA_MEM:  [224, 104]
---------------------------------------
DEBUG    root:machine.py:309 LD 0
TICK: 10843 PC:   9 ADDR:   0 MEM_OUT: 224 ACC: 2 BUFF: 224 DC: 0 FLAG_ZERO: False FLAG_LT: 0 FLAG_GT: 1
INPUT_PORT:  []
OUT_PORT:  []
DATA_MEM:  [224, 104]
---------------------------------------
DEBUG    root:machine.py:309 MOD 5
TICK: 10847 PC:  10 ADDR:   0 MEM_OUT: 224 ACC: 224 BUFF: 224 DC: 0 FLAG_ZERO: False FLAG_LT: 0 FLAG_GT: 1
INPUT_PORT:  []
OUT_PORT:  []
DATA_MEM:  [224, 104]
---------------------------------------
DEBUG    root:machine.py:309 CMP 0
TICK: 10851 PC:  11 ADDR:   0 MEM_OUT: 224 ACC: 4 BUFF: 224 DC: 0 FLAG_ZERO: False FLAG_LT: 0 FLAG_GT: 1
INPUT_PORT:  []
OUT_PORT:  []
DATA_MEM:  [224, 104]
---------------------------------------
DEBUG    root:machine.py:309 JE 18
TICK: 10854 PC:  12 ADDR:   0 MEM_OUT: 224 ACC: 4 BUFF: 224 DC: 0 FLAG_ZERO: False FLAG_LT: 0 FLAG_GT: 1
INPUT_PORT:  []
OUT_PORT:  []
DATA_MEM:  [224, 104]
---------------------------------------
DEBUG    root:machine.py:309 JMP 0
TICK: 10857 PC:  13 ADDR:   0 MEM_OUT: 224 ACC: 4 BUFF: 224 DC: 0 FLAG_ZERO: False FLAG_LT: 0 FLAG_GT: 1
INPUT_PORT:  []
OUT_PORT:  []
DATA_MEM:  [224, 104]
---------------------------------------
DEBUG    root:machine.py:309 LD 0
TICK: 10860 PC:   0 ADDR:   0 MEM_OUT: 224 ACC: 4 BUFF: 224 DC: 0 FLAG_ZERO: False FLAG_LT: 0 FLAG_GT: 1
INPUT_PORT:  []
OUT_PORT:  []
DATA_MEM:  [224, 104]
---------------------------------------
DEBUG    root:machine.py:309 INC 
TICK: 10864 PC:   1 ADDR:   0 MEM_OUT: 224 ACC: 224 BUFF: 224 DC: 0 FLAG_ZERO: False FLAG_LT: 0 FLAG_GT: 1
INPUT_PORT:  []
OUT_PORT:  []
DATA_MEM:  [224, 104]
---------------------------------------
DEBUG    root:machine.py:309 ST 0
TICK: 10867 PC:   2 ADDR:   0 MEM_OUT: 224 ACC: 225 BUFF: 224 DC: 0 FLAG_ZERO: False FLAG_LT: 0 FLAG_GT: 1
INPUT_PORT:  []
OUT_PORT:  []
DATA_MEM:  [224, 104]
---------------------------------------
DEBUG    root:machine.py:309 CMP 1000
TICK: 10871 PC:   3 ADDR:   0 MEM_OUT: 225 ACC: 225 BUFF: 224 DC: 0 FLAG_ZERO: False FLAG_LT: 0 FLAG_GT: 1
INPUT_PORT:  []
OUT_PORT:  []
DATA_MEM:  [225, 104]
---------------------------------------
DEBUG    root:machine.py:309 JGE 22
TICK: 10874 PC:   4 ADDR:   0 MEM_OUT: 225 ACC: 225 BUFF: 224 DC: 0 FLAG_ZERO: False FLAG_LT: 1 FLAG_GT: 0
INPUT_PORT:  []
OUT_PORT:  []
DATA_MEM:  [225, 104]
---------------------------------------
DEBUG    root:machine.py:309 LD 0
TICK: 10877 PC:   5 ADDR:   0 MEM_OUT: 225 ACC: 225 BUFF: 224 DC: 0 FLAG_ZERO: False FLAG_LT: 1 FLAG_GT: 0
INPUT_PORT:  []
OUT_PORT:  []
DATA_MEM:  [225, 104]
---------------------------------------
DEBUG    root:machine.py:309 MOD 3
TICK: 10881 PC:   6 ADDR:   0 MEM_OUT: 225 ACC: 225 BUFF: 224 DC: 0 FLAG_ZERO: False FLAG_LT: 1 FLAG_GT: 0
INPUT_PORT:  []
OUT_PORT:  []
DATA_MEM:  [225, 104]
---------------------------------------
DEBUG    root:machine.py:309 CMP 0
TICK: 10885 PC:   7 ADDR:   0 MEM_OUT: 225 ACC: 0 BUFF: 225 DC: 0 FLAG_ZERO: False FLAG_LT: 1 FLAG_GT: 0
INPUT_PORT:  []
OUT_PORT:  []
DATA_MEM:  [225, 104]
---------------------------------------
DEBUG    root:machine.py:309 JE 14
TICK: 10888 PC:   8 ADDR:   0 MEM_OUT: 225 ACC: 0 BUFF: 225 DC: 0 FLAG_ZERO: True FLAG_LT: 0 FLAG_GT: 0
INPUT_PORT:  []
OUT_PORT:  []
DATA_MEM:  [225, 104]
---------------------------------------
DEBUG    root:machine.py:309 LD 4
TICK: 10891 PC:  14 ADDR:   0 MEM_OUT: 225 ACC: 0 BUFF: 225 DC: 0 FLAG_ZERO: True FLAG_LT: 0 FLAG_GT: 0
INPUT_PORT:  []
OUT_PORT:  []
DATA_MEM:  [225, 104]
---------------------------------------
DEBUG    root:machine.py:309 INC 
TICK: 10895 PC:  15 ADDR:   1 MEM_OUT: 104 ACC: 104 BUFF: 225 DC: 0 FLAG_ZERO: True FLAG_LT: 0 FLAG_GT: 0
INPUT_PORT:  []
OUT_PORT:  []
DATA_MEM:  [225, 104]
---------------------------------------
DEBUG    root:machine.py:309 ST 4
TICK: 10898 PC:  16 ADDR:   1 MEM_OUT: 104 ACC: 105 BUFF: 225 DC: 0 FLAG_ZERO: True FLAG_LT: 0 FLAG_GT: 0
INPUT_PORT:  []
OUT_PORT:  []
DATA_MEM:  [225, 104]
---------------------------------------
DEBUG    root:machine.py:309 JMP 0
TICK: 10902 PC:  17 ADDR:   1 MEM_OUT: 105 ACC: 105 BUFF: 225 DC: 0 FLAG_ZERO: True FLAG_LT: 0 FLAG_GT: 0
INPUT_PORT:  []
OUT_PORT:  []
DATA_MEM:  [225, 105]
---------------------------------------
DEBUG    root:machine.py:309 LD 0
TICK: 10905 PC:   0 ADDR:   1 MEM_OUT: 105 ACC: 105 BUFF: 225 DC: 0 FLAG_ZERO: True FLAG_LT: 0 FLAG_GT: 0
INPUT_PORT:  []
OUT_PORT:  []
DATA_MEM:  [225, 105]
---------------------------------------
DEBUG    root:machine.py:309 INC 
TICK: 10909 PC:   1 ADDR:   0 MEM_OUT: 225 ACC: 225 BUFF: 225 DC: 0 FLAG_ZERO: True FLAG_LT: 0 FLAG_GT: 0
INPUT_PORT:  []
OUT_PORT:  []
DATA_MEM:  [225, 105]
---------------------------------------
DEBUG    root:machine.py:309 ST 0
TICK: 10912 PC:   2 ADDR:   0 MEM_OUT: 225 ACC: 226 BUFF: 225 DC: 0 FLAG_ZERO: True FLAG_LT: 0 FLAG_GT: 0
INPUT_PORT:  []
OUT_PORT:  []
DATA_MEM:  [225, 105]
---------------------------------------
DEBUG    root:machine.py:309 CMP 1000
TICK: 10916 PC:   3 ADDR:   0 MEM_OUT: 226 ACC: 226 BUFF: 225 DC: 0 FLAG_ZERO: True FLAG_LT: 0 FLAG_GT: 0
INPUT_PORT:  []
OUT_PORT:  []
DATA_MEM:  [226, 105]
---------------------------------------
DEBUG    root:machine.py:309 JGE 22
TICK: 10919 PC:   4 ADDR:   0 MEM_OUT: 226 ACC: 226 BUFF: 225 DC: 0 FLAG_ZERO: False FLAG_LT: 1 FLAG_GT: 0
INPUT_PORT:  []
OUT_PORT:  []
DATA_MEM:  [226, 105]
---------------------------------------
DEBUG    root:machine.py:309 LD 0
TICK: 10922 PC:   5 ADDR:   0 MEM_OUT: 226 ACC: 226 BUFF: 225 DC: 0 FLAG_ZERO: False FLAG_LT: 1 FLAG_GT: 0
INPUT_PORT:  []
OUT_PORT:  []
DATA_MEM:  [226, 105]
---------------------------------------
DEBUG    root:machine.py:309 MOD 3
TICK: 10926 PC:   6 ADDR:   0 MEM_OUT: 226 ACC: 226 BUFF: 225 DC: 0 FLAG_ZERO: False FLAG_LT: 1 FLAG_GT: 0
INPUT_PORT:  []
OUT_PORT:  []
DATA_MEM:  [226, 105]
---------------------------------------
DEBUG    root:machine.py:309 CMP 0
TICK: 10930 PC:   7 ADDR:   0 MEM_OUT: 226 ACC: 1 BUFF: 226 DC: 0 FLAG_ZERO: False FLAG_LT: 1 FLAG_GT: 0
INPUT_PORT:  []
OUT_PORT:  []
DATA_MEM:  [226, 105]
---------------------------------------
DEBUG    root:machine.py:309 JE 14
TICK: 10933 PC:   8 ADDR:   0 MEM_OUT: 226 ACC: 1 BUFF: 226 DC: 0 FLAG_ZERO: False FLAG_LT: 0 FLAG_GT: 1
INPUT_PORT:  []
OUT_PORT:  []
DATA_MEM:  [226, 105]
---------------------------------------
DEBUG    root:machine.py:309 LD 0
TICK: 10936 PC:   9 ADDR:   0 MEM_OUT: 226 ACC: 1 BUFF: 226 DC: 0 FLAG_ZERO: False FLAG_LT: 0 FLAG_GT: 1
INPUT_PORT:  []
OUT_PORT:  []
DATA_MEM:  [226, 105]
---------------------------------------
DEBUG    root:machine.py:309 MOD 5
TICK: 10940 PC:  10 ADDR:   0 MEM_OUT: 226 ACC: 226 BUFF: 226 DC: 0 FLAG_ZERO: False FLAG_LT: 0 FLAG_GT: 1
INPUT_PORT:  []
OUT_PORT:  []
DATA_MEM:  [226, 105]
---------------------------------------
DEBUG    root:machine.py:309 CMP 0
TICK: 10944 PC:  11 ADDR:   0 MEM_OUT: 226 ACC: 1 BUFF: 226 DC: 0 FLAG_ZERO: False FLAG_LT: 0 FLAG_GT: 1
INPUT_PORT:  []
OUT_PORT:  []
DATA_MEM:  [226, 105]
---------------------------------------
DEBUG    root:machine.py:309 JE 18
TICK: 10947 PC:  12 ADDR:   0 MEM_OUT: 226 ACC: 1 BUFF: 226 DC: 0 FLAG_ZERO: False FLAG_LT: 0 FLAG_GT: 1
INPUT_PORT:  []
OUT_PORT:  []
DATA_MEM:  [226, 105]
---------------------------------------
DEBUG    root:machine.py:309 JMP 0
TICK: 10950 PC:  13 ADDR:   0 MEM_OUT: 226 ACC: 1 BUFF: 226 DC: 0 FLAG_ZERO: False FLAG_LT: 0 FLAG_GT: 1
INPUT_PORT:  []
OUT_PORT:  []
DATA_MEM:  [226, 105]
---------------------------------------
DEBUG    root:machine.py:309 LD 0
TICK: 10953 PC:   0 ADDR:   0 MEM_OUT: 226 ACC: 1 BUFF: 226 DC: 0 FLAG_ZERO: False FLAG_LT: 0 FLAG_GT: 1
INPUT_PORT:  []
OUT_PORT:  []
DATA_MEM:  [226, 105]
---------------------------------------
DEBUG    root:machine.py:309 INC 
TICK: 10957 PC:   1 ADDR:   0 MEM_OUT: 226 ACC: 226 BUFF: 226 DC: 0 FLAG_ZERO: False FLAG_LT: 0 FLAG_GT: 1
INPUT_PORT:  []
OUT_PORT:  []
DATA_MEM:  [226, 105]
---------------------------------------
DEBUG    root:machine.py:309 ST 0
TICK: 10960 PC:   2 ADDR:   0 MEM_OUT: 226 ACC: 227 BUFF: 226 DC: 0 FLAG_ZERO: False FLAG_LT: 0 FLAG_GT: 1
INPUT_PORT:  []
OUT_PORT:  []
DATA_MEM:  [226, 105]
---------------------------------------
DEBUG    root:machine.py:309 CMP 1000
TICK: 10964 PC:   3 ADDR:   0 MEM_OUT: 227 ACC: 227 BUFF: 226 DC: 0 FLAG_ZERO: False FLAG_LT: 0 FLAG_GT: 1
INPUT_PORT:  []
OUT_PORT:  []
DATA_MEM:  [227, 105]
---------------------------------------
DEBUG    root:machine.py:309 JGE 22
TICK: 10967 PC:   4 ADDR:   0 MEM_OUT: 227 ACC: 227 BUFF: 226 DC: 0 FLAG_ZERO: False FLAG_LT: 1 FLAG_GT: 0
INPUT_PORT:  []
OUT_PORT:  []
DATA_MEM:  [227, 105]
---------------------------------------
DEBUG    root:machine.py:309 LD 0
TICK: 10970 PC:   5 ADDR:   0 MEM_OUT: 227 ACC: 227 BUFF: 226 DC: 0 FLAG_ZERO: False FLAG_LT: 1 FLAG_GT: 0
INPUT_PORT:  []
OUT_PORT:  []
DATA_MEM:  [227, 105]
---------------------------------------
DEBUG    root:machine.py:309 MOD 3
TICK: 10974 PC:   6 ADDR:   0 MEM_OUT: 227 ACC: 227 BUFF: 226 DC: 0 FLAG_ZERO: False FLAG_LT: 1 FLAG_GT: 0
INPUT_PORT:  []
OUT_PORT:  []
DATA_MEM:  [227, 105]
---------------------------------------
DEBUG    root:machine.py:309 CMP 0
TICK: 10978 PC:   7 ADDR:   0 MEM_OUT: 227 ACC: 2 BUFF: 227 DC: 0 FLAG_ZERO: False FLAG_LT: 1 FLAG_GT: 0
INPUT_PORT:  []
OUT_PORT:  []
DATA_MEM:  [227, 105]
---------------------------------------
DEBUG    root:machine.py:309 JE 14
TICK: 10981 PC:   8 ADDR:   0 MEM_OUT: 227 ACC: 2 BUFF: 227 DC: 0 FLAG_ZERO: False FLAG_LT: 0 FLAG_GT: 1
INPUT_PORT:  []
OUT_PORT:  []
DATA_MEM:  [227, 105]
---------------------------------------
DEBUG    root:machine.py:309 LD 0
TICK: 10984 PC:   9 ADDR:   0 MEM_OUT: 227 ACC: 2 BUFF: 227 DC: 0 FLAG_ZERO: False FLAG_LT: 0 FLAG_GT: 1
INPUT_PORT:  []
OUT_PORT:  []
DATA_MEM:  [227, 105]
---------------------------------------
DEBUG    root:machine.py:309 MOD 5
TICK: 10988 PC:  10 ADDR:   0 MEM_OUT: 227 ACC: 227 BUFF: 227 DC: 0 FLAG_ZERO: False FLAG_LT: 0 FLAG_GT: 1
INPUT_PORT:  []
OUT_PORT:  []
DATA_MEM:  [227, 105]
---------------------------------------
DEBUG    root:machine.py:309 CMP 0
TICK: 10992 PC:  11 ADDR:   0 MEM_OUT: 227 ACC: 2 BUFF: 227 DC: 0 FLAG_ZERO: False FLAG_LT: 0 FLAG_GT: 1
INPUT_PORT:  []
OUT_PORT:  []
DATA_MEM:  [227, 105]
---------------------------------------
DEBUG    root:machine.py:309 JE 18
TICK: 10995 PC:  12 ADDR:   0 MEM_OUT: 227 ACC: 2 BUFF: 227 DC: 0 FLAG_ZERO: False FLAG_LT: 0 FLAG_GT: 1
INPUT_PORT:  []
OUT_PORT:  []
DATA_MEM:  [227, 105]
---------------------------------------
DEBUG    root:machine.py:309 JMP 0
TICK: 10998 PC:  13 ADDR:   0 MEM_OUT: 227 ACC: 2 BUFF: 227 DC: 0 FLAG_ZERO: False FLAG_LT: 0 FLAG_GT: 1
INPUT_PORT:  []
OUT_PORT:  []
DATA_MEM:  [227, 105]
---------------------------------------
DEBUG    root:machine.py:309 LD 0
TICK: 11001 PC:   0 ADDR:   0 MEM_OUT: 227 ACC: 2 BUFF: 227 DC: 0 FLAG_ZERO: False FLAG_LT: 0 FLAG_GT: 1
INPUT_PORT:  []
OUT_PORT:  []
DATA_MEM:  [227, 105]
---------------------------------------
DEBUG    root:machine.py:309 INC 
TICK: 11005 PC:   1 ADDR:   0 MEM_OUT: 227 ACC: 227 BUFF: 227 DC: 0 FLAG_ZERO: False FLAG_LT: 0 FLAG_GT: 1
INPUT_PORT:  []
OUT_PORT:  []
DATA_MEM:  [227, 105]
---------------------------------------
DEBUG    root:machine.py:309 ST 0
TICK: 11008 PC:   2 ADDR:   0 MEM_OUT: 227 ACC: 228 BUFF: 227 DC: 0 FLAG_ZERO: False FLAG_LT: 0 FLAG_GT: 1
INPUT_PORT:  []
OUT_PORT:  []
DATA_MEM:  [227, 105]
---------------------------------------
DEBUG    root:machine.py:309 CMP 1000
TICK: 11012 PC:   3 ADDR:   0 MEM_OUT: 228 ACC: 228 BUFF: 227 DC: 0 FLAG_ZERO: False FLAG_LT: 0 FLAG_GT: 1
INPUT_PORT:  []
OUT_PORT:  []
DATA_MEM:  [228, 105]
---------------------------------------
DEBUG    root:machine.py:309 JGE 22
TICK: 11015 PC:   4 ADDR:   0 MEM_OUT: 228 ACC: 228 BUFF: 227 DC: 0 FLAG_ZERO: False FLAG_LT: 1 FLAG_GT: 0
INPUT_PORT:  []
OUT_PORT:  []
DATA_MEM:  [228, 105]
---------------------------------------
DEBUG    root:machine.py:309 LD 0
TICK: 11018 PC:   5 ADDR:   0 MEM_OUT: 228 ACC: 228 BUFF: 227 DC: 0 FLAG_ZERO: False FLAG_LT: 1 FLAG_GT: 0
INPUT_PORT:  []
OUT_PORT:  []
DATA_MEM:  [228, 105]
---------------------------------------
DEBUG    root:machine.py:309 MOD 3
TICK: 11022 PC:   6 ADDR:   0 MEM_OUT: 228 ACC: 228 BUFF: 227 DC: 0 FLAG_ZERO: False FLAG_LT: 1 FLAG_GT: 0
INPUT_PORT:  []
OUT_PORT:  []
DATA_MEM:  [228, 105]
---------------------------------------
DEBUG    root:machine.py:309 CMP 0
TICK: 11026 PC:   7 ADDR:   0 MEM_OUT: 228 ACC: 0 BUFF: 228 DC: 0 FLAG_ZERO: False FLAG_LT: 1 FLAG_GT: 0
INPUT_PORT:  []
OUT_PORT:  []
DATA_MEM:  [228, 105]
---------------------------------------
DEBUG    root:machine.py:309 JE 14
TICK: 11029 PC:   8 ADDR:   0 MEM_OUT: 228 ACC: 0 BUFF: 228 DC: 0 FLAG_ZERO: True FLAG_LT: 0 FLAG_GT: 0
INPUT_PORT:  []
OUT_PORT:  []
DATA_MEM:  [228, 105]
---------------------------------------
DEBUG    root:machine.py:309 LD 4
TICK: 11032 PC:  14 ADDR:   0 MEM_OUT: 228 ACC: 0 BUFF: 228 DC: 0 FLAG_ZERO: True FLAG_LT: 0 FLAG_GT: 0
INPUT_PORT:  []
OUT_PORT:  []
DATA_MEM:  [228, 105]
---------------------------------------
DEBUG    root:machine.py:309 INC 
TICK: 11036 PC:  15 ADDR:   1 MEM_OUT: 105 ACC: 105 BUFF: 228 DC: 0 FLAG_ZERO: True FLAG_LT: 0 FLAG_GT: 0
INPUT_PORT:  []
OUT_PORT:  []
DATA_MEM:  [228, 105]
---------------------------------------
DEBUG    root:machine.py:309 ST 4
TICK: 11039 PC:  16 ADDR:   1 MEM_OUT: 105 ACC: 106 BUFF: 228 DC: 0 FLAG_ZERO: True FLAG_LT: 0 FLAG_GT: 0
INPUT_PORT:  []
OUT_PORT:  []
DATA_MEM:  [228, 105]
---------------------------------------
DEBUG    root:machine.py:309 JMP 0
TICK: 11043 PC:  17 ADDR:   1 MEM_OUT: 106 ACC: 106 BUFF: 228 DC: 0 FLAG_ZERO: True FLAG_LT: 0 FLAG_GT: 0
INPUT_PORT:  []
OUT_PORT:  []
DATA_MEM:  [228, 106]
---------------------------------------
DEBUG    root:machine.py:309 LD 0
TICK: 11046 PC:   0 ADDR:   1 MEM_OUT: 106 ACC: 106 BUFF: 228 DC: 0 FLAG_ZERO: True FLAG_LT: 0 FLAG_GT: 0
INPUT_PORT:  []
OUT_PORT:  []
DATA_MEM:  [228, 106]
---------------------------------------
DEBUG    root:machine.py:309 INC 
TICK: 11050 PC:   1 ADDR:   0 MEM_OUT: 228 ACC: 228 BUFF: 228 DC: 0 FLAG_ZERO: True FLAG_LT: 0 FLAG_GT: 0
INPUT_PORT:  []
OUT_PORT:  []
DATA_MEM:  [228, 106]
---------------------------------------
DEBUG    root:machine.py:309 ST 0
TICK: 11053 PC:   2 ADDR:   0 MEM_OUT: 228 ACC: 229 BUFF: 228 DC: 0 FLAG_ZERO: True FLAG_LT: 0 FLAG_GT: 0
INPUT_PORT:  []
OUT_PORT:  []
DATA_MEM:  [228, 106]
---------------------------------------
DEBUG    root:machine.py:309 CMP 1000
TICK: 11057 PC:   3 ADDR:   0 MEM_OUT: 229 ACC: 229 BUFF: 228 DC: 0 FLAG_ZERO: True FLAG_LT: 0 FLAG_GT: 0
INPUT_PORT:  []
OUT_PORT:  []
DATA_MEM:  [229, 106]
---------------------------------------
DEBUG    root:machine.py:309 JGE 22
TICK: 11060 PC:   4 ADDR:   0 MEM_OUT: 229 ACC: 229 BUFF: 228 DC: 0 FLAG_ZERO: False FLAG_LT: 1 FLAG_GT: 0
INPUT_PORT:  []
OUT_PORT:  []
DATA_MEM:  [229, 106]
---------------------------------------
DEBUG    root:machine.py:309 LD 0
TICK: 11063 PC:   5 ADDR:   0 MEM_OUT: 229 ACC: 229 BUFF: 228 DC: 0 FLAG_ZERO: False FLAG_LT: 1 FLAG_GT: 0
INPUT_PORT:  []
OUT_PORT:  []
DATA_MEM:  [229, 106]
---------------------------------------
DEBUG    root:machine.py:309 MOD 3
TICK: 11067 PC:   6 ADDR:   0 MEM_OUT: 229 ACC: 229 BUFF: 228 DC: 0 FLAG_ZERO: False FLAG_LT: 1 FLAG_GT: 0
INPUT_PORT:  []
OUT_PORT:  []
DATA_MEM:  [229, 106]
---------------------------------------
DEBUG    root:machine.py:309 CMP 0
TICK: 11071 PC:   7 ADDR:   0 MEM_OUT: 229 ACC: 1 BUFF: 229 DC: 0 FLAG_ZERO: False FLAG_LT: 1 FLAG_GT: 0
INPUT_PORT:  []
OUT_PORT:  []
DATA_MEM:  [229, 106]
---------------------------------------
DEBUG    root:machine.py:309 JE 14
TICK: 11074 PC:   8 ADDR:   0 MEM_OUT: 229 ACC: 1 BUFF: 229 DC: 0 FLAG_ZERO: False FLAG_LT: 0 FLAG_GT: 1
INPUT_PORT:  []
OUT_PORT:  []
DATA_MEM:  [229, 106]
---------------------------------------
DEBUG    root:machine.py:309 LD 0
TICK: 11077 PC:   9 ADDR:   0 MEM_OUT: 229 ACC: 1 BUFF: 229 DC: 0 FLAG_ZERO: False FLAG_LT: 0 FLAG_GT: 1
INPUT_PORT:  []
OUT_PORT:  []
DATA_MEM:  [229, 106]
---------------------------------------
DEBUG    root:machine.py:309 MOD 5
TICK: 11081 PC:  10 ADDR:   0 MEM_OUT: 229 ACC: 229 BUFF: 229 DC: 0 FLAG_ZERO: False FLAG_LT: 0 FLAG_GT: 1
INPUT_PORT:  []
OUT_PORT:  []
DATA_MEM:  [229, 106]
---------------------------------------
DEBUG    root:machine.py:309 CMP 0
TICK: 11085 PC:  11 ADDR:   0 MEM_OUT: 229 ACC: 4 BUFF: 229 DC: 0 FLAG_ZERO: False FLAG_LT: 0 FLAG_GT: 1
INPUT_PORT:  []
OUT_PORT:  []
DATA_MEM:  [229, 106]
---------------------------------------
DEBUG    root:machine.py:309 JE 18
TICK: 11088 PC:  12 ADDR:   0 MEM_OUT: 229 ACC: 4 BUFF: 229 DC: 0 FLAG_ZERO: False FLAG_LT: 0 FLAG_GT: 1
INPUT_PORT:  []
OUT_PORT:  []
DATA_MEM:  [229, 106]
---------------------------------------
DEBUG    root:machine.py:309 JMP 0
TICK: 11091 PC:  13 ADDR:   0 MEM_OUT: 229 ACC: 4 BUFF: 229 DC: 0 FLAG_ZERO: False FLAG_LT: 0 FLAG_GT: 1
INPUT_PORT:  []
OUT_PORT:  []
DATA_MEM:  [229, 106]
---------------------------------------
DEBUG    root:machine.py:309 LD 0
TICK: 11094 PC:   0 ADDR:   0 MEM_OUT: 229 ACC: 4 BUFF: 229 DC: 0 FLAG_ZERO: False FLAG_LT: 0 FLAG_GT: 1
INPUT_PORT:  []
OUT_PORT:  []
DATA_MEM:  [229, 106]
---------------------------------------
DEBUG    root:machine.py:309 INC 
TICK: 11098 PC:   1 ADDR:   0 MEM_OUT: 229 ACC: 229 BUFF: 229 DC: 0 FLAG_ZERO: False FLAG_LT: 0 FLAG_GT: 1
INPUT_PORT:  []
OUT_PORT:  []
DATA_MEM:  [229, 106]
---------------------------------------
DEBUG    root:machine.py:309 ST 0
TICK: 11101 PC:   2 ADDR:   0 MEM_OUT: 229 ACC: 230 BUFF: 229 DC: 0 FLAG_ZERO: False FLAG_LT: 0 FLAG_GT: 1
INPUT_PORT:  []
OUT_PORT:  []
DATA_MEM:  [229, 106]
---------------------------------------
DEBUG    root:machine.py:309 CMP 1000
TICK: 11105 PC:   3 ADDR:   0 MEM_OUT: 230 ACC: 230 BUFF: 229 DC: 0 FLAG_ZERO: False FLAG_LT: 0 FLAG_GT: 1
INPUT_PORT:  []
OUT_PORT:  []
DATA_MEM:  [230, 106]
---------------------------------------
DEBUG    root:machine.py:309 JGE 22
TICK: 11108 PC:   4 ADDR:   0 MEM_OUT: 230 ACC: 230 BUFF: 229 DC: 0 FLAG_ZERO: False FLAG_LT: 1 FLAG_GT: 0
INPUT_PORT:  []
OUT_PORT:  []
DATA_MEM:  [230, 106]
---------------------------------------
DEBUG    root:machine.py:309 LD 0
TICK: 11111 PC:   5 ADDR:   0 MEM_OUT: 230 ACC: 230 BUFF: 229 DC: 0 FLAG_ZERO: False FLAG_LT: 1 FLAG_GT: 0
INPUT_PORT:  []
OUT_PORT:  []
DATA_MEM:  [230, 106]
---------------------------------------
DEBUG    root:machine.py:309 MOD 3
TICK: 11115 PC:   6 ADDR:   0 MEM_OUT: 230 ACC: 230 BUFF: 229 DC: 0 FLAG_ZERO: False FLAG_LT: 1 FLAG_GT: 0
INPUT_PORT:  []
OUT_PORT:  []
DATA_MEM:  [230, 106]
---------------------------------------
DEBUG    root:machine.py:309 CMP 0
TICK: 11119 PC:   7 ADDR:   0 MEM_OUT: 230 ACC: 2 BUFF: 230 DC: 0 FLAG_ZERO: False FLAG_LT: 1 FLAG_GT: 0
INPUT_PORT:  []
OUT_PORT:  []
DATA_MEM:  [230, 106]
---------------------------------------
DEBUG    root:machine.py:309 JE 14
TICK: 11122 PC:   8 ADDR:   0 MEM_OUT: 230 ACC: 2 BUFF: 230 DC: 0 FLAG_ZERO: False FLAG_LT: 0 FLAG_GT: 1
INPUT_PORT:  []
OUT_PORT:  []
DATA_MEM:  [230, 106]
---------------------------------------
DEBUG    root:machine.py:309 LD 0
TICK: 11125 PC:   9 ADDR:   0 MEM_OUT: 230 ACC: 2 BUFF: 230 DC: 0 FLAG_ZERO: False FLAG_LT: 0 FLAG_GT: 1
INPUT_PORT:  []
OUT_PORT:  []
DATA_MEM:  [230, 106]
---------------------------------------
DEBUG    root:machine.py:309 MOD 5
TICK: 11129 PC:  10 ADDR:   0 MEM_OUT: 230 ACC: 230 BUFF: 230 DC: 0 FLAG_ZERO: False FLAG_LT: 0 FLAG_GT: 1
INPUT_PORT:  []
OUT_PORT:  []
DATA_MEM:  [230, 106]
---------------------------------------
DEBUG    root:machine.py:309 CMP 0
TICK: 11133 PC:  11 ADDR:   0 MEM_OUT: 230 ACC: 0 BUFF: 230 DC: 0 FLAG_ZERO: False FLAG_LT: 0 FLAG_GT: 1
INPUT_PORT:  []
OUT_PORT:  []
DATA_MEM:  [230, 106]
---------------------------------------
DEBUG    root:machine.py:309 JE 18
TICK: 11136 PC:  12 ADDR:   0 MEM_OUT: 230 ACC: 0 BUFF: 230 DC: 0 FLAG_ZERO: True FLAG_LT: 0 FLAG_GT: 0
INPUT_PORT:  []
OUT_PORT:  []
DATA_MEM:  [230, 106]
---------------------------------------
DEBUG    root:machine.py:309 LD 4
TICK: 11139 PC:  18 ADDR:   0 MEM_OUT: 230 ACC: 0 BUFF: 230 DC: 0 FLAG_ZERO: True FLAG_LT: 0 FLAG_GT: 0
INPUT_PORT:  []
OUT_PORT:  []
DATA_MEM:  [230, 106]
---------------------------------------
DEBUG    root:machine.py:309 INC 
TICK: 11143 PC:  19 ADDR:   1 MEM_OUT: 106 ACC: 106 BUFF: 230 DC: 0 FLAG_ZERO: True FLAG_LT: 0 FLAG_GT: 0
INPUT_PORT:  []
OUT_PORT:  []
DATA_MEM:  [230, 106]
---------------------------------------
DEBUG    root:machine.py:309 ST 4
TICK: 11146 PC:  20 ADDR:   1 MEM_OUT: 106 ACC: 107 BUFF: 230 DC: 0 FLAG_ZERO: True FLAG_LT: 0 FLAG_GT: 0
INPUT_PORT:  []
OUT_PORT:  []
DATA_MEM:  [230, 106]
---------------------------------------
DEBUG    root:machine.py:309 JMP 0
TICK: 11150 PC:  21 ADDR:   1 MEM_OUT: 107 ACC: 107 BUFF: 230 DC: 0 FLAG_ZERO: True FLAG_LT: 0 FLAG_GT: 0
INPUT_PORT:  []
OUT_PORT:  []
DATA_MEM:  [230, 107]
---------------------------------------
DEBUG    root:machine.py:309 LD 0
TICK: 11153 PC:   0 ADDR:   1 MEM_OUT: 107 ACC: 107 BUFF: 230 DC: 0 FLAG_ZERO: True FLAG_LT: 0 FLAG_GT: 0
INPUT_PORT:  []
OUT_PORT:  []
DATA_MEM:  [230, 107]
---------------------------------------
DEBUG    root:machine.py:309 INC 
TICK: 11157 PC:   1 ADDR:   0 MEM_OUT: 230 ACC: 230 BUFF: 230 DC: 0 FLAG_ZERO: True FLAG_LT: 0 FLAG_GT: 0
INPUT_PORT:  []
OUT_PORT:  []
DATA_MEM:  [230, 107]
---------------------------------------
DEBUG    root:machine.py:309 ST 0
TICK: 11160 PC:   2 ADDR:   0 MEM_OUT: 230 ACC: 231 BUFF: 230 DC: 0 FLAG_ZERO: True FLAG_LT: 0 FLAG_GT: 0
INPUT_PORT:  []
OUT_PORT:  []
DATA_MEM:  [230, 107]
---------------------------------------
DEBUG    root:machine.py:309 CMP 1000
TICK: 11164 PC:   3 ADDR:   0 MEM_OUT: 231 ACC: 231 BUFF: 230 DC: 0 FLAG_ZERO: True FLAG_LT: 0 FLAG_GT: 0
INPUT_PORT:  []
OUT_PORT:  []
DATA_MEM:  [231, 107]
---------------------------------------
DEBUG    root:machine.py:309 JGE 22
TICK: 11167 PC:   4 ADDR:   0 MEM_OUT: 231 ACC: 231 BUFF: 230 DC: 0 FLAG_ZERO: False FLAG_LT: 1 FLAG_GT: 0
INPUT_PORT:  []
OUT_PORT:  []
DATA_MEM:  [231, 107]
---------------------------------------
DEBUG    root:machine.py:309 LD 0
TICK: 11170 PC:   5 ADDR:   0 MEM_OUT: 231 ACC: 231 BUFF: 230 DC: 0 FLAG_ZERO: False FLAG_LT: 1 FLAG_GT: 0
INPUT_PORT:  []
OUT_PORT:  []
DATA_MEM:  [231, 107]
---------------------------------------
DEBUG    root:machine.py:309 MOD 3
TICK: 11174 PC:   6 ADDR:   0 MEM_OUT: 231 ACC: 231 BUFF: 230 DC: 0 FLAG_ZERO: False FLAG_LT: 1 FLAG_GT: 0
INPUT_PORT:  []
OUT_PORT:  []
DATA_MEM:  [231, 107]
---------------------------------------
DEBUG    root:machine.py:309 CMP 0
TICK: 11178 PC:   7 ADDR:   0 MEM_OUT: 231 ACC: 0 BUFF: 231 DC: 0 FLAG_ZERO: False FLAG_LT: 1 FLAG_GT: 0
INPUT_PORT:  []
OUT_PORT:  []
DATA_MEM:  [231, 107]
---------------------------------------
DEBUG    root:machine.py:309 JE 14
TICK: 11181 PC:   8 ADDR:   0 MEM_OUT: 231 ACC: 0 BUFF: 231 DC: 0 FLAG_ZERO: True FLAG_LT: 0 FLAG_GT: 0
INPUT_PORT:  []
OUT_PORT:  []
DATA_MEM:  [231, 107]
---------------------------------------
DEBUG    root:machine.py:309 LD 4
TICK: 11184 PC:  14 ADDR:   0 MEM_OUT: 231 ACC: 0 BUFF: 231 DC: 0 FLAG_ZERO: True FLAG_LT: 0 FLAG_GT: 0
INPUT_PORT:  []
OUT_PORT:  []
DATA_MEM:  [231, 107]
---------------------------------------
DEBUG    root:machine.py:309 INC 
TICK: 11188 PC:  15 ADDR:   1 MEM_OUT: 107 ACC: 107 BUFF: 231 DC: 0 FLAG_ZERO: True FLAG_LT: 0 FLAG_GT: 0
INPUT_PORT:  []
OUT_PORT:  []
DATA_MEM:  [231, 107]
---------------------------------------
DEBUG    root:machine.py:309 ST 4
TICK: 11191 PC:  16 ADDR:   1 MEM_OUT: 107 ACC: 108 BUFF: 231 DC: 0 FLAG_ZERO: True FLAG_LT: 0 FLAG_GT: 0
INPUT_PORT:  []
OUT_PORT:  []
DATA_MEM:  [231, 107]
---------------------------------------
DEBUG    root:machine.py:309 JMP 0
TICK: 11195 PC:  17 ADDR:   1 MEM_OUT: 108 ACC: 108 BUFF: 231 DC: 0 FLAG_ZERO: True FLAG_LT: 0 FLAG_GT: 0
INPUT_PORT:  []
OUT_PORT:  []
DATA_MEM:  [231, 108]
---------------------------------------
DEBUG    root:machine.py:309 LD 0
TICK: 11198 PC:   0 ADDR:   1 MEM_OUT: 108 ACC: 108 BUFF: 231 DC: 0 FLAG_ZERO: True FLAG_LT: 0 FLAG_GT: 0
INPUT_PORT:  []
OUT_PORT:  []
DATA_MEM:  [231, 108]
---------------------------------------
DEBUG    root:machine.py:309 INC 
TICK: 11202 PC:   1 ADDR:   0 MEM_OUT: 231 ACC: 231 BUFF: 231 DC: 0 FLAG_ZERO: True FLAG_LT: 0 FLAG_GT: 0
INPUT_PORT:  []
OUT_PORT:  []
DATA_MEM:  [231, 108]
---------------------------------------
DEBUG    root:machine.py:309 ST 0
TICK: 11205 PC:   2 ADDR:   0 MEM_OUT: 231 ACC: 232 BUFF: 231 DC: 0 FLAG_ZERO: True FLAG_LT: 0 FLAG_GT: 0
INPUT_PORT:  []
OUT_PORT:  []
DATA_MEM:  [231, 108]
---------------------------------------
DEBUG    root:machine.py:309 CMP 1000
TICK: 11209 PC:   3 ADDR:   0 MEM_OUT: 232 ACC: 232 BUFF: 231 DC: 0 FLAG_ZERO: True FLAG_LT: 0 FLAG_GT: 0
INPUT_PORT:  []
OUT_PORT:  []
DATA_MEM:  [232, 108]
---------------------------------------
DEBUG    root:machine.py:309 JGE 22
TICK: 11212 PC:   4 ADDR:   0 MEM_OUT: 232 ACC: 232 BUFF: 231 DC: 0 FLAG_ZERO: False FLAG_LT: 1 FLAG_GT: 0
INPUT_PORT:  []
OUT_PORT:  []
DATA_MEM:  [232, 108]
---------------------------------------
DEBUG    root:machine.py:309 LD 0
TICK: 11215 PC:   5 ADDR:   0 MEM_OUT: 232 ACC: 232 BUFF: 231 DC: 0 FLAG_ZERO: False FLAG_LT: 1 FLAG_GT: 0
INPUT_PORT:  []
OUT_PORT:  []
DATA_MEM:  [232, 108]
---------------------------------------
DEBUG    root:machine.py:309 MOD 3
TICK: 11219 PC:   6 ADDR:   0 MEM_OUT: 232 ACC: 232 BUFF: 231 DC: 0 FLAG_ZERO: False FLAG_LT: 1 FLAG_GT: 0
INPUT_PORT:  []
OUT_PORT:  []
DATA_MEM:  [232, 108]
---------------------------------------
DEBUG    root:machine.py:309 CMP 0
TICK: 11223 PC:   7 ADDR:   0 MEM_OUT: 232 ACC: 1 BUFF: 232 DC: 0 FLAG_ZERO: False FLAG_LT: 1 FLAG_GT: 0
INPUT_PORT:  []
OUT_PORT:  []
DATA_MEM:  [232, 108]
---------------------------------------
DEBUG    root:machine.py:309 JE 14
TICK: 11226 PC:   8 ADDR:   0 MEM_OUT: 232 ACC: 1 BUFF: 232 DC: 0 FLAG_ZERO: False FLAG_LT: 0 FLAG_GT: 1
INPUT_PORT:  []
OUT_PORT:  []
DATA_MEM:  [232, 108]
---------------------------------------
DEBUG    root:machine.py:309 LD 0
TICK: 11229 PC:   9 ADDR:   0 MEM_OUT: 232 ACC: 1 BUFF: 232 DC: 0 FLAG_ZERO: False FLAG_LT: 0 FLAG_GT: 1
INPUT_PORT:  []
OUT_PORT:  []
DATA_MEM:  [232, 108]
---------------------------------------
DEBUG    root:machine.py:309 MOD 5
TICK: 11233 PC:  10 ADDR:   0 MEM_OUT: 232 ACC: 232 BUFF: 232 DC: 0 FLAG_ZERO: False FLAG_LT: 0 FLAG_GT: 1
INPUT_PORT:  []
OUT_PORT:  []
DATA_MEM:  [232, 108]
---------------------------------------
DEBUG    root:machine.py:309 CMP 0
TICK: 11237 PC:  11 ADDR:   0 MEM_OUT: 232 ACC: 2 BUFF: 232 DC: 0 FLAG_ZERO: False FLAG_LT: 0 FLAG_GT: 1
INPUT_PORT:  []
OUT_PORT:  []
DATA_MEM:  [232, 108]
---------------------------------------
DEBUG    root:machine.py:309 JE 18
TICK: 11240 PC:  12 ADDR:   0 MEM_OUT: 232 ACC: 2 BUFF: 232 DC: 0 FLAG_ZERO: False FLAG_LT: 0 FLAG_GT: 1
INPUT_PORT:  []
OUT_PORT:  []
DATA_MEM:  [232, 108]
---------------------------------------
DEBUG    root:machine.py:309 JMP 0
TICK: 11243 PC:  13 ADDR:   0 MEM_OUT: 232 ACC: 2 BUFF: 232 DC: 0 FLAG_ZERO: False FLAG_LT: 0 FLAG_GT: 1
INPUT_PORT:  []
OUT_PORT:  []
DATA_MEM:  [232, 108]
---------------------------------------
DEBUG    root:machine.py:309 LD 0
TICK: 11246 PC:   0 ADDR:   0 MEM_OUT: 232 ACC: 2 BUFF: 232 DC: 0 FLAG_ZERO: False FLAG_LT: 0 FLAG_GT: 1
INPUT_PORT:  []
OUT_PORT:  []
DATA_MEM:  [232, 108]
---------------------------------------
DEBUG    root:machine.py:309 INC 
TICK: 11250 PC:   1 ADDR:   0 MEM_OUT: 232 ACC: 232 BUFF: 232 DC: 0 FLAG_ZERO: False FLAG_LT: 0 FLAG_GT: 1
INPUT_PORT:  []
OUT_PORT:  []
DATA_MEM:  [232, 108]
---------------------------------------
DEBUG    root:machine.py:309 ST 0
TICK: 11253 PC:   2 ADDR:   0 MEM_OUT: 232 ACC: 233 BUFF: 232 DC: 0 FLAG_ZERO: False FLAG_LT: 0 FLAG_GT: 1
INPUT_PORT:  []
OUT_PORT:  []
DATA_MEM:  [232, 108]
---------------------------------------
DEBUG    root:machine.py:309 CMP 1000
TICK: 11257 PC:   3 ADDR:   0 MEM_OUT: 233 ACC: 233 BUFF: 232 DC: 0 FLAG_ZERO: False FLAG_LT: 0 FLAG_GT: 1
INPUT_PORT:  []
OUT_PORT:  []
DATA_MEM:  [233, 108]
---------------------------------------
DEBUG    root:machine.py:309 JGE 22
TICK: 11260 PC:   4 ADDR:   0 MEM_OUT: 233 ACC: 233 BUFF: 232 DC: 0 FLAG_ZERO: False FLAG_LT: 1 FLAG_GT: 0
INPUT_PORT:  []
OUT_PORT:  []
DATA_MEM:  [233, 108]
---------------------------------------
DEBUG    root:machine.py:309 LD 0
TICK: 11263 PC:   5 ADDR:   0 MEM_OUT: 233 ACC: 233 BUFF: 232 DC: 0 FLAG_ZERO: False FLAG_LT: 1 FLAG_GT: 0
INPUT_PORT:  []
OUT_PORT:  []
DATA_MEM:  [233, 108]
---------------------------------------
DEBUG    root:machine.py:309 MOD 3
TICK: 11267 PC:   6 ADDR:   0 MEM_OUT: 233 ACC: 233 BUFF: 232 DC: 0 FLAG_ZERO: False FLAG_LT: 1 FLAG_GT: 0
INPUT_PORT:  []
OUT_PORT:  []
DATA_MEM:  [233, 108]
---------------------------------------
DEBUG    root:machine.py:309 CMP 0
TICK: 11271 PC:   7 ADDR:   0 MEM_OUT: 233 ACC: 2 BUFF: 233 DC: 0 FLAG_ZERO: False FLAG_LT: 1 FLAG_GT: 0
INPUT_PORT:  []
OUT_PORT:  []
DATA_MEM:  [233, 108]
---------------------------------------
DEBUG    root:machine.py:309 JE 14
TICK: 11274 PC:   8 ADDR:   0 MEM_OUT: 233 ACC: 2 BUFF: 233 DC: 0 FLAG_ZERO: False FLAG_LT: 0 FLAG_GT: 1
INPUT_PORT:  []
OUT_PORT:  []
DATA_MEM:  [233, 108]
---------------------------------------
DEBUG    root:machine.py:309 LD 0
TICK: 11277 PC:   9 ADDR:   0 MEM_OUT: 233 ACC: 2 BUFF: 233 DC: 0 FLAG_ZERO: False FLAG_LT: 0 FLAG_GT: 1
INPUT_PORT:  []
OUT_PORT:  []
DATA_MEM:  [233, 108]
---------------------------------------
DEBUG    root:machine.py:309 MOD 5
TICK: 11281 PC:  10 ADDR:   0 MEM_OUT: 233 ACC: 233 BUFF: 233 DC: 0 FLAG_ZERO: False FLAG_LT: 0 FLAG_GT: 1
INPUT_PORT:  []
OUT_PORT:  []
DATA_MEM:  [233, 108]
---------------------------------------
DEBUG    root:machine.py:309 CMP 0
TICK: 11285 PC:  11 ADDR:   0 MEM_OUT: 233 ACC: 3 BUFF: 233 DC: 0 FLAG_ZERO: False FLAG_LT: 0 FLAG_GT: 1
INPUT_PORT:  []
OUT_PORT:  []
DATA_MEM:  [233, 108]
---------------------------------------
DEBUG    root:machine.py:309 JE 18
TICK: 11288 PC:  12 ADDR:   0 MEM_OUT: 233 ACC: 3 BUFF: 233 DC: 0 FLAG_ZERO: False FLAG_LT: 0 FLAG_GT: 1
INPUT_PORT:  []
OUT_PORT:  []
DATA_MEM:  [233, 108]
---------------------------------------
DEBUG    root:machine.py:309 JMP 0
TICK: 11291 PC:  13 ADDR:   0 MEM_OUT: 233 ACC: 3 BUFF: 233 DC: 0 FLAG_ZERO: False FLAG_LT: 0 FLAG_GT: 1
INPUT_PORT:  []
OUT_PORT:  []
DATA_MEM:  [233, 108]
---------------------------------------
DEBUG    root:machine.py:309 LD 0
TICK: 11294 PC:   0 ADDR:   0 MEM_OUT: 233 ACC: 3 BUFF: 233 DC: 0 FLAG_ZERO: False FLAG_LT: 0 FLAG_GT: 1
INPUT_PORT:  []
OUT_PORT:  []
DATA_MEM:  [233, 108]
---------------------------------------
DEBUG    root:machine.py:309 INC 
TICK: 11298 PC:   1 ADDR:   0 MEM_OUT: 233 ACC: 233 BUFF: 233 DC: 0 FLAG_ZERO: False FLAG_LT: 0 FLAG_GT: 1
INPUT_PORT:  []
OUT_PORT:  []
DATA_MEM:  [233, 108]
---------------------------------------
DEBUG    root:machine.py:309 ST 0
TICK: 11301 PC:   2 ADDR:   0 MEM_OUT: 233 ACC: 234 BUFF: 233 DC: 0 FLAG_ZERO: False FLAG_LT: 0 FLAG_GT: 1
INPUT_PORT:  []
OUT_PORT:  []
DATA_MEM:  [233, 108]
---------------------------------------
DEBUG    root:machine.py:309 CMP 1000
TICK: 11305 PC:   3 ADDR:   0 MEM_OUT: 234 ACC: 234 BUFF: 233 DC: 0 FLAG_ZERO: False FLAG_LT: 0 FLAG_GT: 1
INPUT_PORT:  []
OUT_PORT:  []
DATA_MEM:  [234, 108]
---------------------------------------
DEBUG    root:machine.py:309 JGE 22
TICK: 11308 PC:   4 ADDR:   0 MEM_OUT: 234 ACC: 234 BUFF: 233 DC: 0 FLAG_ZERO: False FLAG_LT: 1 FLAG_GT: 0
INPUT_PORT:  []
OUT_PORT:  []
DATA_MEM:  [234, 108]
---------------------------------------
DEBUG    root:machine.py:309 LD 0
TICK: 11311 PC:   5 ADDR:   0 MEM_OUT: 234 ACC: 234 BUFF: 233 DC: 0 FLAG_ZERO: False FLAG_LT: 1 FLAG_GT: 0
INPUT_PORT:  []
OUT_PORT:  []
DATA_MEM:  [234, 108]
---------------------------------------
DEBUG    root:machine.py:309 MOD 3
TICK: 11315 PC:   6 ADDR:   0 MEM_OUT: 234 ACC: 234 BUFF: 233 DC: 0 FLAG_ZERO: False FLAG_LT: 1 FLAG_GT: 0
INPUT_PORT:  []
OUT_PORT:  []
DATA_MEM:  [234, 108]
---------------------------------------
DEBUG    root:machine.py:309 CMP 0
TICK: 11319 PC:   7 ADDR:   0 MEM_OUT: 234 ACC: 0 BUFF: 234 DC: 0 FLAG_ZERO: False FLAG_LT: 1 FLAG_GT: 0
INPUT_PORT:  []
OUT_PORT:  []
DATA_MEM:  [234, 108]
---------------------------------------
DEBUG    root:machine.py:309 JE 14
TICK: 11322 PC:   8 ADDR:   0 MEM_OUT: 234 ACC: 0 BUFF: 234 DC: 0 FLAG_ZERO: True FLAG_LT: 0 FLAG_GT: 0
INPUT_PORT:  []
OUT_PORT:  []
DATA_MEM:  [234, 108]
---------------------------------------
DEBUG    root:machine.py:309 LD 4
TICK: 11325 PC:  14 ADDR:   0 MEM_OUT: 234 ACC: 0 BUFF: 234 DC: 0 FLAG_ZERO: True FLAG_LT: 0 FLAG_GT: 0
INPUT_PORT:  []
OUT_PORT:  []
DATA_MEM:  [234, 108]
---------------------------------------
DEBUG    root:machine.py:309 INC 
TICK: 11329 PC:  15 ADDR:   1 MEM_OUT: 108 ACC: 108 BUFF: 234 DC: 0 FLAG_ZERO: True FLAG_LT: 0 FLAG_GT: 0
INPUT_PORT:  []
OUT_PORT:  []
DATA_MEM:  [234, 108]
---------------------------------------
DEBUG    root:machine.py:309 ST 4
TICK: 11332 PC:  16 ADDR:   1 MEM_OUT: 108 ACC: 109 BUFF: 234 DC: 0 FLAG_ZERO: True FLAG_LT: 0 FLAG_GT: 0
INPUT_PORT:  []
OUT_PORT:  []
DATA_MEM:  [234, 108]
---------------------------------------
DEBUG    root:machine.py:309 JMP 0
TICK: 11336 PC:  17 ADDR:   1 MEM_OUT: 109 ACC: 109 BUFF: 234 DC: 0 FLAG_ZERO: True FLAG_LT: 0 FLAG_GT: 0
INPUT_PORT:  []
OUT_PORT:  []
DATA_MEM:  [234, 109]
---------------------------------------
DEBUG    root:machine.py:309 LD 0
TICK: 11339 PC:   0 ADDR:   1 MEM_OUT: 109 ACC: 109 BUFF: 234 DC: 0 FLAG_ZERO: True FLAG_LT: 0 FLAG_GT: 0
INPUT_PORT:  []
OUT_PORT:  []
DATA_MEM:  [234, 109]
---------------------------------------
DEBUG    root:machine.py:309 INC 
TICK: 11343 PC:   1 ADDR:   0 MEM_OUT: 234 ACC: 234 BUFF: 234 DC: 0 FLAG_ZERO: True FLAG_LT: 0 FLAG_GT: 0
INPUT_PORT:  []
OUT_PORT:  []
DATA_MEM:  [234, 109]
---------------------------------------
DEBUG    root:machine.py:309 ST 0
TICK: 11346 PC:   2 ADDR:   0 MEM_OUT: 234 ACC: 235 BUFF: 234 DC: 0 FLAG_ZERO: True FLAG_LT: 0 FLAG_GT: 0
INPUT_PORT:  []
OUT_PORT:  []
DATA_MEM:  [234, 109]
---------------------------------------
DEBUG    root:machine.py:309 CMP 1000
TICK: 11350 PC:   3 ADDR:   0 MEM_OUT: 235 ACC: 235 BUFF: 234 DC: 0 FLAG_ZERO: True FLAG_LT: 0 FLAG_GT: 0
INPUT_PORT:  []
OUT_PORT:  []
DATA_MEM:  [235, 109]
---------------------------------------
DEBUG    root:machine.py:309 JGE 22
TICK: 11353 PC:   4 ADDR:   0 MEM_OUT: 235 ACC: 235 BUFF: 234 DC: 0 FLAG_ZERO: False FLAG_LT: 1 FLAG_GT: 0
INPUT_PORT:  []
OUT_PORT:  []
DATA_MEM:  [235, 109]
---------------------------------------
DEBUG    root:machine.py:309 LD 0
TICK: 11356 PC:   5 ADDR:   0 MEM_OUT: 235 ACC: 235 BUFF: 234 DC: 0 FLAG_ZERO: False FLAG_LT: 1 FLAG_GT: 0
INPUT_PORT:  []
OUT_PORT:  []
DATA_MEM:  [235, 109]
---------------------------------------
DEBUG    root:machine.py:309 MOD 3
TICK: 11360 PC:   6 ADDR:   0 MEM_OUT: 235 ACC: 235 BUFF: 234 DC: 0 FLAG_ZERO: False FLAG_LT: 1 FLAG_GT: 0
INPUT_PORT:  []
OUT_PORT:  []
DATA_MEM:  [235, 109]
---------------------------------------
DEBUG    root:machine.py:309 CMP 0
TICK: 11364 PC:   7 ADDR:   0 MEM_OUT: 235 ACC: 1 BUFF: 235 DC: 0 FLAG_ZERO: False FLAG_LT: 1 FLAG_GT: 0
INPUT_PORT:  []
OUT_PORT:  []
DATA_MEM:  [235, 109]
---------------------------------------
DEBUG    root:machine.py:309 JE 14
TICK: 11367 PC:   8 ADDR:   0 MEM_OUT: 235 ACC: 1 BUFF: 235 DC: 0 FLAG_ZERO: False FLAG_LT: 0 FLAG_GT: 1
INPUT_PORT:  []
OUT_PORT:  []
DATA_MEM:  [235, 109]
---------------------------------------
DEBUG    root:machine.py:309 LD 0
TICK: 11370 PC:   9 ADDR:   0 MEM_OUT: 235 ACC: 1 BUFF: 235 DC: 0 FLAG_ZERO: False FLAG_LT: 0 FLAG_GT: 1
INPUT_PORT:  []
OUT_PORT:  []
DATA_MEM:  [235, 109]
---------------------------------------
DEBUG    root:machine.py:309 MOD 5
TICK: 11374 PC:  10 ADDR:   0 MEM_OUT: 235 ACC: 235 BUFF: 235 DC: 0 FLAG_ZERO: False FLAG_LT: 0 FLAG_GT: 1
INPUT_PORT:  []
OUT_PORT:  []
DATA_MEM:  [235, 109]
---------------------------------------
DEBUG    root:machine.py:309 CMP 0
TICK: 11378 PC:  11 ADDR:   0 MEM_OUT: 235 ACC: 0 BUFF: 235 DC: 0 FLAG_ZERO: False FLAG_LT: 0 FLAG_GT: 1
INPUT_PORT:  []
OUT_PORT:  []
DATA_MEM:  [235, 109]
---------------------------------------
DEBUG    root:machine.py:309 JE 18
TICK: 11381 PC:  12 ADDR:   0 MEM_OUT: 235 ACC: 0 BUFF: 235 DC: 0 FLAG_ZERO: True FLAG_LT: 0 FLAG_GT: 0
INPUT_PORT:  []
OUT_PORT:  []
DATA_MEM:  [235, 109]
---------------------------------------
DEBUG    root:machine.py:309 LD 4
TICK: 11384 PC:  18 ADDR:   0 MEM_OUT: 235 ACC: 0 BUFF: 235 DC: 0 FLAG_ZERO: True FLAG_LT: 0 FLAG_GT: 0
INPUT_PORT:  []
OUT_PORT:  []
DATA_MEM:  [235, 109]
---------------------------------------
DEBUG    root:machine.py:309 INC 
TICK: 11388 PC:  19 ADDR:   1 MEM_OUT: 109 ACC: 109 BUFF: 235 DC: 0 FLAG_ZERO: True FLAG_LT: 0 FLAG_GT: 0
INPUT_PORT:  []
OUT_PORT:  []
DATA_MEM:  [235, 109]
---------------------------------------
DEBUG    root:machine.py:309 ST 4
TICK: 11391 PC:  20 ADDR:   1 MEM_OUT: 109 ACC: 110 BUFF: 235 DC: 0 FLAG_ZERO: True FLAG_LT: 0 FLAG_GT: 0
INPUT_PORT:  []
OUT_PORT:  []
DATA_MEM:  [235, 109]
---------------------------------------
DEBUG    root:machine.py:309 JMP 0
TICK: 11395 PC:  21 ADDR:   1 MEM_OUT: 110 ACC: 110 BUFF: 235 DC: 0 FLAG_ZERO: True FLAG_LT: 0 FLAG_GT: 0
INPUT_PORT:  []
OUT_PORT:  []
DATA_MEM:  [235, 110]
---------------------------------------
DEBUG    root:machine.py:309 LD 0
TICK: 11398 PC:   0 ADDR:   1 MEM_OUT: 110 ACC: 110 BUFF: 235 DC: 0 FLAG_ZERO: True FLAG_LT: 0 FLAG_GT: 0
INPUT_PORT:  []
OUT_PORT:  []
DATA_MEM:  [235, 110]
---------------------------------------
DEBUG    root:machine.py:309 INC 
TICK: 11402 PC:   1 ADDR:   0 MEM_OUT: 235 ACC: 235 BUFF: 235 DC: 0 FLAG_ZERO: True FLAG_LT: 0 FLAG_GT: 0
INPUT_PORT:  []
OUT_PORT:  []
DATA_MEM:  [235, 110]
---------------------------------------
DEBUG    root:machine.py:309 ST 0
TICK: 11405 PC:   2 ADDR:   0 MEM_OUT: 235 ACC: 236 BUFF: 235 DC: 0 FLAG_ZERO: True FLAG_LT: 0 FLAG_GT: 0
INPUT_PORT:  []
OUT_PORT:  []
DATA_MEM:  [235, 110]
---------------------------------------
DEBUG    root:machine.py:309 CMP 1000
TICK: 11409 PC:   3 ADDR:   0 MEM_OUT: 236 ACC: 236 BUFF: 235 DC: 0 FLAG_ZERO: True FLAG_LT: 0 FLAG_GT: 0
INPUT_PORT:  []
OUT_PORT:  []
DATA_MEM:  [236, 110]
---------------------------------------
DEBUG    root:machine.py:309 JGE 22
TICK: 11412 PC:   4 ADDR:   0 MEM_OUT: 236 ACC: 236 BUFF: 235 DC: 0 FLAG_ZERO: False FLAG_LT: 1 FLAG_GT: 0
INPUT_PORT:  []
OUT_PORT:  []
DATA_MEM:  [236, 110]
---------------------------------------
DEBUG    root:machine.py:309 LD 0
TICK: 11415 PC:   5 ADDR:   0 MEM_OUT: 236 ACC: 236 BUFF: 235 DC: 0 FLAG_ZERO: False FLAG_LT: 1 FLAG_GT: 0
INPUT_PORT:  []
OUT_PORT:  []
DATA_MEM:  [236, 110]
---------------------------------------
DEBUG    root:machine.py:309 MOD 3
TICK: 11419 PC:   6 ADDR:   0 MEM_OUT: 236 ACC: 236 BUFF: 235 DC: 0 FLAG_ZERO: False FLAG_LT: 1 FLAG_GT: 0
INPUT_PORT:  []
OUT_PORT:  []
DATA_MEM:  [236, 110]
---------------------------------------
DEBUG    root:machine.py:309 CMP 0
TICK: 11423 PC:   7 ADDR:   0 MEM_OUT: 236 ACC: 2 BUFF: 236 DC: 0 FLAG_ZERO: False FLAG_LT: 1 FLAG_GT: 0
INPUT_PORT:  []
OUT_PORT:  []
DATA_MEM:  [236, 110]
---------------------------------------
DEBUG    root:machine.py:309 JE 14
TICK: 11426 PC:   8 ADDR:   0 MEM_OUT: 236 ACC: 2 BUFF: 236 DC: 0 FLAG_ZERO: False FLAG_LT: 0 FLAG_GT: 1
INPUT_PORT:  []
OUT_PORT:  []
DATA_MEM:  [236, 110]
---------------------------------------
DEBUG    root:machine.py:309 LD 0
TICK: 11429 PC:   9 ADDR:   0 MEM_OUT: 236 ACC: 2 BUFF: 236 DC: 0 FLAG_ZERO: False FLAG_LT: 0 FLAG_GT: 1
INPUT_PORT:  []
OUT_PORT:  []
DATA_MEM:  [236, 110]
---------------------------------------
DEBUG    root:machine.py:309 MOD 5
TICK: 11433 PC:  10 ADDR:   0 MEM_OUT: 236 ACC: 236 BUFF: 236 DC: 0 FLAG_ZERO: False FLAG_LT: 0 FLAG_GT: 1
INPUT_PORT:  []
OUT_PORT:  []
DATA_MEM:  [236, 110]
---------------------------------------
DEBUG    root:machine.py:309 CMP 0
TICK: 11437 PC:  11 ADDR:   0 MEM_OUT: 236 ACC: 1 BUFF: 236 DC: 0 FLAG_ZERO: False FLAG_LT: 0 FLAG_GT: 1
INPUT_PORT:  []
OUT_PORT:  []
DATA_MEM:  [236, 110]
---------------------------------------
DEBUG    root:machine.py:309 JE 18
TICK: 11440 PC:  12 ADDR:   0 MEM_OUT: 236 ACC: 1 BUFF: 236 DC: 0 FLAG_ZERO: False FLAG_LT: 0 FLAG_GT: 1
INPUT_PORT:  []
OUT_PORT:  []
DATA_MEM:  [236, 110]
---------------------------------------
DEBUG    root:machine.py:309 JMP 0
TICK: 11443 PC:  13 ADDR:   0 MEM_OUT: 236 ACC: 1 BUFF: 236 DC: 0 FLAG_ZERO: False FLAG_LT: 0 FLAG_GT: 1
INPUT_PORT:  []
OUT_PORT:  []
DATA_MEM:  [236, 110]
---------------------------------------
DEBUG    root:machine.py:309 LD 0
TICK: 11446 PC:   0 ADDR:   0 MEM_OUT: 236 ACC: 1 BUFF: 236 DC: 0 FLAG_ZERO: False FLAG_LT: 0 FLAG_GT: 1
INPUT_PORT:  []
OUT_PORT:  []
DATA_MEM:  [236, 110]
---------------------------------------
DEBUG    root:machine.py:309 INC 
TICK: 11450 PC:   1 ADDR:   0 MEM_OUT: 236 ACC: 236 BUFF: 236 DC: 0 FLAG_ZERO: False FLAG_LT: 0 FLAG_GT: 1
INPUT_PORT:  []
OUT_PORT:  []
DATA_MEM:  [236, 110]
---------------------------------------
DEBUG    root:machine.py:309 ST 0
TICK: 11453 PC:   2 ADDR:   0 MEM_OUT: 236 ACC: 237 BUFF: 236 DC: 0 FLAG_ZERO: False FLAG_LT: 0 FLAG_GT: 1
INPUT_PORT:  []
OUT_PORT:  []
DATA_MEM:  [236, 110]
---------------------------------------
DEBUG    root:machine.py:309 CMP 1000
TICK: 11457 PC:   3 ADDR:   0 MEM_OUT: 237 ACC: 237 BUFF: 236 DC: 0 FLAG_ZERO: False FLAG_LT: 0 FLAG_GT: 1
INPUT_PORT:  []
OUT_PORT:  []
DATA_MEM:  [237, 110]
---------------------------------------
DEBUG    root:machine.py:309 JGE 22
TICK: 11460 PC:   4 ADDR:   0 MEM_OUT: 237 ACC: 237 BUFF: 236 DC: 0 FLAG_ZERO: False FLAG_LT: 1 FLAG_GT: 0
INPUT_PORT:  []
OUT_PORT:  []
DATA_MEM:  [237, 110]
---------------------------------------
DEBUG    root:machine.py:309 LD 0
TICK: 11463 PC:   5 ADDR:   0 MEM_OUT: 237 ACC: 237 BUFF: 236 DC: 0 FLAG_ZERO: False FLAG_LT: 1 FLAG_GT: 0
INPUT_PORT:  []
OUT_PORT:  []
DATA_MEM:  [237, 110]
---------------------------------------
DEBUG    root:machine.py:309 MOD 3
TICK: 11467 PC:   6 ADDR:   0 MEM_OUT: 237 ACC: 237 BUFF: 236 DC: 0 FLAG_ZERO: False FLAG_LT: 1 FLAG_GT: 0
INPUT_PORT:  []
OUT_PORT:  []
DATA_MEM:  [237, 110]
---------------------------------------
DEBUG    root:machine.py:309 CMP 0
TICK: 11471 PC:   7 ADDR:   0 MEM_OUT: 237 ACC: 0 BUFF: 237 DC: 0 FLAG_ZERO: False FLAG_LT: 1 FLAG_GT: 0
INPUT_PORT:  []
OUT_PORT:  []
DATA_MEM:  [237, 110]
---------------------------------------
DEBUG    root:machine.py:309 JE 14
TICK: 11474 PC:   8 ADDR:   0 MEM_OUT: 237 ACC: 0 BUFF: 237 DC: 0 FLAG_ZERO: True FLAG_LT: 0 FLAG_GT: 0
INPUT_PORT:  []
OUT_PORT:  []
DATA_MEM:  [237, 110]
---------------------------------------
DEBUG    root:machine.py:309 LD 4
TICK: 11477 PC:  14 ADDR:   0 MEM_OUT: 237 ACC: 0 BUFF: 237 DC: 0 FLAG_ZERO: True FLAG_LT: 0 FLAG_GT: 0
INPUT_PORT:  []
OUT_PORT:  []
DATA_MEM:  [237, 110]
---------------------------------------
DEBUG    root:machine.py:309 INC 
TICK: 11481 PC:  15 ADDR:   1 MEM_OUT: 110 ACC: 110 BUFF: 237 DC: 0 FLAG_ZERO: True FLAG_LT: 0 FLAG_GT: 0
INPUT_PORT:  []
OUT_PORT:  []
DATA_MEM:  [237, 110]
---------------------------------------
DEBUG    root:machine.py:309 ST 4
TICK: 11484 PC:  16 ADDR:   1 MEM_OUT: 110 ACC: 111 BUFF: 237 DC: 0 FLAG_ZERO: True FLAG_LT: 0 FLAG_GT: 0
INPUT_PORT:  []
OUT_PORT:  []
DATA_MEM:  [237, 110]
---------------------------------------
DEBUG    root:machine.py:309 JMP 0
TICK: 11488 PC:  17 ADDR:   1 MEM_OUT: 111 ACC: 111 BUFF: 237 DC: 0 FLAG_ZERO: True FLAG_LT: 0 FLAG_GT: 0
INPUT_PORT:  []
OUT_PORT:  []
DATA_MEM:  [237, 111]
---------------------------------------
DEBUG    root:machine.py:309 LD 0
TICK: 11491 PC:   0 ADDR:   1 MEM_OUT: 111 ACC: 111 BUFF: 237 DC: 0 FLAG_ZERO: True FLAG_LT: 0 FLAG_GT: 0
INPUT_PORT:  []
OUT_PORT:  []
DATA_MEM:  [237, 111]
---------------------------------------
DEBUG    root:machine.py:309 INC 
TICK: 11495 PC:   1 ADDR:   0 MEM_OUT: 237 ACC: 237 BUFF: 237 DC: 0 FLAG_ZERO: True FLAG_LT: 0 FLAG_GT: 0
INPUT_PORT:  []
OUT_PORT:  []
DATA_MEM:  [237, 111]
---------------------------------------
DEBUG    root:machine.py:309 ST 0
TICK: 11498 PC:   2 ADDR:   0 MEM_OUT: 237 ACC: 238 BUFF: 237 DC: 0 FLAG_ZERO: True FLAG_LT: 0 FLAG_GT: 0
INPUT_PORT:  []
OUT_PORT:  []
DATA_MEM:  [237, 111]
---------------------------------------
DEBUG    root:machine.py:309 CMP 1000
TICK: 11502 PC:   3 ADDR:   0 MEM_OUT: 238 ACC: 238 BUFF: 237 DC: 0 FLAG_ZERO: True FLAG_LT: 0 FLAG_GT: 0
INPUT_PORT:  []
OUT_PORT:  []
DATA_MEM:  [238, 111]
---------------------------------------
DEBUG    root:machine.py:309 JGE 22
TICK: 11505 PC:   4 ADDR:   0 MEM_OUT: 238 ACC: 238 BUFF: 237 DC: 0 FLAG_ZERO: False FLAG_LT: 1 FLAG_GT: 0
INPUT_PORT:  []
OUT_PORT:  []
DATA_MEM:  [238, 111]
---------------------------------------
DEBUG    root:machine.py:309 LD 0
TICK: 11508 PC:   5 ADDR:   0 MEM_OUT: 238 ACC: 238 BUFF: 237 DC: 0 FLAG_ZERO: False FLAG_LT: 1 FLAG_GT: 0
INPUT_PORT:  []
OUT_PORT:  []
DATA_MEM:  [238, 111]
---------------------------------------
DEBUG    root:machine.py:309 MOD 3
TICK: 11512 PC:   6 ADDR:   0 MEM_OUT: 238 ACC: 238 BUFF: 237 DC: 0 FLAG_ZERO: False FLAG_LT: 1 FLAG_GT: 0
INPUT_PORT:  []
OUT_PORT:  []
DATA_MEM:  [238, 111]
---------------------------------------
DEBUG    root:machine.py:309 CMP 0
TICK: 11516 PC:   7 ADDR:   0 MEM_OUT: 238 ACC: 1 BUFF: 238 DC: 0 FLAG_ZERO: False FLAG_LT: 1 FLAG_GT: 0
INPUT_PORT:  []
OUT_PORT:  []
DATA_MEM:  [238, 111]
---------------------------------------
DEBUG    root:machine.py:309 JE 14
TICK: 11519 PC:   8 ADDR:   0 MEM_OUT: 238 ACC: 1 BUFF: 238 DC: 0 FLAG_ZERO: False FLAG_LT: 0 FLAG_GT: 1
INPUT_PORT:  []
OUT_PORT:  []
DATA_MEM:  [238, 111]
---------------------------------------
DEBUG    root:machine.py:309 LD 0
TICK: 11522 PC:   9 ADDR:   0 MEM_OUT: 238 ACC: 1 BUFF: 238 DC: 0 FLAG_ZERO: False FLAG_LT: 0 FLAG_GT: 1
INPUT_PORT:  []
OUT_PORT:  []
DATA_MEM:  [238, 111]
---------------------------------------
DEBUG    root:machine.py:309 MOD 5
TICK: 11526 PC:  10 ADDR:   0 MEM_OUT: 238 ACC: 238 BUFF: 238 DC: 0 FLAG_ZERO: False FLAG_LT: 0 FLAG_GT: 1
INPUT_PORT:  []
OUT_PORT:  []
DATA_MEM:  [238, 111]
---------------------------------------
DEBUG    root:machine.py:309 CMP 0
TICK: 11530 PC:  11 ADDR:   0 MEM_OUT: 238 ACC: 3 BUFF: 238 DC: 0 FLAG_ZERO: False FLAG_LT: 0 FLAG_GT: 1
INPUT_PORT:  []
OUT_PORT:  []
DATA_MEM:  [238, 111]
---------------------------------------
DEBUG    root:machine.py:309 JE 18
TICK: 11533 PC:  12 ADDR:   0 MEM_OUT: 238 ACC: 3 BUFF: 238 DC: 0 FLAG_ZERO: False FLAG_LT: 0 FLAG_GT: 1
INPUT_PORT:  []
OUT_PORT:  []
DATA_MEM:  [238, 111]
---------------------------------------
DEBUG    root:machine.py:309 JMP 0
TICK: 11536 PC:  13 ADDR:   0 MEM_OUT: 238 ACC: 3 BUFF: 238 DC: 0 FLAG_ZERO: False FLAG_LT: 0 FLAG_GT: 1
INPUT_PORT:  []
OUT_PORT:  []
DATA_MEM:  [238, 111]
---------------------------------------
DEBUG    root:machine.py:309 LD 0
TICK: 11539 PC:   0 ADDR:   0 MEM_OUT: 238 ACC: 3 BUFF: 238 DC: 0 FLAG_ZERO: False FLAG_LT: 0 FLAG_GT: 1
INPUT_PORT:  []
OUT_PORT:  []
DATA_MEM:  [238, 111]
---------------------------------------
DEBUG    root:machine.py:309 INC 
TICK: 11543 PC:   1 ADDR:   0 MEM_OUT: 238 ACC: 238 BUFF: 238 DC: 0 FLAG_ZERO: False FLAG_LT: 0 FLAG_GT: 1
INPUT_PORT:  []
OUT_PORT:  []
DATA_MEM:  [238, 111]
---------------------------------------
DEBUG    root:machine.py:309 ST 0
TICK: 11546 PC:   2 ADDR:   0 MEM_OUT: 238 ACC: 239 BUFF: 238 DC: 0 FLAG_ZERO: False FLAG_LT: 0 FLAG_GT: 1
INPUT_PORT:  []
OUT_PORT:  []
DATA_MEM:  [238, 111]
---------------------------------------
DEBUG    root:machine.py:309 CMP 1000
TICK: 11550 PC:   3 ADDR:   0 MEM_OUT: 239 ACC: 239 BUFF: 238 DC: 0 FLAG_ZERO: False FLAG_LT: 0 FLAG_GT: 1
INPUT_PORT:  []
OUT_PORT:  []
DATA_MEM:  [239, 111]
---------------------------------------
DEBUG    root:machine.py:309 JGE 22
TICK: 11553 PC:   4 ADDR:   0 MEM_OUT: 239 ACC: 239 BUFF: 238 DC: 0 FLAG_ZERO: False FLAG_LT: 1 FLAG_GT: 0
INPUT_PORT:  []
OUT_PORT:  []
DATA_MEM:  [239, 111]
---------------------------------------
DEBUG    root:machine.py:309 LD 0
TICK: 11556 PC:   5 ADDR:   0 MEM_OUT: 239 ACC: 239 BUFF: 238 DC: 0 FLAG_ZERO: False FLAG_LT: 1 FLAG_GT: 0
INPUT_PORT:  []
OUT_PORT:  []
DATA_MEM:  [239, 111]
---------------------------------------
DEBUG    root:machine.py:309 MOD 3
TICK: 11560 PC:   6 ADDR:   0 MEM_OUT: 239 ACC: 239 BUFF: 238 DC: 0 FLAG_ZERO: False FLAG_LT: 1 FLAG_GT: 0
INPUT_PORT:  []
OUT_PORT:  []
DATA_MEM:  [239, 111]
---------------------------------------
DEBUG    root:machine.py:309 CMP 0
TICK: 11564 PC:   7 ADDR:   0 MEM_OUT: 239 ACC: 2 BUFF: 239 DC: 0 FLAG_ZERO: False FLAG_LT: 1 FLAG_GT: 0
INPUT_PORT:  []
OUT_PORT:  []
DATA_MEM:  [239, 111]
---------------------------------------
DEBUG    root:machine.py:309 JE 14
TICK: 11567 PC:   8 ADDR:   0 MEM_OUT: 239 ACC: 2 BUFF: 239 DC: 0 FLAG_ZERO: False FLAG_LT: 0 FLAG_GT: 1
INPUT_PORT:  []
OUT_PORT:  []
DATA_MEM:  [239, 111]
---------------------------------------
DEBUG    root:machine.py:309 LD 0
TICK: 11570 PC:   9 ADDR:   0 MEM_OUT: 239 ACC: 2 BUFF: 239 DC: 0 FLAG_ZERO: False FLAG_LT: 0 FLAG_GT: 1
INPUT_PORT:  []
OUT_PORT:  []
DATA_MEM:  [239, 111]
---------------------------------------
DEBUG    root:machine.py:309 MOD 5
TICK: 11574 PC:  10 ADDR:   0 MEM_OUT: 239 ACC: 239 BUFF: 239 DC: 0 FLAG_ZERO: False FLAG_LT: 0 FLAG_GT: 1
INPUT_PORT:  []
OUT_PORT:  []
DATA_MEM:  [239, 111]
---------------------------------------
DEBUG    root:machine.py:309 CMP 0
TICK: 11578 PC:  11 ADDR:   0 MEM_OUT: 239 ACC: 4 BUFF: 239 DC: 0 FLAG_ZERO: False FLAG_LT: 0 FLAG_GT: 1
INPUT_PORT:  []
OUT_PORT:  []
DATA_MEM:  [239, 111]
---------------------------------------
DEBUG    root:machine.py:309 JE 18
TICK: 11581 PC:  12 ADDR:   0 MEM_OUT: 239 ACC: 4 BUFF: 239 DC: 0 FLAG_ZERO: False FLAG_LT: 0 FLAG_GT: 1
INPUT_PORT:  []
OUT_PORT:  []
DATA_MEM:  [239, 111]
---------------------------------------
DEBUG    root:machine.py:309 JMP 0
TICK: 11584 PC:  13 ADDR:   0 MEM_OUT: 239 ACC: 4 BUFF: 239 DC: 0 FLAG_ZERO: False FLAG_LT: 0 FLAG_GT: 1
INPUT_PORT:  []
OUT_PORT:  []
DATA_MEM:  [239, 111]
---------------------------------------
DEBUG    root:machine.py:309 LD 0
TICK: 11587 PC:   0 ADDR:   0 MEM_OUT: 239 ACC: 4 BUFF: 239 DC: 0 FLAG_ZERO: False FLAG_LT: 0 FLAG_GT: 1
INPUT_PORT:  []
OUT_PORT:  []
DATA_MEM:  [239, 111]
---------------------------------------
DEBUG    root:machine.py:309 INC 
TICK: 11591 PC:   1 ADDR:   0 MEM_OUT: 239 ACC: 239 BUFF: 239 DC: 0 FLAG_ZERO: False FLAG_LT: 0 FLAG_GT: 1
INPUT_PORT:  []
OUT_PORT:  []
DATA_MEM:  [239, 111]
---------------------------------------
DEBUG    root:machine.py:309 ST 0
TICK: 11594 PC:   2 ADDR:   0 MEM_OUT: 239 ACC: 240 BUFF: 239 DC: 0 FLAG_ZERO: False FLAG_LT: 0 FLAG_GT: 1
INPUT_PORT:  []
OUT_PORT:  []
DATA_MEM:  [239, 111]
---------------------------------------
DEBUG    root:machine.py:309 CMP 1000
TICK: 11598 PC:   3 ADDR:   0 MEM_OUT: 240 ACC: 240 BUFF: 239 DC: 0 FLAG_ZERO: False FLAG_LT: 0 FLAG_GT: 1
INPUT_PORT:  []
OUT_PORT:  []
DATA_MEM:  [240, 111]
---------------------------------------
DEBUG    root:machine.py:309 JGE 22
TICK: 11601 PC:   4 ADDR:   0 MEM_OUT: 240 ACC: 240 BUFF: 239 DC: 0 FLAG_ZERO: False FLAG_LT: 1 FLAG_GT: 0
INPUT_PORT:  []
OUT_PORT:  []
DATA_MEM:  [240, 111]
---------------------------------------
DEBUG    root:machine.py:309 LD 0
TICK: 11604 PC:   5 ADDR:   0 MEM_OUT: 240 ACC: 240 BUFF: 239 DC: 0 FLAG_ZERO: False FLAG_LT: 1 FLAG_GT: 0
INPUT_PORT:  []
OUT_PORT:  []
DATA_MEM:  [240, 111]
---------------------------------------
DEBUG    root:machine.py:309 MOD 3
TICK: 11608 PC:   6 ADDR:   0 MEM_OUT: 240 ACC: 240 BUFF: 239 DC: 0 FLAG_ZERO: False FLAG_LT: 1 FLAG_GT: 0
INPUT_PORT:  []
OUT_PORT:  []
DATA_MEM:  [240, 111]
---------------------------------------
DEBUG    root:machine.py:309 CMP 0
TICK: 11612 PC:   7 ADDR:   0 MEM_OUT: 240 ACC: 0 BUFF: 240 DC: 0 FLAG_ZERO: False FLAG_LT: 1 FLAG_GT: 0
INPUT_PORT:  []
OUT_PORT:  []
DATA_MEM:  [240, 111]
---------------------------------------
DEBUG    root:machine.py:309 JE 14
TICK: 11615 PC:   8 ADDR:   0 MEM_OUT: 240 ACC: 0 BUFF: 240 DC: 0 FLAG_ZERO: True FLAG_LT: 0 FLAG_GT: 0
INPUT_PORT:  []
OUT_PORT:  []
DATA_MEM:  [240, 111]
---------------------------------------
DEBUG    root:machine.py:309 LD 4
TICK: 11618 PC:  14 ADDR:   0 MEM_OUT: 240 ACC: 0 BUFF: 240 DC: 0 FLAG_ZERO: True FLAG_LT: 0 FLAG_GT: 0
INPUT_PORT:  []
OUT_PORT:  []
DATA_MEM:  [240, 111]
---------------------------------------
DEBUG    root:machine.py:309 INC 
TICK: 11622 PC:  15 ADDR:   1 MEM_OUT: 111 ACC: 111 BUFF: 240 DC: 0 FLAG_ZERO: True FLAG_LT: 0 FLAG_GT: 0
INPUT_PORT:  []
OUT_PORT:  []
DATA_MEM:  [240, 111]
---------------------------------------
DEBUG    root:machine.py:309 ST 4
TICK: 11625 PC:  16 ADDR:   1 MEM_OUT: 111 ACC: 112 BUFF: 240 DC: 0 FLAG_ZERO: True FLAG_LT: 0 FLAG_GT: 0
INPUT_PORT:  []
OUT_PORT:  []
DATA_MEM:  [240, 111]
---------------------------------------
DEBUG    root:machine.py:309 JMP 0
TICK: 11629 PC:  17 ADDR:   1 MEM_OUT: 112 ACC: 112 BUFF: 240 DC: 0 FLAG_ZERO: True FLAG_LT: 0 FLAG_GT: 0
INPUT_PORT:  []
OUT_PORT:  []
DATA_MEM:  [240, 112]
---------------------------------------
DEBUG    root:machine.py:309 LD 0
TICK: 11632 PC:   0 ADDR:   1 MEM_OUT: 112 ACC: 112 BUFF: 240 DC: 0 FLAG_ZERO: True FLAG_LT: 0 FLAG_GT: 0
INPUT_PORT:  []
OUT_PORT:  []
DATA_MEM:  [240, 112]
---------------------------------------
DEBUG    root:machine.py:309 INC 
TICK: 11636 PC:   1 ADDR:   0 MEM_OUT: 240 ACC: 240 BUFF: 240 DC: 0 FLAG_ZERO: True FLAG_LT: 0 FLAG_GT: 0
INPUT_PORT:  []
OUT_PORT:  []
DATA_MEM:  [240, 112]
---------------------------------------
DEBUG    root:machine.py:309 ST 0
TICK: 11639 PC:   2 ADDR:   0 MEM_OUT: 240 ACC: 241 BUFF: 240 DC: 0 FLAG_ZERO: True FLAG_LT: 0 FLAG_GT: 0
INPUT_PORT:  []
OUT_PORT:  []
DATA_MEM:  [240, 112]
---------------------------------------
DEBUG    root:machine.py:309 CMP 1000
TICK: 11643 PC:   3 ADDR:   0 MEM_OUT: 241 ACC: 241 BUFF: 240 DC: 0 FLAG_ZERO: True FLAG_LT: 0 FLAG_GT: 0
INPUT_PORT:  []
OUT_PORT:  []
DATA_MEM:  [241, 112]
---------------------------------------
DEBUG    root:machine.py:309 JGE 22
TICK: 11646 PC:   4 ADDR:   0 MEM_OUT: 241 ACC: 241 BUFF: 240 DC: 0 FLAG_ZERO: False FLAG_LT: 1 FLAG_GT: 0
INPUT_PORT:  []
OUT_PORT:  []
DATA_MEM:  [241, 112]
---------------------------------------
DEBUG    root:machine.py:309 LD 0
TICK: 11649 PC:   5 ADDR:   0 MEM_OUT: 241 ACC: 241 BUFF: 240 DC: 0 FLAG_ZERO: False FLAG_LT: 1 FLAG_GT: 0
INPUT_PORT:  []
OUT_PORT:  []
DATA_MEM:  [241, 112]
---------------------------------------
DEBUG    root:machine.py:309 MOD 3
TICK: 11653 PC:   6 ADDR:   0 MEM_OUT: 241 ACC: 241 BUFF: 240 DC: 0 FLAG_ZERO: False FLAG_LT: 1 FLAG_GT: 0
INPUT_PORT:  []
OUT_PORT:  []
DATA_MEM:  [241, 112]
---------------------------------------
DEBUG    root:machine.py:309 CMP 0
TICK: 11657 PC:   7 ADDR:   0 MEM_OUT: 241 ACC: 1 BUFF: 241 DC: 0 FLAG_ZERO: False FLAG_LT: 1 FLAG_GT: 0
INPUT_PORT:  []
OUT_PORT:  []
DATA_MEM:  [241, 112]
---------------------------------------
DEBUG    root:machine.py:309 JE 14
TICK: 11660 PC:   8 ADDR:   0 MEM_OUT: 241 ACC: 1 BUFF: 241 DC: 0 FLAG_ZERO: False FLAG_LT: 0 FLAG_GT: 1
INPUT_PORT:  []
OUT_PORT:  []
DATA_MEM:  [241, 112]
---------------------------------------
DEBUG    root:machine.py:309 LD 0
TICK: 11663 PC:   9 ADDR:   0 MEM_OUT: 241 ACC: 1 BUFF: 241 DC: 0 FLAG_ZERO: False FLAG_LT: 0 FLAG_GT: 1
INPUT_PORT:  []
OUT_PORT:  []
DATA_MEM:  [241, 112]
---------------------------------------
DEBUG    root:machine.py:309 MOD 5
TICK: 11667 PC:  10 ADDR:   0 MEM_OUT: 241 ACC: 241 BUFF: 241 DC: 0 FLAG_ZERO: False FLAG_LT: 0 FLAG_GT: 1
INPUT_PORT:  []
OUT_PORT:  []
DATA_MEM:  [241, 112]
---------------------------------------
DEBUG    root:machine.py:309 CMP 0
TICK: 11671 PC:  11 ADDR:   0 MEM_OUT: 241 ACC: 1 BUFF: 241 DC: 0 FLAG_ZERO: False FLAG_LT: 0 FLAG_GT: 1
INPUT_PORT:  []
OUT_PORT:  []
DATA_MEM:  [241, 112]
---------------------------------------
DEBUG    root:machine.py:309 JE 18
TICK: 11674 PC:  12 ADDR:   0 MEM_OUT: 241 ACC: 1 BUFF: 241 DC: 0 FLAG_ZERO: False FLAG_LT: 0 FLAG_GT: 1
INPUT_PORT:  []
OUT_PORT:  []
DATA_MEM:  [241, 112]
---------------------------------------
DEBUG    root:machine.py:309 JMP 0
TICK: 11677 PC:  13 ADDR:   0 MEM_OUT: 241 ACC: 1 BUFF: 241 DC: 0 FLAG_ZERO: False FLAG_LT: 0 FLAG_GT: 1
INPUT_PORT:  []
OUT_PORT:  []
DATA_MEM:  [241, 112]
---------------------------------------
DEBUG    root:machine.py:309 LD 0
TICK: 11680 PC:   0 ADDR:   0 MEM_OUT: 241 ACC: 1 BUFF: 241 DC: 0 FLAG_ZERO: False FLAG_LT: 0 FLAG_GT: 1
INPUT_PORT:  []
OUT_PORT:  []
DATA_MEM:  [241, 112]
---------------------------------------
DEBUG    root:machine.py:309 INC 
TICK: 11684 PC:   1 ADDR:   0 MEM_OUT: 241 ACC: 241 BUFF: 241 DC: 0 FLAG_ZERO: False FLAG_LT: 0 FLAG_GT: 1
INPUT_PORT:  []
OUT_PORT:  []
DATA_MEM:  [241, 112]
---------------------------------------
DEBUG    root:machine.py:309 ST 0
TICK: 11687 PC:   2 ADDR:   0 MEM_OUT: 241 ACC: 242 BUFF: 241 DC: 0 FLAG_ZERO: False FLAG_LT: 0 FLAG_GT: 1
INPUT_PORT:  []
OUT_PORT:  []
DATA_MEM:  [241, 112]
---------------------------------------
DEBUG    root:machine.py:309 CMP 1000
TICK: 11691 PC:   3 ADDR:   0 MEM_OUT: 242 ACC: 242 BUFF: 241 DC: 0 FLAG_ZERO: False FLAG_LT: 0 FLAG_GT: 1
INPUT_PORT:  []
OUT_PORT:  []
DATA_MEM:  [242, 112]
---------------------------------------
DEBUG    root:machine.py:309 JGE 22
TICK: 11694 PC:   4 ADDR:   0 MEM_OUT: 242 ACC: 242 BUFF: 241 DC: 0 FLAG_ZERO: False FLAG_LT: 1 FLAG_GT: 0
INPUT_PORT:  []
OUT_PORT:  []
DATA_MEM:  [242, 112]
---------------------------------------
DEBUG    root:machine.py:309 LD 0
TICK: 11697 PC:   5 ADDR:   0 MEM_OUT: 242 ACC: 242 BUFF: 241 DC: 0 FLAG_ZERO: False FLAG_LT: 1 FLAG_GT: 0
INPUT_PORT:  []
OUT_PORT:  []
DATA_MEM:  [242, 112]
---------------------------------------
DEBUG    root:machine.py:309 MOD 3
TICK: 11701 PC:   6 ADDR:   0 MEM_OUT: 242 ACC: 242 BUFF: 241 DC: 0 FLAG_ZERO: False FLAG_LT: 1 FLAG_GT: 0
INPUT_PORT:  []
OUT_PORT:  []
DATA_MEM:  [242, 112]
---------------------------------------
DEBUG    root:machine.py:309 CMP 0
TICK: 11705 PC:   7 ADDR:   0 MEM_OUT: 242 ACC: 2 BUFF: 242 DC: 0 FLAG_ZERO: False FLAG_LT: 1 FLAG_GT: 0
INPUT_PORT:  []
OUT_PORT:  []
DATA_MEM:  [242, 112]
---------------------------------------
DEBUG    root:machine.py:309 JE 14
TICK: 11708 PC:   8 ADDR:   0 MEM_OUT: 242 ACC: 2 BUFF: 242 DC: 0 FLAG_ZERO: False FLAG_LT: 0 FLAG_GT: 1
INPUT_PORT:  []
OUT_PORT:  []
DATA_MEM:  [242, 112]
---------------------------------------
DEBUG    root:machine.py:309 LD 0
TICK: 11711 PC:   9 ADDR:   0 MEM_OUT: 242 ACC: 2 BUFF: 242 DC: 0 FLAG_ZERO: False FLAG_LT: 0 FLAG_GT: 1
INPUT_PORT:  []
OUT_PORT:  []
DATA_MEM:  [242, 112]
---------------------------------------
DEBUG    root:machine.py:309 MOD 5
TICK: 11715 PC:  10 ADDR:   0 MEM_OUT: 242 ACC: 242 BUFF: 242 DC: 0 FLAG_ZERO: False FLAG_LT: 0 FLAG_GT: 1
INPUT_PORT:  []
OUT_PORT:  []
DATA_MEM:  [242, 112]
---------------------------------------
DEBUG    root:machine.py:309 CMP 0
TICK: 11719 PC:  11 ADDR:   0 MEM_OUT: 242 ACC: 2 BUFF: 242 DC: 0 FLAG_ZERO: False FLAG_LT: 0 FLAG_GT: 1
INPUT_PORT:  []
OUT_PORT:  []
DATA_MEM:  [242, 112]
---------------------------------------
DEBUG    root:machine.py:309 JE 18
TICK: 11722 PC:  12 ADDR:   0 MEM_OUT: 242 ACC: 2 BUFF: 242 DC: 0 FLAG_ZERO: False FLAG_LT: 0 FLAG_GT: 1
INPUT_PORT:  []
OUT_PORT:  []
DATA_MEM:  [242, 112]
---------------------------------------
DEBUG    root:machine.py:309 JMP 0
TICK: 11725 PC:  13 ADDR:   0 MEM_OUT: 242 ACC: 2 BUFF: 242 DC: 0 FLAG_ZERO: False FLAG_LT: 0 FLAG_GT: 1
INPUT_PORT:  []
OUT_PORT:  []
DATA_MEM:  [242, 112]
---------------------------------------
DEBUG    root:machine.py:309 LD 0
TICK: 11728 PC:   0 ADDR:   0 MEM_OUT: 242 ACC: 2 BUFF: 242 DC: 0 FLAG_ZERO: False FLAG_LT: 0 FLAG_GT: 1
INPUT_PORT:  []
OUT_PORT:  []
DATA_MEM:  [242, 112]
---------------------------------------
DEBUG    root:machine.py:309 INC 
TICK: 11732 PC:   1 ADDR:   0 MEM_OUT: 242 ACC: 242 BUFF: 242 DC: 0 FLAG_ZERO: False FLAG_LT: 0 FLAG_GT: 1
INPUT_PORT:  []
OUT_PORT:  []
DATA_MEM:  [242, 112]
---------------------------------------
DEBUG    root:machine.py:309 ST 0
TICK: 11735 PC:   2 ADDR:   0 MEM_OUT: 242 ACC: 243 BUFF: 242 DC: 0 FLAG_ZERO: False FLAG_LT: 0 FLAG_GT: 1
INPUT_PORT:  []
OUT_PORT:  []
DATA_MEM:  [242, 112]
---------------------------------------
DEBUG    root:machine.py:309 CMP 1000
TICK: 11739 PC:   3 ADDR:   0 MEM_OUT: 243 ACC: 243 BUFF: 242 DC: 0 FLAG_ZERO: False FLAG_LT: 0 FLAG_GT: 1
INPUT_PORT:  []
OUT_PORT:  []
DATA_MEM:  [243, 112]
---------------------------------------
DEBUG    root:machine.py:309 JGE 22
TICK: 11742 PC:   4 ADDR:   0 MEM_OUT: 243 ACC: 243 BUFF: 242 DC: 0 FLAG_ZERO: False FLAG_LT: 1 FLAG_GT: 0
INPUT_PORT:  []
OUT_PORT:  []
DATA_MEM:  [243, 112]
---------------------------------------
DEBUG    root:machine.py:309 LD 0
TICK: 11745 PC:   5 ADDR:   0 MEM_OUT: 243 ACC: 243 BUFF: 242 DC: 0 FLAG_ZERO: False FLAG_LT: 1 FLAG_GT: 0
INPUT_PORT:  []
OUT_PORT:  []
DATA_MEM:  [243, 112]
---------------------------------------
DEBUG    root:machine.py:309 MOD 3
TICK: 11749 PC:   6 ADDR:   0 MEM_OUT: 243 ACC: 243 BUFF: 242 DC: 0 FLAG_ZERO: False FLAG_LT: 1 FLAG_GT: 0
INPUT_PORT:  []
OUT_PORT:  []
DATA_MEM:  [243, 112]
---------------------------------------
DEBUG    root:machine.py:309 CMP 0
TICK: 11753 PC:   7 ADDR:   0 MEM_OUT: 243 ACC: 0 BUFF: 243 DC: 0 FLAG_ZERO: False FLAG_LT: 1 FLAG_GT: 0
INPUT_PORT:  []
OUT_PORT:  []
DATA_MEM:  [243, 112]
---------------------------------------
DEBUG    root:machine.py:309 JE 14
TICK: 11756 PC:   8 ADDR:   0 MEM_OUT: 243 ACC: 0 BUFF: 243 DC: 0 FLAG_ZERO: True FLAG_LT: 0 FLAG_GT: 0
INPUT_PORT:  []
OUT_PORT:  []
DATA_MEM:  [243, 112]
---------------------------------------
DEBUG    root:machine.py:309 LD 4
TICK: 11759 PC:  14 ADDR:   0 MEM_OUT: 243 ACC: 0 BUFF: 243 DC: 0 FLAG_ZERO: True FLAG_LT: 0 FLAG_GT: 0
INPUT_PORT:  []
OUT_PORT:  []
DATA_MEM:  [243, 112]
---------------------------------------
DEBUG    root:machine.py:309 INC 
TICK: 11763 PC:  15 ADDR:   1 MEM_OUT: 112 ACC: 112 BUFF: 243 DC: 0 FLAG_ZERO: True FLAG_LT: 0 FLAG_GT: 0
INPUT_PORT:  []
OUT_PORT:  []
DATA_MEM:  [243, 112]
---------------------------------------
DEBUG    root:machine.py:309 ST 4
TICK: 11766 PC:  16 ADDR:   1 MEM_OUT: 112 ACC: 113 BUFF: 243 DC: 0 FLAG_ZERO: True FLAG_LT: 0 FLAG_GT: 0
INPUT_PORT:  []
OUT_PORT:  []
DATA_MEM:  [243, 112]
---------------------------------------
DEBUG    root:machine.py:309 JMP 0
TICK: 11770 PC:  17 ADDR:   1 MEM_OUT: 113 ACC: 113 BUFF: 243 DC: 0 FLAG_ZERO: True FLAG_LT: 0 FLAG_GT: 0
INPUT_PORT:  []
OUT_PORT:  []
DATA_MEM:  [243, 113]
---------------------------------------
DEBUG    root:machine.py:309 LD 0
TICK: 11773 PC:   0 ADDR:   1 MEM_OUT: 113 ACC: 113 BUFF: 243 DC: 0 FLAG_ZERO: True FLAG_LT: 0 FLAG_GT: 0
INPUT_PORT:  []
OUT_PORT:  []
DATA_MEM:  [243, 113]
---------------------------------------
DEBUG    root:machine.py:309 INC 
TICK: 11777 PC:   1 ADDR:   0 MEM_OUT: 243 ACC: 243 BUFF: 243 DC: 0 FLAG_ZERO: True FLAG_LT: 0 FLAG_GT: 0
INPUT_PORT:  []
OUT_PORT:  []
DATA_MEM:  [243, 113]
---------------------------------------
DEBUG    root:machine.py:309 ST 0
TICK: 11780 PC:   2 ADDR:   0 MEM_OUT: 243 ACC: 244 BUFF: 243 DC: 0 FLAG_ZERO: True FLAG_LT: 0 FLAG_GT: 0
INPUT_PORT:  []
OUT_PORT:  []
DATA_MEM:  [243, 113]
---------------------------------------
DEBUG    root:machine.py:309 CMP 1000
TICK: 11784 PC:   3 ADDR:   0 MEM_OUT: 244 ACC: 244 BUFF: 243 DC: 0 FLAG_ZERO: True FLAG_LT: 0 FLAG_GT: 0
INPUT_PORT:  []
OUT_PORT:  []
DATA_MEM:  [244, 113]
---------------------------------------
DEBUG    root:machine.py:309 JGE 22
TICK: 11787 PC:   4 ADDR:   0 MEM_OUT: 244 ACC: 244 BUFF: 243 DC: 0 FLAG_ZERO: False FLAG_LT: 1 FLAG_GT: 0
INPUT_PORT:  []
OUT_PORT:  []
DATA_MEM:  [244, 113]
---------------------------------------
DEBUG    root:machine.py:309 LD 0
TICK: 11790 PC:   5 ADDR:   0 MEM_OUT: 244 ACC: 244 BUFF: 243 DC: 0 FLAG_ZERO: False FLAG_LT: 1 FLAG_GT: 0
INPUT_PORT:  []
OUT_PORT:  []
DATA_MEM:  [244, 113]
---------------------------------------
DEBUG    root:machine.py:309 MOD 3
TICK: 11794 PC:   6 ADDR:   0 MEM_OUT: 244 ACC: 244 BUFF: 243 DC: 0 FLAG_ZERO: False FLAG_LT: 1 FLAG_GT: 0
INPUT_PORT:  []
OUT_PORT:  []
DATA_MEM:  [244, 113]
---------------------------------------
DEBUG    root:machine.py:309 CMP 0
TICK: 11798 PC:   7 ADDR:   0 MEM_OUT: 244 ACC: 1 BUFF: 244 DC: 0 FLAG_ZERO: False FLAG_LT: 1 FLAG_GT: 0
INPUT_PORT:  []
OUT_PORT:  []
DATA_MEM:  [244, 113]
---------------------------------------
DEBUG    root:machine.py:309 JE 14
TICK: 11801 PC:   8 ADDR:   0 MEM_OUT: 244 ACC: 1 BUFF: 244 DC: 0 FLAG_ZERO: False FLAG_LT: 0 FLAG_GT: 1
INPUT_PORT:  []
OUT_PORT:  []
DATA_MEM:  [244, 113]
---------------------------------------
DEBUG    root:machine.py:309 LD 0
TICK: 11804 PC:   9 ADDR:   0 MEM_OUT: 244 ACC: 1 BUFF: 244 DC: 0 FLAG_ZERO: False FLAG_LT: 0 FLAG_GT: 1
INPUT_PORT:  []
OUT_PORT:  []
DATA_MEM:  [244, 113]
---------------------------------------
DEBUG    root:machine.py:309 MOD 5
TICK: 11808 PC:  10 ADDR:   0 MEM_OUT: 244 ACC: 244 BUFF: 244 DC: 0 FLAG_ZERO: False FLAG_LT: 0 FLAG_GT: 1
INPUT_PORT:  []
OUT_PORT:  []
DATA_MEM:  [244, 113]
---------------------------------------
DEBUG    root:machine.py:309 CMP 0
TICK: 11812 PC:  11 ADDR:   0 MEM_OUT: 244 ACC: 4 BUFF: 244 DC: 0 FLAG_ZERO: False FLAG_LT: 0 FLAG_GT: 1
INPUT_PORT:  []
OUT_PORT:  []
DATA_MEM:  [244, 113]
---------------------------------------
DEBUG    root:machine.py:309 JE 18
TICK: 11815 PC:  12 ADDR:   0 MEM_OUT: 244 ACC: 4 BUFF: 244 DC: 0 FLAG_ZERO: False FLAG_LT: 0 FLAG_GT: 1
INPUT_PORT:  []
OUT_PORT:  []
DATA_MEM:  [244, 113]
---------------------------------------
DEBUG    root:machine.py:309 JMP 0
TICK: 11818 PC:  13 ADDR:   0 MEM_OUT: 244 ACC: 4 BUFF: 244 DC: 0 FLAG_ZERO: False FLAG_LT: 0 FLAG_GT: 1
INPUT_PORT:  []
OUT_PORT:  []
DATA_MEM:  [244, 113]
---------------------------------------
DEBUG    root:machine.py:309 LD 0
TICK: 11821 PC:   0 ADDR:   0 MEM_OUT: 244 ACC: 4 BUFF: 244 DC: 0 FLAG_ZERO: False FLAG_LT: 0 FLAG_GT: 1
INPUT_PORT:  []
OUT_PORT:  []
DATA_MEM:  [244, 113]
---------------------------------------
DEBUG    root:machine.py:309 INC 
TICK: 11825 PC:   1 ADDR:   0 MEM_OUT: 244 ACC: 244 BUFF: 244 DC: 0 FLAG_ZERO: False FLAG_LT: 0 FLAG_GT: 1
INPUT_PORT:  []
OUT_PORT:  []
DATA_MEM:  [244, 113]
---------------------------------------
DEBUG    root:machine.py:309 ST 0
TICK: 11828 PC:   2 ADDR:   0 MEM_OUT: 244 ACC: 245 BUFF: 244 DC: 0 FLAG_ZERO: False FLAG_LT: 0 FLAG_GT: 1
INPUT_PORT:  []
OUT_PORT:  []
DATA_MEM:  [244, 113]
---------------------------------------
DEBUG    root:machine.py:309 CMP 1000
TICK: 11832 PC:   3 ADDR:   0 MEM_OUT: 245 ACC: 245 BUFF: 244 DC: 0 FLAG_ZERO: False FLAG_LT: 0 FLAG_GT: 1
INPUT_PORT:  []
OUT_PORT:  []
DATA_MEM:  [245, 113]
---------------------------------------
DEBUG    root:machine.py:309 JGE 22
TICK: 11835 PC:   4 ADDR:   0 MEM_OUT: 245 ACC: 245 BUFF: 244 DC: 0 FLAG_ZERO: False FLAG_LT: 1 FLAG_GT: 0
INPUT_PORT:  []
OUT_PORT:  []
DATA_MEM:  [245, 113]
---------------------------------------
DEBUG    root:machine.py:309 LD 0
TICK: 11838 PC:   5 ADDR:   0 MEM_OUT: 245 ACC: 245 BUFF: 244 DC: 0 FLAG_ZERO: False FLAG_LT: 1 FLAG_GT: 0
INPUT_PORT:  []
OUT_PORT:  []
DATA_MEM:  [245, 113]
---------------------------------------
DEBUG    root:machine.py:309 MOD 3
TICK: 11842 PC:   6 ADDR:   0 MEM_OUT: 245 ACC: 245 BUFF: 244 DC: 0 FLAG_ZERO: False FLAG_LT: 1 FLAG_GT: 0
INPUT_PORT:  []
OUT_PORT:  []
DATA_MEM:  [245, 113]
---------------------------------------
DEBUG    root:machine.py:309 CMP 0
TICK: 11846 PC:   7 ADDR:   0 MEM_OUT: 245 ACC: 2 BUFF: 245 DC: 0 FLAG_ZERO: False FLAG_LT: 1 FLAG_GT: 0
INPUT_PORT:  []
OUT_PORT:  []
DATA_MEM:  [245, 113]
---------------------------------------
DEBUG    root:machine.py:309 JE 14
TICK: 11849 PC:   8 ADDR:   0 MEM_OUT: 245 ACC: 2 BUFF: 245 DC: 0 FLAG_ZERO: False FLAG_LT: 0 FLAG_GT: 1
INPUT_PORT:  []
OUT_PORT:  []
DATA_MEM:  [245, 113]
---------------------------------------
DEBUG    root:machine.py:309 LD 0
TICK: 11852 PC:   9 ADDR:   0 MEM_OUT: 245 ACC: 2 BUFF: 245 DC: 0 FLAG_ZERO: False FLAG_LT: 0 FLAG_GT: 1
INPUT_PORT:  []
OUT_PORT:  []
DATA_MEM:  [245, 113]
---------------------------------------
DEBUG    root:machine.py:309 MOD 5
TICK: 11856 PC:  10 ADDR:   0 MEM_OUT: 245 ACC: 245 BUFF: 245 DC: 0 FLAG_ZERO: False FLAG_LT: 0 FLAG_GT: 1
INPUT_PORT:  []
OUT_PORT:  []
DATA_MEM:  [245, 113]
---------------------------------------
DEBUG    root:machine.py:309 CMP 0
TICK: 11860 PC:  11 ADDR:   0 MEM_OUT: 245 ACC: 0 BUFF: 245 DC: 0 FLAG_ZERO: False FLAG_LT: 0 FLAG_GT: 1
INPUT_PORT:  []
OUT_PORT:  []
DATA_MEM:  [245, 113]
---------------------------------------
DEBUG    root:machine.py:309 JE 18
TICK: 11863 PC:  12 ADDR:   0 MEM_OUT: 245 ACC: 0 BUFF: 245 DC: 0 FLAG_ZERO: True FLAG_LT: 0 FLAG_GT: 0
INPUT_PORT:  []
OUT_PORT:  []
DATA_MEM:  [245, 113]
---------------------------------------
DEBUG    root:machine.py:309 LD 4
TICK: 11866 PC:  18 ADDR:   0 MEM_OUT: 245 ACC: 0 BUFF: 245 DC: 0 FLAG_ZERO: True FLAG_LT: 0 FLAG_GT: 0
INPUT_PORT:  []
OUT_PORT:  []
DATA_MEM:  [245, 113]
---------------------------------------
DEBUG    root:machine.py:309 INC 
TICK: 11870 PC:  19 ADDR:   1 MEM_OUT: 113 ACC: 113 BUFF: 245 DC: 0 FLAG_ZERO: True FLAG_LT: 0 FLAG_GT: 0
INPUT_PORT:  []
OUT_PORT:  []
DATA_MEM:  [245, 113]
---------------------------------------
DEBUG    root:machine.py:309 ST 4
TICK: 11873 PC:  20 ADDR:   1 MEM_OUT: 113 ACC: 114 BUFF: 245 DC: 0 FLAG_ZERO: True FLAG_LT: 0 FLAG_GT: 0
INPUT_PORT:  []
OUT_PORT:  []
DATA_MEM:  [245, 113]
---------------------------------------
DEBUG    root:machine.py:309 JMP 0
TICK: 11877 PC:  21 ADDR:   1 MEM_OUT: 114 ACC: 114 BUFF: 245 DC: 0 FLAG_ZERO: True FLAG_LT: 0 FLAG_GT: 0
INPUT_PORT:  []
OUT_PORT:  []
DATA_MEM:  [245, 114]
---------------------------------------
DEBUG    root:machine.py:309 LD 0
TICK: 11880 PC:   0 ADDR:   1 MEM_OUT: 114 ACC: 114 BUFF: 245 DC: 0 FLAG_ZERO: True FLAG_LT: 0 FLAG_GT: 0
INPUT_PORT:  []
OUT_PORT:  []
DATA_MEM:  [245, 114]
---------------------------------------
DEBUG    root:machine.py:309 INC 
TICK: 11884 PC:   1 ADDR:   0 MEM_OUT: 245 ACC: 245 BUFF: 245 DC: 0 FLAG_ZERO: True FLAG_LT: 0 FLAG_GT: 0
INPUT_PORT:  []
OUT_PORT:  []
DATA_MEM:  [245, 114]
---------------------------------------
DEBUG    root:machine.py:309 ST 0
TICK: 11887 PC:   2 ADDR:   0 MEM_OUT: 245 ACC: 246 BUFF: 245 DC: 0 FLAG_ZERO: True FLAG_LT: 0 FLAG_GT: 0
INPUT_PORT:  []
OUT_PORT:  []
DATA_MEM:  [245, 114]
---------------------------------------
DEBUG    root:machine.py:309 CMP 1000
TICK: 11891 PC:   3 ADDR:   0 MEM_OUT: 246 ACC: 246 BUFF: 245 DC: 0 FLAG_ZERO: True FLAG_LT: 0 FLAG_GT: 0
INPUT_PORT:  []
OUT_PORT:  []
DATA_MEM:  [246, 114]
---------------------------------------
DEBUG    root:machine.py:309 JGE 22
TICK: 11894 PC:   4 ADDR:   0 MEM_OUT: 246 ACC: 246 BUFF: 245 DC: 0 FLAG_ZERO: False FLAG_LT: 1 FLAG_GT: 0
INPUT_PORT:  []
OUT_PORT:  []
DATA_MEM:  [246, 114]
---------------------------------------
DEBUG    root:machine.py:309 LD 0
TICK: 11897 PC:   5 ADDR:   0 MEM_OUT: 246 ACC: 246 BUFF: 245 DC: 0 FLAG_ZERO: False FLAG_LT: 1 FLAG_GT: 0
INPUT_PORT:  []
OUT_PORT:  []
DATA_MEM:  [246, 114]
---------------------------------------
DEBUG    root:machine.py:309 MOD 3
TICK: 11901 PC:   6 ADDR:   0 MEM_OUT: 246 ACC: 246 BUFF: 245 DC: 0 FLAG_ZERO: False FLAG_LT: 1 FLAG_GT: 0
INPUT_PORT:  []
OUT_PORT:  []
DATA_MEM:  [246, 114]
---------------------------------------
DEBUG    root:machine.py:309 CMP 0
TICK: 11905 PC:   7 ADDR:   0 MEM_OUT: 246 ACC: 0 BUFF: 246 DC: 0 FLAG_ZERO: False FLAG_LT: 1 FLAG_GT: 0
INPUT_PORT:  []
OUT_PORT:  []
DATA_MEM:  [246, 114]
---------------------------------------
DEBUG    root:machine.py:309 JE 14
TICK: 11908 PC:   8 ADDR:   0 MEM_OUT: 246 ACC: 0 BUFF: 246 DC: 0 FLAG_ZERO: True FLAG_LT: 0 FLAG_GT: 0
INPUT_PORT:  []
OUT_PORT:  []
DATA_MEM:  [246, 114]
---------------------------------------
DEBUG    root:machine.py:309 LD 4
TICK: 11911 PC:  14 ADDR:   0 MEM_OUT: 246 ACC: 0 BUFF: 246 DC: 0 FLAG_ZERO: True FLAG_LT: 0 FLAG_GT: 0
INPUT_PORT:  []
OUT_PORT:  []
DATA_MEM:  [246, 114]
---------------------------------------
DEBUG    root:machine.py:309 INC 
TICK: 11915 PC:  15 ADDR:   1 MEM_OUT: 114 ACC: 114 BUFF: 246 DC: 0 FLAG_ZERO: True FLAG_LT: 0 FLAG_GT: 0
INPUT_PORT:  []
OUT_PORT:  []
DATA_MEM:  [246, 114]
---------------------------------------
DEBUG    root:machine.py:309 ST 4
TICK: 11918 PC:  16 ADDR:   1 MEM_OUT: 114 ACC: 115 BUFF: 246 DC: 0 FLAG_ZERO: True FLAG_LT: 0 FLAG_GT: 0
INPUT_PORT:  []
OUT_PORT:  []
DATA_MEM:  [246, 114]
---------------------------------------
DEBUG    root:machine.py:309 JMP 0
TICK: 11922 PC:  17 ADDR:   1 MEM_OUT: 115 ACC: 115 BUFF: 246 DC: 0 FLAG_ZERO: True FLAG_LT: 0 FLAG_GT: 0
INPUT_PORT:  []
OUT_PORT:  []
DATA_MEM:  [246, 115]
---------------------------------------
DEBUG    root:machine.py:309 LD 0
TICK: 11925 PC:   0 ADDR:   1 MEM_OUT: 115 ACC: 115 BUFF: 246 DC: 0 FLAG_ZERO: True FLAG_LT: 0 FLAG_GT: 0
INPUT_PORT:  []
OUT_PORT:  []
DATA_MEM:  [246, 115]
---------------------------------------
DEBUG    root:machine.py:309 INC 
TICK: 11929 PC:   1 ADDR:   0 MEM_OUT: 246 ACC: 246 BUFF: 246 DC: 0 FLAG_ZERO: True FLAG_LT: 0 FLAG_GT: 0
INPUT_PORT:  []
OUT_PORT:  []
DATA_MEM:  [246, 115]
---------------------------------------
DEBUG    root:machine.py:309 ST 0
TICK: 11932 PC:   2 ADDR:   0 MEM_OUT: 246 ACC: 247 BUFF: 246 DC: 0 FLAG_ZERO: True FLAG_LT: 0 FLAG_GT: 0
INPUT_PORT:  []
OUT_PORT:  []
DATA_MEM:  [246, 115]
---------------------------------------
DEBUG    root:machine.py:309 CMP 1000
TICK: 11936 PC:   3 ADDR:   0 MEM_OUT: 247 ACC: 247 BUFF: 246 DC: 0 FLAG_ZERO: True FLAG_LT: 0 FLAG_GT: 0
INPUT_PORT:  []
OUT_PORT:  []
DATA_MEM:  [247, 115]
---------------------------------------
DEBUG    root:machine.py:309 JGE 22
TICK: 11939 PC:   4 ADDR:   0 MEM_OUT: 247 ACC: 247 BUFF: 246 DC: 0 FLAG_ZERO: False FLAG_LT: 1 FLAG_GT: 0
INPUT_PORT:  []
OUT_PORT:  []
DATA_MEM:  [247, 115]
---------------------------------------
DEBUG    root:machine.py:309 LD 0
TICK: 11942 PC:   5 ADDR:   0 MEM_OUT: 247 ACC: 247 BUFF: 246 DC: 0 FLAG_ZERO: False FLAG_LT: 1 FLAG_GT: 0
INPUT_PORT:  []
OUT_PORT:  []
DATA_MEM:  [247, 115]
---------------------------------------
DEBUG    root:machine.py:309 MOD 3
TICK: 11946 PC:   6 ADDR:   0 MEM_OUT: 247 ACC: 247 BUFF: 246 DC: 0 FLAG_ZERO: False FLAG_LT: 1 FLAG_GT: 0
INPUT_PORT:  []
OUT_PORT:  []
DATA_MEM:  [247, 115]
---------------------------------------
DEBUG    root:machine.py:309 CMP 0
TICK: 11950 PC:   7 ADDR:   0 MEM_OUT: 247 ACC: 1 BUFF: 247 DC: 0 FLAG_ZERO: False FLAG_LT: 1 FLAG_GT: 0
INPUT_PORT:  []
OUT_PORT:  []
DATA_MEM:  [247, 115]
---------------------------------------
DEBUG    root:machine.py:309 JE 14
TICK: 11953 PC:   8 ADDR:   0 MEM_OUT: 247 ACC: 1 BUFF: 247 DC: 0 FLAG_ZERO: False FLAG_LT: 0 FLAG_GT: 1
INPUT_PORT:  []
OUT_PORT:  []
DATA_MEM:  [247, 115]
---------------------------------------
DEBUG    root:machine.py:309 LD 0
TICK: 11956 PC:   9 ADDR:   0 MEM_OUT: 247 ACC: 1 BUFF: 247 DC: 0 FLAG_ZERO: False FLAG_LT: 0 FLAG_GT: 1
INPUT_PORT:  []
OUT_PORT:  []
DATA_MEM:  [247, 115]
---------------------------------------
DEBUG    root:machine.py:309 MOD 5
TICK: 11960 PC:  10 ADDR:   0 MEM_OUT: 247 ACC: 247 BUFF: 247 DC: 0 FLAG_ZERO: False FLAG_LT: 0 FLAG_GT: 1
INPUT_PORT:  []
OUT_PORT:  []
DATA_MEM:  [247, 115]
---------------------------------------
DEBUG    root:machine.py:309 CMP 0
TICK: 11964 PC:  11 ADDR:   0 MEM_OUT: 247 ACC: 2 BUFF: 247 DC: 0 FLAG_ZERO: False FLAG_LT: 0 FLAG_GT: 1
INPUT_PORT:  []
OUT_PORT:  []
DATA_MEM:  [247, 115]
---------------------------------------
DEBUG    root:machine.py:309 JE 18
TICK: 11967 PC:  12 ADDR:   0 MEM_OUT: 247 ACC: 2 BUFF: 247 DC: 0 FLAG_ZERO: False FLAG_LT: 0 FLAG_GT: 1
INPUT_PORT:  []
OUT_PORT:  []
DATA_MEM:  [247, 115]
---------------------------------------
DEBUG    root:machine.py:309 JMP 0
TICK: 11970 PC:  13 ADDR:   0 MEM_OUT: 247 ACC: 2 BUFF: 247 DC: 0 FLAG_ZERO: False FLAG_LT: 0 FLAG_GT: 1
INPUT_PORT:  []
OUT_PORT:  []
DATA_MEM:  [247, 115]
---------------------------------------
DEBUG    root:machine.py:309 LD 0
TICK: 11973 PC:   0 ADDR:   0 MEM_OUT: 247 ACC: 2 BUFF: 247 DC: 0 FLAG_ZERO: False FLAG_LT: 0 FLAG_GT: 1
INPUT_PORT:  []
OUT_PORT:  []
DATA_MEM:  [247, 115]
---------------------------------------
DEBUG    root:machine.py:309 INC 
TICK: 11977 PC:   1 ADDR:   0 MEM_OUT: 247 ACC: 247 BUFF: 247 DC: 0 FLAG_ZERO: False FLAG_LT: 0 FLAG_GT: 1
INPUT_PORT:  []
OUT_PORT:  []
DATA_MEM:  [247, 115]
---------------------------------------
DEBUG    root:machine.py:309 ST 0
TICK: 11980 PC:   2 ADDR:   0 MEM_OUT: 247 ACC: 248 BUFF: 247 DC: 0 FLAG_ZERO: False FLAG_LT: 0 FLAG_GT: 1
INPUT_PORT:  []
OUT_PORT:  []
DATA_MEM:  [247, 115]
---------------------------------------
DEBUG    root:machine.py:309 CMP 1000
TICK: 11984 PC:   3 ADDR:   0 MEM_OUT: 248 ACC: 248 BUFF: 247 DC: 0 FLAG_ZERO: False FLAG_LT: 0 FLAG_GT: 1
INPUT_PORT:  []
OUT_PORT:  []
DATA_MEM:  [248, 115]
---------------------------------------
DEBUG    root:machine.py:309 JGE 22
TICK: 11987 PC:   4 ADDR:   0 MEM_OUT: 248 ACC: 248 BUFF: 247 DC: 0 FLAG_ZERO: False FLAG_LT: 1 FLAG_GT: 0
INPUT_PORT:  []
OUT_PORT:  []
DATA_MEM:  [248, 115]
---------------------------------------
DEBUG    root:machine.py:309 LD 0
TICK: 11990 PC:   5 ADDR:   0 MEM_OUT: 248 ACC: 248 BUFF: 247 DC: 0 FLAG_ZERO: False FLAG_LT: 1 FLAG_GT: 0
INPUT_PORT:  []
OUT_PORT:  []
DATA_MEM:  [248, 115]
---------------------------------------
DEBUG    root:machine.py:309 MOD 3
TICK: 11994 PC:   6 ADDR:   0 MEM_OUT: 248 ACC: 248 BUFF: 247 DC: 0 FLAG_ZERO: False FLAG_LT: 1 FLAG_GT: 0
INPUT_PORT:  []
OUT_PORT:  []
DATA_MEM:  [248, 115]
---------------------------------------
DEBUG    root:machine.py:309 CMP 0
TICK: 11998 PC:   7 ADDR:   0 MEM_OUT: 248 ACC: 2 BUFF: 248 DC: 0 FLAG_ZERO: False FLAG_LT: 1 FLAG_GT: 0
INPUT_PORT:  []
OUT_PORT:  []
DATA_MEM:  [248, 115]
---------------------------------------
DEBUG    root:machine.py:309 JE 14
TICK: 12001 PC:   8 ADDR:   0 MEM_OUT: 248 ACC: 2 BUFF: 248 DC: 0 FLAG_ZERO: False FLAG_LT: 0 FLAG_GT: 1
INPUT_PORT:  []
OUT_PORT:  []
DATA_MEM:  [248, 115]
---------------------------------------
DEBUG    root:machine.py:309 LD 0
TICK: 12004 PC:   9 ADDR:   0 MEM_OUT: 248 ACC: 2 BUFF: 248 DC: 0 FLAG_ZERO: False FLAG_LT: 0 FLAG_GT: 1
INPUT_PORT:  []
OUT_PORT:  []
DATA_MEM:  [248, 115]
---------------------------------------
DEBUG    root:machine.py:309 MOD 5
TICK: 12008 PC:  10 ADDR:   0 MEM_OUT: 248 ACC: 248 BUFF: 248 DC: 0 FLAG_ZERO: False FLAG_LT: 0 FLAG_GT: 1
INPUT_PORT:  []
OUT_PORT:  []
DATA_MEM:  [248, 115]
---------------------------------------
DEBUG    root:machine.py:309 CMP 0
TICK: 12012 PC:  11 ADDR:   0 MEM_OUT: 248 ACC: 3 BUFF: 248 DC: 0 FLAG_ZERO: False FLAG_LT: 0 FLAG_GT: 1
INPUT_PORT:  []
OUT_PORT:  []
DATA_MEM:  [248, 115]
---------------------------------------
DEBUG    root:machine.py:309 JE 18
TICK: 12015 PC:  12 ADDR:   0 MEM_OUT: 248 ACC: 3 BUFF: 248 DC: 0 FLAG_ZERO: False FLAG_LT: 0 FLAG_GT: 1
INPUT_PORT:  []
OUT_PORT:  []
DATA_MEM:  [248, 115]
---------------------------------------
DEBUG    root:machine.py:309 JMP 0
TICK: 12018 PC:  13 ADDR:   0 MEM_OUT: 248 ACC: 3 BUFF: 248 DC: 0 FLAG_ZERO: False FLAG_LT: 0 FLAG_GT: 1
INPUT_PORT:  []
OUT_PORT:  []
DATA_MEM:  [248, 115]
---------------------------------------
DEBUG    root:machine.py:309 LD 0
TICK: 12021 PC:   0 ADDR:   0 MEM_OUT: 248 ACC: 3 BUFF: 248 DC: 0 FLAG_ZERO: False FLAG_LT: 0 FLAG_GT: 1
INPUT_PORT:  []
OUT_PORT:  []
DATA_MEM:  [248, 115]
---------------------------------------
DEBUG    root:machine.py:309 INC 
TICK: 12025 PC:   1 ADDR:   0 MEM_OUT: 248 ACC: 248 BUFF: 248 DC: 0 FLAG_ZERO: False FLAG_LT: 0 FLAG_GT: 1
INPUT_PORT:  []
OUT_PORT:  []
DATA_MEM:  [248, 115]
---------------------------------------
DEBUG    root:machine.py:309 ST 0
TICK: 12028 PC:   2 ADDR:   0 MEM_OUT: 248 ACC: 249 BUFF: 248 DC: 0 FLAG_ZERO: False FLAG_LT: 0 FLAG_GT: 1
INPUT_PORT:  []
OUT_PORT:  []
DATA_MEM:  [248, 115]
---------------------------------------
DEBUG    root:machine.py:309 CMP 1000
TICK: 12032 PC:   3 ADDR:   0 MEM_OUT: 249 ACC: 249 BUFF: 248 DC: 0 FLAG_ZERO: False FLAG_LT: 0 FLAG_GT: 1
INPUT_PORT:  []
OUT_PORT:  []
DATA_MEM:  [249, 115]
---------------------------------------
DEBUG    root:machine.py:309 JGE 22
TICK: 12035 PC:   4 ADDR:   0 MEM_OUT: 249 ACC: 249 BUFF: 248 DC: 0 FLAG_ZERO: False FLAG_LT: 1 FLAG_GT: 0
INPUT_PORT:  []
OUT_PORT:  []
DATA_MEM:  [249, 115]
---------------------------------------
DEBUG    root:machine.py:309 LD 0
TICK: 12038 PC:   5 ADDR:   0 MEM_OUT: 249 ACC: 249 BUFF: 248 DC: 0 FLAG_ZERO: False FLAG_LT: 1 FLAG_GT: 0
INPUT_PORT:  []
OUT_PORT:  []
DATA_MEM:  [249, 115]
---------------------------------------
DEBUG    root:machine.py:309 MOD 3
TICK: 12042 PC:   6 ADDR:   0 MEM_OUT: 249 ACC: 249 BUFF: 248 DC: 0 FLAG_ZERO: False FLAG_LT: 1 FLAG_GT: 0
INPUT_PORT:  []
OUT_PORT:  []
DATA_MEM:  [249, 115]
---------------------------------------
DEBUG    root:machine.py:309 CMP 0
TICK: 12046 PC:   7 ADDR:   0 MEM_OUT: 249 ACC: 0 BUFF: 249 DC: 0 FLAG_ZERO: False FLAG_LT: 1 FLAG_GT: 0
INPUT_PORT:  []
OUT_PORT:  []
DATA_MEM:  [249, 115]
---------------------------------------
DEBUG    root:machine.py:309 JE 14
TICK: 12049 PC:   8 ADDR:   0 MEM_OUT: 249 ACC: 0 BUFF: 249 DC: 0 FLAG_ZERO: True FLAG_LT: 0 FLAG_GT: 0
INPUT_PORT:  []
OUT_PORT:  []
DATA_MEM:  [249, 115]
---------------------------------------
DEBUG    root:machine.py:309 LD 4
TICK: 12052 PC:  14 ADDR:   0 MEM_OUT: 249 ACC: 0 BUFF: 249 DC: 0 FLAG_ZERO: True FLAG_LT: 0 FLAG_GT: 0
INPUT_PORT:  []
OUT_PORT:  []
DATA_MEM:  [249, 115]
---------------------------------------
DEBUG    root:machine.py:309 INC 
TICK: 12056 PC:  15 ADDR:   1 MEM_OUT: 115 ACC: 115 BUFF: 249 DC: 0 FLAG_ZERO: True FLAG_LT: 0 FLAG_GT: 0
INPUT_PORT:  []
OUT_PORT:  []
DATA_MEM:  [249, 115]
---------------------------------------
DEBUG    root:machine.py:309 ST 4
TICK: 12059 PC:  16 ADDR:   1 MEM_OUT: 115 ACC: 116 BUFF: 249 DC: 0 FLAG_ZERO: True FLAG_LT: 0 FLAG_GT: 0
INPUT_PORT:  []
OUT_PORT:  []
DATA_MEM:  [249, 115]
---------------------------------------
DEBUG    root:machine.py:309 JMP 0
TICK: 12063 PC:  17 ADDR:   1 MEM_OUT: 116 ACC: 116 BUFF: 249 DC: 0 FLAG_ZERO: True FLAG_LT: 0 FLAG_GT: 0
INPUT_PORT:  []
OUT_PORT:  []
DATA_MEM:  [249, 116]
---------------------------------------
DEBUG    root:machine.py:309 LD 0
TICK: 12066 PC:   0 ADDR:   1 MEM_OUT: 116 ACC: 116 BUFF: 249 DC: 0 FLAG_ZERO: True FLAG_LT: 0 FLAG_GT: 0
INPUT_PORT:  []
OUT_PORT:  []
DATA_MEM:  [249, 116]
---------------------------------------
DEBUG    root:machine.py:309 INC 
TICK: 12070 PC:   1 ADDR:   0 MEM_OUT: 249 ACC: 249 BUFF: 249 DC: 0 FLAG_ZERO: True FLAG_LT: 0 FLAG_GT: 0
INPUT_PORT:  []
OUT_PORT:  []
DATA_MEM:  [249, 116]
---------------------------------------
DEBUG    root:machine.py:309 ST 0
TICK: 12073 PC:   2 ADDR:   0 MEM_OUT: 249 ACC: 250 BUFF: 249 DC: 0 FLAG_ZERO: True FLAG_LT: 0 FLAG_GT: 0
INPUT_PORT:  []
OUT_PORT:  []
DATA_MEM:  [249, 116]
---------------------------------------
DEBUG    root:machine.py:309 CMP 1000
TICK: 12077 PC:   3 ADDR:   0 MEM_OUT: 250 ACC: 250 BUFF: 249 DC: 0 FLAG_ZERO: True FLAG_LT: 0 FLAG_GT: 0
INPUT_PORT:  []
OUT_PORT:  []
DATA_MEM:  [250, 116]
---------------------------------------
DEBUG    root:machine.py:309 JGE 22
TICK: 12080 PC:   4 ADDR:   0 MEM_OUT: 250 ACC: 250 BUFF: 249 DC: 0 FLAG_ZERO: False FLAG_LT: 1 FLAG_GT: 0
INPUT_PORT:  []
OUT_PORT:  []
DATA_MEM:  [250, 116]
---------------------------------------
DEBUG    root:machine.py:309 LD 0
TICK: 12083 PC:   5 ADDR:   0 MEM_OUT: 250 ACC: 250 BUFF: 249 DC: 0 FLAG_ZERO: False FLAG_LT: 1 FLAG_GT: 0
INPUT_PORT:  []
OUT_PORT:  []
DATA_MEM:  [250, 116]
---------------------------------------
DEBUG    root:machine.py:309 MOD 3
TICK: 12087 PC:   6 ADDR:   0 MEM_OUT: 250 ACC: 250 BUFF: 249 DC: 0 FLAG_ZERO: False FLAG_LT: 1 FLAG_GT: 0
INPUT_PORT:  []
OUT_PORT:  []
DATA_MEM:  [250, 116]
---------------------------------------
DEBUG    root:machine.py:309 CMP 0
TICK: 12091 PC:   7 ADDR:   0 MEM_OUT: 250 ACC: 1 BUFF: 250 DC: 0 FLAG_ZERO: False FLAG_LT: 1 FLAG_GT: 0
INPUT_PORT:  []
OUT_PORT:  []
DATA_MEM:  [250, 116]
---------------------------------------
DEBUG    root:machine.py:309 JE 14
TICK: 12094 PC:   8 ADDR:   0 MEM_OUT: 250 ACC: 1 BUFF: 250 DC: 0 FLAG_ZERO: False FLAG_LT: 0 FLAG_GT: 1
INPUT_PORT:  []
OUT_PORT:  []
DATA_MEM:  [250, 116]
---------------------------------------
DEBUG    root:machine.py:309 LD 0
TICK: 12097 PC:   9 ADDR:   0 MEM_OUT: 250 ACC: 1 BUFF: 250 DC: 0 FLAG_ZERO: False FLAG_LT: 0 FLAG_GT: 1
INPUT_PORT:  []
OUT_PORT:  []
DATA_MEM:  [250, 116]
---------------------------------------
DEBUG    root:machine.py:309 MOD 5
TICK: 12101 PC:  10 ADDR:   0 MEM_OUT: 250 ACC: 250 BUFF: 250 DC: 0 FLAG_ZERO: False FLAG_LT: 0 FLAG_GT: 1
INPUT_PORT:  []
OUT_PORT:  []
DATA_MEM:  [250, 116]
---------------------------------------
DEBUG    root:machine.py:309 CMP 0
TICK: 12105 PC:  11 ADDR:   0 MEM_OUT: 250 ACC: 0 BUFF: 250 DC: 0 FLAG_ZERO: False FLAG_LT: 0 FLAG_GT: 1
INPUT_PORT:  []
OUT_PORT:  []
DATA_MEM:  [250, 116]
---------------------------------------
DEBUG    root:machine.py:309 JE 18
TICK: 12108 PC:  12 ADDR:   0 MEM_OUT: 250 ACC: 0 BUFF: 250 DC: 0 FLAG_ZERO: True FLAG_LT: 0 FLAG_GT: 0
INPUT_PORT:  []
OUT_PORT:  []
DATA_MEM:  [250, 116]
---------------------------------------
DEBUG    root:machine.py:309 LD 4
TICK: 12111 PC:  18 ADDR:   0 MEM_OUT: 250 ACC: 0 BUFF: 250 DC: 0 FLAG_ZERO: True FLAG_LT: 0 FLAG_GT: 0
INPUT_PORT:  []
OUT_PORT:  []
DATA_MEM:  [250, 116]
---------------------------------------
DEBUG    root:machine.py:309 INC 
TICK: 12115 PC:  19 ADDR:   1 MEM_OUT: 116 ACC: 116 BUFF: 250 DC: 0 FLAG_ZERO: True FLAG_LT: 0 FLAG_GT: 0
INPUT_PORT:  []
OUT_PORT:  []
DATA_MEM:  [250, 116]
---------------------------------------
DEBUG    root:machine.py:309 ST 4
TICK: 12118 PC:  20 ADDR:   1 MEM_OUT: 116 ACC: 117 BUFF: 250 DC: 0 FLAG_ZERO: True FLAG_LT: 0 FLAG_GT: 0
INPUT_PORT:  []
OUT_PORT:  []
DATA_MEM:  [250, 116]
---------------------------------------
DEBUG    root:machine.py:309 JMP 0
TICK: 12122 PC:  21 ADDR:   1 MEM_OUT: 117 ACC: 117 BUFF: 250 DC: 0 FLAG_ZERO: True FLAG_LT: 0 FLAG_GT: 0
INPUT_PORT:  []
OUT_PORT:  []
DATA_MEM:  [250, 117]
---------------------------------------
DEBUG    root:machine.py:309 LD 0
TICK: 12125 PC:   0 ADDR:   1 MEM_OUT: 117 ACC: 117 BUFF: 250 DC: 0 FLAG_ZERO: True FLAG_LT: 0 FLAG_GT: 0
INPUT_PORT:  []
OUT_PORT:  []
DATA_MEM:  [250, 117]
---------------------------------------
DEBUG    root:machine.py:309 INC 
TICK: 12129 PC:   1 ADDR:   0 MEM_OUT: 250 ACC: 250 BUFF: 250 DC: 0 FLAG_ZERO: True FLAG_LT: 0 FLAG_GT: 0
INPUT_PORT:  []
OUT_PORT:  []
DATA_MEM:  [250, 117]
---------------------------------------
DEBUG    root:machine.py:309 ST 0
TICK: 12132 PC:   2 ADDR:   0 MEM_OUT: 250 ACC: 251 BUFF: 250 DC: 0 FLAG_ZERO: True FLAG_LT: 0 FLAG_GT: 0
INPUT_PORT:  []
OUT_PORT:  []
DATA_MEM:  [250, 117]
---------------------------------------
DEBUG    root:machine.py:309 CMP 1000
TICK: 12136 PC:   3 ADDR:   0 MEM_OUT: 251 ACC: 251 BUFF: 250 DC: 0 FLAG_ZERO: True FLAG_LT: 0 FLAG_GT: 0
INPUT_PORT:  []
OUT_PORT:  []
DATA_MEM:  [251, 117]
---------------------------------------
DEBUG    root:machine.py:309 JGE 22
TICK: 12139 PC:   4 ADDR:   0 MEM_OUT: 251 ACC: 251 BUFF: 250 DC: 0 FLAG_ZERO: False FLAG_LT: 1 FLAG_GT: 0
INPUT_PORT:  []
OUT_PORT:  []
DATA_MEM:  [251, 117]
---------------------------------------
DEBUG    root:machine.py:309 LD 0
TICK: 12142 PC:   5 ADDR:   0 MEM_OUT: 251 ACC: 251 BUFF: 250 DC: 0 FLAG_ZERO: False FLAG_LT: 1 FLAG_GT: 0
INPUT_PORT:  []
OUT_PORT:  []
DATA_MEM:  [251, 117]
---------------------------------------
DEBUG    root:machine.py:309 MOD 3
TICK: 12146 PC:   6 ADDR:   0 MEM_OUT: 251 ACC: 251 BUFF: 250 DC: 0 FLAG_ZERO: False FLAG_LT: 1 FLAG_GT: 0
INPUT_PORT:  []
OUT_PORT:  []
DATA_MEM:  [251, 117]
---------------------------------------
DEBUG    root:machine.py:309 CMP 0
TICK: 12150 PC:   7 ADDR:   0 MEM_OUT: 251 ACC: 2 BUFF: 251 DC: 0 FLAG_ZERO: False FLAG_LT: 1 FLAG_GT: 0
INPUT_PORT:  []
OUT_PORT:  []
DATA_MEM:  [251, 117]
---------------------------------------
DEBUG    root:machine.py:309 JE 14
TICK: 12153 PC:   8 ADDR:   0 MEM_OUT: 251 ACC: 2 BUFF: 251 DC: 0 FLAG_ZERO: False FLAG_LT: 0 FLAG_GT: 1
INPUT_PORT:  []
OUT_PORT:  []
DATA_MEM:  [251, 117]
---------------------------------------
DEBUG    root:machine.py:309 LD 0
TICK: 12156 PC:   9 ADDR:   0 MEM_OUT: 251 ACC: 2 BUFF: 251 DC: 0 FLAG_ZERO: False FLAG_LT: 0 FLAG_GT: 1
INPUT_PORT:  []
OUT_PORT:  []
DATA_MEM:  [251, 117]
---------------------------------------
DEBUG    root:machine.py:309 MOD 5
TICK: 12160 PC:  10 ADDR:   0 MEM_OUT: 251 ACC: 251 BUFF: 251 DC: 0 FLAG_ZERO: False FLAG_LT: 0 FLAG_GT: 1
INPUT_PORT:  []
OUT_PORT:  []
DATA_MEM:  [251, 117]
---------------------------------------
DEBUG    root:machine.py:309 CMP 0
TICK: 12164 PC:  11 ADDR:   0 MEM_OUT: 251 ACC: 1 BUFF: 251 DC: 0 FLAG_ZERO: False FLAG_LT: 0 FLAG_GT: 1
INPUT_PORT:  []
OUT_PORT:  []
DATA_MEM:  [251, 117]
---------------------------------------
DEBUG    root:machine.py:309 JE 18
TICK: 12167 PC:  12 ADDR:   0 MEM_OUT: 251 ACC: 1 BUFF: 251 DC: 0 FLAG_ZERO: False FLAG_LT: 0 FLAG_GT: 1
INPUT_PORT:  []
OUT_PORT:  []
DATA_MEM:  [251, 117]
---------------------------------------
DEBUG    root:machine.py:309 JMP 0
TICK: 12170 PC:  13 ADDR:   0 MEM_OUT: 251 ACC: 1 BUFF: 251 DC: 0 FLAG_ZERO: False FLAG_LT: 0 FLAG_GT: 1
INPUT_PORT:  []
OUT_PORT:  []
DATA_MEM:  [251, 117]
---------------------------------------
DEBUG    root:machine.py:309 LD 0
TICK: 12173 PC:   0 ADDR:   0 MEM_OUT: 251 ACC: 1 BUFF: 251 DC: 0 FLAG_ZERO: False FLAG_LT: 0 FLAG_GT: 1
INPUT_PORT:  []
OUT_PORT:  []
DATA_MEM:  [251, 117]
---------------------------------------
DEBUG    root:machine.py:309 INC 
TICK: 12177 PC:   1 ADDR:   0 MEM_OUT: 251 ACC: 251 BUFF: 251 DC: 0 FLAG_ZERO: False FLAG_LT: 0 FLAG_GT: 1
INPUT_PORT:  []
OUT_PORT:  []
DATA_MEM:  [251, 117]
---------------------------------------
DEBUG    root:machine.py:309 ST 0
TICK: 12180 PC:   2 ADDR:   0 MEM_OUT: 251 ACC: 252 BUFF: 251 DC: 0 FLAG_ZERO: False FLAG_LT: 0 FLAG_GT: 1
INPUT_PORT:  []
OUT_PORT:  []
DATA_MEM:  [251, 117]
---------------------------------------
DEBUG    root:machine.py:309 CMP 1000
TICK: 12184 PC:   3 ADDR:   0 MEM_OUT: 252 ACC: 252 BUFF: 251 DC: 0 FLAG_ZERO: False FLAG_LT: 0 FLAG_GT: 1
INPUT_PORT:  []
OUT_PORT:  []
DATA_MEM:  [252, 117]
---------------------------------------
DEBUG    root:machine.py:309 JGE 22
TICK: 12187 PC:   4 ADDR:   0 MEM_OUT: 252 ACC: 252 BUFF: 251 DC: 0 FLAG_ZERO: False FLAG_LT: 1 FLAG_GT: 0
INPUT_PORT:  []
OUT_PORT:  []
DATA_MEM:  [252, 117]
---------------------------------------
DEBUG    root:machine.py:309 LD 0
TICK: 12190 PC:   5 ADDR:   0 MEM_OUT: 252 ACC: 252 BUFF: 251 DC: 0 FLAG_ZERO: False FLAG_LT: 1 FLAG_GT: 0
INPUT_PORT:  []
OUT_PORT:  []
DATA_MEM:  [252, 117]
---------------------------------------
DEBUG    root:machine.py:309 MOD 3
TICK: 12194 PC:   6 ADDR:   0 MEM_OUT: 252 ACC: 252 BUFF: 251 DC: 0 FLAG_ZERO: False FLAG_LT: 1 FLAG_GT: 0
INPUT_PORT:  []
OUT_PORT:  []
DATA_MEM:  [252, 117]
---------------------------------------
DEBUG    root:machine.py:309 CMP 0
TICK: 12198 PC:   7 ADDR:   0 MEM_OUT: 252 ACC: 0 BUFF: 252 DC: 0 FLAG_ZERO: False FLAG_LT: 1 FLAG_GT: 0
INPUT_PORT:  []
OUT_PORT:  []
DATA_MEM:  [252, 117]
---------------------------------------
DEBUG    root:machine.py:309 JE 14
TICK: 12201 PC:   8 ADDR:   0 MEM_OUT: 252 ACC: 0 BUFF: 252 DC: 0 FLAG_ZERO: True FLAG_LT: 0 FLAG_GT: 0
INPUT_PORT:  []
OUT_PORT:  []
DATA_MEM:  [252, 117]
---------------------------------------
DEBUG    root:machine.py:309 LD 4
TICK: 12204 PC:  14 ADDR:   0 MEM_OUT: 252 ACC: 0 BUFF: 252 DC: 0 FLAG_ZERO: True FLAG_LT: 0 FLAG_GT: 0
INPUT_PORT:  []
OUT_PORT:  []
DATA_MEM:  [252, 117]
---------------------------------------
DEBUG    root:machine.py:309 INC 
TICK: 12208 PC:  15 ADDR:   1 MEM_OUT: 117 ACC: 117 BUFF: 252 DC: 0 FLAG_ZERO: True FLAG_LT: 0 FLAG_GT: 0
INPUT_PORT:  []
OUT_PORT:  []
DATA_MEM:  [252, 117]
---------------------------------------
DEBUG    root:machine.py:309 ST 4
TICK: 12211 PC:  16 ADDR:   1 MEM_OUT: 117 ACC: 118 BUFF: 252 DC: 0 FLAG_ZERO: True FLAG_LT: 0 FLAG_GT: 0
INPUT_PORT:  []
OUT_PORT:  []
DATA_MEM:  [252, 117]
---------------------------------------
DEBUG    root:machine.py:309 JMP 0
TICK: 12215 PC:  17 ADDR:   1 MEM_OUT: 118 ACC: 118 BUFF: 252 DC: 0 FLAG_ZERO: True FLAG_LT: 0 FLAG_GT: 0
INPUT_PORT:  []
OUT_PORT:  []
DATA_MEM:  [252, 118]
---------------------------------------
DEBUG    root:machine.py:309 LD 0
TICK: 12218 PC:   0 ADDR:   1 MEM_OUT: 118 ACC: 118 BUFF: 252 DC: 0 FLAG_ZERO: True FLAG_LT: 0 FLAG_GT: 0
INPUT_PORT:  []
OUT_PORT:  []
DATA_MEM:  [252, 118]
---------------------------------------
DEBUG    root:machine.py:309 INC 
TICK: 12222 PC:   1 ADDR:   0 MEM_OUT: 252 ACC: 252 BUFF: 252 DC: 0 FLAG_ZERO: True FLAG_LT: 0 FLAG_GT: 0
INPUT_PORT:  []
OUT_PORT:  []
DATA_MEM:  [252, 118]
---------------------------------------
DEBUG    root:machine.py:309 ST 0
TICK: 12225 PC:   2 ADDR:   0 MEM_OUT: 252 ACC: 253 BUFF: 252 DC: 0 FLAG_ZERO: True FLAG_LT: 0 FLAG_GT: 0
INPUT_PORT:  []
OUT_PORT:  []
DATA_MEM:  [252, 118]
---------------------------------------
DEBUG    root:machine.py:309 CMP 1000
TICK: 12229 PC:   3 ADDR:   0 MEM_OUT: 253 ACC: 253 BUFF: 252 DC: 0 FLAG_ZERO: True FLAG_LT: 0 FLAG_GT: 0
INPUT_PORT:  []
OUT_PORT:  []
DATA_MEM:  [253, 118]
---------------------------------------
DEBUG    root:machine.py:309 JGE 22
TICK: 12232 PC:   4 ADDR:   0 MEM_OUT: 253 ACC: 253 BUFF: 252 DC: 0 FLAG_ZERO: False FLAG_LT: 1 FLAG_GT: 0
INPUT_PORT:  []
OUT_PORT:  []
DATA_MEM:  [253, 118]
---------------------------------------
DEBUG    root:machine.py:309 LD 0
TICK: 12235 PC:   5 ADDR:   0 MEM_OUT: 253 ACC: 253 BUFF: 252 DC: 0 FLAG_ZERO: False FLAG_LT: 1 FLAG_GT: 0
INPUT_PORT:  []
OUT_PORT:  []
DATA_MEM:  [253, 118]
---------------------------------------
DEBUG    root:machine.py:309 MOD 3
TICK: 12239 PC:   6 ADDR:   0 MEM_OUT: 253 ACC: 253 BUFF: 252 DC: 0 FLAG_ZERO: False FLAG_LT: 1 FLAG_GT: 0
INPUT_PORT:  []
OUT_PORT:  []
DATA_MEM:  [253, 118]
---------------------------------------
DEBUG    root:machine.py:309 CMP 0
TICK: 12243 PC:   7 ADDR:   0 MEM_OUT: 253 ACC: 1 BUFF: 253 DC: 0 FLAG_ZERO: False FLAG_LT: 1 FLAG_GT: 0
INPUT_PORT:  []
OUT_PORT:  []
DATA_MEM:  [253, 118]
---------------------------------------
DEBUG    root:machine.py:309 JE 14
TICK: 12246 PC:   8 ADDR:   0 MEM_OUT: 253 ACC: 1 BUFF: 253 DC: 0 FLAG_ZERO: False FLAG_LT: 0 FLAG_GT: 1
INPUT_PORT:  []
OUT_PORT:  []
DATA_MEM:  [253, 118]
---------------------------------------
DEBUG    root:machine.py:309 LD 0
TICK: 12249 PC:   9 ADDR:   0 MEM_OUT: 253 ACC: 1 BUFF: 253 DC: 0 FLAG_ZERO: False FLAG_LT: 0 FLAG_GT: 1
INPUT_PORT:  []
OUT_PORT:  []
DATA_MEM:  [253, 118]
---------------------------------------
DEBUG    root:machine.py:309 MOD 5
TICK: 12253 PC:  10 ADDR:   0 MEM_OUT: 253 ACC: 253 BUFF: 253 DC: 0 FLAG_ZERO: False FLAG_LT: 0 FLAG_GT: 1
INPUT_PORT:  []
OUT_PORT:  []
DATA_MEM:  [253, 118]
---------------------------------------
DEBUG    root:machine.py:309 CMP 0
TICK: 12257 PC:  11 ADDR:   0 MEM_OUT: 253 ACC: 3 BUFF: 253 DC: 0 FLAG_ZERO: False FLAG_LT: 0 FLAG_GT: 1
INPUT_PORT:  []
OUT_PORT:  []
DATA_MEM:  [253, 118]
---------------------------------------
DEBUG    root:machine.py:309 JE 18
TICK: 12260 PC:  12 ADDR:   0 MEM_OUT: 253 ACC: 3 BUFF: 253 DC: 0 FLAG_ZERO: False FLAG_LT: 0 FLAG_GT: 1
INPUT_PORT:  []
OUT_PORT:  []
DATA_MEM:  [253, 118]
---------------------------------------
DEBUG    root:machine.py:309 JMP 0
TICK: 12263 PC:  13 ADDR:   0 MEM_OUT: 253 ACC: 3 BUFF: 253 DC: 0 FLAG_ZERO: False FLAG_LT: 0 FLAG_GT: 1
INPUT_PORT:  []
OUT_PORT:  []
DATA_MEM:  [253, 118]
---------------------------------------
DEBUG    root:machine.py:309 LD 0
TICK: 12266 PC:   0 ADDR:   0 MEM_OUT: 253 ACC: 3 BUFF: 253 DC: 0 FLAG_ZERO: False FLAG_LT: 0 FLAG_GT: 1
INPUT_PORT:  []
OUT_PORT:  []
DATA_MEM:  [253, 118]
---------------------------------------
DEBUG    root:machine.py:309 INC 
TICK: 12270 PC:   1 ADDR:   0 MEM_OUT: 253 ACC: 253 BUFF: 253 DC: 0 FLAG_ZERO: False FLAG_LT: 0 FLAG_GT: 1
INPUT_PORT:  []
OUT_PORT:  []
DATA_MEM:  [253, 118]
---------------------------------------
DEBUG    root:machine.py:309 ST 0
TICK: 12273 PC:   2 ADDR:   0 MEM_OUT: 253 ACC: 254 BUFF: 253 DC: 0 FLAG_ZERO: False FLAG_LT: 0 FLAG_GT: 1
INPUT_PORT:  []
OUT_PORT:  []
DATA_MEM:  [253, 118]
---------------------------------------
DEBUG    root:machine.py:309 CMP 1000
TICK: 12277 PC:   3 ADDR:   0 MEM_OUT: 254 ACC: 254 BUFF: 253 DC: 0 FLAG_ZERO: False FLAG_LT: 0 FLAG_GT: 1
INPUT_PORT:  []
OUT_PORT:  []
DATA_MEM:  [254, 118]
---------------------------------------
DEBUG    root:machine.py:309 JGE 22
TICK: 12280 PC:   4 ADDR:   0 MEM_OUT: 254 ACC: 254 BUFF: 253 DC: 0 FLAG_ZERO: False FLAG_LT: 1 FLAG_GT: 0
INPUT_PORT:  []
OUT_PORT:  []
DATA_MEM:  [254, 118]
---------------------------------------
DEBUG    root:machine.py:309 LD 0
TICK: 12283 PC:   5 ADDR:   0 MEM_OUT: 254 ACC: 254 BUFF: 253 DC: 0 FLAG_ZERO: False FLAG_LT: 1 FLAG_GT: 0
INPUT_PORT:  []
OUT_PORT:  []
DATA_MEM:  [254, 118]
---------------------------------------
DEBUG    root:machine.py:309 MOD 3
TICK: 12287 PC:   6 ADDR:   0 MEM_OUT: 254 ACC: 254 BUFF: 253 DC: 0 FLAG_ZERO: False FLAG_LT: 1 FLAG_GT: 0
INPUT_PORT:  []
OUT_PORT:  []
DATA_MEM:  [254, 118]
---------------------------------------
DEBUG    root:machine.py:309 CMP 0
TICK: 12291 PC:   7 ADDR:   0 MEM_OUT: 254 ACC: 2 BUFF: 254 DC: 0 FLAG_ZERO: False FLAG_LT: 1 FLAG_GT: 0
INPUT_PORT:  []
OUT_PORT:  []
DATA_MEM:  [254, 118]
---------------------------------------
DEBUG    root:machine.py:309 JE 14
TICK: 12294 PC:   8 ADDR:   0 MEM_OUT: 254 ACC: 2 BUFF: 254 DC: 0 FLAG_ZERO: False FLAG_LT: 0 FLAG_GT: 1
INPUT_PORT:  []
OUT_PORT:  []
DATA_MEM:  [254, 118]
---------------------------------------
DEBUG    root:machine.py:309 LD 0
TICK: 12297 PC:   9 ADDR:   0 MEM_OUT: 254 ACC: 2 BUFF: 254 DC: 0 FLAG_ZERO: False FLAG_LT: 0 FLAG_GT: 1
INPUT_PORT:  []
OUT_PORT:  []
DATA_MEM:  [254, 118]
---------------------------------------
DEBUG    root:machine.py:309 MOD 5
TICK: 12301 PC:  10 ADDR:   0 MEM_OUT: 254 ACC: 254 BUFF: 254 DC: 0 FLAG_ZERO: False FLAG_LT: 0 FLAG_GT: 1
INPUT_PORT:  []
OUT_PORT:  []
DATA_MEM:  [254, 118]
---------------------------------------
DEBUG    root:machine.py:309 CMP 0
TICK: 12305 PC:  11 ADDR:   0 MEM_OUT: 254 ACC: 4 BUFF: 254 DC: 0 FLAG_ZERO: False FLAG_LT: 0 FLAG_GT: 1
INPUT_PORT:  []
OUT_PORT:  []
DATA_MEM:  [254, 118]
---------------------------------------
DEBUG    root:machine.py:309 JE 18
TICK: 12308 PC:  12 ADDR:   0 MEM_OUT: 254 ACC: 4 BUFF: 254 DC: 0 FLAG_ZERO: False FLAG_LT: 0 FLAG_GT: 1
INPUT_PORT:  []
OUT_PORT:  []
DATA_MEM:  [254, 118]
---------------------------------------
DEBUG    root:machine.py:309 JMP 0
TICK: 12311 PC:  13 ADDR:   0 MEM_OUT: 254 ACC: 4 BUFF: 254 DC: 0 FLAG_ZERO: False FLAG_LT: 0 FLAG_GT: 1
INPUT_PORT:  []
OUT_PORT:  []
DATA_MEM:  [254, 118]
---------------------------------------
DEBUG    root:machine.py:309 LD 0
TICK: 12314 PC:   0 ADDR:   0 MEM_OUT: 254 ACC: 4 BUFF: 254 DC: 0 FLAG_ZERO: False FLAG_LT: 0 FLAG_GT: 1
INPUT_PORT:  []
OUT_PORT:  []
DATA_MEM:  [254, 118]
---------------------------------------
DEBUG    root:machine.py:309 INC 
TICK: 12318 PC:   1 ADDR:   0 MEM_OUT: 254 ACC: 254 BUFF: 254 DC: 0 FLAG_ZERO: False FLAG_LT: 0 FLAG_GT: 1
INPUT_PORT:  []
OUT_PORT:  []
DATA_MEM:  [254, 118]
---------------------------------------
DEBUG    root:machine.py:309 ST 0
TICK: 12321 PC:   2 ADDR:   0 MEM_OUT: 254 ACC: 255 BUFF: 254 DC: 0 FLAG_ZERO: False FLAG_LT: 0 FLAG_GT: 1
INPUT_PORT:  []
OUT_PORT:  []
DATA_MEM:  [254, 118]
---------------------------------------
DEBUG    root:machine.py:309 CMP 1000
TICK: 12325 PC:   3 ADDR:   0 MEM_OUT: 255 ACC: 255 BUFF: 254 DC: 0 FLAG_ZERO: False FLAG_LT: 0 FLAG_GT: 1
INPUT_PORT:  []
OUT_PORT:  []
DATA_MEM:  [255, 118]
---------------------------------------
DEBUG    root:machine.py:309 JGE 22
TICK: 12328 PC:   4 ADDR:   0 MEM_OUT: 255 ACC: 255 BUFF: 254 DC: 0 FLAG_ZERO: False FLAG_LT: 1 FLAG_GT: 0
INPUT_PORT:  []
OUT_PORT:  []
DATA_MEM:  [255, 118]
---------------------------------------
DEBUG    root:machine.py:309 LD 0
TICK: 12331 PC:   5 ADDR:   0 MEM_OUT: 255 ACC: 255 BUFF: 254 DC: 0 FLAG_ZERO: False FLAG_LT: 1 FLAG_GT: 0
INPUT_PORT:  []
OUT_PORT:  []
DATA_MEM:  [255, 118]
---------------------------------------
DEBUG    root:machine.py:309 MOD 3
TICK: 12335 PC:   6 ADDR:   0 MEM_OUT: 255 ACC: 255 BUFF: 254 DC: 0 FLAG_ZERO: False FLAG_LT: 1 FLAG_GT: 0
INPUT_PORT:  []
OUT_PORT:  []
DATA_MEM:  [255, 118]
---------------------------------------
DEBUG    root:machine.py:309 CMP 0
TICK: 12339 PC:   7 ADDR:   0 MEM_OUT: 255 ACC: 0 BUFF: 255 DC: 0 FLAG_ZERO: False FLAG_LT: 1 FLAG_GT: 0
INPUT_PORT:  []
OUT_PORT:  []
DATA_MEM:  [255, 118]
---------------------------------------
DEBUG    root:machine.py:309 JE 14
TICK: 12342 PC:   8 ADDR:   0 MEM_OUT: 255 ACC: 0 BUFF: 255 DC: 0 FLAG_ZERO: True FLAG_LT: 0 FLAG_GT: 0
INPUT_PORT:  []
OUT_PORT:  []
DATA_MEM:  [255, 118]
---------------------------------------
DEBUG    root:machine.py:309 LD 4
TICK: 12345 PC:  14 ADDR:   0 MEM_OUT: 255 ACC: 0 BUFF: 255 DC: 0 FLAG_ZERO: True FLAG_LT: 0 FLAG_GT: 0
INPUT_PORT:  []
OUT_PORT:  []
DATA_MEM:  [255, 118]
---------------------------------------
DEBUG    root:machine.py:309 INC 
TICK: 12349 PC:  15 ADDR:   1 MEM_OUT: 118 ACC: 118 BUFF: 255 DC: 0 FLAG_ZERO: True FLAG_LT: 0 FLAG_GT: 0
INPUT_PORT:  []
OUT_PORT:  []
DATA_MEM:  [255, 118]
---------------------------------------
DEBUG    root:machine.py:309 ST 4
TICK: 12352 PC:  16 ADDR:   1 MEM_OUT: 118 ACC: 119 BUFF: 255 DC: 0 FLAG_ZERO: True FLAG_LT: 0 FLAG_GT: 0
INPUT_PORT:  []
OUT_PORT:  []
DATA_MEM:  [255, 118]
---------------------------------------
DEBUG    root:machine.py:309 JMP 0
TICK: 12356 PC:  17 ADDR:   1 MEM_OUT: 119 ACC: 119 BUFF: 255 DC: 0 FLAG_ZERO: True FLAG_LT: 0 FLAG_GT: 0
INPUT_PORT:  []
OUT_PORT:  []
DATA_MEM:  [255, 119]
---------------------------------------
DEBUG    root:machine.py:309 LD 0
TICK: 12359 PC:   0 ADDR:   1 MEM_OUT: 119 ACC: 119 BUFF: 255 DC: 0 FLAG_ZERO: True FLAG_LT: 0 FLAG_GT: 0
INPUT_PORT:  []
OUT_PORT:  []
DATA_MEM:  [255, 119]
---------------------------------------
DEBUG    root:machine.py:309 INC 
TICK: 12363 PC:   1 ADDR:   0 MEM_OUT: 255 ACC: 255 BUFF: 255 DC: 0 FLAG_ZERO: True FLAG_LT: 0 FLAG_GT: 0
INPUT_PORT:  []
OUT_PORT:  []
DATA_MEM:  [255, 119]
---------------------------------------
DEBUG    root:machine.py:309 ST 0
TICK: 12366 PC:   2 ADDR:   0 MEM_OUT: 255 ACC: 256 BUFF: 255 DC: 0 FLAG_ZERO: True FLAG_LT: 0 FLAG_GT: 0
INPUT_PORT:  []
OUT_PORT:  []
DATA_MEM:  [255, 119]
---------------------------------------
DEBUG    root:machine.py:309 CMP 1000
TICK: 12370 PC:   3 ADDR:   0 MEM_OUT: 256 ACC: 256 BUFF: 255 DC: 0 FLAG_ZERO: True FLAG_LT: 0 FLAG_GT: 0
INPUT_PORT:  []
OUT_PORT:  []
DATA_MEM:  [256, 119]
---------------------------------------
DEBUG    root:machine.py:309 JGE 22
TICK: 12373 PC:   4 ADDR:   0 MEM_OUT: 256 ACC: 256 BUFF: 255 DC: 0 FLAG_ZERO: False FLAG_LT: 1 FLAG_GT: 0
INPUT_PORT:  []
OUT_PORT:  []
DATA_MEM:  [256, 119]
---------------------------------------
DEBUG    root:machine.py:309 LD 0
TICK: 12376 PC:   5 ADDR:   0 MEM_OUT: 256 ACC: 256 BUFF: 255 DC: 0 FLAG_ZERO: False FLAG_LT: 1 FLAG_GT: 0
INPUT_PORT:  []
OUT_PORT:  []
DATA_MEM:  [256, 119]
---------------------------------------
DEBUG    root:machine.py:309 MOD 3
TICK: 12380 PC:   6 ADDR:   0 MEM_OUT: 256 ACC: 256 BUFF: 255 DC: 0 FLAG_ZERO: False FLAG_LT: 1 FLAG_GT: 0
INPUT_PORT:  []
OUT_PORT:  []
DATA_MEM:  [256, 119]
---------------------------------------
DEBUG    root:machine.py:309 CMP 0
TICK: 12384 PC:   7 ADDR:   0 MEM_OUT: 256 ACC: 1 BUFF: 256 DC: 0 FLAG_ZERO: False FLAG_LT: 1 FLAG_GT: 0
INPUT_PORT:  []
OUT_PORT:  []
DATA_MEM:  [256, 119]
---------------------------------------
DEBUG    root:machine.py:309 JE 14
TICK: 12387 PC:   8 ADDR:   0 MEM_OUT: 256 ACC: 1 BUFF: 256 DC: 0 FLAG_ZERO: False FLAG_LT: 0 FLAG_GT: 1
INPUT_PORT:  []
OUT_PORT:  []
DATA_MEM:  [256, 119]
---------------------------------------
DEBUG    root:machine.py:309 LD 0
TICK: 12390 PC:   9 ADDR:   0 MEM_OUT: 256 ACC: 1 BUFF: 256 DC: 0 FLAG_ZERO: False FLAG_LT: 0 FLAG_GT: 1
INPUT_PORT:  []
OUT_PORT:  []
DATA_MEM:  [256, 119]
---------------------------------------
DEBUG    root:machine.py:309 MOD 5
TICK: 12394 PC:  10 ADDR:   0 MEM_OUT: 256 ACC: 256 BUFF: 256 DC: 0 FLAG_ZERO: False FLAG_LT: 0 FLAG_GT: 1
INPUT_PORT:  []
OUT_PORT:  []
DATA_MEM:  [256, 119]
---------------------------------------
DEBUG    root:machine.py:309 CMP 0
TICK: 12398 PC:  11 ADDR:   0 MEM_OUT: 256 ACC: 1 BUFF: 256 DC: 0 FLAG_ZERO: False FLAG_LT: 0 FLAG_GT: 1
INPUT_PORT:  []
OUT_PORT:  []
DATA_MEM:  [256, 119]
---------------------------------------
DEBUG    root:machine.py:309 JE 18
TICK: 12401 PC:  12 ADDR:   0 MEM_OUT: 256 ACC: 1 BUFF: 256 DC: 0 FLAG_ZERO: False FLAG_LT: 0 FLAG_GT: 1
INPUT_PORT:  []
OUT_PORT:  []
DATA_MEM:  [256, 119]
---------------------------------------
DEBUG    root:machine.py:309 JMP 0
TICK: 12404 PC:  13 ADDR:   0 MEM_OUT: 256 ACC: 1 BUFF: 256 DC: 0 FLAG_ZERO: False FLAG_LT: 0 FLAG_GT: 1
INPUT_PORT:  []
OUT_PORT:  []
DATA_MEM:  [256, 119]
---------------------------------------
DEBUG    root:machine.py:309 LD 0
TICK: 12407 PC:   0 ADDR:   0 MEM_OUT: 256 ACC: 1 BUFF: 256 DC: 0 FLAG_ZERO: False FLAG_LT: 0 FLAG_GT: 1
INPUT_PORT:  []
OUT_PORT:  []
DATA_MEM:  [256, 119]
---------------------------------------
DEBUG    root:machine.py:309 INC 
TICK: 12411 PC:   1 ADDR:   0 MEM_OUT: 256 ACC: 256 BUFF: 256 DC: 0 FLAG_ZERO: False FLAG_LT: 0 FLAG_GT: 1
INPUT_PORT:  []
OUT_PORT:  []
DATA_MEM:  [256, 119]
---------------------------------------
DEBUG    root:machine.py:309 ST 0
TICK: 12414 PC:   2 ADDR:   0 MEM_OUT: 256 ACC: 257 BUFF: 256 DC: 0 FLAG_ZERO: False FLAG_LT: 0 FLAG_GT: 1
INPUT_PORT:  []
OUT_PORT:  []
DATA_MEM:  [256, 119]
---------------------------------------
DEBUG    root:machine.py:309 CMP 1000
TICK: 12418 PC:   3 ADDR:   0 MEM_OUT: 257 ACC: 257 BUFF: 256 DC: 0 FLAG_ZERO: False FLAG_LT: 0 FLAG_GT: 1
INPUT_PORT:  []
OUT_PORT:  []
DATA_MEM:  [257, 119]
---------------------------------------
DEBUG    root:machine.py:309 JGE 22
TICK: 12421 PC:   4 ADDR:   0 MEM_OUT: 257 ACC: 257 BUFF: 256 DC: 0 FLAG_ZERO: False FLAG_LT: 1 FLAG_GT: 0
INPUT_PORT:  []
OUT_PORT:  []
DATA_MEM:  [257, 119]
---------------------------------------
DEBUG    root:machine.py:309 LD 0
TICK: 12424 PC:   5 ADDR:   0 MEM_OUT: 257 ACC: 257 BUFF: 256 DC: 0 FLAG_ZERO: False FLAG_LT: 1 FLAG_GT: 0
INPUT_PORT:  []
OUT_PORT:  []
DATA_MEM:  [257, 119]
---------------------------------------
DEBUG    root:machine.py:309 MOD 3
TICK: 12428 PC:   6 ADDR:   0 MEM_OUT: 257 ACC: 257 BUFF: 256 DC: 0 FLAG_ZERO: False FLAG_LT: 1 FLAG_GT: 0
INPUT_PORT:  []
OUT_PORT:  []
DATA_MEM:  [257, 119]
---------------------------------------
DEBUG    root:machine.py:309 CMP 0
TICK: 12432 PC:   7 ADDR:   0 MEM_OUT: 257 ACC: 2 BUFF: 257 DC: 0 FLAG_ZERO: False FLAG_LT: 1 FLAG_GT: 0
INPUT_PORT:  []
OUT_PORT:  []
DATA_MEM:  [257, 119]
---------------------------------------
DEBUG    root:machine.py:309 JE 14
TICK: 12435 PC:   8 ADDR:   0 MEM_OUT: 257 ACC: 2 BUFF: 257 DC: 0 FLAG_ZERO: False FLAG_LT: 0 FLAG_GT: 1
INPUT_PORT:  []
OUT_PORT:  []
DATA_MEM:  [257, 119]
---------------------------------------
DEBUG    root:machine.py:309 LD 0
TICK: 12438 PC:   9 ADDR:   0 MEM_OUT: 257 ACC: 2 BUFF: 257 DC: 0 FLAG_ZERO: False FLAG_LT: 0 FLAG_GT: 1
INPUT_PORT:  []
OUT_PORT:  []
DATA_MEM:  [257, 119]
---------------------------------------
DEBUG    root:machine.py:309 MOD 5
TICK: 12442 PC:  10 ADDR:   0 MEM_OUT: 257 ACC: 257 BUFF: 257 DC: 0 FLAG_ZERO: False FLAG_LT: 0 FLAG_GT: 1
INPUT_PORT:  []
OUT_PORT:  []
DATA_MEM:  [257, 119]
---------------------------------------
DEBUG    root:machine.py:309 CMP 0
TICK: 12446 PC:  11 ADDR:   0 MEM_OUT: 257 ACC: 2 BUFF: 257 DC: 0 FLAG_ZERO: False FLAG_LT: 0 FLAG_GT: 1
INPUT_PORT:  []
OUT_PORT:  []
DATA_MEM:  [257, 119]
---------------------------------------
DEBUG    root:machine.py:309 JE 18
TICK: 12449 PC:  12 ADDR:   0 MEM_OUT: 257 ACC: 2 BUFF: 257 DC: 0 FLAG_ZERO: False FLAG_LT: 0 FLAG_GT: 1
INPUT_PORT:  []
OUT_PORT:  []
DATA_MEM:  [257, 119]
---------------------------------------
DEBUG    root:machine.py:309 JMP 0
TICK: 12452 PC:  13 ADDR:   0 MEM_OUT: 257 ACC: 2 BUFF: 257 DC: 0 FLAG_ZERO: False FLAG_LT: 0 FLAG_GT: 1
INPUT_PORT:  []
OUT_PORT:  []
DATA_MEM:  [257, 119]
---------------------------------------
DEBUG    root:machine.py:309 LD 0
TICK: 12455 PC:   0 ADDR:   0 MEM_OUT: 257 ACC: 2 BUFF: 257 DC: 0 FLAG_ZERO: False FLAG_LT: 0 FLAG_GT: 1
INPUT_PORT:  []
OUT_PORT:  []
DATA_MEM:  [257, 119]
---------------------------------------
DEBUG    root:machine.py:309 INC 
TICK: 12459 PC:   1 ADDR:   0 MEM_OUT: 257 ACC: 257 BUFF: 257 DC: 0 FLAG_ZERO: False FLAG_LT: 0 FLAG_GT: 1
INPUT_PORT:  []
OUT_PORT:  []
DATA_MEM:  [257, 119]
---------------------------------------
DEBUG    root:machine.py:309 ST 0
TICK: 12462 PC:   2 ADDR:   0 MEM_OUT: 257 ACC: 258 BUFF: 257 DC: 0 FLAG_ZERO: False FLAG_LT: 0 FLAG_GT: 1
INPUT_PORT:  []
OUT_PORT:  []
DATA_MEM:  [257, 119]
---------------------------------------
DEBUG    root:machine.py:309 CMP 1000
TICK: 12466 PC:   3 ADDR:   0 MEM_OUT: 258 ACC: 258 BUFF: 257 DC: 0 FLAG_ZERO: False FLAG_LT: 0 FLAG_GT: 1
INPUT_PORT:  []
OUT_PORT:  []
DATA_MEM:  [258, 119]
---------------------------------------
DEBUG    root:machine.py:309 JGE 22
TICK: 12469 PC:   4 ADDR:   0 MEM_OUT: 258 ACC: 258 BUFF: 257 DC: 0 FLAG_ZERO: False FLAG_LT: 1 FLAG_GT: 0
INPUT_PORT:  []
OUT_PORT:  []
DATA_MEM:  [258, 119]
---------------------------------------
DEBUG    root:machine.py:309 LD 0
TICK: 12472 PC:   5 ADDR:   0 MEM_OUT: 258 ACC: 258 BUFF: 257 DC: 0 FLAG_ZERO: False FLAG_LT: 1 FLAG_GT: 0
INPUT_PORT:  []
OUT_PORT:  []
DATA_MEM:  [258, 119]
---------------------------------------
DEBUG    root:machine.py:309 MOD 3
TICK: 12476 PC:   6 ADDR:   0 MEM_OUT: 258 ACC: 258 BUFF: 257 DC: 0 FLAG_ZERO: False FLAG_LT: 1 FLAG_GT: 0
INPUT_PORT:  []
OUT_PORT:  []
DATA_MEM:  [258, 119]
---------------------------------------
DEBUG    root:machine.py:309 CMP 0
TICK: 12480 PC:   7 ADDR:   0 MEM_OUT: 258 ACC: 0 BUFF: 258 DC: 0 FLAG_ZERO: False FLAG_LT: 1 FLAG_GT: 0
INPUT_PORT:  []
OUT_PORT:  []
DATA_MEM:  [258, 119]
---------------------------------------
DEBUG    root:machine.py:309 JE 14
TICK: 12483 PC:   8 ADDR:   0 MEM_OUT: 258 ACC: 0 BUFF: 258 DC: 0 FLAG_ZERO: True FLAG_LT: 0 FLAG_GT: 0
INPUT_PORT:  []
OUT_PORT:  []
DATA_MEM:  [258, 119]
---------------------------------------
DEBUG    root:machine.py:309 LD 4
TICK: 12486 PC:  14 ADDR:   0 MEM_OUT: 258 ACC: 0 BUFF: 258 DC: 0 FLAG_ZERO: True FLAG_LT: 0 FLAG_GT: 0
INPUT_PORT:  []
OUT_PORT:  []
DATA_MEM:  [258, 119]
---------------------------------------
DEBUG    root:machine.py:309 INC 
TICK: 12490 PC:  15 ADDR:   1 MEM_OUT: 119 ACC: 119 BUFF: 258 DC: 0 FLAG_ZERO: True FLAG_LT: 0 FLAG_GT: 0
INPUT_PORT:  []
OUT_PORT:  []
DATA_MEM:  [258, 119]
---------------------------------------
DEBUG    root:machine.py:309 ST 4
TICK: 12493 PC:  16 ADDR:   1 MEM_OUT: 119 ACC: 120 BUFF: 258 DC: 0 FLAG_ZERO: True FLAG_LT: 0 FLAG_GT: 0
INPUT_PORT:  []
OUT_PORT:  []
DATA_MEM:  [258, 119]
---------------------------------------
DEBUG    root:machine.py:309 JMP 0
TICK: 12497 PC:  17 ADDR:   1 MEM_OUT: 120 ACC: 120 BUFF: 258 DC: 0 FLAG_ZERO: True FLAG_LT: 0 FLAG_GT: 0
INPUT_PORT:  []
OUT_PORT:  []
DATA_MEM:  [258, 120]
---------------------------------------
DEBUG    root:machine.py:309 LD 0
TICK: 12500 PC:   0 ADDR:   1 MEM_OUT: 120 ACC: 120 BUFF: 258 DC: 0 FLAG_ZERO: True FLAG_LT: 0 FLAG_GT: 0
INPUT_PORT:  []
OUT_PORT:  []
DATA_MEM:  [258, 120]
---------------------------------------
DEBUG    root:machine.py:309 INC 
TICK: 12504 PC:   1 ADDR:   0 MEM_OUT: 258 ACC: 258 BUFF: 258 DC: 0 FLAG_ZERO: True FLAG_LT: 0 FLAG_GT: 0
INPUT_PORT:  []
OUT_PORT:  []
DATA_MEM:  [258, 120]
---------------------------------------
DEBUG    root:machine.py:309 ST 0
TICK: 12507 PC:   2 ADDR:   0 MEM_OUT: 258 ACC: 259 BUFF: 258 DC: 0 FLAG_ZERO: True FLAG_LT: 0 FLAG_GT: 0
INPUT_PORT:  []
OUT_PORT:  []
DATA_MEM:  [258, 120]
---------------------------------------
DEBUG    root:machine.py:309 CMP 1000
TICK: 12511 PC:   3 ADDR:   0 MEM_OUT: 259 ACC: 259 BUFF: 258 DC: 0 FLAG_ZERO: True FLAG_LT: 0 FLAG_GT: 0
INPUT_PORT:  []
OUT_PORT:  []
DATA_MEM:  [259, 120]
---------------------------------------
DEBUG    root:machine.py:309 JGE 22
TICK: 12514 PC:   4 ADDR:   0 MEM_OUT: 259 ACC: 259 BUFF: 258 DC: 0 FLAG_ZERO: False FLAG_LT: 1 FLAG_GT: 0
INPUT_PORT:  []
OUT_PORT:  []
DATA_MEM:  [259, 120]
---------------------------------------
DEBUG    root:machine.py:309 LD 0
TICK: 12517 PC:   5 ADDR:   0 MEM_OUT: 259 ACC: 259 BUFF: 258 DC: 0 FLAG_ZERO: False FLAG_LT: 1 FLAG_GT: 0
INPUT_PORT:  []
OUT_PORT:  []
DATA_MEM:  [259, 120]
---------------------------------------
DEBUG    root:machine.py:309 MOD 3
TICK: 12521 PC:   6 ADDR:   0 MEM_OUT: 259 ACC: 259 BUFF: 258 DC: 0 FLAG_ZERO: False FLAG_LT: 1 FLAG_GT: 0
INPUT_PORT:  []
OUT_PORT:  []
DATA_MEM:  [259, 120]
---------------------------------------
DEBUG    root:machine.py:309 CMP 0
TICK: 12525 PC:   7 ADDR:   0 MEM_OUT: 259 ACC: 1 BUFF: 259 DC: 0 FLAG_ZERO: False FLAG_LT: 1 FLAG_GT: 0
INPUT_PORT:  []
OUT_PORT:  []
DATA_MEM:  [259, 120]
---------------------------------------
DEBUG    root:machine.py:309 JE 14
TICK: 12528 PC:   8 ADDR:   0 MEM_OUT: 259 ACC: 1 BUFF: 259 DC: 0 FLAG_ZERO: False FLAG_LT: 0 FLAG_GT: 1
INPUT_PORT:  []
OUT_PORT:  []
DATA_MEM:  [259, 120]
---------------------------------------
DEBUG    root:machine.py:309 LD 0
TICK: 12531 PC:   9 ADDR:   0 MEM_OUT: 259 ACC: 1 BUFF: 259 DC: 0 FLAG_ZERO: False FLAG_LT: 0 FLAG_GT: 1
INPUT_PORT:  []
OUT_PORT:  []
DATA_MEM:  [259, 120]
---------------------------------------
DEBUG    root:machine.py:309 MOD 5
TICK: 12535 PC:  10 ADDR:   0 MEM_OUT: 259 ACC: 259 BUFF: 259 DC: 0 FLAG_ZERO: False FLAG_LT: 0 FLAG_GT: 1
INPUT_PORT:  []
OUT_PORT:  []
DATA_MEM:  [259, 120]
---------------------------------------
DEBUG    root:machine.py:309 CMP 0
TICK: 12539 PC:  11 ADDR:   0 MEM_OUT: 259 ACC: 4 BUFF: 259 DC: 0 FLAG_ZERO: False FLAG_LT: 0 FLAG_GT: 1
INPUT_PORT:  []
OUT_PORT:  []
DATA_MEM:  [259, 120]
---------------------------------------
DEBUG    root:machine.py:309 JE 18
TICK: 12542 PC:  12 ADDR:   0 MEM_OUT: 259 ACC: 4 BUFF: 259 DC: 0 FLAG_ZERO: False FLAG_LT: 0 FLAG_GT: 1
INPUT_PORT:  []
OUT_PORT:  []
DATA_MEM:  [259, 120]
---------------------------------------
DEBUG    root:machine.py:309 JMP 0
TICK: 12545 PC:  13 ADDR:   0 MEM_OUT: 259 ACC: 4 BUFF: 259 DC: 0 FLAG_ZERO: False FLAG_LT: 0 FLAG_GT: 1
INPUT_PORT:  []
OUT_PORT:  []
DATA_MEM:  [259, 120]
---------------------------------------
DEBUG    root:machine.py:309 LD 0
TICK: 12548 PC:   0 ADDR:   0 MEM_OUT: 259 ACC: 4 BUFF: 259 DC: 0 FLAG_ZERO: False FLAG_LT: 0 FLAG_GT: 1
INPUT_PORT:  []
OUT_PORT:  []
DATA_MEM:  [259, 120]
---------------------------------------
DEBUG    root:machine.py:309 INC 
TICK: 12552 PC:   1 ADDR:   0 MEM_OUT: 259 ACC: 259 BUFF: 259 DC: 0 FLAG_ZERO: False FLAG_LT: 0 FLAG_GT: 1
INPUT_PORT:  []
OUT_PORT:  []
DATA_MEM:  [259, 120]
---------------------------------------
DEBUG    root:machine.py:309 ST 0
TICK: 12555 PC:   2 ADDR:   0 MEM_OUT: 259 ACC: 260 BUFF: 259 DC: 0 FLAG_ZERO: False FLAG_LT: 0 FLAG_GT: 1
INPUT_PORT:  []
OUT_PORT:  []
DATA_MEM:  [259, 120]
---------------------------------------
DEBUG    root:machine.py:309 CMP 1000
TICK: 12559 PC:   3 ADDR:   0 MEM_OUT: 260 ACC: 260 BUFF: 259 DC: 0 FLAG_ZERO: False FLAG_LT: 0 FLAG_GT: 1
INPUT_PORT:  []
OUT_PORT:  []
DATA_MEM:  [260, 120]
---------------------------------------
DEBUG    root:machine.py:309 JGE 22
TICK: 12562 PC:   4 ADDR:   0 MEM_OUT: 260 ACC: 260 BUFF: 259 DC: 0 FLAG_ZERO: False FLAG_LT: 1 FLAG_GT: 0
INPUT_PORT:  []
OUT_PORT:  []
DATA_MEM:  [260, 120]
---------------------------------------
DEBUG    root:machine.py:309 LD 0
TICK: 12565 PC:   5 ADDR:   0 MEM_OUT: 260 ACC: 260 BUFF: 259 DC: 0 FLAG_ZERO: False FLAG_LT: 1 FLAG_GT: 0
INPUT_PORT:  []
OUT_PORT:  []
DATA_MEM:  [260, 120]
---------------------------------------
DEBUG    root:machine.py:309 MOD 3
TICK: 12569 PC:   6 ADDR:   0 MEM_OUT: 260 ACC: 260 BUFF: 259 DC: 0 FLAG_ZERO: False FLAG_LT: 1 FLAG_GT: 0
INPUT_PORT:  []
OUT_PORT:  []
DATA_MEM:  [260, 120]
---------------------------------------
DEBUG    root:machine.py:309 CMP 0
TICK: 12573 PC:   7 ADDR:   0 MEM_OUT: 260 ACC: 2 BUFF: 260 DC: 0 FLAG_ZERO: False FLAG_LT: 1 FLAG_GT: 0
INPUT_PORT:  []
OUT_PORT:  []
DATA_MEM:  [260, 120]
---------------------------------------
DEBUG    root:machine.py:309 JE 14
TICK: 12576 PC:   8 ADDR:   0 MEM_OUT: 260 ACC: 2 BUFF: 260 DC: 0 FLAG_ZERO: False FLAG_LT: 0 FLAG_GT: 1
INPUT_PORT:  []
OUT_PORT:  []
DATA_MEM:  [260, 120]
---------------------------------------
DEBUG    root:machine.py:309 LD 0
TICK: 12579 PC:   9 ADDR:   0 MEM_OUT: 260 ACC: 2 BUFF: 260 DC: 0 FLAG_ZERO: False FLAG_LT: 0 FLAG_GT: 1
INPUT_PORT:  []
OUT_PORT:  []
DATA_MEM:  [260, 120]
---------------------------------------
DEBUG    root:machine.py:309 MOD 5
TICK: 12583 PC:  10 ADDR:   0 MEM_OUT: 260 ACC: 260 BUFF: 260 DC: 0 FLAG_ZERO: False FLAG_LT: 0 FLAG_GT: 1
INPUT_PORT:  []
OUT_PORT:  []
DATA_MEM:  [260, 120]
---------------------------------------
DEBUG    root:machine.py:309 CMP 0
TICK: 12587 PC:  11 ADDR:   0 MEM_OUT: 260 ACC: 0 BUFF: 260 DC: 0 FLAG_ZERO: False FLAG_LT: 0 FLAG_GT: 1
INPUT_PORT:  []
OUT_PORT:  []
DATA_MEM:  [260, 120]
---------------------------------------
DEBUG    root:machine.py:309 JE 18
TICK: 12590 PC:  12 ADDR:   0 MEM_OUT: 260 ACC: 0 BUFF: 260 DC: 0 FLAG_ZERO: True FLAG_LT: 0 FLAG_GT: 0
INPUT_PORT:  []
OUT_PORT:  []
DATA_MEM:  [260, 120]
---------------------------------------
DEBUG    root:machine.py:309 LD 4
TICK: 12593 PC:  18 ADDR:   0 MEM_OUT: 260 ACC: 0 BUFF: 260 DC: 0 FLAG_ZERO: True FLAG_LT: 0 FLAG_GT: 0
INPUT_PORT:  []
OUT_PORT:  []
DATA_MEM:  [260, 120]
---------------------------------------
DEBUG    root:machine.py:309 INC 
TICK: 12597 PC:  19 ADDR:   1 MEM_OUT: 120 ACC: 120 BUFF: 260 DC: 0 FLAG_ZERO: True FLAG_LT: 0 FLAG_GT: 0
INPUT_PORT:  []
OUT_PORT:  []
DATA_MEM:  [260, 120]
---------------------------------------
DEBUG    root:machine.py:309 ST 4
TICK: 12600 PC:  20 ADDR:   1 MEM_OUT: 120 ACC: 121 BUFF: 260 DC: 0 FLAG_ZERO: True FLAG_LT: 0 FLAG_GT: 0
INPUT_PORT:  []
OUT_PORT:  []
DATA_MEM:  [260, 120]
---------------------------------------
DEBUG    root:machine.py:309 JMP 0
TICK: 12604 PC:  21 ADDR:   1 MEM_OUT: 121 ACC: 121 BUFF: 260 DC: 0 FLAG_ZERO: True FLAG_LT: 0 FLAG_GT: 0
INPUT_PORT:  []
OUT_PORT:  []
DATA_MEM:  [260, 121]
---------------------------------------
DEBUG    root:machine.py:309 LD 0
TICK: 12607 PC:   0 ADDR:   1 MEM_OUT: 121 ACC: 121 BUFF: 260 DC: 0 FLAG_ZERO: True FLAG_LT: 0 FLAG_GT: 0
INPUT_PORT:  []
OUT_PORT:  []
DATA_MEM:  [260, 121]
---------------------------------------
DEBUG    root:machine.py:309 INC 
TICK: 12611 PC:   1 ADDR:   0 MEM_OUT: 260 ACC: 260 BUFF: 260 DC: 0 FLAG_ZERO: True FLAG_LT: 0 FLAG_GT: 0
INPUT_PORT:  []
OUT_PORT:  []
DATA_MEM:  [260, 121]
---------------------------------------
DEBUG    root:machine.py:309 ST 0
TICK: 12614 PC:   2 ADDR:   0 MEM_OUT: 260 ACC: 261 BUFF: 260 DC: 0 FLAG_ZERO: True FLAG_LT: 0 FLAG_GT: 0
INPUT_PORT:  []
OUT_PORT:  []
DATA_MEM:  [260, 121]
---------------------------------------
DEBUG    root:machine.py:309 CMP 1000
TICK: 12618 PC:   3 ADDR:   0 MEM_OUT: 261 ACC: 261 BUFF: 260 DC: 0 FLAG_ZERO: True FLAG_LT: 0 FLAG_GT: 0
INPUT_PORT:  []
OUT_PORT:  []
DATA_MEM:  [261, 121]
---------------------------------------
DEBUG    root:machine.py:309 JGE 22
TICK: 12621 PC:   4 ADDR:   0 MEM_OUT: 261 ACC: 261 BUFF: 260 DC: 0 FLAG_ZERO: False FLAG_LT: 1 FLAG_GT: 0
INPUT_PORT:  []
OUT_PORT:  []
DATA_MEM:  [261, 121]
---------------------------------------
DEBUG    root:machine.py:309 LD 0
TICK: 12624 PC:   5 ADDR:   0 MEM_OUT: 261 ACC: 261 BUFF: 260 DC: 0 FLAG_ZERO: False FLAG_LT: 1 FLAG_GT: 0
INPUT_PORT:  []
OUT_PORT:  []
DATA_MEM:  [261, 121]
---------------------------------------
DEBUG    root:machine.py:309 MOD 3
TICK: 12628 PC:   6 ADDR:   0 MEM_OUT: 261 ACC: 261 BUFF: 260 DC: 0 FLAG_ZERO: False FLAG_LT: 1 FLAG_GT: 0
INPUT_PORT:  []
OUT_PORT:  []
DATA_MEM:  [261, 121]
---------------------------------------
DEBUG    root:machine.py:309 CMP 0
TICK: 12632 PC:   7 ADDR:   0 MEM_OUT: 261 ACC: 0 BUFF: 261 DC: 0 FLAG_ZERO: False FLAG_LT: 1 FLAG_GT: 0
INPUT_PORT:  []
OUT_PORT:  []
DATA_MEM:  [261, 121]
---------------------------------------
DEBUG    root:machine.py:309 JE 14
TICK: 12635 PC:   8 ADDR:   0 MEM_OUT: 261 ACC: 0 BUFF: 261 DC: 0 FLAG_ZERO: True FLAG_LT: 0 FLAG_GT: 0
INPUT_PORT:  []
OUT_PORT:  []
DATA_MEM:  [261, 121]
---------------------------------------
DEBUG    root:machine.py:309 LD 4
TICK: 12638 PC:  14 ADDR:   0 MEM_OUT: 261 ACC: 0 BUFF: 261 DC: 0 FLAG_ZERO: True FLAG_LT: 0 FLAG_GT: 0
INPUT_PORT:  []
OUT_PORT:  []
DATA_MEM:  [261, 121]
---------------------------------------
DEBUG    root:machine.py:309 INC 
TICK: 12642 PC:  15 ADDR:   1 MEM_OUT: 121 ACC: 121 BUFF: 261 DC: 0 FLAG_ZERO: True FLAG_LT: 0 FLAG_GT: 0
INPUT_PORT:  []
OUT_PORT:  []
DATA_MEM:  [261, 121]
---------------------------------------
DEBUG    root:machine.py:309 ST 4
TICK: 12645 PC:  16 ADDR:   1 MEM_OUT: 121 ACC: 122 BUFF: 261 DC: 0 FLAG_ZERO: True FLAG_LT: 0 FLAG_GT: 0
INPUT_PORT:  []
OUT_PORT:  []
DATA_MEM:  [261, 121]
---------------------------------------
DEBUG    root:machine.py:309 JMP 0
TICK: 12649 PC:  17 ADDR:   1 MEM_OUT: 122 ACC: 122 BUFF: 261 DC: 0 FLAG_ZERO: True FLAG_LT: 0 FLAG_GT: 0
INPUT_PORT:  []
OUT_PORT:  []
DATA_MEM:  [261, 122]
---------------------------------------
DEBUG    root:machine.py:309 LD 0
TICK: 12652 PC:   0 ADDR:   1 MEM_OUT: 122 ACC: 122 BUFF: 261 DC: 0 FLAG_ZERO: True FLAG_LT: 0 FLAG_GT: 0
INPUT_PORT:  []
OUT_PORT:  []
DATA_MEM:  [261, 122]
---------------------------------------
DEBUG    root:machine.py:309 INC 
TICK: 12656 PC:   1 ADDR:   0 MEM_OUT: 261 ACC: 261 BUFF: 261 DC: 0 FLAG_ZERO: True FLAG_LT: 0 FLAG_GT: 0
INPUT_PORT:  []
OUT_PORT:  []
DATA_MEM:  [261, 122]
---------------------------------------
DEBUG    root:machine.py:309 ST 0
TICK: 12659 PC:   2 ADDR:   0 MEM_OUT: 261 ACC: 262 BUFF: 261 DC: 0 FLAG_ZERO: True FLAG_LT: 0 FLAG_GT: 0
INPUT_PORT:  []
OUT_PORT:  []
DATA_MEM:  [261, 122]
---------------------------------------
DEBUG    root:machine.py:309 CMP 1000
TICK: 12663 PC:   3 ADDR:   0 MEM_OUT: 262 ACC: 262 BUFF: 261 DC: 0 FLAG_ZERO: True FLAG_LT: 0 FLAG_GT: 0
INPUT_PORT:  []
OUT_PORT:  []
DATA_MEM:  [262, 122]
---------------------------------------
DEBUG    root:machine.py:309 JGE 22
TICK: 12666 PC:   4 ADDR:   0 MEM_OUT: 262 ACC: 262 BUFF: 261 DC: 0 FLAG_ZERO: False FLAG_LT: 1 FLAG_GT: 0
INPUT_PORT:  []
OUT_PORT:  []
DATA_MEM:  [262, 122]
---------------------------------------
DEBUG    root:machine.py:309 LD 0
TICK: 12669 PC:   5 ADDR:   0 MEM_OUT: 262 ACC: 262 BUFF: 261 DC: 0 FLAG_ZERO: False FLAG_LT: 1 FLAG_GT: 0
INPUT_PORT:  []
OUT_PORT:  []
DATA_MEM:  [262, 122]
---------------------------------------
DEBUG    root:machine.py:309 MOD 3
TICK: 12673 PC:   6 ADDR:   0 MEM_OUT: 262 ACC: 262 BUFF: 261 DC: 0 FLAG_ZERO: False FLAG_LT: 1 FLAG_GT: 0
INPUT_PORT:  []
OUT_PORT:  []
DATA_MEM:  [262, 122]
---------------------------------------
DEBUG    root:machine.py:309 CMP 0
TICK: 12677 PC:   7 ADDR:   0 MEM_OUT: 262 ACC: 1 BUFF: 262 DC: 0 FLAG_ZERO: False FLAG_LT: 1 FLAG_GT: 0
INPUT_PORT:  []
OUT_PORT:  []
DATA_MEM:  [262, 122]
---------------------------------------
DEBUG    root:machine.py:309 JE 14
TICK: 12680 PC:   8 ADDR:   0 MEM_OUT: 262 ACC: 1 BUFF: 262 DC: 0 FLAG_ZERO: False FLAG_LT: 0 FLAG_GT: 1
INPUT_PORT:  []
OUT_PORT:  []
DATA_MEM:  [262, 122]
---------------------------------------
DEBUG    root:machine.py:309 LD 0
TICK: 12683 PC:   9 ADDR:   0 MEM_OUT: 262 ACC: 1 BUFF: 262 DC: 0 FLAG_ZERO: False FLAG_LT: 0 FLAG_GT: 1
INPUT_PORT:  []
OUT_PORT:  []
DATA_MEM:  [262, 122]
---------------------------------------
DEBUG    root:machine.py:309 MOD 5
TICK: 12687 PC:  10 ADDR:   0 MEM_OUT: 262 ACC: 262 BUFF: 262 DC: 0 FLAG_ZERO: False FLAG_LT: 0 FLAG_GT: 1
INPUT_PORT:  []
OUT_PORT:  []
DATA_MEM:  [262, 122]
---------------------------------------
DEBUG    root:machine.py:309 CMP 0
TICK: 12691 PC:  11 ADDR:   0 MEM_OUT: 262 ACC: 2 BUFF: 262 DC: 0 FLAG_ZERO: False FLAG_LT: 0 FLAG_GT: 1
INPUT_PORT:  []
OUT_PORT:  []
DATA_MEM:  [262, 122]
---------------------------------------
DEBUG    root:machine.py:309 JE 18
TICK: 12694 PC:  12 ADDR:   0 MEM_OUT: 262 ACC: 2 BUFF: 262 DC: 0 FLAG_ZERO: False FLAG_LT: 0 FLAG_GT: 1
INPUT_PORT:  []
OUT_PORT:  []
DATA_MEM:  [262, 122]
---------------------------------------
DEBUG    root:machine.py:309 JMP 0
TICK: 12697 PC:  13 ADDR:   0 MEM_OUT: 262 ACC: 2 BUFF: 262 DC: 0 FLAG_ZERO: False FLAG_LT: 0 FLAG_GT: 1
INPUT_PORT:  []
OUT_PORT:  []
DATA_MEM:  [262, 122]
---------------------------------------
DEBUG    root:machine.py:309 LD 0
TICK: 12700 PC:   0 ADDR:   0 MEM_OUT: 262 ACC: 2 BUFF: 262 DC: 0 FLAG_ZERO: False FLAG_LT: 0 FLAG_GT: 1
INPUT_PORT:  []
OUT_PORT:  []
DATA_MEM:  [262, 122]
---------------------------------------
DEBUG    root:machine.py:309 INC 
TICK: 12704 PC:   1 ADDR:   0 MEM_OUT: 262 ACC: 262 BUFF: 262 DC: 0 FLAG_ZERO: False FLAG_LT: 0 FLAG_GT: 1
INPUT_PORT:  []
OUT_PORT:  []
DATA_MEM:  [262, 122]
---------------------------------------
DEBUG    root:machine.py:309 ST 0
TICK: 12707 PC:   2 ADDR:   0 MEM_OUT: 262 ACC: 263 BUFF: 262 DC: 0 FLAG_ZERO: False FLAG_LT: 0 FLAG_GT: 1
INPUT_PORT:  []
OUT_PORT:  []
DATA_MEM:  [262, 122]
---------------------------------------
DEBUG    root:machine.py:309 CMP 1000
TICK: 12711 PC:   3 ADDR:   0 MEM_OUT: 263 ACC: 263 BUFF: 262 DC: 0 FLAG_ZERO: False FLAG_LT: 0 FLAG_GT: 1
INPUT_PORT:  []
OUT_PORT:  []
DATA_MEM:  [263, 122]
---------------------------------------
DEBUG    root:machine.py:309 JGE 22
TICK: 12714 PC:   4 ADDR:   0 MEM_OUT: 263 ACC: 263 BUFF: 262 DC: 0 FLAG_ZERO: False FLAG_LT: 1 FLAG_GT: 0
INPUT_PORT:  []
OUT_PORT:  []
DATA_MEM:  [263, 122]
---------------------------------------
DEBUG    root:machine.py:309 LD 0
TICK: 12717 PC:   5 ADDR:   0 MEM_OUT: 263 ACC: 263 BUFF: 262 DC: 0 FLAG_ZERO: False FLAG_LT: 1 FLAG_GT: 0
INPUT_PORT:  []
OUT_PORT:  []
DATA_MEM:  [263, 122]
---------------------------------------
DEBUG    root:machine.py:309 MOD 3
TICK: 12721 PC:   6 ADDR:   0 MEM_OUT: 263 ACC: 263 BUFF: 262 DC: 0 FLAG_ZERO: False FLAG_LT: 1 FLAG_GT: 0
INPUT_PORT:  []
OUT_PORT:  []
DATA_MEM:  [263, 122]
---------------------------------------
DEBUG    root:machine.py:309 CMP 0
TICK: 12725 PC:   7 ADDR:   0 MEM_OUT: 263 ACC: 2 BUFF: 263 DC: 0 FLAG_ZERO: False FLAG_LT: 1 FLAG_GT: 0
INPUT_PORT:  []
OUT_PORT:  []
DATA_MEM:  [263, 122]
---------------------------------------
DEBUG    root:machine.py:309 JE 14
TICK: 12728 PC:   8 ADDR:   0 MEM_OUT: 263 ACC: 2 BUFF: 263 DC: 0 FLAG_ZERO: False FLAG_LT: 0 FLAG_GT: 1
INPUT_PORT:  []
OUT_PORT:  []
DATA_MEM:  [263, 122]
---------------------------------------
DEBUG    root:machine.py:309 LD 0
TICK: 12731 PC:   9 ADDR:   0 MEM_OUT: 263 ACC: 2 BUFF: 263 DC: 0 FLAG_ZERO: False FLAG_LT: 0 FLAG_GT: 1
INPUT_PORT:  []
OUT_PORT:  []
DATA_MEM:  [263, 122]
---------------------------------------
DEBUG    root:machine.py:309 MOD 5
TICK: 12735 PC:  10 ADDR:   0 MEM_OUT: 263 ACC: 263 BUFF: 263 DC: 0 FLAG_ZERO: False FLAG_LT: 0 FLAG_GT: 1
INPUT_PORT:  []
OUT_PORT:  []
DATA_MEM:  [263, 122]
---------------------------------------
DEBUG    root:machine.py:309 CMP 0
TICK: 12739 PC:  11 ADDR:   0 MEM_OUT: 263 ACC: 3 BUFF: 263 DC: 0 FLAG_ZERO: False FLAG_LT: 0 FLAG_GT: 1
INPUT_PORT:  []
OUT_PORT:  []
DATA_MEM:  [263, 122]
---------------------------------------
DEBUG    root:machine.py:309 JE 18
TICK: 12742 PC:  12 ADDR:   0 MEM_OUT: 263 ACC: 3 BUFF: 263 DC: 0 FLAG_ZERO: False FLAG_LT: 0 FLAG_GT: 1
INPUT_PORT:  []
OUT_PORT:  []
DATA_MEM:  [263, 122]
---------------------------------------
DEBUG    root:machine.py:309 JMP 0
TICK: 12745 PC:  13 ADDR:   0 MEM_OUT: 263 ACC: 3 BUFF: 263 DC: 0 FLAG_ZERO: False FLAG_LT: 0 FLAG_GT: 1
INPUT_PORT:  []
OUT_PORT:  []
DATA_MEM:  [263, 122]
---------------------------------------
DEBUG    root:machine.py:309 LD 0
TICK: 12748 PC:   0 ADDR:   0 MEM_OUT: 263 ACC: 3 BUFF: 263 DC: 0 FLAG_ZERO: False FLAG_LT: 0 FLAG_GT: 1
INPUT_PORT:  []
OUT_PORT:  []
DATA_MEM:  [263, 122]
---------------------------------------
DEBUG    root:machine.py:309 INC 
TICK: 12752 PC:   1 ADDR:   0 MEM_OUT: 263 ACC: 263 BUFF: 263 DC: 0 FLAG_ZERO: False FLAG_LT: 0 FLAG_GT: 1
INPUT_PORT:  []
OUT_PORT:  []
DATA_MEM:  [263, 122]
---------------------------------------
DEBUG    root:machine.py:309 ST 0
TICK: 12755 PC:   2 ADDR:   0 MEM_OUT: 263 ACC: 264 BUFF: 263 DC: 0 FLAG_ZERO: False FLAG_LT: 0 FLAG_GT: 1
INPUT_PORT:  []
OUT_PORT:  []
DATA_MEM:  [263, 122]
---------------------------------------
DEBUG    root:machine.py:309 CMP 1000
TICK: 12759 PC:   3 ADDR:   0 MEM_OUT: 264 ACC: 264 BUFF: 263 DC: 0 FLAG_ZERO: False FLAG_LT: 0 FLAG_GT: 1
INPUT_PORT:  []
OUT_PORT:  []
DATA_MEM:  [264, 122]
---------------------------------------
DEBUG    root:machine.py:309 JGE 22
TICK: 12762 PC:   4 ADDR:   0 MEM_OUT: 264 ACC: 264 BUFF: 263 DC: 0 FLAG_ZERO: False FLAG_LT: 1 FLAG_GT: 0
INPUT_PORT:  []
OUT_PORT:  []
DATA_MEM:  [264, 122]
---------------------------------------
DEBUG    root:machine.py:309 LD 0
TICK: 12765 PC:   5 ADDR:   0 MEM_OUT: 264 ACC: 264 BUFF: 263 DC: 0 FLAG_ZERO: False FLAG_LT: 1 FLAG_GT: 0
INPUT_PORT:  []
OUT_PORT:  []
DATA_MEM:  [264, 122]
---------------------------------------
DEBUG    root:machine.py:309 MOD 3
TICK: 12769 PC:   6 ADDR:   0 MEM_OUT: 264 ACC: 264 BUFF: 263 DC: 0 FLAG_ZERO: False FLAG_LT: 1 FLAG_GT: 0
INPUT_PORT:  []
OUT_PORT:  []
DATA_MEM:  [264, 122]
---------------------------------------
DEBUG    root:machine.py:309 CMP 0
TICK: 12773 PC:   7 ADDR:   0 MEM_OUT: 264 ACC: 0 BUFF: 264 DC: 0 FLAG_ZERO: False FLAG_LT: 1 FLAG_GT: 0
INPUT_PORT:  []
OUT_PORT:  []
DATA_MEM:  [264, 122]
---------------------------------------
DEBUG    root:machine.py:309 JE 14
TICK: 12776 PC:   8 ADDR:   0 MEM_OUT: 264 ACC: 0 BUFF: 264 DC: 0 FLAG_ZERO: True FLAG_LT: 0 FLAG_GT: 0
INPUT_PORT:  []
OUT_PORT:  []
DATA_MEM:  [264, 122]
---------------------------------------
DEBUG    root:machine.py:309 LD 4
TICK: 12779 PC:  14 ADDR:   0 MEM_OUT: 264 ACC: 0 BUFF: 264 DC: 0 FLAG_ZERO: True FLAG_LT: 0 FLAG_GT: 0
INPUT_PORT:  []
OUT_PORT:  []
DATA_MEM:  [264, 122]
---------------------------------------
DEBUG    root:machine.py:309 INC 
TICK: 12783 PC:  15 ADDR:   1 MEM_OUT: 122 ACC: 122 BUFF: 264 DC: 0 FLAG_ZERO: True FLAG_LT: 0 FLAG_GT: 0
INPUT_PORT:  []
OUT_PORT:  []
DATA_MEM:  [264, 122]
---------------------------------------
DEBUG    root:machine.py:309 ST 4
TICK: 12786 PC:  16 ADDR:   1 MEM_OUT: 122 ACC: 123 BUFF: 264 DC: 0 FLAG_ZERO: True FLAG_LT: 0 FLAG_GT: 0
INPUT_PORT:  []
OUT_PORT:  []
DATA_MEM:  [264, 122]
---------------------------------------
DEBUG    root:machine.py:309 JMP 0
TICK: 12790 PC:  17 ADDR:   1 MEM_OUT: 123 ACC: 123 BUFF: 264 DC: 0 FLAG_ZERO: True FLAG_LT: 0 FLAG_GT: 0
INPUT_PORT:  []
OUT_PORT:  []
DATA_MEM:  [264, 123]
---------------------------------------
DEBUG    root:machine.py:309 LD 0
TICK: 12793 PC:   0 ADDR:   1 MEM_OUT: 123 ACC: 123 BUFF: 264 DC: 0 FLAG_ZERO: True FLAG_LT: 0 FLAG_GT: 0
INPUT_PORT:  []
OUT_PORT:  []
DATA_MEM:  [264, 123]
---------------------------------------
DEBUG    root:machine.py:309 INC 
TICK: 12797 PC:   1 ADDR:   0 MEM_OUT: 264 ACC: 264 BUFF: 264 DC: 0 FLAG_ZERO: True FLAG_LT: 0 FLAG_GT: 0
INPUT_PORT:  []
OUT_PORT:  []
DATA_MEM:  [264, 123]
---------------------------------------
DEBUG    root:machine.py:309 ST 0
TICK: 12800 PC:   2 ADDR:   0 MEM_OUT: 264 ACC: 265 BUFF: 264 DC: 0 FLAG_ZERO: True FLAG_LT: 0 FLAG_GT: 0
INPUT_PORT:  []
OUT_PORT:  []
DATA_MEM:  [264, 123]
---------------------------------------
DEBUG    root:machine.py:309 CMP 1000
TICK: 12804 PC:   3 ADDR:   0 MEM_OUT: 265 ACC: 265 BUFF: 264 DC: 0 FLAG_ZERO: True FLAG_LT: 0 FLAG_GT: 0
INPUT_PORT:  []
OUT_PORT:  []
DATA_MEM:  [265, 123]
---------------------------------------
DEBUG    root:machine.py:309 JGE 22
TICK: 12807 PC:   4 ADDR:   0 MEM_OUT: 265 ACC: 265 BUFF: 264 DC: 0 FLAG_ZERO: False FLAG_LT: 1 FLAG_GT: 0
INPUT_PORT:  []
OUT_PORT:  []
DATA_MEM:  [265, 123]
---------------------------------------
DEBUG    root:machine.py:309 LD 0
TICK: 12810 PC:   5 ADDR:   0 MEM_OUT: 265 ACC: 265 BUFF: 264 DC: 0 FLAG_ZERO: False FLAG_LT: 1 FLAG_GT: 0
INPUT_PORT:  []
OUT_PORT:  []
DATA_MEM:  [265, 123]
---------------------------------------
DEBUG    root:machine.py:309 MOD 3
TICK: 12814 PC:   6 ADDR:   0 MEM_OUT: 265 ACC: 265 BUFF: 264 DC: 0 FLAG_ZERO: False FLAG_LT: 1 FLAG_GT: 0
INPUT_PORT:  []
OUT_PORT:  []
DATA_MEM:  [265, 123]
---------------------------------------
DEBUG    root:machine.py:309 CMP 0
TICK: 12818 PC:   7 ADDR:   0 MEM_OUT: 265 ACC: 1 BUFF: 265 DC: 0 FLAG_ZERO: False FLAG_LT: 1 FLAG_GT: 0
INPUT_PORT:  []
OUT_PORT:  []
DATA_MEM:  [265, 123]
---------------------------------------
DEBUG    root:machine.py:309 JE 14
TICK: 12821 PC:   8 ADDR:   0 MEM_OUT: 265 ACC: 1 BUFF: 265 DC: 0 FLAG_ZERO: False FLAG_LT: 0 FLAG_GT: 1
INPUT_PORT:  []
OUT_PORT:  []
DATA_MEM:  [265, 123]
---------------------------------------
DEBUG    root:machine.py:309 LD 0
TICK: 12824 PC:   9 ADDR:   0 MEM_OUT: 265 ACC: 1 BUFF: 265 DC: 0 FLAG_ZERO: False FLAG_LT: 0 FLAG_GT: 1
INPUT_PORT:  []
OUT_PORT:  []
DATA_MEM:  [265, 123]
---------------------------------------
DEBUG    root:machine.py:309 MOD 5
TICK: 12828 PC:  10 ADDR:   0 MEM_OUT: 265 ACC: 265 BUFF: 265 DC: 0 FLAG_ZERO: False FLAG_LT: 0 FLAG_GT: 1
INPUT_PORT:  []
OUT_PORT:  []
DATA_MEM:  [265, 123]
---------------------------------------
DEBUG    root:machine.py:309 CMP 0
TICK: 12832 PC:  11 ADDR:   0 MEM_OUT: 265 ACC: 0 BUFF: 265 DC: 0 FLAG_ZERO: False FLAG_LT: 0 FLAG_GT: 1
INPUT_PORT:  []
OUT_PORT:  []
DATA_MEM:  [265, 123]
---------------------------------------
DEBUG    root:machine.py:309 JE 18
TICK: 12835 PC:  12 ADDR:   0 MEM_OUT: 265 ACC: 0 BUFF: 265 DC: 0 FLAG_ZERO: True FLAG_LT: 0 FLAG_GT: 0
INPUT_PORT:  []
OUT_PORT:  []
DATA_MEM:  [265, 123]
---------------------------------------
DEBUG    root:machine.py:309 LD 4
TICK: 12838 PC:  18 ADDR:   0 MEM_OUT: 265 ACC: 0 BUFF: 265 DC: 0 FLAG_ZERO: True FLAG_LT: 0 FLAG_GT: 0
INPUT_PORT:  []
OUT_PORT:  []
DATA_MEM:  [265, 123]
---------------------------------------
DEBUG    root:machine.py:309 INC 
TICK: 12842 PC:  19 ADDR:   1 MEM_OUT: 123 ACC: 123 BUFF: 265 DC: 0 FLAG_ZERO: True FLAG_LT: 0 FLAG_GT: 0
INPUT_PORT:  []
OUT_PORT:  []
DATA_MEM:  [265, 123]
---------------------------------------
DEBUG    root:machine.py:309 ST 4
TICK: 12845 PC:  20 ADDR:   1 MEM_OUT: 123 ACC: 124 BUFF: 265 DC: 0 FLAG_ZERO: True FLAG_LT: 0 FLAG_GT: 0
INPUT_PORT:  []
OUT_PORT:  []
DATA_MEM:  [265, 123]
---------------------------------------
DEBUG    root:machine.py:309 JMP 0
TICK: 12849 PC:  21 ADDR:   1 MEM_OUT: 124 ACC: 124 BUFF: 265 DC: 0 FLAG_ZERO: True FLAG_LT: 0 FLAG_GT: 0
INPUT_PORT:  []
OUT_PORT:  []
DATA_MEM:  [265, 124]
---------------------------------------
DEBUG    root:machine.py:309 LD 0
TICK: 12852 PC:   0 ADDR:   1 MEM_OUT: 124 ACC: 124 BUFF: 265 DC: 0 FLAG_ZERO: True FLAG_LT: 0 FLAG_GT: 0
INPUT_PORT:  []
OUT_PORT:  []
DATA_MEM:  [265, 124]
---------------------------------------
DEBUG    root:machine.py:309 INC 
TICK: 12856 PC:   1 ADDR:   0 MEM_OUT: 265 ACC: 265 BUFF: 265 DC: 0 FLAG_ZERO: True FLAG_LT: 0 FLAG_GT: 0
INPUT_PORT:  []
OUT_PORT:  []
DATA_MEM:  [265, 124]
---------------------------------------
DEBUG    root:machine.py:309 ST 0
TICK: 12859 PC:   2 ADDR:   0 MEM_OUT: 265 ACC: 266 BUFF: 265 DC: 0 FLAG_ZERO: True FLAG_LT: 0 FLAG_GT: 0
INPUT_PORT:  []
OUT_PORT:  []
DATA_MEM:  [265, 124]
---------------------------------------
DEBUG    root:machine.py:309 CMP 1000
TICK: 12863 PC:   3 ADDR:   0 MEM_OUT: 266 ACC: 266 BUFF: 265 DC: 0 FLAG_ZERO: True FLAG_LT: 0 FLAG_GT: 0
INPUT_PORT:  []
OUT_PORT:  []
DATA_MEM:  [266, 124]
---------------------------------------
DEBUG    root:machine.py:309 JGE 22
TICK: 12866 PC:   4 ADDR:   0 MEM_OUT: 266 ACC: 266 BUFF: 265 DC: 0 FLAG_ZERO: False FLAG_LT: 1 FLAG_GT: 0
INPUT_PORT:  []
OUT_PORT:  []
DATA_MEM:  [266, 124]
---------------------------------------
DEBUG    root:machine.py:309 LD 0
TICK: 12869 PC:   5 ADDR:   0 MEM_OUT: 266 ACC: 266 BUFF: 265 DC: 0 FLAG_ZERO: False FLAG_LT: 1 FLAG_GT: 0
INPUT_PORT:  []
OUT_PORT:  []
DATA_MEM:  [266, 124]
---------------------------------------
DEBUG    root:machine.py:309 MOD 3
TICK: 12873 PC:   6 ADDR:   0 MEM_OUT: 266 ACC: 266 BUFF: 265 DC: 0 FLAG_ZERO: False FLAG_LT: 1 FLAG_GT: 0
INPUT_PORT:  []
OUT_PORT:  []
DATA_MEM:  [266, 124]
---------------------------------------
DEBUG    root:machine.py:309 CMP 0
TICK: 12877 PC:   7 ADDR:   0 MEM_OUT: 266 ACC: 2 BUFF: 266 DC: 0 FLAG_ZERO: False FLAG_LT: 1 FLAG_GT: 0
INPUT_PORT:  []
OUT_PORT:  []
DATA_MEM:  [266, 124]
---------------------------------------
DEBUG    root:machine.py:309 JE 14
TICK: 12880 PC:   8 ADDR:   0 MEM_OUT: 266 ACC: 2 BUFF: 266 DC: 0 FLAG_ZERO: False FLAG_LT: 0 FLAG_GT: 1
INPUT_PORT:  []
OUT_PORT:  []
DATA_MEM:  [266, 124]
---------------------------------------
DEBUG    root:machine.py:309 LD 0
TICK: 12883 PC:   9 ADDR:   0 MEM_OUT: 266 ACC: 2 BUFF: 266 DC: 0 FLAG_ZERO: False FLAG_LT: 0 FLAG_GT: 1
INPUT_PORT:  []
OUT_PORT:  []
DATA_MEM:  [266, 124]
---------------------------------------
DEBUG    root:machine.py:309 MOD 5
TICK: 12887 PC:  10 ADDR:   0 MEM_OUT: 266 ACC: 266 BUFF: 266 DC: 0 FLAG_ZERO: False FLAG_LT: 0 FLAG_GT: 1
INPUT_PORT:  []
OUT_PORT:  []
DATA_MEM:  [266, 124]
---------------------------------------
DEBUG    root:machine.py:309 CMP 0
TICK: 12891 PC:  11 ADDR:   0 MEM_OUT: 266 ACC: 1 BUFF: 266 DC: 0 FLAG_ZERO: False FLAG_LT: 0 FLAG_GT: 1
INPUT_PORT:  []
OUT_PORT:  []
DATA_MEM:  [266, 124]
---------------------------------------
DEBUG    root:machine.py:309 JE 18
TICK: 12894 PC:  12 ADDR:   0 MEM_OUT: 266 ACC: 1 BUFF: 266 DC: 0 FLAG_ZERO: False FLAG_LT: 0 FLAG_GT: 1
INPUT_PORT:  []
OUT_PORT:  []
DATA_MEM:  [266, 124]
---------------------------------------
DEBUG    root:machine.py:309 JMP 0
TICK: 12897 PC:  13 ADDR:   0 MEM_OUT: 266 ACC: 1 BUFF: 266 DC: 0 FLAG_ZERO: False FLAG_LT: 0 FLAG_GT: 1
INPUT_PORT:  []
OUT_PORT:  []
DATA_MEM:  [266, 124]
---------------------------------------
DEBUG    root:machine.py:309 LD 0
TICK: 12900 PC:   0 ADDR:   0 MEM_OUT: 266 ACC: 1 BUFF: 266 DC: 0 FLAG_ZERO: False FLAG_LT: 0 FLAG_GT: 1
INPUT_PORT:  []
OUT_PORT:  []
DATA_MEM:  [266, 124]
---------------------------------------
DEBUG    root:machine.py:309 INC 
TICK: 12904 PC:   1 ADDR:   0 MEM_OUT: 266 ACC: 266 BUFF: 266 DC: 0 FLAG_ZERO: False FLAG_LT: 0 FLAG_GT: 1
INPUT_PORT:  []
OUT_PORT:  []
DATA_MEM:  [266, 124]
---------------------------------------
DEBUG    root:machine.py:309 ST 0
TICK: 12907 PC:   2 ADDR:   0 MEM_OUT: 266 ACC: 267 BUFF: 266 DC: 0 FLAG_ZERO: False FLAG_LT: 0 FLAG_GT: 1
INPUT_PORT:  []
OUT_PORT:  []
DATA_MEM:  [266, 124]
---------------------------------------
DEBUG    root:machine.py:309 CMP 1000
TICK: 12911 PC:   3 ADDR:   0 MEM_OUT: 267 ACC: 267 BUFF: 266 DC: 0 FLAG_ZERO: False FLAG_LT: 0 FLAG_GT: 1
INPUT_PORT:  []
OUT_PORT:  []
DATA_MEM:  [267, 124]
---------------------------------------
DEBUG    root:machine.py:309 JGE 22
TICK: 12914 PC:   4 ADDR:   0 MEM_OUT: 267 ACC: 267 BUFF: 266 DC: 0 FLAG_ZERO: False FLAG_LT: 1 FLAG_GT: 0
INPUT_PORT:  []
OUT_PORT:  []
DATA_MEM:  [267, 124]
---------------------------------------
DEBUG    root:machine.py:309 LD 0
TICK: 12917 PC:   5 ADDR:   0 MEM_OUT: 267 ACC: 267 BUFF: 266 DC: 0 FLAG_ZERO: False FLAG_LT: 1 FLAG_GT: 0
INPUT_PORT:  []
OUT_PORT:  []
DATA_MEM:  [267, 124]
---------------------------------------
DEBUG    root:machine.py:309 MOD 3
TICK: 12921 PC:   6 ADDR:   0 MEM_OUT: 267 ACC: 267 BUFF: 266 DC: 0 FLAG_ZERO: False FLAG_LT: 1 FLAG_GT: 0
INPUT_PORT:  []
OUT_PORT:  []
DATA_MEM:  [267, 124]
---------------------------------------
DEBUG    root:machine.py:309 CMP 0
TICK: 12925 PC:   7 ADDR:   0 MEM_OUT: 267 ACC: 0 BUFF: 267 DC: 0 FLAG_ZERO: False FLAG_LT: 1 FLAG_GT: 0
INPUT_PORT:  []
OUT_PORT:  []
DATA_MEM:  [267, 124]
---------------------------------------
DEBUG    root:machine.py:309 JE 14
TICK: 12928 PC:   8 ADDR:   0 MEM_OUT: 267 ACC: 0 BUFF: 267 DC: 0 FLAG_ZERO: True FLAG_LT: 0 FLAG_GT: 0
INPUT_PORT:  []
OUT_PORT:  []
DATA_MEM:  [267, 124]
---------------------------------------
DEBUG    root:machine.py:309 LD 4
TICK: 12931 PC:  14 ADDR:   0 MEM_OUT: 267 ACC: 0 BUFF: 267 DC: 0 FLAG_ZERO: True FLAG_LT: 0 FLAG_GT: 0
INPUT_PORT:  []
OUT_PORT:  []
DATA_MEM:  [267, 124]
---------------------------------------
DEBUG    root:machine.py:309 INC 
TICK: 12935 PC:  15 ADDR:   1 MEM_OUT: 124 ACC: 124 BUFF: 267 DC: 0 FLAG_ZERO: True FLAG_LT: 0 FLAG_GT: 0
INPUT_PORT:  []
OUT_PORT:  []
DATA_MEM:  [267, 124]
---------------------------------------
DEBUG    root:machine.py:309 ST 4
TICK: 12938 PC:  16 ADDR:   1 MEM_OUT: 124 ACC: 125 BUFF: 267 DC: 0 FLAG_ZERO: True FLAG_LT: 0 FLAG_GT: 0
INPUT_PORT:  []
OUT_PORT:  []
DATA_MEM:  [267, 124]
---------------------------------------
DEBUG    root:machine.py:309 JMP 0
TICK: 12942 PC:  17 ADDR:   1 MEM_OUT: 125 ACC: 125 BUFF: 267 DC: 0 FLAG_ZERO: True FLAG_LT: 0 FLAG_GT: 0
INPUT_PORT:  []
OUT_PORT:  []
DATA_MEM:  [267, 125]
---------------------------------------
DEBUG    root:machine.py:309 LD 0
TICK: 12945 PC:   0 ADDR:   1 MEM_OUT: 125 ACC: 125 BUFF: 267 DC: 0 FLAG_ZERO: True FLAG_LT: 0 FLAG_GT: 0
INPUT_PORT:  []
OUT_PORT:  []
DATA_MEM:  [267, 125]
---------------------------------------
DEBUG    root:machine.py:309 INC 
TICK: 12949 PC:   1 ADDR:   0 MEM_OUT: 267 ACC: 267 BUFF: 267 DC: 0 FLAG_ZERO: True FLAG_LT: 0 FLAG_GT: 0
INPUT_PORT:  []
OUT_PORT:  []
DATA_MEM:  [267, 125]
---------------------------------------
DEBUG    root:machine.py:309 ST 0
TICK: 12952 PC:   2 ADDR:   0 MEM_OUT: 267 ACC: 268 BUFF: 267 DC: 0 FLAG_ZERO: True FLAG_LT: 0 FLAG_GT: 0
INPUT_PORT:  []
OUT_PORT:  []
DATA_MEM:  [267, 125]
---------------------------------------
DEBUG    root:machine.py:309 CMP 1000
TICK: 12956 PC:   3 ADDR:   0 MEM_OUT: 268 ACC: 268 BUFF: 267 DC: 0 FLAG_ZERO: True FLAG_LT: 0 FLAG_GT: 0
INPUT_PORT:  []
OUT_PORT:  []
DATA_MEM:  [268, 125]
---------------------------------------
DEBUG    root:machine.py:309 JGE 22
TICK: 12959 PC:   4 ADDR:   0 MEM_OUT: 268 ACC: 268 BUFF: 267 DC: 0 FLAG_ZERO: False FLAG_LT: 1 FLAG_GT: 0
INPUT_PORT:  []
OUT_PORT:  []
DATA_MEM:  [268, 125]
---------------------------------------
DEBUG    root:machine.py:309 LD 0
TICK: 12962 PC:   5 ADDR:   0 MEM_OUT: 268 ACC: 268 BUFF: 267 DC: 0 FLAG_ZERO: False FLAG_LT: 1 FLAG_GT: 0
INPUT_PORT:  []
OUT_PORT:  []
DATA_MEM:  [268, 125]
---------------------------------------
DEBUG    root:machine.py:309 MOD 3
TICK: 12966 PC:   6 ADDR:   0 MEM_OUT: 268 ACC: 268 BUFF: 267 DC: 0 FLAG_ZERO: False FLAG_LT: 1 FLAG_GT: 0
INPUT_PORT:  []
OUT_PORT:  []
DATA_MEM:  [268, 125]
---------------------------------------
DEBUG    root:machine.py:309 CMP 0
TICK: 12970 PC:   7 ADDR:   0 MEM_OUT: 268 ACC: 1 BUFF: 268 DC: 0 FLAG_ZERO: False FLAG_LT: 1 FLAG_GT: 0
INPUT_PORT:  []
OUT_PORT:  []
DATA_MEM:  [268, 125]
---------------------------------------
DEBUG    root:machine.py:309 JE 14
TICK: 12973 PC:   8 ADDR:   0 MEM_OUT: 268 ACC: 1 BUFF: 268 DC: 0 FLAG_ZERO: False FLAG_LT: 0 FLAG_GT: 1
INPUT_PORT:  []
OUT_PORT:  []
DATA_MEM:  [268, 125]
---------------------------------------
DEBUG    root:machine.py:309 LD 0
TICK: 12976 PC:   9 ADDR:   0 MEM_OUT: 268 ACC: 1 BUFF: 268 DC: 0 FLAG_ZERO: False FLAG_LT: 0 FLAG_GT: 1
INPUT_PORT:  []
OUT_PORT:  []
DATA_MEM:  [268, 125]
---------------------------------------
DEBUG    root:machine.py:309 MOD 5
TICK: 12980 PC:  10 ADDR:   0 MEM_OUT: 268 ACC: 268 BUFF: 268 DC: 0 FLAG_ZERO: False FLAG_LT: 0 FLAG_GT: 1
INPUT_PORT:  []
OUT_PORT:  []
DATA_MEM:  [268, 125]
---------------------------------------
DEBUG    root:machine.py:309 CMP 0
TICK: 12984 PC:  11 ADDR:   0 MEM_OUT: 268 ACC: 3 BUFF: 268 DC: 0 FLAG_ZERO: False FLAG_LT: 0 FLAG_GT: 1
INPUT_PORT:  []
OUT_PORT:  []
DATA_MEM:  [268, 125]
---------------------------------------
DEBUG    root:machine.py:309 JE 18
TICK: 12987 PC:  12 ADDR:   0 MEM_OUT: 268 ACC: 3 BUFF: 268 DC: 0 FLAG_ZERO: False FLAG_LT: 0 FLAG_GT: 1
INPUT_PORT:  []
OUT_PORT:  []
DATA_MEM:  [268, 125]
---------------------------------------
DEBUG    root:machine.py:309 JMP 0
TICK: 12990 PC:  13 ADDR:   0 MEM_OUT: 268 ACC: 3 BUFF: 268 DC: 0 FLAG_ZERO: False FLAG_LT: 0 FLAG_GT: 1
INPUT_PORT:  []
OUT_PORT:  []
DATA_MEM:  [268, 125]
---------------------------------------
DEBUG    root:machine.py:309 LD 0
TICK: 12993 PC:   0 ADDR:   0 MEM_OUT: 268 ACC: 3 BUFF: 268 DC: 0 FLAG_ZERO: False FLAG_LT: 0 FLAG_GT: 1
INPUT_PORT:  []
OUT_PORT:  []
DATA_MEM:  [268, 125]
---------------------------------------
DEBUG    root:machine.py:309 INC 
TICK: 12997 PC:   1 ADDR:   0 MEM_OUT: 268 ACC: 268 BUFF: 268 DC: 0 FLAG_ZERO: False FLAG_LT: 0 FLAG_GT: 1
INPUT_PORT:  []
OUT_PORT:  []
DATA_MEM:  [268, 125]
---------------------------------------
DEBUG    root:machine.py:309 ST 0
TICK: 13000 PC:   2 ADDR:   0 MEM_OUT: 268 ACC: 269 BUFF: 268 DC: 0 FLAG_ZERO: False FLAG_LT: 0 FLAG_GT: 1
INPUT_PORT:  []
OUT_PORT:  []
DATA_MEM:  [268, 125]
---------------------------------------
DEBUG    root:machine.py:309 CMP 1000
TICK: 13004 PC:   3 ADDR:   0 MEM_OUT: 269 ACC: 269 BUFF: 268 DC: 0 FLAG_ZERO: False FLAG_LT: 0 FLAG_GT: 1
INPUT_PORT:  []
OUT_PORT:  []
DATA_MEM:  [269, 125]
---------------------------------------
DEBUG    root:machine.py:309 JGE 22
TICK: 13007 PC:   4 ADDR:   0 MEM_OUT: 269 ACC: 269 BUFF: 268 DC: 0 FLAG_ZERO: False FLAG_LT: 1 FLAG_GT: 0
INPUT_PORT:  []
OUT_PORT:  []
DATA_MEM:  [269, 125]
---------------------------------------
DEBUG    root:machine.py:309 LD 0
TICK: 13010 PC:   5 ADDR:   0 MEM_OUT: 269 ACC: 269 BUFF: 268 DC: 0 FLAG_ZERO: False FLAG_LT: 1 FLAG_GT: 0
INPUT_PORT:  []
OUT_PORT:  []
DATA_MEM:  [269, 125]
---------------------------------------
DEBUG    root:machine.py:309 MOD 3
TICK: 13014 PC:   6 ADDR:   0 MEM_OUT: 269 ACC: 269 BUFF: 268 DC: 0 FLAG_ZERO: False FLAG_LT: 1 FLAG_GT: 0
INPUT_PORT:  []
OUT_PORT:  []
DATA_MEM:  [269, 125]
---------------------------------------
DEBUG    root:machine.py:309 CMP 0
TICK: 13018 PC:   7 ADDR:   0 MEM_OUT: 269 ACC: 2 BUFF: 269 DC: 0 FLAG_ZERO: False FLAG_LT: 1 FLAG_GT: 0
INPUT_PORT:  []
OUT_PORT:  []
DATA_MEM:  [269, 125]
---------------------------------------
DEBUG    root:machine.py:309 JE 14
TICK: 13021 PC:   8 ADDR:   0 MEM_OUT: 269 ACC: 2 BUFF: 269 DC: 0 FLAG_ZERO: False FLAG_LT: 0 FLAG_GT: 1
INPUT_PORT:  []
OUT_PORT:  []
DATA_MEM:  [269, 125]
---------------------------------------
DEBUG    root:machine.py:309 LD 0
TICK: 13024 PC:   9 ADDR:   0 MEM_OUT: 269 ACC: 2 BUFF: 269 DC: 0 FLAG_ZERO: False FLAG_LT: 0 FLAG_GT: 1
INPUT_PORT:  []
OUT_PORT:  []
DATA_MEM:  [269, 125]
---------------------------------------
DEBUG    root:machine.py:309 MOD 5
TICK: 13028 PC:  10 ADDR:   0 MEM_OUT: 269 ACC: 269 BUFF: 269 DC: 0 FLAG_ZERO: False FLAG_LT: 0 FLAG_GT: 1
INPUT_PORT:  []
OUT_PORT:  []
DATA_MEM:  [269, 125]
---------------------------------------
DEBUG    root:machine.py:309 CMP 0
TICK: 13032 PC:  11 ADDR:   0 MEM_OUT: 269 ACC: 4 BUFF: 269 DC: 0 FLAG_ZERO: False FLAG_LT: 0 FLAG_GT: 1
INPUT_PORT:  []
OUT_PORT:  []
DATA_MEM:  [269, 125]
---------------------------------------
DEBUG    root:machine.py:309 JE 18
TICK: 13035 PC:  12 ADDR:   0 MEM_OUT: 269 ACC: 4 BUFF: 269 DC: 0 FLAG_ZERO: False FLAG_LT: 0 FLAG_GT: 1
INPUT_PORT:  []
OUT_PORT:  []
DATA_MEM:  [269, 125]
---------------------------------------
DEBUG    root:machine.py:309 JMP 0
TICK: 13038 PC:  13 ADDR:   0 MEM_OUT: 269 ACC: 4 BUFF: 269 DC: 0 FLAG_ZERO: False FLAG_LT: 0 FLAG_GT: 1
INPUT_PORT:  []
OUT_PORT:  []
DATA_MEM:  [269, 125]
---------------------------------------
DEBUG    root:machine.py:309 LD 0
TICK: 13041 PC:   0 ADDR:   0 MEM_OUT: 269 ACC: 4 BUFF: 269 DC: 0 FLAG_ZERO: False FLAG_LT: 0 FLAG_GT: 1
INPUT_PORT:  []
OUT_PORT:  []
DATA_MEM:  [269, 125]
---------------------------------------
DEBUG    root:machine.py:309 INC 
TICK: 13045 PC:   1 ADDR:   0 MEM_OUT: 269 ACC: 269 BUFF: 269 DC: 0 FLAG_ZERO: False FLAG_LT: 0 FLAG_GT: 1
INPUT_PORT:  []
OUT_PORT:  []
DATA_MEM:  [269, 125]
---------------------------------------
DEBUG    root:machine.py:309 ST 0
TICK: 13048 PC:   2 ADDR:   0 MEM_OUT: 269 ACC: 270 BUFF: 269 DC: 0 FLAG_ZERO: False FLAG_LT: 0 FLAG_GT: 1
INPUT_PORT:  []
OUT_PORT:  []
DATA_MEM:  [269, 125]
---------------------------------------
DEBUG    root:machine.py:309 CMP 1000
TICK: 13052 PC:   3 ADDR:   0 MEM_OUT: 270 ACC: 270 BUFF: 269 DC: 0 FLAG_ZERO: False FLAG_LT: 0 FLAG_GT: 1
INPUT_PORT:  []
OUT_PORT:  []
DATA_MEM:  [270, 125]
---------------------------------------
DEBUG    root:machine.py:309 JGE 22
TICK: 13055 PC:   4 ADDR:   0 MEM_OUT: 270 ACC: 270 BUFF: 269 DC: 0 FLAG_ZERO: False FLAG_LT: 1 FLAG_GT: 0
INPUT_PORT:  []
OUT_PORT:  []
DATA_MEM:  [270, 125]
---------------------------------------
DEBUG    root:machine.py:309 LD 0
TICK: 13058 PC:   5 ADDR:   0 MEM_OUT: 270 ACC: 270 BUFF: 269 DC: 0 FLAG_ZERO: False FLAG_LT: 1 FLAG_GT: 0
INPUT_PORT:  []
OUT_PORT:  []
DATA_MEM:  [270, 125]
---------------------------------------
DEBUG    root:machine.py:309 MOD 3
TICK: 13062 PC:   6 ADDR:   0 MEM_OUT: 270 ACC: 270 BUFF: 269 DC: 0 FLAG_ZERO: False FLAG_LT: 1 FLAG_GT: 0
INPUT_PORT:  []
OUT_PORT:  []
DATA_MEM:  [270, 125]
---------------------------------------
DEBUG    root:machine.py:309 CMP 0
TICK: 13066 PC:   7 ADDR:   0 MEM_OUT: 270 ACC: 0 BUFF: 270 DC: 0 FLAG_ZERO: False FLAG_LT: 1 FLAG_GT: 0
INPUT_PORT:  []
OUT_PORT:  []
DATA_MEM:  [270, 125]
---------------------------------------
DEBUG    root:machine.py:309 JE 14
TICK: 13069 PC:   8 ADDR:   0 MEM_OUT: 270 ACC: 0 BUFF: 270 DC: 0 FLAG_ZERO: True FLAG_LT: 0 FLAG_GT: 0
INPUT_PORT:  []
OUT_PORT:  []
DATA_MEM:  [270, 125]
---------------------------------------
DEBUG    root:machine.py:309 LD 4
TICK: 13072 PC:  14 ADDR:   0 MEM_OUT: 270 ACC: 0 BUFF: 270 DC: 0 FLAG_ZERO: True FLAG_LT: 0 FLAG_GT: 0
INPUT_PORT:  []
OUT_PORT:  []
DATA_MEM:  [270, 125]
---------------------------------------
DEBUG    root:machine.py:309 INC 
TICK: 13076 PC:  15 ADDR:   1 MEM_OUT: 125 ACC: 125 BUFF: 270 DC: 0 FLAG_ZERO: True FLAG_LT: 0 FLAG_GT: 0
INPUT_PORT:  []
OUT_PORT:  []
DATA_MEM:  [270, 125]
---------------------------------------
DEBUG    root:machine.py:309 ST 4
TICK: 13079 PC:  16 ADDR:   1 MEM_OUT: 125 ACC: 126 BUFF: 270 DC: 0 FLAG_ZERO: True FLAG_LT: 0 FLAG_GT: 0
INPUT_PORT:  []
OUT_PORT:  []
DATA_MEM:  [270, 125]
---------------------------------------
DEBUG    root:machine.py:309 JMP 0
TICK: 13083 PC:  17 ADDR:   1 MEM_OUT: 126 ACC: 126 BUFF: 270 DC: 0 FLAG_ZERO: True FLAG_LT: 0 FLAG_GT: 0
INPUT_PORT:  []
OUT_PORT:  []
DATA_MEM:  [270, 126]
---------------------------------------
DEBUG    root:machine.py:309 LD 0
TICK: 13086 PC:   0 ADDR:   1 MEM_OUT: 126 ACC: 126 BUFF: 270 DC: 0 FLAG_ZERO: True FLAG_LT: 0 FLAG_GT: 0
INPUT_PORT:  []
OUT_PORT:  []
DATA_MEM:  [270, 126]
---------------------------------------
DEBUG    root:machine.py:309 INC 
TICK: 13090 PC:   1 ADDR:   0 MEM_OUT: 270 ACC: 270 BUFF: 270 DC: 0 FLAG_ZERO: True FLAG_LT: 0 FLAG_GT: 0
INPUT_PORT:  []
OUT_PORT:  []
DATA_MEM:  [270, 126]
---------------------------------------
DEBUG    root:machine.py:309 ST 0
TICK: 13093 PC:   2 ADDR:   0 MEM_OUT: 270 ACC: 271 BUFF: 270 DC: 0 FLAG_ZERO: True FLAG_LT: 0 FLAG_GT: 0
INPUT_PORT:  []
OUT_PORT:  []
DATA_MEM:  [270, 126]
---------------------------------------
DEBUG    root:machine.py:309 CMP 1000
TICK: 13097 PC:   3 ADDR:   0 MEM_OUT: 271 ACC: 271 BUFF: 270 DC: 0 FLAG_ZERO: True FLAG_LT: 0 FLAG_GT: 0
INPUT_PORT:  []
OUT_PORT:  []
DATA_MEM:  [271, 126]
---------------------------------------
DEBUG    root:machine.py:309 JGE 22
TICK: 13100 PC:   4 ADDR:   0 MEM_OUT: 271 ACC: 271 BUFF: 270 DC: 0 FLAG_ZERO: False FLAG_LT: 1 FLAG_GT: 0
INPUT_PORT:  []
OUT_PORT:  []
DATA_MEM:  [271, 126]
---------------------------------------
DEBUG    root:machine.py:309 LD 0
TICK: 13103 PC:   5 ADDR:   0 MEM_OUT: 271 ACC: 271 BUFF: 270 DC: 0 FLAG_ZERO: False FLAG_LT: 1 FLAG_GT: 0
INPUT_PORT:  []
OUT_PORT:  []
DATA_MEM:  [271, 126]
---------------------------------------
DEBUG    root:machine.py:309 MOD 3
TICK: 13107 PC:   6 ADDR:   0 MEM_OUT: 271 ACC: 271 BUFF: 270 DC: 0 FLAG_ZERO: False FLAG_LT: 1 FLAG_GT: 0
INPUT_PORT:  []
OUT_PORT:  []
DATA_MEM:  [271, 126]
---------------------------------------
DEBUG    root:machine.py:309 CMP 0
TICK: 13111 PC:   7 ADDR:   0 MEM_OUT: 271 ACC: 1 BUFF: 271 DC: 0 FLAG_ZERO: False FLAG_LT: 1 FLAG_GT: 0
INPUT_PORT:  []
OUT_PORT:  []
DATA_MEM:  [271, 126]
---------------------------------------
DEBUG    root:machine.py:309 JE 14
TICK: 13114 PC:   8 ADDR:   0 MEM_OUT: 271 ACC: 1 BUFF: 271 DC: 0 FLAG_ZERO: False FLAG_LT: 0 FLAG_GT: 1
INPUT_PORT:  []
OUT_PORT:  []
DATA_MEM:  [271, 126]
---------------------------------------
DEBUG    root:machine.py:309 LD 0
TICK: 13117 PC:   9 ADDR:   0 MEM_OUT: 271 ACC: 1 BUFF: 271 DC: 0 FLAG_ZERO: False FLAG_LT: 0 FLAG_GT: 1
INPUT_PORT:  []
OUT_PORT:  []
DATA_MEM:  [271, 126]
---------------------------------------
DEBUG    root:machine.py:309 MOD 5
TICK: 13121 PC:  10 ADDR:   0 MEM_OUT: 271 ACC: 271 BUFF: 271 DC: 0 FLAG_ZERO: False FLAG_LT: 0 FLAG_GT: 1
INPUT_PORT:  []
OUT_PORT:  []
DATA_MEM:  [271, 126]
---------------------------------------
DEBUG    root:machine.py:309 CMP 0
TICK: 13125 PC:  11 ADDR:   0 MEM_OUT: 271 ACC: 1 BUFF: 271 DC: 0 FLAG_ZERO: False FLAG_LT: 0 FLAG_GT: 1
INPUT_PORT:  []
OUT_PORT:  []
DATA_MEM:  [271, 126]
---------------------------------------
DEBUG    root:machine.py:309 JE 18
TICK: 13128 PC:  12 ADDR:   0 MEM_OUT: 271 ACC: 1 BUFF: 271 DC: 0 FLAG_ZERO: False FLAG_LT: 0 FLAG_GT: 1
INPUT_PORT:  []
OUT_PORT:  []
DATA_MEM:  [271, 126]
---------------------------------------
DEBUG    root:machine.py:309 JMP 0
TICK: 13131 PC:  13 ADDR:   0 MEM_OUT: 271 ACC: 1 BUFF: 271 DC: 0 FLAG_ZERO: False FLAG_LT: 0 FLAG_GT: 1
INPUT_PORT:  []
OUT_PORT:  []
DATA_MEM:  [271, 126]
---------------------------------------
DEBUG    root:machine.py:309 LD 0
TICK: 13134 PC:   0 ADDR:   0 MEM_OUT: 271 ACC: 1 BUFF: 271 DC: 0 FLAG_ZERO: False FLAG_LT: 0 FLAG_GT: 1
INPUT_PORT:  []
OUT_PORT:  []
DATA_MEM:  [271, 126]
---------------------------------------
DEBUG    root:machine.py:309 INC 
TICK: 13138 PC:   1 ADDR:   0 MEM_OUT: 271 ACC: 271 BUFF: 271 DC: 0 FLAG_ZERO: False FLAG_LT: 0 FLAG_GT: 1
INPUT_PORT:  []
OUT_PORT:  []
DATA_MEM:  [271, 126]
---------------------------------------
DEBUG    root:machine.py:309 ST 0
TICK: 13141 PC:   2 ADDR:   0 MEM_OUT: 271 ACC: 272 BUFF: 271 DC: 0 FLAG_ZERO: False FLAG_LT: 0 FLAG_GT: 1
INPUT_PORT:  []
OUT_PORT:  []
DATA_MEM:  [271, 126]
---------------------------------------
DEBUG    root:machine.py:309 CMP 1000
TICK: 13145 PC:   3 ADDR:   0 MEM_OUT: 272 ACC: 272 BUFF: 271 DC: 0 FLAG_ZERO: False FLAG_LT: 0 FLAG_GT: 1
INPUT_PORT:  []
OUT_PORT:  []
DATA_MEM:  [272, 126]
---------------------------------------
DEBUG    root:machine.py:309 JGE 22
TICK: 13148 PC:   4 ADDR:   0 MEM_OUT: 272 ACC: 272 BUFF: 271 DC: 0 FLAG_ZERO: False FLAG_LT: 1 FLAG_GT: 0
INPUT_PORT:  []
OUT_PORT:  []
DATA_MEM:  [272, 126]
---------------------------------------
DEBUG    root:machine.py:309 LD 0
TICK: 13151 PC:   5 ADDR:   0 MEM_OUT: 272 ACC: 272 BUFF: 271 DC: 0 FLAG_ZERO: False FLAG_LT: 1 FLAG_GT: 0
INPUT_PORT:  []
OUT_PORT:  []
DATA_MEM:  [272, 126]
---------------------------------------
DEBUG    root:machine.py:309 MOD 3
TICK: 13155 PC:   6 ADDR:   0 MEM_OUT: 272 ACC: 272 BUFF: 271 DC: 0 FLAG_ZERO: False FLAG_LT: 1 FLAG_GT: 0
INPUT_PORT:  []
OUT_PORT:  []
DATA_MEM:  [272, 126]
---------------------------------------
DEBUG    root:machine.py:309 CMP 0
TICK: 13159 PC:   7 ADDR:   0 MEM_OUT: 272 ACC: 2 BUFF: 272 DC: 0 FLAG_ZERO: False FLAG_LT: 1 FLAG_GT: 0
INPUT_PORT:  []
OUT_PORT:  []
DATA_MEM:  [272, 126]
---------------------------------------
DEBUG    root:machine.py:309 JE 14
TICK: 13162 PC:   8 ADDR:   0 MEM_OUT: 272 ACC: 2 BUFF: 272 DC: 0 FLAG_ZERO: False FLAG_LT: 0 FLAG_GT: 1
INPUT_PORT:  []
OUT_PORT:  []
DATA_MEM:  [272, 126]
---------------------------------------
DEBUG    root:machine.py:309 LD 0
TICK: 13165 PC:   9 ADDR:   0 MEM_OUT: 272 ACC: 2 BUFF: 272 DC: 0 FLAG_ZERO: False FLAG_LT: 0 FLAG_GT: 1
INPUT_PORT:  []
OUT_PORT:  []
DATA_MEM:  [272, 126]
---------------------------------------
DEBUG    root:machine.py:309 MOD 5
TICK: 13169 PC:  10 ADDR:   0 MEM_OUT: 272 ACC: 272 BUFF: 272 DC: 0 FLAG_ZERO: False FLAG_LT: 0 FLAG_GT: 1
INPUT_PORT:  []
OUT_PORT:  []
DATA_MEM:  [272, 126]
---------------------------------------
DEBUG    root:machine.py:309 CMP 0
TICK: 13173 PC:  11 ADDR:   0 MEM_OUT: 272 ACC: 2 BUFF: 272 DC: 0 FLAG_ZERO: False FLAG_LT: 0 FLAG_GT: 1
INPUT_PORT:  []
OUT_PORT:  []
DATA_MEM:  [272, 126]
---------------------------------------
DEBUG    root:machine.py:309 JE 18
TICK: 13176 PC:  12 ADDR:   0 MEM_OUT: 272 ACC: 2 BUFF: 272 DC: 0 FLAG_ZERO: False FLAG_LT: 0 FLAG_GT: 1
INPUT_PORT:  []
OUT_PORT:  []
DATA_MEM:  [272, 126]
---------------------------------------
DEBUG    root:machine.py:309 JMP 0
TICK: 13179 PC:  13 ADDR:   0 MEM_OUT: 272 ACC: 2 BUFF: 272 DC: 0 FLAG_ZERO: False FLAG_LT: 0 FLAG_GT: 1
INPUT_PORT:  []
OUT_PORT:  []
DATA_MEM:  [272, 126]
---------------------------------------
DEBUG    root:machine.py:309 LD 0
TICK: 13182 PC:   0 ADDR:   0 MEM_OUT: 272 ACC: 2 BUFF: 272 DC: 0 FLAG_ZERO: False FLAG_LT: 0 FLAG_GT: 1
INPUT_PORT:  []
OUT_PORT:  []
DATA_MEM:  [272, 126]
---------------------------------------
DEBUG    root:machine.py:309 INC 
TICK: 13186 PC:   1 ADDR:   0 MEM_OUT: 272 ACC: 272 BUFF: 272 DC: 0 FLAG_ZERO: False FLAG_LT: 0 FLAG_GT: 1
INPUT_PORT:  []
OUT_PORT:  []
DATA_MEM:  [272, 126]
---------------------------------------
DEBUG    root:machine.py:309 ST 0
TICK: 13189 PC:   2 ADDR:   0 MEM_OUT: 272 ACC: 273 BUFF: 272 DC: 0 FLAG_ZERO: False FLAG_LT: 0 FLAG_GT: 1
INPUT_PORT:  []
OUT_PORT:  []
DATA_MEM:  [272, 126]
---------------------------------------
DEBUG    root:machine.py:309 CMP 1000
TICK: 13193 PC:   3 ADDR:   0 MEM_OUT: 273 ACC: 273 BUFF: 272 DC: 0 FLAG_ZERO: False FLAG_LT: 0 FLAG_GT: 1
INPUT_PORT:  []
OUT_PORT:  []
DATA_MEM:  [273, 126]
---------------------------------------
DEBUG    root:machine.py:309 JGE 22
TICK: 13196 PC:   4 ADDR:   0 MEM_OUT: 273 ACC: 273 BUFF: 272 DC: 0 FLAG_ZERO: False FLAG_LT: 1 FLAG_GT: 0
INPUT_PORT:  []
OUT_PORT:  []
DATA_MEM:  [273, 126]
---------------------------------------
DEBUG    root:machine.py:309 LD 0
TICK: 13199 PC:   5 ADDR:   0 MEM_OUT: 273 ACC: 273 BUFF: 272 DC: 0 FLAG_ZERO: False FLAG_LT: 1 FLAG_GT: 0
INPUT_PORT:  []
OUT_PORT:  []
DATA_MEM:  [273, 126]
---------------------------------------
DEBUG    root:machine.py:309 MOD 3
TICK: 13203 PC:   6 ADDR:   0 MEM_OUT: 273 ACC: 273 BUFF: 272 DC: 0 FLAG_ZERO: False FLAG_LT: 1 FLAG_GT: 0
INPUT_PORT:  []
OUT_PORT:  []
DATA_MEM:  [273, 126]
---------------------------------------
DEBUG    root:machine.py:309 CMP 0
TICK: 13207 PC:   7 ADDR:   0 MEM_OUT: 273 ACC: 0 BUFF: 273 DC: 0 FLAG_ZERO: False FLAG_LT: 1 FLAG_GT: 0
INPUT_PORT:  []
OUT_PORT:  []
DATA_MEM:  [273, 126]
---------------------------------------
DEBUG    root:machine.py:309 JE 14
TICK: 13210 PC:   8 ADDR:   0 MEM_OUT: 273 ACC: 0 BUFF: 273 DC: 0 FLAG_ZERO: True FLAG_LT: 0 FLAG_GT: 0
INPUT_PORT:  []
OUT_PORT:  []
DATA_MEM:  [273, 126]
---------------------------------------
DEBUG    root:machine.py:309 LD 4
TICK: 13213 PC:  14 ADDR:   0 MEM_OUT: 273 ACC: 0 BUFF: 273 DC: 0 FLAG_ZERO: True FLAG_LT: 0 FLAG_GT: 0
INPUT_PORT:  []
OUT_PORT:  []
DATA_MEM:  [273, 126]
---------------------------------------
DEBUG    root:machine.py:309 INC 
TICK: 13217 PC:  15 ADDR:   1 MEM_OUT: 126 ACC: 126 BUFF: 273 DC: 0 FLAG_ZERO: True FLAG_LT: 0 FLAG_GT: 0
INPUT_PORT:  []
OUT_PORT:  []
DATA_MEM:  [273, 126]
---------------------------------------
DEBUG    root:machine.py:309 ST 4
TICK: 13220 PC:  16 ADDR:   1 MEM_OUT: 126 ACC: 127 BUFF: 273 DC: 0 FLAG_ZERO: True FLAG_LT: 0 FLAG_GT: 0
INPUT_PORT:  []
OUT_PORT:  []
DATA_MEM:  [273, 126]
---------------------------------------
DEBUG    root:machine.py:309 JMP 0
TICK: 13224 PC:  17 ADDR:   1 MEM_OUT: 127 ACC: 127 BUFF: 273 DC: 0 FLAG_ZERO: True FLAG_LT: 0 FLAG_GT: 0
INPUT_PORT:  []
OUT_PORT:  []
DATA_MEM:  [273, 127]
---------------------------------------
DEBUG    root:machine.py:309 LD 0
TICK: 13227 PC:   0 ADDR:   1 MEM_OUT: 127 ACC: 127 BUFF: 273 DC: 0 FLAG_ZERO: True FLAG_LT: 0 FLAG_GT: 0
INPUT_PORT:  []
OUT_PORT:  []
DATA_MEM:  [273, 127]
---------------------------------------
DEBUG    root:machine.py:309 INC 
TICK: 13231 PC:   1 ADDR:   0 MEM_OUT: 273 ACC: 273 BUFF: 273 DC: 0 FLAG_ZERO: True FLAG_LT: 0 FLAG_GT: 0
INPUT_PORT:  []
OUT_PORT:  []
DATA_MEM:  [273, 127]
---------------------------------------
DEBUG    root:machine.py:309 ST 0
TICK: 13234 PC:   2 ADDR:   0 MEM_OUT: 273 ACC: 274 BUFF: 273 DC: 0 FLAG_ZERO: True FLAG_LT: 0 FLAG_GT: 0
INPUT_PORT:  []
OUT_PORT:  []
DATA_MEM:  [273, 127]
---------------------------------------
DEBUG    root:machine.py:309 CMP 1000
TICK: 13238 PC:   3 ADDR:   0 MEM_OUT: 274 ACC: 274 BUFF: 273 DC: 0 FLAG_ZERO: True FLAG_LT: 0 FLAG_GT: 0
INPUT_PORT:  []
OUT_PORT:  []
DATA_MEM:  [274, 127]
---------------------------------------
DEBUG    root:machine.py:309 JGE 22
TICK: 13241 PC:   4 ADDR:   0 MEM_OUT: 274 ACC: 274 BUFF: 273 DC: 0 FLAG_ZERO: False FLAG_LT: 1 FLAG_GT: 0
INPUT_PORT:  []
OUT_PORT:  []
DATA_MEM:  [274, 127]
---------------------------------------
DEBUG    root:machine.py:309 LD 0
TICK: 13244 PC:   5 ADDR:   0 MEM_OUT: 274 ACC: 274 BUFF: 273 DC: 0 FLAG_ZERO: False FLAG_LT: 1 FLAG_GT: 0
INPUT_PORT:  []
OUT_PORT:  []
DATA_MEM:  [274, 127]
---------------------------------------
DEBUG    root:machine.py:309 MOD 3
TICK: 13248 PC:   6 ADDR:   0 MEM_OUT: 274 ACC: 274 BUFF: 273 DC: 0 FLAG_ZERO: False FLAG_LT: 1 FLAG_GT: 0
INPUT_PORT:  []
OUT_PORT:  []
DATA_MEM:  [274, 127]
---------------------------------------
DEBUG    root:machine.py:309 CMP 0
TICK: 13252 PC:   7 ADDR:   0 MEM_OUT: 274 ACC: 1 BUFF: 274 DC: 0 FLAG_ZERO: False FLAG_LT: 1 FLAG_GT: 0
INPUT_PORT:  []
OUT_PORT:  []
DATA_MEM:  [274, 127]
---------------------------------------
DEBUG    root:machine.py:309 JE 14
TICK: 13255 PC:   8 ADDR:   0 MEM_OUT: 274 ACC: 1 BUFF: 274 DC: 0 FLAG_ZERO: False FLAG_LT: 0 FLAG_GT: 1
INPUT_PORT:  []
OUT_PORT:  []
DATA_MEM:  [274, 127]
---------------------------------------
DEBUG    root:machine.py:309 LD 0
TICK: 13258 PC:   9 ADDR:   0 MEM_OUT: 274 ACC: 1 BUFF: 274 DC: 0 FLAG_ZERO: False FLAG_LT: 0 FLAG_GT: 1
INPUT_PORT:  []
OUT_PORT:  []
DATA_MEM:  [274, 127]
---------------------------------------
DEBUG    root:machine.py:309 MOD 5
TICK: 13262 PC:  10 ADDR:   0 MEM_OUT: 274 ACC: 274 BUFF: 274 DC: 0 FLAG_ZERO: False FLAG_LT: 0 FLAG_GT: 1
INPUT_PORT:  []
OUT_PORT:  []
DATA_MEM:  [274, 127]
---------------------------------------
DEBUG    root:machine.py:309 CMP 0
TICK: 13266 PC:  11 ADDR:   0 MEM_OUT: 274 ACC: 4 BUFF: 274 DC: 0 FLAG_ZERO: False FLAG_LT: 0 FLAG_GT: 1
INPUT_PORT:  []
OUT_PORT:  []
DATA_MEM:  [274, 127]
---------------------------------------
DEBUG    root:machine.py:309 JE 18
TICK: 13269 PC:  12 ADDR:   0 MEM_OUT: 274 ACC: 4 BUFF: 274 DC: 0 FLAG_ZERO: False FLAG_LT: 0 FLAG_GT: 1
INPUT_PORT:  []
OUT_PORT:  []
DATA_MEM:  [274, 127]
---------------------------------------
DEBUG    root:machine.py:309 JMP 0
TICK: 13272 PC:  13 ADDR:   0 MEM_OUT: 274 ACC: 4 BUFF: 274 DC: 0 FLAG_ZERO: False FLAG_LT: 0 FLAG_GT: 1
INPUT_PORT:  []
OUT_PORT:  []
DATA_MEM:  [274, 127]
---------------------------------------
DEBUG    root:machine.py:309 LD 0
TICK: 13275 PC:   0 ADDR:   0 MEM_OUT: 274 ACC: 4 BUFF: 274 DC: 0 FLAG_ZERO: False FLAG_LT: 0 FLAG_GT: 1
INPUT_PORT:  []
OUT_PORT:  []
DATA_MEM:  [274, 127]
---------------------------------------
DEBUG    root:machine.py:309 INC 
TICK: 13279 PC:   1 ADDR:   0 MEM_OUT: 274 ACC: 274 BUFF: 274 DC: 0 FLAG_ZERO: False FLAG_LT: 0 FLAG_GT: 1
INPUT_PORT:  []
OUT_PORT:  []
DATA_MEM:  [274, 127]
---------------------------------------
DEBUG    root:machine.py:309 ST 0
TICK: 13282 PC:   2 ADDR:   0 MEM_OUT: 274 ACC: 275 BUFF: 274 DC: 0 FLAG_ZERO: False FLAG_LT: 0 FLAG_GT: 1
INPUT_PORT:  []
OUT_PORT:  []
DATA_MEM:  [274, 127]
---------------------------------------
DEBUG    root:machine.py:309 CMP 1000
TICK: 13286 PC:   3 ADDR:   0 MEM_OUT: 275 ACC: 275 BUFF: 274 DC: 0 FLAG_ZERO: False FLAG_LT: 0 FLAG_GT: 1
INPUT_PORT:  []
OUT_PORT:  []
DATA_MEM:  [275, 127]
---------------------------------------
DEBUG    root:machine.py:309 JGE 22
TICK: 13289 PC:   4 ADDR:   0 MEM_OUT: 275 ACC: 275 BUFF: 274 DC: 0 FLAG_ZERO: False FLAG_LT: 1 FLAG_GT: 0
INPUT_PORT:  []
OUT_PORT:  []
DATA_MEM:  [275, 127]
---------------------------------------
DEBUG    root:machine.py:309 LD 0
TICK: 13292 PC:   5 ADDR:   0 MEM_OUT: 275 ACC: 275 BUFF: 274 DC: 0 FLAG_ZERO: False FLAG_LT: 1 FLAG_GT: 0
INPUT_PORT:  []
OUT_PORT:  []
DATA_MEM:  [275, 127]
---------------------------------------
DEBUG    root:machine.py:309 MOD 3
TICK: 13296 PC:   6 ADDR:   0 MEM_OUT: 275 ACC: 275 BUFF: 274 DC: 0 FLAG_ZERO: False FLAG_LT: 1 FLAG_GT: 0
INPUT_PORT:  []
OUT_PORT:  []
DATA_MEM:  [275, 127]
---------------------------------------
DEBUG    root:machine.py:309 CMP 0
TICK: 13300 PC:   7 ADDR:   0 MEM_OUT: 275 ACC: 2 BUFF: 275 DC: 0 FLAG_ZERO: False FLAG_LT: 1 FLAG_GT: 0
INPUT_PORT:  []
OUT_PORT:  []
DATA_MEM:  [275, 127]
---------------------------------------
DEBUG    root:machine.py:309 JE 14
TICK: 13303 PC:   8 ADDR:   0 MEM_OUT: 275 ACC: 2 BUFF: 275 DC: 0 FLAG_ZERO: False FLAG_LT: 0 FLAG_GT: 1
INPUT_PORT:  []
OUT_PORT:  []
DATA_MEM:  [275, 127]
---------------------------------------
DEBUG    root:machine.py:309 LD 0
TICK: 13306 PC:   9 ADDR:   0 MEM_OUT: 275 ACC: 2 BUFF: 275 DC: 0 FLAG_ZERO: False FLAG_LT: 0 FLAG_GT: 1
INPUT_PORT:  []
OUT_PORT:  []
DATA_MEM:  [275, 127]
---------------------------------------
DEBUG    root:machine.py:309 MOD 5
TICK: 13310 PC:  10 ADDR:   0 MEM_OUT: 275 ACC: 275 BUFF: 275 DC: 0 FLAG_ZERO: False FLAG_LT: 0 FLAG_GT: 1
INPUT_PORT:  []
OUT_PORT:  []
DATA_MEM:  [275, 127]
---------------------------------------
DEBUG    root:machine.py:309 CMP 0
TICK: 13314 PC:  11 ADDR:   0 MEM_OUT: 275 ACC: 0 BUFF: 275 DC: 0 FLAG_ZERO: False FLAG_LT: 0 FLAG_GT: 1
INPUT_PORT:  []
OUT_PORT:  []
DATA_MEM:  [275, 127]
---------------------------------------
DEBUG    root:machine.py:309 JE 18
TICK: 13317 PC:  12 ADDR:   0 MEM_OUT: 275 ACC: 0 BUFF: 275 DC: 0 FLAG_ZERO: True FLAG_LT: 0 FLAG_GT: 0
INPUT_PORT:  []
OUT_PORT:  []
DATA_MEM:  [275, 127]
---------------------------------------
DEBUG    root:machine.py:309 LD 4
TICK: 13320 PC:  18 ADDR:   0 MEM_OUT: 275 ACC: 0 BUFF: 275 DC: 0 FLAG_ZERO: True FLAG_LT: 0 FLAG_GT: 0
INPUT_PORT:  []
OUT_PORT:  []
DATA_MEM:  [275, 127]
---------------------------------------
DEBUG    root:machine.py:309 INC 
TICK: 13324 PC:  19 ADDR:   1 MEM_OUT: 127 ACC: 127 BUFF: 275 DC: 0 FLAG_ZERO: True FLAG_LT: 0 FLAG_GT: 0
INPUT_PORT:  []
OUT_PORT:  []
DATA_MEM:  [275, 127]
---------------------------------------
DEBUG    root:machine.py:309 ST 4
TICK: 13327 PC:  20 ADDR:   1 MEM_OUT: 127 ACC: 128 BUFF: 275 DC: 0 FLAG_ZERO: True FLAG_LT: 0 FLAG_GT: 0
INPUT_PORT:  []
OUT_PORT:  []
DATA_MEM:  [275, 127]
---------------------------------------
DEBUG    root:machine.py:309 JMP 0
TICK: 13331 PC:  21 ADDR:   1 MEM_OUT: 128 ACC: 128 BUFF: 275 DC: 0 FLAG_ZERO: True FLAG_LT: 0 FLAG_GT: 0
INPUT_PORT:  []
OUT_PORT:  []
DATA_MEM:  [275, 128]
---------------------------------------
DEBUG    root:machine.py:309 LD 0
TICK: 13334 PC:   0 ADDR:   1 MEM_OUT: 128 ACC: 128 BUFF: 275 DC: 0 FLAG_ZERO: True FLAG_LT: 0 FLAG_GT: 0
INPUT_PORT:  []
OUT_PORT:  []
DATA_MEM:  [275, 128]
---------------------------------------
DEBUG    root:machine.py:309 INC 
TICK: 13338 PC:   1 ADDR:   0 MEM_OUT: 275 ACC: 275 BUFF: 275 DC: 0 FLAG_ZERO: True FLAG_LT: 0 FLAG_GT: 0
INPUT_PORT:  []
OUT_PORT:  []
DATA_MEM:  [275, 128]
---------------------------------------
DEBUG    root:machine.py:309 ST 0
TICK: 13341 PC:   2 ADDR:   0 MEM_OUT: 275 ACC: 276 BUFF: 275 DC: 0 FLAG_ZERO: True FLAG_LT: 0 FLAG_GT: 0
INPUT_PORT:  []
OUT_PORT:  []
DATA_MEM:  [275, 128]
---------------------------------------
DEBUG    root:machine.py:309 CMP 1000
TICK: 13345 PC:   3 ADDR:   0 MEM_OUT: 276 ACC: 276 BUFF: 275 DC: 0 FLAG_ZERO: True FLAG_LT: 0 FLAG_GT: 0
INPUT_PORT:  []
OUT_PORT:  []
DATA_MEM:  [276, 128]
---------------------------------------
DEBUG    root:machine.py:309 JGE 22
TICK: 13348 PC:   4 ADDR:   0 MEM_OUT: 276 ACC: 276 BUFF: 275 DC: 0 FLAG_ZERO: False FLAG_LT: 1 FLAG_GT: 0
INPUT_PORT:  []
OUT_PORT:  []
DATA_MEM:  [276, 128]
---------------------------------------
DEBUG    root:machine.py:309 LD 0
TICK: 13351 PC:   5 ADDR:   0 MEM_OUT: 276 ACC: 276 BUFF: 275 DC: 0 FLAG_ZERO: False FLAG_LT: 1 FLAG_GT: 0
INPUT_PORT:  []
OUT_PORT:  []
DATA_MEM:  [276, 128]
---------------------------------------
DEBUG    root:machine.py:309 MOD 3
TICK: 13355 PC:   6 ADDR:   0 MEM_OUT: 276 ACC: 276 BUFF: 275 DC: 0 FLAG_ZERO: False FLAG_LT: 1 FLAG_GT: 0
INPUT_PORT:  []
OUT_PORT:  []
DATA_MEM:  [276, 128]
---------------------------------------
DEBUG    root:machine.py:309 CMP 0
TICK: 13359 PC:   7 ADDR:   0 MEM_OUT: 276 ACC: 0 BUFF: 276 DC: 0 FLAG_ZERO: False FLAG_LT: 1 FLAG_GT: 0
INPUT_PORT:  []
OUT_PORT:  []
DATA_MEM:  [276, 128]
---------------------------------------
DEBUG    root:machine.py:309 JE 14
TICK: 13362 PC:   8 ADDR:   0 MEM_OUT: 276 ACC: 0 BUFF: 276 DC: 0 FLAG_ZERO: True FLAG_LT: 0 FLAG_GT: 0
INPUT_PORT:  []
OUT_PORT:  []
DATA_MEM:  [276, 128]
---------------------------------------
DEBUG    root:machine.py:309 LD 4
TICK: 13365 PC:  14 ADDR:   0 MEM_OUT: 276 ACC: 0 BUFF: 276 DC: 0 FLAG_ZERO: True FLAG_LT: 0 FLAG_GT: 0
INPUT_PORT:  []
OUT_PORT:  []
DATA_MEM:  [276, 128]
---------------------------------------
DEBUG    root:machine.py:309 INC 
TICK: 13369 PC:  15 ADDR:   1 MEM_OUT: 128 ACC: 128 BUFF: 276 DC: 0 FLAG_ZERO: True FLAG_LT: 0 FLAG_GT: 0
INPUT_PORT:  []
OUT_PORT:  []
DATA_MEM:  [276, 128]
---------------------------------------
DEBUG    root:machine.py:309 ST 4
TICK: 13372 PC:  16 ADDR:   1 MEM_OUT: 128 ACC: 129 BUFF: 276 DC: 0 FLAG_ZERO: True FLAG_LT: 0 FLAG_GT: 0
INPUT_PORT:  []
OUT_PORT:  []
DATA_MEM:  [276, 128]
---------------------------------------
DEBUG    root:machine.py:309 JMP 0
TICK: 13376 PC:  17 ADDR:   1 MEM_OUT: 129 ACC: 129 BUFF: 276 DC: 0 FLAG_ZERO: True FLAG_LT: 0 FLAG_GT: 0
INPUT_PORT:  []
OUT_PORT:  []
DATA_MEM:  [276, 129]
---------------------------------------
DEBUG    root:machine.py:309 LD 0
TICK: 13379 PC:   0 ADDR:   1 MEM_OUT: 129 ACC: 129 BUFF: 276 DC: 0 FLAG_ZERO: True FLAG_LT: 0 FLAG_GT: 0
INPUT_PORT:  []
OUT_PORT:  []
DATA_MEM:  [276, 129]
---------------------------------------
DEBUG    root:machine.py:309 INC 
TICK: 13383 PC:   1 ADDR:   0 MEM_OUT: 276 ACC: 276 BUFF: 276 DC: 0 FLAG_ZERO: True FLAG_LT: 0 FLAG_GT: 0
INPUT_PORT:  []
OUT_PORT:  []
DATA_MEM:  [276, 129]
---------------------------------------
DEBUG    root:machine.py:309 ST 0
TICK: 13386 PC:   2 ADDR:   0 MEM_OUT: 276 ACC: 277 BUFF: 276 DC: 0 FLAG_ZERO: True FLAG_LT: 0 FLAG_GT: 0
INPUT_PORT:  []
OUT_PORT:  []
DATA_MEM:  [276, 129]
---------------------------------------
DEBUG    root:machine.py:309 CMP 1000
TICK: 13390 PC:   3 ADDR:   0 MEM_OUT: 277 ACC: 277 BUFF: 276 DC: 0 FLAG_ZERO: True FLAG_LT: 0 FLAG_GT: 0
INPUT_PORT:  []
OUT_PORT:  []
DATA_MEM:  [277, 129]
---------------------------------------
DEBUG    root:machine.py:309 JGE 22
TICK: 13393 PC:   4 ADDR:   0 MEM_OUT: 277 ACC: 277 BUFF: 276 DC: 0 FLAG_ZERO: False FLAG_LT: 1 FLAG_GT: 0
INPUT_PORT:  []
OUT_PORT:  []
DATA_MEM:  [277, 129]
---------------------------------------
DEBUG    root:machine.py:309 LD 0
TICK: 13396 PC:   5 ADDR:   0 MEM_OUT: 277 ACC: 277 BUFF: 276 DC: 0 FLAG_ZERO: False FLAG_LT: 1 FLAG_GT: 0
INPUT_PORT:  []
OUT_PORT:  []
DATA_MEM:  [277, 129]
---------------------------------------
DEBUG    root:machine.py:309 MOD 3
TICK: 13400 PC:   6 ADDR:   0 MEM_OUT: 277 ACC: 277 BUFF: 276 DC: 0 FLAG_ZERO: False FLAG_LT: 1 FLAG_GT: 0
INPUT_PORT:  []
OUT_PORT:  []
DATA_MEM:  [277, 129]
---------------------------------------
DEBUG    root:machine.py:309 CMP 0
TICK: 13404 PC:   7 ADDR:   0 MEM_OUT: 277 ACC: 1 BUFF: 277 DC: 0 FLAG_ZERO: False FLAG_LT: 1 FLAG_GT: 0
INPUT_PORT:  []
OUT_PORT:  []
DATA_MEM:  [277, 129]
---------------------------------------
DEBUG    root:machine.py:309 JE 14
TICK: 13407 PC:   8 ADDR:   0 MEM_OUT: 277 ACC: 1 BUFF: 277 DC: 0 FLAG_ZERO: False FLAG_LT: 0 FLAG_GT: 1
INPUT_PORT:  []
OUT_PORT:  []
DATA_MEM:  [277, 129]
---------------------------------------
DEBUG    root:machine.py:309 LD 0
TICK: 13410 PC:   9 ADDR:   0 MEM_OUT: 277 ACC: 1 BUFF: 277 DC: 0 FLAG_ZERO: False FLAG_LT: 0 FLAG_GT: 1
INPUT_PORT:  []
OUT_PORT:  []
DATA_MEM:  [277, 129]
---------------------------------------
DEBUG    root:machine.py:309 MOD 5
TICK: 13414 PC:  10 ADDR:   0 MEM_OUT: 277 ACC: 277 BUFF: 277 DC: 0 FLAG_ZERO: False FLAG_LT: 0 FLAG_GT: 1
INPUT_PORT:  []
OUT_PORT:  []
DATA_MEM:  [277, 129]
---------------------------------------
DEBUG    root:machine.py:309 CMP 0
TICK: 13418 PC:  11 ADDR:   0 MEM_OUT: 277 ACC: 2 BUFF: 277 DC: 0 FLAG_ZERO: False FLAG_LT: 0 FLAG_GT: 1
INPUT_PORT:  []
OUT_PORT:  []
DATA_MEM:  [277, 129]
---------------------------------------
DEBUG    root:machine.py:309 JE 18
TICK: 13421 PC:  12 ADDR:   0 MEM_OUT: 277 ACC: 2 BUFF: 277 DC: 0 FLAG_ZERO: False FLAG_LT: 0 FLAG_GT: 1
INPUT_PORT:  []
OUT_PORT:  []
DATA_MEM:  [277, 129]
---------------------------------------
DEBUG    root:machine.py:309 JMP 0
TICK: 13424 PC:  13 ADDR:   0 MEM_OUT: 277 ACC: 2 BUFF: 277 DC: 0 FLAG_ZERO: False FLAG_LT: 0 FLAG_GT: 1
INPUT_PORT:  []
OUT_PORT:  []
DATA_MEM:  [277, 129]
---------------------------------------
DEBUG    root:machine.py:309 LD 0
TICK: 13427 PC:   0 ADDR:   0 MEM_OUT: 277 ACC: 2 BUFF: 277 DC: 0 FLAG_ZERO: False FLAG_LT: 0 FLAG_GT: 1
INPUT_PORT:  []
OUT_PORT:  []
DATA_MEM:  [277, 129]
---------------------------------------
DEBUG    root:machine.py:309 INC 
TICK: 13431 PC:   1 ADDR:   0 MEM_OUT: 277 ACC: 277 BUFF: 277 DC: 0 FLAG_ZERO: False FLAG_LT: 0 FLAG_GT: 1
INPUT_PORT:  []
OUT_PORT:  []
DATA_MEM:  [277, 129]
---------------------------------------
DEBUG    root:machine.py:309 ST 0
TICK: 13434 PC:   2 ADDR:   0 MEM_OUT: 277 ACC: 278 BUFF: 277 DC: 0 FLAG_ZERO: False FLAG_LT: 0 FLAG_GT: 1
INPUT_PORT:  []
OUT_PORT:  []
DATA_MEM:  [277, 129]
---------------------------------------
DEBUG    root:machine.py:309 CMP 1000
TICK: 13438 PC:   3 ADDR:   0 MEM_OUT: 278 ACC: 278 BUFF: 277 DC: 0 FLAG_ZERO: False FLAG_LT: 0 FLAG_GT: 1
INPUT_PORT:  []
OUT_PORT:  []
DATA_MEM:  [278, 129]
---------------------------------------
DEBUG    root:machine.py:309 JGE 22
TICK: 13441 PC:   4 ADDR:   0 MEM_OUT: 278 ACC: 278 BUFF: 277 DC: 0 FLAG_ZERO: False FLAG_LT: 1 FLAG_GT: 0
INPUT_PORT:  []
OUT_PORT:  []
DATA_MEM:  [278, 129]
---------------------------------------
DEBUG    root:machine.py:309 LD 0
TICK: 13444 PC:   5 ADDR:   0 MEM_OUT: 278 ACC: 278 BUFF: 277 DC: 0 FLAG_ZERO: False FLAG_LT: 1 FLAG_GT: 0
INPUT_PORT:  []
OUT_PORT:  []
DATA_MEM:  [278, 129]
---------------------------------------
DEBUG    root:machine.py:309 MOD 3
TICK: 13448 PC:   6 ADDR:   0 MEM_OUT: 278 ACC: 278 BUFF: 277 DC: 0 FLAG_ZERO: False FLAG_LT: 1 FLAG_GT: 0
INPUT_PORT:  []
OUT_PORT:  []
DATA_MEM:  [278, 129]
---------------------------------------
DEBUG    root:machine.py:309 CMP 0
TICK: 13452 PC:   7 ADDR:   0 MEM_OUT: 278 ACC: 2 BUFF: 278 DC: 0 FLAG_ZERO: False FLAG_LT: 1 FLAG_GT: 0
INPUT_PORT:  []
OUT_PORT:  []
DATA_MEM:  [278, 129]
---------------------------------------
DEBUG    root:machine.py:309 JE 14
TICK: 13455 PC:   8 ADDR:   0 MEM_OUT: 278 ACC: 2 BUFF: 278 DC: 0 FLAG_ZERO: False FLAG_LT: 0 FLAG_GT: 1
INPUT_PORT:  []
OUT_PORT:  []
DATA_MEM:  [278, 129]
---------------------------------------
DEBUG    root:machine.py:309 LD 0
TICK: 13458 PC:   9 ADDR:   0 MEM_OUT: 278 ACC: 2 BUFF: 278 DC: 0 FLAG_ZERO: False FLAG_LT: 0 FLAG_GT: 1
INPUT_PORT:  []
OUT_PORT:  []
DATA_MEM:  [278, 129]
---------------------------------------
DEBUG    root:machine.py:309 MOD 5
TICK: 13462 PC:  10 ADDR:   0 MEM_OUT: 278 ACC: 278 BUFF: 278 DC: 0 FLAG_ZERO: False FLAG_LT: 0 FLAG_GT: 1
INPUT_PORT:  []
OUT_PORT:  []
DATA_MEM:  [278, 129]
---------------------------------------
DEBUG    root:machine.py:309 CMP 0
TICK: 13466 PC:  11 ADDR:   0 MEM_OUT: 278 ACC: 3 BUFF: 278 DC: 0 FLAG_ZERO: False FLAG_LT: 0 FLAG_GT: 1
INPUT_PORT:  []
OUT_PORT:  []
DATA_MEM:  [278, 129]
---------------------------------------
DEBUG    root:machine.py:309 JE 18
TICK: 13469 PC:  12 ADDR:   0 MEM_OUT: 278 ACC: 3 BUFF: 278 DC: 0 FLAG_ZERO: False FLAG_LT: 0 FLAG_GT: 1
INPUT_PORT:  []
OUT_PORT:  []
DATA_MEM:  [278, 129]
---------------------------------------
DEBUG    root:machine.py:309 JMP 0
TICK: 13472 PC:  13 ADDR:   0 MEM_OUT: 278 ACC: 3 BUFF: 278 DC: 0 FLAG_ZERO: False FLAG_LT: 0 FLAG_GT: 1
INPUT_PORT:  []
OUT_PORT:  []
DATA_MEM:  [278, 129]
---------------------------------------
DEBUG    root:machine.py:309 LD 0
TICK: 13475 PC:   0 ADDR:   0 MEM_OUT: 278 ACC: 3 BUFF: 278 DC: 0 FLAG_ZERO: False FLAG_LT: 0 FLAG_GT: 1
INPUT_PORT:  []
OUT_PORT:  []
DATA_MEM:  [278, 129]
---------------------------------------
DEBUG    root:machine.py:309 INC 
TICK: 13479 PC:   1 ADDR:   0 MEM_OUT: 278 ACC: 278 BUFF: 278 DC: 0 FLAG_ZERO: False FLAG_LT: 0 FLAG_GT: 1
INPUT_PORT:  []
OUT_PORT:  []
DATA_MEM:  [278, 129]
---------------------------------------
DEBUG    root:machine.py:309 ST 0
TICK: 13482 PC:   2 ADDR:   0 MEM_OUT: 278 ACC: 279 BUFF: 278 DC: 0 FLAG_ZERO: False FLAG_LT: 0 FLAG_GT: 1
INPUT_PORT:  []
OUT_PORT:  []
DATA_MEM:  [278, 129]
---------------------------------------
DEBUG    root:machine.py:309 CMP 1000
TICK: 13486 PC:   3 ADDR:   0 MEM_OUT: 279 ACC: 279 BUFF: 278 DC: 0 FLAG_ZERO: False FLAG_LT: 0 FLAG_GT: 1
INPUT_PORT:  []
OUT_PORT:  []
DATA_MEM:  [279, 129]
---------------------------------------
DEBUG    root:machine.py:309 JGE 22
TICK: 13489 PC:   4 ADDR:   0 MEM_OUT: 279 ACC: 279 BUFF: 278 DC: 0 FLAG_ZERO: False FLAG_LT: 1 FLAG_GT: 0
INPUT_PORT:  []
OUT_PORT:  []
DATA_MEM:  [279, 129]
---------------------------------------
DEBUG    root:machine.py:309 LD 0
TICK: 13492 PC:   5 ADDR:   0 MEM_OUT: 279 ACC: 279 BUFF: 278 DC: 0 FLAG_ZERO: False FLAG_LT: 1 FLAG_GT: 0
INPUT_PORT:  []
OUT_PORT:  []
DATA_MEM:  [279, 129]
---------------------------------------
DEBUG    root:machine.py:309 MOD 3
TICK: 13496 PC:   6 ADDR:   0 MEM_OUT: 279 ACC: 279 BUFF: 278 DC: 0 FLAG_ZERO: False FLAG_LT: 1 FLAG_GT: 0
INPUT_PORT:  []
OUT_PORT:  []
DATA_MEM:  [279, 129]
---------------------------------------
DEBUG    root:machine.py:309 CMP 0
TICK: 13500 PC:   7 ADDR:   0 MEM_OUT: 279 ACC: 0 BUFF: 279 DC: 0 FLAG_ZERO: False FLAG_LT: 1 FLAG_GT: 0
INPUT_PORT:  []
OUT_PORT:  []
DATA_MEM:  [279, 129]
---------------------------------------
DEBUG    root:machine.py:309 JE 14
TICK: 13503 PC:   8 ADDR:   0 MEM_OUT: 279 ACC: 0 BUFF: 279 DC: 0 FLAG_ZERO: True FLAG_LT: 0 FLAG_GT: 0
INPUT_PORT:  []
OUT_PORT:  []
DATA_MEM:  [279, 129]
---------------------------------------
DEBUG    root:machine.py:309 LD 4
TICK: 13506 PC:  14 ADDR:   0 MEM_OUT: 279 ACC: 0 BUFF: 279 DC: 0 FLAG_ZERO: True FLAG_LT: 0 FLAG_GT: 0
INPUT_PORT:  []
OUT_PORT:  []
DATA_MEM:  [279, 129]
---------------------------------------
DEBUG    root:machine.py:309 INC 
TICK: 13510 PC:  15 ADDR:   1 MEM_OUT: 129 ACC: 129 BUFF: 279 DC: 0 FLAG_ZERO: True FLAG_LT: 0 FLAG_GT: 0
INPUT_PORT:  []
OUT_PORT:  []
DATA_MEM:  [279, 129]
---------------------------------------
DEBUG    root:machine.py:309 ST 4
TICK: 13513 PC:  16 ADDR:   1 MEM_OUT: 129 ACC: 130 BUFF: 279 DC: 0 FLAG_ZERO: True FLAG_LT: 0 FLAG_GT: 0
INPUT_PORT:  []
OUT_PORT:  []
DATA_MEM:  [279, 129]
---------------------------------------
DEBUG    root:machine.py:309 JMP 0
TICK: 13517 PC:  17 ADDR:   1 MEM_OUT: 130 ACC: 130 BUFF: 279 DC: 0 FLAG_ZERO: True FLAG_LT: 0 FLAG_GT: 0
INPUT_PORT:  []
OUT_PORT:  []
DATA_MEM:  [279, 130]
---------------------------------------
DEBUG    root:machine.py:309 LD 0
TICK: 13520 PC:   0 ADDR:   1 MEM_OUT: 130 ACC: 130 BUFF: 279 DC: 0 FLAG_ZERO: True FLAG_LT: 0 FLAG_GT: 0
INPUT_PORT:  []
OUT_PORT:  []
DATA_MEM:  [279, 130]
---------------------------------------
DEBUG    root:machine.py:309 INC 
TICK: 13524 PC:   1 ADDR:   0 MEM_OUT: 279 ACC: 279 BUFF: 279 DC: 0 FLAG_ZERO: True FLAG_LT: 0 FLAG_GT: 0
INPUT_PORT:  []
OUT_PORT:  []
DATA_MEM:  [279, 130]
---------------------------------------
DEBUG    root:machine.py:309 ST 0
TICK: 13527 PC:   2 ADDR:   0 MEM_OUT: 279 ACC: 280 BUFF: 279 DC: 0 FLAG_ZERO: True FLAG_LT: 0 FLAG_GT: 0
INPUT_PORT:  []
OUT_PORT:  []
DATA_MEM:  [279, 130]
---------------------------------------
DEBUG    root:machine.py:309 CMP 1000
TICK: 13531 PC:   3 ADDR:   0 MEM_OUT: 280 ACC: 280 BUFF: 279 DC: 0 FLAG_ZERO: True FLAG_LT: 0 FLAG_GT: 0
INPUT_PORT:  []
OUT_PORT:  []
DATA_MEM:  [280, 130]
---------------------------------------
DEBUG    root:machine.py:309 JGE 22
TICK: 13534 PC:   4 ADDR:   0 MEM_OUT: 280 ACC: 280 BUFF: 279 DC: 0 FLAG_ZERO: False FLAG_LT: 1 FLAG_GT: 0
INPUT_PORT:  []
OUT_PORT:  []
DATA_MEM:  [280, 130]
---------------------------------------
DEBUG    root:machine.py:309 LD 0
TICK: 13537 PC:   5 ADDR:   0 MEM_OUT: 280 ACC: 280 BUFF: 279 DC: 0 FLAG_ZERO: False FLAG_LT: 1 FLAG_GT: 0
INPUT_PORT:  []
OUT_PORT:  []
DATA_MEM:  [280, 130]
---------------------------------------
DEBUG    root:machine.py:309 MOD 3
TICK: 13541 PC:   6 ADDR:   0 MEM_OUT: 280 ACC: 280 BUFF: 279 DC: 0 FLAG_ZERO: False FLAG_LT: 1 FLAG_GT: 0
INPUT_PORT:  []
OUT_PORT:  []
DATA_MEM:  [280, 130]
---------------------------------------
DEBUG    root:machine.py:309 CMP 0
TICK: 13545 PC:   7 ADDR:   0 MEM_OUT: 280 ACC: 1 BUFF: 280 DC: 0 FLAG_ZERO: False FLAG_LT: 1 FLAG_GT: 0
INPUT_PORT:  []
OUT_PORT:  []
DATA_MEM:  [280, 130]
---------------------------------------
DEBUG    root:machine.py:309 JE 14
TICK: 13548 PC:   8 ADDR:   0 MEM_OUT: 280 ACC: 1 BUFF: 280 DC: 0 FLAG_ZERO: False FLAG_LT: 0 FLAG_GT: 1
INPUT_PORT:  []
OUT_PORT:  []
DATA_MEM:  [280, 130]
---------------------------------------
DEBUG    root:machine.py:309 LD 0
TICK: 13551 PC:   9 ADDR:   0 MEM_OUT: 280 ACC: 1 BUFF: 280 DC: 0 FLAG_ZERO: False FLAG_LT: 0 FLAG_GT: 1
INPUT_PORT:  []
OUT_PORT:  []
DATA_MEM:  [280, 130]
---------------------------------------
DEBUG    root:machine.py:309 MOD 5
TICK: 13555 PC:  10 ADDR:   0 MEM_OUT: 280 ACC: 280 BUFF: 280 DC: 0 FLAG_ZERO: False FLAG_LT: 0 FLAG_GT: 1
INPUT_PORT:  []
OUT_PORT:  []
DATA_MEM:  [280, 130]
---------------------------------------
DEBUG    root:machine.py:309 CMP 0
TICK: 13559 PC:  11 ADDR:   0 MEM_OUT: 280 ACC: 0 BUFF: 280 DC: 0 FLAG_ZERO: False FLAG_LT: 0 FLAG_GT: 1
INPUT_PORT:  []
OUT_PORT:  []
DATA_MEM:  [280, 130]
---------------------------------------
DEBUG    root:machine.py:309 JE 18
TICK: 13562 PC:  12 ADDR:   0 MEM_OUT: 280 ACC: 0 BUFF: 280 DC: 0 FLAG_ZERO: True FLAG_LT: 0 FLAG_GT: 0
INPUT_PORT:  []
OUT_PORT:  []
DATA_MEM:  [280, 130]
---------------------------------------
DEBUG    root:machine.py:309 LD 4
TICK: 13565 PC:  18 ADDR:   0 MEM_OUT: 280 ACC: 0 BUFF: 280 DC: 0 FLAG_ZERO: True FLAG_LT: 0 FLAG_GT: 0
INPUT_PORT:  []
OUT_PORT:  []
DATA_MEM:  [280, 130]
---------------------------------------
DEBUG    root:machine.py:309 INC 
TICK: 13569 PC:  19 ADDR:   1 MEM_OUT: 130 ACC: 130 BUFF: 280 DC: 0 FLAG_ZERO: True FLAG_LT: 0 FLAG_GT: 0
INPUT_PORT:  []
OUT_PORT:  []
DATA_MEM:  [280, 130]
---------------------------------------
DEBUG    root:machine.py:309 ST 4
TICK: 13572 PC:  20 ADDR:   1 MEM_OUT: 130 ACC: 131 BUFF: 280 DC: 0 FLAG_ZERO: True FLAG_LT: 0 FLAG_GT: 0
INPUT_PORT:  []
OUT_PORT:  []
DATA_MEM:  [280, 130]
---------------------------------------
DEBUG    root:machine.py:309 JMP 0
TICK: 13576 PC:  21 ADDR:   1 MEM_OUT: 131 ACC: 131 BUFF: 280 DC: 0 FLAG_ZERO: True FLAG_LT: 0 FLAG_GT: 0
INPUT_PORT:  []
OUT_PORT:  []
DATA_MEM:  [280, 131]
---------------------------------------
DEBUG    root:machine.py:309 LD 0
TICK: 13579 PC:   0 ADDR:   1 MEM_OUT: 131 ACC: 131 BUFF: 280 DC: 0 FLAG_ZERO: True FLAG_LT: 0 FLAG_GT: 0
INPUT_PORT:  []
OUT_PORT:  []
DATA_MEM:  [280, 131]
---------------------------------------
DEBUG    root:machine.py:309 INC 
TICK: 13583 PC:   1 ADDR:   0 MEM_OUT: 280 ACC: 280 BUFF: 280 DC: 0 FLAG_ZERO: True FLAG_LT: 0 FLAG_GT: 0
INPUT_PORT:  []
OUT_PORT:  []
DATA_MEM:  [280, 131]
---------------------------------------
DEBUG    root:machine.py:309 ST 0
TICK: 13586 PC:   2 ADDR:   0 MEM_OUT: 280 ACC: 281 BUFF: 280 DC: 0 FLAG_ZERO: True FLAG_LT: 0 FLAG_GT: 0
INPUT_PORT:  []
OUT_PORT:  []
DATA_MEM:  [280, 131]
---------------------------------------
DEBUG    root:machine.py:309 CMP 1000
TICK: 13590 PC:   3 ADDR:   0 MEM_OUT: 281 ACC: 281 BUFF: 280 DC: 0 FLAG_ZERO: True FLAG_LT: 0 FLAG_GT: 0
INPUT_PORT:  []
OUT_PORT:  []
DATA_MEM:  [281, 131]
---------------------------------------
DEBUG    root:machine.py:309 JGE 22
TICK: 13593 PC:   4 ADDR:   0 MEM_OUT: 281 ACC: 281 BUFF: 280 DC: 0 FLAG_ZERO: False FLAG_LT: 1 FLAG_GT: 0
INPUT_PORT:  []
OUT_PORT:  []
DATA_MEM:  [281, 131]
---------------------------------------
DEBUG    root:machine.py:309 LD 0
TICK: 13596 PC:   5 ADDR:   0 MEM_OUT: 281 ACC: 281 BUFF: 280 DC: 0 FLAG_ZERO: False FLAG_LT: 1 FLAG_GT: 0
INPUT_PORT:  []
OUT_PORT:  []
DATA_MEM:  [281, 131]
---------------------------------------
DEBUG    root:machine.py:309 MOD 3
TICK: 13600 PC:   6 ADDR:   0 MEM_OUT: 281 ACC: 281 BUFF: 280 DC: 0 FLAG_ZERO: False FLAG_LT: 1 FLAG_GT: 0
INPUT_PORT:  []
OUT_PORT:  []
DATA_MEM:  [281, 131]
---------------------------------------
DEBUG    root:machine.py:309 CMP 0
TICK: 13604 PC:   7 ADDR:   0 MEM_OUT: 281 ACC: 2 BUFF: 281 DC: 0 FLAG_ZERO: False FLAG_LT: 1 FLAG_GT: 0
INPUT_PORT:  []
OUT_PORT:  []
DATA_MEM:  [281, 131]
---------------------------------------
DEBUG    root:machine.py:309 JE 14
TICK: 13607 PC:   8 ADDR:   0 MEM_OUT: 281 ACC: 2 BUFF: 281 DC: 0 FLAG_ZERO: False FLAG_LT: 0 FLAG_GT: 1
INPUT_PORT:  []
OUT_PORT:  []
DATA_MEM:  [281, 131]
---------------------------------------
DEBUG    root:machine.py:309 LD 0
TICK: 13610 PC:   9 ADDR:   0 MEM_OUT: 281 ACC: 2 BUFF: 281 DC: 0 FLAG_ZERO: False FLAG_LT: 0 FLAG_GT: 1
INPUT_PORT:  []
OUT_PORT:  []
DATA_MEM:  [281, 131]
---------------------------------------
DEBUG    root:machine.py:309 MOD 5
TICK: 13614 PC:  10 ADDR:   0 MEM_OUT: 281 ACC: 281 BUFF: 281 DC: 0 FLAG_ZERO: False FLAG_LT: 0 FLAG_GT: 1
INPUT_PORT:  []
OUT_PORT:  []
DATA_MEM:  [281, 131]
---------------------------------------
DEBUG    root:machine.py:309 CMP 0
TICK: 13618 PC:  11 ADDR:   0 MEM_OUT: 281 ACC: 1 BUFF: 281 DC: 0 FLAG_ZERO: False FLAG_LT: 0 FLAG_GT: 1
INPUT_PORT:  []
OUT_PORT:  []
DATA_MEM:  [281, 131]
---------------------------------------
DEBUG    root:machine.py:309 JE 18
TICK: 13621 PC:  12 ADDR:   0 MEM_OUT: 281 ACC: 1 BUFF: 281 DC: 0 FLAG_ZERO: False FLAG_LT: 0 FLAG_GT: 1
INPUT_PORT:  []
OUT_PORT:  []
DATA_MEM:  [281, 131]
---------------------------------------
DEBUG    root:machine.py:309 JMP 0
TICK: 13624 PC:  13 ADDR:   0 MEM_OUT: 281 ACC: 1 BUFF: 281 DC: 0 FLAG_ZERO: False FLAG_LT: 0 FLAG_GT: 1
INPUT_PORT:  []
OUT_PORT:  []
DATA_MEM:  [281, 131]
---------------------------------------
DEBUG    root:machine.py:309 LD 0
TICK: 13627 PC:   0 ADDR:   0 MEM_OUT: 281 ACC: 1 BUFF: 281 DC: 0 FLAG_ZERO: False FLAG_LT: 0 FLAG_GT: 1
INPUT_PORT:  []
OUT_PORT:  []
DATA_MEM:  [281, 131]
---------------------------------------
DEBUG    root:machine.py:309 INC 
TICK: 13631 PC:   1 ADDR:   0 MEM_OUT: 281 ACC: 281 BUFF: 281 DC: 0 FLAG_ZERO: False FLAG_LT: 0 FLAG_GT: 1
INPUT_PORT:  []
OUT_PORT:  []
DATA_MEM:  [281, 131]
---------------------------------------
DEBUG    root:machine.py:309 ST 0
TICK: 13634 PC:   2 ADDR:   0 MEM_OUT: 281 ACC: 282 BUFF: 281 DC: 0 FLAG_ZERO: False FLAG_LT: 0 FLAG_GT: 1
INPUT_PORT:  []
OUT_PORT:  []
DATA_MEM:  [281, 131]
---------------------------------------
DEBUG    root:machine.py:309 CMP 1000
TICK: 13638 PC:   3 ADDR:   0 MEM_OUT: 282 ACC: 282 BUFF: 281 DC: 0 FLAG_ZERO: False FLAG_LT: 0 FLAG_GT: 1
INPUT_PORT:  []
OUT_PORT:  []
DATA_MEM:  [282, 131]
---------------------------------------
DEBUG    root:machine.py:309 JGE 22
TICK: 13641 PC:   4 ADDR:   0 MEM_OUT: 282 ACC: 282 BUFF: 281 DC: 0 FLAG_ZERO: False FLAG_LT: 1 FLAG_GT: 0
INPUT_PORT:  []
OUT_PORT:  []
DATA_MEM:  [282, 131]
---------------------------------------
DEBUG    root:machine.py:309 LD 0
TICK: 13644 PC:   5 ADDR:   0 MEM_OUT: 282 ACC: 282 BUFF: 281 DC: 0 FLAG_ZERO: False FLAG_LT: 1 FLAG_GT: 0
INPUT_PORT:  []
OUT_PORT:  []
DATA_MEM:  [282, 131]
---------------------------------------
DEBUG    root:machine.py:309 MOD 3
TICK: 13648 PC:   6 ADDR:   0 MEM_OUT: 282 ACC: 282 BUFF: 281 DC: 0 FLAG_ZERO: False FLAG_LT: 1 FLAG_GT: 0
INPUT_PORT:  []
OUT_PORT:  []
DATA_MEM:  [282, 131]
---------------------------------------
DEBUG    root:machine.py:309 CMP 0
TICK: 13652 PC:   7 ADDR:   0 MEM_OUT: 282 ACC: 0 BUFF: 282 DC: 0 FLAG_ZERO: False FLAG_LT: 1 FLAG_GT: 0
INPUT_PORT:  []
OUT_PORT:  []
DATA_MEM:  [282, 131]
---------------------------------------
DEBUG    root:machine.py:309 JE 14
TICK: 13655 PC:   8 ADDR:   0 MEM_OUT: 282 ACC: 0 BUFF: 282 DC: 0 FLAG_ZERO: True FLAG_LT: 0 FLAG_GT: 0
INPUT_PORT:  []
OUT_PORT:  []
DATA_MEM:  [282, 131]
---------------------------------------
DEBUG    root:machine.py:309 LD 4
TICK: 13658 PC:  14 ADDR:   0 MEM_OUT: 282 ACC: 0 BUFF: 282 DC: 0 FLAG_ZERO: True FLAG_LT: 0 FLAG_GT: 0
INPUT_PORT:  []
OUT_PORT:  []
DATA_MEM:  [282, 131]
---------------------------------------
DEBUG    root:machine.py:309 INC 
TICK: 13662 PC:  15 ADDR:   1 MEM_OUT: 131 ACC: 131 BUFF: 282 DC: 0 FLAG_ZERO: True FLAG_LT: 0 FLAG_GT: 0
INPUT_PORT:  []
OUT_PORT:  []
DATA_MEM:  [282, 131]
---------------------------------------
DEBUG    root:machine.py:309 ST 4
TICK: 13665 PC:  16 ADDR:   1 MEM_OUT: 131 ACC: 132 BUFF: 282 DC: 0 FLAG_ZERO: True FLAG_LT: 0 FLAG_GT: 0
INPUT_PORT:  []
OUT_PORT:  []
DATA_MEM:  [282, 131]
---------------------------------------
DEBUG    root:machine.py:309 JMP 0
TICK: 13669 PC:  17 ADDR:   1 MEM_OUT: 132 ACC: 132 BUFF: 282 DC: 0 FLAG_ZERO: True FLAG_LT: 0 FLAG_GT: 0
INPUT_PORT:  []
OUT_PORT:  []
DATA_MEM:  [282, 132]
---------------------------------------
DEBUG    root:machine.py:309 LD 0
TICK: 13672 PC:   0 ADDR:   1 MEM_OUT: 132 ACC: 132 BUFF: 282 DC: 0 FLAG_ZERO: True FLAG_LT: 0 FLAG_GT: 0
INPUT_PORT:  []
OUT_PORT:  []
DATA_MEM:  [282, 132]
---------------------------------------
DEBUG    root:machine.py:309 INC 
TICK: 13676 PC:   1 ADDR:   0 MEM_OUT: 282 ACC: 282 BUFF: 282 DC: 0 FLAG_ZERO: True FLAG_LT: 0 FLAG_GT: 0
INPUT_PORT:  []
OUT_PORT:  []
DATA_MEM:  [282, 132]
---------------------------------------
DEBUG    root:machine.py:309 ST 0
TICK: 13679 PC:   2 ADDR:   0 MEM_OUT: 282 ACC: 283 BUFF: 282 DC: 0 FLAG_ZERO: True FLAG_LT: 0 FLAG_GT: 0
INPUT_PORT:  []
OUT_PORT:  []
DATA_MEM:  [282, 132]
---------------------------------------
DEBUG    root:machine.py:309 CMP 1000
TICK: 13683 PC:   3 ADDR:   0 MEM_OUT: 283 ACC: 283 BUFF: 282 DC: 0 FLAG_ZERO: True FLAG_LT: 0 FLAG_GT: 0
INPUT_PORT:  []
OUT_PORT:  []
DATA_MEM:  [283, 132]
---------------------------------------
DEBUG    root:machine.py:309 JGE 22
TICK: 13686 PC:   4 ADDR:   0 MEM_OUT: 283 ACC: 283 BUFF: 282 DC: 0 FLAG_ZERO: False FLAG_LT: 1 FLAG_GT: 0
INPUT_PORT:  []
OUT_PORT:  []
DATA_MEM:  [283, 132]
---------------------------------------
DEBUG    root:machine.py:309 LD 0
TICK: 13689 PC:   5 ADDR:   0 MEM_OUT: 283 ACC: 283 BUFF: 282 DC: 0 FLAG_ZERO: False FLAG_LT: 1 FLAG_GT: 0
INPUT_PORT:  []
OUT_PORT:  []
DATA_MEM:  [283, 132]
---------------------------------------
DEBUG    root:machine.py:309 MOD 3
TICK: 13693 PC:   6 ADDR:   0 MEM_OUT: 283 ACC: 283 BUFF: 282 DC: 0 FLAG_ZERO: False FLAG_LT: 1 FLAG_GT: 0
INPUT_PORT:  []
OUT_PORT:  []
DATA_MEM:  [283, 132]
---------------------------------------
DEBUG    root:machine.py:309 CMP 0
TICK: 13697 PC:   7 ADDR:   0 MEM_OUT: 283 ACC: 1 BUFF: 283 DC: 0 FLAG_ZERO: False FLAG_LT: 1 FLAG_GT: 0
INPUT_PORT:  []
OUT_PORT:  []
DATA_MEM:  [283, 132]
---------------------------------------
DEBUG    root:machine.py:309 JE 14
TICK: 13700 PC:   8 ADDR:   0 MEM_OUT: 283 ACC: 1 BUFF: 283 DC: 0 FLAG_ZERO: False FLAG_LT: 0 FLAG_GT: 1
INPUT_PORT:  []
OUT_PORT:  []
DATA_MEM:  [283, 132]
---------------------------------------
DEBUG    root:machine.py:309 LD 0
TICK: 13703 PC:   9 ADDR:   0 MEM_OUT: 283 ACC: 1 BUFF: 283 DC: 0 FLAG_ZERO: False FLAG_LT: 0 FLAG_GT: 1
INPUT_PORT:  []
OUT_PORT:  []
DATA_MEM:  [283, 132]
---------------------------------------
DEBUG    root:machine.py:309 MOD 5
TICK: 13707 PC:  10 ADDR:   0 MEM_OUT: 283 ACC: 283 BUFF: 283 DC: 0 FLAG_ZERO: False FLAG_LT: 0 FLAG_GT: 1
INPUT_PORT:  []
OUT_PORT:  []
DATA_MEM:  [283, 132]
---------------------------------------
DEBUG    root:machine.py:309 CMP 0
TICK: 13711 PC:  11 ADDR:   0 MEM_OUT: 283 ACC: 3 BUFF: 283 DC: 0 FLAG_ZERO: False FLAG_LT: 0 FLAG_GT: 1
INPUT_PORT:  []
OUT_PORT:  []
DATA_MEM:  [283, 132]
---------------------------------------
DEBUG    root:machine.py:309 JE 18
TICK: 13714 PC:  12 ADDR:   0 MEM_OUT: 283 ACC: 3 BUFF: 283 DC: 0 FLAG_ZERO: False FLAG_LT: 0 FLAG_GT: 1
INPUT_PORT:  []
OUT_PORT:  []
DATA_MEM:  [283, 132]
---------------------------------------
DEBUG    root:machine.py:309 JMP 0
TICK: 13717 PC:  13 ADDR:   0 MEM_OUT: 283 ACC: 3 BUFF: 283 DC: 0 FLAG_ZERO: False FLAG_LT: 0 FLAG_GT: 1
INPUT_PORT:  []
OUT_PORT:  []
DATA_MEM:  [283, 132]
---------------------------------------
DEBUG    root:machine.py:309 LD 0
TICK: 13720 PC:   0 ADDR:   0 MEM_OUT: 283 ACC: 3 BUFF: 283 DC: 0 FLAG_ZERO: False FLAG_LT: 0 FLAG_GT: 1
INPUT_PORT:  []
OUT_PORT:  []
DATA_MEM:  [283, 132]
---------------------------------------
DEBUG    root:machine.py:309 INC 
TICK: 13724 PC:   1 ADDR:   0 MEM_OUT: 283 ACC: 283 BUFF: 283 DC: 0 FLAG_ZERO: False FLAG_LT: 0 FLAG_GT: 1
INPUT_PORT:  []
OUT_PORT:  []
DATA_MEM:  [283, 132]
---------------------------------------
DEBUG    root:machine.py:309 ST 0
TICK: 13727 PC:   2 ADDR:   0 MEM_OUT: 283 ACC: 284 BUFF: 283 DC: 0 FLAG_ZERO: False FLAG_LT: 0 FLAG_GT: 1
INPUT_PORT:  []
OUT_PORT:  []
DATA_MEM:  [283, 132]
---------------------------------------
DEBUG    root:machine.py:309 CMP 1000
TICK: 13731 PC:   3 ADDR:   0 MEM_OUT: 284 ACC: 284 BUFF: 283 DC: 0 FLAG_ZERO: False FLAG_LT: 0 FLAG_GT: 1
INPUT_PORT:  []
OUT_PORT:  []
DATA_MEM:  [284, 132]
---------------------------------------
DEBUG    root:machine.py:309 JGE 22
TICK: 13734 PC:   4 ADDR:   0 MEM_OUT: 284 ACC: 284 BUFF: 283 DC: 0 FLAG_ZERO: False FLAG_LT: 1 FLAG_GT: 0
INPUT_PORT:  []
OUT_PORT:  []
DATA_MEM:  [284, 132]
---------------------------------------
DEBUG    root:machine.py:309 LD 0
TICK: 13737 PC:   5 ADDR:   0 MEM_OUT: 284 ACC: 284 BUFF: 283 DC: 0 FLAG_ZERO: False FLAG_LT: 1 FLAG_GT: 0
INPUT_PORT:  []
OUT_PORT:  []
DATA_MEM:  [284, 132]
---------------------------------------
DEBUG    root:machine.py:309 MOD 3
TICK: 13741 PC:   6 ADDR:   0 MEM_OUT: 284 ACC: 284 BUFF: 283 DC: 0 FLAG_ZERO: False FLAG_LT: 1 FLAG_GT: 0
INPUT_PORT:  []
OUT_PORT:  []
DATA_MEM:  [284, 132]
---------------------------------------
DEBUG    root:machine.py:309 CMP 0
TICK: 13745 PC:   7 ADDR:   0 MEM_OUT: 284 ACC: 2 BUFF: 284 DC: 0 FLAG_ZERO: False FLAG_LT: 1 FLAG_GT: 0
INPUT_PORT:  []
OUT_PORT:  []
DATA_MEM:  [284, 132]
---------------------------------------
DEBUG    root:machine.py:309 JE 14
TICK: 13748 PC:   8 ADDR:   0 MEM_OUT: 284 ACC: 2 BUFF: 284 DC: 0 FLAG_ZERO: False FLAG_LT: 0 FLAG_GT: 1
INPUT_PORT:  []
OUT_PORT:  []
DATA_MEM:  [284, 132]
---------------------------------------
DEBUG    root:machine.py:309 LD 0
TICK: 13751 PC:   9 ADDR:   0 MEM_OUT: 284 ACC: 2 BUFF: 284 DC: 0 FLAG_ZERO: False FLAG_LT: 0 FLAG_GT: 1
INPUT_PORT:  []
OUT_PORT:  []
DATA_MEM:  [284, 132]
---------------------------------------
DEBUG    root:machine.py:309 MOD 5
TICK: 13755 PC:  10 ADDR:   0 MEM_OUT: 284 ACC: 284 BUFF: 284 DC: 0 FLAG_ZERO: False FLAG_LT: 0 FLAG_GT: 1
INPUT_PORT:  []
OUT_PORT:  []
DATA_MEM:  [284, 132]
---------------------------------------
DEBUG    root:machine.py:309 CMP 0
TICK: 13759 PC:  11 ADDR:   0 MEM_OUT: 284 ACC: 4 BUFF: 284 DC: 0 FLAG_ZERO: False FLAG_LT: 0 FLAG_GT: 1
INPUT_PORT:  []
OUT_PORT:  []
DATA_MEM:  [284, 132]
---------------------------------------
DEBUG    root:machine.py:309 JE 18
TICK: 13762 PC:  12 ADDR:   0 MEM_OUT: 284 ACC: 4 BUFF: 284 DC: 0 FLAG_ZERO: False FLAG_LT: 0 FLAG_GT: 1
INPUT_PORT:  []
OUT_PORT:  []
DATA_MEM:  [284, 132]
---------------------------------------
DEBUG    root:machine.py:309 JMP 0
TICK: 13765 PC:  13 ADDR:   0 MEM_OUT: 284 ACC: 4 BUFF: 284 DC: 0 FLAG_ZERO: False FLAG_LT: 0 FLAG_GT: 1
INPUT_PORT:  []
OUT_PORT:  []
DATA_MEM:  [284, 132]
---------------------------------------
DEBUG    root:machine.py:309 LD 0
TICK: 13768 PC:   0 ADDR:   0 MEM_OUT: 284 ACC: 4 BUFF: 284 DC: 0 FLAG_ZERO: False FLAG_LT: 0 FLAG_GT: 1
INPUT_PORT:  []
OUT_PORT:  []
DATA_MEM:  [284, 132]
---------------------------------------
DEBUG    root:machine.py:309 INC 
TICK: 13772 PC:   1 ADDR:   0 MEM_OUT: 284 ACC: 284 BUFF: 284 DC: 0 FLAG_ZERO: False FLAG_LT: 0 FLAG_GT: 1
INPUT_PORT:  []
OUT_PORT:  []
DATA_MEM:  [284, 132]
---------------------------------------
DEBUG    root:machine.py:309 ST 0
TICK: 13775 PC:   2 ADDR:   0 MEM_OUT: 284 ACC: 285 BUFF: 284 DC: 0 FLAG_ZERO: False FLAG_LT: 0 FLAG_GT: 1
INPUT_PORT:  []
OUT_PORT:  []
DATA_MEM:  [284, 132]
---------------------------------------
DEBUG    root:machine.py:309 CMP 1000
TICK: 13779 PC:   3 ADDR:   0 MEM_OUT: 285 ACC: 285 BUFF: 284 DC: 0 FLAG_ZERO: False FLAG_LT: 0 FLAG_GT: 1
INPUT_PORT:  []
OUT_PORT:  []
DATA_MEM:  [285, 132]
---------------------------------------
DEBUG    root:machine.py:309 JGE 22
TICK: 13782 PC:   4 ADDR:   0 MEM_OUT: 285 ACC: 285 BUFF: 284 DC: 0 FLAG_ZERO: False FLAG_LT: 1 FLAG_GT: 0
INPUT_PORT:  []
OUT_PORT:  []
DATA_MEM:  [285, 132]
---------------------------------------
DEBUG    root:machine.py:309 LD 0
TICK: 13785 PC:   5 ADDR:   0 MEM_OUT: 285 ACC: 285 BUFF: 284 DC: 0 FLAG_ZERO: False FLAG_LT: 1 FLAG_GT: 0
INPUT_PORT:  []
OUT_PORT:  []
DATA_MEM:  [285, 132]
---------------------------------------
DEBUG    root:machine.py:309 MOD 3
TICK: 13789 PC:   6 ADDR:   0 MEM_OUT: 285 ACC: 285 BUFF: 284 DC: 0 FLAG_ZERO: False FLAG_LT: 1 FLAG_GT: 0
INPUT_PORT:  []
OUT_PORT:  []
DATA_MEM:  [285, 132]
---------------------------------------
DEBUG    root:machine.py:309 CMP 0
TICK: 13793 PC:   7 ADDR:   0 MEM_OUT: 285 ACC: 0 BUFF: 285 DC: 0 FLAG_ZERO: False FLAG_LT: 1 FLAG_GT: 0
INPUT_PORT:  []
OUT_PORT:  []
DATA_MEM:  [285, 132]
---------------------------------------
DEBUG    root:machine.py:309 JE 14
TICK: 13796 PC:   8 ADDR:   0 MEM_OUT: 285 ACC: 0 BUFF: 285 DC: 0 FLAG_ZERO: True FLAG_LT: 0 FLAG_GT: 0
INPUT_PORT:  []
OUT_PORT:  []
DATA_MEM:  [285, 132]
---------------------------------------
DEBUG    root:machine.py:309 LD 4
TICK: 13799 PC:  14 ADDR:   0 MEM_OUT: 285 ACC: 0 BUFF: 285 DC: 0 FLAG_ZERO: True FLAG_LT: 0 FLAG_GT: 0
INPUT_PORT:  []
OUT_PORT:  []
DATA_MEM:  [285, 132]
---------------------------------------
DEBUG    root:machine.py:309 INC 
TICK: 13803 PC:  15 ADDR:   1 MEM_OUT: 132 ACC: 132 BUFF: 285 DC: 0 FLAG_ZERO: True FLAG_LT: 0 FLAG_GT: 0
INPUT_PORT:  []
OUT_PORT:  []
DATA_MEM:  [285, 132]
---------------------------------------
DEBUG    root:machine.py:309 ST 4
TICK: 13806 PC:  16 ADDR:   1 MEM_OUT: 132 ACC: 133 BUFF: 285 DC: 0 FLAG_ZERO: True FLAG_LT: 0 FLAG_GT: 0
INPUT_PORT:  []
OUT_PORT:  []
DATA_MEM:  [285, 132]
---------------------------------------
DEBUG    root:machine.py:309 JMP 0
TICK: 13810 PC:  17 ADDR:   1 MEM_OUT: 133 ACC: 133 BUFF: 285 DC: 0 FLAG_ZERO: True FLAG_LT: 0 FLAG_GT: 0
INPUT_PORT:  []
OUT_PORT:  []
DATA_MEM:  [285, 133]
---------------------------------------
DEBUG    root:machine.py:309 LD 0
TICK: 13813 PC:   0 ADDR:   1 MEM_OUT: 133 ACC: 133 BUFF: 285 DC: 0 FLAG_ZERO: True FLAG_LT: 0 FLAG_GT: 0
INPUT_PORT:  []
OUT_PORT:  []
DATA_MEM:  [285, 133]
---------------------------------------
DEBUG    root:machine.py:309 INC 
TICK: 13817 PC:   1 ADDR:   0 MEM_OUT: 285 ACC: 285 BUFF: 285 DC: 0 FLAG_ZERO: True FLAG_LT: 0 FLAG_GT: 0
INPUT_PORT:  []
OUT_PORT:  []
DATA_MEM:  [285, 133]
---------------------------------------
DEBUG    root:machine.py:309 ST 0
TICK: 13820 PC:   2 ADDR:   0 MEM_OUT: 285 ACC: 286 BUFF: 285 DC: 0 FLAG_ZERO: True FLAG_LT: 0 FLAG_GT: 0
INPUT_PORT:  []
OUT_PORT:  []
DATA_MEM:  [285, 133]
---------------------------------------
DEBUG    root:machine.py:309 CMP 1000
TICK: 13824 PC:   3 ADDR:   0 MEM_OUT: 286 ACC: 286 BUFF: 285 DC: 0 FLAG_ZERO: True FLAG_LT: 0 FLAG_GT: 0
INPUT_PORT:  []
OUT_PORT:  []
DATA_MEM:  [286, 133]
---------------------------------------
DEBUG    root:machine.py:309 JGE 22
TICK: 13827 PC:   4 ADDR:   0 MEM_OUT: 286 ACC: 286 BUFF: 285 DC: 0 FLAG_ZERO: False FLAG_LT: 1 FLAG_GT: 0
INPUT_PORT:  []
OUT_PORT:  []
DATA_MEM:  [286, 133]
---------------------------------------
DEBUG    root:machine.py:309 LD 0
TICK: 13830 PC:   5 ADDR:   0 MEM_OUT: 286 ACC: 286 BUFF: 285 DC: 0 FLAG_ZERO: False FLAG_LT: 1 FLAG_GT: 0
INPUT_PORT:  []
OUT_PORT:  []
DATA_MEM:  [286, 133]
---------------------------------------
DEBUG    root:machine.py:309 MOD 3
TICK: 13834 PC:   6 ADDR:   0 MEM_OUT: 286 ACC: 286 BUFF: 285 DC: 0 FLAG_ZERO: False FLAG_LT: 1 FLAG_GT: 0
INPUT_PORT:  []
OUT_PORT:  []
DATA_MEM:  [286, 133]
---------------------------------------
DEBUG    root:machine.py:309 CMP 0
TICK: 13838 PC:   7 ADDR:   0 MEM_OUT: 286 ACC: 1 BUFF: 286 DC: 0 FLAG_ZERO: False FLAG_LT: 1 FLAG_GT: 0
INPUT_PORT:  []
OUT_PORT:  []
DATA_MEM:  [286, 133]
---------------------------------------
DEBUG    root:machine.py:309 JE 14
TICK: 13841 PC:   8 ADDR:   0 MEM_OUT: 286 ACC: 1 BUFF: 286 DC: 0 FLAG_ZERO: False FLAG_LT: 0 FLAG_GT: 1
INPUT_PORT:  []
OUT_PORT:  []
DATA_MEM:  [286, 133]
---------------------------------------
DEBUG    root:machine.py:309 LD 0
TICK: 13844 PC:   9 ADDR:   0 MEM_OUT: 286 ACC: 1 BUFF: 286 DC: 0 FLAG_ZERO: False FLAG_LT: 0 FLAG_GT: 1
INPUT_PORT:  []
OUT_PORT:  []
DATA_MEM:  [286, 133]
---------------------------------------
DEBUG    root:machine.py:309 MOD 5
TICK: 13848 PC:  10 ADDR:   0 MEM_OUT: 286 ACC: 286 BUFF: 286 DC: 0 FLAG_ZERO: False FLAG_LT: 0 FLAG_GT: 1
INPUT_PORT:  []
OUT_PORT:  []
DATA_MEM:  [286, 133]
---------------------------------------
DEBUG    root:machine.py:309 CMP 0
TICK: 13852 PC:  11 ADDR:   0 MEM_OUT: 286 ACC: 1 BUFF: 286 DC: 0 FLAG_ZERO: False FLAG_LT: 0 FLAG_GT: 1
INPUT_PORT:  []
OUT_PORT:  []
DATA_MEM:  [286, 133]
---------------------------------------
DEBUG    root:machine.py:309 JE 18
TICK: 13855 PC:  12 ADDR:   0 MEM_OUT: 286 ACC: 1 BUFF: 286 DC: 0 FLAG_ZERO: False FLAG_LT: 0 FLAG_GT: 1
INPUT_PORT:  []
OUT_PORT:  []
DATA_MEM:  [286, 133]
---------------------------------------
DEBUG    root:machine.py:309 JMP 0
TICK: 13858 PC:  13 ADDR:   0 MEM_OUT: 286 ACC: 1 BUFF: 286 DC: 0 FLAG_ZERO: False FLAG_LT: 0 FLAG_GT: 1
INPUT_PORT:  []
OUT_PORT:  []
DATA_MEM:  [286, 133]
---------------------------------------
DEBUG    root:machine.py:309 LD 0
TICK: 13861 PC:   0 ADDR:   0 MEM_OUT: 286 ACC: 1 BUFF: 286 DC: 0 FLAG_ZERO: False FLAG_LT: 0 FLAG_GT: 1
INPUT_PORT:  []
OUT_PORT:  []
DATA_MEM:  [286, 133]
---------------------------------------
DEBUG    root:machine.py:309 INC 
TICK: 13865 PC:   1 ADDR:   0 MEM_OUT: 286 ACC: 286 BUFF: 286 DC: 0 FLAG_ZERO: False FLAG_LT: 0 FLAG_GT: 1
INPUT_PORT:  []
OUT_PORT:  []
DATA_MEM:  [286, 133]
---------------------------------------
DEBUG    root:machine.py:309 ST 0
TICK: 13868 PC:   2 ADDR:   0 MEM_OUT: 286 ACC: 287 BUFF: 286 DC: 0 FLAG_ZERO: False FLAG_LT: 0 FLAG_GT: 1
INPUT_PORT:  []
OUT_PORT:  []
DATA_MEM:  [286, 133]
---------------------------------------
DEBUG    root:machine.py:309 CMP 1000
TICK: 13872 PC:   3 ADDR:   0 MEM_OUT: 287 ACC: 287 BUFF: 286 DC: 0 FLAG_ZERO: False FLAG_LT: 0 FLAG_GT: 1
INPUT_PORT:  []
OUT_PORT:  []
DATA_MEM:  [287, 133]
---------------------------------------
DEBUG    root:machine.py:309 JGE 22
TICK: 13875 PC:   4 ADDR:   0 MEM_OUT: 287 ACC: 287 BUFF: 286 DC: 0 FLAG_ZERO: False FLAG_LT: 1 FLAG_GT: 0
INPUT_PORT:  []
OUT_PORT:  []
DATA_MEM:  [287, 133]
---------------------------------------
DEBUG    root:machine.py:309 LD 0
TICK: 13878 PC:   5 ADDR:   0 MEM_OUT: 287 ACC: 287 BUFF: 286 DC: 0 FLAG_ZERO: False FLAG_LT: 1 FLAG_GT: 0
INPUT_PORT:  []
OUT_PORT:  []
DATA_MEM:  [287, 133]
---------------------------------------
DEBUG    root:machine.py:309 MOD 3
TICK: 13882 PC:   6 ADDR:   0 MEM_OUT: 287 ACC: 287 BUFF: 286 DC: 0 FLAG_ZERO: False FLAG_LT: 1 FLAG_GT: 0
INPUT_PORT:  []
OUT_PORT:  []
DATA_MEM:  [287, 133]
---------------------------------------
DEBUG    root:machine.py:309 CMP 0
TICK: 13886 PC:   7 ADDR:   0 MEM_OUT: 287 ACC: 2 BUFF: 287 DC: 0 FLAG_ZERO: False FLAG_LT: 1 FLAG_GT: 0
INPUT_PORT:  []
OUT_PORT:  []
DATA_MEM:  [287, 133]
---------------------------------------
DEBUG    root:machine.py:309 JE 14
TICK: 13889 PC:   8 ADDR:   0 MEM_OUT: 287 ACC: 2 BUFF: 287 DC: 0 FLAG_ZERO: False FLAG_LT: 0 FLAG_GT: 1
INPUT_PORT:  []
OUT_PORT:  []
DATA_MEM:  [287, 133]
---------------------------------------
DEBUG    root:machine.py:309 LD 0
TICK: 13892 PC:   9 ADDR:   0 MEM_OUT: 287 ACC: 2 BUFF: 287 DC: 0 FLAG_ZERO: False FLAG_LT: 0 FLAG_GT: 1
INPUT_PORT:  []
OUT_PORT:  []
DATA_MEM:  [287, 133]
---------------------------------------
DEBUG    root:machine.py:309 MOD 5
TICK: 13896 PC:  10 ADDR:   0 MEM_OUT: 287 ACC: 287 BUFF: 287 DC: 0 FLAG_ZERO: False FLAG_LT: 0 FLAG_GT: 1
INPUT_PORT:  []
OUT_PORT:  []
DATA_MEM:  [287, 133]
---------------------------------------
DEBUG    root:machine.py:309 CMP 0
TICK: 13900 PC:  11 ADDR:   0 MEM_OUT: 287 ACC: 2 BUFF: 287 DC: 0 FLAG_ZERO: False FLAG_LT: 0 FLAG_GT: 1
INPUT_PORT:  []
OUT_PORT:  []
DATA_MEM:  [287, 133]
---------------------------------------
DEBUG    root:machine.py:309 JE 18
TICK: 13903 PC:  12 ADDR:   0 MEM_OUT: 287 ACC: 2 BUFF: 287 DC: 0 FLAG_ZERO: False FLAG_LT: 0 FLAG_GT: 1
INPUT_PORT:  []
OUT_PORT:  []
DATA_MEM:  [287, 133]
---------------------------------------
DEBUG    root:machine.py:309 JMP 0
TICK: 13906 PC:  13 ADDR:   0 MEM_OUT: 287 ACC: 2 BUFF: 287 DC: 0 FLAG_ZERO: False FLAG_LT: 0 FLAG_GT: 1
INPUT_PORT:  []
OUT_PORT:  []
DATA_MEM:  [287, 133]
---------------------------------------
DEBUG    root:machine.py:309 LD 0
TICK: 13909 PC:   0 ADDR:   0 MEM_OUT: 287 ACC: 2 BUFF: 287 DC: 0 FLAG_ZERO: False FLAG_LT: 0 FLAG_GT: 1
INPUT_PORT:  []
OUT_PORT:  []
DATA_MEM:  [287, 133]
---------------------------------------
DEBUG    root:machine.py:309 INC 
TICK: 13913 PC:   1 ADDR:   0 MEM_OUT: 287 ACC: 287 BUFF: 287 DC: 0 FLAG_ZERO: False FLAG_LT: 0 FLAG_GT: 1
INPUT_PORT:  []
OUT_PORT:  []
DATA_MEM:  [287, 133]
---------------------------------------
DEBUG    root:machine.py:309 ST 0
TICK: 13916 PC:   2 ADDR:   0 MEM_OUT: 287 ACC: 288 BUFF: 287 DC: 0 FLAG_ZERO: False FLAG_LT: 0 FLAG_GT: 1
INPUT_PORT:  []
OUT_PORT:  []
DATA_MEM:  [287, 133]
---------------------------------------
DEBUG    root:machine.py:309 CMP 1000
TICK: 13920 PC:   3 ADDR:   0 MEM_OUT: 288 ACC: 288 BUFF: 287 DC: 0 FLAG_ZERO: False FLAG_LT: 0 FLAG_GT: 1
INPUT_PORT:  []
OUT_PORT:  []
DATA_MEM:  [288, 133]
---------------------------------------
DEBUG    root:machine.py:309 JGE 22
TICK: 13923 PC:   4 ADDR:   0 MEM_OUT: 288 ACC: 288 BUFF: 287 DC: 0 FLAG_ZERO: False FLAG_LT: 1 FLAG_GT: 0
INPUT_PORT:  []
OUT_PORT:  []
DATA_MEM:  [288, 133]
---------------------------------------
DEBUG    root:machine.py:309 LD 0
TICK: 13926 PC:   5 ADDR:   0 MEM_OUT: 288 ACC: 288 BUFF: 287 DC: 0 FLAG_ZERO: False FLAG_LT: 1 FLAG_GT: 0
INPUT_PORT:  []
OUT_PORT:  []
DATA_MEM:  [288, 133]
---------------------------------------
DEBUG    root:machine.py:309 MOD 3
TICK: 13930 PC:   6 ADDR:   0 MEM_OUT: 288 ACC: 288 BUFF: 287 DC: 0 FLAG_ZERO: False FLAG_LT: 1 FLAG_GT: 0
INPUT_PORT:  []
OUT_PORT:  []
DATA_MEM:  [288, 133]
---------------------------------------
DEBUG    root:machine.py:309 CMP 0
TICK: 13934 PC:   7 ADDR:   0 MEM_OUT: 288 ACC: 0 BUFF: 288 DC: 0 FLAG_ZERO: False FLAG_LT: 1 FLAG_GT: 0
INPUT_PORT:  []
OUT_PORT:  []
DATA_MEM:  [288, 133]
---------------------------------------
DEBUG    root:machine.py:309 JE 14
TICK: 13937 PC:   8 ADDR:   0 MEM_OUT: 288 ACC: 0 BUFF: 288 DC: 0 FLAG_ZERO: True FLAG_LT: 0 FLAG_GT: 0
INPUT_PORT:  []
OUT_PORT:  []
DATA_MEM:  [288, 133]
---------------------------------------
DEBUG    root:machine.py:309 LD 4
TICK: 13940 PC:  14 ADDR:   0 MEM_OUT: 288 ACC: 0 BUFF: 288 DC: 0 FLAG_ZERO: True FLAG_LT: 0 FLAG_GT: 0
INPUT_PORT:  []
OUT_PORT:  []
DATA_MEM:  [288, 133]
---------------------------------------
DEBUG    root:machine.py:309 INC 
TICK: 13944 PC:  15 ADDR:   1 MEM_OUT: 133 ACC: 133 BUFF: 288 DC: 0 FLAG_ZERO: True FLAG_LT: 0 FLAG_GT: 0
INPUT_PORT:  []
OUT_PORT:  []
DATA_MEM:  [288, 133]
---------------------------------------
DEBUG    root:machine.py:309 ST 4
TICK: 13947 PC:  16 ADDR:   1 MEM_OUT: 133 ACC: 134 BUFF: 288 DC: 0 FLAG_ZERO: True FLAG_LT: 0 FLAG_GT: 0
INPUT_PORT:  []
OUT_PORT:  []
DATA_MEM:  [288, 133]
---------------------------------------
DEBUG    root:machine.py:309 JMP 0
TICK: 13951 PC:  17 ADDR:   1 MEM_OUT: 134 ACC: 134 BUFF: 288 DC: 0 FLAG_ZERO: True FLAG_LT: 0 FLAG_GT: 0
INPUT_PORT:  []
OUT_PORT:  []
DATA_MEM:  [288, 134]
---------------------------------------
DEBUG    root:machine.py:309 LD 0
TICK: 13954 PC:   0 ADDR:   1 MEM_OUT: 134 ACC: 134 BUFF: 288 DC: 0 FLAG_ZERO: True FLAG_LT: 0 FLAG_GT: 0
INPUT_PORT:  []
OUT_PORT:  []
DATA_MEM:  [288, 134]
---------------------------------------
DEBUG    root:machine.py:309 INC 
TICK: 13958 PC:   1 ADDR:   0 MEM_OUT: 288 ACC: 288 BUFF: 288 DC: 0 FLAG_ZERO: True FLAG_LT: 0 FLAG_GT: 0
INPUT_PORT:  []
OUT_PORT:  []
DATA_MEM:  [288, 134]
---------------------------------------
DEBUG    root:machine.py:309 ST 0
TICK: 13961 PC:   2 ADDR:   0 MEM_OUT: 288 ACC: 289 BUFF: 288 DC: 0 FLAG_ZERO: True FLAG_LT: 0 FLAG_GT: 0
INPUT_PORT:  []
OUT_PORT:  []
DATA_MEM:  [288, 134]
---------------------------------------
DEBUG    root:machine.py:309 CMP 1000
TICK: 13965 PC:   3 ADDR:   0 MEM_OUT: 289 ACC: 289 BUFF: 288 DC: 0 FLAG_ZERO: True FLAG_LT: 0 FLAG_GT: 0
INPUT_PORT:  []
OUT_PORT:  []
DATA_MEM:  [289, 134]
---------------------------------------
DEBUG    root:machine.py:309 JGE 22
TICK: 13968 PC:   4 ADDR:   0 MEM_OUT: 289 ACC: 289 BUFF: 288 DC: 0 FLAG_ZERO: False FLAG_LT: 1 FLAG_GT: 0
INPUT_PORT:  []
OUT_PORT:  []
DATA_MEM:  [289, 134]
---------------------------------------
DEBUG    root:machine.py:309 LD 0
TICK: 13971 PC:   5 ADDR:   0 MEM_OUT: 289 ACC: 289 BUFF: 288 DC: 0 FLAG_ZERO: False FLAG_LT: 1 FLAG_GT: 0
INPUT_PORT:  []
OUT_PORT:  []
DATA_MEM:  [289, 134]
---------------------------------------
DEBUG    root:machine.py:309 MOD 3
TICK: 13975 PC:   6 ADDR:   0 MEM_OUT: 289 ACC: 289 BUFF: 288 DC: 0 FLAG_ZERO: False FLAG_LT: 1 FLAG_GT: 0
INPUT_PORT:  []
OUT_PORT:  []
DATA_MEM:  [289, 134]
---------------------------------------
DEBUG    root:machine.py:309 CMP 0
TICK: 13979 PC:   7 ADDR:   0 MEM_OUT: 289 ACC: 1 BUFF: 289 DC: 0 FLAG_ZERO: False FLAG_LT: 1 FLAG_GT: 0
INPUT_PORT:  []
OUT_PORT:  []
DATA_MEM:  [289, 134]
---------------------------------------
DEBUG    root:machine.py:309 JE 14
TICK: 13982 PC:   8 ADDR:   0 MEM_OUT: 289 ACC: 1 BUFF: 289 DC: 0 FLAG_ZERO: False FLAG_LT: 0 FLAG_GT: 1
INPUT_PORT:  []
OUT_PORT:  []
DATA_MEM:  [289, 134]
---------------------------------------
DEBUG    root:machine.py:309 LD 0
TICK: 13985 PC:   9 ADDR:   0 MEM_OUT: 289 ACC: 1 BUFF: 289 DC: 0 FLAG_ZERO: False FLAG_LT: 0 FLAG_GT: 1
INPUT_PORT:  []
OUT_PORT:  []
DATA_MEM:  [289, 134]
---------------------------------------
DEBUG    root:machine.py:309 MOD 5
TICK: 13989 PC:  10 ADDR:   0 MEM_OUT: 289 ACC: 289 BUFF: 289 DC: 0 FLAG_ZERO: False FLAG_LT: 0 FLAG_GT: 1
INPUT_PORT:  []
OUT_PORT:  []
DATA_MEM:  [289, 134]
---------------------------------------
DEBUG    root:machine.py:309 CMP 0
TICK: 13993 PC:  11 ADDR:   0 MEM_OUT: 289 ACC: 4 BUFF: 289 DC: 0 FLAG_ZERO: False FLAG_LT: 0 FLAG_GT: 1
INPUT_PORT:  []
OUT_PORT:  []
DATA_MEM:  [289, 134]
---------------------------------------
DEBUG    root:machine.py:309 JE 18
TICK: 13996 PC:  12 ADDR:   0 MEM_OUT: 289 ACC: 4 BUFF: 289 DC: 0 FLAG_ZERO: False FLAG_LT: 0 FLAG_GT: 1
INPUT_PORT:  []
OUT_PORT:  []
DATA_MEM:  [289, 134]
---------------------------------------
DEBUG    root:machine.py:309 JMP 0
TICK: 13999 PC:  13 ADDR:   0 MEM_OUT: 289 ACC: 4 BUFF: 289 DC: 0 FLAG_ZERO: False FLAG_LT: 0 FLAG_GT: 1
INPUT_PORT:  []
OUT_PORT:  []
DATA_MEM:  [289, 134]
---------------------------------------
DEBUG    root:machine.py:309 LD 0
TICK: 14002 PC:   0 ADDR:   0 MEM_OUT: 289 ACC: 4 BUFF: 289 DC: 0 FLAG_ZERO: False FLAG_LT: 0 FLAG_GT: 1
INPUT_PORT:  []
OUT_PORT:  []
DATA_MEM:  [289, 134]
---------------------------------------
DEBUG    root:machine.py:309 INC 
TICK: 14006 PC:   1 ADDR:   0 MEM_OUT: 289 ACC: 289 BUFF: 289 DC: 0 FLAG_ZERO: False FLAG_LT: 0 FLAG_GT: 1
INPUT_PORT:  []
OUT_PORT:  []
DATA_MEM:  [289, 134]
---------------------------------------
DEBUG    root:machine.py:309 ST 0
TICK: 14009 PC:   2 ADDR:   0 MEM_OUT: 289 ACC: 290 BUFF: 289 DC: 0 FLAG_ZERO: False FLAG_LT: 0 FLAG_GT: 1
INPUT_PORT:  []
OUT_PORT:  []
DATA_MEM:  [289, 134]
---------------------------------------
DEBUG    root:machine.py:309 CMP 1000
TICK: 14013 PC:   3 ADDR:   0 MEM_OUT: 290 ACC: 290 BUFF: 289 DC: 0 FLAG_ZERO: False FLAG_LT: 0 FLAG_GT: 1
INPUT_PORT:  []
OUT_PORT:  []
DATA_MEM:  [290, 134]
---------------------------------------
DEBUG    root:machine.py:309 JGE 22
TICK: 14016 PC:   4 ADDR:   0 MEM_OUT: 290 ACC: 290 BUFF: 289 DC: 0 FLAG_ZERO: False FLAG_LT: 1 FLAG_GT: 0
INPUT_PORT:  []
OUT_PORT:  []
DATA_MEM:  [290, 134]
---------------------------------------
DEBUG    root:machine.py:309 LD 0
TICK: 14019 PC:   5 ADDR:   0 MEM_OUT: 290 ACC: 290 BUFF: 289 DC: 0 FLAG_ZERO: False FLAG_LT: 1 FLAG_GT: 0
INPUT_PORT:  []
OUT_PORT:  []
DATA_MEM:  [290, 134]
---------------------------------------
DEBUG    root:machine.py:309 MOD 3
TICK: 14023 PC:   6 ADDR:   0 MEM_OUT: 290 ACC: 290 BUFF: 289 DC: 0 FLAG_ZERO: False FLAG_LT: 1 FLAG_GT: 0
INPUT_PORT:  []
OUT_PORT:  []
DATA_MEM:  [290, 134]
---------------------------------------
DEBUG    root:machine.py:309 CMP 0
TICK: 14027 PC:   7 ADDR:   0 MEM_OUT: 290 ACC: 2 BUFF: 290 DC: 0 FLAG_ZERO: False FLAG_LT: 1 FLAG_GT: 0
INPUT_PORT:  []
OUT_PORT:  []
DATA_MEM:  [290, 134]
---------------------------------------
DEBUG    root:machine.py:309 JE 14
TICK: 14030 PC:   8 ADDR:   0 MEM_OUT: 290 ACC: 2 BUFF: 290 DC: 0 FLAG_ZERO: False FLAG_LT: 0 FLAG_GT: 1
INPUT_PORT:  []
OUT_PORT:  []
DATA_MEM:  [290, 134]
---------------------------------------
DEBUG    root:machine.py:309 LD 0
TICK: 14033 PC:   9 ADDR:   0 MEM_OUT: 290 ACC: 2 BUFF: 290 DC: 0 FLAG_ZERO: False FLAG_LT: 0 FLAG_GT: 1
INPUT_PORT:  []
OUT_PORT:  []
DATA_MEM:  [290, 134]
---------------------------------------
DEBUG    root:machine.py:309 MOD 5
TICK: 14037 PC:  10 ADDR:   0 MEM_OUT: 290 ACC: 290 BUFF: 290 DC: 0 FLAG_ZERO: False FLAG_LT: 0 FLAG_GT: 1
INPUT_PORT:  []
OUT_PORT:  []
DATA_MEM:  [290, 134]
---------------------------------------
DEBUG    root:machine.py:309 CMP 0
TICK: 14041 PC:  11 ADDR:   0 MEM_OUT: 290 ACC: 0 BUFF: 290 DC: 0 FLAG_ZERO: False FLAG_LT: 0 FLAG_GT: 1
INPUT_PORT:  []
OUT_PORT:  []
DATA_MEM:  [290, 134]
---------------------------------------
DEBUG    root:machine.py:309 JE 18
TICK: 14044 PC:  12 ADDR:   0 MEM_OUT: 290 ACC: 0 BUFF: 290 DC: 0 FLAG_ZERO: True FLAG_LT: 0 FLAG_GT: 0
INPUT_PORT:  []
OUT_PORT:  []
DATA_MEM:  [290, 134]
---------------------------------------
DEBUG    root:machine.py:309 LD 4
TICK: 14047 PC:  18 ADDR:   0 MEM_OUT: 290 ACC: 0 BUFF: 290 DC: 0 FLAG_ZERO: True FLAG_LT: 0 FLAG_GT: 0
INPUT_PORT:  []
OUT_PORT:  []
DATA_MEM:  [290, 134]
---------------------------------------
DEBUG    root:machine.py:309 INC 
TICK: 14051 PC:  19 ADDR:   1 MEM_OUT: 134 ACC: 134 BUFF: 290 DC: 0 FLAG_ZERO: True FLAG_LT: 0 FLAG_GT: 0
INPUT_PORT:  []
OUT_PORT:  []
DATA_MEM:  [290, 134]
---------------------------------------
DEBUG    root:machine.py:309 ST 4
TICK: 14054 PC:  20 ADDR:   1 MEM_OUT: 134 ACC: 135 BUFF: 290 DC: 0 FLAG_ZERO: True FLAG_LT: 0 FLAG_GT: 0
INPUT_PORT:  []
OUT_PORT:  []
DATA_MEM:  [290, 134]
---------------------------------------
DEBUG    root:machine.py:309 JMP 0
TICK: 14058 PC:  21 ADDR:   1 MEM_OUT: 135 ACC: 135 BUFF: 290 DC: 0 FLAG_ZERO: True FLAG_LT: 0 FLAG_GT: 0
INPUT_PORT:  []
OUT_PORT:  []
DATA_MEM:  [290, 135]
---------------------------------------
DEBUG    root:machine.py:309 LD 0
TICK: 14061 PC:   0 ADDR:   1 MEM_OUT: 135 ACC: 135 BUFF: 290 DC: 0 FLAG_ZERO: True FLAG_LT: 0 FLAG_GT: 0
INPUT_PORT:  []
OUT_PORT:  []
DATA_MEM:  [290, 135]
---------------------------------------
DEBUG    root:machine.py:309 INC 
TICK: 14065 PC:   1 ADDR:   0 MEM_OUT: 290 ACC: 290 BUFF: 290 DC: 0 FLAG_ZERO: True FLAG_LT: 0 FLAG_GT: 0
INPUT_PORT:  []
OUT_PORT:  []
DATA_MEM:  [290, 135]
---------------------------------------
DEBUG    root:machine.py:309 ST 0
TICK: 14068 PC:   2 ADDR:   0 MEM_OUT: 290 ACC: 291 BUFF: 290 DC: 0 FLAG_ZERO: True FLAG_LT: 0 FLAG_GT: 0
INPUT_PORT:  []
OUT_PORT:  []
DATA_MEM:  [290, 135]
---------------------------------------
DEBUG    root:machine.py:309 CMP 1000
TICK: 14072 PC:   3 ADDR:   0 MEM_OUT: 291 ACC: 291 BUFF: 290 DC: 0 FLAG_ZERO: True FLAG_LT: 0 FLAG_GT: 0
INPUT_PORT:  []
OUT_PORT:  []
DATA_MEM:  [291, 135]
---------------------------------------
DEBUG    root:machine.py:309 JGE 22
TICK: 14075 PC:   4 ADDR:   0 MEM_OUT: 291 ACC: 291 BUFF: 290 DC: 0 FLAG_ZERO: False FLAG_LT: 1 FLAG_GT: 0
INPUT_PORT:  []
OUT_PORT:  []
DATA_MEM:  [291, 135]
---------------------------------------
DEBUG    root:machine.py:309 LD 0
TICK: 14078 PC:   5 ADDR:   0 MEM_OUT: 291 ACC: 291 BUFF: 290 DC: 0 FLAG_ZERO: False FLAG_LT: 1 FLAG_GT: 0
INPUT_PORT:  []
OUT_PORT:  []
DATA_MEM:  [291, 135]
---------------------------------------
DEBUG    root:machine.py:309 MOD 3
TICK: 14082 PC:   6 ADDR:   0 MEM_OUT: 291 ACC: 291 BUFF: 290 DC: 0 FLAG_ZERO: False FLAG_LT: 1 FLAG_GT: 0
INPUT_PORT:  []
OUT_PORT:  []
DATA_MEM:  [291, 135]
---------------------------------------
DEBUG    root:machine.py:309 CMP 0
TICK: 14086 PC:   7 ADDR:   0 MEM_OUT: 291 ACC: 0 BUFF: 291 DC: 0 FLAG_ZERO: False FLAG_LT: 1 FLAG_GT: 0
INPUT_PORT:  []
OUT_PORT:  []
DATA_MEM:  [291, 135]
---------------------------------------
DEBUG    root:machine.py:309 JE 14
TICK: 14089 PC:   8 ADDR:   0 MEM_OUT: 291 ACC: 0 BUFF: 291 DC: 0 FLAG_ZERO: True FLAG_LT: 0 FLAG_GT: 0
INPUT_PORT:  []
OUT_PORT:  []
DATA_MEM:  [291, 135]
---------------------------------------
DEBUG    root:machine.py:309 LD 4
TICK: 14092 PC:  14 ADDR:   0 MEM_OUT: 291 ACC: 0 BUFF: 291 DC: 0 FLAG_ZERO: True FLAG_LT: 0 FLAG_GT: 0
INPUT_PORT:  []
OUT_PORT:  []
DATA_MEM:  [291, 135]
---------------------------------------
DEBUG    root:machine.py:309 INC 
TICK: 14096 PC:  15 ADDR:   1 MEM_OUT: 135 ACC: 135 BUFF: 291 DC: 0 FLAG_ZERO: True FLAG_LT: 0 FLAG_GT: 0
INPUT_PORT:  []
OUT_PORT:  []
DATA_MEM:  [291, 135]
---------------------------------------
DEBUG    root:machine.py:309 ST 4
TICK: 14099 PC:  16 ADDR:   1 MEM_OUT: 135 ACC: 136 BUFF: 291 DC: 0 FLAG_ZERO: True FLAG_LT: 0 FLAG_GT: 0
INPUT_PORT:  []
OUT_PORT:  []
DATA_MEM:  [291, 135]
---------------------------------------
DEBUG    root:machine.py:309 JMP 0
TICK: 14103 PC:  17 ADDR:   1 MEM_OUT: 136 ACC: 136 BUFF: 291 DC: 0 FLAG_ZERO: True FLAG_LT: 0 FLAG_GT: 0
INPUT_PORT:  []
OUT_PORT:  []
DATA_MEM:  [291, 136]
---------------------------------------
DEBUG    root:machine.py:309 LD 0
TICK: 14106 PC:   0 ADDR:   1 MEM_OUT: 136 ACC: 136 BUFF: 291 DC: 0 FLAG_ZERO: True FLAG_LT: 0 FLAG_GT: 0
INPUT_PORT:  []
OUT_PORT:  []
DATA_MEM:  [291, 136]
---------------------------------------
DEBUG    root:machine.py:309 INC 
TICK: 14110 PC:   1 ADDR:   0 MEM_OUT: 291 ACC: 291 BUFF: 291 DC: 0 FLAG_ZERO: True FLAG_LT: 0 FLAG_GT: 0
INPUT_PORT:  []
OUT_PORT:  []
DATA_MEM:  [291, 136]
---------------------------------------
DEBUG    root:machine.py:309 ST 0
TICK: 14113 PC:   2 ADDR:   0 MEM_OUT: 291 ACC: 292 BUFF: 291 DC: 0 FLAG_ZERO: True FLAG_LT: 0 FLAG_GT: 0
INPUT_PORT:  []
OUT_PORT:  []
DATA_MEM:  [291, 136]
---------------------------------------
DEBUG    root:machine.py:309 CMP 1000
TICK: 14117 PC:   3 ADDR:   0 MEM_OUT: 292 ACC: 292 BUFF: 291 DC: 0 FLAG_ZERO: True FLAG_LT: 0 FLAG_GT: 0
INPUT_PORT:  []
OUT_PORT:  []
DATA_MEM:  [292, 136]
---------------------------------------
DEBUG    root:machine.py:309 JGE 22
TICK: 14120 PC:   4 ADDR:   0 MEM_OUT: 292 ACC: 292 BUFF: 291 DC: 0 FLAG_ZERO: False FLAG_LT: 1 FLAG_GT: 0
INPUT_PORT:  []
OUT_PORT:  []
DATA_MEM:  [292, 136]
---------------------------------------
DEBUG    root:machine.py:309 LD 0
TICK: 14123 PC:   5 ADDR:   0 MEM_OUT: 292 ACC: 292 BUFF: 291 DC: 0 FLAG_ZERO: False FLAG_LT: 1 FLAG_GT: 0
INPUT_PORT:  []
OUT_PORT:  []
DATA_MEM:  [292, 136]
---------------------------------------
DEBUG    root:machine.py:309 MOD 3
TICK: 14127 PC:   6 ADDR:   0 MEM_OUT: 292 ACC: 292 BUFF: 291 DC: 0 FLAG_ZERO: False FLAG_LT: 1 FLAG_GT: 0
INPUT_PORT:  []
OUT_PORT:  []
DATA_MEM:  [292, 136]
---------------------------------------
DEBUG    root:machine.py:309 CMP 0
TICK: 14131 PC:   7 ADDR:   0 MEM_OUT: 292 ACC: 1 BUFF: 292 DC: 0 FLAG_ZERO: False FLAG_LT: 1 FLAG_GT: 0
INPUT_PORT:  []
OUT_PORT:  []
DATA_MEM:  [292, 136]
---------------------------------------
DEBUG    root:machine.py:309 JE 14
TICK: 14134 PC:   8 ADDR:   0 MEM_OUT: 292 ACC: 1 BUFF: 292 DC: 0 FLAG_ZERO: False FLAG_LT: 0 FLAG_GT: 1
INPUT_PORT:  []
OUT_PORT:  []
DATA_MEM:  [292, 136]
---------------------------------------
DEBUG    root:machine.py:309 LD 0
TICK: 14137 PC:   9 ADDR:   0 MEM_OUT: 292 ACC: 1 BUFF: 292 DC: 0 FLAG_ZERO: False FLAG_LT: 0 FLAG_GT: 1
INPUT_PORT:  []
OUT_PORT:  []
DATA_MEM:  [292, 136]
---------------------------------------
DEBUG    root:machine.py:309 MOD 5
TICK: 14141 PC:  10 ADDR:   0 MEM_OUT: 292 ACC: 292 BUFF: 292 DC: 0 FLAG_ZERO: False FLAG_LT: 0 FLAG_GT: 1
INPUT_PORT:  []
OUT_PORT:  []
DATA_MEM:  [292, 136]
---------------------------------------
DEBUG    root:machine.py:309 CMP 0
TICK: 14145 PC:  11 ADDR:   0 MEM_OUT: 292 ACC: 2 BUFF: 292 DC: 0 FLAG_ZERO: False FLAG_LT: 0 FLAG_GT: 1
INPUT_PORT:  []
OUT_PORT:  []
DATA_MEM:  [292, 136]
---------------------------------------
DEBUG    root:machine.py:309 JE 18
TICK: 14148 PC:  12 ADDR:   0 MEM_OUT: 292 ACC: 2 BUFF: 292 DC: 0 FLAG_ZERO: False FLAG_LT: 0 FLAG_GT: 1
INPUT_PORT:  []
OUT_PORT:  []
DATA_MEM:  [292, 136]
---------------------------------------
DEBUG    root:machine.py:309 JMP 0
TICK: 14151 PC:  13 ADDR:   0 MEM_OUT: 292 ACC: 2 BUFF: 292 DC: 0 FLAG_ZERO: False FLAG_LT: 0 FLAG_GT: 1
INPUT_PORT:  []
OUT_PORT:  []
DATA_MEM:  [292, 136]
---------------------------------------
DEBUG    root:machine.py:309 LD 0
TICK: 14154 PC:   0 ADDR:   0 MEM_OUT: 292 ACC: 2 BUFF: 292 DC: 0 FLAG_ZERO: False FLAG_LT: 0 FLAG_GT: 1
INPUT_PORT:  []
OUT_PORT:  []
DATA_MEM:  [292, 136]
---------------------------------------
DEBUG    root:machine.py:309 INC 
TICK: 14158 PC:   1 ADDR:   0 MEM_OUT: 292 ACC: 292 BUFF: 292 DC: 0 FLAG_ZERO: False FLAG_LT: 0 FLAG_GT: 1
INPUT_PORT:  []
OUT_PORT:  []
DATA_MEM:  [292, 136]
---------------------------------------
DEBUG    root:machine.py:309 ST 0
TICK: 14161 PC:   2 ADDR:   0 MEM_OUT: 292 ACC: 293 BUFF: 292 DC: 0 FLAG_ZERO: False FLAG_LT: 0 FLAG_GT: 1
INPUT_PORT:  []
OUT_PORT:  []
DATA_MEM:  [292, 136]
---------------------------------------
DEBUG    root:machine.py:309 CMP 1000
TICK: 14165 PC:   3 ADDR:   0 MEM_OUT: 293 ACC: 293 BUFF: 292 DC: 0 FLAG_ZERO: False FLAG_LT: 0 FLAG_GT: 1
INPUT_PORT:  []
OUT_PORT:  []
DATA_MEM:  [293, 136]
---------------------------------------
DEBUG    root:machine.py:309 JGE 22
TICK: 14168 PC:   4 ADDR:   0 MEM_OUT: 293 ACC: 293 BUFF: 292 DC: 0 FLAG_ZERO: False FLAG_LT: 1 FLAG_GT: 0
INPUT_PORT:  []
OUT_PORT:  []
DATA_MEM:  [293, 136]
---------------------------------------
DEBUG    root:machine.py:309 LD 0
TICK: 14171 PC:   5 ADDR:   0 MEM_OUT: 293 ACC: 293 BUFF: 292 DC: 0 FLAG_ZERO: False FLAG_LT: 1 FLAG_GT: 0
INPUT_PORT:  []
OUT_PORT:  []
DATA_MEM:  [293, 136]
---------------------------------------
DEBUG    root:machine.py:309 MOD 3
TICK: 14175 PC:   6 ADDR:   0 MEM_OUT: 293 ACC: 293 BUFF: 292 DC: 0 FLAG_ZERO: False FLAG_LT: 1 FLAG_GT: 0
INPUT_PORT:  []
OUT_PORT:  []
DATA_MEM:  [293, 136]
---------------------------------------
DEBUG    root:machine.py:309 CMP 0
TICK: 14179 PC:   7 ADDR:   0 MEM_OUT: 293 ACC: 2 BUFF: 293 DC: 0 FLAG_ZERO: False FLAG_LT: 1 FLAG_GT: 0
INPUT_PORT:  []
OUT_PORT:  []
DATA_MEM:  [293, 136]
---------------------------------------
DEBUG    root:machine.py:309 JE 14
TICK: 14182 PC:   8 ADDR:   0 MEM_OUT: 293 ACC: 2 BUFF: 293 DC: 0 FLAG_ZERO: False FLAG_LT: 0 FLAG_GT: 1
INPUT_PORT:  []
OUT_PORT:  []
DATA_MEM:  [293, 136]
---------------------------------------
DEBUG    root:machine.py:309 LD 0
TICK: 14185 PC:   9 ADDR:   0 MEM_OUT: 293 ACC: 2 BUFF: 293 DC: 0 FLAG_ZERO: False FLAG_LT: 0 FLAG_GT: 1
INPUT_PORT:  []
OUT_PORT:  []
DATA_MEM:  [293, 136]
---------------------------------------
DEBUG    root:machine.py:309 MOD 5
TICK: 14189 PC:  10 ADDR:   0 MEM_OUT: 293 ACC: 293 BUFF: 293 DC: 0 FLAG_ZERO: False FLAG_LT: 0 FLAG_GT: 1
INPUT_PORT:  []
OUT_PORT:  []
DATA_MEM:  [293, 136]
---------------------------------------
DEBUG    root:machine.py:309 CMP 0
TICK: 14193 PC:  11 ADDR:   0 MEM_OUT: 293 ACC: 3 BUFF: 293 DC: 0 FLAG_ZERO: False FLAG_LT: 0 FLAG_GT: 1
INPUT_PORT:  []
OUT_PORT:  []
DATA_MEM:  [293, 136]
---------------------------------------
DEBUG    root:machine.py:309 JE 18
TICK: 14196 PC:  12 ADDR:   0 MEM_OUT: 293 ACC: 3 BUFF: 293 DC: 0 FLAG_ZERO: False FLAG_LT: 0 FLAG_GT: 1
INPUT_PORT:  []
OUT_PORT:  []
DATA_MEM:  [293, 136]
---------------------------------------
DEBUG    root:machine.py:309 JMP 0
TICK: 14199 PC:  13 ADDR:   0 MEM_OUT: 293 ACC: 3 BUFF: 293 DC: 0 FLAG_ZERO: False FLAG_LT: 0 FLAG_GT: 1
INPUT_PORT:  []
OUT_PORT:  []
DATA_MEM:  [293, 136]
---------------------------------------
DEBUG    root:machine.py:309 LD 0
TICK: 14202 PC:   0 ADDR:   0 MEM_OUT: 293 ACC: 3 BUFF: 293 DC: 0 FLAG_ZERO: False FLAG_LT: 0 FLAG_GT: 1
INPUT_PORT:  []
OUT_PORT:  []
DATA_MEM:  [293, 136]
---------------------------------------
DEBUG    root:machine.py:309 INC 
TICK: 14206 PC:   1 ADDR:   0 MEM_OUT: 293 ACC: 293 BUFF: 293 DC: 0 FLAG_ZERO: False FLAG_LT: 0 FLAG_GT: 1
INPUT_PORT:  []
OUT_PORT:  []
DATA_MEM:  [293, 136]
---------------------------------------
DEBUG    root:machine.py:309 ST 0
TICK: 14209 PC:   2 ADDR:   0 MEM_OUT: 293 ACC: 294 BUFF: 293 DC: 0 FLAG_ZERO: False FLAG_LT: 0 FLAG_GT: 1
INPUT_PORT:  []
OUT_PORT:  []
DATA_MEM:  [293, 136]
---------------------------------------
DEBUG    root:machine.py:309 CMP 1000
TICK: 14213 PC:   3 ADDR:   0 MEM_OUT: 294 ACC: 294 BUFF: 293 DC: 0 FLAG_ZERO: False FLAG_LT: 0 FLAG_GT: 1
INPUT_PORT:  []
OUT_PORT:  []
DATA_MEM:  [294, 136]
---------------------------------------
DEBUG    root:machine.py:309 JGE 22
TICK: 14216 PC:   4 ADDR:   0 MEM_OUT: 294 ACC: 294 BUFF: 293 DC: 0 FLAG_ZERO: False FLAG_LT: 1 FLAG_GT: 0
INPUT_PORT:  []
OUT_PORT:  []
DATA_MEM:  [294, 136]
---------------------------------------
DEBUG    root:machine.py:309 LD 0
TICK: 14219 PC:   5 ADDR:   0 MEM_OUT: 294 ACC: 294 BUFF: 293 DC: 0 FLAG_ZERO: False FLAG_LT: 1 FLAG_GT: 0
INPUT_PORT:  []
OUT_PORT:  []
DATA_MEM:  [294, 136]
---------------------------------------
DEBUG    root:machine.py:309 MOD 3
TICK: 14223 PC:   6 ADDR:   0 MEM_OUT: 294 ACC: 294 BUFF: 293 DC: 0 FLAG_ZERO: False FLAG_LT: 1 FLAG_GT: 0
INPUT_PORT:  []
OUT_PORT:  []
DATA_MEM:  [294, 136]
---------------------------------------
DEBUG    root:machine.py:309 CMP 0
TICK: 14227 PC:   7 ADDR:   0 MEM_OUT: 294 ACC: 0 BUFF: 294 DC: 0 FLAG_ZERO: False FLAG_LT: 1 FLAG_GT: 0
INPUT_PORT:  []
OUT_PORT:  []
DATA_MEM:  [294, 136]
---------------------------------------
DEBUG    root:machine.py:309 JE 14
TICK: 14230 PC:   8 ADDR:   0 MEM_OUT: 294 ACC: 0 BUFF: 294 DC: 0 FLAG_ZERO: True FLAG_LT: 0 FLAG_GT: 0
INPUT_PORT:  []
OUT_PORT:  []
DATA_MEM:  [294, 136]
---------------------------------------
DEBUG    root:machine.py:309 LD 4
TICK: 14233 PC:  14 ADDR:   0 MEM_OUT: 294 ACC: 0 BUFF: 294 DC: 0 FLAG_ZERO: True FLAG_LT: 0 FLAG_GT: 0
INPUT_PORT:  []
OUT_PORT:  []
DATA_MEM:  [294, 136]
---------------------------------------
DEBUG    root:machine.py:309 INC 
TICK: 14237 PC:  15 ADDR:   1 MEM_OUT: 136 ACC: 136 BUFF: 294 DC: 0 FLAG_ZERO: True FLAG_LT: 0 FLAG_GT: 0
INPUT_PORT:  []
OUT_PORT:  []
DATA_MEM:  [294, 136]
---------------------------------------
DEBUG    root:machine.py:309 ST 4
TICK: 14240 PC:  16 ADDR:   1 MEM_OUT: 136 ACC: 137 BUFF: 294 DC: 0 FLAG_ZERO: True FLAG_LT: 0 FLAG_GT: 0
INPUT_PORT:  []
OUT_PORT:  []
DATA_MEM:  [294, 136]
---------------------------------------
DEBUG    root:machine.py:309 JMP 0
TICK: 14244 PC:  17 ADDR:   1 MEM_OUT: 137 ACC: 137 BUFF: 294 DC: 0 FLAG_ZERO: True FLAG_LT: 0 FLAG_GT: 0
INPUT_PORT:  []
OUT_PORT:  []
DATA_MEM:  [294, 137]
---------------------------------------
DEBUG    root:machine.py:309 LD 0
TICK: 14247 PC:   0 ADDR:   1 MEM_OUT: 137 ACC: 137 BUFF: 294 DC: 0 FLAG_ZERO: True FLAG_LT: 0 FLAG_GT: 0
INPUT_PORT:  []
OUT_PORT:  []
DATA_MEM:  [294, 137]
---------------------------------------
DEBUG    root:machine.py:309 INC 
TICK: 14251 PC:   1 ADDR:   0 MEM_OUT: 294 ACC: 294 BUFF: 294 DC: 0 FLAG_ZERO: True FLAG_LT: 0 FLAG_GT: 0
INPUT_PORT:  []
OUT_PORT:  []
DATA_MEM:  [294, 137]
---------------------------------------
DEBUG    root:machine.py:309 ST 0
TICK: 14254 PC:   2 ADDR:   0 MEM_OUT: 294 ACC: 295 BUFF: 294 DC: 0 FLAG_ZERO: True FLAG_LT: 0 FLAG_GT: 0
INPUT_PORT:  []
OUT_PORT:  []
DATA_MEM:  [294, 137]
---------------------------------------
DEBUG    root:machine.py:309 CMP 1000
TICK: 14258 PC:   3 ADDR:   0 MEM_OUT: 295 ACC: 295 BUFF: 294 DC: 0 FLAG_ZERO: True FLAG_LT: 0 FLAG_GT: 0
INPUT_PORT:  []
OUT_PORT:  []
DATA_MEM:  [295, 137]
---------------------------------------
DEBUG    root:machine.py:309 JGE 22
TICK: 14261 PC:   4 ADDR:   0 MEM_OUT: 295 ACC: 295 BUFF: 294 DC: 0 FLAG_ZERO: False FLAG_LT: 1 FLAG_GT: 0
INPUT_PORT:  []
OUT_PORT:  []
DATA_MEM:  [295, 137]
---------------------------------------
DEBUG    root:machine.py:309 LD 0
TICK: 14264 PC:   5 ADDR:   0 MEM_OUT: 295 ACC: 295 BUFF: 294 DC: 0 FLAG_ZERO: False FLAG_LT: 1 FLAG_GT: 0
INPUT_PORT:  []
OUT_PORT:  []
DATA_MEM:  [295, 137]
---------------------------------------
DEBUG    root:machine.py:309 MOD 3
TICK: 14268 PC:   6 ADDR:   0 MEM_OUT: 295 ACC: 295 BUFF: 294 DC: 0 FLAG_ZERO: False FLAG_LT: 1 FLAG_GT: 0
INPUT_PORT:  []
OUT_PORT:  []
DATA_MEM:  [295, 137]
---------------------------------------
DEBUG    root:machine.py:309 CMP 0
TICK: 14272 PC:   7 ADDR:   0 MEM_OUT: 295 ACC: 1 BUFF: 295 DC: 0 FLAG_ZERO: False FLAG_LT: 1 FLAG_GT: 0
INPUT_PORT:  []
OUT_PORT:  []
DATA_MEM:  [295, 137]
---------------------------------------
DEBUG    root:machine.py:309 JE 14
TICK: 14275 PC:   8 ADDR:   0 MEM_OUT: 295 ACC: 1 BUFF: 295 DC: 0 FLAG_ZERO: False FLAG_LT: 0 FLAG_GT: 1
INPUT_PORT:  []
OUT_PORT:  []
DATA_MEM:  [295, 137]
---------------------------------------
DEBUG    root:machine.py:309 LD 0
TICK: 14278 PC:   9 ADDR:   0 MEM_OUT: 295 ACC: 1 BUFF: 295 DC: 0 FLAG_ZERO: False FLAG_LT: 0 FLAG_GT: 1
INPUT_PORT:  []
OUT_PORT:  []
DATA_MEM:  [295, 137]
---------------------------------------
DEBUG    root:machine.py:309 MOD 5
TICK: 14282 PC:  10 ADDR:   0 MEM_OUT: 295 ACC: 295 BUFF: 295 DC: 0 FLAG_ZERO: False FLAG_LT: 0 FLAG_GT: 1
INPUT_PORT:  []
OUT_PORT:  []
DATA_MEM:  [295, 137]
---------------------------------------
DEBUG    root:machine.py:309 CMP 0
TICK: 14286 PC:  11 ADDR:   0 MEM_OUT: 295 ACC: 0 BUFF: 295 DC: 0 FLAG_ZERO: False FLAG_LT: 0 FLAG_GT: 1
INPUT_PORT:  []
OUT_PORT:  []
DATA_MEM:  [295, 137]
---------------------------------------
DEBUG    root:machine.py:309 JE 18
TICK: 14289 PC:  12 ADDR:   0 MEM_OUT: 295 ACC: 0 BUFF: 295 DC: 0 FLAG_ZERO: True FLAG_LT: 0 FLAG_GT: 0
INPUT_PORT:  []
OUT_PORT:  []
DATA_MEM:  [295, 137]
---------------------------------------
DEBUG    root:machine.py:309 LD 4
TICK: 14292 PC:  18 ADDR:   0 MEM_OUT: 295 ACC: 0 BUFF: 295 DC: 0 FLAG_ZERO: True FLAG_LT: 0 FLAG_GT: 0
INPUT_PORT:  []
OUT_PORT:  []
DATA_MEM:  [295, 137]
---------------------------------------
DEBUG    root:machine.py:309 INC 
TICK: 14296 PC:  19 ADDR:   1 MEM_OUT: 137 ACC: 137 BUFF: 295 DC: 0 FLAG_ZERO: True FLAG_LT: 0 FLAG_GT: 0
INPUT_PORT:  []
OUT_PORT:  []
DATA_MEM:  [295, 137]
---------------------------------------
DEBUG    root:machine.py:309 ST 4
TICK: 14299 PC:  20 ADDR:   1 MEM_OUT: 137 ACC: 138 BUFF: 295 DC: 0 FLAG_ZERO: True FLAG_LT: 0 FLAG_GT: 0
INPUT_PORT:  []
OUT_PORT:  []
DATA_MEM:  [295, 137]
---------------------------------------
DEBUG    root:machine.py:309 JMP 0
TICK: 14303 PC:  21 ADDR:   1 MEM_OUT: 138 ACC: 138 BUFF: 295 DC: 0 FLAG_ZERO: True FLAG_LT: 0 FLAG_GT: 0
INPUT_PORT:  []
OUT_PORT:  []
DATA_MEM:  [295, 138]
---------------------------------------
DEBUG    root:machine.py:309 LD 0
TICK: 14306 PC:   0 ADDR:   1 MEM_OUT: 138 ACC: 138 BUFF: 295 DC: 0 FLAG_ZERO: True FLAG_LT: 0 FLAG_GT: 0
INPUT_PORT:  []
OUT_PORT:  []
DATA_MEM:  [295, 138]
---------------------------------------
DEBUG    root:machine.py:309 INC 
TICK: 14310 PC:   1 ADDR:   0 MEM_OUT: 295 ACC: 295 BUFF: 295 DC: 0 FLAG_ZERO: True FLAG_LT: 0 FLAG_GT: 0
INPUT_PORT:  []
OUT_PORT:  []
DATA_MEM:  [295, 138]
---------------------------------------
DEBUG    root:machine.py:309 ST 0
TICK: 14313 PC:   2 ADDR:   0 MEM_OUT: 295 ACC: 296 BUFF: 295 DC: 0 FLAG_ZERO: True FLAG_LT: 0 FLAG_GT: 0
INPUT_PORT:  []
OUT_PORT:  []
DATA_MEM:  [295, 138]
---------------------------------------
DEBUG    root:machine.py:309 CMP 1000
TICK: 14317 PC:   3 ADDR:   0 MEM_OUT: 296 ACC: 296 BUFF: 295 DC: 0 FLAG_ZERO: True FLAG_LT: 0 FLAG_GT: 0
INPUT_PORT:  []
OUT_PORT:  []
DATA_MEM:  [296, 138]
---------------------------------------
DEBUG    root:machine.py:309 JGE 22
TICK: 14320 PC:   4 ADDR:   0 MEM_OUT: 296 ACC: 296 BUFF: 295 DC: 0 FLAG_ZERO: False FLAG_LT: 1 FLAG_GT: 0
INPUT_PORT:  []
OUT_PORT:  []
DATA_MEM:  [296, 138]
---------------------------------------
DEBUG    root:machine.py:309 LD 0
TICK: 14323 PC:   5 ADDR:   0 MEM_OUT: 296 ACC: 296 BUFF: 295 DC: 0 FLAG_ZERO: False FLAG_LT: 1 FLAG_GT: 0
INPUT_PORT:  []
OUT_PORT:  []
DATA_MEM:  [296, 138]
---------------------------------------
DEBUG    root:machine.py:309 MOD 3
TICK: 14327 PC:   6 ADDR:   0 MEM_OUT: 296 ACC: 296 BUFF: 295 DC: 0 FLAG_ZERO: False FLAG_LT: 1 FLAG_GT: 0
INPUT_PORT:  []
OUT_PORT:  []
DATA_MEM:  [296, 138]
---------------------------------------
DEBUG    root:machine.py:309 CMP 0
TICK: 14331 PC:   7 ADDR:   0 MEM_OUT: 296 ACC: 2 BUFF: 296 DC: 0 FLAG_ZERO: False FLAG_LT: 1 FLAG_GT: 0
INPUT_PORT:  []
OUT_PORT:  []
DATA_MEM:  [296, 138]
---------------------------------------
DEBUG    root:machine.py:309 JE 14
TICK: 14334 PC:   8 ADDR:   0 MEM_OUT: 296 ACC: 2 BUFF: 296 DC: 0 FLAG_ZERO: False FLAG_LT: 0 FLAG_GT: 1
INPUT_PORT:  []
OUT_PORT:  []
DATA_MEM:  [296, 138]
---------------------------------------
DEBUG    root:machine.py:309 LD 0
TICK: 14337 PC:   9 ADDR:   0 MEM_OUT: 296 ACC: 2 BUFF: 296 DC: 0 FLAG_ZERO: False FLAG_LT: 0 FLAG_GT: 1
INPUT_PORT:  []
OUT_PORT:  []
DATA_MEM:  [296, 138]
---------------------------------------
DEBUG    root:machine.py:309 MOD 5
TICK: 14341 PC:  10 ADDR:   0 MEM_OUT: 296 ACC: 296 BUFF: 296 DC: 0 FLAG_ZERO: False FLAG_LT: 0 FLAG_GT: 1
INPUT_PORT:  []
OUT_PORT:  []
DATA_MEM:  [296, 138]
---------------------------------------
DEBUG    root:machine.py:309 CMP 0
TICK: 14345 PC:  11 ADDR:   0 MEM_OUT: 296 ACC: 1 BUFF: 296 DC: 0 FLAG_ZERO: False FLAG_LT: 0 FLAG_GT: 1
INPUT_PORT:  []
OUT_PORT:  []
DATA_MEM:  [296, 138]
---------------------------------------
DEBUG    root:machine.py:309 JE 18
TICK: 14348 PC:  12 ADDR:   0 MEM_OUT: 296 ACC: 1 BUFF: 296 DC: 0 FLAG_ZERO: False FLAG_LT: 0 FLAG_GT: 1
INPUT_PORT:  []
OUT_PORT:  []
DATA_MEM:  [296, 138]
---------------------------------------
DEBUG    root:machine.py:309 JMP 0
TICK: 14351 PC:  13 ADDR:   0 MEM_OUT: 296 ACC: 1 BUFF: 296 DC: 0 FLAG_ZERO: False FLAG_LT: 0 FLAG_GT: 1
INPUT_PORT:  []
OUT_PORT:  []
DATA_MEM:  [296, 138]
---------------------------------------
DEBUG    root:machine.py:309 LD 0
TICK: 14354 PC:   0 ADDR:   0 MEM_OUT: 296 ACC: 1 BUFF: 296 DC: 0 FLAG_ZERO: False FLAG_LT: 0 FLAG_GT: 1
INPUT_PORT:  []
OUT_PORT:  []
DATA_MEM:  [296, 138]
---------------------------------------
DEBUG    root:machine.py:309 INC 
TICK: 14358 PC:   1 ADDR:   0 MEM_OUT: 296 ACC: 296 BUFF: 296 DC: 0 FLAG_ZERO: False FLAG_LT: 0 FLAG_GT: 1
INPUT_PORT:  []
OUT_PORT:  []
DATA_MEM:  [296, 138]
---------------------------------------
DEBUG    root:machine.py:309 ST 0
TICK: 14361 PC:   2 ADDR:   0 MEM_OUT: 296 ACC: 297 BUFF: 296 DC: 0 FLAG_ZERO: False FLAG_LT: 0 FLAG_GT: 1
INPUT_PORT:  []
OUT_PORT:  []
DATA_MEM:  [296, 138]
---------------------------------------
DEBUG    root:machine.py:309 CMP 1000
TICK: 14365 PC:   3 ADDR:   0 MEM_OUT: 297 ACC: 297 BUFF: 296 DC: 0 FLAG_ZERO: False FLAG_LT: 0 FLAG_GT: 1
INPUT_PORT:  []
OUT_PORT:  []
DATA_MEM:  [297, 138]
---------------------------------------
DEBUG    root:machine.py:309 JGE 22
TICK: 14368 PC:   4 ADDR:   0 MEM_OUT: 297 ACC: 297 BUFF: 296 DC: 0 FLAG_ZERO: False FLAG_LT: 1 FLAG_GT: 0
INPUT_PORT:  []
OUT_PORT:  []
DATA_MEM:  [297, 138]
---------------------------------------
DEBUG    root:machine.py:309 LD 0
TICK: 14371 PC:   5 ADDR:   0 MEM_OUT: 297 ACC: 297 BUFF: 296 DC: 0 FLAG_ZERO: False FLAG_LT: 1 FLAG_GT: 0
INPUT_PORT:  []
OUT_PORT:  []
DATA_MEM:  [297, 138]
---------------------------------------
DEBUG    root:machine.py:309 MOD 3
TICK: 14375 PC:   6 ADDR:   0 MEM_OUT: 297 ACC: 297 BUFF: 296 DC: 0 FLAG_ZERO: False FLAG_LT: 1 FLAG_GT: 0
INPUT_PORT:  []
OUT_PORT:  []
DATA_MEM:  [297, 138]
---------------------------------------
DEBUG    root:machine.py:309 CMP 0
TICK: 14379 PC:   7 ADDR:   0 MEM_OUT: 297 ACC: 0 BUFF: 297 DC: 0 FLAG_ZERO: False FLAG_LT: 1 FLAG_GT: 0
INPUT_PORT:  []
OUT_PORT:  []
DATA_MEM:  [297, 138]
---------------------------------------
DEBUG    root:machine.py:309 JE 14
TICK: 14382 PC:   8 ADDR:   0 MEM_OUT: 297 ACC: 0 BUFF: 297 DC: 0 FLAG_ZERO: True FLAG_LT: 0 FLAG_GT: 0
INPUT_PORT:  []
OUT_PORT:  []
DATA_MEM:  [297, 138]
---------------------------------------
DEBUG    root:machine.py:309 LD 4
TICK: 14385 PC:  14 ADDR:   0 MEM_OUT: 297 ACC: 0 BUFF: 297 DC: 0 FLAG_ZERO: True FLAG_LT: 0 FLAG_GT: 0
INPUT_PORT:  []
OUT_PORT:  []
DATA_MEM:  [297, 138]
---------------------------------------
DEBUG    root:machine.py:309 INC 
TICK: 14389 PC:  15 ADDR:   1 MEM_OUT: 138 ACC: 138 BUFF: 297 DC: 0 FLAG_ZERO: True FLAG_LT: 0 FLAG_GT: 0
INPUT_PORT:  []
OUT_PORT:  []
DATA_MEM:  [297, 138]
---------------------------------------
DEBUG    root:machine.py:309 ST 4
TICK: 14392 PC:  16 ADDR:   1 MEM_OUT: 138 ACC: 139 BUFF: 297 DC: 0 FLAG_ZERO: True FLAG_LT: 0 FLAG_GT: 0
INPUT_PORT:  []
OUT_PORT:  []
DATA_MEM:  [297, 138]
---------------------------------------
DEBUG    root:machine.py:309 JMP 0
TICK: 14396 PC:  17 ADDR:   1 MEM_OUT: 139 ACC: 139 BUFF: 297 DC: 0 FLAG_ZERO: True FLAG_LT: 0 FLAG_GT: 0
INPUT_PORT:  []
OUT_PORT:  []
DATA_MEM:  [297, 139]
---------------------------------------
DEBUG    root:machine.py:309 LD 0
TICK: 14399 PC:   0 ADDR:   1 MEM_OUT: 139 ACC: 139 BUFF: 297 DC: 0 FLAG_ZERO: True FLAG_LT: 0 FLAG_GT: 0
INPUT_PORT:  []
OUT_PORT:  []
DATA_MEM:  [297, 139]
---------------------------------------
DEBUG    root:machine.py:309 INC 
TICK: 14403 PC:   1 ADDR:   0 MEM_OUT: 297 ACC: 297 BUFF: 297 DC: 0 FLAG_ZERO: True FLAG_LT: 0 FLAG_GT: 0
INPUT_PORT:  []
OUT_PORT:  []
DATA_MEM:  [297, 139]
---------------------------------------
DEBUG    root:machine.py:309 ST 0
TICK: 14406 PC:   2 ADDR:   0 MEM_OUT: 297 ACC: 298 BUFF: 297 DC: 0 FLAG_ZERO: True FLAG_LT: 0 FLAG_GT: 0
INPUT_PORT:  []
OUT_PORT:  []
DATA_MEM:  [297, 139]
---------------------------------------
DEBUG    root:machine.py:309 CMP 1000
TICK: 14410 PC:   3 ADDR:   0 MEM_OUT: 298 ACC: 298 BUFF: 297 DC: 0 FLAG_ZERO: True FLAG_LT: 0 FLAG_GT: 0
INPUT_PORT:  []
OUT_PORT:  []
DATA_MEM:  [298, 139]
---------------------------------------
DEBUG    root:machine.py:309 JGE 22
TICK: 14413 PC:   4 ADDR:   0 MEM_OUT: 298 ACC: 298 BUFF: 297 DC: 0 FLAG_ZERO: False FLAG_LT: 1 FLAG_GT: 0
INPUT_PORT:  []
OUT_PORT:  []
DATA_MEM:  [298, 139]
---------------------------------------
DEBUG    root:machine.py:309 LD 0
TICK: 14416 PC:   5 ADDR:   0 MEM_OUT: 298 ACC: 298 BUFF: 297 DC: 0 FLAG_ZERO: False FLAG_LT: 1 FLAG_GT: 0
INPUT_PORT:  []
OUT_PORT:  []
DATA_MEM:  [298, 139]
---------------------------------------
DEBUG    root:machine.py:309 MOD 3
TICK: 14420 PC:   6 ADDR:   0 MEM_OUT: 298 ACC: 298 BUFF: 297 DC: 0 FLAG_ZERO: False FLAG_LT: 1 FLAG_GT: 0
INPUT_PORT:  []
OUT_PORT:  []
DATA_MEM:  [298, 139]
---------------------------------------
DEBUG    root:machine.py:309 CMP 0
TICK: 14424 PC:   7 ADDR:   0 MEM_OUT: 298 ACC: 1 BUFF: 298 DC: 0 FLAG_ZERO: False FLAG_LT: 1 FLAG_GT: 0
INPUT_PORT:  []
OUT_PORT:  []
DATA_MEM:  [298, 139]
---------------------------------------
DEBUG    root:machine.py:309 JE 14
TICK: 14427 PC:   8 ADDR:   0 MEM_OUT: 298 ACC: 1 BUFF: 298 DC: 0 FLAG_ZERO: False FLAG_LT: 0 FLAG_GT: 1
INPUT_PORT:  []
OUT_PORT:  []
DATA_MEM:  [298, 139]
---------------------------------------
DEBUG    root:machine.py:309 LD 0
TICK: 14430 PC:   9 ADDR:   0 MEM_OUT: 298 ACC: 1 BUFF: 298 DC: 0 FLAG_ZERO: False FLAG_LT: 0 FLAG_GT: 1
INPUT_PORT:  []
OUT_PORT:  []
DATA_MEM:  [298, 139]
---------------------------------------
DEBUG    root:machine.py:309 MOD 5
TICK: 14434 PC:  10 ADDR:   0 MEM_OUT: 298 ACC: 298 BUFF: 298 DC: 0 FLAG_ZERO: False FLAG_LT: 0 FLAG_GT: 1
INPUT_PORT:  []
OUT_PORT:  []
DATA_MEM:  [298, 139]
---------------------------------------
DEBUG    root:machine.py:309 CMP 0
TICK: 14438 PC:  11 ADDR:   0 MEM_OUT: 298 ACC: 3 BUFF: 298 DC: 0 FLAG_ZERO: False FLAG_LT: 0 FLAG_GT: 1
INPUT_PORT:  []
OUT_PORT:  []
DATA_MEM:  [298, 139]
---------------------------------------
DEBUG    root:machine.py:309 JE 18
TICK: 14441 PC:  12 ADDR:   0 MEM_OUT: 298 ACC: 3 BUFF: 298 DC: 0 FLAG_ZERO: False FLAG_LT: 0 FLAG_GT: 1
INPUT_PORT:  []
OUT_PORT:  []
DATA_MEM:  [298, 139]
---------------------------------------
DEBUG    root:machine.py:309 JMP 0
TICK: 14444 PC:  13 ADDR:   0 MEM_OUT: 298 ACC: 3 BUFF: 298 DC: 0 FLAG_ZERO: False FLAG_LT: 0 FLAG_GT: 1
INPUT_PORT:  []
OUT_PORT:  []
DATA_MEM:  [298, 139]
---------------------------------------
DEBUG    root:machine.py:309 LD 0
TICK: 14447 PC:   0 ADDR:   0 MEM_OUT: 298 ACC: 3 BUFF: 298 DC: 0 FLAG_ZERO: False FLAG_LT: 0 FLAG_GT: 1
INPUT_PORT:  []
OUT_PORT:  []
DATA_MEM:  [298, 139]
---------------------------------------
DEBUG    root:machine.py:309 INC 
TICK: 14451 PC:   1 ADDR:   0 MEM_OUT: 298 ACC: 298 BUFF: 298 DC: 0 FLAG_ZERO: False FLAG_LT: 0 FLAG_GT: 1
INPUT_PORT:  []
OUT_PORT:  []
DATA_MEM:  [298, 139]
---------------------------------------
DEBUG    root:machine.py:309 ST 0
TICK: 14454 PC:   2 ADDR:   0 MEM_OUT: 298 ACC: 299 BUFF: 298 DC: 0 FLAG_ZERO: False FLAG_LT: 0 FLAG_GT: 1
INPUT_PORT:  []
OUT_PORT:  []
DATA_MEM:  [298, 139]
---------------------------------------
DEBUG    root:machine.py:309 CMP 1000
TICK: 14458 PC:   3 ADDR:   0 MEM_OUT: 299 ACC: 299 BUFF: 298 DC: 0 FLAG_ZERO: False FLAG_LT: 0 FLAG_GT: 1
INPUT_PORT:  []
OUT_PORT:  []
DATA_MEM:  [299, 139]
---------------------------------------
DEBUG    root:machine.py:309 JGE 22
TICK: 14461 PC:   4 ADDR:   0 MEM_OUT: 299 ACC: 299 BUFF: 298 DC: 0 FLAG_ZERO: False FLAG_LT: 1 FLAG_GT: 0
INPUT_PORT:  []
OUT_PORT:  []
DATA_MEM:  [299, 139]
---------------------------------------
DEBUG    root:machine.py:309 LD 0
TICK: 14464 PC:   5 ADDR:   0 MEM_OUT: 299 ACC: 299 BUFF: 298 DC: 0 FLAG_ZERO: False FLAG_LT: 1 FLAG_GT: 0
INPUT_PORT:  []
OUT_PORT:  []
DATA_MEM:  [299, 139]
---------------------------------------
DEBUG    root:machine.py:309 MOD 3
TICK: 14468 PC:   6 ADDR:   0 MEM_OUT: 299 ACC: 299 BUFF: 298 DC: 0 FLAG_ZERO: False FLAG_LT: 1 FLAG_GT: 0
INPUT_PORT:  []
OUT_PORT:  []
DATA_MEM:  [299, 139]
---------------------------------------
DEBUG    root:machine.py:309 CMP 0
TICK: 14472 PC:   7 ADDR:   0 MEM_OUT: 299 ACC: 2 BUFF: 299 DC: 0 FLAG_ZERO: False FLAG_LT: 1 FLAG_GT: 0
INPUT_PORT:  []
OUT_PORT:  []
DATA_MEM:  [299, 139]
---------------------------------------
DEBUG    root:machine.py:309 JE 14
TICK: 14475 PC:   8 ADDR:   0 MEM_OUT: 299 ACC: 2 BUFF: 299 DC: 0 FLAG_ZERO: False FLAG_LT: 0 FLAG_GT: 1
INPUT_PORT:  []
OUT_PORT:  []
DATA_MEM:  [299, 139]
---------------------------------------
DEBUG    root:machine.py:309 LD 0
TICK: 14478 PC:   9 ADDR:   0 MEM_OUT: 299 ACC: 2 BUFF: 299 DC: 0 FLAG_ZERO: False FLAG_LT: 0 FLAG_GT: 1
INPUT_PORT:  []
OUT_PORT:  []
DATA_MEM:  [299, 139]
---------------------------------------
DEBUG    root:machine.py:309 MOD 5
TICK: 14482 PC:  10 ADDR:   0 MEM_OUT: 299 ACC: 299 BUFF: 299 DC: 0 FLAG_ZERO: False FLAG_LT: 0 FLAG_GT: 1
INPUT_PORT:  []
OUT_PORT:  []
DATA_MEM:  [299, 139]
---------------------------------------
DEBUG    root:machine.py:309 CMP 0
TICK: 14486 PC:  11 ADDR:   0 MEM_OUT: 299 ACC: 4 BUFF: 299 DC: 0 FLAG_ZERO: False FLAG_LT: 0 FLAG_GT: 1
INPUT_PORT:  []
OUT_PORT:  []
DATA_MEM:  [299, 139]
---------------------------------------
DEBUG    root:machine.py:309 JE 18
TICK: 14489 PC:  12 ADDR:   0 MEM_OUT: 299 ACC: 4 BUFF: 299 DC: 0 FLAG_ZERO: False FLAG_LT: 0 FLAG_GT: 1
INPUT_PORT:  []
OUT_PORT:  []
DATA_MEM:  [299, 139]
---------------------------------------
DEBUG    root:machine.py:309 JMP 0
TICK: 14492 PC:  13 ADDR:   0 MEM_OUT: 299 ACC: 4 BUFF: 299 DC: 0 FLAG_ZERO: False FLAG_LT: 0 FLAG_GT: 1
INPUT_PORT:  []
OUT_PORT:  []
DATA_MEM:  [299, 139]
---------------------------------------
DEBUG    root:machine.py:309 LD 0
TICK: 14495 PC:   0 ADDR:   0 MEM_OUT: 299 ACC: 4 BUFF: 299 DC: 0 FLAG_ZERO: False FLAG_LT: 0 FLAG_GT: 1
INPUT_PORT:  []
OUT_PORT:  []
DATA_MEM:  [299, 139]
---------------------------------------
DEBUG    root:machine.py:309 INC 
TICK: 14499 PC:   1 ADDR:   0 MEM_OUT: 299 ACC: 299 BUFF: 299 DC: 0 FLAG_ZERO: False FLAG_LT: 0 FLAG_GT: 1
INPUT_PORT:  []
OUT_PORT:  []
DATA_MEM:  [299, 139]
---------------------------------------
DEBUG    root:machine.py:309 ST 0
TICK: 14502 PC:   2 ADDR:   0 MEM_OUT: 299 ACC: 300 BUFF: 299 DC: 0 FLAG_ZERO: False FLAG_LT: 0 FLAG_GT: 1
INPUT_PORT:  []
OUT_PORT:  []
DATA_MEM:  [299, 139]
---------------------------------------
DEBUG    root:machine.py:309 CMP 1000
TICK: 14506 PC:   3 ADDR:   0 MEM_OUT: 300 ACC: 300 BUFF: 299 DC: 0 FLAG_ZERO: False FLAG_LT: 0 FLAG_GT: 1
INPUT_PORT:  []
OUT_PORT:  []
DATA_MEM:  [300, 139]
---------------------------------------
DEBUG    root:machine.py:309 JGE 22
TICK: 14509 PC:   4 ADDR:   0 MEM_OUT: 300 ACC: 300 BUFF: 299 DC: 0 FLAG_ZERO: False FLAG_LT: 1 FLAG_GT: 0
INPUT_PORT:  []
OUT_PORT:  []
DATA_MEM:  [300, 139]
---------------------------------------
DEBUG    root:machine.py:309 LD 0
TICK: 14512 PC:   5 ADDR:   0 MEM_OUT: 300 ACC: 300 BUFF: 299 DC: 0 FLAG_ZERO: False FLAG_LT: 1 FLAG_GT: 0
INPUT_PORT:  []
OUT_PORT:  []
DATA_MEM:  [300, 139]
---------------------------------------
DEBUG    root:machine.py:309 MOD 3
TICK: 14516 PC:   6 ADDR:   0 MEM_OUT: 300 ACC: 300 BUFF: 299 DC: 0 FLAG_ZERO: False FLAG_LT: 1 FLAG_GT: 0
INPUT_PORT:  []
OUT_PORT:  []
DATA_MEM:  [300, 139]
---------------------------------------
DEBUG    root:machine.py:309 CMP 0
TICK: 14520 PC:   7 ADDR:   0 MEM_OUT: 300 ACC: 0 BUFF: 300 DC: 0 FLAG_ZERO: False FLAG_LT: 1 FLAG_GT: 0
INPUT_PORT:  []
OUT_PORT:  []
DATA_MEM:  [300, 139]
---------------------------------------
DEBUG    root:machine.py:309 JE 14
TICK: 14523 PC:   8 ADDR:   0 MEM_OUT: 300 ACC: 0 BUFF: 300 DC: 0 FLAG_ZERO: True FLAG_LT: 0 FLAG_GT: 0
INPUT_PORT:  []
OUT_PORT:  []
DATA_MEM:  [300, 139]
---------------------------------------
DEBUG    root:machine.py:309 LD 4
TICK: 14526 PC:  14 ADDR:   0 MEM_OUT: 300 ACC: 0 BUFF: 300 DC: 0 FLAG_ZERO: True FLAG_LT: 0 FLAG_GT: 0
INPUT_PORT:  []
OUT_PORT:  []
DATA_MEM:  [300, 139]
---------------------------------------
DEBUG    root:machine.py:309 INC 
TICK: 14530 PC:  15 ADDR:   1 MEM_OUT: 139 ACC: 139 BUFF: 300 DC: 0 FLAG_ZERO: True FLAG_LT: 0 FLAG_GT: 0
INPUT_PORT:  []
OUT_PORT:  []
DATA_MEM:  [300, 139]
---------------------------------------
DEBUG    root:machine.py:309 ST 4
TICK: 14533 PC:  16 ADDR:   1 MEM_OUT: 139 ACC: 140 BUFF: 300 DC: 0 FLAG_ZERO: True FLAG_LT: 0 FLAG_GT: 0
INPUT_PORT:  []
OUT_PORT:  []
DATA_MEM:  [300, 139]
---------------------------------------
DEBUG    root:machine.py:309 JMP 0
TICK: 14537 PC:  17 ADDR:   1 MEM_OUT: 140 ACC: 140 BUFF: 300 DC: 0 FLAG_ZERO: True FLAG_LT: 0 FLAG_GT: 0
INPUT_PORT:  []
OUT_PORT:  []
DATA_MEM:  [300, 140]
---------------------------------------
DEBUG    root:machine.py:309 LD 0
TICK: 14540 PC:   0 ADDR:   1 MEM_OUT: 140 ACC: 140 BUFF: 300 DC: 0 FLAG_ZERO: True FLAG_LT: 0 FLAG_GT: 0
INPUT_PORT:  []
OUT_PORT:  []
DATA_MEM:  [300, 140]
---------------------------------------
DEBUG    root:machine.py:309 INC 
TICK: 14544 PC:   1 ADDR:   0 MEM_OUT: 300 ACC: 300 BUFF: 300 DC: 0 FLAG_ZERO: True FLAG_LT: 0 FLAG_GT: 0
INPUT_PORT:  []
OUT_PORT:  []
DATA_MEM:  [300, 140]
---------------------------------------
DEBUG    root:machine.py:309 ST 0
TICK: 14547 PC:   2 ADDR:   0 MEM_OUT: 300 ACC: 301 BUFF: 300 DC: 0 FLAG_ZERO: True FLAG_LT: 0 FLAG_GT: 0
INPUT_PORT:  []
OUT_PORT:  []
DATA_MEM:  [300, 140]
---------------------------------------
DEBUG    root:machine.py:309 CMP 1000
TICK: 14551 PC:   3 ADDR:   0 MEM_OUT: 301 ACC: 301 BUFF: 300 DC: 0 FLAG_ZERO: True FLAG_LT: 0 FLAG_GT: 0
INPUT_PORT:  []
OUT_PORT:  []
DATA_MEM:  [301, 140]
---------------------------------------
DEBUG    root:machine.py:309 JGE 22
TICK: 14554 PC:   4 ADDR:   0 MEM_OUT: 301 ACC: 301 BUFF: 300 DC: 0 FLAG_ZERO: False FLAG_LT: 1 FLAG_GT: 0
INPUT_PORT:  []
OUT_PORT:  []
DATA_MEM:  [301, 140]
---------------------------------------
DEBUG    root:machine.py:309 LD 0
TICK: 14557 PC:   5 ADDR:   0 MEM_OUT: 301 ACC: 301 BUFF: 300 DC: 0 FLAG_ZERO: False FLAG_LT: 1 FLAG_GT: 0
INPUT_PORT:  []
OUT_PORT:  []
DATA_MEM:  [301, 140]
---------------------------------------
DEBUG    root:machine.py:309 MOD 3
TICK: 14561 PC:   6 ADDR:   0 MEM_OUT: 301 ACC: 301 BUFF: 300 DC: 0 FLAG_ZERO: False FLAG_LT: 1 FLAG_GT: 0
INPUT_PORT:  []
OUT_PORT:  []
DATA_MEM:  [301, 140]
---------------------------------------
DEBUG    root:machine.py:309 CMP 0
TICK: 14565 PC:   7 ADDR:   0 MEM_OUT: 301 ACC: 1 BUFF: 301 DC: 0 FLAG_ZERO: False FLAG_LT: 1 FLAG_GT: 0
INPUT_PORT:  []
OUT_PORT:  []
DATA_MEM:  [301, 140]
---------------------------------------
DEBUG    root:machine.py:309 JE 14
TICK: 14568 PC:   8 ADDR:   0 MEM_OUT: 301 ACC: 1 BUFF: 301 DC: 0 FLAG_ZERO: False FLAG_LT: 0 FLAG_GT: 1
INPUT_PORT:  []
OUT_PORT:  []
DATA_MEM:  [301, 140]
---------------------------------------
DEBUG    root:machine.py:309 LD 0
TICK: 14571 PC:   9 ADDR:   0 MEM_OUT: 301 ACC: 1 BUFF: 301 DC: 0 FLAG_ZERO: False FLAG_LT: 0 FLAG_GT: 1
INPUT_PORT:  []
OUT_PORT:  []
DATA_MEM:  [301, 140]
---------------------------------------
DEBUG    root:machine.py:309 MOD 5
TICK: 14575 PC:  10 ADDR:   0 MEM_OUT: 301 ACC: 301 BUFF: 301 DC: 0 FLAG_ZERO: False FLAG_LT: 0 FLAG_GT: 1
INPUT_PORT:  []
OUT_PORT:  []
DATA_MEM:  [301, 140]
---------------------------------------
DEBUG    root:machine.py:309 CMP 0
TICK: 14579 PC:  11 ADDR:   0 MEM_OUT: 301 ACC: 1 BUFF: 301 DC: 0 FLAG_ZERO: False FLAG_LT: 0 FLAG_GT: 1
INPUT_PORT:  []
OUT_PORT:  []
DATA_MEM:  [301, 140]
---------------------------------------
DEBUG    root:machine.py:309 JE 18
TICK: 14582 PC:  12 ADDR:   0 MEM_OUT: 301 ACC: 1 BUFF: 301 DC: 0 FLAG_ZERO: False FLAG_LT: 0 FLAG_GT: 1
INPUT_PORT:  []
OUT_PORT:  []
DATA_MEM:  [301, 140]
---------------------------------------
DEBUG    root:machine.py:309 JMP 0
TICK: 14585 PC:  13 ADDR:   0 MEM_OUT: 301 ACC: 1 BUFF: 301 DC: 0 FLAG_ZERO: False FLAG_LT: 0 FLAG_GT: 1
INPUT_PORT:  []
OUT_PORT:  []
DATA_MEM:  [301, 140]
---------------------------------------
DEBUG    root:machine.py:309 LD 0
TICK: 14588 PC:   0 ADDR:   0 MEM_OUT: 301 ACC: 1 BUFF: 301 DC: 0 FLAG_ZERO: False FLAG_LT: 0 FLAG_GT: 1
INPUT_PORT:  []
OUT_PORT:  []
DATA_MEM:  [301, 140]
---------------------------------------
DEBUG    root:machine.py:309 INC 
TICK: 14592 PC:   1 ADDR:   0 MEM_OUT: 301 ACC: 301 BUFF: 301 DC: 0 FLAG_ZERO: False FLAG_LT: 0 FLAG_GT: 1
INPUT_PORT:  []
OUT_PORT:  []
DATA_MEM:  [301, 140]
---------------------------------------
DEBUG    root:machine.py:309 ST 0
TICK: 14595 PC:   2 ADDR:   0 MEM_OUT: 301 ACC: 302 BUFF: 301 DC: 0 FLAG_ZERO: False FLAG_LT: 0 FLAG_GT: 1
INPUT_PORT:  []
OUT_PORT:  []
DATA_MEM:  [301, 140]
---------------------------------------
DEBUG    root:machine.py:309 CMP 1000
TICK: 14599 PC:   3 ADDR:   0 MEM_OUT: 302 ACC: 302 BUFF: 301 DC: 0 FLAG_ZERO: False FLAG_LT: 0 FLAG_GT: 1
INPUT_PORT:  []
OUT_PORT:  []
DATA_MEM:  [302, 140]
---------------------------------------
DEBUG    root:machine.py:309 JGE 22
TICK: 14602 PC:   4 ADDR:   0 MEM_OUT: 302 ACC: 302 BUFF: 301 DC: 0 FLAG_ZERO: False FLAG_LT: 1 FLAG_GT: 0
INPUT_PORT:  []
OUT_PORT:  []
DATA_MEM:  [302, 140]
---------------------------------------
DEBUG    root:machine.py:309 LD 0
TICK: 14605 PC:   5 ADDR:   0 MEM_OUT: 302 ACC: 302 BUFF: 301 DC: 0 FLAG_ZERO: False FLAG_LT: 1 FLAG_GT: 0
INPUT_PORT:  []
OUT_PORT:  []
DATA_MEM:  [302, 140]
---------------------------------------
DEBUG    root:machine.py:309 MOD 3
TICK: 14609 PC:   6 ADDR:   0 MEM_OUT: 302 ACC: 302 BUFF: 301 DC: 0 FLAG_ZERO: False FLAG_LT: 1 FLAG_GT: 0
INPUT_PORT:  []
OUT_PORT:  []
DATA_MEM:  [302, 140]
---------------------------------------
DEBUG    root:machine.py:309 CMP 0
TICK: 14613 PC:   7 ADDR:   0 MEM_OUT: 302 ACC: 2 BUFF: 302 DC: 0 FLAG_ZERO: False FLAG_LT: 1 FLAG_GT: 0
INPUT_PORT:  []
OUT_PORT:  []
DATA_MEM:  [302, 140]
---------------------------------------
DEBUG    root:machine.py:309 JE 14
TICK: 14616 PC:   8 ADDR:   0 MEM_OUT: 302 ACC: 2 BUFF: 302 DC: 0 FLAG_ZERO: False FLAG_LT: 0 FLAG_GT: 1
INPUT_PORT:  []
OUT_PORT:  []
DATA_MEM:  [302, 140]
---------------------------------------
DEBUG    root:machine.py:309 LD 0
TICK: 14619 PC:   9 ADDR:   0 MEM_OUT: 302 ACC: 2 BUFF: 302 DC: 0 FLAG_ZERO: False FLAG_LT: 0 FLAG_GT: 1
INPUT_PORT:  []
OUT_PORT:  []
DATA_MEM:  [302, 140]
---------------------------------------
DEBUG    root:machine.py:309 MOD 5
TICK: 14623 PC:  10 ADDR:   0 MEM_OUT: 302 ACC: 302 BUFF: 302 DC: 0 FLAG_ZERO: False FLAG_LT: 0 FLAG_GT: 1
INPUT_PORT:  []
OUT_PORT:  []
DATA_MEM:  [302, 140]
---------------------------------------
DEBUG    root:machine.py:309 CMP 0
TICK: 14627 PC:  11 ADDR:   0 MEM_OUT: 302 ACC: 2 BUFF: 302 DC: 0 FLAG_ZERO: False FLAG_LT: 0 FLAG_GT: 1
INPUT_PORT:  []
OUT_PORT:  []
DATA_MEM:  [302, 140]
---------------------------------------
DEBUG    root:machine.py:309 JE 18
TICK: 14630 PC:  12 ADDR:   0 MEM_OUT: 302 ACC: 2 BUFF: 302 DC: 0 FLAG_ZERO: False FLAG_LT: 0 FLAG_GT: 1
INPUT_PORT:  []
OUT_PORT:  []
DATA_MEM:  [302, 140]
---------------------------------------
DEBUG    root:machine.py:309 JMP 0
TICK: 14633 PC:  13 ADDR:   0 MEM_OUT: 302 ACC: 2 BUFF: 302 DC: 0 FLAG_ZERO: False FLAG_LT: 0 FLAG_GT: 1
INPUT_PORT:  []
OUT_PORT:  []
DATA_MEM:  [302, 140]
---------------------------------------
DEBUG    root:machine.py:309 LD 0
TICK: 14636 PC:   0 ADDR:   0 MEM_OUT: 302 ACC: 2 BUFF: 302 DC: 0 FLAG_ZERO: False FLAG_LT: 0 FLAG_GT: 1
INPUT_PORT:  []
OUT_PORT:  []
DATA_MEM:  [302, 140]
---------------------------------------
DEBUG    root:machine.py:309 INC 
TICK: 14640 PC:   1 ADDR:   0 MEM_OUT: 302 ACC: 302 BUFF: 302 DC: 0 FLAG_ZERO: False FLAG_LT: 0 FLAG_GT: 1
INPUT_PORT:  []
OUT_PORT:  []
DATA_MEM:  [302, 140]
---------------------------------------
DEBUG    root:machine.py:309 ST 0
TICK: 14643 PC:   2 ADDR:   0 MEM_OUT: 302 ACC: 303 BUFF: 302 DC: 0 FLAG_ZERO: False FLAG_LT: 0 FLAG_GT: 1
INPUT_PORT:  []
OUT_PORT:  []
DATA_MEM:  [302, 140]
---------------------------------------
DEBUG    root:machine.py:309 CMP 1000
TICK: 14647 PC:   3 ADDR:   0 MEM_OUT: 303 ACC: 303 BUFF: 302 DC: 0 FLAG_ZERO: False FLAG_LT: 0 FLAG_GT: 1
INPUT_PORT:  []
OUT_PORT:  []
DATA_MEM:  [303, 140]
---------------------------------------
DEBUG    root:machine.py:309 JGE 22
TICK: 14650 PC:   4 ADDR:   0 MEM_OUT: 303 ACC: 303 BUFF: 302 DC: 0 FLAG_ZERO: False FLAG_LT: 1 FLAG_GT: 0
INPUT_PORT:  []
OUT_PORT:  []
DATA_MEM:  [303, 140]
---------------------------------------
DEBUG    root:machine.py:309 LD 0
TICK: 14653 PC:   5 ADDR:   0 MEM_OUT: 303 ACC: 303 BUFF: 302 DC: 0 FLAG_ZERO: False FLAG_LT: 1 FLAG_GT: 0
INPUT_PORT:  []
OUT_PORT:  []
DATA_MEM:  [303, 140]
---------------------------------------
DEBUG    root:machine.py:309 MOD 3
TICK: 14657 PC:   6 ADDR:   0 MEM_OUT: 303 ACC: 303 BUFF: 302 DC: 0 FLAG_ZERO: False FLAG_LT: 1 FLAG_GT: 0
INPUT_PORT:  []
OUT_PORT:  []
DATA_MEM:  [303, 140]
---------------------------------------
DEBUG    root:machine.py:309 CMP 0
TICK: 14661 PC:   7 ADDR:   0 MEM_OUT: 303 ACC: 0 BUFF: 303 DC: 0 FLAG_ZERO: False FLAG_LT: 1 FLAG_GT: 0
INPUT_PORT:  []
OUT_PORT:  []
DATA_MEM:  [303, 140]
---------------------------------------
DEBUG    root:machine.py:309 JE 14
TICK: 14664 PC:   8 ADDR:   0 MEM_OUT: 303 ACC: 0 BUFF: 303 DC: 0 FLAG_ZERO: True FLAG_LT: 0 FLAG_GT: 0
INPUT_PORT:  []
OUT_PORT:  []
DATA_MEM:  [303, 140]
---------------------------------------
DEBUG    root:machine.py:309 LD 4
TICK: 14667 PC:  14 ADDR:   0 MEM_OUT: 303 ACC: 0 BUFF: 303 DC: 0 FLAG_ZERO: True FLAG_LT: 0 FLAG_GT: 0
INPUT_PORT:  []
OUT_PORT:  []
DATA_MEM:  [303, 140]
---------------------------------------
DEBUG    root:machine.py:309 INC 
TICK: 14671 PC:  15 ADDR:   1 MEM_OUT: 140 ACC: 140 BUFF: 303 DC: 0 FLAG_ZERO: True FLAG_LT: 0 FLAG_GT: 0
INPUT_PORT:  []
OUT_PORT:  []
DATA_MEM:  [303, 140]
---------------------------------------
DEBUG    root:machine.py:309 ST 4
TICK: 14674 PC:  16 ADDR:   1 MEM_OUT: 140 ACC: 141 BUFF: 303 DC: 0 FLAG_ZERO: True FLAG_LT: 0 FLAG_GT: 0
INPUT_PORT:  []
OUT_PORT:  []
DATA_MEM:  [303, 140]
---------------------------------------
DEBUG    root:machine.py:309 JMP 0
TICK: 14678 PC:  17 ADDR:   1 MEM_OUT: 141 ACC: 141 BUFF: 303 DC: 0 FLAG_ZERO: True FLAG_LT: 0 FLAG_GT: 0
INPUT_PORT:  []
OUT_PORT:  []
DATA_MEM:  [303, 141]
---------------------------------------
DEBUG    root:machine.py:309 LD 0
TICK: 14681 PC:   0 ADDR:   1 MEM_OUT: 141 ACC: 141 BUFF: 303 DC: 0 FLAG_ZERO: True FLAG_LT: 0 FLAG_GT: 0
INPUT_PORT:  []
OUT_PORT:  []
DATA_MEM:  [303, 141]
---------------------------------------
DEBUG    root:machine.py:309 INC 
TICK: 14685 PC:   1 ADDR:   0 MEM_OUT: 303 ACC: 303 BUFF: 303 DC: 0 FLAG_ZERO: True FLAG_LT: 0 FLAG_GT: 0
INPUT_PORT:  []
OUT_PORT:  []
DATA_MEM:  [303, 141]
---------------------------------------
DEBUG    root:machine.py:309 ST 0
TICK: 14688 PC:   2 ADDR:   0 MEM_OUT: 303 ACC: 304 BUFF: 303 DC: 0 FLAG_ZERO: True FLAG_LT: 0 FLAG_GT: 0
INPUT_PORT:  []
OUT_PORT:  []
DATA_MEM:  [303, 141]
---------------------------------------
DEBUG    root:machine.py:309 CMP 1000
TICK: 14692 PC:   3 ADDR:   0 MEM_OUT: 304 ACC: 304 BUFF: 303 DC: 0 FLAG_ZERO: True FLAG_LT: 0 FLAG_GT: 0
INPUT_PORT:  []
OUT_PORT:  []
DATA_MEM:  [304, 141]
---------------------------------------
DEBUG    root:machine.py:309 JGE 22
TICK: 14695 PC:   4 ADDR:   0 MEM_OUT: 304 ACC: 304 BUFF: 303 DC: 0 FLAG_ZERO: False FLAG_LT: 1 FLAG_GT: 0
INPUT_PORT:  []
OUT_PORT:  []
DATA_MEM:  [304, 141]
---------------------------------------
DEBUG    root:machine.py:309 LD 0
TICK: 14698 PC:   5 ADDR:   0 MEM_OUT: 304 ACC: 304 BUFF: 303 DC: 0 FLAG_ZERO: False FLAG_LT: 1 FLAG_GT: 0
INPUT_PORT:  []
OUT_PORT:  []
DATA_MEM:  [304, 141]
---------------------------------------
DEBUG    root:machine.py:309 MOD 3
TICK: 14702 PC:   6 ADDR:   0 MEM_OUT: 304 ACC: 304 BUFF: 303 DC: 0 FLAG_ZERO: False FLAG_LT: 1 FLAG_GT: 0
INPUT_PORT:  []
OUT_PORT:  []
DATA_MEM:  [304, 141]
---------------------------------------
DEBUG    root:machine.py:309 CMP 0
TICK: 14706 PC:   7 ADDR:   0 MEM_OUT: 304 ACC: 1 BUFF: 304 DC: 0 FLAG_ZERO: False FLAG_LT: 1 FLAG_GT: 0
INPUT_PORT:  []
OUT_PORT:  []
DATA_MEM:  [304, 141]
---------------------------------------
DEBUG    root:machine.py:309 JE 14
TICK: 14709 PC:   8 ADDR:   0 MEM_OUT: 304 ACC: 1 BUFF: 304 DC: 0 FLAG_ZERO: False FLAG_LT: 0 FLAG_GT: 1
INPUT_PORT:  []
OUT_PORT:  []
DATA_MEM:  [304, 141]
---------------------------------------
DEBUG    root:machine.py:309 LD 0
TICK: 14712 PC:   9 ADDR:   0 MEM_OUT: 304 ACC: 1 BUFF: 304 DC: 0 FLAG_ZERO: False FLAG_LT: 0 FLAG_GT: 1
INPUT_PORT:  []
OUT_PORT:  []
DATA_MEM:  [304, 141]
---------------------------------------
DEBUG    root:machine.py:309 MOD 5
TICK: 14716 PC:  10 ADDR:   0 MEM_OUT: 304 ACC: 304 BUFF: 304 DC: 0 FLAG_ZERO: False FLAG_LT: 0 FLAG_GT: 1
INPUT_PORT:  []
OUT_PORT:  []
DATA_MEM:  [304, 141]
---------------------------------------
DEBUG    root:machine.py:309 CMP 0
TICK: 14720 PC:  11 ADDR:   0 MEM_OUT: 304 ACC: 4 BUFF: 304 DC: 0 FLAG_ZERO: False FLAG_LT: 0 FLAG_GT: 1
INPUT_PORT:  []
OUT_PORT:  []
DATA_MEM:  [304, 141]
---------------------------------------
DEBUG    root:machine.py:309 JE 18
TICK: 14723 PC:  12 ADDR:   0 MEM_OUT: 304 ACC: 4 BUFF: 304 DC: 0 FLAG_ZERO: False FLAG_LT: 0 FLAG_GT: 1
INPUT_PORT:  []
OUT_PORT:  []
DATA_MEM:  [304, 141]
---------------------------------------
DEBUG    root:machine.py:309 JMP 0
TICK: 14726 PC:  13 ADDR:   0 MEM_OUT: 304 ACC: 4 BUFF: 304 DC: 0 FLAG_ZERO: False FLAG_LT: 0 FLAG_GT: 1
INPUT_PORT:  []
OUT_PORT:  []
DATA_MEM:  [304, 141]
---------------------------------------
DEBUG    root:machine.py:309 LD 0
TICK: 14729 PC:   0 ADDR:   0 MEM_OUT: 304 ACC: 4 BUFF: 304 DC: 0 FLAG_ZERO: False FLAG_LT: 0 FLAG_GT: 1
INPUT_PORT:  []
OUT_PORT:  []
DATA_MEM:  [304, 141]
---------------------------------------
DEBUG    root:machine.py:309 INC 
TICK: 14733 PC:   1 ADDR:   0 MEM_OUT: 304 ACC: 304 BUFF: 304 DC: 0 FLAG_ZERO: False FLAG_LT: 0 FLAG_GT: 1
INPUT_PORT:  []
OUT_PORT:  []
DATA_MEM:  [304, 141]
---------------------------------------
DEBUG    root:machine.py:309 ST 0
TICK: 14736 PC:   2 ADDR:   0 MEM_OUT: 304 ACC: 305 BUFF: 304 DC: 0 FLAG_ZERO: False FLAG_LT: 0 FLAG_GT: 1
INPUT_PORT:  []
OUT_PORT:  []
DATA_MEM:  [304, 141]
---------------------------------------
DEBUG    root:machine.py:309 CMP 1000
TICK: 14740 PC:   3 ADDR:   0 MEM_OUT: 305 ACC: 305 BUFF: 304 DC: 0 FLAG_ZERO: False FLAG_LT: 0 FLAG_GT: 1
INPUT_PORT:  []
OUT_PORT:  []
DATA_MEM:  [305, 141]
---------------------------------------
DEBUG    root:machine.py:309 JGE 22
TICK: 14743 PC:   4 ADDR:   0 MEM_OUT: 305 ACC: 305 BUFF: 304 DC: 0 FLAG_ZERO: False FLAG_LT: 1 FLAG_GT: 0
INPUT_PORT:  []
OUT_PORT:  []
DATA_MEM:  [305, 141]
---------------------------------------
DEBUG    root:machine.py:309 LD 0
TICK: 14746 PC:   5 ADDR:   0 MEM_OUT: 305 ACC: 305 BUFF: 304 DC: 0 FLAG_ZERO: False FLAG_LT: 1 FLAG_GT: 0
INPUT_PORT:  []
OUT_PORT:  []
DATA_MEM:  [305, 141]
---------------------------------------
DEBUG    root:machine.py:309 MOD 3
TICK: 14750 PC:   6 ADDR:   0 MEM_OUT: 305 ACC: 305 BUFF: 304 DC: 0 FLAG_ZERO: False FLAG_LT: 1 FLAG_GT: 0
INPUT_PORT:  []
OUT_PORT:  []
DATA_MEM:  [305, 141]
---------------------------------------
DEBUG    root:machine.py:309 CMP 0
TICK: 14754 PC:   7 ADDR:   0 MEM_OUT: 305 ACC: 2 BUFF: 305 DC: 0 FLAG_ZERO: False FLAG_LT: 1 FLAG_GT: 0
INPUT_PORT:  []
OUT_PORT:  []
DATA_MEM:  [305, 141]
---------------------------------------
DEBUG    root:machine.py:309 JE 14
TICK: 14757 PC:   8 ADDR:   0 MEM_OUT: 305 ACC: 2 BUFF: 305 DC: 0 FLAG_ZERO: False FLAG_LT: 0 FLAG_GT: 1
INPUT_PORT:  []
OUT_PORT:  []
DATA_MEM:  [305, 141]
---------------------------------------
DEBUG    root:machine.py:309 LD 0
TICK: 14760 PC:   9 ADDR:   0 MEM_OUT: 305 ACC: 2 BUFF: 305 DC: 0 FLAG_ZERO: False FLAG_LT: 0 FLAG_GT: 1
INPUT_PORT:  []
OUT_PORT:  []
DATA_MEM:  [305, 141]
---------------------------------------
DEBUG    root:machine.py:309 MOD 5
TICK: 14764 PC:  10 ADDR:   0 MEM_OUT: 305 ACC: 305 BUFF: 305 DC: 0 FLAG_ZERO: False FLAG_LT: 0 FLAG_GT: 1
INPUT_PORT:  []
OUT_PORT:  []
DATA_MEM:  [305, 141]
---------------------------------------
DEBUG    root:machine.py:309 CMP 0
TICK: 14768 PC:  11 ADDR:   0 MEM_OUT: 305 ACC: 0 BUFF: 305 DC: 0 FLAG_ZERO: False FLAG_LT: 0 FLAG_GT: 1
INPUT_PORT:  []
OUT_PORT:  []
DATA_MEM:  [305, 141]
---------------------------------------
DEBUG    root:machine.py:309 JE 18
TICK: 14771 PC:  12 ADDR:   0 MEM_OUT: 305 ACC: 0 BUFF: 305 DC: 0 FLAG_ZERO: True FLAG_LT: 0 FLAG_GT: 0
INPUT_PORT:  []
OUT_PORT:  []
DATA_MEM:  [305, 141]
---------------------------------------
DEBUG    root:machine.py:309 LD 4
TICK: 14774 PC:  18 ADDR:   0 MEM_OUT: 305 ACC: 0 BUFF: 305 DC: 0 FLAG_ZERO: True FLAG_LT: 0 FLAG_GT: 0
INPUT_PORT:  []
OUT_PORT:  []
DATA_MEM:  [305, 141]
---------------------------------------
DEBUG    root:machine.py:309 INC 
TICK: 14778 PC:  19 ADDR:   1 MEM_OUT: 141 ACC: 141 BUFF: 305 DC: 0 FLAG_ZERO: True FLAG_LT: 0 FLAG_GT: 0
INPUT_PORT:  []
OUT_PORT:  []
DATA_MEM:  [305, 141]
---------------------------------------
DEBUG    root:machine.py:309 ST 4
TICK: 14781 PC:  20 ADDR:   1 MEM_OUT: 141 ACC: 142 BUFF: 305 DC: 0 FLAG_ZERO: True FLAG_LT: 0 FLAG_GT: 0
INPUT_PORT:  []
OUT_PORT:  []
DATA_MEM:  [305, 141]
---------------------------------------
DEBUG    root:machine.py:309 JMP 0
TICK: 14785 PC:  21 ADDR:   1 MEM_OUT: 142 ACC: 142 BUFF: 305 DC: 0 FLAG_ZERO: True FLAG_LT: 0 FLAG_GT: 0
INPUT_PORT:  []
OUT_PORT:  []
DATA_MEM:  [305, 142]
---------------------------------------
DEBUG    root:machine.py:309 LD 0
TICK: 14788 PC:   0 ADDR:   1 MEM_OUT: 142 ACC: 142 BUFF: 305 DC: 0 FLAG_ZERO: True FLAG_LT: 0 FLAG_GT: 0
INPUT_PORT:  []
OUT_PORT:  []
DATA_MEM:  [305, 142]
---------------------------------------
DEBUG    root:machine.py:309 INC 
TICK: 14792 PC:   1 ADDR:   0 MEM_OUT: 305 ACC: 305 BUFF: 305 DC: 0 FLAG_ZERO: True FLAG_LT: 0 FLAG_GT: 0
INPUT_PORT:  []
OUT_PORT:  []
DATA_MEM:  [305, 142]
---------------------------------------
DEBUG    root:machine.py:309 ST 0
TICK: 14795 PC:   2 ADDR:   0 MEM_OUT: 305 ACC: 306 BUFF: 305 DC: 0 FLAG_ZERO: True FLAG_LT: 0 FLAG_GT: 0
INPUT_PORT:  []
OUT_PORT:  []
DATA_MEM:  [305, 142]
---------------------------------------
DEBUG    root:machine.py:309 CMP 1000
TICK: 14799 PC:   3 ADDR:   0 MEM_OUT: 306 ACC: 306 BUFF: 305 DC: 0 FLAG_ZERO: True FLAG_LT: 0 FLAG_GT: 0
INPUT_PORT:  []
OUT_PORT:  []
DATA_MEM:  [306, 142]
---------------------------------------
DEBUG    root:machine.py:309 JGE 22
TICK: 14802 PC:   4 ADDR:   0 MEM_OUT: 306 ACC: 306 BUFF: 305 DC: 0 FLAG_ZERO: False FLAG_LT: 1 FLAG_GT: 0
INPUT_PORT:  []
OUT_PORT:  []
DATA_MEM:  [306, 142]
---------------------------------------
DEBUG    root:machine.py:309 LD 0
TICK: 14805 PC:   5 ADDR:   0 MEM_OUT: 306 ACC: 306 BUFF: 305 DC: 0 FLAG_ZERO: False FLAG_LT: 1 FLAG_GT: 0
INPUT_PORT:  []
OUT_PORT:  []
DATA_MEM:  [306, 142]
---------------------------------------
DEBUG    root:machine.py:309 MOD 3
TICK: 14809 PC:   6 ADDR:   0 MEM_OUT: 306 ACC: 306 BUFF: 305 DC: 0 FLAG_ZERO: False FLAG_LT: 1 FLAG_GT: 0
INPUT_PORT:  []
OUT_PORT:  []
DATA_MEM:  [306, 142]
---------------------------------------
DEBUG    root:machine.py:309 CMP 0
TICK: 14813 PC:   7 ADDR:   0 MEM_OUT: 306 ACC: 0 BUFF: 306 DC: 0 FLAG_ZERO: False FLAG_LT: 1 FLAG_GT: 0
INPUT_PORT:  []
OUT_PORT:  []
DATA_MEM:  [306, 142]
---------------------------------------
DEBUG    root:machine.py:309 JE 14
TICK: 14816 PC:   8 ADDR:   0 MEM_OUT: 306 ACC: 0 BUFF: 306 DC: 0 FLAG_ZERO: True FLAG_LT: 0 FLAG_GT: 0
INPUT_PORT:  []
OUT_PORT:  []
DATA_MEM:  [306, 142]
---------------------------------------
DEBUG    root:machine.py:309 LD 4
TICK: 14819 PC:  14 ADDR:   0 MEM_OUT: 306 ACC: 0 BUFF: 306 DC: 0 FLAG_ZERO: True FLAG_LT: 0 FLAG_GT: 0
INPUT_PORT:  []
OUT_PORT:  []
DATA_MEM:  [306, 142]
---------------------------------------
DEBUG    root:machine.py:309 INC 
TICK: 14823 PC:  15 ADDR:   1 MEM_OUT: 142 ACC: 142 BUFF: 306 DC: 0 FLAG_ZERO: True FLAG_LT: 0 FLAG_GT: 0
INPUT_PORT:  []
OUT_PORT:  []
DATA_MEM:  [306, 142]
---------------------------------------
DEBUG    root:machine.py:309 ST 4
TICK: 14826 PC:  16 ADDR:   1 MEM_OUT: 142 ACC: 143 BUFF: 306 DC: 0 FLAG_ZERO: True FLAG_LT: 0 FLAG_GT: 0
INPUT_PORT:  []
OUT_PORT:  []
DATA_MEM:  [306, 142]
---------------------------------------
DEBUG    root:machine.py:309 JMP 0
TICK: 14830 PC:  17 ADDR:   1 MEM_OUT: 143 ACC: 143 BUFF: 306 DC: 0 FLAG_ZERO: True FLAG_LT: 0 FLAG_GT: 0
INPUT_PORT:  []
OUT_PORT:  []
DATA_MEM:  [306, 143]
---------------------------------------
DEBUG    root:machine.py:309 LD 0
TICK: 14833 PC:   0 ADDR:   1 MEM_OUT: 143 ACC: 143 BUFF: 306 DC: 0 FLAG_ZERO: True FLAG_LT: 0 FLAG_GT: 0
INPUT_PORT:  []
OUT_PORT:  []
DATA_MEM:  [306, 143]
---------------------------------------
DEBUG    root:machine.py:309 INC 
TICK: 14837 PC:   1 ADDR:   0 MEM_OUT: 306 ACC: 306 BUFF: 306 DC: 0 FLAG_ZERO: True FLAG_LT: 0 FLAG_GT: 0
INPUT_PORT:  []
OUT_PORT:  []
DATA_MEM:  [306, 143]
---------------------------------------
DEBUG    root:machine.py:309 ST 0
TICK: 14840 PC:   2 ADDR:   0 MEM_OUT: 306 ACC: 307 BUFF: 306 DC: 0 FLAG_ZERO: True FLAG_LT: 0 FLAG_GT: 0
INPUT_PORT:  []
OUT_PORT:  []
DATA_MEM:  [306, 143]
---------------------------------------
DEBUG    root:machine.py:309 CMP 1000
TICK: 14844 PC:   3 ADDR:   0 MEM_OUT: 307 ACC: 307 BUFF: 306 DC: 0 FLAG_ZERO: True FLAG_LT: 0 FLAG_GT: 0
INPUT_PORT:  []
OUT_PORT:  []
DATA_MEM:  [307, 143]
---------------------------------------
DEBUG    root:machine.py:309 JGE 22
TICK: 14847 PC:   4 ADDR:   0 MEM_OUT: 307 ACC: 307 BUFF: 306 DC: 0 FLAG_ZERO: False FLAG_LT: 1 FLAG_GT: 0
INPUT_PORT:  []
OUT_PORT:  []
DATA_MEM:  [307, 143]
---------------------------------------
DEBUG    root:machine.py:309 LD 0
TICK: 14850 PC:   5 ADDR:   0 MEM_OUT: 307 ACC: 307 BUFF: 306 DC: 0 FLAG_ZERO: False FLAG_LT: 1 FLAG_GT: 0
INPUT_PORT:  []
OUT_PORT:  []
DATA_MEM:  [307, 143]
---------------------------------------
DEBUG    root:machine.py:309 MOD 3
TICK: 14854 PC:   6 ADDR:   0 MEM_OUT: 307 ACC: 307 BUFF: 306 DC: 0 FLAG_ZERO: False FLAG_LT: 1 FLAG_GT: 0
INPUT_PORT:  []
OUT_PORT:  []
DATA_MEM:  [307, 143]
---------------------------------------
DEBUG    root:machine.py:309 CMP 0
TICK: 14858 PC:   7 ADDR:   0 MEM_OUT: 307 ACC: 1 BUFF: 307 DC: 0 FLAG_ZERO: False FLAG_LT: 1 FLAG_GT: 0
INPUT_PORT:  []
OUT_PORT:  []
DATA_MEM:  [307, 143]
---------------------------------------
DEBUG    root:machine.py:309 JE 14
TICK: 14861 PC:   8 ADDR:   0 MEM_OUT: 307 ACC: 1 BUFF: 307 DC: 0 FLAG_ZERO: False FLAG_LT: 0 FLAG_GT: 1
INPUT_PORT:  []
OUT_PORT:  []
DATA_MEM:  [307, 143]
---------------------------------------
DEBUG    root:machine.py:309 LD 0
TICK: 14864 PC:   9 ADDR:   0 MEM_OUT: 307 ACC: 1 BUFF: 307 DC: 0 FLAG_ZERO: False FLAG_LT: 0 FLAG_GT: 1
INPUT_PORT:  []
OUT_PORT:  []
DATA_MEM:  [307, 143]
---------------------------------------
DEBUG    root:machine.py:309 MOD 5
TICK: 14868 PC:  10 ADDR:   0 MEM_OUT: 307 ACC: 307 BUFF: 307 DC: 0 FLAG_ZERO: False FLAG_LT: 0 FLAG_GT: 1
INPUT_PORT:  []
OUT_PORT:  []
DATA_MEM:  [307, 143]
---------------------------------------
DEBUG    root:machine.py:309 CMP 0
TICK: 14872 PC:  11 ADDR:   0 MEM_OUT: 307 ACC: 2 BUFF: 307 DC: 0 FLAG_ZERO: False FLAG_LT: 0 FLAG_GT: 1
INPUT_PORT:  []
OUT_PORT:  []
DATA_MEM:  [307, 143]
---------------------------------------
DEBUG    root:machine.py:309 JE 18
TICK: 14875 PC:  12 ADDR:   0 MEM_OUT: 307 ACC: 2 BUFF: 307 DC: 0 FLAG_ZERO: False FLAG_LT: 0 FLAG_GT: 1
INPUT_PORT:  []
OUT_PORT:  []
DATA_MEM:  [307, 143]
---------------------------------------
DEBUG    root:machine.py:309 JMP 0
TICK: 14878 PC:  13 ADDR:   0 MEM_OUT: 307 ACC: 2 BUFF: 307 DC: 0 FLAG_ZERO: False FLAG_LT: 0 FLAG_GT: 1
INPUT_PORT:  []
OUT_PORT:  []
DATA_MEM:  [307, 143]
---------------------------------------
DEBUG    root:machine.py:309 LD 0
TICK: 14881 PC:   0 ADDR:   0 MEM_OUT: 307 ACC: 2 BUFF: 307 DC: 0 FLAG_ZERO: False FLAG_LT: 0 FLAG_GT: 1
INPUT_PORT:  []
OUT_PORT:  []
DATA_MEM:  [307, 143]
---------------------------------------
DEBUG    root:machine.py:309 INC 
TICK: 14885 PC:   1 ADDR:   0 MEM_OUT: 307 ACC: 307 BUFF: 307 DC: 0 FLAG_ZERO: False FLAG_LT: 0 FLAG_GT: 1
INPUT_PORT:  []
OUT_PORT:  []
DATA_MEM:  [307, 143]
---------------------------------------
DEBUG    root:machine.py:309 ST 0
TICK: 14888 PC:   2 ADDR:   0 MEM_OUT: 307 ACC: 308 BUFF: 307 DC: 0 FLAG_ZERO: False FLAG_LT: 0 FLAG_GT: 1
INPUT_PORT:  []
OUT_PORT:  []
DATA_MEM:  [307, 143]
---------------------------------------
DEBUG    root:machine.py:309 CMP 1000
TICK: 14892 PC:   3 ADDR:   0 MEM_OUT: 308 ACC: 308 BUFF: 307 DC: 0 FLAG_ZERO: False FLAG_LT: 0 FLAG_GT: 1
INPUT_PORT:  []
OUT_PORT:  []
DATA_MEM:  [308, 143]
---------------------------------------
DEBUG    root:machine.py:309 JGE 22
TICK: 14895 PC:   4 ADDR:   0 MEM_OUT: 308 ACC: 308 BUFF: 307 DC: 0 FLAG_ZERO: False FLAG_LT: 1 FLAG_GT: 0
INPUT_PORT:  []
OUT_PORT:  []
DATA_MEM:  [308, 143]
---------------------------------------
DEBUG    root:machine.py:309 LD 0
TICK: 14898 PC:   5 ADDR:   0 MEM_OUT: 308 ACC: 308 BUFF: 307 DC: 0 FLAG_ZERO: False FLAG_LT: 1 FLAG_GT: 0
INPUT_PORT:  []
OUT_PORT:  []
DATA_MEM:  [308, 143]
---------------------------------------
DEBUG    root:machine.py:309 MOD 3
TICK: 14902 PC:   6 ADDR:   0 MEM_OUT: 308 ACC: 308 BUFF: 307 DC: 0 FLAG_ZERO: False FLAG_LT: 1 FLAG_GT: 0
INPUT_PORT:  []
OUT_PORT:  []
DATA_MEM:  [308, 143]
---------------------------------------
DEBUG    root:machine.py:309 CMP 0
TICK: 14906 PC:   7 ADDR:   0 MEM_OUT: 308 ACC: 2 BUFF: 308 DC: 0 FLAG_ZERO: False FLAG_LT: 1 FLAG_GT: 0
INPUT_PORT:  []
OUT_PORT:  []
DATA_MEM:  [308, 143]
---------------------------------------
DEBUG    root:machine.py:309 JE 14
TICK: 14909 PC:   8 ADDR:   0 MEM_OUT: 308 ACC: 2 BUFF: 308 DC: 0 FLAG_ZERO: False FLAG_LT: 0 FLAG_GT: 1
INPUT_PORT:  []
OUT_PORT:  []
DATA_MEM:  [308, 143]
---------------------------------------
DEBUG    root:machine.py:309 LD 0
TICK: 14912 PC:   9 ADDR:   0 MEM_OUT: 308 ACC: 2 BUFF: 308 DC: 0 FLAG_ZERO: False FLAG_LT: 0 FLAG_GT: 1
INPUT_PORT:  []
OUT_PORT:  []
DATA_MEM:  [308, 143]
---------------------------------------
DEBUG    root:machine.py:309 MOD 5
TICK: 14916 PC:  10 ADDR:   0 MEM_OUT: 308 ACC: 308 BUFF: 308 DC: 0 FLAG_ZERO: False FLAG_LT: 0 FLAG_GT: 1
INPUT_PORT:  []
OUT_PORT:  []
DATA_MEM:  [308, 143]
---------------------------------------
DEBUG    root:machine.py:309 CMP 0
TICK: 14920 PC:  11 ADDR:   0 MEM_OUT: 308 ACC: 3 BUFF: 308 DC: 0 FLAG_ZERO: False FLAG_LT: 0 FLAG_GT: 1
INPUT_PORT:  []
OUT_PORT:  []
DATA_MEM:  [308, 143]
---------------------------------------
DEBUG    root:machine.py:309 JE 18
TICK: 14923 PC:  12 ADDR:   0 MEM_OUT: 308 ACC: 3 BUFF: 308 DC: 0 FLAG_ZERO: False FLAG_LT: 0 FLAG_GT: 1
INPUT_PORT:  []
OUT_PORT:  []
DATA_MEM:  [308, 143]
---------------------------------------
DEBUG    root:machine.py:309 JMP 0
TICK: 14926 PC:  13 ADDR:   0 MEM_OUT: 308 ACC: 3 BUFF: 308 DC: 0 FLAG_ZERO: False FLAG_LT: 0 FLAG_GT: 1
INPUT_PORT:  []
OUT_PORT:  []
DATA_MEM:  [308, 143]
---------------------------------------
DEBUG    root:machine.py:309 LD 0
TICK: 14929 PC:   0 ADDR:   0 MEM_OUT: 308 ACC: 3 BUFF: 308 DC: 0 FLAG_ZERO: False FLAG_LT: 0 FLAG_GT: 1
INPUT_PORT:  []
OUT_PORT:  []
DATA_MEM:  [308, 143]
---------------------------------------
DEBUG    root:machine.py:309 INC 
TICK: 14933 PC:   1 ADDR:   0 MEM_OUT: 308 ACC: 308 BUFF: 308 DC: 0 FLAG_ZERO: False FLAG_LT: 0 FLAG_GT: 1
INPUT_PORT:  []
OUT_PORT:  []
DATA_MEM:  [308, 143]
---------------------------------------
DEBUG    root:machine.py:309 ST 0
TICK: 14936 PC:   2 ADDR:   0 MEM_OUT: 308 ACC: 309 BUFF: 308 DC: 0 FLAG_ZERO: False FLAG_LT: 0 FLAG_GT: 1
INPUT_PORT:  []
OUT_PORT:  []
DATA_MEM:  [308, 143]
---------------------------------------
DEBUG    root:machine.py:309 CMP 1000
TICK: 14940 PC:   3 ADDR:   0 MEM_OUT: 309 ACC: 309 BUFF: 308 DC: 0 FLAG_ZERO: False FLAG_LT: 0 FLAG_GT: 1
INPUT_PORT:  []
OUT_PORT:  []
DATA_MEM:  [309, 143]
---------------------------------------
DEBUG    root:machine.py:309 JGE 22
TICK: 14943 PC:   4 ADDR:   0 MEM_OUT: 309 ACC: 309 BUFF: 308 DC: 0 FLAG_ZERO: False FLAG_LT: 1 FLAG_GT: 0
INPUT_PORT:  []
OUT_PORT:  []
DATA_MEM:  [309, 143]
---------------------------------------
DEBUG    root:machine.py:309 LD 0
TICK: 14946 PC:   5 ADDR:   0 MEM_OUT: 309 ACC: 309 BUFF: 308 DC: 0 FLAG_ZERO: False FLAG_LT: 1 FLAG_GT: 0
INPUT_PORT:  []
OUT_PORT:  []
DATA_MEM:  [309, 143]
---------------------------------------
DEBUG    root:machine.py:309 MOD 3
TICK: 14950 PC:   6 ADDR:   0 MEM_OUT: 309 ACC: 309 BUFF: 308 DC: 0 FLAG_ZERO: False FLAG_LT: 1 FLAG_GT: 0
INPUT_PORT:  []
OUT_PORT:  []
DATA_MEM:  [309, 143]
---------------------------------------
DEBUG    root:machine.py:309 CMP 0
TICK: 14954 PC:   7 ADDR:   0 MEM_OUT: 309 ACC: 0 BUFF: 309 DC: 0 FLAG_ZERO: False FLAG_LT: 1 FLAG_GT: 0
INPUT_PORT:  []
OUT_PORT:  []
DATA_MEM:  [309, 143]
---------------------------------------
DEBUG    root:machine.py:309 JE 14
TICK: 14957 PC:   8 ADDR:   0 MEM_OUT: 309 ACC: 0 BUFF: 309 DC: 0 FLAG_ZERO: True FLAG_LT: 0 FLAG_GT: 0
INPUT_PORT:  []
OUT_PORT:  []
DATA_MEM:  [309, 143]
---------------------------------------
DEBUG    root:machine.py:309 LD 4
TICK: 14960 PC:  14 ADDR:   0 MEM_OUT: 309 ACC: 0 BUFF: 309 DC: 0 FLAG_ZERO: True FLAG_LT: 0 FLAG_GT: 0
INPUT_PORT:  []
OUT_PORT:  []
DATA_MEM:  [309, 143]
---------------------------------------
DEBUG    root:machine.py:309 INC 
TICK: 14964 PC:  15 ADDR:   1 MEM_OUT: 143 ACC: 143 BUFF: 309 DC: 0 FLAG_ZERO: True FLAG_LT: 0 FLAG_GT: 0
INPUT_PORT:  []
OUT_PORT:  []
DATA_MEM:  [309, 143]
---------------------------------------
DEBUG    root:machine.py:309 ST 4
TICK: 14967 PC:  16 ADDR:   1 MEM_OUT: 143 ACC: 144 BUFF: 309 DC: 0 FLAG_ZERO: True FLAG_LT: 0 FLAG_GT: 0
INPUT_PORT:  []
OUT_PORT:  []
DATA_MEM:  [309, 143]
---------------------------------------
DEBUG    root:machine.py:309 JMP 0
TICK: 14971 PC:  17 ADDR:   1 MEM_OUT: 144 ACC: 144 BUFF: 309 DC: 0 FLAG_ZERO: True FLAG_LT: 0 FLAG_GT: 0
INPUT_PORT:  []
OUT_PORT:  []
DATA_MEM:  [309, 144]
---------------------------------------
DEBUG    root:machine.py:309 LD 0
TICK: 14974 PC:   0 ADDR:   1 MEM_OUT: 144 ACC: 144 BUFF: 309 DC: 0 FLAG_ZERO: True FLAG_LT: 0 FLAG_GT: 0
INPUT_PORT:  []
OUT_PORT:  []
DATA_MEM:  [309, 144]
---------------------------------------
DEBUG    root:machine.py:309 INC 
TICK: 14978 PC:   1 ADDR:   0 MEM_OUT: 309 ACC: 309 BUFF: 309 DC: 0 FLAG_ZERO: True FLAG_LT: 0 FLAG_GT: 0
INPUT_PORT:  []
OUT_PORT:  []
DATA_MEM:  [309, 144]
---------------------------------------
DEBUG    root:machine.py:309 ST 0
TICK: 14981 PC:   2 ADDR:   0 MEM_OUT: 309 ACC: 310 BUFF: 309 DC: 0 FLAG_ZERO: True FLAG_LT: 0 FLAG_GT: 0
INPUT_PORT:  []
OUT_PORT:  []
DATA_MEM:  [309, 144]
---------------------------------------
DEBUG    root:machine.py:309 CMP 1000
TICK: 14985 PC:   3 ADDR:   0 MEM_OUT: 310 ACC: 310 BUFF: 309 DC: 0 FLAG_ZERO: True FLAG_LT: 0 FLAG_GT: 0
INPUT_PORT:  []
OUT_PORT:  []
DATA_MEM:  [310, 144]
---------------------------------------
DEBUG    root:machine.py:309 JGE 22
TICK: 14988 PC:   4 ADDR:   0 MEM_OUT: 310 ACC: 310 BUFF: 309 DC: 0 FLAG_ZERO: False FLAG_LT: 1 FLAG_GT: 0
INPUT_PORT:  []
OUT_PORT:  []
DATA_MEM:  [310, 144]
---------------------------------------
DEBUG    root:machine.py:309 LD 0
TICK: 14991 PC:   5 ADDR:   0 MEM_OUT: 310 ACC: 310 BUFF: 309 DC: 0 FLAG_ZERO: False FLAG_LT: 1 FLAG_GT: 0
INPUT_PORT:  []
OUT_PORT:  []
DATA_MEM:  [310, 144]
---------------------------------------
DEBUG    root:machine.py:309 MOD 3
TICK: 14995 PC:   6 ADDR:   0 MEM_OUT: 310 ACC: 310 BUFF: 309 DC: 0 FLAG_ZERO: False FLAG_LT: 1 FLAG_GT: 0
INPUT_PORT:  []
OUT_PORT:  []
DATA_MEM:  [310, 144]
---------------------------------------
DEBUG    root:machine.py:309 CMP 0
TICK: 14999 PC:   7 ADDR:   0 MEM_OUT: 310 ACC: 1 BUFF: 310 DC: 0 FLAG_ZERO: False FLAG_LT: 1 FLAG_GT: 0
INPUT_PORT:  []
OUT_PORT:  []
DATA_MEM:  [310, 144]
---------------------------------------
DEBUG    root:machine.py:309 JE 14
TICK: 15002 PC:   8 ADDR:   0 MEM_OUT: 310 ACC: 1 BUFF: 310 DC: 0 FLAG_ZERO: False FLAG_LT: 0 FLAG_GT: 1
INPUT_PORT:  []
OUT_PORT:  []
DATA_MEM:  [310, 144]
---------------------------------------
DEBUG    root:machine.py:309 LD 0
TICK: 15005 PC:   9 ADDR:   0 MEM_OUT: 310 ACC: 1 BUFF: 310 DC: 0 FLAG_ZERO: False FLAG_LT: 0 FLAG_GT: 1
INPUT_PORT:  []
OUT_PORT:  []
DATA_MEM:  [310, 144]
---------------------------------------
DEBUG    root:machine.py:309 MOD 5
TICK: 15009 PC:  10 ADDR:   0 MEM_OUT: 310 ACC: 310 BUFF: 310 DC: 0 FLAG_ZERO: False FLAG_LT: 0 FLAG_GT: 1
INPUT_PORT:  []
OUT_PORT:  []
DATA_MEM:  [310, 144]
---------------------------------------
DEBUG    root:machine.py:309 CMP 0
TICK: 15013 PC:  11 ADDR:   0 MEM_OUT: 310 ACC: 0 BUFF: 310 DC: 0 FLAG_ZERO: False FLAG_LT: 0 FLAG_GT: 1
INPUT_PORT:  []
OUT_PORT:  []
DATA_MEM:  [310, 144]
---------------------------------------
DEBUG    root:machine.py:309 JE 18
TICK: 15016 PC:  12 ADDR:   0 MEM_OUT: 310 ACC: 0 BUFF: 310 DC: 0 FLAG_ZERO: True FLAG_LT: 0 FLAG_GT: 0
INPUT_PORT:  []
OUT_PORT:  []
DATA_MEM:  [310, 144]
---------------------------------------
DEBUG    root:machine.py:309 LD 4
TICK: 15019 PC:  18 ADDR:   0 MEM_OUT: 310 ACC: 0 BUFF: 310 DC: 0 FLAG_ZERO: True FLAG_LT: 0 FLAG_GT: 0
INPUT_PORT:  []
OUT_PORT:  []
DATA_MEM:  [310, 144]
---------------------------------------
DEBUG    root:machine.py:309 INC 
TICK: 15023 PC:  19 ADDR:   1 MEM_OUT: 144 ACC: 144 BUFF: 310 DC: 0 FLAG_ZERO: True FLAG_LT: 0 FLAG_GT: 0
INPUT_PORT:  []
OUT_PORT:  []
DATA_MEM:  [310, 144]
---------------------------------------
DEBUG    root:machine.py:309 ST 4
TICK: 15026 PC:  20 ADDR:   1 MEM_OUT: 144 ACC: 145 BUFF: 310 DC: 0 FLAG_ZERO: True FLAG_LT: 0 FLAG_GT: 0
INPUT_PORT:  []
OUT_PORT:  []
DATA_MEM:  [310, 144]
---------------------------------------
DEBUG    root:machine.py:309 JMP 0
TICK: 15030 PC:  21 ADDR:   1 MEM_OUT: 145 ACC: 145 BUFF: 310 DC: 0 FLAG_ZERO: True FLAG_LT: 0 FLAG_GT: 0
INPUT_PORT:  []
OUT_PORT:  []
DATA_MEM:  [310, 145]
---------------------------------------
DEBUG    root:machine.py:309 LD 0
TICK: 15033 PC:   0 ADDR:   1 MEM_OUT: 145 ACC: 145 BUFF: 310 DC: 0 FLAG_ZERO: True FLAG_LT: 0 FLAG_GT: 0
INPUT_PORT:  []
OUT_PORT:  []
DATA_MEM:  [310, 145]
---------------------------------------
DEBUG    root:machine.py:309 INC 
TICK: 15037 PC:   1 ADDR:   0 MEM_OUT: 310 ACC: 310 BUFF: 310 DC: 0 FLAG_ZERO: True FLAG_LT: 0 FLAG_GT: 0
INPUT_PORT:  []
OUT_PORT:  []
DATA_MEM:  [310, 145]
---------------------------------------
DEBUG    root:machine.py:309 ST 0
TICK: 15040 PC:   2 ADDR:   0 MEM_OUT: 310 ACC: 311 BUFF: 310 DC: 0 FLAG_ZERO: True FLAG_LT: 0 FLAG_GT: 0
INPUT_PORT:  []
OUT_PORT:  []
DATA_MEM:  [310, 145]
---------------------------------------
DEBUG    root:machine.py:309 CMP 1000
TICK: 15044 PC:   3 ADDR:   0 MEM_OUT: 311 ACC: 311 BUFF: 310 DC: 0 FLAG_ZERO: True FLAG_LT: 0 FLAG_GT: 0
INPUT_PORT:  []
OUT_PORT:  []
DATA_MEM:  [311, 145]
---------------------------------------
DEBUG    root:machine.py:309 JGE 22
TICK: 15047 PC:   4 ADDR:   0 MEM_OUT: 311 ACC: 311 BUFF: 310 DC: 0 FLAG_ZERO: False FLAG_LT: 1 FLAG_GT: 0
INPUT_PORT:  []
OUT_PORT:  []
DATA_MEM:  [311, 145]
---------------------------------------
DEBUG    root:machine.py:309 LD 0
TICK: 15050 PC:   5 ADDR:   0 MEM_OUT: 311 ACC: 311 BUFF: 310 DC: 0 FLAG_ZERO: False FLAG_LT: 1 FLAG_GT: 0
INPUT_PORT:  []
OUT_PORT:  []
DATA_MEM:  [311, 145]
---------------------------------------
DEBUG    root:machine.py:309 MOD 3
TICK: 15054 PC:   6 ADDR:   0 MEM_OUT: 311 ACC: 311 BUFF: 310 DC: 0 FLAG_ZERO: False FLAG_LT: 1 FLAG_GT: 0
INPUT_PORT:  []
OUT_PORT:  []
DATA_MEM:  [311, 145]
---------------------------------------
DEBUG    root:machine.py:309 CMP 0
TICK: 15058 PC:   7 ADDR:   0 MEM_OUT: 311 ACC: 2 BUFF: 311 DC: 0 FLAG_ZERO: False FLAG_LT: 1 FLAG_GT: 0
INPUT_PORT:  []
OUT_PORT:  []
DATA_MEM:  [311, 145]
---------------------------------------
DEBUG    root:machine.py:309 JE 14
TICK: 15061 PC:   8 ADDR:   0 MEM_OUT: 311 ACC: 2 BUFF: 311 DC: 0 FLAG_ZERO: False FLAG_LT: 0 FLAG_GT: 1
INPUT_PORT:  []
OUT_PORT:  []
DATA_MEM:  [311, 145]
---------------------------------------
DEBUG    root:machine.py:309 LD 0
TICK: 15064 PC:   9 ADDR:   0 MEM_OUT: 311 ACC: 2 BUFF: 311 DC: 0 FLAG_ZERO: False FLAG_LT: 0 FLAG_GT: 1
INPUT_PORT:  []
OUT_PORT:  []
DATA_MEM:  [311, 145]
---------------------------------------
DEBUG    root:machine.py:309 MOD 5
TICK: 15068 PC:  10 ADDR:   0 MEM_OUT: 311 ACC: 311 BUFF: 311 DC: 0 FLAG_ZERO: False FLAG_LT: 0 FLAG_GT: 1
INPUT_PORT:  []
OUT_PORT:  []
DATA_MEM:  [311, 145]
---------------------------------------
DEBUG    root:machine.py:309 CMP 0
TICK: 15072 PC:  11 ADDR:   0 MEM_OUT: 311 ACC: 1 BUFF: 311 DC: 0 FLAG_ZERO: False FLAG_LT: 0 FLAG_GT: 1
INPUT_PORT:  []
OUT_PORT:  []
DATA_MEM:  [311, 145]
---------------------------------------
DEBUG    root:machine.py:309 JE 18
TICK: 15075 PC:  12 ADDR:   0 MEM_OUT: 311 ACC: 1 BUFF: 311 DC: 0 FLAG_ZERO: False FLAG_LT: 0 FLAG_GT: 1
INPUT_PORT:  []
OUT_PORT:  []
DATA_MEM:  [311, 145]
---------------------------------------
DEBUG    root:machine.py:309 JMP 0
TICK: 15078 PC:  13 ADDR:   0 MEM_OUT: 311 ACC: 1 BUFF: 311 DC: 0 FLAG_ZERO: False FLAG_LT: 0 FLAG_GT: 1
INPUT_PORT:  []
OUT_PORT:  []
DATA_MEM:  [311, 145]
---------------------------------------
DEBUG    root:machine.py:309 LD 0
TICK: 15081 PC:   0 ADDR:   0 MEM_OUT: 311 ACC: 1 BUFF: 311 DC: 0 FLAG_ZERO: False FLAG_LT: 0 FLAG_GT: 1
INPUT_PORT:  []
OUT_PORT:  []
DATA_MEM:  [311, 145]
---------------------------------------
DEBUG    root:machine.py:309 INC 
TICK: 15085 PC:   1 ADDR:   0 MEM_OUT: 311 ACC: 311 BUFF: 311 DC: 0 FLAG_ZERO: False FLAG_LT: 0 FLAG_GT: 1
INPUT_PORT:  []
OUT_PORT:  []
DATA_MEM:  [311, 145]
---------------------------------------
DEBUG    root:machine.py:309 ST 0
TICK: 15088 PC:   2 ADDR:   0 MEM_OUT: 311 ACC: 312 BUFF: 311 DC: 0 FLAG_ZERO: False FLAG_LT: 0 FLAG_GT: 1
INPUT_PORT:  []
OUT_PORT:  []
DATA_MEM:  [311, 145]
---------------------------------------
DEBUG    root:machine.py:309 CMP 1000
TICK: 15092 PC:   3 ADDR:   0 MEM_OUT: 312 ACC: 312 BUFF: 311 DC: 0 FLAG_ZERO: False FLAG_LT: 0 FLAG_GT: 1
INPUT_PORT:  []
OUT_PORT:  []
DATA_MEM:  [312, 145]
---------------------------------------
DEBUG    root:machine.py:309 JGE 22
TICK: 15095 PC:   4 ADDR:   0 MEM_OUT: 312 ACC: 312 BUFF: 311 DC: 0 FLAG_ZERO: False FLAG_LT: 1 FLAG_GT: 0
INPUT_PORT:  []
OUT_PORT:  []
DATA_MEM:  [312, 145]
---------------------------------------
DEBUG    root:machine.py:309 LD 0
TICK: 15098 PC:   5 ADDR:   0 MEM_OUT: 312 ACC: 312 BUFF: 311 DC: 0 FLAG_ZERO: False FLAG_LT: 1 FLAG_GT: 0
INPUT_PORT:  []
OUT_PORT:  []
DATA_MEM:  [312, 145]
---------------------------------------
DEBUG    root:machine.py:309 MOD 3
TICK: 15102 PC:   6 ADDR:   0 MEM_OUT: 312 ACC: 312 BUFF: 311 DC: 0 FLAG_ZERO: False FLAG_LT: 1 FLAG_GT: 0
INPUT_PORT:  []
OUT_PORT:  []
DATA_MEM:  [312, 145]
---------------------------------------
DEBUG    root:machine.py:309 CMP 0
TICK: 15106 PC:   7 ADDR:   0 MEM_OUT: 312 ACC: 0 BUFF: 312 DC: 0 FLAG_ZERO: False FLAG_LT: 1 FLAG_GT: 0
INPUT_PORT:  []
OUT_PORT:  []
DATA_MEM:  [312, 145]
---------------------------------------
DEBUG    root:machine.py:309 JE 14
TICK: 15109 PC:   8 ADDR:   0 MEM_OUT: 312 ACC: 0 BUFF: 312 DC: 0 FLAG_ZERO: True FLAG_LT: 0 FLAG_GT: 0
INPUT_PORT:  []
OUT_PORT:  []
DATA_MEM:  [312, 145]
---------------------------------------
DEBUG    root:machine.py:309 LD 4
TICK: 15112 PC:  14 ADDR:   0 MEM_OUT: 312 ACC: 0 BUFF: 312 DC: 0 FLAG_ZERO: True FLAG_LT: 0 FLAG_GT: 0
INPUT_PORT:  []
OUT_PORT:  []
DATA_MEM:  [312, 145]
---------------------------------------
DEBUG    root:machine.py:309 INC 
TICK: 15116 PC:  15 ADDR:   1 MEM_OUT: 145 ACC: 145 BUFF: 312 DC: 0 FLAG_ZERO: True FLAG_LT: 0 FLAG_GT: 0
INPUT_PORT:  []
OUT_PORT:  []
DATA_MEM:  [312, 145]
---------------------------------------
DEBUG    root:machine.py:309 ST 4
TICK: 15119 PC:  16 ADDR:   1 MEM_OUT: 145 ACC: 146 BUFF: 312 DC: 0 FLAG_ZERO: True FLAG_LT: 0 FLAG_GT: 0
INPUT_PORT:  []
OUT_PORT:  []
DATA_MEM:  [312, 145]
---------------------------------------
DEBUG    root:machine.py:309 JMP 0
TICK: 15123 PC:  17 ADDR:   1 MEM_OUT: 146 ACC: 146 BUFF: 312 DC: 0 FLAG_ZERO: True FLAG_LT: 0 FLAG_GT: 0
INPUT_PORT:  []
OUT_PORT:  []
DATA_MEM:  [312, 146]
---------------------------------------
DEBUG    root:machine.py:309 LD 0
TICK: 15126 PC:   0 ADDR:   1 MEM_OUT: 146 ACC: 146 BUFF: 312 DC: 0 FLAG_ZERO: True FLAG_LT: 0 FLAG_GT: 0
INPUT_PORT:  []
OUT_PORT:  []
DATA_MEM:  [312, 146]
---------------------------------------
DEBUG    root:machine.py:309 INC 
TICK: 15130 PC:   1 ADDR:   0 MEM_OUT: 312 ACC: 312 BUFF: 312 DC: 0 FLAG_ZERO: True FLAG_LT: 0 FLAG_GT: 0
INPUT_PORT:  []
OUT_PORT:  []
DATA_MEM:  [312, 146]
---------------------------------------
DEBUG    root:machine.py:309 ST 0
TICK: 15133 PC:   2 ADDR:   0 MEM_OUT: 312 ACC: 313 BUFF: 312 DC: 0 FLAG_ZERO: True FLAG_LT: 0 FLAG_GT: 0
INPUT_PORT:  []
OUT_PORT:  []
DATA_MEM:  [312, 146]
---------------------------------------
DEBUG    root:machine.py:309 CMP 1000
TICK: 15137 PC:   3 ADDR:   0 MEM_OUT: 313 ACC: 313 BUFF: 312 DC: 0 FLAG_ZERO: True FLAG_LT: 0 FLAG_GT: 0
INPUT_PORT:  []
OUT_PORT:  []
DATA_MEM:  [313, 146]
---------------------------------------
DEBUG    root:machine.py:309 JGE 22
TICK: 15140 PC:   4 ADDR:   0 MEM_OUT: 313 ACC: 313 BUFF: 312 DC: 0 FLAG_ZERO: False FLAG_LT: 1 FLAG_GT: 0
INPUT_PORT:  []
OUT_PORT:  []
DATA_MEM:  [313, 146]
---------------------------------------
DEBUG    root:machine.py:309 LD 0
TICK: 15143 PC:   5 ADDR:   0 MEM_OUT: 313 ACC: 313 BUFF: 312 DC: 0 FLAG_ZERO: False FLAG_LT: 1 FLAG_GT: 0
INPUT_PORT:  []
OUT_PORT:  []
DATA_MEM:  [313, 146]
---------------------------------------
DEBUG    root:machine.py:309 MOD 3
TICK: 15147 PC:   6 ADDR:   0 MEM_OUT: 313 ACC: 313 BUFF: 312 DC: 0 FLAG_ZERO: False FLAG_LT: 1 FLAG_GT: 0
INPUT_PORT:  []
OUT_PORT:  []
DATA_MEM:  [313, 146]
---------------------------------------
DEBUG    root:machine.py:309 CMP 0
TICK: 15151 PC:   7 ADDR:   0 MEM_OUT: 313 ACC: 1 BUFF: 313 DC: 0 FLAG_ZERO: False FLAG_LT: 1 FLAG_GT: 0
INPUT_PORT:  []
OUT_PORT:  []
DATA_MEM:  [313, 146]
---------------------------------------
DEBUG    root:machine.py:309 JE 14
TICK: 15154 PC:   8 ADDR:   0 MEM_OUT: 313 ACC: 1 BUFF: 313 DC: 0 FLAG_ZERO: False FLAG_LT: 0 FLAG_GT: 1
INPUT_PORT:  []
OUT_PORT:  []
DATA_MEM:  [313, 146]
---------------------------------------
DEBUG    root:machine.py:309 LD 0
TICK: 15157 PC:   9 ADDR:   0 MEM_OUT: 313 ACC: 1 BUFF: 313 DC: 0 FLAG_ZERO: False FLAG_LT: 0 FLAG_GT: 1
INPUT_PORT:  []
OUT_PORT:  []
DATA_MEM:  [313, 146]
---------------------------------------
DEBUG    root:machine.py:309 MOD 5
TICK: 15161 PC:  10 ADDR:   0 MEM_OUT: 313 ACC: 313 BUFF: 313 DC: 0 FLAG_ZERO: False FLAG_LT: 0 FLAG_GT: 1
INPUT_PORT:  []
OUT_PORT:  []
DATA_MEM:  [313, 146]
---------------------------------------
DEBUG    root:machine.py:309 CMP 0
TICK: 15165 PC:  11 ADDR:   0 MEM_OUT: 313 ACC: 3 BUFF: 313 DC: 0 FLAG_ZERO: False FLAG_LT: 0 FLAG_GT: 1
INPUT_PORT:  []
OUT_PORT:  []
DATA_MEM:  [313, 146]
---------------------------------------
DEBUG    root:machine.py:309 JE 18
TICK: 15168 PC:  12 ADDR:   0 MEM_OUT: 313 ACC: 3 BUFF: 313 DC: 0 FLAG_ZERO: False FLAG_LT: 0 FLAG_GT: 1
INPUT_PORT:  []
OUT_PORT:  []
DATA_MEM:  [313, 146]
---------------------------------------
DEBUG    root:machine.py:309 JMP 0
TICK: 15171 PC:  13 ADDR:   0 MEM_OUT: 313 ACC: 3 BUFF: 313 DC: 0 FLAG_ZERO: False FLAG_LT: 0 FLAG_GT: 1
INPUT_PORT:  []
OUT_PORT:  []
DATA_MEM:  [313, 146]
---------------------------------------
DEBUG    root:machine.py:309 LD 0
TICK: 15174 PC:   0 ADDR:   0 MEM_OUT: 313 ACC: 3 BUFF: 313 DC: 0 FLAG_ZERO: False FLAG_LT: 0 FLAG_GT: 1
INPUT_PORT:  []
OUT_PORT:  []
DATA_MEM:  [313, 146]
---------------------------------------
DEBUG    root:machine.py:309 INC 
TICK: 15178 PC:   1 ADDR:   0 MEM_OUT: 313 ACC: 313 BUFF: 313 DC: 0 FLAG_ZERO: False FLAG_LT: 0 FLAG_GT: 1
INPUT_PORT:  []
OUT_PORT:  []
DATA_MEM:  [313, 146]
---------------------------------------
DEBUG    root:machine.py:309 ST 0
TICK: 15181 PC:   2 ADDR:   0 MEM_OUT: 313 ACC: 314 BUFF: 313 DC: 0 FLAG_ZERO: False FLAG_LT: 0 FLAG_GT: 1
INPUT_PORT:  []
OUT_PORT:  []
DATA_MEM:  [313, 146]
---------------------------------------
DEBUG    root:machine.py:309 CMP 1000
TICK: 15185 PC:   3 ADDR:   0 MEM_OUT: 314 ACC: 314 BUFF: 313 DC: 0 FLAG_ZERO: False FLAG_LT: 0 FLAG_GT: 1
INPUT_PORT:  []
OUT_PORT:  []
DATA_MEM:  [314, 146]
---------------------------------------
DEBUG    root:machine.py:309 JGE 22
TICK: 15188 PC:   4 ADDR:   0 MEM_OUT: 314 ACC: 314 BUFF: 313 DC: 0 FLAG_ZERO: False FLAG_LT: 1 FLAG_GT: 0
INPUT_PORT:  []
OUT_PORT:  []
DATA_MEM:  [314, 146]
---------------------------------------
DEBUG    root:machine.py:309 LD 0
TICK: 15191 PC:   5 ADDR:   0 MEM_OUT: 314 ACC: 314 BUFF: 313 DC: 0 FLAG_ZERO: False FLAG_LT: 1 FLAG_GT: 0
INPUT_PORT:  []
OUT_PORT:  []
DATA_MEM:  [314, 146]
---------------------------------------
DEBUG    root:machine.py:309 MOD 3
TICK: 15195 PC:   6 ADDR:   0 MEM_OUT: 314 ACC: 314 BUFF: 313 DC: 0 FLAG_ZERO: False FLAG_LT: 1 FLAG_GT: 0
INPUT_PORT:  []
OUT_PORT:  []
DATA_MEM:  [314, 146]
---------------------------------------
DEBUG    root:machine.py:309 CMP 0
TICK: 15199 PC:   7 ADDR:   0 MEM_OUT: 314 ACC: 2 BUFF: 314 DC: 0 FLAG_ZERO: False FLAG_LT: 1 FLAG_GT: 0
INPUT_PORT:  []
OUT_PORT:  []
DATA_MEM:  [314, 146]
---------------------------------------
DEBUG    root:machine.py:309 JE 14
TICK: 15202 PC:   8 ADDR:   0 MEM_OUT: 314 ACC: 2 BUFF: 314 DC: 0 FLAG_ZERO: False FLAG_LT: 0 FLAG_GT: 1
INPUT_PORT:  []
OUT_PORT:  []
DATA_MEM:  [314, 146]
---------------------------------------
DEBUG    root:machine.py:309 LD 0
TICK: 15205 PC:   9 ADDR:   0 MEM_OUT: 314 ACC: 2 BUFF: 314 DC: 0 FLAG_ZERO: False FLAG_LT: 0 FLAG_GT: 1
INPUT_PORT:  []
OUT_PORT:  []
DATA_MEM:  [314, 146]
---------------------------------------
DEBUG    root:machine.py:309 MOD 5
TICK: 15209 PC:  10 ADDR:   0 MEM_OUT: 314 ACC: 314 BUFF: 314 DC: 0 FLAG_ZERO: False FLAG_LT: 0 FLAG_GT: 1
INPUT_PORT:  []
OUT_PORT:  []
DATA_MEM:  [314, 146]
---------------------------------------
DEBUG    root:machine.py:309 CMP 0
TICK: 15213 PC:  11 ADDR:   0 MEM_OUT: 314 ACC: 4 BUFF: 314 DC: 0 FLAG_ZERO: False FLAG_LT: 0 FLAG_GT: 1
INPUT_PORT:  []
OUT_PORT:  []
DATA_MEM:  [314, 146]
---------------------------------------
DEBUG    root:machine.py:309 JE 18
TICK: 15216 PC:  12 ADDR:   0 MEM_OUT: 314 ACC: 4 BUFF: 314 DC: 0 FLAG_ZERO: False FLAG_LT: 0 FLAG_GT: 1
INPUT_PORT:  []
OUT_PORT:  []
DATA_MEM:  [314, 146]
---------------------------------------
DEBUG    root:machine.py:309 JMP 0
TICK: 15219 PC:  13 ADDR:   0 MEM_OUT: 314 ACC: 4 BUFF: 314 DC: 0 FLAG_ZERO: False FLAG_LT: 0 FLAG_GT: 1
INPUT_PORT:  []
OUT_PORT:  []
DATA_MEM:  [314, 146]
---------------------------------------
DEBUG    root:machine.py:309 LD 0
TICK: 15222 PC:   0 ADDR:   0 MEM_OUT: 314 ACC: 4 BUFF: 314 DC: 0 FLAG_ZERO: False FLAG_LT: 0 FLAG_GT: 1
INPUT_PORT:  []
OUT_PORT:  []
DATA_MEM:  [314, 146]
---------------------------------------
DEBUG    root:machine.py:309 INC 
TICK: 15226 PC:   1 ADDR:   0 MEM_OUT: 314 ACC: 314 BUFF: 314 DC: 0 FLAG_ZERO: False FLAG_LT: 0 FLAG_GT: 1
INPUT_PORT:  []
OUT_PORT:  []
DATA_MEM:  [314, 146]
---------------------------------------
DEBUG    root:machine.py:309 ST 0
TICK: 15229 PC:   2 ADDR:   0 MEM_OUT: 314 ACC: 315 BUFF: 314 DC: 0 FLAG_ZERO: False FLAG_LT: 0 FLAG_GT: 1
INPUT_PORT:  []
OUT_PORT:  []
DATA_MEM:  [314, 146]
---------------------------------------
DEBUG    root:machine.py:309 CMP 1000
TICK: 15233 PC:   3 ADDR:   0 MEM_OUT: 315 ACC: 315 BUFF: 314 DC: 0 FLAG_ZERO: False FLAG_LT: 0 FLAG_GT: 1
INPUT_PORT:  []
OUT_PORT:  []
DATA_MEM:  [315, 146]
---------------------------------------
DEBUG    root:machine.py:309 JGE 22
TICK: 15236 PC:   4 ADDR:   0 MEM_OUT: 315 ACC: 315 BUFF: 314 DC: 0 FLAG_ZERO: False FLAG_LT: 1 FLAG_GT: 0
INPUT_PORT:  []
OUT_PORT:  []
DATA_MEM:  [315, 146]
---------------------------------------
DEBUG    root:machine.py:309 LD 0
TICK: 15239 PC:   5 ADDR:   0 MEM_OUT: 315 ACC: 315 BUFF: 314 DC: 0 FLAG_ZERO: False FLAG_LT: 1 FLAG_GT: 0
INPUT_PORT:  []
OUT_PORT:  []
DATA_MEM:  [315, 146]
---------------------------------------
DEBUG    root:machine.py:309 MOD 3
TICK: 15243 PC:   6 ADDR:   0 MEM_OUT: 315 ACC: 315 BUFF: 314 DC: 0 FLAG_ZERO: False FLAG_LT: 1 FLAG_GT: 0
INPUT_PORT:  []
OUT_PORT:  []
DATA_MEM:  [315, 146]
---------------------------------------
DEBUG    root:machine.py:309 CMP 0
TICK: 15247 PC:   7 ADDR:   0 MEM_OUT: 315 ACC: 0 BUFF: 315 DC: 0 FLAG_ZERO: False FLAG_LT: 1 FLAG_GT: 0
INPUT_PORT:  []
OUT_PORT:  []
DATA_MEM:  [315, 146]
---------------------------------------
DEBUG    root:machine.py:309 JE 14
TICK: 15250 PC:   8 ADDR:   0 MEM_OUT: 315 ACC: 0 BUFF: 315 DC: 0 FLAG_ZERO: True FLAG_LT: 0 FLAG_GT: 0
INPUT_PORT:  []
OUT_PORT:  []
DATA_MEM:  [315, 146]
---------------------------------------
DEBUG    root:machine.py:309 LD 4
TICK: 15253 PC:  14 ADDR:   0 MEM_OUT: 315 ACC: 0 BUFF: 315 DC: 0 FLAG_ZERO: True FLAG_LT: 0 FLAG_GT: 0
INPUT_PORT:  []
OUT_PORT:  []
DATA_MEM:  [315, 146]
---------------------------------------
DEBUG    root:machine.py:309 INC 
TICK: 15257 PC:  15 ADDR:   1 MEM_OUT: 146 ACC: 146 BUFF: 315 DC: 0 FLAG_ZERO: True FLAG_LT: 0 FLAG_GT: 0
INPUT_PORT:  []
OUT_PORT:  []
DATA_MEM:  [315, 146]
---------------------------------------
DEBUG    root:machine.py:309 ST 4
TICK: 15260 PC:  16 ADDR:   1 MEM_OUT: 146 ACC: 147 BUFF: 315 DC: 0 FLAG_ZERO: True FLAG_LT: 0 FLAG_GT: 0
INPUT_PORT:  []
OUT_PORT:  []
DATA_MEM:  [315, 146]
---------------------------------------
DEBUG    root:machine.py:309 JMP 0
TICK: 15264 PC:  17 ADDR:   1 MEM_OUT: 147 ACC: 147 BUFF: 315 DC: 0 FLAG_ZERO: True FLAG_LT: 0 FLAG_GT: 0
INPUT_PORT:  []
OUT_PORT:  []
DATA_MEM:  [315, 147]
---------------------------------------
DEBUG    root:machine.py:309 LD 0
TICK: 15267 PC:   0 ADDR:   1 MEM_OUT: 147 ACC: 147 BUFF: 315 DC: 0 FLAG_ZERO: True FLAG_LT: 0 FLAG_GT: 0
INPUT_PORT:  []
OUT_PORT:  []
DATA_MEM:  [315, 147]
---------------------------------------
DEBUG    root:machine.py:309 INC 
TICK: 15271 PC:   1 ADDR:   0 MEM_OUT: 315 ACC: 315 BUFF: 315 DC: 0 FLAG_ZERO: True FLAG_LT: 0 FLAG_GT: 0
INPUT_PORT:  []
OUT_PORT:  []
DATA_MEM:  [315, 147]
---------------------------------------
DEBUG    root:machine.py:309 ST 0
TICK: 15274 PC:   2 ADDR:   0 MEM_OUT: 315 ACC: 316 BUFF: 315 DC: 0 FLAG_ZERO: True FLAG_LT: 0 FLAG_GT: 0
INPUT_PORT:  []
OUT_PORT:  []
DATA_MEM:  [315, 147]
---------------------------------------
DEBUG    root:machine.py:309 CMP 1000
TICK: 15278 PC:   3 ADDR:   0 MEM_OUT: 316 ACC: 316 BUFF: 315 DC: 0 FLAG_ZERO: True FLAG_LT: 0 FLAG_GT: 0
INPUT_PORT:  []
OUT_PORT:  []
DATA_MEM:  [316, 147]
---------------------------------------
DEBUG    root:machine.py:309 JGE 22
TICK: 15281 PC:   4 ADDR:   0 MEM_OUT: 316 ACC: 316 BUFF: 315 DC: 0 FLAG_ZERO: False FLAG_LT: 1 FLAG_GT: 0
INPUT_PORT:  []
OUT_PORT:  []
DATA_MEM:  [316, 147]
---------------------------------------
DEBUG    root:machine.py:309 LD 0
TICK: 15284 PC:   5 ADDR:   0 MEM_OUT: 316 ACC: 316 BUFF: 315 DC: 0 FLAG_ZERO: False FLAG_LT: 1 FLAG_GT: 0
INPUT_PORT:  []
OUT_PORT:  []
DATA_MEM:  [316, 147]
---------------------------------------
DEBUG    root:machine.py:309 MOD 3
TICK: 15288 PC:   6 ADDR:   0 MEM_OUT: 316 ACC: 316 BUFF: 315 DC: 0 FLAG_ZERO: False FLAG_LT: 1 FLAG_GT: 0
INPUT_PORT:  []
OUT_PORT:  []
DATA_MEM:  [316, 147]
---------------------------------------
DEBUG    root:machine.py:309 CMP 0
TICK: 15292 PC:   7 ADDR:   0 MEM_OUT: 316 ACC: 1 BUFF: 316 DC: 0 FLAG_ZERO: False FLAG_LT: 1 FLAG_GT: 0
INPUT_PORT:  []
OUT_PORT:  []
DATA_MEM:  [316, 147]
---------------------------------------
DEBUG    root:machine.py:309 JE 14
TICK: 15295 PC:   8 ADDR:   0 MEM_OUT: 316 ACC: 1 BUFF: 316 DC: 0 FLAG_ZERO: False FLAG_LT: 0 FLAG_GT: 1
INPUT_PORT:  []
OUT_PORT:  []
DATA_MEM:  [316, 147]
---------------------------------------
DEBUG    root:machine.py:309 LD 0
TICK: 15298 PC:   9 ADDR:   0 MEM_OUT: 316 ACC: 1 BUFF: 316 DC: 0 FLAG_ZERO: False FLAG_LT: 0 FLAG_GT: 1
INPUT_PORT:  []
OUT_PORT:  []
DATA_MEM:  [316, 147]
---------------------------------------
DEBUG    root:machine.py:309 MOD 5
TICK: 15302 PC:  10 ADDR:   0 MEM_OUT: 316 ACC: 316 BUFF: 316 DC: 0 FLAG_ZERO: False FLAG_LT: 0 FLAG_GT: 1
INPUT_PORT:  []
OUT_PORT:  []
DATA_MEM:  [316, 147]
---------------------------------------
DEBUG    root:machine.py:309 CMP 0
TICK: 15306 PC:  11 ADDR:   0 MEM_OUT: 316 ACC: 1 BUFF: 316 DC: 0 FLAG_ZERO: False FLAG_LT: 0 FLAG_GT: 1
INPUT_PORT:  []
OUT_PORT:  []
DATA_MEM:  [316, 147]
---------------------------------------
DEBUG    root:machine.py:309 JE 18
TICK: 15309 PC:  12 ADDR:   0 MEM_OUT: 316 ACC: 1 BUFF: 316 DC: 0 FLAG_ZERO: False FLAG_LT: 0 FLAG_GT: 1
INPUT_PORT:  []
OUT_PORT:  []
DATA_MEM:  [316, 147]
---------------------------------------
DEBUG    root:machine.py:309 JMP 0
TICK: 15312 PC:  13 ADDR:   0 MEM_OUT: 316 ACC: 1 BUFF: 316 DC: 0 FLAG_ZERO: False FLAG_LT: 0 FLAG_GT: 1
INPUT_PORT:  []
OUT_PORT:  []
DATA_MEM:  [316, 147]
---------------------------------------
DEBUG    root:machine.py:309 LD 0
TICK: 15315 PC:   0 ADDR:   0 MEM_OUT: 316 ACC: 1 BUFF: 316 DC: 0 FLAG_ZERO: False FLAG_LT: 0 FLAG_GT: 1
INPUT_PORT:  []
OUT_PORT:  []
DATA_MEM:  [316, 147]
---------------------------------------
DEBUG    root:machine.py:309 INC 
TICK: 15319 PC:   1 ADDR:   0 MEM_OUT: 316 ACC: 316 BUFF: 316 DC: 0 FLAG_ZERO: False FLAG_LT: 0 FLAG_GT: 1
INPUT_PORT:  []
OUT_PORT:  []
DATA_MEM:  [316, 147]
---------------------------------------
DEBUG    root:machine.py:309 ST 0
TICK: 15322 PC:   2 ADDR:   0 MEM_OUT: 316 ACC: 317 BUFF: 316 DC: 0 FLAG_ZERO: False FLAG_LT: 0 FLAG_GT: 1
INPUT_PORT:  []
OUT_PORT:  []
DATA_MEM:  [316, 147]
---------------------------------------
DEBUG    root:machine.py:309 CMP 1000
TICK: 15326 PC:   3 ADDR:   0 MEM_OUT: 317 ACC: 317 BUFF: 316 DC: 0 FLAG_ZERO: False FLAG_LT: 0 FLAG_GT: 1
INPUT_PORT:  []
OUT_PORT:  []
DATA_MEM:  [317, 147]
---------------------------------------
DEBUG    root:machine.py:309 JGE 22
TICK: 15329 PC:   4 ADDR:   0 MEM_OUT: 317 ACC: 317 BUFF: 316 DC: 0 FLAG_ZERO: False FLAG_LT: 1 FLAG_GT: 0
INPUT_PORT:  []
OUT_PORT:  []
DATA_MEM:  [317, 147]
---------------------------------------
DEBUG    root:machine.py:309 LD 0
TICK: 15332 PC:   5 ADDR:   0 MEM_OUT: 317 ACC: 317 BUFF: 316 DC: 0 FLAG_ZERO: False FLAG_LT: 1 FLAG_GT: 0
INPUT_PORT:  []
OUT_PORT:  []
DATA_MEM:  [317, 147]
---------------------------------------
DEBUG    root:machine.py:309 MOD 3
TICK: 15336 PC:   6 ADDR:   0 MEM_OUT: 317 ACC: 317 BUFF: 316 DC: 0 FLAG_ZERO: False FLAG_LT: 1 FLAG_GT: 0
INPUT_PORT:  []
OUT_PORT:  []
DATA_MEM:  [317, 147]
---------------------------------------
DEBUG    root:machine.py:309 CMP 0
TICK: 15340 PC:   7 ADDR:   0 MEM_OUT: 317 ACC: 2 BUFF: 317 DC: 0 FLAG_ZERO: False FLAG_LT: 1 FLAG_GT: 0
INPUT_PORT:  []
OUT_PORT:  []
DATA_MEM:  [317, 147]
---------------------------------------
DEBUG    root:machine.py:309 JE 14
TICK: 15343 PC:   8 ADDR:   0 MEM_OUT: 317 ACC: 2 BUFF: 317 DC: 0 FLAG_ZERO: False FLAG_LT: 0 FLAG_GT: 1
INPUT_PORT:  []
OUT_PORT:  []
DATA_MEM:  [317, 147]
---------------------------------------
DEBUG    root:machine.py:309 LD 0
TICK: 15346 PC:   9 ADDR:   0 MEM_OUT: 317 ACC: 2 BUFF: 317 DC: 0 FLAG_ZERO: False FLAG_LT: 0 FLAG_GT: 1
INPUT_PORT:  []
OUT_PORT:  []
DATA_MEM:  [317, 147]
---------------------------------------
DEBUG    root:machine.py:309 MOD 5
TICK: 15350 PC:  10 ADDR:   0 MEM_OUT: 317 ACC: 317 BUFF: 317 DC: 0 FLAG_ZERO: False FLAG_LT: 0 FLAG_GT: 1
INPUT_PORT:  []
OUT_PORT:  []
DATA_MEM:  [317, 147]
---------------------------------------
DEBUG    root:machine.py:309 CMP 0
TICK: 15354 PC:  11 ADDR:   0 MEM_OUT: 317 ACC: 2 BUFF: 317 DC: 0 FLAG_ZERO: False FLAG_LT: 0 FLAG_GT: 1
INPUT_PORT:  []
OUT_PORT:  []
DATA_MEM:  [317, 147]
---------------------------------------
DEBUG    root:machine.py:309 JE 18
TICK: 15357 PC:  12 ADDR:   0 MEM_OUT: 317 ACC: 2 BUFF: 317 DC: 0 FLAG_ZERO: False FLAG_LT: 0 FLAG_GT: 1
INPUT_PORT:  []
OUT_PORT:  []
DATA_MEM:  [317, 147]
---------------------------------------
DEBUG    root:machine.py:309 JMP 0
TICK: 15360 PC:  13 ADDR:   0 MEM_OUT: 317 ACC: 2 BUFF: 317 DC: 0 FLAG_ZERO: False FLAG_LT: 0 FLAG_GT: 1
INPUT_PORT:  []
OUT_PORT:  []
DATA_MEM:  [317, 147]
---------------------------------------
DEBUG    root:machine.py:309 LD 0
TICK: 15363 PC:   0 ADDR:   0 MEM_OUT: 317 ACC: 2 BUFF: 317 DC: 0 FLAG_ZERO: False FLAG_LT: 0 FLAG_GT: 1
INPUT_PORT:  []
OUT_PORT:  []
DATA_MEM:  [317, 147]
---------------------------------------
DEBUG    root:machine.py:309 INC 
TICK: 15367 PC:   1 ADDR:   0 MEM_OUT: 317 ACC: 317 BUFF: 317 DC: 0 FLAG_ZERO: False FLAG_LT: 0 FLAG_GT: 1
INPUT_PORT:  []
OUT_PORT:  []
DATA_MEM:  [317, 147]
---------------------------------------
DEBUG    root:machine.py:309 ST 0
TICK: 15370 PC:   2 ADDR:   0 MEM_OUT: 317 ACC: 318 BUFF: 317 DC: 0 FLAG_ZERO: False FLAG_LT: 0 FLAG_GT: 1
INPUT_PORT:  []
OUT_PORT:  []
DATA_MEM:  [317, 147]
---------------------------------------
DEBUG    root:machine.py:309 CMP 1000
TICK: 15374 PC:   3 ADDR:   0 MEM_OUT: 318 ACC: 318 BUFF: 317 DC: 0 FLAG_ZERO: False FLAG_LT: 0 FLAG_GT: 1
INPUT_PORT:  []
OUT_PORT:  []
DATA_MEM:  [318, 147]
---------------------------------------
DEBUG    root:machine.py:309 JGE 22
TICK: 15377 PC:   4 ADDR:   0 MEM_OUT: 318 ACC: 318 BUFF: 317 DC: 0 FLAG_ZERO: False FLAG_LT: 1 FLAG_GT: 0
INPUT_PORT:  []
OUT_PORT:  []
DATA_MEM:  [318, 147]
---------------------------------------
DEBUG    root:machine.py:309 LD 0
TICK: 15380 PC:   5 ADDR:   0 MEM_OUT: 318 ACC: 318 BUFF: 317 DC: 0 FLAG_ZERO: False FLAG_LT: 1 FLAG_GT: 0
INPUT_PORT:  []
OUT_PORT:  []
DATA_MEM:  [318, 147]
---------------------------------------
DEBUG    root:machine.py:309 MOD 3
TICK: 15384 PC:   6 ADDR:   0 MEM_OUT: 318 ACC: 318 BUFF: 317 DC: 0 FLAG_ZERO: False FLAG_LT: 1 FLAG_GT: 0
INPUT_PORT:  []
OUT_PORT:  []
DATA_MEM:  [318, 147]
---------------------------------------
DEBUG    root:machine.py:309 CMP 0
TICK: 15388 PC:   7 ADDR:   0 MEM_OUT: 318 ACC: 0 BUFF: 318 DC: 0 FLAG_ZERO: False FLAG_LT: 1 FLAG_GT: 0
INPUT_PORT:  []
OUT_PORT:  []
DATA_MEM:  [318, 147]
---------------------------------------
DEBUG    root:machine.py:309 JE 14
TICK: 15391 PC:   8 ADDR:   0 MEM_OUT: 318 ACC: 0 BUFF: 318 DC: 0 FLAG_ZERO: True FLAG_LT: 0 FLAG_GT: 0
INPUT_PORT:  []
OUT_PORT:  []
DATA_MEM:  [318, 147]
---------------------------------------
DEBUG    root:machine.py:309 LD 4
TICK: 15394 PC:  14 ADDR:   0 MEM_OUT: 318 ACC: 0 BUFF: 318 DC: 0 FLAG_ZERO: True FLAG_LT: 0 FLAG_GT: 0
INPUT_PORT:  []
OUT_PORT:  []
DATA_MEM:  [318, 147]
---------------------------------------
DEBUG    root:machine.py:309 INC 
TICK: 15398 PC:  15 ADDR:   1 MEM_OUT: 147 ACC: 147 BUFF: 318 DC: 0 FLAG_ZERO: True FLAG_LT: 0 FLAG_GT: 0
INPUT_PORT:  []
OUT_PORT:  []
DATA_MEM:  [318, 147]
---------------------------------------
DEBUG    root:machine.py:309 ST 4
TICK: 15401 PC:  16 ADDR:   1 MEM_OUT: 147 ACC: 148 BUFF: 318 DC: 0 FLAG_ZERO: True FLAG_LT: 0 FLAG_GT: 0
INPUT_PORT:  []
OUT_PORT:  []
DATA_MEM:  [318, 147]
---------------------------------------
DEBUG    root:machine.py:309 JMP 0
TICK: 15405 PC:  17 ADDR:   1 MEM_OUT: 148 ACC: 148 BUFF: 318 DC: 0 FLAG_ZERO: True FLAG_LT: 0 FLAG_GT: 0
INPUT_PORT:  []
OUT_PORT:  []
DATA_MEM:  [318, 148]
---------------------------------------
DEBUG    root:machine.py:309 LD 0
TICK: 15408 PC:   0 ADDR:   1 MEM_OUT: 148 ACC: 148 BUFF: 318 DC: 0 FLAG_ZERO: True FLAG_LT: 0 FLAG_GT: 0
INPUT_PORT:  []
OUT_PORT:  []
DATA_MEM:  [318, 148]
---------------------------------------
DEBUG    root:machine.py:309 INC 
TICK: 15412 PC:   1 ADDR:   0 MEM_OUT: 318 ACC: 318 BUFF: 318 DC: 0 FLAG_ZERO: True FLAG_LT: 0 FLAG_GT: 0
INPUT_PORT:  []
OUT_PORT:  []
DATA_MEM:  [318, 148]
---------------------------------------
DEBUG    root:machine.py:309 ST 0
TICK: 15415 PC:   2 ADDR:   0 MEM_OUT: 318 ACC: 319 BUFF: 318 DC: 0 FLAG_ZERO: True FLAG_LT: 0 FLAG_GT: 0
INPUT_PORT:  []
OUT_PORT:  []
DATA_MEM:  [318, 148]
---------------------------------------
DEBUG    root:machine.py:309 CMP 1000
TICK: 15419 PC:   3 ADDR:   0 MEM_OUT: 319 ACC: 319 BUFF: 318 DC: 0 FLAG_ZERO: True FLAG_LT: 0 FLAG_GT: 0
INPUT_PORT:  []
OUT_PORT:  []
DATA_MEM:  [319, 148]
---------------------------------------
DEBUG    root:machine.py:309 JGE 22
TICK: 15422 PC:   4 ADDR:   0 MEM_OUT: 319 ACC: 319 BUFF: 318 DC: 0 FLAG_ZERO: False FLAG_LT: 1 FLAG_GT: 0
INPUT_PORT:  []
OUT_PORT:  []
DATA_MEM:  [319, 148]
---------------------------------------
DEBUG    root:machine.py:309 LD 0
TICK: 15425 PC:   5 ADDR:   0 MEM_OUT: 319 ACC: 319 BUFF: 318 DC: 0 FLAG_ZERO: False FLAG_LT: 1 FLAG_GT: 0
INPUT_PORT:  []
OUT_PORT:  []
DATA_MEM:  [319, 148]
---------------------------------------
DEBUG    root:machine.py:309 MOD 3
TICK: 15429 PC:   6 ADDR:   0 MEM_OUT: 319 ACC: 319 BUFF: 318 DC: 0 FLAG_ZERO: False FLAG_LT: 1 FLAG_GT: 0
INPUT_PORT:  []
OUT_PORT:  []
DATA_MEM:  [319, 148]
---------------------------------------
DEBUG    root:machine.py:309 CMP 0
TICK: 15433 PC:   7 ADDR:   0 MEM_OUT: 319 ACC: 1 BUFF: 319 DC: 0 FLAG_ZERO: False FLAG_LT: 1 FLAG_GT: 0
INPUT_PORT:  []
OUT_PORT:  []
DATA_MEM:  [319, 148]
---------------------------------------
DEBUG    root:machine.py:309 JE 14
TICK: 15436 PC:   8 ADDR:   0 MEM_OUT: 319 ACC: 1 BUFF: 319 DC: 0 FLAG_ZERO: False FLAG_LT: 0 FLAG_GT: 1
INPUT_PORT:  []
OUT_PORT:  []
DATA_MEM:  [319, 148]
---------------------------------------
DEBUG    root:machine.py:309 LD 0
TICK: 15439 PC:   9 ADDR:   0 MEM_OUT: 319 ACC: 1 BUFF: 319 DC: 0 FLAG_ZERO: False FLAG_LT: 0 FLAG_GT: 1
INPUT_PORT:  []
OUT_PORT:  []
DATA_MEM:  [319, 148]
---------------------------------------
DEBUG    root:machine.py:309 MOD 5
TICK: 15443 PC:  10 ADDR:   0 MEM_OUT: 319 ACC: 319 BUFF: 319 DC: 0 FLAG_ZERO: False FLAG_LT: 0 FLAG_GT: 1
INPUT_PORT:  []
OUT_PORT:  []
DATA_MEM:  [319, 148]
---------------------------------------
DEBUG    root:machine.py:309 CMP 0
TICK: 15447 PC:  11 ADDR:   0 MEM_OUT: 319 ACC: 4 BUFF: 319 DC: 0 FLAG_ZERO: False FLAG_LT: 0 FLAG_GT: 1
INPUT_PORT:  []
OUT_PORT:  []
DATA_MEM:  [319, 148]
---------------------------------------
DEBUG    root:machine.py:309 JE 18
TICK: 15450 PC:  12 ADDR:   0 MEM_OUT: 319 ACC: 4 BUFF: 319 DC: 0 FLAG_ZERO: False FLAG_LT: 0 FLAG_GT: 1
INPUT_PORT:  []
OUT_PORT:  []
DATA_MEM:  [319, 148]
---------------------------------------
DEBUG    root:machine.py:309 JMP 0
TICK: 15453 PC:  13 ADDR:   0 MEM_OUT: 319 ACC: 4 BUFF: 319 DC: 0 FLAG_ZERO: False FLAG_LT: 0 FLAG_GT: 1
INPUT_PORT:  []
OUT_PORT:  []
DATA_MEM:  [319, 148]
---------------------------------------
DEBUG    root:machine.py:309 LD 0
TICK: 15456 PC:   0 ADDR:   0 MEM_OUT: 319 ACC: 4 BUFF: 319 DC: 0 FLAG_ZERO: False FLAG_LT: 0 FLAG_GT: 1
INPUT_PORT:  []
OUT_PORT:  []
DATA_MEM:  [319, 148]
---------------------------------------
DEBUG    root:machine.py:309 INC 
TICK: 15460 PC:   1 ADDR:   0 MEM_OUT: 319 ACC: 319 BUFF: 319 DC: 0 FLAG_ZERO: False FLAG_LT: 0 FLAG_GT: 1
INPUT_PORT:  []
OUT_PORT:  []
DATA_MEM:  [319, 148]
---------------------------------------
DEBUG    root:machine.py:309 ST 0
TICK: 15463 PC:   2 ADDR:   0 MEM_OUT: 319 ACC: 320 BUFF: 319 DC: 0 FLAG_ZERO: False FLAG_LT: 0 FLAG_GT: 1
INPUT_PORT:  []
OUT_PORT:  []
DATA_MEM:  [319, 148]
---------------------------------------
DEBUG    root:machine.py:309 CMP 1000
TICK: 15467 PC:   3 ADDR:   0 MEM_OUT: 320 ACC: 320 BUFF: 319 DC: 0 FLAG_ZERO: False FLAG_LT: 0 FLAG_GT: 1
INPUT_PORT:  []
OUT_PORT:  []
DATA_MEM:  [320, 148]
---------------------------------------
DEBUG    root:machine.py:309 JGE 22
TICK: 15470 PC:   4 ADDR:   0 MEM_OUT: 320 ACC: 320 BUFF: 319 DC: 0 FLAG_ZERO: False FLAG_LT: 1 FLAG_GT: 0
INPUT_PORT:  []
OUT_PORT:  []
DATA_MEM:  [320, 148]
---------------------------------------
DEBUG    root:machine.py:309 LD 0
TICK: 15473 PC:   5 ADDR:   0 MEM_OUT: 320 ACC: 320 BUFF: 319 DC: 0 FLAG_ZERO: False FLAG_LT: 1 FLAG_GT: 0
INPUT_PORT:  []
OUT_PORT:  []
DATA_MEM:  [320, 148]
---------------------------------------
DEBUG    root:machine.py:309 MOD 3
TICK: 15477 PC:   6 ADDR:   0 MEM_OUT: 320 ACC: 320 BUFF: 319 DC: 0 FLAG_ZERO: False FLAG_LT: 1 FLAG_GT: 0
INPUT_PORT:  []
OUT_PORT:  []
DATA_MEM:  [320, 148]
---------------------------------------
DEBUG    root:machine.py:309 CMP 0
TICK: 15481 PC:   7 ADDR:   0 MEM_OUT: 320 ACC: 2 BUFF: 320 DC: 0 FLAG_ZERO: False FLAG_LT: 1 FLAG_GT: 0
INPUT_PORT:  []
OUT_PORT:  []
DATA_MEM:  [320, 148]
---------------------------------------
DEBUG    root:machine.py:309 JE 14
TICK: 15484 PC:   8 ADDR:   0 MEM_OUT: 320 ACC: 2 BUFF: 320 DC: 0 FLAG_ZERO: False FLAG_LT: 0 FLAG_GT: 1
INPUT_PORT:  []
OUT_PORT:  []
DATA_MEM:  [320, 148]
---------------------------------------
DEBUG    root:machine.py:309 LD 0
TICK: 15487 PC:   9 ADDR:   0 MEM_OUT: 320 ACC: 2 BUFF: 320 DC: 0 FLAG_ZERO: False FLAG_LT: 0 FLAG_GT: 1
INPUT_PORT:  []
OUT_PORT:  []
DATA_MEM:  [320, 148]
---------------------------------------
DEBUG    root:machine.py:309 MOD 5
TICK: 15491 PC:  10 ADDR:   0 MEM_OUT: 320 ACC: 320 BUFF: 320 DC: 0 FLAG_ZERO: False FLAG_LT: 0 FLAG_GT: 1
INPUT_PORT:  []
OUT_PORT:  []
DATA_MEM:  [320, 148]
---------------------------------------
DEBUG    root:machine.py:309 CMP 0
TICK: 15495 PC:  11 ADDR:   0 MEM_OUT: 320 ACC: 0 BUFF: 320 DC: 0 FLAG_ZERO: False FLAG_LT: 0 FLAG_GT: 1
INPUT_PORT:  []
OUT_PORT:  []
DATA_MEM:  [320, 148]
---------------------------------------
DEBUG    root:machine.py:309 JE 18
TICK: 15498 PC:  12 ADDR:   0 MEM_OUT: 320 ACC: 0 BUFF: 320 DC: 0 FLAG_ZERO: True FLAG_LT: 0 FLAG_GT: 0
INPUT_PORT:  []
OUT_PORT:  []
DATA_MEM:  [320, 148]
---------------------------------------
DEBUG    root:machine.py:309 LD 4
TICK: 15501 PC:  18 ADDR:   0 MEM_OUT: 320 ACC: 0 BUFF: 320 DC: 0 FLAG_ZERO: True FLAG_LT: 0 FLAG_GT: 0
INPUT_PORT:  []
OUT_PORT:  []
DATA_MEM:  [320, 148]
---------------------------------------
DEBUG    root:machine.py:309 INC 
TICK: 15505 PC:  19 ADDR:   1 MEM_OUT: 148 ACC: 148 BUFF: 320 DC: 0 FLAG_ZERO: True FLAG_LT: 0 FLAG_GT: 0
INPUT_PORT:  []
OUT_PORT:  []
DATA_MEM:  [320, 148]
---------------------------------------
DEBUG    root:machine.py:309 ST 4
TICK: 15508 PC:  20 ADDR:   1 MEM_OUT: 148 ACC: 149 BUFF: 320 DC: 0 FLAG_ZERO: True FLAG_LT: 0 FLAG_GT: 0
INPUT_PORT:  []
OUT_PORT:  []
DATA_MEM:  [320, 148]
---------------------------------------
DEBUG    root:machine.py:309 JMP 0
TICK: 15512 PC:  21 ADDR:   1 MEM_OUT: 149 ACC: 149 BUFF: 320 DC: 0 FLAG_ZERO: True FLAG_LT: 0 FLAG_GT: 0
INPUT_PORT:  []
OUT_PORT:  []
DATA_MEM:  [320, 149]
---------------------------------------
DEBUG    root:machine.py:309 LD 0
TICK: 15515 PC:   0 ADDR:   1 MEM_OUT: 149 ACC: 149 BUFF: 320 DC: 0 FLAG_ZERO: True FLAG_LT: 0 FLAG_GT: 0
INPUT_PORT:  []
OUT_PORT:  []
DATA_MEM:  [320, 149]
---------------------------------------
DEBUG    root:machine.py:309 INC 
TICK: 15519 PC:   1 ADDR:   0 MEM_OUT: 320 ACC: 320 BUFF: 320 DC: 0 FLAG_ZERO: True FLAG_LT: 0 FLAG_GT: 0
INPUT_PORT:  []
OUT_PORT:  []
DATA_MEM:  [320, 149]
---------------------------------------
DEBUG    root:machine.py:309 ST 0
TICK: 15522 PC:   2 ADDR:   0 MEM_OUT: 320 ACC: 321 BUFF: 320 DC: 0 FLAG_ZERO: True FLAG_LT: 0 FLAG_GT: 0
INPUT_PORT:  []
OUT_PORT:  []
DATA_MEM:  [320, 149]
---------------------------------------
DEBUG    root:machine.py:309 CMP 1000
TICK: 15526 PC:   3 ADDR:   0 MEM_OUT: 321 ACC: 321 BUFF: 320 DC: 0 FLAG_ZERO: True FLAG_LT: 0 FLAG_GT: 0
INPUT_PORT:  []
OUT_PORT:  []
DATA_MEM:  [321, 149]
---------------------------------------
DEBUG    root:machine.py:309 JGE 22
TICK: 15529 PC:   4 ADDR:   0 MEM_OUT: 321 ACC: 321 BUFF: 320 DC: 0 FLAG_ZERO: False FLAG_LT: 1 FLAG_GT: 0
INPUT_PORT:  []
OUT_PORT:  []
DATA_MEM:  [321, 149]
---------------------------------------
DEBUG    root:machine.py:309 LD 0
TICK: 15532 PC:   5 ADDR:   0 MEM_OUT: 321 ACC: 321 BUFF: 320 DC: 0 FLAG_ZERO: False FLAG_LT: 1 FLAG_GT: 0
INPUT_PORT:  []
OUT_PORT:  []
DATA_MEM:  [321, 149]
---------------------------------------
DEBUG    root:machine.py:309 MOD 3
TICK: 15536 PC:   6 ADDR:   0 MEM_OUT: 321 ACC: 321 BUFF: 320 DC: 0 FLAG_ZERO: False FLAG_LT: 1 FLAG_GT: 0
INPUT_PORT:  []
OUT_PORT:  []
DATA_MEM:  [321, 149]
---------------------------------------
DEBUG    root:machine.py:309 CMP 0
TICK: 15540 PC:   7 ADDR:   0 MEM_OUT: 321 ACC: 0 BUFF: 321 DC: 0 FLAG_ZERO: False FLAG_LT: 1 FLAG_GT: 0
INPUT_PORT:  []
OUT_PORT:  []
DATA_MEM:  [321, 149]
---------------------------------------
DEBUG    root:machine.py:309 JE 14
TICK: 15543 PC:   8 ADDR:   0 MEM_OUT: 321 ACC: 0 BUFF: 321 DC: 0 FLAG_ZERO: True FLAG_LT: 0 FLAG_GT: 0
INPUT_PORT:  []
OUT_PORT:  []
DATA_MEM:  [321, 149]
---------------------------------------
DEBUG    root:machine.py:309 LD 4
TICK: 15546 PC:  14 ADDR:   0 MEM_OUT: 321 ACC: 0 BUFF: 321 DC: 0 FLAG_ZERO: True FLAG_LT: 0 FLAG_GT: 0
INPUT_PORT:  []
OUT_PORT:  []
DATA_MEM:  [321, 149]
---------------------------------------
DEBUG    root:machine.py:309 INC 
TICK: 15550 PC:  15 ADDR:   1 MEM_OUT: 149 ACC: 149 BUFF: 321 DC: 0 FLAG_ZERO: True FLAG_LT: 0 FLAG_GT: 0
INPUT_PORT:  []
OUT_PORT:  []
DATA_MEM:  [321, 149]
---------------------------------------
DEBUG    root:machine.py:309 ST 4
TICK: 15553 PC:  16 ADDR:   1 MEM_OUT: 149 ACC: 150 BUFF: 321 DC: 0 FLAG_ZERO: True FLAG_LT: 0 FLAG_GT: 0
INPUT_PORT:  []
OUT_PORT:  []
DATA_MEM:  [321, 149]
---------------------------------------
DEBUG    root:machine.py:309 JMP 0
TICK: 15557 PC:  17 ADDR:   1 MEM_OUT: 150 ACC: 150 BUFF: 321 DC: 0 FLAG_ZERO: True FLAG_LT: 0 FLAG_GT: 0
INPUT_PORT:  []
OUT_PORT:  []
DATA_MEM:  [321, 150]
---------------------------------------
DEBUG    root:machine.py:309 LD 0
TICK: 15560 PC:   0 ADDR:   1 MEM_OUT: 150 ACC: 150 BUFF: 321 DC: 0 FLAG_ZERO: True FLAG_LT: 0 FLAG_GT: 0
INPUT_PORT:  []
OUT_PORT:  []
DATA_MEM:  [321, 150]
---------------------------------------
DEBUG    root:machine.py:309 INC 
TICK: 15564 PC:   1 ADDR:   0 MEM_OUT: 321 ACC: 321 BUFF: 321 DC: 0 FLAG_ZERO: True FLAG_LT: 0 FLAG_GT: 0
INPUT_PORT:  []
OUT_PORT:  []
DATA_MEM:  [321, 150]
---------------------------------------
DEBUG    root:machine.py:309 ST 0
TICK: 15567 PC:   2 ADDR:   0 MEM_OUT: 321 ACC: 322 BUFF: 321 DC: 0 FLAG_ZERO: True FLAG_LT: 0 FLAG_GT: 0
INPUT_PORT:  []
OUT_PORT:  []
DATA_MEM:  [321, 150]
---------------------------------------
DEBUG    root:machine.py:309 CMP 1000
TICK: 15571 PC:   3 ADDR:   0 MEM_OUT: 322 ACC: 322 BUFF: 321 DC: 0 FLAG_ZERO: True FLAG_LT: 0 FLAG_GT: 0
INPUT_PORT:  []
OUT_PORT:  []
DATA_MEM:  [322, 150]
---------------------------------------
DEBUG    root:machine.py:309 JGE 22
TICK: 15574 PC:   4 ADDR:   0 MEM_OUT: 322 ACC: 322 BUFF: 321 DC: 0 FLAG_ZERO: False FLAG_LT: 1 FLAG_GT: 0
INPUT_PORT:  []
OUT_PORT:  []
DATA_MEM:  [322, 150]
---------------------------------------
DEBUG    root:machine.py:309 LD 0
TICK: 15577 PC:   5 ADDR:   0 MEM_OUT: 322 ACC: 322 BUFF: 321 DC: 0 FLAG_ZERO: False FLAG_LT: 1 FLAG_GT: 0
INPUT_PORT:  []
OUT_PORT:  []
DATA_MEM:  [322, 150]
---------------------------------------
DEBUG    root:machine.py:309 MOD 3
TICK: 15581 PC:   6 ADDR:   0 MEM_OUT: 322 ACC: 322 BUFF: 321 DC: 0 FLAG_ZERO: False FLAG_LT: 1 FLAG_GT: 0
INPUT_PORT:  []
OUT_PORT:  []
DATA_MEM:  [322, 150]
---------------------------------------
DEBUG    root:machine.py:309 CMP 0
TICK: 15585 PC:   7 ADDR:   0 MEM_OUT: 322 ACC: 1 BUFF: 322 DC: 0 FLAG_ZERO: False FLAG_LT: 1 FLAG_GT: 0
INPUT_PORT:  []
OUT_PORT:  []
DATA_MEM:  [322, 150]
---------------------------------------
DEBUG    root:machine.py:309 JE 14
TICK: 15588 PC:   8 ADDR:   0 MEM_OUT: 322 ACC: 1 BUFF: 322 DC: 0 FLAG_ZERO: False FLAG_LT: 0 FLAG_GT: 1
INPUT_PORT:  []
OUT_PORT:  []
DATA_MEM:  [322, 150]
---------------------------------------
DEBUG    root:machine.py:309 LD 0
TICK: 15591 PC:   9 ADDR:   0 MEM_OUT: 322 ACC: 1 BUFF: 322 DC: 0 FLAG_ZERO: False FLAG_LT: 0 FLAG_GT: 1
INPUT_PORT:  []
OUT_PORT:  []
DATA_MEM:  [322, 150]
---------------------------------------
DEBUG    root:machine.py:309 MOD 5
TICK: 15595 PC:  10 ADDR:   0 MEM_OUT: 322 ACC: 322 BUFF: 322 DC: 0 FLAG_ZERO: False FLAG_LT: 0 FLAG_GT: 1
INPUT_PORT:  []
OUT_PORT:  []
DATA_MEM:  [322, 150]
---------------------------------------
DEBUG    root:machine.py:309 CMP 0
TICK: 15599 PC:  11 ADDR:   0 MEM_OUT: 322 ACC: 2 BUFF: 322 DC: 0 FLAG_ZERO: False FLAG_LT: 0 FLAG_GT: 1
INPUT_PORT:  []
OUT_PORT:  []
DATA_MEM:  [322, 150]
---------------------------------------
DEBUG    root:machine.py:309 JE 18
TICK: 15602 PC:  12 ADDR:   0 MEM_OUT: 322 ACC: 2 BUFF: 322 DC: 0 FLAG_ZERO: False FLAG_LT: 0 FLAG_GT: 1
INPUT_PORT:  []
OUT_PORT:  []
DATA_MEM:  [322, 150]
---------------------------------------
DEBUG    root:machine.py:309 JMP 0
TICK: 15605 PC:  13 ADDR:   0 MEM_OUT: 322 ACC: 2 BUFF: 322 DC: 0 FLAG_ZERO: False FLAG_LT: 0 FLAG_GT: 1
INPUT_PORT:  []
OUT_PORT:  []
DATA_MEM:  [322, 150]
---------------------------------------
DEBUG    root:machine.py:309 LD 0
TICK: 15608 PC:   0 ADDR:   0 MEM_OUT: 322 ACC: 2 BUFF: 322 DC: 0 FLAG_ZERO: False FLAG_LT: 0 FLAG_GT: 1
INPUT_PORT:  []
OUT_PORT:  []
DATA_MEM:  [322, 150]
---------------------------------------
DEBUG    root:machine.py:309 INC 
TICK: 15612 PC:   1 ADDR:   0 MEM_OUT: 322 ACC: 322 BUFF: 322 DC: 0 FLAG_ZERO: False FLAG_LT: 0 FLAG_GT: 1
INPUT_PORT:  []
OUT_PORT:  []
DATA_MEM:  [322, 150]
---------------------------------------
DEBUG    root:machine.py:309 ST 0
TICK: 15615 PC:   2 ADDR:   0 MEM_OUT: 322 ACC: 323 BUFF: 322 DC: 0 FLAG_ZERO: False FLAG_LT: 0 FLAG_GT: 1
INPUT_PORT:  []
OUT_PORT:  []
DATA_MEM:  [322, 150]
---------------------------------------
DEBUG    root:machine.py:309 CMP 1000
TICK: 15619 PC:   3 ADDR:   0 MEM_OUT: 323 ACC: 323 BUFF: 322 DC: 0 FLAG_ZERO: False FLAG_LT: 0 FLAG_GT: 1
INPUT_PORT:  []
OUT_PORT:  []
DATA_MEM:  [323, 150]
---------------------------------------
DEBUG    root:machine.py:309 JGE 22
TICK: 15622 PC:   4 ADDR:   0 MEM_OUT: 323 ACC: 323 BUFF: 322 DC: 0 FLAG_ZERO: False FLAG_LT: 1 FLAG_GT: 0
INPUT_PORT:  []
OUT_PORT:  []
DATA_MEM:  [323, 150]
---------------------------------------
DEBUG    root:machine.py:309 LD 0
TICK: 15625 PC:   5 ADDR:   0 MEM_OUT: 323 ACC: 323 BUFF: 322 DC: 0 FLAG_ZERO: False FLAG_LT: 1 FLAG_GT: 0
INPUT_PORT:  []
OUT_PORT:  []
DATA_MEM:  [323, 150]
---------------------------------------
DEBUG    root:machine.py:309 MOD 3
TICK: 15629 PC:   6 ADDR:   0 MEM_OUT: 323 ACC: 323 BUFF: 322 DC: 0 FLAG_ZERO: False FLAG_LT: 1 FLAG_GT: 0
INPUT_PORT:  []
OUT_PORT:  []
DATA_MEM:  [323, 150]
---------------------------------------
DEBUG    root:machine.py:309 CMP 0
TICK: 15633 PC:   7 ADDR:   0 MEM_OUT: 323 ACC: 2 BUFF: 323 DC: 0 FLAG_ZERO: False FLAG_LT: 1 FLAG_GT: 0
INPUT_PORT:  []
OUT_PORT:  []
DATA_MEM:  [323, 150]
---------------------------------------
DEBUG    root:machine.py:309 JE 14
TICK: 15636 PC:   8 ADDR:   0 MEM_OUT: 323 ACC: 2 BUFF: 323 DC: 0 FLAG_ZERO: False FLAG_LT: 0 FLAG_GT: 1
INPUT_PORT:  []
OUT_PORT:  []
DATA_MEM:  [323, 150]
---------------------------------------
DEBUG    root:machine.py:309 LD 0
TICK: 15639 PC:   9 ADDR:   0 MEM_OUT: 323 ACC: 2 BUFF: 323 DC: 0 FLAG_ZERO: False FLAG_LT: 0 FLAG_GT: 1
INPUT_PORT:  []
OUT_PORT:  []
DATA_MEM:  [323, 150]
---------------------------------------
DEBUG    root:machine.py:309 MOD 5
TICK: 15643 PC:  10 ADDR:   0 MEM_OUT: 323 ACC: 323 BUFF: 323 DC: 0 FLAG_ZERO: False FLAG_LT: 0 FLAG_GT: 1
INPUT_PORT:  []
OUT_PORT:  []
DATA_MEM:  [323, 150]
---------------------------------------
DEBUG    root:machine.py:309 CMP 0
TICK: 15647 PC:  11 ADDR:   0 MEM_OUT: 323 ACC: 3 BUFF: 323 DC: 0 FLAG_ZERO: False FLAG_LT: 0 FLAG_GT: 1
INPUT_PORT:  []
OUT_PORT:  []
DATA_MEM:  [323, 150]
---------------------------------------
DEBUG    root:machine.py:309 JE 18
TICK: 15650 PC:  12 ADDR:   0 MEM_OUT: 323 ACC: 3 BUFF: 323 DC: 0 FLAG_ZERO: False FLAG_LT: 0 FLAG_GT: 1
INPUT_PORT:  []
OUT_PORT:  []
DATA_MEM:  [323, 150]
---------------------------------------
DEBUG    root:machine.py:309 JMP 0
TICK: 15653 PC:  13 ADDR:   0 MEM_OUT: 323 ACC: 3 BUFF: 323 DC: 0 FLAG_ZERO: False FLAG_LT: 0 FLAG_GT: 1
INPUT_PORT:  []
OUT_PORT:  []
DATA_MEM:  [323, 150]
---------------------------------------
DEBUG    root:machine.py:309 LD 0
TICK: 15656 PC:   0 ADDR:   0 MEM_OUT: 323 ACC: 3 BUFF: 323 DC: 0 FLAG_ZERO: False FLAG_LT: 0 FLAG_GT: 1
INPUT_PORT:  []
OUT_PORT:  []
DATA_MEM:  [323, 150]
---------------------------------------
DEBUG    root:machine.py:309 INC 
TICK: 15660 PC:   1 ADDR:   0 MEM_OUT: 323 ACC: 323 BUFF: 323 DC: 0 FLAG_ZERO: False FLAG_LT: 0 FLAG_GT: 1
INPUT_PORT:  []
OUT_PORT:  []
DATA_MEM:  [323, 150]
---------------------------------------
DEBUG    root:machine.py:309 ST 0
TICK: 15663 PC:   2 ADDR:   0 MEM_OUT: 323 ACC: 324 BUFF: 323 DC: 0 FLAG_ZERO: False FLAG_LT: 0 FLAG_GT: 1
INPUT_PORT:  []
OUT_PORT:  []
DATA_MEM:  [323, 150]
---------------------------------------
DEBUG    root:machine.py:309 CMP 1000
TICK: 15667 PC:   3 ADDR:   0 MEM_OUT: 324 ACC: 324 BUFF: 323 DC: 0 FLAG_ZERO: False FLAG_LT: 0 FLAG_GT: 1
INPUT_PORT:  []
OUT_PORT:  []
DATA_MEM:  [324, 150]
---------------------------------------
DEBUG    root:machine.py:309 JGE 22
TICK: 15670 PC:   4 ADDR:   0 MEM_OUT: 324 ACC: 324 BUFF: 323 DC: 0 FLAG_ZERO: False FLAG_LT: 1 FLAG_GT: 0
INPUT_PORT:  []
OUT_PORT:  []
DATA_MEM:  [324, 150]
---------------------------------------
DEBUG    root:machine.py:309 LD 0
TICK: 15673 PC:   5 ADDR:   0 MEM_OUT: 324 ACC: 324 BUFF: 323 DC: 0 FLAG_ZERO: False FLAG_LT: 1 FLAG_GT: 0
INPUT_PORT:  []
OUT_PORT:  []
DATA_MEM:  [324, 150]
---------------------------------------
DEBUG    root:machine.py:309 MOD 3
TICK: 15677 PC:   6 ADDR:   0 MEM_OUT: 324 ACC: 324 BUFF: 323 DC: 0 FLAG_ZERO: False FLAG_LT: 1 FLAG_GT: 0
INPUT_PORT:  []
OUT_PORT:  []
DATA_MEM:  [324, 150]
---------------------------------------
DEBUG    root:machine.py:309 CMP 0
TICK: 15681 PC:   7 ADDR:   0 MEM_OUT: 324 ACC: 0 BUFF: 324 DC: 0 FLAG_ZERO: False FLAG_LT: 1 FLAG_GT: 0
INPUT_PORT:  []
OUT_PORT:  []
DATA_MEM:  [324, 150]
---------------------------------------
DEBUG    root:machine.py:309 JE 14
TICK: 15684 PC:   8 ADDR:   0 MEM_OUT: 324 ACC: 0 BUFF: 324 DC: 0 FLAG_ZERO: True FLAG_LT: 0 FLAG_GT: 0
INPUT_PORT:  []
OUT_PORT:  []
DATA_MEM:  [324, 150]
---------------------------------------
DEBUG    root:machine.py:309 LD 4
TICK: 15687 PC:  14 ADDR:   0 MEM_OUT: 324 ACC: 0 BUFF: 324 DC: 0 FLAG_ZERO: True FLAG_LT: 0 FLAG_GT: 0
INPUT_PORT:  []
OUT_PORT:  []
DATA_MEM:  [324, 150]
---------------------------------------
DEBUG    root:machine.py:309 INC 
TICK: 15691 PC:  15 ADDR:   1 MEM_OUT: 150 ACC: 150 BUFF: 324 DC: 0 FLAG_ZERO: True FLAG_LT: 0 FLAG_GT: 0
INPUT_PORT:  []
OUT_PORT:  []
DATA_MEM:  [324, 150]
---------------------------------------
DEBUG    root:machine.py:309 ST 4
TICK: 15694 PC:  16 ADDR:   1 MEM_OUT: 150 ACC: 151 BUFF: 324 DC: 0 FLAG_ZERO: True FLAG_LT: 0 FLAG_GT: 0
INPUT_PORT:  []
OUT_PORT:  []
DATA_MEM:  [324, 150]
---------------------------------------
DEBUG    root:machine.py:309 JMP 0
TICK: 15698 PC:  17 ADDR:   1 MEM_OUT: 151 ACC: 151 BUFF: 324 DC: 0 FLAG_ZERO: True FLAG_LT: 0 FLAG_GT: 0
INPUT_PORT:  []
OUT_PORT:  []
DATA_MEM:  [324, 151]
---------------------------------------
DEBUG    root:machine.py:309 LD 0
TICK: 15701 PC:   0 ADDR:   1 MEM_OUT: 151 ACC: 151 BUFF: 324 DC: 0 FLAG_ZERO: True FLAG_LT: 0 FLAG_GT: 0
INPUT_PORT:  []
OUT_PORT:  []
DATA_MEM:  [324, 151]
---------------------------------------
DEBUG    root:machine.py:309 INC 
TICK: 15705 PC:   1 ADDR:   0 MEM_OUT: 324 ACC: 324 BUFF: 324 DC: 0 FLAG_ZERO: True FLAG_LT: 0 FLAG_GT: 0
INPUT_PORT:  []
OUT_PORT:  []
DATA_MEM:  [324, 151]
---------------------------------------
DEBUG    root:machine.py:309 ST 0
TICK: 15708 PC:   2 ADDR:   0 MEM_OUT: 324 ACC: 325 BUFF: 324 DC: 0 FLAG_ZERO: True FLAG_LT: 0 FLAG_GT: 0
INPUT_PORT:  []
OUT_PORT:  []
DATA_MEM:  [324, 151]
---------------------------------------
DEBUG    root:machine.py:309 CMP 1000
TICK: 15712 PC:   3 ADDR:   0 MEM_OUT: 325 ACC: 325 BUFF: 324 DC: 0 FLAG_ZERO: True FLAG_LT: 0 FLAG_GT: 0
INPUT_PORT:  []
OUT_PORT:  []
DATA_MEM:  [325, 151]
---------------------------------------
DEBUG    root:machine.py:309 JGE 22
TICK: 15715 PC:   4 ADDR:   0 MEM_OUT: 325 ACC: 325 BUFF: 324 DC: 0 FLAG_ZERO: False FLAG_LT: 1 FLAG_GT: 0
INPUT_PORT:  []
OUT_PORT:  []
DATA_MEM:  [325, 151]
---------------------------------------
DEBUG    root:machine.py:309 LD 0
TICK: 15718 PC:   5 ADDR:   0 MEM_OUT: 325 ACC: 325 BUFF: 324 DC: 0 FLAG_ZERO: False FLAG_LT: 1 FLAG_GT: 0
INPUT_PORT:  []
OUT_PORT:  []
DATA_MEM:  [325, 151]
---------------------------------------
DEBUG    root:machine.py:309 MOD 3
TICK: 15722 PC:   6 ADDR:   0 MEM_OUT: 325 ACC: 325 BUFF: 324 DC: 0 FLAG_ZERO: False FLAG_LT: 1 FLAG_GT: 0
INPUT_PORT:  []
OUT_PORT:  []
DATA_MEM:  [325, 151]
---------------------------------------
DEBUG    root:machine.py:309 CMP 0
TICK: 15726 PC:   7 ADDR:   0 MEM_OUT: 325 ACC: 1 BUFF: 325 DC: 0 FLAG_ZERO: False FLAG_LT: 1 FLAG_GT: 0
INPUT_PORT:  []
OUT_PORT:  []
DATA_MEM:  [325, 151]
---------------------------------------
DEBUG    root:machine.py:309 JE 14
TICK: 15729 PC:   8 ADDR:   0 MEM_OUT: 325 ACC: 1 BUFF: 325 DC: 0 FLAG_ZERO: False FLAG_LT: 0 FLAG_GT: 1
INPUT_PORT:  []
OUT_PORT:  []
DATA_MEM:  [325, 151]
---------------------------------------
DEBUG    root:machine.py:309 LD 0
TICK: 15732 PC:   9 ADDR:   0 MEM_OUT: 325 ACC: 1 BUFF: 325 DC: 0 FLAG_ZERO: False FLAG_LT: 0 FLAG_GT: 1
INPUT_PORT:  []
OUT_PORT:  []
DATA_MEM:  [325, 151]
---------------------------------------
DEBUG    root:machine.py:309 MOD 5
TICK: 15736 PC:  10 ADDR:   0 MEM_OUT: 325 ACC: 325 BUFF: 325 DC: 0 FLAG_ZERO: False FLAG_LT: 0 FLAG_GT: 1
INPUT_PORT:  []
OUT_PORT:  []
DATA_MEM:  [325, 151]
---------------------------------------
DEBUG    root:machine.py:309 CMP 0
TICK: 15740 PC:  11 ADDR:   0 MEM_OUT: 325 ACC: 0 BUFF: 325 DC: 0 FLAG_ZERO: False FLAG_LT: 0 FLAG_GT: 1
INPUT_PORT:  []
OUT_PORT:  []
DATA_MEM:  [325, 151]
---------------------------------------
DEBUG    root:machine.py:309 JE 18
TICK: 15743 PC:  12 ADDR:   0 MEM_OUT: 325 ACC: 0 BUFF: 325 DC: 0 FLAG_ZERO: True FLAG_LT: 0 FLAG_GT: 0
INPUT_PORT:  []
OUT_PORT:  []
DATA_MEM:  [325, 151]
---------------------------------------
DEBUG    root:machine.py:309 LD 4
TICK: 15746 PC:  18 ADDR:   0 MEM_OUT: 325 ACC: 0 BUFF: 325 DC: 0 FLAG_ZERO: True FLAG_LT: 0 FLAG_GT: 0
INPUT_PORT:  []
OUT_PORT:  []
DATA_MEM:  [325, 151]
---------------------------------------
DEBUG    root:machine.py:309 INC 
TICK: 15750 PC:  19 ADDR:   1 MEM_OUT: 151 ACC: 151 BUFF: 325 DC: 0 FLAG_ZERO: True FLAG_LT: 0 FLAG_GT: 0
INPUT_PORT:  []
OUT_PORT:  []
DATA_MEM:  [325, 151]
---------------------------------------
DEBUG    root:machine.py:309 ST 4
TICK: 15753 PC:  20 ADDR:   1 MEM_OUT: 151 ACC: 152 BUFF: 325 DC: 0 FLAG_ZERO: True FLAG_LT: 0 FLAG_GT: 0
INPUT_PORT:  []
OUT_PORT:  []
DATA_MEM:  [325, 151]
---------------------------------------
DEBUG    root:machine.py:309 JMP 0
TICK: 15757 PC:  21 ADDR:   1 MEM_OUT: 152 ACC: 152 BUFF: 325 DC: 0 FLAG_ZERO: True FLAG_LT: 0 FLAG_GT: 0
INPUT_PORT:  []
OUT_PORT:  []
DATA_MEM:  [325, 152]
---------------------------------------
DEBUG    root:machine.py:309 LD 0
TICK: 15760 PC:   0 ADDR:   1 MEM_OUT: 152 ACC: 152 BUFF: 325 DC: 0 FLAG_ZERO: True FLAG_LT: 0 FLAG_GT: 0
INPUT_PORT:  []
OUT_PORT:  []
DATA_MEM:  [325, 152]
---------------------------------------
DEBUG    root:machine.py:309 INC 
TICK: 15764 PC:   1 ADDR:   0 MEM_OUT: 325 ACC: 325 BUFF: 325 DC: 0 FLAG_ZERO: True FLAG_LT: 0 FLAG_GT: 0
INPUT_PORT:  []
OUT_PORT:  []
DATA_MEM:  [325, 152]
---------------------------------------
DEBUG    root:machine.py:309 ST 0
TICK: 15767 PC:   2 ADDR:   0 MEM_OUT: 325 ACC: 326 BUFF: 325 DC: 0 FLAG_ZERO: True FLAG_LT: 0 FLAG_GT: 0
INPUT_PORT:  []
OUT_PORT:  []
DATA_MEM:  [325, 152]
---------------------------------------
DEBUG    root:machine.py:309 CMP 1000
TICK: 15771 PC:   3 ADDR:   0 MEM_OUT: 326 ACC: 326 BUFF: 325 DC: 0 FLAG_ZERO: True FLAG_LT: 0 FLAG_GT: 0
INPUT_PORT:  []
OUT_PORT:  []
DATA_MEM:  [326, 152]
---------------------------------------
DEBUG    root:machine.py:309 JGE 22
TICK: 15774 PC:   4 ADDR:   0 MEM_OUT: 326 ACC: 326 BUFF: 325 DC: 0 FLAG_ZERO: False FLAG_LT: 1 FLAG_GT: 0
INPUT_PORT:  []
OUT_PORT:  []
DATA_MEM:  [326, 152]
---------------------------------------
DEBUG    root:machine.py:309 LD 0
TICK: 15777 PC:   5 ADDR:   0 MEM_OUT: 326 ACC: 326 BUFF: 325 DC: 0 FLAG_ZERO: False FLAG_LT: 1 FLAG_GT: 0
INPUT_PORT:  []
OUT_PORT:  []
DATA_MEM:  [326, 152]
---------------------------------------
DEBUG    root:machine.py:309 MOD 3
TICK: 15781 PC:   6 ADDR:   0 MEM_OUT: 326 ACC: 326 BUFF: 325 DC: 0 FLAG_ZERO: False FLAG_LT: 1 FLAG_GT: 0
INPUT_PORT:  []
OUT_PORT:  []
DATA_MEM:  [326, 152]
---------------------------------------
DEBUG    root:machine.py:309 CMP 0
TICK: 15785 PC:   7 ADDR:   0 MEM_OUT: 326 ACC: 2 BUFF: 326 DC: 0 FLAG_ZERO: False FLAG_LT: 1 FLAG_GT: 0
INPUT_PORT:  []
OUT_PORT:  []
DATA_MEM:  [326, 152]
---------------------------------------
DEBUG    root:machine.py:309 JE 14
TICK: 15788 PC:   8 ADDR:   0 MEM_OUT: 326 ACC: 2 BUFF: 326 DC: 0 FLAG_ZERO: False FLAG_LT: 0 FLAG_GT: 1
INPUT_PORT:  []
OUT_PORT:  []
DATA_MEM:  [326, 152]
---------------------------------------
DEBUG    root:machine.py:309 LD 0
TICK: 15791 PC:   9 ADDR:   0 MEM_OUT: 326 ACC: 2 BUFF: 326 DC: 0 FLAG_ZERO: False FLAG_LT: 0 FLAG_GT: 1
INPUT_PORT:  []
OUT_PORT:  []
DATA_MEM:  [326, 152]
---------------------------------------
DEBUG    root:machine.py:309 MOD 5
TICK: 15795 PC:  10 ADDR:   0 MEM_OUT: 326 ACC: 326 BUFF: 326 DC: 0 FLAG_ZERO: False FLAG_LT: 0 FLAG_GT: 1
INPUT_PORT:  []
OUT_PORT:  []
DATA_MEM:  [326, 152]
---------------------------------------
DEBUG    root:machine.py:309 CMP 0
TICK: 15799 PC:  11 ADDR:   0 MEM_OUT: 326 ACC: 1 BUFF: 326 DC: 0 FLAG_ZERO: False FLAG_LT: 0 FLAG_GT: 1
INPUT_PORT:  []
OUT_PORT:  []
DATA_MEM:  [326, 152]
---------------------------------------
DEBUG    root:machine.py:309 JE 18
TICK: 15802 PC:  12 ADDR:   0 MEM_OUT: 326 ACC: 1 BUFF: 326 DC: 0 FLAG_ZERO: False FLAG_LT: 0 FLAG_GT: 1
INPUT_PORT:  []
OUT_PORT:  []
DATA_MEM:  [326, 152]
---------------------------------------
DEBUG    root:machine.py:309 JMP 0
TICK: 15805 PC:  13 ADDR:   0 MEM_OUT: 326 ACC: 1 BUFF: 326 DC: 0 FLAG_ZERO: False FLAG_LT: 0 FLAG_GT: 1
INPUT_PORT:  []
OUT_PORT:  []
DATA_MEM:  [326, 152]
---------------------------------------
DEBUG    root:machine.py:309 LD 0
TICK: 15808 PC:   0 ADDR:   0 MEM_OUT: 326 ACC: 1 BUFF: 326 DC: 0 FLAG_ZERO: False FLAG_LT: 0 FLAG_GT: 1
INPUT_PORT:  []
OUT_PORT:  []
DATA_MEM:  [326, 152]
---------------------------------------
DEBUG    root:machine.py:309 INC 
TICK: 15812 PC:   1 ADDR:   0 MEM_OUT: 326 ACC: 326 BUFF: 326 DC: 0 FLAG_ZERO: False FLAG_LT: 0 FLAG_GT: 1
INPUT_PORT:  []
OUT_PORT:  []
DATA_MEM:  [326, 152]
---------------------------------------
DEBUG    root:machine.py:309 ST 0
TICK: 15815 PC:   2 ADDR:   0 MEM_OUT: 326 ACC: 327 BUFF: 326 DC: 0 FLAG_ZERO: False FLAG_LT: 0 FLAG_GT: 1
INPUT_PORT:  []
OUT_PORT:  []
DATA_MEM:  [326, 152]
---------------------------------------
DEBUG    root:machine.py:309 CMP 1000
TICK: 15819 PC:   3 ADDR:   0 MEM_OUT: 327 ACC: 327 BUFF: 326 DC: 0 FLAG_ZERO: False FLAG_LT: 0 FLAG_GT: 1
INPUT_PORT:  []
OUT_PORT:  []
DATA_MEM:  [327, 152]
---------------------------------------
DEBUG    root:machine.py:309 JGE 22
TICK: 15822 PC:   4 ADDR:   0 MEM_OUT: 327 ACC: 327 BUFF: 326 DC: 0 FLAG_ZERO: False FLAG_LT: 1 FLAG_GT: 0
INPUT_PORT:  []
OUT_PORT:  []
DATA_MEM:  [327, 152]
---------------------------------------
DEBUG    root:machine.py:309 LD 0
TICK: 15825 PC:   5 ADDR:   0 MEM_OUT: 327 ACC: 327 BUFF: 326 DC: 0 FLAG_ZERO: False FLAG_LT: 1 FLAG_GT: 0
INPUT_PORT:  []
OUT_PORT:  []
DATA_MEM:  [327, 152]
---------------------------------------
DEBUG    root:machine.py:309 MOD 3
TICK: 15829 PC:   6 ADDR:   0 MEM_OUT: 327 ACC: 327 BUFF: 326 DC: 0 FLAG_ZERO: False FLAG_LT: 1 FLAG_GT: 0
INPUT_PORT:  []
OUT_PORT:  []
DATA_MEM:  [327, 152]
---------------------------------------
DEBUG    root:machine.py:309 CMP 0
TICK: 15833 PC:   7 ADDR:   0 MEM_OUT: 327 ACC: 0 BUFF: 327 DC: 0 FLAG_ZERO: False FLAG_LT: 1 FLAG_GT: 0
INPUT_PORT:  []
OUT_PORT:  []
DATA_MEM:  [327, 152]
---------------------------------------
DEBUG    root:machine.py:309 JE 14
TICK: 15836 PC:   8 ADDR:   0 MEM_OUT: 327 ACC: 0 BUFF: 327 DC: 0 FLAG_ZERO: True FLAG_LT: 0 FLAG_GT: 0
INPUT_PORT:  []
OUT_PORT:  []
DATA_MEM:  [327, 152]
---------------------------------------
DEBUG    root:machine.py:309 LD 4
TICK: 15839 PC:  14 ADDR:   0 MEM_OUT: 327 ACC: 0 BUFF: 327 DC: 0 FLAG_ZERO: True FLAG_LT: 0 FLAG_GT: 0
INPUT_PORT:  []
OUT_PORT:  []
DATA_MEM:  [327, 152]
---------------------------------------
DEBUG    root:machine.py:309 INC 
TICK: 15843 PC:  15 ADDR:   1 MEM_OUT: 152 ACC: 152 BUFF: 327 DC: 0 FLAG_ZERO: True FLAG_LT: 0 FLAG_GT: 0
INPUT_PORT:  []
OUT_PORT:  []
DATA_MEM:  [327, 152]
---------------------------------------
DEBUG    root:machine.py:309 ST 4
TICK: 15846 PC:  16 ADDR:   1 MEM_OUT: 152 ACC: 153 BUFF: 327 DC: 0 FLAG_ZERO: True FLAG_LT: 0 FLAG_GT: 0
INPUT_PORT:  []
OUT_PORT:  []
DATA_MEM:  [327, 152]
---------------------------------------
DEBUG    root:machine.py:309 JMP 0
TICK: 15850 PC:  17 ADDR:   1 MEM_OUT: 153 ACC: 153 BUFF: 327 DC: 0 FLAG_ZERO: True FLAG_LT: 0 FLAG_GT: 0
INPUT_PORT:  []
OUT_PORT:  []
DATA_MEM:  [327, 153]
---------------------------------------
DEBUG    root:machine.py:309 LD 0
TICK: 15853 PC:   0 ADDR:   1 MEM_OUT: 153 ACC: 153 BUFF: 327 DC: 0 FLAG_ZERO: True FLAG_LT: 0 FLAG_GT: 0
INPUT_PORT:  []
OUT_PORT:  []
DATA_MEM:  [327, 153]
---------------------------------------
DEBUG    root:machine.py:309 INC 
TICK: 15857 PC:   1 ADDR:   0 MEM_OUT: 327 ACC: 327 BUFF: 327 DC: 0 FLAG_ZERO: True FLAG_LT: 0 FLAG_GT: 0
INPUT_PORT:  []
OUT_PORT:  []
DATA_MEM:  [327, 153]
---------------------------------------
DEBUG    root:machine.py:309 ST 0
TICK: 15860 PC:   2 ADDR:   0 MEM_OUT: 327 ACC: 328 BUFF: 327 DC: 0 FLAG_ZERO: True FLAG_LT: 0 FLAG_GT: 0
INPUT_PORT:  []
OUT_PORT:  []
DATA_MEM:  [327, 153]
---------------------------------------
DEBUG    root:machine.py:309 CMP 1000
TICK: 15864 PC:   3 ADDR:   0 MEM_OUT: 328 ACC: 328 BUFF: 327 DC: 0 FLAG_ZERO: True FLAG_LT: 0 FLAG_GT: 0
INPUT_PORT:  []
OUT_PORT:  []
DATA_MEM:  [328, 153]
---------------------------------------
DEBUG    root:machine.py:309 JGE 22
TICK: 15867 PC:   4 ADDR:   0 MEM_OUT: 328 ACC: 328 BUFF: 327 DC: 0 FLAG_ZERO: False FLAG_LT: 1 FLAG_GT: 0
INPUT_PORT:  []
OUT_PORT:  []
DATA_MEM:  [328, 153]
---------------------------------------
DEBUG    root:machine.py:309 LD 0
TICK: 15870 PC:   5 ADDR:   0 MEM_OUT: 328 ACC: 328 BUFF: 327 DC: 0 FLAG_ZERO: False FLAG_LT: 1 FLAG_GT: 0
INPUT_PORT:  []
OUT_PORT:  []
DATA_MEM:  [328, 153]
---------------------------------------
DEBUG    root:machine.py:309 MOD 3
TICK: 15874 PC:   6 ADDR:   0 MEM_OUT: 328 ACC: 328 BUFF: 327 DC: 0 FLAG_ZERO: False FLAG_LT: 1 FLAG_GT: 0
INPUT_PORT:  []
OUT_PORT:  []
DATA_MEM:  [328, 153]
---------------------------------------
DEBUG    root:machine.py:309 CMP 0
TICK: 15878 PC:   7 ADDR:   0 MEM_OUT: 328 ACC: 1 BUFF: 328 DC: 0 FLAG_ZERO: False FLAG_LT: 1 FLAG_GT: 0
INPUT_PORT:  []
OUT_PORT:  []
DATA_MEM:  [328, 153]
---------------------------------------
DEBUG    root:machine.py:309 JE 14
TICK: 15881 PC:   8 ADDR:   0 MEM_OUT: 328 ACC: 1 BUFF: 328 DC: 0 FLAG_ZERO: False FLAG_LT: 0 FLAG_GT: 1
INPUT_PORT:  []
OUT_PORT:  []
DATA_MEM:  [328, 153]
---------------------------------------
DEBUG    root:machine.py:309 LD 0
TICK: 15884 PC:   9 ADDR:   0 MEM_OUT: 328 ACC: 1 BUFF: 328 DC: 0 FLAG_ZERO: False FLAG_LT: 0 FLAG_GT: 1
INPUT_PORT:  []
OUT_PORT:  []
DATA_MEM:  [328, 153]
---------------------------------------
DEBUG    root:machine.py:309 MOD 5
TICK: 15888 PC:  10 ADDR:   0 MEM_OUT: 328 ACC: 328 BUFF: 328 DC: 0 FLAG_ZERO: False FLAG_LT: 0 FLAG_GT: 1
INPUT_PORT:  []
OUT_PORT:  []
DATA_MEM:  [328, 153]
---------------------------------------
DEBUG    root:machine.py:309 CMP 0
TICK: 15892 PC:  11 ADDR:   0 MEM_OUT: 328 ACC: 3 BUFF: 328 DC: 0 FLAG_ZERO: False FLAG_LT: 0 FLAG_GT: 1
INPUT_PORT:  []
OUT_PORT:  []
DATA_MEM:  [328, 153]
---------------------------------------
DEBUG    root:machine.py:309 JE 18
TICK: 15895 PC:  12 ADDR:   0 MEM_OUT: 328 ACC: 3 BUFF: 328 DC: 0 FLAG_ZERO: False FLAG_LT: 0 FLAG_GT: 1
INPUT_PORT:  []
OUT_PORT:  []
DATA_MEM:  [328, 153]
---------------------------------------
DEBUG    root:machine.py:309 JMP 0
TICK: 15898 PC:  13 ADDR:   0 MEM_OUT: 328 ACC: 3 BUFF: 328 DC: 0 FLAG_ZERO: False FLAG_LT: 0 FLAG_GT: 1
INPUT_PORT:  []
OUT_PORT:  []
DATA_MEM:  [328, 153]
---------------------------------------
DEBUG    root:machine.py:309 LD 0
TICK: 15901 PC:   0 ADDR:   0 MEM_OUT: 328 ACC: 3 BUFF: 328 DC: 0 FLAG_ZERO: False FLAG_LT: 0 FLAG_GT: 1
INPUT_PORT:  []
OUT_PORT:  []
DATA_MEM:  [328, 153]
---------------------------------------
DEBUG    root:machine.py:309 INC 
TICK: 15905 PC:   1 ADDR:   0 MEM_OUT: 328 ACC: 328 BUFF: 328 DC: 0 FLAG_ZERO: False FLAG_LT: 0 FLAG_GT: 1
INPUT_PORT:  []
OUT_PORT:  []
DATA_MEM:  [328, 153]
---------------------------------------
DEBUG    root:machine.py:309 ST 0
TICK: 15908 PC:   2 ADDR:   0 MEM_OUT: 328 ACC: 329 BUFF: 328 DC: 0 FLAG_ZERO: False FLAG_LT: 0 FLAG_GT: 1
INPUT_PORT:  []
OUT_PORT:  []
DATA_MEM:  [328, 153]
---------------------------------------
DEBUG    root:machine.py:309 CMP 1000
TICK: 15912 PC:   3 ADDR:   0 MEM_OUT: 329 ACC: 329 BUFF: 328 DC: 0 FLAG_ZERO: False FLAG_LT: 0 FLAG_GT: 1
INPUT_PORT:  []
OUT_PORT:  []
DATA_MEM:  [329, 153]
---------------------------------------
DEBUG    root:machine.py:309 JGE 22
TICK: 15915 PC:   4 ADDR:   0 MEM_OUT: 329 ACC: 329 BUFF: 328 DC: 0 FLAG_ZERO: False FLAG_LT: 1 FLAG_GT: 0
INPUT_PORT:  []
OUT_PORT:  []
DATA_MEM:  [329, 153]
---------------------------------------
DEBUG    root:machine.py:309 LD 0
TICK: 15918 PC:   5 ADDR:   0 MEM_OUT: 329 ACC: 329 BUFF: 328 DC: 0 FLAG_ZERO: False FLAG_LT: 1 FLAG_GT: 0
INPUT_PORT:  []
OUT_PORT:  []
DATA_MEM:  [329, 153]
---------------------------------------
DEBUG    root:machine.py:309 MOD 3
TICK: 15922 PC:   6 ADDR:   0 MEM_OUT: 329 ACC: 329 BUFF: 328 DC: 0 FLAG_ZERO: False FLAG_LT: 1 FLAG_GT: 0
INPUT_PORT:  []
OUT_PORT:  []
DATA_MEM:  [329, 153]
---------------------------------------
DEBUG    root:machine.py:309 CMP 0
TICK: 15926 PC:   7 ADDR:   0 MEM_OUT: 329 ACC: 2 BUFF: 329 DC: 0 FLAG_ZERO: False FLAG_LT: 1 FLAG_GT: 0
INPUT_PORT:  []
OUT_PORT:  []
DATA_MEM:  [329, 153]
---------------------------------------
DEBUG    root:machine.py:309 JE 14
TICK: 15929 PC:   8 ADDR:   0 MEM_OUT: 329 ACC: 2 BUFF: 329 DC: 0 FLAG_ZERO: False FLAG_LT: 0 FLAG_GT: 1
INPUT_PORT:  []
OUT_PORT:  []
DATA_MEM:  [329, 153]
---------------------------------------
DEBUG    root:machine.py:309 LD 0
TICK: 15932 PC:   9 ADDR:   0 MEM_OUT: 329 ACC: 2 BUFF: 329 DC: 0 FLAG_ZERO: False FLAG_LT: 0 FLAG_GT: 1
INPUT_PORT:  []
OUT_PORT:  []
DATA_MEM:  [329, 153]
---------------------------------------
DEBUG    root:machine.py:309 MOD 5
TICK: 15936 PC:  10 ADDR:   0 MEM_OUT: 329 ACC: 329 BUFF: 329 DC: 0 FLAG_ZERO: False FLAG_LT: 0 FLAG_GT: 1
INPUT_PORT:  []
OUT_PORT:  []
DATA_MEM:  [329, 153]
---------------------------------------
DEBUG    root:machine.py:309 CMP 0
TICK: 15940 PC:  11 ADDR:   0 MEM_OUT: 329 ACC: 4 BUFF: 329 DC: 0 FLAG_ZERO: False FLAG_LT: 0 FLAG_GT: 1
INPUT_PORT:  []
OUT_PORT:  []
DATA_MEM:  [329, 153]
---------------------------------------
DEBUG    root:machine.py:309 JE 18
TICK: 15943 PC:  12 ADDR:   0 MEM_OUT: 329 ACC: 4 BUFF: 329 DC: 0 FLAG_ZERO: False FLAG_LT: 0 FLAG_GT: 1
INPUT_PORT:  []
OUT_PORT:  []
DATA_MEM:  [329, 153]
---------------------------------------
DEBUG    root:machine.py:309 JMP 0
TICK: 15946 PC:  13 ADDR:   0 MEM_OUT: 329 ACC: 4 BUFF: 329 DC: 0 FLAG_ZERO: False FLAG_LT: 0 FLAG_GT: 1
INPUT_PORT:  []
OUT_PORT:  []
DATA_MEM:  [329, 153]
---------------------------------------
DEBUG    root:machine.py:309 LD 0
TICK: 15949 PC:   0 ADDR:   0 MEM_OUT: 329 ACC: 4 BUFF: 329 DC: 0 FLAG_ZERO: False FLAG_LT: 0 FLAG_GT: 1
INPUT_PORT:  []
OUT_PORT:  []
DATA_MEM:  [329, 153]
---------------------------------------
DEBUG    root:machine.py:309 INC 
TICK: 15953 PC:   1 ADDR:   0 MEM_OUT: 329 ACC: 329 BUFF: 329 DC: 0 FLAG_ZERO: False FLAG_LT: 0 FLAG_GT: 1
INPUT_PORT:  []
OUT_PORT:  []
DATA_MEM:  [329, 153]
---------------------------------------
DEBUG    root:machine.py:309 ST 0
TICK: 15956 PC:   2 ADDR:   0 MEM_OUT: 329 ACC: 330 BUFF: 329 DC: 0 FLAG_ZERO: False FLAG_LT: 0 FLAG_GT: 1
INPUT_PORT:  []
OUT_PORT:  []
DATA_MEM:  [329, 153]
---------------------------------------
DEBUG    root:machine.py:309 CMP 1000
TICK: 15960 PC:   3 ADDR:   0 MEM_OUT: 330 ACC: 330 BUFF: 329 DC: 0 FLAG_ZERO: False FLAG_LT: 0 FLAG_GT: 1
INPUT_PORT:  []
OUT_PORT:  []
DATA_MEM:  [330, 153]
---------------------------------------
DEBUG    root:machine.py:309 JGE 22
TICK: 15963 PC:   4 ADDR:   0 MEM_OUT: 330 ACC: 330 BUFF: 329 DC: 0 FLAG_ZERO: False FLAG_LT: 1 FLAG_GT: 0
INPUT_PORT:  []
OUT_PORT:  []
DATA_MEM:  [330, 153]
---------------------------------------
DEBUG    root:machine.py:309 LD 0
TICK: 15966 PC:   5 ADDR:   0 MEM_OUT: 330 ACC: 330 BUFF: 329 DC: 0 FLAG_ZERO: False FLAG_LT: 1 FLAG_GT: 0
INPUT_PORT:  []
OUT_PORT:  []
DATA_MEM:  [330, 153]
---------------------------------------
DEBUG    root:machine.py:309 MOD 3
TICK: 15970 PC:   6 ADDR:   0 MEM_OUT: 330 ACC: 330 BUFF: 329 DC: 0 FLAG_ZERO: False FLAG_LT: 1 FLAG_GT: 0
INPUT_PORT:  []
OUT_PORT:  []
DATA_MEM:  [330, 153]
---------------------------------------
DEBUG    root:machine.py:309 CMP 0
TICK: 15974 PC:   7 ADDR:   0 MEM_OUT: 330 ACC: 0 BUFF: 330 DC: 0 FLAG_ZERO: False FLAG_LT: 1 FLAG_GT: 0
INPUT_PORT:  []
OUT_PORT:  []
DATA_MEM:  [330, 153]
---------------------------------------
DEBUG    root:machine.py:309 JE 14
TICK: 15977 PC:   8 ADDR:   0 MEM_OUT: 330 ACC: 0 BUFF: 330 DC: 0 FLAG_ZERO: True FLAG_LT: 0 FLAG_GT: 0
INPUT_PORT:  []
OUT_PORT:  []
DATA_MEM:  [330, 153]
---------------------------------------
DEBUG    root:machine.py:309 LD 4
TICK: 15980 PC:  14 ADDR:   0 MEM_OUT: 330 ACC: 0 BUFF: 330 DC: 0 FLAG_ZERO: True FLAG_LT: 0 FLAG_GT: 0
INPUT_PORT:  []
OUT_PORT:  []
DATA_MEM:  [330, 153]
---------------------------------------
DEBUG    root:machine.py:309 INC 
TICK: 15984 PC:  15 ADDR:   1 MEM_OUT: 153 ACC: 153 BUFF: 330 DC: 0 FLAG_ZERO: True FLAG_LT: 0 FLAG_GT: 0
INPUT_PORT:  []
OUT_PORT:  []
DATA_MEM:  [330, 153]
---------------------------------------
DEBUG    root:machine.py:309 ST 4
TICK: 15987 PC:  16 ADDR:   1 MEM_OUT: 153 ACC: 154 BUFF: 330 DC: 0 FLAG_ZERO: True FLAG_LT: 0 FLAG_GT: 0
INPUT_PORT:  []
OUT_PORT:  []
DATA_MEM:  [330, 153]
---------------------------------------
DEBUG    root:machine.py:309 JMP 0
TICK: 15991 PC:  17 ADDR:   1 MEM_OUT: 154 ACC: 154 BUFF: 330 DC: 0 FLAG_ZERO: True FLAG_LT: 0 FLAG_GT: 0
INPUT_PORT:  []
OUT_PORT:  []
DATA_MEM:  [330, 154]
---------------------------------------
DEBUG    root:machine.py:309 LD 0
TICK: 15994 PC:   0 ADDR:   1 MEM_OUT: 154 ACC: 154 BUFF: 330 DC: 0 FLAG_ZERO: True FLAG_LT: 0 FLAG_GT: 0
INPUT_PORT:  []
OUT_PORT:  []
DATA_MEM:  [330, 154]
---------------------------------------
DEBUG    root:machine.py:309 INC 
TICK: 15998 PC:   1 ADDR:   0 MEM_OUT: 330 ACC: 330 BUFF: 330 DC: 0 FLAG_ZERO: True FLAG_LT: 0 FLAG_GT: 0
INPUT_PORT:  []
OUT_PORT:  []
DATA_MEM:  [330, 154]
---------------------------------------
DEBUG    root:machine.py:309 ST 0
TICK: 16001 PC:   2 ADDR:   0 MEM_OUT: 330 ACC: 331 BUFF: 330 DC: 0 FLAG_ZERO: True FLAG_LT: 0 FLAG_GT: 0
INPUT_PORT:  []
OUT_PORT:  []
DATA_MEM:  [330, 154]
---------------------------------------
DEBUG    root:machine.py:309 CMP 1000
TICK: 16005 PC:   3 ADDR:   0 MEM_OUT: 331 ACC: 331 BUFF: 330 DC: 0 FLAG_ZERO: True FLAG_LT: 0 FLAG_GT: 0
INPUT_PORT:  []
OUT_PORT:  []
DATA_MEM:  [331, 154]
---------------------------------------
DEBUG    root:machine.py:309 JGE 22
TICK: 16008 PC:   4 ADDR:   0 MEM_OUT: 331 ACC: 331 BUFF: 330 DC: 0 FLAG_ZERO: False FLAG_LT: 1 FLAG_GT: 0
INPUT_PORT:  []
OUT_PORT:  []
DATA_MEM:  [331, 154]
---------------------------------------
DEBUG    root:machine.py:309 LD 0
TICK: 16011 PC:   5 ADDR:   0 MEM_OUT: 331 ACC: 331 BUFF: 330 DC: 0 FLAG_ZERO: False FLAG_LT: 1 FLAG_GT: 0
INPUT_PORT:  []
OUT_PORT:  []
DATA_MEM:  [331, 154]
---------------------------------------
DEBUG    root:machine.py:309 MOD 3
TICK: 16015 PC:   6 ADDR:   0 MEM_OUT: 331 ACC: 331 BUFF: 330 DC: 0 FLAG_ZERO: False FLAG_LT: 1 FLAG_GT: 0
INPUT_PORT:  []
OUT_PORT:  []
DATA_MEM:  [331, 154]
---------------------------------------
DEBUG    root:machine.py:309 CMP 0
TICK: 16019 PC:   7 ADDR:   0 MEM_OUT: 331 ACC: 1 BUFF: 331 DC: 0 FLAG_ZERO: False FLAG_LT: 1 FLAG_GT: 0
INPUT_PORT:  []
OUT_PORT:  []
DATA_MEM:  [331, 154]
---------------------------------------
DEBUG    root:machine.py:309 JE 14
TICK: 16022 PC:   8 ADDR:   0 MEM_OUT: 331 ACC: 1 BUFF: 331 DC: 0 FLAG_ZERO: False FLAG_LT: 0 FLAG_GT: 1
INPUT_PORT:  []
OUT_PORT:  []
DATA_MEM:  [331, 154]
---------------------------------------
DEBUG    root:machine.py:309 LD 0
TICK: 16025 PC:   9 ADDR:   0 MEM_OUT: 331 ACC: 1 BUFF: 331 DC: 0 FLAG_ZERO: False FLAG_LT: 0 FLAG_GT: 1
INPUT_PORT:  []
OUT_PORT:  []
DATA_MEM:  [331, 154]
---------------------------------------
DEBUG    root:machine.py:309 MOD 5
TICK: 16029 PC:  10 ADDR:   0 MEM_OUT: 331 ACC: 331 BUFF: 331 DC: 0 FLAG_ZERO: False FLAG_LT: 0 FLAG_GT: 1
INPUT_PORT:  []
OUT_PORT:  []
DATA_MEM:  [331, 154]
---------------------------------------
DEBUG    root:machine.py:309 CMP 0
TICK: 16033 PC:  11 ADDR:   0 MEM_OUT: 331 ACC: 1 BUFF: 331 DC: 0 FLAG_ZERO: False FLAG_LT: 0 FLAG_GT: 1
INPUT_PORT:  []
OUT_PORT:  []
DATA_MEM:  [331, 154]
---------------------------------------
DEBUG    root:machine.py:309 JE 18
TICK: 16036 PC:  12 ADDR:   0 MEM_OUT: 331 ACC: 1 BUFF: 331 DC: 0 FLAG_ZERO: False FLAG_LT: 0 FLAG_GT: 1
INPUT_PORT:  []
OUT_PORT:  []
DATA_MEM:  [331, 154]
---------------------------------------
DEBUG    root:machine.py:309 JMP 0
TICK: 16039 PC:  13 ADDR:   0 MEM_OUT: 331 ACC: 1 BUFF: 331 DC: 0 FLAG_ZERO: False FLAG_LT: 0 FLAG_GT: 1
INPUT_PORT:  []
OUT_PORT:  []
DATA_MEM:  [331, 154]
---------------------------------------
DEBUG    root:machine.py:309 LD 0
TICK: 16042 PC:   0 ADDR:   0 MEM_OUT: 331 ACC: 1 BUFF: 331 DC: 0 FLAG_ZERO: False FLAG_LT: 0 FLAG_GT: 1
INPUT_PORT:  []
OUT_PORT:  []
DATA_MEM:  [331, 154]
---------------------------------------
DEBUG    root:machine.py:309 INC 
TICK: 16046 PC:   1 ADDR:   0 MEM_OUT: 331 ACC: 331 BUFF: 331 DC: 0 FLAG_ZERO: False FLAG_LT: 0 FLAG_GT: 1
INPUT_PORT:  []
OUT_PORT:  []
DATA_MEM:  [331, 154]
---------------------------------------
DEBUG    root:machine.py:309 ST 0
TICK: 16049 PC:   2 ADDR:   0 MEM_OUT: 331 ACC: 332 BUFF: 331 DC: 0 FLAG_ZERO: False FLAG_LT: 0 FLAG_GT: 1
INPUT_PORT:  []
OUT_PORT:  []
DATA_MEM:  [331, 154]
---------------------------------------
DEBUG    root:machine.py:309 CMP 1000
TICK: 16053 PC:   3 ADDR:   0 MEM_OUT: 332 ACC: 332 BUFF: 331 DC: 0 FLAG_ZERO: False FLAG_LT: 0 FLAG_GT: 1
INPUT_PORT:  []
OUT_PORT:  []
DATA_MEM:  [332, 154]
---------------------------------------
DEBUG    root:machine.py:309 JGE 22
TICK: 16056 PC:   4 ADDR:   0 MEM_OUT: 332 ACC: 332 BUFF: 331 DC: 0 FLAG_ZERO: False FLAG_LT: 1 FLAG_GT: 0
INPUT_PORT:  []
OUT_PORT:  []
DATA_MEM:  [332, 154]
---------------------------------------
DEBUG    root:machine.py:309 LD 0
TICK: 16059 PC:   5 ADDR:   0 MEM_OUT: 332 ACC: 332 BUFF: 331 DC: 0 FLAG_ZERO: False FLAG_LT: 1 FLAG_GT: 0
INPUT_PORT:  []
OUT_PORT:  []
DATA_MEM:  [332, 154]
---------------------------------------
DEBUG    root:machine.py:309 MOD 3
TICK: 16063 PC:   6 ADDR:   0 MEM_OUT: 332 ACC: 332 BUFF: 331 DC: 0 FLAG_ZERO: False FLAG_LT: 1 FLAG_GT: 0
INPUT_PORT:  []
OUT_PORT:  []
DATA_MEM:  [332, 154]
---------------------------------------
DEBUG    root:machine.py:309 CMP 0
TICK: 16067 PC:   7 ADDR:   0 MEM_OUT: 332 ACC: 2 BUFF: 332 DC: 0 FLAG_ZERO: False FLAG_LT: 1 FLAG_GT: 0
INPUT_PORT:  []
OUT_PORT:  []
DATA_MEM:  [332, 154]
---------------------------------------
DEBUG    root:machine.py:309 JE 14
TICK: 16070 PC:   8 ADDR:   0 MEM_OUT: 332 ACC: 2 BUFF: 332 DC: 0 FLAG_ZERO: False FLAG_LT: 0 FLAG_GT: 1
INPUT_PORT:  []
OUT_PORT:  []
DATA_MEM:  [332, 154]
---------------------------------------
DEBUG    root:machine.py:309 LD 0
TICK: 16073 PC:   9 ADDR:   0 MEM_OUT: 332 ACC: 2 BUFF: 332 DC: 0 FLAG_ZERO: False FLAG_LT: 0 FLAG_GT: 1
INPUT_PORT:  []
OUT_PORT:  []
DATA_MEM:  [332, 154]
---------------------------------------
DEBUG    root:machine.py:309 MOD 5
TICK: 16077 PC:  10 ADDR:   0 MEM_OUT: 332 ACC: 332 BUFF: 332 DC: 0 FLAG_ZERO: False FLAG_LT: 0 FLAG_GT: 1
INPUT_PORT:  []
OUT_PORT:  []
DATA_MEM:  [332, 154]
---------------------------------------
DEBUG    root:machine.py:309 CMP 0
TICK: 16081 PC:  11 ADDR:   0 MEM_OUT: 332 ACC: 2 BUFF: 332 DC: 0 FLAG_ZERO: False FLAG_LT: 0 FLAG_GT: 1
INPUT_PORT:  []
OUT_PORT:  []
DATA_MEM:  [332, 154]
---------------------------------------
DEBUG    root:machine.py:309 JE 18
TICK: 16084 PC:  12 ADDR:   0 MEM_OUT: 332 ACC: 2 BUFF: 332 DC: 0 FLAG_ZERO: False FLAG_LT: 0 FLAG_GT: 1
INPUT_PORT:  []
OUT_PORT:  []
DATA_MEM:  [332, 154]
---------------------------------------
DEBUG    root:machine.py:309 JMP 0
TICK: 16087 PC:  13 ADDR:   0 MEM_OUT: 332 ACC: 2 BUFF: 332 DC: 0 FLAG_ZERO: False FLAG_LT: 0 FLAG_GT: 1
INPUT_PORT:  []
OUT_PORT:  []
DATA_MEM:  [332, 154]
---------------------------------------
DEBUG    root:machine.py:309 LD 0
TICK: 16090 PC:   0 ADDR:   0 MEM_OUT: 332 ACC: 2 BUFF: 332 DC: 0 FLAG_ZERO: False FLAG_LT: 0 FLAG_GT: 1
INPUT_PORT:  []
OUT_PORT:  []
DATA_MEM:  [332, 154]
---------------------------------------
DEBUG    root:machine.py:309 INC 
TICK: 16094 PC:   1 ADDR:   0 MEM_OUT: 332 ACC: 332 BUFF: 332 DC: 0 FLAG_ZERO: False FLAG_LT: 0 FLAG_GT: 1
INPUT_PORT:  []
OUT_PORT:  []
DATA_MEM:  [332, 154]
---------------------------------------
DEBUG    root:machine.py:309 ST 0
TICK: 16097 PC:   2 ADDR:   0 MEM_OUT: 332 ACC: 333 BUFF: 332 DC: 0 FLAG_ZERO: False FLAG_LT: 0 FLAG_GT: 1
INPUT_PORT:  []
OUT_PORT:  []
DATA_MEM:  [332, 154]
---------------------------------------
DEBUG    root:machine.py:309 CMP 1000
TICK: 16101 PC:   3 ADDR:   0 MEM_OUT: 333 ACC: 333 BUFF: 332 DC: 0 FLAG_ZERO: False FLAG_LT: 0 FLAG_GT: 1
INPUT_PORT:  []
OUT_PORT:  []
DATA_MEM:  [333, 154]
---------------------------------------
DEBUG    root:machine.py:309 JGE 22
TICK: 16104 PC:   4 ADDR:   0 MEM_OUT: 333 ACC: 333 BUFF: 332 DC: 0 FLAG_ZERO: False FLAG_LT: 1 FLAG_GT: 0
INPUT_PORT:  []
OUT_PORT:  []
DATA_MEM:  [333, 154]
---------------------------------------
DEBUG    root:machine.py:309 LD 0
TICK: 16107 PC:   5 ADDR:   0 MEM_OUT: 333 ACC: 333 BUFF: 332 DC: 0 FLAG_ZERO: False FLAG_LT: 1 FLAG_GT: 0
INPUT_PORT:  []
OUT_PORT:  []
DATA_MEM:  [333, 154]
---------------------------------------
DEBUG    root:machine.py:309 MOD 3
TICK: 16111 PC:   6 ADDR:   0 MEM_OUT: 333 ACC: 333 BUFF: 332 DC: 0 FLAG_ZERO: False FLAG_LT: 1 FLAG_GT: 0
INPUT_PORT:  []
OUT_PORT:  []
DATA_MEM:  [333, 154]
---------------------------------------
DEBUG    root:machine.py:309 CMP 0
TICK: 16115 PC:   7 ADDR:   0 MEM_OUT: 333 ACC: 0 BUFF: 333 DC: 0 FLAG_ZERO: False FLAG_LT: 1 FLAG_GT: 0
INPUT_PORT:  []
OUT_PORT:  []
DATA_MEM:  [333, 154]
---------------------------------------
DEBUG    root:machine.py:309 JE 14
TICK: 16118 PC:   8 ADDR:   0 MEM_OUT: 333 ACC: 0 BUFF: 333 DC: 0 FLAG_ZERO: True FLAG_LT: 0 FLAG_GT: 0
INPUT_PORT:  []
OUT_PORT:  []
DATA_MEM:  [333, 154]
---------------------------------------
DEBUG    root:machine.py:309 LD 4
TICK: 16121 PC:  14 ADDR:   0 MEM_OUT: 333 ACC: 0 BUFF: 333 DC: 0 FLAG_ZERO: True FLAG_LT: 0 FLAG_GT: 0
INPUT_PORT:  []
OUT_PORT:  []
DATA_MEM:  [333, 154]
---------------------------------------
DEBUG    root:machine.py:309 INC 
TICK: 16125 PC:  15 ADDR:   1 MEM_OUT: 154 ACC: 154 BUFF: 333 DC: 0 FLAG_ZERO: True FLAG_LT: 0 FLAG_GT: 0
INPUT_PORT:  []
OUT_PORT:  []
DATA_MEM:  [333, 154]
---------------------------------------
DEBUG    root:machine.py:309 ST 4
TICK: 16128 PC:  16 ADDR:   1 MEM_OUT: 154 ACC: 155 BUFF: 333 DC: 0 FLAG_ZERO: True FLAG_LT: 0 FLAG_GT: 0
INPUT_PORT:  []
OUT_PORT:  []
DATA_MEM:  [333, 154]
---------------------------------------
DEBUG    root:machine.py:309 JMP 0
TICK: 16132 PC:  17 ADDR:   1 MEM_OUT: 155 ACC: 155 BUFF: 333 DC: 0 FLAG_ZERO: True FLAG_LT: 0 FLAG_GT: 0
INPUT_PORT:  []
OUT_PORT:  []
DATA_MEM:  [333, 155]
---------------------------------------
DEBUG    root:machine.py:309 LD 0
TICK: 16135 PC:   0 ADDR:   1 MEM_OUT: 155 ACC: 155 BUFF: 333 DC: 0 FLAG_ZERO: True FLAG_LT: 0 FLAG_GT: 0
INPUT_PORT:  []
OUT_PORT:  []
DATA_MEM:  [333, 155]
---------------------------------------
DEBUG    root:machine.py:309 INC 
TICK: 16139 PC:   1 ADDR:   0 MEM_OUT: 333 ACC: 333 BUFF: 333 DC: 0 FLAG_ZERO: True FLAG_LT: 0 FLAG_GT: 0
INPUT_PORT:  []
OUT_PORT:  []
DATA_MEM:  [333, 155]
---------------------------------------
DEBUG    root:machine.py:309 ST 0
TICK: 16142 PC:   2 ADDR:   0 MEM_OUT: 333 ACC: 334 BUFF: 333 DC: 0 FLAG_ZERO: True FLAG_LT: 0 FLAG_GT: 0
INPUT_PORT:  []
OUT_PORT:  []
DATA_MEM:  [333, 155]
---------------------------------------
DEBUG    root:machine.py:309 CMP 1000
TICK: 16146 PC:   3 ADDR:   0 MEM_OUT: 334 ACC: 334 BUFF: 333 DC: 0 FLAG_ZERO: True FLAG_LT: 0 FLAG_GT: 0
INPUT_PORT:  []
OUT_PORT:  []
DATA_MEM:  [334, 155]
---------------------------------------
DEBUG    root:machine.py:309 JGE 22
TICK: 16149 PC:   4 ADDR:   0 MEM_OUT: 334 ACC: 334 BUFF: 333 DC: 0 FLAG_ZERO: False FLAG_LT: 1 FLAG_GT: 0
INPUT_PORT:  []
OUT_PORT:  []
DATA_MEM:  [334, 155]
---------------------------------------
DEBUG    root:machine.py:309 LD 0
TICK: 16152 PC:   5 ADDR:   0 MEM_OUT: 334 ACC: 334 BUFF: 333 DC: 0 FLAG_ZERO: False FLAG_LT: 1 FLAG_GT: 0
INPUT_PORT:  []
OUT_PORT:  []
DATA_MEM:  [334, 155]
---------------------------------------
DEBUG    root:machine.py:309 MOD 3
TICK: 16156 PC:   6 ADDR:   0 MEM_OUT: 334 ACC: 334 BUFF: 333 DC: 0 FLAG_ZERO: False FLAG_LT: 1 FLAG_GT: 0
INPUT_PORT:  []
OUT_PORT:  []
DATA_MEM:  [334, 155]
---------------------------------------
DEBUG    root:machine.py:309 CMP 0
TICK: 16160 PC:   7 ADDR:   0 MEM_OUT: 334 ACC: 1 BUFF: 334 DC: 0 FLAG_ZERO: False FLAG_LT: 1 FLAG_GT: 0
INPUT_PORT:  []
OUT_PORT:  []
DATA_MEM:  [334, 155]
---------------------------------------
DEBUG    root:machine.py:309 JE 14
TICK: 16163 PC:   8 ADDR:   0 MEM_OUT: 334 ACC: 1 BUFF: 334 DC: 0 FLAG_ZERO: False FLAG_LT: 0 FLAG_GT: 1
INPUT_PORT:  []
OUT_PORT:  []
DATA_MEM:  [334, 155]
---------------------------------------
DEBUG    root:machine.py:309 LD 0
TICK: 16166 PC:   9 ADDR:   0 MEM_OUT: 334 ACC: 1 BUFF: 334 DC: 0 FLAG_ZERO: False FLAG_LT: 0 FLAG_GT: 1
INPUT_PORT:  []
OUT_PORT:  []
DATA_MEM:  [334, 155]
---------------------------------------
DEBUG    root:machine.py:309 MOD 5
TICK: 16170 PC:  10 ADDR:   0 MEM_OUT: 334 ACC: 334 BUFF: 334 DC: 0 FLAG_ZERO: False FLAG_LT: 0 FLAG_GT: 1
INPUT_PORT:  []
OUT_PORT:  []
DATA_MEM:  [334, 155]
---------------------------------------
DEBUG    root:machine.py:309 CMP 0
TICK: 16174 PC:  11 ADDR:   0 MEM_OUT: 334 ACC: 4 BUFF: 334 DC: 0 FLAG_ZERO: False FLAG_LT: 0 FLAG_GT: 1
INPUT_PORT:  []
OUT_PORT:  []
DATA_MEM:  [334, 155]
---------------------------------------
DEBUG    root:machine.py:309 JE 18
TICK: 16177 PC:  12 ADDR:   0 MEM_OUT: 334 ACC: 4 BUFF: 334 DC: 0 FLAG_ZERO: False FLAG_LT: 0 FLAG_GT: 1
INPUT_PORT:  []
OUT_PORT:  []
DATA_MEM:  [334, 155]
---------------------------------------
DEBUG    root:machine.py:309 JMP 0
TICK: 16180 PC:  13 ADDR:   0 MEM_OUT: 334 ACC: 4 BUFF: 334 DC: 0 FLAG_ZERO: False FLAG_LT: 0 FLAG_GT: 1
INPUT_PORT:  []
OUT_PORT:  []
DATA_MEM:  [334, 155]
---------------------------------------
DEBUG    root:machine.py:309 LD 0
TICK: 16183 PC:   0 ADDR:   0 MEM_OUT: 334 ACC: 4 BUFF: 334 DC: 0 FLAG_ZERO: False FLAG_LT: 0 FLAG_GT: 1
INPUT_PORT:  []
OUT_PORT:  []
DATA_MEM:  [334, 155]
---------------------------------------
DEBUG    root:machine.py:309 INC 
TICK: 16187 PC:   1 ADDR:   0 MEM_OUT: 334 ACC: 334 BUFF: 334 DC: 0 FLAG_ZERO: False FLAG_LT: 0 FLAG_GT: 1
INPUT_PORT:  []
OUT_PORT:  []
DATA_MEM:  [334, 155]
---------------------------------------
DEBUG    root:machine.py:309 ST 0
TICK: 16190 PC:   2 ADDR:   0 MEM_OUT: 334 ACC: 335 BUFF: 334 DC: 0 FLAG_ZERO: False FLAG_LT: 0 FLAG_GT: 1
INPUT_PORT:  []
OUT_PORT:  []
DATA_MEM:  [334, 155]
---------------------------------------
DEBUG    root:machine.py:309 CMP 1000
TICK: 16194 PC:   3 ADDR:   0 MEM_OUT: 335 ACC: 335 BUFF: 334 DC: 0 FLAG_ZERO: False FLAG_LT: 0 FLAG_GT: 1
INPUT_PORT:  []
OUT_PORT:  []
DATA_MEM:  [335, 155]
---------------------------------------
DEBUG    root:machine.py:309 JGE 22
TICK: 16197 PC:   4 ADDR:   0 MEM_OUT: 335 ACC: 335 BUFF: 334 DC: 0 FLAG_ZERO: False FLAG_LT: 1 FLAG_GT: 0
INPUT_PORT:  []
OUT_PORT:  []
DATA_MEM:  [335, 155]
---------------------------------------
DEBUG    root:machine.py:309 LD 0
TICK: 16200 PC:   5 ADDR:   0 MEM_OUT: 335 ACC: 335 BUFF: 334 DC: 0 FLAG_ZERO: False FLAG_LT: 1 FLAG_GT: 0
INPUT_PORT:  []
OUT_PORT:  []
DATA_MEM:  [335, 155]
---------------------------------------
DEBUG    root:machine.py:309 MOD 3
TICK: 16204 PC:   6 ADDR:   0 MEM_OUT: 335 ACC: 335 BUFF: 334 DC: 0 FLAG_ZERO: False FLAG_LT: 1 FLAG_GT: 0
INPUT_PORT:  []
OUT_PORT:  []
DATA_MEM:  [335, 155]
---------------------------------------
DEBUG    root:machine.py:309 CMP 0
TICK: 16208 PC:   7 ADDR:   0 MEM_OUT: 335 ACC: 2 BUFF: 335 DC: 0 FLAG_ZERO: False FLAG_LT: 1 FLAG_GT: 0
INPUT_PORT:  []
OUT_PORT:  []
DATA_MEM:  [335, 155]
---------------------------------------
DEBUG    root:machine.py:309 JE 14
TICK: 16211 PC:   8 ADDR:   0 MEM_OUT: 335 ACC: 2 BUFF: 335 DC: 0 FLAG_ZERO: False FLAG_LT: 0 FLAG_GT: 1
INPUT_PORT:  []
OUT_PORT:  []
DATA_MEM:  [335, 155]
---------------------------------------
DEBUG    root:machine.py:309 LD 0
TICK: 16214 PC:   9 ADDR:   0 MEM_OUT: 335 ACC: 2 BUFF: 335 DC: 0 FLAG_ZERO: False FLAG_LT: 0 FLAG_GT: 1
INPUT_PORT:  []
OUT_PORT:  []
DATA_MEM:  [335, 155]
---------------------------------------
DEBUG    root:machine.py:309 MOD 5
TICK: 16218 PC:  10 ADDR:   0 MEM_OUT: 335 ACC: 335 BUFF: 335 DC: 0 FLAG_ZERO: False FLAG_LT: 0 FLAG_GT: 1
INPUT_PORT:  []
OUT_PORT:  []
DATA_MEM:  [335, 155]
---------------------------------------
DEBUG    root:machine.py:309 CMP 0
TICK: 16222 PC:  11 ADDR:   0 MEM_OUT: 335 ACC: 0 BUFF: 335 DC: 0 FLAG_ZERO: False FLAG_LT: 0 FLAG_GT: 1
INPUT_PORT:  []
OUT_PORT:  []
DATA_MEM:  [335, 155]
---------------------------------------
DEBUG    root:machine.py:309 JE 18
TICK: 16225 PC:  12 ADDR:   0 MEM_OUT: 335 ACC: 0 BUFF: 335 DC: 0 FLAG_ZERO: True FLAG_LT: 0 FLAG_GT: 0
INPUT_PORT:  []
OUT_PORT:  []
DATA_MEM:  [335, 155]
---------------------------------------
DEBUG    root:machine.py:309 LD 4
TICK: 16228 PC:  18 ADDR:   0 MEM_OUT: 335 ACC: 0 BUFF: 335 DC: 0 FLAG_ZERO: True FLAG_LT: 0 FLAG_GT: 0
INPUT_PORT:  []
OUT_PORT:  []
DATA_MEM:  [335, 155]
---------------------------------------
DEBUG    root:machine.py:309 INC 
TICK: 16232 PC:  19 ADDR:   1 MEM_OUT: 155 ACC: 155 BUFF: 335 DC: 0 FLAG_ZERO: True FLAG_LT: 0 FLAG_GT: 0
INPUT_PORT:  []
OUT_PORT:  []
DATA_MEM:  [335, 155]
---------------------------------------
DEBUG    root:machine.py:309 ST 4
TICK: 16235 PC:  20 ADDR:   1 MEM_OUT: 155 ACC: 156 BUFF: 335 DC: 0 FLAG_ZERO: True FLAG_LT: 0 FLAG_GT: 0
INPUT_PORT:  []
OUT_PORT:  []
DATA_MEM:  [335, 155]
---------------------------------------
DEBUG    root:machine.py:309 JMP 0
TICK: 16239 PC:  21 ADDR:   1 MEM_OUT: 156 ACC: 156 BUFF: 335 DC: 0 FLAG_ZERO: True FLAG_LT: 0 FLAG_GT: 0
INPUT_PORT:  []
OUT_PORT:  []
DATA_MEM:  [335, 156]
---------------------------------------
DEBUG    root:machine.py:309 LD 0
TICK: 16242 PC:   0 ADDR:   1 MEM_OUT: 156 ACC: 156 BUFF: 335 DC: 0 FLAG_ZERO: True FLAG_LT: 0 FLAG_GT: 0
INPUT_PORT:  []
OUT_PORT:  []
DATA_MEM:  [335, 156]
---------------------------------------
DEBUG    root:machine.py:309 INC 
TICK: 16246 PC:   1 ADDR:   0 MEM_OUT: 335 ACC: 335 BUFF: 335 DC: 0 FLAG_ZERO: True FLAG_LT: 0 FLAG_GT: 0
INPUT_PORT:  []
OUT_PORT:  []
DATA_MEM:  [335, 156]
---------------------------------------
DEBUG    root:machine.py:309 ST 0
TICK: 16249 PC:   2 ADDR:   0 MEM_OUT: 335 ACC: 336 BUFF: 335 DC: 0 FLAG_ZERO: True FLAG_LT: 0 FLAG_GT: 0
INPUT_PORT:  []
OUT_PORT:  []
DATA_MEM:  [335, 156]
---------------------------------------
DEBUG    root:machine.py:309 CMP 1000
TICK: 16253 PC:   3 ADDR:   0 MEM_OUT: 336 ACC: 336 BUFF: 335 DC: 0 FLAG_ZERO: True FLAG_LT: 0 FLAG_GT: 0
INPUT_PORT:  []
OUT_PORT:  []
DATA_MEM:  [336, 156]
---------------------------------------
DEBUG    root:machine.py:309 JGE 22
TICK: 16256 PC:   4 ADDR:   0 MEM_OUT: 336 ACC: 336 BUFF: 335 DC: 0 FLAG_ZERO: False FLAG_LT: 1 FLAG_GT: 0
INPUT_PORT:  []
OUT_PORT:  []
DATA_MEM:  [336, 156]
---------------------------------------
DEBUG    root:machine.py:309 LD 0
TICK: 16259 PC:   5 ADDR:   0 MEM_OUT: 336 ACC: 336 BUFF: 335 DC: 0 FLAG_ZERO: False FLAG_LT: 1 FLAG_GT: 0
INPUT_PORT:  []
OUT_PORT:  []
DATA_MEM:  [336, 156]
---------------------------------------
DEBUG    root:machine.py:309 MOD 3
TICK: 16263 PC:   6 ADDR:   0 MEM_OUT: 336 ACC: 336 BUFF: 335 DC: 0 FLAG_ZERO: False FLAG_LT: 1 FLAG_GT: 0
INPUT_PORT:  []
OUT_PORT:  []
DATA_MEM:  [336, 156]
---------------------------------------
DEBUG    root:machine.py:309 CMP 0
TICK: 16267 PC:   7 ADDR:   0 MEM_OUT: 336 ACC: 0 BUFF: 336 DC: 0 FLAG_ZERO: False FLAG_LT: 1 FLAG_GT: 0
INPUT_PORT:  []
OUT_PORT:  []
DATA_MEM:  [336, 156]
---------------------------------------
DEBUG    root:machine.py:309 JE 14
TICK: 16270 PC:   8 ADDR:   0 MEM_OUT: 336 ACC: 0 BUFF: 336 DC: 0 FLAG_ZERO: True FLAG_LT: 0 FLAG_GT: 0
INPUT_PORT:  []
OUT_PORT:  []
DATA_MEM:  [336, 156]
---------------------------------------
DEBUG    root:machine.py:309 LD 4
TICK: 16273 PC:  14 ADDR:   0 MEM_OUT: 336 ACC: 0 BUFF: 336 DC: 0 FLAG_ZERO: True FLAG_LT: 0 FLAG_GT: 0
INPUT_PORT:  []
OUT_PORT:  []
DATA_MEM:  [336, 156]
---------------------------------------
DEBUG    root:machine.py:309 INC 
TICK: 16277 PC:  15 ADDR:   1 MEM_OUT: 156 ACC: 156 BUFF: 336 DC: 0 FLAG_ZERO: True FLAG_LT: 0 FLAG_GT: 0
INPUT_PORT:  []
OUT_PORT:  []
DATA_MEM:  [336, 156]
---------------------------------------
DEBUG    root:machine.py:309 ST 4
TICK: 16280 PC:  16 ADDR:   1 MEM_OUT: 156 ACC: 157 BUFF: 336 DC: 0 FLAG_ZERO: True FLAG_LT: 0 FLAG_GT: 0
INPUT_PORT:  []
OUT_PORT:  []
DATA_MEM:  [336, 156]
---------------------------------------
DEBUG    root:machine.py:309 JMP 0
TICK: 16284 PC:  17 ADDR:   1 MEM_OUT: 157 ACC: 157 BUFF: 336 DC: 0 FLAG_ZERO: True FLAG_LT: 0 FLAG_GT: 0
INPUT_PORT:  []
OUT_PORT:  []
DATA_MEM:  [336, 157]
---------------------------------------
DEBUG    root:machine.py:309 LD 0
TICK: 16287 PC:   0 ADDR:   1 MEM_OUT: 157 ACC: 157 BUFF: 336 DC: 0 FLAG_ZERO: True FLAG_LT: 0 FLAG_GT: 0
INPUT_PORT:  []
OUT_PORT:  []
DATA_MEM:  [336, 157]
---------------------------------------
DEBUG    root:machine.py:309 INC 
TICK: 16291 PC:   1 ADDR:   0 MEM_OUT: 336 ACC: 336 BUFF: 336 DC: 0 FLAG_ZERO: True FLAG_LT: 0 FLAG_GT: 0
INPUT_PORT:  []
OUT_PORT:  []
DATA_MEM:  [336, 157]
---------------------------------------
DEBUG    root:machine.py:309 ST 0
TICK: 16294 PC:   2 ADDR:   0 MEM_OUT: 336 ACC: 337 BUFF: 336 DC: 0 FLAG_ZERO: True FLAG_LT: 0 FLAG_GT: 0
INPUT_PORT:  []
OUT_PORT:  []
DATA_MEM:  [336, 157]
---------------------------------------
DEBUG    root:machine.py:309 CMP 1000
TICK: 16298 PC:   3 ADDR:   0 MEM_OUT: 337 ACC: 337 BUFF: 336 DC: 0 FLAG_ZERO: True FLAG_LT: 0 FLAG_GT: 0
INPUT_PORT:  []
OUT_PORT:  []
DATA_MEM:  [337, 157]
---------------------------------------
DEBUG    root:machine.py:309 JGE 22
TICK: 16301 PC:   4 ADDR:   0 MEM_OUT: 337 ACC: 337 BUFF: 336 DC: 0 FLAG_ZERO: False FLAG_LT: 1 FLAG_GT: 0
INPUT_PORT:  []
OUT_PORT:  []
DATA_MEM:  [337, 157]
---------------------------------------
DEBUG    root:machine.py:309 LD 0
TICK: 16304 PC:   5 ADDR:   0 MEM_OUT: 337 ACC: 337 BUFF: 336 DC: 0 FLAG_ZERO: False FLAG_LT: 1 FLAG_GT: 0
INPUT_PORT:  []
OUT_PORT:  []
DATA_MEM:  [337, 157]
---------------------------------------
DEBUG    root:machine.py:309 MOD 3
TICK: 16308 PC:   6 ADDR:   0 MEM_OUT: 337 ACC: 337 BUFF: 336 DC: 0 FLAG_ZERO: False FLAG_LT: 1 FLAG_GT: 0
INPUT_PORT:  []
OUT_PORT:  []
DATA_MEM:  [337, 157]
---------------------------------------
DEBUG    root:machine.py:309 CMP 0
TICK: 16312 PC:   7 ADDR:   0 MEM_OUT: 337 ACC: 1 BUFF: 337 DC: 0 FLAG_ZERO: False FLAG_LT: 1 FLAG_GT: 0
INPUT_PORT:  []
OUT_PORT:  []
DATA_MEM:  [337, 157]
---------------------------------------
DEBUG    root:machine.py:309 JE 14
TICK: 16315 PC:   8 ADDR:   0 MEM_OUT: 337 ACC: 1 BUFF: 337 DC: 0 FLAG_ZERO: False FLAG_LT: 0 FLAG_GT: 1
INPUT_PORT:  []
OUT_PORT:  []
DATA_MEM:  [337, 157]
---------------------------------------
DEBUG    root:machine.py:309 LD 0
TICK: 16318 PC:   9 ADDR:   0 MEM_OUT: 337 ACC: 1 BUFF: 337 DC: 0 FLAG_ZERO: False FLAG_LT: 0 FLAG_GT: 1
INPUT_PORT:  []
OUT_PORT:  []
DATA_MEM:  [337, 157]
---------------------------------------
DEBUG    root:machine.py:309 MOD 5
TICK: 16322 PC:  10 ADDR:   0 MEM_OUT: 337 ACC: 337 BUFF: 337 DC: 0 FLAG_ZERO: False FLAG_LT: 0 FLAG_GT: 1
INPUT_PORT:  []
OUT_PORT:  []
DATA_MEM:  [337, 157]
---------------------------------------
DEBUG    root:machine.py:309 CMP 0
TICK: 16326 PC:  11 ADDR:   0 MEM_OUT: 337 ACC: 2 BUFF: 337 DC: 0 FLAG_ZERO: False FLAG_LT: 0 FLAG_GT: 1
INPUT_PORT:  []
OUT_PORT:  []
DATA_MEM:  [337, 157]
---------------------------------------
DEBUG    root:machine.py:309 JE 18
TICK: 16329 PC:  12 ADDR:   0 MEM_OUT: 337 ACC: 2 BUFF: 337 DC: 0 FLAG_ZERO: False FLAG_LT: 0 FLAG_GT: 1
INPUT_PORT:  []
OUT_PORT:  []
DATA_MEM:  [337, 157]
---------------------------------------
DEBUG    root:machine.py:309 JMP 0
TICK: 16332 PC:  13 ADDR:   0 MEM_OUT: 337 ACC: 2 BUFF: 337 DC: 0 FLAG_ZERO: False FLAG_LT: 0 FLAG_GT: 1
INPUT_PORT:  []
OUT_PORT:  []
DATA_MEM:  [337, 157]
---------------------------------------
DEBUG    root:machine.py:309 LD 0
TICK: 16335 PC:   0 ADDR:   0 MEM_OUT: 337 ACC: 2 BUFF: 337 DC: 0 FLAG_ZERO: False FLAG_LT: 0 FLAG_GT: 1
INPUT_PORT:  []
OUT_PORT:  []
DATA_MEM:  [337, 157]
---------------------------------------
DEBUG    root:machine.py:309 INC 
TICK: 16339 PC:   1 ADDR:   0 MEM_OUT: 337 ACC: 337 BUFF: 337 DC: 0 FLAG_ZERO: False FLAG_LT: 0 FLAG_GT: 1
INPUT_PORT:  []
OUT_PORT:  []
DATA_MEM:  [337, 157]
---------------------------------------
DEBUG    root:machine.py:309 ST 0
TICK: 16342 PC:   2 ADDR:   0 MEM_OUT: 337 ACC: 338 BUFF: 337 DC: 0 FLAG_ZERO: False FLAG_LT: 0 FLAG_GT: 1
INPUT_PORT:  []
OUT_PORT:  []
DATA_MEM:  [337, 157]
---------------------------------------
DEBUG    root:machine.py:309 CMP 1000
TICK: 16346 PC:   3 ADDR:   0 MEM_OUT: 338 ACC: 338 BUFF: 337 DC: 0 FLAG_ZERO: False FLAG_LT: 0 FLAG_GT: 1
INPUT_PORT:  []
OUT_PORT:  []
DATA_MEM:  [338, 157]
---------------------------------------
DEBUG    root:machine.py:309 JGE 22
TICK: 16349 PC:   4 ADDR:   0 MEM_OUT: 338 ACC: 338 BUFF: 337 DC: 0 FLAG_ZERO: False FLAG_LT: 1 FLAG_GT: 0
INPUT_PORT:  []
OUT_PORT:  []
DATA_MEM:  [338, 157]
---------------------------------------
DEBUG    root:machine.py:309 LD 0
TICK: 16352 PC:   5 ADDR:   0 MEM_OUT: 338 ACC: 338 BUFF: 337 DC: 0 FLAG_ZERO: False FLAG_LT: 1 FLAG_GT: 0
INPUT_PORT:  []
OUT_PORT:  []
DATA_MEM:  [338, 157]
---------------------------------------
DEBUG    root:machine.py:309 MOD 3
TICK: 16356 PC:   6 ADDR:   0 MEM_OUT: 338 ACC: 338 BUFF: 337 DC: 0 FLAG_ZERO: False FLAG_LT: 1 FLAG_GT: 0
INPUT_PORT:  []
OUT_PORT:  []
DATA_MEM:  [338, 157]
---------------------------------------
DEBUG    root:machine.py:309 CMP 0
TICK: 16360 PC:   7 ADDR:   0 MEM_OUT: 338 ACC: 2 BUFF: 338 DC: 0 FLAG_ZERO: False FLAG_LT: 1 FLAG_GT: 0
INPUT_PORT:  []
OUT_PORT:  []
DATA_MEM:  [338, 157]
---------------------------------------
DEBUG    root:machine.py:309 JE 14
TICK: 16363 PC:   8 ADDR:   0 MEM_OUT: 338 ACC: 2 BUFF: 338 DC: 0 FLAG_ZERO: False FLAG_LT: 0 FLAG_GT: 1
INPUT_PORT:  []
OUT_PORT:  []
DATA_MEM:  [338, 157]
---------------------------------------
DEBUG    root:machine.py:309 LD 0
TICK: 16366 PC:   9 ADDR:   0 MEM_OUT: 338 ACC: 2 BUFF: 338 DC: 0 FLAG_ZERO: False FLAG_LT: 0 FLAG_GT: 1
INPUT_PORT:  []
OUT_PORT:  []
DATA_MEM:  [338, 157]
---------------------------------------
DEBUG    root:machine.py:309 MOD 5
TICK: 16370 PC:  10 ADDR:   0 MEM_OUT: 338 ACC: 338 BUFF: 338 DC: 0 FLAG_ZERO: False FLAG_LT: 0 FLAG_GT: 1
INPUT_PORT:  []
OUT_PORT:  []
DATA_MEM:  [338, 157]
---------------------------------------
DEBUG    root:machine.py:309 CMP 0
TICK: 16374 PC:  11 ADDR:   0 MEM_OUT: 338 ACC: 3 BUFF: 338 DC: 0 FLAG_ZERO: False FLAG_LT: 0 FLAG_GT: 1
INPUT_PORT:  []
OUT_PORT:  []
DATA_MEM:  [338, 157]
---------------------------------------
DEBUG    root:machine.py:309 JE 18
TICK: 16377 PC:  12 ADDR:   0 MEM_OUT: 338 ACC: 3 BUFF: 338 DC: 0 FLAG_ZERO: False FLAG_LT: 0 FLAG_GT: 1
INPUT_PORT:  []
OUT_PORT:  []
DATA_MEM:  [338, 157]
---------------------------------------
DEBUG    root:machine.py:309 JMP 0
TICK: 16380 PC:  13 ADDR:   0 MEM_OUT: 338 ACC: 3 BUFF: 338 DC: 0 FLAG_ZERO: False FLAG_LT: 0 FLAG_GT: 1
INPUT_PORT:  []
OUT_PORT:  []
DATA_MEM:  [338, 157]
---------------------------------------
DEBUG    root:machine.py:309 LD 0
TICK: 16383 PC:   0 ADDR:   0 MEM_OUT: 338 ACC: 3 BUFF: 338 DC: 0 FLAG_ZERO: False FLAG_LT: 0 FLAG_GT: 1
INPUT_PORT:  []
OUT_PORT:  []
DATA_MEM:  [338, 157]
---------------------------------------
DEBUG    root:machine.py:309 INC 
TICK: 16387 PC:   1 ADDR:   0 MEM_OUT: 338 ACC: 338 BUFF: 338 DC: 0 FLAG_ZERO: False FLAG_LT: 0 FLAG_GT: 1
INPUT_PORT:  []
OUT_PORT:  []
DATA_MEM:  [338, 157]
---------------------------------------
DEBUG    root:machine.py:309 ST 0
TICK: 16390 PC:   2 ADDR:   0 MEM_OUT: 338 ACC: 339 BUFF: 338 DC: 0 FLAG_ZERO: False FLAG_LT: 0 FLAG_GT: 1
INPUT_PORT:  []
OUT_PORT:  []
DATA_MEM:  [338, 157]
---------------------------------------
DEBUG    root:machine.py:309 CMP 1000
TICK: 16394 PC:   3 ADDR:   0 MEM_OUT: 339 ACC: 339 BUFF: 338 DC: 0 FLAG_ZERO: False FLAG_LT: 0 FLAG_GT: 1
INPUT_PORT:  []
OUT_PORT:  []
DATA_MEM:  [339, 157]
---------------------------------------
DEBUG    root:machine.py:309 JGE 22
TICK: 16397 PC:   4 ADDR:   0 MEM_OUT: 339 ACC: 339 BUFF: 338 DC: 0 FLAG_ZERO: False FLAG_LT: 1 FLAG_GT: 0
INPUT_PORT:  []
OUT_PORT:  []
DATA_MEM:  [339, 157]
---------------------------------------
DEBUG    root:machine.py:309 LD 0
TICK: 16400 PC:   5 ADDR:   0 MEM_OUT: 339 ACC: 339 BUFF: 338 DC: 0 FLAG_ZERO: False FLAG_LT: 1 FLAG_GT: 0
INPUT_PORT:  []
OUT_PORT:  []
DATA_MEM:  [339, 157]
---------------------------------------
DEBUG    root:machine.py:309 MOD 3
TICK: 16404 PC:   6 ADDR:   0 MEM_OUT: 339 ACC: 339 BUFF: 338 DC: 0 FLAG_ZERO: False FLAG_LT: 1 FLAG_GT: 0
INPUT_PORT:  []
OUT_PORT:  []
DATA_MEM:  [339, 157]
---------------------------------------
DEBUG    root:machine.py:309 CMP 0
TICK: 16408 PC:   7 ADDR:   0 MEM_OUT: 339 ACC: 0 BUFF: 339 DC: 0 FLAG_ZERO: False FLAG_LT: 1 FLAG_GT: 0
INPUT_PORT:  []
OUT_PORT:  []
DATA_MEM:  [339, 157]
---------------------------------------
DEBUG    root:machine.py:309 JE 14
TICK: 16411 PC:   8 ADDR:   0 MEM_OUT: 339 ACC: 0 BUFF: 339 DC: 0 FLAG_ZERO: True FLAG_LT: 0 FLAG_GT: 0
INPUT_PORT:  []
OUT_PORT:  []
DATA_MEM:  [339, 157]
---------------------------------------
DEBUG    root:machine.py:309 LD 4
TICK: 16414 PC:  14 ADDR:   0 MEM_OUT: 339 ACC: 0 BUFF: 339 DC: 0 FLAG_ZERO: True FLAG_LT: 0 FLAG_GT: 0
INPUT_PORT:  []
OUT_PORT:  []
DATA_MEM:  [339, 157]
---------------------------------------
DEBUG    root:machine.py:309 INC 
TICK: 16418 PC:  15 ADDR:   1 MEM_OUT: 157 ACC: 157 BUFF: 339 DC: 0 FLAG_ZERO: True FLAG_LT: 0 FLAG_GT: 0
INPUT_PORT:  []
OUT_PORT:  []
DATA_MEM:  [339, 157]
---------------------------------------
DEBUG    root:machine.py:309 ST 4
TICK: 16421 PC:  16 ADDR:   1 MEM_OUT: 157 ACC: 158 BUFF: 339 DC: 0 FLAG_ZERO: True FLAG_LT: 0 FLAG_GT: 0
INPUT_PORT:  []
OUT_PORT:  []
DATA_MEM:  [339, 157]
---------------------------------------
DEBUG    root:machine.py:309 JMP 0
TICK: 16425 PC:  17 ADDR:   1 MEM_OUT: 158 ACC: 158 BUFF: 339 DC: 0 FLAG_ZERO: True FLAG_LT: 0 FLAG_GT: 0
INPUT_PORT:  []
OUT_PORT:  []
DATA_MEM:  [339, 158]
---------------------------------------
DEBUG    root:machine.py:309 LD 0
TICK: 16428 PC:   0 ADDR:   1 MEM_OUT: 158 ACC: 158 BUFF: 339 DC: 0 FLAG_ZERO: True FLAG_LT: 0 FLAG_GT: 0
INPUT_PORT:  []
OUT_PORT:  []
DATA_MEM:  [339, 158]
---------------------------------------
DEBUG    root:machine.py:309 INC 
TICK: 16432 PC:   1 ADDR:   0 MEM_OUT: 339 ACC: 339 BUFF: 339 DC: 0 FLAG_ZERO: True FLAG_LT: 0 FLAG_GT: 0
INPUT_PORT:  []
OUT_PORT:  []
DATA_MEM:  [339, 158]
---------------------------------------
DEBUG    root:machine.py:309 ST 0
TICK: 16435 PC:   2 ADDR:   0 MEM_OUT: 339 ACC: 340 BUFF: 339 DC: 0 FLAG_ZERO: True FLAG_LT: 0 FLAG_GT: 0
INPUT_PORT:  []
OUT_PORT:  []
DATA_MEM:  [339, 158]
---------------------------------------
DEBUG    root:machine.py:309 CMP 1000
TICK: 16439 PC:   3 ADDR:   0 MEM_OUT: 340 ACC: 340 BUFF: 339 DC: 0 FLAG_ZERO: True FLAG_LT: 0 FLAG_GT: 0
INPUT_PORT:  []
OUT_PORT:  []
DATA_MEM:  [340, 158]
---------------------------------------
DEBUG    root:machine.py:309 JGE 22
TICK: 16442 PC:   4 ADDR:   0 MEM_OUT: 340 ACC: 340 BUFF: 339 DC: 0 FLAG_ZERO: False FLAG_LT: 1 FLAG_GT: 0
INPUT_PORT:  []
OUT_PORT:  []
DATA_MEM:  [340, 158]
---------------------------------------
DEBUG    root:machine.py:309 LD 0
TICK: 16445 PC:   5 ADDR:   0 MEM_OUT: 340 ACC: 340 BUFF: 339 DC: 0 FLAG_ZERO: False FLAG_LT: 1 FLAG_GT: 0
INPUT_PORT:  []
OUT_PORT:  []
DATA_MEM:  [340, 158]
---------------------------------------
DEBUG    root:machine.py:309 MOD 3
TICK: 16449 PC:   6 ADDR:   0 MEM_OUT: 340 ACC: 340 BUFF: 339 DC: 0 FLAG_ZERO: False FLAG_LT: 1 FLAG_GT: 0
INPUT_PORT:  []
OUT_PORT:  []
DATA_MEM:  [340, 158]
---------------------------------------
DEBUG    root:machine.py:309 CMP 0
TICK: 16453 PC:   7 ADDR:   0 MEM_OUT: 340 ACC: 1 BUFF: 340 DC: 0 FLAG_ZERO: False FLAG_LT: 1 FLAG_GT: 0
INPUT_PORT:  []
OUT_PORT:  []
DATA_MEM:  [340, 158]
---------------------------------------
DEBUG    root:machine.py:309 JE 14
TICK: 16456 PC:   8 ADDR:   0 MEM_OUT: 340 ACC: 1 BUFF: 340 DC: 0 FLAG_ZERO: False FLAG_LT: 0 FLAG_GT: 1
INPUT_PORT:  []
OUT_PORT:  []
DATA_MEM:  [340, 158]
---------------------------------------
DEBUG    root:machine.py:309 LD 0
TICK: 16459 PC:   9 ADDR:   0 MEM_OUT: 340 ACC: 1 BUFF: 340 DC: 0 FLAG_ZERO: False FLAG_LT: 0 FLAG_GT: 1
INPUT_PORT:  []
OUT_PORT:  []
DATA_MEM:  [340, 158]
---------------------------------------
DEBUG    root:machine.py:309 MOD 5
TICK: 16463 PC:  10 ADDR:   0 MEM_OUT: 340 ACC: 340 BUFF: 340 DC: 0 FLAG_ZERO: False FLAG_LT: 0 FLAG_GT: 1
INPUT_PORT:  []
OUT_PORT:  []
DATA_MEM:  [340, 158]
---------------------------------------
DEBUG    root:machine.py:309 CMP 0
TICK: 16467 PC:  11 ADDR:   0 MEM_OUT: 340 ACC: 0 BUFF: 340 DC: 0 FLAG_ZERO: False FLAG_LT: 0 FLAG_GT: 1
INPUT_PORT:  []
OUT_PORT:  []
DATA_MEM:  [340, 158]
---------------------------------------
DEBUG    root:machine.py:309 JE 18
TICK: 16470 PC:  12 ADDR:   0 MEM_OUT: 340 ACC: 0 BUFF: 340 DC: 0 FLAG_ZERO: True FLAG_LT: 0 FLAG_GT: 0
INPUT_PORT:  []
OUT_PORT:  []
DATA_MEM:  [340, 158]
---------------------------------------
DEBUG    root:machine.py:309 LD 4
TICK: 16473 PC:  18 ADDR:   0 MEM_OUT: 340 ACC: 0 BUFF: 340 DC: 0 FLAG_ZERO: True FLAG_LT: 0 FLAG_GT: 0
INPUT_PORT:  []
OUT_PORT:  []
DATA_MEM:  [340, 158]
---------------------------------------
DEBUG    root:machine.py:309 INC 
TICK: 16477 PC:  19 ADDR:   1 MEM_OUT: 158 ACC: 158 BUFF: 340 DC: 0 FLAG_ZERO: True FLAG_LT: 0 FLAG_GT: 0
INPUT_PORT:  []
OUT_PORT:  []
DATA_MEM:  [340, 158]
---------------------------------------
DEBUG    root:machine.py:309 ST 4
TICK: 16480 PC:  20 ADDR:   1 MEM_OUT: 158 ACC: 159 BUFF: 340 DC: 0 FLAG_ZERO: True FLAG_LT: 0 FLAG_GT: 0
INPUT_PORT:  []
OUT_PORT:  []
DATA_MEM:  [340, 158]
---------------------------------------
DEBUG    root:machine.py:309 JMP 0
TICK: 16484 PC:  21 ADDR:   1 MEM_OUT: 159 ACC: 159 BUFF: 340 DC: 0 FLAG_ZERO: True FLAG_LT: 0 FLAG_GT: 0
INPUT_PORT:  []
OUT_PORT:  []
DATA_MEM:  [340, 159]
---------------------------------------
DEBUG    root:machine.py:309 LD 0
TICK: 16487 PC:   0 ADDR:   1 MEM_OUT: 159 ACC: 159 BUFF: 340 DC: 0 FLAG_ZERO: True FLAG_LT: 0 FLAG_GT: 0
INPUT_PORT:  []
OUT_PORT:  []
DATA_MEM:  [340, 159]
---------------------------------------
DEBUG    root:machine.py:309 INC 
TICK: 16491 PC:   1 ADDR:   0 MEM_OUT: 340 ACC: 340 BUFF: 340 DC: 0 FLAG_ZERO: True FLAG_LT: 0 FLAG_GT: 0
INPUT_PORT:  []
OUT_PORT:  []
DATA_MEM:  [340, 159]
---------------------------------------
DEBUG    root:machine.py:309 ST 0
TICK: 16494 PC:   2 ADDR:   0 MEM_OUT: 340 ACC: 341 BUFF: 340 DC: 0 FLAG_ZERO: True FLAG_LT: 0 FLAG_GT: 0
INPUT_PORT:  []
OUT_PORT:  []
DATA_MEM:  [340, 159]
---------------------------------------
DEBUG    root:machine.py:309 CMP 1000
TICK: 16498 PC:   3 ADDR:   0 MEM_OUT: 341 ACC: 341 BUFF: 340 DC: 0 FLAG_ZERO: True FLAG_LT: 0 FLAG_GT: 0
INPUT_PORT:  []
OUT_PORT:  []
DATA_MEM:  [341, 159]
---------------------------------------
DEBUG    root:machine.py:309 JGE 22
TICK: 16501 PC:   4 ADDR:   0 MEM_OUT: 341 ACC: 341 BUFF: 340 DC: 0 FLAG_ZERO: False FLAG_LT: 1 FLAG_GT: 0
INPUT_PORT:  []
OUT_PORT:  []
DATA_MEM:  [341, 159]
---------------------------------------
DEBUG    root:machine.py:309 LD 0
TICK: 16504 PC:   5 ADDR:   0 MEM_OUT: 341 ACC: 341 BUFF: 340 DC: 0 FLAG_ZERO: False FLAG_LT: 1 FLAG_GT: 0
INPUT_PORT:  []
OUT_PORT:  []
DATA_MEM:  [341, 159]
---------------------------------------
DEBUG    root:machine.py:309 MOD 3
TICK: 16508 PC:   6 ADDR:   0 MEM_OUT: 341 ACC: 341 BUFF: 340 DC: 0 FLAG_ZERO: False FLAG_LT: 1 FLAG_GT: 0
INPUT_PORT:  []
OUT_PORT:  []
DATA_MEM:  [341, 159]
---------------------------------------
DEBUG    root:machine.py:309 CMP 0
TICK: 16512 PC:   7 ADDR:   0 MEM_OUT: 341 ACC: 2 BUFF: 341 DC: 0 FLAG_ZERO: False FLAG_LT: 1 FLAG_GT: 0
INPUT_PORT:  []
OUT_PORT:  []
DATA_MEM:  [341, 159]
---------------------------------------
DEBUG    root:machine.py:309 JE 14
TICK: 16515 PC:   8 ADDR:   0 MEM_OUT: 341 ACC: 2 BUFF: 341 DC: 0 FLAG_ZERO: False FLAG_LT: 0 FLAG_GT: 1
INPUT_PORT:  []
OUT_PORT:  []
DATA_MEM:  [341, 159]
---------------------------------------
DEBUG    root:machine.py:309 LD 0
TICK: 16518 PC:   9 ADDR:   0 MEM_OUT: 341 ACC: 2 BUFF: 341 DC: 0 FLAG_ZERO: False FLAG_LT: 0 FLAG_GT: 1
INPUT_PORT:  []
OUT_PORT:  []
DATA_MEM:  [341, 159]
---------------------------------------
DEBUG    root:machine.py:309 MOD 5
TICK: 16522 PC:  10 ADDR:   0 MEM_OUT: 341 ACC: 341 BUFF: 341 DC: 0 FLAG_ZERO: False FLAG_LT: 0 FLAG_GT: 1
INPUT_PORT:  []
OUT_PORT:  []
DATA_MEM:  [341, 159]
---------------------------------------
DEBUG    root:machine.py:309 CMP 0
TICK: 16526 PC:  11 ADDR:   0 MEM_OUT: 341 ACC: 1 BUFF: 341 DC: 0 FLAG_ZERO: False FLAG_LT: 0 FLAG_GT: 1
INPUT_PORT:  []
OUT_PORT:  []
DATA_MEM:  [341, 159]
---------------------------------------
DEBUG    root:machine.py:309 JE 18
TICK: 16529 PC:  12 ADDR:   0 MEM_OUT: 341 ACC: 1 BUFF: 341 DC: 0 FLAG_ZERO: False FLAG_LT: 0 FLAG_GT: 1
INPUT_PORT:  []
OUT_PORT:  []
DATA_MEM:  [341, 159]
---------------------------------------
DEBUG    root:machine.py:309 JMP 0
TICK: 16532 PC:  13 ADDR:   0 MEM_OUT: 341 ACC: 1 BUFF: 341 DC: 0 FLAG_ZERO: False FLAG_LT: 0 FLAG_GT: 1
INPUT_PORT:  []
OUT_PORT:  []
DATA_MEM:  [341, 159]
---------------------------------------
DEBUG    root:machine.py:309 LD 0
TICK: 16535 PC:   0 ADDR:   0 MEM_OUT: 341 ACC: 1 BUFF: 341 DC: 0 FLAG_ZERO: False FLAG_LT: 0 FLAG_GT: 1
INPUT_PORT:  []
OUT_PORT:  []
DATA_MEM:  [341, 159]
---------------------------------------
DEBUG    root:machine.py:309 INC 
TICK: 16539 PC:   1 ADDR:   0 MEM_OUT: 341 ACC: 341 BUFF: 341 DC: 0 FLAG_ZERO: False FLAG_LT: 0 FLAG_GT: 1
INPUT_PORT:  []
OUT_PORT:  []
DATA_MEM:  [341, 159]
---------------------------------------
DEBUG    root:machine.py:309 ST 0
TICK: 16542 PC:   2 ADDR:   0 MEM_OUT: 341 ACC: 342 BUFF: 341 DC: 0 FLAG_ZERO: False FLAG_LT: 0 FLAG_GT: 1
INPUT_PORT:  []
OUT_PORT:  []
DATA_MEM:  [341, 159]
---------------------------------------
DEBUG    root:machine.py:309 CMP 1000
TICK: 16546 PC:   3 ADDR:   0 MEM_OUT: 342 ACC: 342 BUFF: 341 DC: 0 FLAG_ZERO: False FLAG_LT: 0 FLAG_GT: 1
INPUT_PORT:  []
OUT_PORT:  []
DATA_MEM:  [342, 159]
---------------------------------------
DEBUG    root:machine.py:309 JGE 22
TICK: 16549 PC:   4 ADDR:   0 MEM_OUT: 342 ACC: 342 BUFF: 341 DC: 0 FLAG_ZERO: False FLAG_LT: 1 FLAG_GT: 0
INPUT_PORT:  []
OUT_PORT:  []
DATA_MEM:  [342, 159]
---------------------------------------
DEBUG    root:machine.py:309 LD 0
TICK: 16552 PC:   5 ADDR:   0 MEM_OUT: 342 ACC: 342 BUFF: 341 DC: 0 FLAG_ZERO: False FLAG_LT: 1 FLAG_GT: 0
INPUT_PORT:  []
OUT_PORT:  []
DATA_MEM:  [342, 159]
---------------------------------------
DEBUG    root:machine.py:309 MOD 3
TICK: 16556 PC:   6 ADDR:   0 MEM_OUT: 342 ACC: 342 BUFF: 341 DC: 0 FLAG_ZERO: False FLAG_LT: 1 FLAG_GT: 0
INPUT_PORT:  []
OUT_PORT:  []
DATA_MEM:  [342, 159]
---------------------------------------
DEBUG    root:machine.py:309 CMP 0
TICK: 16560 PC:   7 ADDR:   0 MEM_OUT: 342 ACC: 0 BUFF: 342 DC: 0 FLAG_ZERO: False FLAG_LT: 1 FLAG_GT: 0
INPUT_PORT:  []
OUT_PORT:  []
DATA_MEM:  [342, 159]
---------------------------------------
DEBUG    root:machine.py:309 JE 14
TICK: 16563 PC:   8 ADDR:   0 MEM_OUT: 342 ACC: 0 BUFF: 342 DC: 0 FLAG_ZERO: True FLAG_LT: 0 FLAG_GT: 0
INPUT_PORT:  []
OUT_PORT:  []
DATA_MEM:  [342, 159]
---------------------------------------
DEBUG    root:machine.py:309 LD 4
TICK: 16566 PC:  14 ADDR:   0 MEM_OUT: 342 ACC: 0 BUFF: 342 DC: 0 FLAG_ZERO: True FLAG_LT: 0 FLAG_GT: 0
INPUT_PORT:  []
OUT_PORT:  []
DATA_MEM:  [342, 159]
---------------------------------------
DEBUG    root:machine.py:309 INC 
TICK: 16570 PC:  15 ADDR:   1 MEM_OUT: 159 ACC: 159 BUFF: 342 DC: 0 FLAG_ZERO: True FLAG_LT: 0 FLAG_GT: 0
INPUT_PORT:  []
OUT_PORT:  []
DATA_MEM:  [342, 159]
---------------------------------------
DEBUG    root:machine.py:309 ST 4
TICK: 16573 PC:  16 ADDR:   1 MEM_OUT: 159 ACC: 160 BUFF: 342 DC: 0 FLAG_ZERO: True FLAG_LT: 0 FLAG_GT: 0
INPUT_PORT:  []
OUT_PORT:  []
DATA_MEM:  [342, 159]
---------------------------------------
DEBUG    root:machine.py:309 JMP 0
TICK: 16577 PC:  17 ADDR:   1 MEM_OUT: 160 ACC: 160 BUFF: 342 DC: 0 FLAG_ZERO: True FLAG_LT: 0 FLAG_GT: 0
INPUT_PORT:  []
OUT_PORT:  []
DATA_MEM:  [342, 160]
---------------------------------------
DEBUG    root:machine.py:309 LD 0
TICK: 16580 PC:   0 ADDR:   1 MEM_OUT: 160 ACC: 160 BUFF: 342 DC: 0 FLAG_ZERO: True FLAG_LT: 0 FLAG_GT: 0
INPUT_PORT:  []
OUT_PORT:  []
DATA_MEM:  [342, 160]
---------------------------------------
DEBUG    root:machine.py:309 INC 
TICK: 16584 PC:   1 ADDR:   0 MEM_OUT: 342 ACC: 342 BUFF: 342 DC: 0 FLAG_ZERO: True FLAG_LT: 0 FLAG_GT: 0
INPUT_PORT:  []
OUT_PORT:  []
DATA_MEM:  [342, 160]
---------------------------------------
DEBUG    root:machine.py:309 ST 0
TICK: 16587 PC:   2 ADDR:   0 MEM_OUT: 342 ACC: 343 BUFF: 342 DC: 0 FLAG_ZERO: True FLAG_LT: 0 FLAG_GT: 0
INPUT_PORT:  []
OUT_PORT:  []
DATA_MEM:  [342, 160]
---------------------------------------
DEBUG    root:machine.py:309 CMP 1000
TICK: 16591 PC:   3 ADDR:   0 MEM_OUT: 343 ACC: 343 BUFF: 342 DC: 0 FLAG_ZERO: True FLAG_LT: 0 FLAG_GT: 0
INPUT_PORT:  []
OUT_PORT:  []
DATA_MEM:  [343, 160]
---------------------------------------
DEBUG    root:machine.py:309 JGE 22
TICK: 16594 PC:   4 ADDR:   0 MEM_OUT: 343 ACC: 343 BUFF: 342 DC: 0 FLAG_ZERO: False FLAG_LT: 1 FLAG_GT: 0
INPUT_PORT:  []
OUT_PORT:  []
DATA_MEM:  [343, 160]
---------------------------------------
DEBUG    root:machine.py:309 LD 0
TICK: 16597 PC:   5 ADDR:   0 MEM_OUT: 343 ACC: 343 BUFF: 342 DC: 0 FLAG_ZERO: False FLAG_LT: 1 FLAG_GT: 0
INPUT_PORT:  []
OUT_PORT:  []
DATA_MEM:  [343, 160]
---------------------------------------
DEBUG    root:machine.py:309 MOD 3
TICK: 16601 PC:   6 ADDR:   0 MEM_OUT: 343 ACC: 343 BUFF: 342 DC: 0 FLAG_ZERO: False FLAG_LT: 1 FLAG_GT: 0
INPUT_PORT:  []
OUT_PORT:  []
DATA_MEM:  [343, 160]
---------------------------------------
DEBUG    root:machine.py:309 CMP 0
TICK: 16605 PC:   7 ADDR:   0 MEM_OUT: 343 ACC: 1 BUFF: 343 DC: 0 FLAG_ZERO: False FLAG_LT: 1 FLAG_GT: 0
INPUT_PORT:  []
OUT_PORT:  []
DATA_MEM:  [343, 160]
---------------------------------------
DEBUG    root:machine.py:309 JE 14
TICK: 16608 PC:   8 ADDR:   0 MEM_OUT: 343 ACC: 1 BUFF: 343 DC: 0 FLAG_ZERO: False FLAG_LT: 0 FLAG_GT: 1
INPUT_PORT:  []
OUT_PORT:  []
DATA_MEM:  [343, 160]
---------------------------------------
DEBUG    root:machine.py:309 LD 0
TICK: 16611 PC:   9 ADDR:   0 MEM_OUT: 343 ACC: 1 BUFF: 343 DC: 0 FLAG_ZERO: False FLAG_LT: 0 FLAG_GT: 1
INPUT_PORT:  []
OUT_PORT:  []
DATA_MEM:  [343, 160]
---------------------------------------
DEBUG    root:machine.py:309 MOD 5
TICK: 16615 PC:  10 ADDR:   0 MEM_OUT: 343 ACC: 343 BUFF: 343 DC: 0 FLAG_ZERO: False FLAG_LT: 0 FLAG_GT: 1
INPUT_PORT:  []
OUT_PORT:  []
DATA_MEM:  [343, 160]
---------------------------------------
DEBUG    root:machine.py:309 CMP 0
TICK: 16619 PC:  11 ADDR:   0 MEM_OUT: 343 ACC: 3 BUFF: 343 DC: 0 FLAG_ZERO: False FLAG_LT: 0 FLAG_GT: 1
INPUT_PORT:  []
OUT_PORT:  []
DATA_MEM:  [343, 160]
---------------------------------------
DEBUG    root:machine.py:309 JE 18
TICK: 16622 PC:  12 ADDR:   0 MEM_OUT: 343 ACC: 3 BUFF: 343 DC: 0 FLAG_ZERO: False FLAG_LT: 0 FLAG_GT: 1
INPUT_PORT:  []
OUT_PORT:  []
DATA_MEM:  [343, 160]
---------------------------------------
DEBUG    root:machine.py:309 JMP 0
TICK: 16625 PC:  13 ADDR:   0 MEM_OUT: 343 ACC: 3 BUFF: 343 DC: 0 FLAG_ZERO: False FLAG_LT: 0 FLAG_GT: 1
INPUT_PORT:  []
OUT_PORT:  []
DATA_MEM:  [343, 160]
---------------------------------------
DEBUG    root:machine.py:309 LD 0
TICK: 16628 PC:   0 ADDR:   0 MEM_OUT: 343 ACC: 3 BUFF: 343 DC: 0 FLAG_ZERO: False FLAG_LT: 0 FLAG_GT: 1
INPUT_PORT:  []
OUT_PORT:  []
DATA_MEM:  [343, 160]
---------------------------------------
DEBUG    root:machine.py:309 INC 
TICK: 16632 PC:   1 ADDR:   0 MEM_OUT: 343 ACC: 343 BUFF: 343 DC: 0 FLAG_ZERO: False FLAG_LT: 0 FLAG_GT: 1
INPUT_PORT:  []
OUT_PORT:  []
DATA_MEM:  [343, 160]
---------------------------------------
DEBUG    root:machine.py:309 ST 0
TICK: 16635 PC:   2 ADDR:   0 MEM_OUT: 343 ACC: 344 BUFF: 343 DC: 0 FLAG_ZERO: False FLAG_LT: 0 FLAG_GT: 1
INPUT_PORT:  []
OUT_PORT:  []
DATA_MEM:  [343, 160]
---------------------------------------
DEBUG    root:machine.py:309 CMP 1000
TICK: 16639 PC:   3 ADDR:   0 MEM_OUT: 344 ACC: 344 BUFF: 343 DC: 0 FLAG_ZERO: False FLAG_LT: 0 FLAG_GT: 1
INPUT_PORT:  []
OUT_PORT:  []
DATA_MEM:  [344, 160]
---------------------------------------
DEBUG    root:machine.py:309 JGE 22
TICK: 16642 PC:   4 ADDR:   0 MEM_OUT: 344 ACC: 344 BUFF: 343 DC: 0 FLAG_ZERO: False FLAG_LT: 1 FLAG_GT: 0
INPUT_PORT:  []
OUT_PORT:  []
DATA_MEM:  [344, 160]
---------------------------------------
DEBUG    root:machine.py:309 LD 0
TICK: 16645 PC:   5 ADDR:   0 MEM_OUT: 344 ACC: 344 BUFF: 343 DC: 0 FLAG_ZERO: False FLAG_LT: 1 FLAG_GT: 0
INPUT_PORT:  []
OUT_PORT:  []
DATA_MEM:  [344, 160]
---------------------------------------
DEBUG    root:machine.py:309 MOD 3
TICK: 16649 PC:   6 ADDR:   0 MEM_OUT: 344 ACC: 344 BUFF: 343 DC: 0 FLAG_ZERO: False FLAG_LT: 1 FLAG_GT: 0
INPUT_PORT:  []
OUT_PORT:  []
DATA_MEM:  [344, 160]
---------------------------------------
DEBUG    root:machine.py:309 CMP 0
TICK: 16653 PC:   7 ADDR:   0 MEM_OUT: 344 ACC: 2 BUFF: 344 DC: 0 FLAG_ZERO: False FLAG_LT: 1 FLAG_GT: 0
INPUT_PORT:  []
OUT_PORT:  []
DATA_MEM:  [344, 160]
---------------------------------------
DEBUG    root:machine.py:309 JE 14
TICK: 16656 PC:   8 ADDR:   0 MEM_OUT: 344 ACC: 2 BUFF: 344 DC: 0 FLAG_ZERO: False FLAG_LT: 0 FLAG_GT: 1
INPUT_PORT:  []
OUT_PORT:  []
DATA_MEM:  [344, 160]
---------------------------------------
DEBUG    root:machine.py:309 LD 0
TICK: 16659 PC:   9 ADDR:   0 MEM_OUT: 344 ACC: 2 BUFF: 344 DC: 0 FLAG_ZERO: False FLAG_LT: 0 FLAG_GT: 1
INPUT_PORT:  []
OUT_PORT:  []
DATA_MEM:  [344, 160]
---------------------------------------
DEBUG    root:machine.py:309 MOD 5
TICK: 16663 PC:  10 ADDR:   0 MEM_OUT: 344 ACC: 344 BUFF: 344 DC: 0 FLAG_ZERO: False FLAG_LT: 0 FLAG_GT: 1
INPUT_PORT:  []
OUT_PORT:  []
DATA_MEM:  [344, 160]
---------------------------------------
DEBUG    root:machine.py:309 CMP 0
TICK: 16667 PC:  11 ADDR:   0 MEM_OUT: 344 ACC: 4 BUFF: 344 DC: 0 FLAG_ZERO: False FLAG_LT: 0 FLAG_GT: 1
INPUT_PORT:  []
OUT_PORT:  []
DATA_MEM:  [344, 160]
---------------------------------------
DEBUG    root:machine.py:309 JE 18
TICK: 16670 PC:  12 ADDR:   0 MEM_OUT: 344 ACC: 4 BUFF: 344 DC: 0 FLAG_ZERO: False FLAG_LT: 0 FLAG_GT: 1
INPUT_PORT:  []
OUT_PORT:  []
DATA_MEM:  [344, 160]
---------------------------------------
DEBUG    root:machine.py:309 JMP 0
TICK: 16673 PC:  13 ADDR:   0 MEM_OUT: 344 ACC: 4 BUFF: 344 DC: 0 FLAG_ZERO: False FLAG_LT: 0 FLAG_GT: 1
INPUT_PORT:  []
OUT_PORT:  []
DATA_MEM:  [344, 160]
---------------------------------------
DEBUG    root:machine.py:309 LD 0
TICK: 16676 PC:   0 ADDR:   0 MEM_OUT: 344 ACC: 4 BUFF: 344 DC: 0 FLAG_ZERO: False FLAG_LT: 0 FLAG_GT: 1
INPUT_PORT:  []
OUT_PORT:  []
DATA_MEM:  [344, 160]
---------------------------------------
DEBUG    root:machine.py:309 INC 
TICK: 16680 PC:   1 ADDR:   0 MEM_OUT: 344 ACC: 344 BUFF: 344 DC: 0 FLAG_ZERO: False FLAG_LT: 0 FLAG_GT: 1
INPUT_PORT:  []
OUT_PORT:  []
DATA_MEM:  [344, 160]
---------------------------------------
DEBUG    root:machine.py:309 ST 0
TICK: 16683 PC:   2 ADDR:   0 MEM_OUT: 344 ACC: 345 BUFF: 344 DC: 0 FLAG_ZERO: False FLAG_LT: 0 FLAG_GT: 1
INPUT_PORT:  []
OUT_PORT:  []
DATA_MEM:  [344, 160]
---------------------------------------
DEBUG    root:machine.py:309 CMP 1000
TICK: 16687 PC:   3 ADDR:   0 MEM_OUT: 345 ACC: 345 BUFF: 344 DC: 0 FLAG_ZERO: False FLAG_LT: 0 FLAG_GT: 1
INPUT_PORT:  []
OUT_PORT:  []
DATA_MEM:  [345, 160]
---------------------------------------
DEBUG    root:machine.py:309 JGE 22
TICK: 16690 PC:   4 ADDR:   0 MEM_OUT: 345 ACC: 345 BUFF: 344 DC: 0 FLAG_ZERO: False FLAG_LT: 1 FLAG_GT: 0
INPUT_PORT:  []
OUT_PORT:  []
DATA_MEM:  [345, 160]
---------------------------------------
DEBUG    root:machine.py:309 LD 0
TICK: 16693 PC:   5 ADDR:   0 MEM_OUT: 345 ACC: 345 BUFF: 344 DC: 0 FLAG_ZERO: False FLAG_LT: 1 FLAG_GT: 0
INPUT_PORT:  []
OUT_PORT:  []
DATA_MEM:  [345, 160]
---------------------------------------
DEBUG    root:machine.py:309 MOD 3
TICK: 16697 PC:   6 ADDR:   0 MEM_OUT: 345 ACC: 345 BUFF: 344 DC: 0 FLAG_ZERO: False FLAG_LT: 1 FLAG_GT: 0
INPUT_PORT:  []
OUT_PORT:  []
DATA_MEM:  [345, 160]
---------------------------------------
DEBUG    root:machine.py:309 CMP 0
TICK: 16701 PC:   7 ADDR:   0 MEM_OUT: 345 ACC: 0 BUFF: 345 DC: 0 FLAG_ZERO: False FLAG_LT: 1 FLAG_GT: 0
INPUT_PORT:  []
OUT_PORT:  []
DATA_MEM:  [345, 160]
---------------------------------------
DEBUG    root:machine.py:309 JE 14
TICK: 16704 PC:   8 ADDR:   0 MEM_OUT: 345 ACC: 0 BUFF: 345 DC: 0 FLAG_ZERO: True FLAG_LT: 0 FLAG_GT: 0
INPUT_PORT:  []
OUT_PORT:  []
DATA_MEM:  [345, 160]
---------------------------------------
DEBUG    root:machine.py:309 LD 4
TICK: 16707 PC:  14 ADDR:   0 MEM_OUT: 345 ACC: 0 BUFF: 345 DC: 0 FLAG_ZERO: True FLAG_LT: 0 FLAG_GT: 0
INPUT_PORT:  []
OUT_PORT:  []
DATA_MEM:  [345, 160]
---------------------------------------
DEBUG    root:machine.py:309 INC 
TICK: 16711 PC:  15 ADDR:   1 MEM_OUT: 160 ACC: 160 BUFF: 345 DC: 0 FLAG_ZERO: True FLAG_LT: 0 FLAG_GT: 0
INPUT_PORT:  []
OUT_PORT:  []
DATA_MEM:  [345, 160]
---------------------------------------
DEBUG    root:machine.py:309 ST 4
TICK: 16714 PC:  16 ADDR:   1 MEM_OUT: 160 ACC: 161 BUFF: 345 DC: 0 FLAG_ZERO: True FLAG_LT: 0 FLAG_GT: 0
INPUT_PORT:  []
OUT_PORT:  []
DATA_MEM:  [345, 160]
---------------------------------------
DEBUG    root:machine.py:309 JMP 0
TICK: 16718 PC:  17 ADDR:   1 MEM_OUT: 161 ACC: 161 BUFF: 345 DC: 0 FLAG_ZERO: True FLAG_LT: 0 FLAG_GT: 0
INPUT_PORT:  []
OUT_PORT:  []
DATA_MEM:  [345, 161]
---------------------------------------
DEBUG    root:machine.py:309 LD 0
TICK: 16721 PC:   0 ADDR:   1 MEM_OUT: 161 ACC: 161 BUFF: 345 DC: 0 FLAG_ZERO: True FLAG_LT: 0 FLAG_GT: 0
INPUT_PORT:  []
OUT_PORT:  []
DATA_MEM:  [345, 161]
---------------------------------------
DEBUG    root:machine.py:309 INC 
TICK: 16725 PC:   1 ADDR:   0 MEM_OUT: 345 ACC: 345 BUFF: 345 DC: 0 FLAG_ZERO: True FLAG_LT: 0 FLAG_GT: 0
INPUT_PORT:  []
OUT_PORT:  []
DATA_MEM:  [345, 161]
---------------------------------------
DEBUG    root:machine.py:309 ST 0
TICK: 16728 PC:   2 ADDR:   0 MEM_OUT: 345 ACC: 346 BUFF: 345 DC: 0 FLAG_ZERO: True FLAG_LT: 0 FLAG_GT: 0
INPUT_PORT:  []
OUT_PORT:  []
DATA_MEM:  [345, 161]
---------------------------------------
DEBUG    root:machine.py:309 CMP 1000
TICK: 16732 PC:   3 ADDR:   0 MEM_OUT: 346 ACC: 346 BUFF: 345 DC: 0 FLAG_ZERO: True FLAG_LT: 0 FLAG_GT: 0
INPUT_PORT:  []
OUT_PORT:  []
DATA_MEM:  [346, 161]
---------------------------------------
DEBUG    root:machine.py:309 JGE 22
TICK: 16735 PC:   4 ADDR:   0 MEM_OUT: 346 ACC: 346 BUFF: 345 DC: 0 FLAG_ZERO: False FLAG_LT: 1 FLAG_GT: 0
INPUT_PORT:  []
OUT_PORT:  []
DATA_MEM:  [346, 161]
---------------------------------------
DEBUG    root:machine.py:309 LD 0
TICK: 16738 PC:   5 ADDR:   0 MEM_OUT: 346 ACC: 346 BUFF: 345 DC: 0 FLAG_ZERO: False FLAG_LT: 1 FLAG_GT: 0
INPUT_PORT:  []
OUT_PORT:  []
DATA_MEM:  [346, 161]
---------------------------------------
DEBUG    root:machine.py:309 MOD 3
TICK: 16742 PC:   6 ADDR:   0 MEM_OUT: 346 ACC: 346 BUFF: 345 DC: 0 FLAG_ZERO: False FLAG_LT: 1 FLAG_GT: 0
INPUT_PORT:  []
OUT_PORT:  []
DATA_MEM:  [346, 161]
---------------------------------------
DEBUG    root:machine.py:309 CMP 0
TICK: 16746 PC:   7 ADDR:   0 MEM_OUT: 346 ACC: 1 BUFF: 346 DC: 0 FLAG_ZERO: False FLAG_LT: 1 FLAG_GT: 0
INPUT_PORT:  []
OUT_PORT:  []
DATA_MEM:  [346, 161]
---------------------------------------
DEBUG    root:machine.py:309 JE 14
TICK: 16749 PC:   8 ADDR:   0 MEM_OUT: 346 ACC: 1 BUFF: 346 DC: 0 FLAG_ZERO: False FLAG_LT: 0 FLAG_GT: 1
INPUT_PORT:  []
OUT_PORT:  []
DATA_MEM:  [346, 161]
---------------------------------------
DEBUG    root:machine.py:309 LD 0
TICK: 16752 PC:   9 ADDR:   0 MEM_OUT: 346 ACC: 1 BUFF: 346 DC: 0 FLAG_ZERO: False FLAG_LT: 0 FLAG_GT: 1
INPUT_PORT:  []
OUT_PORT:  []
DATA_MEM:  [346, 161]
---------------------------------------
DEBUG    root:machine.py:309 MOD 5
TICK: 16756 PC:  10 ADDR:   0 MEM_OUT: 346 ACC: 346 BUFF: 346 DC: 0 FLAG_ZERO: False FLAG_LT: 0 FLAG_GT: 1
INPUT_PORT:  []
OUT_PORT:  []
DATA_MEM:  [346, 161]
---------------------------------------
DEBUG    root:machine.py:309 CMP 0
TICK: 16760 PC:  11 ADDR:   0 MEM_OUT: 346 ACC: 1 BUFF: 346 DC: 0 FLAG_ZERO: False FLAG_LT: 0 FLAG_GT: 1
INPUT_PORT:  []
OUT_PORT:  []
DATA_MEM:  [346, 161]
---------------------------------------
DEBUG    root:machine.py:309 JE 18
TICK: 16763 PC:  12 ADDR:   0 MEM_OUT: 346 ACC: 1 BUFF: 346 DC: 0 FLAG_ZERO: False FLAG_LT: 0 FLAG_GT: 1
INPUT_PORT:  []
OUT_PORT:  []
DATA_MEM:  [346, 161]
---------------------------------------
DEBUG    root:machine.py:309 JMP 0
TICK: 16766 PC:  13 ADDR:   0 MEM_OUT: 346 ACC: 1 BUFF: 346 DC: 0 FLAG_ZERO: False FLAG_LT: 0 FLAG_GT: 1
INPUT_PORT:  []
OUT_PORT:  []
DATA_MEM:  [346, 161]
---------------------------------------
DEBUG    root:machine.py:309 LD 0
TICK: 16769 PC:   0 ADDR:   0 MEM_OUT: 346 ACC: 1 BUFF: 346 DC: 0 FLAG_ZERO: False FLAG_LT: 0 FLAG_GT: 1
INPUT_PORT:  []
OUT_PORT:  []
DATA_MEM:  [346, 161]
---------------------------------------
DEBUG    root:machine.py:309 INC 
TICK: 16773 PC:   1 ADDR:   0 MEM_OUT: 346 ACC: 346 BUFF: 346 DC: 0 FLAG_ZERO: False FLAG_LT: 0 FLAG_GT: 1
INPUT_PORT:  []
OUT_PORT:  []
DATA_MEM:  [346, 161]
---------------------------------------
DEBUG    root:machine.py:309 ST 0
TICK: 16776 PC:   2 ADDR:   0 MEM_OUT: 346 ACC: 347 BUFF: 346 DC: 0 FLAG_ZERO: False FLAG_LT: 0 FLAG_GT: 1
INPUT_PORT:  []
OUT_PORT:  []
DATA_MEM:  [346, 161]
---------------------------------------
DEBUG    root:machine.py:309 CMP 1000
TICK: 16780 PC:   3 ADDR:   0 MEM_OUT: 347 ACC: 347 BUFF: 346 DC: 0 FLAG_ZERO: False FLAG_LT: 0 FLAG_GT: 1
INPUT_PORT:  []
OUT_PORT:  []
DATA_MEM:  [347, 161]
---------------------------------------
DEBUG    root:machine.py:309 JGE 22
TICK: 16783 PC:   4 ADDR:   0 MEM_OUT: 347 ACC: 347 BUFF: 346 DC: 0 FLAG_ZERO: False FLAG_LT: 1 FLAG_GT: 0
INPUT_PORT:  []
OUT_PORT:  []
DATA_MEM:  [347, 161]
---------------------------------------
DEBUG    root:machine.py:309 LD 0
TICK: 16786 PC:   5 ADDR:   0 MEM_OUT: 347 ACC: 347 BUFF: 346 DC: 0 FLAG_ZERO: False FLAG_LT: 1 FLAG_GT: 0
INPUT_PORT:  []
OUT_PORT:  []
DATA_MEM:  [347, 161]
---------------------------------------
DEBUG    root:machine.py:309 MOD 3
TICK: 16790 PC:   6 ADDR:   0 MEM_OUT: 347 ACC: 347 BUFF: 346 DC: 0 FLAG_ZERO: False FLAG_LT: 1 FLAG_GT: 0
INPUT_PORT:  []
OUT_PORT:  []
DATA_MEM:  [347, 161]
---------------------------------------
DEBUG    root:machine.py:309 CMP 0
TICK: 16794 PC:   7 ADDR:   0 MEM_OUT: 347 ACC: 2 BUFF: 347 DC: 0 FLAG_ZERO: False FLAG_LT: 1 FLAG_GT: 0
INPUT_PORT:  []
OUT_PORT:  []
DATA_MEM:  [347, 161]
---------------------------------------
DEBUG    root:machine.py:309 JE 14
TICK: 16797 PC:   8 ADDR:   0 MEM_OUT: 347 ACC: 2 BUFF: 347 DC: 0 FLAG_ZERO: False FLAG_LT: 0 FLAG_GT: 1
INPUT_PORT:  []
OUT_PORT:  []
DATA_MEM:  [347, 161]
---------------------------------------
DEBUG    root:machine.py:309 LD 0
TICK: 16800 PC:   9 ADDR:   0 MEM_OUT: 347 ACC: 2 BUFF: 347 DC: 0 FLAG_ZERO: False FLAG_LT: 0 FLAG_GT: 1
INPUT_PORT:  []
OUT_PORT:  []
DATA_MEM:  [347, 161]
---------------------------------------
DEBUG    root:machine.py:309 MOD 5
TICK: 16804 PC:  10 ADDR:   0 MEM_OUT: 347 ACC: 347 BUFF: 347 DC: 0 FLAG_ZERO: False FLAG_LT: 0 FLAG_GT: 1
INPUT_PORT:  []
OUT_PORT:  []
DATA_MEM:  [347, 161]
---------------------------------------
DEBUG    root:machine.py:309 CMP 0
TICK: 16808 PC:  11 ADDR:   0 MEM_OUT: 347 ACC: 2 BUFF: 347 DC: 0 FLAG_ZERO: False FLAG_LT: 0 FLAG_GT: 1
INPUT_PORT:  []
OUT_PORT:  []
DATA_MEM:  [347, 161]
---------------------------------------
DEBUG    root:machine.py:309 JE 18
TICK: 16811 PC:  12 ADDR:   0 MEM_OUT: 347 ACC: 2 BUFF: 347 DC: 0 FLAG_ZERO: False FLAG_LT: 0 FLAG_GT: 1
INPUT_PORT:  []
OUT_PORT:  []
DATA_MEM:  [347, 161]
---------------------------------------
DEBUG    root:machine.py:309 JMP 0
TICK: 16814 PC:  13 ADDR:   0 MEM_OUT: 347 ACC: 2 BUFF: 347 DC: 0 FLAG_ZERO: False FLAG_LT: 0 FLAG_GT: 1
INPUT_PORT:  []
OUT_PORT:  []
DATA_MEM:  [347, 161]
---------------------------------------
DEBUG    root:machine.py:309 LD 0
TICK: 16817 PC:   0 ADDR:   0 MEM_OUT: 347 ACC: 2 BUFF: 347 DC: 0 FLAG_ZERO: False FLAG_LT: 0 FLAG_GT: 1
INPUT_PORT:  []
OUT_PORT:  []
DATA_MEM:  [347, 161]
---------------------------------------
DEBUG    root:machine.py:309 INC 
TICK: 16821 PC:   1 ADDR:   0 MEM_OUT: 347 ACC: 347 BUFF: 347 DC: 0 FLAG_ZERO: False FLAG_LT: 0 FLAG_GT: 1
INPUT_PORT:  []
OUT_PORT:  []
DATA_MEM:  [347, 161]
---------------------------------------
DEBUG    root:machine.py:309 ST 0
TICK: 16824 PC:   2 ADDR:   0 MEM_OUT: 347 ACC: 348 BUFF: 347 DC: 0 FLAG_ZERO: False FLAG_LT: 0 FLAG_GT: 1
INPUT_PORT:  []
OUT_PORT:  []
DATA_MEM:  [347, 161]
---------------------------------------
DEBUG    root:machine.py:309 CMP 1000
TICK: 16828 PC:   3 ADDR:   0 MEM_OUT: 348 ACC: 348 BUFF: 347 DC: 0 FLAG_ZERO: False FLAG_LT: 0 FLAG_GT: 1
INPUT_PORT:  []
OUT_PORT:  []
DATA_MEM:  [348, 161]
---------------------------------------
DEBUG    root:machine.py:309 JGE 22
TICK: 16831 PC:   4 ADDR:   0 MEM_OUT: 348 ACC: 348 BUFF: 347 DC: 0 FLAG_ZERO: False FLAG_LT: 1 FLAG_GT: 0
INPUT_PORT:  []
OUT_PORT:  []
DATA_MEM:  [348, 161]
---------------------------------------
DEBUG    root:machine.py:309 LD 0
TICK: 16834 PC:   5 ADDR:   0 MEM_OUT: 348 ACC: 348 BUFF: 347 DC: 0 FLAG_ZERO: False FLAG_LT: 1 FLAG_GT: 0
INPUT_PORT:  []
OUT_PORT:  []
DATA_MEM:  [348, 161]
---------------------------------------
DEBUG    root:machine.py:309 MOD 3
TICK: 16838 PC:   6 ADDR:   0 MEM_OUT: 348 ACC: 348 BUFF: 347 DC: 0 FLAG_ZERO: False FLAG_LT: 1 FLAG_GT: 0
INPUT_PORT:  []
OUT_PORT:  []
DATA_MEM:  [348, 161]
---------------------------------------
DEBUG    root:machine.py:309 CMP 0
TICK: 16842 PC:   7 ADDR:   0 MEM_OUT: 348 ACC: 0 BUFF: 348 DC: 0 FLAG_ZERO: False FLAG_LT: 1 FLAG_GT: 0
INPUT_PORT:  []
OUT_PORT:  []
DATA_MEM:  [348, 161]
---------------------------------------
DEBUG    root:machine.py:309 JE 14
TICK: 16845 PC:   8 ADDR:   0 MEM_OUT: 348 ACC: 0 BUFF: 348 DC: 0 FLAG_ZERO: True FLAG_LT: 0 FLAG_GT: 0
INPUT_PORT:  []
OUT_PORT:  []
DATA_MEM:  [348, 161]
---------------------------------------
DEBUG    root:machine.py:309 LD 4
TICK: 16848 PC:  14 ADDR:   0 MEM_OUT: 348 ACC: 0 BUFF: 348 DC: 0 FLAG_ZERO: True FLAG_LT: 0 FLAG_GT: 0
INPUT_PORT:  []
OUT_PORT:  []
DATA_MEM:  [348, 161]
---------------------------------------
DEBUG    root:machine.py:309 INC 
TICK: 16852 PC:  15 ADDR:   1 MEM_OUT: 161 ACC: 161 BUFF: 348 DC: 0 FLAG_ZERO: True FLAG_LT: 0 FLAG_GT: 0
INPUT_PORT:  []
OUT_PORT:  []
DATA_MEM:  [348, 161]
---------------------------------------
DEBUG    root:machine.py:309 ST 4
TICK: 16855 PC:  16 ADDR:   1 MEM_OUT: 161 ACC: 162 BUFF: 348 DC: 0 FLAG_ZERO: True FLAG_LT: 0 FLAG_GT: 0
INPUT_PORT:  []
OUT_PORT:  []
DATA_MEM:  [348, 161]
---------------------------------------
DEBUG    root:machine.py:309 JMP 0
TICK: 16859 PC:  17 ADDR:   1 MEM_OUT: 162 ACC: 162 BUFF: 348 DC: 0 FLAG_ZERO: True FLAG_LT: 0 FLAG_GT: 0
INPUT_PORT:  []
OUT_PORT:  []
DATA_MEM:  [348, 162]
---------------------------------------
DEBUG    root:machine.py:309 LD 0
TICK: 16862 PC:   0 ADDR:   1 MEM_OUT: 162 ACC: 162 BUFF: 348 DC: 0 FLAG_ZERO: True FLAG_LT: 0 FLAG_GT: 0
INPUT_PORT:  []
OUT_PORT:  []
DATA_MEM:  [348, 162]
---------------------------------------
DEBUG    root:machine.py:309 INC 
TICK: 16866 PC:   1 ADDR:   0 MEM_OUT: 348 ACC: 348 BUFF: 348 DC: 0 FLAG_ZERO: True FLAG_LT: 0 FLAG_GT: 0
INPUT_PORT:  []
OUT_PORT:  []
DATA_MEM:  [348, 162]
---------------------------------------
DEBUG    root:machine.py:309 ST 0
TICK: 16869 PC:   2 ADDR:   0 MEM_OUT: 348 ACC: 349 BUFF: 348 DC: 0 FLAG_ZERO: True FLAG_LT: 0 FLAG_GT: 0
INPUT_PORT:  []
OUT_PORT:  []
DATA_MEM:  [348, 162]
---------------------------------------
DEBUG    root:machine.py:309 CMP 1000
TICK: 16873 PC:   3 ADDR:   0 MEM_OUT: 349 ACC: 349 BUFF: 348 DC: 0 FLAG_ZERO: True FLAG_LT: 0 FLAG_GT: 0
INPUT_PORT:  []
OUT_PORT:  []
DATA_MEM:  [349, 162]
---------------------------------------
DEBUG    root:machine.py:309 JGE 22
TICK: 16876 PC:   4 ADDR:   0 MEM_OUT: 349 ACC: 349 BUFF: 348 DC: 0 FLAG_ZERO: False FLAG_LT: 1 FLAG_GT: 0
INPUT_PORT:  []
OUT_PORT:  []
DATA_MEM:  [349, 162]
---------------------------------------
DEBUG    root:machine.py:309 LD 0
TICK: 16879 PC:   5 ADDR:   0 MEM_OUT: 349 ACC: 349 BUFF: 348 DC: 0 FLAG_ZERO: False FLAG_LT: 1 FLAG_GT: 0
INPUT_PORT:  []
OUT_PORT:  []
DATA_MEM:  [349, 162]
---------------------------------------
DEBUG    root:machine.py:309 MOD 3
TICK: 16883 PC:   6 ADDR:   0 MEM_OUT: 349 ACC: 349 BUFF: 348 DC: 0 FLAG_ZERO: False FLAG_LT: 1 FLAG_GT: 0
INPUT_PORT:  []
OUT_PORT:  []
DATA_MEM:  [349, 162]
---------------------------------------
DEBUG    root:machine.py:309 CMP 0
TICK: 16887 PC:   7 ADDR:   0 MEM_OUT: 349 ACC: 1 BUFF: 349 DC: 0 FLAG_ZERO: False FLAG_LT: 1 FLAG_GT: 0
INPUT_PORT:  []
OUT_PORT:  []
DATA_MEM:  [349, 162]
---------------------------------------
DEBUG    root:machine.py:309 JE 14
TICK: 16890 PC:   8 ADDR:   0 MEM_OUT: 349 ACC: 1 BUFF: 349 DC: 0 FLAG_ZERO: False FLAG_LT: 0 FLAG_GT: 1
INPUT_PORT:  []
OUT_PORT:  []
DATA_MEM:  [349, 162]
---------------------------------------
DEBUG    root:machine.py:309 LD 0
TICK: 16893 PC:   9 ADDR:   0 MEM_OUT: 349 ACC: 1 BUFF: 349 DC: 0 FLAG_ZERO: False FLAG_LT: 0 FLAG_GT: 1
INPUT_PORT:  []
OUT_PORT:  []
DATA_MEM:  [349, 162]
---------------------------------------
DEBUG    root:machine.py:309 MOD 5
TICK: 16897 PC:  10 ADDR:   0 MEM_OUT: 349 ACC: 349 BUFF: 349 DC: 0 FLAG_ZERO: False FLAG_LT: 0 FLAG_GT: 1
INPUT_PORT:  []
OUT_PORT:  []
DATA_MEM:  [349, 162]
---------------------------------------
DEBUG    root:machine.py:309 CMP 0
TICK: 16901 PC:  11 ADDR:   0 MEM_OUT: 349 ACC: 4 BUFF: 349 DC: 0 FLAG_ZERO: False FLAG_LT: 0 FLAG_GT: 1
INPUT_PORT:  []
OUT_PORT:  []
DATA_MEM:  [349, 162]
---------------------------------------
DEBUG    root:machine.py:309 JE 18
TICK: 16904 PC:  12 ADDR:   0 MEM_OUT: 349 ACC: 4 BUFF: 349 DC: 0 FLAG_ZERO: False FLAG_LT: 0 FLAG_GT: 1
INPUT_PORT:  []
OUT_PORT:  []
DATA_MEM:  [349, 162]
---------------------------------------
DEBUG    root:machine.py:309 JMP 0
TICK: 16907 PC:  13 ADDR:   0 MEM_OUT: 349 ACC: 4 BUFF: 349 DC: 0 FLAG_ZERO: False FLAG_LT: 0 FLAG_GT: 1
INPUT_PORT:  []
OUT_PORT:  []
DATA_MEM:  [349, 162]
---------------------------------------
DEBUG    root:machine.py:309 LD 0
TICK: 16910 PC:   0 ADDR:   0 MEM_OUT: 349 ACC: 4 BUFF: 349 DC: 0 FLAG_ZERO: False FLAG_LT: 0 FLAG_GT: 1
INPUT_PORT:  []
OUT_PORT:  []
DATA_MEM:  [349, 162]
---------------------------------------
DEBUG    root:machine.py:309 INC 
TICK: 16914 PC:   1 ADDR:   0 MEM_OUT: 349 ACC: 349 BUFF: 349 DC: 0 FLAG_ZERO: False FLAG_LT: 0 FLAG_GT: 1
INPUT_PORT:  []
OUT_PORT:  []
DATA_MEM:  [349, 162]
---------------------------------------
DEBUG    root:machine.py:309 ST 0
TICK: 16917 PC:   2 ADDR:   0 MEM_OUT: 349 ACC: 350 BUFF: 349 DC: 0 FLAG_ZERO: False FLAG_LT: 0 FLAG_GT: 1
INPUT_PORT:  []
OUT_PORT:  []
DATA_MEM:  [349, 162]
---------------------------------------
DEBUG    root:machine.py:309 CMP 1000
TICK: 16921 PC:   3 ADDR:   0 MEM_OUT: 350 ACC: 350 BUFF: 349 DC: 0 FLAG_ZERO: False FLAG_LT: 0 FLAG_GT: 1
INPUT_PORT:  []
OUT_PORT:  []
DATA_MEM:  [350, 162]
---------------------------------------
DEBUG    root:machine.py:309 JGE 22
TICK: 16924 PC:   4 ADDR:   0 MEM_OUT: 350 ACC: 350 BUFF: 349 DC: 0 FLAG_ZERO: False FLAG_LT: 1 FLAG_GT: 0
INPUT_PORT:  []
OUT_PORT:  []
DATA_MEM:  [350, 162]
---------------------------------------
DEBUG    root:machine.py:309 LD 0
TICK: 16927 PC:   5 ADDR:   0 MEM_OUT: 350 ACC: 350 BUFF: 349 DC: 0 FLAG_ZERO: False FLAG_LT: 1 FLAG_GT: 0
INPUT_PORT:  []
OUT_PORT:  []
DATA_MEM:  [350, 162]
---------------------------------------
DEBUG    root:machine.py:309 MOD 3
TICK: 16931 PC:   6 ADDR:   0 MEM_OUT: 350 ACC: 350 BUFF: 349 DC: 0 FLAG_ZERO: False FLAG_LT: 1 FLAG_GT: 0
INPUT_PORT:  []
OUT_PORT:  []
DATA_MEM:  [350, 162]
---------------------------------------
DEBUG    root:machine.py:309 CMP 0
TICK: 16935 PC:   7 ADDR:   0 MEM_OUT: 350 ACC: 2 BUFF: 350 DC: 0 FLAG_ZERO: False FLAG_LT: 1 FLAG_GT: 0
INPUT_PORT:  []
OUT_PORT:  []
DATA_MEM:  [350, 162]
---------------------------------------
DEBUG    root:machine.py:309 JE 14
TICK: 16938 PC:   8 ADDR:   0 MEM_OUT: 350 ACC: 2 BUFF: 350 DC: 0 FLAG_ZERO: False FLAG_LT: 0 FLAG_GT: 1
INPUT_PORT:  []
OUT_PORT:  []
DATA_MEM:  [350, 162]
---------------------------------------
DEBUG    root:machine.py:309 LD 0
TICK: 16941 PC:   9 ADDR:   0 MEM_OUT: 350 ACC: 2 BUFF: 350 DC: 0 FLAG_ZERO: False FLAG_LT: 0 FLAG_GT: 1
INPUT_PORT:  []
OUT_PORT:  []
DATA_MEM:  [350, 162]
---------------------------------------
DEBUG    root:machine.py:309 MOD 5
TICK: 16945 PC:  10 ADDR:   0 MEM_OUT: 350 ACC: 350 BUFF: 350 DC: 0 FLAG_ZERO: False FLAG_LT: 0 FLAG_GT: 1
INPUT_PORT:  []
OUT_PORT:  []
DATA_MEM:  [350, 162]
---------------------------------------
DEBUG    root:machine.py:309 CMP 0
TICK: 16949 PC:  11 ADDR:   0 MEM_OUT: 350 ACC: 0 BUFF: 350 DC: 0 FLAG_ZERO: False FLAG_LT: 0 FLAG_GT: 1
INPUT_PORT:  []
OUT_PORT:  []
DATA_MEM:  [350, 162]
---------------------------------------
DEBUG    root:machine.py:309 JE 18
TICK: 16952 PC:  12 ADDR:   0 MEM_OUT: 350 ACC: 0 BUFF: 350 DC: 0 FLAG_ZERO: True FLAG_LT: 0 FLAG_GT: 0
INPUT_PORT:  []
OUT_PORT:  []
DATA_MEM:  [350, 162]
---------------------------------------
DEBUG    root:machine.py:309 LD 4
TICK: 16955 PC:  18 ADDR:   0 MEM_OUT: 350 ACC: 0 BUFF: 350 DC: 0 FLAG_ZERO: True FLAG_LT: 0 FLAG_GT: 0
INPUT_PORT:  []
OUT_PORT:  []
DATA_MEM:  [350, 162]
---------------------------------------
DEBUG    root:machine.py:309 INC 
TICK: 16959 PC:  19 ADDR:   1 MEM_OUT: 162 ACC: 162 BUFF: 350 DC: 0 FLAG_ZERO: True FLAG_LT: 0 FLAG_GT: 0
INPUT_PORT:  []
OUT_PORT:  []
DATA_MEM:  [350, 162]
---------------------------------------
DEBUG    root:machine.py:309 ST 4
TICK: 16962 PC:  20 ADDR:   1 MEM_OUT: 162 ACC: 163 BUFF: 350 DC: 0 FLAG_ZERO: True FLAG_LT: 0 FLAG_GT: 0
INPUT_PORT:  []
OUT_PORT:  []
DATA_MEM:  [350, 162]
---------------------------------------
DEBUG    root:machine.py:309 JMP 0
TICK: 16966 PC:  21 ADDR:   1 MEM_OUT: 163 ACC: 163 BUFF: 350 DC: 0 FLAG_ZERO: True FLAG_LT: 0 FLAG_GT: 0
INPUT_PORT:  []
OUT_PORT:  []
DATA_MEM:  [350, 163]
---------------------------------------
DEBUG    root:machine.py:309 LD 0
TICK: 16969 PC:   0 ADDR:   1 MEM_OUT: 163 ACC: 163 BUFF: 350 DC: 0 FLAG_ZERO: True FLAG_LT: 0 FLAG_GT: 0
INPUT_PORT:  []
OUT_PORT:  []
DATA_MEM:  [350, 163]
---------------------------------------
DEBUG    root:machine.py:309 INC 
TICK: 16973 PC:   1 ADDR:   0 MEM_OUT: 350 ACC: 350 BUFF: 350 DC: 0 FLAG_ZERO: True FLAG_LT: 0 FLAG_GT: 0
INPUT_PORT:  []
OUT_PORT:  []
DATA_MEM:  [350, 163]
---------------------------------------
DEBUG    root:machine.py:309 ST 0
TICK: 16976 PC:   2 ADDR:   0 MEM_OUT: 350 ACC: 351 BUFF: 350 DC: 0 FLAG_ZERO: True FLAG_LT: 0 FLAG_GT: 0
INPUT_PORT:  []
OUT_PORT:  []
DATA_MEM:  [350, 163]
---------------------------------------
DEBUG    root:machine.py:309 CMP 1000
TICK: 16980 PC:   3 ADDR:   0 MEM_OUT: 351 ACC: 351 BUFF: 350 DC: 0 FLAG_ZERO: True FLAG_LT: 0 FLAG_GT: 0
INPUT_PORT:  []
OUT_PORT:  []
DATA_MEM:  [351, 163]
---------------------------------------
DEBUG    root:machine.py:309 JGE 22
TICK: 16983 PC:   4 ADDR:   0 MEM_OUT: 351 ACC: 351 BUFF: 350 DC: 0 FLAG_ZERO: False FLAG_LT: 1 FLAG_GT: 0
INPUT_PORT:  []
OUT_PORT:  []
DATA_MEM:  [351, 163]
---------------------------------------
DEBUG    root:machine.py:309 LD 0
TICK: 16986 PC:   5 ADDR:   0 MEM_OUT: 351 ACC: 351 BUFF: 350 DC: 0 FLAG_ZERO: False FLAG_LT: 1 FLAG_GT: 0
INPUT_PORT:  []
OUT_PORT:  []
DATA_MEM:  [351, 163]
---------------------------------------
DEBUG    root:machine.py:309 MOD 3
TICK: 16990 PC:   6 ADDR:   0 MEM_OUT: 351 ACC: 351 BUFF: 350 DC: 0 FLAG_ZERO: False FLAG_LT: 1 FLAG_GT: 0
INPUT_PORT:  []
OUT_PORT:  []
DATA_MEM:  [351, 163]
---------------------------------------
DEBUG    root:machine.py:309 CMP 0
TICK: 16994 PC:   7 ADDR:   0 MEM_OUT: 351 ACC: 0 BUFF: 351 DC: 0 FLAG_ZERO: False FLAG_LT: 1 FLAG_GT: 0
INPUT_PORT:  []
OUT_PORT:  []
DATA_MEM:  [351, 163]
---------------------------------------
DEBUG    root:machine.py:309 JE 14
TICK: 16997 PC:   8 ADDR:   0 MEM_OUT: 351 ACC: 0 BUFF: 351 DC: 0 FLAG_ZERO: True FLAG_LT: 0 FLAG_GT: 0
INPUT_PORT:  []
OUT_PORT:  []
DATA_MEM:  [351, 163]
---------------------------------------
DEBUG    root:machine.py:309 LD 4
TICK: 17000 PC:  14 ADDR:   0 MEM_OUT: 351 ACC: 0 BUFF: 351 DC: 0 FLAG_ZERO: True FLAG_LT: 0 FLAG_GT: 0
INPUT_PORT:  []
OUT_PORT:  []
DATA_MEM:  [351, 163]
---------------------------------------
DEBUG    root:machine.py:309 INC 
TICK: 17004 PC:  15 ADDR:   1 MEM_OUT: 163 ACC: 163 BUFF: 351 DC: 0 FLAG_ZERO: True FLAG_LT: 0 FLAG_GT: 0
INPUT_PORT:  []
OUT_PORT:  []
DATA_MEM:  [351, 163]
---------------------------------------
DEBUG    root:machine.py:309 ST 4
TICK: 17007 PC:  16 ADDR:   1 MEM_OUT: 163 ACC: 164 BUFF: 351 DC: 0 FLAG_ZERO: True FLAG_LT: 0 FLAG_GT: 0
INPUT_PORT:  []
OUT_PORT:  []
DATA_MEM:  [351, 163]
---------------------------------------
DEBUG    root:machine.py:309 JMP 0
TICK: 17011 PC:  17 ADDR:   1 MEM_OUT: 164 ACC: 164 BUFF: 351 DC: 0 FLAG_ZERO: True FLAG_LT: 0 FLAG_GT: 0
INPUT_PORT:  []
OUT_PORT:  []
DATA_MEM:  [351, 164]
---------------------------------------
DEBUG    root:machine.py:309 LD 0
TICK: 17014 PC:   0 ADDR:   1 MEM_OUT: 164 ACC: 164 BUFF: 351 DC: 0 FLAG_ZERO: True FLAG_LT: 0 FLAG_GT: 0
INPUT_PORT:  []
OUT_PORT:  []
DATA_MEM:  [351, 164]
---------------------------------------
DEBUG    root:machine.py:309 INC 
TICK: 17018 PC:   1 ADDR:   0 MEM_OUT: 351 ACC: 351 BUFF: 351 DC: 0 FLAG_ZERO: True FLAG_LT: 0 FLAG_GT: 0
INPUT_PORT:  []
OUT_PORT:  []
DATA_MEM:  [351, 164]
---------------------------------------
DEBUG    root:machine.py:309 ST 0
TICK: 17021 PC:   2 ADDR:   0 MEM_OUT: 351 ACC: 352 BUFF: 351 DC: 0 FLAG_ZERO: True FLAG_LT: 0 FLAG_GT: 0
INPUT_PORT:  []
OUT_PORT:  []
DATA_MEM:  [351, 164]
---------------------------------------
DEBUG    root:machine.py:309 CMP 1000
TICK: 17025 PC:   3 ADDR:   0 MEM_OUT: 352 ACC: 352 BUFF: 351 DC: 0 FLAG_ZERO: True FLAG_LT: 0 FLAG_GT: 0
INPUT_PORT:  []
OUT_PORT:  []
DATA_MEM:  [352, 164]
---------------------------------------
DEBUG    root:machine.py:309 JGE 22
TICK: 17028 PC:   4 ADDR:   0 MEM_OUT: 352 ACC: 352 BUFF: 351 DC: 0 FLAG_ZERO: False FLAG_LT: 1 FLAG_GT: 0
INPUT_PORT:  []
OUT_PORT:  []
DATA_MEM:  [352, 164]
---------------------------------------
DEBUG    root:machine.py:309 LD 0
TICK: 17031 PC:   5 ADDR:   0 MEM_OUT: 352 ACC: 352 BUFF: 351 DC: 0 FLAG_ZERO: False FLAG_LT: 1 FLAG_GT: 0
INPUT_PORT:  []
OUT_PORT:  []
DATA_MEM:  [352, 164]
---------------------------------------
DEBUG    root:machine.py:309 MOD 3
TICK: 17035 PC:   6 ADDR:   0 MEM_OUT: 352 ACC: 352 BUFF: 351 DC: 0 FLAG_ZERO: False FLAG_LT: 1 FLAG_GT: 0
INPUT_PORT:  []
OUT_PORT:  []
DATA_MEM:  [352, 164]
---------------------------------------
DEBUG    root:machine.py:309 CMP 0
TICK: 17039 PC:   7 ADDR:   0 MEM_OUT: 352 ACC: 1 BUFF: 352 DC: 0 FLAG_ZERO: False FLAG_LT: 1 FLAG_GT: 0
INPUT_PORT:  []
OUT_PORT:  []
DATA_MEM:  [352, 164]
---------------------------------------
DEBUG    root:machine.py:309 JE 14
TICK: 17042 PC:   8 ADDR:   0 MEM_OUT: 352 ACC: 1 BUFF: 352 DC: 0 FLAG_ZERO: False FLAG_LT: 0 FLAG_GT: 1
INPUT_PORT:  []
OUT_PORT:  []
DATA_MEM:  [352, 164]
---------------------------------------
DEBUG    root:machine.py:309 LD 0
TICK: 17045 PC:   9 ADDR:   0 MEM_OUT: 352 ACC: 1 BUFF: 352 DC: 0 FLAG_ZERO: False FLAG_LT: 0 FLAG_GT: 1
INPUT_PORT:  []
OUT_PORT:  []
DATA_MEM:  [352, 164]
---------------------------------------
DEBUG    root:machine.py:309 MOD 5
TICK: 17049 PC:  10 ADDR:   0 MEM_OUT: 352 ACC: 352 BUFF: 352 DC: 0 FLAG_ZERO: False FLAG_LT: 0 FLAG_GT: 1
INPUT_PORT:  []
OUT_PORT:  []
DATA_MEM:  [352, 164]
---------------------------------------
DEBUG    root:machine.py:309 CMP 0
TICK: 17053 PC:  11 ADDR:   0 MEM_OUT: 352 ACC: 2 BUFF: 352 DC: 0 FLAG_ZERO: False FLAG_LT: 0 FLAG_GT: 1
INPUT_PORT:  []
OUT_PORT:  []
DATA_MEM:  [352, 164]
---------------------------------------
DEBUG    root:machine.py:309 JE 18
TICK: 17056 PC:  12 ADDR:   0 MEM_OUT: 352 ACC: 2 BUFF: 352 DC: 0 FLAG_ZERO: False FLAG_LT: 0 FLAG_GT: 1
INPUT_PORT:  []
OUT_PORT:  []
DATA_MEM:  [352, 164]
---------------------------------------
DEBUG    root:machine.py:309 JMP 0
TICK: 17059 PC:  13 ADDR:   0 MEM_OUT: 352 ACC: 2 BUFF: 352 DC: 0 FLAG_ZERO: False FLAG_LT: 0 FLAG_GT: 1
INPUT_PORT:  []
OUT_PORT:  []
DATA_MEM:  [352, 164]
---------------------------------------
DEBUG    root:machine.py:309 LD 0
TICK: 17062 PC:   0 ADDR:   0 MEM_OUT: 352 ACC: 2 BUFF: 352 DC: 0 FLAG_ZERO: False FLAG_LT: 0 FLAG_GT: 1
INPUT_PORT:  []
OUT_PORT:  []
DATA_MEM:  [352, 164]
---------------------------------------
DEBUG    root:machine.py:309 INC 
TICK: 17066 PC:   1 ADDR:   0 MEM_OUT: 352 ACC: 352 BUFF: 352 DC: 0 FLAG_ZERO: False FLAG_LT: 0 FLAG_GT: 1
INPUT_PORT:  []
OUT_PORT:  []
DATA_MEM:  [352, 164]
---------------------------------------
DEBUG    root:machine.py:309 ST 0
TICK: 17069 PC:   2 ADDR:   0 MEM_OUT: 352 ACC: 353 BUFF: 352 DC: 0 FLAG_ZERO: False FLAG_LT: 0 FLAG_GT: 1
INPUT_PORT:  []
OUT_PORT:  []
DATA_MEM:  [352, 164]
---------------------------------------
DEBUG    root:machine.py:309 CMP 1000
TICK: 17073 PC:   3 ADDR:   0 MEM_OUT: 353 ACC: 353 BUFF: 352 DC: 0 FLAG_ZERO: False FLAG_LT: 0 FLAG_GT: 1
INPUT_PORT:  []
OUT_PORT:  []
DATA_MEM:  [353, 164]
---------------------------------------
DEBUG    root:machine.py:309 JGE 22
TICK: 17076 PC:   4 ADDR:   0 MEM_OUT: 353 ACC: 353 BUFF: 352 DC: 0 FLAG_ZERO: False FLAG_LT: 1 FLAG_GT: 0
INPUT_PORT:  []
OUT_PORT:  []
DATA_MEM:  [353, 164]
---------------------------------------
DEBUG    root:machine.py:309 LD 0
TICK: 17079 PC:   5 ADDR:   0 MEM_OUT: 353 ACC: 353 BUFF: 352 DC: 0 FLAG_ZERO: False FLAG_LT: 1 FLAG_GT: 0
INPUT_PORT:  []
OUT_PORT:  []
DATA_MEM:  [353, 164]
---------------------------------------
DEBUG    root:machine.py:309 MOD 3
TICK: 17083 PC:   6 ADDR:   0 MEM_OUT: 353 ACC: 353 BUFF: 352 DC: 0 FLAG_ZERO: False FLAG_LT: 1 FLAG_GT: 0
INPUT_PORT:  []
OUT_PORT:  []
DATA_MEM:  [353, 164]
---------------------------------------
DEBUG    root:machine.py:309 CMP 0
TICK: 17087 PC:   7 ADDR:   0 MEM_OUT: 353 ACC: 2 BUFF: 353 DC: 0 FLAG_ZERO: False FLAG_LT: 1 FLAG_GT: 0
INPUT_PORT:  []
OUT_PORT:  []
DATA_MEM:  [353, 164]
---------------------------------------
DEBUG    root:machine.py:309 JE 14
TICK: 17090 PC:   8 ADDR:   0 MEM_OUT: 353 ACC: 2 BUFF: 353 DC: 0 FLAG_ZERO: False FLAG_LT: 0 FLAG_GT: 1
INPUT_PORT:  []
OUT_PORT:  []
DATA_MEM:  [353, 164]
---------------------------------------
DEBUG    root:machine.py:309 LD 0
TICK: 17093 PC:   9 ADDR:   0 MEM_OUT: 353 ACC: 2 BUFF: 353 DC: 0 FLAG_ZERO: False FLAG_LT: 0 FLAG_GT: 1
INPUT_PORT:  []
OUT_PORT:  []
DATA_MEM:  [353, 164]
---------------------------------------
DEBUG    root:machine.py:309 MOD 5
TICK: 17097 PC:  10 ADDR:   0 MEM_OUT: 353 ACC: 353 BUFF: 353 DC: 0 FLAG_ZERO: False FLAG_LT: 0 FLAG_GT: 1
INPUT_PORT:  []
OUT_PORT:  []
DATA_MEM:  [353, 164]
---------------------------------------
DEBUG    root:machine.py:309 CMP 0
TICK: 17101 PC:  11 ADDR:   0 MEM_OUT: 353 ACC: 3 BUFF: 353 DC: 0 FLAG_ZERO: False FLAG_LT: 0 FLAG_GT: 1
INPUT_PORT:  []
OUT_PORT:  []
DATA_MEM:  [353, 164]
---------------------------------------
DEBUG    root:machine.py:309 JE 18
TICK: 17104 PC:  12 ADDR:   0 MEM_OUT: 353 ACC: 3 BUFF: 353 DC: 0 FLAG_ZERO: False FLAG_LT: 0 FLAG_GT: 1
INPUT_PORT:  []
OUT_PORT:  []
DATA_MEM:  [353, 164]
---------------------------------------
DEBUG    root:machine.py:309 JMP 0
TICK: 17107 PC:  13 ADDR:   0 MEM_OUT: 353 ACC: 3 BUFF: 353 DC: 0 FLAG_ZERO: False FLAG_LT: 0 FLAG_GT: 1
INPUT_PORT:  []
OUT_PORT:  []
DATA_MEM:  [353, 164]
---------------------------------------
DEBUG    root:machine.py:309 LD 0
TICK: 17110 PC:   0 ADDR:   0 MEM_OUT: 353 ACC: 3 BUFF: 353 DC: 0 FLAG_ZERO: False FLAG_LT: 0 FLAG_GT: 1
INPUT_PORT:  []
OUT_PORT:  []
DATA_MEM:  [353, 164]
---------------------------------------
DEBUG    root:machine.py:309 INC 
TICK: 17114 PC:   1 ADDR:   0 MEM_OUT: 353 ACC: 353 BUFF: 353 DC: 0 FLAG_ZERO: False FLAG_LT: 0 FLAG_GT: 1
INPUT_PORT:  []
OUT_PORT:  []
DATA_MEM:  [353, 164]
---------------------------------------
DEBUG    root:machine.py:309 ST 0
TICK: 17117 PC:   2 ADDR:   0 MEM_OUT: 353 ACC: 354 BUFF: 353 DC: 0 FLAG_ZERO: False FLAG_LT: 0 FLAG_GT: 1
INPUT_PORT:  []
OUT_PORT:  []
DATA_MEM:  [353, 164]
---------------------------------------
DEBUG    root:machine.py:309 CMP 1000
TICK: 17121 PC:   3 ADDR:   0 MEM_OUT: 354 ACC: 354 BUFF: 353 DC: 0 FLAG_ZERO: False FLAG_LT: 0 FLAG_GT: 1
INPUT_PORT:  []
OUT_PORT:  []
DATA_MEM:  [354, 164]
---------------------------------------
DEBUG    root:machine.py:309 JGE 22
TICK: 17124 PC:   4 ADDR:   0 MEM_OUT: 354 ACC: 354 BUFF: 353 DC: 0 FLAG_ZERO: False FLAG_LT: 1 FLAG_GT: 0
INPUT_PORT:  []
OUT_PORT:  []
DATA_MEM:  [354, 164]
---------------------------------------
DEBUG    root:machine.py:309 LD 0
TICK: 17127 PC:   5 ADDR:   0 MEM_OUT: 354 ACC: 354 BUFF: 353 DC: 0 FLAG_ZERO: False FLAG_LT: 1 FLAG_GT: 0
INPUT_PORT:  []
OUT_PORT:  []
DATA_MEM:  [354, 164]
---------------------------------------
DEBUG    root:machine.py:309 MOD 3
TICK: 17131 PC:   6 ADDR:   0 MEM_OUT: 354 ACC: 354 BUFF: 353 DC: 0 FLAG_ZERO: False FLAG_LT: 1 FLAG_GT: 0
INPUT_PORT:  []
OUT_PORT:  []
DATA_MEM:  [354, 164]
---------------------------------------
DEBUG    root:machine.py:309 CMP 0
TICK: 17135 PC:   7 ADDR:   0 MEM_OUT: 354 ACC: 0 BUFF: 354 DC: 0 FLAG_ZERO: False FLAG_LT: 1 FLAG_GT: 0
INPUT_PORT:  []
OUT_PORT:  []
DATA_MEM:  [354, 164]
---------------------------------------
DEBUG    root:machine.py:309 JE 14
TICK: 17138 PC:   8 ADDR:   0 MEM_OUT: 354 ACC: 0 BUFF: 354 DC: 0 FLAG_ZERO: True FLAG_LT: 0 FLAG_GT: 0
INPUT_PORT:  []
OUT_PORT:  []
DATA_MEM:  [354, 164]
---------------------------------------
DEBUG    root:machine.py:309 LD 4
TICK: 17141 PC:  14 ADDR:   0 MEM_OUT: 354 ACC: 0 BUFF: 354 DC: 0 FLAG_ZERO: True FLAG_LT: 0 FLAG_GT: 0
INPUT_PORT:  []
OUT_PORT:  []
DATA_MEM:  [354, 164]
---------------------------------------
DEBUG    root:machine.py:309 INC 
TICK: 17145 PC:  15 ADDR:   1 MEM_OUT: 164 ACC: 164 BUFF: 354 DC: 0 FLAG_ZERO: True FLAG_LT: 0 FLAG_GT: 0
INPUT_PORT:  []
OUT_PORT:  []
DATA_MEM:  [354, 164]
---------------------------------------
DEBUG    root:machine.py:309 ST 4
TICK: 17148 PC:  16 ADDR:   1 MEM_OUT: 164 ACC: 165 BUFF: 354 DC: 0 FLAG_ZERO: True FLAG_LT: 0 FLAG_GT: 0
INPUT_PORT:  []
OUT_PORT:  []
DATA_MEM:  [354, 164]
---------------------------------------
DEBUG    root:machine.py:309 JMP 0
TICK: 17152 PC:  17 ADDR:   1 MEM_OUT: 165 ACC: 165 BUFF: 354 DC: 0 FLAG_ZERO: True FLAG_LT: 0 FLAG_GT: 0
INPUT_PORT:  []
OUT_PORT:  []
DATA_MEM:  [354, 165]
---------------------------------------
DEBUG    root:machine.py:309 LD 0
TICK: 17155 PC:   0 ADDR:   1 MEM_OUT: 165 ACC: 165 BUFF: 354 DC: 0 FLAG_ZERO: True FLAG_LT: 0 FLAG_GT: 0
INPUT_PORT:  []
OUT_PORT:  []
DATA_MEM:  [354, 165]
---------------------------------------
DEBUG    root:machine.py:309 INC 
TICK: 17159 PC:   1 ADDR:   0 MEM_OUT: 354 ACC: 354 BUFF: 354 DC: 0 FLAG_ZERO: True FLAG_LT: 0 FLAG_GT: 0
INPUT_PORT:  []
OUT_PORT:  []
DATA_MEM:  [354, 165]
---------------------------------------
DEBUG    root:machine.py:309 ST 0
TICK: 17162 PC:   2 ADDR:   0 MEM_OUT: 354 ACC: 355 BUFF: 354 DC: 0 FLAG_ZERO: True FLAG_LT: 0 FLAG_GT: 0
INPUT_PORT:  []
OUT_PORT:  []
DATA_MEM:  [354, 165]
---------------------------------------
DEBUG    root:machine.py:309 CMP 1000
TICK: 17166 PC:   3 ADDR:   0 MEM_OUT: 355 ACC: 355 BUFF: 354 DC: 0 FLAG_ZERO: True FLAG_LT: 0 FLAG_GT: 0
INPUT_PORT:  []
OUT_PORT:  []
DATA_MEM:  [355, 165]
---------------------------------------
DEBUG    root:machine.py:309 JGE 22
TICK: 17169 PC:   4 ADDR:   0 MEM_OUT: 355 ACC: 355 BUFF: 354 DC: 0 FLAG_ZERO: False FLAG_LT: 1 FLAG_GT: 0
INPUT_PORT:  []
OUT_PORT:  []
DATA_MEM:  [355, 165]
---------------------------------------
DEBUG    root:machine.py:309 LD 0
TICK: 17172 PC:   5 ADDR:   0 MEM_OUT: 355 ACC: 355 BUFF: 354 DC: 0 FLAG_ZERO: False FLAG_LT: 1 FLAG_GT: 0
INPUT_PORT:  []
OUT_PORT:  []
DATA_MEM:  [355, 165]
---------------------------------------
DEBUG    root:machine.py:309 MOD 3
TICK: 17176 PC:   6 ADDR:   0 MEM_OUT: 355 ACC: 355 BUFF: 354 DC: 0 FLAG_ZERO: False FLAG_LT: 1 FLAG_GT: 0
INPUT_PORT:  []
OUT_PORT:  []
DATA_MEM:  [355, 165]
---------------------------------------
DEBUG    root:machine.py:309 CMP 0
TICK: 17180 PC:   7 ADDR:   0 MEM_OUT: 355 ACC: 1 BUFF: 355 DC: 0 FLAG_ZERO: False FLAG_LT: 1 FLAG_GT: 0
INPUT_PORT:  []
OUT_PORT:  []
DATA_MEM:  [355, 165]
---------------------------------------
DEBUG    root:machine.py:309 JE 14
TICK: 17183 PC:   8 ADDR:   0 MEM_OUT: 355 ACC: 1 BUFF: 355 DC: 0 FLAG_ZERO: False FLAG_LT: 0 FLAG_GT: 1
INPUT_PORT:  []
OUT_PORT:  []
DATA_MEM:  [355, 165]
---------------------------------------
DEBUG    root:machine.py:309 LD 0
TICK: 17186 PC:   9 ADDR:   0 MEM_OUT: 355 ACC: 1 BUFF: 355 DC: 0 FLAG_ZERO: False FLAG_LT: 0 FLAG_GT: 1
INPUT_PORT:  []
OUT_PORT:  []
DATA_MEM:  [355, 165]
---------------------------------------
DEBUG    root:machine.py:309 MOD 5
TICK: 17190 PC:  10 ADDR:   0 MEM_OUT: 355 ACC: 355 BUFF: 355 DC: 0 FLAG_ZERO: False FLAG_LT: 0 FLAG_GT: 1
INPUT_PORT:  []
OUT_PORT:  []
DATA_MEM:  [355, 165]
---------------------------------------
DEBUG    root:machine.py:309 CMP 0
TICK: 17194 PC:  11 ADDR:   0 MEM_OUT: 355 ACC: 0 BUFF: 355 DC: 0 FLAG_ZERO: False FLAG_LT: 0 FLAG_GT: 1
INPUT_PORT:  []
OUT_PORT:  []
DATA_MEM:  [355, 165]
---------------------------------------
DEBUG    root:machine.py:309 JE 18
TICK: 17197 PC:  12 ADDR:   0 MEM_OUT: 355 ACC: 0 BUFF: 355 DC: 0 FLAG_ZERO: True FLAG_LT: 0 FLAG_GT: 0
INPUT_PORT:  []
OUT_PORT:  []
DATA_MEM:  [355, 165]
---------------------------------------
DEBUG    root:machine.py:309 LD 4
TICK: 17200 PC:  18 ADDR:   0 MEM_OUT: 355 ACC: 0 BUFF: 355 DC: 0 FLAG_ZERO: True FLAG_LT: 0 FLAG_GT: 0
INPUT_PORT:  []
OUT_PORT:  []
DATA_MEM:  [355, 165]
---------------------------------------
DEBUG    root:machine.py:309 INC 
TICK: 17204 PC:  19 ADDR:   1 MEM_OUT: 165 ACC: 165 BUFF: 355 DC: 0 FLAG_ZERO: True FLAG_LT: 0 FLAG_GT: 0
INPUT_PORT:  []
OUT_PORT:  []
DATA_MEM:  [355, 165]
---------------------------------------
DEBUG    root:machine.py:309 ST 4
TICK: 17207 PC:  20 ADDR:   1 MEM_OUT: 165 ACC: 166 BUFF: 355 DC: 0 FLAG_ZERO: True FLAG_LT: 0 FLAG_GT: 0
INPUT_PORT:  []
OUT_PORT:  []
DATA_MEM:  [355, 165]
---------------------------------------
DEBUG    root:machine.py:309 JMP 0
TICK: 17211 PC:  21 ADDR:   1 MEM_OUT: 166 ACC: 166 BUFF: 355 DC: 0 FLAG_ZERO: True FLAG_LT: 0 FLAG_GT: 0
INPUT_PORT:  []
OUT_PORT:  []
DATA_MEM:  [355, 166]
---------------------------------------
DEBUG    root:machine.py:309 LD 0
TICK: 17214 PC:   0 ADDR:   1 MEM_OUT: 166 ACC: 166 BUFF: 355 DC: 0 FLAG_ZERO: True FLAG_LT: 0 FLAG_GT: 0
INPUT_PORT:  []
OUT_PORT:  []
DATA_MEM:  [355, 166]
---------------------------------------
DEBUG    root:machine.py:309 INC 
TICK: 17218 PC:   1 ADDR:   0 MEM_OUT: 355 ACC: 355 BUFF: 355 DC: 0 FLAG_ZERO: True FLAG_LT: 0 FLAG_GT: 0
INPUT_PORT:  []
OUT_PORT:  []
DATA_MEM:  [355, 166]
---------------------------------------
DEBUG    root:machine.py:309 ST 0
TICK: 17221 PC:   2 ADDR:   0 MEM_OUT: 355 ACC: 356 BUFF: 355 DC: 0 FLAG_ZERO: True FLAG_LT: 0 FLAG_GT: 0
INPUT_PORT:  []
OUT_PORT:  []
DATA_MEM:  [355, 166]
---------------------------------------
DEBUG    root:machine.py:309 CMP 1000
TICK: 17225 PC:   3 ADDR:   0 MEM_OUT: 356 ACC: 356 BUFF: 355 DC: 0 FLAG_ZERO: True FLAG_LT: 0 FLAG_GT: 0
INPUT_PORT:  []
OUT_PORT:  []
DATA_MEM:  [356, 166]
---------------------------------------
DEBUG    root:machine.py:309 JGE 22
TICK: 17228 PC:   4 ADDR:   0 MEM_OUT: 356 ACC: 356 BUFF: 355 DC: 0 FLAG_ZERO: False FLAG_LT: 1 FLAG_GT: 0
INPUT_PORT:  []
OUT_PORT:  []
DATA_MEM:  [356, 166]
---------------------------------------
DEBUG    root:machine.py:309 LD 0
TICK: 17231 PC:   5 ADDR:   0 MEM_OUT: 356 ACC: 356 BUFF: 355 DC: 0 FLAG_ZERO: False FLAG_LT: 1 FLAG_GT: 0
INPUT_PORT:  []
OUT_PORT:  []
DATA_MEM:  [356, 166]
---------------------------------------
DEBUG    root:machine.py:309 MOD 3
TICK: 17235 PC:   6 ADDR:   0 MEM_OUT: 356 ACC: 356 BUFF: 355 DC: 0 FLAG_ZERO: False FLAG_LT: 1 FLAG_GT: 0
INPUT_PORT:  []
OUT_PORT:  []
DATA_MEM:  [356, 166]
---------------------------------------
DEBUG    root:machine.py:309 CMP 0
TICK: 17239 PC:   7 ADDR:   0 MEM_OUT: 356 ACC: 2 BUFF: 356 DC: 0 FLAG_ZERO: False FLAG_LT: 1 FLAG_GT: 0
INPUT_PORT:  []
OUT_PORT:  []
DATA_MEM:  [356, 166]
---------------------------------------
DEBUG    root:machine.py:309 JE 14
TICK: 17242 PC:   8 ADDR:   0 MEM_OUT: 356 ACC: 2 BUFF: 356 DC: 0 FLAG_ZERO: False FLAG_LT: 0 FLAG_GT: 1
INPUT_PORT:  []
OUT_PORT:  []
DATA_MEM:  [356, 166]
---------------------------------------
DEBUG    root:machine.py:309 LD 0
TICK: 17245 PC:   9 ADDR:   0 MEM_OUT: 356 ACC: 2 BUFF: 356 DC: 0 FLAG_ZERO: False FLAG_LT: 0 FLAG_GT: 1
INPUT_PORT:  []
OUT_PORT:  []
DATA_MEM:  [356, 166]
---------------------------------------
DEBUG    root:machine.py:309 MOD 5
TICK: 17249 PC:  10 ADDR:   0 MEM_OUT: 356 ACC: 356 BUFF: 356 DC: 0 FLAG_ZERO: False FLAG_LT: 0 FLAG_GT: 1
INPUT_PORT:  []
OUT_PORT:  []
DATA_MEM:  [356, 166]
---------------------------------------
DEBUG    root:machine.py:309 CMP 0
TICK: 17253 PC:  11 ADDR:   0 MEM_OUT: 356 ACC: 1 BUFF: 356 DC: 0 FLAG_ZERO: False FLAG_LT: 0 FLAG_GT: 1
INPUT_PORT:  []
OUT_PORT:  []
DATA_MEM:  [356, 166]
---------------------------------------
DEBUG    root:machine.py:309 JE 18
TICK: 17256 PC:  12 ADDR:   0 MEM_OUT: 356 ACC: 1 BUFF: 356 DC: 0 FLAG_ZERO: False FLAG_LT: 0 FLAG_GT: 1
INPUT_PORT:  []
OUT_PORT:  []
DATA_MEM:  [356, 166]
---------------------------------------
DEBUG    root:machine.py:309 JMP 0
TICK: 17259 PC:  13 ADDR:   0 MEM_OUT: 356 ACC: 1 BUFF: 356 DC: 0 FLAG_ZERO: False FLAG_LT: 0 FLAG_GT: 1
INPUT_PORT:  []
OUT_PORT:  []
DATA_MEM:  [356, 166]
---------------------------------------
DEBUG    root:machine.py:309 LD 0
TICK: 17262 PC:   0 ADDR:   0 MEM_OUT: 356 ACC: 1 BUFF: 356 DC: 0 FLAG_ZERO: False FLAG_LT: 0 FLAG_GT: 1
INPUT_PORT:  []
OUT_PORT:  []
DATA_MEM:  [356, 166]
---------------------------------------
DEBUG    root:machine.py:309 INC 
TICK: 17266 PC:   1 ADDR:   0 MEM_OUT: 356 ACC: 356 BUFF: 356 DC: 0 FLAG_ZERO: False FLAG_LT: 0 FLAG_GT: 1
INPUT_PORT:  []
OUT_PORT:  []
DATA_MEM:  [356, 166]
---------------------------------------
DEBUG    root:machine.py:309 ST 0
TICK: 17269 PC:   2 ADDR:   0 MEM_OUT: 356 ACC: 357 BUFF: 356 DC: 0 FLAG_ZERO: False FLAG_LT: 0 FLAG_GT: 1
INPUT_PORT:  []
OUT_PORT:  []
DATA_MEM:  [356, 166]
---------------------------------------
DEBUG    root:machine.py:309 CMP 1000
TICK: 17273 PC:   3 ADDR:   0 MEM_OUT: 357 ACC: 357 BUFF: 356 DC: 0 FLAG_ZERO: False FLAG_LT: 0 FLAG_GT: 1
INPUT_PORT:  []
OUT_PORT:  []
DATA_MEM:  [357, 166]
---------------------------------------
DEBUG    root:machine.py:309 JGE 22
TICK: 17276 PC:   4 ADDR:   0 MEM_OUT: 357 ACC: 357 BUFF: 356 DC: 0 FLAG_ZERO: False FLAG_LT: 1 FLAG_GT: 0
INPUT_PORT:  []
OUT_PORT:  []
DATA_MEM:  [357, 166]
---------------------------------------
DEBUG    root:machine.py:309 LD 0
TICK: 17279 PC:   5 ADDR:   0 MEM_OUT: 357 ACC: 357 BUFF: 356 DC: 0 FLAG_ZERO: False FLAG_LT: 1 FLAG_GT: 0
INPUT_PORT:  []
OUT_PORT:  []
DATA_MEM:  [357, 166]
---------------------------------------
DEBUG    root:machine.py:309 MOD 3
TICK: 17283 PC:   6 ADDR:   0 MEM_OUT: 357 ACC: 357 BUFF: 356 DC: 0 FLAG_ZERO: False FLAG_LT: 1 FLAG_GT: 0
INPUT_PORT:  []
OUT_PORT:  []
DATA_MEM:  [357, 166]
---------------------------------------
DEBUG    root:machine.py:309 CMP 0
TICK: 17287 PC:   7 ADDR:   0 MEM_OUT: 357 ACC: 0 BUFF: 357 DC: 0 FLAG_ZERO: False FLAG_LT: 1 FLAG_GT: 0
INPUT_PORT:  []
OUT_PORT:  []
DATA_MEM:  [357, 166]
---------------------------------------
DEBUG    root:machine.py:309 JE 14
TICK: 17290 PC:   8 ADDR:   0 MEM_OUT: 357 ACC: 0 BUFF: 357 DC: 0 FLAG_ZERO: True FLAG_LT: 0 FLAG_GT: 0
INPUT_PORT:  []
OUT_PORT:  []
DATA_MEM:  [357, 166]
---------------------------------------
DEBUG    root:machine.py:309 LD 4
TICK: 17293 PC:  14 ADDR:   0 MEM_OUT: 357 ACC: 0 BUFF: 357 DC: 0 FLAG_ZERO: True FLAG_LT: 0 FLAG_GT: 0
INPUT_PORT:  []
OUT_PORT:  []
DATA_MEM:  [357, 166]
---------------------------------------
DEBUG    root:machine.py:309 INC 
TICK: 17297 PC:  15 ADDR:   1 MEM_OUT: 166 ACC: 166 BUFF: 357 DC: 0 FLAG_ZERO: True FLAG_LT: 0 FLAG_GT: 0
INPUT_PORT:  []
OUT_PORT:  []
DATA_MEM:  [357, 166]
---------------------------------------
DEBUG    root:machine.py:309 ST 4
TICK: 17300 PC:  16 ADDR:   1 MEM_OUT: 166 ACC: 167 BUFF: 357 DC: 0 FLAG_ZERO: True FLAG_LT: 0 FLAG_GT: 0
INPUT_PORT:  []
OUT_PORT:  []
DATA_MEM:  [357, 166]
---------------------------------------
DEBUG    root:machine.py:309 JMP 0
TICK: 17304 PC:  17 ADDR:   1 MEM_OUT: 167 ACC: 167 BUFF: 357 DC: 0 FLAG_ZERO: True FLAG_LT: 0 FLAG_GT: 0
INPUT_PORT:  []
OUT_PORT:  []
DATA_MEM:  [357, 167]
---------------------------------------
DEBUG    root:machine.py:309 LD 0
TICK: 17307 PC:   0 ADDR:   1 MEM_OUT: 167 ACC: 167 BUFF: 357 DC: 0 FLAG_ZERO: True FLAG_LT: 0 FLAG_GT: 0
INPUT_PORT:  []
OUT_PORT:  []
DATA_MEM:  [357, 167]
---------------------------------------
DEBUG    root:machine.py:309 INC 
TICK: 17311 PC:   1 ADDR:   0 MEM_OUT: 357 ACC: 357 BUFF: 357 DC: 0 FLAG_ZERO: True FLAG_LT: 0 FLAG_GT: 0
INPUT_PORT:  []
OUT_PORT:  []
DATA_MEM:  [357, 167]
---------------------------------------
DEBUG    root:machine.py:309 ST 0
TICK: 17314 PC:   2 ADDR:   0 MEM_OUT: 357 ACC: 358 BUFF: 357 DC: 0 FLAG_ZERO: True FLAG_LT: 0 FLAG_GT: 0
INPUT_PORT:  []
OUT_PORT:  []
DATA_MEM:  [357, 167]
---------------------------------------
DEBUG    root:machine.py:309 CMP 1000
TICK: 17318 PC:   3 ADDR:   0 MEM_OUT: 358 ACC: 358 BUFF: 357 DC: 0 FLAG_ZERO: True FLAG_LT: 0 FLAG_GT: 0
INPUT_PORT:  []
OUT_PORT:  []
DATA_MEM:  [358, 167]
---------------------------------------
DEBUG    root:machine.py:309 JGE 22
TICK: 17321 PC:   4 ADDR:   0 MEM_OUT: 358 ACC: 358 BUFF: 357 DC: 0 FLAG_ZERO: False FLAG_LT: 1 FLAG_GT: 0
INPUT_PORT:  []
OUT_PORT:  []
DATA_MEM:  [358, 167]
---------------------------------------
DEBUG    root:machine.py:309 LD 0
TICK: 17324 PC:   5 ADDR:   0 MEM_OUT: 358 ACC: 358 BUFF: 357 DC: 0 FLAG_ZERO: False FLAG_LT: 1 FLAG_GT: 0
INPUT_PORT:  []
OUT_PORT:  []
DATA_MEM:  [358, 167]
---------------------------------------
DEBUG    root:machine.py:309 MOD 3
TICK: 17328 PC:   6 ADDR:   0 MEM_OUT: 358 ACC: 358 BUFF: 357 DC: 0 FLAG_ZERO: False FLAG_LT: 1 FLAG_GT: 0
INPUT_PORT:  []
OUT_PORT:  []
DATA_MEM:  [358, 167]
---------------------------------------
DEBUG    root:machine.py:309 CMP 0
TICK: 17332 PC:   7 ADDR:   0 MEM_OUT: 358 ACC: 1 BUFF: 358 DC: 0 FLAG_ZERO: False FLAG_LT: 1 FLAG_GT: 0
INPUT_PORT:  []
OUT_PORT:  []
DATA_MEM:  [358, 167]
---------------------------------------
DEBUG    root:machine.py:309 JE 14
TICK: 17335 PC:   8 ADDR:   0 MEM_OUT: 358 ACC: 1 BUFF: 358 DC: 0 FLAG_ZERO: False FLAG_LT: 0 FLAG_GT: 1
INPUT_PORT:  []
OUT_PORT:  []
DATA_MEM:  [358, 167]
---------------------------------------
DEBUG    root:machine.py:309 LD 0
TICK: 17338 PC:   9 ADDR:   0 MEM_OUT: 358 ACC: 1 BUFF: 358 DC: 0 FLAG_ZERO: False FLAG_LT: 0 FLAG_GT: 1
INPUT_PORT:  []
OUT_PORT:  []
DATA_MEM:  [358, 167]
---------------------------------------
DEBUG    root:machine.py:309 MOD 5
TICK: 17342 PC:  10 ADDR:   0 MEM_OUT: 358 ACC: 358 BUFF: 358 DC: 0 FLAG_ZERO: False FLAG_LT: 0 FLAG_GT: 1
INPUT_PORT:  []
OUT_PORT:  []
DATA_MEM:  [358, 167]
---------------------------------------
DEBUG    root:machine.py:309 CMP 0
TICK: 17346 PC:  11 ADDR:   0 MEM_OUT: 358 ACC: 3 BUFF: 358 DC: 0 FLAG_ZERO: False FLAG_LT: 0 FLAG_GT: 1
INPUT_PORT:  []
OUT_PORT:  []
DATA_MEM:  [358, 167]
---------------------------------------
DEBUG    root:machine.py:309 JE 18
TICK: 17349 PC:  12 ADDR:   0 MEM_OUT: 358 ACC: 3 BUFF: 358 DC: 0 FLAG_ZERO: False FLAG_LT: 0 FLAG_GT: 1
INPUT_PORT:  []
OUT_PORT:  []
DATA_MEM:  [358, 167]
---------------------------------------
DEBUG    root:machine.py:309 JMP 0
TICK: 17352 PC:  13 ADDR:   0 MEM_OUT: 358 ACC: 3 BUFF: 358 DC: 0 FLAG_ZERO: False FLAG_LT: 0 FLAG_GT: 1
INPUT_PORT:  []
OUT_PORT:  []
DATA_MEM:  [358, 167]
---------------------------------------
DEBUG    root:machine.py:309 LD 0
TICK: 17355 PC:   0 ADDR:   0 MEM_OUT: 358 ACC: 3 BUFF: 358 DC: 0 FLAG_ZERO: False FLAG_LT: 0 FLAG_GT: 1
INPUT_PORT:  []
OUT_PORT:  []
DATA_MEM:  [358, 167]
---------------------------------------
DEBUG    root:machine.py:309 INC 
TICK: 17359 PC:   1 ADDR:   0 MEM_OUT: 358 ACC: 358 BUFF: 358 DC: 0 FLAG_ZERO: False FLAG_LT: 0 FLAG_GT: 1
INPUT_PORT:  []
OUT_PORT:  []
DATA_MEM:  [358, 167]
---------------------------------------
DEBUG    root:machine.py:309 ST 0
TICK: 17362 PC:   2 ADDR:   0 MEM_OUT: 358 ACC: 359 BUFF: 358 DC: 0 FLAG_ZERO: False FLAG_LT: 0 FLAG_GT: 1
INPUT_PORT:  []
OUT_PORT:  []
DATA_MEM:  [358, 167]
---------------------------------------
DEBUG    root:machine.py:309 CMP 1000
TICK: 17366 PC:   3 ADDR:   0 MEM_OUT: 359 ACC: 359 BUFF: 358 DC: 0 FLAG_ZERO: False FLAG_LT: 0 FLAG_GT: 1
INPUT_PORT:  []
OUT_PORT:  []
DATA_MEM:  [359, 167]
---------------------------------------
DEBUG    root:machine.py:309 JGE 22
TICK: 17369 PC:   4 ADDR:   0 MEM_OUT: 359 ACC: 359 BUFF: 358 DC: 0 FLAG_ZERO: False FLAG_LT: 1 FLAG_GT: 0
INPUT_PORT:  []
OUT_PORT:  []
DATA_MEM:  [359, 167]
---------------------------------------
DEBUG    root:machine.py:309 LD 0
TICK: 17372 PC:   5 ADDR:   0 MEM_OUT: 359 ACC: 359 BUFF: 358 DC: 0 FLAG_ZERO: False FLAG_LT: 1 FLAG_GT: 0
INPUT_PORT:  []
OUT_PORT:  []
DATA_MEM:  [359, 167]
---------------------------------------
DEBUG    root:machine.py:309 MOD 3
TICK: 17376 PC:   6 ADDR:   0 MEM_OUT: 359 ACC: 359 BUFF: 358 DC: 0 FLAG_ZERO: False FLAG_LT: 1 FLAG_GT: 0
INPUT_PORT:  []
OUT_PORT:  []
DATA_MEM:  [359, 167]
---------------------------------------
DEBUG    root:machine.py:309 CMP 0
TICK: 17380 PC:   7 ADDR:   0 MEM_OUT: 359 ACC: 2 BUFF: 359 DC: 0 FLAG_ZERO: False FLAG_LT: 1 FLAG_GT: 0
INPUT_PORT:  []
OUT_PORT:  []
DATA_MEM:  [359, 167]
---------------------------------------
DEBUG    root:machine.py:309 JE 14
TICK: 17383 PC:   8 ADDR:   0 MEM_OUT: 359 ACC: 2 BUFF: 359 DC: 0 FLAG_ZERO: False FLAG_LT: 0 FLAG_GT: 1
INPUT_PORT:  []
OUT_PORT:  []
DATA_MEM:  [359, 167]
---------------------------------------
DEBUG    root:machine.py:309 LD 0
TICK: 17386 PC:   9 ADDR:   0 MEM_OUT: 359 ACC: 2 BUFF: 359 DC: 0 FLAG_ZERO: False FLAG_LT: 0 FLAG_GT: 1
INPUT_PORT:  []
OUT_PORT:  []
DATA_MEM:  [359, 167]
---------------------------------------
DEBUG    root:machine.py:309 MOD 5
TICK: 17390 PC:  10 ADDR:   0 MEM_OUT: 359 ACC: 359 BUFF: 359 DC: 0 FLAG_ZERO: False FLAG_LT: 0 FLAG_GT: 1
INPUT_PORT:  []
OUT_PORT:  []
DATA_MEM:  [359, 167]
---------------------------------------
DEBUG    root:machine.py:309 CMP 0
TICK: 17394 PC:  11 ADDR:   0 MEM_OUT: 359 ACC: 4 BUFF: 359 DC: 0 FLAG_ZERO: False FLAG_LT: 0 FLAG_GT: 1
INPUT_PORT:  []
OUT_PORT:  []
DATA_MEM:  [359, 167]
---------------------------------------
DEBUG    root:machine.py:309 JE 18
TICK: 17397 PC:  12 ADDR:   0 MEM_OUT: 359 ACC: 4 BUFF: 359 DC: 0 FLAG_ZERO: False FLAG_LT: 0 FLAG_GT: 1
INPUT_PORT:  []
OUT_PORT:  []
DATA_MEM:  [359, 167]
---------------------------------------
DEBUG    root:machine.py:309 JMP 0
TICK: 17400 PC:  13 ADDR:   0 MEM_OUT: 359 ACC: 4 BUFF: 359 DC: 0 FLAG_ZERO: False FLAG_LT: 0 FLAG_GT: 1
INPUT_PORT:  []
OUT_PORT:  []
DATA_MEM:  [359, 167]
---------------------------------------
DEBUG    root:machine.py:309 LD 0
TICK: 17403 PC:   0 ADDR:   0 MEM_OUT: 359 ACC: 4 BUFF: 359 DC: 0 FLAG_ZERO: False FLAG_LT: 0 FLAG_GT: 1
INPUT_PORT:  []
OUT_PORT:  []
DATA_MEM:  [359, 167]
---------------------------------------
DEBUG    root:machine.py:309 INC 
TICK: 17407 PC:   1 ADDR:   0 MEM_OUT: 359 ACC: 359 BUFF: 359 DC: 0 FLAG_ZERO: False FLAG_LT: 0 FLAG_GT: 1
INPUT_PORT:  []
OUT_PORT:  []
DATA_MEM:  [359, 167]
---------------------------------------
DEBUG    root:machine.py:309 ST 0
TICK: 17410 PC:   2 ADDR:   0 MEM_OUT: 359 ACC: 360 BUFF: 359 DC: 0 FLAG_ZERO: False FLAG_LT: 0 FLAG_GT: 1
INPUT_PORT:  []
OUT_PORT:  []
DATA_MEM:  [359, 167]
---------------------------------------
DEBUG    root:machine.py:309 CMP 1000
TICK: 17414 PC:   3 ADDR:   0 MEM_OUT: 360 ACC: 360 BUFF: 359 DC: 0 FLAG_ZERO: False FLAG_LT: 0 FLAG_GT: 1
INPUT_PORT:  []
OUT_PORT:  []
DATA_MEM:  [360, 167]
---------------------------------------
DEBUG    root:machine.py:309 JGE 22
TICK: 17417 PC:   4 ADDR:   0 MEM_OUT: 360 ACC: 360 BUFF: 359 DC: 0 FLAG_ZERO: False FLAG_LT: 1 FLAG_GT: 0
INPUT_PORT:  []
OUT_PORT:  []
DATA_MEM:  [360, 167]
---------------------------------------
DEBUG    root:machine.py:309 LD 0
TICK: 17420 PC:   5 ADDR:   0 MEM_OUT: 360 ACC: 360 BUFF: 359 DC: 0 FLAG_ZERO: False FLAG_LT: 1 FLAG_GT: 0
INPUT_PORT:  []
OUT_PORT:  []
DATA_MEM:  [360, 167]
---------------------------------------
DEBUG    root:machine.py:309 MOD 3
TICK: 17424 PC:   6 ADDR:   0 MEM_OUT: 360 ACC: 360 BUFF: 359 DC: 0 FLAG_ZERO: False FLAG_LT: 1 FLAG_GT: 0
INPUT_PORT:  []
OUT_PORT:  []
DATA_MEM:  [360, 167]
---------------------------------------
DEBUG    root:machine.py:309 CMP 0
TICK: 17428 PC:   7 ADDR:   0 MEM_OUT: 360 ACC: 0 BUFF: 360 DC: 0 FLAG_ZERO: False FLAG_LT: 1 FLAG_GT: 0
INPUT_PORT:  []
OUT_PORT:  []
DATA_MEM:  [360, 167]
---------------------------------------
DEBUG    root:machine.py:309 JE 14
TICK: 17431 PC:   8 ADDR:   0 MEM_OUT: 360 ACC: 0 BUFF: 360 DC: 0 FLAG_ZERO: True FLAG_LT: 0 FLAG_GT: 0
INPUT_PORT:  []
OUT_PORT:  []
DATA_MEM:  [360, 167]
---------------------------------------
DEBUG    root:machine.py:309 LD 4
TICK: 17434 PC:  14 ADDR:   0 MEM_OUT: 360 ACC: 0 BUFF: 360 DC: 0 FLAG_ZERO: True FLAG_LT: 0 FLAG_GT: 0
INPUT_PORT:  []
OUT_PORT:  []
DATA_MEM:  [360, 167]
---------------------------------------
DEBUG    root:machine.py:309 INC 
TICK: 17438 PC:  15 ADDR:   1 MEM_OUT: 167 ACC: 167 BUFF: 360 DC: 0 FLAG_ZERO: True FLAG_LT: 0 FLAG_GT: 0
INPUT_PORT:  []
OUT_PORT:  []
DATA_MEM:  [360, 167]
---------------------------------------
DEBUG    root:machine.py:309 ST 4
TICK: 17441 PC:  16 ADDR:   1 MEM_OUT: 167 ACC: 168 BUFF: 360 DC: 0 FLAG_ZERO: True FLAG_LT: 0 FLAG_GT: 0
INPUT_PORT:  []
OUT_PORT:  []
DATA_MEM:  [360, 167]
---------------------------------------
DEBUG    root:machine.py:309 JMP 0
TICK: 17445 PC:  17 ADDR:   1 MEM_OUT: 168 ACC: 168 BUFF: 360 DC: 0 FLAG_ZERO: True FLAG_LT: 0 FLAG_GT: 0
INPUT_PORT:  []
OUT_PORT:  []
DATA_MEM:  [360, 168]
---------------------------------------
DEBUG    root:machine.py:309 LD 0
TICK: 17448 PC:   0 ADDR:   1 MEM_OUT: 168 ACC: 168 BUFF: 360 DC: 0 FLAG_ZERO: True FLAG_LT: 0 FLAG_GT: 0
INPUT_PORT:  []
OUT_PORT:  []
DATA_MEM:  [360, 168]
---------------------------------------
DEBUG    root:machine.py:309 INC 
TICK: 17452 PC:   1 ADDR:   0 MEM_OUT: 360 ACC: 360 BUFF: 360 DC: 0 FLAG_ZERO: True FLAG_LT: 0 FLAG_GT: 0
INPUT_PORT:  []
OUT_PORT:  []
DATA_MEM:  [360, 168]
---------------------------------------
DEBUG    root:machine.py:309 ST 0
TICK: 17455 PC:   2 ADDR:   0 MEM_OUT: 360 ACC: 361 BUFF: 360 DC: 0 FLAG_ZERO: True FLAG_LT: 0 FLAG_GT: 0
INPUT_PORT:  []
OUT_PORT:  []
DATA_MEM:  [360, 168]
---------------------------------------
DEBUG    root:machine.py:309 CMP 1000
TICK: 17459 PC:   3 ADDR:   0 MEM_OUT: 361 ACC: 361 BUFF: 360 DC: 0 FLAG_ZERO: True FLAG_LT: 0 FLAG_GT: 0
INPUT_PORT:  []
OUT_PORT:  []
DATA_MEM:  [361, 168]
---------------------------------------
DEBUG    root:machine.py:309 JGE 22
TICK: 17462 PC:   4 ADDR:   0 MEM_OUT: 361 ACC: 361 BUFF: 360 DC: 0 FLAG_ZERO: False FLAG_LT: 1 FLAG_GT: 0
INPUT_PORT:  []
OUT_PORT:  []
DATA_MEM:  [361, 168]
---------------------------------------
DEBUG    root:machine.py:309 LD 0
TICK: 17465 PC:   5 ADDR:   0 MEM_OUT: 361 ACC: 361 BUFF: 360 DC: 0 FLAG_ZERO: False FLAG_LT: 1 FLAG_GT: 0
INPUT_PORT:  []
OUT_PORT:  []
DATA_MEM:  [361, 168]
---------------------------------------
DEBUG    root:machine.py:309 MOD 3
TICK: 17469 PC:   6 ADDR:   0 MEM_OUT: 361 ACC: 361 BUFF: 360 DC: 0 FLAG_ZERO: False FLAG_LT: 1 FLAG_GT: 0
INPUT_PORT:  []
OUT_PORT:  []
DATA_MEM:  [361, 168]
---------------------------------------
DEBUG    root:machine.py:309 CMP 0
TICK: 17473 PC:   7 ADDR:   0 MEM_OUT: 361 ACC: 1 BUFF: 361 DC: 0 FLAG_ZERO: False FLAG_LT: 1 FLAG_GT: 0
INPUT_PORT:  []
OUT_PORT:  []
DATA_MEM:  [361, 168]
---------------------------------------
DEBUG    root:machine.py:309 JE 14
TICK: 17476 PC:   8 ADDR:   0 MEM_OUT: 361 ACC: 1 BUFF: 361 DC: 0 FLAG_ZERO: False FLAG_LT: 0 FLAG_GT: 1
INPUT_PORT:  []
OUT_PORT:  []
DATA_MEM:  [361, 168]
---------------------------------------
DEBUG    root:machine.py:309 LD 0
TICK: 17479 PC:   9 ADDR:   0 MEM_OUT: 361 ACC: 1 BUFF: 361 DC: 0 FLAG_ZERO: False FLAG_LT: 0 FLAG_GT: 1
INPUT_PORT:  []
OUT_PORT:  []
DATA_MEM:  [361, 168]
---------------------------------------
DEBUG    root:machine.py:309 MOD 5
TICK: 17483 PC:  10 ADDR:   0 MEM_OUT: 361 ACC: 361 BUFF: 361 DC: 0 FLAG_ZERO: False FLAG_LT: 0 FLAG_GT: 1
INPUT_PORT:  []
OUT_PORT:  []
DATA_MEM:  [361, 168]
---------------------------------------
DEBUG    root:machine.py:309 CMP 0
TICK: 17487 PC:  11 ADDR:   0 MEM_OUT: 361 ACC: 1 BUFF: 361 DC: 0 FLAG_ZERO: False FLAG_LT: 0 FLAG_GT: 1
INPUT_PORT:  []
OUT_PORT:  []
DATA_MEM:  [361, 168]
---------------------------------------
DEBUG    root:machine.py:309 JE 18
TICK: 17490 PC:  12 ADDR:   0 MEM_OUT: 361 ACC: 1 BUFF: 361 DC: 0 FLAG_ZERO: False FLAG_LT: 0 FLAG_GT: 1
INPUT_PORT:  []
OUT_PORT:  []
DATA_MEM:  [361, 168]
---------------------------------------
DEBUG    root:machine.py:309 JMP 0
TICK: 17493 PC:  13 ADDR:   0 MEM_OUT: 361 ACC: 1 BUFF: 361 DC: 0 FLAG_ZERO: False FLAG_LT: 0 FLAG_GT: 1
INPUT_PORT:  []
OUT_PORT:  []
DATA_MEM:  [361, 168]
---------------------------------------
DEBUG    root:machine.py:309 LD 0
TICK: 17496 PC:   0 ADDR:   0 MEM_OUT: 361 ACC: 1 BUFF: 361 DC: 0 FLAG_ZERO: False FLAG_LT: 0 FLAG_GT: 1
INPUT_PORT:  []
OUT_PORT:  []
DATA_MEM:  [361, 168]
---------------------------------------
DEBUG    root:machine.py:309 INC 
TICK: 17500 PC:   1 ADDR:   0 MEM_OUT: 361 ACC: 361 BUFF: 361 DC: 0 FLAG_ZERO: False FLAG_LT: 0 FLAG_GT: 1
INPUT_PORT:  []
OUT_PORT:  []
DATA_MEM:  [361, 168]
---------------------------------------
DEBUG    root:machine.py:309 ST 0
TICK: 17503 PC:   2 ADDR:   0 MEM_OUT: 361 ACC: 362 BUFF: 361 DC: 0 FLAG_ZERO: False FLAG_LT: 0 FLAG_GT: 1
INPUT_PORT:  []
OUT_PORT:  []
DATA_MEM:  [361, 168]
---------------------------------------
DEBUG    root:machine.py:309 CMP 1000
TICK: 17507 PC:   3 ADDR:   0 MEM_OUT: 362 ACC: 362 BUFF: 361 DC: 0 FLAG_ZERO: False FLAG_LT: 0 FLAG_GT: 1
INPUT_PORT:  []
OUT_PORT:  []
DATA_MEM:  [362, 168]
---------------------------------------
DEBUG    root:machine.py:309 JGE 22
TICK: 17510 PC:   4 ADDR:   0 MEM_OUT: 362 ACC: 362 BUFF: 361 DC: 0 FLAG_ZERO: False FLAG_LT: 1 FLAG_GT: 0
INPUT_PORT:  []
OUT_PORT:  []
DATA_MEM:  [362, 168]
---------------------------------------
DEBUG    root:machine.py:309 LD 0
TICK: 17513 PC:   5 ADDR:   0 MEM_OUT: 362 ACC: 362 BUFF: 361 DC: 0 FLAG_ZERO: False FLAG_LT: 1 FLAG_GT: 0
INPUT_PORT:  []
OUT_PORT:  []
DATA_MEM:  [362, 168]
---------------------------------------
DEBUG    root:machine.py:309 MOD 3
TICK: 17517 PC:   6 ADDR:   0 MEM_OUT: 362 ACC: 362 BUFF: 361 DC: 0 FLAG_ZERO: False FLAG_LT: 1 FLAG_GT: 0
INPUT_PORT:  []
OUT_PORT:  []
DATA_MEM:  [362, 168]
---------------------------------------
DEBUG    root:machine.py:309 CMP 0
TICK: 17521 PC:   7 ADDR:   0 MEM_OUT: 362 ACC: 2 BUFF: 362 DC: 0 FLAG_ZERO: False FLAG_LT: 1 FLAG_GT: 0
INPUT_PORT:  []
OUT_PORT:  []
DATA_MEM:  [362, 168]
---------------------------------------
DEBUG    root:machine.py:309 JE 14
TICK: 17524 PC:   8 ADDR:   0 MEM_OUT: 362 ACC: 2 BUFF: 362 DC: 0 FLAG_ZERO: False FLAG_LT: 0 FLAG_GT: 1
INPUT_PORT:  []
OUT_PORT:  []
DATA_MEM:  [362, 168]
---------------------------------------
DEBUG    root:machine.py:309 LD 0
TICK: 17527 PC:   9 ADDR:   0 MEM_OUT: 362 ACC: 2 BUFF: 362 DC: 0 FLAG_ZERO: False FLAG_LT: 0 FLAG_GT: 1
INPUT_PORT:  []
OUT_PORT:  []
DATA_MEM:  [362, 168]
---------------------------------------
DEBUG    root:machine.py:309 MOD 5
TICK: 17531 PC:  10 ADDR:   0 MEM_OUT: 362 ACC: 362 BUFF: 362 DC: 0 FLAG_ZERO: False FLAG_LT: 0 FLAG_GT: 1
INPUT_PORT:  []
OUT_PORT:  []
DATA_MEM:  [362, 168]
---------------------------------------
DEBUG    root:machine.py:309 CMP 0
TICK: 17535 PC:  11 ADDR:   0 MEM_OUT: 362 ACC: 2 BUFF: 362 DC: 0 FLAG_ZERO: False FLAG_LT: 0 FLAG_GT: 1
INPUT_PORT:  []
OUT_PORT:  []
DATA_MEM:  [362, 168]
---------------------------------------
DEBUG    root:machine.py:309 JE 18
TICK: 17538 PC:  12 ADDR:   0 MEM_OUT: 362 ACC: 2 BUFF: 362 DC: 0 FLAG_ZERO: False FLAG_LT: 0 FLAG_GT: 1
INPUT_PORT:  []
OUT_PORT:  []
DATA_MEM:  [362, 168]
---------------------------------------
DEBUG    root:machine.py:309 JMP 0
TICK: 17541 PC:  13 ADDR:   0 MEM_OUT: 362 ACC: 2 BUFF: 362 DC: 0 FLAG_ZERO: False FLAG_LT: 0 FLAG_GT: 1
INPUT_PORT:  []
OUT_PORT:  []
DATA_MEM:  [362, 168]
---------------------------------------
DEBUG    root:machine.py:309 LD 0
TICK: 17544 PC:   0 ADDR:   0 MEM_OUT: 362 ACC: 2 BUFF: 362 DC: 0 FLAG_ZERO: False FLAG_LT: 0 FLAG_GT: 1
INPUT_PORT:  []
OUT_PORT:  []
DATA_MEM:  [362, 168]
---------------------------------------
DEBUG    root:machine.py:309 INC 
TICK: 17548 PC:   1 ADDR:   0 MEM_OUT: 362 ACC: 362 BUFF: 362 DC: 0 FLAG_ZERO: False FLAG_LT: 0 FLAG_GT: 1
INPUT_PORT:  []
OUT_PORT:  []
DATA_MEM:  [362, 168]
---------------------------------------
DEBUG    root:machine.py:309 ST 0
TICK: 17551 PC:   2 ADDR:   0 MEM_OUT: 362 ACC: 363 BUFF: 362 DC: 0 FLAG_ZERO: False FLAG_LT: 0 FLAG_GT: 1
INPUT_PORT:  []
OUT_PORT:  []
DATA_MEM:  [362, 168]
---------------------------------------
DEBUG    root:machine.py:309 CMP 1000
TICK: 17555 PC:   3 ADDR:   0 MEM_OUT: 363 ACC: 363 BUFF: 362 DC: 0 FLAG_ZERO: False FLAG_LT: 0 FLAG_GT: 1
INPUT_PORT:  []
OUT_PORT:  []
DATA_MEM:  [363, 168]
---------------------------------------
DEBUG    root:machine.py:309 JGE 22
TICK: 17558 PC:   4 ADDR:   0 MEM_OUT: 363 ACC: 363 BUFF: 362 DC: 0 FLAG_ZERO: False FLAG_LT: 1 FLAG_GT: 0
INPUT_PORT:  []
OUT_PORT:  []
DATA_MEM:  [363, 168]
---------------------------------------
DEBUG    root:machine.py:309 LD 0
TICK: 17561 PC:   5 ADDR:   0 MEM_OUT: 363 ACC: 363 BUFF: 362 DC: 0 FLAG_ZERO: False FLAG_LT: 1 FLAG_GT: 0
INPUT_PORT:  []
OUT_PORT:  []
DATA_MEM:  [363, 168]
---------------------------------------
DEBUG    root:machine.py:309 MOD 3
TICK: 17565 PC:   6 ADDR:   0 MEM_OUT: 363 ACC: 363 BUFF: 362 DC: 0 FLAG_ZERO: False FLAG_LT: 1 FLAG_GT: 0
INPUT_PORT:  []
OUT_PORT:  []
DATA_MEM:  [363, 168]
---------------------------------------
DEBUG    root:machine.py:309 CMP 0
TICK: 17569 PC:   7 ADDR:   0 MEM_OUT: 363 ACC: 0 BUFF: 363 DC: 0 FLAG_ZERO: False FLAG_LT: 1 FLAG_GT: 0
INPUT_PORT:  []
OUT_PORT:  []
DATA_MEM:  [363, 168]
---------------------------------------
DEBUG    root:machine.py:309 JE 14
TICK: 17572 PC:   8 ADDR:   0 MEM_OUT: 363 ACC: 0 BUFF: 363 DC: 0 FLAG_ZERO: True FLAG_LT: 0 FLAG_GT: 0
INPUT_PORT:  []
OUT_PORT:  []
DATA_MEM:  [363, 168]
---------------------------------------
DEBUG    root:machine.py:309 LD 4
TICK: 17575 PC:  14 ADDR:   0 MEM_OUT: 363 ACC: 0 BUFF: 363 DC: 0 FLAG_ZERO: True FLAG_LT: 0 FLAG_GT: 0
INPUT_PORT:  []
OUT_PORT:  []
DATA_MEM:  [363, 168]
---------------------------------------
DEBUG    root:machine.py:309 INC 
TICK: 17579 PC:  15 ADDR:   1 MEM_OUT: 168 ACC: 168 BUFF: 363 DC: 0 FLAG_ZERO: True FLAG_LT: 0 FLAG_GT: 0
INPUT_PORT:  []
OUT_PORT:  []
DATA_MEM:  [363, 168]
---------------------------------------
DEBUG    root:machine.py:309 ST 4
TICK: 17582 PC:  16 ADDR:   1 MEM_OUT: 168 ACC: 169 BUFF: 363 DC: 0 FLAG_ZERO: True FLAG_LT: 0 FLAG_GT: 0
INPUT_PORT:  []
OUT_PORT:  []
DATA_MEM:  [363, 168]
---------------------------------------
DEBUG    root:machine.py:309 JMP 0
TICK: 17586 PC:  17 ADDR:   1 MEM_OUT: 169 ACC: 169 BUFF: 363 DC: 0 FLAG_ZERO: True FLAG_LT: 0 FLAG_GT: 0
INPUT_PORT:  []
OUT_PORT:  []
DATA_MEM:  [363, 169]
---------------------------------------
DEBUG    root:machine.py:309 LD 0
TICK: 17589 PC:   0 ADDR:   1 MEM_OUT: 169 ACC: 169 BUFF: 363 DC: 0 FLAG_ZERO: True FLAG_LT: 0 FLAG_GT: 0
INPUT_PORT:  []
OUT_PORT:  []
DATA_MEM:  [363, 169]
---------------------------------------
DEBUG    root:machine.py:309 INC 
TICK: 17593 PC:   1 ADDR:   0 MEM_OUT: 363 ACC: 363 BUFF: 363 DC: 0 FLAG_ZERO: True FLAG_LT: 0 FLAG_GT: 0
INPUT_PORT:  []
OUT_PORT:  []
DATA_MEM:  [363, 169]
---------------------------------------
DEBUG    root:machine.py:309 ST 0
TICK: 17596 PC:   2 ADDR:   0 MEM_OUT: 363 ACC: 364 BUFF: 363 DC: 0 FLAG_ZERO: True FLAG_LT: 0 FLAG_GT: 0
INPUT_PORT:  []
OUT_PORT:  []
DATA_MEM:  [363, 169]
---------------------------------------
DEBUG    root:machine.py:309 CMP 1000
TICK: 17600 PC:   3 ADDR:   0 MEM_OUT: 364 ACC: 364 BUFF: 363 DC: 0 FLAG_ZERO: True FLAG_LT: 0 FLAG_GT: 0
INPUT_PORT:  []
OUT_PORT:  []
DATA_MEM:  [364, 169]
---------------------------------------
DEBUG    root:machine.py:309 JGE 22
TICK: 17603 PC:   4 ADDR:   0 MEM_OUT: 364 ACC: 364 BUFF: 363 DC: 0 FLAG_ZERO: False FLAG_LT: 1 FLAG_GT: 0
INPUT_PORT:  []
OUT_PORT:  []
DATA_MEM:  [364, 169]
---------------------------------------
DEBUG    root:machine.py:309 LD 0
TICK: 17606 PC:   5 ADDR:   0 MEM_OUT: 364 ACC: 364 BUFF: 363 DC: 0 FLAG_ZERO: False FLAG_LT: 1 FLAG_GT: 0
INPUT_PORT:  []
OUT_PORT:  []
DATA_MEM:  [364, 169]
---------------------------------------
DEBUG    root:machine.py:309 MOD 3
TICK: 17610 PC:   6 ADDR:   0 MEM_OUT: 364 ACC: 364 BUFF: 363 DC: 0 FLAG_ZERO: False FLAG_LT: 1 FLAG_GT: 0
INPUT_PORT:  []
OUT_PORT:  []
DATA_MEM:  [364, 169]
---------------------------------------
DEBUG    root:machine.py:309 CMP 0
TICK: 17614 PC:   7 ADDR:   0 MEM_OUT: 364 ACC: 1 BUFF: 364 DC: 0 FLAG_ZERO: False FLAG_LT: 1 FLAG_GT: 0
INPUT_PORT:  []
OUT_PORT:  []
DATA_MEM:  [364, 169]
---------------------------------------
DEBUG    root:machine.py:309 JE 14
TICK: 17617 PC:   8 ADDR:   0 MEM_OUT: 364 ACC: 1 BUFF: 364 DC: 0 FLAG_ZERO: False FLAG_LT: 0 FLAG_GT: 1
INPUT_PORT:  []
OUT_PORT:  []
DATA_MEM:  [364, 169]
---------------------------------------
DEBUG    root:machine.py:309 LD 0
TICK: 17620 PC:   9 ADDR:   0 MEM_OUT: 364 ACC: 1 BUFF: 364 DC: 0 FLAG_ZERO: False FLAG_LT: 0 FLAG_GT: 1
INPUT_PORT:  []
OUT_PORT:  []
DATA_MEM:  [364, 169]
---------------------------------------
DEBUG    root:machine.py:309 MOD 5
TICK: 17624 PC:  10 ADDR:   0 MEM_OUT: 364 ACC: 364 BUFF: 364 DC: 0 FLAG_ZERO: False FLAG_LT: 0 FLAG_GT: 1
INPUT_PORT:  []
OUT_PORT:  []
DATA_MEM:  [364, 169]
---------------------------------------
DEBUG    root:machine.py:309 CMP 0
TICK: 17628 PC:  11 ADDR:   0 MEM_OUT: 364 ACC: 4 BUFF: 364 DC: 0 FLAG_ZERO: False FLAG_LT: 0 FLAG_GT: 1
INPUT_PORT:  []
OUT_PORT:  []
DATA_MEM:  [364, 169]
---------------------------------------
DEBUG    root:machine.py:309 JE 18
TICK: 17631 PC:  12 ADDR:   0 MEM_OUT: 364 ACC: 4 BUFF: 364 DC: 0 FLAG_ZERO: False FLAG_LT: 0 FLAG_GT: 1
INPUT_PORT:  []
OUT_PORT:  []
DATA_MEM:  [364, 169]
---------------------------------------
DEBUG    root:machine.py:309 JMP 0
TICK: 17634 PC:  13 ADDR:   0 MEM_OUT: 364 ACC: 4 BUFF: 364 DC: 0 FLAG_ZERO: False FLAG_LT: 0 FLAG_GT: 1
INPUT_PORT:  []
OUT_PORT:  []
DATA_MEM:  [364, 169]
---------------------------------------
DEBUG    root:machine.py:309 LD 0
TICK: 17637 PC:   0 ADDR:   0 MEM_OUT: 364 ACC: 4 BUFF: 364 DC: 0 FLAG_ZERO: False FLAG_LT: 0 FLAG_GT: 1
INPUT_PORT:  []
OUT_PORT:  []
DATA_MEM:  [364, 169]
---------------------------------------
DEBUG    root:machine.py:309 INC 
TICK: 17641 PC:   1 ADDR:   0 MEM_OUT: 364 ACC: 364 BUFF: 364 DC: 0 FLAG_ZERO: False FLAG_LT: 0 FLAG_GT: 1
INPUT_PORT:  []
OUT_PORT:  []
DATA_MEM:  [364, 169]
---------------------------------------
DEBUG    root:machine.py:309 ST 0
TICK: 17644 PC:   2 ADDR:   0 MEM_OUT: 364 ACC: 365 BUFF: 364 DC: 0 FLAG_ZERO: False FLAG_LT: 0 FLAG_GT: 1
INPUT_PORT:  []
OUT_PORT:  []
DATA_MEM:  [364, 169]
---------------------------------------
DEBUG    root:machine.py:309 CMP 1000
TICK: 17648 PC:   3 ADDR:   0 MEM_OUT: 365 ACC: 365 BUFF: 364 DC: 0 FLAG_ZERO: False FLAG_LT: 0 FLAG_GT: 1
INPUT_PORT:  []
OUT_PORT:  []
DATA_MEM:  [365, 169]
---------------------------------------
DEBUG    root:machine.py:309 JGE 22
TICK: 17651 PC:   4 ADDR:   0 MEM_OUT: 365 ACC: 365 BUFF: 364 DC: 0 FLAG_ZERO: False FLAG_LT: 1 FLAG_GT: 0
INPUT_PORT:  []
OUT_PORT:  []
DATA_MEM:  [365, 169]
---------------------------------------
DEBUG    root:machine.py:309 LD 0
TICK: 17654 PC:   5 ADDR:   0 MEM_OUT: 365 ACC: 365 BUFF: 364 DC: 0 FLAG_ZERO: False FLAG_LT: 1 FLAG_GT: 0
INPUT_PORT:  []
OUT_PORT:  []
DATA_MEM:  [365, 169]
---------------------------------------
DEBUG    root:machine.py:309 MOD 3
TICK: 17658 PC:   6 ADDR:   0 MEM_OUT: 365 ACC: 365 BUFF: 364 DC: 0 FLAG_ZERO: False FLAG_LT: 1 FLAG_GT: 0
INPUT_PORT:  []
OUT_PORT:  []
DATA_MEM:  [365, 169]
---------------------------------------
DEBUG    root:machine.py:309 CMP 0
TICK: 17662 PC:   7 ADDR:   0 MEM_OUT: 365 ACC: 2 BUFF: 365 DC: 0 FLAG_ZERO: False FLAG_LT: 1 FLAG_GT: 0
INPUT_PORT:  []
OUT_PORT:  []
DATA_MEM:  [365, 169]
---------------------------------------
DEBUG    root:machine.py:309 JE 14
TICK: 17665 PC:   8 ADDR:   0 MEM_OUT: 365 ACC: 2 BUFF: 365 DC: 0 FLAG_ZERO: False FLAG_LT: 0 FLAG_GT: 1
INPUT_PORT:  []
OUT_PORT:  []
DATA_MEM:  [365, 169]
---------------------------------------
DEBUG    root:machine.py:309 LD 0
TICK: 17668 PC:   9 ADDR:   0 MEM_OUT: 365 ACC: 2 BUFF: 365 DC: 0 FLAG_ZERO: False FLAG_LT: 0 FLAG_GT: 1
INPUT_PORT:  []
OUT_PORT:  []
DATA_MEM:  [365, 169]
---------------------------------------
DEBUG    root:machine.py:309 MOD 5
TICK: 17672 PC:  10 ADDR:   0 MEM_OUT: 365 ACC: 365 BUFF: 365 DC: 0 FLAG_ZERO: False FLAG_LT: 0 FLAG_GT: 1
INPUT_PORT:  []
OUT_PORT:  []
DATA_MEM:  [365, 169]
---------------------------------------
DEBUG    root:machine.py:309 CMP 0
TICK: 17676 PC:  11 ADDR:   0 MEM_OUT: 365 ACC: 0 BUFF: 365 DC: 0 FLAG_ZERO: False FLAG_LT: 0 FLAG_GT: 1
INPUT_PORT:  []
OUT_PORT:  []
DATA_MEM:  [365, 169]
---------------------------------------
DEBUG    root:machine.py:309 JE 18
TICK: 17679 PC:  12 ADDR:   0 MEM_OUT: 365 ACC: 0 BUFF: 365 DC: 0 FLAG_ZERO: True FLAG_LT: 0 FLAG_GT: 0
INPUT_PORT:  []
OUT_PORT:  []
DATA_MEM:  [365, 169]
---------------------------------------
DEBUG    root:machine.py:309 LD 4
TICK: 17682 PC:  18 ADDR:   0 MEM_OUT: 365 ACC: 0 BUFF: 365 DC: 0 FLAG_ZERO: True FLAG_LT: 0 FLAG_GT: 0
INPUT_PORT:  []
OUT_PORT:  []
DATA_MEM:  [365, 169]
---------------------------------------
DEBUG    root:machine.py:309 INC 
TICK: 17686 PC:  19 ADDR:   1 MEM_OUT: 169 ACC: 169 BUFF: 365 DC: 0 FLAG_ZERO: True FLAG_LT: 0 FLAG_GT: 0
INPUT_PORT:  []
OUT_PORT:  []
DATA_MEM:  [365, 169]
---------------------------------------
DEBUG    root:machine.py:309 ST 4
TICK: 17689 PC:  20 ADDR:   1 MEM_OUT: 169 ACC: 170 BUFF: 365 DC: 0 FLAG_ZERO: True FLAG_LT: 0 FLAG_GT: 0
INPUT_PORT:  []
OUT_PORT:  []
DATA_MEM:  [365, 169]
---------------------------------------
DEBUG    root:machine.py:309 JMP 0
TICK: 17693 PC:  21 ADDR:   1 MEM_OUT: 170 ACC: 170 BUFF: 365 DC: 0 FLAG_ZERO: True FLAG_LT: 0 FLAG_GT: 0
INPUT_PORT:  []
OUT_PORT:  []
DATA_MEM:  [365, 170]
---------------------------------------
DEBUG    root:machine.py:309 LD 0
TICK: 17696 PC:   0 ADDR:   1 MEM_OUT: 170 ACC: 170 BUFF: 365 DC: 0 FLAG_ZERO: True FLAG_LT: 0 FLAG_GT: 0
INPUT_PORT:  []
OUT_PORT:  []
DATA_MEM:  [365, 170]
---------------------------------------
DEBUG    root:machine.py:309 INC 
TICK: 17700 PC:   1 ADDR:   0 MEM_OUT: 365 ACC: 365 BUFF: 365 DC: 0 FLAG_ZERO: True FLAG_LT: 0 FLAG_GT: 0
INPUT_PORT:  []
OUT_PORT:  []
DATA_MEM:  [365, 170]
---------------------------------------
DEBUG    root:machine.py:309 ST 0
TICK: 17703 PC:   2 ADDR:   0 MEM_OUT: 365 ACC: 366 BUFF: 365 DC: 0 FLAG_ZERO: True FLAG_LT: 0 FLAG_GT: 0
INPUT_PORT:  []
OUT_PORT:  []
DATA_MEM:  [365, 170]
---------------------------------------
DEBUG    root:machine.py:309 CMP 1000
TICK: 17707 PC:   3 ADDR:   0 MEM_OUT: 366 ACC: 366 BUFF: 365 DC: 0 FLAG_ZERO: True FLAG_LT: 0 FLAG_GT: 0
INPUT_PORT:  []
OUT_PORT:  []
DATA_MEM:  [366, 170]
---------------------------------------
DEBUG    root:machine.py:309 JGE 22
TICK: 17710 PC:   4 ADDR:   0 MEM_OUT: 366 ACC: 366 BUFF: 365 DC: 0 FLAG_ZERO: False FLAG_LT: 1 FLAG_GT: 0
INPUT_PORT:  []
OUT_PORT:  []
DATA_MEM:  [366, 170]
---------------------------------------
DEBUG    root:machine.py:309 LD 0
TICK: 17713 PC:   5 ADDR:   0 MEM_OUT: 366 ACC: 366 BUFF: 365 DC: 0 FLAG_ZERO: False FLAG_LT: 1 FLAG_GT: 0
INPUT_PORT:  []
OUT_PORT:  []
DATA_MEM:  [366, 170]
---------------------------------------
DEBUG    root:machine.py:309 MOD 3
TICK: 17717 PC:   6 ADDR:   0 MEM_OUT: 366 ACC: 366 BUFF: 365 DC: 0 FLAG_ZERO: False FLAG_LT: 1 FLAG_GT: 0
INPUT_PORT:  []
OUT_PORT:  []
DATA_MEM:  [366, 170]
---------------------------------------
DEBUG    root:machine.py:309 CMP 0
TICK: 17721 PC:   7 ADDR:   0 MEM_OUT: 366 ACC: 0 BUFF: 366 DC: 0 FLAG_ZERO: False FLAG_LT: 1 FLAG_GT: 0
INPUT_PORT:  []
OUT_PORT:  []
DATA_MEM:  [366, 170]
---------------------------------------
DEBUG    root:machine.py:309 JE 14
TICK: 17724 PC:   8 ADDR:   0 MEM_OUT: 366 ACC: 0 BUFF: 366 DC: 0 FLAG_ZERO: True FLAG_LT: 0 FLAG_GT: 0
INPUT_PORT:  []
OUT_PORT:  []
DATA_MEM:  [366, 170]
---------------------------------------
DEBUG    root:machine.py:309 LD 4
TICK: 17727 PC:  14 ADDR:   0 MEM_OUT: 366 ACC: 0 BUFF: 366 DC: 0 FLAG_ZERO: True FLAG_LT: 0 FLAG_GT: 0
INPUT_PORT:  []
OUT_PORT:  []
DATA_MEM:  [366, 170]
---------------------------------------
DEBUG    root:machine.py:309 INC 
TICK: 17731 PC:  15 ADDR:   1 MEM_OUT: 170 ACC: 170 BUFF: 366 DC: 0 FLAG_ZERO: True FLAG_LT: 0 FLAG_GT: 0
INPUT_PORT:  []
OUT_PORT:  []
DATA_MEM:  [366, 170]
---------------------------------------
DEBUG    root:machine.py:309 ST 4
TICK: 17734 PC:  16 ADDR:   1 MEM_OUT: 170 ACC: 171 BUFF: 366 DC: 0 FLAG_ZERO: True FLAG_LT: 0 FLAG_GT: 0
INPUT_PORT:  []
OUT_PORT:  []
DATA_MEM:  [366, 170]
---------------------------------------
DEBUG    root:machine.py:309 JMP 0
TICK: 17738 PC:  17 ADDR:   1 MEM_OUT: 171 ACC: 171 BUFF: 366 DC: 0 FLAG_ZERO: True FLAG_LT: 0 FLAG_GT: 0
INPUT_PORT:  []
OUT_PORT:  []
DATA_MEM:  [366, 171]
---------------------------------------
DEBUG    root:machine.py:309 LD 0
TICK: 17741 PC:   0 ADDR:   1 MEM_OUT: 171 ACC: 171 BUFF: 366 DC: 0 FLAG_ZERO: True FLAG_LT: 0 FLAG_GT: 0
INPUT_PORT:  []
OUT_PORT:  []
DATA_MEM:  [366, 171]
---------------------------------------
DEBUG    root:machine.py:309 INC 
TICK: 17745 PC:   1 ADDR:   0 MEM_OUT: 366 ACC: 366 BUFF: 366 DC: 0 FLAG_ZERO: True FLAG_LT: 0 FLAG_GT: 0
INPUT_PORT:  []
OUT_PORT:  []
DATA_MEM:  [366, 171]
---------------------------------------
DEBUG    root:machine.py:309 ST 0
TICK: 17748 PC:   2 ADDR:   0 MEM_OUT: 366 ACC: 367 BUFF: 366 DC: 0 FLAG_ZERO: True FLAG_LT: 0 FLAG_GT: 0
INPUT_PORT:  []
OUT_PORT:  []
DATA_MEM:  [366, 171]
---------------------------------------
DEBUG    root:machine.py:309 CMP 1000
TICK: 17752 PC:   3 ADDR:   0 MEM_OUT: 367 ACC: 367 BUFF: 366 DC: 0 FLAG_ZERO: True FLAG_LT: 0 FLAG_GT: 0
INPUT_PORT:  []
OUT_PORT:  []
DATA_MEM:  [367, 171]
---------------------------------------
DEBUG    root:machine.py:309 JGE 22
TICK: 17755 PC:   4 ADDR:   0 MEM_OUT: 367 ACC: 367 BUFF: 366 DC: 0 FLAG_ZERO: False FLAG_LT: 1 FLAG_GT: 0
INPUT_PORT:  []
OUT_PORT:  []
DATA_MEM:  [367, 171]
---------------------------------------
DEBUG    root:machine.py:309 LD 0
TICK: 17758 PC:   5 ADDR:   0 MEM_OUT: 367 ACC: 367 BUFF: 366 DC: 0 FLAG_ZERO: False FLAG_LT: 1 FLAG_GT: 0
INPUT_PORT:  []
OUT_PORT:  []
DATA_MEM:  [367, 171]
---------------------------------------
DEBUG    root:machine.py:309 MOD 3
TICK: 17762 PC:   6 ADDR:   0 MEM_OUT: 367 ACC: 367 BUFF: 366 DC: 0 FLAG_ZERO: False FLAG_LT: 1 FLAG_GT: 0
INPUT_PORT:  []
OUT_PORT:  []
DATA_MEM:  [367, 171]
---------------------------------------
DEBUG    root:machine.py:309 CMP 0
TICK: 17766 PC:   7 ADDR:   0 MEM_OUT: 367 ACC: 1 BUFF: 367 DC: 0 FLAG_ZERO: False FLAG_LT: 1 FLAG_GT: 0
INPUT_PORT:  []
OUT_PORT:  []
DATA_MEM:  [367, 171]
---------------------------------------
DEBUG    root:machine.py:309 JE 14
TICK: 17769 PC:   8 ADDR:   0 MEM_OUT: 367 ACC: 1 BUFF: 367 DC: 0 FLAG_ZERO: False FLAG_LT: 0 FLAG_GT: 1
INPUT_PORT:  []
OUT_PORT:  []
DATA_MEM:  [367, 171]
---------------------------------------
DEBUG    root:machine.py:309 LD 0
TICK: 17772 PC:   9 ADDR:   0 MEM_OUT: 367 ACC: 1 BUFF: 367 DC: 0 FLAG_ZERO: False FLAG_LT: 0 FLAG_GT: 1
INPUT_PORT:  []
OUT_PORT:  []
DATA_MEM:  [367, 171]
---------------------------------------
DEBUG    root:machine.py:309 MOD 5
TICK: 17776 PC:  10 ADDR:   0 MEM_OUT: 367 ACC: 367 BUFF: 367 DC: 0 FLAG_ZERO: False FLAG_LT: 0 FLAG_GT: 1
INPUT_PORT:  []
OUT_PORT:  []
DATA_MEM:  [367, 171]
---------------------------------------
DEBUG    root:machine.py:309 CMP 0
TICK: 17780 PC:  11 ADDR:   0 MEM_OUT: 367 ACC: 2 BUFF: 367 DC: 0 FLAG_ZERO: False FLAG_LT: 0 FLAG_GT: 1
INPUT_PORT:  []
OUT_PORT:  []
DATA_MEM:  [367, 171]
---------------------------------------
DEBUG    root:machine.py:309 JE 18
TICK: 17783 PC:  12 ADDR:   0 MEM_OUT: 367 ACC: 2 BUFF: 367 DC: 0 FLAG_ZERO: False FLAG_LT: 0 FLAG_GT: 1
INPUT_PORT:  []
OUT_PORT:  []
DATA_MEM:  [367, 171]
---------------------------------------
DEBUG    root:machine.py:309 JMP 0
TICK: 17786 PC:  13 ADDR:   0 MEM_OUT: 367 ACC: 2 BUFF: 367 DC: 0 FLAG_ZERO: False FLAG_LT: 0 FLAG_GT: 1
INPUT_PORT:  []
OUT_PORT:  []
DATA_MEM:  [367, 171]
---------------------------------------
DEBUG    root:machine.py:309 LD 0
TICK: 17789 PC:   0 ADDR:   0 MEM_OUT: 367 ACC: 2 BUFF: 367 DC: 0 FLAG_ZERO: False FLAG_LT: 0 FLAG_GT: 1
INPUT_PORT:  []
OUT_PORT:  []
DATA_MEM:  [367, 171]
---------------------------------------
DEBUG    root:machine.py:309 INC 
TICK: 17793 PC:   1 ADDR:   0 MEM_OUT: 367 ACC: 367 BUFF: 367 DC: 0 FLAG_ZERO: False FLAG_LT: 0 FLAG_GT: 1
INPUT_PORT:  []
OUT_PORT:  []
DATA_MEM:  [367, 171]
---------------------------------------
DEBUG    root:machine.py:309 ST 0
TICK: 17796 PC:   2 ADDR:   0 MEM_OUT: 367 ACC: 368 BUFF: 367 DC: 0 FLAG_ZERO: False FLAG_LT: 0 FLAG_GT: 1
INPUT_PORT:  []
OUT_PORT:  []
DATA_MEM:  [367, 171]
---------------------------------------
DEBUG    root:machine.py:309 CMP 1000
TICK: 17800 PC:   3 ADDR:   0 MEM_OUT: 368 ACC: 368 BUFF: 367 DC: 0 FLAG_ZERO: False FLAG_LT: 0 FLAG_GT: 1
INPUT_PORT:  []
OUT_PORT:  []
DATA_MEM:  [368, 171]
---------------------------------------
DEBUG    root:machine.py:309 JGE 22
TICK: 17803 PC:   4 ADDR:   0 MEM_OUT: 368 ACC: 368 BUFF: 367 DC: 0 FLAG_ZERO: False FLAG_LT: 1 FLAG_GT: 0
INPUT_PORT:  []
OUT_PORT:  []
DATA_MEM:  [368, 171]
---------------------------------------
DEBUG    root:machine.py:309 LD 0
TICK: 17806 PC:   5 ADDR:   0 MEM_OUT: 368 ACC: 368 BUFF: 367 DC: 0 FLAG_ZERO: False FLAG_LT: 1 FLAG_GT: 0
INPUT_PORT:  []
OUT_PORT:  []
DATA_MEM:  [368, 171]
---------------------------------------
DEBUG    root:machine.py:309 MOD 3
TICK: 17810 PC:   6 ADDR:   0 MEM_OUT: 368 ACC: 368 BUFF: 367 DC: 0 FLAG_ZERO: False FLAG_LT: 1 FLAG_GT: 0
INPUT_PORT:  []
OUT_PORT:  []
DATA_MEM:  [368, 171]
---------------------------------------
DEBUG    root:machine.py:309 CMP 0
TICK: 17814 PC:   7 ADDR:   0 MEM_OUT: 368 ACC: 2 BUFF: 368 DC: 0 FLAG_ZERO: False FLAG_LT: 1 FLAG_GT: 0
INPUT_PORT:  []
OUT_PORT:  []
DATA_MEM:  [368, 171]
---------------------------------------
DEBUG    root:machine.py:309 JE 14
TICK: 17817 PC:   8 ADDR:   0 MEM_OUT: 368 ACC: 2 BUFF: 368 DC: 0 FLAG_ZERO: False FLAG_LT: 0 FLAG_GT: 1
INPUT_PORT:  []
OUT_PORT:  []
DATA_MEM:  [368, 171]
---------------------------------------
DEBUG    root:machine.py:309 LD 0
TICK: 17820 PC:   9 ADDR:   0 MEM_OUT: 368 ACC: 2 BUFF: 368 DC: 0 FLAG_ZERO: False FLAG_LT: 0 FLAG_GT: 1
INPUT_PORT:  []
OUT_PORT:  []
DATA_MEM:  [368, 171]
---------------------------------------
DEBUG    root:machine.py:309 MOD 5
TICK: 17824 PC:  10 ADDR:   0 MEM_OUT: 368 ACC: 368 BUFF: 368 DC: 0 FLAG_ZERO: False FLAG_LT: 0 FLAG_GT: 1
INPUT_PORT:  []
OUT_PORT:  []
DATA_MEM:  [368, 171]
---------------------------------------
DEBUG    root:machine.py:309 CMP 0
TICK: 17828 PC:  11 ADDR:   0 MEM_OUT: 368 ACC: 3 BUFF: 368 DC: 0 FLAG_ZERO: False FLAG_LT: 0 FLAG_GT: 1
INPUT_PORT:  []
OUT_PORT:  []
DATA_MEM:  [368, 171]
---------------------------------------
DEBUG    root:machine.py:309 JE 18
TICK: 17831 PC:  12 ADDR:   0 MEM_OUT: 368 ACC: 3 BUFF: 368 DC: 0 FLAG_ZERO: False FLAG_LT: 0 FLAG_GT: 1
INPUT_PORT:  []
OUT_PORT:  []
DATA_MEM:  [368, 171]
---------------------------------------
DEBUG    root:machine.py:309 JMP 0
TICK: 17834 PC:  13 ADDR:   0 MEM_OUT: 368 ACC: 3 BUFF: 368 DC: 0 FLAG_ZERO: False FLAG_LT: 0 FLAG_GT: 1
INPUT_PORT:  []
OUT_PORT:  []
DATA_MEM:  [368, 171]
---------------------------------------
DEBUG    root:machine.py:309 LD 0
TICK: 17837 PC:   0 ADDR:   0 MEM_OUT: 368 ACC: 3 BUFF: 368 DC: 0 FLAG_ZERO: False FLAG_LT: 0 FLAG_GT: 1
INPUT_PORT:  []
OUT_PORT:  []
DATA_MEM:  [368, 171]
---------------------------------------
DEBUG    root:machine.py:309 INC 
TICK: 17841 PC:   1 ADDR:   0 MEM_OUT: 368 ACC: 368 BUFF: 368 DC: 0 FLAG_ZERO: False FLAG_LT: 0 FLAG_GT: 1
INPUT_PORT:  []
OUT_PORT:  []
DATA_MEM:  [368, 171]
---------------------------------------
DEBUG    root:machine.py:309 ST 0
TICK: 17844 PC:   2 ADDR:   0 MEM_OUT: 368 ACC: 369 BUFF: 368 DC: 0 FLAG_ZERO: False FLAG_LT: 0 FLAG_GT: 1
INPUT_PORT:  []
OUT_PORT:  []
DATA_MEM:  [368, 171]
---------------------------------------
DEBUG    root:machine.py:309 CMP 1000
TICK: 17848 PC:   3 ADDR:   0 MEM_OUT: 369 ACC: 369 BUFF: 368 DC: 0 FLAG_ZERO: False FLAG_LT: 0 FLAG_GT: 1
INPUT_PORT:  []
OUT_PORT:  []
DATA_MEM:  [369, 171]
---------------------------------------
DEBUG    root:machine.py:309 JGE 22
TICK: 17851 PC:   4 ADDR:   0 MEM_OUT: 369 ACC: 369 BUFF: 368 DC: 0 FLAG_ZERO: False FLAG_LT: 1 FLAG_GT: 0
INPUT_PORT:  []
OUT_PORT:  []
DATA_MEM:  [369, 171]
---------------------------------------
DEBUG    root:machine.py:309 LD 0
TICK: 17854 PC:   5 ADDR:   0 MEM_OUT: 369 ACC: 369 BUFF: 368 DC: 0 FLAG_ZERO: False FLAG_LT: 1 FLAG_GT: 0
INPUT_PORT:  []
OUT_PORT:  []
DATA_MEM:  [369, 171]
---------------------------------------
DEBUG    root:machine.py:309 MOD 3
TICK: 17858 PC:   6 ADDR:   0 MEM_OUT: 369 ACC: 369 BUFF: 368 DC: 0 FLAG_ZERO: False FLAG_LT: 1 FLAG_GT: 0
INPUT_PORT:  []
OUT_PORT:  []
DATA_MEM:  [369, 171]
---------------------------------------
DEBUG    root:machine.py:309 CMP 0
TICK: 17862 PC:   7 ADDR:   0 MEM_OUT: 369 ACC: 0 BUFF: 369 DC: 0 FLAG_ZERO: False FLAG_LT: 1 FLAG_GT: 0
INPUT_PORT:  []
OUT_PORT:  []
DATA_MEM:  [369, 171]
---------------------------------------
DEBUG    root:machine.py:309 JE 14
TICK: 17865 PC:   8 ADDR:   0 MEM_OUT: 369 ACC: 0 BUFF: 369 DC: 0 FLAG_ZERO: True FLAG_LT: 0 FLAG_GT: 0
INPUT_PORT:  []
OUT_PORT:  []
DATA_MEM:  [369, 171]
---------------------------------------
DEBUG    root:machine.py:309 LD 4
TICK: 17868 PC:  14 ADDR:   0 MEM_OUT: 369 ACC: 0 BUFF: 369 DC: 0 FLAG_ZERO: True FLAG_LT: 0 FLAG_GT: 0
INPUT_PORT:  []
OUT_PORT:  []
DATA_MEM:  [369, 171]
---------------------------------------
DEBUG    root:machine.py:309 INC 
TICK: 17872 PC:  15 ADDR:   1 MEM_OUT: 171 ACC: 171 BUFF: 369 DC: 0 FLAG_ZERO: True FLAG_LT: 0 FLAG_GT: 0
INPUT_PORT:  []
OUT_PORT:  []
DATA_MEM:  [369, 171]
---------------------------------------
DEBUG    root:machine.py:309 ST 4
TICK: 17875 PC:  16 ADDR:   1 MEM_OUT: 171 ACC: 172 BUFF: 369 DC: 0 FLAG_ZERO: True FLAG_LT: 0 FLAG_GT: 0
INPUT_PORT:  []
OUT_PORT:  []
DATA_MEM:  [369, 171]
---------------------------------------
DEBUG    root:machine.py:309 JMP 0
TICK: 17879 PC:  17 ADDR:   1 MEM_OUT: 172 ACC: 172 BUFF: 369 DC: 0 FLAG_ZERO: True FLAG_LT: 0 FLAG_GT: 0
INPUT_PORT:  []
OUT_PORT:  []
DATA_MEM:  [369, 172]
---------------------------------------
DEBUG    root:machine.py:309 LD 0
TICK: 17882 PC:   0 ADDR:   1 MEM_OUT: 172 ACC: 172 BUFF: 369 DC: 0 FLAG_ZERO: True FLAG_LT: 0 FLAG_GT: 0
INPUT_PORT:  []
OUT_PORT:  []
DATA_MEM:  [369, 172]
---------------------------------------
DEBUG    root:machine.py:309 INC 
TICK: 17886 PC:   1 ADDR:   0 MEM_OUT: 369 ACC: 369 BUFF: 369 DC: 0 FLAG_ZERO: True FLAG_LT: 0 FLAG_GT: 0
INPUT_PORT:  []
OUT_PORT:  []
DATA_MEM:  [369, 172]
---------------------------------------
DEBUG    root:machine.py:309 ST 0
TICK: 17889 PC:   2 ADDR:   0 MEM_OUT: 369 ACC: 370 BUFF: 369 DC: 0 FLAG_ZERO: True FLAG_LT: 0 FLAG_GT: 0
INPUT_PORT:  []
OUT_PORT:  []
DATA_MEM:  [369, 172]
---------------------------------------
DEBUG    root:machine.py:309 CMP 1000
TICK: 17893 PC:   3 ADDR:   0 MEM_OUT: 370 ACC: 370 BUFF: 369 DC: 0 FLAG_ZERO: True FLAG_LT: 0 FLAG_GT: 0
INPUT_PORT:  []
OUT_PORT:  []
DATA_MEM:  [370, 172]
---------------------------------------
DEBUG    root:machine.py:309 JGE 22
TICK: 17896 PC:   4 ADDR:   0 MEM_OUT: 370 ACC: 370 BUFF: 369 DC: 0 FLAG_ZERO: False FLAG_LT: 1 FLAG_GT: 0
INPUT_PORT:  []
OUT_PORT:  []
DATA_MEM:  [370, 172]
---------------------------------------
DEBUG    root:machine.py:309 LD 0
TICK: 17899 PC:   5 ADDR:   0 MEM_OUT: 370 ACC: 370 BUFF: 369 DC: 0 FLAG_ZERO: False FLAG_LT: 1 FLAG_GT: 0
INPUT_PORT:  []
OUT_PORT:  []
DATA_MEM:  [370, 172]
---------------------------------------
DEBUG    root:machine.py:309 MOD 3
TICK: 17903 PC:   6 ADDR:   0 MEM_OUT: 370 ACC: 370 BUFF: 369 DC: 0 FLAG_ZERO: False FLAG_LT: 1 FLAG_GT: 0
INPUT_PORT:  []
OUT_PORT:  []
DATA_MEM:  [370, 172]
---------------------------------------
DEBUG    root:machine.py:309 CMP 0
TICK: 17907 PC:   7 ADDR:   0 MEM_OUT: 370 ACC: 1 BUFF: 370 DC: 0 FLAG_ZERO: False FLAG_LT: 1 FLAG_GT: 0
INPUT_PORT:  []
OUT_PORT:  []
DATA_MEM:  [370, 172]
---------------------------------------
DEBUG    root:machine.py:309 JE 14
TICK: 17910 PC:   8 ADDR:   0 MEM_OUT: 370 ACC: 1 BUFF: 370 DC: 0 FLAG_ZERO: False FLAG_LT: 0 FLAG_GT: 1
INPUT_PORT:  []
OUT_PORT:  []
DATA_MEM:  [370, 172]
---------------------------------------
DEBUG    root:machine.py:309 LD 0
TICK: 17913 PC:   9 ADDR:   0 MEM_OUT: 370 ACC: 1 BUFF: 370 DC: 0 FLAG_ZERO: False FLAG_LT: 0 FLAG_GT: 1
INPUT_PORT:  []
OUT_PORT:  []
DATA_MEM:  [370, 172]
---------------------------------------
DEBUG    root:machine.py:309 MOD 5
TICK: 17917 PC:  10 ADDR:   0 MEM_OUT: 370 ACC: 370 BUFF: 370 DC: 0 FLAG_ZERO: False FLAG_LT: 0 FLAG_GT: 1
INPUT_PORT:  []
OUT_PORT:  []
DATA_MEM:  [370, 172]
---------------------------------------
DEBUG    root:machine.py:309 CMP 0
TICK: 17921 PC:  11 ADDR:   0 MEM_OUT: 370 ACC: 0 BUFF: 370 DC: 0 FLAG_ZERO: False FLAG_LT: 0 FLAG_GT: 1
INPUT_PORT:  []
OUT_PORT:  []
DATA_MEM:  [370, 172]
---------------------------------------
DEBUG    root:machine.py:309 JE 18
TICK: 17924 PC:  12 ADDR:   0 MEM_OUT: 370 ACC: 0 BUFF: 370 DC: 0 FLAG_ZERO: True FLAG_LT: 0 FLAG_GT: 0
INPUT_PORT:  []
OUT_PORT:  []
DATA_MEM:  [370, 172]
---------------------------------------
DEBUG    root:machine.py:309 LD 4
TICK: 17927 PC:  18 ADDR:   0 MEM_OUT: 370 ACC: 0 BUFF: 370 DC: 0 FLAG_ZERO: True FLAG_LT: 0 FLAG_GT: 0
INPUT_PORT:  []
OUT_PORT:  []
DATA_MEM:  [370, 172]
---------------------------------------
DEBUG    root:machine.py:309 INC 
TICK: 17931 PC:  19 ADDR:   1 MEM_OUT: 172 ACC: 172 BUFF: 370 DC: 0 FLAG_ZERO: True FLAG_LT: 0 FLAG_GT: 0
INPUT_PORT:  []
OUT_PORT:  []
DATA_MEM:  [370, 172]
---------------------------------------
DEBUG    root:machine.py:309 ST 4
TICK: 17934 PC:  20 ADDR:   1 MEM_OUT: 172 ACC: 173 BUFF: 370 DC: 0 FLAG_ZERO: True FLAG_LT: 0 FLAG_GT: 0
INPUT_PORT:  []
OUT_PORT:  []
DATA_MEM:  [370, 172]
---------------------------------------
DEBUG    root:machine.py:309 JMP 0
TICK: 17938 PC:  21 ADDR:   1 MEM_OUT: 173 ACC: 173 BUFF: 370 DC: 0 FLAG_ZERO: True FLAG_LT: 0 FLAG_GT: 0
INPUT_PORT:  []
OUT_PORT:  []
DATA_MEM:  [370, 173]
---------------------------------------
DEBUG    root:machine.py:309 LD 0
TICK: 17941 PC:   0 ADDR:   1 MEM_OUT: 173 ACC: 173 BUFF: 370 DC: 0 FLAG_ZERO: True FLAG_LT: 0 FLAG_GT: 0
INPUT_PORT:  []
OUT_PORT:  []
DATA_MEM:  [370, 173]
---------------------------------------
DEBUG    root:machine.py:309 INC 
TICK: 17945 PC:   1 ADDR:   0 MEM_OUT: 370 ACC: 370 BUFF: 370 DC: 0 FLAG_ZERO: True FLAG_LT: 0 FLAG_GT: 0
INPUT_PORT:  []
OUT_PORT:  []
DATA_MEM:  [370, 173]
---------------------------------------
DEBUG    root:machine.py:309 ST 0
TICK: 17948 PC:   2 ADDR:   0 MEM_OUT: 370 ACC: 371 BUFF: 370 DC: 0 FLAG_ZERO: True FLAG_LT: 0 FLAG_GT: 0
INPUT_PORT:  []
OUT_PORT:  []
DATA_MEM:  [370, 173]
---------------------------------------
DEBUG    root:machine.py:309 CMP 1000
TICK: 17952 PC:   3 ADDR:   0 MEM_OUT: 371 ACC: 371 BUFF: 370 DC: 0 FLAG_ZERO: True FLAG_LT: 0 FLAG_GT: 0
INPUT_PORT:  []
OUT_PORT:  []
DATA_MEM:  [371, 173]
---------------------------------------
DEBUG    root:machine.py:309 JGE 22
TICK: 17955 PC:   4 ADDR:   0 MEM_OUT: 371 ACC: 371 BUFF: 370 DC: 0 FLAG_ZERO: False FLAG_LT: 1 FLAG_GT: 0
INPUT_PORT:  []
OUT_PORT:  []
DATA_MEM:  [371, 173]
---------------------------------------
DEBUG    root:machine.py:309 LD 0
TICK: 17958 PC:   5 ADDR:   0 MEM_OUT: 371 ACC: 371 BUFF: 370 DC: 0 FLAG_ZERO: False FLAG_LT: 1 FLAG_GT: 0
INPUT_PORT:  []
OUT_PORT:  []
DATA_MEM:  [371, 173]
---------------------------------------
DEBUG    root:machine.py:309 MOD 3
TICK: 17962 PC:   6 ADDR:   0 MEM_OUT: 371 ACC: 371 BUFF: 370 DC: 0 FLAG_ZERO: False FLAG_LT: 1 FLAG_GT: 0
INPUT_PORT:  []
OUT_PORT:  []
DATA_MEM:  [371, 173]
---------------------------------------
DEBUG    root:machine.py:309 CMP 0
TICK: 17966 PC:   7 ADDR:   0 MEM_OUT: 371 ACC: 2 BUFF: 371 DC: 0 FLAG_ZERO: False FLAG_LT: 1 FLAG_GT: 0
INPUT_PORT:  []
OUT_PORT:  []
DATA_MEM:  [371, 173]
---------------------------------------
DEBUG    root:machine.py:309 JE 14
TICK: 17969 PC:   8 ADDR:   0 MEM_OUT: 371 ACC: 2 BUFF: 371 DC: 0 FLAG_ZERO: False FLAG_LT: 0 FLAG_GT: 1
INPUT_PORT:  []
OUT_PORT:  []
DATA_MEM:  [371, 173]
---------------------------------------
DEBUG    root:machine.py:309 LD 0
TICK: 17972 PC:   9 ADDR:   0 MEM_OUT: 371 ACC: 2 BUFF: 371 DC: 0 FLAG_ZERO: False FLAG_LT: 0 FLAG_GT: 1
INPUT_PORT:  []
OUT_PORT:  []
DATA_MEM:  [371, 173]
---------------------------------------
DEBUG    root:machine.py:309 MOD 5
TICK: 17976 PC:  10 ADDR:   0 MEM_OUT: 371 ACC: 371 BUFF: 371 DC: 0 FLAG_ZERO: False FLAG_LT: 0 FLAG_GT: 1
INPUT_PORT:  []
OUT_PORT:  []
DATA_MEM:  [371, 173]
---------------------------------------
DEBUG    root:machine.py:309 CMP 0
TICK: 17980 PC:  11 ADDR:   0 MEM_OUT: 371 ACC: 1 BUFF: 371 DC: 0 FLAG_ZERO: False FLAG_LT: 0 FLAG_GT: 1
INPUT_PORT:  []
OUT_PORT:  []
DATA_MEM:  [371, 173]
---------------------------------------
DEBUG    root:machine.py:309 JE 18
TICK: 17983 PC:  12 ADDR:   0 MEM_OUT: 371 ACC: 1 BUFF: 371 DC: 0 FLAG_ZERO: False FLAG_LT: 0 FLAG_GT: 1
INPUT_PORT:  []
OUT_PORT:  []
DATA_MEM:  [371, 173]
---------------------------------------
DEBUG    root:machine.py:309 JMP 0
TICK: 17986 PC:  13 ADDR:   0 MEM_OUT: 371 ACC: 1 BUFF: 371 DC: 0 FLAG_ZERO: False FLAG_LT: 0 FLAG_GT: 1
INPUT_PORT:  []
OUT_PORT:  []
DATA_MEM:  [371, 173]
---------------------------------------
DEBUG    root:machine.py:309 LD 0
TICK: 17989 PC:   0 ADDR:   0 MEM_OUT: 371 ACC: 1 BUFF: 371 DC: 0 FLAG_ZERO: False FLAG_LT: 0 FLAG_GT: 1
INPUT_PORT:  []
OUT_PORT:  []
DATA_MEM:  [371, 173]
---------------------------------------
DEBUG    root:machine.py:309 INC 
TICK: 17993 PC:   1 ADDR:   0 MEM_OUT: 371 ACC: 371 BUFF: 371 DC: 0 FLAG_ZERO: False FLAG_LT: 0 FLAG_GT: 1
INPUT_PORT:  []
OUT_PORT:  []
DATA_MEM:  [371, 173]
---------------------------------------
DEBUG    root:machine.py:309 ST 0
TICK: 17996 PC:   2 ADDR:   0 MEM_OUT: 371 ACC: 372 BUFF: 371 DC: 0 FLAG_ZERO: False FLAG_LT: 0 FLAG_GT: 1
INPUT_PORT:  []
OUT_PORT:  []
DATA_MEM:  [371, 173]
---------------------------------------
DEBUG    root:machine.py:309 CMP 1000
TICK: 18000 PC:   3 ADDR:   0 MEM_OUT: 372 ACC: 372 BUFF: 371 DC: 0 FLAG_ZERO: False FLAG_LT: 0 FLAG_GT: 1
INPUT_PORT:  []
OUT_PORT:  []
DATA_MEM:  [372, 173]
---------------------------------------
DEBUG    root:machine.py:309 JGE 22
TICK: 18003 PC:   4 ADDR:   0 MEM_OUT: 372 ACC: 372 BUFF: 371 DC: 0 FLAG_ZERO: False FLAG_LT: 1 FLAG_GT: 0
INPUT_PORT:  []
OUT_PORT:  []
DATA_MEM:  [372, 173]
---------------------------------------
DEBUG    root:machine.py:309 LD 0
TICK: 18006 PC:   5 ADDR:   0 MEM_OUT: 372 ACC: 372 BUFF: 371 DC: 0 FLAG_ZERO: False FLAG_LT: 1 FLAG_GT: 0
INPUT_PORT:  []
OUT_PORT:  []
DATA_MEM:  [372, 173]
---------------------------------------
DEBUG    root:machine.py:309 MOD 3
TICK: 18010 PC:   6 ADDR:   0 MEM_OUT: 372 ACC: 372 BUFF: 371 DC: 0 FLAG_ZERO: False FLAG_LT: 1 FLAG_GT: 0
INPUT_PORT:  []
OUT_PORT:  []
DATA_MEM:  [372, 173]
---------------------------------------
DEBUG    root:machine.py:309 CMP 0
TICK: 18014 PC:   7 ADDR:   0 MEM_OUT: 372 ACC: 0 BUFF: 372 DC: 0 FLAG_ZERO: False FLAG_LT: 1 FLAG_GT: 0
INPUT_PORT:  []
OUT_PORT:  []
DATA_MEM:  [372, 173]
---------------------------------------
DEBUG    root:machine.py:309 JE 14
TICK: 18017 PC:   8 ADDR:   0 MEM_OUT: 372 ACC: 0 BUFF: 372 DC: 0 FLAG_ZERO: True FLAG_LT: 0 FLAG_GT: 0
INPUT_PORT:  []
OUT_PORT:  []
DATA_MEM:  [372, 173]
---------------------------------------
DEBUG    root:machine.py:309 LD 4
TICK: 18020 PC:  14 ADDR:   0 MEM_OUT: 372 ACC: 0 BUFF: 372 DC: 0 FLAG_ZERO: True FLAG_LT: 0 FLAG_GT: 0
INPUT_PORT:  []
OUT_PORT:  []
DATA_MEM:  [372, 173]
---------------------------------------
DEBUG    root:machine.py:309 INC 
TICK: 18024 PC:  15 ADDR:   1 MEM_OUT: 173 ACC: 173 BUFF: 372 DC: 0 FLAG_ZERO: True FLAG_LT: 0 FLAG_GT: 0
INPUT_PORT:  []
OUT_PORT:  []
DATA_MEM:  [372, 173]
---------------------------------------
DEBUG    root:machine.py:309 ST 4
TICK: 18027 PC:  16 ADDR:   1 MEM_OUT: 173 ACC: 174 BUFF: 372 DC: 0 FLAG_ZERO: True FLAG_LT: 0 FLAG_GT: 0
INPUT_PORT:  []
OUT_PORT:  []
DATA_MEM:  [372, 173]
---------------------------------------
DEBUG    root:machine.py:309 JMP 0
TICK: 18031 PC:  17 ADDR:   1 MEM_OUT: 174 ACC: 174 BUFF: 372 DC: 0 FLAG_ZERO: True FLAG_LT: 0 FLAG_GT: 0
INPUT_PORT:  []
OUT_PORT:  []
DATA_MEM:  [372, 174]
---------------------------------------
DEBUG    root:machine.py:309 LD 0
TICK: 18034 PC:   0 ADDR:   1 MEM_OUT: 174 ACC: 174 BUFF: 372 DC: 0 FLAG_ZERO: True FLAG_LT: 0 FLAG_GT: 0
INPUT_PORT:  []
OUT_PORT:  []
DATA_MEM:  [372, 174]
---------------------------------------
DEBUG    root:machine.py:309 INC 
TICK: 18038 PC:   1 ADDR:   0 MEM_OUT: 372 ACC: 372 BUFF: 372 DC: 0 FLAG_ZERO: True FLAG_LT: 0 FLAG_GT: 0
INPUT_PORT:  []
OUT_PORT:  []
DATA_MEM:  [372, 174]
---------------------------------------
DEBUG    root:machine.py:309 ST 0
TICK: 18041 PC:   2 ADDR:   0 MEM_OUT: 372 ACC: 373 BUFF: 372 DC: 0 FLAG_ZERO: True FLAG_LT: 0 FLAG_GT: 0
INPUT_PORT:  []
OUT_PORT:  []
DATA_MEM:  [372, 174]
---------------------------------------
DEBUG    root:machine.py:309 CMP 1000
TICK: 18045 PC:   3 ADDR:   0 MEM_OUT: 373 ACC: 373 BUFF: 372 DC: 0 FLAG_ZERO: True FLAG_LT: 0 FLAG_GT: 0
INPUT_PORT:  []
OUT_PORT:  []
DATA_MEM:  [373, 174]
---------------------------------------
DEBUG    root:machine.py:309 JGE 22
TICK: 18048 PC:   4 ADDR:   0 MEM_OUT: 373 ACC: 373 BUFF: 372 DC: 0 FLAG_ZERO: False FLAG_LT: 1 FLAG_GT: 0
INPUT_PORT:  []
OUT_PORT:  []
DATA_MEM:  [373, 174]
---------------------------------------
DEBUG    root:machine.py:309 LD 0
TICK: 18051 PC:   5 ADDR:   0 MEM_OUT: 373 ACC: 373 BUFF: 372 DC: 0 FLAG_ZERO: False FLAG_LT: 1 FLAG_GT: 0
INPUT_PORT:  []
OUT_PORT:  []
DATA_MEM:  [373, 174]
---------------------------------------
DEBUG    root:machine.py:309 MOD 3
TICK: 18055 PC:   6 ADDR:   0 MEM_OUT: 373 ACC: 373 BUFF: 372 DC: 0 FLAG_ZERO: False FLAG_LT: 1 FLAG_GT: 0
INPUT_PORT:  []
OUT_PORT:  []
DATA_MEM:  [373, 174]
---------------------------------------
DEBUG    root:machine.py:309 CMP 0
TICK: 18059 PC:   7 ADDR:   0 MEM_OUT: 373 ACC: 1 BUFF: 373 DC: 0 FLAG_ZERO: False FLAG_LT: 1 FLAG_GT: 0
INPUT_PORT:  []
OUT_PORT:  []
DATA_MEM:  [373, 174]
---------------------------------------
DEBUG    root:machine.py:309 JE 14
TICK: 18062 PC:   8 ADDR:   0 MEM_OUT: 373 ACC: 1 BUFF: 373 DC: 0 FLAG_ZERO: False FLAG_LT: 0 FLAG_GT: 1
INPUT_PORT:  []
OUT_PORT:  []
DATA_MEM:  [373, 174]
---------------------------------------
DEBUG    root:machine.py:309 LD 0
TICK: 18065 PC:   9 ADDR:   0 MEM_OUT: 373 ACC: 1 BUFF: 373 DC: 0 FLAG_ZERO: False FLAG_LT: 0 FLAG_GT: 1
INPUT_PORT:  []
OUT_PORT:  []
DATA_MEM:  [373, 174]
---------------------------------------
DEBUG    root:machine.py:309 MOD 5
TICK: 18069 PC:  10 ADDR:   0 MEM_OUT: 373 ACC: 373 BUFF: 373 DC: 0 FLAG_ZERO: False FLAG_LT: 0 FLAG_GT: 1
INPUT_PORT:  []
OUT_PORT:  []
DATA_MEM:  [373, 174]
---------------------------------------
DEBUG    root:machine.py:309 CMP 0
TICK: 18073 PC:  11 ADDR:   0 MEM_OUT: 373 ACC: 3 BUFF: 373 DC: 0 FLAG_ZERO: False FLAG_LT: 0 FLAG_GT: 1
INPUT_PORT:  []
OUT_PORT:  []
DATA_MEM:  [373, 174]
---------------------------------------
DEBUG    root:machine.py:309 JE 18
TICK: 18076 PC:  12 ADDR:   0 MEM_OUT: 373 ACC: 3 BUFF: 373 DC: 0 FLAG_ZERO: False FLAG_LT: 0 FLAG_GT: 1
INPUT_PORT:  []
OUT_PORT:  []
DATA_MEM:  [373, 174]
---------------------------------------
DEBUG    root:machine.py:309 JMP 0
TICK: 18079 PC:  13 ADDR:   0 MEM_OUT: 373 ACC: 3 BUFF: 373 DC: 0 FLAG_ZERO: False FLAG_LT: 0 FLAG_GT: 1
INPUT_PORT:  []
OUT_PORT:  []
DATA_MEM:  [373, 174]
---------------------------------------
DEBUG    root:machine.py:309 LD 0
TICK: 18082 PC:   0 ADDR:   0 MEM_OUT: 373 ACC: 3 BUFF: 373 DC: 0 FLAG_ZERO: False FLAG_LT: 0 FLAG_GT: 1
INPUT_PORT:  []
OUT_PORT:  []
DATA_MEM:  [373, 174]
---------------------------------------
DEBUG    root:machine.py:309 INC 
TICK: 18086 PC:   1 ADDR:   0 MEM_OUT: 373 ACC: 373 BUFF: 373 DC: 0 FLAG_ZERO: False FLAG_LT: 0 FLAG_GT: 1
INPUT_PORT:  []
OUT_PORT:  []
DATA_MEM:  [373, 174]
---------------------------------------
DEBUG    root:machine.py:309 ST 0
TICK: 18089 PC:   2 ADDR:   0 MEM_OUT: 373 ACC: 374 BUFF: 373 DC: 0 FLAG_ZERO: False FLAG_LT: 0 FLAG_GT: 1
INPUT_PORT:  []
OUT_PORT:  []
DATA_MEM:  [373, 174]
---------------------------------------
DEBUG    root:machine.py:309 CMP 1000
TICK: 18093 PC:   3 ADDR:   0 MEM_OUT: 374 ACC: 374 BUFF: 373 DC: 0 FLAG_ZERO: False FLAG_LT: 0 FLAG_GT: 1
INPUT_PORT:  []
OUT_PORT:  []
DATA_MEM:  [374, 174]
---------------------------------------
DEBUG    root:machine.py:309 JGE 22
TICK: 18096 PC:   4 ADDR:   0 MEM_OUT: 374 ACC: 374 BUFF: 373 DC: 0 FLAG_ZERO: False FLAG_LT: 1 FLAG_GT: 0
INPUT_PORT:  []
OUT_PORT:  []
DATA_MEM:  [374, 174]
---------------------------------------
DEBUG    root:machine.py:309 LD 0
TICK: 18099 PC:   5 ADDR:   0 MEM_OUT: 374 ACC: 374 BUFF: 373 DC: 0 FLAG_ZERO: False FLAG_LT: 1 FLAG_GT: 0
INPUT_PORT:  []
OUT_PORT:  []
DATA_MEM:  [374, 174]
---------------------------------------
DEBUG    root:machine.py:309 MOD 3
TICK: 18103 PC:   6 ADDR:   0 MEM_OUT: 374 ACC: 374 BUFF: 373 DC: 0 FLAG_ZERO: False FLAG_LT: 1 FLAG_GT: 0
INPUT_PORT:  []
OUT_PORT:  []
DATA_MEM:  [374, 174]
---------------------------------------
DEBUG    root:machine.py:309 CMP 0
TICK: 18107 PC:   7 ADDR:   0 MEM_OUT: 374 ACC: 2 BUFF: 374 DC: 0 FLAG_ZERO: False FLAG_LT: 1 FLAG_GT: 0
INPUT_PORT:  []
OUT_PORT:  []
DATA_MEM:  [374, 174]
---------------------------------------
DEBUG    root:machine.py:309 JE 14
TICK: 18110 PC:   8 ADDR:   0 MEM_OUT: 374 ACC: 2 BUFF: 374 DC: 0 FLAG_ZERO: False FLAG_LT: 0 FLAG_GT: 1
INPUT_PORT:  []
OUT_PORT:  []
DATA_MEM:  [374, 174]
---------------------------------------
DEBUG    root:machine.py:309 LD 0
TICK: 18113 PC:   9 ADDR:   0 MEM_OUT: 374 ACC: 2 BUFF: 374 DC: 0 FLAG_ZERO: False FLAG_LT: 0 FLAG_GT: 1
INPUT_PORT:  []
OUT_PORT:  []
DATA_MEM:  [374, 174]
---------------------------------------
DEBUG    root:machine.py:309 MOD 5
TICK: 18117 PC:  10 ADDR:   0 MEM_OUT: 374 ACC: 374 BUFF: 374 DC: 0 FLAG_ZERO: False FLAG_LT: 0 FLAG_GT: 1
INPUT_PORT:  []
OUT_PORT:  []
DATA_MEM:  [374, 174]
---------------------------------------
DEBUG    root:machine.py:309 CMP 0
TICK: 18121 PC:  11 ADDR:   0 MEM_OUT: 374 ACC: 4 BUFF: 374 DC: 0 FLAG_ZERO: False FLAG_LT: 0 FLAG_GT: 1
INPUT_PORT:  []
OUT_PORT:  []
DATA_MEM:  [374, 174]
---------------------------------------
DEBUG    root:machine.py:309 JE 18
TICK: 18124 PC:  12 ADDR:   0 MEM_OUT: 374 ACC: 4 BUFF: 374 DC: 0 FLAG_ZERO: False FLAG_LT: 0 FLAG_GT: 1
INPUT_PORT:  []
OUT_PORT:  []
DATA_MEM:  [374, 174]
---------------------------------------
DEBUG    root:machine.py:309 JMP 0
TICK: 18127 PC:  13 ADDR:   0 MEM_OUT: 374 ACC: 4 BUFF: 374 DC: 0 FLAG_ZERO: False FLAG_LT: 0 FLAG_GT: 1
INPUT_PORT:  []
OUT_PORT:  []
DATA_MEM:  [374, 174]
---------------------------------------
DEBUG    root:machine.py:309 LD 0
TICK: 18130 PC:   0 ADDR:   0 MEM_OUT: 374 ACC: 4 BUFF: 374 DC: 0 FLAG_ZERO: False FLAG_LT: 0 FLAG_GT: 1
INPUT_PORT:  []
OUT_PORT:  []
DATA_MEM:  [374, 174]
---------------------------------------
DEBUG    root:machine.py:309 INC 
TICK: 18134 PC:   1 ADDR:   0 MEM_OUT: 374 ACC: 374 BUFF: 374 DC: 0 FLAG_ZERO: False FLAG_LT: 0 FLAG_GT: 1
INPUT_PORT:  []
OUT_PORT:  []
DATA_MEM:  [374, 174]
---------------------------------------
DEBUG    root:machine.py:309 ST 0
TICK: 18137 PC:   2 ADDR:   0 MEM_OUT: 374 ACC: 375 BUFF: 374 DC: 0 FLAG_ZERO: False FLAG_LT: 0 FLAG_GT: 1
INPUT_PORT:  []
OUT_PORT:  []
DATA_MEM:  [374, 174]
---------------------------------------
DEBUG    root:machine.py:309 CMP 1000
TICK: 18141 PC:   3 ADDR:   0 MEM_OUT: 375 ACC: 375 BUFF: 374 DC: 0 FLAG_ZERO: False FLAG_LT: 0 FLAG_GT: 1
INPUT_PORT:  []
OUT_PORT:  []
DATA_MEM:  [375, 174]
---------------------------------------
DEBUG    root:machine.py:309 JGE 22
TICK: 18144 PC:   4 ADDR:   0 MEM_OUT: 375 ACC: 375 BUFF: 374 DC: 0 FLAG_ZERO: False FLAG_LT: 1 FLAG_GT: 0
INPUT_PORT:  []
OUT_PORT:  []
DATA_MEM:  [375, 174]
---------------------------------------
DEBUG    root:machine.py:309 LD 0
TICK: 18147 PC:   5 ADDR:   0 MEM_OUT: 375 ACC: 375 BUFF: 374 DC: 0 FLAG_ZERO: False FLAG_LT: 1 FLAG_GT: 0
INPUT_PORT:  []
OUT_PORT:  []
DATA_MEM:  [375, 174]
---------------------------------------
DEBUG    root:machine.py:309 MOD 3
TICK: 18151 PC:   6 ADDR:   0 MEM_OUT: 375 ACC: 375 BUFF: 374 DC: 0 FLAG_ZERO: False FLAG_LT: 1 FLAG_GT: 0
INPUT_PORT:  []
OUT_PORT:  []
DATA_MEM:  [375, 174]
---------------------------------------
DEBUG    root:machine.py:309 CMP 0
TICK: 18155 PC:   7 ADDR:   0 MEM_OUT: 375 ACC: 0 BUFF: 375 DC: 0 FLAG_ZERO: False FLAG_LT: 1 FLAG_GT: 0
INPUT_PORT:  []
OUT_PORT:  []
DATA_MEM:  [375, 174]
---------------------------------------
DEBUG    root:machine.py:309 JE 14
TICK: 18158 PC:   8 ADDR:   0 MEM_OUT: 375 ACC: 0 BUFF: 375 DC: 0 FLAG_ZERO: True FLAG_LT: 0 FLAG_GT: 0
INPUT_PORT:  []
OUT_PORT:  []
DATA_MEM:  [375, 174]
---------------------------------------
DEBUG    root:machine.py:309 LD 4
TICK: 18161 PC:  14 ADDR:   0 MEM_OUT: 375 ACC: 0 BUFF: 375 DC: 0 FLAG_ZERO: True FLAG_LT: 0 FLAG_GT: 0
INPUT_PORT:  []
OUT_PORT:  []
DATA_MEM:  [375, 174]
---------------------------------------
DEBUG    root:machine.py:309 INC 
TICK: 18165 PC:  15 ADDR:   1 MEM_OUT: 174 ACC: 174 BUFF: 375 DC: 0 FLAG_ZERO: True FLAG_LT: 0 FLAG_GT: 0
INPUT_PORT:  []
OUT_PORT:  []
DATA_MEM:  [375, 174]
---------------------------------------
DEBUG    root:machine.py:309 ST 4
TICK: 18168 PC:  16 ADDR:   1 MEM_OUT: 174 ACC: 175 BUFF: 375 DC: 0 FLAG_ZERO: True FLAG_LT: 0 FLAG_GT: 0
INPUT_PORT:  []
OUT_PORT:  []
DATA_MEM:  [375, 174]
---------------------------------------
DEBUG    root:machine.py:309 JMP 0
TICK: 18172 PC:  17 ADDR:   1 MEM_OUT: 175 ACC: 175 BUFF: 375 DC: 0 FLAG_ZERO: True FLAG_LT: 0 FLAG_GT: 0
INPUT_PORT:  []
OUT_PORT:  []
DATA_MEM:  [375, 175]
---------------------------------------
DEBUG    root:machine.py:309 LD 0
TICK: 18175 PC:   0 ADDR:   1 MEM_OUT: 175 ACC: 175 BUFF: 375 DC: 0 FLAG_ZERO: True FLAG_LT: 0 FLAG_GT: 0
INPUT_PORT:  []
OUT_PORT:  []
DATA_MEM:  [375, 175]
---------------------------------------
DEBUG    root:machine.py:309 INC 
TICK: 18179 PC:   1 ADDR:   0 MEM_OUT: 375 ACC: 375 BUFF: 375 DC: 0 FLAG_ZERO: True FLAG_LT: 0 FLAG_GT: 0
INPUT_PORT:  []
OUT_PORT:  []
DATA_MEM:  [375, 175]
---------------------------------------
DEBUG    root:machine.py:309 ST 0
TICK: 18182 PC:   2 ADDR:   0 MEM_OUT: 375 ACC: 376 BUFF: 375 DC: 0 FLAG_ZERO: True FLAG_LT: 0 FLAG_GT: 0
INPUT_PORT:  []
OUT_PORT:  []
DATA_MEM:  [375, 175]
---------------------------------------
DEBUG    root:machine.py:309 CMP 1000
TICK: 18186 PC:   3 ADDR:   0 MEM_OUT: 376 ACC: 376 BUFF: 375 DC: 0 FLAG_ZERO: True FLAG_LT: 0 FLAG_GT: 0
INPUT_PORT:  []
OUT_PORT:  []
DATA_MEM:  [376, 175]
---------------------------------------
DEBUG    root:machine.py:309 JGE 22
TICK: 18189 PC:   4 ADDR:   0 MEM_OUT: 376 ACC: 376 BUFF: 375 DC: 0 FLAG_ZERO: False FLAG_LT: 1 FLAG_GT: 0
INPUT_PORT:  []
OUT_PORT:  []
DATA_MEM:  [376, 175]
---------------------------------------
DEBUG    root:machine.py:309 LD 0
TICK: 18192 PC:   5 ADDR:   0 MEM_OUT: 376 ACC: 376 BUFF: 375 DC: 0 FLAG_ZERO: False FLAG_LT: 1 FLAG_GT: 0
INPUT_PORT:  []
OUT_PORT:  []
DATA_MEM:  [376, 175]
---------------------------------------
DEBUG    root:machine.py:309 MOD 3
TICK: 18196 PC:   6 ADDR:   0 MEM_OUT: 376 ACC: 376 BUFF: 375 DC: 0 FLAG_ZERO: False FLAG_LT: 1 FLAG_GT: 0
INPUT_PORT:  []
OUT_PORT:  []
DATA_MEM:  [376, 175]
---------------------------------------
DEBUG    root:machine.py:309 CMP 0
TICK: 18200 PC:   7 ADDR:   0 MEM_OUT: 376 ACC: 1 BUFF: 376 DC: 0 FLAG_ZERO: False FLAG_LT: 1 FLAG_GT: 0
INPUT_PORT:  []
OUT_PORT:  []
DATA_MEM:  [376, 175]
---------------------------------------
DEBUG    root:machine.py:309 JE 14
TICK: 18203 PC:   8 ADDR:   0 MEM_OUT: 376 ACC: 1 BUFF: 376 DC: 0 FLAG_ZERO: False FLAG_LT: 0 FLAG_GT: 1
INPUT_PORT:  []
OUT_PORT:  []
DATA_MEM:  [376, 175]
---------------------------------------
DEBUG    root:machine.py:309 LD 0
TICK: 18206 PC:   9 ADDR:   0 MEM_OUT: 376 ACC: 1 BUFF: 376 DC: 0 FLAG_ZERO: False FLAG_LT: 0 FLAG_GT: 1
INPUT_PORT:  []
OUT_PORT:  []
DATA_MEM:  [376, 175]
---------------------------------------
DEBUG    root:machine.py:309 MOD 5
TICK: 18210 PC:  10 ADDR:   0 MEM_OUT: 376 ACC: 376 BUFF: 376 DC: 0 FLAG_ZERO: False FLAG_LT: 0 FLAG_GT: 1
INPUT_PORT:  []
OUT_PORT:  []
DATA_MEM:  [376, 175]
---------------------------------------
DEBUG    root:machine.py:309 CMP 0
TICK: 18214 PC:  11 ADDR:   0 MEM_OUT: 376 ACC: 1 BUFF: 376 DC: 0 FLAG_ZERO: False FLAG_LT: 0 FLAG_GT: 1
INPUT_PORT:  []
OUT_PORT:  []
DATA_MEM:  [376, 175]
---------------------------------------
DEBUG    root:machine.py:309 JE 18
TICK: 18217 PC:  12 ADDR:   0 MEM_OUT: 376 ACC: 1 BUFF: 376 DC: 0 FLAG_ZERO: False FLAG_LT: 0 FLAG_GT: 1
INPUT_PORT:  []
OUT_PORT:  []
DATA_MEM:  [376, 175]
---------------------------------------
DEBUG    root:machine.py:309 JMP 0
TICK: 18220 PC:  13 ADDR:   0 MEM_OUT: 376 ACC: 1 BUFF: 376 DC: 0 FLAG_ZERO: False FLAG_LT: 0 FLAG_GT: 1
INPUT_PORT:  []
OUT_PORT:  []
DATA_MEM:  [376, 175]
---------------------------------------
DEBUG    root:machine.py:309 LD 0
TICK: 18223 PC:   0 ADDR:   0 MEM_OUT: 376 ACC: 1 BUFF: 376 DC: 0 FLAG_ZERO: False FLAG_LT: 0 FLAG_GT: 1
INPUT_PORT:  []
OUT_PORT:  []
DATA_MEM:  [376, 175]
---------------------------------------
DEBUG    root:machine.py:309 INC 
TICK: 18227 PC:   1 ADDR:   0 MEM_OUT: 376 ACC: 376 BUFF: 376 DC: 0 FLAG_ZERO: False FLAG_LT: 0 FLAG_GT: 1
INPUT_PORT:  []
OUT_PORT:  []
DATA_MEM:  [376, 175]
---------------------------------------
DEBUG    root:machine.py:309 ST 0
TICK: 18230 PC:   2 ADDR:   0 MEM_OUT: 376 ACC: 377 BUFF: 376 DC: 0 FLAG_ZERO: False FLAG_LT: 0 FLAG_GT: 1
INPUT_PORT:  []
OUT_PORT:  []
DATA_MEM:  [376, 175]
---------------------------------------
DEBUG    root:machine.py:309 CMP 1000
TICK: 18234 PC:   3 ADDR:   0 MEM_OUT: 377 ACC: 377 BUFF: 376 DC: 0 FLAG_ZERO: False FLAG_LT: 0 FLAG_GT: 1
INPUT_PORT:  []
OUT_PORT:  []
DATA_MEM:  [377, 175]
---------------------------------------
DEBUG    root:machine.py:309 JGE 22
TICK: 18237 PC:   4 ADDR:   0 MEM_OUT: 377 ACC: 377 BUFF: 376 DC: 0 FLAG_ZERO: False FLAG_LT: 1 FLAG_GT: 0
INPUT_PORT:  []
OUT_PORT:  []
DATA_MEM:  [377, 175]
---------------------------------------
DEBUG    root:machine.py:309 LD 0
TICK: 18240 PC:   5 ADDR:   0 MEM_OUT: 377 ACC: 377 BUFF: 376 DC: 0 FLAG_ZERO: False FLAG_LT: 1 FLAG_GT: 0
INPUT_PORT:  []
OUT_PORT:  []
DATA_MEM:  [377, 175]
---------------------------------------
DEBUG    root:machine.py:309 MOD 3
TICK: 18244 PC:   6 ADDR:   0 MEM_OUT: 377 ACC: 377 BUFF: 376 DC: 0 FLAG_ZERO: False FLAG_LT: 1 FLAG_GT: 0
INPUT_PORT:  []
OUT_PORT:  []
DATA_MEM:  [377, 175]
---------------------------------------
DEBUG    root:machine.py:309 CMP 0
TICK: 18248 PC:   7 ADDR:   0 MEM_OUT: 377 ACC: 2 BUFF: 377 DC: 0 FLAG_ZERO: False FLAG_LT: 1 FLAG_GT: 0
INPUT_PORT:  []
OUT_PORT:  []
DATA_MEM:  [377, 175]
---------------------------------------
DEBUG    root:machine.py:309 JE 14
TICK: 18251 PC:   8 ADDR:   0 MEM_OUT: 377 ACC: 2 BUFF: 377 DC: 0 FLAG_ZERO: False FLAG_LT: 0 FLAG_GT: 1
INPUT_PORT:  []
OUT_PORT:  []
DATA_MEM:  [377, 175]
---------------------------------------
DEBUG    root:machine.py:309 LD 0
TICK: 18254 PC:   9 ADDR:   0 MEM_OUT: 377 ACC: 2 BUFF: 377 DC: 0 FLAG_ZERO: False FLAG_LT: 0 FLAG_GT: 1
INPUT_PORT:  []
OUT_PORT:  []
DATA_MEM:  [377, 175]
---------------------------------------
DEBUG    root:machine.py:309 MOD 5
TICK: 18258 PC:  10 ADDR:   0 MEM_OUT: 377 ACC: 377 BUFF: 377 DC: 0 FLAG_ZERO: False FLAG_LT: 0 FLAG_GT: 1
INPUT_PORT:  []
OUT_PORT:  []
DATA_MEM:  [377, 175]
---------------------------------------
DEBUG    root:machine.py:309 CMP 0
TICK: 18262 PC:  11 ADDR:   0 MEM_OUT: 377 ACC: 2 BUFF: 377 DC: 0 FLAG_ZERO: False FLAG_LT: 0 FLAG_GT: 1
INPUT_PORT:  []
OUT_PORT:  []
DATA_MEM:  [377, 175]
---------------------------------------
DEBUG    root:machine.py:309 JE 18
TICK: 18265 PC:  12 ADDR:   0 MEM_OUT: 377 ACC: 2 BUFF: 377 DC: 0 FLAG_ZERO: False FLAG_LT: 0 FLAG_GT: 1
INPUT_PORT:  []
OUT_PORT:  []
DATA_MEM:  [377, 175]
---------------------------------------
DEBUG    root:machine.py:309 JMP 0
TICK: 18268 PC:  13 ADDR:   0 MEM_OUT: 377 ACC: 2 BUFF: 377 DC: 0 FLAG_ZERO: False FLAG_LT: 0 FLAG_GT: 1
INPUT_PORT:  []
OUT_PORT:  []
DATA_MEM:  [377, 175]
---------------------------------------
DEBUG    root:machine.py:309 LD 0
TICK: 18271 PC:   0 ADDR:   0 MEM_OUT: 377 ACC: 2 BUFF: 377 DC: 0 FLAG_ZERO: False FLAG_LT: 0 FLAG_GT: 1
INPUT_PORT:  []
OUT_PORT:  []
DATA_MEM:  [377, 175]
---------------------------------------
DEBUG    root:machine.py:309 INC 
TICK: 18275 PC:   1 ADDR:   0 MEM_OUT: 377 ACC: 377 BUFF: 377 DC: 0 FLAG_ZERO: False FLAG_LT: 0 FLAG_GT: 1
INPUT_PORT:  []
OUT_PORT:  []
DATA_MEM:  [377, 175]
---------------------------------------
DEBUG    root:machine.py:309 ST 0
TICK: 18278 PC:   2 ADDR:   0 MEM_OUT: 377 ACC: 378 BUFF: 377 DC: 0 FLAG_ZERO: False FLAG_LT: 0 FLAG_GT: 1
INPUT_PORT:  []
OUT_PORT:  []
DATA_MEM:  [377, 175]
---------------------------------------
DEBUG    root:machine.py:309 CMP 1000
TICK: 18282 PC:   3 ADDR:   0 MEM_OUT: 378 ACC: 378 BUFF: 377 DC: 0 FLAG_ZERO: False FLAG_LT: 0 FLAG_GT: 1
INPUT_PORT:  []
OUT_PORT:  []
DATA_MEM:  [378, 175]
---------------------------------------
DEBUG    root:machine.py:309 JGE 22
TICK: 18285 PC:   4 ADDR:   0 MEM_OUT: 378 ACC: 378 BUFF: 377 DC: 0 FLAG_ZERO: False FLAG_LT: 1 FLAG_GT: 0
INPUT_PORT:  []
OUT_PORT:  []
DATA_MEM:  [378, 175]
---------------------------------------
DEBUG    root:machine.py:309 LD 0
TICK: 18288 PC:   5 ADDR:   0 MEM_OUT: 378 ACC: 378 BUFF: 377 DC: 0 FLAG_ZERO: False FLAG_LT: 1 FLAG_GT: 0
INPUT_PORT:  []
OUT_PORT:  []
DATA_MEM:  [378, 175]
---------------------------------------
DEBUG    root:machine.py:309 MOD 3
TICK: 18292 PC:   6 ADDR:   0 MEM_OUT: 378 ACC: 378 BUFF: 377 DC: 0 FLAG_ZERO: False FLAG_LT: 1 FLAG_GT: 0
INPUT_PORT:  []
OUT_PORT:  []
DATA_MEM:  [378, 175]
---------------------------------------
DEBUG    root:machine.py:309 CMP 0
TICK: 18296 PC:   7 ADDR:   0 MEM_OUT: 378 ACC: 0 BUFF: 378 DC: 0 FLAG_ZERO: False FLAG_LT: 1 FLAG_GT: 0
INPUT_PORT:  []
OUT_PORT:  []
DATA_MEM:  [378, 175]
---------------------------------------
DEBUG    root:machine.py:309 JE 14
TICK: 18299 PC:   8 ADDR:   0 MEM_OUT: 378 ACC: 0 BUFF: 378 DC: 0 FLAG_ZERO: True FLAG_LT: 0 FLAG_GT: 0
INPUT_PORT:  []
OUT_PORT:  []
DATA_MEM:  [378, 175]
---------------------------------------
DEBUG    root:machine.py:309 LD 4
TICK: 18302 PC:  14 ADDR:   0 MEM_OUT: 378 ACC: 0 BUFF: 378 DC: 0 FLAG_ZERO: True FLAG_LT: 0 FLAG_GT: 0
INPUT_PORT:  []
OUT_PORT:  []
DATA_MEM:  [378, 175]
---------------------------------------
DEBUG    root:machine.py:309 INC 
TICK: 18306 PC:  15 ADDR:   1 MEM_OUT: 175 ACC: 175 BUFF: 378 DC: 0 FLAG_ZERO: True FLAG_LT: 0 FLAG_GT: 0
INPUT_PORT:  []
OUT_PORT:  []
DATA_MEM:  [378, 175]
---------------------------------------
DEBUG    root:machine.py:309 ST 4
TICK: 18309 PC:  16 ADDR:   1 MEM_OUT: 175 ACC: 176 BUFF: 378 DC: 0 FLAG_ZERO: True FLAG_LT: 0 FLAG_GT: 0
INPUT_PORT:  []
OUT_PORT:  []
DATA_MEM:  [378, 175]
---------------------------------------
DEBUG    root:machine.py:309 JMP 0
TICK: 18313 PC:  17 ADDR:   1 MEM_OUT: 176 ACC: 176 BUFF: 378 DC: 0 FLAG_ZERO: True FLAG_LT: 0 FLAG_GT: 0
INPUT_PORT:  []
OUT_PORT:  []
DATA_MEM:  [378, 176]
---------------------------------------
DEBUG    root:machine.py:309 LD 0
TICK: 18316 PC:   0 ADDR:   1 MEM_OUT: 176 ACC: 176 BUFF: 378 DC: 0 FLAG_ZERO: True FLAG_LT: 0 FLAG_GT: 0
INPUT_PORT:  []
OUT_PORT:  []
DATA_MEM:  [378, 176]
---------------------------------------
DEBUG    root:machine.py:309 INC 
TICK: 18320 PC:   1 ADDR:   0 MEM_OUT: 378 ACC: 378 BUFF: 378 DC: 0 FLAG_ZERO: True FLAG_LT: 0 FLAG_GT: 0
INPUT_PORT:  []
OUT_PORT:  []
DATA_MEM:  [378, 176]
---------------------------------------
DEBUG    root:machine.py:309 ST 0
TICK: 18323 PC:   2 ADDR:   0 MEM_OUT: 378 ACC: 379 BUFF: 378 DC: 0 FLAG_ZERO: True FLAG_LT: 0 FLAG_GT: 0
INPUT_PORT:  []
OUT_PORT:  []
DATA_MEM:  [378, 176]
---------------------------------------
DEBUG    root:machine.py:309 CMP 1000
TICK: 18327 PC:   3 ADDR:   0 MEM_OUT: 379 ACC: 379 BUFF: 378 DC: 0 FLAG_ZERO: True FLAG_LT: 0 FLAG_GT: 0
INPUT_PORT:  []
OUT_PORT:  []
DATA_MEM:  [379, 176]
---------------------------------------
DEBUG    root:machine.py:309 JGE 22
TICK: 18330 PC:   4 ADDR:   0 MEM_OUT: 379 ACC: 379 BUFF: 378 DC: 0 FLAG_ZERO: False FLAG_LT: 1 FLAG_GT: 0
INPUT_PORT:  []
OUT_PORT:  []
DATA_MEM:  [379, 176]
---------------------------------------
DEBUG    root:machine.py:309 LD 0
TICK: 18333 PC:   5 ADDR:   0 MEM_OUT: 379 ACC: 379 BUFF: 378 DC: 0 FLAG_ZERO: False FLAG_LT: 1 FLAG_GT: 0
INPUT_PORT:  []
OUT_PORT:  []
DATA_MEM:  [379, 176]
---------------------------------------
DEBUG    root:machine.py:309 MOD 3
TICK: 18337 PC:   6 ADDR:   0 MEM_OUT: 379 ACC: 379 BUFF: 378 DC: 0 FLAG_ZERO: False FLAG_LT: 1 FLAG_GT: 0
INPUT_PORT:  []
OUT_PORT:  []
DATA_MEM:  [379, 176]
---------------------------------------
DEBUG    root:machine.py:309 CMP 0
TICK: 18341 PC:   7 ADDR:   0 MEM_OUT: 379 ACC: 1 BUFF: 379 DC: 0 FLAG_ZERO: False FLAG_LT: 1 FLAG_GT: 0
INPUT_PORT:  []
OUT_PORT:  []
DATA_MEM:  [379, 176]
---------------------------------------
DEBUG    root:machine.py:309 JE 14
TICK: 18344 PC:   8 ADDR:   0 MEM_OUT: 379 ACC: 1 BUFF: 379 DC: 0 FLAG_ZERO: False FLAG_LT: 0 FLAG_GT: 1
INPUT_PORT:  []
OUT_PORT:  []
DATA_MEM:  [379, 176]
---------------------------------------
DEBUG    root:machine.py:309 LD 0
TICK: 18347 PC:   9 ADDR:   0 MEM_OUT: 379 ACC: 1 BUFF: 379 DC: 0 FLAG_ZERO: False FLAG_LT: 0 FLAG_GT: 1
INPUT_PORT:  []
OUT_PORT:  []
DATA_MEM:  [379, 176]
---------------------------------------
DEBUG    root:machine.py:309 MOD 5
TICK: 18351 PC:  10 ADDR:   0 MEM_OUT: 379 ACC: 379 BUFF: 379 DC: 0 FLAG_ZERO: False FLAG_LT: 0 FLAG_GT: 1
INPUT_PORT:  []
OUT_PORT:  []
DATA_MEM:  [379, 176]
---------------------------------------
DEBUG    root:machine.py:309 CMP 0
TICK: 18355 PC:  11 ADDR:   0 MEM_OUT: 379 ACC: 4 BUFF: 379 DC: 0 FLAG_ZERO: False FLAG_LT: 0 FLAG_GT: 1
INPUT_PORT:  []
OUT_PORT:  []
DATA_MEM:  [379, 176]
---------------------------------------
DEBUG    root:machine.py:309 JE 18
TICK: 18358 PC:  12 ADDR:   0 MEM_OUT: 379 ACC: 4 BUFF: 379 DC: 0 FLAG_ZERO: False FLAG_LT: 0 FLAG_GT: 1
INPUT_PORT:  []
OUT_PORT:  []
DATA_MEM:  [379, 176]
---------------------------------------
DEBUG    root:machine.py:309 JMP 0
TICK: 18361 PC:  13 ADDR:   0 MEM_OUT: 379 ACC: 4 BUFF: 379 DC: 0 FLAG_ZERO: False FLAG_LT: 0 FLAG_GT: 1
INPUT_PORT:  []
OUT_PORT:  []
DATA_MEM:  [379, 176]
---------------------------------------
DEBUG    root:machine.py:309 LD 0
TICK: 18364 PC:   0 ADDR:   0 MEM_OUT: 379 ACC: 4 BUFF: 379 DC: 0 FLAG_ZERO: False FLAG_LT: 0 FLAG_GT: 1
INPUT_PORT:  []
OUT_PORT:  []
DATA_MEM:  [379, 176]
---------------------------------------
DEBUG    root:machine.py:309 INC 
TICK: 18368 PC:   1 ADDR:   0 MEM_OUT: 379 ACC: 379 BUFF: 379 DC: 0 FLAG_ZERO: False FLAG_LT: 0 FLAG_GT: 1
INPUT_PORT:  []
OUT_PORT:  []
DATA_MEM:  [379, 176]
---------------------------------------
DEBUG    root:machine.py:309 ST 0
TICK: 18371 PC:   2 ADDR:   0 MEM_OUT: 379 ACC: 380 BUFF: 379 DC: 0 FLAG_ZERO: False FLAG_LT: 0 FLAG_GT: 1
INPUT_PORT:  []
OUT_PORT:  []
DATA_MEM:  [379, 176]
---------------------------------------
DEBUG    root:machine.py:309 CMP 1000
TICK: 18375 PC:   3 ADDR:   0 MEM_OUT: 380 ACC: 380 BUFF: 379 DC: 0 FLAG_ZERO: False FLAG_LT: 0 FLAG_GT: 1
INPUT_PORT:  []
OUT_PORT:  []
DATA_MEM:  [380, 176]
---------------------------------------
DEBUG    root:machine.py:309 JGE 22
TICK: 18378 PC:   4 ADDR:   0 MEM_OUT: 380 ACC: 380 BUFF: 379 DC: 0 FLAG_ZERO: False FLAG_LT: 1 FLAG_GT: 0
INPUT_PORT:  []
OUT_PORT:  []
DATA_MEM:  [380, 176]
---------------------------------------
DEBUG    root:machine.py:309 LD 0
TICK: 18381 PC:   5 ADDR:   0 MEM_OUT: 380 ACC: 380 BUFF: 379 DC: 0 FLAG_ZERO: False FLAG_LT: 1 FLAG_GT: 0
INPUT_PORT:  []
OUT_PORT:  []
DATA_MEM:  [380, 176]
---------------------------------------
DEBUG    root:machine.py:309 MOD 3
TICK: 18385 PC:   6 ADDR:   0 MEM_OUT: 380 ACC: 380 BUFF: 379 DC: 0 FLAG_ZERO: False FLAG_LT: 1 FLAG_GT: 0
INPUT_PORT:  []
OUT_PORT:  []
DATA_MEM:  [380, 176]
---------------------------------------
DEBUG    root:machine.py:309 CMP 0
TICK: 18389 PC:   7 ADDR:   0 MEM_OUT: 380 ACC: 2 BUFF: 380 DC: 0 FLAG_ZERO: False FLAG_LT: 1 FLAG_GT: 0
INPUT_PORT:  []
OUT_PORT:  []
DATA_MEM:  [380, 176]
---------------------------------------
DEBUG    root:machine.py:309 JE 14
TICK: 18392 PC:   8 ADDR:   0 MEM_OUT: 380 ACC: 2 BUFF: 380 DC: 0 FLAG_ZERO: False FLAG_LT: 0 FLAG_GT: 1
INPUT_PORT:  []
OUT_PORT:  []
DATA_MEM:  [380, 176]
---------------------------------------
DEBUG    root:machine.py:309 LD 0
TICK: 18395 PC:   9 ADDR:   0 MEM_OUT: 380 ACC: 2 BUFF: 380 DC: 0 FLAG_ZERO: False FLAG_LT: 0 FLAG_GT: 1
INPUT_PORT:  []
OUT_PORT:  []
DATA_MEM:  [380, 176]
---------------------------------------
DEBUG    root:machine.py:309 MOD 5
TICK: 18399 PC:  10 ADDR:   0 MEM_OUT: 380 ACC: 380 BUFF: 380 DC: 0 FLAG_ZERO: False FLAG_LT: 0 FLAG_GT: 1
INPUT_PORT:  []
OUT_PORT:  []
DATA_MEM:  [380, 176]
---------------------------------------
DEBUG    root:machine.py:309 CMP 0
TICK: 18403 PC:  11 ADDR:   0 MEM_OUT: 380 ACC: 0 BUFF: 380 DC: 0 FLAG_ZERO: False FLAG_LT: 0 FLAG_GT: 1
INPUT_PORT:  []
OUT_PORT:  []
DATA_MEM:  [380, 176]
---------------------------------------
DEBUG    root:machine.py:309 JE 18
TICK: 18406 PC:  12 ADDR:   0 MEM_OUT: 380 ACC: 0 BUFF: 380 DC: 0 FLAG_ZERO: True FLAG_LT: 0 FLAG_GT: 0
INPUT_PORT:  []
OUT_PORT:  []
DATA_MEM:  [380, 176]
---------------------------------------
DEBUG    root:machine.py:309 LD 4
TICK: 18409 PC:  18 ADDR:   0 MEM_OUT: 380 ACC: 0 BUFF: 380 DC: 0 FLAG_ZERO: True FLAG_LT: 0 FLAG_GT: 0
INPUT_PORT:  []
OUT_PORT:  []
DATA_MEM:  [380, 176]
---------------------------------------
DEBUG    root:machine.py:309 INC 
TICK: 18413 PC:  19 ADDR:   1 MEM_OUT: 176 ACC: 176 BUFF: 380 DC: 0 FLAG_ZERO: True FLAG_LT: 0 FLAG_GT: 0
INPUT_PORT:  []
OUT_PORT:  []
DATA_MEM:  [380, 176]
---------------------------------------
DEBUG    root:machine.py:309 ST 4
TICK: 18416 PC:  20 ADDR:   1 MEM_OUT: 176 ACC: 177 BUFF: 380 DC: 0 FLAG_ZERO: True FLAG_LT: 0 FLAG_GT: 0
INPUT_PORT:  []
OUT_PORT:  []
DATA_MEM:  [380, 176]
---------------------------------------
DEBUG    root:machine.py:309 JMP 0
TICK: 18420 PC:  21 ADDR:   1 MEM_OUT: 177 ACC: 177 BUFF: 380 DC: 0 FLAG_ZERO: True FLAG_LT: 0 FLAG_GT: 0
INPUT_PORT:  []
OUT_PORT:  []
DATA_MEM:  [380, 177]
---------------------------------------
DEBUG    root:machine.py:309 LD 0
TICK: 18423 PC:   0 ADDR:   1 MEM_OUT: 177 ACC: 177 BUFF: 380 DC: 0 FLAG_ZERO: True FLAG_LT: 0 FLAG_GT: 0
INPUT_PORT:  []
OUT_PORT:  []
DATA_MEM:  [380, 177]
---------------------------------------
DEBUG    root:machine.py:309 INC 
TICK: 18427 PC:   1 ADDR:   0 MEM_OUT: 380 ACC: 380 BUFF: 380 DC: 0 FLAG_ZERO: True FLAG_LT: 0 FLAG_GT: 0
INPUT_PORT:  []
OUT_PORT:  []
DATA_MEM:  [380, 177]
---------------------------------------
DEBUG    root:machine.py:309 ST 0
TICK: 18430 PC:   2 ADDR:   0 MEM_OUT: 380 ACC: 381 BUFF: 380 DC: 0 FLAG_ZERO: True FLAG_LT: 0 FLAG_GT: 0
INPUT_PORT:  []
OUT_PORT:  []
DATA_MEM:  [380, 177]
---------------------------------------
DEBUG    root:machine.py:309 CMP 1000
TICK: 18434 PC:   3 ADDR:   0 MEM_OUT: 381 ACC: 381 BUFF: 380 DC: 0 FLAG_ZERO: True FLAG_LT: 0 FLAG_GT: 0
INPUT_PORT:  []
OUT_PORT:  []
DATA_MEM:  [381, 177]
---------------------------------------
DEBUG    root:machine.py:309 JGE 22
TICK: 18437 PC:   4 ADDR:   0 MEM_OUT: 381 ACC: 381 BUFF: 380 DC: 0 FLAG_ZERO: False FLAG_LT: 1 FLAG_GT: 0
INPUT_PORT:  []
OUT_PORT:  []
DATA_MEM:  [381, 177]
---------------------------------------
DEBUG    root:machine.py:309 LD 0
TICK: 18440 PC:   5 ADDR:   0 MEM_OUT: 381 ACC: 381 BUFF: 380 DC: 0 FLAG_ZERO: False FLAG_LT: 1 FLAG_GT: 0
INPUT_PORT:  []
OUT_PORT:  []
DATA_MEM:  [381, 177]
---------------------------------------
DEBUG    root:machine.py:309 MOD 3
TICK: 18444 PC:   6 ADDR:   0 MEM_OUT: 381 ACC: 381 BUFF: 380 DC: 0 FLAG_ZERO: False FLAG_LT: 1 FLAG_GT: 0
INPUT_PORT:  []
OUT_PORT:  []
DATA_MEM:  [381, 177]
---------------------------------------
DEBUG    root:machine.py:309 CMP 0
TICK: 18448 PC:   7 ADDR:   0 MEM_OUT: 381 ACC: 0 BUFF: 381 DC: 0 FLAG_ZERO: False FLAG_LT: 1 FLAG_GT: 0
INPUT_PORT:  []
OUT_PORT:  []
DATA_MEM:  [381, 177]
---------------------------------------
DEBUG    root:machine.py:309 JE 14
TICK: 18451 PC:   8 ADDR:   0 MEM_OUT: 381 ACC: 0 BUFF: 381 DC: 0 FLAG_ZERO: True FLAG_LT: 0 FLAG_GT: 0
INPUT_PORT:  []
OUT_PORT:  []
DATA_MEM:  [381, 177]
---------------------------------------
DEBUG    root:machine.py:309 LD 4
TICK: 18454 PC:  14 ADDR:   0 MEM_OUT: 381 ACC: 0 BUFF: 381 DC: 0 FLAG_ZERO: True FLAG_LT: 0 FLAG_GT: 0
INPUT_PORT:  []
OUT_PORT:  []
DATA_MEM:  [381, 177]
---------------------------------------
DEBUG    root:machine.py:309 INC 
TICK: 18458 PC:  15 ADDR:   1 MEM_OUT: 177 ACC: 177 BUFF: 381 DC: 0 FLAG_ZERO: True FLAG_LT: 0 FLAG_GT: 0
INPUT_PORT:  []
OUT_PORT:  []
DATA_MEM:  [381, 177]
---------------------------------------
DEBUG    root:machine.py:309 ST 4
TICK: 18461 PC:  16 ADDR:   1 MEM_OUT: 177 ACC: 178 BUFF: 381 DC: 0 FLAG_ZERO: True FLAG_LT: 0 FLAG_GT: 0
INPUT_PORT:  []
OUT_PORT:  []
DATA_MEM:  [381, 177]
---------------------------------------
DEBUG    root:machine.py:309 JMP 0
TICK: 18465 PC:  17 ADDR:   1 MEM_OUT: 178 ACC: 178 BUFF: 381 DC: 0 FLAG_ZERO: True FLAG_LT: 0 FLAG_GT: 0
INPUT_PORT:  []
OUT_PORT:  []
DATA_MEM:  [381, 178]
---------------------------------------
DEBUG    root:machine.py:309 LD 0
TICK: 18468 PC:   0 ADDR:   1 MEM_OUT: 178 ACC: 178 BUFF: 381 DC: 0 FLAG_ZERO: True FLAG_LT: 0 FLAG_GT: 0
INPUT_PORT:  []
OUT_PORT:  []
DATA_MEM:  [381, 178]
---------------------------------------
DEBUG    root:machine.py:309 INC 
TICK: 18472 PC:   1 ADDR:   0 MEM_OUT: 381 ACC: 381 BUFF: 381 DC: 0 FLAG_ZERO: True FLAG_LT: 0 FLAG_GT: 0
INPUT_PORT:  []
OUT_PORT:  []
DATA_MEM:  [381, 178]
---------------------------------------
DEBUG    root:machine.py:309 ST 0
TICK: 18475 PC:   2 ADDR:   0 MEM_OUT: 381 ACC: 382 BUFF: 381 DC: 0 FLAG_ZERO: True FLAG_LT: 0 FLAG_GT: 0
INPUT_PORT:  []
OUT_PORT:  []
DATA_MEM:  [381, 178]
---------------------------------------
DEBUG    root:machine.py:309 CMP 1000
TICK: 18479 PC:   3 ADDR:   0 MEM_OUT: 382 ACC: 382 BUFF: 381 DC: 0 FLAG_ZERO: True FLAG_LT: 0 FLAG_GT: 0
INPUT_PORT:  []
OUT_PORT:  []
DATA_MEM:  [382, 178]
---------------------------------------
DEBUG    root:machine.py:309 JGE 22
TICK: 18482 PC:   4 ADDR:   0 MEM_OUT: 382 ACC: 382 BUFF: 381 DC: 0 FLAG_ZERO: False FLAG_LT: 1 FLAG_GT: 0
INPUT_PORT:  []
OUT_PORT:  []
DATA_MEM:  [382, 178]
---------------------------------------
DEBUG    root:machine.py:309 LD 0
TICK: 18485 PC:   5 ADDR:   0 MEM_OUT: 382 ACC: 382 BUFF: 381 DC: 0 FLAG_ZERO: False FLAG_LT: 1 FLAG_GT: 0
INPUT_PORT:  []
OUT_PORT:  []
DATA_MEM:  [382, 178]
---------------------------------------
DEBUG    root:machine.py:309 MOD 3
TICK: 18489 PC:   6 ADDR:   0 MEM_OUT: 382 ACC: 382 BUFF: 381 DC: 0 FLAG_ZERO: False FLAG_LT: 1 FLAG_GT: 0
INPUT_PORT:  []
OUT_PORT:  []
DATA_MEM:  [382, 178]
---------------------------------------
DEBUG    root:machine.py:309 CMP 0
TICK: 18493 PC:   7 ADDR:   0 MEM_OUT: 382 ACC: 1 BUFF: 382 DC: 0 FLAG_ZERO: False FLAG_LT: 1 FLAG_GT: 0
INPUT_PORT:  []
OUT_PORT:  []
DATA_MEM:  [382, 178]
---------------------------------------
DEBUG    root:machine.py:309 JE 14
TICK: 18496 PC:   8 ADDR:   0 MEM_OUT: 382 ACC: 1 BUFF: 382 DC: 0 FLAG_ZERO: False FLAG_LT: 0 FLAG_GT: 1
INPUT_PORT:  []
OUT_PORT:  []
DATA_MEM:  [382, 178]
---------------------------------------
DEBUG    root:machine.py:309 LD 0
TICK: 18499 PC:   9 ADDR:   0 MEM_OUT: 382 ACC: 1 BUFF: 382 DC: 0 FLAG_ZERO: False FLAG_LT: 0 FLAG_GT: 1
INPUT_PORT:  []
OUT_PORT:  []
DATA_MEM:  [382, 178]
---------------------------------------
DEBUG    root:machine.py:309 MOD 5
TICK: 18503 PC:  10 ADDR:   0 MEM_OUT: 382 ACC: 382 BUFF: 382 DC: 0 FLAG_ZERO: False FLAG_LT: 0 FLAG_GT: 1
INPUT_PORT:  []
OUT_PORT:  []
DATA_MEM:  [382, 178]
---------------------------------------
DEBUG    root:machine.py:309 CMP 0
TICK: 18507 PC:  11 ADDR:   0 MEM_OUT: 382 ACC: 2 BUFF: 382 DC: 0 FLAG_ZERO: False FLAG_LT: 0 FLAG_GT: 1
INPUT_PORT:  []
OUT_PORT:  []
DATA_MEM:  [382, 178]
---------------------------------------
DEBUG    root:machine.py:309 JE 18
TICK: 18510 PC:  12 ADDR:   0 MEM_OUT: 382 ACC: 2 BUFF: 382 DC: 0 FLAG_ZERO: False FLAG_LT: 0 FLAG_GT: 1
INPUT_PORT:  []
OUT_PORT:  []
DATA_MEM:  [382, 178]
---------------------------------------
DEBUG    root:machine.py:309 JMP 0
TICK: 18513 PC:  13 ADDR:   0 MEM_OUT: 382 ACC: 2 BUFF: 382 DC: 0 FLAG_ZERO: False FLAG_LT: 0 FLAG_GT: 1
INPUT_PORT:  []
OUT_PORT:  []
DATA_MEM:  [382, 178]
---------------------------------------
DEBUG    root:machine.py:309 LD 0
TICK: 18516 PC:   0 ADDR:   0 MEM_OUT: 382 ACC: 2 BUFF: 382 DC: 0 FLAG_ZERO: False FLAG_LT: 0 FLAG_GT: 1
INPUT_PORT:  []
OUT_PORT:  []
DATA_MEM:  [382, 178]
---------------------------------------
DEBUG    root:machine.py:309 INC 
TICK: 18520 PC:   1 ADDR:   0 MEM_OUT: 382 ACC: 382 BUFF: 382 DC: 0 FLAG_ZERO: False FLAG_LT: 0 FLAG_GT: 1
INPUT_PORT:  []
OUT_PORT:  []
DATA_MEM:  [382, 178]
---------------------------------------
DEBUG    root:machine.py:309 ST 0
TICK: 18523 PC:   2 ADDR:   0 MEM_OUT: 382 ACC: 383 BUFF: 382 DC: 0 FLAG_ZERO: False FLAG_LT: 0 FLAG_GT: 1
INPUT_PORT:  []
OUT_PORT:  []
DATA_MEM:  [382, 178]
---------------------------------------
DEBUG    root:machine.py:309 CMP 1000
TICK: 18527 PC:   3 ADDR:   0 MEM_OUT: 383 ACC: 383 BUFF: 382 DC: 0 FLAG_ZERO: False FLAG_LT: 0 FLAG_GT: 1
INPUT_PORT:  []
OUT_PORT:  []
DATA_MEM:  [383, 178]
---------------------------------------
DEBUG    root:machine.py:309 JGE 22
TICK: 18530 PC:   4 ADDR:   0 MEM_OUT: 383 ACC: 383 BUFF: 382 DC: 0 FLAG_ZERO: False FLAG_LT: 1 FLAG_GT: 0
INPUT_PORT:  []
OUT_PORT:  []
DATA_MEM:  [383, 178]
---------------------------------------
DEBUG    root:machine.py:309 LD 0
TICK: 18533 PC:   5 ADDR:   0 MEM_OUT: 383 ACC: 383 BUFF: 382 DC: 0 FLAG_ZERO: False FLAG_LT: 1 FLAG_GT: 0
INPUT_PORT:  []
OUT_PORT:  []
DATA_MEM:  [383, 178]
---------------------------------------
DEBUG    root:machine.py:309 MOD 3
TICK: 18537 PC:   6 ADDR:   0 MEM_OUT: 383 ACC: 383 BUFF: 382 DC: 0 FLAG_ZERO: False FLAG_LT: 1 FLAG_GT: 0
INPUT_PORT:  []
OUT_PORT:  []
DATA_MEM:  [383, 178]
---------------------------------------
DEBUG    root:machine.py:309 CMP 0
TICK: 18541 PC:   7 ADDR:   0 MEM_OUT: 383 ACC: 2 BUFF: 383 DC: 0 FLAG_ZERO: False FLAG_LT: 1 FLAG_GT: 0
INPUT_PORT:  []
OUT_PORT:  []
DATA_MEM:  [383, 178]
---------------------------------------
DEBUG    root:machine.py:309 JE 14
TICK: 18544 PC:   8 ADDR:   0 MEM_OUT: 383 ACC: 2 BUFF: 383 DC: 0 FLAG_ZERO: False FLAG_LT: 0 FLAG_GT: 1
INPUT_PORT:  []
OUT_PORT:  []
DATA_MEM:  [383, 178]
---------------------------------------
DEBUG    root:machine.py:309 LD 0
TICK: 18547 PC:   9 ADDR:   0 MEM_OUT: 383 ACC: 2 BUFF: 383 DC: 0 FLAG_ZERO: False FLAG_LT: 0 FLAG_GT: 1
INPUT_PORT:  []
OUT_PORT:  []
DATA_MEM:  [383, 178]
---------------------------------------
DEBUG    root:machine.py:309 MOD 5
TICK: 18551 PC:  10 ADDR:   0 MEM_OUT: 383 ACC: 383 BUFF: 383 DC: 0 FLAG_ZERO: False FLAG_LT: 0 FLAG_GT: 1
INPUT_PORT:  []
OUT_PORT:  []
DATA_MEM:  [383, 178]
---------------------------------------
DEBUG    root:machine.py:309 CMP 0
TICK: 18555 PC:  11 ADDR:   0 MEM_OUT: 383 ACC: 3 BUFF: 383 DC: 0 FLAG_ZERO: False FLAG_LT: 0 FLAG_GT: 1
INPUT_PORT:  []
OUT_PORT:  []
DATA_MEM:  [383, 178]
---------------------------------------
DEBUG    root:machine.py:309 JE 18
TICK: 18558 PC:  12 ADDR:   0 MEM_OUT: 383 ACC: 3 BUFF: 383 DC: 0 FLAG_ZERO: False FLAG_LT: 0 FLAG_GT: 1
INPUT_PORT:  []
OUT_PORT:  []
DATA_MEM:  [383, 178]
---------------------------------------
DEBUG    root:machine.py:309 JMP 0
TICK: 18561 PC:  13 ADDR:   0 MEM_OUT: 383 ACC: 3 BUFF: 383 DC: 0 FLAG_ZERO: False FLAG_LT: 0 FLAG_GT: 1
INPUT_PORT:  []
OUT_PORT:  []
DATA_MEM:  [383, 178]
---------------------------------------
DEBUG    root:machine.py:309 LD 0
TICK: 18564 PC:   0 ADDR:   0 MEM_OUT: 383 ACC: 3 BUFF: 383 DC: 0 FLAG_ZERO: False FLAG_LT: 0 FLAG_GT: 1
INPUT_PORT:  []
OUT_PORT:  []
DATA_MEM:  [383, 178]
---------------------------------------
DEBUG    root:machine.py:309 INC 
TICK: 18568 PC:   1 ADDR:   0 MEM_OUT: 383 ACC: 383 BUFF: 383 DC: 0 FLAG_ZERO: False FLAG_LT: 0 FLAG_GT: 1
INPUT_PORT:  []
OUT_PORT:  []
DATA_MEM:  [383, 178]
---------------------------------------
DEBUG    root:machine.py:309 ST 0
TICK: 18571 PC:   2 ADDR:   0 MEM_OUT: 383 ACC: 384 BUFF: 383 DC: 0 FLAG_ZERO: False FLAG_LT: 0 FLAG_GT: 1
INPUT_PORT:  []
OUT_PORT:  []
DATA_MEM:  [383, 178]
---------------------------------------
DEBUG    root:machine.py:309 CMP 1000
TICK: 18575 PC:   3 ADDR:   0 MEM_OUT: 384 ACC: 384 BUFF: 383 DC: 0 FLAG_ZERO: False FLAG_LT: 0 FLAG_GT: 1
INPUT_PORT:  []
OUT_PORT:  []
DATA_MEM:  [384, 178]
---------------------------------------
DEBUG    root:machine.py:309 JGE 22
TICK: 18578 PC:   4 ADDR:   0 MEM_OUT: 384 ACC: 384 BUFF: 383 DC: 0 FLAG_ZERO: False FLAG_LT: 1 FLAG_GT: 0
INPUT_PORT:  []
OUT_PORT:  []
DATA_MEM:  [384, 178]
---------------------------------------
DEBUG    root:machine.py:309 LD 0
TICK: 18581 PC:   5 ADDR:   0 MEM_OUT: 384 ACC: 384 BUFF: 383 DC: 0 FLAG_ZERO: False FLAG_LT: 1 FLAG_GT: 0
INPUT_PORT:  []
OUT_PORT:  []
DATA_MEM:  [384, 178]
---------------------------------------
DEBUG    root:machine.py:309 MOD 3
TICK: 18585 PC:   6 ADDR:   0 MEM_OUT: 384 ACC: 384 BUFF: 383 DC: 0 FLAG_ZERO: False FLAG_LT: 1 FLAG_GT: 0
INPUT_PORT:  []
OUT_PORT:  []
DATA_MEM:  [384, 178]
---------------------------------------
DEBUG    root:machine.py:309 CMP 0
TICK: 18589 PC:   7 ADDR:   0 MEM_OUT: 384 ACC: 0 BUFF: 384 DC: 0 FLAG_ZERO: False FLAG_LT: 1 FLAG_GT: 0
INPUT_PORT:  []
OUT_PORT:  []
DATA_MEM:  [384, 178]
---------------------------------------
DEBUG    root:machine.py:309 JE 14
TICK: 18592 PC:   8 ADDR:   0 MEM_OUT: 384 ACC: 0 BUFF: 384 DC: 0 FLAG_ZERO: True FLAG_LT: 0 FLAG_GT: 0
INPUT_PORT:  []
OUT_PORT:  []
DATA_MEM:  [384, 178]
---------------------------------------
DEBUG    root:machine.py:309 LD 4
TICK: 18595 PC:  14 ADDR:   0 MEM_OUT: 384 ACC: 0 BUFF: 384 DC: 0 FLAG_ZERO: True FLAG_LT: 0 FLAG_GT: 0
INPUT_PORT:  []
OUT_PORT:  []
DATA_MEM:  [384, 178]
---------------------------------------
DEBUG    root:machine.py:309 INC 
TICK: 18599 PC:  15 ADDR:   1 MEM_OUT: 178 ACC: 178 BUFF: 384 DC: 0 FLAG_ZERO: True FLAG_LT: 0 FLAG_GT: 0
INPUT_PORT:  []
OUT_PORT:  []
DATA_MEM:  [384, 178]
---------------------------------------
DEBUG    root:machine.py:309 ST 4
TICK: 18602 PC:  16 ADDR:   1 MEM_OUT: 178 ACC: 179 BUFF: 384 DC: 0 FLAG_ZERO: True FLAG_LT: 0 FLAG_GT: 0
INPUT_PORT:  []
OUT_PORT:  []
DATA_MEM:  [384, 178]
---------------------------------------
DEBUG    root:machine.py:309 JMP 0
TICK: 18606 PC:  17 ADDR:   1 MEM_OUT: 179 ACC: 179 BUFF: 384 DC: 0 FLAG_ZERO: True FLAG_LT: 0 FLAG_GT: 0
INPUT_PORT:  []
OUT_PORT:  []
DATA_MEM:  [384, 179]
---------------------------------------
DEBUG    root:machine.py:309 LD 0
TICK: 18609 PC:   0 ADDR:   1 MEM_OUT: 179 ACC: 179 BUFF: 384 DC: 0 FLAG_ZERO: True FLAG_LT: 0 FLAG_GT: 0
INPUT_PORT:  []
OUT_PORT:  []
DATA_MEM:  [384, 179]
---------------------------------------
DEBUG    root:machine.py:309 INC 
TICK: 18613 PC:   1 ADDR:   0 MEM_OUT: 384 ACC: 384 BUFF: 384 DC: 0 FLAG_ZERO: True FLAG_LT: 0 FLAG_GT: 0
INPUT_PORT:  []
OUT_PORT:  []
DATA_MEM:  [384, 179]
---------------------------------------
DEBUG    root:machine.py:309 ST 0
TICK: 18616 PC:   2 ADDR:   0 MEM_OUT: 384 ACC: 385 BUFF: 384 DC: 0 FLAG_ZERO: True FLAG_LT: 0 FLAG_GT: 0
INPUT_PORT:  []
OUT_PORT:  []
DATA_MEM:  [384, 179]
---------------------------------------
DEBUG    root:machine.py:309 CMP 1000
TICK: 18620 PC:   3 ADDR:   0 MEM_OUT: 385 ACC: 385 BUFF: 384 DC: 0 FLAG_ZERO: True FLAG_LT: 0 FLAG_GT: 0
INPUT_PORT:  []
OUT_PORT:  []
DATA_MEM:  [385, 179]
---------------------------------------
DEBUG    root:machine.py:309 JGE 22
TICK: 18623 PC:   4 ADDR:   0 MEM_OUT: 385 ACC: 385 BUFF: 384 DC: 0 FLAG_ZERO: False FLAG_LT: 1 FLAG_GT: 0
INPUT_PORT:  []
OUT_PORT:  []
DATA_MEM:  [385, 179]
---------------------------------------
DEBUG    root:machine.py:309 LD 0
TICK: 18626 PC:   5 ADDR:   0 MEM_OUT: 385 ACC: 385 BUFF: 384 DC: 0 FLAG_ZERO: False FLAG_LT: 1 FLAG_GT: 0
INPUT_PORT:  []
OUT_PORT:  []
DATA_MEM:  [385, 179]
---------------------------------------
DEBUG    root:machine.py:309 MOD 3
TICK: 18630 PC:   6 ADDR:   0 MEM_OUT: 385 ACC: 385 BUFF: 384 DC: 0 FLAG_ZERO: False FLAG_LT: 1 FLAG_GT: 0
INPUT_PORT:  []
OUT_PORT:  []
DATA_MEM:  [385, 179]
---------------------------------------
DEBUG    root:machine.py:309 CMP 0
TICK: 18634 PC:   7 ADDR:   0 MEM_OUT: 385 ACC: 1 BUFF: 385 DC: 0 FLAG_ZERO: False FLAG_LT: 1 FLAG_GT: 0
INPUT_PORT:  []
OUT_PORT:  []
DATA_MEM:  [385, 179]
---------------------------------------
DEBUG    root:machine.py:309 JE 14
TICK: 18637 PC:   8 ADDR:   0 MEM_OUT: 385 ACC: 1 BUFF: 385 DC: 0 FLAG_ZERO: False FLAG_LT: 0 FLAG_GT: 1
INPUT_PORT:  []
OUT_PORT:  []
DATA_MEM:  [385, 179]
---------------------------------------
DEBUG    root:machine.py:309 LD 0
TICK: 18640 PC:   9 ADDR:   0 MEM_OUT: 385 ACC: 1 BUFF: 385 DC: 0 FLAG_ZERO: False FLAG_LT: 0 FLAG_GT: 1
INPUT_PORT:  []
OUT_PORT:  []
DATA_MEM:  [385, 179]
---------------------------------------
DEBUG    root:machine.py:309 MOD 5
TICK: 18644 PC:  10 ADDR:   0 MEM_OUT: 385 ACC: 385 BUFF: 385 DC: 0 FLAG_ZERO: False FLAG_LT: 0 FLAG_GT: 1
INPUT_PORT:  []
OUT_PORT:  []
DATA_MEM:  [385, 179]
---------------------------------------
DEBUG    root:machine.py:309 CMP 0
TICK: 18648 PC:  11 ADDR:   0 MEM_OUT: 385 ACC: 0 BUFF: 385 DC: 0 FLAG_ZERO: False FLAG_LT: 0 FLAG_GT: 1
INPUT_PORT:  []
OUT_PORT:  []
DATA_MEM:  [385, 179]
---------------------------------------
DEBUG    root:machine.py:309 JE 18
TICK: 18651 PC:  12 ADDR:   0 MEM_OUT: 385 ACC: 0 BUFF: 385 DC: 0 FLAG_ZERO: True FLAG_LT: 0 FLAG_GT: 0
INPUT_PORT:  []
OUT_PORT:  []
DATA_MEM:  [385, 179]
---------------------------------------
DEBUG    root:machine.py:309 LD 4
TICK: 18654 PC:  18 ADDR:   0 MEM_OUT: 385 ACC: 0 BUFF: 385 DC: 0 FLAG_ZERO: True FLAG_LT: 0 FLAG_GT: 0
INPUT_PORT:  []
OUT_PORT:  []
DATA_MEM:  [385, 179]
---------------------------------------
DEBUG    root:machine.py:309 INC 
TICK: 18658 PC:  19 ADDR:   1 MEM_OUT: 179 ACC: 179 BUFF: 385 DC: 0 FLAG_ZERO: True FLAG_LT: 0 FLAG_GT: 0
INPUT_PORT:  []
OUT_PORT:  []
DATA_MEM:  [385, 179]
---------------------------------------
DEBUG    root:machine.py:309 ST 4
TICK: 18661 PC:  20 ADDR:   1 MEM_OUT: 179 ACC: 180 BUFF: 385 DC: 0 FLAG_ZERO: True FLAG_LT: 0 FLAG_GT: 0
INPUT_PORT:  []
OUT_PORT:  []
DATA_MEM:  [385, 179]
---------------------------------------
DEBUG    root:machine.py:309 JMP 0
TICK: 18665 PC:  21 ADDR:   1 MEM_OUT: 180 ACC: 180 BUFF: 385 DC: 0 FLAG_ZERO: True FLAG_LT: 0 FLAG_GT: 0
INPUT_PORT:  []
OUT_PORT:  []
DATA_MEM:  [385, 180]
---------------------------------------
DEBUG    root:machine.py:309 LD 0
TICK: 18668 PC:   0 ADDR:   1 MEM_OUT: 180 ACC: 180 BUFF: 385 DC: 0 FLAG_ZERO: True FLAG_LT: 0 FLAG_GT: 0
INPUT_PORT:  []
OUT_PORT:  []
DATA_MEM:  [385, 180]
---------------------------------------
DEBUG    root:machine.py:309 INC 
TICK: 18672 PC:   1 ADDR:   0 MEM_OUT: 385 ACC: 385 BUFF: 385 DC: 0 FLAG_ZERO: True FLAG_LT: 0 FLAG_GT: 0
INPUT_PORT:  []
OUT_PORT:  []
DATA_MEM:  [385, 180]
---------------------------------------
DEBUG    root:machine.py:309 ST 0
TICK: 18675 PC:   2 ADDR:   0 MEM_OUT: 385 ACC: 386 BUFF: 385 DC: 0 FLAG_ZERO: True FLAG_LT: 0 FLAG_GT: 0
INPUT_PORT:  []
OUT_PORT:  []
DATA_MEM:  [385, 180]
---------------------------------------
DEBUG    root:machine.py:309 CMP 1000
TICK: 18679 PC:   3 ADDR:   0 MEM_OUT: 386 ACC: 386 BUFF: 385 DC: 0 FLAG_ZERO: True FLAG_LT: 0 FLAG_GT: 0
INPUT_PORT:  []
OUT_PORT:  []
DATA_MEM:  [386, 180]
---------------------------------------
DEBUG    root:machine.py:309 JGE 22
TICK: 18682 PC:   4 ADDR:   0 MEM_OUT: 386 ACC: 386 BUFF: 385 DC: 0 FLAG_ZERO: False FLAG_LT: 1 FLAG_GT: 0
INPUT_PORT:  []
OUT_PORT:  []
DATA_MEM:  [386, 180]
---------------------------------------
DEBUG    root:machine.py:309 LD 0
TICK: 18685 PC:   5 ADDR:   0 MEM_OUT: 386 ACC: 386 BUFF: 385 DC: 0 FLAG_ZERO: False FLAG_LT: 1 FLAG_GT: 0
INPUT_PORT:  []
OUT_PORT:  []
DATA_MEM:  [386, 180]
---------------------------------------
DEBUG    root:machine.py:309 MOD 3
TICK: 18689 PC:   6 ADDR:   0 MEM_OUT: 386 ACC: 386 BUFF: 385 DC: 0 FLAG_ZERO: False FLAG_LT: 1 FLAG_GT: 0
INPUT_PORT:  []
OUT_PORT:  []
DATA_MEM:  [386, 180]
---------------------------------------
DEBUG    root:machine.py:309 CMP 0
TICK: 18693 PC:   7 ADDR:   0 MEM_OUT: 386 ACC: 2 BUFF: 386 DC: 0 FLAG_ZERO: False FLAG_LT: 1 FLAG_GT: 0
INPUT_PORT:  []
OUT_PORT:  []
DATA_MEM:  [386, 180]
---------------------------------------
DEBUG    root:machine.py:309 JE 14
TICK: 18696 PC:   8 ADDR:   0 MEM_OUT: 386 ACC: 2 BUFF: 386 DC: 0 FLAG_ZERO: False FLAG_LT: 0 FLAG_GT: 1
INPUT_PORT:  []
OUT_PORT:  []
DATA_MEM:  [386, 180]
---------------------------------------
DEBUG    root:machine.py:309 LD 0
TICK: 18699 PC:   9 ADDR:   0 MEM_OUT: 386 ACC: 2 BUFF: 386 DC: 0 FLAG_ZERO: False FLAG_LT: 0 FLAG_GT: 1
INPUT_PORT:  []
OUT_PORT:  []
DATA_MEM:  [386, 180]
---------------------------------------
DEBUG    root:machine.py:309 MOD 5
TICK: 18703 PC:  10 ADDR:   0 MEM_OUT: 386 ACC: 386 BUFF: 386 DC: 0 FLAG_ZERO: False FLAG_LT: 0 FLAG_GT: 1
INPUT_PORT:  []
OUT_PORT:  []
DATA_MEM:  [386, 180]
---------------------------------------
DEBUG    root:machine.py:309 CMP 0
TICK: 18707 PC:  11 ADDR:   0 MEM_OUT: 386 ACC: 1 BUFF: 386 DC: 0 FLAG_ZERO: False FLAG_LT: 0 FLAG_GT: 1
INPUT_PORT:  []
OUT_PORT:  []
DATA_MEM:  [386, 180]
---------------------------------------
DEBUG    root:machine.py:309 JE 18
TICK: 18710 PC:  12 ADDR:   0 MEM_OUT: 386 ACC: 1 BUFF: 386 DC: 0 FLAG_ZERO: False FLAG_LT: 0 FLAG_GT: 1
INPUT_PORT:  []
OUT_PORT:  []
DATA_MEM:  [386, 180]
---------------------------------------
DEBUG    root:machine.py:309 JMP 0
TICK: 18713 PC:  13 ADDR:   0 MEM_OUT: 386 ACC: 1 BUFF: 386 DC: 0 FLAG_ZERO: False FLAG_LT: 0 FLAG_GT: 1
INPUT_PORT:  []
OUT_PORT:  []
DATA_MEM:  [386, 180]
---------------------------------------
DEBUG    root:machine.py:309 LD 0
TICK: 18716 PC:   0 ADDR:   0 MEM_OUT: 386 ACC: 1 BUFF: 386 DC: 0 FLAG_ZERO: False FLAG_LT: 0 FLAG_GT: 1
INPUT_PORT:  []
OUT_PORT:  []
DATA_MEM:  [386, 180]
---------------------------------------
DEBUG    root:machine.py:309 INC 
TICK: 18720 PC:   1 ADDR:   0 MEM_OUT: 386 ACC: 386 BUFF: 386 DC: 0 FLAG_ZERO: False FLAG_LT: 0 FLAG_GT: 1
INPUT_PORT:  []
OUT_PORT:  []
DATA_MEM:  [386, 180]
---------------------------------------
DEBUG    root:machine.py:309 ST 0
TICK: 18723 PC:   2 ADDR:   0 MEM_OUT: 386 ACC: 387 BUFF: 386 DC: 0 FLAG_ZERO: False FLAG_LT: 0 FLAG_GT: 1
INPUT_PORT:  []
OUT_PORT:  []
DATA_MEM:  [386, 180]
---------------------------------------
DEBUG    root:machine.py:309 CMP 1000
TICK: 18727 PC:   3 ADDR:   0 MEM_OUT: 387 ACC: 387 BUFF: 386 DC: 0 FLAG_ZERO: False FLAG_LT: 0 FLAG_GT: 1
INPUT_PORT:  []
OUT_PORT:  []
DATA_MEM:  [387, 180]
---------------------------------------
DEBUG    root:machine.py:309 JGE 22
TICK: 18730 PC:   4 ADDR:   0 MEM_OUT: 387 ACC: 387 BUFF: 386 DC: 0 FLAG_ZERO: False FLAG_LT: 1 FLAG_GT: 0
INPUT_PORT:  []
OUT_PORT:  []
DATA_MEM:  [387, 180]
---------------------------------------
DEBUG    root:machine.py:309 LD 0
TICK: 18733 PC:   5 ADDR:   0 MEM_OUT: 387 ACC: 387 BUFF: 386 DC: 0 FLAG_ZERO: False FLAG_LT: 1 FLAG_GT: 0
INPUT_PORT:  []
OUT_PORT:  []
DATA_MEM:  [387, 180]
---------------------------------------
DEBUG    root:machine.py:309 MOD 3
TICK: 18737 PC:   6 ADDR:   0 MEM_OUT: 387 ACC: 387 BUFF: 386 DC: 0 FLAG_ZERO: False FLAG_LT: 1 FLAG_GT: 0
INPUT_PORT:  []
OUT_PORT:  []
DATA_MEM:  [387, 180]
---------------------------------------
DEBUG    root:machine.py:309 CMP 0
TICK: 18741 PC:   7 ADDR:   0 MEM_OUT: 387 ACC: 0 BUFF: 387 DC: 0 FLAG_ZERO: False FLAG_LT: 1 FLAG_GT: 0
INPUT_PORT:  []
OUT_PORT:  []
DATA_MEM:  [387, 180]
---------------------------------------
DEBUG    root:machine.py:309 JE 14
TICK: 18744 PC:   8 ADDR:   0 MEM_OUT: 387 ACC: 0 BUFF: 387 DC: 0 FLAG_ZERO: True FLAG_LT: 0 FLAG_GT: 0
INPUT_PORT:  []
OUT_PORT:  []
DATA_MEM:  [387, 180]
---------------------------------------
DEBUG    root:machine.py:309 LD 4
TICK: 18747 PC:  14 ADDR:   0 MEM_OUT: 387 ACC: 0 BUFF: 387 DC: 0 FLAG_ZERO: True FLAG_LT: 0 FLAG_GT: 0
INPUT_PORT:  []
OUT_PORT:  []
DATA_MEM:  [387, 180]
---------------------------------------
DEBUG    root:machine.py:309 INC 
TICK: 18751 PC:  15 ADDR:   1 MEM_OUT: 180 ACC: 180 BUFF: 387 DC: 0 FLAG_ZERO: True FLAG_LT: 0 FLAG_GT: 0
INPUT_PORT:  []
OUT_PORT:  []
DATA_MEM:  [387, 180]
---------------------------------------
DEBUG    root:machine.py:309 ST 4
TICK: 18754 PC:  16 ADDR:   1 MEM_OUT: 180 ACC: 181 BUFF: 387 DC: 0 FLAG_ZERO: True FLAG_LT: 0 FLAG_GT: 0
INPUT_PORT:  []
OUT_PORT:  []
DATA_MEM:  [387, 180]
---------------------------------------
DEBUG    root:machine.py:309 JMP 0
TICK: 18758 PC:  17 ADDR:   1 MEM_OUT: 181 ACC: 181 BUFF: 387 DC: 0 FLAG_ZERO: True FLAG_LT: 0 FLAG_GT: 0
INPUT_PORT:  []
OUT_PORT:  []
DATA_MEM:  [387, 181]
---------------------------------------
DEBUG    root:machine.py:309 LD 0
TICK: 18761 PC:   0 ADDR:   1 MEM_OUT: 181 ACC: 181 BUFF: 387 DC: 0 FLAG_ZERO: True FLAG_LT: 0 FLAG_GT: 0
INPUT_PORT:  []
OUT_PORT:  []
DATA_MEM:  [387, 181]
---------------------------------------
DEBUG    root:machine.py:309 INC 
TICK: 18765 PC:   1 ADDR:   0 MEM_OUT: 387 ACC: 387 BUFF: 387 DC: 0 FLAG_ZERO: True FLAG_LT: 0 FLAG_GT: 0
INPUT_PORT:  []
OUT_PORT:  []
DATA_MEM:  [387, 181]
---------------------------------------
DEBUG    root:machine.py:309 ST 0
TICK: 18768 PC:   2 ADDR:   0 MEM_OUT: 387 ACC: 388 BUFF: 387 DC: 0 FLAG_ZERO: True FLAG_LT: 0 FLAG_GT: 0
INPUT_PORT:  []
OUT_PORT:  []
DATA_MEM:  [387, 181]
---------------------------------------
DEBUG    root:machine.py:309 CMP 1000
TICK: 18772 PC:   3 ADDR:   0 MEM_OUT: 388 ACC: 388 BUFF: 387 DC: 0 FLAG_ZERO: True FLAG_LT: 0 FLAG_GT: 0
INPUT_PORT:  []
OUT_PORT:  []
DATA_MEM:  [388, 181]
---------------------------------------
DEBUG    root:machine.py:309 JGE 22
TICK: 18775 PC:   4 ADDR:   0 MEM_OUT: 388 ACC: 388 BUFF: 387 DC: 0 FLAG_ZERO: False FLAG_LT: 1 FLAG_GT: 0
INPUT_PORT:  []
OUT_PORT:  []
DATA_MEM:  [388, 181]
---------------------------------------
DEBUG    root:machine.py:309 LD 0
TICK: 18778 PC:   5 ADDR:   0 MEM_OUT: 388 ACC: 388 BUFF: 387 DC: 0 FLAG_ZERO: False FLAG_LT: 1 FLAG_GT: 0
INPUT_PORT:  []
OUT_PORT:  []
DATA_MEM:  [388, 181]
---------------------------------------
DEBUG    root:machine.py:309 MOD 3
TICK: 18782 PC:   6 ADDR:   0 MEM_OUT: 388 ACC: 388 BUFF: 387 DC: 0 FLAG_ZERO: False FLAG_LT: 1 FLAG_GT: 0
INPUT_PORT:  []
OUT_PORT:  []
DATA_MEM:  [388, 181]
---------------------------------------
DEBUG    root:machine.py:309 CMP 0
TICK: 18786 PC:   7 ADDR:   0 MEM_OUT: 388 ACC: 1 BUFF: 388 DC: 0 FLAG_ZERO: False FLAG_LT: 1 FLAG_GT: 0
INPUT_PORT:  []
OUT_PORT:  []
DATA_MEM:  [388, 181]
---------------------------------------
DEBUG    root:machine.py:309 JE 14
TICK: 18789 PC:   8 ADDR:   0 MEM_OUT: 388 ACC: 1 BUFF: 388 DC: 0 FLAG_ZERO: False FLAG_LT: 0 FLAG_GT: 1
INPUT_PORT:  []
OUT_PORT:  []
DATA_MEM:  [388, 181]
---------------------------------------
DEBUG    root:machine.py:309 LD 0
TICK: 18792 PC:   9 ADDR:   0 MEM_OUT: 388 ACC: 1 BUFF: 388 DC: 0 FLAG_ZERO: False FLAG_LT: 0 FLAG_GT: 1
INPUT_PORT:  []
OUT_PORT:  []
DATA_MEM:  [388, 181]
---------------------------------------
DEBUG    root:machine.py:309 MOD 5
TICK: 18796 PC:  10 ADDR:   0 MEM_OUT: 388 ACC: 388 BUFF: 388 DC: 0 FLAG_ZERO: False FLAG_LT: 0 FLAG_GT: 1
INPUT_PORT:  []
OUT_PORT:  []
DATA_MEM:  [388, 181]
---------------------------------------
DEBUG    root:machine.py:309 CMP 0
TICK: 18800 PC:  11 ADDR:   0 MEM_OUT: 388 ACC: 3 BUFF: 388 DC: 0 FLAG_ZERO: False FLAG_LT: 0 FLAG_GT: 1
INPUT_PORT:  []
OUT_PORT:  []
DATA_MEM:  [388, 181]
---------------------------------------
DEBUG    root:machine.py:309 JE 18
TICK: 18803 PC:  12 ADDR:   0 MEM_OUT: 388 ACC: 3 BUFF: 388 DC: 0 FLAG_ZERO: False FLAG_LT: 0 FLAG_GT: 1
INPUT_PORT:  []
OUT_PORT:  []
DATA_MEM:  [388, 181]
---------------------------------------
DEBUG    root:machine.py:309 JMP 0
TICK: 18806 PC:  13 ADDR:   0 MEM_OUT: 388 ACC: 3 BUFF: 388 DC: 0 FLAG_ZERO: False FLAG_LT: 0 FLAG_GT: 1
INPUT_PORT:  []
OUT_PORT:  []
DATA_MEM:  [388, 181]
---------------------------------------
DEBUG    root:machine.py:309 LD 0
TICK: 18809 PC:   0 ADDR:   0 MEM_OUT: 388 ACC: 3 BUFF: 388 DC: 0 FLAG_ZERO: False FLAG_LT: 0 FLAG_GT: 1
INPUT_PORT:  []
OUT_PORT:  []
DATA_MEM:  [388, 181]
---------------------------------------
DEBUG    root:machine.py:309 INC 
TICK: 18813 PC:   1 ADDR:   0 MEM_OUT: 388 ACC: 388 BUFF: 388 DC: 0 FLAG_ZERO: False FLAG_LT: 0 FLAG_GT: 1
INPUT_PORT:  []
OUT_PORT:  []
DATA_MEM:  [388, 181]
---------------------------------------
DEBUG    root:machine.py:309 ST 0
TICK: 18816 PC:   2 ADDR:   0 MEM_OUT: 388 ACC: 389 BUFF: 388 DC: 0 FLAG_ZERO: False FLAG_LT: 0 FLAG_GT: 1
INPUT_PORT:  []
OUT_PORT:  []
DATA_MEM:  [388, 181]
---------------------------------------
DEBUG    root:machine.py:309 CMP 1000
TICK: 18820 PC:   3 ADDR:   0 MEM_OUT: 389 ACC: 389 BUFF: 388 DC: 0 FLAG_ZERO: False FLAG_LT: 0 FLAG_GT: 1
INPUT_PORT:  []
OUT_PORT:  []
DATA_MEM:  [389, 181]
---------------------------------------
DEBUG    root:machine.py:309 JGE 22
TICK: 18823 PC:   4 ADDR:   0 MEM_OUT: 389 ACC: 389 BUFF: 388 DC: 0 FLAG_ZERO: False FLAG_LT: 1 FLAG_GT: 0
INPUT_PORT:  []
OUT_PORT:  []
DATA_MEM:  [389, 181]
---------------------------------------
DEBUG    root:machine.py:309 LD 0
TICK: 18826 PC:   5 ADDR:   0 MEM_OUT: 389 ACC: 389 BUFF: 388 DC: 0 FLAG_ZERO: False FLAG_LT: 1 FLAG_GT: 0
INPUT_PORT:  []
OUT_PORT:  []
DATA_MEM:  [389, 181]
---------------------------------------
DEBUG    root:machine.py:309 MOD 3
TICK: 18830 PC:   6 ADDR:   0 MEM_OUT: 389 ACC: 389 BUFF: 388 DC: 0 FLAG_ZERO: False FLAG_LT: 1 FLAG_GT: 0
INPUT_PORT:  []
OUT_PORT:  []
DATA_MEM:  [389, 181]
---------------------------------------
DEBUG    root:machine.py:309 CMP 0
TICK: 18834 PC:   7 ADDR:   0 MEM_OUT: 389 ACC: 2 BUFF: 389 DC: 0 FLAG_ZERO: False FLAG_LT: 1 FLAG_GT: 0
INPUT_PORT:  []
OUT_PORT:  []
DATA_MEM:  [389, 181]
---------------------------------------
DEBUG    root:machine.py:309 JE 14
TICK: 18837 PC:   8 ADDR:   0 MEM_OUT: 389 ACC: 2 BUFF: 389 DC: 0 FLAG_ZERO: False FLAG_LT: 0 FLAG_GT: 1
INPUT_PORT:  []
OUT_PORT:  []
DATA_MEM:  [389, 181]
---------------------------------------
DEBUG    root:machine.py:309 LD 0
TICK: 18840 PC:   9 ADDR:   0 MEM_OUT: 389 ACC: 2 BUFF: 389 DC: 0 FLAG_ZERO: False FLAG_LT: 0 FLAG_GT: 1
INPUT_PORT:  []
OUT_PORT:  []
DATA_MEM:  [389, 181]
---------------------------------------
DEBUG    root:machine.py:309 MOD 5
TICK: 18844 PC:  10 ADDR:   0 MEM_OUT: 389 ACC: 389 BUFF: 389 DC: 0 FLAG_ZERO: False FLAG_LT: 0 FLAG_GT: 1
INPUT_PORT:  []
OUT_PORT:  []
DATA_MEM:  [389, 181]
---------------------------------------
DEBUG    root:machine.py:309 CMP 0
TICK: 18848 PC:  11 ADDR:   0 MEM_OUT: 389 ACC: 4 BUFF: 389 DC: 0 FLAG_ZERO: False FLAG_LT: 0 FLAG_GT: 1
INPUT_PORT:  []
OUT_PORT:  []
DATA_MEM:  [389, 181]
---------------------------------------
DEBUG    root:machine.py:309 JE 18
TICK: 18851 PC:  12 ADDR:   0 MEM_OUT: 389 ACC: 4 BUFF: 389 DC: 0 FLAG_ZERO: False FLAG_LT: 0 FLAG_GT: 1
INPUT_PORT:  []
OUT_PORT:  []
DATA_MEM:  [389, 181]
---------------------------------------
DEBUG    root:machine.py:309 JMP 0
TICK: 18854 PC:  13 ADDR:   0 MEM_OUT: 389 ACC: 4 BUFF: 389 DC: 0 FLAG_ZERO: False FLAG_LT: 0 FLAG_GT: 1
INPUT_PORT:  []
OUT_PORT:  []
DATA_MEM:  [389, 181]
---------------------------------------
DEBUG    root:machine.py:309 LD 0
TICK: 18857 PC:   0 ADDR:   0 MEM_OUT: 389 ACC: 4 BUFF: 389 DC: 0 FLAG_ZERO: False FLAG_LT: 0 FLAG_GT: 1
INPUT_PORT:  []
OUT_PORT:  []
DATA_MEM:  [389, 181]
---------------------------------------
DEBUG    root:machine.py:309 INC 
TICK: 18861 PC:   1 ADDR:   0 MEM_OUT: 389 ACC: 389 BUFF: 389 DC: 0 FLAG_ZERO: False FLAG_LT: 0 FLAG_GT: 1
INPUT_PORT:  []
OUT_PORT:  []
DATA_MEM:  [389, 181]
---------------------------------------
DEBUG    root:machine.py:309 ST 0
TICK: 18864 PC:   2 ADDR:   0 MEM_OUT: 389 ACC: 390 BUFF: 389 DC: 0 FLAG_ZERO: False FLAG_LT: 0 FLAG_GT: 1
INPUT_PORT:  []
OUT_PORT:  []
DATA_MEM:  [389, 181]
---------------------------------------
DEBUG    root:machine.py:309 CMP 1000
TICK: 18868 PC:   3 ADDR:   0 MEM_OUT: 390 ACC: 390 BUFF: 389 DC: 0 FLAG_ZERO: False FLAG_LT: 0 FLAG_GT: 1
INPUT_PORT:  []
OUT_PORT:  []
DATA_MEM:  [390, 181]
---------------------------------------
DEBUG    root:machine.py:309 JGE 22
TICK: 18871 PC:   4 ADDR:   0 MEM_OUT: 390 ACC: 390 BUFF: 389 DC: 0 FLAG_ZERO: False FLAG_LT: 1 FLAG_GT: 0
INPUT_PORT:  []
OUT_PORT:  []
DATA_MEM:  [390, 181]
---------------------------------------
DEBUG    root:machine.py:309 LD 0
TICK: 18874 PC:   5 ADDR:   0 MEM_OUT: 390 ACC: 390 BUFF: 389 DC: 0 FLAG_ZERO: False FLAG_LT: 1 FLAG_GT: 0
INPUT_PORT:  []
OUT_PORT:  []
DATA_MEM:  [390, 181]
---------------------------------------
DEBUG    root:machine.py:309 MOD 3
TICK: 18878 PC:   6 ADDR:   0 MEM_OUT: 390 ACC: 390 BUFF: 389 DC: 0 FLAG_ZERO: False FLAG_LT: 1 FLAG_GT: 0
INPUT_PORT:  []
OUT_PORT:  []
DATA_MEM:  [390, 181]
---------------------------------------
DEBUG    root:machine.py:309 CMP 0
TICK: 18882 PC:   7 ADDR:   0 MEM_OUT: 390 ACC: 0 BUFF: 390 DC: 0 FLAG_ZERO: False FLAG_LT: 1 FLAG_GT: 0
INPUT_PORT:  []
OUT_PORT:  []
DATA_MEM:  [390, 181]
---------------------------------------
DEBUG    root:machine.py:309 JE 14
TICK: 18885 PC:   8 ADDR:   0 MEM_OUT: 390 ACC: 0 BUFF: 390 DC: 0 FLAG_ZERO: True FLAG_LT: 0 FLAG_GT: 0
INPUT_PORT:  []
OUT_PORT:  []
DATA_MEM:  [390, 181]
---------------------------------------
DEBUG    root:machine.py:309 LD 4
TICK: 18888 PC:  14 ADDR:   0 MEM_OUT: 390 ACC: 0 BUFF: 390 DC: 0 FLAG_ZERO: True FLAG_LT: 0 FLAG_GT: 0
INPUT_PORT:  []
OUT_PORT:  []
DATA_MEM:  [390, 181]
---------------------------------------
DEBUG    root:machine.py:309 INC 
TICK: 18892 PC:  15 ADDR:   1 MEM_OUT: 181 ACC: 181 BUFF: 390 DC: 0 FLAG_ZERO: True FLAG_LT: 0 FLAG_GT: 0
INPUT_PORT:  []
OUT_PORT:  []
DATA_MEM:  [390, 181]
---------------------------------------
DEBUG    root:machine.py:309 ST 4
TICK: 18895 PC:  16 ADDR:   1 MEM_OUT: 181 ACC: 182 BUFF: 390 DC: 0 FLAG_ZERO: True FLAG_LT: 0 FLAG_GT: 0
INPUT_PORT:  []
OUT_PORT:  []
DATA_MEM:  [390, 181]
---------------------------------------
DEBUG    root:machine.py:309 JMP 0
TICK: 18899 PC:  17 ADDR:   1 MEM_OUT: 182 ACC: 182 BUFF: 390 DC: 0 FLAG_ZERO: True FLAG_LT: 0 FLAG_GT: 0
INPUT_PORT:  []
OUT_PORT:  []
DATA_MEM:  [390, 182]
---------------------------------------
DEBUG    root:machine.py:309 LD 0
TICK: 18902 PC:   0 ADDR:   1 MEM_OUT: 182 ACC: 182 BUFF: 390 DC: 0 FLAG_ZERO: True FLAG_LT: 0 FLAG_GT: 0
INPUT_PORT:  []
OUT_PORT:  []
DATA_MEM:  [390, 182]
---------------------------------------
DEBUG    root:machine.py:309 INC 
TICK: 18906 PC:   1 ADDR:   0 MEM_OUT: 390 ACC: 390 BUFF: 390 DC: 0 FLAG_ZERO: True FLAG_LT: 0 FLAG_GT: 0
INPUT_PORT:  []
OUT_PORT:  []
DATA_MEM:  [390, 182]
---------------------------------------
DEBUG    root:machine.py:309 ST 0
TICK: 18909 PC:   2 ADDR:   0 MEM_OUT: 390 ACC: 391 BUFF: 390 DC: 0 FLAG_ZERO: True FLAG_LT: 0 FLAG_GT: 0
INPUT_PORT:  []
OUT_PORT:  []
DATA_MEM:  [390, 182]
---------------------------------------
DEBUG    root:machine.py:309 CMP 1000
TICK: 18913 PC:   3 ADDR:   0 MEM_OUT: 391 ACC: 391 BUFF: 390 DC: 0 FLAG_ZERO: True FLAG_LT: 0 FLAG_GT: 0
INPUT_PORT:  []
OUT_PORT:  []
DATA_MEM:  [391, 182]
---------------------------------------
DEBUG    root:machine.py:309 JGE 22
TICK: 18916 PC:   4 ADDR:   0 MEM_OUT: 391 ACC: 391 BUFF: 390 DC: 0 FLAG_ZERO: False FLAG_LT: 1 FLAG_GT: 0
INPUT_PORT:  []
OUT_PORT:  []
DATA_MEM:  [391, 182]
---------------------------------------
DEBUG    root:machine.py:309 LD 0
TICK: 18919 PC:   5 ADDR:   0 MEM_OUT: 391 ACC: 391 BUFF: 390 DC: 0 FLAG_ZERO: False FLAG_LT: 1 FLAG_GT: 0
INPUT_PORT:  []
OUT_PORT:  []
DATA_MEM:  [391, 182]
---------------------------------------
DEBUG    root:machine.py:309 MOD 3
TICK: 18923 PC:   6 ADDR:   0 MEM_OUT: 391 ACC: 391 BUFF: 390 DC: 0 FLAG_ZERO: False FLAG_LT: 1 FLAG_GT: 0
INPUT_PORT:  []
OUT_PORT:  []
DATA_MEM:  [391, 182]
---------------------------------------
DEBUG    root:machine.py:309 CMP 0
TICK: 18927 PC:   7 ADDR:   0 MEM_OUT: 391 ACC: 1 BUFF: 391 DC: 0 FLAG_ZERO: False FLAG_LT: 1 FLAG_GT: 0
INPUT_PORT:  []
OUT_PORT:  []
DATA_MEM:  [391, 182]
---------------------------------------
DEBUG    root:machine.py:309 JE 14
TICK: 18930 PC:   8 ADDR:   0 MEM_OUT: 391 ACC: 1 BUFF: 391 DC: 0 FLAG_ZERO: False FLAG_LT: 0 FLAG_GT: 1
INPUT_PORT:  []
OUT_PORT:  []
DATA_MEM:  [391, 182]
---------------------------------------
DEBUG    root:machine.py:309 LD 0
TICK: 18933 PC:   9 ADDR:   0 MEM_OUT: 391 ACC: 1 BUFF: 391 DC: 0 FLAG_ZERO: False FLAG_LT: 0 FLAG_GT: 1
INPUT_PORT:  []
OUT_PORT:  []
DATA_MEM:  [391, 182]
---------------------------------------
DEBUG    root:machine.py:309 MOD 5
TICK: 18937 PC:  10 ADDR:   0 MEM_OUT: 391 ACC: 391 BUFF: 391 DC: 0 FLAG_ZERO: False FLAG_LT: 0 FLAG_GT: 1
INPUT_PORT:  []
OUT_PORT:  []
DATA_MEM:  [391, 182]
---------------------------------------
DEBUG    root:machine.py:309 CMP 0
TICK: 18941 PC:  11 ADDR:   0 MEM_OUT: 391 ACC: 1 BUFF: 391 DC: 0 FLAG_ZERO: False FLAG_LT: 0 FLAG_GT: 1
INPUT_PORT:  []
OUT_PORT:  []
DATA_MEM:  [391, 182]
---------------------------------------
DEBUG    root:machine.py:309 JE 18
TICK: 18944 PC:  12 ADDR:   0 MEM_OUT: 391 ACC: 1 BUFF: 391 DC: 0 FLAG_ZERO: False FLAG_LT: 0 FLAG_GT: 1
INPUT_PORT:  []
OUT_PORT:  []
DATA_MEM:  [391, 182]
---------------------------------------
DEBUG    root:machine.py:309 JMP 0
TICK: 18947 PC:  13 ADDR:   0 MEM_OUT: 391 ACC: 1 BUFF: 391 DC: 0 FLAG_ZERO: False FLAG_LT: 0 FLAG_GT: 1
INPUT_PORT:  []
OUT_PORT:  []
DATA_MEM:  [391, 182]
---------------------------------------
DEBUG    root:machine.py:309 LD 0
TICK: 18950 PC:   0 ADDR:   0 MEM_OUT: 391 ACC: 1 BUFF: 391 DC: 0 FLAG_ZERO: False FLAG_LT: 0 FLAG_GT: 1
INPUT_PORT:  []
OUT_PORT:  []
DATA_MEM:  [391, 182]
---------------------------------------
DEBUG    root:machine.py:309 INC 
TICK: 18954 PC:   1 ADDR:   0 MEM_OUT: 391 ACC: 391 BUFF: 391 DC: 0 FLAG_ZERO: False FLAG_LT: 0 FLAG_GT: 1
INPUT_PORT:  []
OUT_PORT:  []
DATA_MEM:  [391, 182]
---------------------------------------
DEBUG    root:machine.py:309 ST 0
TICK: 18957 PC:   2 ADDR:   0 MEM_OUT: 391 ACC: 392 BUFF: 391 DC: 0 FLAG_ZERO: False FLAG_LT: 0 FLAG_GT: 1
INPUT_PORT:  []
OUT_PORT:  []
DATA_MEM:  [391, 182]
---------------------------------------
DEBUG    root:machine.py:309 CMP 1000
TICK: 18961 PC:   3 ADDR:   0 MEM_OUT: 392 ACC: 392 BUFF: 391 DC: 0 FLAG_ZERO: False FLAG_LT: 0 FLAG_GT: 1
INPUT_PORT:  []
OUT_PORT:  []
DATA_MEM:  [392, 182]
---------------------------------------
DEBUG    root:machine.py:309 JGE 22
TICK: 18964 PC:   4 ADDR:   0 MEM_OUT: 392 ACC: 392 BUFF: 391 DC: 0 FLAG_ZERO: False FLAG_LT: 1 FLAG_GT: 0
INPUT_PORT:  []
OUT_PORT:  []
DATA_MEM:  [392, 182]
---------------------------------------
DEBUG    root:machine.py:309 LD 0
TICK: 18967 PC:   5 ADDR:   0 MEM_OUT: 392 ACC: 392 BUFF: 391 DC: 0 FLAG_ZERO: False FLAG_LT: 1 FLAG_GT: 0
INPUT_PORT:  []
OUT_PORT:  []
DATA_MEM:  [392, 182]
---------------------------------------
DEBUG    root:machine.py:309 MOD 3
TICK: 18971 PC:   6 ADDR:   0 MEM_OUT: 392 ACC: 392 BUFF: 391 DC: 0 FLAG_ZERO: False FLAG_LT: 1 FLAG_GT: 0
INPUT_PORT:  []
OUT_PORT:  []
DATA_MEM:  [392, 182]
---------------------------------------
DEBUG    root:machine.py:309 CMP 0
TICK: 18975 PC:   7 ADDR:   0 MEM_OUT: 392 ACC: 2 BUFF: 392 DC: 0 FLAG_ZERO: False FLAG_LT: 1 FLAG_GT: 0
INPUT_PORT:  []
OUT_PORT:  []
DATA_MEM:  [392, 182]
---------------------------------------
DEBUG    root:machine.py:309 JE 14
TICK: 18978 PC:   8 ADDR:   0 MEM_OUT: 392 ACC: 2 BUFF: 392 DC: 0 FLAG_ZERO: False FLAG_LT: 0 FLAG_GT: 1
INPUT_PORT:  []
OUT_PORT:  []
DATA_MEM:  [392, 182]
---------------------------------------
DEBUG    root:machine.py:309 LD 0
TICK: 18981 PC:   9 ADDR:   0 MEM_OUT: 392 ACC: 2 BUFF: 392 DC: 0 FLAG_ZERO: False FLAG_LT: 0 FLAG_GT: 1
INPUT_PORT:  []
OUT_PORT:  []
DATA_MEM:  [392, 182]
---------------------------------------
DEBUG    root:machine.py:309 MOD 5
TICK: 18985 PC:  10 ADDR:   0 MEM_OUT: 392 ACC: 392 BUFF: 392 DC: 0 FLAG_ZERO: False FLAG_LT: 0 FLAG_GT: 1
INPUT_PORT:  []
OUT_PORT:  []
DATA_MEM:  [392, 182]
---------------------------------------
DEBUG    root:machine.py:309 CMP 0
TICK: 18989 PC:  11 ADDR:   0 MEM_OUT: 392 ACC: 2 BUFF: 392 DC: 0 FLAG_ZERO: False FLAG_LT: 0 FLAG_GT: 1
INPUT_PORT:  []
OUT_PORT:  []
DATA_MEM:  [392, 182]
---------------------------------------
DEBUG    root:machine.py:309 JE 18
TICK: 18992 PC:  12 ADDR:   0 MEM_OUT: 392 ACC: 2 BUFF: 392 DC: 0 FLAG_ZERO: False FLAG_LT: 0 FLAG_GT: 1
INPUT_PORT:  []
OUT_PORT:  []
DATA_MEM:  [392, 182]
---------------------------------------
DEBUG    root:machine.py:309 JMP 0
TICK: 18995 PC:  13 ADDR:   0 MEM_OUT: 392 ACC: 2 BUFF: 392 DC: 0 FLAG_ZERO: False FLAG_LT: 0 FLAG_GT: 1
INPUT_PORT:  []
OUT_PORT:  []
DATA_MEM:  [392, 182]
---------------------------------------
DEBUG    root:machine.py:309 LD 0
TICK: 18998 PC:   0 ADDR:   0 MEM_OUT: 392 ACC: 2 BUFF: 392 DC: 0 FLAG_ZERO: False FLAG_LT: 0 FLAG_GT: 1
INPUT_PORT:  []
OUT_PORT:  []
DATA_MEM:  [392, 182]
---------------------------------------
DEBUG    root:machine.py:309 INC 
TICK: 19002 PC:   1 ADDR:   0 MEM_OUT: 392 ACC: 392 BUFF: 392 DC: 0 FLAG_ZERO: False FLAG_LT: 0 FLAG_GT: 1
INPUT_PORT:  []
OUT_PORT:  []
DATA_MEM:  [392, 182]
---------------------------------------
DEBUG    root:machine.py:309 ST 0
TICK: 19005 PC:   2 ADDR:   0 MEM_OUT: 392 ACC: 393 BUFF: 392 DC: 0 FLAG_ZERO: False FLAG_LT: 0 FLAG_GT: 1
INPUT_PORT:  []
OUT_PORT:  []
DATA_MEM:  [392, 182]
---------------------------------------
DEBUG    root:machine.py:309 CMP 1000
TICK: 19009 PC:   3 ADDR:   0 MEM_OUT: 393 ACC: 393 BUFF: 392 DC: 0 FLAG_ZERO: False FLAG_LT: 0 FLAG_GT: 1
INPUT_PORT:  []
OUT_PORT:  []
DATA_MEM:  [393, 182]
---------------------------------------
DEBUG    root:machine.py:309 JGE 22
TICK: 19012 PC:   4 ADDR:   0 MEM_OUT: 393 ACC: 393 BUFF: 392 DC: 0 FLAG_ZERO: False FLAG_LT: 1 FLAG_GT: 0
INPUT_PORT:  []
OUT_PORT:  []
DATA_MEM:  [393, 182]
---------------------------------------
DEBUG    root:machine.py:309 LD 0
TICK: 19015 PC:   5 ADDR:   0 MEM_OUT: 393 ACC: 393 BUFF: 392 DC: 0 FLAG_ZERO: False FLAG_LT: 1 FLAG_GT: 0
INPUT_PORT:  []
OUT_PORT:  []
DATA_MEM:  [393, 182]
---------------------------------------
DEBUG    root:machine.py:309 MOD 3
TICK: 19019 PC:   6 ADDR:   0 MEM_OUT: 393 ACC: 393 BUFF: 392 DC: 0 FLAG_ZERO: False FLAG_LT: 1 FLAG_GT: 0
INPUT_PORT:  []
OUT_PORT:  []
DATA_MEM:  [393, 182]
---------------------------------------
DEBUG    root:machine.py:309 CMP 0
TICK: 19023 PC:   7 ADDR:   0 MEM_OUT: 393 ACC: 0 BUFF: 393 DC: 0 FLAG_ZERO: False FLAG_LT: 1 FLAG_GT: 0
INPUT_PORT:  []
OUT_PORT:  []
DATA_MEM:  [393, 182]
---------------------------------------
DEBUG    root:machine.py:309 JE 14
TICK: 19026 PC:   8 ADDR:   0 MEM_OUT: 393 ACC: 0 BUFF: 393 DC: 0 FLAG_ZERO: True FLAG_LT: 0 FLAG_GT: 0
INPUT_PORT:  []
OUT_PORT:  []
DATA_MEM:  [393, 182]
---------------------------------------
DEBUG    root:machine.py:309 LD 4
TICK: 19029 PC:  14 ADDR:   0 MEM_OUT: 393 ACC: 0 BUFF: 393 DC: 0 FLAG_ZERO: True FLAG_LT: 0 FLAG_GT: 0
INPUT_PORT:  []
OUT_PORT:  []
DATA_MEM:  [393, 182]
---------------------------------------
DEBUG    root:machine.py:309 INC 
TICK: 19033 PC:  15 ADDR:   1 MEM_OUT: 182 ACC: 182 BUFF: 393 DC: 0 FLAG_ZERO: True FLAG_LT: 0 FLAG_GT: 0
INPUT_PORT:  []
OUT_PORT:  []
DATA_MEM:  [393, 182]
---------------------------------------
DEBUG    root:machine.py:309 ST 4
TICK: 19036 PC:  16 ADDR:   1 MEM_OUT: 182 ACC: 183 BUFF: 393 DC: 0 FLAG_ZERO: True FLAG_LT: 0 FLAG_GT: 0
INPUT_PORT:  []
OUT_PORT:  []
DATA_MEM:  [393, 182]
---------------------------------------
DEBUG    root:machine.py:309 JMP 0
TICK: 19040 PC:  17 ADDR:   1 MEM_OUT: 183 ACC: 183 BUFF: 393 DC: 0 FLAG_ZERO: True FLAG_LT: 0 FLAG_GT: 0
INPUT_PORT:  []
OUT_PORT:  []
DATA_MEM:  [393, 183]
---------------------------------------
DEBUG    root:machine.py:309 LD 0
TICK: 19043 PC:   0 ADDR:   1 MEM_OUT: 183 ACC: 183 BUFF: 393 DC: 0 FLAG_ZERO: True FLAG_LT: 0 FLAG_GT: 0
INPUT_PORT:  []
OUT_PORT:  []
DATA_MEM:  [393, 183]
---------------------------------------
DEBUG    root:machine.py:309 INC 
TICK: 19047 PC:   1 ADDR:   0 MEM_OUT: 393 ACC: 393 BUFF: 393 DC: 0 FLAG_ZERO: True FLAG_LT: 0 FLAG_GT: 0
INPUT_PORT:  []
OUT_PORT:  []
DATA_MEM:  [393, 183]
---------------------------------------
DEBUG    root:machine.py:309 ST 0
TICK: 19050 PC:   2 ADDR:   0 MEM_OUT: 393 ACC: 394 BUFF: 393 DC: 0 FLAG_ZERO: True FLAG_LT: 0 FLAG_GT: 0
INPUT_PORT:  []
OUT_PORT:  []
DATA_MEM:  [393, 183]
---------------------------------------
DEBUG    root:machine.py:309 CMP 1000
TICK: 19054 PC:   3 ADDR:   0 MEM_OUT: 394 ACC: 394 BUFF: 393 DC: 0 FLAG_ZERO: True FLAG_LT: 0 FLAG_GT: 0
INPUT_PORT:  []
OUT_PORT:  []
DATA_MEM:  [394, 183]
---------------------------------------
DEBUG    root:machine.py:309 JGE 22
TICK: 19057 PC:   4 ADDR:   0 MEM_OUT: 394 ACC: 394 BUFF: 393 DC: 0 FLAG_ZERO: False FLAG_LT: 1 FLAG_GT: 0
INPUT_PORT:  []
OUT_PORT:  []
DATA_MEM:  [394, 183]
---------------------------------------
DEBUG    root:machine.py:309 LD 0
TICK: 19060 PC:   5 ADDR:   0 MEM_OUT: 394 ACC: 394 BUFF: 393 DC: 0 FLAG_ZERO: False FLAG_LT: 1 FLAG_GT: 0
INPUT_PORT:  []
OUT_PORT:  []
DATA_MEM:  [394, 183]
---------------------------------------
DEBUG    root:machine.py:309 MOD 3
TICK: 19064 PC:   6 ADDR:   0 MEM_OUT: 394 ACC: 394 BUFF: 393 DC: 0 FLAG_ZERO: False FLAG_LT: 1 FLAG_GT: 0
INPUT_PORT:  []
OUT_PORT:  []
DATA_MEM:  [394, 183]
---------------------------------------
DEBUG    root:machine.py:309 CMP 0
TICK: 19068 PC:   7 ADDR:   0 MEM_OUT: 394 ACC: 1 BUFF: 394 DC: 0 FLAG_ZERO: False FLAG_LT: 1 FLAG_GT: 0
INPUT_PORT:  []
OUT_PORT:  []
DATA_MEM:  [394, 183]
---------------------------------------
DEBUG    root:machine.py:309 JE 14
TICK: 19071 PC:   8 ADDR:   0 MEM_OUT: 394 ACC: 1 BUFF: 394 DC: 0 FLAG_ZERO: False FLAG_LT: 0 FLAG_GT: 1
INPUT_PORT:  []
OUT_PORT:  []
DATA_MEM:  [394, 183]
---------------------------------------
DEBUG    root:machine.py:309 LD 0
TICK: 19074 PC:   9 ADDR:   0 MEM_OUT: 394 ACC: 1 BUFF: 394 DC: 0 FLAG_ZERO: False FLAG_LT: 0 FLAG_GT: 1
INPUT_PORT:  []
OUT_PORT:  []
DATA_MEM:  [394, 183]
---------------------------------------
DEBUG    root:machine.py:309 MOD 5
TICK: 19078 PC:  10 ADDR:   0 MEM_OUT: 394 ACC: 394 BUFF: 394 DC: 0 FLAG_ZERO: False FLAG_LT: 0 FLAG_GT: 1
INPUT_PORT:  []
OUT_PORT:  []
DATA_MEM:  [394, 183]
---------------------------------------
DEBUG    root:machine.py:309 CMP 0
TICK: 19082 PC:  11 ADDR:   0 MEM_OUT: 394 ACC: 4 BUFF: 394 DC: 0 FLAG_ZERO: False FLAG_LT: 0 FLAG_GT: 1
INPUT_PORT:  []
OUT_PORT:  []
DATA_MEM:  [394, 183]
---------------------------------------
DEBUG    root:machine.py:309 JE 18
TICK: 19085 PC:  12 ADDR:   0 MEM_OUT: 394 ACC: 4 BUFF: 394 DC: 0 FLAG_ZERO: False FLAG_LT: 0 FLAG_GT: 1
INPUT_PORT:  []
OUT_PORT:  []
DATA_MEM:  [394, 183]
---------------------------------------
DEBUG    root:machine.py:309 JMP 0
TICK: 19088 PC:  13 ADDR:   0 MEM_OUT: 394 ACC: 4 BUFF: 394 DC: 0 FLAG_ZERO: False FLAG_LT: 0 FLAG_GT: 1
INPUT_PORT:  []
OUT_PORT:  []
DATA_MEM:  [394, 183]
---------------------------------------
DEBUG    root:machine.py:309 LD 0
TICK: 19091 PC:   0 ADDR:   0 MEM_OUT: 394 ACC: 4 BUFF: 394 DC: 0 FLAG_ZERO: False FLAG_LT: 0 FLAG_GT: 1
INPUT_PORT:  []
OUT_PORT:  []
DATA_MEM:  [394, 183]
---------------------------------------
DEBUG    root:machine.py:309 INC 
TICK: 19095 PC:   1 ADDR:   0 MEM_OUT: 394 ACC: 394 BUFF: 394 DC: 0 FLAG_ZERO: False FLAG_LT: 0 FLAG_GT: 1
INPUT_PORT:  []
OUT_PORT:  []
DATA_MEM:  [394, 183]
---------------------------------------
DEBUG    root:machine.py:309 ST 0
TICK: 19098 PC:   2 ADDR:   0 MEM_OUT: 394 ACC: 395 BUFF: 394 DC: 0 FLAG_ZERO: False FLAG_LT: 0 FLAG_GT: 1
INPUT_PORT:  []
OUT_PORT:  []
DATA_MEM:  [394, 183]
---------------------------------------
DEBUG    root:machine.py:309 CMP 1000
TICK: 19102 PC:   3 ADDR:   0 MEM_OUT: 395 ACC: 395 BUFF: 394 DC: 0 FLAG_ZERO: False FLAG_LT: 0 FLAG_GT: 1
INPUT_PORT:  []
OUT_PORT:  []
DATA_MEM:  [395, 183]
---------------------------------------
DEBUG    root:machine.py:309 JGE 22
TICK: 19105 PC:   4 ADDR:   0 MEM_OUT: 395 ACC: 395 BUFF: 394 DC: 0 FLAG_ZERO: False FLAG_LT: 1 FLAG_GT: 0
INPUT_PORT:  []
OUT_PORT:  []
DATA_MEM:  [395, 183]
---------------------------------------
DEBUG    root:machine.py:309 LD 0
TICK: 19108 PC:   5 ADDR:   0 MEM_OUT: 395 ACC: 395 BUFF: 394 DC: 0 FLAG_ZERO: False FLAG_LT: 1 FLAG_GT: 0
INPUT_PORT:  []
OUT_PORT:  []
DATA_MEM:  [395, 183]
---------------------------------------
DEBUG    root:machine.py:309 MOD 3
TICK: 19112 PC:   6 ADDR:   0 MEM_OUT: 395 ACC: 395 BUFF: 394 DC: 0 FLAG_ZERO: False FLAG_LT: 1 FLAG_GT: 0
INPUT_PORT:  []
OUT_PORT:  []
DATA_MEM:  [395, 183]
---------------------------------------
DEBUG    root:machine.py:309 CMP 0
TICK: 19116 PC:   7 ADDR:   0 MEM_OUT: 395 ACC: 2 BUFF: 395 DC: 0 FLAG_ZERO: False FLAG_LT: 1 FLAG_GT: 0
INPUT_PORT:  []
OUT_PORT:  []
DATA_MEM:  [395, 183]
---------------------------------------
DEBUG    root:machine.py:309 JE 14
TICK: 19119 PC:   8 ADDR:   0 MEM_OUT: 395 ACC: 2 BUFF: 395 DC: 0 FLAG_ZERO: False FLAG_LT: 0 FLAG_GT: 1
INPUT_PORT:  []
OUT_PORT:  []
DATA_MEM:  [395, 183]
---------------------------------------
DEBUG    root:machine.py:309 LD 0
TICK: 19122 PC:   9 ADDR:   0 MEM_OUT: 395 ACC: 2 BUFF: 395 DC: 0 FLAG_ZERO: False FLAG_LT: 0 FLAG_GT: 1
INPUT_PORT:  []
OUT_PORT:  []
DATA_MEM:  [395, 183]
---------------------------------------
DEBUG    root:machine.py:309 MOD 5
TICK: 19126 PC:  10 ADDR:   0 MEM_OUT: 395 ACC: 395 BUFF: 395 DC: 0 FLAG_ZERO: False FLAG_LT: 0 FLAG_GT: 1
INPUT_PORT:  []
OUT_PORT:  []
DATA_MEM:  [395, 183]
---------------------------------------
DEBUG    root:machine.py:309 CMP 0
TICK: 19130 PC:  11 ADDR:   0 MEM_OUT: 395 ACC: 0 BUFF: 395 DC: 0 FLAG_ZERO: False FLAG_LT: 0 FLAG_GT: 1
INPUT_PORT:  []
OUT_PORT:  []
DATA_MEM:  [395, 183]
---------------------------------------
DEBUG    root:machine.py:309 JE 18
TICK: 19133 PC:  12 ADDR:   0 MEM_OUT: 395 ACC: 0 BUFF: 395 DC: 0 FLAG_ZERO: True FLAG_LT: 0 FLAG_GT: 0
INPUT_PORT:  []
OUT_PORT:  []
DATA_MEM:  [395, 183]
---------------------------------------
DEBUG    root:machine.py:309 LD 4
TICK: 19136 PC:  18 ADDR:   0 MEM_OUT: 395 ACC: 0 BUFF: 395 DC: 0 FLAG_ZERO: True FLAG_LT: 0 FLAG_GT: 0
INPUT_PORT:  []
OUT_PORT:  []
DATA_MEM:  [395, 183]
---------------------------------------
DEBUG    root:machine.py:309 INC 
TICK: 19140 PC:  19 ADDR:   1 MEM_OUT: 183 ACC: 183 BUFF: 395 DC: 0 FLAG_ZERO: True FLAG_LT: 0 FLAG_GT: 0
INPUT_PORT:  []
OUT_PORT:  []
DATA_MEM:  [395, 183]
---------------------------------------
DEBUG    root:machine.py:309 ST 4
TICK: 19143 PC:  20 ADDR:   1 MEM_OUT: 183 ACC: 184 BUFF: 395 DC: 0 FLAG_ZERO: True FLAG_LT: 0 FLAG_GT: 0
INPUT_PORT:  []
OUT_PORT:  []
DATA_MEM:  [395, 183]
---------------------------------------
DEBUG    root:machine.py:309 JMP 0
TICK: 19147 PC:  21 ADDR:   1 MEM_OUT: 184 ACC: 184 BUFF: 395 DC: 0 FLAG_ZERO: True FLAG_LT: 0 FLAG_GT: 0
INPUT_PORT:  []
OUT_PORT:  []
DATA_MEM:  [395, 184]
---------------------------------------
DEBUG    root:machine.py:309 LD 0
TICK: 19150 PC:   0 ADDR:   1 MEM_OUT: 184 ACC: 184 BUFF: 395 DC: 0 FLAG_ZERO: True FLAG_LT: 0 FLAG_GT: 0
INPUT_PORT:  []
OUT_PORT:  []
DATA_MEM:  [395, 184]
---------------------------------------
DEBUG    root:machine.py:309 INC 
TICK: 19154 PC:   1 ADDR:   0 MEM_OUT: 395 ACC: 395 BUFF: 395 DC: 0 FLAG_ZERO: True FLAG_LT: 0 FLAG_GT: 0
INPUT_PORT:  []
OUT_PORT:  []
DATA_MEM:  [395, 184]
---------------------------------------
DEBUG    root:machine.py:309 ST 0
TICK: 19157 PC:   2 ADDR:   0 MEM_OUT: 395 ACC: 396 BUFF: 395 DC: 0 FLAG_ZERO: True FLAG_LT: 0 FLAG_GT: 0
INPUT_PORT:  []
OUT_PORT:  []
DATA_MEM:  [395, 184]
---------------------------------------
DEBUG    root:machine.py:309 CMP 1000
TICK: 19161 PC:   3 ADDR:   0 MEM_OUT: 396 ACC: 396 BUFF: 395 DC: 0 FLAG_ZERO: True FLAG_LT: 0 FLAG_GT: 0
INPUT_PORT:  []
OUT_PORT:  []
DATA_MEM:  [396, 184]
---------------------------------------
DEBUG    root:machine.py:309 JGE 22
TICK: 19164 PC:   4 ADDR:   0 MEM_OUT: 396 ACC: 396 BUFF: 395 DC: 0 FLAG_ZERO: False FLAG_LT: 1 FLAG_GT: 0
INPUT_PORT:  []
OUT_PORT:  []
DATA_MEM:  [396, 184]
---------------------------------------
DEBUG    root:machine.py:309 LD 0
TICK: 19167 PC:   5 ADDR:   0 MEM_OUT: 396 ACC: 396 BUFF: 395 DC: 0 FLAG_ZERO: False FLAG_LT: 1 FLAG_GT: 0
INPUT_PORT:  []
OUT_PORT:  []
DATA_MEM:  [396, 184]
---------------------------------------
DEBUG    root:machine.py:309 MOD 3
TICK: 19171 PC:   6 ADDR:   0 MEM_OUT: 396 ACC: 396 BUFF: 395 DC: 0 FLAG_ZERO: False FLAG_LT: 1 FLAG_GT: 0
INPUT_PORT:  []
OUT_PORT:  []
DATA_MEM:  [396, 184]
---------------------------------------
DEBUG    root:machine.py:309 CMP 0
TICK: 19175 PC:   7 ADDR:   0 MEM_OUT: 396 ACC: 0 BUFF: 396 DC: 0 FLAG_ZERO: False FLAG_LT: 1 FLAG_GT: 0
INPUT_PORT:  []
OUT_PORT:  []
DATA_MEM:  [396, 184]
---------------------------------------
DEBUG    root:machine.py:309 JE 14
TICK: 19178 PC:   8 ADDR:   0 MEM_OUT: 396 ACC: 0 BUFF: 396 DC: 0 FLAG_ZERO: True FLAG_LT: 0 FLAG_GT: 0
INPUT_PORT:  []
OUT_PORT:  []
DATA_MEM:  [396, 184]
---------------------------------------
DEBUG    root:machine.py:309 LD 4
TICK: 19181 PC:  14 ADDR:   0 MEM_OUT: 396 ACC: 0 BUFF: 396 DC: 0 FLAG_ZERO: True FLAG_LT: 0 FLAG_GT: 0
INPUT_PORT:  []
OUT_PORT:  []
DATA_MEM:  [396, 184]
---------------------------------------
DEBUG    root:machine.py:309 INC 
TICK: 19185 PC:  15 ADDR:   1 MEM_OUT: 184 ACC: 184 BUFF: 396 DC: 0 FLAG_ZERO: True FLAG_LT: 0 FLAG_GT: 0
INPUT_PORT:  []
OUT_PORT:  []
DATA_MEM:  [396, 184]
---------------------------------------
DEBUG    root:machine.py:309 ST 4
TICK: 19188 PC:  16 ADDR:   1 MEM_OUT: 184 ACC: 185 BUFF: 396 DC: 0 FLAG_ZERO: True FLAG_LT: 0 FLAG_GT: 0
INPUT_PORT:  []
OUT_PORT:  []
DATA_MEM:  [396, 184]
---------------------------------------
DEBUG    root:machine.py:309 JMP 0
TICK: 19192 PC:  17 ADDR:   1 MEM_OUT: 185 ACC: 185 BUFF: 396 DC: 0 FLAG_ZERO: True FLAG_LT: 0 FLAG_GT: 0
INPUT_PORT:  []
OUT_PORT:  []
DATA_MEM:  [396, 185]
---------------------------------------
DEBUG    root:machine.py:309 LD 0
TICK: 19195 PC:   0 ADDR:   1 MEM_OUT: 185 ACC: 185 BUFF: 396 DC: 0 FLAG_ZERO: True FLAG_LT: 0 FLAG_GT: 0
INPUT_PORT:  []
OUT_PORT:  []
DATA_MEM:  [396, 185]
---------------------------------------
DEBUG    root:machine.py:309 INC 
TICK: 19199 PC:   1 ADDR:   0 MEM_OUT: 396 ACC: 396 BUFF: 396 DC: 0 FLAG_ZERO: True FLAG_LT: 0 FLAG_GT: 0
INPUT_PORT:  []
OUT_PORT:  []
DATA_MEM:  [396, 185]
---------------------------------------
DEBUG    root:machine.py:309 ST 0
TICK: 19202 PC:   2 ADDR:   0 MEM_OUT: 396 ACC: 397 BUFF: 396 DC: 0 FLAG_ZERO: True FLAG_LT: 0 FLAG_GT: 0
INPUT_PORT:  []
OUT_PORT:  []
DATA_MEM:  [396, 185]
---------------------------------------
DEBUG    root:machine.py:309 CMP 1000
TICK: 19206 PC:   3 ADDR:   0 MEM_OUT: 397 ACC: 397 BUFF: 396 DC: 0 FLAG_ZERO: True FLAG_LT: 0 FLAG_GT: 0
INPUT_PORT:  []
OUT_PORT:  []
DATA_MEM:  [397, 185]
---------------------------------------
DEBUG    root:machine.py:309 JGE 22
TICK: 19209 PC:   4 ADDR:   0 MEM_OUT: 397 ACC: 397 BUFF: 396 DC: 0 FLAG_ZERO: False FLAG_LT: 1 FLAG_GT: 0
INPUT_PORT:  []
OUT_PORT:  []
DATA_MEM:  [397, 185]
---------------------------------------
DEBUG    root:machine.py:309 LD 0
TICK: 19212 PC:   5 ADDR:   0 MEM_OUT: 397 ACC: 397 BUFF: 396 DC: 0 FLAG_ZERO: False FLAG_LT: 1 FLAG_GT: 0
INPUT_PORT:  []
OUT_PORT:  []
DATA_MEM:  [397, 185]
---------------------------------------
DEBUG    root:machine.py:309 MOD 3
TICK: 19216 PC:   6 ADDR:   0 MEM_OUT: 397 ACC: 397 BUFF: 396 DC: 0 FLAG_ZERO: False FLAG_LT: 1 FLAG_GT: 0
INPUT_PORT:  []
OUT_PORT:  []
DATA_MEM:  [397, 185]
---------------------------------------
DEBUG    root:machine.py:309 CMP 0
TICK: 19220 PC:   7 ADDR:   0 MEM_OUT: 397 ACC: 1 BUFF: 397 DC: 0 FLAG_ZERO: False FLAG_LT: 1 FLAG_GT: 0
INPUT_PORT:  []
OUT_PORT:  []
DATA_MEM:  [397, 185]
---------------------------------------
DEBUG    root:machine.py:309 JE 14
TICK: 19223 PC:   8 ADDR:   0 MEM_OUT: 397 ACC: 1 BUFF: 397 DC: 0 FLAG_ZERO: False FLAG_LT: 0 FLAG_GT: 1
INPUT_PORT:  []
OUT_PORT:  []
DATA_MEM:  [397, 185]
---------------------------------------
DEBUG    root:machine.py:309 LD 0
TICK: 19226 PC:   9 ADDR:   0 MEM_OUT: 397 ACC: 1 BUFF: 397 DC: 0 FLAG_ZERO: False FLAG_LT: 0 FLAG_GT: 1
INPUT_PORT:  []
OUT_PORT:  []
DATA_MEM:  [397, 185]
---------------------------------------
DEBUG    root:machine.py:309 MOD 5
TICK: 19230 PC:  10 ADDR:   0 MEM_OUT: 397 ACC: 397 BUFF: 397 DC: 0 FLAG_ZERO: False FLAG_LT: 0 FLAG_GT: 1
INPUT_PORT:  []
OUT_PORT:  []
DATA_MEM:  [397, 185]
---------------------------------------
DEBUG    root:machine.py:309 CMP 0
TICK: 19234 PC:  11 ADDR:   0 MEM_OUT: 397 ACC: 2 BUFF: 397 DC: 0 FLAG_ZERO: False FLAG_LT: 0 FLAG_GT: 1
INPUT_PORT:  []
OUT_PORT:  []
DATA_MEM:  [397, 185]
---------------------------------------
DEBUG    root:machine.py:309 JE 18
TICK: 19237 PC:  12 ADDR:   0 MEM_OUT: 397 ACC: 2 BUFF: 397 DC: 0 FLAG_ZERO: False FLAG_LT: 0 FLAG_GT: 1
INPUT_PORT:  []
OUT_PORT:  []
DATA_MEM:  [397, 185]
---------------------------------------
DEBUG    root:machine.py:309 JMP 0
TICK: 19240 PC:  13 ADDR:   0 MEM_OUT: 397 ACC: 2 BUFF: 397 DC: 0 FLAG_ZERO: False FLAG_LT: 0 FLAG_GT: 1
INPUT_PORT:  []
OUT_PORT:  []
DATA_MEM:  [397, 185]
---------------------------------------
DEBUG    root:machine.py:309 LD 0
TICK: 19243 PC:   0 ADDR:   0 MEM_OUT: 397 ACC: 2 BUFF: 397 DC: 0 FLAG_ZERO: False FLAG_LT: 0 FLAG_GT: 1
INPUT_PORT:  []
OUT_PORT:  []
DATA_MEM:  [397, 185]
---------------------------------------
DEBUG    root:machine.py:309 INC 
TICK: 19247 PC:   1 ADDR:   0 MEM_OUT: 397 ACC: 397 BUFF: 397 DC: 0 FLAG_ZERO: False FLAG_LT: 0 FLAG_GT: 1
INPUT_PORT:  []
OUT_PORT:  []
DATA_MEM:  [397, 185]
---------------------------------------
DEBUG    root:machine.py:309 ST 0
TICK: 19250 PC:   2 ADDR:   0 MEM_OUT: 397 ACC: 398 BUFF: 397 DC: 0 FLAG_ZERO: False FLAG_LT: 0 FLAG_GT: 1
INPUT_PORT:  []
OUT_PORT:  []
DATA_MEM:  [397, 185]
---------------------------------------
DEBUG    root:machine.py:309 CMP 1000
TICK: 19254 PC:   3 ADDR:   0 MEM_OUT: 398 ACC: 398 BUFF: 397 DC: 0 FLAG_ZERO: False FLAG_LT: 0 FLAG_GT: 1
INPUT_PORT:  []
OUT_PORT:  []
DATA_MEM:  [398, 185]
---------------------------------------
DEBUG    root:machine.py:309 JGE 22
TICK: 19257 PC:   4 ADDR:   0 MEM_OUT: 398 ACC: 398 BUFF: 397 DC: 0 FLAG_ZERO: False FLAG_LT: 1 FLAG_GT: 0
INPUT_PORT:  []
OUT_PORT:  []
DATA_MEM:  [398, 185]
---------------------------------------
DEBUG    root:machine.py:309 LD 0
TICK: 19260 PC:   5 ADDR:   0 MEM_OUT: 398 ACC: 398 BUFF: 397 DC: 0 FLAG_ZERO: False FLAG_LT: 1 FLAG_GT: 0
INPUT_PORT:  []
OUT_PORT:  []
DATA_MEM:  [398, 185]
---------------------------------------
DEBUG    root:machine.py:309 MOD 3
TICK: 19264 PC:   6 ADDR:   0 MEM_OUT: 398 ACC: 398 BUFF: 397 DC: 0 FLAG_ZERO: False FLAG_LT: 1 FLAG_GT: 0
INPUT_PORT:  []
OUT_PORT:  []
DATA_MEM:  [398, 185]
---------------------------------------
DEBUG    root:machine.py:309 CMP 0
TICK: 19268 PC:   7 ADDR:   0 MEM_OUT: 398 ACC: 2 BUFF: 398 DC: 0 FLAG_ZERO: False FLAG_LT: 1 FLAG_GT: 0
INPUT_PORT:  []
OUT_PORT:  []
DATA_MEM:  [398, 185]
---------------------------------------
DEBUG    root:machine.py:309 JE 14
TICK: 19271 PC:   8 ADDR:   0 MEM_OUT: 398 ACC: 2 BUFF: 398 DC: 0 FLAG_ZERO: False FLAG_LT: 0 FLAG_GT: 1
INPUT_PORT:  []
OUT_PORT:  []
DATA_MEM:  [398, 185]
---------------------------------------
DEBUG    root:machine.py:309 LD 0
TICK: 19274 PC:   9 ADDR:   0 MEM_OUT: 398 ACC: 2 BUFF: 398 DC: 0 FLAG_ZERO: False FLAG_LT: 0 FLAG_GT: 1
INPUT_PORT:  []
OUT_PORT:  []
DATA_MEM:  [398, 185]
---------------------------------------
DEBUG    root:machine.py:309 MOD 5
TICK: 19278 PC:  10 ADDR:   0 MEM_OUT: 398 ACC: 398 BUFF: 398 DC: 0 FLAG_ZERO: False FLAG_LT: 0 FLAG_GT: 1
INPUT_PORT:  []
OUT_PORT:  []
DATA_MEM:  [398, 185]
---------------------------------------
DEBUG    root:machine.py:309 CMP 0
TICK: 19282 PC:  11 ADDR:   0 MEM_OUT: 398 ACC: 3 BUFF: 398 DC: 0 FLAG_ZERO: False FLAG_LT: 0 FLAG_GT: 1
INPUT_PORT:  []
OUT_PORT:  []
DATA_MEM:  [398, 185]
---------------------------------------
DEBUG    root:machine.py:309 JE 18
TICK: 19285 PC:  12 ADDR:   0 MEM_OUT: 398 ACC: 3 BUFF: 398 DC: 0 FLAG_ZERO: False FLAG_LT: 0 FLAG_GT: 1
INPUT_PORT:  []
OUT_PORT:  []
DATA_MEM:  [398, 185]
---------------------------------------
DEBUG    root:machine.py:309 JMP 0
TICK: 19288 PC:  13 ADDR:   0 MEM_OUT: 398 ACC: 3 BUFF: 398 DC: 0 FLAG_ZERO: False FLAG_LT: 0 FLAG_GT: 1
INPUT_PORT:  []
OUT_PORT:  []
DATA_MEM:  [398, 185]
---------------------------------------
DEBUG    root:machine.py:309 LD 0
TICK: 19291 PC:   0 ADDR:   0 MEM_OUT: 398 ACC: 3 BUFF: 398 DC: 0 FLAG_ZERO: False FLAG_LT: 0 FLAG_GT: 1
INPUT_PORT:  []
OUT_PORT:  []
DATA_MEM:  [398, 185]
---------------------------------------
DEBUG    root:machine.py:309 INC 
TICK: 19295 PC:   1 ADDR:   0 MEM_OUT: 398 ACC: 398 BUFF: 398 DC: 0 FLAG_ZERO: False FLAG_LT: 0 FLAG_GT: 1
INPUT_PORT:  []
OUT_PORT:  []
DATA_MEM:  [398, 185]
---------------------------------------
DEBUG    root:machine.py:309 ST 0
TICK: 19298 PC:   2 ADDR:   0 MEM_OUT: 398 ACC: 399 BUFF: 398 DC: 0 FLAG_ZERO: False FLAG_LT: 0 FLAG_GT: 1
INPUT_PORT:  []
OUT_PORT:  []
DATA_MEM:  [398, 185]
---------------------------------------
DEBUG    root:machine.py:309 CMP 1000
TICK: 19302 PC:   3 ADDR:   0 MEM_OUT: 399 ACC: 399 BUFF: 398 DC: 0 FLAG_ZERO: False FLAG_LT: 0 FLAG_GT: 1
INPUT_PORT:  []
OUT_PORT:  []
DATA_MEM:  [399, 185]
---------------------------------------
DEBUG    root:machine.py:309 JGE 22
TICK: 19305 PC:   4 ADDR:   0 MEM_OUT: 399 ACC: 399 BUFF: 398 DC: 0 FLAG_ZERO: False FLAG_LT: 1 FLAG_GT: 0
INPUT_PORT:  []
OUT_PORT:  []
DATA_MEM:  [399, 185]
---------------------------------------
DEBUG    root:machine.py:309 LD 0
TICK: 19308 PC:   5 ADDR:   0 MEM_OUT: 399 ACC: 399 BUFF: 398 DC: 0 FLAG_ZERO: False FLAG_LT: 1 FLAG_GT: 0
INPUT_PORT:  []
OUT_PORT:  []
DATA_MEM:  [399, 185]
---------------------------------------
DEBUG    root:machine.py:309 MOD 3
TICK: 19312 PC:   6 ADDR:   0 MEM_OUT: 399 ACC: 399 BUFF: 398 DC: 0 FLAG_ZERO: False FLAG_LT: 1 FLAG_GT: 0
INPUT_PORT:  []
OUT_PORT:  []
DATA_MEM:  [399, 185]
---------------------------------------
DEBUG    root:machine.py:309 CMP 0
TICK: 19316 PC:   7 ADDR:   0 MEM_OUT: 399 ACC: 0 BUFF: 399 DC: 0 FLAG_ZERO: False FLAG_LT: 1 FLAG_GT: 0
INPUT_PORT:  []
OUT_PORT:  []
DATA_MEM:  [399, 185]
---------------------------------------
DEBUG    root:machine.py:309 JE 14
TICK: 19319 PC:   8 ADDR:   0 MEM_OUT: 399 ACC: 0 BUFF: 399 DC: 0 FLAG_ZERO: True FLAG_LT: 0 FLAG_GT: 0
INPUT_PORT:  []
OUT_PORT:  []
DATA_MEM:  [399, 185]
---------------------------------------
DEBUG    root:machine.py:309 LD 4
TICK: 19322 PC:  14 ADDR:   0 MEM_OUT: 399 ACC: 0 BUFF: 399 DC: 0 FLAG_ZERO: True FLAG_LT: 0 FLAG_GT: 0
INPUT_PORT:  []
OUT_PORT:  []
DATA_MEM:  [399, 185]
---------------------------------------
DEBUG    root:machine.py:309 INC 
TICK: 19326 PC:  15 ADDR:   1 MEM_OUT: 185 ACC: 185 BUFF: 399 DC: 0 FLAG_ZERO: True FLAG_LT: 0 FLAG_GT: 0
INPUT_PORT:  []
OUT_PORT:  []
DATA_MEM:  [399, 185]
---------------------------------------
DEBUG    root:machine.py:309 ST 4
TICK: 19329 PC:  16 ADDR:   1 MEM_OUT: 185 ACC: 186 BUFF: 399 DC: 0 FLAG_ZERO: True FLAG_LT: 0 FLAG_GT: 0
INPUT_PORT:  []
OUT_PORT:  []
DATA_MEM:  [399, 185]
---------------------------------------
DEBUG    root:machine.py:309 JMP 0
TICK: 19333 PC:  17 ADDR:   1 MEM_OUT: 186 ACC: 186 BUFF: 399 DC: 0 FLAG_ZERO: True FLAG_LT: 0 FLAG_GT: 0
INPUT_PORT:  []
OUT_PORT:  []
DATA_MEM:  [399, 186]
---------------------------------------
DEBUG    root:machine.py:309 LD 0
TICK: 19336 PC:   0 ADDR:   1 MEM_OUT: 186 ACC: 186 BUFF: 399 DC: 0 FLAG_ZERO: True FLAG_LT: 0 FLAG_GT: 0
INPUT_PORT:  []
OUT_PORT:  []
DATA_MEM:  [399, 186]
---------------------------------------
DEBUG    root:machine.py:309 INC 
TICK: 19340 PC:   1 ADDR:   0 MEM_OUT: 399 ACC: 399 BUFF: 399 DC: 0 FLAG_ZERO: True FLAG_LT: 0 FLAG_GT: 0
INPUT_PORT:  []
OUT_PORT:  []
DATA_MEM:  [399, 186]
---------------------------------------
DEBUG    root:machine.py:309 ST 0
TICK: 19343 PC:   2 ADDR:   0 MEM_OUT: 399 ACC: 400 BUFF: 399 DC: 0 FLAG_ZERO: True FLAG_LT: 0 FLAG_GT: 0
INPUT_PORT:  []
OUT_PORT:  []
DATA_MEM:  [399, 186]
---------------------------------------
DEBUG    root:machine.py:309 CMP 1000
TICK: 19347 PC:   3 ADDR:   0 MEM_OUT: 400 ACC: 400 BUFF: 399 DC: 0 FLAG_ZERO: True FLAG_LT: 0 FLAG_GT: 0
INPUT_PORT:  []
OUT_PORT:  []
DATA_MEM:  [400, 186]
---------------------------------------
DEBUG    root:machine.py:309 JGE 22
TICK: 19350 PC:   4 ADDR:   0 MEM_OUT: 400 ACC: 400 BUFF: 399 DC: 0 FLAG_ZERO: False FLAG_LT: 1 FLAG_GT: 0
INPUT_PORT:  []
OUT_PORT:  []
DATA_MEM:  [400, 186]
---------------------------------------
DEBUG    root:machine.py:309 LD 0
TICK: 19353 PC:   5 ADDR:   0 MEM_OUT: 400 ACC: 400 BUFF: 399 DC: 0 FLAG_ZERO: False FLAG_LT: 1 FLAG_GT: 0
INPUT_PORT:  []
OUT_PORT:  []
DATA_MEM:  [400, 186]
---------------------------------------
DEBUG    root:machine.py:309 MOD 3
TICK: 19357 PC:   6 ADDR:   0 MEM_OUT: 400 ACC: 400 BUFF: 399 DC: 0 FLAG_ZERO: False FLAG_LT: 1 FLAG_GT: 0
INPUT_PORT:  []
OUT_PORT:  []
DATA_MEM:  [400, 186]
---------------------------------------
DEBUG    root:machine.py:309 CMP 0
TICK: 19361 PC:   7 ADDR:   0 MEM_OUT: 400 ACC: 1 BUFF: 400 DC: 0 FLAG_ZERO: False FLAG_LT: 1 FLAG_GT: 0
INPUT_PORT:  []
OUT_PORT:  []
DATA_MEM:  [400, 186]
---------------------------------------
DEBUG    root:machine.py:309 JE 14
TICK: 19364 PC:   8 ADDR:   0 MEM_OUT: 400 ACC: 1 BUFF: 400 DC: 0 FLAG_ZERO: False FLAG_LT: 0 FLAG_GT: 1
INPUT_PORT:  []
OUT_PORT:  []
DATA_MEM:  [400, 186]
---------------------------------------
DEBUG    root:machine.py:309 LD 0
TICK: 19367 PC:   9 ADDR:   0 MEM_OUT: 400 ACC: 1 BUFF: 400 DC: 0 FLAG_ZERO: False FLAG_LT: 0 FLAG_GT: 1
INPUT_PORT:  []
OUT_PORT:  []
DATA_MEM:  [400, 186]
---------------------------------------
DEBUG    root:machine.py:309 MOD 5
TICK: 19371 PC:  10 ADDR:   0 MEM_OUT: 400 ACC: 400 BUFF: 400 DC: 0 FLAG_ZERO: False FLAG_LT: 0 FLAG_GT: 1
INPUT_PORT:  []
OUT_PORT:  []
DATA_MEM:  [400, 186]
---------------------------------------
DEBUG    root:machine.py:309 CMP 0
TICK: 19375 PC:  11 ADDR:   0 MEM_OUT: 400 ACC: 0 BUFF: 400 DC: 0 FLAG_ZERO: False FLAG_LT: 0 FLAG_GT: 1
INPUT_PORT:  []
OUT_PORT:  []
DATA_MEM:  [400, 186]
---------------------------------------
DEBUG    root:machine.py:309 JE 18
TICK: 19378 PC:  12 ADDR:   0 MEM_OUT: 400 ACC: 0 BUFF: 400 DC: 0 FLAG_ZERO: True FLAG_LT: 0 FLAG_GT: 0
INPUT_PORT:  []
OUT_PORT:  []
DATA_MEM:  [400, 186]
---------------------------------------
DEBUG    root:machine.py:309 LD 4
TICK: 19381 PC:  18 ADDR:   0 MEM_OUT: 400 ACC: 0 BUFF: 400 DC: 0 FLAG_ZERO: True FLAG_LT: 0 FLAG_GT: 0
INPUT_PORT:  []
OUT_PORT:  []
DATA_MEM:  [400, 186]
---------------------------------------
DEBUG    root:machine.py:309 INC 
TICK: 19385 PC:  19 ADDR:   1 MEM_OUT: 186 ACC: 186 BUFF: 400 DC: 0 FLAG_ZERO: True FLAG_LT: 0 FLAG_GT: 0
INPUT_PORT:  []
OUT_PORT:  []
DATA_MEM:  [400, 186]
---------------------------------------
DEBUG    root:machine.py:309 ST 4
TICK: 19388 PC:  20 ADDR:   1 MEM_OUT: 186 ACC: 187 BUFF: 400 DC: 0 FLAG_ZERO: True FLAG_LT: 0 FLAG_GT: 0
INPUT_PORT:  []
OUT_PORT:  []
DATA_MEM:  [400, 186]
---------------------------------------
DEBUG    root:machine.py:309 JMP 0
TICK: 19392 PC:  21 ADDR:   1 MEM_OUT: 187 ACC: 187 BUFF: 400 DC: 0 FLAG_ZERO: True FLAG_LT: 0 FLAG_GT: 0
INPUT_PORT:  []
OUT_PORT:  []
DATA_MEM:  [400, 187]
---------------------------------------
DEBUG    root:machine.py:309 LD 0
TICK: 19395 PC:   0 ADDR:   1 MEM_OUT: 187 ACC: 187 BUFF: 400 DC: 0 FLAG_ZERO: True FLAG_LT: 0 FLAG_GT: 0
INPUT_PORT:  []
OUT_PORT:  []
DATA_MEM:  [400, 187]
---------------------------------------
DEBUG    root:machine.py:309 INC 
TICK: 19399 PC:   1 ADDR:   0 MEM_OUT: 400 ACC: 400 BUFF: 400 DC: 0 FLAG_ZERO: True FLAG_LT: 0 FLAG_GT: 0
INPUT_PORT:  []
OUT_PORT:  []
DATA_MEM:  [400, 187]
---------------------------------------
DEBUG    root:machine.py:309 ST 0
TICK: 19402 PC:   2 ADDR:   0 MEM_OUT: 400 ACC: 401 BUFF: 400 DC: 0 FLAG_ZERO: True FLAG_LT: 0 FLAG_GT: 0
INPUT_PORT:  []
OUT_PORT:  []
DATA_MEM:  [400, 187]
---------------------------------------
DEBUG    root:machine.py:309 CMP 1000
TICK: 19406 PC:   3 ADDR:   0 MEM_OUT: 401 ACC: 401 BUFF: 400 DC: 0 FLAG_ZERO: True FLAG_LT: 0 FLAG_GT: 0
INPUT_PORT:  []
OUT_PORT:  []
DATA_MEM:  [401, 187]
---------------------------------------
DEBUG    root:machine.py:309 JGE 22
TICK: 19409 PC:   4 ADDR:   0 MEM_OUT: 401 ACC: 401 BUFF: 400 DC: 0 FLAG_ZERO: False FLAG_LT: 1 FLAG_GT: 0
INPUT_PORT:  []
OUT_PORT:  []
DATA_MEM:  [401, 187]
---------------------------------------
DEBUG    root:machine.py:309 LD 0
TICK: 19412 PC:   5 ADDR:   0 MEM_OUT: 401 ACC: 401 BUFF: 400 DC: 0 FLAG_ZERO: False FLAG_LT: 1 FLAG_GT: 0
INPUT_PORT:  []
OUT_PORT:  []
DATA_MEM:  [401, 187]
---------------------------------------
DEBUG    root:machine.py:309 MOD 3
TICK: 19416 PC:   6 ADDR:   0 MEM_OUT: 401 ACC: 401 BUFF: 400 DC: 0 FLAG_ZERO: False FLAG_LT: 1 FLAG_GT: 0
INPUT_PORT:  []
OUT_PORT:  []
DATA_MEM:  [401, 187]
---------------------------------------
DEBUG    root:machine.py:309 CMP 0
TICK: 19420 PC:   7 ADDR:   0 MEM_OUT: 401 ACC: 2 BUFF: 401 DC: 0 FLAG_ZERO: False FLAG_LT: 1 FLAG_GT: 0
INPUT_PORT:  []
OUT_PORT:  []
DATA_MEM:  [401, 187]
---------------------------------------
DEBUG    root:machine.py:309 JE 14
TICK: 19423 PC:   8 ADDR:   0 MEM_OUT: 401 ACC: 2 BUFF: 401 DC: 0 FLAG_ZERO: False FLAG_LT: 0 FLAG_GT: 1
INPUT_PORT:  []
OUT_PORT:  []
DATA_MEM:  [401, 187]
---------------------------------------
DEBUG    root:machine.py:309 LD 0
TICK: 19426 PC:   9 ADDR:   0 MEM_OUT: 401 ACC: 2 BUFF: 401 DC: 0 FLAG_ZERO: False FLAG_LT: 0 FLAG_GT: 1
INPUT_PORT:  []
OUT_PORT:  []
DATA_MEM:  [401, 187]
---------------------------------------
DEBUG    root:machine.py:309 MOD 5
TICK: 19430 PC:  10 ADDR:   0 MEM_OUT: 401 ACC: 401 BUFF: 401 DC: 0 FLAG_ZERO: False FLAG_LT: 0 FLAG_GT: 1
INPUT_PORT:  []
OUT_PORT:  []
DATA_MEM:  [401, 187]
---------------------------------------
DEBUG    root:machine.py:309 CMP 0
TICK: 19434 PC:  11 ADDR:   0 MEM_OUT: 401 ACC: 1 BUFF: 401 DC: 0 FLAG_ZERO: False FLAG_LT: 0 FLAG_GT: 1
INPUT_PORT:  []
OUT_PORT:  []
DATA_MEM:  [401, 187]
---------------------------------------
DEBUG    root:machine.py:309 JE 18
TICK: 19437 PC:  12 ADDR:   0 MEM_OUT: 401 ACC: 1 BUFF: 401 DC: 0 FLAG_ZERO: False FLAG_LT: 0 FLAG_GT: 1
INPUT_PORT:  []
OUT_PORT:  []
DATA_MEM:  [401, 187]
---------------------------------------
DEBUG    root:machine.py:309 JMP 0
TICK: 19440 PC:  13 ADDR:   0 MEM_OUT: 401 ACC: 1 BUFF: 401 DC: 0 FLAG_ZERO: False FLAG_LT: 0 FLAG_GT: 1
INPUT_PORT:  []
OUT_PORT:  []
DATA_MEM:  [401, 187]
---------------------------------------
DEBUG    root:machine.py:309 LD 0
TICK: 19443 PC:   0 ADDR:   0 MEM_OUT: 401 ACC: 1 BUFF: 401 DC: 0 FLAG_ZERO: False FLAG_LT: 0 FLAG_GT: 1
INPUT_PORT:  []
OUT_PORT:  []
DATA_MEM:  [401, 187]
---------------------------------------
DEBUG    root:machine.py:309 INC 
TICK: 19447 PC:   1 ADDR:   0 MEM_OUT: 401 ACC: 401 BUFF: 401 DC: 0 FLAG_ZERO: False FLAG_LT: 0 FLAG_GT: 1
INPUT_PORT:  []
OUT_PORT:  []
DATA_MEM:  [401, 187]
---------------------------------------
DEBUG    root:machine.py:309 ST 0
TICK: 19450 PC:   2 ADDR:   0 MEM_OUT: 401 ACC: 402 BUFF: 401 DC: 0 FLAG_ZERO: False FLAG_LT: 0 FLAG_GT: 1
INPUT_PORT:  []
OUT_PORT:  []
DATA_MEM:  [401, 187]
---------------------------------------
DEBUG    root:machine.py:309 CMP 1000
TICK: 19454 PC:   3 ADDR:   0 MEM_OUT: 402 ACC: 402 BUFF: 401 DC: 0 FLAG_ZERO: False FLAG_LT: 0 FLAG_GT: 1
INPUT_PORT:  []
OUT_PORT:  []
DATA_MEM:  [402, 187]
---------------------------------------
DEBUG    root:machine.py:309 JGE 22
TICK: 19457 PC:   4 ADDR:   0 MEM_OUT: 402 ACC: 402 BUFF: 401 DC: 0 FLAG_ZERO: False FLAG_LT: 1 FLAG_GT: 0
INPUT_PORT:  []
OUT_PORT:  []
DATA_MEM:  [402, 187]
---------------------------------------
DEBUG    root:machine.py:309 LD 0
TICK: 19460 PC:   5 ADDR:   0 MEM_OUT: 402 ACC: 402 BUFF: 401 DC: 0 FLAG_ZERO: False FLAG_LT: 1 FLAG_GT: 0
INPUT_PORT:  []
OUT_PORT:  []
DATA_MEM:  [402, 187]
---------------------------------------
DEBUG    root:machine.py:309 MOD 3
TICK: 19464 PC:   6 ADDR:   0 MEM_OUT: 402 ACC: 402 BUFF: 401 DC: 0 FLAG_ZERO: False FLAG_LT: 1 FLAG_GT: 0
INPUT_PORT:  []
OUT_PORT:  []
DATA_MEM:  [402, 187]
---------------------------------------
DEBUG    root:machine.py:309 CMP 0
TICK: 19468 PC:   7 ADDR:   0 MEM_OUT: 402 ACC: 0 BUFF: 402 DC: 0 FLAG_ZERO: False FLAG_LT: 1 FLAG_GT: 0
INPUT_PORT:  []
OUT_PORT:  []
DATA_MEM:  [402, 187]
---------------------------------------
DEBUG    root:machine.py:309 JE 14
TICK: 19471 PC:   8 ADDR:   0 MEM_OUT: 402 ACC: 0 BUFF: 402 DC: 0 FLAG_ZERO: True FLAG_LT: 0 FLAG_GT: 0
INPUT_PORT:  []
OUT_PORT:  []
DATA_MEM:  [402, 187]
---------------------------------------
DEBUG    root:machine.py:309 LD 4
TICK: 19474 PC:  14 ADDR:   0 MEM_OUT: 402 ACC: 0 BUFF: 402 DC: 0 FLAG_ZERO: True FLAG_LT: 0 FLAG_GT: 0
INPUT_PORT:  []
OUT_PORT:  []
DATA_MEM:  [402, 187]
---------------------------------------
DEBUG    root:machine.py:309 INC 
TICK: 19478 PC:  15 ADDR:   1 MEM_OUT: 187 ACC: 187 BUFF: 402 DC: 0 FLAG_ZERO: True FLAG_LT: 0 FLAG_GT: 0
INPUT_PORT:  []
OUT_PORT:  []
DATA_MEM:  [402, 187]
---------------------------------------
DEBUG    root:machine.py:309 ST 4
TICK: 19481 PC:  16 ADDR:   1 MEM_OUT: 187 ACC: 188 BUFF: 402 DC: 0 FLAG_ZERO: True FLAG_LT: 0 FLAG_GT: 0
INPUT_PORT:  []
OUT_PORT:  []
DATA_MEM:  [402, 187]
---------------------------------------
DEBUG    root:machine.py:309 JMP 0
TICK: 19485 PC:  17 ADDR:   1 MEM_OUT: 188 ACC: 188 BUFF: 402 DC: 0 FLAG_ZERO: True FLAG_LT: 0 FLAG_GT: 0
INPUT_PORT:  []
OUT_PORT:  []
DATA_MEM:  [402, 188]
---------------------------------------
DEBUG    root:machine.py:309 LD 0
TICK: 19488 PC:   0 ADDR:   1 MEM_OUT: 188 ACC: 188 BUFF: 402 DC: 0 FLAG_ZERO: True FLAG_LT: 0 FLAG_GT: 0
INPUT_PORT:  []
OUT_PORT:  []
DATA_MEM:  [402, 188]
---------------------------------------
DEBUG    root:machine.py:309 INC 
TICK: 19492 PC:   1 ADDR:   0 MEM_OUT: 402 ACC: 402 BUFF: 402 DC: 0 FLAG_ZERO: True FLAG_LT: 0 FLAG_GT: 0
INPUT_PORT:  []
OUT_PORT:  []
DATA_MEM:  [402, 188]
---------------------------------------
DEBUG    root:machine.py:309 ST 0
TICK: 19495 PC:   2 ADDR:   0 MEM_OUT: 402 ACC: 403 BUFF: 402 DC: 0 FLAG_ZERO: True FLAG_LT: 0 FLAG_GT: 0
INPUT_PORT:  []
OUT_PORT:  []
DATA_MEM:  [402, 188]
---------------------------------------
DEBUG    root:machine.py:309 CMP 1000
TICK: 19499 PC:   3 ADDR:   0 MEM_OUT: 403 ACC: 403 BUFF: 402 DC: 0 FLAG_ZERO: True FLAG_LT: 0 FLAG_GT: 0
INPUT_PORT:  []
OUT_PORT:  []
DATA_MEM:  [403, 188]
---------------------------------------
DEBUG    root:machine.py:309 JGE 22
TICK: 19502 PC:   4 ADDR:   0 MEM_OUT: 403 ACC: 403 BUFF: 402 DC: 0 FLAG_ZERO: False FLAG_LT: 1 FLAG_GT: 0
INPUT_PORT:  []
OUT_PORT:  []
DATA_MEM:  [403, 188]
---------------------------------------
DEBUG    root:machine.py:309 LD 0
TICK: 19505 PC:   5 ADDR:   0 MEM_OUT: 403 ACC: 403 BUFF: 402 DC: 0 FLAG_ZERO: False FLAG_LT: 1 FLAG_GT: 0
INPUT_PORT:  []
OUT_PORT:  []
DATA_MEM:  [403, 188]
---------------------------------------
DEBUG    root:machine.py:309 MOD 3
TICK: 19509 PC:   6 ADDR:   0 MEM_OUT: 403 ACC: 403 BUFF: 402 DC: 0 FLAG_ZERO: False FLAG_LT: 1 FLAG_GT: 0
INPUT_PORT:  []
OUT_PORT:  []
DATA_MEM:  [403, 188]
---------------------------------------
DEBUG    root:machine.py:309 CMP 0
TICK: 19513 PC:   7 ADDR:   0 MEM_OUT: 403 ACC: 1 BUFF: 403 DC: 0 FLAG_ZERO: False FLAG_LT: 1 FLAG_GT: 0
INPUT_PORT:  []
OUT_PORT:  []
DATA_MEM:  [403, 188]
---------------------------------------
DEBUG    root:machine.py:309 JE 14
TICK: 19516 PC:   8 ADDR:   0 MEM_OUT: 403 ACC: 1 BUFF: 403 DC: 0 FLAG_ZERO: False FLAG_LT: 0 FLAG_GT: 1
INPUT_PORT:  []
OUT_PORT:  []
DATA_MEM:  [403, 188]
---------------------------------------
DEBUG    root:machine.py:309 LD 0
TICK: 19519 PC:   9 ADDR:   0 MEM_OUT: 403 ACC: 1 BUFF: 403 DC: 0 FLAG_ZERO: False FLAG_LT: 0 FLAG_GT: 1
INPUT_PORT:  []
OUT_PORT:  []
DATA_MEM:  [403, 188]
---------------------------------------
DEBUG    root:machine.py:309 MOD 5
TICK: 19523 PC:  10 ADDR:   0 MEM_OUT: 403 ACC: 403 BUFF: 403 DC: 0 FLAG_ZERO: False FLAG_LT: 0 FLAG_GT: 1
INPUT_PORT:  []
OUT_PORT:  []
DATA_MEM:  [403, 188]
---------------------------------------
DEBUG    root:machine.py:309 CMP 0
TICK: 19527 PC:  11 ADDR:   0 MEM_OUT: 403 ACC: 3 BUFF: 403 DC: 0 FLAG_ZERO: False FLAG_LT: 0 FLAG_GT: 1
INPUT_PORT:  []
OUT_PORT:  []
DATA_MEM:  [403, 188]
---------------------------------------
DEBUG    root:machine.py:309 JE 18
TICK: 19530 PC:  12 ADDR:   0 MEM_OUT: 403 ACC: 3 BUFF: 403 DC: 0 FLAG_ZERO: False FLAG_LT: 0 FLAG_GT: 1
INPUT_PORT:  []
OUT_PORT:  []
DATA_MEM:  [403, 188]
---------------------------------------
DEBUG    root:machine.py:309 JMP 0
TICK: 19533 PC:  13 ADDR:   0 MEM_OUT: 403 ACC: 3 BUFF: 403 DC: 0 FLAG_ZERO: False FLAG_LT: 0 FLAG_GT: 1
INPUT_PORT:  []
OUT_PORT:  []
DATA_MEM:  [403, 188]
---------------------------------------
DEBUG    root:machine.py:309 LD 0
TICK: 19536 PC:   0 ADDR:   0 MEM_OUT: 403 ACC: 3 BUFF: 403 DC: 0 FLAG_ZERO: False FLAG_LT: 0 FLAG_GT: 1
INPUT_PORT:  []
OUT_PORT:  []
DATA_MEM:  [403, 188]
---------------------------------------
DEBUG    root:machine.py:309 INC 
TICK: 19540 PC:   1 ADDR:   0 MEM_OUT: 403 ACC: 403 BUFF: 403 DC: 0 FLAG_ZERO: False FLAG_LT: 0 FLAG_GT: 1
INPUT_PORT:  []
OUT_PORT:  []
DATA_MEM:  [403, 188]
---------------------------------------
DEBUG    root:machine.py:309 ST 0
TICK: 19543 PC:   2 ADDR:   0 MEM_OUT: 403 ACC: 404 BUFF: 403 DC: 0 FLAG_ZERO: False FLAG_LT: 0 FLAG_GT: 1
INPUT_PORT:  []
OUT_PORT:  []
DATA_MEM:  [403, 188]
---------------------------------------
DEBUG    root:machine.py:309 CMP 1000
TICK: 19547 PC:   3 ADDR:   0 MEM_OUT: 404 ACC: 404 BUFF: 403 DC: 0 FLAG_ZERO: False FLAG_LT: 0 FLAG_GT: 1
INPUT_PORT:  []
OUT_PORT:  []
DATA_MEM:  [404, 188]
---------------------------------------
DEBUG    root:machine.py:309 JGE 22
TICK: 19550 PC:   4 ADDR:   0 MEM_OUT: 404 ACC: 404 BUFF: 403 DC: 0 FLAG_ZERO: False FLAG_LT: 1 FLAG_GT: 0
INPUT_PORT:  []
OUT_PORT:  []
DATA_MEM:  [404, 188]
---------------------------------------
DEBUG    root:machine.py:309 LD 0
TICK: 19553 PC:   5 ADDR:   0 MEM_OUT: 404 ACC: 404 BUFF: 403 DC: 0 FLAG_ZERO: False FLAG_LT: 1 FLAG_GT: 0
INPUT_PORT:  []
OUT_PORT:  []
DATA_MEM:  [404, 188]
---------------------------------------
DEBUG    root:machine.py:309 MOD 3
TICK: 19557 PC:   6 ADDR:   0 MEM_OUT: 404 ACC: 404 BUFF: 403 DC: 0 FLAG_ZERO: False FLAG_LT: 1 FLAG_GT: 0
INPUT_PORT:  []
OUT_PORT:  []
DATA_MEM:  [404, 188]
---------------------------------------
DEBUG    root:machine.py:309 CMP 0
TICK: 19561 PC:   7 ADDR:   0 MEM_OUT: 404 ACC: 2 BUFF: 404 DC: 0 FLAG_ZERO: False FLAG_LT: 1 FLAG_GT: 0
INPUT_PORT:  []
OUT_PORT:  []
DATA_MEM:  [404, 188]
---------------------------------------
DEBUG    root:machine.py:309 JE 14
TICK: 19564 PC:   8 ADDR:   0 MEM_OUT: 404 ACC: 2 BUFF: 404 DC: 0 FLAG_ZERO: False FLAG_LT: 0 FLAG_GT: 1
INPUT_PORT:  []
OUT_PORT:  []
DATA_MEM:  [404, 188]
---------------------------------------
DEBUG    root:machine.py:309 LD 0
TICK: 19567 PC:   9 ADDR:   0 MEM_OUT: 404 ACC: 2 BUFF: 404 DC: 0 FLAG_ZERO: False FLAG_LT: 0 FLAG_GT: 1
INPUT_PORT:  []
OUT_PORT:  []
DATA_MEM:  [404, 188]
---------------------------------------
DEBUG    root:machine.py:309 MOD 5
TICK: 19571 PC:  10 ADDR:   0 MEM_OUT: 404 ACC: 404 BUFF: 404 DC: 0 FLAG_ZERO: False FLAG_LT: 0 FLAG_GT: 1
INPUT_PORT:  []
OUT_PORT:  []
DATA_MEM:  [404, 188]
---------------------------------------
DEBUG    root:machine.py:309 CMP 0
TICK: 19575 PC:  11 ADDR:   0 MEM_OUT: 404 ACC: 4 BUFF: 404 DC: 0 FLAG_ZERO: False FLAG_LT: 0 FLAG_GT: 1
INPUT_PORT:  []
OUT_PORT:  []
DATA_MEM:  [404, 188]
---------------------------------------
DEBUG    root:machine.py:309 JE 18
TICK: 19578 PC:  12 ADDR:   0 MEM_OUT: 404 ACC: 4 BUFF: 404 DC: 0 FLAG_ZERO: False FLAG_LT: 0 FLAG_GT: 1
INPUT_PORT:  []
OUT_PORT:  []
DATA_MEM:  [404, 188]
---------------------------------------
DEBUG    root:machine.py:309 JMP 0
TICK: 19581 PC:  13 ADDR:   0 MEM_OUT: 404 ACC: 4 BUFF: 404 DC: 0 FLAG_ZERO: False FLAG_LT: 0 FLAG_GT: 1
INPUT_PORT:  []
OUT_PORT:  []
DATA_MEM:  [404, 188]
---------------------------------------
DEBUG    root:machine.py:309 LD 0
TICK: 19584 PC:   0 ADDR:   0 MEM_OUT: 404 ACC: 4 BUFF: 404 DC: 0 FLAG_ZERO: False FLAG_LT: 0 FLAG_GT: 1
INPUT_PORT:  []
OUT_PORT:  []
DATA_MEM:  [404, 188]
---------------------------------------
DEBUG    root:machine.py:309 INC 
TICK: 19588 PC:   1 ADDR:   0 MEM_OUT: 404 ACC: 404 BUFF: 404 DC: 0 FLAG_ZERO: False FLAG_LT: 0 FLAG_GT: 1
INPUT_PORT:  []
OUT_PORT:  []
DATA_MEM:  [404, 188]
---------------------------------------
DEBUG    root:machine.py:309 ST 0
TICK: 19591 PC:   2 ADDR:   0 MEM_OUT: 404 ACC: 405 BUFF: 404 DC: 0 FLAG_ZERO: False FLAG_LT: 0 FLAG_GT: 1
INPUT_PORT:  []
OUT_PORT:  []
DATA_MEM:  [404, 188]
---------------------------------------
DEBUG    root:machine.py:309 CMP 1000
TICK: 19595 PC:   3 ADDR:   0 MEM_OUT: 405 ACC: 405 BUFF: 404 DC: 0 FLAG_ZERO: False FLAG_LT: 0 FLAG_GT: 1
INPUT_PORT:  []
OUT_PORT:  []
DATA_MEM:  [405, 188]
---------------------------------------
DEBUG    root:machine.py:309 JGE 22
TICK: 19598 PC:   4 ADDR:   0 MEM_OUT: 405 ACC: 405 BUFF: 404 DC: 0 FLAG_ZERO: False FLAG_LT: 1 FLAG_GT: 0
INPUT_PORT:  []
OUT_PORT:  []
DATA_MEM:  [405, 188]
---------------------------------------
DEBUG    root:machine.py:309 LD 0
TICK: 19601 PC:   5 ADDR:   0 MEM_OUT: 405 ACC: 405 BUFF: 404 DC: 0 FLAG_ZERO: False FLAG_LT: 1 FLAG_GT: 0
INPUT_PORT:  []
OUT_PORT:  []
DATA_MEM:  [405, 188]
---------------------------------------
DEBUG    root:machine.py:309 MOD 3
TICK: 19605 PC:   6 ADDR:   0 MEM_OUT: 405 ACC: 405 BUFF: 404 DC: 0 FLAG_ZERO: False FLAG_LT: 1 FLAG_GT: 0
INPUT_PORT:  []
OUT_PORT:  []
DATA_MEM:  [405, 188]
---------------------------------------
DEBUG    root:machine.py:309 CMP 0
TICK: 19609 PC:   7 ADDR:   0 MEM_OUT: 405 ACC: 0 BUFF: 405 DC: 0 FLAG_ZERO: False FLAG_LT: 1 FLAG_GT: 0
INPUT_PORT:  []
OUT_PORT:  []
DATA_MEM:  [405, 188]
---------------------------------------
DEBUG    root:machine.py:309 JE 14
TICK: 19612 PC:   8 ADDR:   0 MEM_OUT: 405 ACC: 0 BUFF: 405 DC: 0 FLAG_ZERO: True FLAG_LT: 0 FLAG_GT: 0
INPUT_PORT:  []
OUT_PORT:  []
DATA_MEM:  [405, 188]
---------------------------------------
DEBUG    root:machine.py:309 LD 4
TICK: 19615 PC:  14 ADDR:   0 MEM_OUT: 405 ACC: 0 BUFF: 405 DC: 0 FLAG_ZERO: True FLAG_LT: 0 FLAG_GT: 0
INPUT_PORT:  []
OUT_PORT:  []
DATA_MEM:  [405, 188]
---------------------------------------
DEBUG    root:machine.py:309 INC 
TICK: 19619 PC:  15 ADDR:   1 MEM_OUT: 188 ACC: 188 BUFF: 405 DC: 0 FLAG_ZERO: True FLAG_LT: 0 FLAG_GT: 0
INPUT_PORT:  []
OUT_PORT:  []
DATA_MEM:  [405, 188]
---------------------------------------
DEBUG    root:machine.py:309 ST 4
TICK: 19622 PC:  16 ADDR:   1 MEM_OUT: 188 ACC: 189 BUFF: 405 DC: 0 FLAG_ZERO: True FLAG_LT: 0 FLAG_GT: 0
INPUT_PORT:  []
OUT_PORT:  []
DATA_MEM:  [405, 188]
---------------------------------------
DEBUG    root:machine.py:309 JMP 0
TICK: 19626 PC:  17 ADDR:   1 MEM_OUT: 189 ACC: 189 BUFF: 405 DC: 0 FLAG_ZERO: True FLAG_LT: 0 FLAG_GT: 0
INPUT_PORT:  []
OUT_PORT:  []
DATA_MEM:  [405, 189]
---------------------------------------
DEBUG    root:machine.py:309 LD 0
TICK: 19629 PC:   0 ADDR:   1 MEM_OUT: 189 ACC: 189 BUFF: 405 DC: 0 FLAG_ZERO: True FLAG_LT: 0 FLAG_GT: 0
INPUT_PORT:  []
OUT_PORT:  []
DATA_MEM:  [405, 189]
---------------------------------------
DEBUG    root:machine.py:309 INC 
TICK: 19633 PC:   1 ADDR:   0 MEM_OUT: 405 ACC: 405 BUFF: 405 DC: 0 FLAG_ZERO: True FLAG_LT: 0 FLAG_GT: 0
INPUT_PORT:  []
OUT_PORT:  []
DATA_MEM:  [405, 189]
---------------------------------------
DEBUG    root:machine.py:309 ST 0
TICK: 19636 PC:   2 ADDR:   0 MEM_OUT: 405 ACC: 406 BUFF: 405 DC: 0 FLAG_ZERO: True FLAG_LT: 0 FLAG_GT: 0
INPUT_PORT:  []
OUT_PORT:  []
DATA_MEM:  [405, 189]
---------------------------------------
DEBUG    root:machine.py:309 CMP 1000
TICK: 19640 PC:   3 ADDR:   0 MEM_OUT: 406 ACC: 406 BUFF: 405 DC: 0 FLAG_ZERO: True FLAG_LT: 0 FLAG_GT: 0
INPUT_PORT:  []
OUT_PORT:  []
DATA_MEM:  [406, 189]
---------------------------------------
DEBUG    root:machine.py:309 JGE 22
TICK: 19643 PC:   4 ADDR:   0 MEM_OUT: 406 ACC: 406 BUFF: 405 DC: 0 FLAG_ZERO: False FLAG_LT: 1 FLAG_GT: 0
INPUT_PORT:  []
OUT_PORT:  []
DATA_MEM:  [406, 189]
---------------------------------------
DEBUG    root:machine.py:309 LD 0
TICK: 19646 PC:   5 ADDR:   0 MEM_OUT: 406 ACC: 406 BUFF: 405 DC: 0 FLAG_ZERO: False FLAG_LT: 1 FLAG_GT: 0
INPUT_PORT:  []
OUT_PORT:  []
DATA_MEM:  [406, 189]
---------------------------------------
DEBUG    root:machine.py:309 MOD 3
TICK: 19650 PC:   6 ADDR:   0 MEM_OUT: 406 ACC: 406 BUFF: 405 DC: 0 FLAG_ZERO: False FLAG_LT: 1 FLAG_GT: 0
INPUT_PORT:  []
OUT_PORT:  []
DATA_MEM:  [406, 189]
---------------------------------------
DEBUG    root:machine.py:309 CMP 0
TICK: 19654 PC:   7 ADDR:   0 MEM_OUT: 406 ACC: 1 BUFF: 406 DC: 0 FLAG_ZERO: False FLAG_LT: 1 FLAG_GT: 0
INPUT_PORT:  []
OUT_PORT:  []
DATA_MEM:  [406, 189]
---------------------------------------
DEBUG    root:machine.py:309 JE 14
TICK: 19657 PC:   8 ADDR:   0 MEM_OUT: 406 ACC: 1 BUFF: 406 DC: 0 FLAG_ZERO: False FLAG_LT: 0 FLAG_GT: 1
INPUT_PORT:  []
OUT_PORT:  []
DATA_MEM:  [406, 189]
---------------------------------------
DEBUG    root:machine.py:309 LD 0
TICK: 19660 PC:   9 ADDR:   0 MEM_OUT: 406 ACC: 1 BUFF: 406 DC: 0 FLAG_ZERO: False FLAG_LT: 0 FLAG_GT: 1
INPUT_PORT:  []
OUT_PORT:  []
DATA_MEM:  [406, 189]
---------------------------------------
DEBUG    root:machine.py:309 MOD 5
TICK: 19664 PC:  10 ADDR:   0 MEM_OUT: 406 ACC: 406 BUFF: 406 DC: 0 FLAG_ZERO: False FLAG_LT: 0 FLAG_GT: 1
INPUT_PORT:  []
OUT_PORT:  []
DATA_MEM:  [406, 189]
---------------------------------------
DEBUG    root:machine.py:309 CMP 0
TICK: 19668 PC:  11 ADDR:   0 MEM_OUT: 406 ACC: 1 BUFF: 406 DC: 0 FLAG_ZERO: False FLAG_LT: 0 FLAG_GT: 1
INPUT_PORT:  []
OUT_PORT:  []
DATA_MEM:  [406, 189]
---------------------------------------
DEBUG    root:machine.py:309 JE 18
TICK: 19671 PC:  12 ADDR:   0 MEM_OUT: 406 ACC: 1 BUFF: 406 DC: 0 FLAG_ZERO: False FLAG_LT: 0 FLAG_GT: 1
INPUT_PORT:  []
OUT_PORT:  []
DATA_MEM:  [406, 189]
---------------------------------------
DEBUG    root:machine.py:309 JMP 0
TICK: 19674 PC:  13 ADDR:   0 MEM_OUT: 406 ACC: 1 BUFF: 406 DC: 0 FLAG_ZERO: False FLAG_LT: 0 FLAG_GT: 1
INPUT_PORT:  []
OUT_PORT:  []
DATA_MEM:  [406, 189]
---------------------------------------
DEBUG    root:machine.py:309 LD 0
TICK: 19677 PC:   0 ADDR:   0 MEM_OUT: 406 ACC: 1 BUFF: 406 DC: 0 FLAG_ZERO: False FLAG_LT: 0 FLAG_GT: 1
INPUT_PORT:  []
OUT_PORT:  []
DATA_MEM:  [406, 189]
---------------------------------------
DEBUG    root:machine.py:309 INC 
TICK: 19681 PC:   1 ADDR:   0 MEM_OUT: 406 ACC: 406 BUFF: 406 DC: 0 FLAG_ZERO: False FLAG_LT: 0 FLAG_GT: 1
INPUT_PORT:  []
OUT_PORT:  []
DATA_MEM:  [406, 189]
---------------------------------------
DEBUG    root:machine.py:309 ST 0
TICK: 19684 PC:   2 ADDR:   0 MEM_OUT: 406 ACC: 407 BUFF: 406 DC: 0 FLAG_ZERO: False FLAG_LT: 0 FLAG_GT: 1
INPUT_PORT:  []
OUT_PORT:  []
DATA_MEM:  [406, 189]
---------------------------------------
DEBUG    root:machine.py:309 CMP 1000
TICK: 19688 PC:   3 ADDR:   0 MEM_OUT: 407 ACC: 407 BUFF: 406 DC: 0 FLAG_ZERO: False FLAG_LT: 0 FLAG_GT: 1
INPUT_PORT:  []
OUT_PORT:  []
DATA_MEM:  [407, 189]
---------------------------------------
DEBUG    root:machine.py:309 JGE 22
TICK: 19691 PC:   4 ADDR:   0 MEM_OUT: 407 ACC: 407 BUFF: 406 DC: 0 FLAG_ZERO: False FLAG_LT: 1 FLAG_GT: 0
INPUT_PORT:  []
OUT_PORT:  []
DATA_MEM:  [407, 189]
---------------------------------------
DEBUG    root:machine.py:309 LD 0
TICK: 19694 PC:   5 ADDR:   0 MEM_OUT: 407 ACC: 407 BUFF: 406 DC: 0 FLAG_ZERO: False FLAG_LT: 1 FLAG_GT: 0
INPUT_PORT:  []
OUT_PORT:  []
DATA_MEM:  [407, 189]
---------------------------------------
DEBUG    root:machine.py:309 MOD 3
TICK: 19698 PC:   6 ADDR:   0 MEM_OUT: 407 ACC: 407 BUFF: 406 DC: 0 FLAG_ZERO: False FLAG_LT: 1 FLAG_GT: 0
INPUT_PORT:  []
OUT_PORT:  []
DATA_MEM:  [407, 189]
---------------------------------------
DEBUG    root:machine.py:309 CMP 0
TICK: 19702 PC:   7 ADDR:   0 MEM_OUT: 407 ACC: 2 BUFF: 407 DC: 0 FLAG_ZERO: False FLAG_LT: 1 FLAG_GT: 0
INPUT_PORT:  []
OUT_PORT:  []
DATA_MEM:  [407, 189]
---------------------------------------
DEBUG    root:machine.py:309 JE 14
TICK: 19705 PC:   8 ADDR:   0 MEM_OUT: 407 ACC: 2 BUFF: 407 DC: 0 FLAG_ZERO: False FLAG_LT: 0 FLAG_GT: 1
INPUT_PORT:  []
OUT_PORT:  []
DATA_MEM:  [407, 189]
---------------------------------------
DEBUG    root:machine.py:309 LD 0
TICK: 19708 PC:   9 ADDR:   0 MEM_OUT: 407 ACC: 2 BUFF: 407 DC: 0 FLAG_ZERO: False FLAG_LT: 0 FLAG_GT: 1
INPUT_PORT:  []
OUT_PORT:  []
DATA_MEM:  [407, 189]
---------------------------------------
DEBUG    root:machine.py:309 MOD 5
TICK: 19712 PC:  10 ADDR:   0 MEM_OUT: 407 ACC: 407 BUFF: 407 DC: 0 FLAG_ZERO: False FLAG_LT: 0 FLAG_GT: 1
INPUT_PORT:  []
OUT_PORT:  []
DATA_MEM:  [407, 189]
---------------------------------------
DEBUG    root:machine.py:309 CMP 0
TICK: 19716 PC:  11 ADDR:   0 MEM_OUT: 407 ACC: 2 BUFF: 407 DC: 0 FLAG_ZERO: False FLAG_LT: 0 FLAG_GT: 1
INPUT_PORT:  []
OUT_PORT:  []
DATA_MEM:  [407, 189]
---------------------------------------
DEBUG    root:machine.py:309 JE 18
TICK: 19719 PC:  12 ADDR:   0 MEM_OUT: 407 ACC: 2 BUFF: 407 DC: 0 FLAG_ZERO: False FLAG_LT: 0 FLAG_GT: 1
INPUT_PORT:  []
OUT_PORT:  []
DATA_MEM:  [407, 189]
---------------------------------------
DEBUG    root:machine.py:309 JMP 0
TICK: 19722 PC:  13 ADDR:   0 MEM_OUT: 407 ACC: 2 BUFF: 407 DC: 0 FLAG_ZERO: False FLAG_LT: 0 FLAG_GT: 1
INPUT_PORT:  []
OUT_PORT:  []
DATA_MEM:  [407, 189]
---------------------------------------
DEBUG    root:machine.py:309 LD 0
TICK: 19725 PC:   0 ADDR:   0 MEM_OUT: 407 ACC: 2 BUFF: 407 DC: 0 FLAG_ZERO: False FLAG_LT: 0 FLAG_GT: 1
INPUT_PORT:  []
OUT_PORT:  []
DATA_MEM:  [407, 189]
---------------------------------------
DEBUG    root:machine.py:309 INC 
TICK: 19729 PC:   1 ADDR:   0 MEM_OUT: 407 ACC: 407 BUFF: 407 DC: 0 FLAG_ZERO: False FLAG_LT: 0 FLAG_GT: 1
INPUT_PORT:  []
OUT_PORT:  []
DATA_MEM:  [407, 189]
---------------------------------------
DEBUG    root:machine.py:309 ST 0
TICK: 19732 PC:   2 ADDR:   0 MEM_OUT: 407 ACC: 408 BUFF: 407 DC: 0 FLAG_ZERO: False FLAG_LT: 0 FLAG_GT: 1
INPUT_PORT:  []
OUT_PORT:  []
DATA_MEM:  [407, 189]
---------------------------------------
DEBUG    root:machine.py:309 CMP 1000
TICK: 19736 PC:   3 ADDR:   0 MEM_OUT: 408 ACC: 408 BUFF: 407 DC: 0 FLAG_ZERO: False FLAG_LT: 0 FLAG_GT: 1
INPUT_PORT:  []
OUT_PORT:  []
DATA_MEM:  [408, 189]
---------------------------------------
DEBUG    root:machine.py:309 JGE 22
TICK: 19739 PC:   4 ADDR:   0 MEM_OUT: 408 ACC: 408 BUFF: 407 DC: 0 FLAG_ZERO: False FLAG_LT: 1 FLAG_GT: 0
INPUT_PORT:  []
OUT_PORT:  []
DATA_MEM:  [408, 189]
---------------------------------------
DEBUG    root:machine.py:309 LD 0
TICK: 19742 PC:   5 ADDR:   0 MEM_OUT: 408 ACC: 408 BUFF: 407 DC: 0 FLAG_ZERO: False FLAG_LT: 1 FLAG_GT: 0
INPUT_PORT:  []
OUT_PORT:  []
DATA_MEM:  [408, 189]
---------------------------------------
DEBUG    root:machine.py:309 MOD 3
TICK: 19746 PC:   6 ADDR:   0 MEM_OUT: 408 ACC: 408 BUFF: 407 DC: 0 FLAG_ZERO: False FLAG_LT: 1 FLAG_GT: 0
INPUT_PORT:  []
OUT_PORT:  []
DATA_MEM:  [408, 189]
---------------------------------------
DEBUG    root:machine.py:309 CMP 0
TICK: 19750 PC:   7 ADDR:   0 MEM_OUT: 408 ACC: 0 BUFF: 408 DC: 0 FLAG_ZERO: False FLAG_LT: 1 FLAG_GT: 0
INPUT_PORT:  []
OUT_PORT:  []
DATA_MEM:  [408, 189]
---------------------------------------
DEBUG    root:machine.py:309 JE 14
TICK: 19753 PC:   8 ADDR:   0 MEM_OUT: 408 ACC: 0 BUFF: 408 DC: 0 FLAG_ZERO: True FLAG_LT: 0 FLAG_GT: 0
INPUT_PORT:  []
OUT_PORT:  []
DATA_MEM:  [408, 189]
---------------------------------------
DEBUG    root:machine.py:309 LD 4
TICK: 19756 PC:  14 ADDR:   0 MEM_OUT: 408 ACC: 0 BUFF: 408 DC: 0 FLAG_ZERO: True FLAG_LT: 0 FLAG_GT: 0
INPUT_PORT:  []
OUT_PORT:  []
DATA_MEM:  [408, 189]
---------------------------------------
DEBUG    root:machine.py:309 INC 
TICK: 19760 PC:  15 ADDR:   1 MEM_OUT: 189 ACC: 189 BUFF: 408 DC: 0 FLAG_ZERO: True FLAG_LT: 0 FLAG_GT: 0
INPUT_PORT:  []
OUT_PORT:  []
DATA_MEM:  [408, 189]
---------------------------------------
DEBUG    root:machine.py:309 ST 4
TICK: 19763 PC:  16 ADDR:   1 MEM_OUT: 189 ACC: 190 BUFF: 408 DC: 0 FLAG_ZERO: True FLAG_LT: 0 FLAG_GT: 0
INPUT_PORT:  []
OUT_PORT:  []
DATA_MEM:  [408, 189]
---------------------------------------
DEBUG    root:machine.py:309 JMP 0
TICK: 19767 PC:  17 ADDR:   1 MEM_OUT: 190 ACC: 190 BUFF: 408 DC: 0 FLAG_ZERO: True FLAG_LT: 0 FLAG_GT: 0
INPUT_PORT:  []
OUT_PORT:  []
DATA_MEM:  [408, 190]
---------------------------------------
DEBUG    root:machine.py:309 LD 0
TICK: 19770 PC:   0 ADDR:   1 MEM_OUT: 190 ACC: 190 BUFF: 408 DC: 0 FLAG_ZERO: True FLAG_LT: 0 FLAG_GT: 0
INPUT_PORT:  []
OUT_PORT:  []
DATA_MEM:  [408, 190]
---------------------------------------
DEBUG    root:machine.py:309 INC 
TICK: 19774 PC:   1 ADDR:   0 MEM_OUT: 408 ACC: 408 BUFF: 408 DC: 0 FLAG_ZERO: True FLAG_LT: 0 FLAG_GT: 0
INPUT_PORT:  []
OUT_PORT:  []
DATA_MEM:  [408, 190]
---------------------------------------
DEBUG    root:machine.py:309 ST 0
TICK: 19777 PC:   2 ADDR:   0 MEM_OUT: 408 ACC: 409 BUFF: 408 DC: 0 FLAG_ZERO: True FLAG_LT: 0 FLAG_GT: 0
INPUT_PORT:  []
OUT_PORT:  []
DATA_MEM:  [408, 190]
---------------------------------------
DEBUG    root:machine.py:309 CMP 1000
TICK: 19781 PC:   3 ADDR:   0 MEM_OUT: 409 ACC: 409 BUFF: 408 DC: 0 FLAG_ZERO: True FLAG_LT: 0 FLAG_GT: 0
INPUT_PORT:  []
OUT_PORT:  []
DATA_MEM:  [409, 190]
---------------------------------------
DEBUG    root:machine.py:309 JGE 22
TICK: 19784 PC:   4 ADDR:   0 MEM_OUT: 409 ACC: 409 BUFF: 408 DC: 0 FLAG_ZERO: False FLAG_LT: 1 FLAG_GT: 0
INPUT_PORT:  []
OUT_PORT:  []
DATA_MEM:  [409, 190]
---------------------------------------
DEBUG    root:machine.py:309 LD 0
TICK: 19787 PC:   5 ADDR:   0 MEM_OUT: 409 ACC: 409 BUFF: 408 DC: 0 FLAG_ZERO: False FLAG_LT: 1 FLAG_GT: 0
INPUT_PORT:  []
OUT_PORT:  []
DATA_MEM:  [409, 190]
---------------------------------------
DEBUG    root:machine.py:309 MOD 3
TICK: 19791 PC:   6 ADDR:   0 MEM_OUT: 409 ACC: 409 BUFF: 408 DC: 0 FLAG_ZERO: False FLAG_LT: 1 FLAG_GT: 0
INPUT_PORT:  []
OUT_PORT:  []
DATA_MEM:  [409, 190]
---------------------------------------
DEBUG    root:machine.py:309 CMP 0
TICK: 19795 PC:   7 ADDR:   0 MEM_OUT: 409 ACC: 1 BUFF: 409 DC: 0 FLAG_ZERO: False FLAG_LT: 1 FLAG_GT: 0
INPUT_PORT:  []
OUT_PORT:  []
DATA_MEM:  [409, 190]
---------------------------------------
DEBUG    root:machine.py:309 JE 14
TICK: 19798 PC:   8 ADDR:   0 MEM_OUT: 409 ACC: 1 BUFF: 409 DC: 0 FLAG_ZERO: False FLAG_LT: 0 FLAG_GT: 1
INPUT_PORT:  []
OUT_PORT:  []
DATA_MEM:  [409, 190]
---------------------------------------
DEBUG    root:machine.py:309 LD 0
TICK: 19801 PC:   9 ADDR:   0 MEM_OUT: 409 ACC: 1 BUFF: 409 DC: 0 FLAG_ZERO: False FLAG_LT: 0 FLAG_GT: 1
INPUT_PORT:  []
OUT_PORT:  []
DATA_MEM:  [409, 190]
---------------------------------------
DEBUG    root:machine.py:309 MOD 5
TICK: 19805 PC:  10 ADDR:   0 MEM_OUT: 409 ACC: 409 BUFF: 409 DC: 0 FLAG_ZERO: False FLAG_LT: 0 FLAG_GT: 1
INPUT_PORT:  []
OUT_PORT:  []
DATA_MEM:  [409, 190]
---------------------------------------
DEBUG    root:machine.py:309 CMP 0
TICK: 19809 PC:  11 ADDR:   0 MEM_OUT: 409 ACC: 4 BUFF: 409 DC: 0 FLAG_ZERO: False FLAG_LT: 0 FLAG_GT: 1
INPUT_PORT:  []
OUT_PORT:  []
DATA_MEM:  [409, 190]
---------------------------------------
DEBUG    root:machine.py:309 JE 18
TICK: 19812 PC:  12 ADDR:   0 MEM_OUT: 409 ACC: 4 BUFF: 409 DC: 0 FLAG_ZERO: False FLAG_LT: 0 FLAG_GT: 1
INPUT_PORT:  []
OUT_PORT:  []
DATA_MEM:  [409, 190]
---------------------------------------
DEBUG    root:machine.py:309 JMP 0
TICK: 19815 PC:  13 ADDR:   0 MEM_OUT: 409 ACC: 4 BUFF: 409 DC: 0 FLAG_ZERO: False FLAG_LT: 0 FLAG_GT: 1
INPUT_PORT:  []
OUT_PORT:  []
DATA_MEM:  [409, 190]
---------------------------------------
DEBUG    root:machine.py:309 LD 0
TICK: 19818 PC:   0 ADDR:   0 MEM_OUT: 409 ACC: 4 BUFF: 409 DC: 0 FLAG_ZERO: False FLAG_LT: 0 FLAG_GT: 1
INPUT_PORT:  []
OUT_PORT:  []
DATA_MEM:  [409, 190]
---------------------------------------
DEBUG    root:machine.py:309 INC 
TICK: 19822 PC:   1 ADDR:   0 MEM_OUT: 409 ACC: 409 BUFF: 409 DC: 0 FLAG_ZERO: False FLAG_LT: 0 FLAG_GT: 1
INPUT_PORT:  []
OUT_PORT:  []
DATA_MEM:  [409, 190]
---------------------------------------
DEBUG    root:machine.py:309 ST 0
TICK: 19825 PC:   2 ADDR:   0 MEM_OUT: 409 ACC: 410 BUFF: 409 DC: 0 FLAG_ZERO: False FLAG_LT: 0 FLAG_GT: 1
INPUT_PORT:  []
OUT_PORT:  []
DATA_MEM:  [409, 190]
---------------------------------------
DEBUG    root:machine.py:309 CMP 1000
TICK: 19829 PC:   3 ADDR:   0 MEM_OUT: 410 ACC: 410 BUFF: 409 DC: 0 FLAG_ZERO: False FLAG_LT: 0 FLAG_GT: 1
INPUT_PORT:  []
OUT_PORT:  []
DATA_MEM:  [410, 190]
---------------------------------------
DEBUG    root:machine.py:309 JGE 22
TICK: 19832 PC:   4 ADDR:   0 MEM_OUT: 410 ACC: 410 BUFF: 409 DC: 0 FLAG_ZERO: False FLAG_LT: 1 FLAG_GT: 0
INPUT_PORT:  []
OUT_PORT:  []
DATA_MEM:  [410, 190]
---------------------------------------
DEBUG    root:machine.py:309 LD 0
TICK: 19835 PC:   5 ADDR:   0 MEM_OUT: 410 ACC: 410 BUFF: 409 DC: 0 FLAG_ZERO: False FLAG_LT: 1 FLAG_GT: 0
INPUT_PORT:  []
OUT_PORT:  []
DATA_MEM:  [410, 190]
---------------------------------------
DEBUG    root:machine.py:309 MOD 3
TICK: 19839 PC:   6 ADDR:   0 MEM_OUT: 410 ACC: 410 BUFF: 409 DC: 0 FLAG_ZERO: False FLAG_LT: 1 FLAG_GT: 0
INPUT_PORT:  []
OUT_PORT:  []
DATA_MEM:  [410, 190]
---------------------------------------
DEBUG    root:machine.py:309 CMP 0
TICK: 19843 PC:   7 ADDR:   0 MEM_OUT: 410 ACC: 2 BUFF: 410 DC: 0 FLAG_ZERO: False FLAG_LT: 1 FLAG_GT: 0
INPUT_PORT:  []
OUT_PORT:  []
DATA_MEM:  [410, 190]
---------------------------------------
DEBUG    root:machine.py:309 JE 14
TICK: 19846 PC:   8 ADDR:   0 MEM_OUT: 410 ACC: 2 BUFF: 410 DC: 0 FLAG_ZERO: False FLAG_LT: 0 FLAG_GT: 1
INPUT_PORT:  []
OUT_PORT:  []
DATA_MEM:  [410, 190]
---------------------------------------
DEBUG    root:machine.py:309 LD 0
TICK: 19849 PC:   9 ADDR:   0 MEM_OUT: 410 ACC: 2 BUFF: 410 DC: 0 FLAG_ZERO: False FLAG_LT: 0 FLAG_GT: 1
INPUT_PORT:  []
OUT_PORT:  []
DATA_MEM:  [410, 190]
---------------------------------------
DEBUG    root:machine.py:309 MOD 5
TICK: 19853 PC:  10 ADDR:   0 MEM_OUT: 410 ACC: 410 BUFF: 410 DC: 0 FLAG_ZERO: False FLAG_LT: 0 FLAG_GT: 1
INPUT_PORT:  []
OUT_PORT:  []
DATA_MEM:  [410, 190]
---------------------------------------
DEBUG    root:machine.py:309 CMP 0
TICK: 19857 PC:  11 ADDR:   0 MEM_OUT: 410 ACC: 0 BUFF: 410 DC: 0 FLAG_ZERO: False FLAG_LT: 0 FLAG_GT: 1
INPUT_PORT:  []
OUT_PORT:  []
DATA_MEM:  [410, 190]
---------------------------------------
DEBUG    root:machine.py:309 JE 18
TICK: 19860 PC:  12 ADDR:   0 MEM_OUT: 410 ACC: 0 BUFF: 410 DC: 0 FLAG_ZERO: True FLAG_LT: 0 FLAG_GT: 0
INPUT_PORT:  []
OUT_PORT:  []
DATA_MEM:  [410, 190]
---------------------------------------
DEBUG    root:machine.py:309 LD 4
TICK: 19863 PC:  18 ADDR:   0 MEM_OUT: 410 ACC: 0 BUFF: 410 DC: 0 FLAG_ZERO: True FLAG_LT: 0 FLAG_GT: 0
INPUT_PORT:  []
OUT_PORT:  []
DATA_MEM:  [410, 190]
---------------------------------------
DEBUG    root:machine.py:309 INC 
TICK: 19867 PC:  19 ADDR:   1 MEM_OUT: 190 ACC: 190 BUFF: 410 DC: 0 FLAG_ZERO: True FLAG_LT: 0 FLAG_GT: 0
INPUT_PORT:  []
OUT_PORT:  []
DATA_MEM:  [410, 190]
---------------------------------------
DEBUG    root:machine.py:309 ST 4
TICK: 19870 PC:  20 ADDR:   1 MEM_OUT: 190 ACC: 191 BUFF: 410 DC: 0 FLAG_ZERO: True FLAG_LT: 0 FLAG_GT: 0
INPUT_PORT:  []
OUT_PORT:  []
DATA_MEM:  [410, 190]
---------------------------------------
DEBUG    root:machine.py:309 JMP 0
TICK: 19874 PC:  21 ADDR:   1 MEM_OUT: 191 ACC: 191 BUFF: 410 DC: 0 FLAG_ZERO: True FLAG_LT: 0 FLAG_GT: 0
INPUT_PORT:  []
OUT_PORT:  []
DATA_MEM:  [410, 191]
---------------------------------------
DEBUG    root:machine.py:309 LD 0
TICK: 19877 PC:   0 ADDR:   1 MEM_OUT: 191 ACC: 191 BUFF: 410 DC: 0 FLAG_ZERO: True FLAG_LT: 0 FLAG_GT: 0
INPUT_PORT:  []
OUT_PORT:  []
DATA_MEM:  [410, 191]
---------------------------------------
DEBUG    root:machine.py:309 INC 
TICK: 19881 PC:   1 ADDR:   0 MEM_OUT: 410 ACC: 410 BUFF: 410 DC: 0 FLAG_ZERO: True FLAG_LT: 0 FLAG_GT: 0
INPUT_PORT:  []
OUT_PORT:  []
DATA_MEM:  [410, 191]
---------------------------------------
DEBUG    root:machine.py:309 ST 0
TICK: 19884 PC:   2 ADDR:   0 MEM_OUT: 410 ACC: 411 BUFF: 410 DC: 0 FLAG_ZERO: True FLAG_LT: 0 FLAG_GT: 0
INPUT_PORT:  []
OUT_PORT:  []
DATA_MEM:  [410, 191]
---------------------------------------
DEBUG    root:machine.py:309 CMP 1000
TICK: 19888 PC:   3 ADDR:   0 MEM_OUT: 411 ACC: 411 BUFF: 410 DC: 0 FLAG_ZERO: True FLAG_LT: 0 FLAG_GT: 0
INPUT_PORT:  []
OUT_PORT:  []
DATA_MEM:  [411, 191]
---------------------------------------
DEBUG    root:machine.py:309 JGE 22
TICK: 19891 PC:   4 ADDR:   0 MEM_OUT: 411 ACC: 411 BUFF: 410 DC: 0 FLAG_ZERO: False FLAG_LT: 1 FLAG_GT: 0
INPUT_PORT:  []
OUT_PORT:  []
DATA_MEM:  [411, 191]
---------------------------------------
DEBUG    root:machine.py:309 LD 0
TICK: 19894 PC:   5 ADDR:   0 MEM_OUT: 411 ACC: 411 BUFF: 410 DC: 0 FLAG_ZERO: False FLAG_LT: 1 FLAG_GT: 0
INPUT_PORT:  []
OUT_PORT:  []
DATA_MEM:  [411, 191]
---------------------------------------
DEBUG    root:machine.py:309 MOD 3
TICK: 19898 PC:   6 ADDR:   0 MEM_OUT: 411 ACC: 411 BUFF: 410 DC: 0 FLAG_ZERO: False FLAG_LT: 1 FLAG_GT: 0
INPUT_PORT:  []
OUT_PORT:  []
DATA_MEM:  [411, 191]
---------------------------------------
DEBUG    root:machine.py:309 CMP 0
TICK: 19902 PC:   7 ADDR:   0 MEM_OUT: 411 ACC: 0 BUFF: 411 DC: 0 FLAG_ZERO: False FLAG_LT: 1 FLAG_GT: 0
INPUT_PORT:  []
OUT_PORT:  []
DATA_MEM:  [411, 191]
---------------------------------------
DEBUG    root:machine.py:309 JE 14
TICK: 19905 PC:   8 ADDR:   0 MEM_OUT: 411 ACC: 0 BUFF: 411 DC: 0 FLAG_ZERO: True FLAG_LT: 0 FLAG_GT: 0
INPUT_PORT:  []
OUT_PORT:  []
DATA_MEM:  [411, 191]
---------------------------------------
DEBUG    root:machine.py:309 LD 4
TICK: 19908 PC:  14 ADDR:   0 MEM_OUT: 411 ACC: 0 BUFF: 411 DC: 0 FLAG_ZERO: True FLAG_LT: 0 FLAG_GT: 0
INPUT_PORT:  []
OUT_PORT:  []
DATA_MEM:  [411, 191]
---------------------------------------
DEBUG    root:machine.py:309 INC 
TICK: 19912 PC:  15 ADDR:   1 MEM_OUT: 191 ACC: 191 BUFF: 411 DC: 0 FLAG_ZERO: True FLAG_LT: 0 FLAG_GT: 0
INPUT_PORT:  []
OUT_PORT:  []
DATA_MEM:  [411, 191]
---------------------------------------
DEBUG    root:machine.py:309 ST 4
TICK: 19915 PC:  16 ADDR:   1 MEM_OUT: 191 ACC: 192 BUFF: 411 DC: 0 FLAG_ZERO: True FLAG_LT: 0 FLAG_GT: 0
INPUT_PORT:  []
OUT_PORT:  []
DATA_MEM:  [411, 191]
---------------------------------------
DEBUG    root:machine.py:309 JMP 0
TICK: 19919 PC:  17 ADDR:   1 MEM_OUT: 192 ACC: 192 BUFF: 411 DC: 0 FLAG_ZERO: True FLAG_LT: 0 FLAG_GT: 0
INPUT_PORT:  []
OUT_PORT:  []
DATA_MEM:  [411, 192]
---------------------------------------
DEBUG    root:machine.py:309 LD 0
TICK: 19922 PC:   0 ADDR:   1 MEM_OUT: 192 ACC: 192 BUFF: 411 DC: 0 FLAG_ZERO: True FLAG_LT: 0 FLAG_GT: 0
INPUT_PORT:  []
OUT_PORT:  []
DATA_MEM:  [411, 192]
---------------------------------------
DEBUG    root:machine.py:309 INC 
TICK: 19926 PC:   1 ADDR:   0 MEM_OUT: 411 ACC: 411 BUFF: 411 DC: 0 FLAG_ZERO: True FLAG_LT: 0 FLAG_GT: 0
INPUT_PORT:  []
OUT_PORT:  []
DATA_MEM:  [411, 192]
---------------------------------------
DEBUG    root:machine.py:309 ST 0
TICK: 19929 PC:   2 ADDR:   0 MEM_OUT: 411 ACC: 412 BUFF: 411 DC: 0 FLAG_ZERO: True FLAG_LT: 0 FLAG_GT: 0
INPUT_PORT:  []
OUT_PORT:  []
DATA_MEM:  [411, 192]
---------------------------------------
DEBUG    root:machine.py:309 CMP 1000
TICK: 19933 PC:   3 ADDR:   0 MEM_OUT: 412 ACC: 412 BUFF: 411 DC: 0 FLAG_ZERO: True FLAG_LT: 0 FLAG_GT: 0
INPUT_PORT:  []
OUT_PORT:  []
DATA_MEM:  [412, 192]
---------------------------------------
DEBUG    root:machine.py:309 JGE 22
TICK: 19936 PC:   4 ADDR:   0 MEM_OUT: 412 ACC: 412 BUFF: 411 DC: 0 FLAG_ZERO: False FLAG_LT: 1 FLAG_GT: 0
INPUT_PORT:  []
OUT_PORT:  []
DATA_MEM:  [412, 192]
---------------------------------------
DEBUG    root:machine.py:309 LD 0
TICK: 19939 PC:   5 ADDR:   0 MEM_OUT: 412 ACC: 412 BUFF: 411 DC: 0 FLAG_ZERO: False FLAG_LT: 1 FLAG_GT: 0
INPUT_PORT:  []
OUT_PORT:  []
DATA_MEM:  [412, 192]
---------------------------------------
DEBUG    root:machine.py:309 MOD 3
TICK: 19943 PC:   6 ADDR:   0 MEM_OUT: 412 ACC: 412 BUFF: 411 DC: 0 FLAG_ZERO: False FLAG_LT: 1 FLAG_GT: 0
INPUT_PORT:  []
OUT_PORT:  []
DATA_MEM:  [412, 192]
---------------------------------------
DEBUG    root:machine.py:309 CMP 0
TICK: 19947 PC:   7 ADDR:   0 MEM_OUT: 412 ACC: 1 BUFF: 412 DC: 0 FLAG_ZERO: False FLAG_LT: 1 FLAG_GT: 0
INPUT_PORT:  []
OUT_PORT:  []
DATA_MEM:  [412, 192]
---------------------------------------
DEBUG    root:machine.py:309 JE 14
TICK: 19950 PC:   8 ADDR:   0 MEM_OUT: 412 ACC: 1 BUFF: 412 DC: 0 FLAG_ZERO: False FLAG_LT: 0 FLAG_GT: 1
INPUT_PORT:  []
OUT_PORT:  []
DATA_MEM:  [412, 192]
---------------------------------------
DEBUG    root:machine.py:309 LD 0
TICK: 19953 PC:   9 ADDR:   0 MEM_OUT: 412 ACC: 1 BUFF: 412 DC: 0 FLAG_ZERO: False FLAG_LT: 0 FLAG_GT: 1
INPUT_PORT:  []
OUT_PORT:  []
DATA_MEM:  [412, 192]
---------------------------------------
DEBUG    root:machine.py:309 MOD 5
TICK: 19957 PC:  10 ADDR:   0 MEM_OUT: 412 ACC: 412 BUFF: 412 DC: 0 FLAG_ZERO: False FLAG_LT: 0 FLAG_GT: 1
INPUT_PORT:  []
OUT_PORT:  []
DATA_MEM:  [412, 192]
---------------------------------------
DEBUG    root:machine.py:309 CMP 0
TICK: 19961 PC:  11 ADDR:   0 MEM_OUT: 412 ACC: 2 BUFF: 412 DC: 0 FLAG_ZERO: False FLAG_LT: 0 FLAG_GT: 1
INPUT_PORT:  []
OUT_PORT:  []
DATA_MEM:  [412, 192]
---------------------------------------
DEBUG    root:machine.py:309 JE 18
TICK: 19964 PC:  12 ADDR:   0 MEM_OUT: 412 ACC: 2 BUFF: 412 DC: 0 FLAG_ZERO: False FLAG_LT: 0 FLAG_GT: 1
INPUT_PORT:  []
OUT_PORT:  []
DATA_MEM:  [412, 192]
---------------------------------------
DEBUG    root:machine.py:309 JMP 0
TICK: 19967 PC:  13 ADDR:   0 MEM_OUT: 412 ACC: 2 BUFF: 412 DC: 0 FLAG_ZERO: False FLAG_LT: 0 FLAG_GT: 1
INPUT_PORT:  []
OUT_PORT:  []
DATA_MEM:  [412, 192]
---------------------------------------
DEBUG    root:machine.py:309 LD 0
TICK: 19970 PC:   0 ADDR:   0 MEM_OUT: 412 ACC: 2 BUFF: 412 DC: 0 FLAG_ZERO: False FLAG_LT: 0 FLAG_GT: 1
INPUT_PORT:  []
OUT_PORT:  []
DATA_MEM:  [412, 192]
---------------------------------------
DEBUG    root:machine.py:309 INC 
TICK: 19974 PC:   1 ADDR:   0 MEM_OUT: 412 ACC: 412 BUFF: 412 DC: 0 FLAG_ZERO: False FLAG_LT: 0 FLAG_GT: 1
INPUT_PORT:  []
OUT_PORT:  []
DATA_MEM:  [412, 192]
---------------------------------------
DEBUG    root:machine.py:309 ST 0
TICK: 19977 PC:   2 ADDR:   0 MEM_OUT: 412 ACC: 413 BUFF: 412 DC: 0 FLAG_ZERO: False FLAG_LT: 0 FLAG_GT: 1
INPUT_PORT:  []
OUT_PORT:  []
DATA_MEM:  [412, 192]
---------------------------------------
DEBUG    root:machine.py:309 CMP 1000
TICK: 19981 PC:   3 ADDR:   0 MEM_OUT: 413 ACC: 413 BUFF: 412 DC: 0 FLAG_ZERO: False FLAG_LT: 0 FLAG_GT: 1
INPUT_PORT:  []
OUT_PORT:  []
DATA_MEM:  [413, 192]
---------------------------------------
DEBUG    root:machine.py:309 JGE 22
TICK: 19984 PC:   4 ADDR:   0 MEM_OUT: 413 ACC: 413 BUFF: 412 DC: 0 FLAG_ZERO: False FLAG_LT: 1 FLAG_GT: 0
INPUT_PORT:  []
OUT_PORT:  []
DATA_MEM:  [413, 192]
---------------------------------------
DEBUG    root:machine.py:309 LD 0
TICK: 19987 PC:   5 ADDR:   0 MEM_OUT: 413 ACC: 413 BUFF: 412 DC: 0 FLAG_ZERO: False FLAG_LT: 1 FLAG_GT: 0
INPUT_PORT:  []
OUT_PORT:  []
DATA_MEM:  [413, 192]
---------------------------------------
DEBUG    root:machine.py:309 MOD 3
TICK: 19991 PC:   6 ADDR:   0 MEM_OUT: 413 ACC: 413 BUFF: 412 DC: 0 FLAG_ZERO: False FLAG_LT: 1 FLAG_GT: 0
INPUT_PORT:  []
OUT_PORT:  []
DATA_MEM:  [413, 192]
---------------------------------------
DEBUG    root:machine.py:309 CMP 0
TICK: 19995 PC:   7 ADDR:   0 MEM_OUT: 413 ACC: 2 BUFF: 413 DC: 0 FLAG_ZERO: False FLAG_LT: 1 FLAG_GT: 0
INPUT_PORT:  []
OUT_PORT:  []
DATA_MEM:  [413, 192]
---------------------------------------
DEBUG    root:machine.py:309 JE 14
TICK: 19998 PC:   8 ADDR:   0 MEM_OUT: 413 ACC: 2 BUFF: 413 DC: 0 FLAG_ZERO: False FLAG_LT: 0 FLAG_GT: 1
INPUT_PORT:  []
OUT_PORT:  []
DATA_MEM:  [413, 192]
---------------------------------------
DEBUG    root:machine.py:309 LD 0
TICK: 20001 PC:   9 ADDR:   0 MEM_OUT: 413 ACC: 2 BUFF: 413 DC: 0 FLAG_ZERO: False FLAG_LT: 0 FLAG_GT: 1
INPUT_PORT:  []
OUT_PORT:  []
DATA_MEM:  [413, 192]
---------------------------------------
DEBUG    root:machine.py:309 MOD 5
TICK: 20005 PC:  10 ADDR:   0 MEM_OUT: 413 ACC: 413 BUFF: 413 DC: 0 FLAG_ZERO: False FLAG_LT: 0 FLAG_GT: 1
INPUT_PORT:  []
OUT_PORT:  []
DATA_MEM:  [413, 192]
---------------------------------------
DEBUG    root:machine.py:309 CMP 0
TICK: 20009 PC:  11 ADDR:   0 MEM_OUT: 413 ACC: 3 BUFF: 413 DC: 0 FLAG_ZERO: False FLAG_LT: 0 FLAG_GT: 1
INPUT_PORT:  []
OUT_PORT:  []
DATA_MEM:  [413, 192]
---------------------------------------
DEBUG    root:machine.py:309 JE 18
TICK: 20012 PC:  12 ADDR:   0 MEM_OUT: 413 ACC: 3 BUFF: 413 DC: 0 FLAG_ZERO: False FLAG_LT: 0 FLAG_GT: 1
INPUT_PORT:  []
OUT_PORT:  []
DATA_MEM:  [413, 192]
---------------------------------------
DEBUG    root:machine.py:309 JMP 0
TICK: 20015 PC:  13 ADDR:   0 MEM_OUT: 413 ACC: 3 BUFF: 413 DC: 0 FLAG_ZERO: False FLAG_LT: 0 FLAG_GT: 1
INPUT_PORT:  []
OUT_PORT:  []
DATA_MEM:  [413, 192]
---------------------------------------
DEBUG    root:machine.py:309 LD 0
TICK: 20018 PC:   0 ADDR:   0 MEM_OUT: 413 ACC: 3 BUFF: 413 DC: 0 FLAG_ZERO: False FLAG_LT: 0 FLAG_GT: 1
INPUT_PORT:  []
OUT_PORT:  []
DATA_MEM:  [413, 192]
---------------------------------------
DEBUG    root:machine.py:309 INC 
TICK: 20022 PC:   1 ADDR:   0 MEM_OUT: 413 ACC: 413 BUFF: 413 DC: 0 FLAG_ZERO: False FLAG_LT: 0 FLAG_GT: 1
INPUT_PORT:  []
OUT_PORT:  []
DATA_MEM:  [413, 192]
---------------------------------------
DEBUG    root:machine.py:309 ST 0
TICK: 20025 PC:   2 ADDR:   0 MEM_OUT: 413 ACC: 414 BUFF: 413 DC: 0 FLAG_ZERO: False FLAG_LT: 0 FLAG_GT: 1
INPUT_PORT:  []
OUT_PORT:  []
DATA_MEM:  [413, 192]
---------------------------------------
DEBUG    root:machine.py:309 CMP 1000
TICK: 20029 PC:   3 ADDR:   0 MEM_OUT: 414 ACC: 414 BUFF: 413 DC: 0 FLAG_ZERO: False FLAG_LT: 0 FLAG_GT: 1
INPUT_PORT:  []
OUT_PORT:  []
DATA_MEM:  [414, 192]
---------------------------------------
DEBUG    root:machine.py:309 JGE 22
TICK: 20032 PC:   4 ADDR:   0 MEM_OUT: 414 ACC: 414 BUFF: 413 DC: 0 FLAG_ZERO: False FLAG_LT: 1 FLAG_GT: 0
INPUT_PORT:  []
OUT_PORT:  []
DATA_MEM:  [414, 192]
---------------------------------------
DEBUG    root:machine.py:309 LD 0
TICK: 20035 PC:   5 ADDR:   0 MEM_OUT: 414 ACC: 414 BUFF: 413 DC: 0 FLAG_ZERO: False FLAG_LT: 1 FLAG_GT: 0
INPUT_PORT:  []
OUT_PORT:  []
DATA_MEM:  [414, 192]
---------------------------------------
DEBUG    root:machine.py:309 MOD 3
TICK: 20039 PC:   6 ADDR:   0 MEM_OUT: 414 ACC: 414 BUFF: 413 DC: 0 FLAG_ZERO: False FLAG_LT: 1 FLAG_GT: 0
INPUT_PORT:  []
OUT_PORT:  []
DATA_MEM:  [414, 192]
---------------------------------------
DEBUG    root:machine.py:309 CMP 0
TICK: 20043 PC:   7 ADDR:   0 MEM_OUT: 414 ACC: 0 BUFF: 414 DC: 0 FLAG_ZERO: False FLAG_LT: 1 FLAG_GT: 0
INPUT_PORT:  []
OUT_PORT:  []
DATA_MEM:  [414, 192]
---------------------------------------
DEBUG    root:machine.py:309 JE 14
TICK: 20046 PC:   8 ADDR:   0 MEM_OUT: 414 ACC: 0 BUFF: 414 DC: 0 FLAG_ZERO: True FLAG_LT: 0 FLAG_GT: 0
INPUT_PORT:  []
OUT_PORT:  []
DATA_MEM:  [414, 192]
---------------------------------------
DEBUG    root:machine.py:309 LD 4
TICK: 20049 PC:  14 ADDR:   0 MEM_OUT: 414 ACC: 0 BUFF: 414 DC: 0 FLAG_ZERO: True FLAG_LT: 0 FLAG_GT: 0
INPUT_PORT:  []
OUT_PORT:  []
DATA_MEM:  [414, 192]
---------------------------------------
DEBUG    root:machine.py:309 INC 
TICK: 20053 PC:  15 ADDR:   1 MEM_OUT: 192 ACC: 192 BUFF: 414 DC: 0 FLAG_ZERO: True FLAG_LT: 0 FLAG_GT: 0
INPUT_PORT:  []
OUT_PORT:  []
DATA_MEM:  [414, 192]
---------------------------------------
DEBUG    root:machine.py:309 ST 4
TICK: 20056 PC:  16 ADDR:   1 MEM_OUT: 192 ACC: 193 BUFF: 414 DC: 0 FLAG_ZERO: True FLAG_LT: 0 FLAG_GT: 0
INPUT_PORT:  []
OUT_PORT:  []
DATA_MEM:  [414, 192]
---------------------------------------
DEBUG    root:machine.py:309 JMP 0
TICK: 20060 PC:  17 ADDR:   1 MEM_OUT: 193 ACC: 193 BUFF: 414 DC: 0 FLAG_ZERO: True FLAG_LT: 0 FLAG_GT: 0
INPUT_PORT:  []
OUT_PORT:  []
DATA_MEM:  [414, 193]
---------------------------------------
DEBUG    root:machine.py:309 LD 0
TICK: 20063 PC:   0 ADDR:   1 MEM_OUT: 193 ACC: 193 BUFF: 414 DC: 0 FLAG_ZERO: True FLAG_LT: 0 FLAG_GT: 0
INPUT_PORT:  []
OUT_PORT:  []
DATA_MEM:  [414, 193]
---------------------------------------
DEBUG    root:machine.py:309 INC 
TICK: 20067 PC:   1 ADDR:   0 MEM_OUT: 414 ACC: 414 BUFF: 414 DC: 0 FLAG_ZERO: True FLAG_LT: 0 FLAG_GT: 0
INPUT_PORT:  []
OUT_PORT:  []
DATA_MEM:  [414, 193]
---------------------------------------
DEBUG    root:machine.py:309 ST 0
TICK: 20070 PC:   2 ADDR:   0 MEM_OUT: 414 ACC: 415 BUFF: 414 DC: 0 FLAG_ZERO: True FLAG_LT: 0 FLAG_GT: 0
INPUT_PORT:  []
OUT_PORT:  []
DATA_MEM:  [414, 193]
---------------------------------------
DEBUG    root:machine.py:309 CMP 1000
TICK: 20074 PC:   3 ADDR:   0 MEM_OUT: 415 ACC: 415 BUFF: 414 DC: 0 FLAG_ZERO: True FLAG_LT: 0 FLAG_GT: 0
INPUT_PORT:  []
OUT_PORT:  []
DATA_MEM:  [415, 193]
---------------------------------------
DEBUG    root:machine.py:309 JGE 22
TICK: 20077 PC:   4 ADDR:   0 MEM_OUT: 415 ACC: 415 BUFF: 414 DC: 0 FLAG_ZERO: False FLAG_LT: 1 FLAG_GT: 0
INPUT_PORT:  []
OUT_PORT:  []
DATA_MEM:  [415, 193]
---------------------------------------
DEBUG    root:machine.py:309 LD 0
TICK: 20080 PC:   5 ADDR:   0 MEM_OUT: 415 ACC: 415 BUFF: 414 DC: 0 FLAG_ZERO: False FLAG_LT: 1 FLAG_GT: 0
INPUT_PORT:  []
OUT_PORT:  []
DATA_MEM:  [415, 193]
---------------------------------------
DEBUG    root:machine.py:309 MOD 3
TICK: 20084 PC:   6 ADDR:   0 MEM_OUT: 415 ACC: 415 BUFF: 414 DC: 0 FLAG_ZERO: False FLAG_LT: 1 FLAG_GT: 0
INPUT_PORT:  []
OUT_PORT:  []
DATA_MEM:  [415, 193]
---------------------------------------
DEBUG    root:machine.py:309 CMP 0
TICK: 20088 PC:   7 ADDR:   0 MEM_OUT: 415 ACC: 1 BUFF: 415 DC: 0 FLAG_ZERO: False FLAG_LT: 1 FLAG_GT: 0
INPUT_PORT:  []
OUT_PORT:  []
DATA_MEM:  [415, 193]
---------------------------------------
DEBUG    root:machine.py:309 JE 14
TICK: 20091 PC:   8 ADDR:   0 MEM_OUT: 415 ACC: 1 BUFF: 415 DC: 0 FLAG_ZERO: False FLAG_LT: 0 FLAG_GT: 1
INPUT_PORT:  []
OUT_PORT:  []
DATA_MEM:  [415, 193]
---------------------------------------
DEBUG    root:machine.py:309 LD 0
TICK: 20094 PC:   9 ADDR:   0 MEM_OUT: 415 ACC: 1 BUFF: 415 DC: 0 FLAG_ZERO: False FLAG_LT: 0 FLAG_GT: 1
INPUT_PORT:  []
OUT_PORT:  []
DATA_MEM:  [415, 193]
---------------------------------------
DEBUG    root:machine.py:309 MOD 5
TICK: 20098 PC:  10 ADDR:   0 MEM_OUT: 415 ACC: 415 BUFF: 415 DC: 0 FLAG_ZERO: False FLAG_LT: 0 FLAG_GT: 1
INPUT_PORT:  []
OUT_PORT:  []
DATA_MEM:  [415, 193]
---------------------------------------
DEBUG    root:machine.py:309 CMP 0
TICK: 20102 PC:  11 ADDR:   0 MEM_OUT: 415 ACC: 0 BUFF: 415 DC: 0 FLAG_ZERO: False FLAG_LT: 0 FLAG_GT: 1
INPUT_PORT:  []
OUT_PORT:  []
DATA_MEM:  [415, 193]
---------------------------------------
DEBUG    root:machine.py:309 JE 18
TICK: 20105 PC:  12 ADDR:   0 MEM_OUT: 415 ACC: 0 BUFF: 415 DC: 0 FLAG_ZERO: True FLAG_LT: 0 FLAG_GT: 0
INPUT_PORT:  []
OUT_PORT:  []
DATA_MEM:  [415, 193]
---------------------------------------
DEBUG    root:machine.py:309 LD 4
TICK: 20108 PC:  18 ADDR:   0 MEM_OUT: 415 ACC: 0 BUFF: 415 DC: 0 FLAG_ZERO: True FLAG_LT: 0 FLAG_GT: 0
INPUT_PORT:  []
OUT_PORT:  []
DATA_MEM:  [415, 193]
---------------------------------------
DEBUG    root:machine.py:309 INC 
TICK: 20112 PC:  19 ADDR:   1 MEM_OUT: 193 ACC: 193 BUFF: 415 DC: 0 FLAG_ZERO: True FLAG_LT: 0 FLAG_GT: 0
INPUT_PORT:  []
OUT_PORT:  []
DATA_MEM:  [415, 193]
---------------------------------------
DEBUG    root:machine.py:309 ST 4
TICK: 20115 PC:  20 ADDR:   1 MEM_OUT: 193 ACC: 194 BUFF: 415 DC: 0 FLAG_ZERO: True FLAG_LT: 0 FLAG_GT: 0
INPUT_PORT:  []
OUT_PORT:  []
DATA_MEM:  [415, 193]
---------------------------------------
DEBUG    root:machine.py:309 JMP 0
TICK: 20119 PC:  21 ADDR:   1 MEM_OUT: 194 ACC: 194 BUFF: 415 DC: 0 FLAG_ZERO: True FLAG_LT: 0 FLAG_GT: 0
INPUT_PORT:  []
OUT_PORT:  []
DATA_MEM:  [415, 194]
---------------------------------------
DEBUG    root:machine.py:309 LD 0
TICK: 20122 PC:   0 ADDR:   1 MEM_OUT: 194 ACC: 194 BUFF: 415 DC: 0 FLAG_ZERO: True FLAG_LT: 0 FLAG_GT: 0
INPUT_PORT:  []
OUT_PORT:  []
DATA_MEM:  [415, 194]
---------------------------------------
DEBUG    root:machine.py:309 INC 
TICK: 20126 PC:   1 ADDR:   0 MEM_OUT: 415 ACC: 415 BUFF: 415 DC: 0 FLAG_ZERO: True FLAG_LT: 0 FLAG_GT: 0
INPUT_PORT:  []
OUT_PORT:  []
DATA_MEM:  [415, 194]
---------------------------------------
DEBUG    root:machine.py:309 ST 0
TICK: 20129 PC:   2 ADDR:   0 MEM_OUT: 415 ACC: 416 BUFF: 415 DC: 0 FLAG_ZERO: True FLAG_LT: 0 FLAG_GT: 0
INPUT_PORT:  []
OUT_PORT:  []
DATA_MEM:  [415, 194]
---------------------------------------
DEBUG    root:machine.py:309 CMP 1000
TICK: 20133 PC:   3 ADDR:   0 MEM_OUT: 416 ACC: 416 BUFF: 415 DC: 0 FLAG_ZERO: True FLAG_LT: 0 FLAG_GT: 0
INPUT_PORT:  []
OUT_PORT:  []
DATA_MEM:  [416, 194]
---------------------------------------
DEBUG    root:machine.py:309 JGE 22
TICK: 20136 PC:   4 ADDR:   0 MEM_OUT: 416 ACC: 416 BUFF: 415 DC: 0 FLAG_ZERO: False FLAG_LT: 1 FLAG_GT: 0
INPUT_PORT:  []
OUT_PORT:  []
DATA_MEM:  [416, 194]
---------------------------------------
DEBUG    root:machine.py:309 LD 0
TICK: 20139 PC:   5 ADDR:   0 MEM_OUT: 416 ACC: 416 BUFF: 415 DC: 0 FLAG_ZERO: False FLAG_LT: 1 FLAG_GT: 0
INPUT_PORT:  []
OUT_PORT:  []
DATA_MEM:  [416, 194]
---------------------------------------
DEBUG    root:machine.py:309 MOD 3
TICK: 20143 PC:   6 ADDR:   0 MEM_OUT: 416 ACC: 416 BUFF: 415 DC: 0 FLAG_ZERO: False FLAG_LT: 1 FLAG_GT: 0
INPUT_PORT:  []
OUT_PORT:  []
DATA_MEM:  [416, 194]
---------------------------------------
DEBUG    root:machine.py:309 CMP 0
TICK: 20147 PC:   7 ADDR:   0 MEM_OUT: 416 ACC: 2 BUFF: 416 DC: 0 FLAG_ZERO: False FLAG_LT: 1 FLAG_GT: 0
INPUT_PORT:  []
OUT_PORT:  []
DATA_MEM:  [416, 194]
---------------------------------------
DEBUG    root:machine.py:309 JE 14
TICK: 20150 PC:   8 ADDR:   0 MEM_OUT: 416 ACC: 2 BUFF: 416 DC: 0 FLAG_ZERO: False FLAG_LT: 0 FLAG_GT: 1
INPUT_PORT:  []
OUT_PORT:  []
DATA_MEM:  [416, 194]
---------------------------------------
DEBUG    root:machine.py:309 LD 0
TICK: 20153 PC:   9 ADDR:   0 MEM_OUT: 416 ACC: 2 BUFF: 416 DC: 0 FLAG_ZERO: False FLAG_LT: 0 FLAG_GT: 1
INPUT_PORT:  []
OUT_PORT:  []
DATA_MEM:  [416, 194]
---------------------------------------
DEBUG    root:machine.py:309 MOD 5
TICK: 20157 PC:  10 ADDR:   0 MEM_OUT: 416 ACC: 416 BUFF: 416 DC: 0 FLAG_ZERO: False FLAG_LT: 0 FLAG_GT: 1
INPUT_PORT:  []
OUT_PORT:  []
DATA_MEM:  [416, 194]
---------------------------------------
DEBUG    root:machine.py:309 CMP 0
TICK: 20161 PC:  11 ADDR:   0 MEM_OUT: 416 ACC: 1 BUFF: 416 DC: 0 FLAG_ZERO: False FLAG_LT: 0 FLAG_GT: 1
INPUT_PORT:  []
OUT_PORT:  []
DATA_MEM:  [416, 194]
---------------------------------------
DEBUG    root:machine.py:309 JE 18
TICK: 20164 PC:  12 ADDR:   0 MEM_OUT: 416 ACC: 1 BUFF: 416 DC: 0 FLAG_ZERO: False FLAG_LT: 0 FLAG_GT: 1
INPUT_PORT:  []
OUT_PORT:  []
DATA_MEM:  [416, 194]
---------------------------------------
DEBUG    root:machine.py:309 JMP 0
TICK: 20167 PC:  13 ADDR:   0 MEM_OUT: 416 ACC: 1 BUFF: 416 DC: 0 FLAG_ZERO: False FLAG_LT: 0 FLAG_GT: 1
INPUT_PORT:  []
OUT_PORT:  []
DATA_MEM:  [416, 194]
---------------------------------------
DEBUG    root:machine.py:309 LD 0
TICK: 20170 PC:   0 ADDR:   0 MEM_OUT: 416 ACC: 1 BUFF: 416 DC: 0 FLAG_ZERO: False FLAG_LT: 0 FLAG_GT: 1
INPUT_PORT:  []
OUT_PORT:  []
DATA_MEM:  [416, 194]
---------------------------------------
DEBUG    root:machine.py:309 INC 
TICK: 20174 PC:   1 ADDR:   0 MEM_OUT: 416 ACC: 416 BUFF: 416 DC: 0 FLAG_ZERO: False FLAG_LT: 0 FLAG_GT: 1
INPUT_PORT:  []
OUT_PORT:  []
DATA_MEM:  [416, 194]
---------------------------------------
DEBUG    root:machine.py:309 ST 0
TICK: 20177 PC:   2 ADDR:   0 MEM_OUT: 416 ACC: 417 BUFF: 416 DC: 0 FLAG_ZERO: False FLAG_LT: 0 FLAG_GT: 1
INPUT_PORT:  []
OUT_PORT:  []
DATA_MEM:  [416, 194]
---------------------------------------
DEBUG    root:machine.py:309 CMP 1000
TICK: 20181 PC:   3 ADDR:   0 MEM_OUT: 417 ACC: 417 BUFF: 416 DC: 0 FLAG_ZERO: False FLAG_LT: 0 FLAG_GT: 1
INPUT_PORT:  []
OUT_PORT:  []
DATA_MEM:  [417, 194]
---------------------------------------
DEBUG    root:machine.py:309 JGE 22
TICK: 20184 PC:   4 ADDR:   0 MEM_OUT: 417 ACC: 417 BUFF: 416 DC: 0 FLAG_ZERO: False FLAG_LT: 1 FLAG_GT: 0
INPUT_PORT:  []
OUT_PORT:  []
DATA_MEM:  [417, 194]
---------------------------------------
DEBUG    root:machine.py:309 LD 0
TICK: 20187 PC:   5 ADDR:   0 MEM_OUT: 417 ACC: 417 BUFF: 416 DC: 0 FLAG_ZERO: False FLAG_LT: 1 FLAG_GT: 0
INPUT_PORT:  []
OUT_PORT:  []
DATA_MEM:  [417, 194]
---------------------------------------
DEBUG    root:machine.py:309 MOD 3
TICK: 20191 PC:   6 ADDR:   0 MEM_OUT: 417 ACC: 417 BUFF: 416 DC: 0 FLAG_ZERO: False FLAG_LT: 1 FLAG_GT: 0
INPUT_PORT:  []
OUT_PORT:  []
DATA_MEM:  [417, 194]
---------------------------------------
DEBUG    root:machine.py:309 CMP 0
TICK: 20195 PC:   7 ADDR:   0 MEM_OUT: 417 ACC: 0 BUFF: 417 DC: 0 FLAG_ZERO: False FLAG_LT: 1 FLAG_GT: 0
INPUT_PORT:  []
OUT_PORT:  []
DATA_MEM:  [417, 194]
---------------------------------------
DEBUG    root:machine.py:309 JE 14
TICK: 20198 PC:   8 ADDR:   0 MEM_OUT: 417 ACC: 0 BUFF: 417 DC: 0 FLAG_ZERO: True FLAG_LT: 0 FLAG_GT: 0
INPUT_PORT:  []
OUT_PORT:  []
DATA_MEM:  [417, 194]
---------------------------------------
DEBUG    root:machine.py:309 LD 4
TICK: 20201 PC:  14 ADDR:   0 MEM_OUT: 417 ACC: 0 BUFF: 417 DC: 0 FLAG_ZERO: True FLAG_LT: 0 FLAG_GT: 0
INPUT_PORT:  []
OUT_PORT:  []
DATA_MEM:  [417, 194]
---------------------------------------
DEBUG    root:machine.py:309 INC 
TICK: 20205 PC:  15 ADDR:   1 MEM_OUT: 194 ACC: 194 BUFF: 417 DC: 0 FLAG_ZERO: True FLAG_LT: 0 FLAG_GT: 0
INPUT_PORT:  []
OUT_PORT:  []
DATA_MEM:  [417, 194]
---------------------------------------
DEBUG    root:machine.py:309 ST 4
TICK: 20208 PC:  16 ADDR:   1 MEM_OUT: 194 ACC: 195 BUFF: 417 DC: 0 FLAG_ZERO: True FLAG_LT: 0 FLAG_GT: 0
INPUT_PORT:  []
OUT_PORT:  []
DATA_MEM:  [417, 194]
---------------------------------------
DEBUG    root:machine.py:309 JMP 0
TICK: 20212 PC:  17 ADDR:   1 MEM_OUT: 195 ACC: 195 BUFF: 417 DC: 0 FLAG_ZERO: True FLAG_LT: 0 FLAG_GT: 0
INPUT_PORT:  []
OUT_PORT:  []
DATA_MEM:  [417, 195]
---------------------------------------
DEBUG    root:machine.py:309 LD 0
TICK: 20215 PC:   0 ADDR:   1 MEM_OUT: 195 ACC: 195 BUFF: 417 DC: 0 FLAG_ZERO: True FLAG_LT: 0 FLAG_GT: 0
INPUT_PORT:  []
OUT_PORT:  []
DATA_MEM:  [417, 195]
---------------------------------------
DEBUG    root:machine.py:309 INC 
TICK: 20219 PC:   1 ADDR:   0 MEM_OUT: 417 ACC: 417 BUFF: 417 DC: 0 FLAG_ZERO: True FLAG_LT: 0 FLAG_GT: 0
INPUT_PORT:  []
OUT_PORT:  []
DATA_MEM:  [417, 195]
---------------------------------------
DEBUG    root:machine.py:309 ST 0
TICK: 20222 PC:   2 ADDR:   0 MEM_OUT: 417 ACC: 418 BUFF: 417 DC: 0 FLAG_ZERO: True FLAG_LT: 0 FLAG_GT: 0
INPUT_PORT:  []
OUT_PORT:  []
DATA_MEM:  [417, 195]
---------------------------------------
DEBUG    root:machine.py:309 CMP 1000
TICK: 20226 PC:   3 ADDR:   0 MEM_OUT: 418 ACC: 418 BUFF: 417 DC: 0 FLAG_ZERO: True FLAG_LT: 0 FLAG_GT: 0
INPUT_PORT:  []
OUT_PORT:  []
DATA_MEM:  [418, 195]
---------------------------------------
DEBUG    root:machine.py:309 JGE 22
TICK: 20229 PC:   4 ADDR:   0 MEM_OUT: 418 ACC: 418 BUFF: 417 DC: 0 FLAG_ZERO: False FLAG_LT: 1 FLAG_GT: 0
INPUT_PORT:  []
OUT_PORT:  []
DATA_MEM:  [418, 195]
---------------------------------------
DEBUG    root:machine.py:309 LD 0
TICK: 20232 PC:   5 ADDR:   0 MEM_OUT: 418 ACC: 418 BUFF: 417 DC: 0 FLAG_ZERO: False FLAG_LT: 1 FLAG_GT: 0
INPUT_PORT:  []
OUT_PORT:  []
DATA_MEM:  [418, 195]
---------------------------------------
DEBUG    root:machine.py:309 MOD 3
TICK: 20236 PC:   6 ADDR:   0 MEM_OUT: 418 ACC: 418 BUFF: 417 DC: 0 FLAG_ZERO: False FLAG_LT: 1 FLAG_GT: 0
INPUT_PORT:  []
OUT_PORT:  []
DATA_MEM:  [418, 195]
---------------------------------------
DEBUG    root:machine.py:309 CMP 0
TICK: 20240 PC:   7 ADDR:   0 MEM_OUT: 418 ACC: 1 BUFF: 418 DC: 0 FLAG_ZERO: False FLAG_LT: 1 FLAG_GT: 0
INPUT_PORT:  []
OUT_PORT:  []
DATA_MEM:  [418, 195]
---------------------------------------
DEBUG    root:machine.py:309 JE 14
TICK: 20243 PC:   8 ADDR:   0 MEM_OUT: 418 ACC: 1 BUFF: 418 DC: 0 FLAG_ZERO: False FLAG_LT: 0 FLAG_GT: 1
INPUT_PORT:  []
OUT_PORT:  []
DATA_MEM:  [418, 195]
---------------------------------------
DEBUG    root:machine.py:309 LD 0
TICK: 20246 PC:   9 ADDR:   0 MEM_OUT: 418 ACC: 1 BUFF: 418 DC: 0 FLAG_ZERO: False FLAG_LT: 0 FLAG_GT: 1
INPUT_PORT:  []
OUT_PORT:  []
DATA_MEM:  [418, 195]
---------------------------------------
DEBUG    root:machine.py:309 MOD 5
TICK: 20250 PC:  10 ADDR:   0 MEM_OUT: 418 ACC: 418 BUFF: 418 DC: 0 FLAG_ZERO: False FLAG_LT: 0 FLAG_GT: 1
INPUT_PORT:  []
OUT_PORT:  []
DATA_MEM:  [418, 195]
---------------------------------------
DEBUG    root:machine.py:309 CMP 0
TICK: 20254 PC:  11 ADDR:   0 MEM_OUT: 418 ACC: 3 BUFF: 418 DC: 0 FLAG_ZERO: False FLAG_LT: 0 FLAG_GT: 1
INPUT_PORT:  []
OUT_PORT:  []
DATA_MEM:  [418, 195]
---------------------------------------
DEBUG    root:machine.py:309 JE 18
TICK: 20257 PC:  12 ADDR:   0 MEM_OUT: 418 ACC: 3 BUFF: 418 DC: 0 FLAG_ZERO: False FLAG_LT: 0 FLAG_GT: 1
INPUT_PORT:  []
OUT_PORT:  []
DATA_MEM:  [418, 195]
---------------------------------------
DEBUG    root:machine.py:309 JMP 0
TICK: 20260 PC:  13 ADDR:   0 MEM_OUT: 418 ACC: 3 BUFF: 418 DC: 0 FLAG_ZERO: False FLAG_LT: 0 FLAG_GT: 1
INPUT_PORT:  []
OUT_PORT:  []
DATA_MEM:  [418, 195]
---------------------------------------
DEBUG    root:machine.py:309 LD 0
TICK: 20263 PC:   0 ADDR:   0 MEM_OUT: 418 ACC: 3 BUFF: 418 DC: 0 FLAG_ZERO: False FLAG_LT: 0 FLAG_GT: 1
INPUT_PORT:  []
OUT_PORT:  []
DATA_MEM:  [418, 195]
---------------------------------------
DEBUG    root:machine.py:309 INC 
TICK: 20267 PC:   1 ADDR:   0 MEM_OUT: 418 ACC: 418 BUFF: 418 DC: 0 FLAG_ZERO: False FLAG_LT: 0 FLAG_GT: 1
INPUT_PORT:  []
OUT_PORT:  []
DATA_MEM:  [418, 195]
---------------------------------------
DEBUG    root:machine.py:309 ST 0
TICK: 20270 PC:   2 ADDR:   0 MEM_OUT: 418 ACC: 419 BUFF: 418 DC: 0 FLAG_ZERO: False FLAG_LT: 0 FLAG_GT: 1
INPUT_PORT:  []
OUT_PORT:  []
DATA_MEM:  [418, 195]
---------------------------------------
DEBUG    root:machine.py:309 CMP 1000
TICK: 20274 PC:   3 ADDR:   0 MEM_OUT: 419 ACC: 419 BUFF: 418 DC: 0 FLAG_ZERO: False FLAG_LT: 0 FLAG_GT: 1
INPUT_PORT:  []
OUT_PORT:  []
DATA_MEM:  [419, 195]
---------------------------------------
DEBUG    root:machine.py:309 JGE 22
TICK: 20277 PC:   4 ADDR:   0 MEM_OUT: 419 ACC: 419 BUFF: 418 DC: 0 FLAG_ZERO: False FLAG_LT: 1 FLAG_GT: 0
INPUT_PORT:  []
OUT_PORT:  []
DATA_MEM:  [419, 195]
---------------------------------------
DEBUG    root:machine.py:309 LD 0
TICK: 20280 PC:   5 ADDR:   0 MEM_OUT: 419 ACC: 419 BUFF: 418 DC: 0 FLAG_ZERO: False FLAG_LT: 1 FLAG_GT: 0
INPUT_PORT:  []
OUT_PORT:  []
DATA_MEM:  [419, 195]
---------------------------------------
DEBUG    root:machine.py:309 MOD 3
TICK: 20284 PC:   6 ADDR:   0 MEM_OUT: 419 ACC: 419 BUFF: 418 DC: 0 FLAG_ZERO: False FLAG_LT: 1 FLAG_GT: 0
INPUT_PORT:  []
OUT_PORT:  []
DATA_MEM:  [419, 195]
---------------------------------------
DEBUG    root:machine.py:309 CMP 0
TICK: 20288 PC:   7 ADDR:   0 MEM_OUT: 419 ACC: 2 BUFF: 419 DC: 0 FLAG_ZERO: False FLAG_LT: 1 FLAG_GT: 0
INPUT_PORT:  []
OUT_PORT:  []
DATA_MEM:  [419, 195]
---------------------------------------
DEBUG    root:machine.py:309 JE 14
TICK: 20291 PC:   8 ADDR:   0 MEM_OUT: 419 ACC: 2 BUFF: 419 DC: 0 FLAG_ZERO: False FLAG_LT: 0 FLAG_GT: 1
INPUT_PORT:  []
OUT_PORT:  []
DATA_MEM:  [419, 195]
---------------------------------------
DEBUG    root:machine.py:309 LD 0
TICK: 20294 PC:   9 ADDR:   0 MEM_OUT: 419 ACC: 2 BUFF: 419 DC: 0 FLAG_ZERO: False FLAG_LT: 0 FLAG_GT: 1
INPUT_PORT:  []
OUT_PORT:  []
DATA_MEM:  [419, 195]
---------------------------------------
DEBUG    root:machine.py:309 MOD 5
TICK: 20298 PC:  10 ADDR:   0 MEM_OUT: 419 ACC: 419 BUFF: 419 DC: 0 FLAG_ZERO: False FLAG_LT: 0 FLAG_GT: 1
INPUT_PORT:  []
OUT_PORT:  []
DATA_MEM:  [419, 195]
---------------------------------------
DEBUG    root:machine.py:309 CMP 0
TICK: 20302 PC:  11 ADDR:   0 MEM_OUT: 419 ACC: 4 BUFF: 419 DC: 0 FLAG_ZERO: False FLAG_LT: 0 FLAG_GT: 1
INPUT_PORT:  []
OUT_PORT:  []
DATA_MEM:  [419, 195]
---------------------------------------
DEBUG    root:machine.py:309 JE 18
TICK: 20305 PC:  12 ADDR:   0 MEM_OUT: 419 ACC: 4 BUFF: 419 DC: 0 FLAG_ZERO: False FLAG_LT: 0 FLAG_GT: 1
INPUT_PORT:  []
OUT_PORT:  []
DATA_MEM:  [419, 195]
---------------------------------------
DEBUG    root:machine.py:309 JMP 0
TICK: 20308 PC:  13 ADDR:   0 MEM_OUT: 419 ACC: 4 BUFF: 419 DC: 0 FLAG_ZERO: False FLAG_LT: 0 FLAG_GT: 1
INPUT_PORT:  []
OUT_PORT:  []
DATA_MEM:  [419, 195]
---------------------------------------
DEBUG    root:machine.py:309 LD 0
TICK: 20311 PC:   0 ADDR:   0 MEM_OUT: 419 ACC: 4 BUFF: 419 DC: 0 FLAG_ZERO: False FLAG_LT: 0 FLAG_GT: 1
INPUT_PORT:  []
OUT_PORT:  []
DATA_MEM:  [419, 195]
---------------------------------------
DEBUG    root:machine.py:309 INC 
TICK: 20315 PC:   1 ADDR:   0 MEM_OUT: 419 ACC: 419 BUFF: 419 DC: 0 FLAG_ZERO: False FLAG_LT: 0 FLAG_GT: 1
INPUT_PORT:  []
OUT_PORT:  []
DATA_MEM:  [419, 195]
---------------------------------------
DEBUG    root:machine.py:309 ST 0
TICK: 20318 PC:   2 ADDR:   0 MEM_OUT: 419 ACC: 420 BUFF: 419 DC: 0 FLAG_ZERO: False FLAG_LT: 0 FLAG_GT: 1
INPUT_PORT:  []
OUT_PORT:  []
DATA_MEM:  [419, 195]
---------------------------------------
DEBUG    root:machine.py:309 CMP 1000
TICK: 20322 PC:   3 ADDR:   0 MEM_OUT: 420 ACC: 420 BUFF: 419 DC: 0 FLAG_ZERO: False FLAG_LT: 0 FLAG_GT: 1
INPUT_PORT:  []
OUT_PORT:  []
DATA_MEM:  [420, 195]
---------------------------------------
DEBUG    root:machine.py:309 JGE 22
TICK: 20325 PC:   4 ADDR:   0 MEM_OUT: 420 ACC: 420 BUFF: 419 DC: 0 FLAG_ZERO: False FLAG_LT: 1 FLAG_GT: 0
INPUT_PORT:  []
OUT_PORT:  []
DATA_MEM:  [420, 195]
---------------------------------------
DEBUG    root:machine.py:309 LD 0
TICK: 20328 PC:   5 ADDR:   0 MEM_OUT: 420 ACC: 420 BUFF: 419 DC: 0 FLAG_ZERO: False FLAG_LT: 1 FLAG_GT: 0
INPUT_PORT:  []
OUT_PORT:  []
DATA_MEM:  [420, 195]
---------------------------------------
DEBUG    root:machine.py:309 MOD 3
TICK: 20332 PC:   6 ADDR:   0 MEM_OUT: 420 ACC: 420 BUFF: 419 DC: 0 FLAG_ZERO: False FLAG_LT: 1 FLAG_GT: 0
INPUT_PORT:  []
OUT_PORT:  []
DATA_MEM:  [420, 195]
---------------------------------------
DEBUG    root:machine.py:309 CMP 0
TICK: 20336 PC:   7 ADDR:   0 MEM_OUT: 420 ACC: 0 BUFF: 420 DC: 0 FLAG_ZERO: False FLAG_LT: 1 FLAG_GT: 0
INPUT_PORT:  []
OUT_PORT:  []
DATA_MEM:  [420, 195]
---------------------------------------
DEBUG    root:machine.py:309 JE 14
TICK: 20339 PC:   8 ADDR:   0 MEM_OUT: 420 ACC: 0 BUFF: 420 DC: 0 FLAG_ZERO: True FLAG_LT: 0 FLAG_GT: 0
INPUT_PORT:  []
OUT_PORT:  []
DATA_MEM:  [420, 195]
---------------------------------------
DEBUG    root:machine.py:309 LD 4
TICK: 20342 PC:  14 ADDR:   0 MEM_OUT: 420 ACC: 0 BUFF: 420 DC: 0 FLAG_ZERO: True FLAG_LT: 0 FLAG_GT: 0
INPUT_PORT:  []
OUT_PORT:  []
DATA_MEM:  [420, 195]
---------------------------------------
DEBUG    root:machine.py:309 INC 
TICK: 20346 PC:  15 ADDR:   1 MEM_OUT: 195 ACC: 195 BUFF: 420 DC: 0 FLAG_ZERO: True FLAG_LT: 0 FLAG_GT: 0
INPUT_PORT:  []
OUT_PORT:  []
DATA_MEM:  [420, 195]
---------------------------------------
DEBUG    root:machine.py:309 ST 4
TICK: 20349 PC:  16 ADDR:   1 MEM_OUT: 195 ACC: 196 BUFF: 420 DC: 0 FLAG_ZERO: True FLAG_LT: 0 FLAG_GT: 0
INPUT_PORT:  []
OUT_PORT:  []
DATA_MEM:  [420, 195]
---------------------------------------
DEBUG    root:machine.py:309 JMP 0
TICK: 20353 PC:  17 ADDR:   1 MEM_OUT: 196 ACC: 196 BUFF: 420 DC: 0 FLAG_ZERO: True FLAG_LT: 0 FLAG_GT: 0
INPUT_PORT:  []
OUT_PORT:  []
DATA_MEM:  [420, 196]
---------------------------------------
DEBUG    root:machine.py:309 LD 0
TICK: 20356 PC:   0 ADDR:   1 MEM_OUT: 196 ACC: 196 BUFF: 420 DC: 0 FLAG_ZERO: True FLAG_LT: 0 FLAG_GT: 0
INPUT_PORT:  []
OUT_PORT:  []
DATA_MEM:  [420, 196]
---------------------------------------
DEBUG    root:machine.py:309 INC 
TICK: 20360 PC:   1 ADDR:   0 MEM_OUT: 420 ACC: 420 BUFF: 420 DC: 0 FLAG_ZERO: True FLAG_LT: 0 FLAG_GT: 0
INPUT_PORT:  []
OUT_PORT:  []
DATA_MEM:  [420, 196]
---------------------------------------
DEBUG    root:machine.py:309 ST 0
TICK: 20363 PC:   2 ADDR:   0 MEM_OUT: 420 ACC: 421 BUFF: 420 DC: 0 FLAG_ZERO: True FLAG_LT: 0 FLAG_GT: 0
INPUT_PORT:  []
OUT_PORT:  []
DATA_MEM:  [420, 196]
---------------------------------------
DEBUG    root:machine.py:309 CMP 1000
TICK: 20367 PC:   3 ADDR:   0 MEM_OUT: 421 ACC: 421 BUFF: 420 DC: 0 FLAG_ZERO: True FLAG_LT: 0 FLAG_GT: 0
INPUT_PORT:  []
OUT_PORT:  []
DATA_MEM:  [421, 196]
---------------------------------------
DEBUG    root:machine.py:309 JGE 22
TICK: 20370 PC:   4 ADDR:   0 MEM_OUT: 421 ACC: 421 BUFF: 420 DC: 0 FLAG_ZERO: False FLAG_LT: 1 FLAG_GT: 0
INPUT_PORT:  []
OUT_PORT:  []
DATA_MEM:  [421, 196]
---------------------------------------
DEBUG    root:machine.py:309 LD 0
TICK: 20373 PC:   5 ADDR:   0 MEM_OUT: 421 ACC: 421 BUFF: 420 DC: 0 FLAG_ZERO: False FLAG_LT: 1 FLAG_GT: 0
INPUT_PORT:  []
OUT_PORT:  []
DATA_MEM:  [421, 196]
---------------------------------------
DEBUG    root:machine.py:309 MOD 3
TICK: 20377 PC:   6 ADDR:   0 MEM_OUT: 421 ACC: 421 BUFF: 420 DC: 0 FLAG_ZERO: False FLAG_LT: 1 FLAG_GT: 0
INPUT_PORT:  []
OUT_PORT:  []
DATA_MEM:  [421, 196]
---------------------------------------
DEBUG    root:machine.py:309 CMP 0
TICK: 20381 PC:   7 ADDR:   0 MEM_OUT: 421 ACC: 1 BUFF: 421 DC: 0 FLAG_ZERO: False FLAG_LT: 1 FLAG_GT: 0
INPUT_PORT:  []
OUT_PORT:  []
DATA_MEM:  [421, 196]
---------------------------------------
DEBUG    root:machine.py:309 JE 14
TICK: 20384 PC:   8 ADDR:   0 MEM_OUT: 421 ACC: 1 BUFF: 421 DC: 0 FLAG_ZERO: False FLAG_LT: 0 FLAG_GT: 1
INPUT_PORT:  []
OUT_PORT:  []
DATA_MEM:  [421, 196]
---------------------------------------
DEBUG    root:machine.py:309 LD 0
TICK: 20387 PC:   9 ADDR:   0 MEM_OUT: 421 ACC: 1 BUFF: 421 DC: 0 FLAG_ZERO: False FLAG_LT: 0 FLAG_GT: 1
INPUT_PORT:  []
OUT_PORT:  []
DATA_MEM:  [421, 196]
---------------------------------------
DEBUG    root:machine.py:309 MOD 5
TICK: 20391 PC:  10 ADDR:   0 MEM_OUT: 421 ACC: 421 BUFF: 421 DC: 0 FLAG_ZERO: False FLAG_LT: 0 FLAG_GT: 1
INPUT_PORT:  []
OUT_PORT:  []
DATA_MEM:  [421, 196]
---------------------------------------
DEBUG    root:machine.py:309 CMP 0
TICK: 20395 PC:  11 ADDR:   0 MEM_OUT: 421 ACC: 1 BUFF: 421 DC: 0 FLAG_ZERO: False FLAG_LT: 0 FLAG_GT: 1
INPUT_PORT:  []
OUT_PORT:  []
DATA_MEM:  [421, 196]
---------------------------------------
DEBUG    root:machine.py:309 JE 18
TICK: 20398 PC:  12 ADDR:   0 MEM_OUT: 421 ACC: 1 BUFF: 421 DC: 0 FLAG_ZERO: False FLAG_LT: 0 FLAG_GT: 1
INPUT_PORT:  []
OUT_PORT:  []
DATA_MEM:  [421, 196]
---------------------------------------
DEBUG    root:machine.py:309 JMP 0
TICK: 20401 PC:  13 ADDR:   0 MEM_OUT: 421 ACC: 1 BUFF: 421 DC: 0 FLAG_ZERO: False FLAG_LT: 0 FLAG_GT: 1
INPUT_PORT:  []
OUT_PORT:  []
DATA_MEM:  [421, 196]
---------------------------------------
DEBUG    root:machine.py:309 LD 0
TICK: 20404 PC:   0 ADDR:   0 MEM_OUT: 421 ACC: 1 BUFF: 421 DC: 0 FLAG_ZERO: False FLAG_LT: 0 FLAG_GT: 1
INPUT_PORT:  []
OUT_PORT:  []
DATA_MEM:  [421, 196]
---------------------------------------
DEBUG    root:machine.py:309 INC 
TICK: 20408 PC:   1 ADDR:   0 MEM_OUT: 421 ACC: 421 BUFF: 421 DC: 0 FLAG_ZERO: False FLAG_LT: 0 FLAG_GT: 1
INPUT_PORT:  []
OUT_PORT:  []
DATA_MEM:  [421, 196]
---------------------------------------
DEBUG    root:machine.py:309 ST 0
TICK: 20411 PC:   2 ADDR:   0 MEM_OUT: 421 ACC: 422 BUFF: 421 DC: 0 FLAG_ZERO: False FLAG_LT: 0 FLAG_GT: 1
INPUT_PORT:  []
OUT_PORT:  []
DATA_MEM:  [421, 196]
---------------------------------------
DEBUG    root:machine.py:309 CMP 1000
TICK: 20415 PC:   3 ADDR:   0 MEM_OUT: 422 ACC: 422 BUFF: 421 DC: 0 FLAG_ZERO: False FLAG_LT: 0 FLAG_GT: 1
INPUT_PORT:  []
OUT_PORT:  []
DATA_MEM:  [422, 196]
---------------------------------------
DEBUG    root:machine.py:309 JGE 22
TICK: 20418 PC:   4 ADDR:   0 MEM_OUT: 422 ACC: 422 BUFF: 421 DC: 0 FLAG_ZERO: False FLAG_LT: 1 FLAG_GT: 0
INPUT_PORT:  []
OUT_PORT:  []
DATA_MEM:  [422, 196]
---------------------------------------
DEBUG    root:machine.py:309 LD 0
TICK: 20421 PC:   5 ADDR:   0 MEM_OUT: 422 ACC: 422 BUFF: 421 DC: 0 FLAG_ZERO: False FLAG_LT: 1 FLAG_GT: 0
INPUT_PORT:  []
OUT_PORT:  []
DATA_MEM:  [422, 196]
---------------------------------------
DEBUG    root:machine.py:309 MOD 3
TICK: 20425 PC:   6 ADDR:   0 MEM_OUT: 422 ACC: 422 BUFF: 421 DC: 0 FLAG_ZERO: False FLAG_LT: 1 FLAG_GT: 0
INPUT_PORT:  []
OUT_PORT:  []
DATA_MEM:  [422, 196]
---------------------------------------
DEBUG    root:machine.py:309 CMP 0
TICK: 20429 PC:   7 ADDR:   0 MEM_OUT: 422 ACC: 2 BUFF: 422 DC: 0 FLAG_ZERO: False FLAG_LT: 1 FLAG_GT: 0
INPUT_PORT:  []
OUT_PORT:  []
DATA_MEM:  [422, 196]
---------------------------------------
DEBUG    root:machine.py:309 JE 14
TICK: 20432 PC:   8 ADDR:   0 MEM_OUT: 422 ACC: 2 BUFF: 422 DC: 0 FLAG_ZERO: False FLAG_LT: 0 FLAG_GT: 1
INPUT_PORT:  []
OUT_PORT:  []
DATA_MEM:  [422, 196]
---------------------------------------
DEBUG    root:machine.py:309 LD 0
TICK: 20435 PC:   9 ADDR:   0 MEM_OUT: 422 ACC: 2 BUFF: 422 DC: 0 FLAG_ZERO: False FLAG_LT: 0 FLAG_GT: 1
INPUT_PORT:  []
OUT_PORT:  []
DATA_MEM:  [422, 196]
---------------------------------------
DEBUG    root:machine.py:309 MOD 5
TICK: 20439 PC:  10 ADDR:   0 MEM_OUT: 422 ACC: 422 BUFF: 422 DC: 0 FLAG_ZERO: False FLAG_LT: 0 FLAG_GT: 1
INPUT_PORT:  []
OUT_PORT:  []
DATA_MEM:  [422, 196]
---------------------------------------
DEBUG    root:machine.py:309 CMP 0
TICK: 20443 PC:  11 ADDR:   0 MEM_OUT: 422 ACC: 2 BUFF: 422 DC: 0 FLAG_ZERO: False FLAG_LT: 0 FLAG_GT: 1
INPUT_PORT:  []
OUT_PORT:  []
DATA_MEM:  [422, 196]
---------------------------------------
DEBUG    root:machine.py:309 JE 18
TICK: 20446 PC:  12 ADDR:   0 MEM_OUT: 422 ACC: 2 BUFF: 422 DC: 0 FLAG_ZERO: False FLAG_LT: 0 FLAG_GT: 1
INPUT_PORT:  []
OUT_PORT:  []
DATA_MEM:  [422, 196]
---------------------------------------
DEBUG    root:machine.py:309 JMP 0
TICK: 20449 PC:  13 ADDR:   0 MEM_OUT: 422 ACC: 2 BUFF: 422 DC: 0 FLAG_ZERO: False FLAG_LT: 0 FLAG_GT: 1
INPUT_PORT:  []
OUT_PORT:  []
DATA_MEM:  [422, 196]
---------------------------------------
DEBUG    root:machine.py:309 LD 0
TICK: 20452 PC:   0 ADDR:   0 MEM_OUT: 422 ACC: 2 BUFF: 422 DC: 0 FLAG_ZERO: False FLAG_LT: 0 FLAG_GT: 1
INPUT_PORT:  []
OUT_PORT:  []
DATA_MEM:  [422, 196]
---------------------------------------
DEBUG    root:machine.py:309 INC 
TICK: 20456 PC:   1 ADDR:   0 MEM_OUT: 422 ACC: 422 BUFF: 422 DC: 0 FLAG_ZERO: False FLAG_LT: 0 FLAG_GT: 1
INPUT_PORT:  []
OUT_PORT:  []
DATA_MEM:  [422, 196]
---------------------------------------
DEBUG    root:machine.py:309 ST 0
TICK: 20459 PC:   2 ADDR:   0 MEM_OUT: 422 ACC: 423 BUFF: 422 DC: 0 FLAG_ZERO: False FLAG_LT: 0 FLAG_GT: 1
INPUT_PORT:  []
OUT_PORT:  []
DATA_MEM:  [422, 196]
---------------------------------------
DEBUG    root:machine.py:309 CMP 1000
TICK: 20463 PC:   3 ADDR:   0 MEM_OUT: 423 ACC: 423 BUFF: 422 DC: 0 FLAG_ZERO: False FLAG_LT: 0 FLAG_GT: 1
INPUT_PORT:  []
OUT_PORT:  []
DATA_MEM:  [423, 196]
---------------------------------------
DEBUG    root:machine.py:309 JGE 22
TICK: 20466 PC:   4 ADDR:   0 MEM_OUT: 423 ACC: 423 BUFF: 422 DC: 0 FLAG_ZERO: False FLAG_LT: 1 FLAG_GT: 0
INPUT_PORT:  []
OUT_PORT:  []
DATA_MEM:  [423, 196]
---------------------------------------
DEBUG    root:machine.py:309 LD 0
TICK: 20469 PC:   5 ADDR:   0 MEM_OUT: 423 ACC: 423 BUFF: 422 DC: 0 FLAG_ZERO: False FLAG_LT: 1 FLAG_GT: 0
INPUT_PORT:  []
OUT_PORT:  []
DATA_MEM:  [423, 196]
---------------------------------------
DEBUG    root:machine.py:309 MOD 3
TICK: 20473 PC:   6 ADDR:   0 MEM_OUT: 423 ACC: 423 BUFF: 422 DC: 0 FLAG_ZERO: False FLAG_LT: 1 FLAG_GT: 0
INPUT_PORT:  []
OUT_PORT:  []
DATA_MEM:  [423, 196]
---------------------------------------
DEBUG    root:machine.py:309 CMP 0
TICK: 20477 PC:   7 ADDR:   0 MEM_OUT: 423 ACC: 0 BUFF: 423 DC: 0 FLAG_ZERO: False FLAG_LT: 1 FLAG_GT: 0
INPUT_PORT:  []
OUT_PORT:  []
DATA_MEM:  [423, 196]
---------------------------------------
DEBUG    root:machine.py:309 JE 14
TICK: 20480 PC:   8 ADDR:   0 MEM_OUT: 423 ACC: 0 BUFF: 423 DC: 0 FLAG_ZERO: True FLAG_LT: 0 FLAG_GT: 0
INPUT_PORT:  []
OUT_PORT:  []
DATA_MEM:  [423, 196]
---------------------------------------
DEBUG    root:machine.py:309 LD 4
TICK: 20483 PC:  14 ADDR:   0 MEM_OUT: 423 ACC: 0 BUFF: 423 DC: 0 FLAG_ZERO: True FLAG_LT: 0 FLAG_GT: 0
INPUT_PORT:  []
OUT_PORT:  []
DATA_MEM:  [423, 196]
---------------------------------------
DEBUG    root:machine.py:309 INC 
TICK: 20487 PC:  15 ADDR:   1 MEM_OUT: 196 ACC: 196 BUFF: 423 DC: 0 FLAG_ZERO: True FLAG_LT: 0 FLAG_GT: 0
INPUT_PORT:  []
OUT_PORT:  []
DATA_MEM:  [423, 196]
---------------------------------------
DEBUG    root:machine.py:309 ST 4
TICK: 20490 PC:  16 ADDR:   1 MEM_OUT: 196 ACC: 197 BUFF: 423 DC: 0 FLAG_ZERO: True FLAG_LT: 0 FLAG_GT: 0
INPUT_PORT:  []
OUT_PORT:  []
DATA_MEM:  [423, 196]
---------------------------------------
DEBUG    root:machine.py:309 JMP 0
TICK: 20494 PC:  17 ADDR:   1 MEM_OUT: 197 ACC: 197 BUFF: 423 DC: 0 FLAG_ZERO: True FLAG_LT: 0 FLAG_GT: 0
INPUT_PORT:  []
OUT_PORT:  []
DATA_MEM:  [423, 197]
---------------------------------------
DEBUG    root:machine.py:309 LD 0
TICK: 20497 PC:   0 ADDR:   1 MEM_OUT: 197 ACC: 197 BUFF: 423 DC: 0 FLAG_ZERO: True FLAG_LT: 0 FLAG_GT: 0
INPUT_PORT:  []
OUT_PORT:  []
DATA_MEM:  [423, 197]
---------------------------------------
DEBUG    root:machine.py:309 INC 
TICK: 20501 PC:   1 ADDR:   0 MEM_OUT: 423 ACC: 423 BUFF: 423 DC: 0 FLAG_ZERO: True FLAG_LT: 0 FLAG_GT: 0
INPUT_PORT:  []
OUT_PORT:  []
DATA_MEM:  [423, 197]
---------------------------------------
DEBUG    root:machine.py:309 ST 0
TICK: 20504 PC:   2 ADDR:   0 MEM_OUT: 423 ACC: 424 BUFF: 423 DC: 0 FLAG_ZERO: True FLAG_LT: 0 FLAG_GT: 0
INPUT_PORT:  []
OUT_PORT:  []
DATA_MEM:  [423, 197]
---------------------------------------
DEBUG    root:machine.py:309 CMP 1000
TICK: 20508 PC:   3 ADDR:   0 MEM_OUT: 424 ACC: 424 BUFF: 423 DC: 0 FLAG_ZERO: True FLAG_LT: 0 FLAG_GT: 0
INPUT_PORT:  []
OUT_PORT:  []
DATA_MEM:  [424, 197]
---------------------------------------
DEBUG    root:machine.py:309 JGE 22
TICK: 20511 PC:   4 ADDR:   0 MEM_OUT: 424 ACC: 424 BUFF: 423 DC: 0 FLAG_ZERO: False FLAG_LT: 1 FLAG_GT: 0
INPUT_PORT:  []
OUT_PORT:  []
DATA_MEM:  [424, 197]
---------------------------------------
DEBUG    root:machine.py:309 LD 0
TICK: 20514 PC:   5 ADDR:   0 MEM_OUT: 424 ACC: 424 BUFF: 423 DC: 0 FLAG_ZERO: False FLAG_LT: 1 FLAG_GT: 0
INPUT_PORT:  []
OUT_PORT:  []
DATA_MEM:  [424, 197]
---------------------------------------
DEBUG    root:machine.py:309 MOD 3
TICK: 20518 PC:   6 ADDR:   0 MEM_OUT: 424 ACC: 424 BUFF: 423 DC: 0 FLAG_ZERO: False FLAG_LT: 1 FLAG_GT: 0
INPUT_PORT:  []
OUT_PORT:  []
DATA_MEM:  [424, 197]
---------------------------------------
DEBUG    root:machine.py:309 CMP 0
TICK: 20522 PC:   7 ADDR:   0 MEM_OUT: 424 ACC: 1 BUFF: 424 DC: 0 FLAG_ZERO: False FLAG_LT: 1 FLAG_GT: 0
INPUT_PORT:  []
OUT_PORT:  []
DATA_MEM:  [424, 197]
---------------------------------------
DEBUG    root:machine.py:309 JE 14
TICK: 20525 PC:   8 ADDR:   0 MEM_OUT: 424 ACC: 1 BUFF: 424 DC: 0 FLAG_ZERO: False FLAG_LT: 0 FLAG_GT: 1
INPUT_PORT:  []
OUT_PORT:  []
DATA_MEM:  [424, 197]
---------------------------------------
DEBUG    root:machine.py:309 LD 0
TICK: 20528 PC:   9 ADDR:   0 MEM_OUT: 424 ACC: 1 BUFF: 424 DC: 0 FLAG_ZERO: False FLAG_LT: 0 FLAG_GT: 1
INPUT_PORT:  []
OUT_PORT:  []
DATA_MEM:  [424, 197]
---------------------------------------
DEBUG    root:machine.py:309 MOD 5
TICK: 20532 PC:  10 ADDR:   0 MEM_OUT: 424 ACC: 424 BUFF: 424 DC: 0 FLAG_ZERO: False FLAG_LT: 0 FLAG_GT: 1
INPUT_PORT:  []
OUT_PORT:  []
DATA_MEM:  [424, 197]
---------------------------------------
DEBUG    root:machine.py:309 CMP 0
TICK: 20536 PC:  11 ADDR:   0 MEM_OUT: 424 ACC: 4 BUFF: 424 DC: 0 FLAG_ZERO: False FLAG_LT: 0 FLAG_GT: 1
INPUT_PORT:  []
OUT_PORT:  []
DATA_MEM:  [424, 197]
---------------------------------------
DEBUG    root:machine.py:309 JE 18
TICK: 20539 PC:  12 ADDR:   0 MEM_OUT: 424 ACC: 4 BUFF: 424 DC: 0 FLAG_ZERO: False FLAG_LT: 0 FLAG_GT: 1
INPUT_PORT:  []
OUT_PORT:  []
DATA_MEM:  [424, 197]
---------------------------------------
DEBUG    root:machine.py:309 JMP 0
TICK: 20542 PC:  13 ADDR:   0 MEM_OUT: 424 ACC: 4 BUFF: 424 DC: 0 FLAG_ZERO: False FLAG_LT: 0 FLAG_GT: 1
INPUT_PORT:  []
OUT_PORT:  []
DATA_MEM:  [424, 197]
---------------------------------------
DEBUG    root:machine.py:309 LD 0
TICK: 20545 PC:   0 ADDR:   0 MEM_OUT: 424 ACC: 4 BUFF: 424 DC: 0 FLAG_ZERO: False FLAG_LT: 0 FLAG_GT: 1
INPUT_PORT:  []
OUT_PORT:  []
DATA_MEM:  [424, 197]
---------------------------------------
DEBUG    root:machine.py:309 INC 
TICK: 20549 PC:   1 ADDR:   0 MEM_OUT: 424 ACC: 424 BUFF: 424 DC: 0 FLAG_ZERO: False FLAG_LT: 0 FLAG_GT: 1
INPUT_PORT:  []
OUT_PORT:  []
DATA_MEM:  [424, 197]
---------------------------------------
DEBUG    root:machine.py:309 ST 0
TICK: 20552 PC:   2 ADDR:   0 MEM_OUT: 424 ACC: 425 BUFF: 424 DC: 0 FLAG_ZERO: False FLAG_LT: 0 FLAG_GT: 1
INPUT_PORT:  []
OUT_PORT:  []
DATA_MEM:  [424, 197]
---------------------------------------
DEBUG    root:machine.py:309 CMP 1000
TICK: 20556 PC:   3 ADDR:   0 MEM_OUT: 425 ACC: 425 BUFF: 424 DC: 0 FLAG_ZERO: False FLAG_LT: 0 FLAG_GT: 1
INPUT_PORT:  []
OUT_PORT:  []
DATA_MEM:  [425, 197]
---------------------------------------
DEBUG    root:machine.py:309 JGE 22
TICK: 20559 PC:   4 ADDR:   0 MEM_OUT: 425 ACC: 425 BUFF: 424 DC: 0 FLAG_ZERO: False FLAG_LT: 1 FLAG_GT: 0
INPUT_PORT:  []
OUT_PORT:  []
DATA_MEM:  [425, 197]
---------------------------------------
DEBUG    root:machine.py:309 LD 0
TICK: 20562 PC:   5 ADDR:   0 MEM_OUT: 425 ACC: 425 BUFF: 424 DC: 0 FLAG_ZERO: False FLAG_LT: 1 FLAG_GT: 0
INPUT_PORT:  []
OUT_PORT:  []
DATA_MEM:  [425, 197]
---------------------------------------
DEBUG    root:machine.py:309 MOD 3
TICK: 20566 PC:   6 ADDR:   0 MEM_OUT: 425 ACC: 425 BUFF: 424 DC: 0 FLAG_ZERO: False FLAG_LT: 1 FLAG_GT: 0
INPUT_PORT:  []
OUT_PORT:  []
DATA_MEM:  [425, 197]
---------------------------------------
DEBUG    root:machine.py:309 CMP 0
TICK: 20570 PC:   7 ADDR:   0 MEM_OUT: 425 ACC: 2 BUFF: 425 DC: 0 FLAG_ZERO: False FLAG_LT: 1 FLAG_GT: 0
INPUT_PORT:  []
OUT_PORT:  []
DATA_MEM:  [425, 197]
---------------------------------------
DEBUG    root:machine.py:309 JE 14
TICK: 20573 PC:   8 ADDR:   0 MEM_OUT: 425 ACC: 2 BUFF: 425 DC: 0 FLAG_ZERO: False FLAG_LT: 0 FLAG_GT: 1
INPUT_PORT:  []
OUT_PORT:  []
DATA_MEM:  [425, 197]
---------------------------------------
DEBUG    root:machine.py:309 LD 0
TICK: 20576 PC:   9 ADDR:   0 MEM_OUT: 425 ACC: 2 BUFF: 425 DC: 0 FLAG_ZERO: False FLAG_LT: 0 FLAG_GT: 1
INPUT_PORT:  []
OUT_PORT:  []
DATA_MEM:  [425, 197]
---------------------------------------
DEBUG    root:machine.py:309 MOD 5
TICK: 20580 PC:  10 ADDR:   0 MEM_OUT: 425 ACC: 425 BUFF: 425 DC: 0 FLAG_ZERO: False FLAG_LT: 0 FLAG_GT: 1
INPUT_PORT:  []
OUT_PORT:  []
DATA_MEM:  [425, 197]
---------------------------------------
DEBUG    root:machine.py:309 CMP 0
TICK: 20584 PC:  11 ADDR:   0 MEM_OUT: 425 ACC: 0 BUFF: 425 DC: 0 FLAG_ZERO: False FLAG_LT: 0 FLAG_GT: 1
INPUT_PORT:  []
OUT_PORT:  []
DATA_MEM:  [425, 197]
---------------------------------------
DEBUG    root:machine.py:309 JE 18
TICK: 20587 PC:  12 ADDR:   0 MEM_OUT: 425 ACC: 0 BUFF: 425 DC: 0 FLAG_ZERO: True FLAG_LT: 0 FLAG_GT: 0
INPUT_PORT:  []
OUT_PORT:  []
DATA_MEM:  [425, 197]
---------------------------------------
DEBUG    root:machine.py:309 LD 4
TICK: 20590 PC:  18 ADDR:   0 MEM_OUT: 425 ACC: 0 BUFF: 425 DC: 0 FLAG_ZERO: True FLAG_LT: 0 FLAG_GT: 0
INPUT_PORT:  []
OUT_PORT:  []
DATA_MEM:  [425, 197]
---------------------------------------
DEBUG    root:machine.py:309 INC 
TICK: 20594 PC:  19 ADDR:   1 MEM_OUT: 197 ACC: 197 BUFF: 425 DC: 0 FLAG_ZERO: True FLAG_LT: 0 FLAG_GT: 0
INPUT_PORT:  []
OUT_PORT:  []
DATA_MEM:  [425, 197]
---------------------------------------
DEBUG    root:machine.py:309 ST 4
TICK: 20597 PC:  20 ADDR:   1 MEM_OUT: 197 ACC: 198 BUFF: 425 DC: 0 FLAG_ZERO: True FLAG_LT: 0 FLAG_GT: 0
INPUT_PORT:  []
OUT_PORT:  []
DATA_MEM:  [425, 197]
---------------------------------------
DEBUG    root:machine.py:309 JMP 0
TICK: 20601 PC:  21 ADDR:   1 MEM_OUT: 198 ACC: 198 BUFF: 425 DC: 0 FLAG_ZERO: True FLAG_LT: 0 FLAG_GT: 0
INPUT_PORT:  []
OUT_PORT:  []
DATA_MEM:  [425, 198]
---------------------------------------
DEBUG    root:machine.py:309 LD 0
TICK: 20604 PC:   0 ADDR:   1 MEM_OUT: 198 ACC: 198 BUFF: 425 DC: 0 FLAG_ZERO: True FLAG_LT: 0 FLAG_GT: 0
INPUT_PORT:  []
OUT_PORT:  []
DATA_MEM:  [425, 198]
---------------------------------------
DEBUG    root:machine.py:309 INC 
TICK: 20608 PC:   1 ADDR:   0 MEM_OUT: 425 ACC: 425 BUFF: 425 DC: 0 FLAG_ZERO: True FLAG_LT: 0 FLAG_GT: 0
INPUT_PORT:  []
OUT_PORT:  []
DATA_MEM:  [425, 198]
---------------------------------------
DEBUG    root:machine.py:309 ST 0
TICK: 20611 PC:   2 ADDR:   0 MEM_OUT: 425 ACC: 426 BUFF: 425 DC: 0 FLAG_ZERO: True FLAG_LT: 0 FLAG_GT: 0
INPUT_PORT:  []
OUT_PORT:  []
DATA_MEM:  [425, 198]
---------------------------------------
DEBUG    root:machine.py:309 CMP 1000
TICK: 20615 PC:   3 ADDR:   0 MEM_OUT: 426 ACC: 426 BUFF: 425 DC: 0 FLAG_ZERO: True FLAG_LT: 0 FLAG_GT: 0
INPUT_PORT:  []
OUT_PORT:  []
DATA_MEM:  [426, 198]
---------------------------------------
DEBUG    root:machine.py:309 JGE 22
TICK: 20618 PC:   4 ADDR:   0 MEM_OUT: 426 ACC: 426 BUFF: 425 DC: 0 FLAG_ZERO: False FLAG_LT: 1 FLAG_GT: 0
INPUT_PORT:  []
OUT_PORT:  []
DATA_MEM:  [426, 198]
---------------------------------------
DEBUG    root:machine.py:309 LD 0
TICK: 20621 PC:   5 ADDR:   0 MEM_OUT: 426 ACC: 426 BUFF: 425 DC: 0 FLAG_ZERO: False FLAG_LT: 1 FLAG_GT: 0
INPUT_PORT:  []
OUT_PORT:  []
DATA_MEM:  [426, 198]
---------------------------------------
DEBUG    root:machine.py:309 MOD 3
TICK: 20625 PC:   6 ADDR:   0 MEM_OUT: 426 ACC: 426 BUFF: 425 DC: 0 FLAG_ZERO: False FLAG_LT: 1 FLAG_GT: 0
INPUT_PORT:  []
OUT_PORT:  []
DATA_MEM:  [426, 198]
---------------------------------------
DEBUG    root:machine.py:309 CMP 0
TICK: 20629 PC:   7 ADDR:   0 MEM_OUT: 426 ACC: 0 BUFF: 426 DC: 0 FLAG_ZERO: False FLAG_LT: 1 FLAG_GT: 0
INPUT_PORT:  []
OUT_PORT:  []
DATA_MEM:  [426, 198]
---------------------------------------
DEBUG    root:machine.py:309 JE 14
TICK: 20632 PC:   8 ADDR:   0 MEM_OUT: 426 ACC: 0 BUFF: 426 DC: 0 FLAG_ZERO: True FLAG_LT: 0 FLAG_GT: 0
INPUT_PORT:  []
OUT_PORT:  []
DATA_MEM:  [426, 198]
---------------------------------------
DEBUG    root:machine.py:309 LD 4
TICK: 20635 PC:  14 ADDR:   0 MEM_OUT: 426 ACC: 0 BUFF: 426 DC: 0 FLAG_ZERO: True FLAG_LT: 0 FLAG_GT: 0
INPUT_PORT:  []
OUT_PORT:  []
DATA_MEM:  [426, 198]
---------------------------------------
DEBUG    root:machine.py:309 INC 
TICK: 20639 PC:  15 ADDR:   1 MEM_OUT: 198 ACC: 198 BUFF: 426 DC: 0 FLAG_ZERO: True FLAG_LT: 0 FLAG_GT: 0
INPUT_PORT:  []
OUT_PORT:  []
DATA_MEM:  [426, 198]
---------------------------------------
DEBUG    root:machine.py:309 ST 4
TICK: 20642 PC:  16 ADDR:   1 MEM_OUT: 198 ACC: 199 BUFF: 426 DC: 0 FLAG_ZERO: True FLAG_LT: 0 FLAG_GT: 0
INPUT_PORT:  []
OUT_PORT:  []
DATA_MEM:  [426, 198]
---------------------------------------
DEBUG    root:machine.py:309 JMP 0
TICK: 20646 PC:  17 ADDR:   1 MEM_OUT: 199 ACC: 199 BUFF: 426 DC: 0 FLAG_ZERO: True FLAG_LT: 0 FLAG_GT: 0
INPUT_PORT:  []
OUT_PORT:  []
DATA_MEM:  [426, 199]
---------------------------------------
DEBUG    root:machine.py:309 LD 0
TICK: 20649 PC:   0 ADDR:   1 MEM_OUT: 199 ACC: 199 BUFF: 426 DC: 0 FLAG_ZERO: True FLAG_LT: 0 FLAG_GT: 0
INPUT_PORT:  []
OUT_PORT:  []
DATA_MEM:  [426, 199]
---------------------------------------
DEBUG    root:machine.py:309 INC 
TICK: 20653 PC:   1 ADDR:   0 MEM_OUT: 426 ACC: 426 BUFF: 426 DC: 0 FLAG_ZERO: True FLAG_LT: 0 FLAG_GT: 0
INPUT_PORT:  []
OUT_PORT:  []
DATA_MEM:  [426, 199]
---------------------------------------
DEBUG    root:machine.py:309 ST 0
TICK: 20656 PC:   2 ADDR:   0 MEM_OUT: 426 ACC: 427 BUFF: 426 DC: 0 FLAG_ZERO: True FLAG_LT: 0 FLAG_GT: 0
INPUT_PORT:  []
OUT_PORT:  []
DATA_MEM:  [426, 199]
---------------------------------------
DEBUG    root:machine.py:309 CMP 1000
TICK: 20660 PC:   3 ADDR:   0 MEM_OUT: 427 ACC: 427 BUFF: 426 DC: 0 FLAG_ZERO: True FLAG_LT: 0 FLAG_GT: 0
INPUT_PORT:  []
OUT_PORT:  []
DATA_MEM:  [427, 199]
---------------------------------------
DEBUG    root:machine.py:309 JGE 22
TICK: 20663 PC:   4 ADDR:   0 MEM_OUT: 427 ACC: 427 BUFF: 426 DC: 0 FLAG_ZERO: False FLAG_LT: 1 FLAG_GT: 0
INPUT_PORT:  []
OUT_PORT:  []
DATA_MEM:  [427, 199]
---------------------------------------
DEBUG    root:machine.py:309 LD 0
TICK: 20666 PC:   5 ADDR:   0 MEM_OUT: 427 ACC: 427 BUFF: 426 DC: 0 FLAG_ZERO: False FLAG_LT: 1 FLAG_GT: 0
INPUT_PORT:  []
OUT_PORT:  []
DATA_MEM:  [427, 199]
---------------------------------------
DEBUG    root:machine.py:309 MOD 3
TICK: 20670 PC:   6 ADDR:   0 MEM_OUT: 427 ACC: 427 BUFF: 426 DC: 0 FLAG_ZERO: False FLAG_LT: 1 FLAG_GT: 0
INPUT_PORT:  []
OUT_PORT:  []
DATA_MEM:  [427, 199]
---------------------------------------
DEBUG    root:machine.py:309 CMP 0
TICK: 20674 PC:   7 ADDR:   0 MEM_OUT: 427 ACC: 1 BUFF: 427 DC: 0 FLAG_ZERO: False FLAG_LT: 1 FLAG_GT: 0
INPUT_PORT:  []
OUT_PORT:  []
DATA_MEM:  [427, 199]
---------------------------------------
DEBUG    root:machine.py:309 JE 14
TICK: 20677 PC:   8 ADDR:   0 MEM_OUT: 427 ACC: 1 BUFF: 427 DC: 0 FLAG_ZERO: False FLAG_LT: 0 FLAG_GT: 1
INPUT_PORT:  []
OUT_PORT:  []
DATA_MEM:  [427, 199]
---------------------------------------
DEBUG    root:machine.py:309 LD 0
TICK: 20680 PC:   9 ADDR:   0 MEM_OUT: 427 ACC: 1 BUFF: 427 DC: 0 FLAG_ZERO: False FLAG_LT: 0 FLAG_GT: 1
INPUT_PORT:  []
OUT_PORT:  []
DATA_MEM:  [427, 199]
---------------------------------------
DEBUG    root:machine.py:309 MOD 5
TICK: 20684 PC:  10 ADDR:   0 MEM_OUT: 427 ACC: 427 BUFF: 427 DC: 0 FLAG_ZERO: False FLAG_LT: 0 FLAG_GT: 1
INPUT_PORT:  []
OUT_PORT:  []
DATA_MEM:  [427, 199]
---------------------------------------
DEBUG    root:machine.py:309 CMP 0
TICK: 20688 PC:  11 ADDR:   0 MEM_OUT: 427 ACC: 2 BUFF: 427 DC: 0 FLAG_ZERO: False FLAG_LT: 0 FLAG_GT: 1
INPUT_PORT:  []
OUT_PORT:  []
DATA_MEM:  [427, 199]
---------------------------------------
DEBUG    root:machine.py:309 JE 18
TICK: 20691 PC:  12 ADDR:   0 MEM_OUT: 427 ACC: 2 BUFF: 427 DC: 0 FLAG_ZERO: False FLAG_LT: 0 FLAG_GT: 1
INPUT_PORT:  []
OUT_PORT:  []
DATA_MEM:  [427, 199]
---------------------------------------
DEBUG    root:machine.py:309 JMP 0
TICK: 20694 PC:  13 ADDR:   0 MEM_OUT: 427 ACC: 2 BUFF: 427 DC: 0 FLAG_ZERO: False FLAG_LT: 0 FLAG_GT: 1
INPUT_PORT:  []
OUT_PORT:  []
DATA_MEM:  [427, 199]
---------------------------------------
DEBUG    root:machine.py:309 LD 0
TICK: 20697 PC:   0 ADDR:   0 MEM_OUT: 427 ACC: 2 BUFF: 427 DC: 0 FLAG_ZERO: False FLAG_LT: 0 FLAG_GT: 1
INPUT_PORT:  []
OUT_PORT:  []
DATA_MEM:  [427, 199]
---------------------------------------
DEBUG    root:machine.py:309 INC 
TICK: 20701 PC:   1 ADDR:   0 MEM_OUT: 427 ACC: 427 BUFF: 427 DC: 0 FLAG_ZERO: False FLAG_LT: 0 FLAG_GT: 1
INPUT_PORT:  []
OUT_PORT:  []
DATA_MEM:  [427, 199]
---------------------------------------
DEBUG    root:machine.py:309 ST 0
TICK: 20704 PC:   2 ADDR:   0 MEM_OUT: 427 ACC: 428 BUFF: 427 DC: 0 FLAG_ZERO: False FLAG_LT: 0 FLAG_GT: 1
INPUT_PORT:  []
OUT_PORT:  []
DATA_MEM:  [427, 199]
---------------------------------------
DEBUG    root:machine.py:309 CMP 1000
TICK: 20708 PC:   3 ADDR:   0 MEM_OUT: 428 ACC: 428 BUFF: 427 DC: 0 FLAG_ZERO: False FLAG_LT: 0 FLAG_GT: 1
INPUT_PORT:  []
OUT_PORT:  []
DATA_MEM:  [428, 199]
---------------------------------------
DEBUG    root:machine.py:309 JGE 22
TICK: 20711 PC:   4 ADDR:   0 MEM_OUT: 428 ACC: 428 BUFF: 427 DC: 0 FLAG_ZERO: False FLAG_LT: 1 FLAG_GT: 0
INPUT_PORT:  []
OUT_PORT:  []
DATA_MEM:  [428, 199]
---------------------------------------
DEBUG    root:machine.py:309 LD 0
TICK: 20714 PC:   5 ADDR:   0 MEM_OUT: 428 ACC: 428 BUFF: 427 DC: 0 FLAG_ZERO: False FLAG_LT: 1 FLAG_GT: 0
INPUT_PORT:  []
OUT_PORT:  []
DATA_MEM:  [428, 199]
---------------------------------------
DEBUG    root:machine.py:309 MOD 3
TICK: 20718 PC:   6 ADDR:   0 MEM_OUT: 428 ACC: 428 BUFF: 427 DC: 0 FLAG_ZERO: False FLAG_LT: 1 FLAG_GT: 0
INPUT_PORT:  []
OUT_PORT:  []
DATA_MEM:  [428, 199]
---------------------------------------
DEBUG    root:machine.py:309 CMP 0
TICK: 20722 PC:   7 ADDR:   0 MEM_OUT: 428 ACC: 2 BUFF: 428 DC: 0 FLAG_ZERO: False FLAG_LT: 1 FLAG_GT: 0
INPUT_PORT:  []
OUT_PORT:  []
DATA_MEM:  [428, 199]
---------------------------------------
DEBUG    root:machine.py:309 JE 14
TICK: 20725 PC:   8 ADDR:   0 MEM_OUT: 428 ACC: 2 BUFF: 428 DC: 0 FLAG_ZERO: False FLAG_LT: 0 FLAG_GT: 1
INPUT_PORT:  []
OUT_PORT:  []
DATA_MEM:  [428, 199]
---------------------------------------
DEBUG    root:machine.py:309 LD 0
TICK: 20728 PC:   9 ADDR:   0 MEM_OUT: 428 ACC: 2 BUFF: 428 DC: 0 FLAG_ZERO: False FLAG_LT: 0 FLAG_GT: 1
INPUT_PORT:  []
OUT_PORT:  []
DATA_MEM:  [428, 199]
---------------------------------------
DEBUG    root:machine.py:309 MOD 5
TICK: 20732 PC:  10 ADDR:   0 MEM_OUT: 428 ACC: 428 BUFF: 428 DC: 0 FLAG_ZERO: False FLAG_LT: 0 FLAG_GT: 1
INPUT_PORT:  []
OUT_PORT:  []
DATA_MEM:  [428, 199]
---------------------------------------
DEBUG    root:machine.py:309 CMP 0
TICK: 20736 PC:  11 ADDR:   0 MEM_OUT: 428 ACC: 3 BUFF: 428 DC: 0 FLAG_ZERO: False FLAG_LT: 0 FLAG_GT: 1
INPUT_PORT:  []
OUT_PORT:  []
DATA_MEM:  [428, 199]
---------------------------------------
DEBUG    root:machine.py:309 JE 18
TICK: 20739 PC:  12 ADDR:   0 MEM_OUT: 428 ACC: 3 BUFF: 428 DC: 0 FLAG_ZERO: False FLAG_LT: 0 FLAG_GT: 1
INPUT_PORT:  []
OUT_PORT:  []
DATA_MEM:  [428, 199]
---------------------------------------
DEBUG    root:machine.py:309 JMP 0
TICK: 20742 PC:  13 ADDR:   0 MEM_OUT: 428 ACC: 3 BUFF: 428 DC: 0 FLAG_ZERO: False FLAG_LT: 0 FLAG_GT: 1
INPUT_PORT:  []
OUT_PORT:  []
DATA_MEM:  [428, 199]
---------------------------------------
DEBUG    root:machine.py:309 LD 0
TICK: 20745 PC:   0 ADDR:   0 MEM_OUT: 428 ACC: 3 BUFF: 428 DC: 0 FLAG_ZERO: False FLAG_LT: 0 FLAG_GT: 1
INPUT_PORT:  []
OUT_PORT:  []
DATA_MEM:  [428, 199]
---------------------------------------
DEBUG    root:machine.py:309 INC 
TICK: 20749 PC:   1 ADDR:   0 MEM_OUT: 428 ACC: 428 BUFF: 428 DC: 0 FLAG_ZERO: False FLAG_LT: 0 FLAG_GT: 1
INPUT_PORT:  []
OUT_PORT:  []
DATA_MEM:  [428, 199]
---------------------------------------
DEBUG    root:machine.py:309 ST 0
TICK: 20752 PC:   2 ADDR:   0 MEM_OUT: 428 ACC: 429 BUFF: 428 DC: 0 FLAG_ZERO: False FLAG_LT: 0 FLAG_GT: 1
INPUT_PORT:  []
OUT_PORT:  []
DATA_MEM:  [428, 199]
---------------------------------------
DEBUG    root:machine.py:309 CMP 1000
TICK: 20756 PC:   3 ADDR:   0 MEM_OUT: 429 ACC: 429 BUFF: 428 DC: 0 FLAG_ZERO: False FLAG_LT: 0 FLAG_GT: 1
INPUT_PORT:  []
OUT_PORT:  []
DATA_MEM:  [429, 199]
---------------------------------------
DEBUG    root:machine.py:309 JGE 22
TICK: 20759 PC:   4 ADDR:   0 MEM_OUT: 429 ACC: 429 BUFF: 428 DC: 0 FLAG_ZERO: False FLAG_LT: 1 FLAG_GT: 0
INPUT_PORT:  []
OUT_PORT:  []
DATA_MEM:  [429, 199]
---------------------------------------
DEBUG    root:machine.py:309 LD 0
TICK: 20762 PC:   5 ADDR:   0 MEM_OUT: 429 ACC: 429 BUFF: 428 DC: 0 FLAG_ZERO: False FLAG_LT: 1 FLAG_GT: 0
INPUT_PORT:  []
OUT_PORT:  []
DATA_MEM:  [429, 199]
---------------------------------------
DEBUG    root:machine.py:309 MOD 3
TICK: 20766 PC:   6 ADDR:   0 MEM_OUT: 429 ACC: 429 BUFF: 428 DC: 0 FLAG_ZERO: False FLAG_LT: 1 FLAG_GT: 0
INPUT_PORT:  []
OUT_PORT:  []
DATA_MEM:  [429, 199]
---------------------------------------
DEBUG    root:machine.py:309 CMP 0
TICK: 20770 PC:   7 ADDR:   0 MEM_OUT: 429 ACC: 0 BUFF: 429 DC: 0 FLAG_ZERO: False FLAG_LT: 1 FLAG_GT: 0
INPUT_PORT:  []
OUT_PORT:  []
DATA_MEM:  [429, 199]
---------------------------------------
DEBUG    root:machine.py:309 JE 14
TICK: 20773 PC:   8 ADDR:   0 MEM_OUT: 429 ACC: 0 BUFF: 429 DC: 0 FLAG_ZERO: True FLAG_LT: 0 FLAG_GT: 0
INPUT_PORT:  []
OUT_PORT:  []
DATA_MEM:  [429, 199]
---------------------------------------
DEBUG    root:machine.py:309 LD 4
TICK: 20776 PC:  14 ADDR:   0 MEM_OUT: 429 ACC: 0 BUFF: 429 DC: 0 FLAG_ZERO: True FLAG_LT: 0 FLAG_GT: 0
INPUT_PORT:  []
OUT_PORT:  []
DATA_MEM:  [429, 199]
---------------------------------------
DEBUG    root:machine.py:309 INC 
TICK: 20780 PC:  15 ADDR:   1 MEM_OUT: 199 ACC: 199 BUFF: 429 DC: 0 FLAG_ZERO: True FLAG_LT: 0 FLAG_GT: 0
INPUT_PORT:  []
OUT_PORT:  []
DATA_MEM:  [429, 199]
---------------------------------------
DEBUG    root:machine.py:309 ST 4
TICK: 20783 PC:  16 ADDR:   1 MEM_OUT: 199 ACC: 200 BUFF: 429 DC: 0 FLAG_ZERO: True FLAG_LT: 0 FLAG_GT: 0
INPUT_PORT:  []
OUT_PORT:  []
DATA_MEM:  [429, 199]
---------------------------------------
DEBUG    root:machine.py:309 JMP 0
TICK: 20787 PC:  17 ADDR:   1 MEM_OUT: 200 ACC: 200 BUFF: 429 DC: 0 FLAG_ZERO: True FLAG_LT: 0 FLAG_GT: 0
INPUT_PORT:  []
OUT_PORT:  []
DATA_MEM:  [429, 200]
---------------------------------------
DEBUG    root:machine.py:309 LD 0
TICK: 20790 PC:   0 ADDR:   1 MEM_OUT: 200 ACC: 200 BUFF: 429 DC: 0 FLAG_ZERO: True FLAG_LT: 0 FLAG_GT: 0
INPUT_PORT:  []
OUT_PORT:  []
DATA_MEM:  [429, 200]
---------------------------------------
DEBUG    root:machine.py:309 INC 
TICK: 20794 PC:   1 ADDR:   0 MEM_OUT: 429 ACC: 429 BUFF: 429 DC: 0 FLAG_ZERO: True FLAG_LT: 0 FLAG_GT: 0
INPUT_PORT:  []
OUT_PORT:  []
DATA_MEM:  [429, 200]
---------------------------------------
DEBUG    root:machine.py:309 ST 0
TICK: 20797 PC:   2 ADDR:   0 MEM_OUT: 429 ACC: 430 BUFF: 429 DC: 0 FLAG_ZERO: True FLAG_LT: 0 FLAG_GT: 0
INPUT_PORT:  []
OUT_PORT:  []
DATA_MEM:  [429, 200]
---------------------------------------
DEBUG    root:machine.py:309 CMP 1000
TICK: 20801 PC:   3 ADDR:   0 MEM_OUT: 430 ACC: 430 BUFF: 429 DC: 0 FLAG_ZERO: True FLAG_LT: 0 FLAG_GT: 0
INPUT_PORT:  []
OUT_PORT:  []
DATA_MEM:  [430, 200]
---------------------------------------
DEBUG    root:machine.py:309 JGE 22
TICK: 20804 PC:   4 ADDR:   0 MEM_OUT: 430 ACC: 430 BUFF: 429 DC: 0 FLAG_ZERO: False FLAG_LT: 1 FLAG_GT: 0
INPUT_PORT:  []
OUT_PORT:  []
DATA_MEM:  [430, 200]
---------------------------------------
DEBUG    root:machine.py:309 LD 0
TICK: 20807 PC:   5 ADDR:   0 MEM_OUT: 430 ACC: 430 BUFF: 429 DC: 0 FLAG_ZERO: False FLAG_LT: 1 FLAG_GT: 0
INPUT_PORT:  []
OUT_PORT:  []
DATA_MEM:  [430, 200]
---------------------------------------
DEBUG    root:machine.py:309 MOD 3
TICK: 20811 PC:   6 ADDR:   0 MEM_OUT: 430 ACC: 430 BUFF: 429 DC: 0 FLAG_ZERO: False FLAG_LT: 1 FLAG_GT: 0
INPUT_PORT:  []
OUT_PORT:  []
DATA_MEM:  [430, 200]
---------------------------------------
DEBUG    root:machine.py:309 CMP 0
TICK: 20815 PC:   7 ADDR:   0 MEM_OUT: 430 ACC: 1 BUFF: 430 DC: 0 FLAG_ZERO: False FLAG_LT: 1 FLAG_GT: 0
INPUT_PORT:  []
OUT_PORT:  []
DATA_MEM:  [430, 200]
---------------------------------------
DEBUG    root:machine.py:309 JE 14
TICK: 20818 PC:   8 ADDR:   0 MEM_OUT: 430 ACC: 1 BUFF: 430 DC: 0 FLAG_ZERO: False FLAG_LT: 0 FLAG_GT: 1
INPUT_PORT:  []
OUT_PORT:  []
DATA_MEM:  [430, 200]
---------------------------------------
DEBUG    root:machine.py:309 LD 0
TICK: 20821 PC:   9 ADDR:   0 MEM_OUT: 430 ACC: 1 BUFF: 430 DC: 0 FLAG_ZERO: False FLAG_LT: 0 FLAG_GT: 1
INPUT_PORT:  []
OUT_PORT:  []
DATA_MEM:  [430, 200]
---------------------------------------
DEBUG    root:machine.py:309 MOD 5
TICK: 20825 PC:  10 ADDR:   0 MEM_OUT: 430 ACC: 430 BUFF: 430 DC: 0 FLAG_ZERO: False FLAG_LT: 0 FLAG_GT: 1
INPUT_PORT:  []
OUT_PORT:  []
DATA_MEM:  [430, 200]
---------------------------------------
DEBUG    root:machine.py:309 CMP 0
TICK: 20829 PC:  11 ADDR:   0 MEM_OUT: 430 ACC: 0 BUFF: 430 DC: 0 FLAG_ZERO: False FLAG_LT: 0 FLAG_GT: 1
INPUT_PORT:  []
OUT_PORT:  []
DATA_MEM:  [430, 200]
---------------------------------------
DEBUG    root:machine.py:309 JE 18
TICK: 20832 PC:  12 ADDR:   0 MEM_OUT: 430 ACC: 0 BUFF: 430 DC: 0 FLAG_ZERO: True FLAG_LT: 0 FLAG_GT: 0
INPUT_PORT:  []
OUT_PORT:  []
DATA_MEM:  [430, 200]
---------------------------------------
DEBUG    root:machine.py:309 LD 4
TICK: 20835 PC:  18 ADDR:   0 MEM_OUT: 430 ACC: 0 BUFF: 430 DC: 0 FLAG_ZERO: True FLAG_LT: 0 FLAG_GT: 0
INPUT_PORT:  []
OUT_PORT:  []
DATA_MEM:  [430, 200]
---------------------------------------
DEBUG    root:machine.py:309 INC 
TICK: 20839 PC:  19 ADDR:   1 MEM_OUT: 200 ACC: 200 BUFF: 430 DC: 0 FLAG_ZERO: True FLAG_LT: 0 FLAG_GT: 0
INPUT_PORT:  []
OUT_PORT:  []
DATA_MEM:  [430, 200]
---------------------------------------
DEBUG    root:machine.py:309 ST 4
TICK: 20842 PC:  20 ADDR:   1 MEM_OUT: 200 ACC: 201 BUFF: 430 DC: 0 FLAG_ZERO: True FLAG_LT: 0 FLAG_GT: 0
INPUT_PORT:  []
OUT_PORT:  []
DATA_MEM:  [430, 200]
---------------------------------------
DEBUG    root:machine.py:309 JMP 0
TICK: 20846 PC:  21 ADDR:   1 MEM_OUT: 201 ACC: 201 BUFF: 430 DC: 0 FLAG_ZERO: True FLAG_LT: 0 FLAG_GT: 0
INPUT_PORT:  []
OUT_PORT:  []
DATA_MEM:  [430, 201]
---------------------------------------
DEBUG    root:machine.py:309 LD 0
TICK: 20849 PC:   0 ADDR:   1 MEM_OUT: 201 ACC: 201 BUFF: 430 DC: 0 FLAG_ZERO: True FLAG_LT: 0 FLAG_GT: 0
INPUT_PORT:  []
OUT_PORT:  []
DATA_MEM:  [430, 201]
---------------------------------------
DEBUG    root:machine.py:309 INC 
TICK: 20853 PC:   1 ADDR:   0 MEM_OUT: 430 ACC: 430 BUFF: 430 DC: 0 FLAG_ZERO: True FLAG_LT: 0 FLAG_GT: 0
INPUT_PORT:  []
OUT_PORT:  []
DATA_MEM:  [430, 201]
---------------------------------------
DEBUG    root:machine.py:309 ST 0
TICK: 20856 PC:   2 ADDR:   0 MEM_OUT: 430 ACC: 431 BUFF: 430 DC: 0 FLAG_ZERO: True FLAG_LT: 0 FLAG_GT: 0
INPUT_PORT:  []
OUT_PORT:  []
DATA_MEM:  [430, 201]
---------------------------------------
DEBUG    root:machine.py:309 CMP 1000
TICK: 20860 PC:   3 ADDR:   0 MEM_OUT: 431 ACC: 431 BUFF: 430 DC: 0 FLAG_ZERO: True FLAG_LT: 0 FLAG_GT: 0
INPUT_PORT:  []
OUT_PORT:  []
DATA_MEM:  [431, 201]
---------------------------------------
DEBUG    root:machine.py:309 JGE 22
TICK: 20863 PC:   4 ADDR:   0 MEM_OUT: 431 ACC: 431 BUFF: 430 DC: 0 FLAG_ZERO: False FLAG_LT: 1 FLAG_GT: 0
INPUT_PORT:  []
OUT_PORT:  []
DATA_MEM:  [431, 201]
---------------------------------------
DEBUG    root:machine.py:309 LD 0
TICK: 20866 PC:   5 ADDR:   0 MEM_OUT: 431 ACC: 431 BUFF: 430 DC: 0 FLAG_ZERO: False FLAG_LT: 1 FLAG_GT: 0
INPUT_PORT:  []
OUT_PORT:  []
DATA_MEM:  [431, 201]
---------------------------------------
DEBUG    root:machine.py:309 MOD 3
TICK: 20870 PC:   6 ADDR:   0 MEM_OUT: 431 ACC: 431 BUFF: 430 DC: 0 FLAG_ZERO: False FLAG_LT: 1 FLAG_GT: 0
INPUT_PORT:  []
OUT_PORT:  []
DATA_MEM:  [431, 201]
---------------------------------------
DEBUG    root:machine.py:309 CMP 0
TICK: 20874 PC:   7 ADDR:   0 MEM_OUT: 431 ACC: 2 BUFF: 431 DC: 0 FLAG_ZERO: False FLAG_LT: 1 FLAG_GT: 0
INPUT_PORT:  []
OUT_PORT:  []
DATA_MEM:  [431, 201]
---------------------------------------
DEBUG    root:machine.py:309 JE 14
TICK: 20877 PC:   8 ADDR:   0 MEM_OUT: 431 ACC: 2 BUFF: 431 DC: 0 FLAG_ZERO: False FLAG_LT: 0 FLAG_GT: 1
INPUT_PORT:  []
OUT_PORT:  []
DATA_MEM:  [431, 201]
---------------------------------------
DEBUG    root:machine.py:309 LD 0
TICK: 20880 PC:   9 ADDR:   0 MEM_OUT: 431 ACC: 2 BUFF: 431 DC: 0 FLAG_ZERO: False FLAG_LT: 0 FLAG_GT: 1
INPUT_PORT:  []
OUT_PORT:  []
DATA_MEM:  [431, 201]
---------------------------------------
DEBUG    root:machine.py:309 MOD 5
TICK: 20884 PC:  10 ADDR:   0 MEM_OUT: 431 ACC: 431 BUFF: 431 DC: 0 FLAG_ZERO: False FLAG_LT: 0 FLAG_GT: 1
INPUT_PORT:  []
OUT_PORT:  []
DATA_MEM:  [431, 201]
---------------------------------------
DEBUG    root:machine.py:309 CMP 0
TICK: 20888 PC:  11 ADDR:   0 MEM_OUT: 431 ACC: 1 BUFF: 431 DC: 0 FLAG_ZERO: False FLAG_LT: 0 FLAG_GT: 1
INPUT_PORT:  []
OUT_PORT:  []
DATA_MEM:  [431, 201]
---------------------------------------
DEBUG    root:machine.py:309 JE 18
TICK: 20891 PC:  12 ADDR:   0 MEM_OUT: 431 ACC: 1 BUFF: 431 DC: 0 FLAG_ZERO: False FLAG_LT: 0 FLAG_GT: 1
INPUT_PORT:  []
OUT_PORT:  []
DATA_MEM:  [431, 201]
---------------------------------------
DEBUG    root:machine.py:309 JMP 0
TICK: 20894 PC:  13 ADDR:   0 MEM_OUT: 431 ACC: 1 BUFF: 431 DC: 0 FLAG_ZERO: False FLAG_LT: 0 FLAG_GT: 1
INPUT_PORT:  []
OUT_PORT:  []
DATA_MEM:  [431, 201]
---------------------------------------
DEBUG    root:machine.py:309 LD 0
TICK: 20897 PC:   0 ADDR:   0 MEM_OUT: 431 ACC: 1 BUFF: 431 DC: 0 FLAG_ZERO: False FLAG_LT: 0 FLAG_GT: 1
INPUT_PORT:  []
OUT_PORT:  []
DATA_MEM:  [431, 201]
---------------------------------------
DEBUG    root:machine.py:309 INC 
TICK: 20901 PC:   1 ADDR:   0 MEM_OUT: 431 ACC: 431 BUFF: 431 DC: 0 FLAG_ZERO: False FLAG_LT: 0 FLAG_GT: 1
INPUT_PORT:  []
OUT_PORT:  []
DATA_MEM:  [431, 201]
---------------------------------------
DEBUG    root:machine.py:309 ST 0
TICK: 20904 PC:   2 ADDR:   0 MEM_OUT: 431 ACC: 432 BUFF: 431 DC: 0 FLAG_ZERO: False FLAG_LT: 0 FLAG_GT: 1
INPUT_PORT:  []
OUT_PORT:  []
DATA_MEM:  [431, 201]
---------------------------------------
DEBUG    root:machine.py:309 CMP 1000
TICK: 20908 PC:   3 ADDR:   0 MEM_OUT: 432 ACC: 432 BUFF: 431 DC: 0 FLAG_ZERO: False FLAG_LT: 0 FLAG_GT: 1
INPUT_PORT:  []
OUT_PORT:  []
DATA_MEM:  [432, 201]
---------------------------------------
DEBUG    root:machine.py:309 JGE 22
TICK: 20911 PC:   4 ADDR:   0 MEM_OUT: 432 ACC: 432 BUFF: 431 DC: 0 FLAG_ZERO: False FLAG_LT: 1 FLAG_GT: 0
INPUT_PORT:  []
OUT_PORT:  []
DATA_MEM:  [432, 201]
---------------------------------------
DEBUG    root:machine.py:309 LD 0
TICK: 20914 PC:   5 ADDR:   0 MEM_OUT: 432 ACC: 432 BUFF: 431 DC: 0 FLAG_ZERO: False FLAG_LT: 1 FLAG_GT: 0
INPUT_PORT:  []
OUT_PORT:  []
DATA_MEM:  [432, 201]
---------------------------------------
DEBUG    root:machine.py:309 MOD 3
TICK: 20918 PC:   6 ADDR:   0 MEM_OUT: 432 ACC: 432 BUFF: 431 DC: 0 FLAG_ZERO: False FLAG_LT: 1 FLAG_GT: 0
INPUT_PORT:  []
OUT_PORT:  []
DATA_MEM:  [432, 201]
---------------------------------------
DEBUG    root:machine.py:309 CMP 0
TICK: 20922 PC:   7 ADDR:   0 MEM_OUT: 432 ACC: 0 BUFF: 432 DC: 0 FLAG_ZERO: False FLAG_LT: 1 FLAG_GT: 0
INPUT_PORT:  []
OUT_PORT:  []
DATA_MEM:  [432, 201]
---------------------------------------
DEBUG    root:machine.py:309 JE 14
TICK: 20925 PC:   8 ADDR:   0 MEM_OUT: 432 ACC: 0 BUFF: 432 DC: 0 FLAG_ZERO: True FLAG_LT: 0 FLAG_GT: 0
INPUT_PORT:  []
OUT_PORT:  []
DATA_MEM:  [432, 201]
---------------------------------------
DEBUG    root:machine.py:309 LD 4
TICK: 20928 PC:  14 ADDR:   0 MEM_OUT: 432 ACC: 0 BUFF: 432 DC: 0 FLAG_ZERO: True FLAG_LT: 0 FLAG_GT: 0
INPUT_PORT:  []
OUT_PORT:  []
DATA_MEM:  [432, 201]
---------------------------------------
DEBUG    root:machine.py:309 INC 
TICK: 20932 PC:  15 ADDR:   1 MEM_OUT: 201 ACC: 201 BUFF: 432 DC: 0 FLAG_ZERO: True FLAG_LT: 0 FLAG_GT: 0
INPUT_PORT:  []
OUT_PORT:  []
DATA_MEM:  [432, 201]
---------------------------------------
DEBUG    root:machine.py:309 ST 4
TICK: 20935 PC:  16 ADDR:   1 MEM_OUT: 201 ACC: 202 BUFF: 432 DC: 0 FLAG_ZERO: True FLAG_LT: 0 FLAG_GT: 0
INPUT_PORT:  []
OUT_PORT:  []
DATA_MEM:  [432, 201]
---------------------------------------
DEBUG    root:machine.py:309 JMP 0
TICK: 20939 PC:  17 ADDR:   1 MEM_OUT: 202 ACC: 202 BUFF: 432 DC: 0 FLAG_ZERO: True FLAG_LT: 0 FLAG_GT: 0
INPUT_PORT:  []
OUT_PORT:  []
DATA_MEM:  [432, 202]
---------------------------------------
DEBUG    root:machine.py:309 LD 0
TICK: 20942 PC:   0 ADDR:   1 MEM_OUT: 202 ACC: 202 BUFF: 432 DC: 0 FLAG_ZERO: True FLAG_LT: 0 FLAG_GT: 0
INPUT_PORT:  []
OUT_PORT:  []
DATA_MEM:  [432, 202]
---------------------------------------
DEBUG    root:machine.py:309 INC 
TICK: 20946 PC:   1 ADDR:   0 MEM_OUT: 432 ACC: 432 BUFF: 432 DC: 0 FLAG_ZERO: True FLAG_LT: 0 FLAG_GT: 0
INPUT_PORT:  []
OUT_PORT:  []
DATA_MEM:  [432, 202]
---------------------------------------
DEBUG    root:machine.py:309 ST 0
TICK: 20949 PC:   2 ADDR:   0 MEM_OUT: 432 ACC: 433 BUFF: 432 DC: 0 FLAG_ZERO: True FLAG_LT: 0 FLAG_GT: 0
INPUT_PORT:  []
OUT_PORT:  []
DATA_MEM:  [432, 202]
---------------------------------------
DEBUG    root:machine.py:309 CMP 1000
TICK: 20953 PC:   3 ADDR:   0 MEM_OUT: 433 ACC: 433 BUFF: 432 DC: 0 FLAG_ZERO: True FLAG_LT: 0 FLAG_GT: 0
INPUT_PORT:  []
OUT_PORT:  []
DATA_MEM:  [433, 202]
---------------------------------------
DEBUG    root:machine.py:309 JGE 22
TICK: 20956 PC:   4 ADDR:   0 MEM_OUT: 433 ACC: 433 BUFF: 432 DC: 0 FLAG_ZERO: False FLAG_LT: 1 FLAG_GT: 0
INPUT_PORT:  []
OUT_PORT:  []
DATA_MEM:  [433, 202]
---------------------------------------
DEBUG    root:machine.py:309 LD 0
TICK: 20959 PC:   5 ADDR:   0 MEM_OUT: 433 ACC: 433 BUFF: 432 DC: 0 FLAG_ZERO: False FLAG_LT: 1 FLAG_GT: 0
INPUT_PORT:  []
OUT_PORT:  []
DATA_MEM:  [433, 202]
---------------------------------------
DEBUG    root:machine.py:309 MOD 3
TICK: 20963 PC:   6 ADDR:   0 MEM_OUT: 433 ACC: 433 BUFF: 432 DC: 0 FLAG_ZERO: False FLAG_LT: 1 FLAG_GT: 0
INPUT_PORT:  []
OUT_PORT:  []
DATA_MEM:  [433, 202]
---------------------------------------
DEBUG    root:machine.py:309 CMP 0
TICK: 20967 PC:   7 ADDR:   0 MEM_OUT: 433 ACC: 1 BUFF: 433 DC: 0 FLAG_ZERO: False FLAG_LT: 1 FLAG_GT: 0
INPUT_PORT:  []
OUT_PORT:  []
DATA_MEM:  [433, 202]
---------------------------------------
DEBUG    root:machine.py:309 JE 14
TICK: 20970 PC:   8 ADDR:   0 MEM_OUT: 433 ACC: 1 BUFF: 433 DC: 0 FLAG_ZERO: False FLAG_LT: 0 FLAG_GT: 1
INPUT_PORT:  []
OUT_PORT:  []
DATA_MEM:  [433, 202]
---------------------------------------
DEBUG    root:machine.py:309 LD 0
TICK: 20973 PC:   9 ADDR:   0 MEM_OUT: 433 ACC: 1 BUFF: 433 DC: 0 FLAG_ZERO: False FLAG_LT: 0 FLAG_GT: 1
INPUT_PORT:  []
OUT_PORT:  []
DATA_MEM:  [433, 202]
---------------------------------------
DEBUG    root:machine.py:309 MOD 5
TICK: 20977 PC:  10 ADDR:   0 MEM_OUT: 433 ACC: 433 BUFF: 433 DC: 0 FLAG_ZERO: False FLAG_LT: 0 FLAG_GT: 1
INPUT_PORT:  []
OUT_PORT:  []
DATA_MEM:  [433, 202]
---------------------------------------
DEBUG    root:machine.py:309 CMP 0
TICK: 20981 PC:  11 ADDR:   0 MEM_OUT: 433 ACC: 3 BUFF: 433 DC: 0 FLAG_ZERO: False FLAG_LT: 0 FLAG_GT: 1
INPUT_PORT:  []
OUT_PORT:  []
DATA_MEM:  [433, 202]
---------------------------------------
DEBUG    root:machine.py:309 JE 18
TICK: 20984 PC:  12 ADDR:   0 MEM_OUT: 433 ACC: 3 BUFF: 433 DC: 0 FLAG_ZERO: False FLAG_LT: 0 FLAG_GT: 1
INPUT_PORT:  []
OUT_PORT:  []
DATA_MEM:  [433, 202]
---------------------------------------
DEBUG    root:machine.py:309 JMP 0
TICK: 20987 PC:  13 ADDR:   0 MEM_OUT: 433 ACC: 3 BUFF: 433 DC: 0 FLAG_ZERO: False FLAG_LT: 0 FLAG_GT: 1
INPUT_PORT:  []
OUT_PORT:  []
DATA_MEM:  [433, 202]
---------------------------------------
DEBUG    root:machine.py:309 LD 0
TICK: 20990 PC:   0 ADDR:   0 MEM_OUT: 433 ACC: 3 BUFF: 433 DC: 0 FLAG_ZERO: False FLAG_LT: 0 FLAG_GT: 1
INPUT_PORT:  []
OUT_PORT:  []
DATA_MEM:  [433, 202]
---------------------------------------
DEBUG    root:machine.py:309 INC 
TICK: 20994 PC:   1 ADDR:   0 MEM_OUT: 433 ACC: 433 BUFF: 433 DC: 0 FLAG_ZERO: False FLAG_LT: 0 FLAG_GT: 1
INPUT_PORT:  []
OUT_PORT:  []
DATA_MEM:  [433, 202]
---------------------------------------
DEBUG    root:machine.py:309 ST 0
TICK: 20997 PC:   2 ADDR:   0 MEM_OUT: 433 ACC: 434 BUFF: 433 DC: 0 FLAG_ZERO: False FLAG_LT: 0 FLAG_GT: 1
INPUT_PORT:  []
OUT_PORT:  []
DATA_MEM:  [433, 202]
---------------------------------------
DEBUG    root:machine.py:309 CMP 1000
TICK: 21001 PC:   3 ADDR:   0 MEM_OUT: 434 ACC: 434 BUFF: 433 DC: 0 FLAG_ZERO: False FLAG_LT: 0 FLAG_GT: 1
INPUT_PORT:  []
OUT_PORT:  []
DATA_MEM:  [434, 202]
---------------------------------------
DEBUG    root:machine.py:309 JGE 22
TICK: 21004 PC:   4 ADDR:   0 MEM_OUT: 434 ACC: 434 BUFF: 433 DC: 0 FLAG_ZERO: False FLAG_LT: 1 FLAG_GT: 0
INPUT_PORT:  []
OUT_PORT:  []
DATA_MEM:  [434, 202]
---------------------------------------
DEBUG    root:machine.py:309 LD 0
TICK: 21007 PC:   5 ADDR:   0 MEM_OUT: 434 ACC: 434 BUFF: 433 DC: 0 FLAG_ZERO: False FLAG_LT: 1 FLAG_GT: 0
INPUT_PORT:  []
OUT_PORT:  []
DATA_MEM:  [434, 202]
---------------------------------------
DEBUG    root:machine.py:309 MOD 3
TICK: 21011 PC:   6 ADDR:   0 MEM_OUT: 434 ACC: 434 BUFF: 433 DC: 0 FLAG_ZERO: False FLAG_LT: 1 FLAG_GT: 0
INPUT_PORT:  []
OUT_PORT:  []
DATA_MEM:  [434, 202]
---------------------------------------
DEBUG    root:machine.py:309 CMP 0
TICK: 21015 PC:   7 ADDR:   0 MEM_OUT: 434 ACC: 2 BUFF: 434 DC: 0 FLAG_ZERO: False FLAG_LT: 1 FLAG_GT: 0
INPUT_PORT:  []
OUT_PORT:  []
DATA_MEM:  [434, 202]
---------------------------------------
DEBUG    root:machine.py:309 JE 14
TICK: 21018 PC:   8 ADDR:   0 MEM_OUT: 434 ACC: 2 BUFF: 434 DC: 0 FLAG_ZERO: False FLAG_LT: 0 FLAG_GT: 1
INPUT_PORT:  []
OUT_PORT:  []
DATA_MEM:  [434, 202]
---------------------------------------
DEBUG    root:machine.py:309 LD 0
TICK: 21021 PC:   9 ADDR:   0 MEM_OUT: 434 ACC: 2 BUFF: 434 DC: 0 FLAG_ZERO: False FLAG_LT: 0 FLAG_GT: 1
INPUT_PORT:  []
OUT_PORT:  []
DATA_MEM:  [434, 202]
---------------------------------------
DEBUG    root:machine.py:309 MOD 5
TICK: 21025 PC:  10 ADDR:   0 MEM_OUT: 434 ACC: 434 BUFF: 434 DC: 0 FLAG_ZERO: False FLAG_LT: 0 FLAG_GT: 1
INPUT_PORT:  []
OUT_PORT:  []
DATA_MEM:  [434, 202]
---------------------------------------
DEBUG    root:machine.py:309 CMP 0
TICK: 21029 PC:  11 ADDR:   0 MEM_OUT: 434 ACC: 4 BUFF: 434 DC: 0 FLAG_ZERO: False FLAG_LT: 0 FLAG_GT: 1
INPUT_PORT:  []
OUT_PORT:  []
DATA_MEM:  [434, 202]
---------------------------------------
DEBUG    root:machine.py:309 JE 18
TICK: 21032 PC:  12 ADDR:   0 MEM_OUT: 434 ACC: 4 BUFF: 434 DC: 0 FLAG_ZERO: False FLAG_LT: 0 FLAG_GT: 1
INPUT_PORT:  []
OUT_PORT:  []
DATA_MEM:  [434, 202]
---------------------------------------
DEBUG    root:machine.py:309 JMP 0
TICK: 21035 PC:  13 ADDR:   0 MEM_OUT: 434 ACC: 4 BUFF: 434 DC: 0 FLAG_ZERO: False FLAG_LT: 0 FLAG_GT: 1
INPUT_PORT:  []
OUT_PORT:  []
DATA_MEM:  [434, 202]
---------------------------------------
DEBUG    root:machine.py:309 LD 0
TICK: 21038 PC:   0 ADDR:   0 MEM_OUT: 434 ACC: 4 BUFF: 434 DC: 0 FLAG_ZERO: False FLAG_LT: 0 FLAG_GT: 1
INPUT_PORT:  []
OUT_PORT:  []
DATA_MEM:  [434, 202]
---------------------------------------
DEBUG    root:machine.py:309 INC 
TICK: 21042 PC:   1 ADDR:   0 MEM_OUT: 434 ACC: 434 BUFF: 434 DC: 0 FLAG_ZERO: False FLAG_LT: 0 FLAG_GT: 1
INPUT_PORT:  []
OUT_PORT:  []
DATA_MEM:  [434, 202]
---------------------------------------
DEBUG    root:machine.py:309 ST 0
TICK: 21045 PC:   2 ADDR:   0 MEM_OUT: 434 ACC: 435 BUFF: 434 DC: 0 FLAG_ZERO: False FLAG_LT: 0 FLAG_GT: 1
INPUT_PORT:  []
OUT_PORT:  []
DATA_MEM:  [434, 202]
---------------------------------------
DEBUG    root:machine.py:309 CMP 1000
TICK: 21049 PC:   3 ADDR:   0 MEM_OUT: 435 ACC: 435 BUFF: 434 DC: 0 FLAG_ZERO: False FLAG_LT: 0 FLAG_GT: 1
INPUT_PORT:  []
OUT_PORT:  []
DATA_MEM:  [435, 202]
---------------------------------------
DEBUG    root:machine.py:309 JGE 22
TICK: 21052 PC:   4 ADDR:   0 MEM_OUT: 435 ACC: 435 BUFF: 434 DC: 0 FLAG_ZERO: False FLAG_LT: 1 FLAG_GT: 0
INPUT_PORT:  []
OUT_PORT:  []
DATA_MEM:  [435, 202]
---------------------------------------
DEBUG    root:machine.py:309 LD 0
TICK: 21055 PC:   5 ADDR:   0 MEM_OUT: 435 ACC: 435 BUFF: 434 DC: 0 FLAG_ZERO: False FLAG_LT: 1 FLAG_GT: 0
INPUT_PORT:  []
OUT_PORT:  []
DATA_MEM:  [435, 202]
---------------------------------------
DEBUG    root:machine.py:309 MOD 3
TICK: 21059 PC:   6 ADDR:   0 MEM_OUT: 435 ACC: 435 BUFF: 434 DC: 0 FLAG_ZERO: False FLAG_LT: 1 FLAG_GT: 0
INPUT_PORT:  []
OUT_PORT:  []
DATA_MEM:  [435, 202]
---------------------------------------
DEBUG    root:machine.py:309 CMP 0
TICK: 21063 PC:   7 ADDR:   0 MEM_OUT: 435 ACC: 0 BUFF: 435 DC: 0 FLAG_ZERO: False FLAG_LT: 1 FLAG_GT: 0
INPUT_PORT:  []
OUT_PORT:  []
DATA_MEM:  [435, 202]
---------------------------------------
DEBUG    root:machine.py:309 JE 14
TICK: 21066 PC:   8 ADDR:   0 MEM_OUT: 435 ACC: 0 BUFF: 435 DC: 0 FLAG_ZERO: True FLAG_LT: 0 FLAG_GT: 0
INPUT_PORT:  []
OUT_PORT:  []
DATA_MEM:  [435, 202]
---------------------------------------
DEBUG    root:machine.py:309 LD 4
TICK: 21069 PC:  14 ADDR:   0 MEM_OUT: 435 ACC: 0 BUFF: 435 DC: 0 FLAG_ZERO: True FLAG_LT: 0 FLAG_GT: 0
INPUT_PORT:  []
OUT_PORT:  []
DATA_MEM:  [435, 202]
---------------------------------------
DEBUG    root:machine.py:309 INC 
TICK: 21073 PC:  15 ADDR:   1 MEM_OUT: 202 ACC: 202 BUFF: 435 DC: 0 FLAG_ZERO: True FLAG_LT: 0 FLAG_GT: 0
INPUT_PORT:  []
OUT_PORT:  []
DATA_MEM:  [435, 202]
---------------------------------------
DEBUG    root:machine.py:309 ST 4
TICK: 21076 PC:  16 ADDR:   1 MEM_OUT: 202 ACC: 203 BUFF: 435 DC: 0 FLAG_ZERO: True FLAG_LT: 0 FLAG_GT: 0
INPUT_PORT:  []
OUT_PORT:  []
DATA_MEM:  [435, 202]
---------------------------------------
DEBUG    root:machine.py:309 JMP 0
TICK: 21080 PC:  17 ADDR:   1 MEM_OUT: 203 ACC: 203 BUFF: 435 DC: 0 FLAG_ZERO: True FLAG_LT: 0 FLAG_GT: 0
INPUT_PORT:  []
OUT_PORT:  []
DATA_MEM:  [435, 203]
---------------------------------------
DEBUG    root:machine.py:309 LD 0
TICK: 21083 PC:   0 ADDR:   1 MEM_OUT: 203 ACC: 203 BUFF: 435 DC: 0 FLAG_ZERO: True FLAG_LT: 0 FLAG_GT: 0
INPUT_PORT:  []
OUT_PORT:  []
DATA_MEM:  [435, 203]
---------------------------------------
DEBUG    root:machine.py:309 INC 
TICK: 21087 PC:   1 ADDR:   0 MEM_OUT: 435 ACC: 435 BUFF: 435 DC: 0 FLAG_ZERO: True FLAG_LT: 0 FLAG_GT: 0
INPUT_PORT:  []
OUT_PORT:  []
DATA_MEM:  [435, 203]
---------------------------------------
DEBUG    root:machine.py:309 ST 0
TICK: 21090 PC:   2 ADDR:   0 MEM_OUT: 435 ACC: 436 BUFF: 435 DC: 0 FLAG_ZERO: True FLAG_LT: 0 FLAG_GT: 0
INPUT_PORT:  []
OUT_PORT:  []
DATA_MEM:  [435, 203]
---------------------------------------
DEBUG    root:machine.py:309 CMP 1000
TICK: 21094 PC:   3 ADDR:   0 MEM_OUT: 436 ACC: 436 BUFF: 435 DC: 0 FLAG_ZERO: True FLAG_LT: 0 FLAG_GT: 0
INPUT_PORT:  []
OUT_PORT:  []
DATA_MEM:  [436, 203]
---------------------------------------
DEBUG    root:machine.py:309 JGE 22
TICK: 21097 PC:   4 ADDR:   0 MEM_OUT: 436 ACC: 436 BUFF: 435 DC: 0 FLAG_ZERO: False FLAG_LT: 1 FLAG_GT: 0
INPUT_PORT:  []
OUT_PORT:  []
DATA_MEM:  [436, 203]
---------------------------------------
DEBUG    root:machine.py:309 LD 0
TICK: 21100 PC:   5 ADDR:   0 MEM_OUT: 436 ACC: 436 BUFF: 435 DC: 0 FLAG_ZERO: False FLAG_LT: 1 FLAG_GT: 0
INPUT_PORT:  []
OUT_PORT:  []
DATA_MEM:  [436, 203]
---------------------------------------
DEBUG    root:machine.py:309 MOD 3
TICK: 21104 PC:   6 ADDR:   0 MEM_OUT: 436 ACC: 436 BUFF: 435 DC: 0 FLAG_ZERO: False FLAG_LT: 1 FLAG_GT: 0
INPUT_PORT:  []
OUT_PORT:  []
DATA_MEM:  [436, 203]
---------------------------------------
DEBUG    root:machine.py:309 CMP 0
TICK: 21108 PC:   7 ADDR:   0 MEM_OUT: 436 ACC: 1 BUFF: 436 DC: 0 FLAG_ZERO: False FLAG_LT: 1 FLAG_GT: 0
INPUT_PORT:  []
OUT_PORT:  []
DATA_MEM:  [436, 203]
---------------------------------------
DEBUG    root:machine.py:309 JE 14
TICK: 21111 PC:   8 ADDR:   0 MEM_OUT: 436 ACC: 1 BUFF: 436 DC: 0 FLAG_ZERO: False FLAG_LT: 0 FLAG_GT: 1
INPUT_PORT:  []
OUT_PORT:  []
DATA_MEM:  [436, 203]
---------------------------------------
DEBUG    root:machine.py:309 LD 0
TICK: 21114 PC:   9 ADDR:   0 MEM_OUT: 436 ACC: 1 BUFF: 436 DC: 0 FLAG_ZERO: False FLAG_LT: 0 FLAG_GT: 1
INPUT_PORT:  []
OUT_PORT:  []
DATA_MEM:  [436, 203]
---------------------------------------
DEBUG    root:machine.py:309 MOD 5
TICK: 21118 PC:  10 ADDR:   0 MEM_OUT: 436 ACC: 436 BUFF: 436 DC: 0 FLAG_ZERO: False FLAG_LT: 0 FLAG_GT: 1
INPUT_PORT:  []
OUT_PORT:  []
DATA_MEM:  [436, 203]
---------------------------------------
DEBUG    root:machine.py:309 CMP 0
TICK: 21122 PC:  11 ADDR:   0 MEM_OUT: 436 ACC: 1 BUFF: 436 DC: 0 FLAG_ZERO: False FLAG_LT: 0 FLAG_GT: 1
INPUT_PORT:  []
OUT_PORT:  []
DATA_MEM:  [436, 203]
---------------------------------------
DEBUG    root:machine.py:309 JE 18
TICK: 21125 PC:  12 ADDR:   0 MEM_OUT: 436 ACC: 1 BUFF: 436 DC: 0 FLAG_ZERO: False FLAG_LT: 0 FLAG_GT: 1
INPUT_PORT:  []
OUT_PORT:  []
DATA_MEM:  [436, 203]
---------------------------------------
DEBUG    root:machine.py:309 JMP 0
TICK: 21128 PC:  13 ADDR:   0 MEM_OUT: 436 ACC: 1 BUFF: 436 DC: 0 FLAG_ZERO: False FLAG_LT: 0 FLAG_GT: 1
INPUT_PORT:  []
OUT_PORT:  []
DATA_MEM:  [436, 203]
---------------------------------------
DEBUG    root:machine.py:309 LD 0
TICK: 21131 PC:   0 ADDR:   0 MEM_OUT: 436 ACC: 1 BUFF: 436 DC: 0 FLAG_ZERO: False FLAG_LT: 0 FLAG_GT: 1
INPUT_PORT:  []
OUT_PORT:  []
DATA_MEM:  [436, 203]
---------------------------------------
DEBUG    root:machine.py:309 INC 
TICK: 21135 PC:   1 ADDR:   0 MEM_OUT: 436 ACC: 436 BUFF: 436 DC: 0 FLAG_ZERO: False FLAG_LT: 0 FLAG_GT: 1
INPUT_PORT:  []
OUT_PORT:  []
DATA_MEM:  [436, 203]
---------------------------------------
DEBUG    root:machine.py:309 ST 0
TICK: 21138 PC:   2 ADDR:   0 MEM_OUT: 436 ACC: 437 BUFF: 436 DC: 0 FLAG_ZERO: False FLAG_LT: 0 FLAG_GT: 1
INPUT_PORT:  []
OUT_PORT:  []
DATA_MEM:  [436, 203]
---------------------------------------
DEBUG    root:machine.py:309 CMP 1000
TICK: 21142 PC:   3 ADDR:   0 MEM_OUT: 437 ACC: 437 BUFF: 436 DC: 0 FLAG_ZERO: False FLAG_LT: 0 FLAG_GT: 1
INPUT_PORT:  []
OUT_PORT:  []
DATA_MEM:  [437, 203]
---------------------------------------
DEBUG    root:machine.py:309 JGE 22
TICK: 21145 PC:   4 ADDR:   0 MEM_OUT: 437 ACC: 437 BUFF: 436 DC: 0 FLAG_ZERO: False FLAG_LT: 1 FLAG_GT: 0
INPUT_PORT:  []
OUT_PORT:  []
DATA_MEM:  [437, 203]
---------------------------------------
DEBUG    root:machine.py:309 LD 0
TICK: 21148 PC:   5 ADDR:   0 MEM_OUT: 437 ACC: 437 BUFF: 436 DC: 0 FLAG_ZERO: False FLAG_LT: 1 FLAG_GT: 0
INPUT_PORT:  []
OUT_PORT:  []
DATA_MEM:  [437, 203]
---------------------------------------
DEBUG    root:machine.py:309 MOD 3
TICK: 21152 PC:   6 ADDR:   0 MEM_OUT: 437 ACC: 437 BUFF: 436 DC: 0 FLAG_ZERO: False FLAG_LT: 1 FLAG_GT: 0
INPUT_PORT:  []
OUT_PORT:  []
DATA_MEM:  [437, 203]
---------------------------------------
DEBUG    root:machine.py:309 CMP 0
TICK: 21156 PC:   7 ADDR:   0 MEM_OUT: 437 ACC: 2 BUFF: 437 DC: 0 FLAG_ZERO: False FLAG_LT: 1 FLAG_GT: 0
INPUT_PORT:  []
OUT_PORT:  []
DATA_MEM:  [437, 203]
---------------------------------------
DEBUG    root:machine.py:309 JE 14
TICK: 21159 PC:   8 ADDR:   0 MEM_OUT: 437 ACC: 2 BUFF: 437 DC: 0 FLAG_ZERO: False FLAG_LT: 0 FLAG_GT: 1
INPUT_PORT:  []
OUT_PORT:  []
DATA_MEM:  [437, 203]
---------------------------------------
DEBUG    root:machine.py:309 LD 0
TICK: 21162 PC:   9 ADDR:   0 MEM_OUT: 437 ACC: 2 BUFF: 437 DC: 0 FLAG_ZERO: False FLAG_LT: 0 FLAG_GT: 1
INPUT_PORT:  []
OUT_PORT:  []
DATA_MEM:  [437, 203]
---------------------------------------
DEBUG    root:machine.py:309 MOD 5
TICK: 21166 PC:  10 ADDR:   0 MEM_OUT: 437 ACC: 437 BUFF: 437 DC: 0 FLAG_ZERO: False FLAG_LT: 0 FLAG_GT: 1
INPUT_PORT:  []
OUT_PORT:  []
DATA_MEM:  [437, 203]
---------------------------------------
DEBUG    root:machine.py:309 CMP 0
TICK: 21170 PC:  11 ADDR:   0 MEM_OUT: 437 ACC: 2 BUFF: 437 DC: 0 FLAG_ZERO: False FLAG_LT: 0 FLAG_GT: 1
INPUT_PORT:  []
OUT_PORT:  []
DATA_MEM:  [437, 203]
---------------------------------------
DEBUG    root:machine.py:309 JE 18
TICK: 21173 PC:  12 ADDR:   0 MEM_OUT: 437 ACC: 2 BUFF: 437 DC: 0 FLAG_ZERO: False FLAG_LT: 0 FLAG_GT: 1
INPUT_PORT:  []
OUT_PORT:  []
DATA_MEM:  [437, 203]
---------------------------------------
DEBUG    root:machine.py:309 JMP 0
TICK: 21176 PC:  13 ADDR:   0 MEM_OUT: 437 ACC: 2 BUFF: 437 DC: 0 FLAG_ZERO: False FLAG_LT: 0 FLAG_GT: 1
INPUT_PORT:  []
OUT_PORT:  []
DATA_MEM:  [437, 203]
---------------------------------------
DEBUG    root:machine.py:309 LD 0
TICK: 21179 PC:   0 ADDR:   0 MEM_OUT: 437 ACC: 2 BUFF: 437 DC: 0 FLAG_ZERO: False FLAG_LT: 0 FLAG_GT: 1
INPUT_PORT:  []
OUT_PORT:  []
DATA_MEM:  [437, 203]
---------------------------------------
DEBUG    root:machine.py:309 INC 
TICK: 21183 PC:   1 ADDR:   0 MEM_OUT: 437 ACC: 437 BUFF: 437 DC: 0 FLAG_ZERO: False FLAG_LT: 0 FLAG_GT: 1
INPUT_PORT:  []
OUT_PORT:  []
DATA_MEM:  [437, 203]
---------------------------------------
DEBUG    root:machine.py:309 ST 0
TICK: 21186 PC:   2 ADDR:   0 MEM_OUT: 437 ACC: 438 BUFF: 437 DC: 0 FLAG_ZERO: False FLAG_LT: 0 FLAG_GT: 1
INPUT_PORT:  []
OUT_PORT:  []
DATA_MEM:  [437, 203]
---------------------------------------
DEBUG    root:machine.py:309 CMP 1000
TICK: 21190 PC:   3 ADDR:   0 MEM_OUT: 438 ACC: 438 BUFF: 437 DC: 0 FLAG_ZERO: False FLAG_LT: 0 FLAG_GT: 1
INPUT_PORT:  []
OUT_PORT:  []
DATA_MEM:  [438, 203]
---------------------------------------
DEBUG    root:machine.py:309 JGE 22
TICK: 21193 PC:   4 ADDR:   0 MEM_OUT: 438 ACC: 438 BUFF: 437 DC: 0 FLAG_ZERO: False FLAG_LT: 1 FLAG_GT: 0
INPUT_PORT:  []
OUT_PORT:  []
DATA_MEM:  [438, 203]
---------------------------------------
DEBUG    root:machine.py:309 LD 0
TICK: 21196 PC:   5 ADDR:   0 MEM_OUT: 438 ACC: 438 BUFF: 437 DC: 0 FLAG_ZERO: False FLAG_LT: 1 FLAG_GT: 0
INPUT_PORT:  []
OUT_PORT:  []
DATA_MEM:  [438, 203]
---------------------------------------
DEBUG    root:machine.py:309 MOD 3
TICK: 21200 PC:   6 ADDR:   0 MEM_OUT: 438 ACC: 438 BUFF: 437 DC: 0 FLAG_ZERO: False FLAG_LT: 1 FLAG_GT: 0
INPUT_PORT:  []
OUT_PORT:  []
DATA_MEM:  [438, 203]
---------------------------------------
DEBUG    root:machine.py:309 CMP 0
TICK: 21204 PC:   7 ADDR:   0 MEM_OUT: 438 ACC: 0 BUFF: 438 DC: 0 FLAG_ZERO: False FLAG_LT: 1 FLAG_GT: 0
INPUT_PORT:  []
OUT_PORT:  []
DATA_MEM:  [438, 203]
---------------------------------------
DEBUG    root:machine.py:309 JE 14
TICK: 21207 PC:   8 ADDR:   0 MEM_OUT: 438 ACC: 0 BUFF: 438 DC: 0 FLAG_ZERO: True FLAG_LT: 0 FLAG_GT: 0
INPUT_PORT:  []
OUT_PORT:  []
DATA_MEM:  [438, 203]
---------------------------------------
DEBUG    root:machine.py:309 LD 4
TICK: 21210 PC:  14 ADDR:   0 MEM_OUT: 438 ACC: 0 BUFF: 438 DC: 0 FLAG_ZERO: True FLAG_LT: 0 FLAG_GT: 0
INPUT_PORT:  []
OUT_PORT:  []
DATA_MEM:  [438, 203]
---------------------------------------
DEBUG    root:machine.py:309 INC 
TICK: 21214 PC:  15 ADDR:   1 MEM_OUT: 203 ACC: 203 BUFF: 438 DC: 0 FLAG_ZERO: True FLAG_LT: 0 FLAG_GT: 0
INPUT_PORT:  []
OUT_PORT:  []
DATA_MEM:  [438, 203]
---------------------------------------
DEBUG    root:machine.py:309 ST 4
TICK: 21217 PC:  16 ADDR:   1 MEM_OUT: 203 ACC: 204 BUFF: 438 DC: 0 FLAG_ZERO: True FLAG_LT: 0 FLAG_GT: 0
INPUT_PORT:  []
OUT_PORT:  []
DATA_MEM:  [438, 203]
---------------------------------------
DEBUG    root:machine.py:309 JMP 0
TICK: 21221 PC:  17 ADDR:   1 MEM_OUT: 204 ACC: 204 BUFF: 438 DC: 0 FLAG_ZERO: True FLAG_LT: 0 FLAG_GT: 0
INPUT_PORT:  []
OUT_PORT:  []
DATA_MEM:  [438, 204]
---------------------------------------
DEBUG    root:machine.py:309 LD 0
TICK: 21224 PC:   0 ADDR:   1 MEM_OUT: 204 ACC: 204 BUFF: 438 DC: 0 FLAG_ZERO: True FLAG_LT: 0 FLAG_GT: 0
INPUT_PORT:  []
OUT_PORT:  []
DATA_MEM:  [438, 204]
---------------------------------------
DEBUG    root:machine.py:309 INC 
TICK: 21228 PC:   1 ADDR:   0 MEM_OUT: 438 ACC: 438 BUFF: 438 DC: 0 FLAG_ZERO: True FLAG_LT: 0 FLAG_GT: 0
INPUT_PORT:  []
OUT_PORT:  []
DATA_MEM:  [438, 204]
---------------------------------------
DEBUG    root:machine.py:309 ST 0
TICK: 21231 PC:   2 ADDR:   0 MEM_OUT: 438 ACC: 439 BUFF: 438 DC: 0 FLAG_ZERO: True FLAG_LT: 0 FLAG_GT: 0
INPUT_PORT:  []
OUT_PORT:  []
DATA_MEM:  [438, 204]
---------------------------------------
DEBUG    root:machine.py:309 CMP 1000
TICK: 21235 PC:   3 ADDR:   0 MEM_OUT: 439 ACC: 439 BUFF: 438 DC: 0 FLAG_ZERO: True FLAG_LT: 0 FLAG_GT: 0
INPUT_PORT:  []
OUT_PORT:  []
DATA_MEM:  [439, 204]
---------------------------------------
DEBUG    root:machine.py:309 JGE 22
TICK: 21238 PC:   4 ADDR:   0 MEM_OUT: 439 ACC: 439 BUFF: 438 DC: 0 FLAG_ZERO: False FLAG_LT: 1 FLAG_GT: 0
INPUT_PORT:  []
OUT_PORT:  []
DATA_MEM:  [439, 204]
---------------------------------------
DEBUG    root:machine.py:309 LD 0
TICK: 21241 PC:   5 ADDR:   0 MEM_OUT: 439 ACC: 439 BUFF: 438 DC: 0 FLAG_ZERO: False FLAG_LT: 1 FLAG_GT: 0
INPUT_PORT:  []
OUT_PORT:  []
DATA_MEM:  [439, 204]
---------------------------------------
DEBUG    root:machine.py:309 MOD 3
TICK: 21245 PC:   6 ADDR:   0 MEM_OUT: 439 ACC: 439 BUFF: 438 DC: 0 FLAG_ZERO: False FLAG_LT: 1 FLAG_GT: 0
INPUT_PORT:  []
OUT_PORT:  []
DATA_MEM:  [439, 204]
---------------------------------------
DEBUG    root:machine.py:309 CMP 0
TICK: 21249 PC:   7 ADDR:   0 MEM_OUT: 439 ACC: 1 BUFF: 439 DC: 0 FLAG_ZERO: False FLAG_LT: 1 FLAG_GT: 0
INPUT_PORT:  []
OUT_PORT:  []
DATA_MEM:  [439, 204]
---------------------------------------
DEBUG    root:machine.py:309 JE 14
TICK: 21252 PC:   8 ADDR:   0 MEM_OUT: 439 ACC: 1 BUFF: 439 DC: 0 FLAG_ZERO: False FLAG_LT: 0 FLAG_GT: 1
INPUT_PORT:  []
OUT_PORT:  []
DATA_MEM:  [439, 204]
---------------------------------------
DEBUG    root:machine.py:309 LD 0
TICK: 21255 PC:   9 ADDR:   0 MEM_OUT: 439 ACC: 1 BUFF: 439 DC: 0 FLAG_ZERO: False FLAG_LT: 0 FLAG_GT: 1
INPUT_PORT:  []
OUT_PORT:  []
DATA_MEM:  [439, 204]
---------------------------------------
DEBUG    root:machine.py:309 MOD 5
TICK: 21259 PC:  10 ADDR:   0 MEM_OUT: 439 ACC: 439 BUFF: 439 DC: 0 FLAG_ZERO: False FLAG_LT: 0 FLAG_GT: 1
INPUT_PORT:  []
OUT_PORT:  []
DATA_MEM:  [439, 204]
---------------------------------------
DEBUG    root:machine.py:309 CMP 0
TICK: 21263 PC:  11 ADDR:   0 MEM_OUT: 439 ACC: 4 BUFF: 439 DC: 0 FLAG_ZERO: False FLAG_LT: 0 FLAG_GT: 1
INPUT_PORT:  []
OUT_PORT:  []
DATA_MEM:  [439, 204]
---------------------------------------
DEBUG    root:machine.py:309 JE 18
TICK: 21266 PC:  12 ADDR:   0 MEM_OUT: 439 ACC: 4 BUFF: 439 DC: 0 FLAG_ZERO: False FLAG_LT: 0 FLAG_GT: 1
INPUT_PORT:  []
OUT_PORT:  []
DATA_MEM:  [439, 204]
---------------------------------------
DEBUG    root:machine.py:309 JMP 0
TICK: 21269 PC:  13 ADDR:   0 MEM_OUT: 439 ACC: 4 BUFF: 439 DC: 0 FLAG_ZERO: False FLAG_LT: 0 FLAG_GT: 1
INPUT_PORT:  []
OUT_PORT:  []
DATA_MEM:  [439, 204]
---------------------------------------
DEBUG    root:machine.py:309 LD 0
TICK: 21272 PC:   0 ADDR:   0 MEM_OUT: 439 ACC: 4 BUFF: 439 DC: 0 FLAG_ZERO: False FLAG_LT: 0 FLAG_GT: 1
INPUT_PORT:  []
OUT_PORT:  []
DATA_MEM:  [439, 204]
---------------------------------------
DEBUG    root:machine.py:309 INC 
TICK: 21276 PC:   1 ADDR:   0 MEM_OUT: 439 ACC: 439 BUFF: 439 DC: 0 FLAG_ZERO: False FLAG_LT: 0 FLAG_GT: 1
INPUT_PORT:  []
OUT_PORT:  []
DATA_MEM:  [439, 204]
---------------------------------------
DEBUG    root:machine.py:309 ST 0
TICK: 21279 PC:   2 ADDR:   0 MEM_OUT: 439 ACC: 440 BUFF: 439 DC: 0 FLAG_ZERO: False FLAG_LT: 0 FLAG_GT: 1
INPUT_PORT:  []
OUT_PORT:  []
DATA_MEM:  [439, 204]
---------------------------------------
DEBUG    root:machine.py:309 CMP 1000
TICK: 21283 PC:   3 ADDR:   0 MEM_OUT: 440 ACC: 440 BUFF: 439 DC: 0 FLAG_ZERO: False FLAG_LT: 0 FLAG_GT: 1
INPUT_PORT:  []
OUT_PORT:  []
DATA_MEM:  [440, 204]
---------------------------------------
DEBUG    root:machine.py:309 JGE 22
TICK: 21286 PC:   4 ADDR:   0 MEM_OUT: 440 ACC: 440 BUFF: 439 DC: 0 FLAG_ZERO: False FLAG_LT: 1 FLAG_GT: 0
INPUT_PORT:  []
OUT_PORT:  []
DATA_MEM:  [440, 204]
---------------------------------------
DEBUG    root:machine.py:309 LD 0
TICK: 21289 PC:   5 ADDR:   0 MEM_OUT: 440 ACC: 440 BUFF: 439 DC: 0 FLAG_ZERO: False FLAG_LT: 1 FLAG_GT: 0
INPUT_PORT:  []
OUT_PORT:  []
DATA_MEM:  [440, 204]
---------------------------------------
DEBUG    root:machine.py:309 MOD 3
TICK: 21293 PC:   6 ADDR:   0 MEM_OUT: 440 ACC: 440 BUFF: 439 DC: 0 FLAG_ZERO: False FLAG_LT: 1 FLAG_GT: 0
INPUT_PORT:  []
OUT_PORT:  []
DATA_MEM:  [440, 204]
---------------------------------------
DEBUG    root:machine.py:309 CMP 0
TICK: 21297 PC:   7 ADDR:   0 MEM_OUT: 440 ACC: 2 BUFF: 440 DC: 0 FLAG_ZERO: False FLAG_LT: 1 FLAG_GT: 0
INPUT_PORT:  []
OUT_PORT:  []
DATA_MEM:  [440, 204]
---------------------------------------
DEBUG    root:machine.py:309 JE 14
TICK: 21300 PC:   8 ADDR:   0 MEM_OUT: 440 ACC: 2 BUFF: 440 DC: 0 FLAG_ZERO: False FLAG_LT: 0 FLAG_GT: 1
INPUT_PORT:  []
OUT_PORT:  []
DATA_MEM:  [440, 204]
---------------------------------------
DEBUG    root:machine.py:309 LD 0
TICK: 21303 PC:   9 ADDR:   0 MEM_OUT: 440 ACC: 2 BUFF: 440 DC: 0 FLAG_ZERO: False FLAG_LT: 0 FLAG_GT: 1
INPUT_PORT:  []
OUT_PORT:  []
DATA_MEM:  [440, 204]
---------------------------------------
DEBUG    root:machine.py:309 MOD 5
TICK: 21307 PC:  10 ADDR:   0 MEM_OUT: 440 ACC: 440 BUFF: 440 DC: 0 FLAG_ZERO: False FLAG_LT: 0 FLAG_GT: 1
INPUT_PORT:  []
OUT_PORT:  []
DATA_MEM:  [440, 204]
---------------------------------------
DEBUG    root:machine.py:309 CMP 0
TICK: 21311 PC:  11 ADDR:   0 MEM_OUT: 440 ACC: 0 BUFF: 440 DC: 0 FLAG_ZERO: False FLAG_LT: 0 FLAG_GT: 1
INPUT_PORT:  []
OUT_PORT:  []
DATA_MEM:  [440, 204]
---------------------------------------
DEBUG    root:machine.py:309 JE 18
TICK: 21314 PC:  12 ADDR:   0 MEM_OUT: 440 ACC: 0 BUFF: 440 DC: 0 FLAG_ZERO: True FLAG_LT: 0 FLAG_GT: 0
INPUT_PORT:  []
OUT_PORT:  []
DATA_MEM:  [440, 204]
---------------------------------------
DEBUG    root:machine.py:309 LD 4
TICK: 21317 PC:  18 ADDR:   0 MEM_OUT: 440 ACC: 0 BUFF: 440 DC: 0 FLAG_ZERO: True FLAG_LT: 0 FLAG_GT: 0
INPUT_PORT:  []
OUT_PORT:  []
DATA_MEM:  [440, 204]
---------------------------------------
DEBUG    root:machine.py:309 INC 
TICK: 21321 PC:  19 ADDR:   1 MEM_OUT: 204 ACC: 204 BUFF: 440 DC: 0 FLAG_ZERO: True FLAG_LT: 0 FLAG_GT: 0
INPUT_PORT:  []
OUT_PORT:  []
DATA_MEM:  [440, 204]
---------------------------------------
DEBUG    root:machine.py:309 ST 4
TICK: 21324 PC:  20 ADDR:   1 MEM_OUT: 204 ACC: 205 BUFF: 440 DC: 0 FLAG_ZERO: True FLAG_LT: 0 FLAG_GT: 0
INPUT_PORT:  []
OUT_PORT:  []
DATA_MEM:  [440, 204]
---------------------------------------
DEBUG    root:machine.py:309 JMP 0
TICK: 21328 PC:  21 ADDR:   1 MEM_OUT: 205 ACC: 205 BUFF: 440 DC: 0 FLAG_ZERO: True FLAG_LT: 0 FLAG_GT: 0
INPUT_PORT:  []
OUT_PORT:  []
DATA_MEM:  [440, 205]
---------------------------------------
DEBUG    root:machine.py:309 LD 0
TICK: 21331 PC:   0 ADDR:   1 MEM_OUT: 205 ACC: 205 BUFF: 440 DC: 0 FLAG_ZERO: True FLAG_LT: 0 FLAG_GT: 0
INPUT_PORT:  []
OUT_PORT:  []
DATA_MEM:  [440, 205]
---------------------------------------
DEBUG    root:machine.py:309 INC 
TICK: 21335 PC:   1 ADDR:   0 MEM_OUT: 440 ACC: 440 BUFF: 440 DC: 0 FLAG_ZERO: True FLAG_LT: 0 FLAG_GT: 0
INPUT_PORT:  []
OUT_PORT:  []
DATA_MEM:  [440, 205]
---------------------------------------
DEBUG    root:machine.py:309 ST 0
TICK: 21338 PC:   2 ADDR:   0 MEM_OUT: 440 ACC: 441 BUFF: 440 DC: 0 FLAG_ZERO: True FLAG_LT: 0 FLAG_GT: 0
INPUT_PORT:  []
OUT_PORT:  []
DATA_MEM:  [440, 205]
---------------------------------------
DEBUG    root:machine.py:309 CMP 1000
TICK: 21342 PC:   3 ADDR:   0 MEM_OUT: 441 ACC: 441 BUFF: 440 DC: 0 FLAG_ZERO: True FLAG_LT: 0 FLAG_GT: 0
INPUT_PORT:  []
OUT_PORT:  []
DATA_MEM:  [441, 205]
---------------------------------------
DEBUG    root:machine.py:309 JGE 22
TICK: 21345 PC:   4 ADDR:   0 MEM_OUT: 441 ACC: 441 BUFF: 440 DC: 0 FLAG_ZERO: False FLAG_LT: 1 FLAG_GT: 0
INPUT_PORT:  []
OUT_PORT:  []
DATA_MEM:  [441, 205]
---------------------------------------
DEBUG    root:machine.py:309 LD 0
TICK: 21348 PC:   5 ADDR:   0 MEM_OUT: 441 ACC: 441 BUFF: 440 DC: 0 FLAG_ZERO: False FLAG_LT: 1 FLAG_GT: 0
INPUT_PORT:  []
OUT_PORT:  []
DATA_MEM:  [441, 205]
---------------------------------------
DEBUG    root:machine.py:309 MOD 3
TICK: 21352 PC:   6 ADDR:   0 MEM_OUT: 441 ACC: 441 BUFF: 440 DC: 0 FLAG_ZERO: False FLAG_LT: 1 FLAG_GT: 0
INPUT_PORT:  []
OUT_PORT:  []
DATA_MEM:  [441, 205]
---------------------------------------
DEBUG    root:machine.py:309 CMP 0
TICK: 21356 PC:   7 ADDR:   0 MEM_OUT: 441 ACC: 0 BUFF: 441 DC: 0 FLAG_ZERO: False FLAG_LT: 1 FLAG_GT: 0
INPUT_PORT:  []
OUT_PORT:  []
DATA_MEM:  [441, 205]
---------------------------------------
DEBUG    root:machine.py:309 JE 14
TICK: 21359 PC:   8 ADDR:   0 MEM_OUT: 441 ACC: 0 BUFF: 441 DC: 0 FLAG_ZERO: True FLAG_LT: 0 FLAG_GT: 0
INPUT_PORT:  []
OUT_PORT:  []
DATA_MEM:  [441, 205]
---------------------------------------
DEBUG    root:machine.py:309 LD 4
TICK: 21362 PC:  14 ADDR:   0 MEM_OUT: 441 ACC: 0 BUFF: 441 DC: 0 FLAG_ZERO: True FLAG_LT: 0 FLAG_GT: 0
INPUT_PORT:  []
OUT_PORT:  []
DATA_MEM:  [441, 205]
---------------------------------------
DEBUG    root:machine.py:309 INC 
TICK: 21366 PC:  15 ADDR:   1 MEM_OUT: 205 ACC: 205 BUFF: 441 DC: 0 FLAG_ZERO: True FLAG_LT: 0 FLAG_GT: 0
INPUT_PORT:  []
OUT_PORT:  []
DATA_MEM:  [441, 205]
---------------------------------------
DEBUG    root:machine.py:309 ST 4
TICK: 21369 PC:  16 ADDR:   1 MEM_OUT: 205 ACC: 206 BUFF: 441 DC: 0 FLAG_ZERO: True FLAG_LT: 0 FLAG_GT: 0
INPUT_PORT:  []
OUT_PORT:  []
DATA_MEM:  [441, 205]
---------------------------------------
DEBUG    root:machine.py:309 JMP 0
TICK: 21373 PC:  17 ADDR:   1 MEM_OUT: 206 ACC: 206 BUFF: 441 DC: 0 FLAG_ZERO: True FLAG_LT: 0 FLAG_GT: 0
INPUT_PORT:  []
OUT_PORT:  []
DATA_MEM:  [441, 206]
---------------------------------------
DEBUG    root:machine.py:309 LD 0
TICK: 21376 PC:   0 ADDR:   1 MEM_OUT: 206 ACC: 206 BUFF: 441 DC: 0 FLAG_ZERO: True FLAG_LT: 0 FLAG_GT: 0
INPUT_PORT:  []
OUT_PORT:  []
DATA_MEM:  [441, 206]
---------------------------------------
DEBUG    root:machine.py:309 INC 
TICK: 21380 PC:   1 ADDR:   0 MEM_OUT: 441 ACC: 441 BUFF: 441 DC: 0 FLAG_ZERO: True FLAG_LT: 0 FLAG_GT: 0
INPUT_PORT:  []
OUT_PORT:  []
DATA_MEM:  [441, 206]
---------------------------------------
DEBUG    root:machine.py:309 ST 0
TICK: 21383 PC:   2 ADDR:   0 MEM_OUT: 441 ACC: 442 BUFF: 441 DC: 0 FLAG_ZERO: True FLAG_LT: 0 FLAG_GT: 0
INPUT_PORT:  []
OUT_PORT:  []
DATA_MEM:  [441, 206]
---------------------------------------
DEBUG    root:machine.py:309 CMP 1000
TICK: 21387 PC:   3 ADDR:   0 MEM_OUT: 442 ACC: 442 BUFF: 441 DC: 0 FLAG_ZERO: True FLAG_LT: 0 FLAG_GT: 0
INPUT_PORT:  []
OUT_PORT:  []
DATA_MEM:  [442, 206]
---------------------------------------
DEBUG    root:machine.py:309 JGE 22
TICK: 21390 PC:   4 ADDR:   0 MEM_OUT: 442 ACC: 442 BUFF: 441 DC: 0 FLAG_ZERO: False FLAG_LT: 1 FLAG_GT: 0
INPUT_PORT:  []
OUT_PORT:  []
DATA_MEM:  [442, 206]
---------------------------------------
DEBUG    root:machine.py:309 LD 0
TICK: 21393 PC:   5 ADDR:   0 MEM_OUT: 442 ACC: 442 BUFF: 441 DC: 0 FLAG_ZERO: False FLAG_LT: 1 FLAG_GT: 0
INPUT_PORT:  []
OUT_PORT:  []
DATA_MEM:  [442, 206]
---------------------------------------
DEBUG    root:machine.py:309 MOD 3
TICK: 21397 PC:   6 ADDR:   0 MEM_OUT: 442 ACC: 442 BUFF: 441 DC: 0 FLAG_ZERO: False FLAG_LT: 1 FLAG_GT: 0
INPUT_PORT:  []
OUT_PORT:  []
DATA_MEM:  [442, 206]
---------------------------------------
DEBUG    root:machine.py:309 CMP 0
TICK: 21401 PC:   7 ADDR:   0 MEM_OUT: 442 ACC: 1 BUFF: 442 DC: 0 FLAG_ZERO: False FLAG_LT: 1 FLAG_GT: 0
INPUT_PORT:  []
OUT_PORT:  []
DATA_MEM:  [442, 206]
---------------------------------------
DEBUG    root:machine.py:309 JE 14
TICK: 21404 PC:   8 ADDR:   0 MEM_OUT: 442 ACC: 1 BUFF: 442 DC: 0 FLAG_ZERO: False FLAG_LT: 0 FLAG_GT: 1
INPUT_PORT:  []
OUT_PORT:  []
DATA_MEM:  [442, 206]
---------------------------------------
DEBUG    root:machine.py:309 LD 0
TICK: 21407 PC:   9 ADDR:   0 MEM_OUT: 442 ACC: 1 BUFF: 442 DC: 0 FLAG_ZERO: False FLAG_LT: 0 FLAG_GT: 1
INPUT_PORT:  []
OUT_PORT:  []
DATA_MEM:  [442, 206]
---------------------------------------
DEBUG    root:machine.py:309 MOD 5
TICK: 21411 PC:  10 ADDR:   0 MEM_OUT: 442 ACC: 442 BUFF: 442 DC: 0 FLAG_ZERO: False FLAG_LT: 0 FLAG_GT: 1
INPUT_PORT:  []
OUT_PORT:  []
DATA_MEM:  [442, 206]
---------------------------------------
DEBUG    root:machine.py:309 CMP 0
TICK: 21415 PC:  11 ADDR:   0 MEM_OUT: 442 ACC: 2 BUFF: 442 DC: 0 FLAG_ZERO: False FLAG_LT: 0 FLAG_GT: 1
INPUT_PORT:  []
OUT_PORT:  []
DATA_MEM:  [442, 206]
---------------------------------------
DEBUG    root:machine.py:309 JE 18
TICK: 21418 PC:  12 ADDR:   0 MEM_OUT: 442 ACC: 2 BUFF: 442 DC: 0 FLAG_ZERO: False FLAG_LT: 0 FLAG_GT: 1
INPUT_PORT:  []
OUT_PORT:  []
DATA_MEM:  [442, 206]
---------------------------------------
DEBUG    root:machine.py:309 JMP 0
TICK: 21421 PC:  13 ADDR:   0 MEM_OUT: 442 ACC: 2 BUFF: 442 DC: 0 FLAG_ZERO: False FLAG_LT: 0 FLAG_GT: 1
INPUT_PORT:  []
OUT_PORT:  []
DATA_MEM:  [442, 206]
---------------------------------------
DEBUG    root:machine.py:309 LD 0
TICK: 21424 PC:   0 ADDR:   0 MEM_OUT: 442 ACC: 2 BUFF: 442 DC: 0 FLAG_ZERO: False FLAG_LT: 0 FLAG_GT: 1
INPUT_PORT:  []
OUT_PORT:  []
DATA_MEM:  [442, 206]
---------------------------------------
DEBUG    root:machine.py:309 INC 
TICK: 21428 PC:   1 ADDR:   0 MEM_OUT: 442 ACC: 442 BUFF: 442 DC: 0 FLAG_ZERO: False FLAG_LT: 0 FLAG_GT: 1
INPUT_PORT:  []
OUT_PORT:  []
DATA_MEM:  [442, 206]
---------------------------------------
DEBUG    root:machine.py:309 ST 0
TICK: 21431 PC:   2 ADDR:   0 MEM_OUT: 442 ACC: 443 BUFF: 442 DC: 0 FLAG_ZERO: False FLAG_LT: 0 FLAG_GT: 1
INPUT_PORT:  []
OUT_PORT:  []
DATA_MEM:  [442, 206]
---------------------------------------
DEBUG    root:machine.py:309 CMP 1000
TICK: 21435 PC:   3 ADDR:   0 MEM_OUT: 443 ACC: 443 BUFF: 442 DC: 0 FLAG_ZERO: False FLAG_LT: 0 FLAG_GT: 1
INPUT_PORT:  []
OUT_PORT:  []
DATA_MEM:  [443, 206]
---------------------------------------
DEBUG    root:machine.py:309 JGE 22
TICK: 21438 PC:   4 ADDR:   0 MEM_OUT: 443 ACC: 443 BUFF: 442 DC: 0 FLAG_ZERO: False FLAG_LT: 1 FLAG_GT: 0
INPUT_PORT:  []
OUT_PORT:  []
DATA_MEM:  [443, 206]
---------------------------------------
DEBUG    root:machine.py:309 LD 0
TICK: 21441 PC:   5 ADDR:   0 MEM_OUT: 443 ACC: 443 BUFF: 442 DC: 0 FLAG_ZERO: False FLAG_LT: 1 FLAG_GT: 0
INPUT_PORT:  []
OUT_PORT:  []
DATA_MEM:  [443, 206]
---------------------------------------
DEBUG    root:machine.py:309 MOD 3
TICK: 21445 PC:   6 ADDR:   0 MEM_OUT: 443 ACC: 443 BUFF: 442 DC: 0 FLAG_ZERO: False FLAG_LT: 1 FLAG_GT: 0
INPUT_PORT:  []
OUT_PORT:  []
DATA_MEM:  [443, 206]
---------------------------------------
DEBUG    root:machine.py:309 CMP 0
TICK: 21449 PC:   7 ADDR:   0 MEM_OUT: 443 ACC: 2 BUFF: 443 DC: 0 FLAG_ZERO: False FLAG_LT: 1 FLAG_GT: 0
INPUT_PORT:  []
OUT_PORT:  []
DATA_MEM:  [443, 206]
---------------------------------------
DEBUG    root:machine.py:309 JE 14
TICK: 21452 PC:   8 ADDR:   0 MEM_OUT: 443 ACC: 2 BUFF: 443 DC: 0 FLAG_ZERO: False FLAG_LT: 0 FLAG_GT: 1
INPUT_PORT:  []
OUT_PORT:  []
DATA_MEM:  [443, 206]
---------------------------------------
DEBUG    root:machine.py:309 LD 0
TICK: 21455 PC:   9 ADDR:   0 MEM_OUT: 443 ACC: 2 BUFF: 443 DC: 0 FLAG_ZERO: False FLAG_LT: 0 FLAG_GT: 1
INPUT_PORT:  []
OUT_PORT:  []
DATA_MEM:  [443, 206]
---------------------------------------
DEBUG    root:machine.py:309 MOD 5
TICK: 21459 PC:  10 ADDR:   0 MEM_OUT: 443 ACC: 443 BUFF: 443 DC: 0 FLAG_ZERO: False FLAG_LT: 0 FLAG_GT: 1
INPUT_PORT:  []
OUT_PORT:  []
DATA_MEM:  [443, 206]
---------------------------------------
DEBUG    root:machine.py:309 CMP 0
TICK: 21463 PC:  11 ADDR:   0 MEM_OUT: 443 ACC: 3 BUFF: 443 DC: 0 FLAG_ZERO: False FLAG_LT: 0 FLAG_GT: 1
INPUT_PORT:  []
OUT_PORT:  []
DATA_MEM:  [443, 206]
---------------------------------------
DEBUG    root:machine.py:309 JE 18
TICK: 21466 PC:  12 ADDR:   0 MEM_OUT: 443 ACC: 3 BUFF: 443 DC: 0 FLAG_ZERO: False FLAG_LT: 0 FLAG_GT: 1
INPUT_PORT:  []
OUT_PORT:  []
DATA_MEM:  [443, 206]
---------------------------------------
DEBUG    root:machine.py:309 JMP 0
TICK: 21469 PC:  13 ADDR:   0 MEM_OUT: 443 ACC: 3 BUFF: 443 DC: 0 FLAG_ZERO: False FLAG_LT: 0 FLAG_GT: 1
INPUT_PORT:  []
OUT_PORT:  []
DATA_MEM:  [443, 206]
---------------------------------------
DEBUG    root:machine.py:309 LD 0
TICK: 21472 PC:   0 ADDR:   0 MEM_OUT: 443 ACC: 3 BUFF: 443 DC: 0 FLAG_ZERO: False FLAG_LT: 0 FLAG_GT: 1
INPUT_PORT:  []
OUT_PORT:  []
DATA_MEM:  [443, 206]
---------------------------------------
DEBUG    root:machine.py:309 INC 
TICK: 21476 PC:   1 ADDR:   0 MEM_OUT: 443 ACC: 443 BUFF: 443 DC: 0 FLAG_ZERO: False FLAG_LT: 0 FLAG_GT: 1
INPUT_PORT:  []
OUT_PORT:  []
DATA_MEM:  [443, 206]
---------------------------------------
DEBUG    root:machine.py:309 ST 0
TICK: 21479 PC:   2 ADDR:   0 MEM_OUT: 443 ACC: 444 BUFF: 443 DC: 0 FLAG_ZERO: False FLAG_LT: 0 FLAG_GT: 1
INPUT_PORT:  []
OUT_PORT:  []
DATA_MEM:  [443, 206]
---------------------------------------
DEBUG    root:machine.py:309 CMP 1000
TICK: 21483 PC:   3 ADDR:   0 MEM_OUT: 444 ACC: 444 BUFF: 443 DC: 0 FLAG_ZERO: False FLAG_LT: 0 FLAG_GT: 1
INPUT_PORT:  []
OUT_PORT:  []
DATA_MEM:  [444, 206]
---------------------------------------
DEBUG    root:machine.py:309 JGE 22
TICK: 21486 PC:   4 ADDR:   0 MEM_OUT: 444 ACC: 444 BUFF: 443 DC: 0 FLAG_ZERO: False FLAG_LT: 1 FLAG_GT: 0
INPUT_PORT:  []
OUT_PORT:  []
DATA_MEM:  [444, 206]
---------------------------------------
DEBUG    root:machine.py:309 LD 0
TICK: 21489 PC:   5 ADDR:   0 MEM_OUT: 444 ACC: 444 BUFF: 443 DC: 0 FLAG_ZERO: False FLAG_LT: 1 FLAG_GT: 0
INPUT_PORT:  []
OUT_PORT:  []
DATA_MEM:  [444, 206]
---------------------------------------
DEBUG    root:machine.py:309 MOD 3
TICK: 21493 PC:   6 ADDR:   0 MEM_OUT: 444 ACC: 444 BUFF: 443 DC: 0 FLAG_ZERO: False FLAG_LT: 1 FLAG_GT: 0
INPUT_PORT:  []
OUT_PORT:  []
DATA_MEM:  [444, 206]
---------------------------------------
DEBUG    root:machine.py:309 CMP 0
TICK: 21497 PC:   7 ADDR:   0 MEM_OUT: 444 ACC: 0 BUFF: 444 DC: 0 FLAG_ZERO: False FLAG_LT: 1 FLAG_GT: 0
INPUT_PORT:  []
OUT_PORT:  []
DATA_MEM:  [444, 206]
---------------------------------------
DEBUG    root:machine.py:309 JE 14
TICK: 21500 PC:   8 ADDR:   0 MEM_OUT: 444 ACC: 0 BUFF: 444 DC: 0 FLAG_ZERO: True FLAG_LT: 0 FLAG_GT: 0
INPUT_PORT:  []
OUT_PORT:  []
DATA_MEM:  [444, 206]
---------------------------------------
DEBUG    root:machine.py:309 LD 4
TICK: 21503 PC:  14 ADDR:   0 MEM_OUT: 444 ACC: 0 BUFF: 444 DC: 0 FLAG_ZERO: True FLAG_LT: 0 FLAG_GT: 0
INPUT_PORT:  []
OUT_PORT:  []
DATA_MEM:  [444, 206]
---------------------------------------
DEBUG    root:machine.py:309 INC 
TICK: 21507 PC:  15 ADDR:   1 MEM_OUT: 206 ACC: 206 BUFF: 444 DC: 0 FLAG_ZERO: True FLAG_LT: 0 FLAG_GT: 0
INPUT_PORT:  []
OUT_PORT:  []
DATA_MEM:  [444, 206]
---------------------------------------
DEBUG    root:machine.py:309 ST 4
TICK: 21510 PC:  16 ADDR:   1 MEM_OUT: 206 ACC: 207 BUFF: 444 DC: 0 FLAG_ZERO: True FLAG_LT: 0 FLAG_GT: 0
INPUT_PORT:  []
OUT_PORT:  []
DATA_MEM:  [444, 206]
---------------------------------------
DEBUG    root:machine.py:309 JMP 0
TICK: 21514 PC:  17 ADDR:   1 MEM_OUT: 207 ACC: 207 BUFF: 444 DC: 0 FLAG_ZERO: True FLAG_LT: 0 FLAG_GT: 0
INPUT_PORT:  []
OUT_PORT:  []
DATA_MEM:  [444, 207]
---------------------------------------
DEBUG    root:machine.py:309 LD 0
TICK: 21517 PC:   0 ADDR:   1 MEM_OUT: 207 ACC: 207 BUFF: 444 DC: 0 FLAG_ZERO: True FLAG_LT: 0 FLAG_GT: 0
INPUT_PORT:  []
OUT_PORT:  []
DATA_MEM:  [444, 207]
---------------------------------------
DEBUG    root:machine.py:309 INC 
TICK: 21521 PC:   1 ADDR:   0 MEM_OUT: 444 ACC: 444 BUFF: 444 DC: 0 FLAG_ZERO: True FLAG_LT: 0 FLAG_GT: 0
INPUT_PORT:  []
OUT_PORT:  []
DATA_MEM:  [444, 207]
---------------------------------------
DEBUG    root:machine.py:309 ST 0
TICK: 21524 PC:   2 ADDR:   0 MEM_OUT: 444 ACC: 445 BUFF: 444 DC: 0 FLAG_ZERO: True FLAG_LT: 0 FLAG_GT: 0
INPUT_PORT:  []
OUT_PORT:  []
DATA_MEM:  [444, 207]
---------------------------------------
DEBUG    root:machine.py:309 CMP 1000
TICK: 21528 PC:   3 ADDR:   0 MEM_OUT: 445 ACC: 445 BUFF: 444 DC: 0 FLAG_ZERO: True FLAG_LT: 0 FLAG_GT: 0
INPUT_PORT:  []
OUT_PORT:  []
DATA_MEM:  [445, 207]
---------------------------------------
DEBUG    root:machine.py:309 JGE 22
TICK: 21531 PC:   4 ADDR:   0 MEM_OUT: 445 ACC: 445 BUFF: 444 DC: 0 FLAG_ZERO: False FLAG_LT: 1 FLAG_GT: 0
INPUT_PORT:  []
OUT_PORT:  []
DATA_MEM:  [445, 207]
---------------------------------------
DEBUG    root:machine.py:309 LD 0
TICK: 21534 PC:   5 ADDR:   0 MEM_OUT: 445 ACC: 445 BUFF: 444 DC: 0 FLAG_ZERO: False FLAG_LT: 1 FLAG_GT: 0
INPUT_PORT:  []
OUT_PORT:  []
DATA_MEM:  [445, 207]
---------------------------------------
DEBUG    root:machine.py:309 MOD 3
TICK: 21538 PC:   6 ADDR:   0 MEM_OUT: 445 ACC: 445 BUFF: 444 DC: 0 FLAG_ZERO: False FLAG_LT: 1 FLAG_GT: 0
INPUT_PORT:  []
OUT_PORT:  []
DATA_MEM:  [445, 207]
---------------------------------------
DEBUG    root:machine.py:309 CMP 0
TICK: 21542 PC:   7 ADDR:   0 MEM_OUT: 445 ACC: 1 BUFF: 445 DC: 0 FLAG_ZERO: False FLAG_LT: 1 FLAG_GT: 0
INPUT_PORT:  []
OUT_PORT:  []
DATA_MEM:  [445, 207]
---------------------------------------
DEBUG    root:machine.py:309 JE 14
TICK: 21545 PC:   8 ADDR:   0 MEM_OUT: 445 ACC: 1 BUFF: 445 DC: 0 FLAG_ZERO: False FLAG_LT: 0 FLAG_GT: 1
INPUT_PORT:  []
OUT_PORT:  []
DATA_MEM:  [445, 207]
---------------------------------------
DEBUG    root:machine.py:309 LD 0
TICK: 21548 PC:   9 ADDR:   0 MEM_OUT: 445 ACC: 1 BUFF: 445 DC: 0 FLAG_ZERO: False FLAG_LT: 0 FLAG_GT: 1
INPUT_PORT:  []
OUT_PORT:  []
DATA_MEM:  [445, 207]
---------------------------------------
DEBUG    root:machine.py:309 MOD 5
TICK: 21552 PC:  10 ADDR:   0 MEM_OUT: 445 ACC: 445 BUFF: 445 DC: 0 FLAG_ZERO: False FLAG_LT: 0 FLAG_GT: 1
INPUT_PORT:  []
OUT_PORT:  []
DATA_MEM:  [445, 207]
---------------------------------------
DEBUG    root:machine.py:309 CMP 0
TICK: 21556 PC:  11 ADDR:   0 MEM_OUT: 445 ACC: 0 BUFF: 445 DC: 0 FLAG_ZERO: False FLAG_LT: 0 FLAG_GT: 1
INPUT_PORT:  []
OUT_PORT:  []
DATA_MEM:  [445, 207]
---------------------------------------
DEBUG    root:machine.py:309 JE 18
TICK: 21559 PC:  12 ADDR:   0 MEM_OUT: 445 ACC: 0 BUFF: 445 DC: 0 FLAG_ZERO: True FLAG_LT: 0 FLAG_GT: 0
INPUT_PORT:  []
OUT_PORT:  []
DATA_MEM:  [445, 207]
---------------------------------------
DEBUG    root:machine.py:309 LD 4
TICK: 21562 PC:  18 ADDR:   0 MEM_OUT: 445 ACC: 0 BUFF: 445 DC: 0 FLAG_ZERO: True FLAG_LT: 0 FLAG_GT: 0
INPUT_PORT:  []
OUT_PORT:  []
DATA_MEM:  [445, 207]
---------------------------------------
DEBUG    root:machine.py:309 INC 
TICK: 21566 PC:  19 ADDR:   1 MEM_OUT: 207 ACC: 207 BUFF: 445 DC: 0 FLAG_ZERO: True FLAG_LT: 0 FLAG_GT: 0
INPUT_PORT:  []
OUT_PORT:  []
DATA_MEM:  [445, 207]
---------------------------------------
DEBUG    root:machine.py:309 ST 4
TICK: 21569 PC:  20 ADDR:   1 MEM_OUT: 207 ACC: 208 BUFF: 445 DC: 0 FLAG_ZERO: True FLAG_LT: 0 FLAG_GT: 0
INPUT_PORT:  []
OUT_PORT:  []
DATA_MEM:  [445, 207]
---------------------------------------
DEBUG    root:machine.py:309 JMP 0
TICK: 21573 PC:  21 ADDR:   1 MEM_OUT: 208 ACC: 208 BUFF: 445 DC: 0 FLAG_ZERO: True FLAG_LT: 0 FLAG_GT: 0
INPUT_PORT:  []
OUT_PORT:  []
DATA_MEM:  [445, 208]
---------------------------------------
DEBUG    root:machine.py:309 LD 0
TICK: 21576 PC:   0 ADDR:   1 MEM_OUT: 208 ACC: 208 BUFF: 445 DC: 0 FLAG_ZERO: True FLAG_LT: 0 FLAG_GT: 0
INPUT_PORT:  []
OUT_PORT:  []
DATA_MEM:  [445, 208]
---------------------------------------
DEBUG    root:machine.py:309 INC 
TICK: 21580 PC:   1 ADDR:   0 MEM_OUT: 445 ACC: 445 BUFF: 445 DC: 0 FLAG_ZERO: True FLAG_LT: 0 FLAG_GT: 0
INPUT_PORT:  []
OUT_PORT:  []
DATA_MEM:  [445, 208]
---------------------------------------
DEBUG    root:machine.py:309 ST 0
TICK: 21583 PC:   2 ADDR:   0 MEM_OUT: 445 ACC: 446 BUFF: 445 DC: 0 FLAG_ZERO: True FLAG_LT: 0 FLAG_GT: 0
INPUT_PORT:  []
OUT_PORT:  []
DATA_MEM:  [445, 208]
---------------------------------------
DEBUG    root:machine.py:309 CMP 1000
TICK: 21587 PC:   3 ADDR:   0 MEM_OUT: 446 ACC: 446 BUFF: 445 DC: 0 FLAG_ZERO: True FLAG_LT: 0 FLAG_GT: 0
INPUT_PORT:  []
OUT_PORT:  []
DATA_MEM:  [446, 208]
---------------------------------------
DEBUG    root:machine.py:309 JGE 22
TICK: 21590 PC:   4 ADDR:   0 MEM_OUT: 446 ACC: 446 BUFF: 445 DC: 0 FLAG_ZERO: False FLAG_LT: 1 FLAG_GT: 0
INPUT_PORT:  []
OUT_PORT:  []
DATA_MEM:  [446, 208]
---------------------------------------
DEBUG    root:machine.py:309 LD 0
TICK: 21593 PC:   5 ADDR:   0 MEM_OUT: 446 ACC: 446 BUFF: 445 DC: 0 FLAG_ZERO: False FLAG_LT: 1 FLAG_GT: 0
INPUT_PORT:  []
OUT_PORT:  []
DATA_MEM:  [446, 208]
---------------------------------------
DEBUG    root:machine.py:309 MOD 3
TICK: 21597 PC:   6 ADDR:   0 MEM_OUT: 446 ACC: 446 BUFF: 445 DC: 0 FLAG_ZERO: False FLAG_LT: 1 FLAG_GT: 0
INPUT_PORT:  []
OUT_PORT:  []
DATA_MEM:  [446, 208]
---------------------------------------
DEBUG    root:machine.py:309 CMP 0
TICK: 21601 PC:   7 ADDR:   0 MEM_OUT: 446 ACC: 2 BUFF: 446 DC: 0 FLAG_ZERO: False FLAG_LT: 1 FLAG_GT: 0
INPUT_PORT:  []
OUT_PORT:  []
DATA_MEM:  [446, 208]
---------------------------------------
DEBUG    root:machine.py:309 JE 14
TICK: 21604 PC:   8 ADDR:   0 MEM_OUT: 446 ACC: 2 BUFF: 446 DC: 0 FLAG_ZERO: False FLAG_LT: 0 FLAG_GT: 1
INPUT_PORT:  []
OUT_PORT:  []
DATA_MEM:  [446, 208]
---------------------------------------
DEBUG    root:machine.py:309 LD 0
TICK: 21607 PC:   9 ADDR:   0 MEM_OUT: 446 ACC: 2 BUFF: 446 DC: 0 FLAG_ZERO: False FLAG_LT: 0 FLAG_GT: 1
INPUT_PORT:  []
OUT_PORT:  []
DATA_MEM:  [446, 208]
---------------------------------------
DEBUG    root:machine.py:309 MOD 5
TICK: 21611 PC:  10 ADDR:   0 MEM_OUT: 446 ACC: 446 BUFF: 446 DC: 0 FLAG_ZERO: False FLAG_LT: 0 FLAG_GT: 1
INPUT_PORT:  []
OUT_PORT:  []
DATA_MEM:  [446, 208]
---------------------------------------
DEBUG    root:machine.py:309 CMP 0
TICK: 21615 PC:  11 ADDR:   0 MEM_OUT: 446 ACC: 1 BUFF: 446 DC: 0 FLAG_ZERO: False FLAG_LT: 0 FLAG_GT: 1
INPUT_PORT:  []
OUT_PORT:  []
DATA_MEM:  [446, 208]
---------------------------------------
DEBUG    root:machine.py:309 JE 18
TICK: 21618 PC:  12 ADDR:   0 MEM_OUT: 446 ACC: 1 BUFF: 446 DC: 0 FLAG_ZERO: False FLAG_LT: 0 FLAG_GT: 1
INPUT_PORT:  []
OUT_PORT:  []
DATA_MEM:  [446, 208]
---------------------------------------
DEBUG    root:machine.py:309 JMP 0
TICK: 21621 PC:  13 ADDR:   0 MEM_OUT: 446 ACC: 1 BUFF: 446 DC: 0 FLAG_ZERO: False FLAG_LT: 0 FLAG_GT: 1
INPUT_PORT:  []
OUT_PORT:  []
DATA_MEM:  [446, 208]
---------------------------------------
DEBUG    root:machine.py:309 LD 0
TICK: 21624 PC:   0 ADDR:   0 MEM_OUT: 446 ACC: 1 BUFF: 446 DC: 0 FLAG_ZERO: False FLAG_LT: 0 FLAG_GT: 1
INPUT_PORT:  []
OUT_PORT:  []
DATA_MEM:  [446, 208]
---------------------------------------
DEBUG    root:machine.py:309 INC 
TICK: 21628 PC:   1 ADDR:   0 MEM_OUT: 446 ACC: 446 BUFF: 446 DC: 0 FLAG_ZERO: False FLAG_LT: 0 FLAG_GT: 1
INPUT_PORT:  []
OUT_PORT:  []
DATA_MEM:  [446, 208]
---------------------------------------
DEBUG    root:machine.py:309 ST 0
TICK: 21631 PC:   2 ADDR:   0 MEM_OUT: 446 ACC: 447 BUFF: 446 DC: 0 FLAG_ZERO: False FLAG_LT: 0 FLAG_GT: 1
INPUT_PORT:  []
OUT_PORT:  []
DATA_MEM:  [446, 208]
---------------------------------------
DEBUG    root:machine.py:309 CMP 1000
TICK: 21635 PC:   3 ADDR:   0 MEM_OUT: 447 ACC: 447 BUFF: 446 DC: 0 FLAG_ZERO: False FLAG_LT: 0 FLAG_GT: 1
INPUT_PORT:  []
OUT_PORT:  []
DATA_MEM:  [447, 208]
---------------------------------------
DEBUG    root:machine.py:309 JGE 22
TICK: 21638 PC:   4 ADDR:   0 MEM_OUT: 447 ACC: 447 BUFF: 446 DC: 0 FLAG_ZERO: False FLAG_LT: 1 FLAG_GT: 0
INPUT_PORT:  []
OUT_PORT:  []
DATA_MEM:  [447, 208]
---------------------------------------
DEBUG    root:machine.py:309 LD 0
TICK: 21641 PC:   5 ADDR:   0 MEM_OUT: 447 ACC: 447 BUFF: 446 DC: 0 FLAG_ZERO: False FLAG_LT: 1 FLAG_GT: 0
INPUT_PORT:  []
OUT_PORT:  []
DATA_MEM:  [447, 208]
---------------------------------------
DEBUG    root:machine.py:309 MOD 3
TICK: 21645 PC:   6 ADDR:   0 MEM_OUT: 447 ACC: 447 BUFF: 446 DC: 0 FLAG_ZERO: False FLAG_LT: 1 FLAG_GT: 0
INPUT_PORT:  []
OUT_PORT:  []
DATA_MEM:  [447, 208]
---------------------------------------
DEBUG    root:machine.py:309 CMP 0
TICK: 21649 PC:   7 ADDR:   0 MEM_OUT: 447 ACC: 0 BUFF: 447 DC: 0 FLAG_ZERO: False FLAG_LT: 1 FLAG_GT: 0
INPUT_PORT:  []
OUT_PORT:  []
DATA_MEM:  [447, 208]
---------------------------------------
DEBUG    root:machine.py:309 JE 14
TICK: 21652 PC:   8 ADDR:   0 MEM_OUT: 447 ACC: 0 BUFF: 447 DC: 0 FLAG_ZERO: True FLAG_LT: 0 FLAG_GT: 0
INPUT_PORT:  []
OUT_PORT:  []
DATA_MEM:  [447, 208]
---------------------------------------
DEBUG    root:machine.py:309 LD 4
TICK: 21655 PC:  14 ADDR:   0 MEM_OUT: 447 ACC: 0 BUFF: 447 DC: 0 FLAG_ZERO: True FLAG_LT: 0 FLAG_GT: 0
INPUT_PORT:  []
OUT_PORT:  []
DATA_MEM:  [447, 208]
---------------------------------------
DEBUG    root:machine.py:309 INC 
TICK: 21659 PC:  15 ADDR:   1 MEM_OUT: 208 ACC: 208 BUFF: 447 DC: 0 FLAG_ZERO: True FLAG_LT: 0 FLAG_GT: 0
INPUT_PORT:  []
OUT_PORT:  []
DATA_MEM:  [447, 208]
---------------------------------------
DEBUG    root:machine.py:309 ST 4
TICK: 21662 PC:  16 ADDR:   1 MEM_OUT: 208 ACC: 209 BUFF: 447 DC: 0 FLAG_ZERO: True FLAG_LT: 0 FLAG_GT: 0
INPUT_PORT:  []
OUT_PORT:  []
DATA_MEM:  [447, 208]
---------------------------------------
DEBUG    root:machine.py:309 JMP 0
TICK: 21666 PC:  17 ADDR:   1 MEM_OUT: 209 ACC: 209 BUFF: 447 DC: 0 FLAG_ZERO: True FLAG_LT: 0 FLAG_GT: 0
INPUT_PORT:  []
OUT_PORT:  []
DATA_MEM:  [447, 209]
---------------------------------------
DEBUG    root:machine.py:309 LD 0
TICK: 21669 PC:   0 ADDR:   1 MEM_OUT: 209 ACC: 209 BUFF: 447 DC: 0 FLAG_ZERO: True FLAG_LT: 0 FLAG_GT: 0
INPUT_PORT:  []
OUT_PORT:  []
DATA_MEM:  [447, 209]
---------------------------------------
DEBUG    root:machine.py:309 INC 
TICK: 21673 PC:   1 ADDR:   0 MEM_OUT: 447 ACC: 447 BUFF: 447 DC: 0 FLAG_ZERO: True FLAG_LT: 0 FLAG_GT: 0
INPUT_PORT:  []
OUT_PORT:  []
DATA_MEM:  [447, 209]
---------------------------------------
DEBUG    root:machine.py:309 ST 0
TICK: 21676 PC:   2 ADDR:   0 MEM_OUT: 447 ACC: 448 BUFF: 447 DC: 0 FLAG_ZERO: True FLAG_LT: 0 FLAG_GT: 0
INPUT_PORT:  []
OUT_PORT:  []
DATA_MEM:  [447, 209]
---------------------------------------
DEBUG    root:machine.py:309 CMP 1000
TICK: 21680 PC:   3 ADDR:   0 MEM_OUT: 448 ACC: 448 BUFF: 447 DC: 0 FLAG_ZERO: True FLAG_LT: 0 FLAG_GT: 0
INPUT_PORT:  []
OUT_PORT:  []
DATA_MEM:  [448, 209]
---------------------------------------
DEBUG    root:machine.py:309 JGE 22
TICK: 21683 PC:   4 ADDR:   0 MEM_OUT: 448 ACC: 448 BUFF: 447 DC: 0 FLAG_ZERO: False FLAG_LT: 1 FLAG_GT: 0
INPUT_PORT:  []
OUT_PORT:  []
DATA_MEM:  [448, 209]
---------------------------------------
DEBUG    root:machine.py:309 LD 0
TICK: 21686 PC:   5 ADDR:   0 MEM_OUT: 448 ACC: 448 BUFF: 447 DC: 0 FLAG_ZERO: False FLAG_LT: 1 FLAG_GT: 0
INPUT_PORT:  []
OUT_PORT:  []
DATA_MEM:  [448, 209]
---------------------------------------
DEBUG    root:machine.py:309 MOD 3
TICK: 21690 PC:   6 ADDR:   0 MEM_OUT: 448 ACC: 448 BUFF: 447 DC: 0 FLAG_ZERO: False FLAG_LT: 1 FLAG_GT: 0
INPUT_PORT:  []
OUT_PORT:  []
DATA_MEM:  [448, 209]
---------------------------------------
DEBUG    root:machine.py:309 CMP 0
TICK: 21694 PC:   7 ADDR:   0 MEM_OUT: 448 ACC: 1 BUFF: 448 DC: 0 FLAG_ZERO: False FLAG_LT: 1 FLAG_GT: 0
INPUT_PORT:  []
OUT_PORT:  []
DATA_MEM:  [448, 209]
---------------------------------------
DEBUG    root:machine.py:309 JE 14
TICK: 21697 PC:   8 ADDR:   0 MEM_OUT: 448 ACC: 1 BUFF: 448 DC: 0 FLAG_ZERO: False FLAG_LT: 0 FLAG_GT: 1
INPUT_PORT:  []
OUT_PORT:  []
DATA_MEM:  [448, 209]
---------------------------------------
DEBUG    root:machine.py:309 LD 0
TICK: 21700 PC:   9 ADDR:   0 MEM_OUT: 448 ACC: 1 BUFF: 448 DC: 0 FLAG_ZERO: False FLAG_LT: 0 FLAG_GT: 1
INPUT_PORT:  []
OUT_PORT:  []
DATA_MEM:  [448, 209]
---------------------------------------
DEBUG    root:machine.py:309 MOD 5
TICK: 21704 PC:  10 ADDR:   0 MEM_OUT: 448 ACC: 448 BUFF: 448 DC: 0 FLAG_ZERO: False FLAG_LT: 0 FLAG_GT: 1
INPUT_PORT:  []
OUT_PORT:  []
DATA_MEM:  [448, 209]
---------------------------------------
DEBUG    root:machine.py:309 CMP 0
TICK: 21708 PC:  11 ADDR:   0 MEM_OUT: 448 ACC: 3 BUFF: 448 DC: 0 FLAG_ZERO: False FLAG_LT: 0 FLAG_GT: 1
INPUT_PORT:  []
OUT_PORT:  []
DATA_MEM:  [448, 209]
---------------------------------------
DEBUG    root:machine.py:309 JE 18
TICK: 21711 PC:  12 ADDR:   0 MEM_OUT: 448 ACC: 3 BUFF: 448 DC: 0 FLAG_ZERO: False FLAG_LT: 0 FLAG_GT: 1
INPUT_PORT:  []
OUT_PORT:  []
DATA_MEM:  [448, 209]
---------------------------------------
DEBUG    root:machine.py:309 JMP 0
TICK: 21714 PC:  13 ADDR:   0 MEM_OUT: 448 ACC: 3 BUFF: 448 DC: 0 FLAG_ZERO: False FLAG_LT: 0 FLAG_GT: 1
INPUT_PORT:  []
OUT_PORT:  []
DATA_MEM:  [448, 209]
---------------------------------------
DEBUG    root:machine.py:309 LD 0
TICK: 21717 PC:   0 ADDR:   0 MEM_OUT: 448 ACC: 3 BUFF: 448 DC: 0 FLAG_ZERO: False FLAG_LT: 0 FLAG_GT: 1
INPUT_PORT:  []
OUT_PORT:  []
DATA_MEM:  [448, 209]
---------------------------------------
DEBUG    root:machine.py:309 INC 
TICK: 21721 PC:   1 ADDR:   0 MEM_OUT: 448 ACC: 448 BUFF: 448 DC: 0 FLAG_ZERO: False FLAG_LT: 0 FLAG_GT: 1
INPUT_PORT:  []
OUT_PORT:  []
DATA_MEM:  [448, 209]
---------------------------------------
DEBUG    root:machine.py:309 ST 0
TICK: 21724 PC:   2 ADDR:   0 MEM_OUT: 448 ACC: 449 BUFF: 448 DC: 0 FLAG_ZERO: False FLAG_LT: 0 FLAG_GT: 1
INPUT_PORT:  []
OUT_PORT:  []
DATA_MEM:  [448, 209]
---------------------------------------
DEBUG    root:machine.py:309 CMP 1000
TICK: 21728 PC:   3 ADDR:   0 MEM_OUT: 449 ACC: 449 BUFF: 448 DC: 0 FLAG_ZERO: False FLAG_LT: 0 FLAG_GT: 1
INPUT_PORT:  []
OUT_PORT:  []
DATA_MEM:  [449, 209]
---------------------------------------
DEBUG    root:machine.py:309 JGE 22
TICK: 21731 PC:   4 ADDR:   0 MEM_OUT: 449 ACC: 449 BUFF: 448 DC: 0 FLAG_ZERO: False FLAG_LT: 1 FLAG_GT: 0
INPUT_PORT:  []
OUT_PORT:  []
DATA_MEM:  [449, 209]
---------------------------------------
DEBUG    root:machine.py:309 LD 0
TICK: 21734 PC:   5 ADDR:   0 MEM_OUT: 449 ACC: 449 BUFF: 448 DC: 0 FLAG_ZERO: False FLAG_LT: 1 FLAG_GT: 0
INPUT_PORT:  []
OUT_PORT:  []
DATA_MEM:  [449, 209]
---------------------------------------
DEBUG    root:machine.py:309 MOD 3
TICK: 21738 PC:   6 ADDR:   0 MEM_OUT: 449 ACC: 449 BUFF: 448 DC: 0 FLAG_ZERO: False FLAG_LT: 1 FLAG_GT: 0
INPUT_PORT:  []
OUT_PORT:  []
DATA_MEM:  [449, 209]
---------------------------------------
DEBUG    root:machine.py:309 CMP 0
TICK: 21742 PC:   7 ADDR:   0 MEM_OUT: 449 ACC: 2 BUFF: 449 DC: 0 FLAG_ZERO: False FLAG_LT: 1 FLAG_GT: 0
INPUT_PORT:  []
OUT_PORT:  []
DATA_MEM:  [449, 209]
---------------------------------------
DEBUG    root:machine.py:309 JE 14
TICK: 21745 PC:   8 ADDR:   0 MEM_OUT: 449 ACC: 2 BUFF: 449 DC: 0 FLAG_ZERO: False FLAG_LT: 0 FLAG_GT: 1
INPUT_PORT:  []
OUT_PORT:  []
DATA_MEM:  [449, 209]
---------------------------------------
DEBUG    root:machine.py:309 LD 0
TICK: 21748 PC:   9 ADDR:   0 MEM_OUT: 449 ACC: 2 BUFF: 449 DC: 0 FLAG_ZERO: False FLAG_LT: 0 FLAG_GT: 1
INPUT_PORT:  []
OUT_PORT:  []
DATA_MEM:  [449, 209]
---------------------------------------
DEBUG    root:machine.py:309 MOD 5
TICK: 21752 PC:  10 ADDR:   0 MEM_OUT: 449 ACC: 449 BUFF: 449 DC: 0 FLAG_ZERO: False FLAG_LT: 0 FLAG_GT: 1
INPUT_PORT:  []
OUT_PORT:  []
DATA_MEM:  [449, 209]
---------------------------------------
DEBUG    root:machine.py:309 CMP 0
TICK: 21756 PC:  11 ADDR:   0 MEM_OUT: 449 ACC: 4 BUFF: 449 DC: 0 FLAG_ZERO: False FLAG_LT: 0 FLAG_GT: 1
INPUT_PORT:  []
OUT_PORT:  []
DATA_MEM:  [449, 209]
---------------------------------------
DEBUG    root:machine.py:309 JE 18
TICK: 21759 PC:  12 ADDR:   0 MEM_OUT: 449 ACC: 4 BUFF: 449 DC: 0 FLAG_ZERO: False FLAG_LT: 0 FLAG_GT: 1
INPUT_PORT:  []
OUT_PORT:  []
DATA_MEM:  [449, 209]
---------------------------------------
DEBUG    root:machine.py:309 JMP 0
TICK: 21762 PC:  13 ADDR:   0 MEM_OUT: 449 ACC: 4 BUFF: 449 DC: 0 FLAG_ZERO: False FLAG_LT: 0 FLAG_GT: 1
INPUT_PORT:  []
OUT_PORT:  []
DATA_MEM:  [449, 209]
---------------------------------------
DEBUG    root:machine.py:309 LD 0
TICK: 21765 PC:   0 ADDR:   0 MEM_OUT: 449 ACC: 4 BUFF: 449 DC: 0 FLAG_ZERO: False FLAG_LT: 0 FLAG_GT: 1
INPUT_PORT:  []
OUT_PORT:  []
DATA_MEM:  [449, 209]
---------------------------------------
DEBUG    root:machine.py:309 INC 
TICK: 21769 PC:   1 ADDR:   0 MEM_OUT: 449 ACC: 449 BUFF: 449 DC: 0 FLAG_ZERO: False FLAG_LT: 0 FLAG_GT: 1
INPUT_PORT:  []
OUT_PORT:  []
DATA_MEM:  [449, 209]
---------------------------------------
DEBUG    root:machine.py:309 ST 0
TICK: 21772 PC:   2 ADDR:   0 MEM_OUT: 449 ACC: 450 BUFF: 449 DC: 0 FLAG_ZERO: False FLAG_LT: 0 FLAG_GT: 1
INPUT_PORT:  []
OUT_PORT:  []
DATA_MEM:  [449, 209]
---------------------------------------
DEBUG    root:machine.py:309 CMP 1000
TICK: 21776 PC:   3 ADDR:   0 MEM_OUT: 450 ACC: 450 BUFF: 449 DC: 0 FLAG_ZERO: False FLAG_LT: 0 FLAG_GT: 1
INPUT_PORT:  []
OUT_PORT:  []
DATA_MEM:  [450, 209]
---------------------------------------
DEBUG    root:machine.py:309 JGE 22
TICK: 21779 PC:   4 ADDR:   0 MEM_OUT: 450 ACC: 450 BUFF: 449 DC: 0 FLAG_ZERO: False FLAG_LT: 1 FLAG_GT: 0
INPUT_PORT:  []
OUT_PORT:  []
DATA_MEM:  [450, 209]
---------------------------------------
DEBUG    root:machine.py:309 LD 0
TICK: 21782 PC:   5 ADDR:   0 MEM_OUT: 450 ACC: 450 BUFF: 449 DC: 0 FLAG_ZERO: False FLAG_LT: 1 FLAG_GT: 0
INPUT_PORT:  []
OUT_PORT:  []
DATA_MEM:  [450, 209]
---------------------------------------
DEBUG    root:machine.py:309 MOD 3
TICK: 21786 PC:   6 ADDR:   0 MEM_OUT: 450 ACC: 450 BUFF: 449 DC: 0 FLAG_ZERO: False FLAG_LT: 1 FLAG_GT: 0
INPUT_PORT:  []
OUT_PORT:  []
DATA_MEM:  [450, 209]
---------------------------------------
DEBUG    root:machine.py:309 CMP 0
TICK: 21790 PC:   7 ADDR:   0 MEM_OUT: 450 ACC: 0 BUFF: 450 DC: 0 FLAG_ZERO: False FLAG_LT: 1 FLAG_GT: 0
INPUT_PORT:  []
OUT_PORT:  []
DATA_MEM:  [450, 209]
---------------------------------------
DEBUG    root:machine.py:309 JE 14
TICK: 21793 PC:   8 ADDR:   0 MEM_OUT: 450 ACC: 0 BUFF: 450 DC: 0 FLAG_ZERO: True FLAG_LT: 0 FLAG_GT: 0
INPUT_PORT:  []
OUT_PORT:  []
DATA_MEM:  [450, 209]
---------------------------------------
DEBUG    root:machine.py:309 LD 4
TICK: 21796 PC:  14 ADDR:   0 MEM_OUT: 450 ACC: 0 BUFF: 450 DC: 0 FLAG_ZERO: True FLAG_LT: 0 FLAG_GT: 0
INPUT_PORT:  []
OUT_PORT:  []
DATA_MEM:  [450, 209]
---------------------------------------
DEBUG    root:machine.py:309 INC 
TICK: 21800 PC:  15 ADDR:   1 MEM_OUT: 209 ACC: 209 BUFF: 450 DC: 0 FLAG_ZERO: True FLAG_LT: 0 FLAG_GT: 0
INPUT_PORT:  []
OUT_PORT:  []
DATA_MEM:  [450, 209]
---------------------------------------
DEBUG    root:machine.py:309 ST 4
TICK: 21803 PC:  16 ADDR:   1 MEM_OUT: 209 ACC: 210 BUFF: 450 DC: 0 FLAG_ZERO: True FLAG_LT: 0 FLAG_GT: 0
INPUT_PORT:  []
OUT_PORT:  []
DATA_MEM:  [450, 209]
---------------------------------------
DEBUG    root:machine.py:309 JMP 0
TICK: 21807 PC:  17 ADDR:   1 MEM_OUT: 210 ACC: 210 BUFF: 450 DC: 0 FLAG_ZERO: True FLAG_LT: 0 FLAG_GT: 0
INPUT_PORT:  []
OUT_PORT:  []
DATA_MEM:  [450, 210]
---------------------------------------
DEBUG    root:machine.py:309 LD 0
TICK: 21810 PC:   0 ADDR:   1 MEM_OUT: 210 ACC: 210 BUFF: 450 DC: 0 FLAG_ZERO: True FLAG_LT: 0 FLAG_GT: 0
INPUT_PORT:  []
OUT_PORT:  []
DATA_MEM:  [450, 210]
---------------------------------------
DEBUG    root:machine.py:309 INC 
TICK: 21814 PC:   1 ADDR:   0 MEM_OUT: 450 ACC: 450 BUFF: 450 DC: 0 FLAG_ZERO: True FLAG_LT: 0 FLAG_GT: 0
INPUT_PORT:  []
OUT_PORT:  []
DATA_MEM:  [450, 210]
---------------------------------------
DEBUG    root:machine.py:309 ST 0
TICK: 21817 PC:   2 ADDR:   0 MEM_OUT: 450 ACC: 451 BUFF: 450 DC: 0 FLAG_ZERO: True FLAG_LT: 0 FLAG_GT: 0
INPUT_PORT:  []
OUT_PORT:  []
DATA_MEM:  [450, 210]
---------------------------------------
DEBUG    root:machine.py:309 CMP 1000
TICK: 21821 PC:   3 ADDR:   0 MEM_OUT: 451 ACC: 451 BUFF: 450 DC: 0 FLAG_ZERO: True FLAG_LT: 0 FLAG_GT: 0
INPUT_PORT:  []
OUT_PORT:  []
DATA_MEM:  [451, 210]
---------------------------------------
DEBUG    root:machine.py:309 JGE 22
TICK: 21824 PC:   4 ADDR:   0 MEM_OUT: 451 ACC: 451 BUFF: 450 DC: 0 FLAG_ZERO: False FLAG_LT: 1 FLAG_GT: 0
INPUT_PORT:  []
OUT_PORT:  []
DATA_MEM:  [451, 210]
---------------------------------------
DEBUG    root:machine.py:309 LD 0
TICK: 21827 PC:   5 ADDR:   0 MEM_OUT: 451 ACC: 451 BUFF: 450 DC: 0 FLAG_ZERO: False FLAG_LT: 1 FLAG_GT: 0
INPUT_PORT:  []
OUT_PORT:  []
DATA_MEM:  [451, 210]
---------------------------------------
DEBUG    root:machine.py:309 MOD 3
TICK: 21831 PC:   6 ADDR:   0 MEM_OUT: 451 ACC: 451 BUFF: 450 DC: 0 FLAG_ZERO: False FLAG_LT: 1 FLAG_GT: 0
INPUT_PORT:  []
OUT_PORT:  []
DATA_MEM:  [451, 210]
---------------------------------------
DEBUG    root:machine.py:309 CMP 0
TICK: 21835 PC:   7 ADDR:   0 MEM_OUT: 451 ACC: 1 BUFF: 451 DC: 0 FLAG_ZERO: False FLAG_LT: 1 FLAG_GT: 0
INPUT_PORT:  []
OUT_PORT:  []
DATA_MEM:  [451, 210]
---------------------------------------
DEBUG    root:machine.py:309 JE 14
TICK: 21838 PC:   8 ADDR:   0 MEM_OUT: 451 ACC: 1 BUFF: 451 DC: 0 FLAG_ZERO: False FLAG_LT: 0 FLAG_GT: 1
INPUT_PORT:  []
OUT_PORT:  []
DATA_MEM:  [451, 210]
---------------------------------------
DEBUG    root:machine.py:309 LD 0
TICK: 21841 PC:   9 ADDR:   0 MEM_OUT: 451 ACC: 1 BUFF: 451 DC: 0 FLAG_ZERO: False FLAG_LT: 0 FLAG_GT: 1
INPUT_PORT:  []
OUT_PORT:  []
DATA_MEM:  [451, 210]
---------------------------------------
DEBUG    root:machine.py:309 MOD 5
TICK: 21845 PC:  10 ADDR:   0 MEM_OUT: 451 ACC: 451 BUFF: 451 DC: 0 FLAG_ZERO: False FLAG_LT: 0 FLAG_GT: 1
INPUT_PORT:  []
OUT_PORT:  []
DATA_MEM:  [451, 210]
---------------------------------------
DEBUG    root:machine.py:309 CMP 0
TICK: 21849 PC:  11 ADDR:   0 MEM_OUT: 451 ACC: 1 BUFF: 451 DC: 0 FLAG_ZERO: False FLAG_LT: 0 FLAG_GT: 1
INPUT_PORT:  []
OUT_PORT:  []
DATA_MEM:  [451, 210]
---------------------------------------
DEBUG    root:machine.py:309 JE 18
TICK: 21852 PC:  12 ADDR:   0 MEM_OUT: 451 ACC: 1 BUFF: 451 DC: 0 FLAG_ZERO: False FLAG_LT: 0 FLAG_GT: 1
INPUT_PORT:  []
OUT_PORT:  []
DATA_MEM:  [451, 210]
---------------------------------------
DEBUG    root:machine.py:309 JMP 0
TICK: 21855 PC:  13 ADDR:   0 MEM_OUT: 451 ACC: 1 BUFF: 451 DC: 0 FLAG_ZERO: False FLAG_LT: 0 FLAG_GT: 1
INPUT_PORT:  []
OUT_PORT:  []
DATA_MEM:  [451, 210]
---------------------------------------
DEBUG    root:machine.py:309 LD 0
TICK: 21858 PC:   0 ADDR:   0 MEM_OUT: 451 ACC: 1 BUFF: 451 DC: 0 FLAG_ZERO: False FLAG_LT: 0 FLAG_GT: 1
INPUT_PORT:  []
OUT_PORT:  []
DATA_MEM:  [451, 210]
---------------------------------------
DEBUG    root:machine.py:309 INC 
TICK: 21862 PC:   1 ADDR:   0 MEM_OUT: 451 ACC: 451 BUFF: 451 DC: 0 FLAG_ZERO: False FLAG_LT: 0 FLAG_GT: 1
INPUT_PORT:  []
OUT_PORT:  []
DATA_MEM:  [451, 210]
---------------------------------------
DEBUG    root:machine.py:309 ST 0
TICK: 21865 PC:   2 ADDR:   0 MEM_OUT: 451 ACC: 452 BUFF: 451 DC: 0 FLAG_ZERO: False FLAG_LT: 0 FLAG_GT: 1
INPUT_PORT:  []
OUT_PORT:  []
DATA_MEM:  [451, 210]
---------------------------------------
DEBUG    root:machine.py:309 CMP 1000
TICK: 21869 PC:   3 ADDR:   0 MEM_OUT: 452 ACC: 452 BUFF: 451 DC: 0 FLAG_ZERO: False FLAG_LT: 0 FLAG_GT: 1
INPUT_PORT:  []
OUT_PORT:  []
DATA_MEM:  [452, 210]
---------------------------------------
DEBUG    root:machine.py:309 JGE 22
TICK: 21872 PC:   4 ADDR:   0 MEM_OUT: 452 ACC: 452 BUFF: 451 DC: 0 FLAG_ZERO: False FLAG_LT: 1 FLAG_GT: 0
INPUT_PORT:  []
OUT_PORT:  []
DATA_MEM:  [452, 210]
---------------------------------------
DEBUG    root:machine.py:309 LD 0
TICK: 21875 PC:   5 ADDR:   0 MEM_OUT: 452 ACC: 452 BUFF: 451 DC: 0 FLAG_ZERO: False FLAG_LT: 1 FLAG_GT: 0
INPUT_PORT:  []
OUT_PORT:  []
DATA_MEM:  [452, 210]
---------------------------------------
DEBUG    root:machine.py:309 MOD 3
TICK: 21879 PC:   6 ADDR:   0 MEM_OUT: 452 ACC: 452 BUFF: 451 DC: 0 FLAG_ZERO: False FLAG_LT: 1 FLAG_GT: 0
INPUT_PORT:  []
OUT_PORT:  []
DATA_MEM:  [452, 210]
---------------------------------------
DEBUG    root:machine.py:309 CMP 0
TICK: 21883 PC:   7 ADDR:   0 MEM_OUT: 452 ACC: 2 BUFF: 452 DC: 0 FLAG_ZERO: False FLAG_LT: 1 FLAG_GT: 0
INPUT_PORT:  []
OUT_PORT:  []
DATA_MEM:  [452, 210]
---------------------------------------
DEBUG    root:machine.py:309 JE 14
TICK: 21886 PC:   8 ADDR:   0 MEM_OUT: 452 ACC: 2 BUFF: 452 DC: 0 FLAG_ZERO: False FLAG_LT: 0 FLAG_GT: 1
INPUT_PORT:  []
OUT_PORT:  []
DATA_MEM:  [452, 210]
---------------------------------------
DEBUG    root:machine.py:309 LD 0
TICK: 21889 PC:   9 ADDR:   0 MEM_OUT: 452 ACC: 2 BUFF: 452 DC: 0 FLAG_ZERO: False FLAG_LT: 0 FLAG_GT: 1
INPUT_PORT:  []
OUT_PORT:  []
DATA_MEM:  [452, 210]
---------------------------------------
DEBUG    root:machine.py:309 MOD 5
TICK: 21893 PC:  10 ADDR:   0 MEM_OUT: 452 ACC: 452 BUFF: 452 DC: 0 FLAG_ZERO: False FLAG_LT: 0 FLAG_GT: 1
INPUT_PORT:  []
OUT_PORT:  []
DATA_MEM:  [452, 210]
---------------------------------------
DEBUG    root:machine.py:309 CMP 0
TICK: 21897 PC:  11 ADDR:   0 MEM_OUT: 452 ACC: 2 BUFF: 452 DC: 0 FLAG_ZERO: False FLAG_LT: 0 FLAG_GT: 1
INPUT_PORT:  []
OUT_PORT:  []
DATA_MEM:  [452, 210]
---------------------------------------
DEBUG    root:machine.py:309 JE 18
TICK: 21900 PC:  12 ADDR:   0 MEM_OUT: 452 ACC: 2 BUFF: 452 DC: 0 FLAG_ZERO: False FLAG_LT: 0 FLAG_GT: 1
INPUT_PORT:  []
OUT_PORT:  []
DATA_MEM:  [452, 210]
---------------------------------------
DEBUG    root:machine.py:309 JMP 0
TICK: 21903 PC:  13 ADDR:   0 MEM_OUT: 452 ACC: 2 BUFF: 452 DC: 0 FLAG_ZERO: False FLAG_LT: 0 FLAG_GT: 1
INPUT_PORT:  []
OUT_PORT:  []
DATA_MEM:  [452, 210]
---------------------------------------
DEBUG    root:machine.py:309 LD 0
TICK: 21906 PC:   0 ADDR:   0 MEM_OUT: 452 ACC: 2 BUFF: 452 DC: 0 FLAG_ZERO: False FLAG_LT: 0 FLAG_GT: 1
INPUT_PORT:  []
OUT_PORT:  []
DATA_MEM:  [452, 210]
---------------------------------------
DEBUG    root:machine.py:309 INC 
TICK: 21910 PC:   1 ADDR:   0 MEM_OUT: 452 ACC: 452 BUFF: 452 DC: 0 FLAG_ZERO: False FLAG_LT: 0 FLAG_GT: 1
INPUT_PORT:  []
OUT_PORT:  []
DATA_MEM:  [452, 210]
---------------------------------------
DEBUG    root:machine.py:309 ST 0
TICK: 21913 PC:   2 ADDR:   0 MEM_OUT: 452 ACC: 453 BUFF: 452 DC: 0 FLAG_ZERO: False FLAG_LT: 0 FLAG_GT: 1
INPUT_PORT:  []
OUT_PORT:  []
DATA_MEM:  [452, 210]
---------------------------------------
DEBUG    root:machine.py:309 CMP 1000
TICK: 21917 PC:   3 ADDR:   0 MEM_OUT: 453 ACC: 453 BUFF: 452 DC: 0 FLAG_ZERO: False FLAG_LT: 0 FLAG_GT: 1
INPUT_PORT:  []
OUT_PORT:  []
DATA_MEM:  [453, 210]
---------------------------------------
DEBUG    root:machine.py:309 JGE 22
TICK: 21920 PC:   4 ADDR:   0 MEM_OUT: 453 ACC: 453 BUFF: 452 DC: 0 FLAG_ZERO: False FLAG_LT: 1 FLAG_GT: 0
INPUT_PORT:  []
OUT_PORT:  []
DATA_MEM:  [453, 210]
---------------------------------------
DEBUG    root:machine.py:309 LD 0
TICK: 21923 PC:   5 ADDR:   0 MEM_OUT: 453 ACC: 453 BUFF: 452 DC: 0 FLAG_ZERO: False FLAG_LT: 1 FLAG_GT: 0
INPUT_PORT:  []
OUT_PORT:  []
DATA_MEM:  [453, 210]
---------------------------------------
DEBUG    root:machine.py:309 MOD 3
TICK: 21927 PC:   6 ADDR:   0 MEM_OUT: 453 ACC: 453 BUFF: 452 DC: 0 FLAG_ZERO: False FLAG_LT: 1 FLAG_GT: 0
INPUT_PORT:  []
OUT_PORT:  []
DATA_MEM:  [453, 210]
---------------------------------------
DEBUG    root:machine.py:309 CMP 0
TICK: 21931 PC:   7 ADDR:   0 MEM_OUT: 453 ACC: 0 BUFF: 453 DC: 0 FLAG_ZERO: False FLAG_LT: 1 FLAG_GT: 0
INPUT_PORT:  []
OUT_PORT:  []
DATA_MEM:  [453, 210]
---------------------------------------
DEBUG    root:machine.py:309 JE 14
TICK: 21934 PC:   8 ADDR:   0 MEM_OUT: 453 ACC: 0 BUFF: 453 DC: 0 FLAG_ZERO: True FLAG_LT: 0 FLAG_GT: 0
INPUT_PORT:  []
OUT_PORT:  []
DATA_MEM:  [453, 210]
---------------------------------------
DEBUG    root:machine.py:309 LD 4
TICK: 21937 PC:  14 ADDR:   0 MEM_OUT: 453 ACC: 0 BUFF: 453 DC: 0 FLAG_ZERO: True FLAG_LT: 0 FLAG_GT: 0
INPUT_PORT:  []
OUT_PORT:  []
DATA_MEM:  [453, 210]
---------------------------------------
DEBUG    root:machine.py:309 INC 
TICK: 21941 PC:  15 ADDR:   1 MEM_OUT: 210 ACC: 210 BUFF: 453 DC: 0 FLAG_ZERO: True FLAG_LT: 0 FLAG_GT: 0
INPUT_PORT:  []
OUT_PORT:  []
DATA_MEM:  [453, 210]
---------------------------------------
DEBUG    root:machine.py:309 ST 4
TICK: 21944 PC:  16 ADDR:   1 MEM_OUT: 210 ACC: 211 BUFF: 453 DC: 0 FLAG_ZERO: True FLAG_LT: 0 FLAG_GT: 0
INPUT_PORT:  []
OUT_PORT:  []
DATA_MEM:  [453, 210]
---------------------------------------
DEBUG    root:machine.py:309 JMP 0
TICK: 21948 PC:  17 ADDR:   1 MEM_OUT: 211 ACC: 211 BUFF: 453 DC: 0 FLAG_ZERO: True FLAG_LT: 0 FLAG_GT: 0
INPUT_PORT:  []
OUT_PORT:  []
DATA_MEM:  [453, 211]
---------------------------------------
DEBUG    root:machine.py:309 LD 0
TICK: 21951 PC:   0 ADDR:   1 MEM_OUT: 211 ACC: 211 BUFF: 453 DC: 0 FLAG_ZERO: True FLAG_LT: 0 FLAG_GT: 0
INPUT_PORT:  []
OUT_PORT:  []
DATA_MEM:  [453, 211]
---------------------------------------
DEBUG    root:machine.py:309 INC 
TICK: 21955 PC:   1 ADDR:   0 MEM_OUT: 453 ACC: 453 BUFF: 453 DC: 0 FLAG_ZERO: True FLAG_LT: 0 FLAG_GT: 0
INPUT_PORT:  []
OUT_PORT:  []
DATA_MEM:  [453, 211]
---------------------------------------
DEBUG    root:machine.py:309 ST 0
TICK: 21958 PC:   2 ADDR:   0 MEM_OUT: 453 ACC: 454 BUFF: 453 DC: 0 FLAG_ZERO: True FLAG_LT: 0 FLAG_GT: 0
INPUT_PORT:  []
OUT_PORT:  []
DATA_MEM:  [453, 211]
---------------------------------------
DEBUG    root:machine.py:309 CMP 1000
TICK: 21962 PC:   3 ADDR:   0 MEM_OUT: 454 ACC: 454 BUFF: 453 DC: 0 FLAG_ZERO: True FLAG_LT: 0 FLAG_GT: 0
INPUT_PORT:  []
OUT_PORT:  []
DATA_MEM:  [454, 211]
---------------------------------------
DEBUG    root:machine.py:309 JGE 22
TICK: 21965 PC:   4 ADDR:   0 MEM_OUT: 454 ACC: 454 BUFF: 453 DC: 0 FLAG_ZERO: False FLAG_LT: 1 FLAG_GT: 0
INPUT_PORT:  []
OUT_PORT:  []
DATA_MEM:  [454, 211]
---------------------------------------
DEBUG    root:machine.py:309 LD 0
TICK: 21968 PC:   5 ADDR:   0 MEM_OUT: 454 ACC: 454 BUFF: 453 DC: 0 FLAG_ZERO: False FLAG_LT: 1 FLAG_GT: 0
INPUT_PORT:  []
OUT_PORT:  []
DATA_MEM:  [454, 211]
---------------------------------------
DEBUG    root:machine.py:309 MOD 3
TICK: 21972 PC:   6 ADDR:   0 MEM_OUT: 454 ACC: 454 BUFF: 453 DC: 0 FLAG_ZERO: False FLAG_LT: 1 FLAG_GT: 0
INPUT_PORT:  []
OUT_PORT:  []
DATA_MEM:  [454, 211]
---------------------------------------
DEBUG    root:machine.py:309 CMP 0
TICK: 21976 PC:   7 ADDR:   0 MEM_OUT: 454 ACC: 1 BUFF: 454 DC: 0 FLAG_ZERO: False FLAG_LT: 1 FLAG_GT: 0
INPUT_PORT:  []
OUT_PORT:  []
DATA_MEM:  [454, 211]
---------------------------------------
DEBUG    root:machine.py:309 JE 14
TICK: 21979 PC:   8 ADDR:   0 MEM_OUT: 454 ACC: 1 BUFF: 454 DC: 0 FLAG_ZERO: False FLAG_LT: 0 FLAG_GT: 1
INPUT_PORT:  []
OUT_PORT:  []
DATA_MEM:  [454, 211]
---------------------------------------
DEBUG    root:machine.py:309 LD 0
TICK: 21982 PC:   9 ADDR:   0 MEM_OUT: 454 ACC: 1 BUFF: 454 DC: 0 FLAG_ZERO: False FLAG_LT: 0 FLAG_GT: 1
INPUT_PORT:  []
OUT_PORT:  []
DATA_MEM:  [454, 211]
---------------------------------------
DEBUG    root:machine.py:309 MOD 5
TICK: 21986 PC:  10 ADDR:   0 MEM_OUT: 454 ACC: 454 BUFF: 454 DC: 0 FLAG_ZERO: False FLAG_LT: 0 FLAG_GT: 1
INPUT_PORT:  []
OUT_PORT:  []
DATA_MEM:  [454, 211]
---------------------------------------
DEBUG    root:machine.py:309 CMP 0
TICK: 21990 PC:  11 ADDR:   0 MEM_OUT: 454 ACC: 4 BUFF: 454 DC: 0 FLAG_ZERO: False FLAG_LT: 0 FLAG_GT: 1
INPUT_PORT:  []
OUT_PORT:  []
DATA_MEM:  [454, 211]
---------------------------------------
DEBUG    root:machine.py:309 JE 18
TICK: 21993 PC:  12 ADDR:   0 MEM_OUT: 454 ACC: 4 BUFF: 454 DC: 0 FLAG_ZERO: False FLAG_LT: 0 FLAG_GT: 1
INPUT_PORT:  []
OUT_PORT:  []
DATA_MEM:  [454, 211]
---------------------------------------
DEBUG    root:machine.py:309 JMP 0
TICK: 21996 PC:  13 ADDR:   0 MEM_OUT: 454 ACC: 4 BUFF: 454 DC: 0 FLAG_ZERO: False FLAG_LT: 0 FLAG_GT: 1
INPUT_PORT:  []
OUT_PORT:  []
DATA_MEM:  [454, 211]
---------------------------------------
DEBUG    root:machine.py:309 LD 0
TICK: 21999 PC:   0 ADDR:   0 MEM_OUT: 454 ACC: 4 BUFF: 454 DC: 0 FLAG_ZERO: False FLAG_LT: 0 FLAG_GT: 1
INPUT_PORT:  []
OUT_PORT:  []
DATA_MEM:  [454, 211]
---------------------------------------
DEBUG    root:machine.py:309 INC 
TICK: 22003 PC:   1 ADDR:   0 MEM_OUT: 454 ACC: 454 BUFF: 454 DC: 0 FLAG_ZERO: False FLAG_LT: 0 FLAG_GT: 1
INPUT_PORT:  []
OUT_PORT:  []
DATA_MEM:  [454, 211]
---------------------------------------
DEBUG    root:machine.py:309 ST 0
TICK: 22006 PC:   2 ADDR:   0 MEM_OUT: 454 ACC: 455 BUFF: 454 DC: 0 FLAG_ZERO: False FLAG_LT: 0 FLAG_GT: 1
INPUT_PORT:  []
OUT_PORT:  []
DATA_MEM:  [454, 211]
---------------------------------------
DEBUG    root:machine.py:309 CMP 1000
TICK: 22010 PC:   3 ADDR:   0 MEM_OUT: 455 ACC: 455 BUFF: 454 DC: 0 FLAG_ZERO: False FLAG_LT: 0 FLAG_GT: 1
INPUT_PORT:  []
OUT_PORT:  []
DATA_MEM:  [455, 211]
---------------------------------------
DEBUG    root:machine.py:309 JGE 22
TICK: 22013 PC:   4 ADDR:   0 MEM_OUT: 455 ACC: 455 BUFF: 454 DC: 0 FLAG_ZERO: False FLAG_LT: 1 FLAG_GT: 0
INPUT_PORT:  []
OUT_PORT:  []
DATA_MEM:  [455, 211]
---------------------------------------
DEBUG    root:machine.py:309 LD 0
TICK: 22016 PC:   5 ADDR:   0 MEM_OUT: 455 ACC: 455 BUFF: 454 DC: 0 FLAG_ZERO: False FLAG_LT: 1 FLAG_GT: 0
INPUT_PORT:  []
OUT_PORT:  []
DATA_MEM:  [455, 211]
---------------------------------------
DEBUG    root:machine.py:309 MOD 3
TICK: 22020 PC:   6 ADDR:   0 MEM_OUT: 455 ACC: 455 BUFF: 454 DC: 0 FLAG_ZERO: False FLAG_LT: 1 FLAG_GT: 0
INPUT_PORT:  []
OUT_PORT:  []
DATA_MEM:  [455, 211]
---------------------------------------
DEBUG    root:machine.py:309 CMP 0
TICK: 22024 PC:   7 ADDR:   0 MEM_OUT: 455 ACC: 2 BUFF: 455 DC: 0 FLAG_ZERO: False FLAG_LT: 1 FLAG_GT: 0
INPUT_PORT:  []
OUT_PORT:  []
DATA_MEM:  [455, 211]
---------------------------------------
DEBUG    root:machine.py:309 JE 14
TICK: 22027 PC:   8 ADDR:   0 MEM_OUT: 455 ACC: 2 BUFF: 455 DC: 0 FLAG_ZERO: False FLAG_LT: 0 FLAG_GT: 1
INPUT_PORT:  []
OUT_PORT:  []
DATA_MEM:  [455, 211]
---------------------------------------
DEBUG    root:machine.py:309 LD 0
TICK: 22030 PC:   9 ADDR:   0 MEM_OUT: 455 ACC: 2 BUFF: 455 DC: 0 FLAG_ZERO: False FLAG_LT: 0 FLAG_GT: 1
INPUT_PORT:  []
OUT_PORT:  []
DATA_MEM:  [455, 211]
---------------------------------------
DEBUG    root:machine.py:309 MOD 5
TICK: 22034 PC:  10 ADDR:   0 MEM_OUT: 455 ACC: 455 BUFF: 455 DC: 0 FLAG_ZERO: False FLAG_LT: 0 FLAG_GT: 1
INPUT_PORT:  []
OUT_PORT:  []
DATA_MEM:  [455, 211]
---------------------------------------
DEBUG    root:machine.py:309 CMP 0
TICK: 22038 PC:  11 ADDR:   0 MEM_OUT: 455 ACC: 0 BUFF: 455 DC: 0 FLAG_ZERO: False FLAG_LT: 0 FLAG_GT: 1
INPUT_PORT:  []
OUT_PORT:  []
DATA_MEM:  [455, 211]
---------------------------------------
DEBUG    root:machine.py:309 JE 18
TICK: 22041 PC:  12 ADDR:   0 MEM_OUT: 455 ACC: 0 BUFF: 455 DC: 0 FLAG_ZERO: True FLAG_LT: 0 FLAG_GT: 0
INPUT_PORT:  []
OUT_PORT:  []
DATA_MEM:  [455, 211]
---------------------------------------
DEBUG    root:machine.py:309 LD 4
TICK: 22044 PC:  18 ADDR:   0 MEM_OUT: 455 ACC: 0 BUFF: 455 DC: 0 FLAG_ZERO: True FLAG_LT: 0 FLAG_GT: 0
INPUT_PORT:  []
OUT_PORT:  []
DATA_MEM:  [455, 211]
---------------------------------------
DEBUG    root:machine.py:309 INC 
TICK: 22048 PC:  19 ADDR:   1 MEM_OUT: 211 ACC: 211 BUFF: 455 DC: 0 FLAG_ZERO: True FLAG_LT: 0 FLAG_GT: 0
INPUT_PORT:  []
OUT_PORT:  []
DATA_MEM:  [455, 211]
---------------------------------------
DEBUG    root:machine.py:309 ST 4
TICK: 22051 PC:  20 ADDR:   1 MEM_OUT: 211 ACC: 212 BUFF: 455 DC: 0 FLAG_ZERO: True FLAG_LT: 0 FLAG_GT: 0
INPUT_PORT:  []
OUT_PORT:  []
DATA_MEM:  [455, 211]
---------------------------------------
DEBUG    root:machine.py:309 JMP 0
TICK: 22055 PC:  21 ADDR:   1 MEM_OUT: 212 ACC: 212 BUFF: 455 DC: 0 FLAG_ZERO: True FLAG_LT: 0 FLAG_GT: 0
INPUT_PORT:  []
OUT_PORT:  []
DATA_MEM:  [455, 212]
---------------------------------------
DEBUG    root:machine.py:309 LD 0
TICK: 22058 PC:   0 ADDR:   1 MEM_OUT: 212 ACC: 212 BUFF: 455 DC: 0 FLAG_ZERO: True FLAG_LT: 0 FLAG_GT: 0
INPUT_PORT:  []
OUT_PORT:  []
DATA_MEM:  [455, 212]
---------------------------------------
DEBUG    root:machine.py:309 INC 
TICK: 22062 PC:   1 ADDR:   0 MEM_OUT: 455 ACC: 455 BUFF: 455 DC: 0 FLAG_ZERO: True FLAG_LT: 0 FLAG_GT: 0
INPUT_PORT:  []
OUT_PORT:  []
DATA_MEM:  [455, 212]
---------------------------------------
DEBUG    root:machine.py:309 ST 0
TICK: 22065 PC:   2 ADDR:   0 MEM_OUT: 455 ACC: 456 BUFF: 455 DC: 0 FLAG_ZERO: True FLAG_LT: 0 FLAG_GT: 0
INPUT_PORT:  []
OUT_PORT:  []
DATA_MEM:  [455, 212]
---------------------------------------
DEBUG    root:machine.py:309 CMP 1000
TICK: 22069 PC:   3 ADDR:   0 MEM_OUT: 456 ACC: 456 BUFF: 455 DC: 0 FLAG_ZERO: True FLAG_LT: 0 FLAG_GT: 0
INPUT_PORT:  []
OUT_PORT:  []
DATA_MEM:  [456, 212]
---------------------------------------
DEBUG    root:machine.py:309 JGE 22
TICK: 22072 PC:   4 ADDR:   0 MEM_OUT: 456 ACC: 456 BUFF: 455 DC: 0 FLAG_ZERO: False FLAG_LT: 1 FLAG_GT: 0
INPUT_PORT:  []
OUT_PORT:  []
DATA_MEM:  [456, 212]
---------------------------------------
DEBUG    root:machine.py:309 LD 0
TICK: 22075 PC:   5 ADDR:   0 MEM_OUT: 456 ACC: 456 BUFF: 455 DC: 0 FLAG_ZERO: False FLAG_LT: 1 FLAG_GT: 0
INPUT_PORT:  []
OUT_PORT:  []
DATA_MEM:  [456, 212]
---------------------------------------
DEBUG    root:machine.py:309 MOD 3
TICK: 22079 PC:   6 ADDR:   0 MEM_OUT: 456 ACC: 456 BUFF: 455 DC: 0 FLAG_ZERO: False FLAG_LT: 1 FLAG_GT: 0
INPUT_PORT:  []
OUT_PORT:  []
DATA_MEM:  [456, 212]
---------------------------------------
DEBUG    root:machine.py:309 CMP 0
TICK: 22083 PC:   7 ADDR:   0 MEM_OUT: 456 ACC: 0 BUFF: 456 DC: 0 FLAG_ZERO: False FLAG_LT: 1 FLAG_GT: 0
INPUT_PORT:  []
OUT_PORT:  []
DATA_MEM:  [456, 212]
---------------------------------------
DEBUG    root:machine.py:309 JE 14
TICK: 22086 PC:   8 ADDR:   0 MEM_OUT: 456 ACC: 0 BUFF: 456 DC: 0 FLAG_ZERO: True FLAG_LT: 0 FLAG_GT: 0
INPUT_PORT:  []
OUT_PORT:  []
DATA_MEM:  [456, 212]
---------------------------------------
DEBUG    root:machine.py:309 LD 4
TICK: 22089 PC:  14 ADDR:   0 MEM_OUT: 456 ACC: 0 BUFF: 456 DC: 0 FLAG_ZERO: True FLAG_LT: 0 FLAG_GT: 0
INPUT_PORT:  []
OUT_PORT:  []
DATA_MEM:  [456, 212]
---------------------------------------
DEBUG    root:machine.py:309 INC 
TICK: 22093 PC:  15 ADDR:   1 MEM_OUT: 212 ACC: 212 BUFF: 456 DC: 0 FLAG_ZERO: True FLAG_LT: 0 FLAG_GT: 0
INPUT_PORT:  []
OUT_PORT:  []
DATA_MEM:  [456, 212]
---------------------------------------
DEBUG    root:machine.py:309 ST 4
TICK: 22096 PC:  16 ADDR:   1 MEM_OUT: 212 ACC: 213 BUFF: 456 DC: 0 FLAG_ZERO: True FLAG_LT: 0 FLAG_GT: 0
INPUT_PORT:  []
OUT_PORT:  []
DATA_MEM:  [456, 212]
---------------------------------------
DEBUG    root:machine.py:309 JMP 0
TICK: 22100 PC:  17 ADDR:   1 MEM_OUT: 213 ACC: 213 BUFF: 456 DC: 0 FLAG_ZERO: True FLAG_LT: 0 FLAG_GT: 0
INPUT_PORT:  []
OUT_PORT:  []
DATA_MEM:  [456, 213]
---------------------------------------
DEBUG    root:machine.py:309 LD 0
TICK: 22103 PC:   0 ADDR:   1 MEM_OUT: 213 ACC: 213 BUFF: 456 DC: 0 FLAG_ZERO: True FLAG_LT: 0 FLAG_GT: 0
INPUT_PORT:  []
OUT_PORT:  []
DATA_MEM:  [456, 213]
---------------------------------------
DEBUG    root:machine.py:309 INC 
TICK: 22107 PC:   1 ADDR:   0 MEM_OUT: 456 ACC: 456 BUFF: 456 DC: 0 FLAG_ZERO: True FLAG_LT: 0 FLAG_GT: 0
INPUT_PORT:  []
OUT_PORT:  []
DATA_MEM:  [456, 213]
---------------------------------------
DEBUG    root:machine.py:309 ST 0
TICK: 22110 PC:   2 ADDR:   0 MEM_OUT: 456 ACC: 457 BUFF: 456 DC: 0 FLAG_ZERO: True FLAG_LT: 0 FLAG_GT: 0
INPUT_PORT:  []
OUT_PORT:  []
DATA_MEM:  [456, 213]
---------------------------------------
DEBUG    root:machine.py:309 CMP 1000
TICK: 22114 PC:   3 ADDR:   0 MEM_OUT: 457 ACC: 457 BUFF: 456 DC: 0 FLAG_ZERO: True FLAG_LT: 0 FLAG_GT: 0
INPUT_PORT:  []
OUT_PORT:  []
DATA_MEM:  [457, 213]
---------------------------------------
DEBUG    root:machine.py:309 JGE 22
TICK: 22117 PC:   4 ADDR:   0 MEM_OUT: 457 ACC: 457 BUFF: 456 DC: 0 FLAG_ZERO: False FLAG_LT: 1 FLAG_GT: 0
INPUT_PORT:  []
OUT_PORT:  []
DATA_MEM:  [457, 213]
---------------------------------------
DEBUG    root:machine.py:309 LD 0
TICK: 22120 PC:   5 ADDR:   0 MEM_OUT: 457 ACC: 457 BUFF: 456 DC: 0 FLAG_ZERO: False FLAG_LT: 1 FLAG_GT: 0
INPUT_PORT:  []
OUT_PORT:  []
DATA_MEM:  [457, 213]
---------------------------------------
DEBUG    root:machine.py:309 MOD 3
TICK: 22124 PC:   6 ADDR:   0 MEM_OUT: 457 ACC: 457 BUFF: 456 DC: 0 FLAG_ZERO: False FLAG_LT: 1 FLAG_GT: 0
INPUT_PORT:  []
OUT_PORT:  []
DATA_MEM:  [457, 213]
---------------------------------------
DEBUG    root:machine.py:309 CMP 0
TICK: 22128 PC:   7 ADDR:   0 MEM_OUT: 457 ACC: 1 BUFF: 457 DC: 0 FLAG_ZERO: False FLAG_LT: 1 FLAG_GT: 0
INPUT_PORT:  []
OUT_PORT:  []
DATA_MEM:  [457, 213]
---------------------------------------
DEBUG    root:machine.py:309 JE 14
TICK: 22131 PC:   8 ADDR:   0 MEM_OUT: 457 ACC: 1 BUFF: 457 DC: 0 FLAG_ZERO: False FLAG_LT: 0 FLAG_GT: 1
INPUT_PORT:  []
OUT_PORT:  []
DATA_MEM:  [457, 213]
---------------------------------------
DEBUG    root:machine.py:309 LD 0
TICK: 22134 PC:   9 ADDR:   0 MEM_OUT: 457 ACC: 1 BUFF: 457 DC: 0 FLAG_ZERO: False FLAG_LT: 0 FLAG_GT: 1
INPUT_PORT:  []
OUT_PORT:  []
DATA_MEM:  [457, 213]
---------------------------------------
DEBUG    root:machine.py:309 MOD 5
TICK: 22138 PC:  10 ADDR:   0 MEM_OUT: 457 ACC: 457 BUFF: 457 DC: 0 FLAG_ZERO: False FLAG_LT: 0 FLAG_GT: 1
INPUT_PORT:  []
OUT_PORT:  []
DATA_MEM:  [457, 213]
---------------------------------------
DEBUG    root:machine.py:309 CMP 0
TICK: 22142 PC:  11 ADDR:   0 MEM_OUT: 457 ACC: 2 BUFF: 457 DC: 0 FLAG_ZERO: False FLAG_LT: 0 FLAG_GT: 1
INPUT_PORT:  []
OUT_PORT:  []
DATA_MEM:  [457, 213]
---------------------------------------
DEBUG    root:machine.py:309 JE 18
TICK: 22145 PC:  12 ADDR:   0 MEM_OUT: 457 ACC: 2 BUFF: 457 DC: 0 FLAG_ZERO: False FLAG_LT: 0 FLAG_GT: 1
INPUT_PORT:  []
OUT_PORT:  []
DATA_MEM:  [457, 213]
---------------------------------------
DEBUG    root:machine.py:309 JMP 0
TICK: 22148 PC:  13 ADDR:   0 MEM_OUT: 457 ACC: 2 BUFF: 457 DC: 0 FLAG_ZERO: False FLAG_LT: 0 FLAG_GT: 1
INPUT_PORT:  []
OUT_PORT:  []
DATA_MEM:  [457, 213]
---------------------------------------
DEBUG    root:machine.py:309 LD 0
TICK: 22151 PC:   0 ADDR:   0 MEM_OUT: 457 ACC: 2 BUFF: 457 DC: 0 FLAG_ZERO: False FLAG_LT: 0 FLAG_GT: 1
INPUT_PORT:  []
OUT_PORT:  []
DATA_MEM:  [457, 213]
---------------------------------------
DEBUG    root:machine.py:309 INC 
TICK: 22155 PC:   1 ADDR:   0 MEM_OUT: 457 ACC: 457 BUFF: 457 DC: 0 FLAG_ZERO: False FLAG_LT: 0 FLAG_GT: 1
INPUT_PORT:  []
OUT_PORT:  []
DATA_MEM:  [457, 213]
---------------------------------------
DEBUG    root:machine.py:309 ST 0
TICK: 22158 PC:   2 ADDR:   0 MEM_OUT: 457 ACC: 458 BUFF: 457 DC: 0 FLAG_ZERO: False FLAG_LT: 0 FLAG_GT: 1
INPUT_PORT:  []
OUT_PORT:  []
DATA_MEM:  [457, 213]
---------------------------------------
DEBUG    root:machine.py:309 CMP 1000
TICK: 22162 PC:   3 ADDR:   0 MEM_OUT: 458 ACC: 458 BUFF: 457 DC: 0 FLAG_ZERO: False FLAG_LT: 0 FLAG_GT: 1
INPUT_PORT:  []
OUT_PORT:  []
DATA_MEM:  [458, 213]
---------------------------------------
DEBUG    root:machine.py:309 JGE 22
TICK: 22165 PC:   4 ADDR:   0 MEM_OUT: 458 ACC: 458 BUFF: 457 DC: 0 FLAG_ZERO: False FLAG_LT: 1 FLAG_GT: 0
INPUT_PORT:  []
OUT_PORT:  []
DATA_MEM:  [458, 213]
---------------------------------------
DEBUG    root:machine.py:309 LD 0
TICK: 22168 PC:   5 ADDR:   0 MEM_OUT: 458 ACC: 458 BUFF: 457 DC: 0 FLAG_ZERO: False FLAG_LT: 1 FLAG_GT: 0
INPUT_PORT:  []
OUT_PORT:  []
DATA_MEM:  [458, 213]
---------------------------------------
DEBUG    root:machine.py:309 MOD 3
TICK: 22172 PC:   6 ADDR:   0 MEM_OUT: 458 ACC: 458 BUFF: 457 DC: 0 FLAG_ZERO: False FLAG_LT: 1 FLAG_GT: 0
INPUT_PORT:  []
OUT_PORT:  []
DATA_MEM:  [458, 213]
---------------------------------------
DEBUG    root:machine.py:309 CMP 0
TICK: 22176 PC:   7 ADDR:   0 MEM_OUT: 458 ACC: 2 BUFF: 458 DC: 0 FLAG_ZERO: False FLAG_LT: 1 FLAG_GT: 0
INPUT_PORT:  []
OUT_PORT:  []
DATA_MEM:  [458, 213]
---------------------------------------
DEBUG    root:machine.py:309 JE 14
TICK: 22179 PC:   8 ADDR:   0 MEM_OUT: 458 ACC: 2 BUFF: 458 DC: 0 FLAG_ZERO: False FLAG_LT: 0 FLAG_GT: 1
INPUT_PORT:  []
OUT_PORT:  []
DATA_MEM:  [458, 213]
---------------------------------------
DEBUG    root:machine.py:309 LD 0
TICK: 22182 PC:   9 ADDR:   0 MEM_OUT: 458 ACC: 2 BUFF: 458 DC: 0 FLAG_ZERO: False FLAG_LT: 0 FLAG_GT: 1
INPUT_PORT:  []
OUT_PORT:  []
DATA_MEM:  [458, 213]
---------------------------------------
DEBUG    root:machine.py:309 MOD 5
TICK: 22186 PC:  10 ADDR:   0 MEM_OUT: 458 ACC: 458 BUFF: 458 DC: 0 FLAG_ZERO: False FLAG_LT: 0 FLAG_GT: 1
INPUT_PORT:  []
OUT_PORT:  []
DATA_MEM:  [458, 213]
---------------------------------------
DEBUG    root:machine.py:309 CMP 0
TICK: 22190 PC:  11 ADDR:   0 MEM_OUT: 458 ACC: 3 BUFF: 458 DC: 0 FLAG_ZERO: False FLAG_LT: 0 FLAG_GT: 1
INPUT_PORT:  []
OUT_PORT:  []
DATA_MEM:  [458, 213]
---------------------------------------
DEBUG    root:machine.py:309 JE 18
TICK: 22193 PC:  12 ADDR:   0 MEM_OUT: 458 ACC: 3 BUFF: 458 DC: 0 FLAG_ZERO: False FLAG_LT: 0 FLAG_GT: 1
INPUT_PORT:  []
OUT_PORT:  []
DATA_MEM:  [458, 213]
---------------------------------------
DEBUG    root:machine.py:309 JMP 0
TICK: 22196 PC:  13 ADDR:   0 MEM_OUT: 458 ACC: 3 BUFF: 458 DC: 0 FLAG_ZERO: False FLAG_LT: 0 FLAG_GT: 1
INPUT_PORT:  []
OUT_PORT:  []
DATA_MEM:  [458, 213]
---------------------------------------
DEBUG    root:machine.py:309 LD 0
TICK: 22199 PC:   0 ADDR:   0 MEM_OUT: 458 ACC: 3 BUFF: 458 DC: 0 FLAG_ZERO: False FLAG_LT: 0 FLAG_GT: 1
INPUT_PORT:  []
OUT_PORT:  []
DATA_MEM:  [458, 213]
---------------------------------------
DEBUG    root:machine.py:309 INC 
TICK: 22203 PC:   1 ADDR:   0 MEM_OUT: 458 ACC: 458 BUFF: 458 DC: 0 FLAG_ZERO: False FLAG_LT: 0 FLAG_GT: 1
INPUT_PORT:  []
OUT_PORT:  []
DATA_MEM:  [458, 213]
---------------------------------------
DEBUG    root:machine.py:309 ST 0
TICK: 22206 PC:   2 ADDR:   0 MEM_OUT: 458 ACC: 459 BUFF: 458 DC: 0 FLAG_ZERO: False FLAG_LT: 0 FLAG_GT: 1
INPUT_PORT:  []
OUT_PORT:  []
DATA_MEM:  [458, 213]
---------------------------------------
DEBUG    root:machine.py:309 CMP 1000
TICK: 22210 PC:   3 ADDR:   0 MEM_OUT: 459 ACC: 459 BUFF: 458 DC: 0 FLAG_ZERO: False FLAG_LT: 0 FLAG_GT: 1
INPUT_PORT:  []
OUT_PORT:  []
DATA_MEM:  [459, 213]
---------------------------------------
DEBUG    root:machine.py:309 JGE 22
TICK: 22213 PC:   4 ADDR:   0 MEM_OUT: 459 ACC: 459 BUFF: 458 DC: 0 FLAG_ZERO: False FLAG_LT: 1 FLAG_GT: 0
INPUT_PORT:  []
OUT_PORT:  []
DATA_MEM:  [459, 213]
---------------------------------------
DEBUG    root:machine.py:309 LD 0
TICK: 22216 PC:   5 ADDR:   0 MEM_OUT: 459 ACC: 459 BUFF: 458 DC: 0 FLAG_ZERO: False FLAG_LT: 1 FLAG_GT: 0
INPUT_PORT:  []
OUT_PORT:  []
DATA_MEM:  [459, 213]
---------------------------------------
DEBUG    root:machine.py:309 MOD 3
TICK: 22220 PC:   6 ADDR:   0 MEM_OUT: 459 ACC: 459 BUFF: 458 DC: 0 FLAG_ZERO: False FLAG_LT: 1 FLAG_GT: 0
INPUT_PORT:  []
OUT_PORT:  []
DATA_MEM:  [459, 213]
---------------------------------------
DEBUG    root:machine.py:309 CMP 0
TICK: 22224 PC:   7 ADDR:   0 MEM_OUT: 459 ACC: 0 BUFF: 459 DC: 0 FLAG_ZERO: False FLAG_LT: 1 FLAG_GT: 0
INPUT_PORT:  []
OUT_PORT:  []
DATA_MEM:  [459, 213]
---------------------------------------
DEBUG    root:machine.py:309 JE 14
TICK: 22227 PC:   8 ADDR:   0 MEM_OUT: 459 ACC: 0 BUFF: 459 DC: 0 FLAG_ZERO: True FLAG_LT: 0 FLAG_GT: 0
INPUT_PORT:  []
OUT_PORT:  []
DATA_MEM:  [459, 213]
---------------------------------------
DEBUG    root:machine.py:309 LD 4
TICK: 22230 PC:  14 ADDR:   0 MEM_OUT: 459 ACC: 0 BUFF: 459 DC: 0 FLAG_ZERO: True FLAG_LT: 0 FLAG_GT: 0
INPUT_PORT:  []
OUT_PORT:  []
DATA_MEM:  [459, 213]
---------------------------------------
DEBUG    root:machine.py:309 INC 
TICK: 22234 PC:  15 ADDR:   1 MEM_OUT: 213 ACC: 213 BUFF: 459 DC: 0 FLAG_ZERO: True FLAG_LT: 0 FLAG_GT: 0
INPUT_PORT:  []
OUT_PORT:  []
DATA_MEM:  [459, 213]
---------------------------------------
DEBUG    root:machine.py:309 ST 4
TICK: 22237 PC:  16 ADDR:   1 MEM_OUT: 213 ACC: 214 BUFF: 459 DC: 0 FLAG_ZERO: True FLAG_LT: 0 FLAG_GT: 0
INPUT_PORT:  []
OUT_PORT:  []
DATA_MEM:  [459, 213]
---------------------------------------
DEBUG    root:machine.py:309 JMP 0
TICK: 22241 PC:  17 ADDR:   1 MEM_OUT: 214 ACC: 214 BUFF: 459 DC: 0 FLAG_ZERO: True FLAG_LT: 0 FLAG_GT: 0
INPUT_PORT:  []
OUT_PORT:  []
DATA_MEM:  [459, 214]
---------------------------------------
DEBUG    root:machine.py:309 LD 0
TICK: 22244 PC:   0 ADDR:   1 MEM_OUT: 214 ACC: 214 BUFF: 459 DC: 0 FLAG_ZERO: True FLAG_LT: 0 FLAG_GT: 0
INPUT_PORT:  []
OUT_PORT:  []
DATA_MEM:  [459, 214]
---------------------------------------
DEBUG    root:machine.py:309 INC 
TICK: 22248 PC:   1 ADDR:   0 MEM_OUT: 459 ACC: 459 BUFF: 459 DC: 0 FLAG_ZERO: True FLAG_LT: 0 FLAG_GT: 0
INPUT_PORT:  []
OUT_PORT:  []
DATA_MEM:  [459, 214]
---------------------------------------
DEBUG    root:machine.py:309 ST 0
TICK: 22251 PC:   2 ADDR:   0 MEM_OUT: 459 ACC: 460 BUFF: 459 DC: 0 FLAG_ZERO: True FLAG_LT: 0 FLAG_GT: 0
INPUT_PORT:  []
OUT_PORT:  []
DATA_MEM:  [459, 214]
---------------------------------------
DEBUG    root:machine.py:309 CMP 1000
TICK: 22255 PC:   3 ADDR:   0 MEM_OUT: 460 ACC: 460 BUFF: 459 DC: 0 FLAG_ZERO: True FLAG_LT: 0 FLAG_GT: 0
INPUT_PORT:  []
OUT_PORT:  []
DATA_MEM:  [460, 214]
---------------------------------------
DEBUG    root:machine.py:309 JGE 22
TICK: 22258 PC:   4 ADDR:   0 MEM_OUT: 460 ACC: 460 BUFF: 459 DC: 0 FLAG_ZERO: False FLAG_LT: 1 FLAG_GT: 0
INPUT_PORT:  []
OUT_PORT:  []
DATA_MEM:  [460, 214]
---------------------------------------
DEBUG    root:machine.py:309 LD 0
TICK: 22261 PC:   5 ADDR:   0 MEM_OUT: 460 ACC: 460 BUFF: 459 DC: 0 FLAG_ZERO: False FLAG_LT: 1 FLAG_GT: 0
INPUT_PORT:  []
OUT_PORT:  []
DATA_MEM:  [460, 214]
---------------------------------------
DEBUG    root:machine.py:309 MOD 3
TICK: 22265 PC:   6 ADDR:   0 MEM_OUT: 460 ACC: 460 BUFF: 459 DC: 0 FLAG_ZERO: False FLAG_LT: 1 FLAG_GT: 0
INPUT_PORT:  []
OUT_PORT:  []
DATA_MEM:  [460, 214]
---------------------------------------
DEBUG    root:machine.py:309 CMP 0
TICK: 22269 PC:   7 ADDR:   0 MEM_OUT: 460 ACC: 1 BUFF: 460 DC: 0 FLAG_ZERO: False FLAG_LT: 1 FLAG_GT: 0
INPUT_PORT:  []
OUT_PORT:  []
DATA_MEM:  [460, 214]
---------------------------------------
DEBUG    root:machine.py:309 JE 14
TICK: 22272 PC:   8 ADDR:   0 MEM_OUT: 460 ACC: 1 BUFF: 460 DC: 0 FLAG_ZERO: False FLAG_LT: 0 FLAG_GT: 1
INPUT_PORT:  []
OUT_PORT:  []
DATA_MEM:  [460, 214]
---------------------------------------
DEBUG    root:machine.py:309 LD 0
TICK: 22275 PC:   9 ADDR:   0 MEM_OUT: 460 ACC: 1 BUFF: 460 DC: 0 FLAG_ZERO: False FLAG_LT: 0 FLAG_GT: 1
INPUT_PORT:  []
OUT_PORT:  []
DATA_MEM:  [460, 214]
---------------------------------------
DEBUG    root:machine.py:309 MOD 5
TICK: 22279 PC:  10 ADDR:   0 MEM_OUT: 460 ACC: 460 BUFF: 460 DC: 0 FLAG_ZERO: False FLAG_LT: 0 FLAG_GT: 1
INPUT_PORT:  []
OUT_PORT:  []
DATA_MEM:  [460, 214]
---------------------------------------
DEBUG    root:machine.py:309 CMP 0
TICK: 22283 PC:  11 ADDR:   0 MEM_OUT: 460 ACC: 0 BUFF: 460 DC: 0 FLAG_ZERO: False FLAG_LT: 0 FLAG_GT: 1
INPUT_PORT:  []
OUT_PORT:  []
DATA_MEM:  [460, 214]
---------------------------------------
DEBUG    root:machine.py:309 JE 18
TICK: 22286 PC:  12 ADDR:   0 MEM_OUT: 460 ACC: 0 BUFF: 460 DC: 0 FLAG_ZERO: True FLAG_LT: 0 FLAG_GT: 0
INPUT_PORT:  []
OUT_PORT:  []
DATA_MEM:  [460, 214]
---------------------------------------
DEBUG    root:machine.py:309 LD 4
TICK: 22289 PC:  18 ADDR:   0 MEM_OUT: 460 ACC: 0 BUFF: 460 DC: 0 FLAG_ZERO: True FLAG_LT: 0 FLAG_GT: 0
INPUT_PORT:  []
OUT_PORT:  []
DATA_MEM:  [460, 214]
---------------------------------------
DEBUG    root:machine.py:309 INC 
TICK: 22293 PC:  19 ADDR:   1 MEM_OUT: 214 ACC: 214 BUFF: 460 DC: 0 FLAG_ZERO: True FLAG_LT: 0 FLAG_GT: 0
INPUT_PORT:  []
OUT_PORT:  []
DATA_MEM:  [460, 214]
---------------------------------------
DEBUG    root:machine.py:309 ST 4
TICK: 22296 PC:  20 ADDR:   1 MEM_OUT: 214 ACC: 215 BUFF: 460 DC: 0 FLAG_ZERO: True FLAG_LT: 0 FLAG_GT: 0
INPUT_PORT:  []
OUT_PORT:  []
DATA_MEM:  [460, 214]
---------------------------------------
DEBUG    root:machine.py:309 JMP 0
TICK: 22300 PC:  21 ADDR:   1 MEM_OUT: 215 ACC: 215 BUFF: 460 DC: 0 FLAG_ZERO: True FLAG_LT: 0 FLAG_GT: 0
INPUT_PORT:  []
OUT_PORT:  []
DATA_MEM:  [460, 215]
---------------------------------------
DEBUG    root:machine.py:309 LD 0
TICK: 22303 PC:   0 ADDR:   1 MEM_OUT: 215 ACC: 215 BUFF: 460 DC: 0 FLAG_ZERO: True FLAG_LT: 0 FLAG_GT: 0
INPUT_PORT:  []
OUT_PORT:  []
DATA_MEM:  [460, 215]
---------------------------------------
DEBUG    root:machine.py:309 INC 
TICK: 22307 PC:   1 ADDR:   0 MEM_OUT: 460 ACC: 460 BUFF: 460 DC: 0 FLAG_ZERO: True FLAG_LT: 0 FLAG_GT: 0
INPUT_PORT:  []
OUT_PORT:  []
DATA_MEM:  [460, 215]
---------------------------------------
DEBUG    root:machine.py:309 ST 0
TICK: 22310 PC:   2 ADDR:   0 MEM_OUT: 460 ACC: 461 BUFF: 460 DC: 0 FLAG_ZERO: True FLAG_LT: 0 FLAG_GT: 0
INPUT_PORT:  []
OUT_PORT:  []
DATA_MEM:  [460, 215]
---------------------------------------
DEBUG    root:machine.py:309 CMP 1000
TICK: 22314 PC:   3 ADDR:   0 MEM_OUT: 461 ACC: 461 BUFF: 460 DC: 0 FLAG_ZERO: True FLAG_LT: 0 FLAG_GT: 0
INPUT_PORT:  []
OUT_PORT:  []
DATA_MEM:  [461, 215]
---------------------------------------
DEBUG    root:machine.py:309 JGE 22
TICK: 22317 PC:   4 ADDR:   0 MEM_OUT: 461 ACC: 461 BUFF: 460 DC: 0 FLAG_ZERO: False FLAG_LT: 1 FLAG_GT: 0
INPUT_PORT:  []
OUT_PORT:  []
DATA_MEM:  [461, 215]
---------------------------------------
DEBUG    root:machine.py:309 LD 0
TICK: 22320 PC:   5 ADDR:   0 MEM_OUT: 461 ACC: 461 BUFF: 460 DC: 0 FLAG_ZERO: False FLAG_LT: 1 FLAG_GT: 0
INPUT_PORT:  []
OUT_PORT:  []
DATA_MEM:  [461, 215]
---------------------------------------
DEBUG    root:machine.py:309 MOD 3
TICK: 22324 PC:   6 ADDR:   0 MEM_OUT: 461 ACC: 461 BUFF: 460 DC: 0 FLAG_ZERO: False FLAG_LT: 1 FLAG_GT: 0
INPUT_PORT:  []
OUT_PORT:  []
DATA_MEM:  [461, 215]
---------------------------------------
DEBUG    root:machine.py:309 CMP 0
TICK: 22328 PC:   7 ADDR:   0 MEM_OUT: 461 ACC: 2 BUFF: 461 DC: 0 FLAG_ZERO: False FLAG_LT: 1 FLAG_GT: 0
INPUT_PORT:  []
OUT_PORT:  []
DATA_MEM:  [461, 215]
---------------------------------------
DEBUG    root:machine.py:309 JE 14
TICK: 22331 PC:   8 ADDR:   0 MEM_OUT: 461 ACC: 2 BUFF: 461 DC: 0 FLAG_ZERO: False FLAG_LT: 0 FLAG_GT: 1
INPUT_PORT:  []
OUT_PORT:  []
DATA_MEM:  [461, 215]
---------------------------------------
DEBUG    root:machine.py:309 LD 0
TICK: 22334 PC:   9 ADDR:   0 MEM_OUT: 461 ACC: 2 BUFF: 461 DC: 0 FLAG_ZERO: False FLAG_LT: 0 FLAG_GT: 1
INPUT_PORT:  []
OUT_PORT:  []
DATA_MEM:  [461, 215]
---------------------------------------
DEBUG    root:machine.py:309 MOD 5
TICK: 22338 PC:  10 ADDR:   0 MEM_OUT: 461 ACC: 461 BUFF: 461 DC: 0 FLAG_ZERO: False FLAG_LT: 0 FLAG_GT: 1
INPUT_PORT:  []
OUT_PORT:  []
DATA_MEM:  [461, 215]
---------------------------------------
DEBUG    root:machine.py:309 CMP 0
TICK: 22342 PC:  11 ADDR:   0 MEM_OUT: 461 ACC: 1 BUFF: 461 DC: 0 FLAG_ZERO: False FLAG_LT: 0 FLAG_GT: 1
INPUT_PORT:  []
OUT_PORT:  []
DATA_MEM:  [461, 215]
---------------------------------------
DEBUG    root:machine.py:309 JE 18
TICK: 22345 PC:  12 ADDR:   0 MEM_OUT: 461 ACC: 1 BUFF: 461 DC: 0 FLAG_ZERO: False FLAG_LT: 0 FLAG_GT: 1
INPUT_PORT:  []
OUT_PORT:  []
DATA_MEM:  [461, 215]
---------------------------------------
DEBUG    root:machine.py:309 JMP 0
TICK: 22348 PC:  13 ADDR:   0 MEM_OUT: 461 ACC: 1 BUFF: 461 DC: 0 FLAG_ZERO: False FLAG_LT: 0 FLAG_GT: 1
INPUT_PORT:  []
OUT_PORT:  []
DATA_MEM:  [461, 215]
---------------------------------------
DEBUG    root:machine.py:309 LD 0
TICK: 22351 PC:   0 ADDR:   0 MEM_OUT: 461 ACC: 1 BUFF: 461 DC: 0 FLAG_ZERO: False FLAG_LT: 0 FLAG_GT: 1
INPUT_PORT:  []
OUT_PORT:  []
DATA_MEM:  [461, 215]
---------------------------------------
DEBUG    root:machine.py:309 INC 
TICK: 22355 PC:   1 ADDR:   0 MEM_OUT: 461 ACC: 461 BUFF: 461 DC: 0 FLAG_ZERO: False FLAG_LT: 0 FLAG_GT: 1
INPUT_PORT:  []
OUT_PORT:  []
DATA_MEM:  [461, 215]
---------------------------------------
DEBUG    root:machine.py:309 ST 0
TICK: 22358 PC:   2 ADDR:   0 MEM_OUT: 461 ACC: 462 BUFF: 461 DC: 0 FLAG_ZERO: False FLAG_LT: 0 FLAG_GT: 1
INPUT_PORT:  []
OUT_PORT:  []
DATA_MEM:  [461, 215]
---------------------------------------
DEBUG    root:machine.py:309 CMP 1000
TICK: 22362 PC:   3 ADDR:   0 MEM_OUT: 462 ACC: 462 BUFF: 461 DC: 0 FLAG_ZERO: False FLAG_LT: 0 FLAG_GT: 1
INPUT_PORT:  []
OUT_PORT:  []
DATA_MEM:  [462, 215]
---------------------------------------
DEBUG    root:machine.py:309 JGE 22
TICK: 22365 PC:   4 ADDR:   0 MEM_OUT: 462 ACC: 462 BUFF: 461 DC: 0 FLAG_ZERO: False FLAG_LT: 1 FLAG_GT: 0
INPUT_PORT:  []
OUT_PORT:  []
DATA_MEM:  [462, 215]
---------------------------------------
DEBUG    root:machine.py:309 LD 0
TICK: 22368 PC:   5 ADDR:   0 MEM_OUT: 462 ACC: 462 BUFF: 461 DC: 0 FLAG_ZERO: False FLAG_LT: 1 FLAG_GT: 0
INPUT_PORT:  []
OUT_PORT:  []
DATA_MEM:  [462, 215]
---------------------------------------
DEBUG    root:machine.py:309 MOD 3
TICK: 22372 PC:   6 ADDR:   0 MEM_OUT: 462 ACC: 462 BUFF: 461 DC: 0 FLAG_ZERO: False FLAG_LT: 1 FLAG_GT: 0
INPUT_PORT:  []
OUT_PORT:  []
DATA_MEM:  [462, 215]
---------------------------------------
DEBUG    root:machine.py:309 CMP 0
TICK: 22376 PC:   7 ADDR:   0 MEM_OUT: 462 ACC: 0 BUFF: 462 DC: 0 FLAG_ZERO: False FLAG_LT: 1 FLAG_GT: 0
INPUT_PORT:  []
OUT_PORT:  []
DATA_MEM:  [462, 215]
---------------------------------------
DEBUG    root:machine.py:309 JE 14
TICK: 22379 PC:   8 ADDR:   0 MEM_OUT: 462 ACC: 0 BUFF: 462 DC: 0 FLAG_ZERO: True FLAG_LT: 0 FLAG_GT: 0
INPUT_PORT:  []
OUT_PORT:  []
DATA_MEM:  [462, 215]
---------------------------------------
DEBUG    root:machine.py:309 LD 4
TICK: 22382 PC:  14 ADDR:   0 MEM_OUT: 462 ACC: 0 BUFF: 462 DC: 0 FLAG_ZERO: True FLAG_LT: 0 FLAG_GT: 0
INPUT_PORT:  []
OUT_PORT:  []
DATA_MEM:  [462, 215]
---------------------------------------
DEBUG    root:machine.py:309 INC 
TICK: 22386 PC:  15 ADDR:   1 MEM_OUT: 215 ACC: 215 BUFF: 462 DC: 0 FLAG_ZERO: True FLAG_LT: 0 FLAG_GT: 0
INPUT_PORT:  []
OUT_PORT:  []
DATA_MEM:  [462, 215]
---------------------------------------
DEBUG    root:machine.py:309 ST 4
TICK: 22389 PC:  16 ADDR:   1 MEM_OUT: 215 ACC: 216 BUFF: 462 DC: 0 FLAG_ZERO: True FLAG_LT: 0 FLAG_GT: 0
INPUT_PORT:  []
OUT_PORT:  []
DATA_MEM:  [462, 215]
---------------------------------------
DEBUG    root:machine.py:309 JMP 0
TICK: 22393 PC:  17 ADDR:   1 MEM_OUT: 216 ACC: 216 BUFF: 462 DC: 0 FLAG_ZERO: True FLAG_LT: 0 FLAG_GT: 0
INPUT_PORT:  []
OUT_PORT:  []
DATA_MEM:  [462, 216]
---------------------------------------
DEBUG    root:machine.py:309 LD 0
TICK: 22396 PC:   0 ADDR:   1 MEM_OUT: 216 ACC: 216 BUFF: 462 DC: 0 FLAG_ZERO: True FLAG_LT: 0 FLAG_GT: 0
INPUT_PORT:  []
OUT_PORT:  []
DATA_MEM:  [462, 216]
---------------------------------------
DEBUG    root:machine.py:309 INC 
TICK: 22400 PC:   1 ADDR:   0 MEM_OUT: 462 ACC: 462 BUFF: 462 DC: 0 FLAG_ZERO: True FLAG_LT: 0 FLAG_GT: 0
INPUT_PORT:  []
OUT_PORT:  []
DATA_MEM:  [462, 216]
---------------------------------------
DEBUG    root:machine.py:309 ST 0
TICK: 22403 PC:   2 ADDR:   0 MEM_OUT: 462 ACC: 463 BUFF: 462 DC: 0 FLAG_ZERO: True FLAG_LT: 0 FLAG_GT: 0
INPUT_PORT:  []
OUT_PORT:  []
DATA_MEM:  [462, 216]
---------------------------------------
DEBUG    root:machine.py:309 CMP 1000
TICK: 22407 PC:   3 ADDR:   0 MEM_OUT: 463 ACC: 463 BUFF: 462 DC: 0 FLAG_ZERO: True FLAG_LT: 0 FLAG_GT: 0
INPUT_PORT:  []
OUT_PORT:  []
DATA_MEM:  [463, 216]
---------------------------------------
DEBUG    root:machine.py:309 JGE 22
TICK: 22410 PC:   4 ADDR:   0 MEM_OUT: 463 ACC: 463 BUFF: 462 DC: 0 FLAG_ZERO: False FLAG_LT: 1 FLAG_GT: 0
INPUT_PORT:  []
OUT_PORT:  []
DATA_MEM:  [463, 216]
---------------------------------------
DEBUG    root:machine.py:309 LD 0
TICK: 22413 PC:   5 ADDR:   0 MEM_OUT: 463 ACC: 463 BUFF: 462 DC: 0 FLAG_ZERO: False FLAG_LT: 1 FLAG_GT: 0
INPUT_PORT:  []
OUT_PORT:  []
DATA_MEM:  [463, 216]
---------------------------------------
DEBUG    root:machine.py:309 MOD 3
TICK: 22417 PC:   6 ADDR:   0 MEM_OUT: 463 ACC: 463 BUFF: 462 DC: 0 FLAG_ZERO: False FLAG_LT: 1 FLAG_GT: 0
INPUT_PORT:  []
OUT_PORT:  []
DATA_MEM:  [463, 216]
---------------------------------------
DEBUG    root:machine.py:309 CMP 0
TICK: 22421 PC:   7 ADDR:   0 MEM_OUT: 463 ACC: 1 BUFF: 463 DC: 0 FLAG_ZERO: False FLAG_LT: 1 FLAG_GT: 0
INPUT_PORT:  []
OUT_PORT:  []
DATA_MEM:  [463, 216]
---------------------------------------
DEBUG    root:machine.py:309 JE 14
TICK: 22424 PC:   8 ADDR:   0 MEM_OUT: 463 ACC: 1 BUFF: 463 DC: 0 FLAG_ZERO: False FLAG_LT: 0 FLAG_GT: 1
INPUT_PORT:  []
OUT_PORT:  []
DATA_MEM:  [463, 216]
---------------------------------------
DEBUG    root:machine.py:309 LD 0
TICK: 22427 PC:   9 ADDR:   0 MEM_OUT: 463 ACC: 1 BUFF: 463 DC: 0 FLAG_ZERO: False FLAG_LT: 0 FLAG_GT: 1
INPUT_PORT:  []
OUT_PORT:  []
DATA_MEM:  [463, 216]
---------------------------------------
DEBUG    root:machine.py:309 MOD 5
TICK: 22431 PC:  10 ADDR:   0 MEM_OUT: 463 ACC: 463 BUFF: 463 DC: 0 FLAG_ZERO: False FLAG_LT: 0 FLAG_GT: 1
INPUT_PORT:  []
OUT_PORT:  []
DATA_MEM:  [463, 216]
---------------------------------------
DEBUG    root:machine.py:309 CMP 0
TICK: 22435 PC:  11 ADDR:   0 MEM_OUT: 463 ACC: 3 BUFF: 463 DC: 0 FLAG_ZERO: False FLAG_LT: 0 FLAG_GT: 1
INPUT_PORT:  []
OUT_PORT:  []
DATA_MEM:  [463, 216]
---------------------------------------
DEBUG    root:machine.py:309 JE 18
TICK: 22438 PC:  12 ADDR:   0 MEM_OUT: 463 ACC: 3 BUFF: 463 DC: 0 FLAG_ZERO: False FLAG_LT: 0 FLAG_GT: 1
INPUT_PORT:  []
OUT_PORT:  []
DATA_MEM:  [463, 216]
---------------------------------------
DEBUG    root:machine.py:309 JMP 0
TICK: 22441 PC:  13 ADDR:   0 MEM_OUT: 463 ACC: 3 BUFF: 463 DC: 0 FLAG_ZERO: False FLAG_LT: 0 FLAG_GT: 1
INPUT_PORT:  []
OUT_PORT:  []
DATA_MEM:  [463, 216]
---------------------------------------
DEBUG    root:machine.py:309 LD 0
TICK: 22444 PC:   0 ADDR:   0 MEM_OUT: 463 ACC: 3 BUFF: 463 DC: 0 FLAG_ZERO: False FLAG_LT: 0 FLAG_GT: 1
INPUT_PORT:  []
OUT_PORT:  []
DATA_MEM:  [463, 216]
---------------------------------------
DEBUG    root:machine.py:309 INC 
TICK: 22448 PC:   1 ADDR:   0 MEM_OUT: 463 ACC: 463 BUFF: 463 DC: 0 FLAG_ZERO: False FLAG_LT: 0 FLAG_GT: 1
INPUT_PORT:  []
OUT_PORT:  []
DATA_MEM:  [463, 216]
---------------------------------------
DEBUG    root:machine.py:309 ST 0
TICK: 22451 PC:   2 ADDR:   0 MEM_OUT: 463 ACC: 464 BUFF: 463 DC: 0 FLAG_ZERO: False FLAG_LT: 0 FLAG_GT: 1
INPUT_PORT:  []
OUT_PORT:  []
DATA_MEM:  [463, 216]
---------------------------------------
DEBUG    root:machine.py:309 CMP 1000
TICK: 22455 PC:   3 ADDR:   0 MEM_OUT: 464 ACC: 464 BUFF: 463 DC: 0 FLAG_ZERO: False FLAG_LT: 0 FLAG_GT: 1
INPUT_PORT:  []
OUT_PORT:  []
DATA_MEM:  [464, 216]
---------------------------------------
DEBUG    root:machine.py:309 JGE 22
TICK: 22458 PC:   4 ADDR:   0 MEM_OUT: 464 ACC: 464 BUFF: 463 DC: 0 FLAG_ZERO: False FLAG_LT: 1 FLAG_GT: 0
INPUT_PORT:  []
OUT_PORT:  []
DATA_MEM:  [464, 216]
---------------------------------------
DEBUG    root:machine.py:309 LD 0
TICK: 22461 PC:   5 ADDR:   0 MEM_OUT: 464 ACC: 464 BUFF: 463 DC: 0 FLAG_ZERO: False FLAG_LT: 1 FLAG_GT: 0
INPUT_PORT:  []
OUT_PORT:  []
DATA_MEM:  [464, 216]
---------------------------------------
DEBUG    root:machine.py:309 MOD 3
TICK: 22465 PC:   6 ADDR:   0 MEM_OUT: 464 ACC: 464 BUFF: 463 DC: 0 FLAG_ZERO: False FLAG_LT: 1 FLAG_GT: 0
INPUT_PORT:  []
OUT_PORT:  []
DATA_MEM:  [464, 216]
---------------------------------------
DEBUG    root:machine.py:309 CMP 0
TICK: 22469 PC:   7 ADDR:   0 MEM_OUT: 464 ACC: 2 BUFF: 464 DC: 0 FLAG_ZERO: False FLAG_LT: 1 FLAG_GT: 0
INPUT_PORT:  []
OUT_PORT:  []
DATA_MEM:  [464, 216]
---------------------------------------
DEBUG    root:machine.py:309 JE 14
TICK: 22472 PC:   8 ADDR:   0 MEM_OUT: 464 ACC: 2 BUFF: 464 DC: 0 FLAG_ZERO: False FLAG_LT: 0 FLAG_GT: 1
INPUT_PORT:  []
OUT_PORT:  []
DATA_MEM:  [464, 216]
---------------------------------------
DEBUG    root:machine.py:309 LD 0
TICK: 22475 PC:   9 ADDR:   0 MEM_OUT: 464 ACC: 2 BUFF: 464 DC: 0 FLAG_ZERO: False FLAG_LT: 0 FLAG_GT: 1
INPUT_PORT:  []
OUT_PORT:  []
DATA_MEM:  [464, 216]
---------------------------------------
DEBUG    root:machine.py:309 MOD 5
TICK: 22479 PC:  10 ADDR:   0 MEM_OUT: 464 ACC: 464 BUFF: 464 DC: 0 FLAG_ZERO: False FLAG_LT: 0 FLAG_GT: 1
INPUT_PORT:  []
OUT_PORT:  []
DATA_MEM:  [464, 216]
---------------------------------------
DEBUG    root:machine.py:309 CMP 0
TICK: 22483 PC:  11 ADDR:   0 MEM_OUT: 464 ACC: 4 BUFF: 464 DC: 0 FLAG_ZERO: False FLAG_LT: 0 FLAG_GT: 1
INPUT_PORT:  []
OUT_PORT:  []
DATA_MEM:  [464, 216]
---------------------------------------
DEBUG    root:machine.py:309 JE 18
TICK: 22486 PC:  12 ADDR:   0 MEM_OUT: 464 ACC: 4 BUFF: 464 DC: 0 FLAG_ZERO: False FLAG_LT: 0 FLAG_GT: 1
INPUT_PORT:  []
OUT_PORT:  []
DATA_MEM:  [464, 216]
---------------------------------------
DEBUG    root:machine.py:309 JMP 0
TICK: 22489 PC:  13 ADDR:   0 MEM_OUT: 464 ACC: 4 BUFF: 464 DC: 0 FLAG_ZERO: False FLAG_LT: 0 FLAG_GT: 1
INPUT_PORT:  []
OUT_PORT:  []
DATA_MEM:  [464, 216]
---------------------------------------
DEBUG    root:machine.py:309 LD 0
TICK: 22492 PC:   0 ADDR:   0 MEM_OUT: 464 ACC: 4 BUFF: 464 DC: 0 FLAG_ZERO: False FLAG_LT: 0 FLAG_GT: 1
INPUT_PORT:  []
OUT_PORT:  []
DATA_MEM:  [464, 216]
---------------------------------------
DEBUG    root:machine.py:309 INC 
TICK: 22496 PC:   1 ADDR:   0 MEM_OUT: 464 ACC: 464 BUFF: 464 DC: 0 FLAG_ZERO: False FLAG_LT: 0 FLAG_GT: 1
INPUT_PORT:  []
OUT_PORT:  []
DATA_MEM:  [464, 216]
---------------------------------------
DEBUG    root:machine.py:309 ST 0
TICK: 22499 PC:   2 ADDR:   0 MEM_OUT: 464 ACC: 465 BUFF: 464 DC: 0 FLAG_ZERO: False FLAG_LT: 0 FLAG_GT: 1
INPUT_PORT:  []
OUT_PORT:  []
DATA_MEM:  [464, 216]
---------------------------------------
DEBUG    root:machine.py:309 CMP 1000
TICK: 22503 PC:   3 ADDR:   0 MEM_OUT: 465 ACC: 465 BUFF: 464 DC: 0 FLAG_ZERO: False FLAG_LT: 0 FLAG_GT: 1
INPUT_PORT:  []
OUT_PORT:  []
DATA_MEM:  [465, 216]
---------------------------------------
DEBUG    root:machine.py:309 JGE 22
TICK: 22506 PC:   4 ADDR:   0 MEM_OUT: 465 ACC: 465 BUFF: 464 DC: 0 FLAG_ZERO: False FLAG_LT: 1 FLAG_GT: 0
INPUT_PORT:  []
OUT_PORT:  []
DATA_MEM:  [465, 216]
---------------------------------------
DEBUG    root:machine.py:309 LD 0
TICK: 22509 PC:   5 ADDR:   0 MEM_OUT: 465 ACC: 465 BUFF: 464 DC: 0 FLAG_ZERO: False FLAG_LT: 1 FLAG_GT: 0
INPUT_PORT:  []
OUT_PORT:  []
DATA_MEM:  [465, 216]
---------------------------------------
DEBUG    root:machine.py:309 MOD 3
TICK: 22513 PC:   6 ADDR:   0 MEM_OUT: 465 ACC: 465 BUFF: 464 DC: 0 FLAG_ZERO: False FLAG_LT: 1 FLAG_GT: 0
INPUT_PORT:  []
OUT_PORT:  []
DATA_MEM:  [465, 216]
---------------------------------------
DEBUG    root:machine.py:309 CMP 0
TICK: 22517 PC:   7 ADDR:   0 MEM_OUT: 465 ACC: 0 BUFF: 465 DC: 0 FLAG_ZERO: False FLAG_LT: 1 FLAG_GT: 0
INPUT_PORT:  []
OUT_PORT:  []
DATA_MEM:  [465, 216]
---------------------------------------
DEBUG    root:machine.py:309 JE 14
TICK: 22520 PC:   8 ADDR:   0 MEM_OUT: 465 ACC: 0 BUFF: 465 DC: 0 FLAG_ZERO: True FLAG_LT: 0 FLAG_GT: 0
INPUT_PORT:  []
OUT_PORT:  []
DATA_MEM:  [465, 216]
---------------------------------------
DEBUG    root:machine.py:309 LD 4
TICK: 22523 PC:  14 ADDR:   0 MEM_OUT: 465 ACC: 0 BUFF: 465 DC: 0 FLAG_ZERO: True FLAG_LT: 0 FLAG_GT: 0
INPUT_PORT:  []
OUT_PORT:  []
DATA_MEM:  [465, 216]
---------------------------------------
DEBUG    root:machine.py:309 INC 
TICK: 22527 PC:  15 ADDR:   1 MEM_OUT: 216 ACC: 216 BUFF: 465 DC: 0 FLAG_ZERO: True FLAG_LT: 0 FLAG_GT: 0
INPUT_PORT:  []
OUT_PORT:  []
DATA_MEM:  [465, 216]
---------------------------------------
DEBUG    root:machine.py:309 ST 4
TICK: 22530 PC:  16 ADDR:   1 MEM_OUT: 216 ACC: 217 BUFF: 465 DC: 0 FLAG_ZERO: True FLAG_LT: 0 FLAG_GT: 0
INPUT_PORT:  []
OUT_PORT:  []
DATA_MEM:  [465, 216]
---------------------------------------
DEBUG    root:machine.py:309 JMP 0
TICK: 22534 PC:  17 ADDR:   1 MEM_OUT: 217 ACC: 217 BUFF: 465 DC: 0 FLAG_ZERO: True FLAG_LT: 0 FLAG_GT: 0
INPUT_PORT:  []
OUT_PORT:  []
DATA_MEM:  [465, 217]
---------------------------------------
DEBUG    root:machine.py:309 LD 0
TICK: 22537 PC:   0 ADDR:   1 MEM_OUT: 217 ACC: 217 BUFF: 465 DC: 0 FLAG_ZERO: True FLAG_LT: 0 FLAG_GT: 0
INPUT_PORT:  []
OUT_PORT:  []
DATA_MEM:  [465, 217]
---------------------------------------
DEBUG    root:machine.py:309 INC 
TICK: 22541 PC:   1 ADDR:   0 MEM_OUT: 465 ACC: 465 BUFF: 465 DC: 0 FLAG_ZERO: True FLAG_LT: 0 FLAG_GT: 0
INPUT_PORT:  []
OUT_PORT:  []
DATA_MEM:  [465, 217]
---------------------------------------
DEBUG    root:machine.py:309 ST 0
TICK: 22544 PC:   2 ADDR:   0 MEM_OUT: 465 ACC: 466 BUFF: 465 DC: 0 FLAG_ZERO: True FLAG_LT: 0 FLAG_GT: 0
INPUT_PORT:  []
OUT_PORT:  []
DATA_MEM:  [465, 217]
---------------------------------------
DEBUG    root:machine.py:309 CMP 1000
TICK: 22548 PC:   3 ADDR:   0 MEM_OUT: 466 ACC: 466 BUFF: 465 DC: 0 FLAG_ZERO: True FLAG_LT: 0 FLAG_GT: 0
INPUT_PORT:  []
OUT_PORT:  []
DATA_MEM:  [466, 217]
---------------------------------------
DEBUG    root:machine.py:309 JGE 22
TICK: 22551 PC:   4 ADDR:   0 MEM_OUT: 466 ACC: 466 BUFF: 465 DC: 0 FLAG_ZERO: False FLAG_LT: 1 FLAG_GT: 0
INPUT_PORT:  []
OUT_PORT:  []
DATA_MEM:  [466, 217]
---------------------------------------
DEBUG    root:machine.py:309 LD 0
TICK: 22554 PC:   5 ADDR:   0 MEM_OUT: 466 ACC: 466 BUFF: 465 DC: 0 FLAG_ZERO: False FLAG_LT: 1 FLAG_GT: 0
INPUT_PORT:  []
OUT_PORT:  []
DATA_MEM:  [466, 217]
---------------------------------------
DEBUG    root:machine.py:309 MOD 3
TICK: 22558 PC:   6 ADDR:   0 MEM_OUT: 466 ACC: 466 BUFF: 465 DC: 0 FLAG_ZERO: False FLAG_LT: 1 FLAG_GT: 0
INPUT_PORT:  []
OUT_PORT:  []
DATA_MEM:  [466, 217]
---------------------------------------
DEBUG    root:machine.py:309 CMP 0
TICK: 22562 PC:   7 ADDR:   0 MEM_OUT: 466 ACC: 1 BUFF: 466 DC: 0 FLAG_ZERO: False FLAG_LT: 1 FLAG_GT: 0
INPUT_PORT:  []
OUT_PORT:  []
DATA_MEM:  [466, 217]
---------------------------------------
DEBUG    root:machine.py:309 JE 14
TICK: 22565 PC:   8 ADDR:   0 MEM_OUT: 466 ACC: 1 BUFF: 466 DC: 0 FLAG_ZERO: False FLAG_LT: 0 FLAG_GT: 1
INPUT_PORT:  []
OUT_PORT:  []
DATA_MEM:  [466, 217]
---------------------------------------
DEBUG    root:machine.py:309 LD 0
TICK: 22568 PC:   9 ADDR:   0 MEM_OUT: 466 ACC: 1 BUFF: 466 DC: 0 FLAG_ZERO: False FLAG_LT: 0 FLAG_GT: 1
INPUT_PORT:  []
OUT_PORT:  []
DATA_MEM:  [466, 217]
---------------------------------------
DEBUG    root:machine.py:309 MOD 5
TICK: 22572 PC:  10 ADDR:   0 MEM_OUT: 466 ACC: 466 BUFF: 466 DC: 0 FLAG_ZERO: False FLAG_LT: 0 FLAG_GT: 1
INPUT_PORT:  []
OUT_PORT:  []
DATA_MEM:  [466, 217]
---------------------------------------
DEBUG    root:machine.py:309 CMP 0
TICK: 22576 PC:  11 ADDR:   0 MEM_OUT: 466 ACC: 1 BUFF: 466 DC: 0 FLAG_ZERO: False FLAG_LT: 0 FLAG_GT: 1
INPUT_PORT:  []
OUT_PORT:  []
DATA_MEM:  [466, 217]
---------------------------------------
DEBUG    root:machine.py:309 JE 18
TICK: 22579 PC:  12 ADDR:   0 MEM_OUT: 466 ACC: 1 BUFF: 466 DC: 0 FLAG_ZERO: False FLAG_LT: 0 FLAG_GT: 1
INPUT_PORT:  []
OUT_PORT:  []
DATA_MEM:  [466, 217]
---------------------------------------
DEBUG    root:machine.py:309 JMP 0
TICK: 22582 PC:  13 ADDR:   0 MEM_OUT: 466 ACC: 1 BUFF: 466 DC: 0 FLAG_ZERO: False FLAG_LT: 0 FLAG_GT: 1
INPUT_PORT:  []
OUT_PORT:  []
DATA_MEM:  [466, 217]
---------------------------------------
DEBUG    root:machine.py:309 LD 0
TICK: 22585 PC:   0 ADDR:   0 MEM_OUT: 466 ACC: 1 BUFF: 466 DC: 0 FLAG_ZERO: False FLAG_LT: 0 FLAG_GT: 1
INPUT_PORT:  []
OUT_PORT:  []
DATA_MEM:  [466, 217]
---------------------------------------
DEBUG    root:machine.py:309 INC 
TICK: 22589 PC:   1 ADDR:   0 MEM_OUT: 466 ACC: 466 BUFF: 466 DC: 0 FLAG_ZERO: False FLAG_LT: 0 FLAG_GT: 1
INPUT_PORT:  []
OUT_PORT:  []
DATA_MEM:  [466, 217]
---------------------------------------
DEBUG    root:machine.py:309 ST 0
TICK: 22592 PC:   2 ADDR:   0 MEM_OUT: 466 ACC: 467 BUFF: 466 DC: 0 FLAG_ZERO: False FLAG_LT: 0 FLAG_GT: 1
INPUT_PORT:  []
OUT_PORT:  []
DATA_MEM:  [466, 217]
---------------------------------------
DEBUG    root:machine.py:309 CMP 1000
TICK: 22596 PC:   3 ADDR:   0 MEM_OUT: 467 ACC: 467 BUFF: 466 DC: 0 FLAG_ZERO: False FLAG_LT: 0 FLAG_GT: 1
INPUT_PORT:  []
OUT_PORT:  []
DATA_MEM:  [467, 217]
---------------------------------------
DEBUG    root:machine.py:309 JGE 22
TICK: 22599 PC:   4 ADDR:   0 MEM_OUT: 467 ACC: 467 BUFF: 466 DC: 0 FLAG_ZERO: False FLAG_LT: 1 FLAG_GT: 0
INPUT_PORT:  []
OUT_PORT:  []
DATA_MEM:  [467, 217]
---------------------------------------
DEBUG    root:machine.py:309 LD 0
TICK: 22602 PC:   5 ADDR:   0 MEM_OUT: 467 ACC: 467 BUFF: 466 DC: 0 FLAG_ZERO: False FLAG_LT: 1 FLAG_GT: 0
INPUT_PORT:  []
OUT_PORT:  []
DATA_MEM:  [467, 217]
---------------------------------------
DEBUG    root:machine.py:309 MOD 3
TICK: 22606 PC:   6 ADDR:   0 MEM_OUT: 467 ACC: 467 BUFF: 466 DC: 0 FLAG_ZERO: False FLAG_LT: 1 FLAG_GT: 0
INPUT_PORT:  []
OUT_PORT:  []
DATA_MEM:  [467, 217]
---------------------------------------
DEBUG    root:machine.py:309 CMP 0
TICK: 22610 PC:   7 ADDR:   0 MEM_OUT: 467 ACC: 2 BUFF: 467 DC: 0 FLAG_ZERO: False FLAG_LT: 1 FLAG_GT: 0
INPUT_PORT:  []
OUT_PORT:  []
DATA_MEM:  [467, 217]
---------------------------------------
DEBUG    root:machine.py:309 JE 14
TICK: 22613 PC:   8 ADDR:   0 MEM_OUT: 467 ACC: 2 BUFF: 467 DC: 0 FLAG_ZERO: False FLAG_LT: 0 FLAG_GT: 1
INPUT_PORT:  []
OUT_PORT:  []
DATA_MEM:  [467, 217]
---------------------------------------
DEBUG    root:machine.py:309 LD 0
TICK: 22616 PC:   9 ADDR:   0 MEM_OUT: 467 ACC: 2 BUFF: 467 DC: 0 FLAG_ZERO: False FLAG_LT: 0 FLAG_GT: 1
INPUT_PORT:  []
OUT_PORT:  []
DATA_MEM:  [467, 217]
---------------------------------------
DEBUG    root:machine.py:309 MOD 5
TICK: 22620 PC:  10 ADDR:   0 MEM_OUT: 467 ACC: 467 BUFF: 467 DC: 0 FLAG_ZERO: False FLAG_LT: 0 FLAG_GT: 1
INPUT_PORT:  []
OUT_PORT:  []
DATA_MEM:  [467, 217]
---------------------------------------
DEBUG    root:machine.py:309 CMP 0
TICK: 22624 PC:  11 ADDR:   0 MEM_OUT: 467 ACC: 2 BUFF: 467 DC: 0 FLAG_ZERO: False FLAG_LT: 0 FLAG_GT: 1
INPUT_PORT:  []
OUT_PORT:  []
DATA_MEM:  [467, 217]
---------------------------------------
DEBUG    root:machine.py:309 JE 18
TICK: 22627 PC:  12 ADDR:   0 MEM_OUT: 467 ACC: 2 BUFF: 467 DC: 0 FLAG_ZERO: False FLAG_LT: 0 FLAG_GT: 1
INPUT_PORT:  []
OUT_PORT:  []
DATA_MEM:  [467, 217]
---------------------------------------
DEBUG    root:machine.py:309 JMP 0
TICK: 22630 PC:  13 ADDR:   0 MEM_OUT: 467 ACC: 2 BUFF: 467 DC: 0 FLAG_ZERO: False FLAG_LT: 0 FLAG_GT: 1
INPUT_PORT:  []
OUT_PORT:  []
DATA_MEM:  [467, 217]
---------------------------------------
DEBUG    root:machine.py:309 LD 0
TICK: 22633 PC:   0 ADDR:   0 MEM_OUT: 467 ACC: 2 BUFF: 467 DC: 0 FLAG_ZERO: False FLAG_LT: 0 FLAG_GT: 1
INPUT_PORT:  []
OUT_PORT:  []
DATA_MEM:  [467, 217]
---------------------------------------
DEBUG    root:machine.py:309 INC 
TICK: 22637 PC:   1 ADDR:   0 MEM_OUT: 467 ACC: 467 BUFF: 467 DC: 0 FLAG_ZERO: False FLAG_LT: 0 FLAG_GT: 1
INPUT_PORT:  []
OUT_PORT:  []
DATA_MEM:  [467, 217]
---------------------------------------
DEBUG    root:machine.py:309 ST 0
TICK: 22640 PC:   2 ADDR:   0 MEM_OUT: 467 ACC: 468 BUFF: 467 DC: 0 FLAG_ZERO: False FLAG_LT: 0 FLAG_GT: 1
INPUT_PORT:  []
OUT_PORT:  []
DATA_MEM:  [467, 217]
---------------------------------------
DEBUG    root:machine.py:309 CMP 1000
TICK: 22644 PC:   3 ADDR:   0 MEM_OUT: 468 ACC: 468 BUFF: 467 DC: 0 FLAG_ZERO: False FLAG_LT: 0 FLAG_GT: 1
INPUT_PORT:  []
OUT_PORT:  []
DATA_MEM:  [468, 217]
---------------------------------------
DEBUG    root:machine.py:309 JGE 22
TICK: 22647 PC:   4 ADDR:   0 MEM_OUT: 468 ACC: 468 BUFF: 467 DC: 0 FLAG_ZERO: False FLAG_LT: 1 FLAG_GT: 0
INPUT_PORT:  []
OUT_PORT:  []
DATA_MEM:  [468, 217]
---------------------------------------
DEBUG    root:machine.py:309 LD 0
TICK: 22650 PC:   5 ADDR:   0 MEM_OUT: 468 ACC: 468 BUFF: 467 DC: 0 FLAG_ZERO: False FLAG_LT: 1 FLAG_GT: 0
INPUT_PORT:  []
OUT_PORT:  []
DATA_MEM:  [468, 217]
---------------------------------------
DEBUG    root:machine.py:309 MOD 3
TICK: 22654 PC:   6 ADDR:   0 MEM_OUT: 468 ACC: 468 BUFF: 467 DC: 0 FLAG_ZERO: False FLAG_LT: 1 FLAG_GT: 0
INPUT_PORT:  []
OUT_PORT:  []
DATA_MEM:  [468, 217]
---------------------------------------
DEBUG    root:machine.py:309 CMP 0
TICK: 22658 PC:   7 ADDR:   0 MEM_OUT: 468 ACC: 0 BUFF: 468 DC: 0 FLAG_ZERO: False FLAG_LT: 1 FLAG_GT: 0
INPUT_PORT:  []
OUT_PORT:  []
DATA_MEM:  [468, 217]
---------------------------------------
DEBUG    root:machine.py:309 JE 14
TICK: 22661 PC:   8 ADDR:   0 MEM_OUT: 468 ACC: 0 BUFF: 468 DC: 0 FLAG_ZERO: True FLAG_LT: 0 FLAG_GT: 0
INPUT_PORT:  []
OUT_PORT:  []
DATA_MEM:  [468, 217]
---------------------------------------
DEBUG    root:machine.py:309 LD 4
TICK: 22664 PC:  14 ADDR:   0 MEM_OUT: 468 ACC: 0 BUFF: 468 DC: 0 FLAG_ZERO: True FLAG_LT: 0 FLAG_GT: 0
INPUT_PORT:  []
OUT_PORT:  []
DATA_MEM:  [468, 217]
---------------------------------------
DEBUG    root:machine.py:309 INC 
TICK: 22668 PC:  15 ADDR:   1 MEM_OUT: 217 ACC: 217 BUFF: 468 DC: 0 FLAG_ZERO: True FLAG_LT: 0 FLAG_GT: 0
INPUT_PORT:  []
OUT_PORT:  []
DATA_MEM:  [468, 217]
---------------------------------------
DEBUG    root:machine.py:309 ST 4
TICK: 22671 PC:  16 ADDR:   1 MEM_OUT: 217 ACC: 218 BUFF: 468 DC: 0 FLAG_ZERO: True FLAG_LT: 0 FLAG_GT: 0
INPUT_PORT:  []
OUT_PORT:  []
DATA_MEM:  [468, 217]
---------------------------------------
DEBUG    root:machine.py:309 JMP 0
TICK: 22675 PC:  17 ADDR:   1 MEM_OUT: 218 ACC: 218 BUFF: 468 DC: 0 FLAG_ZERO: True FLAG_LT: 0 FLAG_GT: 0
INPUT_PORT:  []
OUT_PORT:  []
DATA_MEM:  [468, 218]
---------------------------------------
DEBUG    root:machine.py:309 LD 0
TICK: 22678 PC:   0 ADDR:   1 MEM_OUT: 218 ACC: 218 BUFF: 468 DC: 0 FLAG_ZERO: True FLAG_LT: 0 FLAG_GT: 0
INPUT_PORT:  []
OUT_PORT:  []
DATA_MEM:  [468, 218]
---------------------------------------
DEBUG    root:machine.py:309 INC 
TICK: 22682 PC:   1 ADDR:   0 MEM_OUT: 468 ACC: 468 BUFF: 468 DC: 0 FLAG_ZERO: True FLAG_LT: 0 FLAG_GT: 0
INPUT_PORT:  []
OUT_PORT:  []
DATA_MEM:  [468, 218]
---------------------------------------
DEBUG    root:machine.py:309 ST 0
TICK: 22685 PC:   2 ADDR:   0 MEM_OUT: 468 ACC: 469 BUFF: 468 DC: 0 FLAG_ZERO: True FLAG_LT: 0 FLAG_GT: 0
INPUT_PORT:  []
OUT_PORT:  []
DATA_MEM:  [468, 218]
---------------------------------------
DEBUG    root:machine.py:309 CMP 1000
TICK: 22689 PC:   3 ADDR:   0 MEM_OUT: 469 ACC: 469 BUFF: 468 DC: 0 FLAG_ZERO: True FLAG_LT: 0 FLAG_GT: 0
INPUT_PORT:  []
OUT_PORT:  []
DATA_MEM:  [469, 218]
---------------------------------------
DEBUG    root:machine.py:309 JGE 22
TICK: 22692 PC:   4 ADDR:   0 MEM_OUT: 469 ACC: 469 BUFF: 468 DC: 0 FLAG_ZERO: False FLAG_LT: 1 FLAG_GT: 0
INPUT_PORT:  []
OUT_PORT:  []
DATA_MEM:  [469, 218]
---------------------------------------
DEBUG    root:machine.py:309 LD 0
TICK: 22695 PC:   5 ADDR:   0 MEM_OUT: 469 ACC: 469 BUFF: 468 DC: 0 FLAG_ZERO: False FLAG_LT: 1 FLAG_GT: 0
INPUT_PORT:  []
OUT_PORT:  []
DATA_MEM:  [469, 218]
---------------------------------------
DEBUG    root:machine.py:309 MOD 3
TICK: 22699 PC:   6 ADDR:   0 MEM_OUT: 469 ACC: 469 BUFF: 468 DC: 0 FLAG_ZERO: False FLAG_LT: 1 FLAG_GT: 0
INPUT_PORT:  []
OUT_PORT:  []
DATA_MEM:  [469, 218]
---------------------------------------
DEBUG    root:machine.py:309 CMP 0
TICK: 22703 PC:   7 ADDR:   0 MEM_OUT: 469 ACC: 1 BUFF: 469 DC: 0 FLAG_ZERO: False FLAG_LT: 1 FLAG_GT: 0
INPUT_PORT:  []
OUT_PORT:  []
DATA_MEM:  [469, 218]
---------------------------------------
DEBUG    root:machine.py:309 JE 14
TICK: 22706 PC:   8 ADDR:   0 MEM_OUT: 469 ACC: 1 BUFF: 469 DC: 0 FLAG_ZERO: False FLAG_LT: 0 FLAG_GT: 1
INPUT_PORT:  []
OUT_PORT:  []
DATA_MEM:  [469, 218]
---------------------------------------
DEBUG    root:machine.py:309 LD 0
TICK: 22709 PC:   9 ADDR:   0 MEM_OUT: 469 ACC: 1 BUFF: 469 DC: 0 FLAG_ZERO: False FLAG_LT: 0 FLAG_GT: 1
INPUT_PORT:  []
OUT_PORT:  []
DATA_MEM:  [469, 218]
---------------------------------------
DEBUG    root:machine.py:309 MOD 5
TICK: 22713 PC:  10 ADDR:   0 MEM_OUT: 469 ACC: 469 BUFF: 469 DC: 0 FLAG_ZERO: False FLAG_LT: 0 FLAG_GT: 1
INPUT_PORT:  []
OUT_PORT:  []
DATA_MEM:  [469, 218]
---------------------------------------
DEBUG    root:machine.py:309 CMP 0
TICK: 22717 PC:  11 ADDR:   0 MEM_OUT: 469 ACC: 4 BUFF: 469 DC: 0 FLAG_ZERO: False FLAG_LT: 0 FLAG_GT: 1
INPUT_PORT:  []
OUT_PORT:  []
DATA_MEM:  [469, 218]
---------------------------------------
DEBUG    root:machine.py:309 JE 18
TICK: 22720 PC:  12 ADDR:   0 MEM_OUT: 469 ACC: 4 BUFF: 469 DC: 0 FLAG_ZERO: False FLAG_LT: 0 FLAG_GT: 1
INPUT_PORT:  []
OUT_PORT:  []
DATA_MEM:  [469, 218]
---------------------------------------
DEBUG    root:machine.py:309 JMP 0
TICK: 22723 PC:  13 ADDR:   0 MEM_OUT: 469 ACC: 4 BUFF: 469 DC: 0 FLAG_ZERO: False FLAG_LT: 0 FLAG_GT: 1
INPUT_PORT:  []
OUT_PORT:  []
DATA_MEM:  [469, 218]
---------------------------------------
DEBUG    root:machine.py:309 LD 0
TICK: 22726 PC:   0 ADDR:   0 MEM_OUT: 469 ACC: 4 BUFF: 469 DC: 0 FLAG_ZERO: False FLAG_LT: 0 FLAG_GT: 1
INPUT_PORT:  []
OUT_PORT:  []
DATA_MEM:  [469, 218]
---------------------------------------
DEBUG    root:machine.py:309 INC 
TICK: 22730 PC:   1 ADDR:   0 MEM_OUT: 469 ACC: 469 BUFF: 469 DC: 0 FLAG_ZERO: False FLAG_LT: 0 FLAG_GT: 1
INPUT_PORT:  []
OUT_PORT:  []
DATA_MEM:  [469, 218]
---------------------------------------
DEBUG    root:machine.py:309 ST 0
TICK: 22733 PC:   2 ADDR:   0 MEM_OUT: 469 ACC: 470 BUFF: 469 DC: 0 FLAG_ZERO: False FLAG_LT: 0 FLAG_GT: 1
INPUT_PORT:  []
OUT_PORT:  []
DATA_MEM:  [469, 218]
---------------------------------------
DEBUG    root:machine.py:309 CMP 1000
TICK: 22737 PC:   3 ADDR:   0 MEM_OUT: 470 ACC: 470 BUFF: 469 DC: 0 FLAG_ZERO: False FLAG_LT: 0 FLAG_GT: 1
INPUT_PORT:  []
OUT_PORT:  []
DATA_MEM:  [470, 218]
---------------------------------------
DEBUG    root:machine.py:309 JGE 22
TICK: 22740 PC:   4 ADDR:   0 MEM_OUT: 470 ACC: 470 BUFF: 469 DC: 0 FLAG_ZERO: False FLAG_LT: 1 FLAG_GT: 0
INPUT_PORT:  []
OUT_PORT:  []
DATA_MEM:  [470, 218]
---------------------------------------
DEBUG    root:machine.py:309 LD 0
TICK: 22743 PC:   5 ADDR:   0 MEM_OUT: 470 ACC: 470 BUFF: 469 DC: 0 FLAG_ZERO: False FLAG_LT: 1 FLAG_GT: 0
INPUT_PORT:  []
OUT_PORT:  []
DATA_MEM:  [470, 218]
---------------------------------------
DEBUG    root:machine.py:309 MOD 3
TICK: 22747 PC:   6 ADDR:   0 MEM_OUT: 470 ACC: 470 BUFF: 469 DC: 0 FLAG_ZERO: False FLAG_LT: 1 FLAG_GT: 0
INPUT_PORT:  []
OUT_PORT:  []
DATA_MEM:  [470, 218]
---------------------------------------
DEBUG    root:machine.py:309 CMP 0
TICK: 22751 PC:   7 ADDR:   0 MEM_OUT: 470 ACC: 2 BUFF: 470 DC: 0 FLAG_ZERO: False FLAG_LT: 1 FLAG_GT: 0
INPUT_PORT:  []
OUT_PORT:  []
DATA_MEM:  [470, 218]
---------------------------------------
DEBUG    root:machine.py:309 JE 14
TICK: 22754 PC:   8 ADDR:   0 MEM_OUT: 470 ACC: 2 BUFF: 470 DC: 0 FLAG_ZERO: False FLAG_LT: 0 FLAG_GT: 1
INPUT_PORT:  []
OUT_PORT:  []
DATA_MEM:  [470, 218]
---------------------------------------
DEBUG    root:machine.py:309 LD 0
TICK: 22757 PC:   9 ADDR:   0 MEM_OUT: 470 ACC: 2 BUFF: 470 DC: 0 FLAG_ZERO: False FLAG_LT: 0 FLAG_GT: 1
INPUT_PORT:  []
OUT_PORT:  []
DATA_MEM:  [470, 218]
---------------------------------------
DEBUG    root:machine.py:309 MOD 5
TICK: 22761 PC:  10 ADDR:   0 MEM_OUT: 470 ACC: 470 BUFF: 470 DC: 0 FLAG_ZERO: False FLAG_LT: 0 FLAG_GT: 1
INPUT_PORT:  []
OUT_PORT:  []
DATA_MEM:  [470, 218]
---------------------------------------
DEBUG    root:machine.py:309 CMP 0
TICK: 22765 PC:  11 ADDR:   0 MEM_OUT: 470 ACC: 0 BUFF: 470 DC: 0 FLAG_ZERO: False FLAG_LT: 0 FLAG_GT: 1
INPUT_PORT:  []
OUT_PORT:  []
DATA_MEM:  [470, 218]
---------------------------------------
DEBUG    root:machine.py:309 JE 18
TICK: 22768 PC:  12 ADDR:   0 MEM_OUT: 470 ACC: 0 BUFF: 470 DC: 0 FLAG_ZERO: True FLAG_LT: 0 FLAG_GT: 0
INPUT_PORT:  []
OUT_PORT:  []
DATA_MEM:  [470, 218]
---------------------------------------
DEBUG    root:machine.py:309 LD 4
TICK: 22771 PC:  18 ADDR:   0 MEM_OUT: 470 ACC: 0 BUFF: 470 DC: 0 FLAG_ZERO: True FLAG_LT: 0 FLAG_GT: 0
INPUT_PORT:  []
OUT_PORT:  []
DATA_MEM:  [470, 218]
---------------------------------------
DEBUG    root:machine.py:309 INC 
TICK: 22775 PC:  19 ADDR:   1 MEM_OUT: 218 ACC: 218 BUFF: 470 DC: 0 FLAG_ZERO: True FLAG_LT: 0 FLAG_GT: 0
INPUT_PORT:  []
OUT_PORT:  []
DATA_MEM:  [470, 218]
---------------------------------------
DEBUG    root:machine.py:309 ST 4
TICK: 22778 PC:  20 ADDR:   1 MEM_OUT: 218 ACC: 219 BUFF: 470 DC: 0 FLAG_ZERO: True FLAG_LT: 0 FLAG_GT: 0
INPUT_PORT:  []
OUT_PORT:  []
DATA_MEM:  [470, 218]
---------------------------------------
DEBUG    root:machine.py:309 JMP 0
TICK: 22782 PC:  21 ADDR:   1 MEM_OUT: 219 ACC: 219 BUFF: 470 DC: 0 FLAG_ZERO: True FLAG_LT: 0 FLAG_GT: 0
INPUT_PORT:  []
OUT_PORT:  []
DATA_MEM:  [470, 219]
---------------------------------------
DEBUG    root:machine.py:309 LD 0
TICK: 22785 PC:   0 ADDR:   1 MEM_OUT: 219 ACC: 219 BUFF: 470 DC: 0 FLAG_ZERO: True FLAG_LT: 0 FLAG_GT: 0
INPUT_PORT:  []
OUT_PORT:  []
DATA_MEM:  [470, 219]
---------------------------------------
DEBUG    root:machine.py:309 INC 
TICK: 22789 PC:   1 ADDR:   0 MEM_OUT: 470 ACC: 470 BUFF: 470 DC: 0 FLAG_ZERO: True FLAG_LT: 0 FLAG_GT: 0
INPUT_PORT:  []
OUT_PORT:  []
DATA_MEM:  [470, 219]
---------------------------------------
DEBUG    root:machine.py:309 ST 0
TICK: 22792 PC:   2 ADDR:   0 MEM_OUT: 470 ACC: 471 BUFF: 470 DC: 0 FLAG_ZERO: True FLAG_LT: 0 FLAG_GT: 0
INPUT_PORT:  []
OUT_PORT:  []
DATA_MEM:  [470, 219]
---------------------------------------
DEBUG    root:machine.py:309 CMP 1000
TICK: 22796 PC:   3 ADDR:   0 MEM_OUT: 471 ACC: 471 BUFF: 470 DC: 0 FLAG_ZERO: True FLAG_LT: 0 FLAG_GT: 0
INPUT_PORT:  []
OUT_PORT:  []
DATA_MEM:  [471, 219]
---------------------------------------
DEBUG    root:machine.py:309 JGE 22
TICK: 22799 PC:   4 ADDR:   0 MEM_OUT: 471 ACC: 471 BUFF: 470 DC: 0 FLAG_ZERO: False FLAG_LT: 1 FLAG_GT: 0
INPUT_PORT:  []
OUT_PORT:  []
DATA_MEM:  [471, 219]
---------------------------------------
DEBUG    root:machine.py:309 LD 0
TICK: 22802 PC:   5 ADDR:   0 MEM_OUT: 471 ACC: 471 BUFF: 470 DC: 0 FLAG_ZERO: False FLAG_LT: 1 FLAG_GT: 0
INPUT_PORT:  []
OUT_PORT:  []
DATA_MEM:  [471, 219]
---------------------------------------
DEBUG    root:machine.py:309 MOD 3
TICK: 22806 PC:   6 ADDR:   0 MEM_OUT: 471 ACC: 471 BUFF: 470 DC: 0 FLAG_ZERO: False FLAG_LT: 1 FLAG_GT: 0
INPUT_PORT:  []
OUT_PORT:  []
DATA_MEM:  [471, 219]
---------------------------------------
DEBUG    root:machine.py:309 CMP 0
TICK: 22810 PC:   7 ADDR:   0 MEM_OUT: 471 ACC: 0 BUFF: 471 DC: 0 FLAG_ZERO: False FLAG_LT: 1 FLAG_GT: 0
INPUT_PORT:  []
OUT_PORT:  []
DATA_MEM:  [471, 219]
---------------------------------------
DEBUG    root:machine.py:309 JE 14
TICK: 22813 PC:   8 ADDR:   0 MEM_OUT: 471 ACC: 0 BUFF: 471 DC: 0 FLAG_ZERO: True FLAG_LT: 0 FLAG_GT: 0
INPUT_PORT:  []
OUT_PORT:  []
DATA_MEM:  [471, 219]
---------------------------------------
DEBUG    root:machine.py:309 LD 4
TICK: 22816 PC:  14 ADDR:   0 MEM_OUT: 471 ACC: 0 BUFF: 471 DC: 0 FLAG_ZERO: True FLAG_LT: 0 FLAG_GT: 0
INPUT_PORT:  []
OUT_PORT:  []
DATA_MEM:  [471, 219]
---------------------------------------
DEBUG    root:machine.py:309 INC 
TICK: 22820 PC:  15 ADDR:   1 MEM_OUT: 219 ACC: 219 BUFF: 471 DC: 0 FLAG_ZERO: True FLAG_LT: 0 FLAG_GT: 0
INPUT_PORT:  []
OUT_PORT:  []
DATA_MEM:  [471, 219]
---------------------------------------
DEBUG    root:machine.py:309 ST 4
TICK: 22823 PC:  16 ADDR:   1 MEM_OUT: 219 ACC: 220 BUFF: 471 DC: 0 FLAG_ZERO: True FLAG_LT: 0 FLAG_GT: 0
INPUT_PORT:  []
OUT_PORT:  []
DATA_MEM:  [471, 219]
---------------------------------------
DEBUG    root:machine.py:309 JMP 0
TICK: 22827 PC:  17 ADDR:   1 MEM_OUT: 220 ACC: 220 BUFF: 471 DC: 0 FLAG_ZERO: True FLAG_LT: 0 FLAG_GT: 0
INPUT_PORT:  []
OUT_PORT:  []
DATA_MEM:  [471, 220]
---------------------------------------
DEBUG    root:machine.py:309 LD 0
TICK: 22830 PC:   0 ADDR:   1 MEM_OUT: 220 ACC: 220 BUFF: 471 DC: 0 FLAG_ZERO: True FLAG_LT: 0 FLAG_GT: 0
INPUT_PORT:  []
OUT_PORT:  []
DATA_MEM:  [471, 220]
---------------------------------------
DEBUG    root:machine.py:309 INC 
TICK: 22834 PC:   1 ADDR:   0 MEM_OUT: 471 ACC: 471 BUFF: 471 DC: 0 FLAG_ZERO: True FLAG_LT: 0 FLAG_GT: 0
INPUT_PORT:  []
OUT_PORT:  []
DATA_MEM:  [471, 220]
---------------------------------------
DEBUG    root:machine.py:309 ST 0
TICK: 22837 PC:   2 ADDR:   0 MEM_OUT: 471 ACC: 472 BUFF: 471 DC: 0 FLAG_ZERO: True FLAG_LT: 0 FLAG_GT: 0
INPUT_PORT:  []
OUT_PORT:  []
DATA_MEM:  [471, 220]
---------------------------------------
DEBUG    root:machine.py:309 CMP 1000
TICK: 22841 PC:   3 ADDR:   0 MEM_OUT: 472 ACC: 472 BUFF: 471 DC: 0 FLAG_ZERO: True FLAG_LT: 0 FLAG_GT: 0
INPUT_PORT:  []
OUT_PORT:  []
DATA_MEM:  [472, 220]
---------------------------------------
DEBUG    root:machine.py:309 JGE 22
TICK: 22844 PC:   4 ADDR:   0 MEM_OUT: 472 ACC: 472 BUFF: 471 DC: 0 FLAG_ZERO: False FLAG_LT: 1 FLAG_GT: 0
INPUT_PORT:  []
OUT_PORT:  []
DATA_MEM:  [472, 220]
---------------------------------------
DEBUG    root:machine.py:309 LD 0
TICK: 22847 PC:   5 ADDR:   0 MEM_OUT: 472 ACC: 472 BUFF: 471 DC: 0 FLAG_ZERO: False FLAG_LT: 1 FLAG_GT: 0
INPUT_PORT:  []
OUT_PORT:  []
DATA_MEM:  [472, 220]
---------------------------------------
DEBUG    root:machine.py:309 MOD 3
TICK: 22851 PC:   6 ADDR:   0 MEM_OUT: 472 ACC: 472 BUFF: 471 DC: 0 FLAG_ZERO: False FLAG_LT: 1 FLAG_GT: 0
INPUT_PORT:  []
OUT_PORT:  []
DATA_MEM:  [472, 220]
---------------------------------------
DEBUG    root:machine.py:309 CMP 0
TICK: 22855 PC:   7 ADDR:   0 MEM_OUT: 472 ACC: 1 BUFF: 472 DC: 0 FLAG_ZERO: False FLAG_LT: 1 FLAG_GT: 0
INPUT_PORT:  []
OUT_PORT:  []
DATA_MEM:  [472, 220]
---------------------------------------
DEBUG    root:machine.py:309 JE 14
TICK: 22858 PC:   8 ADDR:   0 MEM_OUT: 472 ACC: 1 BUFF: 472 DC: 0 FLAG_ZERO: False FLAG_LT: 0 FLAG_GT: 1
INPUT_PORT:  []
OUT_PORT:  []
DATA_MEM:  [472, 220]
---------------------------------------
DEBUG    root:machine.py:309 LD 0
TICK: 22861 PC:   9 ADDR:   0 MEM_OUT: 472 ACC: 1 BUFF: 472 DC: 0 FLAG_ZERO: False FLAG_LT: 0 FLAG_GT: 1
INPUT_PORT:  []
OUT_PORT:  []
DATA_MEM:  [472, 220]
---------------------------------------
DEBUG    root:machine.py:309 MOD 5
TICK: 22865 PC:  10 ADDR:   0 MEM_OUT: 472 ACC: 472 BUFF: 472 DC: 0 FLAG_ZERO: False FLAG_LT: 0 FLAG_GT: 1
INPUT_PORT:  []
OUT_PORT:  []
DATA_MEM:  [472, 220]
---------------------------------------
DEBUG    root:machine.py:309 CMP 0
TICK: 22869 PC:  11 ADDR:   0 MEM_OUT: 472 ACC: 2 BUFF: 472 DC: 0 FLAG_ZERO: False FLAG_LT: 0 FLAG_GT: 1
INPUT_PORT:  []
OUT_PORT:  []
DATA_MEM:  [472, 220]
---------------------------------------
DEBUG    root:machine.py:309 JE 18
TICK: 22872 PC:  12 ADDR:   0 MEM_OUT: 472 ACC: 2 BUFF: 472 DC: 0 FLAG_ZERO: False FLAG_LT: 0 FLAG_GT: 1
INPUT_PORT:  []
OUT_PORT:  []
DATA_MEM:  [472, 220]
---------------------------------------
DEBUG    root:machine.py:309 JMP 0
TICK: 22875 PC:  13 ADDR:   0 MEM_OUT: 472 ACC: 2 BUFF: 472 DC: 0 FLAG_ZERO: False FLAG_LT: 0 FLAG_GT: 1
INPUT_PORT:  []
OUT_PORT:  []
DATA_MEM:  [472, 220]
---------------------------------------
DEBUG    root:machine.py:309 LD 0
TICK: 22878 PC:   0 ADDR:   0 MEM_OUT: 472 ACC: 2 BUFF: 472 DC: 0 FLAG_ZERO: False FLAG_LT: 0 FLAG_GT: 1
INPUT_PORT:  []
OUT_PORT:  []
DATA_MEM:  [472, 220]
---------------------------------------
DEBUG    root:machine.py:309 INC 
TICK: 22882 PC:   1 ADDR:   0 MEM_OUT: 472 ACC: 472 BUFF: 472 DC: 0 FLAG_ZERO: False FLAG_LT: 0 FLAG_GT: 1
INPUT_PORT:  []
OUT_PORT:  []
DATA_MEM:  [472, 220]
---------------------------------------
DEBUG    root:machine.py:309 ST 0
TICK: 22885 PC:   2 ADDR:   0 MEM_OUT: 472 ACC: 473 BUFF: 472 DC: 0 FLAG_ZERO: False FLAG_LT: 0 FLAG_GT: 1
INPUT_PORT:  []
OUT_PORT:  []
DATA_MEM:  [472, 220]
---------------------------------------
DEBUG    root:machine.py:309 CMP 1000
TICK: 22889 PC:   3 ADDR:   0 MEM_OUT: 473 ACC: 473 BUFF: 472 DC: 0 FLAG_ZERO: False FLAG_LT: 0 FLAG_GT: 1
INPUT_PORT:  []
OUT_PORT:  []
DATA_MEM:  [473, 220]
---------------------------------------
DEBUG    root:machine.py:309 JGE 22
TICK: 22892 PC:   4 ADDR:   0 MEM_OUT: 473 ACC: 473 BUFF: 472 DC: 0 FLAG_ZERO: False FLAG_LT: 1 FLAG_GT: 0
INPUT_PORT:  []
OUT_PORT:  []
DATA_MEM:  [473, 220]
---------------------------------------
DEBUG    root:machine.py:309 LD 0
TICK: 22895 PC:   5 ADDR:   0 MEM_OUT: 473 ACC: 473 BUFF: 472 DC: 0 FLAG_ZERO: False FLAG_LT: 1 FLAG_GT: 0
INPUT_PORT:  []
OUT_PORT:  []
DATA_MEM:  [473, 220]
---------------------------------------
DEBUG    root:machine.py:309 MOD 3
TICK: 22899 PC:   6 ADDR:   0 MEM_OUT: 473 ACC: 473 BUFF: 472 DC: 0 FLAG_ZERO: False FLAG_LT: 1 FLAG_GT: 0
INPUT_PORT:  []
OUT_PORT:  []
DATA_MEM:  [473, 220]
---------------------------------------
DEBUG    root:machine.py:309 CMP 0
TICK: 22903 PC:   7 ADDR:   0 MEM_OUT: 473 ACC: 2 BUFF: 473 DC: 0 FLAG_ZERO: False FLAG_LT: 1 FLAG_GT: 0
INPUT_PORT:  []
OUT_PORT:  []
DATA_MEM:  [473, 220]
---------------------------------------
DEBUG    root:machine.py:309 JE 14
TICK: 22906 PC:   8 ADDR:   0 MEM_OUT: 473 ACC: 2 BUFF: 473 DC: 0 FLAG_ZERO: False FLAG_LT: 0 FLAG_GT: 1
INPUT_PORT:  []
OUT_PORT:  []
DATA_MEM:  [473, 220]
---------------------------------------
DEBUG    root:machine.py:309 LD 0
TICK: 22909 PC:   9 ADDR:   0 MEM_OUT: 473 ACC: 2 BUFF: 473 DC: 0 FLAG_ZERO: False FLAG_LT: 0 FLAG_GT: 1
INPUT_PORT:  []
OUT_PORT:  []
DATA_MEM:  [473, 220]
---------------------------------------
DEBUG    root:machine.py:309 MOD 5
TICK: 22913 PC:  10 ADDR:   0 MEM_OUT: 473 ACC: 473 BUFF: 473 DC: 0 FLAG_ZERO: False FLAG_LT: 0 FLAG_GT: 1
INPUT_PORT:  []
OUT_PORT:  []
DATA_MEM:  [473, 220]
---------------------------------------
DEBUG    root:machine.py:309 CMP 0
TICK: 22917 PC:  11 ADDR:   0 MEM_OUT: 473 ACC: 3 BUFF: 473 DC: 0 FLAG_ZERO: False FLAG_LT: 0 FLAG_GT: 1
INPUT_PORT:  []
OUT_PORT:  []
DATA_MEM:  [473, 220]
---------------------------------------
DEBUG    root:machine.py:309 JE 18
TICK: 22920 PC:  12 ADDR:   0 MEM_OUT: 473 ACC: 3 BUFF: 473 DC: 0 FLAG_ZERO: False FLAG_LT: 0 FLAG_GT: 1
INPUT_PORT:  []
OUT_PORT:  []
DATA_MEM:  [473, 220]
---------------------------------------
DEBUG    root:machine.py:309 JMP 0
TICK: 22923 PC:  13 ADDR:   0 MEM_OUT: 473 ACC: 3 BUFF: 473 DC: 0 FLAG_ZERO: False FLAG_LT: 0 FLAG_GT: 1
INPUT_PORT:  []
OUT_PORT:  []
DATA_MEM:  [473, 220]
---------------------------------------
DEBUG    root:machine.py:309 LD 0
TICK: 22926 PC:   0 ADDR:   0 MEM_OUT: 473 ACC: 3 BUFF: 473 DC: 0 FLAG_ZERO: False FLAG_LT: 0 FLAG_GT: 1
INPUT_PORT:  []
OUT_PORT:  []
DATA_MEM:  [473, 220]
---------------------------------------
DEBUG    root:machine.py:309 INC 
TICK: 22930 PC:   1 ADDR:   0 MEM_OUT: 473 ACC: 473 BUFF: 473 DC: 0 FLAG_ZERO: False FLAG_LT: 0 FLAG_GT: 1
INPUT_PORT:  []
OUT_PORT:  []
DATA_MEM:  [473, 220]
---------------------------------------
DEBUG    root:machine.py:309 ST 0
TICK: 22933 PC:   2 ADDR:   0 MEM_OUT: 473 ACC: 474 BUFF: 473 DC: 0 FLAG_ZERO: False FLAG_LT: 0 FLAG_GT: 1
INPUT_PORT:  []
OUT_PORT:  []
DATA_MEM:  [473, 220]
---------------------------------------
DEBUG    root:machine.py:309 CMP 1000
TICK: 22937 PC:   3 ADDR:   0 MEM_OUT: 474 ACC: 474 BUFF: 473 DC: 0 FLAG_ZERO: False FLAG_LT: 0 FLAG_GT: 1
INPUT_PORT:  []
OUT_PORT:  []
DATA_MEM:  [474, 220]
---------------------------------------
DEBUG    root:machine.py:309 JGE 22
TICK: 22940 PC:   4 ADDR:   0 MEM_OUT: 474 ACC: 474 BUFF: 473 DC: 0 FLAG_ZERO: False FLAG_LT: 1 FLAG_GT: 0
INPUT_PORT:  []
OUT_PORT:  []
DATA_MEM:  [474, 220]
---------------------------------------
DEBUG    root:machine.py:309 LD 0
TICK: 22943 PC:   5 ADDR:   0 MEM_OUT: 474 ACC: 474 BUFF: 473 DC: 0 FLAG_ZERO: False FLAG_LT: 1 FLAG_GT: 0
INPUT_PORT:  []
OUT_PORT:  []
DATA_MEM:  [474, 220]
---------------------------------------
DEBUG    root:machine.py:309 MOD 3
TICK: 22947 PC:   6 ADDR:   0 MEM_OUT: 474 ACC: 474 BUFF: 473 DC: 0 FLAG_ZERO: False FLAG_LT: 1 FLAG_GT: 0
INPUT_PORT:  []
OUT_PORT:  []
DATA_MEM:  [474, 220]
---------------------------------------
DEBUG    root:machine.py:309 CMP 0
TICK: 22951 PC:   7 ADDR:   0 MEM_OUT: 474 ACC: 0 BUFF: 474 DC: 0 FLAG_ZERO: False FLAG_LT: 1 FLAG_GT: 0
INPUT_PORT:  []
OUT_PORT:  []
DATA_MEM:  [474, 220]
---------------------------------------
DEBUG    root:machine.py:309 JE 14
TICK: 22954 PC:   8 ADDR:   0 MEM_OUT: 474 ACC: 0 BUFF: 474 DC: 0 FLAG_ZERO: True FLAG_LT: 0 FLAG_GT: 0
INPUT_PORT:  []
OUT_PORT:  []
DATA_MEM:  [474, 220]
---------------------------------------
DEBUG    root:machine.py:309 LD 4
TICK: 22957 PC:  14 ADDR:   0 MEM_OUT: 474 ACC: 0 BUFF: 474 DC: 0 FLAG_ZERO: True FLAG_LT: 0 FLAG_GT: 0
INPUT_PORT:  []
OUT_PORT:  []
DATA_MEM:  [474, 220]
---------------------------------------
DEBUG    root:machine.py:309 INC 
TICK: 22961 PC:  15 ADDR:   1 MEM_OUT: 220 ACC: 220 BUFF: 474 DC: 0 FLAG_ZERO: True FLAG_LT: 0 FLAG_GT: 0
INPUT_PORT:  []
OUT_PORT:  []
DATA_MEM:  [474, 220]
---------------------------------------
DEBUG    root:machine.py:309 ST 4
TICK: 22964 PC:  16 ADDR:   1 MEM_OUT: 220 ACC: 221 BUFF: 474 DC: 0 FLAG_ZERO: True FLAG_LT: 0 FLAG_GT: 0
INPUT_PORT:  []
OUT_PORT:  []
DATA_MEM:  [474, 220]
---------------------------------------
DEBUG    root:machine.py:309 JMP 0
TICK: 22968 PC:  17 ADDR:   1 MEM_OUT: 221 ACC: 221 BUFF: 474 DC: 0 FLAG_ZERO: True FLAG_LT: 0 FLAG_GT: 0
INPUT_PORT:  []
OUT_PORT:  []
DATA_MEM:  [474, 221]
---------------------------------------
DEBUG    root:machine.py:309 LD 0
TICK: 22971 PC:   0 ADDR:   1 MEM_OUT: 221 ACC: 221 BUFF: 474 DC: 0 FLAG_ZERO: True FLAG_LT: 0 FLAG_GT: 0
INPUT_PORT:  []
OUT_PORT:  []
DATA_MEM:  [474, 221]
---------------------------------------
DEBUG    root:machine.py:309 INC 
TICK: 22975 PC:   1 ADDR:   0 MEM_OUT: 474 ACC: 474 BUFF: 474 DC: 0 FLAG_ZERO: True FLAG_LT: 0 FLAG_GT: 0
INPUT_PORT:  []
OUT_PORT:  []
DATA_MEM:  [474, 221]
---------------------------------------
DEBUG    root:machine.py:309 ST 0
TICK: 22978 PC:   2 ADDR:   0 MEM_OUT: 474 ACC: 475 BUFF: 474 DC: 0 FLAG_ZERO: True FLAG_LT: 0 FLAG_GT: 0
INPUT_PORT:  []
OUT_PORT:  []
DATA_MEM:  [474, 221]
---------------------------------------
DEBUG    root:machine.py:309 CMP 1000
TICK: 22982 PC:   3 ADDR:   0 MEM_OUT: 475 ACC: 475 BUFF: 474 DC: 0 FLAG_ZERO: True FLAG_LT: 0 FLAG_GT: 0
INPUT_PORT:  []
OUT_PORT:  []
DATA_MEM:  [475, 221]
---------------------------------------
DEBUG    root:machine.py:309 JGE 22
TICK: 22985 PC:   4 ADDR:   0 MEM_OUT: 475 ACC: 475 BUFF: 474 DC: 0 FLAG_ZERO: False FLAG_LT: 1 FLAG_GT: 0
INPUT_PORT:  []
OUT_PORT:  []
DATA_MEM:  [475, 221]
---------------------------------------
DEBUG    root:machine.py:309 LD 0
TICK: 22988 PC:   5 ADDR:   0 MEM_OUT: 475 ACC: 475 BUFF: 474 DC: 0 FLAG_ZERO: False FLAG_LT: 1 FLAG_GT: 0
INPUT_PORT:  []
OUT_PORT:  []
DATA_MEM:  [475, 221]
---------------------------------------
DEBUG    root:machine.py:309 MOD 3
TICK: 22992 PC:   6 ADDR:   0 MEM_OUT: 475 ACC: 475 BUFF: 474 DC: 0 FLAG_ZERO: False FLAG_LT: 1 FLAG_GT: 0
INPUT_PORT:  []
OUT_PORT:  []
DATA_MEM:  [475, 221]
---------------------------------------
DEBUG    root:machine.py:309 CMP 0
TICK: 22996 PC:   7 ADDR:   0 MEM_OUT: 475 ACC: 1 BUFF: 475 DC: 0 FLAG_ZERO: False FLAG_LT: 1 FLAG_GT: 0
INPUT_PORT:  []
OUT_PORT:  []
DATA_MEM:  [475, 221]
---------------------------------------
DEBUG    root:machine.py:309 JE 14
TICK: 22999 PC:   8 ADDR:   0 MEM_OUT: 475 ACC: 1 BUFF: 475 DC: 0 FLAG_ZERO: False FLAG_LT: 0 FLAG_GT: 1
INPUT_PORT:  []
OUT_PORT:  []
DATA_MEM:  [475, 221]
---------------------------------------
DEBUG    root:machine.py:309 LD 0
TICK: 23002 PC:   9 ADDR:   0 MEM_OUT: 475 ACC: 1 BUFF: 475 DC: 0 FLAG_ZERO: False FLAG_LT: 0 FLAG_GT: 1
INPUT_PORT:  []
OUT_PORT:  []
DATA_MEM:  [475, 221]
---------------------------------------
DEBUG    root:machine.py:309 MOD 5
TICK: 23006 PC:  10 ADDR:   0 MEM_OUT: 475 ACC: 475 BUFF: 475 DC: 0 FLAG_ZERO: False FLAG_LT: 0 FLAG_GT: 1
INPUT_PORT:  []
OUT_PORT:  []
DATA_MEM:  [475, 221]
---------------------------------------
DEBUG    root:machine.py:309 CMP 0
TICK: 23010 PC:  11 ADDR:   0 MEM_OUT: 475 ACC: 0 BUFF: 475 DC: 0 FLAG_ZERO: False FLAG_LT: 0 FLAG_GT: 1
INPUT_PORT:  []
OUT_PORT:  []
DATA_MEM:  [475, 221]
---------------------------------------
DEBUG    root:machine.py:309 JE 18
TICK: 23013 PC:  12 ADDR:   0 MEM_OUT: 475 ACC: 0 BUFF: 475 DC: 0 FLAG_ZERO: True FLAG_LT: 0 FLAG_GT: 0
INPUT_PORT:  []
OUT_PORT:  []
DATA_MEM:  [475, 221]
---------------------------------------
DEBUG    root:machine.py:309 LD 4
TICK: 23016 PC:  18 ADDR:   0 MEM_OUT: 475 ACC: 0 BUFF: 475 DC: 0 FLAG_ZERO: True FLAG_LT: 0 FLAG_GT: 0
INPUT_PORT:  []
OUT_PORT:  []
DATA_MEM:  [475, 221]
---------------------------------------
DEBUG    root:machine.py:309 INC 
TICK: 23020 PC:  19 ADDR:   1 MEM_OUT: 221 ACC: 221 BUFF: 475 DC: 0 FLAG_ZERO: True FLAG_LT: 0 FLAG_GT: 0
INPUT_PORT:  []
OUT_PORT:  []
DATA_MEM:  [475, 221]
---------------------------------------
DEBUG    root:machine.py:309 ST 4
TICK: 23023 PC:  20 ADDR:   1 MEM_OUT: 221 ACC: 222 BUFF: 475 DC: 0 FLAG_ZERO: True FLAG_LT: 0 FLAG_GT: 0
INPUT_PORT:  []
OUT_PORT:  []
DATA_MEM:  [475, 221]
---------------------------------------
DEBUG    root:machine.py:309 JMP 0
TICK: 23027 PC:  21 ADDR:   1 MEM_OUT: 222 ACC: 222 BUFF: 475 DC: 0 FLAG_ZERO: True FLAG_LT: 0 FLAG_GT: 0
INPUT_PORT:  []
OUT_PORT:  []
DATA_MEM:  [475, 222]
---------------------------------------
DEBUG    root:machine.py:309 LD 0
TICK: 23030 PC:   0 ADDR:   1 MEM_OUT: 222 ACC: 222 BUFF: 475 DC: 0 FLAG_ZERO: True FLAG_LT: 0 FLAG_GT: 0
INPUT_PORT:  []
OUT_PORT:  []
DATA_MEM:  [475, 222]
---------------------------------------
DEBUG    root:machine.py:309 INC 
TICK: 23034 PC:   1 ADDR:   0 MEM_OUT: 475 ACC: 475 BUFF: 475 DC: 0 FLAG_ZERO: True FLAG_LT: 0 FLAG_GT: 0
INPUT_PORT:  []
OUT_PORT:  []
DATA_MEM:  [475, 222]
---------------------------------------
DEBUG    root:machine.py:309 ST 0
TICK: 23037 PC:   2 ADDR:   0 MEM_OUT: 475 ACC: 476 BUFF: 475 DC: 0 FLAG_ZERO: True FLAG_LT: 0 FLAG_GT: 0
INPUT_PORT:  []
OUT_PORT:  []
DATA_MEM:  [475, 222]
---------------------------------------
DEBUG    root:machine.py:309 CMP 1000
TICK: 23041 PC:   3 ADDR:   0 MEM_OUT: 476 ACC: 476 BUFF: 475 DC: 0 FLAG_ZERO: True FLAG_LT: 0 FLAG_GT: 0
INPUT_PORT:  []
OUT_PORT:  []
DATA_MEM:  [476, 222]
---------------------------------------
DEBUG    root:machine.py:309 JGE 22
TICK: 23044 PC:   4 ADDR:   0 MEM_OUT: 476 ACC: 476 BUFF: 475 DC: 0 FLAG_ZERO: False FLAG_LT: 1 FLAG_GT: 0
INPUT_PORT:  []
OUT_PORT:  []
DATA_MEM:  [476, 222]
---------------------------------------
DEBUG    root:machine.py:309 LD 0
TICK: 23047 PC:   5 ADDR:   0 MEM_OUT: 476 ACC: 476 BUFF: 475 DC: 0 FLAG_ZERO: False FLAG_LT: 1 FLAG_GT: 0
INPUT_PORT:  []
OUT_PORT:  []
DATA_MEM:  [476, 222]
---------------------------------------
DEBUG    root:machine.py:309 MOD 3
TICK: 23051 PC:   6 ADDR:   0 MEM_OUT: 476 ACC: 476 BUFF: 475 DC: 0 FLAG_ZERO: False FLAG_LT: 1 FLAG_GT: 0
INPUT_PORT:  []
OUT_PORT:  []
DATA_MEM:  [476, 222]
---------------------------------------
DEBUG    root:machine.py:309 CMP 0
TICK: 23055 PC:   7 ADDR:   0 MEM_OUT: 476 ACC: 2 BUFF: 476 DC: 0 FLAG_ZERO: False FLAG_LT: 1 FLAG_GT: 0
INPUT_PORT:  []
OUT_PORT:  []
DATA_MEM:  [476, 222]
---------------------------------------
DEBUG    root:machine.py:309 JE 14
TICK: 23058 PC:   8 ADDR:   0 MEM_OUT: 476 ACC: 2 BUFF: 476 DC: 0 FLAG_ZERO: False FLAG_LT: 0 FLAG_GT: 1
INPUT_PORT:  []
OUT_PORT:  []
DATA_MEM:  [476, 222]
---------------------------------------
DEBUG    root:machine.py:309 LD 0
TICK: 23061 PC:   9 ADDR:   0 MEM_OUT: 476 ACC: 2 BUFF: 476 DC: 0 FLAG_ZERO: False FLAG_LT: 0 FLAG_GT: 1
INPUT_PORT:  []
OUT_PORT:  []
DATA_MEM:  [476, 222]
---------------------------------------
DEBUG    root:machine.py:309 MOD 5
TICK: 23065 PC:  10 ADDR:   0 MEM_OUT: 476 ACC: 476 BUFF: 476 DC: 0 FLAG_ZERO: False FLAG_LT: 0 FLAG_GT: 1
INPUT_PORT:  []
OUT_PORT:  []
DATA_MEM:  [476, 222]
---------------------------------------
DEBUG    root:machine.py:309 CMP 0
TICK: 23069 PC:  11 ADDR:   0 MEM_OUT: 476 ACC: 1 BUFF: 476 DC: 0 FLAG_ZERO: False FLAG_LT: 0 FLAG_GT: 1
INPUT_PORT:  []
OUT_PORT:  []
DATA_MEM:  [476, 222]
---------------------------------------
DEBUG    root:machine.py:309 JE 18
TICK: 23072 PC:  12 ADDR:   0 MEM_OUT: 476 ACC: 1 BUFF: 476 DC: 0 FLAG_ZERO: False FLAG_LT: 0 FLAG_GT: 1
INPUT_PORT:  []
OUT_PORT:  []
DATA_MEM:  [476, 222]
---------------------------------------
DEBUG    root:machine.py:309 JMP 0
TICK: 23075 PC:  13 ADDR:   0 MEM_OUT: 476 ACC: 1 BUFF: 476 DC: 0 FLAG_ZERO: False FLAG_LT: 0 FLAG_GT: 1
INPUT_PORT:  []
OUT_PORT:  []
DATA_MEM:  [476, 222]
---------------------------------------
DEBUG    root:machine.py:309 LD 0
TICK: 23078 PC:   0 ADDR:   0 MEM_OUT: 476 ACC: 1 BUFF: 476 DC: 0 FLAG_ZERO: False FLAG_LT: 0 FLAG_GT: 1
INPUT_PORT:  []
OUT_PORT:  []
DATA_MEM:  [476, 222]
---------------------------------------
DEBUG    root:machine.py:309 INC 
TICK: 23082 PC:   1 ADDR:   0 MEM_OUT: 476 ACC: 476 BUFF: 476 DC: 0 FLAG_ZERO: False FLAG_LT: 0 FLAG_GT: 1
INPUT_PORT:  []
OUT_PORT:  []
DATA_MEM:  [476, 222]
---------------------------------------
DEBUG    root:machine.py:309 ST 0
TICK: 23085 PC:   2 ADDR:   0 MEM_OUT: 476 ACC: 477 BUFF: 476 DC: 0 FLAG_ZERO: False FLAG_LT: 0 FLAG_GT: 1
INPUT_PORT:  []
OUT_PORT:  []
DATA_MEM:  [476, 222]
---------------------------------------
DEBUG    root:machine.py:309 CMP 1000
TICK: 23089 PC:   3 ADDR:   0 MEM_OUT: 477 ACC: 477 BUFF: 476 DC: 0 FLAG_ZERO: False FLAG_LT: 0 FLAG_GT: 1
INPUT_PORT:  []
OUT_PORT:  []
DATA_MEM:  [477, 222]
---------------------------------------
DEBUG    root:machine.py:309 JGE 22
TICK: 23092 PC:   4 ADDR:   0 MEM_OUT: 477 ACC: 477 BUFF: 476 DC: 0 FLAG_ZERO: False FLAG_LT: 1 FLAG_GT: 0
INPUT_PORT:  []
OUT_PORT:  []
DATA_MEM:  [477, 222]
---------------------------------------
DEBUG    root:machine.py:309 LD 0
TICK: 23095 PC:   5 ADDR:   0 MEM_OUT: 477 ACC: 477 BUFF: 476 DC: 0 FLAG_ZERO: False FLAG_LT: 1 FLAG_GT: 0
INPUT_PORT:  []
OUT_PORT:  []
DATA_MEM:  [477, 222]
---------------------------------------
DEBUG    root:machine.py:309 MOD 3
TICK: 23099 PC:   6 ADDR:   0 MEM_OUT: 477 ACC: 477 BUFF: 476 DC: 0 FLAG_ZERO: False FLAG_LT: 1 FLAG_GT: 0
INPUT_PORT:  []
OUT_PORT:  []
DATA_MEM:  [477, 222]
---------------------------------------
DEBUG    root:machine.py:309 CMP 0
TICK: 23103 PC:   7 ADDR:   0 MEM_OUT: 477 ACC: 0 BUFF: 477 DC: 0 FLAG_ZERO: False FLAG_LT: 1 FLAG_GT: 0
INPUT_PORT:  []
OUT_PORT:  []
DATA_MEM:  [477, 222]
---------------------------------------
DEBUG    root:machine.py:309 JE 14
TICK: 23106 PC:   8 ADDR:   0 MEM_OUT: 477 ACC: 0 BUFF: 477 DC: 0 FLAG_ZERO: True FLAG_LT: 0 FLAG_GT: 0
INPUT_PORT:  []
OUT_PORT:  []
DATA_MEM:  [477, 222]
---------------------------------------
DEBUG    root:machine.py:309 LD 4
TICK: 23109 PC:  14 ADDR:   0 MEM_OUT: 477 ACC: 0 BUFF: 477 DC: 0 FLAG_ZERO: True FLAG_LT: 0 FLAG_GT: 0
INPUT_PORT:  []
OUT_PORT:  []
DATA_MEM:  [477, 222]
---------------------------------------
DEBUG    root:machine.py:309 INC 
TICK: 23113 PC:  15 ADDR:   1 MEM_OUT: 222 ACC: 222 BUFF: 477 DC: 0 FLAG_ZERO: True FLAG_LT: 0 FLAG_GT: 0
INPUT_PORT:  []
OUT_PORT:  []
DATA_MEM:  [477, 222]
---------------------------------------
DEBUG    root:machine.py:309 ST 4
TICK: 23116 PC:  16 ADDR:   1 MEM_OUT: 222 ACC: 223 BUFF: 477 DC: 0 FLAG_ZERO: True FLAG_LT: 0 FLAG_GT: 0
INPUT_PORT:  []
OUT_PORT:  []
DATA_MEM:  [477, 222]
---------------------------------------
DEBUG    root:machine.py:309 JMP 0
TICK: 23120 PC:  17 ADDR:   1 MEM_OUT: 223 ACC: 223 BUFF: 477 DC: 0 FLAG_ZERO: True FLAG_LT: 0 FLAG_GT: 0
INPUT_PORT:  []
OUT_PORT:  []
DATA_MEM:  [477, 223]
---------------------------------------
DEBUG    root:machine.py:309 LD 0
TICK: 23123 PC:   0 ADDR:   1 MEM_OUT: 223 ACC: 223 BUFF: 477 DC: 0 FLAG_ZERO: True FLAG_LT: 0 FLAG_GT: 0
INPUT_PORT:  []
OUT_PORT:  []
DATA_MEM:  [477, 223]
---------------------------------------
DEBUG    root:machine.py:309 INC 
TICK: 23127 PC:   1 ADDR:   0 MEM_OUT: 477 ACC: 477 BUFF: 477 DC: 0 FLAG_ZERO: True FLAG_LT: 0 FLAG_GT: 0
INPUT_PORT:  []
OUT_PORT:  []
DATA_MEM:  [477, 223]
---------------------------------------
DEBUG    root:machine.py:309 ST 0
TICK: 23130 PC:   2 ADDR:   0 MEM_OUT: 477 ACC: 478 BUFF: 477 DC: 0 FLAG_ZERO: True FLAG_LT: 0 FLAG_GT: 0
INPUT_PORT:  []
OUT_PORT:  []
DATA_MEM:  [477, 223]
---------------------------------------
DEBUG    root:machine.py:309 CMP 1000
TICK: 23134 PC:   3 ADDR:   0 MEM_OUT: 478 ACC: 478 BUFF: 477 DC: 0 FLAG_ZERO: True FLAG_LT: 0 FLAG_GT: 0
INPUT_PORT:  []
OUT_PORT:  []
DATA_MEM:  [478, 223]
---------------------------------------
DEBUG    root:machine.py:309 JGE 22
TICK: 23137 PC:   4 ADDR:   0 MEM_OUT: 478 ACC: 478 BUFF: 477 DC: 0 FLAG_ZERO: False FLAG_LT: 1 FLAG_GT: 0
INPUT_PORT:  []
OUT_PORT:  []
DATA_MEM:  [478, 223]
---------------------------------------
DEBUG    root:machine.py:309 LD 0
TICK: 23140 PC:   5 ADDR:   0 MEM_OUT: 478 ACC: 478 BUFF: 477 DC: 0 FLAG_ZERO: False FLAG_LT: 1 FLAG_GT: 0
INPUT_PORT:  []
OUT_PORT:  []
DATA_MEM:  [478, 223]
---------------------------------------
DEBUG    root:machine.py:309 MOD 3
TICK: 23144 PC:   6 ADDR:   0 MEM_OUT: 478 ACC: 478 BUFF: 477 DC: 0 FLAG_ZERO: False FLAG_LT: 1 FLAG_GT: 0
INPUT_PORT:  []
OUT_PORT:  []
DATA_MEM:  [478, 223]
---------------------------------------
DEBUG    root:machine.py:309 CMP 0
TICK: 23148 PC:   7 ADDR:   0 MEM_OUT: 478 ACC: 1 BUFF: 478 DC: 0 FLAG_ZERO: False FLAG_LT: 1 FLAG_GT: 0
INPUT_PORT:  []
OUT_PORT:  []
DATA_MEM:  [478, 223]
---------------------------------------
DEBUG    root:machine.py:309 JE 14
TICK: 23151 PC:   8 ADDR:   0 MEM_OUT: 478 ACC: 1 BUFF: 478 DC: 0 FLAG_ZERO: False FLAG_LT: 0 FLAG_GT: 1
INPUT_PORT:  []
OUT_PORT:  []
DATA_MEM:  [478, 223]
---------------------------------------
DEBUG    root:machine.py:309 LD 0
TICK: 23154 PC:   9 ADDR:   0 MEM_OUT: 478 ACC: 1 BUFF: 478 DC: 0 FLAG_ZERO: False FLAG_LT: 0 FLAG_GT: 1
INPUT_PORT:  []
OUT_PORT:  []
DATA_MEM:  [478, 223]
---------------------------------------
DEBUG    root:machine.py:309 MOD 5
TICK: 23158 PC:  10 ADDR:   0 MEM_OUT: 478 ACC: 478 BUFF: 478 DC: 0 FLAG_ZERO: False FLAG_LT: 0 FLAG_GT: 1
INPUT_PORT:  []
OUT_PORT:  []
DATA_MEM:  [478, 223]
---------------------------------------
DEBUG    root:machine.py:309 CMP 0
TICK: 23162 PC:  11 ADDR:   0 MEM_OUT: 478 ACC: 3 BUFF: 478 DC: 0 FLAG_ZERO: False FLAG_LT: 0 FLAG_GT: 1
INPUT_PORT:  []
OUT_PORT:  []
DATA_MEM:  [478, 223]
---------------------------------------
DEBUG    root:machine.py:309 JE 18
TICK: 23165 PC:  12 ADDR:   0 MEM_OUT: 478 ACC: 3 BUFF: 478 DC: 0 FLAG_ZERO: False FLAG_LT: 0 FLAG_GT: 1
INPUT_PORT:  []
OUT_PORT:  []
DATA_MEM:  [478, 223]
---------------------------------------
DEBUG    root:machine.py:309 JMP 0
TICK: 23168 PC:  13 ADDR:   0 MEM_OUT: 478 ACC: 3 BUFF: 478 DC: 0 FLAG_ZERO: False FLAG_LT: 0 FLAG_GT: 1
INPUT_PORT:  []
OUT_PORT:  []
DATA_MEM:  [478, 223]
---------------------------------------
DEBUG    root:machine.py:309 LD 0
TICK: 23171 PC:   0 ADDR:   0 MEM_OUT: 478 ACC: 3 BUFF: 478 DC: 0 FLAG_ZERO: False FLAG_LT: 0 FLAG_GT: 1
INPUT_PORT:  []
OUT_PORT:  []
DATA_MEM:  [478, 223]
---------------------------------------
DEBUG    root:machine.py:309 INC 
TICK: 23175 PC:   1 ADDR:   0 MEM_OUT: 478 ACC: 478 BUFF: 478 DC: 0 FLAG_ZERO: False FLAG_LT: 0 FLAG_GT: 1
INPUT_PORT:  []
OUT_PORT:  []
DATA_MEM:  [478, 223]
---------------------------------------
DEBUG    root:machine.py:309 ST 0
TICK: 23178 PC:   2 ADDR:   0 MEM_OUT: 478 ACC: 479 BUFF: 478 DC: 0 FLAG_ZERO: False FLAG_LT: 0 FLAG_GT: 1
INPUT_PORT:  []
OUT_PORT:  []
DATA_MEM:  [478, 223]
---------------------------------------
DEBUG    root:machine.py:309 CMP 1000
TICK: 23182 PC:   3 ADDR:   0 MEM_OUT: 479 ACC: 479 BUFF: 478 DC: 0 FLAG_ZERO: False FLAG_LT: 0 FLAG_GT: 1
INPUT_PORT:  []
OUT_PORT:  []
DATA_MEM:  [479, 223]
---------------------------------------
DEBUG    root:machine.py:309 JGE 22
TICK: 23185 PC:   4 ADDR:   0 MEM_OUT: 479 ACC: 479 BUFF: 478 DC: 0 FLAG_ZERO: False FLAG_LT: 1 FLAG_GT: 0
INPUT_PORT:  []
OUT_PORT:  []
DATA_MEM:  [479, 223]
---------------------------------------
DEBUG    root:machine.py:309 LD 0
TICK: 23188 PC:   5 ADDR:   0 MEM_OUT: 479 ACC: 479 BUFF: 478 DC: 0 FLAG_ZERO: False FLAG_LT: 1 FLAG_GT: 0
INPUT_PORT:  []
OUT_PORT:  []
DATA_MEM:  [479, 223]
---------------------------------------
DEBUG    root:machine.py:309 MOD 3
TICK: 23192 PC:   6 ADDR:   0 MEM_OUT: 479 ACC: 479 BUFF: 478 DC: 0 FLAG_ZERO: False FLAG_LT: 1 FLAG_GT: 0
INPUT_PORT:  []
OUT_PORT:  []
DATA_MEM:  [479, 223]
---------------------------------------
DEBUG    root:machine.py:309 CMP 0
TICK: 23196 PC:   7 ADDR:   0 MEM_OUT: 479 ACC: 2 BUFF: 479 DC: 0 FLAG_ZERO: False FLAG_LT: 1 FLAG_GT: 0
INPUT_PORT:  []
OUT_PORT:  []
DATA_MEM:  [479, 223]
---------------------------------------
DEBUG    root:machine.py:309 JE 14
TICK: 23199 PC:   8 ADDR:   0 MEM_OUT: 479 ACC: 2 BUFF: 479 DC: 0 FLAG_ZERO: False FLAG_LT: 0 FLAG_GT: 1
INPUT_PORT:  []
OUT_PORT:  []
DATA_MEM:  [479, 223]
---------------------------------------
DEBUG    root:machine.py:309 LD 0
TICK: 23202 PC:   9 ADDR:   0 MEM_OUT: 479 ACC: 2 BUFF: 479 DC: 0 FLAG_ZERO: False FLAG_LT: 0 FLAG_GT: 1
INPUT_PORT:  []
OUT_PORT:  []
DATA_MEM:  [479, 223]
---------------------------------------
DEBUG    root:machine.py:309 MOD 5
TICK: 23206 PC:  10 ADDR:   0 MEM_OUT: 479 ACC: 479 BUFF: 479 DC: 0 FLAG_ZERO: False FLAG_LT: 0 FLAG_GT: 1
INPUT_PORT:  []
OUT_PORT:  []
DATA_MEM:  [479, 223]
---------------------------------------
DEBUG    root:machine.py:309 CMP 0
TICK: 23210 PC:  11 ADDR:   0 MEM_OUT: 479 ACC: 4 BUFF: 479 DC: 0 FLAG_ZERO: False FLAG_LT: 0 FLAG_GT: 1
INPUT_PORT:  []
OUT_PORT:  []
DATA_MEM:  [479, 223]
---------------------------------------
DEBUG    root:machine.py:309 JE 18
TICK: 23213 PC:  12 ADDR:   0 MEM_OUT: 479 ACC: 4 BUFF: 479 DC: 0 FLAG_ZERO: False FLAG_LT: 0 FLAG_GT: 1
INPUT_PORT:  []
OUT_PORT:  []
DATA_MEM:  [479, 223]
---------------------------------------
DEBUG    root:machine.py:309 JMP 0
TICK: 23216 PC:  13 ADDR:   0 MEM_OUT: 479 ACC: 4 BUFF: 479 DC: 0 FLAG_ZERO: False FLAG_LT: 0 FLAG_GT: 1
INPUT_PORT:  []
OUT_PORT:  []
DATA_MEM:  [479, 223]
---------------------------------------
DEBUG    root:machine.py:309 LD 0
TICK: 23219 PC:   0 ADDR:   0 MEM_OUT: 479 ACC: 4 BUFF: 479 DC: 0 FLAG_ZERO: False FLAG_LT: 0 FLAG_GT: 1
INPUT_PORT:  []
OUT_PORT:  []
DATA_MEM:  [479, 223]
---------------------------------------
DEBUG    root:machine.py:309 INC 
TICK: 23223 PC:   1 ADDR:   0 MEM_OUT: 479 ACC: 479 BUFF: 479 DC: 0 FLAG_ZERO: False FLAG_LT: 0 FLAG_GT: 1
INPUT_PORT:  []
OUT_PORT:  []
DATA_MEM:  [479, 223]
---------------------------------------
DEBUG    root:machine.py:309 ST 0
TICK: 23226 PC:   2 ADDR:   0 MEM_OUT: 479 ACC: 480 BUFF: 479 DC: 0 FLAG_ZERO: False FLAG_LT: 0 FLAG_GT: 1
INPUT_PORT:  []
OUT_PORT:  []
DATA_MEM:  [479, 223]
---------------------------------------
DEBUG    root:machine.py:309 CMP 1000
TICK: 23230 PC:   3 ADDR:   0 MEM_OUT: 480 ACC: 480 BUFF: 479 DC: 0 FLAG_ZERO: False FLAG_LT: 0 FLAG_GT: 1
INPUT_PORT:  []
OUT_PORT:  []
DATA_MEM:  [480, 223]
---------------------------------------
DEBUG    root:machine.py:309 JGE 22
TICK: 23233 PC:   4 ADDR:   0 MEM_OUT: 480 ACC: 480 BUFF: 479 DC: 0 FLAG_ZERO: False FLAG_LT: 1 FLAG_GT: 0
INPUT_PORT:  []
OUT_PORT:  []
DATA_MEM:  [480, 223]
---------------------------------------
DEBUG    root:machine.py:309 LD 0
TICK: 23236 PC:   5 ADDR:   0 MEM_OUT: 480 ACC: 480 BUFF: 479 DC: 0 FLAG_ZERO: False FLAG_LT: 1 FLAG_GT: 0
INPUT_PORT:  []
OUT_PORT:  []
DATA_MEM:  [480, 223]
---------------------------------------
DEBUG    root:machine.py:309 MOD 3
TICK: 23240 PC:   6 ADDR:   0 MEM_OUT: 480 ACC: 480 BUFF: 479 DC: 0 FLAG_ZERO: False FLAG_LT: 1 FLAG_GT: 0
INPUT_PORT:  []
OUT_PORT:  []
DATA_MEM:  [480, 223]
---------------------------------------
DEBUG    root:machine.py:309 CMP 0
TICK: 23244 PC:   7 ADDR:   0 MEM_OUT: 480 ACC: 0 BUFF: 480 DC: 0 FLAG_ZERO: False FLAG_LT: 1 FLAG_GT: 0
INPUT_PORT:  []
OUT_PORT:  []
DATA_MEM:  [480, 223]
---------------------------------------
DEBUG    root:machine.py:309 JE 14
TICK: 23247 PC:   8 ADDR:   0 MEM_OUT: 480 ACC: 0 BUFF: 480 DC: 0 FLAG_ZERO: True FLAG_LT: 0 FLAG_GT: 0
INPUT_PORT:  []
OUT_PORT:  []
DATA_MEM:  [480, 223]
---------------------------------------
DEBUG    root:machine.py:309 LD 4
TICK: 23250 PC:  14 ADDR:   0 MEM_OUT: 480 ACC: 0 BUFF: 480 DC: 0 FLAG_ZERO: True FLAG_LT: 0 FLAG_GT: 0
INPUT_PORT:  []
OUT_PORT:  []
DATA_MEM:  [480, 223]
---------------------------------------
DEBUG    root:machine.py:309 INC 
TICK: 23254 PC:  15 ADDR:   1 MEM_OUT: 223 ACC: 223 BUFF: 480 DC: 0 FLAG_ZERO: True FLAG_LT: 0 FLAG_GT: 0
INPUT_PORT:  []
OUT_PORT:  []
DATA_MEM:  [480, 223]
---------------------------------------
DEBUG    root:machine.py:309 ST 4
TICK: 23257 PC:  16 ADDR:   1 MEM_OUT: 223 ACC: 224 BUFF: 480 DC: 0 FLAG_ZERO: True FLAG_LT: 0 FLAG_GT: 0
INPUT_PORT:  []
OUT_PORT:  []
DATA_MEM:  [480, 223]
---------------------------------------
DEBUG    root:machine.py:309 JMP 0
TICK: 23261 PC:  17 ADDR:   1 MEM_OUT: 224 ACC: 224 BUFF: 480 DC: 0 FLAG_ZERO: True FLAG_LT: 0 FLAG_GT: 0
INPUT_PORT:  []
OUT_PORT:  []
DATA_MEM:  [480, 224]
---------------------------------------
DEBUG    root:machine.py:309 LD 0
TICK: 23264 PC:   0 ADDR:   1 MEM_OUT: 224 ACC: 224 BUFF: 480 DC: 0 FLAG_ZERO: True FLAG_LT: 0 FLAG_GT: 0
INPUT_PORT:  []
OUT_PORT:  []
DATA_MEM:  [480, 224]
---------------------------------------
DEBUG    root:machine.py:309 INC 
TICK: 23268 PC:   1 ADDR:   0 MEM_OUT: 480 ACC: 480 BUFF: 480 DC: 0 FLAG_ZERO: True FLAG_LT: 0 FLAG_GT: 0
INPUT_PORT:  []
OUT_PORT:  []
DATA_MEM:  [480, 224]
---------------------------------------
DEBUG    root:machine.py:309 ST 0
TICK: 23271 PC:   2 ADDR:   0 MEM_OUT: 480 ACC: 481 BUFF: 480 DC: 0 FLAG_ZERO: True FLAG_LT: 0 FLAG_GT: 0
INPUT_PORT:  []
OUT_PORT:  []
DATA_MEM:  [480, 224]
---------------------------------------
DEBUG    root:machine.py:309 CMP 1000
TICK: 23275 PC:   3 ADDR:   0 MEM_OUT: 481 ACC: 481 BUFF: 480 DC: 0 FLAG_ZERO: True FLAG_LT: 0 FLAG_GT: 0
INPUT_PORT:  []
OUT_PORT:  []
DATA_MEM:  [481, 224]
---------------------------------------
DEBUG    root:machine.py:309 JGE 22
TICK: 23278 PC:   4 ADDR:   0 MEM_OUT: 481 ACC: 481 BUFF: 480 DC: 0 FLAG_ZERO: False FLAG_LT: 1 FLAG_GT: 0
INPUT_PORT:  []
OUT_PORT:  []
DATA_MEM:  [481, 224]
---------------------------------------
DEBUG    root:machine.py:309 LD 0
TICK: 23281 PC:   5 ADDR:   0 MEM_OUT: 481 ACC: 481 BUFF: 480 DC: 0 FLAG_ZERO: False FLAG_LT: 1 FLAG_GT: 0
INPUT_PORT:  []
OUT_PORT:  []
DATA_MEM:  [481, 224]
---------------------------------------
DEBUG    root:machine.py:309 MOD 3
TICK: 23285 PC:   6 ADDR:   0 MEM_OUT: 481 ACC: 481 BUFF: 480 DC: 0 FLAG_ZERO: False FLAG_LT: 1 FLAG_GT: 0
INPUT_PORT:  []
OUT_PORT:  []
DATA_MEM:  [481, 224]
---------------------------------------
DEBUG    root:machine.py:309 CMP 0
TICK: 23289 PC:   7 ADDR:   0 MEM_OUT: 481 ACC: 1 BUFF: 481 DC: 0 FLAG_ZERO: False FLAG_LT: 1 FLAG_GT: 0
INPUT_PORT:  []
OUT_PORT:  []
DATA_MEM:  [481, 224]
---------------------------------------
DEBUG    root:machine.py:309 JE 14
TICK: 23292 PC:   8 ADDR:   0 MEM_OUT: 481 ACC: 1 BUFF: 481 DC: 0 FLAG_ZERO: False FLAG_LT: 0 FLAG_GT: 1
INPUT_PORT:  []
OUT_PORT:  []
DATA_MEM:  [481, 224]
---------------------------------------
DEBUG    root:machine.py:309 LD 0
TICK: 23295 PC:   9 ADDR:   0 MEM_OUT: 481 ACC: 1 BUFF: 481 DC: 0 FLAG_ZERO: False FLAG_LT: 0 FLAG_GT: 1
INPUT_PORT:  []
OUT_PORT:  []
DATA_MEM:  [481, 224]
---------------------------------------
DEBUG    root:machine.py:309 MOD 5
TICK: 23299 PC:  10 ADDR:   0 MEM_OUT: 481 ACC: 481 BUFF: 481 DC: 0 FLAG_ZERO: False FLAG_LT: 0 FLAG_GT: 1
INPUT_PORT:  []
OUT_PORT:  []
DATA_MEM:  [481, 224]
---------------------------------------
DEBUG    root:machine.py:309 CMP 0
TICK: 23303 PC:  11 ADDR:   0 MEM_OUT: 481 ACC: 1 BUFF: 481 DC: 0 FLAG_ZERO: False FLAG_LT: 0 FLAG_GT: 1
INPUT_PORT:  []
OUT_PORT:  []
DATA_MEM:  [481, 224]
---------------------------------------
DEBUG    root:machine.py:309 JE 18
TICK: 23306 PC:  12 ADDR:   0 MEM_OUT: 481 ACC: 1 BUFF: 481 DC: 0 FLAG_ZERO: False FLAG_LT: 0 FLAG_GT: 1
INPUT_PORT:  []
OUT_PORT:  []
DATA_MEM:  [481, 224]
---------------------------------------
DEBUG    root:machine.py:309 JMP 0
TICK: 23309 PC:  13 ADDR:   0 MEM_OUT: 481 ACC: 1 BUFF: 481 DC: 0 FLAG_ZERO: False FLAG_LT: 0 FLAG_GT: 1
INPUT_PORT:  []
OUT_PORT:  []
DATA_MEM:  [481, 224]
---------------------------------------
DEBUG    root:machine.py:309 LD 0
TICK: 23312 PC:   0 ADDR:   0 MEM_OUT: 481 ACC: 1 BUFF: 481 DC: 0 FLAG_ZERO: False FLAG_LT: 0 FLAG_GT: 1
INPUT_PORT:  []
OUT_PORT:  []
DATA_MEM:  [481, 224]
---------------------------------------
DEBUG    root:machine.py:309 INC 
TICK: 23316 PC:   1 ADDR:   0 MEM_OUT: 481 ACC: 481 BUFF: 481 DC: 0 FLAG_ZERO: False FLAG_LT: 0 FLAG_GT: 1
INPUT_PORT:  []
OUT_PORT:  []
DATA_MEM:  [481, 224]
---------------------------------------
DEBUG    root:machine.py:309 ST 0
TICK: 23319 PC:   2 ADDR:   0 MEM_OUT: 481 ACC: 482 BUFF: 481 DC: 0 FLAG_ZERO: False FLAG_LT: 0 FLAG_GT: 1
INPUT_PORT:  []
OUT_PORT:  []
DATA_MEM:  [481, 224]
---------------------------------------
DEBUG    root:machine.py:309 CMP 1000
TICK: 23323 PC:   3 ADDR:   0 MEM_OUT: 482 ACC: 482 BUFF: 481 DC: 0 FLAG_ZERO: False FLAG_LT: 0 FLAG_GT: 1
INPUT_PORT:  []
OUT_PORT:  []
DATA_MEM:  [482, 224]
---------------------------------------
DEBUG    root:machine.py:309 JGE 22
TICK: 23326 PC:   4 ADDR:   0 MEM_OUT: 482 ACC: 482 BUFF: 481 DC: 0 FLAG_ZERO: False FLAG_LT: 1 FLAG_GT: 0
INPUT_PORT:  []
OUT_PORT:  []
DATA_MEM:  [482, 224]
---------------------------------------
DEBUG    root:machine.py:309 LD 0
TICK: 23329 PC:   5 ADDR:   0 MEM_OUT: 482 ACC: 482 BUFF: 481 DC: 0 FLAG_ZERO: False FLAG_LT: 1 FLAG_GT: 0
INPUT_PORT:  []
OUT_PORT:  []
DATA_MEM:  [482, 224]
---------------------------------------
DEBUG    root:machine.py:309 MOD 3
TICK: 23333 PC:   6 ADDR:   0 MEM_OUT: 482 ACC: 482 BUFF: 481 DC: 0 FLAG_ZERO: False FLAG_LT: 1 FLAG_GT: 0
INPUT_PORT:  []
OUT_PORT:  []
DATA_MEM:  [482, 224]
---------------------------------------
DEBUG    root:machine.py:309 CMP 0
TICK: 23337 PC:   7 ADDR:   0 MEM_OUT: 482 ACC: 2 BUFF: 482 DC: 0 FLAG_ZERO: False FLAG_LT: 1 FLAG_GT: 0
INPUT_PORT:  []
OUT_PORT:  []
DATA_MEM:  [482, 224]
---------------------------------------
DEBUG    root:machine.py:309 JE 14
TICK: 23340 PC:   8 ADDR:   0 MEM_OUT: 482 ACC: 2 BUFF: 482 DC: 0 FLAG_ZERO: False FLAG_LT: 0 FLAG_GT: 1
INPUT_PORT:  []
OUT_PORT:  []
DATA_MEM:  [482, 224]
---------------------------------------
DEBUG    root:machine.py:309 LD 0
TICK: 23343 PC:   9 ADDR:   0 MEM_OUT: 482 ACC: 2 BUFF: 482 DC: 0 FLAG_ZERO: False FLAG_LT: 0 FLAG_GT: 1
INPUT_PORT:  []
OUT_PORT:  []
DATA_MEM:  [482, 224]
---------------------------------------
DEBUG    root:machine.py:309 MOD 5
TICK: 23347 PC:  10 ADDR:   0 MEM_OUT: 482 ACC: 482 BUFF: 482 DC: 0 FLAG_ZERO: False FLAG_LT: 0 FLAG_GT: 1
INPUT_PORT:  []
OUT_PORT:  []
DATA_MEM:  [482, 224]
---------------------------------------
DEBUG    root:machine.py:309 CMP 0
TICK: 23351 PC:  11 ADDR:   0 MEM_OUT: 482 ACC: 2 BUFF: 482 DC: 0 FLAG_ZERO: False FLAG_LT: 0 FLAG_GT: 1
INPUT_PORT:  []
OUT_PORT:  []
DATA_MEM:  [482, 224]
---------------------------------------
DEBUG    root:machine.py:309 JE 18
TICK: 23354 PC:  12 ADDR:   0 MEM_OUT: 482 ACC: 2 BUFF: 482 DC: 0 FLAG_ZERO: False FLAG_LT: 0 FLAG_GT: 1
INPUT_PORT:  []
OUT_PORT:  []
DATA_MEM:  [482, 224]
---------------------------------------
DEBUG    root:machine.py:309 JMP 0
TICK: 23357 PC:  13 ADDR:   0 MEM_OUT: 482 ACC: 2 BUFF: 482 DC: 0 FLAG_ZERO: False FLAG_LT: 0 FLAG_GT: 1
INPUT_PORT:  []
OUT_PORT:  []
DATA_MEM:  [482, 224]
---------------------------------------
DEBUG    root:machine.py:309 LD 0
TICK: 23360 PC:   0 ADDR:   0 MEM_OUT: 482 ACC: 2 BUFF: 482 DC: 0 FLAG_ZERO: False FLAG_LT: 0 FLAG_GT: 1
INPUT_PORT:  []
OUT_PORT:  []
DATA_MEM:  [482, 224]
---------------------------------------
DEBUG    root:machine.py:309 INC 
TICK: 23364 PC:   1 ADDR:   0 MEM_OUT: 482 ACC: 482 BUFF: 482 DC: 0 FLAG_ZERO: False FLAG_LT: 0 FLAG_GT: 1
INPUT_PORT:  []
OUT_PORT:  []
DATA_MEM:  [482, 224]
---------------------------------------
DEBUG    root:machine.py:309 ST 0
TICK: 23367 PC:   2 ADDR:   0 MEM_OUT: 482 ACC: 483 BUFF: 482 DC: 0 FLAG_ZERO: False FLAG_LT: 0 FLAG_GT: 1
INPUT_PORT:  []
OUT_PORT:  []
DATA_MEM:  [482, 224]
---------------------------------------
DEBUG    root:machine.py:309 CMP 1000
TICK: 23371 PC:   3 ADDR:   0 MEM_OUT: 483 ACC: 483 BUFF: 482 DC: 0 FLAG_ZERO: False FLAG_LT: 0 FLAG_GT: 1
INPUT_PORT:  []
OUT_PORT:  []
DATA_MEM:  [483, 224]
---------------------------------------
DEBUG    root:machine.py:309 JGE 22
TICK: 23374 PC:   4 ADDR:   0 MEM_OUT: 483 ACC: 483 BUFF: 482 DC: 0 FLAG_ZERO: False FLAG_LT: 1 FLAG_GT: 0
INPUT_PORT:  []
OUT_PORT:  []
DATA_MEM:  [483, 224]
---------------------------------------
DEBUG    root:machine.py:309 LD 0
TICK: 23377 PC:   5 ADDR:   0 MEM_OUT: 483 ACC: 483 BUFF: 482 DC: 0 FLAG_ZERO: False FLAG_LT: 1 FLAG_GT: 0
INPUT_PORT:  []
OUT_PORT:  []
DATA_MEM:  [483, 224]
---------------------------------------
DEBUG    root:machine.py:309 MOD 3
TICK: 23381 PC:   6 ADDR:   0 MEM_OUT: 483 ACC: 483 BUFF: 482 DC: 0 FLAG_ZERO: False FLAG_LT: 1 FLAG_GT: 0
INPUT_PORT:  []
OUT_PORT:  []
DATA_MEM:  [483, 224]
---------------------------------------
DEBUG    root:machine.py:309 CMP 0
TICK: 23385 PC:   7 ADDR:   0 MEM_OUT: 483 ACC: 0 BUFF: 483 DC: 0 FLAG_ZERO: False FLAG_LT: 1 FLAG_GT: 0
INPUT_PORT:  []
OUT_PORT:  []
DATA_MEM:  [483, 224]
---------------------------------------
DEBUG    root:machine.py:309 JE 14
TICK: 23388 PC:   8 ADDR:   0 MEM_OUT: 483 ACC: 0 BUFF: 483 DC: 0 FLAG_ZERO: True FLAG_LT: 0 FLAG_GT: 0
INPUT_PORT:  []
OUT_PORT:  []
DATA_MEM:  [483, 224]
---------------------------------------
DEBUG    root:machine.py:309 LD 4
TICK: 23391 PC:  14 ADDR:   0 MEM_OUT: 483 ACC: 0 BUFF: 483 DC: 0 FLAG_ZERO: True FLAG_LT: 0 FLAG_GT: 0
INPUT_PORT:  []
OUT_PORT:  []
DATA_MEM:  [483, 224]
---------------------------------------
DEBUG    root:machine.py:309 INC 
TICK: 23395 PC:  15 ADDR:   1 MEM_OUT: 224 ACC: 224 BUFF: 483 DC: 0 FLAG_ZERO: True FLAG_LT: 0 FLAG_GT: 0
INPUT_PORT:  []
OUT_PORT:  []
DATA_MEM:  [483, 224]
---------------------------------------
DEBUG    root:machine.py:309 ST 4
TICK: 23398 PC:  16 ADDR:   1 MEM_OUT: 224 ACC: 225 BUFF: 483 DC: 0 FLAG_ZERO: True FLAG_LT: 0 FLAG_GT: 0
INPUT_PORT:  []
OUT_PORT:  []
DATA_MEM:  [483, 224]
---------------------------------------
DEBUG    root:machine.py:309 JMP 0
TICK: 23402 PC:  17 ADDR:   1 MEM_OUT: 225 ACC: 225 BUFF: 483 DC: 0 FLAG_ZERO: True FLAG_LT: 0 FLAG_GT: 0
INPUT_PORT:  []
OUT_PORT:  []
DATA_MEM:  [483, 225]
---------------------------------------
DEBUG    root:machine.py:309 LD 0
TICK: 23405 PC:   0 ADDR:   1 MEM_OUT: 225 ACC: 225 BUFF: 483 DC: 0 FLAG_ZERO: True FLAG_LT: 0 FLAG_GT: 0
INPUT_PORT:  []
OUT_PORT:  []
DATA_MEM:  [483, 225]
---------------------------------------
DEBUG    root:machine.py:309 INC 
TICK: 23409 PC:   1 ADDR:   0 MEM_OUT: 483 ACC: 483 BUFF: 483 DC: 0 FLAG_ZERO: True FLAG_LT: 0 FLAG_GT: 0
INPUT_PORT:  []
OUT_PORT:  []
DATA_MEM:  [483, 225]
---------------------------------------
DEBUG    root:machine.py:309 ST 0
TICK: 23412 PC:   2 ADDR:   0 MEM_OUT: 483 ACC: 484 BUFF: 483 DC: 0 FLAG_ZERO: True FLAG_LT: 0 FLAG_GT: 0
INPUT_PORT:  []
OUT_PORT:  []
DATA_MEM:  [483, 225]
---------------------------------------
DEBUG    root:machine.py:309 CMP 1000
TICK: 23416 PC:   3 ADDR:   0 MEM_OUT: 484 ACC: 484 BUFF: 483 DC: 0 FLAG_ZERO: True FLAG_LT: 0 FLAG_GT: 0
INPUT_PORT:  []
OUT_PORT:  []
DATA_MEM:  [484, 225]
---------------------------------------
DEBUG    root:machine.py:309 JGE 22
TICK: 23419 PC:   4 ADDR:   0 MEM_OUT: 484 ACC: 484 BUFF: 483 DC: 0 FLAG_ZERO: False FLAG_LT: 1 FLAG_GT: 0
INPUT_PORT:  []
OUT_PORT:  []
DATA_MEM:  [484, 225]
---------------------------------------
DEBUG    root:machine.py:309 LD 0
TICK: 23422 PC:   5 ADDR:   0 MEM_OUT: 484 ACC: 484 BUFF: 483 DC: 0 FLAG_ZERO: False FLAG_LT: 1 FLAG_GT: 0
INPUT_PORT:  []
OUT_PORT:  []
DATA_MEM:  [484, 225]
---------------------------------------
DEBUG    root:machine.py:309 MOD 3
TICK: 23426 PC:   6 ADDR:   0 MEM_OUT: 484 ACC: 484 BUFF: 483 DC: 0 FLAG_ZERO: False FLAG_LT: 1 FLAG_GT: 0
INPUT_PORT:  []
OUT_PORT:  []
DATA_MEM:  [484, 225]
---------------------------------------
DEBUG    root:machine.py:309 CMP 0
TICK: 23430 PC:   7 ADDR:   0 MEM_OUT: 484 ACC: 1 BUFF: 484 DC: 0 FLAG_ZERO: False FLAG_LT: 1 FLAG_GT: 0
INPUT_PORT:  []
OUT_PORT:  []
DATA_MEM:  [484, 225]
---------------------------------------
DEBUG    root:machine.py:309 JE 14
TICK: 23433 PC:   8 ADDR:   0 MEM_OUT: 484 ACC: 1 BUFF: 484 DC: 0 FLAG_ZERO: False FLAG_LT: 0 FLAG_GT: 1
INPUT_PORT:  []
OUT_PORT:  []
DATA_MEM:  [484, 225]
---------------------------------------
DEBUG    root:machine.py:309 LD 0
TICK: 23436 PC:   9 ADDR:   0 MEM_OUT: 484 ACC: 1 BUFF: 484 DC: 0 FLAG_ZERO: False FLAG_LT: 0 FLAG_GT: 1
INPUT_PORT:  []
OUT_PORT:  []
DATA_MEM:  [484, 225]
---------------------------------------
DEBUG    root:machine.py:309 MOD 5
TICK: 23440 PC:  10 ADDR:   0 MEM_OUT: 484 ACC: 484 BUFF: 484 DC: 0 FLAG_ZERO: False FLAG_LT: 0 FLAG_GT: 1
INPUT_PORT:  []
OUT_PORT:  []
DATA_MEM:  [484, 225]
---------------------------------------
DEBUG    root:machine.py:309 CMP 0
TICK: 23444 PC:  11 ADDR:   0 MEM_OUT: 484 ACC: 4 BUFF: 484 DC: 0 FLAG_ZERO: False FLAG_LT: 0 FLAG_GT: 1
INPUT_PORT:  []
OUT_PORT:  []
DATA_MEM:  [484, 225]
---------------------------------------
DEBUG    root:machine.py:309 JE 18
TICK: 23447 PC:  12 ADDR:   0 MEM_OUT: 484 ACC: 4 BUFF: 484 DC: 0 FLAG_ZERO: False FLAG_LT: 0 FLAG_GT: 1
INPUT_PORT:  []
OUT_PORT:  []
DATA_MEM:  [484, 225]
---------------------------------------
DEBUG    root:machine.py:309 JMP 0
TICK: 23450 PC:  13 ADDR:   0 MEM_OUT: 484 ACC: 4 BUFF: 484 DC: 0 FLAG_ZERO: False FLAG_LT: 0 FLAG_GT: 1
INPUT_PORT:  []
OUT_PORT:  []
DATA_MEM:  [484, 225]
---------------------------------------
DEBUG    root:machine.py:309 LD 0
TICK: 23453 PC:   0 ADDR:   0 MEM_OUT: 484 ACC: 4 BUFF: 484 DC: 0 FLAG_ZERO: False FLAG_LT: 0 FLAG_GT: 1
INPUT_PORT:  []
OUT_PORT:  []
DATA_MEM:  [484, 225]
---------------------------------------
DEBUG    root:machine.py:309 INC 
TICK: 23457 PC:   1 ADDR:   0 MEM_OUT: 484 ACC: 484 BUFF: 484 DC: 0 FLAG_ZERO: False FLAG_LT: 0 FLAG_GT: 1
INPUT_PORT:  []
OUT_PORT:  []
DATA_MEM:  [484, 225]
---------------------------------------
DEBUG    root:machine.py:309 ST 0
TICK: 23460 PC:   2 ADDR:   0 MEM_OUT: 484 ACC: 485 BUFF: 484 DC: 0 FLAG_ZERO: False FLAG_LT: 0 FLAG_GT: 1
INPUT_PORT:  []
OUT_PORT:  []
DATA_MEM:  [484, 225]
---------------------------------------
DEBUG    root:machine.py:309 CMP 1000
TICK: 23464 PC:   3 ADDR:   0 MEM_OUT: 485 ACC: 485 BUFF: 484 DC: 0 FLAG_ZERO: False FLAG_LT: 0 FLAG_GT: 1
INPUT_PORT:  []
OUT_PORT:  []
DATA_MEM:  [485, 225]
---------------------------------------
DEBUG    root:machine.py:309 JGE 22
TICK: 23467 PC:   4 ADDR:   0 MEM_OUT: 485 ACC: 485 BUFF: 484 DC: 0 FLAG_ZERO: False FLAG_LT: 1 FLAG_GT: 0
INPUT_PORT:  []
OUT_PORT:  []
DATA_MEM:  [485, 225]
---------------------------------------
DEBUG    root:machine.py:309 LD 0
TICK: 23470 PC:   5 ADDR:   0 MEM_OUT: 485 ACC: 485 BUFF: 484 DC: 0 FLAG_ZERO: False FLAG_LT: 1 FLAG_GT: 0
INPUT_PORT:  []
OUT_PORT:  []
DATA_MEM:  [485, 225]
---------------------------------------
DEBUG    root:machine.py:309 MOD 3
TICK: 23474 PC:   6 ADDR:   0 MEM_OUT: 485 ACC: 485 BUFF: 484 DC: 0 FLAG_ZERO: False FLAG_LT: 1 FLAG_GT: 0
INPUT_PORT:  []
OUT_PORT:  []
DATA_MEM:  [485, 225]
---------------------------------------
DEBUG    root:machine.py:309 CMP 0
TICK: 23478 PC:   7 ADDR:   0 MEM_OUT: 485 ACC: 2 BUFF: 485 DC: 0 FLAG_ZERO: False FLAG_LT: 1 FLAG_GT: 0
INPUT_PORT:  []
OUT_PORT:  []
DATA_MEM:  [485, 225]
---------------------------------------
DEBUG    root:machine.py:309 JE 14
TICK: 23481 PC:   8 ADDR:   0 MEM_OUT: 485 ACC: 2 BUFF: 485 DC: 0 FLAG_ZERO: False FLAG_LT: 0 FLAG_GT: 1
INPUT_PORT:  []
OUT_PORT:  []
DATA_MEM:  [485, 225]
---------------------------------------
DEBUG    root:machine.py:309 LD 0
TICK: 23484 PC:   9 ADDR:   0 MEM_OUT: 485 ACC: 2 BUFF: 485 DC: 0 FLAG_ZERO: False FLAG_LT: 0 FLAG_GT: 1
INPUT_PORT:  []
OUT_PORT:  []
DATA_MEM:  [485, 225]
---------------------------------------
DEBUG    root:machine.py:309 MOD 5
TICK: 23488 PC:  10 ADDR:   0 MEM_OUT: 485 ACC: 485 BUFF: 485 DC: 0 FLAG_ZERO: False FLAG_LT: 0 FLAG_GT: 1
INPUT_PORT:  []
OUT_PORT:  []
DATA_MEM:  [485, 225]
---------------------------------------
DEBUG    root:machine.py:309 CMP 0
TICK: 23492 PC:  11 ADDR:   0 MEM_OUT: 485 ACC: 0 BUFF: 485 DC: 0 FLAG_ZERO: False FLAG_LT: 0 FLAG_GT: 1
INPUT_PORT:  []
OUT_PORT:  []
DATA_MEM:  [485, 225]
---------------------------------------
DEBUG    root:machine.py:309 JE 18
TICK: 23495 PC:  12 ADDR:   0 MEM_OUT: 485 ACC: 0 BUFF: 485 DC: 0 FLAG_ZERO: True FLAG_LT: 0 FLAG_GT: 0
INPUT_PORT:  []
OUT_PORT:  []
DATA_MEM:  [485, 225]
---------------------------------------
DEBUG    root:machine.py:309 LD 4
TICK: 23498 PC:  18 ADDR:   0 MEM_OUT: 485 ACC: 0 BUFF: 485 DC: 0 FLAG_ZERO: True FLAG_LT: 0 FLAG_GT: 0
INPUT_PORT:  []
OUT_PORT:  []
DATA_MEM:  [485, 225]
---------------------------------------
DEBUG    root:machine.py:309 INC 
TICK: 23502 PC:  19 ADDR:   1 MEM_OUT: 225 ACC: 225 BUFF: 485 DC: 0 FLAG_ZERO: True FLAG_LT: 0 FLAG_GT: 0
INPUT_PORT:  []
OUT_PORT:  []
DATA_MEM:  [485, 225]
---------------------------------------
DEBUG    root:machine.py:309 ST 4
TICK: 23505 PC:  20 ADDR:   1 MEM_OUT: 225 ACC: 226 BUFF: 485 DC: 0 FLAG_ZERO: True FLAG_LT: 0 FLAG_GT: 0
INPUT_PORT:  []
OUT_PORT:  []
DATA_MEM:  [485, 225]
---------------------------------------
DEBUG    root:machine.py:309 JMP 0
TICK: 23509 PC:  21 ADDR:   1 MEM_OUT: 226 ACC: 226 BUFF: 485 DC: 0 FLAG_ZERO: True FLAG_LT: 0 FLAG_GT: 0
INPUT_PORT:  []
OUT_PORT:  []
DATA_MEM:  [485, 226]
---------------------------------------
DEBUG    root:machine.py:309 LD 0
TICK: 23512 PC:   0 ADDR:   1 MEM_OUT: 226 ACC: 226 BUFF: 485 DC: 0 FLAG_ZERO: True FLAG_LT: 0 FLAG_GT: 0
INPUT_PORT:  []
OUT_PORT:  []
DATA_MEM:  [485, 226]
---------------------------------------
DEBUG    root:machine.py:309 INC 
TICK: 23516 PC:   1 ADDR:   0 MEM_OUT: 485 ACC: 485 BUFF: 485 DC: 0 FLAG_ZERO: True FLAG_LT: 0 FLAG_GT: 0
INPUT_PORT:  []
OUT_PORT:  []
DATA_MEM:  [485, 226]
---------------------------------------
DEBUG    root:machine.py:309 ST 0
TICK: 23519 PC:   2 ADDR:   0 MEM_OUT: 485 ACC: 486 BUFF: 485 DC: 0 FLAG_ZERO: True FLAG_LT: 0 FLAG_GT: 0
INPUT_PORT:  []
OUT_PORT:  []
DATA_MEM:  [485, 226]
---------------------------------------
DEBUG    root:machine.py:309 CMP 1000
TICK: 23523 PC:   3 ADDR:   0 MEM_OUT: 486 ACC: 486 BUFF: 485 DC: 0 FLAG_ZERO: True FLAG_LT: 0 FLAG_GT: 0
INPUT_PORT:  []
OUT_PORT:  []
DATA_MEM:  [486, 226]
---------------------------------------
DEBUG    root:machine.py:309 JGE 22
TICK: 23526 PC:   4 ADDR:   0 MEM_OUT: 486 ACC: 486 BUFF: 485 DC: 0 FLAG_ZERO: False FLAG_LT: 1 FLAG_GT: 0
INPUT_PORT:  []
OUT_PORT:  []
DATA_MEM:  [486, 226]
---------------------------------------
DEBUG    root:machine.py:309 LD 0
TICK: 23529 PC:   5 ADDR:   0 MEM_OUT: 486 ACC: 486 BUFF: 485 DC: 0 FLAG_ZERO: False FLAG_LT: 1 FLAG_GT: 0
INPUT_PORT:  []
OUT_PORT:  []
DATA_MEM:  [486, 226]
---------------------------------------
DEBUG    root:machine.py:309 MOD 3
TICK: 23533 PC:   6 ADDR:   0 MEM_OUT: 486 ACC: 486 BUFF: 485 DC: 0 FLAG_ZERO: False FLAG_LT: 1 FLAG_GT: 0
INPUT_PORT:  []
OUT_PORT:  []
DATA_MEM:  [486, 226]
---------------------------------------
DEBUG    root:machine.py:309 CMP 0
TICK: 23537 PC:   7 ADDR:   0 MEM_OUT: 486 ACC: 0 BUFF: 486 DC: 0 FLAG_ZERO: False FLAG_LT: 1 FLAG_GT: 0
INPUT_PORT:  []
OUT_PORT:  []
DATA_MEM:  [486, 226]
---------------------------------------
DEBUG    root:machine.py:309 JE 14
TICK: 23540 PC:   8 ADDR:   0 MEM_OUT: 486 ACC: 0 BUFF: 486 DC: 0 FLAG_ZERO: True FLAG_LT: 0 FLAG_GT: 0
INPUT_PORT:  []
OUT_PORT:  []
DATA_MEM:  [486, 226]
---------------------------------------
DEBUG    root:machine.py:309 LD 4
TICK: 23543 PC:  14 ADDR:   0 MEM_OUT: 486 ACC: 0 BUFF: 486 DC: 0 FLAG_ZERO: True FLAG_LT: 0 FLAG_GT: 0
INPUT_PORT:  []
OUT_PORT:  []
DATA_MEM:  [486, 226]
---------------------------------------
DEBUG    root:machine.py:309 INC 
TICK: 23547 PC:  15 ADDR:   1 MEM_OUT: 226 ACC: 226 BUFF: 486 DC: 0 FLAG_ZERO: True FLAG_LT: 0 FLAG_GT: 0
INPUT_PORT:  []
OUT_PORT:  []
DATA_MEM:  [486, 226]
---------------------------------------
DEBUG    root:machine.py:309 ST 4
TICK: 23550 PC:  16 ADDR:   1 MEM_OUT: 226 ACC: 227 BUFF: 486 DC: 0 FLAG_ZERO: True FLAG_LT: 0 FLAG_GT: 0
INPUT_PORT:  []
OUT_PORT:  []
DATA_MEM:  [486, 226]
---------------------------------------
DEBUG    root:machine.py:309 JMP 0
TICK: 23554 PC:  17 ADDR:   1 MEM_OUT: 227 ACC: 227 BUFF: 486 DC: 0 FLAG_ZERO: True FLAG_LT: 0 FLAG_GT: 0
INPUT_PORT:  []
OUT_PORT:  []
DATA_MEM:  [486, 227]
---------------------------------------
DEBUG    root:machine.py:309 LD 0
TICK: 23557 PC:   0 ADDR:   1 MEM_OUT: 227 ACC: 227 BUFF: 486 DC: 0 FLAG_ZERO: True FLAG_LT: 0 FLAG_GT: 0
INPUT_PORT:  []
OUT_PORT:  []
DATA_MEM:  [486, 227]
---------------------------------------
DEBUG    root:machine.py:309 INC 
TICK: 23561 PC:   1 ADDR:   0 MEM_OUT: 486 ACC: 486 BUFF: 486 DC: 0 FLAG_ZERO: True FLAG_LT: 0 FLAG_GT: 0
INPUT_PORT:  []
OUT_PORT:  []
DATA_MEM:  [486, 227]
---------------------------------------
DEBUG    root:machine.py:309 ST 0
TICK: 23564 PC:   2 ADDR:   0 MEM_OUT: 486 ACC: 487 BUFF: 486 DC: 0 FLAG_ZERO: True FLAG_LT: 0 FLAG_GT: 0
INPUT_PORT:  []
OUT_PORT:  []
DATA_MEM:  [486, 227]
---------------------------------------
DEBUG    root:machine.py:309 CMP 1000
TICK: 23568 PC:   3 ADDR:   0 MEM_OUT: 487 ACC: 487 BUFF: 486 DC: 0 FLAG_ZERO: True FLAG_LT: 0 FLAG_GT: 0
INPUT_PORT:  []
OUT_PORT:  []
DATA_MEM:  [487, 227]
---------------------------------------
DEBUG    root:machine.py:309 JGE 22
TICK: 23571 PC:   4 ADDR:   0 MEM_OUT: 487 ACC: 487 BUFF: 486 DC: 0 FLAG_ZERO: False FLAG_LT: 1 FLAG_GT: 0
INPUT_PORT:  []
OUT_PORT:  []
DATA_MEM:  [487, 227]
---------------------------------------
DEBUG    root:machine.py:309 LD 0
TICK: 23574 PC:   5 ADDR:   0 MEM_OUT: 487 ACC: 487 BUFF: 486 DC: 0 FLAG_ZERO: False FLAG_LT: 1 FLAG_GT: 0
INPUT_PORT:  []
OUT_PORT:  []
DATA_MEM:  [487, 227]
---------------------------------------
DEBUG    root:machine.py:309 MOD 3
TICK: 23578 PC:   6 ADDR:   0 MEM_OUT: 487 ACC: 487 BUFF: 486 DC: 0 FLAG_ZERO: False FLAG_LT: 1 FLAG_GT: 0
INPUT_PORT:  []
OUT_PORT:  []
DATA_MEM:  [487, 227]
---------------------------------------
DEBUG    root:machine.py:309 CMP 0
TICK: 23582 PC:   7 ADDR:   0 MEM_OUT: 487 ACC: 1 BUFF: 487 DC: 0 FLAG_ZERO: False FLAG_LT: 1 FLAG_GT: 0
INPUT_PORT:  []
OUT_PORT:  []
DATA_MEM:  [487, 227]
---------------------------------------
DEBUG    root:machine.py:309 JE 14
TICK: 23585 PC:   8 ADDR:   0 MEM_OUT: 487 ACC: 1 BUFF: 487 DC: 0 FLAG_ZERO: False FLAG_LT: 0 FLAG_GT: 1
INPUT_PORT:  []
OUT_PORT:  []
DATA_MEM:  [487, 227]
---------------------------------------
DEBUG    root:machine.py:309 LD 0
TICK: 23588 PC:   9 ADDR:   0 MEM_OUT: 487 ACC: 1 BUFF: 487 DC: 0 FLAG_ZERO: False FLAG_LT: 0 FLAG_GT: 1
INPUT_PORT:  []
OUT_PORT:  []
DATA_MEM:  [487, 227]
---------------------------------------
DEBUG    root:machine.py:309 MOD 5
TICK: 23592 PC:  10 ADDR:   0 MEM_OUT: 487 ACC: 487 BUFF: 487 DC: 0 FLAG_ZERO: False FLAG_LT: 0 FLAG_GT: 1
INPUT_PORT:  []
OUT_PORT:  []
DATA_MEM:  [487, 227]
---------------------------------------
DEBUG    root:machine.py:309 CMP 0
TICK: 23596 PC:  11 ADDR:   0 MEM_OUT: 487 ACC: 2 BUFF: 487 DC: 0 FLAG_ZERO: False FLAG_LT: 0 FLAG_GT: 1
INPUT_PORT:  []
OUT_PORT:  []
DATA_MEM:  [487, 227]
---------------------------------------
DEBUG    root:machine.py:309 JE 18
TICK: 23599 PC:  12 ADDR:   0 MEM_OUT: 487 ACC: 2 BUFF: 487 DC: 0 FLAG_ZERO: False FLAG_LT: 0 FLAG_GT: 1
INPUT_PORT:  []
OUT_PORT:  []
DATA_MEM:  [487, 227]
---------------------------------------
DEBUG    root:machine.py:309 JMP 0
TICK: 23602 PC:  13 ADDR:   0 MEM_OUT: 487 ACC: 2 BUFF: 487 DC: 0 FLAG_ZERO: False FLAG_LT: 0 FLAG_GT: 1
INPUT_PORT:  []
OUT_PORT:  []
DATA_MEM:  [487, 227]
---------------------------------------
DEBUG    root:machine.py:309 LD 0
TICK: 23605 PC:   0 ADDR:   0 MEM_OUT: 487 ACC: 2 BUFF: 487 DC: 0 FLAG_ZERO: False FLAG_LT: 0 FLAG_GT: 1
INPUT_PORT:  []
OUT_PORT:  []
DATA_MEM:  [487, 227]
---------------------------------------
DEBUG    root:machine.py:309 INC 
TICK: 23609 PC:   1 ADDR:   0 MEM_OUT: 487 ACC: 487 BUFF: 487 DC: 0 FLAG_ZERO: False FLAG_LT: 0 FLAG_GT: 1
INPUT_PORT:  []
OUT_PORT:  []
DATA_MEM:  [487, 227]
---------------------------------------
DEBUG    root:machine.py:309 ST 0
TICK: 23612 PC:   2 ADDR:   0 MEM_OUT: 487 ACC: 488 BUFF: 487 DC: 0 FLAG_ZERO: False FLAG_LT: 0 FLAG_GT: 1
INPUT_PORT:  []
OUT_PORT:  []
DATA_MEM:  [487, 227]
---------------------------------------
DEBUG    root:machine.py:309 CMP 1000
TICK: 23616 PC:   3 ADDR:   0 MEM_OUT: 488 ACC: 488 BUFF: 487 DC: 0 FLAG_ZERO: False FLAG_LT: 0 FLAG_GT: 1
INPUT_PORT:  []
OUT_PORT:  []
DATA_MEM:  [488, 227]
---------------------------------------
DEBUG    root:machine.py:309 JGE 22
TICK: 23619 PC:   4 ADDR:   0 MEM_OUT: 488 ACC: 488 BUFF: 487 DC: 0 FLAG_ZERO: False FLAG_LT: 1 FLAG_GT: 0
INPUT_PORT:  []
OUT_PORT:  []
DATA_MEM:  [488, 227]
---------------------------------------
DEBUG    root:machine.py:309 LD 0
TICK: 23622 PC:   5 ADDR:   0 MEM_OUT: 488 ACC: 488 BUFF: 487 DC: 0 FLAG_ZERO: False FLAG_LT: 1 FLAG_GT: 0
INPUT_PORT:  []
OUT_PORT:  []
DATA_MEM:  [488, 227]
---------------------------------------
DEBUG    root:machine.py:309 MOD 3
TICK: 23626 PC:   6 ADDR:   0 MEM_OUT: 488 ACC: 488 BUFF: 487 DC: 0 FLAG_ZERO: False FLAG_LT: 1 FLAG_GT: 0
INPUT_PORT:  []
OUT_PORT:  []
DATA_MEM:  [488, 227]
---------------------------------------
DEBUG    root:machine.py:309 CMP 0
TICK: 23630 PC:   7 ADDR:   0 MEM_OUT: 488 ACC: 2 BUFF: 488 DC: 0 FLAG_ZERO: False FLAG_LT: 1 FLAG_GT: 0
INPUT_PORT:  []
OUT_PORT:  []
DATA_MEM:  [488, 227]
---------------------------------------
DEBUG    root:machine.py:309 JE 14
TICK: 23633 PC:   8 ADDR:   0 MEM_OUT: 488 ACC: 2 BUFF: 488 DC: 0 FLAG_ZERO: False FLAG_LT: 0 FLAG_GT: 1
INPUT_PORT:  []
OUT_PORT:  []
DATA_MEM:  [488, 227]
---------------------------------------
DEBUG    root:machine.py:309 LD 0
TICK: 23636 PC:   9 ADDR:   0 MEM_OUT: 488 ACC: 2 BUFF: 488 DC: 0 FLAG_ZERO: False FLAG_LT: 0 FLAG_GT: 1
INPUT_PORT:  []
OUT_PORT:  []
DATA_MEM:  [488, 227]
---------------------------------------
DEBUG    root:machine.py:309 MOD 5
TICK: 23640 PC:  10 ADDR:   0 MEM_OUT: 488 ACC: 488 BUFF: 488 DC: 0 FLAG_ZERO: False FLAG_LT: 0 FLAG_GT: 1
INPUT_PORT:  []
OUT_PORT:  []
DATA_MEM:  [488, 227]
---------------------------------------
DEBUG    root:machine.py:309 CMP 0
TICK: 23644 PC:  11 ADDR:   0 MEM_OUT: 488 ACC: 3 BUFF: 488 DC: 0 FLAG_ZERO: False FLAG_LT: 0 FLAG_GT: 1
INPUT_PORT:  []
OUT_PORT:  []
DATA_MEM:  [488, 227]
---------------------------------------
DEBUG    root:machine.py:309 JE 18
TICK: 23647 PC:  12 ADDR:   0 MEM_OUT: 488 ACC: 3 BUFF: 488 DC: 0 FLAG_ZERO: False FLAG_LT: 0 FLAG_GT: 1
INPUT_PORT:  []
OUT_PORT:  []
DATA_MEM:  [488, 227]
---------------------------------------
DEBUG    root:machine.py:309 JMP 0
TICK: 23650 PC:  13 ADDR:   0 MEM_OUT: 488 ACC: 3 BUFF: 488 DC: 0 FLAG_ZERO: False FLAG_LT: 0 FLAG_GT: 1
INPUT_PORT:  []
OUT_PORT:  []
DATA_MEM:  [488, 227]
---------------------------------------
DEBUG    root:machine.py:309 LD 0
TICK: 23653 PC:   0 ADDR:   0 MEM_OUT: 488 ACC: 3 BUFF: 488 DC: 0 FLAG_ZERO: False FLAG_LT: 0 FLAG_GT: 1
INPUT_PORT:  []
OUT_PORT:  []
DATA_MEM:  [488, 227]
---------------------------------------
DEBUG    root:machine.py:309 INC 
TICK: 23657 PC:   1 ADDR:   0 MEM_OUT: 488 ACC: 488 BUFF: 488 DC: 0 FLAG_ZERO: False FLAG_LT: 0 FLAG_GT: 1
INPUT_PORT:  []
OUT_PORT:  []
DATA_MEM:  [488, 227]
---------------------------------------
DEBUG    root:machine.py:309 ST 0
TICK: 23660 PC:   2 ADDR:   0 MEM_OUT: 488 ACC: 489 BUFF: 488 DC: 0 FLAG_ZERO: False FLAG_LT: 0 FLAG_GT: 1
INPUT_PORT:  []
OUT_PORT:  []
DATA_MEM:  [488, 227]
---------------------------------------
DEBUG    root:machine.py:309 CMP 1000
TICK: 23664 PC:   3 ADDR:   0 MEM_OUT: 489 ACC: 489 BUFF: 488 DC: 0 FLAG_ZERO: False FLAG_LT: 0 FLAG_GT: 1
INPUT_PORT:  []
OUT_PORT:  []
DATA_MEM:  [489, 227]
---------------------------------------
DEBUG    root:machine.py:309 JGE 22
TICK: 23667 PC:   4 ADDR:   0 MEM_OUT: 489 ACC: 489 BUFF: 488 DC: 0 FLAG_ZERO: False FLAG_LT: 1 FLAG_GT: 0
INPUT_PORT:  []
OUT_PORT:  []
DATA_MEM:  [489, 227]
---------------------------------------
DEBUG    root:machine.py:309 LD 0
TICK: 23670 PC:   5 ADDR:   0 MEM_OUT: 489 ACC: 489 BUFF: 488 DC: 0 FLAG_ZERO: False FLAG_LT: 1 FLAG_GT: 0
INPUT_PORT:  []
OUT_PORT:  []
DATA_MEM:  [489, 227]
---------------------------------------
DEBUG    root:machine.py:309 MOD 3
TICK: 23674 PC:   6 ADDR:   0 MEM_OUT: 489 ACC: 489 BUFF: 488 DC: 0 FLAG_ZERO: False FLAG_LT: 1 FLAG_GT: 0
INPUT_PORT:  []
OUT_PORT:  []
DATA_MEM:  [489, 227]
---------------------------------------
DEBUG    root:machine.py:309 CMP 0
TICK: 23678 PC:   7 ADDR:   0 MEM_OUT: 489 ACC: 0 BUFF: 489 DC: 0 FLAG_ZERO: False FLAG_LT: 1 FLAG_GT: 0
INPUT_PORT:  []
OUT_PORT:  []
DATA_MEM:  [489, 227]
---------------------------------------
DEBUG    root:machine.py:309 JE 14
TICK: 23681 PC:   8 ADDR:   0 MEM_OUT: 489 ACC: 0 BUFF: 489 DC: 0 FLAG_ZERO: True FLAG_LT: 0 FLAG_GT: 0
INPUT_PORT:  []
OUT_PORT:  []
DATA_MEM:  [489, 227]
---------------------------------------
DEBUG    root:machine.py:309 LD 4
TICK: 23684 PC:  14 ADDR:   0 MEM_OUT: 489 ACC: 0 BUFF: 489 DC: 0 FLAG_ZERO: True FLAG_LT: 0 FLAG_GT: 0
INPUT_PORT:  []
OUT_PORT:  []
DATA_MEM:  [489, 227]
---------------------------------------
DEBUG    root:machine.py:309 INC 
TICK: 23688 PC:  15 ADDR:   1 MEM_OUT: 227 ACC: 227 BUFF: 489 DC: 0 FLAG_ZERO: True FLAG_LT: 0 FLAG_GT: 0
INPUT_PORT:  []
OUT_PORT:  []
DATA_MEM:  [489, 227]
---------------------------------------
DEBUG    root:machine.py:309 ST 4
TICK: 23691 PC:  16 ADDR:   1 MEM_OUT: 227 ACC: 228 BUFF: 489 DC: 0 FLAG_ZERO: True FLAG_LT: 0 FLAG_GT: 0
INPUT_PORT:  []
OUT_PORT:  []
DATA_MEM:  [489, 227]
---------------------------------------
DEBUG    root:machine.py:309 JMP 0
TICK: 23695 PC:  17 ADDR:   1 MEM_OUT: 228 ACC: 228 BUFF: 489 DC: 0 FLAG_ZERO: True FLAG_LT: 0 FLAG_GT: 0
INPUT_PORT:  []
OUT_PORT:  []
DATA_MEM:  [489, 228]
---------------------------------------
DEBUG    root:machine.py:309 LD 0
TICK: 23698 PC:   0 ADDR:   1 MEM_OUT: 228 ACC: 228 BUFF: 489 DC: 0 FLAG_ZERO: True FLAG_LT: 0 FLAG_GT: 0
INPUT_PORT:  []
OUT_PORT:  []
DATA_MEM:  [489, 228]
---------------------------------------
DEBUG    root:machine.py:309 INC 
TICK: 23702 PC:   1 ADDR:   0 MEM_OUT: 489 ACC: 489 BUFF: 489 DC: 0 FLAG_ZERO: True FLAG_LT: 0 FLAG_GT: 0
INPUT_PORT:  []
OUT_PORT:  []
DATA_MEM:  [489, 228]
---------------------------------------
DEBUG    root:machine.py:309 ST 0
TICK: 23705 PC:   2 ADDR:   0 MEM_OUT: 489 ACC: 490 BUFF: 489 DC: 0 FLAG_ZERO: True FLAG_LT: 0 FLAG_GT: 0
INPUT_PORT:  []
OUT_PORT:  []
DATA_MEM:  [489, 228]
---------------------------------------
DEBUG    root:machine.py:309 CMP 1000
TICK: 23709 PC:   3 ADDR:   0 MEM_OUT: 490 ACC: 490 BUFF: 489 DC: 0 FLAG_ZERO: True FLAG_LT: 0 FLAG_GT: 0
INPUT_PORT:  []
OUT_PORT:  []
DATA_MEM:  [490, 228]
---------------------------------------
DEBUG    root:machine.py:309 JGE 22
TICK: 23712 PC:   4 ADDR:   0 MEM_OUT: 490 ACC: 490 BUFF: 489 DC: 0 FLAG_ZERO: False FLAG_LT: 1 FLAG_GT: 0
INPUT_PORT:  []
OUT_PORT:  []
DATA_MEM:  [490, 228]
---------------------------------------
DEBUG    root:machine.py:309 LD 0
TICK: 23715 PC:   5 ADDR:   0 MEM_OUT: 490 ACC: 490 BUFF: 489 DC: 0 FLAG_ZERO: False FLAG_LT: 1 FLAG_GT: 0
INPUT_PORT:  []
OUT_PORT:  []
DATA_MEM:  [490, 228]
---------------------------------------
DEBUG    root:machine.py:309 MOD 3
TICK: 23719 PC:   6 ADDR:   0 MEM_OUT: 490 ACC: 490 BUFF: 489 DC: 0 FLAG_ZERO: False FLAG_LT: 1 FLAG_GT: 0
INPUT_PORT:  []
OUT_PORT:  []
DATA_MEM:  [490, 228]
---------------------------------------
DEBUG    root:machine.py:309 CMP 0
TICK: 23723 PC:   7 ADDR:   0 MEM_OUT: 490 ACC: 1 BUFF: 490 DC: 0 FLAG_ZERO: False FLAG_LT: 1 FLAG_GT: 0
INPUT_PORT:  []
OUT_PORT:  []
DATA_MEM:  [490, 228]
---------------------------------------
DEBUG    root:machine.py:309 JE 14
TICK: 23726 PC:   8 ADDR:   0 MEM_OUT: 490 ACC: 1 BUFF: 490 DC: 0 FLAG_ZERO: False FLAG_LT: 0 FLAG_GT: 1
INPUT_PORT:  []
OUT_PORT:  []
DATA_MEM:  [490, 228]
---------------------------------------
DEBUG    root:machine.py:309 LD 0
TICK: 23729 PC:   9 ADDR:   0 MEM_OUT: 490 ACC: 1 BUFF: 490 DC: 0 FLAG_ZERO: False FLAG_LT: 0 FLAG_GT: 1
INPUT_PORT:  []
OUT_PORT:  []
DATA_MEM:  [490, 228]
---------------------------------------
DEBUG    root:machine.py:309 MOD 5
TICK: 23733 PC:  10 ADDR:   0 MEM_OUT: 490 ACC: 490 BUFF: 490 DC: 0 FLAG_ZERO: False FLAG_LT: 0 FLAG_GT: 1
INPUT_PORT:  []
OUT_PORT:  []
DATA_MEM:  [490, 228]
---------------------------------------
DEBUG    root:machine.py:309 CMP 0
TICK: 23737 PC:  11 ADDR:   0 MEM_OUT: 490 ACC: 0 BUFF: 490 DC: 0 FLAG_ZERO: False FLAG_LT: 0 FLAG_GT: 1
INPUT_PORT:  []
OUT_PORT:  []
DATA_MEM:  [490, 228]
---------------------------------------
DEBUG    root:machine.py:309 JE 18
TICK: 23740 PC:  12 ADDR:   0 MEM_OUT: 490 ACC: 0 BUFF: 490 DC: 0 FLAG_ZERO: True FLAG_LT: 0 FLAG_GT: 0
INPUT_PORT:  []
OUT_PORT:  []
DATA_MEM:  [490, 228]
---------------------------------------
DEBUG    root:machine.py:309 LD 4
TICK: 23743 PC:  18 ADDR:   0 MEM_OUT: 490 ACC: 0 BUFF: 490 DC: 0 FLAG_ZERO: True FLAG_LT: 0 FLAG_GT: 0
INPUT_PORT:  []
OUT_PORT:  []
DATA_MEM:  [490, 228]
---------------------------------------
DEBUG    root:machine.py:309 INC 
TICK: 23747 PC:  19 ADDR:   1 MEM_OUT: 228 ACC: 228 BUFF: 490 DC: 0 FLAG_ZERO: True FLAG_LT: 0 FLAG_GT: 0
INPUT_PORT:  []
OUT_PORT:  []
DATA_MEM:  [490, 228]
---------------------------------------
DEBUG    root:machine.py:309 ST 4
TICK: 23750 PC:  20 ADDR:   1 MEM_OUT: 228 ACC: 229 BUFF: 490 DC: 0 FLAG_ZERO: True FLAG_LT: 0 FLAG_GT: 0
INPUT_PORT:  []
OUT_PORT:  []
DATA_MEM:  [490, 228]
---------------------------------------
DEBUG    root:machine.py:309 JMP 0
TICK: 23754 PC:  21 ADDR:   1 MEM_OUT: 229 ACC: 229 BUFF: 490 DC: 0 FLAG_ZERO: True FLAG_LT: 0 FLAG_GT: 0
INPUT_PORT:  []
OUT_PORT:  []
DATA_MEM:  [490, 229]
---------------------------------------
DEBUG    root:machine.py:309 LD 0
TICK: 23757 PC:   0 ADDR:   1 MEM_OUT: 229 ACC: 229 BUFF: 490 DC: 0 FLAG_ZERO: True FLAG_LT: 0 FLAG_GT: 0
INPUT_PORT:  []
OUT_PORT:  []
DATA_MEM:  [490, 229]
---------------------------------------
DEBUG    root:machine.py:309 INC 
TICK: 23761 PC:   1 ADDR:   0 MEM_OUT: 490 ACC: 490 BUFF: 490 DC: 0 FLAG_ZERO: True FLAG_LT: 0 FLAG_GT: 0
INPUT_PORT:  []
OUT_PORT:  []
DATA_MEM:  [490, 229]
---------------------------------------
DEBUG    root:machine.py:309 ST 0
TICK: 23764 PC:   2 ADDR:   0 MEM_OUT: 490 ACC: 491 BUFF: 490 DC: 0 FLAG_ZERO: True FLAG_LT: 0 FLAG_GT: 0
INPUT_PORT:  []
OUT_PORT:  []
DATA_MEM:  [490, 229]
---------------------------------------
DEBUG    root:machine.py:309 CMP 1000
TICK: 23768 PC:   3 ADDR:   0 MEM_OUT: 491 ACC: 491 BUFF: 490 DC: 0 FLAG_ZERO: True FLAG_LT: 0 FLAG_GT: 0
INPUT_PORT:  []
OUT_PORT:  []
DATA_MEM:  [491, 229]
---------------------------------------
DEBUG    root:machine.py:309 JGE 22
TICK: 23771 PC:   4 ADDR:   0 MEM_OUT: 491 ACC: 491 BUFF: 490 DC: 0 FLAG_ZERO: False FLAG_LT: 1 FLAG_GT: 0
INPUT_PORT:  []
OUT_PORT:  []
DATA_MEM:  [491, 229]
---------------------------------------
DEBUG    root:machine.py:309 LD 0
TICK: 23774 PC:   5 ADDR:   0 MEM_OUT: 491 ACC: 491 BUFF: 490 DC: 0 FLAG_ZERO: False FLAG_LT: 1 FLAG_GT: 0
INPUT_PORT:  []
OUT_PORT:  []
DATA_MEM:  [491, 229]
---------------------------------------
DEBUG    root:machine.py:309 MOD 3
TICK: 23778 PC:   6 ADDR:   0 MEM_OUT: 491 ACC: 491 BUFF: 490 DC: 0 FLAG_ZERO: False FLAG_LT: 1 FLAG_GT: 0
INPUT_PORT:  []
OUT_PORT:  []
DATA_MEM:  [491, 229]
---------------------------------------
DEBUG    root:machine.py:309 CMP 0
TICK: 23782 PC:   7 ADDR:   0 MEM_OUT: 491 ACC: 2 BUFF: 491 DC: 0 FLAG_ZERO: False FLAG_LT: 1 FLAG_GT: 0
INPUT_PORT:  []
OUT_PORT:  []
DATA_MEM:  [491, 229]
---------------------------------------
DEBUG    root:machine.py:309 JE 14
TICK: 23785 PC:   8 ADDR:   0 MEM_OUT: 491 ACC: 2 BUFF: 491 DC: 0 FLAG_ZERO: False FLAG_LT: 0 FLAG_GT: 1
INPUT_PORT:  []
OUT_PORT:  []
DATA_MEM:  [491, 229]
---------------------------------------
DEBUG    root:machine.py:309 LD 0
TICK: 23788 PC:   9 ADDR:   0 MEM_OUT: 491 ACC: 2 BUFF: 491 DC: 0 FLAG_ZERO: False FLAG_LT: 0 FLAG_GT: 1
INPUT_PORT:  []
OUT_PORT:  []
DATA_MEM:  [491, 229]
---------------------------------------
DEBUG    root:machine.py:309 MOD 5
TICK: 23792 PC:  10 ADDR:   0 MEM_OUT: 491 ACC: 491 BUFF: 491 DC: 0 FLAG_ZERO: False FLAG_LT: 0 FLAG_GT: 1
INPUT_PORT:  []
OUT_PORT:  []
DATA_MEM:  [491, 229]
---------------------------------------
DEBUG    root:machine.py:309 CMP 0
TICK: 23796 PC:  11 ADDR:   0 MEM_OUT: 491 ACC: 1 BUFF: 491 DC: 0 FLAG_ZERO: False FLAG_LT: 0 FLAG_GT: 1
INPUT_PORT:  []
OUT_PORT:  []
DATA_MEM:  [491, 229]
---------------------------------------
DEBUG    root:machine.py:309 JE 18
TICK: 23799 PC:  12 ADDR:   0 MEM_OUT: 491 ACC: 1 BUFF: 491 DC: 0 FLAG_ZERO: False FLAG_LT: 0 FLAG_GT: 1
INPUT_PORT:  []
OUT_PORT:  []
DATA_MEM:  [491, 229]
---------------------------------------
DEBUG    root:machine.py:309 JMP 0
TICK: 23802 PC:  13 ADDR:   0 MEM_OUT: 491 ACC: 1 BUFF: 491 DC: 0 FLAG_ZERO: False FLAG_LT: 0 FLAG_GT: 1
INPUT_PORT:  []
OUT_PORT:  []
DATA_MEM:  [491, 229]
---------------------------------------
DEBUG    root:machine.py:309 LD 0
TICK: 23805 PC:   0 ADDR:   0 MEM_OUT: 491 ACC: 1 BUFF: 491 DC: 0 FLAG_ZERO: False FLAG_LT: 0 FLAG_GT: 1
INPUT_PORT:  []
OUT_PORT:  []
DATA_MEM:  [491, 229]
---------------------------------------
DEBUG    root:machine.py:309 INC 
TICK: 23809 PC:   1 ADDR:   0 MEM_OUT: 491 ACC: 491 BUFF: 491 DC: 0 FLAG_ZERO: False FLAG_LT: 0 FLAG_GT: 1
INPUT_PORT:  []
OUT_PORT:  []
DATA_MEM:  [491, 229]
---------------------------------------
DEBUG    root:machine.py:309 ST 0
TICK: 23812 PC:   2 ADDR:   0 MEM_OUT: 491 ACC: 492 BUFF: 491 DC: 0 FLAG_ZERO: False FLAG_LT: 0 FLAG_GT: 1
INPUT_PORT:  []
OUT_PORT:  []
DATA_MEM:  [491, 229]
---------------------------------------
DEBUG    root:machine.py:309 CMP 1000
TICK: 23816 PC:   3 ADDR:   0 MEM_OUT: 492 ACC: 492 BUFF: 491 DC: 0 FLAG_ZERO: False FLAG_LT: 0 FLAG_GT: 1
INPUT_PORT:  []
OUT_PORT:  []
DATA_MEM:  [492, 229]
---------------------------------------
DEBUG    root:machine.py:309 JGE 22
TICK: 23819 PC:   4 ADDR:   0 MEM_OUT: 492 ACC: 492 BUFF: 491 DC: 0 FLAG_ZERO: False FLAG_LT: 1 FLAG_GT: 0
INPUT_PORT:  []
OUT_PORT:  []
DATA_MEM:  [492, 229]
---------------------------------------
DEBUG    root:machine.py:309 LD 0
TICK: 23822 PC:   5 ADDR:   0 MEM_OUT: 492 ACC: 492 BUFF: 491 DC: 0 FLAG_ZERO: False FLAG_LT: 1 FLAG_GT: 0
INPUT_PORT:  []
OUT_PORT:  []
DATA_MEM:  [492, 229]
---------------------------------------
DEBUG    root:machine.py:309 MOD 3
TICK: 23826 PC:   6 ADDR:   0 MEM_OUT: 492 ACC: 492 BUFF: 491 DC: 0 FLAG_ZERO: False FLAG_LT: 1 FLAG_GT: 0
INPUT_PORT:  []
OUT_PORT:  []
DATA_MEM:  [492, 229]
---------------------------------------
DEBUG    root:machine.py:309 CMP 0
TICK: 23830 PC:   7 ADDR:   0 MEM_OUT: 492 ACC: 0 BUFF: 492 DC: 0 FLAG_ZERO: False FLAG_LT: 1 FLAG_GT: 0
INPUT_PORT:  []
OUT_PORT:  []
DATA_MEM:  [492, 229]
---------------------------------------
DEBUG    root:machine.py:309 JE 14
TICK: 23833 PC:   8 ADDR:   0 MEM_OUT: 492 ACC: 0 BUFF: 492 DC: 0 FLAG_ZERO: True FLAG_LT: 0 FLAG_GT: 0
INPUT_PORT:  []
OUT_PORT:  []
DATA_MEM:  [492, 229]
---------------------------------------
DEBUG    root:machine.py:309 LD 4
TICK: 23836 PC:  14 ADDR:   0 MEM_OUT: 492 ACC: 0 BUFF: 492 DC: 0 FLAG_ZERO: True FLAG_LT: 0 FLAG_GT: 0
INPUT_PORT:  []
OUT_PORT:  []
DATA_MEM:  [492, 229]
---------------------------------------
DEBUG    root:machine.py:309 INC 
TICK: 23840 PC:  15 ADDR:   1 MEM_OUT: 229 ACC: 229 BUFF: 492 DC: 0 FLAG_ZERO: True FLAG_LT: 0 FLAG_GT: 0
INPUT_PORT:  []
OUT_PORT:  []
DATA_MEM:  [492, 229]
---------------------------------------
DEBUG    root:machine.py:309 ST 4
TICK: 23843 PC:  16 ADDR:   1 MEM_OUT: 229 ACC: 230 BUFF: 492 DC: 0 FLAG_ZERO: True FLAG_LT: 0 FLAG_GT: 0
INPUT_PORT:  []
OUT_PORT:  []
DATA_MEM:  [492, 229]
---------------------------------------
DEBUG    root:machine.py:309 JMP 0
TICK: 23847 PC:  17 ADDR:   1 MEM_OUT: 230 ACC: 230 BUFF: 492 DC: 0 FLAG_ZERO: True FLAG_LT: 0 FLAG_GT: 0
INPUT_PORT:  []
OUT_PORT:  []
DATA_MEM:  [492, 230]
---------------------------------------
DEBUG    root:machine.py:309 LD 0
TICK: 23850 PC:   0 ADDR:   1 MEM_OUT: 230 ACC: 230 BUFF: 492 DC: 0 FLAG_ZERO: True FLAG_LT: 0 FLAG_GT: 0
INPUT_PORT:  []
OUT_PORT:  []
DATA_MEM:  [492, 230]
---------------------------------------
DEBUG    root:machine.py:309 INC 
TICK: 23854 PC:   1 ADDR:   0 MEM_OUT: 492 ACC: 492 BUFF: 492 DC: 0 FLAG_ZERO: True FLAG_LT: 0 FLAG_GT: 0
INPUT_PORT:  []
OUT_PORT:  []
DATA_MEM:  [492, 230]
---------------------------------------
DEBUG    root:machine.py:309 ST 0
TICK: 23857 PC:   2 ADDR:   0 MEM_OUT: 492 ACC: 493 BUFF: 492 DC: 0 FLAG_ZERO: True FLAG_LT: 0 FLAG_GT: 0
INPUT_PORT:  []
OUT_PORT:  []
DATA_MEM:  [492, 230]
---------------------------------------
DEBUG    root:machine.py:309 CMP 1000
TICK: 23861 PC:   3 ADDR:   0 MEM_OUT: 493 ACC: 493 BUFF: 492 DC: 0 FLAG_ZERO: True FLAG_LT: 0 FLAG_GT: 0
INPUT_PORT:  []
OUT_PORT:  []
DATA_MEM:  [493, 230]
---------------------------------------
DEBUG    root:machine.py:309 JGE 22
TICK: 23864 PC:   4 ADDR:   0 MEM_OUT: 493 ACC: 493 BUFF: 492 DC: 0 FLAG_ZERO: False FLAG_LT: 1 FLAG_GT: 0
INPUT_PORT:  []
OUT_PORT:  []
DATA_MEM:  [493, 230]
---------------------------------------
DEBUG    root:machine.py:309 LD 0
TICK: 23867 PC:   5 ADDR:   0 MEM_OUT: 493 ACC: 493 BUFF: 492 DC: 0 FLAG_ZERO: False FLAG_LT: 1 FLAG_GT: 0
INPUT_PORT:  []
OUT_PORT:  []
DATA_MEM:  [493, 230]
---------------------------------------
DEBUG    root:machine.py:309 MOD 3
TICK: 23871 PC:   6 ADDR:   0 MEM_OUT: 493 ACC: 493 BUFF: 492 DC: 0 FLAG_ZERO: False FLAG_LT: 1 FLAG_GT: 0
INPUT_PORT:  []
OUT_PORT:  []
DATA_MEM:  [493, 230]
---------------------------------------
DEBUG    root:machine.py:309 CMP 0
TICK: 23875 PC:   7 ADDR:   0 MEM_OUT: 493 ACC: 1 BUFF: 493 DC: 0 FLAG_ZERO: False FLAG_LT: 1 FLAG_GT: 0
INPUT_PORT:  []
OUT_PORT:  []
DATA_MEM:  [493, 230]
---------------------------------------
DEBUG    root:machine.py:309 JE 14
TICK: 23878 PC:   8 ADDR:   0 MEM_OUT: 493 ACC: 1 BUFF: 493 DC: 0 FLAG_ZERO: False FLAG_LT: 0 FLAG_GT: 1
INPUT_PORT:  []
OUT_PORT:  []
DATA_MEM:  [493, 230]
---------------------------------------
DEBUG    root:machine.py:309 LD 0
TICK: 23881 PC:   9 ADDR:   0 MEM_OUT: 493 ACC: 1 BUFF: 493 DC: 0 FLAG_ZERO: False FLAG_LT: 0 FLAG_GT: 1
INPUT_PORT:  []
OUT_PORT:  []
DATA_MEM:  [493, 230]
---------------------------------------
DEBUG    root:machine.py:309 MOD 5
TICK: 23885 PC:  10 ADDR:   0 MEM_OUT: 493 ACC: 493 BUFF: 493 DC: 0 FLAG_ZERO: False FLAG_LT: 0 FLAG_GT: 1
INPUT_PORT:  []
OUT_PORT:  []
DATA_MEM:  [493, 230]
---------------------------------------
DEBUG    root:machine.py:309 CMP 0
TICK: 23889 PC:  11 ADDR:   0 MEM_OUT: 493 ACC: 3 BUFF: 493 DC: 0 FLAG_ZERO: False FLAG_LT: 0 FLAG_GT: 1
INPUT_PORT:  []
OUT_PORT:  []
DATA_MEM:  [493, 230]
---------------------------------------
DEBUG    root:machine.py:309 JE 18
TICK: 23892 PC:  12 ADDR:   0 MEM_OUT: 493 ACC: 3 BUFF: 493 DC: 0 FLAG_ZERO: False FLAG_LT: 0 FLAG_GT: 1
INPUT_PORT:  []
OUT_PORT:  []
DATA_MEM:  [493, 230]
---------------------------------------
DEBUG    root:machine.py:309 JMP 0
TICK: 23895 PC:  13 ADDR:   0 MEM_OUT: 493 ACC: 3 BUFF: 493 DC: 0 FLAG_ZERO: False FLAG_LT: 0 FLAG_GT: 1
INPUT_PORT:  []
OUT_PORT:  []
DATA_MEM:  [493, 230]
---------------------------------------
DEBUG    root:machine.py:309 LD 0
TICK: 23898 PC:   0 ADDR:   0 MEM_OUT: 493 ACC: 3 BUFF: 493 DC: 0 FLAG_ZERO: False FLAG_LT: 0 FLAG_GT: 1
INPUT_PORT:  []
OUT_PORT:  []
DATA_MEM:  [493, 230]
---------------------------------------
DEBUG    root:machine.py:309 INC 
TICK: 23902 PC:   1 ADDR:   0 MEM_OUT: 493 ACC: 493 BUFF: 493 DC: 0 FLAG_ZERO: False FLAG_LT: 0 FLAG_GT: 1
INPUT_PORT:  []
OUT_PORT:  []
DATA_MEM:  [493, 230]
---------------------------------------
DEBUG    root:machine.py:309 ST 0
TICK: 23905 PC:   2 ADDR:   0 MEM_OUT: 493 ACC: 494 BUFF: 493 DC: 0 FLAG_ZERO: False FLAG_LT: 0 FLAG_GT: 1
INPUT_PORT:  []
OUT_PORT:  []
DATA_MEM:  [493, 230]
---------------------------------------
DEBUG    root:machine.py:309 CMP 1000
TICK: 23909 PC:   3 ADDR:   0 MEM_OUT: 494 ACC: 494 BUFF: 493 DC: 0 FLAG_ZERO: False FLAG_LT: 0 FLAG_GT: 1
INPUT_PORT:  []
OUT_PORT:  []
DATA_MEM:  [494, 230]
---------------------------------------
DEBUG    root:machine.py:309 JGE 22
TICK: 23912 PC:   4 ADDR:   0 MEM_OUT: 494 ACC: 494 BUFF: 493 DC: 0 FLAG_ZERO: False FLAG_LT: 1 FLAG_GT: 0
INPUT_PORT:  []
OUT_PORT:  []
DATA_MEM:  [494, 230]
---------------------------------------
DEBUG    root:machine.py:309 LD 0
TICK: 23915 PC:   5 ADDR:   0 MEM_OUT: 494 ACC: 494 BUFF: 493 DC: 0 FLAG_ZERO: False FLAG_LT: 1 FLAG_GT: 0
INPUT_PORT:  []
OUT_PORT:  []
DATA_MEM:  [494, 230]
---------------------------------------
DEBUG    root:machine.py:309 MOD 3
TICK: 23919 PC:   6 ADDR:   0 MEM_OUT: 494 ACC: 494 BUFF: 493 DC: 0 FLAG_ZERO: False FLAG_LT: 1 FLAG_GT: 0
INPUT_PORT:  []
OUT_PORT:  []
DATA_MEM:  [494, 230]
---------------------------------------
DEBUG    root:machine.py:309 CMP 0
TICK: 23923 PC:   7 ADDR:   0 MEM_OUT: 494 ACC: 2 BUFF: 494 DC: 0 FLAG_ZERO: False FLAG_LT: 1 FLAG_GT: 0
INPUT_PORT:  []
OUT_PORT:  []
DATA_MEM:  [494, 230]
---------------------------------------
DEBUG    root:machine.py:309 JE 14
TICK: 23926 PC:   8 ADDR:   0 MEM_OUT: 494 ACC: 2 BUFF: 494 DC: 0 FLAG_ZERO: False FLAG_LT: 0 FLAG_GT: 1
INPUT_PORT:  []
OUT_PORT:  []
DATA_MEM:  [494, 230]
---------------------------------------
DEBUG    root:machine.py:309 LD 0
TICK: 23929 PC:   9 ADDR:   0 MEM_OUT: 494 ACC: 2 BUFF: 494 DC: 0 FLAG_ZERO: False FLAG_LT: 0 FLAG_GT: 1
INPUT_PORT:  []
OUT_PORT:  []
DATA_MEM:  [494, 230]
---------------------------------------
DEBUG    root:machine.py:309 MOD 5
TICK: 23933 PC:  10 ADDR:   0 MEM_OUT: 494 ACC: 494 BUFF: 494 DC: 0 FLAG_ZERO: False FLAG_LT: 0 FLAG_GT: 1
INPUT_PORT:  []
OUT_PORT:  []
DATA_MEM:  [494, 230]
---------------------------------------
DEBUG    root:machine.py:309 CMP 0
TICK: 23937 PC:  11 ADDR:   0 MEM_OUT: 494 ACC: 4 BUFF: 494 DC: 0 FLAG_ZERO: False FLAG_LT: 0 FLAG_GT: 1
INPUT_PORT:  []
OUT_PORT:  []
DATA_MEM:  [494, 230]
---------------------------------------
DEBUG    root:machine.py:309 JE 18
TICK: 23940 PC:  12 ADDR:   0 MEM_OUT: 494 ACC: 4 BUFF: 494 DC: 0 FLAG_ZERO: False FLAG_LT: 0 FLAG_GT: 1
INPUT_PORT:  []
OUT_PORT:  []
DATA_MEM:  [494, 230]
---------------------------------------
DEBUG    root:machine.py:309 JMP 0
TICK: 23943 PC:  13 ADDR:   0 MEM_OUT: 494 ACC: 4 BUFF: 494 DC: 0 FLAG_ZERO: False FLAG_LT: 0 FLAG_GT: 1
INPUT_PORT:  []
OUT_PORT:  []
DATA_MEM:  [494, 230]
---------------------------------------
DEBUG    root:machine.py:309 LD 0
TICK: 23946 PC:   0 ADDR:   0 MEM_OUT: 494 ACC: 4 BUFF: 494 DC: 0 FLAG_ZERO: False FLAG_LT: 0 FLAG_GT: 1
INPUT_PORT:  []
OUT_PORT:  []
DATA_MEM:  [494, 230]
---------------------------------------
DEBUG    root:machine.py:309 INC 
TICK: 23950 PC:   1 ADDR:   0 MEM_OUT: 494 ACC: 494 BUFF: 494 DC: 0 FLAG_ZERO: False FLAG_LT: 0 FLAG_GT: 1
INPUT_PORT:  []
OUT_PORT:  []
DATA_MEM:  [494, 230]
---------------------------------------
DEBUG    root:machine.py:309 ST 0
TICK: 23953 PC:   2 ADDR:   0 MEM_OUT: 494 ACC: 495 BUFF: 494 DC: 0 FLAG_ZERO: False FLAG_LT: 0 FLAG_GT: 1
INPUT_PORT:  []
OUT_PORT:  []
DATA_MEM:  [494, 230]
---------------------------------------
DEBUG    root:machine.py:309 CMP 1000
TICK: 23957 PC:   3 ADDR:   0 MEM_OUT: 495 ACC: 495 BUFF: 494 DC: 0 FLAG_ZERO: False FLAG_LT: 0 FLAG_GT: 1
INPUT_PORT:  []
OUT_PORT:  []
DATA_MEM:  [495, 230]
---------------------------------------
DEBUG    root:machine.py:309 JGE 22
TICK: 23960 PC:   4 ADDR:   0 MEM_OUT: 495 ACC: 495 BUFF: 494 DC: 0 FLAG_ZERO: False FLAG_LT: 1 FLAG_GT: 0
INPUT_PORT:  []
OUT_PORT:  []
DATA_MEM:  [495, 230]
---------------------------------------
DEBUG    root:machine.py:309 LD 0
TICK: 23963 PC:   5 ADDR:   0 MEM_OUT: 495 ACC: 495 BUFF: 494 DC: 0 FLAG_ZERO: False FLAG_LT: 1 FLAG_GT: 0
INPUT_PORT:  []
OUT_PORT:  []
DATA_MEM:  [495, 230]
---------------------------------------
DEBUG    root:machine.py:309 MOD 3
TICK: 23967 PC:   6 ADDR:   0 MEM_OUT: 495 ACC: 495 BUFF: 494 DC: 0 FLAG_ZERO: False FLAG_LT: 1 FLAG_GT: 0
INPUT_PORT:  []
OUT_PORT:  []
DATA_MEM:  [495, 230]
---------------------------------------
DEBUG    root:machine.py:309 CMP 0
TICK: 23971 PC:   7 ADDR:   0 MEM_OUT: 495 ACC: 0 BUFF: 495 DC: 0 FLAG_ZERO: False FLAG_LT: 1 FLAG_GT: 0
INPUT_PORT:  []
OUT_PORT:  []
DATA_MEM:  [495, 230]
---------------------------------------
DEBUG    root:machine.py:309 JE 14
TICK: 23974 PC:   8 ADDR:   0 MEM_OUT: 495 ACC: 0 BUFF: 495 DC: 0 FLAG_ZERO: True FLAG_LT: 0 FLAG_GT: 0
INPUT_PORT:  []
OUT_PORT:  []
DATA_MEM:  [495, 230]
---------------------------------------
DEBUG    root:machine.py:309 LD 4
TICK: 23977 PC:  14 ADDR:   0 MEM_OUT: 495 ACC: 0 BUFF: 495 DC: 0 FLAG_ZERO: True FLAG_LT: 0 FLAG_GT: 0
INPUT_PORT:  []
OUT_PORT:  []
DATA_MEM:  [495, 230]
---------------------------------------
DEBUG    root:machine.py:309 INC 
TICK: 23981 PC:  15 ADDR:   1 MEM_OUT: 230 ACC: 230 BUFF: 495 DC: 0 FLAG_ZERO: True FLAG_LT: 0 FLAG_GT: 0
INPUT_PORT:  []
OUT_PORT:  []
DATA_MEM:  [495, 230]
---------------------------------------
DEBUG    root:machine.py:309 ST 4
TICK: 23984 PC:  16 ADDR:   1 MEM_OUT: 230 ACC: 231 BUFF: 495 DC: 0 FLAG_ZERO: True FLAG_LT: 0 FLAG_GT: 0
INPUT_PORT:  []
OUT_PORT:  []
DATA_MEM:  [495, 230]
---------------------------------------
DEBUG    root:machine.py:309 JMP 0
TICK: 23988 PC:  17 ADDR:   1 MEM_OUT: 231 ACC: 231 BUFF: 495 DC: 0 FLAG_ZERO: True FLAG_LT: 0 FLAG_GT: 0
INPUT_PORT:  []
OUT_PORT:  []
DATA_MEM:  [495, 231]
---------------------------------------
DEBUG    root:machine.py:309 LD 0
TICK: 23991 PC:   0 ADDR:   1 MEM_OUT: 231 ACC: 231 BUFF: 495 DC: 0 FLAG_ZERO: True FLAG_LT: 0 FLAG_GT: 0
INPUT_PORT:  []
OUT_PORT:  []
DATA_MEM:  [495, 231]
---------------------------------------
DEBUG    root:machine.py:309 INC 
TICK: 23995 PC:   1 ADDR:   0 MEM_OUT: 495 ACC: 495 BUFF: 495 DC: 0 FLAG_ZERO: True FLAG_LT: 0 FLAG_GT: 0
INPUT_PORT:  []
OUT_PORT:  []
DATA_MEM:  [495, 231]
---------------------------------------
DEBUG    root:machine.py:309 ST 0
TICK: 23998 PC:   2 ADDR:   0 MEM_OUT: 495 ACC: 496 BUFF: 495 DC: 0 FLAG_ZERO: True FLAG_LT: 0 FLAG_GT: 0
INPUT_PORT:  []
OUT_PORT:  []
DATA_MEM:  [495, 231]
---------------------------------------
DEBUG    root:machine.py:309 CMP 1000
TICK: 24002 PC:   3 ADDR:   0 MEM_OUT: 496 ACC: 496 BUFF: 495 DC: 0 FLAG_ZERO: True FLAG_LT: 0 FLAG_GT: 0
INPUT_PORT:  []
OUT_PORT:  []
DATA_MEM:  [496, 231]
---------------------------------------
DEBUG    root:machine.py:309 JGE 22
TICK: 24005 PC:   4 ADDR:   0 MEM_OUT: 496 ACC: 496 BUFF: 495 DC: 0 FLAG_ZERO: False FLAG_LT: 1 FLAG_GT: 0
INPUT_PORT:  []
OUT_PORT:  []
DATA_MEM:  [496, 231]
---------------------------------------
DEBUG    root:machine.py:309 LD 0
TICK: 24008 PC:   5 ADDR:   0 MEM_OUT: 496 ACC: 496 BUFF: 495 DC: 0 FLAG_ZERO: False FLAG_LT: 1 FLAG_GT: 0
INPUT_PORT:  []
OUT_PORT:  []
DATA_MEM:  [496, 231]
---------------------------------------
DEBUG    root:machine.py:309 MOD 3
TICK: 24012 PC:   6 ADDR:   0 MEM_OUT: 496 ACC: 496 BUFF: 495 DC: 0 FLAG_ZERO: False FLAG_LT: 1 FLAG_GT: 0
INPUT_PORT:  []
OUT_PORT:  []
DATA_MEM:  [496, 231]
---------------------------------------
DEBUG    root:machine.py:309 CMP 0
TICK: 24016 PC:   7 ADDR:   0 MEM_OUT: 496 ACC: 1 BUFF: 496 DC: 0 FLAG_ZERO: False FLAG_LT: 1 FLAG_GT: 0
INPUT_PORT:  []
OUT_PORT:  []
DATA_MEM:  [496, 231]
---------------------------------------
DEBUG    root:machine.py:309 JE 14
TICK: 24019 PC:   8 ADDR:   0 MEM_OUT: 496 ACC: 1 BUFF: 496 DC: 0 FLAG_ZERO: False FLAG_LT: 0 FLAG_GT: 1
INPUT_PORT:  []
OUT_PORT:  []
DATA_MEM:  [496, 231]
---------------------------------------
DEBUG    root:machine.py:309 LD 0
TICK: 24022 PC:   9 ADDR:   0 MEM_OUT: 496 ACC: 1 BUFF: 496 DC: 0 FLAG_ZERO: False FLAG_LT: 0 FLAG_GT: 1
INPUT_PORT:  []
OUT_PORT:  []
DATA_MEM:  [496, 231]
---------------------------------------
DEBUG    root:machine.py:309 MOD 5
TICK: 24026 PC:  10 ADDR:   0 MEM_OUT: 496 ACC: 496 BUFF: 496 DC: 0 FLAG_ZERO: False FLAG_LT: 0 FLAG_GT: 1
INPUT_PORT:  []
OUT_PORT:  []
DATA_MEM:  [496, 231]
---------------------------------------
DEBUG    root:machine.py:309 CMP 0
TICK: 24030 PC:  11 ADDR:   0 MEM_OUT: 496 ACC: 1 BUFF: 496 DC: 0 FLAG_ZERO: False FLAG_LT: 0 FLAG_GT: 1
INPUT_PORT:  []
OUT_PORT:  []
DATA_MEM:  [496, 231]
---------------------------------------
DEBUG    root:machine.py:309 JE 18
TICK: 24033 PC:  12 ADDR:   0 MEM_OUT: 496 ACC: 1 BUFF: 496 DC: 0 FLAG_ZERO: False FLAG_LT: 0 FLAG_GT: 1
INPUT_PORT:  []
OUT_PORT:  []
DATA_MEM:  [496, 231]
---------------------------------------
DEBUG    root:machine.py:309 JMP 0
TICK: 24036 PC:  13 ADDR:   0 MEM_OUT: 496 ACC: 1 BUFF: 496 DC: 0 FLAG_ZERO: False FLAG_LT: 0 FLAG_GT: 1
INPUT_PORT:  []
OUT_PORT:  []
DATA_MEM:  [496, 231]
---------------------------------------
DEBUG    root:machine.py:309 LD 0
TICK: 24039 PC:   0 ADDR:   0 MEM_OUT: 496 ACC: 1 BUFF: 496 DC: 0 FLAG_ZERO: False FLAG_LT: 0 FLAG_GT: 1
INPUT_PORT:  []
OUT_PORT:  []
DATA_MEM:  [496, 231]
---------------------------------------
DEBUG    root:machine.py:309 INC 
TICK: 24043 PC:   1 ADDR:   0 MEM_OUT: 496 ACC: 496 BUFF: 496 DC: 0 FLAG_ZERO: False FLAG_LT: 0 FLAG_GT: 1
INPUT_PORT:  []
OUT_PORT:  []
DATA_MEM:  [496, 231]
---------------------------------------
DEBUG    root:machine.py:309 ST 0
TICK: 24046 PC:   2 ADDR:   0 MEM_OUT: 496 ACC: 497 BUFF: 496 DC: 0 FLAG_ZERO: False FLAG_LT: 0 FLAG_GT: 1
INPUT_PORT:  []
OUT_PORT:  []
DATA_MEM:  [496, 231]
---------------------------------------
DEBUG    root:machine.py:309 CMP 1000
TICK: 24050 PC:   3 ADDR:   0 MEM_OUT: 497 ACC: 497 BUFF: 496 DC: 0 FLAG_ZERO: False FLAG_LT: 0 FLAG_GT: 1
INPUT_PORT:  []
OUT_PORT:  []
DATA_MEM:  [497, 231]
---------------------------------------
DEBUG    root:machine.py:309 JGE 22
TICK: 24053 PC:   4 ADDR:   0 MEM_OUT: 497 ACC: 497 BUFF: 496 DC: 0 FLAG_ZERO: False FLAG_LT: 1 FLAG_GT: 0
INPUT_PORT:  []
OUT_PORT:  []
DATA_MEM:  [497, 231]
---------------------------------------
DEBUG    root:machine.py:309 LD 0
TICK: 24056 PC:   5 ADDR:   0 MEM_OUT: 497 ACC: 497 BUFF: 496 DC: 0 FLAG_ZERO: False FLAG_LT: 1 FLAG_GT: 0
INPUT_PORT:  []
OUT_PORT:  []
DATA_MEM:  [497, 231]
---------------------------------------
DEBUG    root:machine.py:309 MOD 3
TICK: 24060 PC:   6 ADDR:   0 MEM_OUT: 497 ACC: 497 BUFF: 496 DC: 0 FLAG_ZERO: False FLAG_LT: 1 FLAG_GT: 0
INPUT_PORT:  []
OUT_PORT:  []
DATA_MEM:  [497, 231]
---------------------------------------
DEBUG    root:machine.py:309 CMP 0
TICK: 24064 PC:   7 ADDR:   0 MEM_OUT: 497 ACC: 2 BUFF: 497 DC: 0 FLAG_ZERO: False FLAG_LT: 1 FLAG_GT: 0
INPUT_PORT:  []
OUT_PORT:  []
DATA_MEM:  [497, 231]
---------------------------------------
DEBUG    root:machine.py:309 JE 14
TICK: 24067 PC:   8 ADDR:   0 MEM_OUT: 497 ACC: 2 BUFF: 497 DC: 0 FLAG_ZERO: False FLAG_LT: 0 FLAG_GT: 1
INPUT_PORT:  []
OUT_PORT:  []
DATA_MEM:  [497, 231]
---------------------------------------
DEBUG    root:machine.py:309 LD 0
TICK: 24070 PC:   9 ADDR:   0 MEM_OUT: 497 ACC: 2 BUFF: 497 DC: 0 FLAG_ZERO: False FLAG_LT: 0 FLAG_GT: 1
INPUT_PORT:  []
OUT_PORT:  []
DATA_MEM:  [497, 231]
---------------------------------------
DEBUG    root:machine.py:309 MOD 5
TICK: 24074 PC:  10 ADDR:   0 MEM_OUT: 497 ACC: 497 BUFF: 497 DC: 0 FLAG_ZERO: False FLAG_LT: 0 FLAG_GT: 1
INPUT_PORT:  []
OUT_PORT:  []
DATA_MEM:  [497, 231]
---------------------------------------
DEBUG    root:machine.py:309 CMP 0
TICK: 24078 PC:  11 ADDR:   0 MEM_OUT: 497 ACC: 2 BUFF: 497 DC: 0 FLAG_ZERO: False FLAG_LT: 0 FLAG_GT: 1
INPUT_PORT:  []
OUT_PORT:  []
DATA_MEM:  [497, 231]
---------------------------------------
DEBUG    root:machine.py:309 JE 18
TICK: 24081 PC:  12 ADDR:   0 MEM_OUT: 497 ACC: 2 BUFF: 497 DC: 0 FLAG_ZERO: False FLAG_LT: 0 FLAG_GT: 1
INPUT_PORT:  []
OUT_PORT:  []
DATA_MEM:  [497, 231]
---------------------------------------
DEBUG    root:machine.py:309 JMP 0
TICK: 24084 PC:  13 ADDR:   0 MEM_OUT: 497 ACC: 2 BUFF: 497 DC: 0 FLAG_ZERO: False FLAG_LT: 0 FLAG_GT: 1
INPUT_PORT:  []
OUT_PORT:  []
DATA_MEM:  [497, 231]
---------------------------------------
DEBUG    root:machine.py:309 LD 0
TICK: 24087 PC:   0 ADDR:   0 MEM_OUT: 497 ACC: 2 BUFF: 497 DC: 0 FLAG_ZERO: False FLAG_LT: 0 FLAG_GT: 1
INPUT_PORT:  []
OUT_PORT:  []
DATA_MEM:  [497, 231]
---------------------------------------
DEBUG    root:machine.py:309 INC 
TICK: 24091 PC:   1 ADDR:   0 MEM_OUT: 497 ACC: 497 BUFF: 497 DC: 0 FLAG_ZERO: False FLAG_LT: 0 FLAG_GT: 1
INPUT_PORT:  []
OUT_PORT:  []
DATA_MEM:  [497, 231]
---------------------------------------
DEBUG    root:machine.py:309 ST 0
TICK: 24094 PC:   2 ADDR:   0 MEM_OUT: 497 ACC: 498 BUFF: 497 DC: 0 FLAG_ZERO: False FLAG_LT: 0 FLAG_GT: 1
INPUT_PORT:  []
OUT_PORT:  []
DATA_MEM:  [497, 231]
---------------------------------------
DEBUG    root:machine.py:309 CMP 1000
TICK: 24098 PC:   3 ADDR:   0 MEM_OUT: 498 ACC: 498 BUFF: 497 DC: 0 FLAG_ZERO: False FLAG_LT: 0 FLAG_GT: 1
INPUT_PORT:  []
OUT_PORT:  []
DATA_MEM:  [498, 231]
---------------------------------------
DEBUG    root:machine.py:309 JGE 22
TICK: 24101 PC:   4 ADDR:   0 MEM_OUT: 498 ACC: 498 BUFF: 497 DC: 0 FLAG_ZERO: False FLAG_LT: 1 FLAG_GT: 0
INPUT_PORT:  []
OUT_PORT:  []
DATA_MEM:  [498, 231]
---------------------------------------
DEBUG    root:machine.py:309 LD 0
TICK: 24104 PC:   5 ADDR:   0 MEM_OUT: 498 ACC: 498 BUFF: 497 DC: 0 FLAG_ZERO: False FLAG_LT: 1 FLAG_GT: 0
INPUT_PORT:  []
OUT_PORT:  []
DATA_MEM:  [498, 231]
---------------------------------------
DEBUG    root:machine.py:309 MOD 3
TICK: 24108 PC:   6 ADDR:   0 MEM_OUT: 498 ACC: 498 BUFF: 497 DC: 0 FLAG_ZERO: False FLAG_LT: 1 FLAG_GT: 0
INPUT_PORT:  []
OUT_PORT:  []
DATA_MEM:  [498, 231]
---------------------------------------
DEBUG    root:machine.py:309 CMP 0
TICK: 24112 PC:   7 ADDR:   0 MEM_OUT: 498 ACC: 0 BUFF: 498 DC: 0 FLAG_ZERO: False FLAG_LT: 1 FLAG_GT: 0
INPUT_PORT:  []
OUT_PORT:  []
DATA_MEM:  [498, 231]
---------------------------------------
DEBUG    root:machine.py:309 JE 14
TICK: 24115 PC:   8 ADDR:   0 MEM_OUT: 498 ACC: 0 BUFF: 498 DC: 0 FLAG_ZERO: True FLAG_LT: 0 FLAG_GT: 0
INPUT_PORT:  []
OUT_PORT:  []
DATA_MEM:  [498, 231]
---------------------------------------
DEBUG    root:machine.py:309 LD 4
TICK: 24118 PC:  14 ADDR:   0 MEM_OUT: 498 ACC: 0 BUFF: 498 DC: 0 FLAG_ZERO: True FLAG_LT: 0 FLAG_GT: 0
INPUT_PORT:  []
OUT_PORT:  []
DATA_MEM:  [498, 231]
---------------------------------------
DEBUG    root:machine.py:309 INC 
TICK: 24122 PC:  15 ADDR:   1 MEM_OUT: 231 ACC: 231 BUFF: 498 DC: 0 FLAG_ZERO: True FLAG_LT: 0 FLAG_GT: 0
INPUT_PORT:  []
OUT_PORT:  []
DATA_MEM:  [498, 231]
---------------------------------------
DEBUG    root:machine.py:309 ST 4
TICK: 24125 PC:  16 ADDR:   1 MEM_OUT: 231 ACC: 232 BUFF: 498 DC: 0 FLAG_ZERO: True FLAG_LT: 0 FLAG_GT: 0
INPUT_PORT:  []
OUT_PORT:  []
DATA_MEM:  [498, 231]
---------------------------------------
DEBUG    root:machine.py:309 JMP 0
TICK: 24129 PC:  17 ADDR:   1 MEM_OUT: 232 ACC: 232 BUFF: 498 DC: 0 FLAG_ZERO: True FLAG_LT: 0 FLAG_GT: 0
INPUT_PORT:  []
OUT_PORT:  []
DATA_MEM:  [498, 232]
---------------------------------------
DEBUG    root:machine.py:309 LD 0
TICK: 24132 PC:   0 ADDR:   1 MEM_OUT: 232 ACC: 232 BUFF: 498 DC: 0 FLAG_ZERO: True FLAG_LT: 0 FLAG_GT: 0
INPUT_PORT:  []
OUT_PORT:  []
DATA_MEM:  [498, 232]
---------------------------------------
DEBUG    root:machine.py:309 INC 
TICK: 24136 PC:   1 ADDR:   0 MEM_OUT: 498 ACC: 498 BUFF: 498 DC: 0 FLAG_ZERO: True FLAG_LT: 0 FLAG_GT: 0
INPUT_PORT:  []
OUT_PORT:  []
DATA_MEM:  [498, 232]
---------------------------------------
DEBUG    root:machine.py:309 ST 0
TICK: 24139 PC:   2 ADDR:   0 MEM_OUT: 498 ACC: 499 BUFF: 498 DC: 0 FLAG_ZERO: True FLAG_LT: 0 FLAG_GT: 0
INPUT_PORT:  []
OUT_PORT:  []
DATA_MEM:  [498, 232]
---------------------------------------
DEBUG    root:machine.py:309 CMP 1000
TICK: 24143 PC:   3 ADDR:   0 MEM_OUT: 499 ACC: 499 BUFF: 498 DC: 0 FLAG_ZERO: True FLAG_LT: 0 FLAG_GT: 0
INPUT_PORT:  []
OUT_PORT:  []
DATA_MEM:  [499, 232]
---------------------------------------
DEBUG    root:machine.py:309 JGE 22
TICK: 24146 PC:   4 ADDR:   0 MEM_OUT: 499 ACC: 499 BUFF: 498 DC: 0 FLAG_ZERO: False FLAG_LT: 1 FLAG_GT: 0
INPUT_PORT:  []
OUT_PORT:  []
DATA_MEM:  [499, 232]
---------------------------------------
DEBUG    root:machine.py:309 LD 0
TICK: 24149 PC:   5 ADDR:   0 MEM_OUT: 499 ACC: 499 BUFF: 498 DC: 0 FLAG_ZERO: False FLAG_LT: 1 FLAG_GT: 0
INPUT_PORT:  []
OUT_PORT:  []
DATA_MEM:  [499, 232]
---------------------------------------
DEBUG    root:machine.py:309 MOD 3
TICK: 24153 PC:   6 ADDR:   0 MEM_OUT: 499 ACC: 499 BUFF: 498 DC: 0 FLAG_ZERO: False FLAG_LT: 1 FLAG_GT: 0
INPUT_PORT:  []
OUT_PORT:  []
DATA_MEM:  [499, 232]
---------------------------------------
DEBUG    root:machine.py:309 CMP 0
TICK: 24157 PC:   7 ADDR:   0 MEM_OUT: 499 ACC: 1 BUFF: 499 DC: 0 FLAG_ZERO: False FLAG_LT: 1 FLAG_GT: 0
INPUT_PORT:  []
OUT_PORT:  []
DATA_MEM:  [499, 232]
---------------------------------------
DEBUG    root:machine.py:309 JE 14
TICK: 24160 PC:   8 ADDR:   0 MEM_OUT: 499 ACC: 1 BUFF: 499 DC: 0 FLAG_ZERO: False FLAG_LT: 0 FLAG_GT: 1
INPUT_PORT:  []
OUT_PORT:  []
DATA_MEM:  [499, 232]
---------------------------------------
DEBUG    root:machine.py:309 LD 0
TICK: 24163 PC:   9 ADDR:   0 MEM_OUT: 499 ACC: 1 BUFF: 499 DC: 0 FLAG_ZERO: False FLAG_LT: 0 FLAG_GT: 1
INPUT_PORT:  []
OUT_PORT:  []
DATA_MEM:  [499, 232]
---------------------------------------
DEBUG    root:machine.py:309 MOD 5
TICK: 24167 PC:  10 ADDR:   0 MEM_OUT: 499 ACC: 499 BUFF: 499 DC: 0 FLAG_ZERO: False FLAG_LT: 0 FLAG_GT: 1
INPUT_PORT:  []
OUT_PORT:  []
DATA_MEM:  [499, 232]
---------------------------------------
DEBUG    root:machine.py:309 CMP 0
TICK: 24171 PC:  11 ADDR:   0 MEM_OUT: 499 ACC: 4 BUFF: 499 DC: 0 FLAG_ZERO: False FLAG_LT: 0 FLAG_GT: 1
INPUT_PORT:  []
OUT_PORT:  []
DATA_MEM:  [499, 232]
---------------------------------------
DEBUG    root:machine.py:309 JE 18
TICK: 24174 PC:  12 ADDR:   0 MEM_OUT: 499 ACC: 4 BUFF: 499 DC: 0 FLAG_ZERO: False FLAG_LT: 0 FLAG_GT: 1
INPUT_PORT:  []
OUT_PORT:  []
DATA_MEM:  [499, 232]
---------------------------------------
DEBUG    root:machine.py:309 JMP 0
TICK: 24177 PC:  13 ADDR:   0 MEM_OUT: 499 ACC: 4 BUFF: 499 DC: 0 FLAG_ZERO: False FLAG_LT: 0 FLAG_GT: 1
INPUT_PORT:  []
OUT_PORT:  []
DATA_MEM:  [499, 232]
---------------------------------------
DEBUG    root:machine.py:309 LD 0
TICK: 24180 PC:   0 ADDR:   0 MEM_OUT: 499 ACC: 4 BUFF: 499 DC: 0 FLAG_ZERO: False FLAG_LT: 0 FLAG_GT: 1
INPUT_PORT:  []
OUT_PORT:  []
DATA_MEM:  [499, 232]
---------------------------------------
DEBUG    root:machine.py:309 INC 
TICK: 24184 PC:   1 ADDR:   0 MEM_OUT: 499 ACC: 499 BUFF: 499 DC: 0 FLAG_ZERO: False FLAG_LT: 0 FLAG_GT: 1
INPUT_PORT:  []
OUT_PORT:  []
DATA_MEM:  [499, 232]
---------------------------------------
DEBUG    root:machine.py:309 ST 0
TICK: 24187 PC:   2 ADDR:   0 MEM_OUT: 499 ACC: 500 BUFF: 499 DC: 0 FLAG_ZERO: False FLAG_LT: 0 FLAG_GT: 1
INPUT_PORT:  []
OUT_PORT:  []
DATA_MEM:  [499, 232]
---------------------------------------
DEBUG    root:machine.py:309 CMP 1000
TICK: 24191 PC:   3 ADDR:   0 MEM_OUT: 500 ACC: 500 BUFF: 499 DC: 0 FLAG_ZERO: False FLAG_LT: 0 FLAG_GT: 1
INPUT_PORT:  []
OUT_PORT:  []
DATA_MEM:  [500, 232]
---------------------------------------
DEBUG    root:machine.py:309 JGE 22
TICK: 24194 PC:   4 ADDR:   0 MEM_OUT: 500 ACC: 500 BUFF: 499 DC: 0 FLAG_ZERO: False FLAG_LT: 1 FLAG_GT: 0
INPUT_PORT:  []
OUT_PORT:  []
DATA_MEM:  [500, 232]
---------------------------------------
DEBUG    root:machine.py:309 LD 0
TICK: 24197 PC:   5 ADDR:   0 MEM_OUT: 500 ACC: 500 BUFF: 499 DC: 0 FLAG_ZERO: False FLAG_LT: 1 FLAG_GT: 0
INPUT_PORT:  []
OUT_PORT:  []
DATA_MEM:  [500, 232]
---------------------------------------
DEBUG    root:machine.py:309 MOD 3
TICK: 24201 PC:   6 ADDR:   0 MEM_OUT: 500 ACC: 500 BUFF: 499 DC: 0 FLAG_ZERO: False FLAG_LT: 1 FLAG_GT: 0
INPUT_PORT:  []
OUT_PORT:  []
DATA_MEM:  [500, 232]
---------------------------------------
DEBUG    root:machine.py:309 CMP 0
TICK: 24205 PC:   7 ADDR:   0 MEM_OUT: 500 ACC: 2 BUFF: 500 DC: 0 FLAG_ZERO: False FLAG_LT: 1 FLAG_GT: 0
INPUT_PORT:  []
OUT_PORT:  []
DATA_MEM:  [500, 232]
---------------------------------------
DEBUG    root:machine.py:309 JE 14
TICK: 24208 PC:   8 ADDR:   0 MEM_OUT: 500 ACC: 2 BUFF: 500 DC: 0 FLAG_ZERO: False FLAG_LT: 0 FLAG_GT: 1
INPUT_PORT:  []
OUT_PORT:  []
DATA_MEM:  [500, 232]
---------------------------------------
DEBUG    root:machine.py:309 LD 0
TICK: 24211 PC:   9 ADDR:   0 MEM_OUT: 500 ACC: 2 BUFF: 500 DC: 0 FLAG_ZERO: False FLAG_LT: 0 FLAG_GT: 1
INPUT_PORT:  []
OUT_PORT:  []
DATA_MEM:  [500, 232]
---------------------------------------
DEBUG    root:machine.py:309 MOD 5
TICK: 24215 PC:  10 ADDR:   0 MEM_OUT: 500 ACC: 500 BUFF: 500 DC: 0 FLAG_ZERO: False FLAG_LT: 0 FLAG_GT: 1
INPUT_PORT:  []
OUT_PORT:  []
DATA_MEM:  [500, 232]
---------------------------------------
DEBUG    root:machine.py:309 CMP 0
TICK: 24219 PC:  11 ADDR:   0 MEM_OUT: 500 ACC: 0 BUFF: 500 DC: 0 FLAG_ZERO: False FLAG_LT: 0 FLAG_GT: 1
INPUT_PORT:  []
OUT_PORT:  []
DATA_MEM:  [500, 232]
---------------------------------------
DEBUG    root:machine.py:309 JE 18
TICK: 24222 PC:  12 ADDR:   0 MEM_OUT: 500 ACC: 0 BUFF: 500 DC: 0 FLAG_ZERO: True FLAG_LT: 0 FLAG_GT: 0
INPUT_PORT:  []
OUT_PORT:  []
DATA_MEM:  [500, 232]
---------------------------------------
DEBUG    root:machine.py:309 LD 4
TICK: 24225 PC:  18 ADDR:   0 MEM_OUT: 500 ACC: 0 BUFF: 500 DC: 0 FLAG_ZERO: True FLAG_LT: 0 FLAG_GT: 0
INPUT_PORT:  []
OUT_PORT:  []
DATA_MEM:  [500, 232]
---------------------------------------
DEBUG    root:machine.py:309 INC 
TICK: 24229 PC:  19 ADDR:   1 MEM_OUT: 232 ACC: 232 BUFF: 500 DC: 0 FLAG_ZERO: True FLAG_LT: 0 FLAG_GT: 0
INPUT_PORT:  []
OUT_PORT:  []
DATA_MEM:  [500, 232]
---------------------------------------
DEBUG    root:machine.py:309 ST 4
TICK: 24232 PC:  20 ADDR:   1 MEM_OUT: 232 ACC: 233 BUFF: 500 DC: 0 FLAG_ZERO: True FLAG_LT: 0 FLAG_GT: 0
INPUT_PORT:  []
OUT_PORT:  []
DATA_MEM:  [500, 232]
---------------------------------------
DEBUG    root:machine.py:309 JMP 0
TICK: 24236 PC:  21 ADDR:   1 MEM_OUT: 233 ACC: 233 BUFF: 500 DC: 0 FLAG_ZERO: True FLAG_LT: 0 FLAG_GT: 0
INPUT_PORT:  []
OUT_PORT:  []
DATA_MEM:  [500, 233]
---------------------------------------
DEBUG    root:machine.py:309 LD 0
TICK: 24239 PC:   0 ADDR:   1 MEM_OUT: 233 ACC: 233 BUFF: 500 DC: 0 FLAG_ZERO: True FLAG_LT: 0 FLAG_GT: 0
INPUT_PORT:  []
OUT_PORT:  []
DATA_MEM:  [500, 233]
---------------------------------------
DEBUG    root:machine.py:309 INC 
TICK: 24243 PC:   1 ADDR:   0 MEM_OUT: 500 ACC: 500 BUFF: 500 DC: 0 FLAG_ZERO: True FLAG_LT: 0 FLAG_GT: 0
INPUT_PORT:  []
OUT_PORT:  []
DATA_MEM:  [500, 233]
---------------------------------------
DEBUG    root:machine.py:309 ST 0
TICK: 24246 PC:   2 ADDR:   0 MEM_OUT: 500 ACC: 501 BUFF: 500 DC: 0 FLAG_ZERO: True FLAG_LT: 0 FLAG_GT: 0
INPUT_PORT:  []
OUT_PORT:  []
DATA_MEM:  [500, 233]
---------------------------------------
DEBUG    root:machine.py:309 CMP 1000
TICK: 24250 PC:   3 ADDR:   0 MEM_OUT: 501 ACC: 501 BUFF: 500 DC: 0 FLAG_ZERO: True FLAG_LT: 0 FLAG_GT: 0
INPUT_PORT:  []
OUT_PORT:  []
DATA_MEM:  [501, 233]
---------------------------------------
DEBUG    root:machine.py:309 JGE 22
TICK: 24253 PC:   4 ADDR:   0 MEM_OUT: 501 ACC: 501 BUFF: 500 DC: 0 FLAG_ZERO: False FLAG_LT: 1 FLAG_GT: 0
INPUT_PORT:  []
OUT_PORT:  []
DATA_MEM:  [501, 233]
---------------------------------------
DEBUG    root:machine.py:309 LD 0
TICK: 24256 PC:   5 ADDR:   0 MEM_OUT: 501 ACC: 501 BUFF: 500 DC: 0 FLAG_ZERO: False FLAG_LT: 1 FLAG_GT: 0
INPUT_PORT:  []
OUT_PORT:  []
DATA_MEM:  [501, 233]
---------------------------------------
DEBUG    root:machine.py:309 MOD 3
TICK: 24260 PC:   6 ADDR:   0 MEM_OUT: 501 ACC: 501 BUFF: 500 DC: 0 FLAG_ZERO: False FLAG_LT: 1 FLAG_GT: 0
INPUT_PORT:  []
OUT_PORT:  []
DATA_MEM:  [501, 233]
---------------------------------------
DEBUG    root:machine.py:309 CMP 0
TICK: 24264 PC:   7 ADDR:   0 MEM_OUT: 501 ACC: 0 BUFF: 501 DC: 0 FLAG_ZERO: False FLAG_LT: 1 FLAG_GT: 0
INPUT_PORT:  []
OUT_PORT:  []
DATA_MEM:  [501, 233]
---------------------------------------
DEBUG    root:machine.py:309 JE 14
TICK: 24267 PC:   8 ADDR:   0 MEM_OUT: 501 ACC: 0 BUFF: 501 DC: 0 FLAG_ZERO: True FLAG_LT: 0 FLAG_GT: 0
INPUT_PORT:  []
OUT_PORT:  []
DATA_MEM:  [501, 233]
---------------------------------------
DEBUG    root:machine.py:309 LD 4
TICK: 24270 PC:  14 ADDR:   0 MEM_OUT: 501 ACC: 0 BUFF: 501 DC: 0 FLAG_ZERO: True FLAG_LT: 0 FLAG_GT: 0
INPUT_PORT:  []
OUT_PORT:  []
DATA_MEM:  [501, 233]
---------------------------------------
DEBUG    root:machine.py:309 INC 
TICK: 24274 PC:  15 ADDR:   1 MEM_OUT: 233 ACC: 233 BUFF: 501 DC: 0 FLAG_ZERO: True FLAG_LT: 0 FLAG_GT: 0
INPUT_PORT:  []
OUT_PORT:  []
DATA_MEM:  [501, 233]
---------------------------------------
DEBUG    root:machine.py:309 ST 4
TICK: 24277 PC:  16 ADDR:   1 MEM_OUT: 233 ACC: 234 BUFF: 501 DC: 0 FLAG_ZERO: True FLAG_LT: 0 FLAG_GT: 0
INPUT_PORT:  []
OUT_PORT:  []
DATA_MEM:  [501, 233]
---------------------------------------
DEBUG    root:machine.py:309 JMP 0
TICK: 24281 PC:  17 ADDR:   1 MEM_OUT: 234 ACC: 234 BUFF: 501 DC: 0 FLAG_ZERO: True FLAG_LT: 0 FLAG_GT: 0
INPUT_PORT:  []
OUT_PORT:  []
DATA_MEM:  [501, 234]
---------------------------------------
DEBUG    root:machine.py:309 LD 0
TICK: 24284 PC:   0 ADDR:   1 MEM_OUT: 234 ACC: 234 BUFF: 501 DC: 0 FLAG_ZERO: True FLAG_LT: 0 FLAG_GT: 0
INPUT_PORT:  []
OUT_PORT:  []
DATA_MEM:  [501, 234]
---------------------------------------
DEBUG    root:machine.py:309 INC 
TICK: 24288 PC:   1 ADDR:   0 MEM_OUT: 501 ACC: 501 BUFF: 501 DC: 0 FLAG_ZERO: True FLAG_LT: 0 FLAG_GT: 0
INPUT_PORT:  []
OUT_PORT:  []
DATA_MEM:  [501, 234]
---------------------------------------
DEBUG    root:machine.py:309 ST 0
TICK: 24291 PC:   2 ADDR:   0 MEM_OUT: 501 ACC: 502 BUFF: 501 DC: 0 FLAG_ZERO: True FLAG_LT: 0 FLAG_GT: 0
INPUT_PORT:  []
OUT_PORT:  []
DATA_MEM:  [501, 234]
---------------------------------------
DEBUG    root:machine.py:309 CMP 1000
TICK: 24295 PC:   3 ADDR:   0 MEM_OUT: 502 ACC: 502 BUFF: 501 DC: 0 FLAG_ZERO: True FLAG_LT: 0 FLAG_GT: 0
INPUT_PORT:  []
OUT_PORT:  []
DATA_MEM:  [502, 234]
---------------------------------------
DEBUG    root:machine.py:309 JGE 22
TICK: 24298 PC:   4 ADDR:   0 MEM_OUT: 502 ACC: 502 BUFF: 501 DC: 0 FLAG_ZERO: False FLAG_LT: 1 FLAG_GT: 0
INPUT_PORT:  []
OUT_PORT:  []
DATA_MEM:  [502, 234]
---------------------------------------
DEBUG    root:machine.py:309 LD 0
TICK: 24301 PC:   5 ADDR:   0 MEM_OUT: 502 ACC: 502 BUFF: 501 DC: 0 FLAG_ZERO: False FLAG_LT: 1 FLAG_GT: 0
INPUT_PORT:  []
OUT_PORT:  []
DATA_MEM:  [502, 234]
---------------------------------------
DEBUG    root:machine.py:309 MOD 3
TICK: 24305 PC:   6 ADDR:   0 MEM_OUT: 502 ACC: 502 BUFF: 501 DC: 0 FLAG_ZERO: False FLAG_LT: 1 FLAG_GT: 0
INPUT_PORT:  []
OUT_PORT:  []
DATA_MEM:  [502, 234]
---------------------------------------
DEBUG    root:machine.py:309 CMP 0
TICK: 24309 PC:   7 ADDR:   0 MEM_OUT: 502 ACC: 1 BUFF: 502 DC: 0 FLAG_ZERO: False FLAG_LT: 1 FLAG_GT: 0
INPUT_PORT:  []
OUT_PORT:  []
DATA_MEM:  [502, 234]
---------------------------------------
DEBUG    root:machine.py:309 JE 14
TICK: 24312 PC:   8 ADDR:   0 MEM_OUT: 502 ACC: 1 BUFF: 502 DC: 0 FLAG_ZERO: False FLAG_LT: 0 FLAG_GT: 1
INPUT_PORT:  []
OUT_PORT:  []
DATA_MEM:  [502, 234]
---------------------------------------
DEBUG    root:machine.py:309 LD 0
TICK: 24315 PC:   9 ADDR:   0 MEM_OUT: 502 ACC: 1 BUFF: 502 DC: 0 FLAG_ZERO: False FLAG_LT: 0 FLAG_GT: 1
INPUT_PORT:  []
OUT_PORT:  []
DATA_MEM:  [502, 234]
---------------------------------------
DEBUG    root:machine.py:309 MOD 5
TICK: 24319 PC:  10 ADDR:   0 MEM_OUT: 502 ACC: 502 BUFF: 502 DC: 0 FLAG_ZERO: False FLAG_LT: 0 FLAG_GT: 1
INPUT_PORT:  []
OUT_PORT:  []
DATA_MEM:  [502, 234]
---------------------------------------
DEBUG    root:machine.py:309 CMP 0
TICK: 24323 PC:  11 ADDR:   0 MEM_OUT: 502 ACC: 2 BUFF: 502 DC: 0 FLAG_ZERO: False FLAG_LT: 0 FLAG_GT: 1
INPUT_PORT:  []
OUT_PORT:  []
DATA_MEM:  [502, 234]
---------------------------------------
DEBUG    root:machine.py:309 JE 18
TICK: 24326 PC:  12 ADDR:   0 MEM_OUT: 502 ACC: 2 BUFF: 502 DC: 0 FLAG_ZERO: False FLAG_LT: 0 FLAG_GT: 1
INPUT_PORT:  []
OUT_PORT:  []
DATA_MEM:  [502, 234]
---------------------------------------
DEBUG    root:machine.py:309 JMP 0
TICK: 24329 PC:  13 ADDR:   0 MEM_OUT: 502 ACC: 2 BUFF: 502 DC: 0 FLAG_ZERO: False FLAG_LT: 0 FLAG_GT: 1
INPUT_PORT:  []
OUT_PORT:  []
DATA_MEM:  [502, 234]
---------------------------------------
DEBUG    root:machine.py:309 LD 0
TICK: 24332 PC:   0 ADDR:   0 MEM_OUT: 502 ACC: 2 BUFF: 502 DC: 0 FLAG_ZERO: False FLAG_LT: 0 FLAG_GT: 1
INPUT_PORT:  []
OUT_PORT:  []
DATA_MEM:  [502, 234]
---------------------------------------
DEBUG    root:machine.py:309 INC 
TICK: 24336 PC:   1 ADDR:   0 MEM_OUT: 502 ACC: 502 BUFF: 502 DC: 0 FLAG_ZERO: False FLAG_LT: 0 FLAG_GT: 1
INPUT_PORT:  []
OUT_PORT:  []
DATA_MEM:  [502, 234]
---------------------------------------
DEBUG    root:machine.py:309 ST 0
TICK: 24339 PC:   2 ADDR:   0 MEM_OUT: 502 ACC: 503 BUFF: 502 DC: 0 FLAG_ZERO: False FLAG_LT: 0 FLAG_GT: 1
INPUT_PORT:  []
OUT_PORT:  []
DATA_MEM:  [502, 234]
---------------------------------------
DEBUG    root:machine.py:309 CMP 1000
TICK: 24343 PC:   3 ADDR:   0 MEM_OUT: 503 ACC: 503 BUFF: 502 DC: 0 FLAG_ZERO: False FLAG_LT: 0 FLAG_GT: 1
INPUT_PORT:  []
OUT_PORT:  []
DATA_MEM:  [503, 234]
---------------------------------------
DEBUG    root:machine.py:309 JGE 22
TICK: 24346 PC:   4 ADDR:   0 MEM_OUT: 503 ACC: 503 BUFF: 502 DC: 0 FLAG_ZERO: False FLAG_LT: 1 FLAG_GT: 0
INPUT_PORT:  []
OUT_PORT:  []
DATA_MEM:  [503, 234]
---------------------------------------
DEBUG    root:machine.py:309 LD 0
TICK: 24349 PC:   5 ADDR:   0 MEM_OUT: 503 ACC: 503 BUFF: 502 DC: 0 FLAG_ZERO: False FLAG_LT: 1 FLAG_GT: 0
INPUT_PORT:  []
OUT_PORT:  []
DATA_MEM:  [503, 234]
---------------------------------------
DEBUG    root:machine.py:309 MOD 3
TICK: 24353 PC:   6 ADDR:   0 MEM_OUT: 503 ACC: 503 BUFF: 502 DC: 0 FLAG_ZERO: False FLAG_LT: 1 FLAG_GT: 0
INPUT_PORT:  []
OUT_PORT:  []
DATA_MEM:  [503, 234]
---------------------------------------
DEBUG    root:machine.py:309 CMP 0
TICK: 24357 PC:   7 ADDR:   0 MEM_OUT: 503 ACC: 2 BUFF: 503 DC: 0 FLAG_ZERO: False FLAG_LT: 1 FLAG_GT: 0
INPUT_PORT:  []
OUT_PORT:  []
DATA_MEM:  [503, 234]
---------------------------------------
DEBUG    root:machine.py:309 JE 14
TICK: 24360 PC:   8 ADDR:   0 MEM_OUT: 503 ACC: 2 BUFF: 503 DC: 0 FLAG_ZERO: False FLAG_LT: 0 FLAG_GT: 1
INPUT_PORT:  []
OUT_PORT:  []
DATA_MEM:  [503, 234]
---------------------------------------
DEBUG    root:machine.py:309 LD 0
TICK: 24363 PC:   9 ADDR:   0 MEM_OUT: 503 ACC: 2 BUFF: 503 DC: 0 FLAG_ZERO: False FLAG_LT: 0 FLAG_GT: 1
INPUT_PORT:  []
OUT_PORT:  []
DATA_MEM:  [503, 234]
---------------------------------------
DEBUG    root:machine.py:309 MOD 5
TICK: 24367 PC:  10 ADDR:   0 MEM_OUT: 503 ACC: 503 BUFF: 503 DC: 0 FLAG_ZERO: False FLAG_LT: 0 FLAG_GT: 1
INPUT_PORT:  []
OUT_PORT:  []
DATA_MEM:  [503, 234]
---------------------------------------
DEBUG    root:machine.py:309 CMP 0
TICK: 24371 PC:  11 ADDR:   0 MEM_OUT: 503 ACC: 3 BUFF: 503 DC: 0 FLAG_ZERO: False FLAG_LT: 0 FLAG_GT: 1
INPUT_PORT:  []
OUT_PORT:  []
DATA_MEM:  [503, 234]
---------------------------------------
DEBUG    root:machine.py:309 JE 18
TICK: 24374 PC:  12 ADDR:   0 MEM_OUT: 503 ACC: 3 BUFF: 503 DC: 0 FLAG_ZERO: False FLAG_LT: 0 FLAG_GT: 1
INPUT_PORT:  []
OUT_PORT:  []
DATA_MEM:  [503, 234]
---------------------------------------
DEBUG    root:machine.py:309 JMP 0
TICK: 24377 PC:  13 ADDR:   0 MEM_OUT: 503 ACC: 3 BUFF: 503 DC: 0 FLAG_ZERO: False FLAG_LT: 0 FLAG_GT: 1
INPUT_PORT:  []
OUT_PORT:  []
DATA_MEM:  [503, 234]
---------------------------------------
DEBUG    root:machine.py:309 LD 0
TICK: 24380 PC:   0 ADDR:   0 MEM_OUT: 503 ACC: 3 BUFF: 503 DC: 0 FLAG_ZERO: False FLAG_LT: 0 FLAG_GT: 1
INPUT_PORT:  []
OUT_PORT:  []
DATA_MEM:  [503, 234]
---------------------------------------
DEBUG    root:machine.py:309 INC 
TICK: 24384 PC:   1 ADDR:   0 MEM_OUT: 503 ACC: 503 BUFF: 503 DC: 0 FLAG_ZERO: False FLAG_LT: 0 FLAG_GT: 1
INPUT_PORT:  []
OUT_PORT:  []
DATA_MEM:  [503, 234]
---------------------------------------
DEBUG    root:machine.py:309 ST 0
TICK: 24387 PC:   2 ADDR:   0 MEM_OUT: 503 ACC: 504 BUFF: 503 DC: 0 FLAG_ZERO: False FLAG_LT: 0 FLAG_GT: 1
INPUT_PORT:  []
OUT_PORT:  []
DATA_MEM:  [503, 234]
---------------------------------------
DEBUG    root:machine.py:309 CMP 1000
TICK: 24391 PC:   3 ADDR:   0 MEM_OUT: 504 ACC: 504 BUFF: 503 DC: 0 FLAG_ZERO: False FLAG_LT: 0 FLAG_GT: 1
INPUT_PORT:  []
OUT_PORT:  []
DATA_MEM:  [504, 234]
---------------------------------------
DEBUG    root:machine.py:309 JGE 22
TICK: 24394 PC:   4 ADDR:   0 MEM_OUT: 504 ACC: 504 BUFF: 503 DC: 0 FLAG_ZERO: False FLAG_LT: 1 FLAG_GT: 0
INPUT_PORT:  []
OUT_PORT:  []
DATA_MEM:  [504, 234]
---------------------------------------
DEBUG    root:machine.py:309 LD 0
TICK: 24397 PC:   5 ADDR:   0 MEM_OUT: 504 ACC: 504 BUFF: 503 DC: 0 FLAG_ZERO: False FLAG_LT: 1 FLAG_GT: 0
INPUT_PORT:  []
OUT_PORT:  []
DATA_MEM:  [504, 234]
---------------------------------------
DEBUG    root:machine.py:309 MOD 3
TICK: 24401 PC:   6 ADDR:   0 MEM_OUT: 504 ACC: 504 BUFF: 503 DC: 0 FLAG_ZERO: False FLAG_LT: 1 FLAG_GT: 0
INPUT_PORT:  []
OUT_PORT:  []
DATA_MEM:  [504, 234]
---------------------------------------
DEBUG    root:machine.py:309 CMP 0
TICK: 24405 PC:   7 ADDR:   0 MEM_OUT: 504 ACC: 0 BUFF: 504 DC: 0 FLAG_ZERO: False FLAG_LT: 1 FLAG_GT: 0
INPUT_PORT:  []
OUT_PORT:  []
DATA_MEM:  [504, 234]
---------------------------------------
DEBUG    root:machine.py:309 JE 14
TICK: 24408 PC:   8 ADDR:   0 MEM_OUT: 504 ACC: 0 BUFF: 504 DC: 0 FLAG_ZERO: True FLAG_LT: 0 FLAG_GT: 0
INPUT_PORT:  []
OUT_PORT:  []
DATA_MEM:  [504, 234]
---------------------------------------
DEBUG    root:machine.py:309 LD 4
TICK: 24411 PC:  14 ADDR:   0 MEM_OUT: 504 ACC: 0 BUFF: 504 DC: 0 FLAG_ZERO: True FLAG_LT: 0 FLAG_GT: 0
INPUT_PORT:  []
OUT_PORT:  []
DATA_MEM:  [504, 234]
---------------------------------------
DEBUG    root:machine.py:309 INC 
TICK: 24415 PC:  15 ADDR:   1 MEM_OUT: 234 ACC: 234 BUFF: 504 DC: 0 FLAG_ZERO: True FLAG_LT: 0 FLAG_GT: 0
INPUT_PORT:  []
OUT_PORT:  []
DATA_MEM:  [504, 234]
---------------------------------------
DEBUG    root:machine.py:309 ST 4
TICK: 24418 PC:  16 ADDR:   1 MEM_OUT: 234 ACC: 235 BUFF: 504 DC: 0 FLAG_ZERO: True FLAG_LT: 0 FLAG_GT: 0
INPUT_PORT:  []
OUT_PORT:  []
DATA_MEM:  [504, 234]
---------------------------------------
DEBUG    root:machine.py:309 JMP 0
TICK: 24422 PC:  17 ADDR:   1 MEM_OUT: 235 ACC: 235 BUFF: 504 DC: 0 FLAG_ZERO: True FLAG_LT: 0 FLAG_GT: 0
INPUT_PORT:  []
OUT_PORT:  []
DATA_MEM:  [504, 235]
---------------------------------------
DEBUG    root:machine.py:309 LD 0
TICK: 24425 PC:   0 ADDR:   1 MEM_OUT: 235 ACC: 235 BUFF: 504 DC: 0 FLAG_ZERO: True FLAG_LT: 0 FLAG_GT: 0
INPUT_PORT:  []
OUT_PORT:  []
DATA_MEM:  [504, 235]
---------------------------------------
DEBUG    root:machine.py:309 INC 
TICK: 24429 PC:   1 ADDR:   0 MEM_OUT: 504 ACC: 504 BUFF: 504 DC: 0 FLAG_ZERO: True FLAG_LT: 0 FLAG_GT: 0
INPUT_PORT:  []
OUT_PORT:  []
DATA_MEM:  [504, 235]
---------------------------------------
DEBUG    root:machine.py:309 ST 0
TICK: 24432 PC:   2 ADDR:   0 MEM_OUT: 504 ACC: 505 BUFF: 504 DC: 0 FLAG_ZERO: True FLAG_LT: 0 FLAG_GT: 0
INPUT_PORT:  []
OUT_PORT:  []
DATA_MEM:  [504, 235]
---------------------------------------
DEBUG    root:machine.py:309 CMP 1000
TICK: 24436 PC:   3 ADDR:   0 MEM_OUT: 505 ACC: 505 BUFF: 504 DC: 0 FLAG_ZERO: True FLAG_LT: 0 FLAG_GT: 0
INPUT_PORT:  []
OUT_PORT:  []
DATA_MEM:  [505, 235]
---------------------------------------
DEBUG    root:machine.py:309 JGE 22
TICK: 24439 PC:   4 ADDR:   0 MEM_OUT: 505 ACC: 505 BUFF: 504 DC: 0 FLAG_ZERO: False FLAG_LT: 1 FLAG_GT: 0
INPUT_PORT:  []
OUT_PORT:  []
DATA_MEM:  [505, 235]
---------------------------------------
DEBUG    root:machine.py:309 LD 0
TICK: 24442 PC:   5 ADDR:   0 MEM_OUT: 505 ACC: 505 BUFF: 504 DC: 0 FLAG_ZERO: False FLAG_LT: 1 FLAG_GT: 0
INPUT_PORT:  []
OUT_PORT:  []
DATA_MEM:  [505, 235]
---------------------------------------
DEBUG    root:machine.py:309 MOD 3
TICK: 24446 PC:   6 ADDR:   0 MEM_OUT: 505 ACC: 505 BUFF: 504 DC: 0 FLAG_ZERO: False FLAG_LT: 1 FLAG_GT: 0
INPUT_PORT:  []
OUT_PORT:  []
DATA_MEM:  [505, 235]
---------------------------------------
DEBUG    root:machine.py:309 CMP 0
TICK: 24450 PC:   7 ADDR:   0 MEM_OUT: 505 ACC: 1 BUFF: 505 DC: 0 FLAG_ZERO: False FLAG_LT: 1 FLAG_GT: 0
INPUT_PORT:  []
OUT_PORT:  []
DATA_MEM:  [505, 235]
---------------------------------------
DEBUG    root:machine.py:309 JE 14
TICK: 24453 PC:   8 ADDR:   0 MEM_OUT: 505 ACC: 1 BUFF: 505 DC: 0 FLAG_ZERO: False FLAG_LT: 0 FLAG_GT: 1
INPUT_PORT:  []
OUT_PORT:  []
DATA_MEM:  [505, 235]
---------------------------------------
DEBUG    root:machine.py:309 LD 0
TICK: 24456 PC:   9 ADDR:   0 MEM_OUT: 505 ACC: 1 BUFF: 505 DC: 0 FLAG_ZERO: False FLAG_LT: 0 FLAG_GT: 1
INPUT_PORT:  []
OUT_PORT:  []
DATA_MEM:  [505, 235]
---------------------------------------
DEBUG    root:machine.py:309 MOD 5
TICK: 24460 PC:  10 ADDR:   0 MEM_OUT: 505 ACC: 505 BUFF: 505 DC: 0 FLAG_ZERO: False FLAG_LT: 0 FLAG_GT: 1
INPUT_PORT:  []
OUT_PORT:  []
DATA_MEM:  [505, 235]
---------------------------------------
DEBUG    root:machine.py:309 CMP 0
TICK: 24464 PC:  11 ADDR:   0 MEM_OUT: 505 ACC: 0 BUFF: 505 DC: 0 FLAG_ZERO: False FLAG_LT: 0 FLAG_GT: 1
INPUT_PORT:  []
OUT_PORT:  []
DATA_MEM:  [505, 235]
---------------------------------------
DEBUG    root:machine.py:309 JE 18
TICK: 24467 PC:  12 ADDR:   0 MEM_OUT: 505 ACC: 0 BUFF: 505 DC: 0 FLAG_ZERO: True FLAG_LT: 0 FLAG_GT: 0
INPUT_PORT:  []
OUT_PORT:  []
DATA_MEM:  [505, 235]
---------------------------------------
DEBUG    root:machine.py:309 LD 4
TICK: 24470 PC:  18 ADDR:   0 MEM_OUT: 505 ACC: 0 BUFF: 505 DC: 0 FLAG_ZERO: True FLAG_LT: 0 FLAG_GT: 0
INPUT_PORT:  []
OUT_PORT:  []
DATA_MEM:  [505, 235]
---------------------------------------
DEBUG    root:machine.py:309 INC 
TICK: 24474 PC:  19 ADDR:   1 MEM_OUT: 235 ACC: 235 BUFF: 505 DC: 0 FLAG_ZERO: True FLAG_LT: 0 FLAG_GT: 0
INPUT_PORT:  []
OUT_PORT:  []
DATA_MEM:  [505, 235]
---------------------------------------
DEBUG    root:machine.py:309 ST 4
TICK: 24477 PC:  20 ADDR:   1 MEM_OUT: 235 ACC: 236 BUFF: 505 DC: 0 FLAG_ZERO: True FLAG_LT: 0 FLAG_GT: 0
INPUT_PORT:  []
OUT_PORT:  []
DATA_MEM:  [505, 235]
---------------------------------------
DEBUG    root:machine.py:309 JMP 0
TICK: 24481 PC:  21 ADDR:   1 MEM_OUT: 236 ACC: 236 BUFF: 505 DC: 0 FLAG_ZERO: True FLAG_LT: 0 FLAG_GT: 0
INPUT_PORT:  []
OUT_PORT:  []
DATA_MEM:  [505, 236]
---------------------------------------
DEBUG    root:machine.py:309 LD 0
TICK: 24484 PC:   0 ADDR:   1 MEM_OUT: 236 ACC: 236 BUFF: 505 DC: 0 FLAG_ZERO: True FLAG_LT: 0 FLAG_GT: 0
INPUT_PORT:  []
OUT_PORT:  []
DATA_MEM:  [505, 236]
---------------------------------------
DEBUG    root:machine.py:309 INC 
TICK: 24488 PC:   1 ADDR:   0 MEM_OUT: 505 ACC: 505 BUFF: 505 DC: 0 FLAG_ZERO: True FLAG_LT: 0 FLAG_GT: 0
INPUT_PORT:  []
OUT_PORT:  []
DATA_MEM:  [505, 236]
---------------------------------------
DEBUG    root:machine.py:309 ST 0
TICK: 24491 PC:   2 ADDR:   0 MEM_OUT: 505 ACC: 506 BUFF: 505 DC: 0 FLAG_ZERO: True FLAG_LT: 0 FLAG_GT: 0
INPUT_PORT:  []
OUT_PORT:  []
DATA_MEM:  [505, 236]
---------------------------------------
DEBUG    root:machine.py:309 CMP 1000
TICK: 24495 PC:   3 ADDR:   0 MEM_OUT: 506 ACC: 506 BUFF: 505 DC: 0 FLAG_ZERO: True FLAG_LT: 0 FLAG_GT: 0
INPUT_PORT:  []
OUT_PORT:  []
DATA_MEM:  [506, 236]
---------------------------------------
DEBUG    root:machine.py:309 JGE 22
TICK: 24498 PC:   4 ADDR:   0 MEM_OUT: 506 ACC: 506 BUFF: 505 DC: 0 FLAG_ZERO: False FLAG_LT: 1 FLAG_GT: 0
INPUT_PORT:  []
OUT_PORT:  []
DATA_MEM:  [506, 236]
---------------------------------------
DEBUG    root:machine.py:309 LD 0
TICK: 24501 PC:   5 ADDR:   0 MEM_OUT: 506 ACC: 506 BUFF: 505 DC: 0 FLAG_ZERO: False FLAG_LT: 1 FLAG_GT: 0
INPUT_PORT:  []
OUT_PORT:  []
DATA_MEM:  [506, 236]
---------------------------------------
DEBUG    root:machine.py:309 MOD 3
TICK: 24505 PC:   6 ADDR:   0 MEM_OUT: 506 ACC: 506 BUFF: 505 DC: 0 FLAG_ZERO: False FLAG_LT: 1 FLAG_GT: 0
INPUT_PORT:  []
OUT_PORT:  []
DATA_MEM:  [506, 236]
---------------------------------------
DEBUG    root:machine.py:309 CMP 0
TICK: 24509 PC:   7 ADDR:   0 MEM_OUT: 506 ACC: 2 BUFF: 506 DC: 0 FLAG_ZERO: False FLAG_LT: 1 FLAG_GT: 0
INPUT_PORT:  []
OUT_PORT:  []
DATA_MEM:  [506, 236]
---------------------------------------
DEBUG    root:machine.py:309 JE 14
TICK: 24512 PC:   8 ADDR:   0 MEM_OUT: 506 ACC: 2 BUFF: 506 DC: 0 FLAG_ZERO: False FLAG_LT: 0 FLAG_GT: 1
INPUT_PORT:  []
OUT_PORT:  []
DATA_MEM:  [506, 236]
---------------------------------------
DEBUG    root:machine.py:309 LD 0
TICK: 24515 PC:   9 ADDR:   0 MEM_OUT: 506 ACC: 2 BUFF: 506 DC: 0 FLAG_ZERO: False FLAG_LT: 0 FLAG_GT: 1
INPUT_PORT:  []
OUT_PORT:  []
DATA_MEM:  [506, 236]
---------------------------------------
DEBUG    root:machine.py:309 MOD 5
TICK: 24519 PC:  10 ADDR:   0 MEM_OUT: 506 ACC: 506 BUFF: 506 DC: 0 FLAG_ZERO: False FLAG_LT: 0 FLAG_GT: 1
INPUT_PORT:  []
OUT_PORT:  []
DATA_MEM:  [506, 236]
---------------------------------------
DEBUG    root:machine.py:309 CMP 0
TICK: 24523 PC:  11 ADDR:   0 MEM_OUT: 506 ACC: 1 BUFF: 506 DC: 0 FLAG_ZERO: False FLAG_LT: 0 FLAG_GT: 1
INPUT_PORT:  []
OUT_PORT:  []
DATA_MEM:  [506, 236]
---------------------------------------
DEBUG    root:machine.py:309 JE 18
TICK: 24526 PC:  12 ADDR:   0 MEM_OUT: 506 ACC: 1 BUFF: 506 DC: 0 FLAG_ZERO: False FLAG_LT: 0 FLAG_GT: 1
INPUT_PORT:  []
OUT_PORT:  []
DATA_MEM:  [506, 236]
---------------------------------------
DEBUG    root:machine.py:309 JMP 0
TICK: 24529 PC:  13 ADDR:   0 MEM_OUT: 506 ACC: 1 BUFF: 506 DC: 0 FLAG_ZERO: False FLAG_LT: 0 FLAG_GT: 1
INPUT_PORT:  []
OUT_PORT:  []
DATA_MEM:  [506, 236]
---------------------------------------
DEBUG    root:machine.py:309 LD 0
TICK: 24532 PC:   0 ADDR:   0 MEM_OUT: 506 ACC: 1 BUFF: 506 DC: 0 FLAG_ZERO: False FLAG_LT: 0 FLAG_GT: 1
INPUT_PORT:  []
OUT_PORT:  []
DATA_MEM:  [506, 236]
---------------------------------------
DEBUG    root:machine.py:309 INC 
TICK: 24536 PC:   1 ADDR:   0 MEM_OUT: 506 ACC: 506 BUFF: 506 DC: 0 FLAG_ZERO: False FLAG_LT: 0 FLAG_GT: 1
INPUT_PORT:  []
OUT_PORT:  []
DATA_MEM:  [506, 236]
---------------------------------------
DEBUG    root:machine.py:309 ST 0
TICK: 24539 PC:   2 ADDR:   0 MEM_OUT: 506 ACC: 507 BUFF: 506 DC: 0 FLAG_ZERO: False FLAG_LT: 0 FLAG_GT: 1
INPUT_PORT:  []
OUT_PORT:  []
DATA_MEM:  [506, 236]
---------------------------------------
DEBUG    root:machine.py:309 CMP 1000
TICK: 24543 PC:   3 ADDR:   0 MEM_OUT: 507 ACC: 507 BUFF: 506 DC: 0 FLAG_ZERO: False FLAG_LT: 0 FLAG_GT: 1
INPUT_PORT:  []
OUT_PORT:  []
DATA_MEM:  [507, 236]
---------------------------------------
DEBUG    root:machine.py:309 JGE 22
TICK: 24546 PC:   4 ADDR:   0 MEM_OUT: 507 ACC: 507 BUFF: 506 DC: 0 FLAG_ZERO: False FLAG_LT: 1 FLAG_GT: 0
INPUT_PORT:  []
OUT_PORT:  []
DATA_MEM:  [507, 236]
---------------------------------------
DEBUG    root:machine.py:309 LD 0
TICK: 24549 PC:   5 ADDR:   0 MEM_OUT: 507 ACC: 507 BUFF: 506 DC: 0 FLAG_ZERO: False FLAG_LT: 1 FLAG_GT: 0
INPUT_PORT:  []
OUT_PORT:  []
DATA_MEM:  [507, 236]
---------------------------------------
DEBUG    root:machine.py:309 MOD 3
TICK: 24553 PC:   6 ADDR:   0 MEM_OUT: 507 ACC: 507 BUFF: 506 DC: 0 FLAG_ZERO: False FLAG_LT: 1 FLAG_GT: 0
INPUT_PORT:  []
OUT_PORT:  []
DATA_MEM:  [507, 236]
---------------------------------------
DEBUG    root:machine.py:309 CMP 0
TICK: 24557 PC:   7 ADDR:   0 MEM_OUT: 507 ACC: 0 BUFF: 507 DC: 0 FLAG_ZERO: False FLAG_LT: 1 FLAG_GT: 0
INPUT_PORT:  []
OUT_PORT:  []
DATA_MEM:  [507, 236]
---------------------------------------
DEBUG    root:machine.py:309 JE 14
TICK: 24560 PC:   8 ADDR:   0 MEM_OUT: 507 ACC: 0 BUFF: 507 DC: 0 FLAG_ZERO: True FLAG_LT: 0 FLAG_GT: 0
INPUT_PORT:  []
OUT_PORT:  []
DATA_MEM:  [507, 236]
---------------------------------------
DEBUG    root:machine.py:309 LD 4
TICK: 24563 PC:  14 ADDR:   0 MEM_OUT: 507 ACC: 0 BUFF: 507 DC: 0 FLAG_ZERO: True FLAG_LT: 0 FLAG_GT: 0
INPUT_PORT:  []
OUT_PORT:  []
DATA_MEM:  [507, 236]
---------------------------------------
DEBUG    root:machine.py:309 INC 
TICK: 24567 PC:  15 ADDR:   1 MEM_OUT: 236 ACC: 236 BUFF: 507 DC: 0 FLAG_ZERO: True FLAG_LT: 0 FLAG_GT: 0
INPUT_PORT:  []
OUT_PORT:  []
DATA_MEM:  [507, 236]
---------------------------------------
DEBUG    root:machine.py:309 ST 4
TICK: 24570 PC:  16 ADDR:   1 MEM_OUT: 236 ACC: 237 BUFF: 507 DC: 0 FLAG_ZERO: True FLAG_LT: 0 FLAG_GT: 0
INPUT_PORT:  []
OUT_PORT:  []
DATA_MEM:  [507, 236]
---------------------------------------
DEBUG    root:machine.py:309 JMP 0
TICK: 24574 PC:  17 ADDR:   1 MEM_OUT: 237 ACC: 237 BUFF: 507 DC: 0 FLAG_ZERO: True FLAG_LT: 0 FLAG_GT: 0
INPUT_PORT:  []
OUT_PORT:  []
DATA_MEM:  [507, 237]
---------------------------------------
DEBUG    root:machine.py:309 LD 0
TICK: 24577 PC:   0 ADDR:   1 MEM_OUT: 237 ACC: 237 BUFF: 507 DC: 0 FLAG_ZERO: True FLAG_LT: 0 FLAG_GT: 0
INPUT_PORT:  []
OUT_PORT:  []
DATA_MEM:  [507, 237]
---------------------------------------
DEBUG    root:machine.py:309 INC 
TICK: 24581 PC:   1 ADDR:   0 MEM_OUT: 507 ACC: 507 BUFF: 507 DC: 0 FLAG_ZERO: True FLAG_LT: 0 FLAG_GT: 0
INPUT_PORT:  []
OUT_PORT:  []
DATA_MEM:  [507, 237]
---------------------------------------
DEBUG    root:machine.py:309 ST 0
TICK: 24584 PC:   2 ADDR:   0 MEM_OUT: 507 ACC: 508 BUFF: 507 DC: 0 FLAG_ZERO: True FLAG_LT: 0 FLAG_GT: 0
INPUT_PORT:  []
OUT_PORT:  []
DATA_MEM:  [507, 237]
---------------------------------------
DEBUG    root:machine.py:309 CMP 1000
TICK: 24588 PC:   3 ADDR:   0 MEM_OUT: 508 ACC: 508 BUFF: 507 DC: 0 FLAG_ZERO: True FLAG_LT: 0 FLAG_GT: 0
INPUT_PORT:  []
OUT_PORT:  []
DATA_MEM:  [508, 237]
---------------------------------------
DEBUG    root:machine.py:309 JGE 22
TICK: 24591 PC:   4 ADDR:   0 MEM_OUT: 508 ACC: 508 BUFF: 507 DC: 0 FLAG_ZERO: False FLAG_LT: 1 FLAG_GT: 0
INPUT_PORT:  []
OUT_PORT:  []
DATA_MEM:  [508, 237]
---------------------------------------
DEBUG    root:machine.py:309 LD 0
TICK: 24594 PC:   5 ADDR:   0 MEM_OUT: 508 ACC: 508 BUFF: 507 DC: 0 FLAG_ZERO: False FLAG_LT: 1 FLAG_GT: 0
INPUT_PORT:  []
OUT_PORT:  []
DATA_MEM:  [508, 237]
---------------------------------------
DEBUG    root:machine.py:309 MOD 3
TICK: 24598 PC:   6 ADDR:   0 MEM_OUT: 508 ACC: 508 BUFF: 507 DC: 0 FLAG_ZERO: False FLAG_LT: 1 FLAG_GT: 0
INPUT_PORT:  []
OUT_PORT:  []
DATA_MEM:  [508, 237]
---------------------------------------
DEBUG    root:machine.py:309 CMP 0
TICK: 24602 PC:   7 ADDR:   0 MEM_OUT: 508 ACC: 1 BUFF: 508 DC: 0 FLAG_ZERO: False FLAG_LT: 1 FLAG_GT: 0
INPUT_PORT:  []
OUT_PORT:  []
DATA_MEM:  [508, 237]
---------------------------------------
DEBUG    root:machine.py:309 JE 14
TICK: 24605 PC:   8 ADDR:   0 MEM_OUT: 508 ACC: 1 BUFF: 508 DC: 0 FLAG_ZERO: False FLAG_LT: 0 FLAG_GT: 1
INPUT_PORT:  []
OUT_PORT:  []
DATA_MEM:  [508, 237]
---------------------------------------
DEBUG    root:machine.py:309 LD 0
TICK: 24608 PC:   9 ADDR:   0 MEM_OUT: 508 ACC: 1 BUFF: 508 DC: 0 FLAG_ZERO: False FLAG_LT: 0 FLAG_GT: 1
INPUT_PORT:  []
OUT_PORT:  []
DATA_MEM:  [508, 237]
---------------------------------------
DEBUG    root:machine.py:309 MOD 5
TICK: 24612 PC:  10 ADDR:   0 MEM_OUT: 508 ACC: 508 BUFF: 508 DC: 0 FLAG_ZERO: False FLAG_LT: 0 FLAG_GT: 1
INPUT_PORT:  []
OUT_PORT:  []
DATA_MEM:  [508, 237]
---------------------------------------
DEBUG    root:machine.py:309 CMP 0
TICK: 24616 PC:  11 ADDR:   0 MEM_OUT: 508 ACC: 3 BUFF: 508 DC: 0 FLAG_ZERO: False FLAG_LT: 0 FLAG_GT: 1
INPUT_PORT:  []
OUT_PORT:  []
DATA_MEM:  [508, 237]
---------------------------------------
DEBUG    root:machine.py:309 JE 18
TICK: 24619 PC:  12 ADDR:   0 MEM_OUT: 508 ACC: 3 BUFF: 508 DC: 0 FLAG_ZERO: False FLAG_LT: 0 FLAG_GT: 1
INPUT_PORT:  []
OUT_PORT:  []
DATA_MEM:  [508, 237]
---------------------------------------
DEBUG    root:machine.py:309 JMP 0
TICK: 24622 PC:  13 ADDR:   0 MEM_OUT: 508 ACC: 3 BUFF: 508 DC: 0 FLAG_ZERO: False FLAG_LT: 0 FLAG_GT: 1
INPUT_PORT:  []
OUT_PORT:  []
DATA_MEM:  [508, 237]
---------------------------------------
DEBUG    root:machine.py:309 LD 0
TICK: 24625 PC:   0 ADDR:   0 MEM_OUT: 508 ACC: 3 BUFF: 508 DC: 0 FLAG_ZERO: False FLAG_LT: 0 FLAG_GT: 1
INPUT_PORT:  []
OUT_PORT:  []
DATA_MEM:  [508, 237]
---------------------------------------
DEBUG    root:machine.py:309 INC 
TICK: 24629 PC:   1 ADDR:   0 MEM_OUT: 508 ACC: 508 BUFF: 508 DC: 0 FLAG_ZERO: False FLAG_LT: 0 FLAG_GT: 1
INPUT_PORT:  []
OUT_PORT:  []
DATA_MEM:  [508, 237]
---------------------------------------
DEBUG    root:machine.py:309 ST 0
TICK: 24632 PC:   2 ADDR:   0 MEM_OUT: 508 ACC: 509 BUFF: 508 DC: 0 FLAG_ZERO: False FLAG_LT: 0 FLAG_GT: 1
INPUT_PORT:  []
OUT_PORT:  []
DATA_MEM:  [508, 237]
---------------------------------------
DEBUG    root:machine.py:309 CMP 1000
TICK: 24636 PC:   3 ADDR:   0 MEM_OUT: 509 ACC: 509 BUFF: 508 DC: 0 FLAG_ZERO: False FLAG_LT: 0 FLAG_GT: 1
INPUT_PORT:  []
OUT_PORT:  []
DATA_MEM:  [509, 237]
---------------------------------------
DEBUG    root:machine.py:309 JGE 22
TICK: 24639 PC:   4 ADDR:   0 MEM_OUT: 509 ACC: 509 BUFF: 508 DC: 0 FLAG_ZERO: False FLAG_LT: 1 FLAG_GT: 0
INPUT_PORT:  []
OUT_PORT:  []
DATA_MEM:  [509, 237]
---------------------------------------
DEBUG    root:machine.py:309 LD 0
TICK: 24642 PC:   5 ADDR:   0 MEM_OUT: 509 ACC: 509 BUFF: 508 DC: 0 FLAG_ZERO: False FLAG_LT: 1 FLAG_GT: 0
INPUT_PORT:  []
OUT_PORT:  []
DATA_MEM:  [509, 237]
---------------------------------------
DEBUG    root:machine.py:309 MOD 3
TICK: 24646 PC:   6 ADDR:   0 MEM_OUT: 509 ACC: 509 BUFF: 508 DC: 0 FLAG_ZERO: False FLAG_LT: 1 FLAG_GT: 0
INPUT_PORT:  []
OUT_PORT:  []
DATA_MEM:  [509, 237]
---------------------------------------
DEBUG    root:machine.py:309 CMP 0
TICK: 24650 PC:   7 ADDR:   0 MEM_OUT: 509 ACC: 2 BUFF: 509 DC: 0 FLAG_ZERO: False FLAG_LT: 1 FLAG_GT: 0
INPUT_PORT:  []
OUT_PORT:  []
DATA_MEM:  [509, 237]
---------------------------------------
DEBUG    root:machine.py:309 JE 14
TICK: 24653 PC:   8 ADDR:   0 MEM_OUT: 509 ACC: 2 BUFF: 509 DC: 0 FLAG_ZERO: False FLAG_LT: 0 FLAG_GT: 1
INPUT_PORT:  []
OUT_PORT:  []
DATA_MEM:  [509, 237]
---------------------------------------
DEBUG    root:machine.py:309 LD 0
TICK: 24656 PC:   9 ADDR:   0 MEM_OUT: 509 ACC: 2 BUFF: 509 DC: 0 FLAG_ZERO: False FLAG_LT: 0 FLAG_GT: 1
INPUT_PORT:  []
OUT_PORT:  []
DATA_MEM:  [509, 237]
---------------------------------------
DEBUG    root:machine.py:309 MOD 5
TICK: 24660 PC:  10 ADDR:   0 MEM_OUT: 509 ACC: 509 BUFF: 509 DC: 0 FLAG_ZERO: False FLAG_LT: 0 FLAG_GT: 1
INPUT_PORT:  []
OUT_PORT:  []
DATA_MEM:  [509, 237]
---------------------------------------
DEBUG    root:machine.py:309 CMP 0
TICK: 24664 PC:  11 ADDR:   0 MEM_OUT: 509 ACC: 4 BUFF: 509 DC: 0 FLAG_ZERO: False FLAG_LT: 0 FLAG_GT: 1
INPUT_PORT:  []
OUT_PORT:  []
DATA_MEM:  [509, 237]
---------------------------------------
DEBUG    root:machine.py:309 JE 18
TICK: 24667 PC:  12 ADDR:   0 MEM_OUT: 509 ACC: 4 BUFF: 509 DC: 0 FLAG_ZERO: False FLAG_LT: 0 FLAG_GT: 1
INPUT_PORT:  []
OUT_PORT:  []
DATA_MEM:  [509, 237]
---------------------------------------
DEBUG    root:machine.py:309 JMP 0
TICK: 24670 PC:  13 ADDR:   0 MEM_OUT: 509 ACC: 4 BUFF: 509 DC: 0 FLAG_ZERO: False FLAG_LT: 0 FLAG_GT: 1
INPUT_PORT:  []
OUT_PORT:  []
DATA_MEM:  [509, 237]
---------------------------------------
DEBUG    root:machine.py:309 LD 0
TICK: 24673 PC:   0 ADDR:   0 MEM_OUT: 509 ACC: 4 BUFF: 509 DC: 0 FLAG_ZERO: False FLAG_LT: 0 FLAG_GT: 1
INPUT_PORT:  []
OUT_PORT:  []
DATA_MEM:  [509, 237]
---------------------------------------
DEBUG    root:machine.py:309 INC 
TICK: 24677 PC:   1 ADDR:   0 MEM_OUT: 509 ACC: 509 BUFF: 509 DC: 0 FLAG_ZERO: False FLAG_LT: 0 FLAG_GT: 1
INPUT_PORT:  []
OUT_PORT:  []
DATA_MEM:  [509, 237]
---------------------------------------
DEBUG    root:machine.py:309 ST 0
TICK: 24680 PC:   2 ADDR:   0 MEM_OUT: 509 ACC: 510 BUFF: 509 DC: 0 FLAG_ZERO: False FLAG_LT: 0 FLAG_GT: 1
INPUT_PORT:  []
OUT_PORT:  []
DATA_MEM:  [509, 237]
---------------------------------------
DEBUG    root:machine.py:309 CMP 1000
TICK: 24684 PC:   3 ADDR:   0 MEM_OUT: 510 ACC: 510 BUFF: 509 DC: 0 FLAG_ZERO: False FLAG_LT: 0 FLAG_GT: 1
INPUT_PORT:  []
OUT_PORT:  []
DATA_MEM:  [510, 237]
---------------------------------------
DEBUG    root:machine.py:309 JGE 22
TICK: 24687 PC:   4 ADDR:   0 MEM_OUT: 510 ACC: 510 BUFF: 509 DC: 0 FLAG_ZERO: False FLAG_LT: 1 FLAG_GT: 0
INPUT_PORT:  []
OUT_PORT:  []
DATA_MEM:  [510, 237]
---------------------------------------
DEBUG    root:machine.py:309 LD 0
TICK: 24690 PC:   5 ADDR:   0 MEM_OUT: 510 ACC: 510 BUFF: 509 DC: 0 FLAG_ZERO: False FLAG_LT: 1 FLAG_GT: 0
INPUT_PORT:  []
OUT_PORT:  []
DATA_MEM:  [510, 237]
---------------------------------------
DEBUG    root:machine.py:309 MOD 3
TICK: 24694 PC:   6 ADDR:   0 MEM_OUT: 510 ACC: 510 BUFF: 509 DC: 0 FLAG_ZERO: False FLAG_LT: 1 FLAG_GT: 0
INPUT_PORT:  []
OUT_PORT:  []
DATA_MEM:  [510, 237]
---------------------------------------
DEBUG    root:machine.py:309 CMP 0
TICK: 24698 PC:   7 ADDR:   0 MEM_OUT: 510 ACC: 0 BUFF: 510 DC: 0 FLAG_ZERO: False FLAG_LT: 1 FLAG_GT: 0
INPUT_PORT:  []
OUT_PORT:  []
DATA_MEM:  [510, 237]
---------------------------------------
DEBUG    root:machine.py:309 JE 14
TICK: 24701 PC:   8 ADDR:   0 MEM_OUT: 510 ACC: 0 BUFF: 510 DC: 0 FLAG_ZERO: True FLAG_LT: 0 FLAG_GT: 0
INPUT_PORT:  []
OUT_PORT:  []
DATA_MEM:  [510, 237]
---------------------------------------
DEBUG    root:machine.py:309 LD 4
TICK: 24704 PC:  14 ADDR:   0 MEM_OUT: 510 ACC: 0 BUFF: 510 DC: 0 FLAG_ZERO: True FLAG_LT: 0 FLAG_GT: 0
INPUT_PORT:  []
OUT_PORT:  []
DATA_MEM:  [510, 237]
---------------------------------------
DEBUG    root:machine.py:309 INC 
TICK: 24708 PC:  15 ADDR:   1 MEM_OUT: 237 ACC: 237 BUFF: 510 DC: 0 FLAG_ZERO: True FLAG_LT: 0 FLAG_GT: 0
INPUT_PORT:  []
OUT_PORT:  []
DATA_MEM:  [510, 237]
---------------------------------------
DEBUG    root:machine.py:309 ST 4
TICK: 24711 PC:  16 ADDR:   1 MEM_OUT: 237 ACC: 238 BUFF: 510 DC: 0 FLAG_ZERO: True FLAG_LT: 0 FLAG_GT: 0
INPUT_PORT:  []
OUT_PORT:  []
DATA_MEM:  [510, 237]
---------------------------------------
DEBUG    root:machine.py:309 JMP 0
TICK: 24715 PC:  17 ADDR:   1 MEM_OUT: 238 ACC: 238 BUFF: 510 DC: 0 FLAG_ZERO: True FLAG_LT: 0 FLAG_GT: 0
INPUT_PORT:  []
OUT_PORT:  []
DATA_MEM:  [510, 238]
---------------------------------------
DEBUG    root:machine.py:309 LD 0
TICK: 24718 PC:   0 ADDR:   1 MEM_OUT: 238 ACC: 238 BUFF: 510 DC: 0 FLAG_ZERO: True FLAG_LT: 0 FLAG_GT: 0
INPUT_PORT:  []
OUT_PORT:  []
DATA_MEM:  [510, 238]
---------------------------------------
DEBUG    root:machine.py:309 INC 
TICK: 24722 PC:   1 ADDR:   0 MEM_OUT: 510 ACC: 510 BUFF: 510 DC: 0 FLAG_ZERO: True FLAG_LT: 0 FLAG_GT: 0
INPUT_PORT:  []
OUT_PORT:  []
DATA_MEM:  [510, 238]
---------------------------------------
DEBUG    root:machine.py:309 ST 0
TICK: 24725 PC:   2 ADDR:   0 MEM_OUT: 510 ACC: 511 BUFF: 510 DC: 0 FLAG_ZERO: True FLAG_LT: 0 FLAG_GT: 0
INPUT_PORT:  []
OUT_PORT:  []
DATA_MEM:  [510, 238]
---------------------------------------
DEBUG    root:machine.py:309 CMP 1000
TICK: 24729 PC:   3 ADDR:   0 MEM_OUT: 511 ACC: 511 BUFF: 510 DC: 0 FLAG_ZERO: True FLAG_LT: 0 FLAG_GT: 0
INPUT_PORT:  []
OUT_PORT:  []
DATA_MEM:  [511, 238]
---------------------------------------
DEBUG    root:machine.py:309 JGE 22
TICK: 24732 PC:   4 ADDR:   0 MEM_OUT: 511 ACC: 511 BUFF: 510 DC: 0 FLAG_ZERO: False FLAG_LT: 1 FLAG_GT: 0
INPUT_PORT:  []
OUT_PORT:  []
DATA_MEM:  [511, 238]
---------------------------------------
DEBUG    root:machine.py:309 LD 0
TICK: 24735 PC:   5 ADDR:   0 MEM_OUT: 511 ACC: 511 BUFF: 510 DC: 0 FLAG_ZERO: False FLAG_LT: 1 FLAG_GT: 0
INPUT_PORT:  []
OUT_PORT:  []
DATA_MEM:  [511, 238]
---------------------------------------
DEBUG    root:machine.py:309 MOD 3
TICK: 24739 PC:   6 ADDR:   0 MEM_OUT: 511 ACC: 511 BUFF: 510 DC: 0 FLAG_ZERO: False FLAG_LT: 1 FLAG_GT: 0
INPUT_PORT:  []
OUT_PORT:  []
DATA_MEM:  [511, 238]
---------------------------------------
DEBUG    root:machine.py:309 CMP 0
TICK: 24743 PC:   7 ADDR:   0 MEM_OUT: 511 ACC: 1 BUFF: 511 DC: 0 FLAG_ZERO: False FLAG_LT: 1 FLAG_GT: 0
INPUT_PORT:  []
OUT_PORT:  []
DATA_MEM:  [511, 238]
---------------------------------------
DEBUG    root:machine.py:309 JE 14
TICK: 24746 PC:   8 ADDR:   0 MEM_OUT: 511 ACC: 1 BUFF: 511 DC: 0 FLAG_ZERO: False FLAG_LT: 0 FLAG_GT: 1
INPUT_PORT:  []
OUT_PORT:  []
DATA_MEM:  [511, 238]
---------------------------------------
DEBUG    root:machine.py:309 LD 0
TICK: 24749 PC:   9 ADDR:   0 MEM_OUT: 511 ACC: 1 BUFF: 511 DC: 0 FLAG_ZERO: False FLAG_LT: 0 FLAG_GT: 1
INPUT_PORT:  []
OUT_PORT:  []
DATA_MEM:  [511, 238]
---------------------------------------
DEBUG    root:machine.py:309 MOD 5
TICK: 24753 PC:  10 ADDR:   0 MEM_OUT: 511 ACC: 511 BUFF: 511 DC: 0 FLAG_ZERO: False FLAG_LT: 0 FLAG_GT: 1
INPUT_PORT:  []
OUT_PORT:  []
DATA_MEM:  [511, 238]
---------------------------------------
DEBUG    root:machine.py:309 CMP 0
TICK: 24757 PC:  11 ADDR:   0 MEM_OUT: 511 ACC: 1 BUFF: 511 DC: 0 FLAG_ZERO: False FLAG_LT: 0 FLAG_GT: 1
INPUT_PORT:  []
OUT_PORT:  []
DATA_MEM:  [511, 238]
---------------------------------------
DEBUG    root:machine.py:309 JE 18
TICK: 24760 PC:  12 ADDR:   0 MEM_OUT: 511 ACC: 1 BUFF: 511 DC: 0 FLAG_ZERO: False FLAG_LT: 0 FLAG_GT: 1
INPUT_PORT:  []
OUT_PORT:  []
DATA_MEM:  [511, 238]
---------------------------------------
DEBUG    root:machine.py:309 JMP 0
TICK: 24763 PC:  13 ADDR:   0 MEM_OUT: 511 ACC: 1 BUFF: 511 DC: 0 FLAG_ZERO: False FLAG_LT: 0 FLAG_GT: 1
INPUT_PORT:  []
OUT_PORT:  []
DATA_MEM:  [511, 238]
---------------------------------------
DEBUG    root:machine.py:309 LD 0
TICK: 24766 PC:   0 ADDR:   0 MEM_OUT: 511 ACC: 1 BUFF: 511 DC: 0 FLAG_ZERO: False FLAG_LT: 0 FLAG_GT: 1
INPUT_PORT:  []
OUT_PORT:  []
DATA_MEM:  [511, 238]
---------------------------------------
DEBUG    root:machine.py:309 INC 
TICK: 24770 PC:   1 ADDR:   0 MEM_OUT: 511 ACC: 511 BUFF: 511 DC: 0 FLAG_ZERO: False FLAG_LT: 0 FLAG_GT: 1
INPUT_PORT:  []
OUT_PORT:  []
DATA_MEM:  [511, 238]
---------------------------------------
DEBUG    root:machine.py:309 ST 0
TICK: 24773 PC:   2 ADDR:   0 MEM_OUT: 511 ACC: 512 BUFF: 511 DC: 0 FLAG_ZERO: False FLAG_LT: 0 FLAG_GT: 1
INPUT_PORT:  []
OUT_PORT:  []
DATA_MEM:  [511, 238]
---------------------------------------
DEBUG    root:machine.py:309 CMP 1000
TICK: 24777 PC:   3 ADDR:   0 MEM_OUT: 512 ACC: 512 BUFF: 511 DC: 0 FLAG_ZERO: False FLAG_LT: 0 FLAG_GT: 1
INPUT_PORT:  []
OUT_PORT:  []
DATA_MEM:  [512, 238]
---------------------------------------
DEBUG    root:machine.py:309 JGE 22
TICK: 24780 PC:   4 ADDR:   0 MEM_OUT: 512 ACC: 512 BUFF: 511 DC: 0 FLAG_ZERO: False FLAG_LT: 1 FLAG_GT: 0
INPUT_PORT:  []
OUT_PORT:  []
DATA_MEM:  [512, 238]
---------------------------------------
DEBUG    root:machine.py:309 LD 0
TICK: 24783 PC:   5 ADDR:   0 MEM_OUT: 512 ACC: 512 BUFF: 511 DC: 0 FLAG_ZERO: False FLAG_LT: 1 FLAG_GT: 0
INPUT_PORT:  []
OUT_PORT:  []
DATA_MEM:  [512, 238]
---------------------------------------
DEBUG    root:machine.py:309 MOD 3
TICK: 24787 PC:   6 ADDR:   0 MEM_OUT: 512 ACC: 512 BUFF: 511 DC: 0 FLAG_ZERO: False FLAG_LT: 1 FLAG_GT: 0
INPUT_PORT:  []
OUT_PORT:  []
DATA_MEM:  [512, 238]
---------------------------------------
DEBUG    root:machine.py:309 CMP 0
TICK: 24791 PC:   7 ADDR:   0 MEM_OUT: 512 ACC: 2 BUFF: 512 DC: 0 FLAG_ZERO: False FLAG_LT: 1 FLAG_GT: 0
INPUT_PORT:  []
OUT_PORT:  []
DATA_MEM:  [512, 238]
---------------------------------------
DEBUG    root:machine.py:309 JE 14
TICK: 24794 PC:   8 ADDR:   0 MEM_OUT: 512 ACC: 2 BUFF: 512 DC: 0 FLAG_ZERO: False FLAG_LT: 0 FLAG_GT: 1
INPUT_PORT:  []
OUT_PORT:  []
DATA_MEM:  [512, 238]
---------------------------------------
DEBUG    root:machine.py:309 LD 0
TICK: 24797 PC:   9 ADDR:   0 MEM_OUT: 512 ACC: 2 BUFF: 512 DC: 0 FLAG_ZERO: False FLAG_LT: 0 FLAG_GT: 1
INPUT_PORT:  []
OUT_PORT:  []
DATA_MEM:  [512, 238]
---------------------------------------
DEBUG    root:machine.py:309 MOD 5
TICK: 24801 PC:  10 ADDR:   0 MEM_OUT: 512 ACC: 512 BUFF: 512 DC: 0 FLAG_ZERO: False FLAG_LT: 0 FLAG_GT: 1
INPUT_PORT:  []
OUT_PORT:  []
DATA_MEM:  [512, 238]
---------------------------------------
DEBUG    root:machine.py:309 CMP 0
TICK: 24805 PC:  11 ADDR:   0 MEM_OUT: 512 ACC: 2 BUFF: 512 DC: 0 FLAG_ZERO: False FLAG_LT: 0 FLAG_GT: 1
INPUT_PORT:  []
OUT_PORT:  []
DATA_MEM:  [512, 238]
---------------------------------------
DEBUG    root:machine.py:309 JE 18
TICK: 24808 PC:  12 ADDR:   0 MEM_OUT: 512 ACC: 2 BUFF: 512 DC: 0 FLAG_ZERO: False FLAG_LT: 0 FLAG_GT: 1
INPUT_PORT:  []
OUT_PORT:  []
DATA_MEM:  [512, 238]
---------------------------------------
DEBUG    root:machine.py:309 JMP 0
TICK: 24811 PC:  13 ADDR:   0 MEM_OUT: 512 ACC: 2 BUFF: 512 DC: 0 FLAG_ZERO: False FLAG_LT: 0 FLAG_GT: 1
INPUT_PORT:  []
OUT_PORT:  []
DATA_MEM:  [512, 238]
---------------------------------------
DEBUG    root:machine.py:309 LD 0
TICK: 24814 PC:   0 ADDR:   0 MEM_OUT: 512 ACC: 2 BUFF: 512 DC: 0 FLAG_ZERO: False FLAG_LT: 0 FLAG_GT: 1
INPUT_PORT:  []
OUT_PORT:  []
DATA_MEM:  [512, 238]
---------------------------------------
DEBUG    root:machine.py:309 INC 
TICK: 24818 PC:   1 ADDR:   0 MEM_OUT: 512 ACC: 512 BUFF: 512 DC: 0 FLAG_ZERO: False FLAG_LT: 0 FLAG_GT: 1
INPUT_PORT:  []
OUT_PORT:  []
DATA_MEM:  [512, 238]
---------------------------------------
DEBUG    root:machine.py:309 ST 0
TICK: 24821 PC:   2 ADDR:   0 MEM_OUT: 512 ACC: 513 BUFF: 512 DC: 0 FLAG_ZERO: False FLAG_LT: 0 FLAG_GT: 1
INPUT_PORT:  []
OUT_PORT:  []
DATA_MEM:  [512, 238]
---------------------------------------
DEBUG    root:machine.py:309 CMP 1000
TICK: 24825 PC:   3 ADDR:   0 MEM_OUT: 513 ACC: 513 BUFF: 512 DC: 0 FLAG_ZERO: False FLAG_LT: 0 FLAG_GT: 1
INPUT_PORT:  []
OUT_PORT:  []
DATA_MEM:  [513, 238]
---------------------------------------
DEBUG    root:machine.py:309 JGE 22
TICK: 24828 PC:   4 ADDR:   0 MEM_OUT: 513 ACC: 513 BUFF: 512 DC: 0 FLAG_ZERO: False FLAG_LT: 1 FLAG_GT: 0
INPUT_PORT:  []
OUT_PORT:  []
DATA_MEM:  [513, 238]
---------------------------------------
DEBUG    root:machine.py:309 LD 0
TICK: 24831 PC:   5 ADDR:   0 MEM_OUT: 513 ACC: 513 BUFF: 512 DC: 0 FLAG_ZERO: False FLAG_LT: 1 FLAG_GT: 0
INPUT_PORT:  []
OUT_PORT:  []
DATA_MEM:  [513, 238]
---------------------------------------
DEBUG    root:machine.py:309 MOD 3
TICK: 24835 PC:   6 ADDR:   0 MEM_OUT: 513 ACC: 513 BUFF: 512 DC: 0 FLAG_ZERO: False FLAG_LT: 1 FLAG_GT: 0
INPUT_PORT:  []
OUT_PORT:  []
DATA_MEM:  [513, 238]
---------------------------------------
DEBUG    root:machine.py:309 CMP 0
TICK: 24839 PC:   7 ADDR:   0 MEM_OUT: 513 ACC: 0 BUFF: 513 DC: 0 FLAG_ZERO: False FLAG_LT: 1 FLAG_GT: 0
INPUT_PORT:  []
OUT_PORT:  []
DATA_MEM:  [513, 238]
---------------------------------------
DEBUG    root:machine.py:309 JE 14
TICK: 24842 PC:   8 ADDR:   0 MEM_OUT: 513 ACC: 0 BUFF: 513 DC: 0 FLAG_ZERO: True FLAG_LT: 0 FLAG_GT: 0
INPUT_PORT:  []
OUT_PORT:  []
DATA_MEM:  [513, 238]
---------------------------------------
DEBUG    root:machine.py:309 LD 4
TICK: 24845 PC:  14 ADDR:   0 MEM_OUT: 513 ACC: 0 BUFF: 513 DC: 0 FLAG_ZERO: True FLAG_LT: 0 FLAG_GT: 0
INPUT_PORT:  []
OUT_PORT:  []
DATA_MEM:  [513, 238]
---------------------------------------
DEBUG    root:machine.py:309 INC 
TICK: 24849 PC:  15 ADDR:   1 MEM_OUT: 238 ACC: 238 BUFF: 513 DC: 0 FLAG_ZERO: True FLAG_LT: 0 FLAG_GT: 0
INPUT_PORT:  []
OUT_PORT:  []
DATA_MEM:  [513, 238]
---------------------------------------
DEBUG    root:machine.py:309 ST 4
TICK: 24852 PC:  16 ADDR:   1 MEM_OUT: 238 ACC: 239 BUFF: 513 DC: 0 FLAG_ZERO: True FLAG_LT: 0 FLAG_GT: 0
INPUT_PORT:  []
OUT_PORT:  []
DATA_MEM:  [513, 238]
---------------------------------------
DEBUG    root:machine.py:309 JMP 0
TICK: 24856 PC:  17 ADDR:   1 MEM_OUT: 239 ACC: 239 BUFF: 513 DC: 0 FLAG_ZERO: True FLAG_LT: 0 FLAG_GT: 0
INPUT_PORT:  []
OUT_PORT:  []
DATA_MEM:  [513, 239]
---------------------------------------
DEBUG    root:machine.py:309 LD 0
TICK: 24859 PC:   0 ADDR:   1 MEM_OUT: 239 ACC: 239 BUFF: 513 DC: 0 FLAG_ZERO: True FLAG_LT: 0 FLAG_GT: 0
INPUT_PORT:  []
OUT_PORT:  []
DATA_MEM:  [513, 239]
---------------------------------------
DEBUG    root:machine.py:309 INC 
TICK: 24863 PC:   1 ADDR:   0 MEM_OUT: 513 ACC: 513 BUFF: 513 DC: 0 FLAG_ZERO: True FLAG_LT: 0 FLAG_GT: 0
INPUT_PORT:  []
OUT_PORT:  []
DATA_MEM:  [513, 239]
---------------------------------------
DEBUG    root:machine.py:309 ST 0
TICK: 24866 PC:   2 ADDR:   0 MEM_OUT: 513 ACC: 514 BUFF: 513 DC: 0 FLAG_ZERO: True FLAG_LT: 0 FLAG_GT: 0
INPUT_PORT:  []
OUT_PORT:  []
DATA_MEM:  [513, 239]
---------------------------------------
DEBUG    root:machine.py:309 CMP 1000
TICK: 24870 PC:   3 ADDR:   0 MEM_OUT: 514 ACC: 514 BUFF: 513 DC: 0 FLAG_ZERO: True FLAG_LT: 0 FLAG_GT: 0
INPUT_PORT:  []
OUT_PORT:  []
DATA_MEM:  [514, 239]
---------------------------------------
DEBUG    root:machine.py:309 JGE 22
TICK: 24873 PC:   4 ADDR:   0 MEM_OUT: 514 ACC: 514 BUFF: 513 DC: 0 FLAG_ZERO: False FLAG_LT: 1 FLAG_GT: 0
INPUT_PORT:  []
OUT_PORT:  []
DATA_MEM:  [514, 239]
---------------------------------------
DEBUG    root:machine.py:309 LD 0
TICK: 24876 PC:   5 ADDR:   0 MEM_OUT: 514 ACC: 514 BUFF: 513 DC: 0 FLAG_ZERO: False FLAG_LT: 1 FLAG_GT: 0
INPUT_PORT:  []
OUT_PORT:  []
DATA_MEM:  [514, 239]
---------------------------------------
DEBUG    root:machine.py:309 MOD 3
TICK: 24880 PC:   6 ADDR:   0 MEM_OUT: 514 ACC: 514 BUFF: 513 DC: 0 FLAG_ZERO: False FLAG_LT: 1 FLAG_GT: 0
INPUT_PORT:  []
OUT_PORT:  []
DATA_MEM:  [514, 239]
---------------------------------------
DEBUG    root:machine.py:309 CMP 0
TICK: 24884 PC:   7 ADDR:   0 MEM_OUT: 514 ACC: 1 BUFF: 514 DC: 0 FLAG_ZERO: False FLAG_LT: 1 FLAG_GT: 0
INPUT_PORT:  []
OUT_PORT:  []
DATA_MEM:  [514, 239]
---------------------------------------
DEBUG    root:machine.py:309 JE 14
TICK: 24887 PC:   8 ADDR:   0 MEM_OUT: 514 ACC: 1 BUFF: 514 DC: 0 FLAG_ZERO: False FLAG_LT: 0 FLAG_GT: 1
INPUT_PORT:  []
OUT_PORT:  []
DATA_MEM:  [514, 239]
---------------------------------------
DEBUG    root:machine.py:309 LD 0
TICK: 24890 PC:   9 ADDR:   0 MEM_OUT: 514 ACC: 1 BUFF: 514 DC: 0 FLAG_ZERO: False FLAG_LT: 0 FLAG_GT: 1
INPUT_PORT:  []
OUT_PORT:  []
DATA_MEM:  [514, 239]
---------------------------------------
DEBUG    root:machine.py:309 MOD 5
TICK: 24894 PC:  10 ADDR:   0 MEM_OUT: 514 ACC: 514 BUFF: 514 DC: 0 FLAG_ZERO: False FLAG_LT: 0 FLAG_GT: 1
INPUT_PORT:  []
OUT_PORT:  []
DATA_MEM:  [514, 239]
---------------------------------------
DEBUG    root:machine.py:309 CMP 0
TICK: 24898 PC:  11 ADDR:   0 MEM_OUT: 514 ACC: 4 BUFF: 514 DC: 0 FLAG_ZERO: False FLAG_LT: 0 FLAG_GT: 1
INPUT_PORT:  []
OUT_PORT:  []
DATA_MEM:  [514, 239]
---------------------------------------
DEBUG    root:machine.py:309 JE 18
TICK: 24901 PC:  12 ADDR:   0 MEM_OUT: 514 ACC: 4 BUFF: 514 DC: 0 FLAG_ZERO: False FLAG_LT: 0 FLAG_GT: 1
INPUT_PORT:  []
OUT_PORT:  []
DATA_MEM:  [514, 239]
---------------------------------------
DEBUG    root:machine.py:309 JMP 0
TICK: 24904 PC:  13 ADDR:   0 MEM_OUT: 514 ACC: 4 BUFF: 514 DC: 0 FLAG_ZERO: False FLAG_LT: 0 FLAG_GT: 1
INPUT_PORT:  []
OUT_PORT:  []
DATA_MEM:  [514, 239]
---------------------------------------
DEBUG    root:machine.py:309 LD 0
TICK: 24907 PC:   0 ADDR:   0 MEM_OUT: 514 ACC: 4 BUFF: 514 DC: 0 FLAG_ZERO: False FLAG_LT: 0 FLAG_GT: 1
INPUT_PORT:  []
OUT_PORT:  []
DATA_MEM:  [514, 239]
---------------------------------------
DEBUG    root:machine.py:309 INC 
TICK: 24911 PC:   1 ADDR:   0 MEM_OUT: 514 ACC: 514 BUFF: 514 DC: 0 FLAG_ZERO: False FLAG_LT: 0 FLAG_GT: 1
INPUT_PORT:  []
OUT_PORT:  []
DATA_MEM:  [514, 239]
---------------------------------------
DEBUG    root:machine.py:309 ST 0
TICK: 24914 PC:   2 ADDR:   0 MEM_OUT: 514 ACC: 515 BUFF: 514 DC: 0 FLAG_ZERO: False FLAG_LT: 0 FLAG_GT: 1
INPUT_PORT:  []
OUT_PORT:  []
DATA_MEM:  [514, 239]
---------------------------------------
DEBUG    root:machine.py:309 CMP 1000
TICK: 24918 PC:   3 ADDR:   0 MEM_OUT: 515 ACC: 515 BUFF: 514 DC: 0 FLAG_ZERO: False FLAG_LT: 0 FLAG_GT: 1
INPUT_PORT:  []
OUT_PORT:  []
DATA_MEM:  [515, 239]
---------------------------------------
DEBUG    root:machine.py:309 JGE 22
TICK: 24921 PC:   4 ADDR:   0 MEM_OUT: 515 ACC: 515 BUFF: 514 DC: 0 FLAG_ZERO: False FLAG_LT: 1 FLAG_GT: 0
INPUT_PORT:  []
OUT_PORT:  []
DATA_MEM:  [515, 239]
---------------------------------------
DEBUG    root:machine.py:309 LD 0
TICK: 24924 PC:   5 ADDR:   0 MEM_OUT: 515 ACC: 515 BUFF: 514 DC: 0 FLAG_ZERO: False FLAG_LT: 1 FLAG_GT: 0
INPUT_PORT:  []
OUT_PORT:  []
DATA_MEM:  [515, 239]
---------------------------------------
DEBUG    root:machine.py:309 MOD 3
TICK: 24928 PC:   6 ADDR:   0 MEM_OUT: 515 ACC: 515 BUFF: 514 DC: 0 FLAG_ZERO: False FLAG_LT: 1 FLAG_GT: 0
INPUT_PORT:  []
OUT_PORT:  []
DATA_MEM:  [515, 239]
---------------------------------------
DEBUG    root:machine.py:309 CMP 0
TICK: 24932 PC:   7 ADDR:   0 MEM_OUT: 515 ACC: 2 BUFF: 515 DC: 0 FLAG_ZERO: False FLAG_LT: 1 FLAG_GT: 0
INPUT_PORT:  []
OUT_PORT:  []
DATA_MEM:  [515, 239]
---------------------------------------
DEBUG    root:machine.py:309 JE 14
TICK: 24935 PC:   8 ADDR:   0 MEM_OUT: 515 ACC: 2 BUFF: 515 DC: 0 FLAG_ZERO: False FLAG_LT: 0 FLAG_GT: 1
INPUT_PORT:  []
OUT_PORT:  []
DATA_MEM:  [515, 239]
---------------------------------------
DEBUG    root:machine.py:309 LD 0
TICK: 24938 PC:   9 ADDR:   0 MEM_OUT: 515 ACC: 2 BUFF: 515 DC: 0 FLAG_ZERO: False FLAG_LT: 0 FLAG_GT: 1
INPUT_PORT:  []
OUT_PORT:  []
DATA_MEM:  [515, 239]
---------------------------------------
DEBUG    root:machine.py:309 MOD 5
TICK: 24942 PC:  10 ADDR:   0 MEM_OUT: 515 ACC: 515 BUFF: 515 DC: 0 FLAG_ZERO: False FLAG_LT: 0 FLAG_GT: 1
INPUT_PORT:  []
OUT_PORT:  []
DATA_MEM:  [515, 239]
---------------------------------------
DEBUG    root:machine.py:309 CMP 0
TICK: 24946 PC:  11 ADDR:   0 MEM_OUT: 515 ACC: 0 BUFF: 515 DC: 0 FLAG_ZERO: False FLAG_LT: 0 FLAG_GT: 1
INPUT_PORT:  []
OUT_PORT:  []
DATA_MEM:  [515, 239]
---------------------------------------
DEBUG    root:machine.py:309 JE 18
TICK: 24949 PC:  12 ADDR:   0 MEM_OUT: 515 ACC: 0 BUFF: 515 DC: 0 FLAG_ZERO: True FLAG_LT: 0 FLAG_GT: 0
INPUT_PORT:  []
OUT_PORT:  []
DATA_MEM:  [515, 239]
---------------------------------------
DEBUG    root:machine.py:309 LD 4
TICK: 24952 PC:  18 ADDR:   0 MEM_OUT: 515 ACC: 0 BUFF: 515 DC: 0 FLAG_ZERO: True FLAG_LT: 0 FLAG_GT: 0
INPUT_PORT:  []
OUT_PORT:  []
DATA_MEM:  [515, 239]
---------------------------------------
DEBUG    root:machine.py:309 INC 
TICK: 24956 PC:  19 ADDR:   1 MEM_OUT: 239 ACC: 239 BUFF: 515 DC: 0 FLAG_ZERO: True FLAG_LT: 0 FLAG_GT: 0
INPUT_PORT:  []
OUT_PORT:  []
DATA_MEM:  [515, 239]
---------------------------------------
DEBUG    root:machine.py:309 ST 4
TICK: 24959 PC:  20 ADDR:   1 MEM_OUT: 239 ACC: 240 BUFF: 515 DC: 0 FLAG_ZERO: True FLAG_LT: 0 FLAG_GT: 0
INPUT_PORT:  []
OUT_PORT:  []
DATA_MEM:  [515, 239]
---------------------------------------
DEBUG    root:machine.py:309 JMP 0
TICK: 24963 PC:  21 ADDR:   1 MEM_OUT: 240 ACC: 240 BUFF: 515 DC: 0 FLAG_ZERO: True FLAG_LT: 0 FLAG_GT: 0
INPUT_PORT:  []
OUT_PORT:  []
DATA_MEM:  [515, 240]
---------------------------------------
DEBUG    root:machine.py:309 LD 0
TICK: 24966 PC:   0 ADDR:   1 MEM_OUT: 240 ACC: 240 BUFF: 515 DC: 0 FLAG_ZERO: True FLAG_LT: 0 FLAG_GT: 0
INPUT_PORT:  []
OUT_PORT:  []
DATA_MEM:  [515, 240]
---------------------------------------
DEBUG    root:machine.py:309 INC 
TICK: 24970 PC:   1 ADDR:   0 MEM_OUT: 515 ACC: 515 BUFF: 515 DC: 0 FLAG_ZERO: True FLAG_LT: 0 FLAG_GT: 0
INPUT_PORT:  []
OUT_PORT:  []
DATA_MEM:  [515, 240]
---------------------------------------
DEBUG    root:machine.py:309 ST 0
TICK: 24973 PC:   2 ADDR:   0 MEM_OUT: 515 ACC: 516 BUFF: 515 DC: 0 FLAG_ZERO: True FLAG_LT: 0 FLAG_GT: 0
INPUT_PORT:  []
OUT_PORT:  []
DATA_MEM:  [515, 240]
---------------------------------------
DEBUG    root:machine.py:309 CMP 1000
TICK: 24977 PC:   3 ADDR:   0 MEM_OUT: 516 ACC: 516 BUFF: 515 DC: 0 FLAG_ZERO: True FLAG_LT: 0 FLAG_GT: 0
INPUT_PORT:  []
OUT_PORT:  []
DATA_MEM:  [516, 240]
---------------------------------------
DEBUG    root:machine.py:309 JGE 22
TICK: 24980 PC:   4 ADDR:   0 MEM_OUT: 516 ACC: 516 BUFF: 515 DC: 0 FLAG_ZERO: False FLAG_LT: 1 FLAG_GT: 0
INPUT_PORT:  []
OUT_PORT:  []
DATA_MEM:  [516, 240]
---------------------------------------
DEBUG    root:machine.py:309 LD 0
TICK: 24983 PC:   5 ADDR:   0 MEM_OUT: 516 ACC: 516 BUFF: 515 DC: 0 FLAG_ZERO: False FLAG_LT: 1 FLAG_GT: 0
INPUT_PORT:  []
OUT_PORT:  []
DATA_MEM:  [516, 240]
---------------------------------------
DEBUG    root:machine.py:309 MOD 3
TICK: 24987 PC:   6 ADDR:   0 MEM_OUT: 516 ACC: 516 BUFF: 515 DC: 0 FLAG_ZERO: False FLAG_LT: 1 FLAG_GT: 0
INPUT_PORT:  []
OUT_PORT:  []
DATA_MEM:  [516, 240]
---------------------------------------
DEBUG    root:machine.py:309 CMP 0
TICK: 24991 PC:   7 ADDR:   0 MEM_OUT: 516 ACC: 0 BUFF: 516 DC: 0 FLAG_ZERO: False FLAG_LT: 1 FLAG_GT: 0
INPUT_PORT:  []
OUT_PORT:  []
DATA_MEM:  [516, 240]
---------------------------------------
DEBUG    root:machine.py:309 JE 14
TICK: 24994 PC:   8 ADDR:   0 MEM_OUT: 516 ACC: 0 BUFF: 516 DC: 0 FLAG_ZERO: True FLAG_LT: 0 FLAG_GT: 0
INPUT_PORT:  []
OUT_PORT:  []
DATA_MEM:  [516, 240]
---------------------------------------
DEBUG    root:machine.py:309 LD 4
TICK: 24997 PC:  14 ADDR:   0 MEM_OUT: 516 ACC: 0 BUFF: 516 DC: 0 FLAG_ZERO: True FLAG_LT: 0 FLAG_GT: 0
INPUT_PORT:  []
OUT_PORT:  []
DATA_MEM:  [516, 240]
---------------------------------------
DEBUG    root:machine.py:309 INC 
TICK: 25001 PC:  15 ADDR:   1 MEM_OUT: 240 ACC: 240 BUFF: 516 DC: 0 FLAG_ZERO: True FLAG_LT: 0 FLAG_GT: 0
INPUT_PORT:  []
OUT_PORT:  []
DATA_MEM:  [516, 240]
---------------------------------------
DEBUG    root:machine.py:309 ST 4
TICK: 25004 PC:  16 ADDR:   1 MEM_OUT: 240 ACC: 241 BUFF: 516 DC: 0 FLAG_ZERO: True FLAG_LT: 0 FLAG_GT: 0
INPUT_PORT:  []
OUT_PORT:  []
DATA_MEM:  [516, 240]
---------------------------------------
DEBUG    root:machine.py:309 JMP 0
TICK: 25008 PC:  17 ADDR:   1 MEM_OUT: 241 ACC: 241 BUFF: 516 DC: 0 FLAG_ZERO: True FLAG_LT: 0 FLAG_GT: 0
INPUT_PORT:  []
OUT_PORT:  []
DATA_MEM:  [516, 241]
---------------------------------------
DEBUG    root:machine.py:309 LD 0
TICK: 25011 PC:   0 ADDR:   1 MEM_OUT: 241 ACC: 241 BUFF: 516 DC: 0 FLAG_ZERO: True FLAG_LT: 0 FLAG_GT: 0
INPUT_PORT:  []
OUT_PORT:  []
DATA_MEM:  [516, 241]
---------------------------------------
DEBUG    root:machine.py:309 INC 
TICK: 25015 PC:   1 ADDR:   0 MEM_OUT: 516 ACC: 516 BUFF: 516 DC: 0 FLAG_ZERO: True FLAG_LT: 0 FLAG_GT: 0
INPUT_PORT:  []
OUT_PORT:  []
DATA_MEM:  [516, 241]
---------------------------------------
DEBUG    root:machine.py:309 ST 0
TICK: 25018 PC:   2 ADDR:   0 MEM_OUT: 516 ACC: 517 BUFF: 516 DC: 0 FLAG_ZERO: True FLAG_LT: 0 FLAG_GT: 0
INPUT_PORT:  []
OUT_PORT:  []
DATA_MEM:  [516, 241]
---------------------------------------
DEBUG    root:machine.py:309 CMP 1000
TICK: 25022 PC:   3 ADDR:   0 MEM_OUT: 517 ACC: 517 BUFF: 516 DC: 0 FLAG_ZERO: True FLAG_LT: 0 FLAG_GT: 0
INPUT_PORT:  []
OUT_PORT:  []
DATA_MEM:  [517, 241]
---------------------------------------
DEBUG    root:machine.py:309 JGE 22
TICK: 25025 PC:   4 ADDR:   0 MEM_OUT: 517 ACC: 517 BUFF: 516 DC: 0 FLAG_ZERO: False FLAG_LT: 1 FLAG_GT: 0
INPUT_PORT:  []
OUT_PORT:  []
DATA_MEM:  [517, 241]
---------------------------------------
DEBUG    root:machine.py:309 LD 0
TICK: 25028 PC:   5 ADDR:   0 MEM_OUT: 517 ACC: 517 BUFF: 516 DC: 0 FLAG_ZERO: False FLAG_LT: 1 FLAG_GT: 0
INPUT_PORT:  []
OUT_PORT:  []
DATA_MEM:  [517, 241]
---------------------------------------
DEBUG    root:machine.py:309 MOD 3
TICK: 25032 PC:   6 ADDR:   0 MEM_OUT: 517 ACC: 517 BUFF: 516 DC: 0 FLAG_ZERO: False FLAG_LT: 1 FLAG_GT: 0
INPUT_PORT:  []
OUT_PORT:  []
DATA_MEM:  [517, 241]
---------------------------------------
DEBUG    root:machine.py:309 CMP 0
TICK: 25036 PC:   7 ADDR:   0 MEM_OUT: 517 ACC: 1 BUFF: 517 DC: 0 FLAG_ZERO: False FLAG_LT: 1 FLAG_GT: 0
INPUT_PORT:  []
OUT_PORT:  []
DATA_MEM:  [517, 241]
---------------------------------------
DEBUG    root:machine.py:309 JE 14
TICK: 25039 PC:   8 ADDR:   0 MEM_OUT: 517 ACC: 1 BUFF: 517 DC: 0 FLAG_ZERO: False FLAG_LT: 0 FLAG_GT: 1
INPUT_PORT:  []
OUT_PORT:  []
DATA_MEM:  [517, 241]
---------------------------------------
DEBUG    root:machine.py:309 LD 0
TICK: 25042 PC:   9 ADDR:   0 MEM_OUT: 517 ACC: 1 BUFF: 517 DC: 0 FLAG_ZERO: False FLAG_LT: 0 FLAG_GT: 1
INPUT_PORT:  []
OUT_PORT:  []
DATA_MEM:  [517, 241]
---------------------------------------
DEBUG    root:machine.py:309 MOD 5
TICK: 25046 PC:  10 ADDR:   0 MEM_OUT: 517 ACC: 517 BUFF: 517 DC: 0 FLAG_ZERO: False FLAG_LT: 0 FLAG_GT: 1
INPUT_PORT:  []
OUT_PORT:  []
DATA_MEM:  [517, 241]
---------------------------------------
DEBUG    root:machine.py:309 CMP 0
TICK: 25050 PC:  11 ADDR:   0 MEM_OUT: 517 ACC: 2 BUFF: 517 DC: 0 FLAG_ZERO: False FLAG_LT: 0 FLAG_GT: 1
INPUT_PORT:  []
OUT_PORT:  []
DATA_MEM:  [517, 241]
---------------------------------------
DEBUG    root:machine.py:309 JE 18
TICK: 25053 PC:  12 ADDR:   0 MEM_OUT: 517 ACC: 2 BUFF: 517 DC: 0 FLAG_ZERO: False FLAG_LT: 0 FLAG_GT: 1
INPUT_PORT:  []
OUT_PORT:  []
DATA_MEM:  [517, 241]
---------------------------------------
DEBUG    root:machine.py:309 JMP 0
TICK: 25056 PC:  13 ADDR:   0 MEM_OUT: 517 ACC: 2 BUFF: 517 DC: 0 FLAG_ZERO: False FLAG_LT: 0 FLAG_GT: 1
INPUT_PORT:  []
OUT_PORT:  []
DATA_MEM:  [517, 241]
---------------------------------------
DEBUG    root:machine.py:309 LD 0
TICK: 25059 PC:   0 ADDR:   0 MEM_OUT: 517 ACC: 2 BUFF: 517 DC: 0 FLAG_ZERO: False FLAG_LT: 0 FLAG_GT: 1
INPUT_PORT:  []
OUT_PORT:  []
DATA_MEM:  [517, 241]
---------------------------------------
DEBUG    root:machine.py:309 INC 
TICK: 25063 PC:   1 ADDR:   0 MEM_OUT: 517 ACC: 517 BUFF: 517 DC: 0 FLAG_ZERO: False FLAG_LT: 0 FLAG_GT: 1
INPUT_PORT:  []
OUT_PORT:  []
DATA_MEM:  [517, 241]
---------------------------------------
DEBUG    root:machine.py:309 ST 0
TICK: 25066 PC:   2 ADDR:   0 MEM_OUT: 517 ACC: 518 BUFF: 517 DC: 0 FLAG_ZERO: False FLAG_LT: 0 FLAG_GT: 1
INPUT_PORT:  []
OUT_PORT:  []
DATA_MEM:  [517, 241]
---------------------------------------
DEBUG    root:machine.py:309 CMP 1000
TICK: 25070 PC:   3 ADDR:   0 MEM_OUT: 518 ACC: 518 BUFF: 517 DC: 0 FLAG_ZERO: False FLAG_LT: 0 FLAG_GT: 1
INPUT_PORT:  []
OUT_PORT:  []
DATA_MEM:  [518, 241]
---------------------------------------
DEBUG    root:machine.py:309 JGE 22
TICK: 25073 PC:   4 ADDR:   0 MEM_OUT: 518 ACC: 518 BUFF: 517 DC: 0 FLAG_ZERO: False FLAG_LT: 1 FLAG_GT: 0
INPUT_PORT:  []
OUT_PORT:  []
DATA_MEM:  [518, 241]
---------------------------------------
DEBUG    root:machine.py:309 LD 0
TICK: 25076 PC:   5 ADDR:   0 MEM_OUT: 518 ACC: 518 BUFF: 517 DC: 0 FLAG_ZERO: False FLAG_LT: 1 FLAG_GT: 0
INPUT_PORT:  []
OUT_PORT:  []
DATA_MEM:  [518, 241]
---------------------------------------
DEBUG    root:machine.py:309 MOD 3
TICK: 25080 PC:   6 ADDR:   0 MEM_OUT: 518 ACC: 518 BUFF: 517 DC: 0 FLAG_ZERO: False FLAG_LT: 1 FLAG_GT: 0
INPUT_PORT:  []
OUT_PORT:  []
DATA_MEM:  [518, 241]
---------------------------------------
DEBUG    root:machine.py:309 CMP 0
TICK: 25084 PC:   7 ADDR:   0 MEM_OUT: 518 ACC: 2 BUFF: 518 DC: 0 FLAG_ZERO: False FLAG_LT: 1 FLAG_GT: 0
INPUT_PORT:  []
OUT_PORT:  []
DATA_MEM:  [518, 241]
---------------------------------------
DEBUG    root:machine.py:309 JE 14
TICK: 25087 PC:   8 ADDR:   0 MEM_OUT: 518 ACC: 2 BUFF: 518 DC: 0 FLAG_ZERO: False FLAG_LT: 0 FLAG_GT: 1
INPUT_PORT:  []
OUT_PORT:  []
DATA_MEM:  [518, 241]
---------------------------------------
DEBUG    root:machine.py:309 LD 0
TICK: 25090 PC:   9 ADDR:   0 MEM_OUT: 518 ACC: 2 BUFF: 518 DC: 0 FLAG_ZERO: False FLAG_LT: 0 FLAG_GT: 1
INPUT_PORT:  []
OUT_PORT:  []
DATA_MEM:  [518, 241]
---------------------------------------
DEBUG    root:machine.py:309 MOD 5
TICK: 25094 PC:  10 ADDR:   0 MEM_OUT: 518 ACC: 518 BUFF: 518 DC: 0 FLAG_ZERO: False FLAG_LT: 0 FLAG_GT: 1
INPUT_PORT:  []
OUT_PORT:  []
DATA_MEM:  [518, 241]
---------------------------------------
DEBUG    root:machine.py:309 CMP 0
TICK: 25098 PC:  11 ADDR:   0 MEM_OUT: 518 ACC: 3 BUFF: 518 DC: 0 FLAG_ZERO: False FLAG_LT: 0 FLAG_GT: 1
INPUT_PORT:  []
OUT_PORT:  []
DATA_MEM:  [518, 241]
---------------------------------------
DEBUG    root:machine.py:309 JE 18
TICK: 25101 PC:  12 ADDR:   0 MEM_OUT: 518 ACC: 3 BUFF: 518 DC: 0 FLAG_ZERO: False FLAG_LT: 0 FLAG_GT: 1
INPUT_PORT:  []
OUT_PORT:  []
DATA_MEM:  [518, 241]
---------------------------------------
DEBUG    root:machine.py:309 JMP 0
TICK: 25104 PC:  13 ADDR:   0 MEM_OUT: 518 ACC: 3 BUFF: 518 DC: 0 FLAG_ZERO: False FLAG_LT: 0 FLAG_GT: 1
INPUT_PORT:  []
OUT_PORT:  []
DATA_MEM:  [518, 241]
---------------------------------------
DEBUG    root:machine.py:309 LD 0
TICK: 25107 PC:   0 ADDR:   0 MEM_OUT: 518 ACC: 3 BUFF: 518 DC: 0 FLAG_ZERO: False FLAG_LT: 0 FLAG_GT: 1
INPUT_PORT:  []
OUT_PORT:  []
DATA_MEM:  [518, 241]
---------------------------------------
DEBUG    root:machine.py:309 INC 
TICK: 25111 PC:   1 ADDR:   0 MEM_OUT: 518 ACC: 518 BUFF: 518 DC: 0 FLAG_ZERO: False FLAG_LT: 0 FLAG_GT: 1
INPUT_PORT:  []
OUT_PORT:  []
DATA_MEM:  [518, 241]
---------------------------------------
DEBUG    root:machine.py:309 ST 0
TICK: 25114 PC:   2 ADDR:   0 MEM_OUT: 518 ACC: 519 BUFF: 518 DC: 0 FLAG_ZERO: False FLAG_LT: 0 FLAG_GT: 1
INPUT_PORT:  []
OUT_PORT:  []
DATA_MEM:  [518, 241]
---------------------------------------
DEBUG    root:machine.py:309 CMP 1000
TICK: 25118 PC:   3 ADDR:   0 MEM_OUT: 519 ACC: 519 BUFF: 518 DC: 0 FLAG_ZERO: False FLAG_LT: 0 FLAG_GT: 1
INPUT_PORT:  []
OUT_PORT:  []
DATA_MEM:  [519, 241]
---------------------------------------
DEBUG    root:machine.py:309 JGE 22
TICK: 25121 PC:   4 ADDR:   0 MEM_OUT: 519 ACC: 519 BUFF: 518 DC: 0 FLAG_ZERO: False FLAG_LT: 1 FLAG_GT: 0
INPUT_PORT:  []
OUT_PORT:  []
DATA_MEM:  [519, 241]
---------------------------------------
DEBUG    root:machine.py:309 LD 0
TICK: 25124 PC:   5 ADDR:   0 MEM_OUT: 519 ACC: 519 BUFF: 518 DC: 0 FLAG_ZERO: False FLAG_LT: 1 FLAG_GT: 0
INPUT_PORT:  []
OUT_PORT:  []
DATA_MEM:  [519, 241]
---------------------------------------
DEBUG    root:machine.py:309 MOD 3
TICK: 25128 PC:   6 ADDR:   0 MEM_OUT: 519 ACC: 519 BUFF: 518 DC: 0 FLAG_ZERO: False FLAG_LT: 1 FLAG_GT: 0
INPUT_PORT:  []
OUT_PORT:  []
DATA_MEM:  [519, 241]
---------------------------------------
DEBUG    root:machine.py:309 CMP 0
TICK: 25132 PC:   7 ADDR:   0 MEM_OUT: 519 ACC: 0 BUFF: 519 DC: 0 FLAG_ZERO: False FLAG_LT: 1 FLAG_GT: 0
INPUT_PORT:  []
OUT_PORT:  []
DATA_MEM:  [519, 241]
---------------------------------------
DEBUG    root:machine.py:309 JE 14
TICK: 25135 PC:   8 ADDR:   0 MEM_OUT: 519 ACC: 0 BUFF: 519 DC: 0 FLAG_ZERO: True FLAG_LT: 0 FLAG_GT: 0
INPUT_PORT:  []
OUT_PORT:  []
DATA_MEM:  [519, 241]
---------------------------------------
DEBUG    root:machine.py:309 LD 4
TICK: 25138 PC:  14 ADDR:   0 MEM_OUT: 519 ACC: 0 BUFF: 519 DC: 0 FLAG_ZERO: True FLAG_LT: 0 FLAG_GT: 0
INPUT_PORT:  []
OUT_PORT:  []
DATA_MEM:  [519, 241]
---------------------------------------
DEBUG    root:machine.py:309 INC 
TICK: 25142 PC:  15 ADDR:   1 MEM_OUT: 241 ACC: 241 BUFF: 519 DC: 0 FLAG_ZERO: True FLAG_LT: 0 FLAG_GT: 0
INPUT_PORT:  []
OUT_PORT:  []
DATA_MEM:  [519, 241]
---------------------------------------
DEBUG    root:machine.py:309 ST 4
TICK: 25145 PC:  16 ADDR:   1 MEM_OUT: 241 ACC: 242 BUFF: 519 DC: 0 FLAG_ZERO: True FLAG_LT: 0 FLAG_GT: 0
INPUT_PORT:  []
OUT_PORT:  []
DATA_MEM:  [519, 241]
---------------------------------------
DEBUG    root:machine.py:309 JMP 0
TICK: 25149 PC:  17 ADDR:   1 MEM_OUT: 242 ACC: 242 BUFF: 519 DC: 0 FLAG_ZERO: True FLAG_LT: 0 FLAG_GT: 0
INPUT_PORT:  []
OUT_PORT:  []
DATA_MEM:  [519, 242]
---------------------------------------
DEBUG    root:machine.py:309 LD 0
TICK: 25152 PC:   0 ADDR:   1 MEM_OUT: 242 ACC: 242 BUFF: 519 DC: 0 FLAG_ZERO: True FLAG_LT: 0 FLAG_GT: 0
INPUT_PORT:  []
OUT_PORT:  []
DATA_MEM:  [519, 242]
---------------------------------------
DEBUG    root:machine.py:309 INC 
TICK: 25156 PC:   1 ADDR:   0 MEM_OUT: 519 ACC: 519 BUFF: 519 DC: 0 FLAG_ZERO: True FLAG_LT: 0 FLAG_GT: 0
INPUT_PORT:  []
OUT_PORT:  []
DATA_MEM:  [519, 242]
---------------------------------------
DEBUG    root:machine.py:309 ST 0
TICK: 25159 PC:   2 ADDR:   0 MEM_OUT: 519 ACC: 520 BUFF: 519 DC: 0 FLAG_ZERO: True FLAG_LT: 0 FLAG_GT: 0
INPUT_PORT:  []
OUT_PORT:  []
DATA_MEM:  [519, 242]
---------------------------------------
DEBUG    root:machine.py:309 CMP 1000
TICK: 25163 PC:   3 ADDR:   0 MEM_OUT: 520 ACC: 520 BUFF: 519 DC: 0 FLAG_ZERO: True FLAG_LT: 0 FLAG_GT: 0
INPUT_PORT:  []
OUT_PORT:  []
DATA_MEM:  [520, 242]
---------------------------------------
DEBUG    root:machine.py:309 JGE 22
TICK: 25166 PC:   4 ADDR:   0 MEM_OUT: 520 ACC: 520 BUFF: 519 DC: 0 FLAG_ZERO: False FLAG_LT: 1 FLAG_GT: 0
INPUT_PORT:  []
OUT_PORT:  []
DATA_MEM:  [520, 242]
---------------------------------------
DEBUG    root:machine.py:309 LD 0
TICK: 25169 PC:   5 ADDR:   0 MEM_OUT: 520 ACC: 520 BUFF: 519 DC: 0 FLAG_ZERO: False FLAG_LT: 1 FLAG_GT: 0
INPUT_PORT:  []
OUT_PORT:  []
DATA_MEM:  [520, 242]
---------------------------------------
DEBUG    root:machine.py:309 MOD 3
TICK: 25173 PC:   6 ADDR:   0 MEM_OUT: 520 ACC: 520 BUFF: 519 DC: 0 FLAG_ZERO: False FLAG_LT: 1 FLAG_GT: 0
INPUT_PORT:  []
OUT_PORT:  []
DATA_MEM:  [520, 242]
---------------------------------------
DEBUG    root:machine.py:309 CMP 0
TICK: 25177 PC:   7 ADDR:   0 MEM_OUT: 520 ACC: 1 BUFF: 520 DC: 0 FLAG_ZERO: False FLAG_LT: 1 FLAG_GT: 0
INPUT_PORT:  []
OUT_PORT:  []
DATA_MEM:  [520, 242]
---------------------------------------
DEBUG    root:machine.py:309 JE 14
TICK: 25180 PC:   8 ADDR:   0 MEM_OUT: 520 ACC: 1 BUFF: 520 DC: 0 FLAG_ZERO: False FLAG_LT: 0 FLAG_GT: 1
INPUT_PORT:  []
OUT_PORT:  []
DATA_MEM:  [520, 242]
---------------------------------------
DEBUG    root:machine.py:309 LD 0
TICK: 25183 PC:   9 ADDR:   0 MEM_OUT: 520 ACC: 1 BUFF: 520 DC: 0 FLAG_ZERO: False FLAG_LT: 0 FLAG_GT: 1
INPUT_PORT:  []
OUT_PORT:  []
DATA_MEM:  [520, 242]
---------------------------------------
DEBUG    root:machine.py:309 MOD 5
TICK: 25187 PC:  10 ADDR:   0 MEM_OUT: 520 ACC: 520 BUFF: 520 DC: 0 FLAG_ZERO: False FLAG_LT: 0 FLAG_GT: 1
INPUT_PORT:  []
OUT_PORT:  []
DATA_MEM:  [520, 242]
---------------------------------------
DEBUG    root:machine.py:309 CMP 0
TICK: 25191 PC:  11 ADDR:   0 MEM_OUT: 520 ACC: 0 BUFF: 520 DC: 0 FLAG_ZERO: False FLAG_LT: 0 FLAG_GT: 1
INPUT_PORT:  []
OUT_PORT:  []
DATA_MEM:  [520, 242]
---------------------------------------
DEBUG    root:machine.py:309 JE 18
TICK: 25194 PC:  12 ADDR:   0 MEM_OUT: 520 ACC: 0 BUFF: 520 DC: 0 FLAG_ZERO: True FLAG_LT: 0 FLAG_GT: 0
INPUT_PORT:  []
OUT_PORT:  []
DATA_MEM:  [520, 242]
---------------------------------------
DEBUG    root:machine.py:309 LD 4
TICK: 25197 PC:  18 ADDR:   0 MEM_OUT: 520 ACC: 0 BUFF: 520 DC: 0 FLAG_ZERO: True FLAG_LT: 0 FLAG_GT: 0
INPUT_PORT:  []
OUT_PORT:  []
DATA_MEM:  [520, 242]
---------------------------------------
DEBUG    root:machine.py:309 INC 
TICK: 25201 PC:  19 ADDR:   1 MEM_OUT: 242 ACC: 242 BUFF: 520 DC: 0 FLAG_ZERO: True FLAG_LT: 0 FLAG_GT: 0
INPUT_PORT:  []
OUT_PORT:  []
DATA_MEM:  [520, 242]
---------------------------------------
DEBUG    root:machine.py:309 ST 4
TICK: 25204 PC:  20 ADDR:   1 MEM_OUT: 242 ACC: 243 BUFF: 520 DC: 0 FLAG_ZERO: True FLAG_LT: 0 FLAG_GT: 0
INPUT_PORT:  []
OUT_PORT:  []
DATA_MEM:  [520, 242]
---------------------------------------
DEBUG    root:machine.py:309 JMP 0
TICK: 25208 PC:  21 ADDR:   1 MEM_OUT: 243 ACC: 243 BUFF: 520 DC: 0 FLAG_ZERO: True FLAG_LT: 0 FLAG_GT: 0
INPUT_PORT:  []
OUT_PORT:  []
DATA_MEM:  [520, 243]
---------------------------------------
DEBUG    root:machine.py:309 LD 0
TICK: 25211 PC:   0 ADDR:   1 MEM_OUT: 243 ACC: 243 BUFF: 520 DC: 0 FLAG_ZERO: True FLAG_LT: 0 FLAG_GT: 0
INPUT_PORT:  []
OUT_PORT:  []
DATA_MEM:  [520, 243]
---------------------------------------
DEBUG    root:machine.py:309 INC 
TICK: 25215 PC:   1 ADDR:   0 MEM_OUT: 520 ACC: 520 BUFF: 520 DC: 0 FLAG_ZERO: True FLAG_LT: 0 FLAG_GT: 0
INPUT_PORT:  []
OUT_PORT:  []
DATA_MEM:  [520, 243]
---------------------------------------
DEBUG    root:machine.py:309 ST 0
TICK: 25218 PC:   2 ADDR:   0 MEM_OUT: 520 ACC: 521 BUFF: 520 DC: 0 FLAG_ZERO: True FLAG_LT: 0 FLAG_GT: 0
INPUT_PORT:  []
OUT_PORT:  []
DATA_MEM:  [520, 243]
---------------------------------------
DEBUG    root:machine.py:309 CMP 1000
TICK: 25222 PC:   3 ADDR:   0 MEM_OUT: 521 ACC: 521 BUFF: 520 DC: 0 FLAG_ZERO: True FLAG_LT: 0 FLAG_GT: 0
INPUT_PORT:  []
OUT_PORT:  []
DATA_MEM:  [521, 243]
---------------------------------------
DEBUG    root:machine.py:309 JGE 22
TICK: 25225 PC:   4 ADDR:   0 MEM_OUT: 521 ACC: 521 BUFF: 520 DC: 0 FLAG_ZERO: False FLAG_LT: 1 FLAG_GT: 0
INPUT_PORT:  []
OUT_PORT:  []
DATA_MEM:  [521, 243]
---------------------------------------
DEBUG    root:machine.py:309 LD 0
TICK: 25228 PC:   5 ADDR:   0 MEM_OUT: 521 ACC: 521 BUFF: 520 DC: 0 FLAG_ZERO: False FLAG_LT: 1 FLAG_GT: 0
INPUT_PORT:  []
OUT_PORT:  []
DATA_MEM:  [521, 243]
---------------------------------------
DEBUG    root:machine.py:309 MOD 3
TICK: 25232 PC:   6 ADDR:   0 MEM_OUT: 521 ACC: 521 BUFF: 520 DC: 0 FLAG_ZERO: False FLAG_LT: 1 FLAG_GT: 0
INPUT_PORT:  []
OUT_PORT:  []
DATA_MEM:  [521, 243]
---------------------------------------
DEBUG    root:machine.py:309 CMP 0
TICK: 25236 PC:   7 ADDR:   0 MEM_OUT: 521 ACC: 2 BUFF: 521 DC: 0 FLAG_ZERO: False FLAG_LT: 1 FLAG_GT: 0
INPUT_PORT:  []
OUT_PORT:  []
DATA_MEM:  [521, 243]
---------------------------------------
DEBUG    root:machine.py:309 JE 14
TICK: 25239 PC:   8 ADDR:   0 MEM_OUT: 521 ACC: 2 BUFF: 521 DC: 0 FLAG_ZERO: False FLAG_LT: 0 FLAG_GT: 1
INPUT_PORT:  []
OUT_PORT:  []
DATA_MEM:  [521, 243]
---------------------------------------
DEBUG    root:machine.py:309 LD 0
TICK: 25242 PC:   9 ADDR:   0 MEM_OUT: 521 ACC: 2 BUFF: 521 DC: 0 FLAG_ZERO: False FLAG_LT: 0 FLAG_GT: 1
INPUT_PORT:  []
OUT_PORT:  []
DATA_MEM:  [521, 243]
---------------------------------------
DEBUG    root:machine.py:309 MOD 5
TICK: 25246 PC:  10 ADDR:   0 MEM_OUT: 521 ACC: 521 BUFF: 521 DC: 0 FLAG_ZERO: False FLAG_LT: 0 FLAG_GT: 1
INPUT_PORT:  []
OUT_PORT:  []
DATA_MEM:  [521, 243]
---------------------------------------
DEBUG    root:machine.py:309 CMP 0
TICK: 25250 PC:  11 ADDR:   0 MEM_OUT: 521 ACC: 1 BUFF: 521 DC: 0 FLAG_ZERO: False FLAG_LT: 0 FLAG_GT: 1
INPUT_PORT:  []
OUT_PORT:  []
DATA_MEM:  [521, 243]
---------------------------------------
DEBUG    root:machine.py:309 JE 18
TICK: 25253 PC:  12 ADDR:   0 MEM_OUT: 521 ACC: 1 BUFF: 521 DC: 0 FLAG_ZERO: False FLAG_LT: 0 FLAG_GT: 1
INPUT_PORT:  []
OUT_PORT:  []
DATA_MEM:  [521, 243]
---------------------------------------
DEBUG    root:machine.py:309 JMP 0
TICK: 25256 PC:  13 ADDR:   0 MEM_OUT: 521 ACC: 1 BUFF: 521 DC: 0 FLAG_ZERO: False FLAG_LT: 0 FLAG_GT: 1
INPUT_PORT:  []
OUT_PORT:  []
DATA_MEM:  [521, 243]
---------------------------------------
DEBUG    root:machine.py:309 LD 0
TICK: 25259 PC:   0 ADDR:   0 MEM_OUT: 521 ACC: 1 BUFF: 521 DC: 0 FLAG_ZERO: False FLAG_LT: 0 FLAG_GT: 1
INPUT_PORT:  []
OUT_PORT:  []
DATA_MEM:  [521, 243]
---------------------------------------
DEBUG    root:machine.py:309 INC 
TICK: 25263 PC:   1 ADDR:   0 MEM_OUT: 521 ACC: 521 BUFF: 521 DC: 0 FLAG_ZERO: False FLAG_LT: 0 FLAG_GT: 1
INPUT_PORT:  []
OUT_PORT:  []
DATA_MEM:  [521, 243]
---------------------------------------
DEBUG    root:machine.py:309 ST 0
TICK: 25266 PC:   2 ADDR:   0 MEM_OUT: 521 ACC: 522 BUFF: 521 DC: 0 FLAG_ZERO: False FLAG_LT: 0 FLAG_GT: 1
INPUT_PORT:  []
OUT_PORT:  []
DATA_MEM:  [521, 243]
---------------------------------------
DEBUG    root:machine.py:309 CMP 1000
TICK: 25270 PC:   3 ADDR:   0 MEM_OUT: 522 ACC: 522 BUFF: 521 DC: 0 FLAG_ZERO: False FLAG_LT: 0 FLAG_GT: 1
INPUT_PORT:  []
OUT_PORT:  []
DATA_MEM:  [522, 243]
---------------------------------------
DEBUG    root:machine.py:309 JGE 22
TICK: 25273 PC:   4 ADDR:   0 MEM_OUT: 522 ACC: 522 BUFF: 521 DC: 0 FLAG_ZERO: False FLAG_LT: 1 FLAG_GT: 0
INPUT_PORT:  []
OUT_PORT:  []
DATA_MEM:  [522, 243]
---------------------------------------
DEBUG    root:machine.py:309 LD 0
TICK: 25276 PC:   5 ADDR:   0 MEM_OUT: 522 ACC: 522 BUFF: 521 DC: 0 FLAG_ZERO: False FLAG_LT: 1 FLAG_GT: 0
INPUT_PORT:  []
OUT_PORT:  []
DATA_MEM:  [522, 243]
---------------------------------------
DEBUG    root:machine.py:309 MOD 3
TICK: 25280 PC:   6 ADDR:   0 MEM_OUT: 522 ACC: 522 BUFF: 521 DC: 0 FLAG_ZERO: False FLAG_LT: 1 FLAG_GT: 0
INPUT_PORT:  []
OUT_PORT:  []
DATA_MEM:  [522, 243]
---------------------------------------
DEBUG    root:machine.py:309 CMP 0
TICK: 25284 PC:   7 ADDR:   0 MEM_OUT: 522 ACC: 0 BUFF: 522 DC: 0 FLAG_ZERO: False FLAG_LT: 1 FLAG_GT: 0
INPUT_PORT:  []
OUT_PORT:  []
DATA_MEM:  [522, 243]
---------------------------------------
DEBUG    root:machine.py:309 JE 14
TICK: 25287 PC:   8 ADDR:   0 MEM_OUT: 522 ACC: 0 BUFF: 522 DC: 0 FLAG_ZERO: True FLAG_LT: 0 FLAG_GT: 0
INPUT_PORT:  []
OUT_PORT:  []
DATA_MEM:  [522, 243]
---------------------------------------
DEBUG    root:machine.py:309 LD 4
TICK: 25290 PC:  14 ADDR:   0 MEM_OUT: 522 ACC: 0 BUFF: 522 DC: 0 FLAG_ZERO: True FLAG_LT: 0 FLAG_GT: 0
INPUT_PORT:  []
OUT_PORT:  []
DATA_MEM:  [522, 243]
---------------------------------------
DEBUG    root:machine.py:309 INC 
TICK: 25294 PC:  15 ADDR:   1 MEM_OUT: 243 ACC: 243 BUFF: 522 DC: 0 FLAG_ZERO: True FLAG_LT: 0 FLAG_GT: 0
INPUT_PORT:  []
OUT_PORT:  []
DATA_MEM:  [522, 243]
---------------------------------------
DEBUG    root:machine.py:309 ST 4
TICK: 25297 PC:  16 ADDR:   1 MEM_OUT: 243 ACC: 244 BUFF: 522 DC: 0 FLAG_ZERO: True FLAG_LT: 0 FLAG_GT: 0
INPUT_PORT:  []
OUT_PORT:  []
DATA_MEM:  [522, 243]
---------------------------------------
DEBUG    root:machine.py:309 JMP 0
TICK: 25301 PC:  17 ADDR:   1 MEM_OUT: 244 ACC: 244 BUFF: 522 DC: 0 FLAG_ZERO: True FLAG_LT: 0 FLAG_GT: 0
INPUT_PORT:  []
OUT_PORT:  []
DATA_MEM:  [522, 244]
---------------------------------------
DEBUG    root:machine.py:309 LD 0
TICK: 25304 PC:   0 ADDR:   1 MEM_OUT: 244 ACC: 244 BUFF: 522 DC: 0 FLAG_ZERO: True FLAG_LT: 0 FLAG_GT: 0
INPUT_PORT:  []
OUT_PORT:  []
DATA_MEM:  [522, 244]
---------------------------------------
DEBUG    root:machine.py:309 INC 
TICK: 25308 PC:   1 ADDR:   0 MEM_OUT: 522 ACC: 522 BUFF: 522 DC: 0 FLAG_ZERO: True FLAG_LT: 0 FLAG_GT: 0
INPUT_PORT:  []
OUT_PORT:  []
DATA_MEM:  [522, 244]
---------------------------------------
DEBUG    root:machine.py:309 ST 0
TICK: 25311 PC:   2 ADDR:   0 MEM_OUT: 522 ACC: 523 BUFF: 522 DC: 0 FLAG_ZERO: True FLAG_LT: 0 FLAG_GT: 0
INPUT_PORT:  []
OUT_PORT:  []
DATA_MEM:  [522, 244]
---------------------------------------
DEBUG    root:machine.py:309 CMP 1000
TICK: 25315 PC:   3 ADDR:   0 MEM_OUT: 523 ACC: 523 BUFF: 522 DC: 0 FLAG_ZERO: True FLAG_LT: 0 FLAG_GT: 0
INPUT_PORT:  []
OUT_PORT:  []
DATA_MEM:  [523, 244]
---------------------------------------
DEBUG    root:machine.py:309 JGE 22
TICK: 25318 PC:   4 ADDR:   0 MEM_OUT: 523 ACC: 523 BUFF: 522 DC: 0 FLAG_ZERO: False FLAG_LT: 1 FLAG_GT: 0
INPUT_PORT:  []
OUT_PORT:  []
DATA_MEM:  [523, 244]
---------------------------------------
DEBUG    root:machine.py:309 LD 0
TICK: 25321 PC:   5 ADDR:   0 MEM_OUT: 523 ACC: 523 BUFF: 522 DC: 0 FLAG_ZERO: False FLAG_LT: 1 FLAG_GT: 0
INPUT_PORT:  []
OUT_PORT:  []
DATA_MEM:  [523, 244]
---------------------------------------
DEBUG    root:machine.py:309 MOD 3
TICK: 25325 PC:   6 ADDR:   0 MEM_OUT: 523 ACC: 523 BUFF: 522 DC: 0 FLAG_ZERO: False FLAG_LT: 1 FLAG_GT: 0
INPUT_PORT:  []
OUT_PORT:  []
DATA_MEM:  [523, 244]
---------------------------------------
DEBUG    root:machine.py:309 CMP 0
TICK: 25329 PC:   7 ADDR:   0 MEM_OUT: 523 ACC: 1 BUFF: 523 DC: 0 FLAG_ZERO: False FLAG_LT: 1 FLAG_GT: 0
INPUT_PORT:  []
OUT_PORT:  []
DATA_MEM:  [523, 244]
---------------------------------------
DEBUG    root:machine.py:309 JE 14
TICK: 25332 PC:   8 ADDR:   0 MEM_OUT: 523 ACC: 1 BUFF: 523 DC: 0 FLAG_ZERO: False FLAG_LT: 0 FLAG_GT: 1
INPUT_PORT:  []
OUT_PORT:  []
DATA_MEM:  [523, 244]
---------------------------------------
DEBUG    root:machine.py:309 LD 0
TICK: 25335 PC:   9 ADDR:   0 MEM_OUT: 523 ACC: 1 BUFF: 523 DC: 0 FLAG_ZERO: False FLAG_LT: 0 FLAG_GT: 1
INPUT_PORT:  []
OUT_PORT:  []
DATA_MEM:  [523, 244]
---------------------------------------
DEBUG    root:machine.py:309 MOD 5
TICK: 25339 PC:  10 ADDR:   0 MEM_OUT: 523 ACC: 523 BUFF: 523 DC: 0 FLAG_ZERO: False FLAG_LT: 0 FLAG_GT: 1
INPUT_PORT:  []
OUT_PORT:  []
DATA_MEM:  [523, 244]
---------------------------------------
DEBUG    root:machine.py:309 CMP 0
TICK: 25343 PC:  11 ADDR:   0 MEM_OUT: 523 ACC: 3 BUFF: 523 DC: 0 FLAG_ZERO: False FLAG_LT: 0 FLAG_GT: 1
INPUT_PORT:  []
OUT_PORT:  []
DATA_MEM:  [523, 244]
---------------------------------------
DEBUG    root:machine.py:309 JE 18
TICK: 25346 PC:  12 ADDR:   0 MEM_OUT: 523 ACC: 3 BUFF: 523 DC: 0 FLAG_ZERO: False FLAG_LT: 0 FLAG_GT: 1
INPUT_PORT:  []
OUT_PORT:  []
DATA_MEM:  [523, 244]
---------------------------------------
DEBUG    root:machine.py:309 JMP 0
TICK: 25349 PC:  13 ADDR:   0 MEM_OUT: 523 ACC: 3 BUFF: 523 DC: 0 FLAG_ZERO: False FLAG_LT: 0 FLAG_GT: 1
INPUT_PORT:  []
OUT_PORT:  []
DATA_MEM:  [523, 244]
---------------------------------------
DEBUG    root:machine.py:309 LD 0
TICK: 25352 PC:   0 ADDR:   0 MEM_OUT: 523 ACC: 3 BUFF: 523 DC: 0 FLAG_ZERO: False FLAG_LT: 0 FLAG_GT: 1
INPUT_PORT:  []
OUT_PORT:  []
DATA_MEM:  [523, 244]
---------------------------------------
DEBUG    root:machine.py:309 INC 
TICK: 25356 PC:   1 ADDR:   0 MEM_OUT: 523 ACC: 523 BUFF: 523 DC: 0 FLAG_ZERO: False FLAG_LT: 0 FLAG_GT: 1
INPUT_PORT:  []
OUT_PORT:  []
DATA_MEM:  [523, 244]
---------------------------------------
DEBUG    root:machine.py:309 ST 0
TICK: 25359 PC:   2 ADDR:   0 MEM_OUT: 523 ACC: 524 BUFF: 523 DC: 0 FLAG_ZERO: False FLAG_LT: 0 FLAG_GT: 1
INPUT_PORT:  []
OUT_PORT:  []
DATA_MEM:  [523, 244]
---------------------------------------
DEBUG    root:machine.py:309 CMP 1000
TICK: 25363 PC:   3 ADDR:   0 MEM_OUT: 524 ACC: 524 BUFF: 523 DC: 0 FLAG_ZERO: False FLAG_LT: 0 FLAG_GT: 1
INPUT_PORT:  []
OUT_PORT:  []
DATA_MEM:  [524, 244]
---------------------------------------
DEBUG    root:machine.py:309 JGE 22
TICK: 25366 PC:   4 ADDR:   0 MEM_OUT: 524 ACC: 524 BUFF: 523 DC: 0 FLAG_ZERO: False FLAG_LT: 1 FLAG_GT: 0
INPUT_PORT:  []
OUT_PORT:  []
DATA_MEM:  [524, 244]
---------------------------------------
DEBUG    root:machine.py:309 LD 0
TICK: 25369 PC:   5 ADDR:   0 MEM_OUT: 524 ACC: 524 BUFF: 523 DC: 0 FLAG_ZERO: False FLAG_LT: 1 FLAG_GT: 0
INPUT_PORT:  []
OUT_PORT:  []
DATA_MEM:  [524, 244]
---------------------------------------
DEBUG    root:machine.py:309 MOD 3
TICK: 25373 PC:   6 ADDR:   0 MEM_OUT: 524 ACC: 524 BUFF: 523 DC: 0 FLAG_ZERO: False FLAG_LT: 1 FLAG_GT: 0
INPUT_PORT:  []
OUT_PORT:  []
DATA_MEM:  [524, 244]
---------------------------------------
DEBUG    root:machine.py:309 CMP 0
TICK: 25377 PC:   7 ADDR:   0 MEM_OUT: 524 ACC: 2 BUFF: 524 DC: 0 FLAG_ZERO: False FLAG_LT: 1 FLAG_GT: 0
INPUT_PORT:  []
OUT_PORT:  []
DATA_MEM:  [524, 244]
---------------------------------------
DEBUG    root:machine.py:309 JE 14
TICK: 25380 PC:   8 ADDR:   0 MEM_OUT: 524 ACC: 2 BUFF: 524 DC: 0 FLAG_ZERO: False FLAG_LT: 0 FLAG_GT: 1
INPUT_PORT:  []
OUT_PORT:  []
DATA_MEM:  [524, 244]
---------------------------------------
DEBUG    root:machine.py:309 LD 0
TICK: 25383 PC:   9 ADDR:   0 MEM_OUT: 524 ACC: 2 BUFF: 524 DC: 0 FLAG_ZERO: False FLAG_LT: 0 FLAG_GT: 1
INPUT_PORT:  []
OUT_PORT:  []
DATA_MEM:  [524, 244]
---------------------------------------
DEBUG    root:machine.py:309 MOD 5
TICK: 25387 PC:  10 ADDR:   0 MEM_OUT: 524 ACC: 524 BUFF: 524 DC: 0 FLAG_ZERO: False FLAG_LT: 0 FLAG_GT: 1
INPUT_PORT:  []
OUT_PORT:  []
DATA_MEM:  [524, 244]
---------------------------------------
DEBUG    root:machine.py:309 CMP 0
TICK: 25391 PC:  11 ADDR:   0 MEM_OUT: 524 ACC: 4 BUFF: 524 DC: 0 FLAG_ZERO: False FLAG_LT: 0 FLAG_GT: 1
INPUT_PORT:  []
OUT_PORT:  []
DATA_MEM:  [524, 244]
---------------------------------------
DEBUG    root:machine.py:309 JE 18
TICK: 25394 PC:  12 ADDR:   0 MEM_OUT: 524 ACC: 4 BUFF: 524 DC: 0 FLAG_ZERO: False FLAG_LT: 0 FLAG_GT: 1
INPUT_PORT:  []
OUT_PORT:  []
DATA_MEM:  [524, 244]
---------------------------------------
DEBUG    root:machine.py:309 JMP 0
TICK: 25397 PC:  13 ADDR:   0 MEM_OUT: 524 ACC: 4 BUFF: 524 DC: 0 FLAG_ZERO: False FLAG_LT: 0 FLAG_GT: 1
INPUT_PORT:  []
OUT_PORT:  []
DATA_MEM:  [524, 244]
---------------------------------------
DEBUG    root:machine.py:309 LD 0
TICK: 25400 PC:   0 ADDR:   0 MEM_OUT: 524 ACC: 4 BUFF: 524 DC: 0 FLAG_ZERO: False FLAG_LT: 0 FLAG_GT: 1
INPUT_PORT:  []
OUT_PORT:  []
DATA_MEM:  [524, 244]
---------------------------------------
DEBUG    root:machine.py:309 INC 
TICK: 25404 PC:   1 ADDR:   0 MEM_OUT: 524 ACC: 524 BUFF: 524 DC: 0 FLAG_ZERO: False FLAG_LT: 0 FLAG_GT: 1
INPUT_PORT:  []
OUT_PORT:  []
DATA_MEM:  [524, 244]
---------------------------------------
DEBUG    root:machine.py:309 ST 0
TICK: 25407 PC:   2 ADDR:   0 MEM_OUT: 524 ACC: 525 BUFF: 524 DC: 0 FLAG_ZERO: False FLAG_LT: 0 FLAG_GT: 1
INPUT_PORT:  []
OUT_PORT:  []
DATA_MEM:  [524, 244]
---------------------------------------
DEBUG    root:machine.py:309 CMP 1000
TICK: 25411 PC:   3 ADDR:   0 MEM_OUT: 525 ACC: 525 BUFF: 524 DC: 0 FLAG_ZERO: False FLAG_LT: 0 FLAG_GT: 1
INPUT_PORT:  []
OUT_PORT:  []
DATA_MEM:  [525, 244]
---------------------------------------
DEBUG    root:machine.py:309 JGE 22
TICK: 25414 PC:   4 ADDR:   0 MEM_OUT: 525 ACC: 525 BUFF: 524 DC: 0 FLAG_ZERO: False FLAG_LT: 1 FLAG_GT: 0
INPUT_PORT:  []
OUT_PORT:  []
DATA_MEM:  [525, 244]
---------------------------------------
DEBUG    root:machine.py:309 LD 0
TICK: 25417 PC:   5 ADDR:   0 MEM_OUT: 525 ACC: 525 BUFF: 524 DC: 0 FLAG_ZERO: False FLAG_LT: 1 FLAG_GT: 0
INPUT_PORT:  []
OUT_PORT:  []
DATA_MEM:  [525, 244]
---------------------------------------
DEBUG    root:machine.py:309 MOD 3
TICK: 25421 PC:   6 ADDR:   0 MEM_OUT: 525 ACC: 525 BUFF: 524 DC: 0 FLAG_ZERO: False FLAG_LT: 1 FLAG_GT: 0
INPUT_PORT:  []
OUT_PORT:  []
DATA_MEM:  [525, 244]
---------------------------------------
DEBUG    root:machine.py:309 CMP 0
TICK: 25425 PC:   7 ADDR:   0 MEM_OUT: 525 ACC: 0 BUFF: 525 DC: 0 FLAG_ZERO: False FLAG_LT: 1 FLAG_GT: 0
INPUT_PORT:  []
OUT_PORT:  []
DATA_MEM:  [525, 244]
---------------------------------------
DEBUG    root:machine.py:309 JE 14
TICK: 25428 PC:   8 ADDR:   0 MEM_OUT: 525 ACC: 0 BUFF: 525 DC: 0 FLAG_ZERO: True FLAG_LT: 0 FLAG_GT: 0
INPUT_PORT:  []
OUT_PORT:  []
DATA_MEM:  [525, 244]
---------------------------------------
DEBUG    root:machine.py:309 LD 4
TICK: 25431 PC:  14 ADDR:   0 MEM_OUT: 525 ACC: 0 BUFF: 525 DC: 0 FLAG_ZERO: True FLAG_LT: 0 FLAG_GT: 0
INPUT_PORT:  []
OUT_PORT:  []
DATA_MEM:  [525, 244]
---------------------------------------
DEBUG    root:machine.py:309 INC 
TICK: 25435 PC:  15 ADDR:   1 MEM_OUT: 244 ACC: 244 BUFF: 525 DC: 0 FLAG_ZERO: True FLAG_LT: 0 FLAG_GT: 0
INPUT_PORT:  []
OUT_PORT:  []
DATA_MEM:  [525, 244]
---------------------------------------
DEBUG    root:machine.py:309 ST 4
TICK: 25438 PC:  16 ADDR:   1 MEM_OUT: 244 ACC: 245 BUFF: 525 DC: 0 FLAG_ZERO: True FLAG_LT: 0 FLAG_GT: 0
INPUT_PORT:  []
OUT_PORT:  []
DATA_MEM:  [525, 244]
---------------------------------------
DEBUG    root:machine.py:309 JMP 0
TICK: 25442 PC:  17 ADDR:   1 MEM_OUT: 245 ACC: 245 BUFF: 525 DC: 0 FLAG_ZERO: True FLAG_LT: 0 FLAG_GT: 0
INPUT_PORT:  []
OUT_PORT:  []
DATA_MEM:  [525, 245]
---------------------------------------
DEBUG    root:machine.py:309 LD 0
TICK: 25445 PC:   0 ADDR:   1 MEM_OUT: 245 ACC: 245 BUFF: 525 DC: 0 FLAG_ZERO: True FLAG_LT: 0 FLAG_GT: 0
INPUT_PORT:  []
OUT_PORT:  []
DATA_MEM:  [525, 245]
---------------------------------------
DEBUG    root:machine.py:309 INC 
TICK: 25449 PC:   1 ADDR:   0 MEM_OUT: 525 ACC: 525 BUFF: 525 DC: 0 FLAG_ZERO: True FLAG_LT: 0 FLAG_GT: 0
INPUT_PORT:  []
OUT_PORT:  []
DATA_MEM:  [525, 245]
---------------------------------------
DEBUG    root:machine.py:309 ST 0
TICK: 25452 PC:   2 ADDR:   0 MEM_OUT: 525 ACC: 526 BUFF: 525 DC: 0 FLAG_ZERO: True FLAG_LT: 0 FLAG_GT: 0
INPUT_PORT:  []
OUT_PORT:  []
DATA_MEM:  [525, 245]
---------------------------------------
DEBUG    root:machine.py:309 CMP 1000
TICK: 25456 PC:   3 ADDR:   0 MEM_OUT: 526 ACC: 526 BUFF: 525 DC: 0 FLAG_ZERO: True FLAG_LT: 0 FLAG_GT: 0
INPUT_PORT:  []
OUT_PORT:  []
DATA_MEM:  [526, 245]
---------------------------------------
DEBUG    root:machine.py:309 JGE 22
TICK: 25459 PC:   4 ADDR:   0 MEM_OUT: 526 ACC: 526 BUFF: 525 DC: 0 FLAG_ZERO: False FLAG_LT: 1 FLAG_GT: 0
INPUT_PORT:  []
OUT_PORT:  []
DATA_MEM:  [526, 245]
---------------------------------------
DEBUG    root:machine.py:309 LD 0
TICK: 25462 PC:   5 ADDR:   0 MEM_OUT: 526 ACC: 526 BUFF: 525 DC: 0 FLAG_ZERO: False FLAG_LT: 1 FLAG_GT: 0
INPUT_PORT:  []
OUT_PORT:  []
DATA_MEM:  [526, 245]
---------------------------------------
DEBUG    root:machine.py:309 MOD 3
TICK: 25466 PC:   6 ADDR:   0 MEM_OUT: 526 ACC: 526 BUFF: 525 DC: 0 FLAG_ZERO: False FLAG_LT: 1 FLAG_GT: 0
INPUT_PORT:  []
OUT_PORT:  []
DATA_MEM:  [526, 245]
---------------------------------------
DEBUG    root:machine.py:309 CMP 0
TICK: 25470 PC:   7 ADDR:   0 MEM_OUT: 526 ACC: 1 BUFF: 526 DC: 0 FLAG_ZERO: False FLAG_LT: 1 FLAG_GT: 0
INPUT_PORT:  []
OUT_PORT:  []
DATA_MEM:  [526, 245]
---------------------------------------
DEBUG    root:machine.py:309 JE 14
TICK: 25473 PC:   8 ADDR:   0 MEM_OUT: 526 ACC: 1 BUFF: 526 DC: 0 FLAG_ZERO: False FLAG_LT: 0 FLAG_GT: 1
INPUT_PORT:  []
OUT_PORT:  []
DATA_MEM:  [526, 245]
---------------------------------------
DEBUG    root:machine.py:309 LD 0
TICK: 25476 PC:   9 ADDR:   0 MEM_OUT: 526 ACC: 1 BUFF: 526 DC: 0 FLAG_ZERO: False FLAG_LT: 0 FLAG_GT: 1
INPUT_PORT:  []
OUT_PORT:  []
DATA_MEM:  [526, 245]
---------------------------------------
DEBUG    root:machine.py:309 MOD 5
TICK: 25480 PC:  10 ADDR:   0 MEM_OUT: 526 ACC: 526 BUFF: 526 DC: 0 FLAG_ZERO: False FLAG_LT: 0 FLAG_GT: 1
INPUT_PORT:  []
OUT_PORT:  []
DATA_MEM:  [526, 245]
---------------------------------------
DEBUG    root:machine.py:309 CMP 0
TICK: 25484 PC:  11 ADDR:   0 MEM_OUT: 526 ACC: 1 BUFF: 526 DC: 0 FLAG_ZERO: False FLAG_LT: 0 FLAG_GT: 1
INPUT_PORT:  []
OUT_PORT:  []
DATA_MEM:  [526, 245]
---------------------------------------
DEBUG    root:machine.py:309 JE 18
TICK: 25487 PC:  12 ADDR:   0 MEM_OUT: 526 ACC: 1 BUFF: 526 DC: 0 FLAG_ZERO: False FLAG_LT: 0 FLAG_GT: 1
INPUT_PORT:  []
OUT_PORT:  []
DATA_MEM:  [526, 245]
---------------------------------------
DEBUG    root:machine.py:309 JMP 0
TICK: 25490 PC:  13 ADDR:   0 MEM_OUT: 526 ACC: 1 BUFF: 526 DC: 0 FLAG_ZERO: False FLAG_LT: 0 FLAG_GT: 1
INPUT_PORT:  []
OUT_PORT:  []
DATA_MEM:  [526, 245]
---------------------------------------
DEBUG    root:machine.py:309 LD 0
TICK: 25493 PC:   0 ADDR:   0 MEM_OUT: 526 ACC: 1 BUFF: 526 DC: 0 FLAG_ZERO: False FLAG_LT: 0 FLAG_GT: 1
INPUT_PORT:  []
OUT_PORT:  []
DATA_MEM:  [526, 245]
---------------------------------------
DEBUG    root:machine.py:309 INC 
TICK: 25497 PC:   1 ADDR:   0 MEM_OUT: 526 ACC: 526 BUFF: 526 DC: 0 FLAG_ZERO: False FLAG_LT: 0 FLAG_GT: 1
INPUT_PORT:  []
OUT_PORT:  []
DATA_MEM:  [526, 245]
---------------------------------------
DEBUG    root:machine.py:309 ST 0
TICK: 25500 PC:   2 ADDR:   0 MEM_OUT: 526 ACC: 527 BUFF: 526 DC: 0 FLAG_ZERO: False FLAG_LT: 0 FLAG_GT: 1
INPUT_PORT:  []
OUT_PORT:  []
DATA_MEM:  [526, 245]
---------------------------------------
DEBUG    root:machine.py:309 CMP 1000
TICK: 25504 PC:   3 ADDR:   0 MEM_OUT: 527 ACC: 527 BUFF: 526 DC: 0 FLAG_ZERO: False FLAG_LT: 0 FLAG_GT: 1
INPUT_PORT:  []
OUT_PORT:  []
DATA_MEM:  [527, 245]
---------------------------------------
DEBUG    root:machine.py:309 JGE 22
TICK: 25507 PC:   4 ADDR:   0 MEM_OUT: 527 ACC: 527 BUFF: 526 DC: 0 FLAG_ZERO: False FLAG_LT: 1 FLAG_GT: 0
INPUT_PORT:  []
OUT_PORT:  []
DATA_MEM:  [527, 245]
---------------------------------------
DEBUG    root:machine.py:309 LD 0
TICK: 25510 PC:   5 ADDR:   0 MEM_OUT: 527 ACC: 527 BUFF: 526 DC: 0 FLAG_ZERO: False FLAG_LT: 1 FLAG_GT: 0
INPUT_PORT:  []
OUT_PORT:  []
DATA_MEM:  [527, 245]
---------------------------------------
DEBUG    root:machine.py:309 MOD 3
TICK: 25514 PC:   6 ADDR:   0 MEM_OUT: 527 ACC: 527 BUFF: 526 DC: 0 FLAG_ZERO: False FLAG_LT: 1 FLAG_GT: 0
INPUT_PORT:  []
OUT_PORT:  []
DATA_MEM:  [527, 245]
---------------------------------------
DEBUG    root:machine.py:309 CMP 0
TICK: 25518 PC:   7 ADDR:   0 MEM_OUT: 527 ACC: 2 BUFF: 527 DC: 0 FLAG_ZERO: False FLAG_LT: 1 FLAG_GT: 0
INPUT_PORT:  []
OUT_PORT:  []
DATA_MEM:  [527, 245]
---------------------------------------
DEBUG    root:machine.py:309 JE 14
TICK: 25521 PC:   8 ADDR:   0 MEM_OUT: 527 ACC: 2 BUFF: 527 DC: 0 FLAG_ZERO: False FLAG_LT: 0 FLAG_GT: 1
INPUT_PORT:  []
OUT_PORT:  []
DATA_MEM:  [527, 245]
---------------------------------------
DEBUG    root:machine.py:309 LD 0
TICK: 25524 PC:   9 ADDR:   0 MEM_OUT: 527 ACC: 2 BUFF: 527 DC: 0 FLAG_ZERO: False FLAG_LT: 0 FLAG_GT: 1
INPUT_PORT:  []
OUT_PORT:  []
DATA_MEM:  [527, 245]
---------------------------------------
DEBUG    root:machine.py:309 MOD 5
TICK: 25528 PC:  10 ADDR:   0 MEM_OUT: 527 ACC: 527 BUFF: 527 DC: 0 FLAG_ZERO: False FLAG_LT: 0 FLAG_GT: 1
INPUT_PORT:  []
OUT_PORT:  []
DATA_MEM:  [527, 245]
---------------------------------------
DEBUG    root:machine.py:309 CMP 0
TICK: 25532 PC:  11 ADDR:   0 MEM_OUT: 527 ACC: 2 BUFF: 527 DC: 0 FLAG_ZERO: False FLAG_LT: 0 FLAG_GT: 1
INPUT_PORT:  []
OUT_PORT:  []
DATA_MEM:  [527, 245]
---------------------------------------
DEBUG    root:machine.py:309 JE 18
TICK: 25535 PC:  12 ADDR:   0 MEM_OUT: 527 ACC: 2 BUFF: 527 DC: 0 FLAG_ZERO: False FLAG_LT: 0 FLAG_GT: 1
INPUT_PORT:  []
OUT_PORT:  []
DATA_MEM:  [527, 245]
---------------------------------------
DEBUG    root:machine.py:309 JMP 0
TICK: 25538 PC:  13 ADDR:   0 MEM_OUT: 527 ACC: 2 BUFF: 527 DC: 0 FLAG_ZERO: False FLAG_LT: 0 FLAG_GT: 1
INPUT_PORT:  []
OUT_PORT:  []
DATA_MEM:  [527, 245]
---------------------------------------
DEBUG    root:machine.py:309 LD 0
TICK: 25541 PC:   0 ADDR:   0 MEM_OUT: 527 ACC: 2 BUFF: 527 DC: 0 FLAG_ZERO: False FLAG_LT: 0 FLAG_GT: 1
INPUT_PORT:  []
OUT_PORT:  []
DATA_MEM:  [527, 245]
---------------------------------------
DEBUG    root:machine.py:309 INC 
TICK: 25545 PC:   1 ADDR:   0 MEM_OUT: 527 ACC: 527 BUFF: 527 DC: 0 FLAG_ZERO: False FLAG_LT: 0 FLAG_GT: 1
INPUT_PORT:  []
OUT_PORT:  []
DATA_MEM:  [527, 245]
---------------------------------------
DEBUG    root:machine.py:309 ST 0
TICK: 25548 PC:   2 ADDR:   0 MEM_OUT: 527 ACC: 528 BUFF: 527 DC: 0 FLAG_ZERO: False FLAG_LT: 0 FLAG_GT: 1
INPUT_PORT:  []
OUT_PORT:  []
DATA_MEM:  [527, 245]
---------------------------------------
DEBUG    root:machine.py:309 CMP 1000
TICK: 25552 PC:   3 ADDR:   0 MEM_OUT: 528 ACC: 528 BUFF: 527 DC: 0 FLAG_ZERO: False FLAG_LT: 0 FLAG_GT: 1
INPUT_PORT:  []
OUT_PORT:  []
DATA_MEM:  [528, 245]
---------------------------------------
DEBUG    root:machine.py:309 JGE 22
TICK: 25555 PC:   4 ADDR:   0 MEM_OUT: 528 ACC: 528 BUFF: 527 DC: 0 FLAG_ZERO: False FLAG_LT: 1 FLAG_GT: 0
INPUT_PORT:  []
OUT_PORT:  []
DATA_MEM:  [528, 245]
---------------------------------------
DEBUG    root:machine.py:309 LD 0
TICK: 25558 PC:   5 ADDR:   0 MEM_OUT: 528 ACC: 528 BUFF: 527 DC: 0 FLAG_ZERO: False FLAG_LT: 1 FLAG_GT: 0
INPUT_PORT:  []
OUT_PORT:  []
DATA_MEM:  [528, 245]
---------------------------------------
DEBUG    root:machine.py:309 MOD 3
TICK: 25562 PC:   6 ADDR:   0 MEM_OUT: 528 ACC: 528 BUFF: 527 DC: 0 FLAG_ZERO: False FLAG_LT: 1 FLAG_GT: 0
INPUT_PORT:  []
OUT_PORT:  []
DATA_MEM:  [528, 245]
---------------------------------------
DEBUG    root:machine.py:309 CMP 0
TICK: 25566 PC:   7 ADDR:   0 MEM_OUT: 528 ACC: 0 BUFF: 528 DC: 0 FLAG_ZERO: False FLAG_LT: 1 FLAG_GT: 0
INPUT_PORT:  []
OUT_PORT:  []
DATA_MEM:  [528, 245]
---------------------------------------
DEBUG    root:machine.py:309 JE 14
TICK: 25569 PC:   8 ADDR:   0 MEM_OUT: 528 ACC: 0 BUFF: 528 DC: 0 FLAG_ZERO: True FLAG_LT: 0 FLAG_GT: 0
INPUT_PORT:  []
OUT_PORT:  []
DATA_MEM:  [528, 245]
---------------------------------------
DEBUG    root:machine.py:309 LD 4
TICK: 25572 PC:  14 ADDR:   0 MEM_OUT: 528 ACC: 0 BUFF: 528 DC: 0 FLAG_ZERO: True FLAG_LT: 0 FLAG_GT: 0
INPUT_PORT:  []
OUT_PORT:  []
DATA_MEM:  [528, 245]
---------------------------------------
DEBUG    root:machine.py:309 INC 
TICK: 25576 PC:  15 ADDR:   1 MEM_OUT: 245 ACC: 245 BUFF: 528 DC: 0 FLAG_ZERO: True FLAG_LT: 0 FLAG_GT: 0
INPUT_PORT:  []
OUT_PORT:  []
DATA_MEM:  [528, 245]
---------------------------------------
DEBUG    root:machine.py:309 ST 4
TICK: 25579 PC:  16 ADDR:   1 MEM_OUT: 245 ACC: 246 BUFF: 528 DC: 0 FLAG_ZERO: True FLAG_LT: 0 FLAG_GT: 0
INPUT_PORT:  []
OUT_PORT:  []
DATA_MEM:  [528, 245]
---------------------------------------
DEBUG    root:machine.py:309 JMP 0
TICK: 25583 PC:  17 ADDR:   1 MEM_OUT: 246 ACC: 246 BUFF: 528 DC: 0 FLAG_ZERO: True FLAG_LT: 0 FLAG_GT: 0
INPUT_PORT:  []
OUT_PORT:  []
DATA_MEM:  [528, 246]
---------------------------------------
DEBUG    root:machine.py:309 LD 0
TICK: 25586 PC:   0 ADDR:   1 MEM_OUT: 246 ACC: 246 BUFF: 528 DC: 0 FLAG_ZERO: True FLAG_LT: 0 FLAG_GT: 0
INPUT_PORT:  []
OUT_PORT:  []
DATA_MEM:  [528, 246]
---------------------------------------
DEBUG    root:machine.py:309 INC 
TICK: 25590 PC:   1 ADDR:   0 MEM_OUT: 528 ACC: 528 BUFF: 528 DC: 0 FLAG_ZERO: True FLAG_LT: 0 FLAG_GT: 0
INPUT_PORT:  []
OUT_PORT:  []
DATA_MEM:  [528, 246]
---------------------------------------
DEBUG    root:machine.py:309 ST 0
TICK: 25593 PC:   2 ADDR:   0 MEM_OUT: 528 ACC: 529 BUFF: 528 DC: 0 FLAG_ZERO: True FLAG_LT: 0 FLAG_GT: 0
INPUT_PORT:  []
OUT_PORT:  []
DATA_MEM:  [528, 246]
---------------------------------------
DEBUG    root:machine.py:309 CMP 1000
TICK: 25597 PC:   3 ADDR:   0 MEM_OUT: 529 ACC: 529 BUFF: 528 DC: 0 FLAG_ZERO: True FLAG_LT: 0 FLAG_GT: 0
INPUT_PORT:  []
OUT_PORT:  []
DATA_MEM:  [529, 246]
---------------------------------------
DEBUG    root:machine.py:309 JGE 22
TICK: 25600 PC:   4 ADDR:   0 MEM_OUT: 529 ACC: 529 BUFF: 528 DC: 0 FLAG_ZERO: False FLAG_LT: 1 FLAG_GT: 0
INPUT_PORT:  []
OUT_PORT:  []
DATA_MEM:  [529, 246]
---------------------------------------
DEBUG    root:machine.py:309 LD 0
TICK: 25603 PC:   5 ADDR:   0 MEM_OUT: 529 ACC: 529 BUFF: 528 DC: 0 FLAG_ZERO: False FLAG_LT: 1 FLAG_GT: 0
INPUT_PORT:  []
OUT_PORT:  []
DATA_MEM:  [529, 246]
---------------------------------------
DEBUG    root:machine.py:309 MOD 3
TICK: 25607 PC:   6 ADDR:   0 MEM_OUT: 529 ACC: 529 BUFF: 528 DC: 0 FLAG_ZERO: False FLAG_LT: 1 FLAG_GT: 0
INPUT_PORT:  []
OUT_PORT:  []
DATA_MEM:  [529, 246]
---------------------------------------
DEBUG    root:machine.py:309 CMP 0
TICK: 25611 PC:   7 ADDR:   0 MEM_OUT: 529 ACC: 1 BUFF: 529 DC: 0 FLAG_ZERO: False FLAG_LT: 1 FLAG_GT: 0
INPUT_PORT:  []
OUT_PORT:  []
DATA_MEM:  [529, 246]
---------------------------------------
DEBUG    root:machine.py:309 JE 14
TICK: 25614 PC:   8 ADDR:   0 MEM_OUT: 529 ACC: 1 BUFF: 529 DC: 0 FLAG_ZERO: False FLAG_LT: 0 FLAG_GT: 1
INPUT_PORT:  []
OUT_PORT:  []
DATA_MEM:  [529, 246]
---------------------------------------
DEBUG    root:machine.py:309 LD 0
TICK: 25617 PC:   9 ADDR:   0 MEM_OUT: 529 ACC: 1 BUFF: 529 DC: 0 FLAG_ZERO: False FLAG_LT: 0 FLAG_GT: 1
INPUT_PORT:  []
OUT_PORT:  []
DATA_MEM:  [529, 246]
---------------------------------------
DEBUG    root:machine.py:309 MOD 5
TICK: 25621 PC:  10 ADDR:   0 MEM_OUT: 529 ACC: 529 BUFF: 529 DC: 0 FLAG_ZERO: False FLAG_LT: 0 FLAG_GT: 1
INPUT_PORT:  []
OUT_PORT:  []
DATA_MEM:  [529, 246]
---------------------------------------
DEBUG    root:machine.py:309 CMP 0
TICK: 25625 PC:  11 ADDR:   0 MEM_OUT: 529 ACC: 4 BUFF: 529 DC: 0 FLAG_ZERO: False FLAG_LT: 0 FLAG_GT: 1
INPUT_PORT:  []
OUT_PORT:  []
DATA_MEM:  [529, 246]
---------------------------------------
DEBUG    root:machine.py:309 JE 18
TICK: 25628 PC:  12 ADDR:   0 MEM_OUT: 529 ACC: 4 BUFF: 529 DC: 0 FLAG_ZERO: False FLAG_LT: 0 FLAG_GT: 1
INPUT_PORT:  []
OUT_PORT:  []
DATA_MEM:  [529, 246]
---------------------------------------
DEBUG    root:machine.py:309 JMP 0
TICK: 25631 PC:  13 ADDR:   0 MEM_OUT: 529 ACC: 4 BUFF: 529 DC: 0 FLAG_ZERO: False FLAG_LT: 0 FLAG_GT: 1
INPUT_PORT:  []
OUT_PORT:  []
DATA_MEM:  [529, 246]
---------------------------------------
DEBUG    root:machine.py:309 LD 0
TICK: 25634 PC:   0 ADDR:   0 MEM_OUT: 529 ACC: 4 BUFF: 529 DC: 0 FLAG_ZERO: False FLAG_LT: 0 FLAG_GT: 1
INPUT_PORT:  []
OUT_PORT:  []
DATA_MEM:  [529, 246]
---------------------------------------
DEBUG    root:machine.py:309 INC 
TICK: 25638 PC:   1 ADDR:   0 MEM_OUT: 529 ACC: 529 BUFF: 529 DC: 0 FLAG_ZERO: False FLAG_LT: 0 FLAG_GT: 1
INPUT_PORT:  []
OUT_PORT:  []
DATA_MEM:  [529, 246]
---------------------------------------
DEBUG    root:machine.py:309 ST 0
TICK: 25641 PC:   2 ADDR:   0 MEM_OUT: 529 ACC: 530 BUFF: 529 DC: 0 FLAG_ZERO: False FLAG_LT: 0 FLAG_GT: 1
INPUT_PORT:  []
OUT_PORT:  []
DATA_MEM:  [529, 246]
---------------------------------------
DEBUG    root:machine.py:309 CMP 1000
TICK: 25645 PC:   3 ADDR:   0 MEM_OUT: 530 ACC: 530 BUFF: 529 DC: 0 FLAG_ZERO: False FLAG_LT: 0 FLAG_GT: 1
INPUT_PORT:  []
OUT_PORT:  []
DATA_MEM:  [530, 246]
---------------------------------------
DEBUG    root:machine.py:309 JGE 22
TICK: 25648 PC:   4 ADDR:   0 MEM_OUT: 530 ACC: 530 BUFF: 529 DC: 0 FLAG_ZERO: False FLAG_LT: 1 FLAG_GT: 0
INPUT_PORT:  []
OUT_PORT:  []
DATA_MEM:  [530, 246]
---------------------------------------
DEBUG    root:machine.py:309 LD 0
TICK: 25651 PC:   5 ADDR:   0 MEM_OUT: 530 ACC: 530 BUFF: 529 DC: 0 FLAG_ZERO: False FLAG_LT: 1 FLAG_GT: 0
INPUT_PORT:  []
OUT_PORT:  []
DATA_MEM:  [530, 246]
---------------------------------------
DEBUG    root:machine.py:309 MOD 3
TICK: 25655 PC:   6 ADDR:   0 MEM_OUT: 530 ACC: 530 BUFF: 529 DC: 0 FLAG_ZERO: False FLAG_LT: 1 FLAG_GT: 0
INPUT_PORT:  []
OUT_PORT:  []
DATA_MEM:  [530, 246]
---------------------------------------
DEBUG    root:machine.py:309 CMP 0
TICK: 25659 PC:   7 ADDR:   0 MEM_OUT: 530 ACC: 2 BUFF: 530 DC: 0 FLAG_ZERO: False FLAG_LT: 1 FLAG_GT: 0
INPUT_PORT:  []
OUT_PORT:  []
DATA_MEM:  [530, 246]
---------------------------------------
DEBUG    root:machine.py:309 JE 14
TICK: 25662 PC:   8 ADDR:   0 MEM_OUT: 530 ACC: 2 BUFF: 530 DC: 0 FLAG_ZERO: False FLAG_LT: 0 FLAG_GT: 1
INPUT_PORT:  []
OUT_PORT:  []
DATA_MEM:  [530, 246]
---------------------------------------
DEBUG    root:machine.py:309 LD 0
TICK: 25665 PC:   9 ADDR:   0 MEM_OUT: 530 ACC: 2 BUFF: 530 DC: 0 FLAG_ZERO: False FLAG_LT: 0 FLAG_GT: 1
INPUT_PORT:  []
OUT_PORT:  []
DATA_MEM:  [530, 246]
---------------------------------------
DEBUG    root:machine.py:309 MOD 5
TICK: 25669 PC:  10 ADDR:   0 MEM_OUT: 530 ACC: 530 BUFF: 530 DC: 0 FLAG_ZERO: False FLAG_LT: 0 FLAG_GT: 1
INPUT_PORT:  []
OUT_PORT:  []
DATA_MEM:  [530, 246]
---------------------------------------
DEBUG    root:machine.py:309 CMP 0
TICK: 25673 PC:  11 ADDR:   0 MEM_OUT: 530 ACC: 0 BUFF: 530 DC: 0 FLAG_ZERO: False FLAG_LT: 0 FLAG_GT: 1
INPUT_PORT:  []
OUT_PORT:  []
DATA_MEM:  [530, 246]
---------------------------------------
DEBUG    root:machine.py:309 JE 18
TICK: 25676 PC:  12 ADDR:   0 MEM_OUT: 530 ACC: 0 BUFF: 530 DC: 0 FLAG_ZERO: True FLAG_LT: 0 FLAG_GT: 0
INPUT_PORT:  []
OUT_PORT:  []
DATA_MEM:  [530, 246]
---------------------------------------
DEBUG    root:machine.py:309 LD 4
TICK: 25679 PC:  18 ADDR:   0 MEM_OUT: 530 ACC: 0 BUFF: 530 DC: 0 FLAG_ZERO: True FLAG_LT: 0 FLAG_GT: 0
INPUT_PORT:  []
OUT_PORT:  []
DATA_MEM:  [530, 246]
---------------------------------------
DEBUG    root:machine.py:309 INC 
TICK: 25683 PC:  19 ADDR:   1 MEM_OUT: 246 ACC: 246 BUFF: 530 DC: 0 FLAG_ZERO: True FLAG_LT: 0 FLAG_GT: 0
INPUT_PORT:  []
OUT_PORT:  []
DATA_MEM:  [530, 246]
---------------------------------------
DEBUG    root:machine.py:309 ST 4
TICK: 25686 PC:  20 ADDR:   1 MEM_OUT: 246 ACC: 247 BUFF: 530 DC: 0 FLAG_ZERO: True FLAG_LT: 0 FLAG_GT: 0
INPUT_PORT:  []
OUT_PORT:  []
DATA_MEM:  [530, 246]
---------------------------------------
DEBUG    root:machine.py:309 JMP 0
TICK: 25690 PC:  21 ADDR:   1 MEM_OUT: 247 ACC: 247 BUFF: 530 DC: 0 FLAG_ZERO: True FLAG_LT: 0 FLAG_GT: 0
INPUT_PORT:  []
OUT_PORT:  []
DATA_MEM:  [530, 247]
---------------------------------------
DEBUG    root:machine.py:309 LD 0
TICK: 25693 PC:   0 ADDR:   1 MEM_OUT: 247 ACC: 247 BUFF: 530 DC: 0 FLAG_ZERO: True FLAG_LT: 0 FLAG_GT: 0
INPUT_PORT:  []
OUT_PORT:  []
DATA_MEM:  [530, 247]
---------------------------------------
DEBUG    root:machine.py:309 INC 
TICK: 25697 PC:   1 ADDR:   0 MEM_OUT: 530 ACC: 530 BUFF: 530 DC: 0 FLAG_ZERO: True FLAG_LT: 0 FLAG_GT: 0
INPUT_PORT:  []
OUT_PORT:  []
DATA_MEM:  [530, 247]
---------------------------------------
DEBUG    root:machine.py:309 ST 0
TICK: 25700 PC:   2 ADDR:   0 MEM_OUT: 530 ACC: 531 BUFF: 530 DC: 0 FLAG_ZERO: True FLAG_LT: 0 FLAG_GT: 0
INPUT_PORT:  []
OUT_PORT:  []
DATA_MEM:  [530, 247]
---------------------------------------
DEBUG    root:machine.py:309 CMP 1000
TICK: 25704 PC:   3 ADDR:   0 MEM_OUT: 531 ACC: 531 BUFF: 530 DC: 0 FLAG_ZERO: True FLAG_LT: 0 FLAG_GT: 0
INPUT_PORT:  []
OUT_PORT:  []
DATA_MEM:  [531, 247]
---------------------------------------
DEBUG    root:machine.py:309 JGE 22
TICK: 25707 PC:   4 ADDR:   0 MEM_OUT: 531 ACC: 531 BUFF: 530 DC: 0 FLAG_ZERO: False FLAG_LT: 1 FLAG_GT: 0
INPUT_PORT:  []
OUT_PORT:  []
DATA_MEM:  [531, 247]
---------------------------------------
DEBUG    root:machine.py:309 LD 0
TICK: 25710 PC:   5 ADDR:   0 MEM_OUT: 531 ACC: 531 BUFF: 530 DC: 0 FLAG_ZERO: False FLAG_LT: 1 FLAG_GT: 0
INPUT_PORT:  []
OUT_PORT:  []
DATA_MEM:  [531, 247]
---------------------------------------
DEBUG    root:machine.py:309 MOD 3
TICK: 25714 PC:   6 ADDR:   0 MEM_OUT: 531 ACC: 531 BUFF: 530 DC: 0 FLAG_ZERO: False FLAG_LT: 1 FLAG_GT: 0
INPUT_PORT:  []
OUT_PORT:  []
DATA_MEM:  [531, 247]
---------------------------------------
DEBUG    root:machine.py:309 CMP 0
TICK: 25718 PC:   7 ADDR:   0 MEM_OUT: 531 ACC: 0 BUFF: 531 DC: 0 FLAG_ZERO: False FLAG_LT: 1 FLAG_GT: 0
INPUT_PORT:  []
OUT_PORT:  []
DATA_MEM:  [531, 247]
---------------------------------------
DEBUG    root:machine.py:309 JE 14
TICK: 25721 PC:   8 ADDR:   0 MEM_OUT: 531 ACC: 0 BUFF: 531 DC: 0 FLAG_ZERO: True FLAG_LT: 0 FLAG_GT: 0
INPUT_PORT:  []
OUT_PORT:  []
DATA_MEM:  [531, 247]
---------------------------------------
DEBUG    root:machine.py:309 LD 4
TICK: 25724 PC:  14 ADDR:   0 MEM_OUT: 531 ACC: 0 BUFF: 531 DC: 0 FLAG_ZERO: True FLAG_LT: 0 FLAG_GT: 0
INPUT_PORT:  []
OUT_PORT:  []
DATA_MEM:  [531, 247]
---------------------------------------
DEBUG    root:machine.py:309 INC 
TICK: 25728 PC:  15 ADDR:   1 MEM_OUT: 247 ACC: 247 BUFF: 531 DC: 0 FLAG_ZERO: True FLAG_LT: 0 FLAG_GT: 0
INPUT_PORT:  []
OUT_PORT:  []
DATA_MEM:  [531, 247]
---------------------------------------
DEBUG    root:machine.py:309 ST 4
TICK: 25731 PC:  16 ADDR:   1 MEM_OUT: 247 ACC: 248 BUFF: 531 DC: 0 FLAG_ZERO: True FLAG_LT: 0 FLAG_GT: 0
INPUT_PORT:  []
OUT_PORT:  []
DATA_MEM:  [531, 247]
---------------------------------------
DEBUG    root:machine.py:309 JMP 0
TICK: 25735 PC:  17 ADDR:   1 MEM_OUT: 248 ACC: 248 BUFF: 531 DC: 0 FLAG_ZERO: True FLAG_LT: 0 FLAG_GT: 0
INPUT_PORT:  []
OUT_PORT:  []
DATA_MEM:  [531, 248]
---------------------------------------
DEBUG    root:machine.py:309 LD 0
TICK: 25738 PC:   0 ADDR:   1 MEM_OUT: 248 ACC: 248 BUFF: 531 DC: 0 FLAG_ZERO: True FLAG_LT: 0 FLAG_GT: 0
INPUT_PORT:  []
OUT_PORT:  []
DATA_MEM:  [531, 248]
---------------------------------------
DEBUG    root:machine.py:309 INC 
TICK: 25742 PC:   1 ADDR:   0 MEM_OUT: 531 ACC: 531 BUFF: 531 DC: 0 FLAG_ZERO: True FLAG_LT: 0 FLAG_GT: 0
INPUT_PORT:  []
OUT_PORT:  []
DATA_MEM:  [531, 248]
---------------------------------------
DEBUG    root:machine.py:309 ST 0
TICK: 25745 PC:   2 ADDR:   0 MEM_OUT: 531 ACC: 532 BUFF: 531 DC: 0 FLAG_ZERO: True FLAG_LT: 0 FLAG_GT: 0
INPUT_PORT:  []
OUT_PORT:  []
DATA_MEM:  [531, 248]
---------------------------------------
DEBUG    root:machine.py:309 CMP 1000
TICK: 25749 PC:   3 ADDR:   0 MEM_OUT: 532 ACC: 532 BUFF: 531 DC: 0 FLAG_ZERO: True FLAG_LT: 0 FLAG_GT: 0
INPUT_PORT:  []
OUT_PORT:  []
DATA_MEM:  [532, 248]
---------------------------------------
DEBUG    root:machine.py:309 JGE 22
TICK: 25752 PC:   4 ADDR:   0 MEM_OUT: 532 ACC: 532 BUFF: 531 DC: 0 FLAG_ZERO: False FLAG_LT: 1 FLAG_GT: 0
INPUT_PORT:  []
OUT_PORT:  []
DATA_MEM:  [532, 248]
---------------------------------------
DEBUG    root:machine.py:309 LD 0
TICK: 25755 PC:   5 ADDR:   0 MEM_OUT: 532 ACC: 532 BUFF: 531 DC: 0 FLAG_ZERO: False FLAG_LT: 1 FLAG_GT: 0
INPUT_PORT:  []
OUT_PORT:  []
DATA_MEM:  [532, 248]
---------------------------------------
DEBUG    root:machine.py:309 MOD 3
TICK: 25759 PC:   6 ADDR:   0 MEM_OUT: 532 ACC: 532 BUFF: 531 DC: 0 FLAG_ZERO: False FLAG_LT: 1 FLAG_GT: 0
INPUT_PORT:  []
OUT_PORT:  []
DATA_MEM:  [532, 248]
---------------------------------------
DEBUG    root:machine.py:309 CMP 0
TICK: 25763 PC:   7 ADDR:   0 MEM_OUT: 532 ACC: 1 BUFF: 532 DC: 0 FLAG_ZERO: False FLAG_LT: 1 FLAG_GT: 0
INPUT_PORT:  []
OUT_PORT:  []
DATA_MEM:  [532, 248]
---------------------------------------
DEBUG    root:machine.py:309 JE 14
TICK: 25766 PC:   8 ADDR:   0 MEM_OUT: 532 ACC: 1 BUFF: 532 DC: 0 FLAG_ZERO: False FLAG_LT: 0 FLAG_GT: 1
INPUT_PORT:  []
OUT_PORT:  []
DATA_MEM:  [532, 248]
---------------------------------------
DEBUG    root:machine.py:309 LD 0
TICK: 25769 PC:   9 ADDR:   0 MEM_OUT: 532 ACC: 1 BUFF: 532 DC: 0 FLAG_ZERO: False FLAG_LT: 0 FLAG_GT: 1
INPUT_PORT:  []
OUT_PORT:  []
DATA_MEM:  [532, 248]
---------------------------------------
DEBUG    root:machine.py:309 MOD 5
TICK: 25773 PC:  10 ADDR:   0 MEM_OUT: 532 ACC: 532 BUFF: 532 DC: 0 FLAG_ZERO: False FLAG_LT: 0 FLAG_GT: 1
INPUT_PORT:  []
OUT_PORT:  []
DATA_MEM:  [532, 248]
---------------------------------------
DEBUG    root:machine.py:309 CMP 0
TICK: 25777 PC:  11 ADDR:   0 MEM_OUT: 532 ACC: 2 BUFF: 532 DC: 0 FLAG_ZERO: False FLAG_LT: 0 FLAG_GT: 1
INPUT_PORT:  []
OUT_PORT:  []
DATA_MEM:  [532, 248]
---------------------------------------
DEBUG    root:machine.py:309 JE 18
TICK: 25780 PC:  12 ADDR:   0 MEM_OUT: 532 ACC: 2 BUFF: 532 DC: 0 FLAG_ZERO: False FLAG_LT: 0 FLAG_GT: 1
INPUT_PORT:  []
OUT_PORT:  []
DATA_MEM:  [532, 248]
---------------------------------------
DEBUG    root:machine.py:309 JMP 0
TICK: 25783 PC:  13 ADDR:   0 MEM_OUT: 532 ACC: 2 BUFF: 532 DC: 0 FLAG_ZERO: False FLAG_LT: 0 FLAG_GT: 1
INPUT_PORT:  []
OUT_PORT:  []
DATA_MEM:  [532, 248]
---------------------------------------
DEBUG    root:machine.py:309 LD 0
TICK: 25786 PC:   0 ADDR:   0 MEM_OUT: 532 ACC: 2 BUFF: 532 DC: 0 FLAG_ZERO: False FLAG_LT: 0 FLAG_GT: 1
INPUT_PORT:  []
OUT_PORT:  []
DATA_MEM:  [532, 248]
---------------------------------------
DEBUG    root:machine.py:309 INC 
TICK: 25790 PC:   1 ADDR:   0 MEM_OUT: 532 ACC: 532 BUFF: 532 DC: 0 FLAG_ZERO: False FLAG_LT: 0 FLAG_GT: 1
INPUT_PORT:  []
OUT_PORT:  []
DATA_MEM:  [532, 248]
---------------------------------------
DEBUG    root:machine.py:309 ST 0
TICK: 25793 PC:   2 ADDR:   0 MEM_OUT: 532 ACC: 533 BUFF: 532 DC: 0 FLAG_ZERO: False FLAG_LT: 0 FLAG_GT: 1
INPUT_PORT:  []
OUT_PORT:  []
DATA_MEM:  [532, 248]
---------------------------------------
DEBUG    root:machine.py:309 CMP 1000
TICK: 25797 PC:   3 ADDR:   0 MEM_OUT: 533 ACC: 533 BUFF: 532 DC: 0 FLAG_ZERO: False FLAG_LT: 0 FLAG_GT: 1
INPUT_PORT:  []
OUT_PORT:  []
DATA_MEM:  [533, 248]
---------------------------------------
DEBUG    root:machine.py:309 JGE 22
TICK: 25800 PC:   4 ADDR:   0 MEM_OUT: 533 ACC: 533 BUFF: 532 DC: 0 FLAG_ZERO: False FLAG_LT: 1 FLAG_GT: 0
INPUT_PORT:  []
OUT_PORT:  []
DATA_MEM:  [533, 248]
---------------------------------------
DEBUG    root:machine.py:309 LD 0
TICK: 25803 PC:   5 ADDR:   0 MEM_OUT: 533 ACC: 533 BUFF: 532 DC: 0 FLAG_ZERO: False FLAG_LT: 1 FLAG_GT: 0
INPUT_PORT:  []
OUT_PORT:  []
DATA_MEM:  [533, 248]
---------------------------------------
DEBUG    root:machine.py:309 MOD 3
TICK: 25807 PC:   6 ADDR:   0 MEM_OUT: 533 ACC: 533 BUFF: 532 DC: 0 FLAG_ZERO: False FLAG_LT: 1 FLAG_GT: 0
INPUT_PORT:  []
OUT_PORT:  []
DATA_MEM:  [533, 248]
---------------------------------------
DEBUG    root:machine.py:309 CMP 0
TICK: 25811 PC:   7 ADDR:   0 MEM_OUT: 533 ACC: 2 BUFF: 533 DC: 0 FLAG_ZERO: False FLAG_LT: 1 FLAG_GT: 0
INPUT_PORT:  []
OUT_PORT:  []
DATA_MEM:  [533, 248]
---------------------------------------
DEBUG    root:machine.py:309 JE 14
TICK: 25814 PC:   8 ADDR:   0 MEM_OUT: 533 ACC: 2 BUFF: 533 DC: 0 FLAG_ZERO: False FLAG_LT: 0 FLAG_GT: 1
INPUT_PORT:  []
OUT_PORT:  []
DATA_MEM:  [533, 248]
---------------------------------------
DEBUG    root:machine.py:309 LD 0
TICK: 25817 PC:   9 ADDR:   0 MEM_OUT: 533 ACC: 2 BUFF: 533 DC: 0 FLAG_ZERO: False FLAG_LT: 0 FLAG_GT: 1
INPUT_PORT:  []
OUT_PORT:  []
DATA_MEM:  [533, 248]
---------------------------------------
DEBUG    root:machine.py:309 MOD 5
TICK: 25821 PC:  10 ADDR:   0 MEM_OUT: 533 ACC: 533 BUFF: 533 DC: 0 FLAG_ZERO: False FLAG_LT: 0 FLAG_GT: 1
INPUT_PORT:  []
OUT_PORT:  []
DATA_MEM:  [533, 248]
---------------------------------------
DEBUG    root:machine.py:309 CMP 0
TICK: 25825 PC:  11 ADDR:   0 MEM_OUT: 533 ACC: 3 BUFF: 533 DC: 0 FLAG_ZERO: False FLAG_LT: 0 FLAG_GT: 1
INPUT_PORT:  []
OUT_PORT:  []
DATA_MEM:  [533, 248]
---------------------------------------
DEBUG    root:machine.py:309 JE 18
TICK: 25828 PC:  12 ADDR:   0 MEM_OUT: 533 ACC: 3 BUFF: 533 DC: 0 FLAG_ZERO: False FLAG_LT: 0 FLAG_GT: 1
INPUT_PORT:  []
OUT_PORT:  []
DATA_MEM:  [533, 248]
---------------------------------------
DEBUG    root:machine.py:309 JMP 0
TICK: 25831 PC:  13 ADDR:   0 MEM_OUT: 533 ACC: 3 BUFF: 533 DC: 0 FLAG_ZERO: False FLAG_LT: 0 FLAG_GT: 1
INPUT_PORT:  []
OUT_PORT:  []
DATA_MEM:  [533, 248]
---------------------------------------
DEBUG    root:machine.py:309 LD 0
TICK: 25834 PC:   0 ADDR:   0 MEM_OUT: 533 ACC: 3 BUFF: 533 DC: 0 FLAG_ZERO: False FLAG_LT: 0 FLAG_GT: 1
INPUT_PORT:  []
OUT_PORT:  []
DATA_MEM:  [533, 248]
---------------------------------------
DEBUG    root:machine.py:309 INC 
TICK: 25838 PC:   1 ADDR:   0 MEM_OUT: 533 ACC: 533 BUFF: 533 DC: 0 FLAG_ZERO: False FLAG_LT: 0 FLAG_GT: 1
INPUT_PORT:  []
OUT_PORT:  []
DATA_MEM:  [533, 248]
---------------------------------------
DEBUG    root:machine.py:309 ST 0
TICK: 25841 PC:   2 ADDR:   0 MEM_OUT: 533 ACC: 534 BUFF: 533 DC: 0 FLAG_ZERO: False FLAG_LT: 0 FLAG_GT: 1
INPUT_PORT:  []
OUT_PORT:  []
DATA_MEM:  [533, 248]
---------------------------------------
DEBUG    root:machine.py:309 CMP 1000
TICK: 25845 PC:   3 ADDR:   0 MEM_OUT: 534 ACC: 534 BUFF: 533 DC: 0 FLAG_ZERO: False FLAG_LT: 0 FLAG_GT: 1
INPUT_PORT:  []
OUT_PORT:  []
DATA_MEM:  [534, 248]
---------------------------------------
DEBUG    root:machine.py:309 JGE 22
TICK: 25848 PC:   4 ADDR:   0 MEM_OUT: 534 ACC: 534 BUFF: 533 DC: 0 FLAG_ZERO: False FLAG_LT: 1 FLAG_GT: 0
INPUT_PORT:  []
OUT_PORT:  []
DATA_MEM:  [534, 248]
---------------------------------------
DEBUG    root:machine.py:309 LD 0
TICK: 25851 PC:   5 ADDR:   0 MEM_OUT: 534 ACC: 534 BUFF: 533 DC: 0 FLAG_ZERO: False FLAG_LT: 1 FLAG_GT: 0
INPUT_PORT:  []
OUT_PORT:  []
DATA_MEM:  [534, 248]
---------------------------------------
DEBUG    root:machine.py:309 MOD 3
TICK: 25855 PC:   6 ADDR:   0 MEM_OUT: 534 ACC: 534 BUFF: 533 DC: 0 FLAG_ZERO: False FLAG_LT: 1 FLAG_GT: 0
INPUT_PORT:  []
OUT_PORT:  []
DATA_MEM:  [534, 248]
---------------------------------------
DEBUG    root:machine.py:309 CMP 0
TICK: 25859 PC:   7 ADDR:   0 MEM_OUT: 534 ACC: 0 BUFF: 534 DC: 0 FLAG_ZERO: False FLAG_LT: 1 FLAG_GT: 0
INPUT_PORT:  []
OUT_PORT:  []
DATA_MEM:  [534, 248]
---------------------------------------
DEBUG    root:machine.py:309 JE 14
TICK: 25862 PC:   8 ADDR:   0 MEM_OUT: 534 ACC: 0 BUFF: 534 DC: 0 FLAG_ZERO: True FLAG_LT: 0 FLAG_GT: 0
INPUT_PORT:  []
OUT_PORT:  []
DATA_MEM:  [534, 248]
---------------------------------------
DEBUG    root:machine.py:309 LD 4
TICK: 25865 PC:  14 ADDR:   0 MEM_OUT: 534 ACC: 0 BUFF: 534 DC: 0 FLAG_ZERO: True FLAG_LT: 0 FLAG_GT: 0
INPUT_PORT:  []
OUT_PORT:  []
DATA_MEM:  [534, 248]
---------------------------------------
DEBUG    root:machine.py:309 INC 
TICK: 25869 PC:  15 ADDR:   1 MEM_OUT: 248 ACC: 248 BUFF: 534 DC: 0 FLAG_ZERO: True FLAG_LT: 0 FLAG_GT: 0
INPUT_PORT:  []
OUT_PORT:  []
DATA_MEM:  [534, 248]
---------------------------------------
DEBUG    root:machine.py:309 ST 4
TICK: 25872 PC:  16 ADDR:   1 MEM_OUT: 248 ACC: 249 BUFF: 534 DC: 0 FLAG_ZERO: True FLAG_LT: 0 FLAG_GT: 0
INPUT_PORT:  []
OUT_PORT:  []
DATA_MEM:  [534, 248]
---------------------------------------
DEBUG    root:machine.py:309 JMP 0
TICK: 25876 PC:  17 ADDR:   1 MEM_OUT: 249 ACC: 249 BUFF: 534 DC: 0 FLAG_ZERO: True FLAG_LT: 0 FLAG_GT: 0
INPUT_PORT:  []
OUT_PORT:  []
DATA_MEM:  [534, 249]
---------------------------------------
DEBUG    root:machine.py:309 LD 0
TICK: 25879 PC:   0 ADDR:   1 MEM_OUT: 249 ACC: 249 BUFF: 534 DC: 0 FLAG_ZERO: True FLAG_LT: 0 FLAG_GT: 0
INPUT_PORT:  []
OUT_PORT:  []
DATA_MEM:  [534, 249]
---------------------------------------
DEBUG    root:machine.py:309 INC 
TICK: 25883 PC:   1 ADDR:   0 MEM_OUT: 534 ACC: 534 BUFF: 534 DC: 0 FLAG_ZERO: True FLAG_LT: 0 FLAG_GT: 0
INPUT_PORT:  []
OUT_PORT:  []
DATA_MEM:  [534, 249]
---------------------------------------
DEBUG    root:machine.py:309 ST 0
TICK: 25886 PC:   2 ADDR:   0 MEM_OUT: 534 ACC: 535 BUFF: 534 DC: 0 FLAG_ZERO: True FLAG_LT: 0 FLAG_GT: 0
INPUT_PORT:  []
OUT_PORT:  []
DATA_MEM:  [534, 249]
---------------------------------------
DEBUG    root:machine.py:309 CMP 1000
TICK: 25890 PC:   3 ADDR:   0 MEM_OUT: 535 ACC: 535 BUFF: 534 DC: 0 FLAG_ZERO: True FLAG_LT: 0 FLAG_GT: 0
INPUT_PORT:  []
OUT_PORT:  []
DATA_MEM:  [535, 249]
---------------------------------------
DEBUG    root:machine.py:309 JGE 22
TICK: 25893 PC:   4 ADDR:   0 MEM_OUT: 535 ACC: 535 BUFF: 534 DC: 0 FLAG_ZERO: False FLAG_LT: 1 FLAG_GT: 0
INPUT_PORT:  []
OUT_PORT:  []
DATA_MEM:  [535, 249]
---------------------------------------
DEBUG    root:machine.py:309 LD 0
TICK: 25896 PC:   5 ADDR:   0 MEM_OUT: 535 ACC: 535 BUFF: 534 DC: 0 FLAG_ZERO: False FLAG_LT: 1 FLAG_GT: 0
INPUT_PORT:  []
OUT_PORT:  []
DATA_MEM:  [535, 249]
---------------------------------------
DEBUG    root:machine.py:309 MOD 3
TICK: 25900 PC:   6 ADDR:   0 MEM_OUT: 535 ACC: 535 BUFF: 534 DC: 0 FLAG_ZERO: False FLAG_LT: 1 FLAG_GT: 0
INPUT_PORT:  []
OUT_PORT:  []
DATA_MEM:  [535, 249]
---------------------------------------
DEBUG    root:machine.py:309 CMP 0
TICK: 25904 PC:   7 ADDR:   0 MEM_OUT: 535 ACC: 1 BUFF: 535 DC: 0 FLAG_ZERO: False FLAG_LT: 1 FLAG_GT: 0
INPUT_PORT:  []
OUT_PORT:  []
DATA_MEM:  [535, 249]
---------------------------------------
DEBUG    root:machine.py:309 JE 14
TICK: 25907 PC:   8 ADDR:   0 MEM_OUT: 535 ACC: 1 BUFF: 535 DC: 0 FLAG_ZERO: False FLAG_LT: 0 FLAG_GT: 1
INPUT_PORT:  []
OUT_PORT:  []
DATA_MEM:  [535, 249]
---------------------------------------
DEBUG    root:machine.py:309 LD 0
TICK: 25910 PC:   9 ADDR:   0 MEM_OUT: 535 ACC: 1 BUFF: 535 DC: 0 FLAG_ZERO: False FLAG_LT: 0 FLAG_GT: 1
INPUT_PORT:  []
OUT_PORT:  []
DATA_MEM:  [535, 249]
---------------------------------------
DEBUG    root:machine.py:309 MOD 5
TICK: 25914 PC:  10 ADDR:   0 MEM_OUT: 535 ACC: 535 BUFF: 535 DC: 0 FLAG_ZERO: False FLAG_LT: 0 FLAG_GT: 1
INPUT_PORT:  []
OUT_PORT:  []
DATA_MEM:  [535, 249]
---------------------------------------
DEBUG    root:machine.py:309 CMP 0
TICK: 25918 PC:  11 ADDR:   0 MEM_OUT: 535 ACC: 0 BUFF: 535 DC: 0 FLAG_ZERO: False FLAG_LT: 0 FLAG_GT: 1
INPUT_PORT:  []
OUT_PORT:  []
DATA_MEM:  [535, 249]
---------------------------------------
DEBUG    root:machine.py:309 JE 18
TICK: 25921 PC:  12 ADDR:   0 MEM_OUT: 535 ACC: 0 BUFF: 535 DC: 0 FLAG_ZERO: True FLAG_LT: 0 FLAG_GT: 0
INPUT_PORT:  []
OUT_PORT:  []
DATA_MEM:  [535, 249]
---------------------------------------
DEBUG    root:machine.py:309 LD 4
TICK: 25924 PC:  18 ADDR:   0 MEM_OUT: 535 ACC: 0 BUFF: 535 DC: 0 FLAG_ZERO: True FLAG_LT: 0 FLAG_GT: 0
INPUT_PORT:  []
OUT_PORT:  []
DATA_MEM:  [535, 249]
---------------------------------------
DEBUG    root:machine.py:309 INC 
TICK: 25928 PC:  19 ADDR:   1 MEM_OUT: 249 ACC: 249 BUFF: 535 DC: 0 FLAG_ZERO: True FLAG_LT: 0 FLAG_GT: 0
INPUT_PORT:  []
OUT_PORT:  []
DATA_MEM:  [535, 249]
---------------------------------------
DEBUG    root:machine.py:309 ST 4
TICK: 25931 PC:  20 ADDR:   1 MEM_OUT: 249 ACC: 250 BUFF: 535 DC: 0 FLAG_ZERO: True FLAG_LT: 0 FLAG_GT: 0
INPUT_PORT:  []
OUT_PORT:  []
DATA_MEM:  [535, 249]
---------------------------------------
DEBUG    root:machine.py:309 JMP 0
TICK: 25935 PC:  21 ADDR:   1 MEM_OUT: 250 ACC: 250 BUFF: 535 DC: 0 FLAG_ZERO: True FLAG_LT: 0 FLAG_GT: 0
INPUT_PORT:  []
OUT_PORT:  []
DATA_MEM:  [535, 250]
---------------------------------------
DEBUG    root:machine.py:309 LD 0
TICK: 25938 PC:   0 ADDR:   1 MEM_OUT: 250 ACC: 250 BUFF: 535 DC: 0 FLAG_ZERO: True FLAG_LT: 0 FLAG_GT: 0
INPUT_PORT:  []
OUT_PORT:  []
DATA_MEM:  [535, 250]
---------------------------------------
DEBUG    root:machine.py:309 INC 
TICK: 25942 PC:   1 ADDR:   0 MEM_OUT: 535 ACC: 535 BUFF: 535 DC: 0 FLAG_ZERO: True FLAG_LT: 0 FLAG_GT: 0
INPUT_PORT:  []
OUT_PORT:  []
DATA_MEM:  [535, 250]
---------------------------------------
DEBUG    root:machine.py:309 ST 0
TICK: 25945 PC:   2 ADDR:   0 MEM_OUT: 535 ACC: 536 BUFF: 535 DC: 0 FLAG_ZERO: True FLAG_LT: 0 FLAG_GT: 0
INPUT_PORT:  []
OUT_PORT:  []
DATA_MEM:  [535, 250]
---------------------------------------
DEBUG    root:machine.py:309 CMP 1000
TICK: 25949 PC:   3 ADDR:   0 MEM_OUT: 536 ACC: 536 BUFF: 535 DC: 0 FLAG_ZERO: True FLAG_LT: 0 FLAG_GT: 0
INPUT_PORT:  []
OUT_PORT:  []
DATA_MEM:  [536, 250]
---------------------------------------
DEBUG    root:machine.py:309 JGE 22
TICK: 25952 PC:   4 ADDR:   0 MEM_OUT: 536 ACC: 536 BUFF: 535 DC: 0 FLAG_ZERO: False FLAG_LT: 1 FLAG_GT: 0
INPUT_PORT:  []
OUT_PORT:  []
DATA_MEM:  [536, 250]
---------------------------------------
DEBUG    root:machine.py:309 LD 0
TICK: 25955 PC:   5 ADDR:   0 MEM_OUT: 536 ACC: 536 BUFF: 535 DC: 0 FLAG_ZERO: False FLAG_LT: 1 FLAG_GT: 0
INPUT_PORT:  []
OUT_PORT:  []
DATA_MEM:  [536, 250]
---------------------------------------
DEBUG    root:machine.py:309 MOD 3
TICK: 25959 PC:   6 ADDR:   0 MEM_OUT: 536 ACC: 536 BUFF: 535 DC: 0 FLAG_ZERO: False FLAG_LT: 1 FLAG_GT: 0
INPUT_PORT:  []
OUT_PORT:  []
DATA_MEM:  [536, 250]
---------------------------------------
DEBUG    root:machine.py:309 CMP 0
TICK: 25963 PC:   7 ADDR:   0 MEM_OUT: 536 ACC: 2 BUFF: 536 DC: 0 FLAG_ZERO: False FLAG_LT: 1 FLAG_GT: 0
INPUT_PORT:  []
OUT_PORT:  []
DATA_MEM:  [536, 250]
---------------------------------------
DEBUG    root:machine.py:309 JE 14
TICK: 25966 PC:   8 ADDR:   0 MEM_OUT: 536 ACC: 2 BUFF: 536 DC: 0 FLAG_ZERO: False FLAG_LT: 0 FLAG_GT: 1
INPUT_PORT:  []
OUT_PORT:  []
DATA_MEM:  [536, 250]
---------------------------------------
DEBUG    root:machine.py:309 LD 0
TICK: 25969 PC:   9 ADDR:   0 MEM_OUT: 536 ACC: 2 BUFF: 536 DC: 0 FLAG_ZERO: False FLAG_LT: 0 FLAG_GT: 1
INPUT_PORT:  []
OUT_PORT:  []
DATA_MEM:  [536, 250]
---------------------------------------
DEBUG    root:machine.py:309 MOD 5
TICK: 25973 PC:  10 ADDR:   0 MEM_OUT: 536 ACC: 536 BUFF: 536 DC: 0 FLAG_ZERO: False FLAG_LT: 0 FLAG_GT: 1
INPUT_PORT:  []
OUT_PORT:  []
DATA_MEM:  [536, 250]
---------------------------------------
DEBUG    root:machine.py:309 CMP 0
TICK: 25977 PC:  11 ADDR:   0 MEM_OUT: 536 ACC: 1 BUFF: 536 DC: 0 FLAG_ZERO: False FLAG_LT: 0 FLAG_GT: 1
INPUT_PORT:  []
OUT_PORT:  []
DATA_MEM:  [536, 250]
---------------------------------------
DEBUG    root:machine.py:309 JE 18
TICK: 25980 PC:  12 ADDR:   0 MEM_OUT: 536 ACC: 1 BUFF: 536 DC: 0 FLAG_ZERO: False FLAG_LT: 0 FLAG_GT: 1
INPUT_PORT:  []
OUT_PORT:  []
DATA_MEM:  [536, 250]
---------------------------------------
DEBUG    root:machine.py:309 JMP 0
TICK: 25983 PC:  13 ADDR:   0 MEM_OUT: 536 ACC: 1 BUFF: 536 DC: 0 FLAG_ZERO: False FLAG_LT: 0 FLAG_GT: 1
INPUT_PORT:  []
OUT_PORT:  []
DATA_MEM:  [536, 250]
---------------------------------------
DEBUG    root:machine.py:309 LD 0
TICK: 25986 PC:   0 ADDR:   0 MEM_OUT: 536 ACC: 1 BUFF: 536 DC: 0 FLAG_ZERO: False FLAG_LT: 0 FLAG_GT: 1
INPUT_PORT:  []
OUT_PORT:  []
DATA_MEM:  [536, 250]
---------------------------------------
DEBUG    root:machine.py:309 INC 
TICK: 25990 PC:   1 ADDR:   0 MEM_OUT: 536 ACC: 536 BUFF: 536 DC: 0 FLAG_ZERO: False FLAG_LT: 0 FLAG_GT: 1
INPUT_PORT:  []
OUT_PORT:  []
DATA_MEM:  [536, 250]
---------------------------------------
DEBUG    root:machine.py:309 ST 0
TICK: 25993 PC:   2 ADDR:   0 MEM_OUT: 536 ACC: 537 BUFF: 536 DC: 0 FLAG_ZERO: False FLAG_LT: 0 FLAG_GT: 1
INPUT_PORT:  []
OUT_PORT:  []
DATA_MEM:  [536, 250]
---------------------------------------
DEBUG    root:machine.py:309 CMP 1000
TICK: 25997 PC:   3 ADDR:   0 MEM_OUT: 537 ACC: 537 BUFF: 536 DC: 0 FLAG_ZERO: False FLAG_LT: 0 FLAG_GT: 1
INPUT_PORT:  []
OUT_PORT:  []
DATA_MEM:  [537, 250]
---------------------------------------
DEBUG    root:machine.py:309 JGE 22
TICK: 26000 PC:   4 ADDR:   0 MEM_OUT: 537 ACC: 537 BUFF: 536 DC: 0 FLAG_ZERO: False FLAG_LT: 1 FLAG_GT: 0
INPUT_PORT:  []
OUT_PORT:  []
DATA_MEM:  [537, 250]
---------------------------------------
DEBUG    root:machine.py:309 LD 0
TICK: 26003 PC:   5 ADDR:   0 MEM_OUT: 537 ACC: 537 BUFF: 536 DC: 0 FLAG_ZERO: False FLAG_LT: 1 FLAG_GT: 0
INPUT_PORT:  []
OUT_PORT:  []
DATA_MEM:  [537, 250]
---------------------------------------
DEBUG    root:machine.py:309 MOD 3
TICK: 26007 PC:   6 ADDR:   0 MEM_OUT: 537 ACC: 537 BUFF: 536 DC: 0 FLAG_ZERO: False FLAG_LT: 1 FLAG_GT: 0
INPUT_PORT:  []
OUT_PORT:  []
DATA_MEM:  [537, 250]
---------------------------------------
DEBUG    root:machine.py:309 CMP 0
TICK: 26011 PC:   7 ADDR:   0 MEM_OUT: 537 ACC: 0 BUFF: 537 DC: 0 FLAG_ZERO: False FLAG_LT: 1 FLAG_GT: 0
INPUT_PORT:  []
OUT_PORT:  []
DATA_MEM:  [537, 250]
---------------------------------------
DEBUG    root:machine.py:309 JE 14
TICK: 26014 PC:   8 ADDR:   0 MEM_OUT: 537 ACC: 0 BUFF: 537 DC: 0 FLAG_ZERO: True FLAG_LT: 0 FLAG_GT: 0
INPUT_PORT:  []
OUT_PORT:  []
DATA_MEM:  [537, 250]
---------------------------------------
DEBUG    root:machine.py:309 LD 4
TICK: 26017 PC:  14 ADDR:   0 MEM_OUT: 537 ACC: 0 BUFF: 537 DC: 0 FLAG_ZERO: True FLAG_LT: 0 FLAG_GT: 0
INPUT_PORT:  []
OUT_PORT:  []
DATA_MEM:  [537, 250]
---------------------------------------
DEBUG    root:machine.py:309 INC 
TICK: 26021 PC:  15 ADDR:   1 MEM_OUT: 250 ACC: 250 BUFF: 537 DC: 0 FLAG_ZERO: True FLAG_LT: 0 FLAG_GT: 0
INPUT_PORT:  []
OUT_PORT:  []
DATA_MEM:  [537, 250]
---------------------------------------
DEBUG    root:machine.py:309 ST 4
TICK: 26024 PC:  16 ADDR:   1 MEM_OUT: 250 ACC: 251 BUFF: 537 DC: 0 FLAG_ZERO: True FLAG_LT: 0 FLAG_GT: 0
INPUT_PORT:  []
OUT_PORT:  []
DATA_MEM:  [537, 250]
---------------------------------------
DEBUG    root:machine.py:309 JMP 0
TICK: 26028 PC:  17 ADDR:   1 MEM_OUT: 251 ACC: 251 BUFF: 537 DC: 0 FLAG_ZERO: True FLAG_LT: 0 FLAG_GT: 0
INPUT_PORT:  []
OUT_PORT:  []
DATA_MEM:  [537, 251]
---------------------------------------
DEBUG    root:machine.py:309 LD 0
TICK: 26031 PC:   0 ADDR:   1 MEM_OUT: 251 ACC: 251 BUFF: 537 DC: 0 FLAG_ZERO: True FLAG_LT: 0 FLAG_GT: 0
INPUT_PORT:  []
OUT_PORT:  []
DATA_MEM:  [537, 251]
---------------------------------------
DEBUG    root:machine.py:309 INC 
TICK: 26035 PC:   1 ADDR:   0 MEM_OUT: 537 ACC: 537 BUFF: 537 DC: 0 FLAG_ZERO: True FLAG_LT: 0 FLAG_GT: 0
INPUT_PORT:  []
OUT_PORT:  []
DATA_MEM:  [537, 251]
---------------------------------------
DEBUG    root:machine.py:309 ST 0
TICK: 26038 PC:   2 ADDR:   0 MEM_OUT: 537 ACC: 538 BUFF: 537 DC: 0 FLAG_ZERO: True FLAG_LT: 0 FLAG_GT: 0
INPUT_PORT:  []
OUT_PORT:  []
DATA_MEM:  [537, 251]
---------------------------------------
DEBUG    root:machine.py:309 CMP 1000
TICK: 26042 PC:   3 ADDR:   0 MEM_OUT: 538 ACC: 538 BUFF: 537 DC: 0 FLAG_ZERO: True FLAG_LT: 0 FLAG_GT: 0
INPUT_PORT:  []
OUT_PORT:  []
DATA_MEM:  [538, 251]
---------------------------------------
DEBUG    root:machine.py:309 JGE 22
TICK: 26045 PC:   4 ADDR:   0 MEM_OUT: 538 ACC: 538 BUFF: 537 DC: 0 FLAG_ZERO: False FLAG_LT: 1 FLAG_GT: 0
INPUT_PORT:  []
OUT_PORT:  []
DATA_MEM:  [538, 251]
---------------------------------------
DEBUG    root:machine.py:309 LD 0
TICK: 26048 PC:   5 ADDR:   0 MEM_OUT: 538 ACC: 538 BUFF: 537 DC: 0 FLAG_ZERO: False FLAG_LT: 1 FLAG_GT: 0
INPUT_PORT:  []
OUT_PORT:  []
DATA_MEM:  [538, 251]
---------------------------------------
DEBUG    root:machine.py:309 MOD 3
TICK: 26052 PC:   6 ADDR:   0 MEM_OUT: 538 ACC: 538 BUFF: 537 DC: 0 FLAG_ZERO: False FLAG_LT: 1 FLAG_GT: 0
INPUT_PORT:  []
OUT_PORT:  []
DATA_MEM:  [538, 251]
---------------------------------------
DEBUG    root:machine.py:309 CMP 0
TICK: 26056 PC:   7 ADDR:   0 MEM_OUT: 538 ACC: 1 BUFF: 538 DC: 0 FLAG_ZERO: False FLAG_LT: 1 FLAG_GT: 0
INPUT_PORT:  []
OUT_PORT:  []
DATA_MEM:  [538, 251]
---------------------------------------
DEBUG    root:machine.py:309 JE 14
TICK: 26059 PC:   8 ADDR:   0 MEM_OUT: 538 ACC: 1 BUFF: 538 DC: 0 FLAG_ZERO: False FLAG_LT: 0 FLAG_GT: 1
INPUT_PORT:  []
OUT_PORT:  []
DATA_MEM:  [538, 251]
---------------------------------------
DEBUG    root:machine.py:309 LD 0
TICK: 26062 PC:   9 ADDR:   0 MEM_OUT: 538 ACC: 1 BUFF: 538 DC: 0 FLAG_ZERO: False FLAG_LT: 0 FLAG_GT: 1
INPUT_PORT:  []
OUT_PORT:  []
DATA_MEM:  [538, 251]
---------------------------------------
DEBUG    root:machine.py:309 MOD 5
TICK: 26066 PC:  10 ADDR:   0 MEM_OUT: 538 ACC: 538 BUFF: 538 DC: 0 FLAG_ZERO: False FLAG_LT: 0 FLAG_GT: 1
INPUT_PORT:  []
OUT_PORT:  []
DATA_MEM:  [538, 251]
---------------------------------------
DEBUG    root:machine.py:309 CMP 0
TICK: 26070 PC:  11 ADDR:   0 MEM_OUT: 538 ACC: 3 BUFF: 538 DC: 0 FLAG_ZERO: False FLAG_LT: 0 FLAG_GT: 1
INPUT_PORT:  []
OUT_PORT:  []
DATA_MEM:  [538, 251]
---------------------------------------
DEBUG    root:machine.py:309 JE 18
TICK: 26073 PC:  12 ADDR:   0 MEM_OUT: 538 ACC: 3 BUFF: 538 DC: 0 FLAG_ZERO: False FLAG_LT: 0 FLAG_GT: 1
INPUT_PORT:  []
OUT_PORT:  []
DATA_MEM:  [538, 251]
---------------------------------------
DEBUG    root:machine.py:309 JMP 0
TICK: 26076 PC:  13 ADDR:   0 MEM_OUT: 538 ACC: 3 BUFF: 538 DC: 0 FLAG_ZERO: False FLAG_LT: 0 FLAG_GT: 1
INPUT_PORT:  []
OUT_PORT:  []
DATA_MEM:  [538, 251]
---------------------------------------
DEBUG    root:machine.py:309 LD 0
TICK: 26079 PC:   0 ADDR:   0 MEM_OUT: 538 ACC: 3 BUFF: 538 DC: 0 FLAG_ZERO: False FLAG_LT: 0 FLAG_GT: 1
INPUT_PORT:  []
OUT_PORT:  []
DATA_MEM:  [538, 251]
---------------------------------------
DEBUG    root:machine.py:309 INC 
TICK: 26083 PC:   1 ADDR:   0 MEM_OUT: 538 ACC: 538 BUFF: 538 DC: 0 FLAG_ZERO: False FLAG_LT: 0 FLAG_GT: 1
INPUT_PORT:  []
OUT_PORT:  []
DATA_MEM:  [538, 251]
---------------------------------------
DEBUG    root:machine.py:309 ST 0
TICK: 26086 PC:   2 ADDR:   0 MEM_OUT: 538 ACC: 539 BUFF: 538 DC: 0 FLAG_ZERO: False FLAG_LT: 0 FLAG_GT: 1
INPUT_PORT:  []
OUT_PORT:  []
DATA_MEM:  [538, 251]
---------------------------------------
DEBUG    root:machine.py:309 CMP 1000
TICK: 26090 PC:   3 ADDR:   0 MEM_OUT: 539 ACC: 539 BUFF: 538 DC: 0 FLAG_ZERO: False FLAG_LT: 0 FLAG_GT: 1
INPUT_PORT:  []
OUT_PORT:  []
DATA_MEM:  [539, 251]
---------------------------------------
DEBUG    root:machine.py:309 JGE 22
TICK: 26093 PC:   4 ADDR:   0 MEM_OUT: 539 ACC: 539 BUFF: 538 DC: 0 FLAG_ZERO: False FLAG_LT: 1 FLAG_GT: 0
INPUT_PORT:  []
OUT_PORT:  []
DATA_MEM:  [539, 251]
---------------------------------------
DEBUG    root:machine.py:309 LD 0
TICK: 26096 PC:   5 ADDR:   0 MEM_OUT: 539 ACC: 539 BUFF: 538 DC: 0 FLAG_ZERO: False FLAG_LT: 1 FLAG_GT: 0
INPUT_PORT:  []
OUT_PORT:  []
DATA_MEM:  [539, 251]
---------------------------------------
DEBUG    root:machine.py:309 MOD 3
TICK: 26100 PC:   6 ADDR:   0 MEM_OUT: 539 ACC: 539 BUFF: 538 DC: 0 FLAG_ZERO: False FLAG_LT: 1 FLAG_GT: 0
INPUT_PORT:  []
OUT_PORT:  []
DATA_MEM:  [539, 251]
---------------------------------------
DEBUG    root:machine.py:309 CMP 0
TICK: 26104 PC:   7 ADDR:   0 MEM_OUT: 539 ACC: 2 BUFF: 539 DC: 0 FLAG_ZERO: False FLAG_LT: 1 FLAG_GT: 0
INPUT_PORT:  []
OUT_PORT:  []
DATA_MEM:  [539, 251]
---------------------------------------
DEBUG    root:machine.py:309 JE 14
TICK: 26107 PC:   8 ADDR:   0 MEM_OUT: 539 ACC: 2 BUFF: 539 DC: 0 FLAG_ZERO: False FLAG_LT: 0 FLAG_GT: 1
INPUT_PORT:  []
OUT_PORT:  []
DATA_MEM:  [539, 251]
---------------------------------------
DEBUG    root:machine.py:309 LD 0
TICK: 26110 PC:   9 ADDR:   0 MEM_OUT: 539 ACC: 2 BUFF: 539 DC: 0 FLAG_ZERO: False FLAG_LT: 0 FLAG_GT: 1
INPUT_PORT:  []
OUT_PORT:  []
DATA_MEM:  [539, 251]
---------------------------------------
DEBUG    root:machine.py:309 MOD 5
TICK: 26114 PC:  10 ADDR:   0 MEM_OUT: 539 ACC: 539 BUFF: 539 DC: 0 FLAG_ZERO: False FLAG_LT: 0 FLAG_GT: 1
INPUT_PORT:  []
OUT_PORT:  []
DATA_MEM:  [539, 251]
---------------------------------------
DEBUG    root:machine.py:309 CMP 0
TICK: 26118 PC:  11 ADDR:   0 MEM_OUT: 539 ACC: 4 BUFF: 539 DC: 0 FLAG_ZERO: False FLAG_LT: 0 FLAG_GT: 1
INPUT_PORT:  []
OUT_PORT:  []
DATA_MEM:  [539, 251]
---------------------------------------
DEBUG    root:machine.py:309 JE 18
TICK: 26121 PC:  12 ADDR:   0 MEM_OUT: 539 ACC: 4 BUFF: 539 DC: 0 FLAG_ZERO: False FLAG_LT: 0 FLAG_GT: 1
INPUT_PORT:  []
OUT_PORT:  []
DATA_MEM:  [539, 251]
---------------------------------------
DEBUG    root:machine.py:309 JMP 0
TICK: 26124 PC:  13 ADDR:   0 MEM_OUT: 539 ACC: 4 BUFF: 539 DC: 0 FLAG_ZERO: False FLAG_LT: 0 FLAG_GT: 1
INPUT_PORT:  []
OUT_PORT:  []
DATA_MEM:  [539, 251]
---------------------------------------
DEBUG    root:machine.py:309 LD 0
TICK: 26127 PC:   0 ADDR:   0 MEM_OUT: 539 ACC: 4 BUFF: 539 DC: 0 FLAG_ZERO: False FLAG_LT: 0 FLAG_GT: 1
INPUT_PORT:  []
OUT_PORT:  []
DATA_MEM:  [539, 251]
---------------------------------------
DEBUG    root:machine.py:309 INC 
TICK: 26131 PC:   1 ADDR:   0 MEM_OUT: 539 ACC: 539 BUFF: 539 DC: 0 FLAG_ZERO: False FLAG_LT: 0 FLAG_GT: 1
INPUT_PORT:  []
OUT_PORT:  []
DATA_MEM:  [539, 251]
---------------------------------------
DEBUG    root:machine.py:309 ST 0
TICK: 26134 PC:   2 ADDR:   0 MEM_OUT: 539 ACC: 540 BUFF: 539 DC: 0 FLAG_ZERO: False FLAG_LT: 0 FLAG_GT: 1
INPUT_PORT:  []
OUT_PORT:  []
DATA_MEM:  [539, 251]
---------------------------------------
DEBUG    root:machine.py:309 CMP 1000
TICK: 26138 PC:   3 ADDR:   0 MEM_OUT: 540 ACC: 540 BUFF: 539 DC: 0 FLAG_ZERO: False FLAG_LT: 0 FLAG_GT: 1
INPUT_PORT:  []
OUT_PORT:  []
DATA_MEM:  [540, 251]
---------------------------------------
DEBUG    root:machine.py:309 JGE 22
TICK: 26141 PC:   4 ADDR:   0 MEM_OUT: 540 ACC: 540 BUFF: 539 DC: 0 FLAG_ZERO: False FLAG_LT: 1 FLAG_GT: 0
INPUT_PORT:  []
OUT_PORT:  []
DATA_MEM:  [540, 251]
---------------------------------------
DEBUG    root:machine.py:309 LD 0
TICK: 26144 PC:   5 ADDR:   0 MEM_OUT: 540 ACC: 540 BUFF: 539 DC: 0 FLAG_ZERO: False FLAG_LT: 1 FLAG_GT: 0
INPUT_PORT:  []
OUT_PORT:  []
DATA_MEM:  [540, 251]
---------------------------------------
DEBUG    root:machine.py:309 MOD 3
TICK: 26148 PC:   6 ADDR:   0 MEM_OUT: 540 ACC: 540 BUFF: 539 DC: 0 FLAG_ZERO: False FLAG_LT: 1 FLAG_GT: 0
INPUT_PORT:  []
OUT_PORT:  []
DATA_MEM:  [540, 251]
---------------------------------------
DEBUG    root:machine.py:309 CMP 0
TICK: 26152 PC:   7 ADDR:   0 MEM_OUT: 540 ACC: 0 BUFF: 540 DC: 0 FLAG_ZERO: False FLAG_LT: 1 FLAG_GT: 0
INPUT_PORT:  []
OUT_PORT:  []
DATA_MEM:  [540, 251]
---------------------------------------
DEBUG    root:machine.py:309 JE 14
TICK: 26155 PC:   8 ADDR:   0 MEM_OUT: 540 ACC: 0 BUFF: 540 DC: 0 FLAG_ZERO: True FLAG_LT: 0 FLAG_GT: 0
INPUT_PORT:  []
OUT_PORT:  []
DATA_MEM:  [540, 251]
---------------------------------------
DEBUG    root:machine.py:309 LD 4
TICK: 26158 PC:  14 ADDR:   0 MEM_OUT: 540 ACC: 0 BUFF: 540 DC: 0 FLAG_ZERO: True FLAG_LT: 0 FLAG_GT: 0
INPUT_PORT:  []
OUT_PORT:  []
DATA_MEM:  [540, 251]
---------------------------------------
DEBUG    root:machine.py:309 INC 
TICK: 26162 PC:  15 ADDR:   1 MEM_OUT: 251 ACC: 251 BUFF: 540 DC: 0 FLAG_ZERO: True FLAG_LT: 0 FLAG_GT: 0
INPUT_PORT:  []
OUT_PORT:  []
DATA_MEM:  [540, 251]
---------------------------------------
DEBUG    root:machine.py:309 ST 4
TICK: 26165 PC:  16 ADDR:   1 MEM_OUT: 251 ACC: 252 BUFF: 540 DC: 0 FLAG_ZERO: True FLAG_LT: 0 FLAG_GT: 0
INPUT_PORT:  []
OUT_PORT:  []
DATA_MEM:  [540, 251]
---------------------------------------
DEBUG    root:machine.py:309 JMP 0
TICK: 26169 PC:  17 ADDR:   1 MEM_OUT: 252 ACC: 252 BUFF: 540 DC: 0 FLAG_ZERO: True FLAG_LT: 0 FLAG_GT: 0
INPUT_PORT:  []
OUT_PORT:  []
DATA_MEM:  [540, 252]
---------------------------------------
DEBUG    root:machine.py:309 LD 0
TICK: 26172 PC:   0 ADDR:   1 MEM_OUT: 252 ACC: 252 BUFF: 540 DC: 0 FLAG_ZERO: True FLAG_LT: 0 FLAG_GT: 0
INPUT_PORT:  []
OUT_PORT:  []
DATA_MEM:  [540, 252]
---------------------------------------
DEBUG    root:machine.py:309 INC 
TICK: 26176 PC:   1 ADDR:   0 MEM_OUT: 540 ACC: 540 BUFF: 540 DC: 0 FLAG_ZERO: True FLAG_LT: 0 FLAG_GT: 0
INPUT_PORT:  []
OUT_PORT:  []
DATA_MEM:  [540, 252]
---------------------------------------
DEBUG    root:machine.py:309 ST 0
TICK: 26179 PC:   2 ADDR:   0 MEM_OUT: 540 ACC: 541 BUFF: 540 DC: 0 FLAG_ZERO: True FLAG_LT: 0 FLAG_GT: 0
INPUT_PORT:  []
OUT_PORT:  []
DATA_MEM:  [540, 252]
---------------------------------------
DEBUG    root:machine.py:309 CMP 1000
TICK: 26183 PC:   3 ADDR:   0 MEM_OUT: 541 ACC: 541 BUFF: 540 DC: 0 FLAG_ZERO: True FLAG_LT: 0 FLAG_GT: 0
INPUT_PORT:  []
OUT_PORT:  []
DATA_MEM:  [541, 252]
---------------------------------------
DEBUG    root:machine.py:309 JGE 22
TICK: 26186 PC:   4 ADDR:   0 MEM_OUT: 541 ACC: 541 BUFF: 540 DC: 0 FLAG_ZERO: False FLAG_LT: 1 FLAG_GT: 0
INPUT_PORT:  []
OUT_PORT:  []
DATA_MEM:  [541, 252]
---------------------------------------
DEBUG    root:machine.py:309 LD 0
TICK: 26189 PC:   5 ADDR:   0 MEM_OUT: 541 ACC: 541 BUFF: 540 DC: 0 FLAG_ZERO: False FLAG_LT: 1 FLAG_GT: 0
INPUT_PORT:  []
OUT_PORT:  []
DATA_MEM:  [541, 252]
---------------------------------------
DEBUG    root:machine.py:309 MOD 3
TICK: 26193 PC:   6 ADDR:   0 MEM_OUT: 541 ACC: 541 BUFF: 540 DC: 0 FLAG_ZERO: False FLAG_LT: 1 FLAG_GT: 0
INPUT_PORT:  []
OUT_PORT:  []
DATA_MEM:  [541, 252]
---------------------------------------
DEBUG    root:machine.py:309 CMP 0
TICK: 26197 PC:   7 ADDR:   0 MEM_OUT: 541 ACC: 1 BUFF: 541 DC: 0 FLAG_ZERO: False FLAG_LT: 1 FLAG_GT: 0
INPUT_PORT:  []
OUT_PORT:  []
DATA_MEM:  [541, 252]
---------------------------------------
DEBUG    root:machine.py:309 JE 14
TICK: 26200 PC:   8 ADDR:   0 MEM_OUT: 541 ACC: 1 BUFF: 541 DC: 0 FLAG_ZERO: False FLAG_LT: 0 FLAG_GT: 1
INPUT_PORT:  []
OUT_PORT:  []
DATA_MEM:  [541, 252]
---------------------------------------
DEBUG    root:machine.py:309 LD 0
TICK: 26203 PC:   9 ADDR:   0 MEM_OUT: 541 ACC: 1 BUFF: 541 DC: 0 FLAG_ZERO: False FLAG_LT: 0 FLAG_GT: 1
INPUT_PORT:  []
OUT_PORT:  []
DATA_MEM:  [541, 252]
---------------------------------------
DEBUG    root:machine.py:309 MOD 5
TICK: 26207 PC:  10 ADDR:   0 MEM_OUT: 541 ACC: 541 BUFF: 541 DC: 0 FLAG_ZERO: False FLAG_LT: 0 FLAG_GT: 1
INPUT_PORT:  []
OUT_PORT:  []
DATA_MEM:  [541, 252]
---------------------------------------
DEBUG    root:machine.py:309 CMP 0
TICK: 26211 PC:  11 ADDR:   0 MEM_OUT: 541 ACC: 1 BUFF: 541 DC: 0 FLAG_ZERO: False FLAG_LT: 0 FLAG_GT: 1
INPUT_PORT:  []
OUT_PORT:  []
DATA_MEM:  [541, 252]
---------------------------------------
DEBUG    root:machine.py:309 JE 18
TICK: 26214 PC:  12 ADDR:   0 MEM_OUT: 541 ACC: 1 BUFF: 541 DC: 0 FLAG_ZERO: False FLAG_LT: 0 FLAG_GT: 1
INPUT_PORT:  []
OUT_PORT:  []
DATA_MEM:  [541, 252]
---------------------------------------
DEBUG    root:machine.py:309 JMP 0
TICK: 26217 PC:  13 ADDR:   0 MEM_OUT: 541 ACC: 1 BUFF: 541 DC: 0 FLAG_ZERO: False FLAG_LT: 0 FLAG_GT: 1
INPUT_PORT:  []
OUT_PORT:  []
DATA_MEM:  [541, 252]
---------------------------------------
DEBUG    root:machine.py:309 LD 0
TICK: 26220 PC:   0 ADDR:   0 MEM_OUT: 541 ACC: 1 BUFF: 541 DC: 0 FLAG_ZERO: False FLAG_LT: 0 FLAG_GT: 1
INPUT_PORT:  []
OUT_PORT:  []
DATA_MEM:  [541, 252]
---------------------------------------
DEBUG    root:machine.py:309 INC 
TICK: 26224 PC:   1 ADDR:   0 MEM_OUT: 541 ACC: 541 BUFF: 541 DC: 0 FLAG_ZERO: False FLAG_LT: 0 FLAG_GT: 1
INPUT_PORT:  []
OUT_PORT:  []
DATA_MEM:  [541, 252]
---------------------------------------
DEBUG    root:machine.py:309 ST 0
TICK: 26227 PC:   2 ADDR:   0 MEM_OUT: 541 ACC: 542 BUFF: 541 DC: 0 FLAG_ZERO: False FLAG_LT: 0 FLAG_GT: 1
INPUT_PORT:  []
OUT_PORT:  []
DATA_MEM:  [541, 252]
---------------------------------------
DEBUG    root:machine.py:309 CMP 1000
TICK: 26231 PC:   3 ADDR:   0 MEM_OUT: 542 ACC: 542 BUFF: 541 DC: 0 FLAG_ZERO: False FLAG_LT: 0 FLAG_GT: 1
INPUT_PORT:  []
OUT_PORT:  []
DATA_MEM:  [542, 252]
---------------------------------------
DEBUG    root:machine.py:309 JGE 22
TICK: 26234 PC:   4 ADDR:   0 MEM_OUT: 542 ACC: 542 BUFF: 541 DC: 0 FLAG_ZERO: False FLAG_LT: 1 FLAG_GT: 0
INPUT_PORT:  []
OUT_PORT:  []
DATA_MEM:  [542, 252]
---------------------------------------
DEBUG    root:machine.py:309 LD 0
TICK: 26237 PC:   5 ADDR:   0 MEM_OUT: 542 ACC: 542 BUFF: 541 DC: 0 FLAG_ZERO: False FLAG_LT: 1 FLAG_GT: 0
INPUT_PORT:  []
OUT_PORT:  []
DATA_MEM:  [542, 252]
---------------------------------------
DEBUG    root:machine.py:309 MOD 3
TICK: 26241 PC:   6 ADDR:   0 MEM_OUT: 542 ACC: 542 BUFF: 541 DC: 0 FLAG_ZERO: False FLAG_LT: 1 FLAG_GT: 0
INPUT_PORT:  []
OUT_PORT:  []
DATA_MEM:  [542, 252]
---------------------------------------
DEBUG    root:machine.py:309 CMP 0
TICK: 26245 PC:   7 ADDR:   0 MEM_OUT: 542 ACC: 2 BUFF: 542 DC: 0 FLAG_ZERO: False FLAG_LT: 1 FLAG_GT: 0
INPUT_PORT:  []
OUT_PORT:  []
DATA_MEM:  [542, 252]
---------------------------------------
DEBUG    root:machine.py:309 JE 14
TICK: 26248 PC:   8 ADDR:   0 MEM_OUT: 542 ACC: 2 BUFF: 542 DC: 0 FLAG_ZERO: False FLAG_LT: 0 FLAG_GT: 1
INPUT_PORT:  []
OUT_PORT:  []
DATA_MEM:  [542, 252]
---------------------------------------
DEBUG    root:machine.py:309 LD 0
TICK: 26251 PC:   9 ADDR:   0 MEM_OUT: 542 ACC: 2 BUFF: 542 DC: 0 FLAG_ZERO: False FLAG_LT: 0 FLAG_GT: 1
INPUT_PORT:  []
OUT_PORT:  []
DATA_MEM:  [542, 252]
---------------------------------------
DEBUG    root:machine.py:309 MOD 5
TICK: 26255 PC:  10 ADDR:   0 MEM_OUT: 542 ACC: 542 BUFF: 542 DC: 0 FLAG_ZERO: False FLAG_LT: 0 FLAG_GT: 1
INPUT_PORT:  []
OUT_PORT:  []
DATA_MEM:  [542, 252]
---------------------------------------
DEBUG    root:machine.py:309 CMP 0
TICK: 26259 PC:  11 ADDR:   0 MEM_OUT: 542 ACC: 2 BUFF: 542 DC: 0 FLAG_ZERO: False FLAG_LT: 0 FLAG_GT: 1
INPUT_PORT:  []
OUT_PORT:  []
DATA_MEM:  [542, 252]
---------------------------------------
DEBUG    root:machine.py:309 JE 18
TICK: 26262 PC:  12 ADDR:   0 MEM_OUT: 542 ACC: 2 BUFF: 542 DC: 0 FLAG_ZERO: False FLAG_LT: 0 FLAG_GT: 1
INPUT_PORT:  []
OUT_PORT:  []
DATA_MEM:  [542, 252]
---------------------------------------
DEBUG    root:machine.py:309 JMP 0
TICK: 26265 PC:  13 ADDR:   0 MEM_OUT: 542 ACC: 2 BUFF: 542 DC: 0 FLAG_ZERO: False FLAG_LT: 0 FLAG_GT: 1
INPUT_PORT:  []
OUT_PORT:  []
DATA_MEM:  [542, 252]
---------------------------------------
DEBUG    root:machine.py:309 LD 0
TICK: 26268 PC:   0 ADDR:   0 MEM_OUT: 542 ACC: 2 BUFF: 542 DC: 0 FLAG_ZERO: False FLAG_LT: 0 FLAG_GT: 1
INPUT_PORT:  []
OUT_PORT:  []
DATA_MEM:  [542, 252]
---------------------------------------
DEBUG    root:machine.py:309 INC 
TICK: 26272 PC:   1 ADDR:   0 MEM_OUT: 542 ACC: 542 BUFF: 542 DC: 0 FLAG_ZERO: False FLAG_LT: 0 FLAG_GT: 1
INPUT_PORT:  []
OUT_PORT:  []
DATA_MEM:  [542, 252]
---------------------------------------
DEBUG    root:machine.py:309 ST 0
TICK: 26275 PC:   2 ADDR:   0 MEM_OUT: 542 ACC: 543 BUFF: 542 DC: 0 FLAG_ZERO: False FLAG_LT: 0 FLAG_GT: 1
INPUT_PORT:  []
OUT_PORT:  []
DATA_MEM:  [542, 252]
---------------------------------------
DEBUG    root:machine.py:309 CMP 1000
TICK: 26279 PC:   3 ADDR:   0 MEM_OUT: 543 ACC: 543 BUFF: 542 DC: 0 FLAG_ZERO: False FLAG_LT: 0 FLAG_GT: 1
INPUT_PORT:  []
OUT_PORT:  []
DATA_MEM:  [543, 252]
---------------------------------------
DEBUG    root:machine.py:309 JGE 22
TICK: 26282 PC:   4 ADDR:   0 MEM_OUT: 543 ACC: 543 BUFF: 542 DC: 0 FLAG_ZERO: False FLAG_LT: 1 FLAG_GT: 0
INPUT_PORT:  []
OUT_PORT:  []
DATA_MEM:  [543, 252]
---------------------------------------
DEBUG    root:machine.py:309 LD 0
TICK: 26285 PC:   5 ADDR:   0 MEM_OUT: 543 ACC: 543 BUFF: 542 DC: 0 FLAG_ZERO: False FLAG_LT: 1 FLAG_GT: 0
INPUT_PORT:  []
OUT_PORT:  []
DATA_MEM:  [543, 252]
---------------------------------------
DEBUG    root:machine.py:309 MOD 3
TICK: 26289 PC:   6 ADDR:   0 MEM_OUT: 543 ACC: 543 BUFF: 542 DC: 0 FLAG_ZERO: False FLAG_LT: 1 FLAG_GT: 0
INPUT_PORT:  []
OUT_PORT:  []
DATA_MEM:  [543, 252]
---------------------------------------
DEBUG    root:machine.py:309 CMP 0
TICK: 26293 PC:   7 ADDR:   0 MEM_OUT: 543 ACC: 0 BUFF: 543 DC: 0 FLAG_ZERO: False FLAG_LT: 1 FLAG_GT: 0
INPUT_PORT:  []
OUT_PORT:  []
DATA_MEM:  [543, 252]
---------------------------------------
DEBUG    root:machine.py:309 JE 14
TICK: 26296 PC:   8 ADDR:   0 MEM_OUT: 543 ACC: 0 BUFF: 543 DC: 0 FLAG_ZERO: True FLAG_LT: 0 FLAG_GT: 0
INPUT_PORT:  []
OUT_PORT:  []
DATA_MEM:  [543, 252]
---------------------------------------
DEBUG    root:machine.py:309 LD 4
TICK: 26299 PC:  14 ADDR:   0 MEM_OUT: 543 ACC: 0 BUFF: 543 DC: 0 FLAG_ZERO: True FLAG_LT: 0 FLAG_GT: 0
INPUT_PORT:  []
OUT_PORT:  []
DATA_MEM:  [543, 252]
---------------------------------------
DEBUG    root:machine.py:309 INC 
TICK: 26303 PC:  15 ADDR:   1 MEM_OUT: 252 ACC: 252 BUFF: 543 DC: 0 FLAG_ZERO: True FLAG_LT: 0 FLAG_GT: 0
INPUT_PORT:  []
OUT_PORT:  []
DATA_MEM:  [543, 252]
---------------------------------------
DEBUG    root:machine.py:309 ST 4
TICK: 26306 PC:  16 ADDR:   1 MEM_OUT: 252 ACC: 253 BUFF: 543 DC: 0 FLAG_ZERO: True FLAG_LT: 0 FLAG_GT: 0
INPUT_PORT:  []
OUT_PORT:  []
DATA_MEM:  [543, 252]
---------------------------------------
DEBUG    root:machine.py:309 JMP 0
TICK: 26310 PC:  17 ADDR:   1 MEM_OUT: 253 ACC: 253 BUFF: 543 DC: 0 FLAG_ZERO: True FLAG_LT: 0 FLAG_GT: 0
INPUT_PORT:  []
OUT_PORT:  []
DATA_MEM:  [543, 253]
---------------------------------------
DEBUG    root:machine.py:309 LD 0
TICK: 26313 PC:   0 ADDR:   1 MEM_OUT: 253 ACC: 253 BUFF: 543 DC: 0 FLAG_ZERO: True FLAG_LT: 0 FLAG_GT: 0
INPUT_PORT:  []
OUT_PORT:  []
DATA_MEM:  [543, 253]
---------------------------------------
DEBUG    root:machine.py:309 INC 
TICK: 26317 PC:   1 ADDR:   0 MEM_OUT: 543 ACC: 543 BUFF: 543 DC: 0 FLAG_ZERO: True FLAG_LT: 0 FLAG_GT: 0
INPUT_PORT:  []
OUT_PORT:  []
DATA_MEM:  [543, 253]
---------------------------------------
DEBUG    root:machine.py:309 ST 0
TICK: 26320 PC:   2 ADDR:   0 MEM_OUT: 543 ACC: 544 BUFF: 543 DC: 0 FLAG_ZERO: True FLAG_LT: 0 FLAG_GT: 0
INPUT_PORT:  []
OUT_PORT:  []
DATA_MEM:  [543, 253]
---------------------------------------
DEBUG    root:machine.py:309 CMP 1000
TICK: 26324 PC:   3 ADDR:   0 MEM_OUT: 544 ACC: 544 BUFF: 543 DC: 0 FLAG_ZERO: True FLAG_LT: 0 FLAG_GT: 0
INPUT_PORT:  []
OUT_PORT:  []
DATA_MEM:  [544, 253]
---------------------------------------
DEBUG    root:machine.py:309 JGE 22
TICK: 26327 PC:   4 ADDR:   0 MEM_OUT: 544 ACC: 544 BUFF: 543 DC: 0 FLAG_ZERO: False FLAG_LT: 1 FLAG_GT: 0
INPUT_PORT:  []
OUT_PORT:  []
DATA_MEM:  [544, 253]
---------------------------------------
DEBUG    root:machine.py:309 LD 0
TICK: 26330 PC:   5 ADDR:   0 MEM_OUT: 544 ACC: 544 BUFF: 543 DC: 0 FLAG_ZERO: False FLAG_LT: 1 FLAG_GT: 0
INPUT_PORT:  []
OUT_PORT:  []
DATA_MEM:  [544, 253]
---------------------------------------
DEBUG    root:machine.py:309 MOD 3
TICK: 26334 PC:   6 ADDR:   0 MEM_OUT: 544 ACC: 544 BUFF: 543 DC: 0 FLAG_ZERO: False FLAG_LT: 1 FLAG_GT: 0
INPUT_PORT:  []
OUT_PORT:  []
DATA_MEM:  [544, 253]
---------------------------------------
DEBUG    root:machine.py:309 CMP 0
TICK: 26338 PC:   7 ADDR:   0 MEM_OUT: 544 ACC: 1 BUFF: 544 DC: 0 FLAG_ZERO: False FLAG_LT: 1 FLAG_GT: 0
INPUT_PORT:  []
OUT_PORT:  []
DATA_MEM:  [544, 253]
---------------------------------------
DEBUG    root:machine.py:309 JE 14
TICK: 26341 PC:   8 ADDR:   0 MEM_OUT: 544 ACC: 1 BUFF: 544 DC: 0 FLAG_ZERO: False FLAG_LT: 0 FLAG_GT: 1
INPUT_PORT:  []
OUT_PORT:  []
DATA_MEM:  [544, 253]
---------------------------------------
DEBUG    root:machine.py:309 LD 0
TICK: 26344 PC:   9 ADDR:   0 MEM_OUT: 544 ACC: 1 BUFF: 544 DC: 0 FLAG_ZERO: False FLAG_LT: 0 FLAG_GT: 1
INPUT_PORT:  []
OUT_PORT:  []
DATA_MEM:  [544, 253]
---------------------------------------
DEBUG    root:machine.py:309 MOD 5
TICK: 26348 PC:  10 ADDR:   0 MEM_OUT: 544 ACC: 544 BUFF: 544 DC: 0 FLAG_ZERO: False FLAG_LT: 0 FLAG_GT: 1
INPUT_PORT:  []
OUT_PORT:  []
DATA_MEM:  [544, 253]
---------------------------------------
DEBUG    root:machine.py:309 CMP 0
TICK: 26352 PC:  11 ADDR:   0 MEM_OUT: 544 ACC: 4 BUFF: 544 DC: 0 FLAG_ZERO: False FLAG_LT: 0 FLAG_GT: 1
INPUT_PORT:  []
OUT_PORT:  []
DATA_MEM:  [544, 253]
---------------------------------------
DEBUG    root:machine.py:309 JE 18
TICK: 26355 PC:  12 ADDR:   0 MEM_OUT: 544 ACC: 4 BUFF: 544 DC: 0 FLAG_ZERO: False FLAG_LT: 0 FLAG_GT: 1
INPUT_PORT:  []
OUT_PORT:  []
DATA_MEM:  [544, 253]
---------------------------------------
DEBUG    root:machine.py:309 JMP 0
TICK: 26358 PC:  13 ADDR:   0 MEM_OUT: 544 ACC: 4 BUFF: 544 DC: 0 FLAG_ZERO: False FLAG_LT: 0 FLAG_GT: 1
INPUT_PORT:  []
OUT_PORT:  []
DATA_MEM:  [544, 253]
---------------------------------------
DEBUG    root:machine.py:309 LD 0
TICK: 26361 PC:   0 ADDR:   0 MEM_OUT: 544 ACC: 4 BUFF: 544 DC: 0 FLAG_ZERO: False FLAG_LT: 0 FLAG_GT: 1
INPUT_PORT:  []
OUT_PORT:  []
DATA_MEM:  [544, 253]
---------------------------------------
DEBUG    root:machine.py:309 INC 
TICK: 26365 PC:   1 ADDR:   0 MEM_OUT: 544 ACC: 544 BUFF: 544 DC: 0 FLAG_ZERO: False FLAG_LT: 0 FLAG_GT: 1
INPUT_PORT:  []
OUT_PORT:  []
DATA_MEM:  [544, 253]
---------------------------------------
DEBUG    root:machine.py:309 ST 0
TICK: 26368 PC:   2 ADDR:   0 MEM_OUT: 544 ACC: 545 BUFF: 544 DC: 0 FLAG_ZERO: False FLAG_LT: 0 FLAG_GT: 1
INPUT_PORT:  []
OUT_PORT:  []
DATA_MEM:  [544, 253]
---------------------------------------
DEBUG    root:machine.py:309 CMP 1000
TICK: 26372 PC:   3 ADDR:   0 MEM_OUT: 545 ACC: 545 BUFF: 544 DC: 0 FLAG_ZERO: False FLAG_LT: 0 FLAG_GT: 1
INPUT_PORT:  []
OUT_PORT:  []
DATA_MEM:  [545, 253]
---------------------------------------
DEBUG    root:machine.py:309 JGE 22
TICK: 26375 PC:   4 ADDR:   0 MEM_OUT: 545 ACC: 545 BUFF: 544 DC: 0 FLAG_ZERO: False FLAG_LT: 1 FLAG_GT: 0
INPUT_PORT:  []
OUT_PORT:  []
DATA_MEM:  [545, 253]
---------------------------------------
DEBUG    root:machine.py:309 LD 0
TICK: 26378 PC:   5 ADDR:   0 MEM_OUT: 545 ACC: 545 BUFF: 544 DC: 0 FLAG_ZERO: False FLAG_LT: 1 FLAG_GT: 0
INPUT_PORT:  []
OUT_PORT:  []
DATA_MEM:  [545, 253]
---------------------------------------
DEBUG    root:machine.py:309 MOD 3
TICK: 26382 PC:   6 ADDR:   0 MEM_OUT: 545 ACC: 545 BUFF: 544 DC: 0 FLAG_ZERO: False FLAG_LT: 1 FLAG_GT: 0
INPUT_PORT:  []
OUT_PORT:  []
DATA_MEM:  [545, 253]
---------------------------------------
DEBUG    root:machine.py:309 CMP 0
TICK: 26386 PC:   7 ADDR:   0 MEM_OUT: 545 ACC: 2 BUFF: 545 DC: 0 FLAG_ZERO: False FLAG_LT: 1 FLAG_GT: 0
INPUT_PORT:  []
OUT_PORT:  []
DATA_MEM:  [545, 253]
---------------------------------------
DEBUG    root:machine.py:309 JE 14
TICK: 26389 PC:   8 ADDR:   0 MEM_OUT: 545 ACC: 2 BUFF: 545 DC: 0 FLAG_ZERO: False FLAG_LT: 0 FLAG_GT: 1
INPUT_PORT:  []
OUT_PORT:  []
DATA_MEM:  [545, 253]
---------------------------------------
DEBUG    root:machine.py:309 LD 0
TICK: 26392 PC:   9 ADDR:   0 MEM_OUT: 545 ACC: 2 BUFF: 545 DC: 0 FLAG_ZERO: False FLAG_LT: 0 FLAG_GT: 1
INPUT_PORT:  []
OUT_PORT:  []
DATA_MEM:  [545, 253]
---------------------------------------
DEBUG    root:machine.py:309 MOD 5
TICK: 26396 PC:  10 ADDR:   0 MEM_OUT: 545 ACC: 545 BUFF: 545 DC: 0 FLAG_ZERO: False FLAG_LT: 0 FLAG_GT: 1
INPUT_PORT:  []
OUT_PORT:  []
DATA_MEM:  [545, 253]
---------------------------------------
DEBUG    root:machine.py:309 CMP 0
TICK: 26400 PC:  11 ADDR:   0 MEM_OUT: 545 ACC: 0 BUFF: 545 DC: 0 FLAG_ZERO: False FLAG_LT: 0 FLAG_GT: 1
INPUT_PORT:  []
OUT_PORT:  []
DATA_MEM:  [545, 253]
---------------------------------------
DEBUG    root:machine.py:309 JE 18
TICK: 26403 PC:  12 ADDR:   0 MEM_OUT: 545 ACC: 0 BUFF: 545 DC: 0 FLAG_ZERO: True FLAG_LT: 0 FLAG_GT: 0
INPUT_PORT:  []
OUT_PORT:  []
DATA_MEM:  [545, 253]
---------------------------------------
DEBUG    root:machine.py:309 LD 4
TICK: 26406 PC:  18 ADDR:   0 MEM_OUT: 545 ACC: 0 BUFF: 545 DC: 0 FLAG_ZERO: True FLAG_LT: 0 FLAG_GT: 0
INPUT_PORT:  []
OUT_PORT:  []
DATA_MEM:  [545, 253]
---------------------------------------
DEBUG    root:machine.py:309 INC 
TICK: 26410 PC:  19 ADDR:   1 MEM_OUT: 253 ACC: 253 BUFF: 545 DC: 0 FLAG_ZERO: True FLAG_LT: 0 FLAG_GT: 0
INPUT_PORT:  []
OUT_PORT:  []
DATA_MEM:  [545, 253]
---------------------------------------
DEBUG    root:machine.py:309 ST 4
TICK: 26413 PC:  20 ADDR:   1 MEM_OUT: 253 ACC: 254 BUFF: 545 DC: 0 FLAG_ZERO: True FLAG_LT: 0 FLAG_GT: 0
INPUT_PORT:  []
OUT_PORT:  []
DATA_MEM:  [545, 253]
---------------------------------------
DEBUG    root:machine.py:309 JMP 0
TICK: 26417 PC:  21 ADDR:   1 MEM_OUT: 254 ACC: 254 BUFF: 545 DC: 0 FLAG_ZERO: True FLAG_LT: 0 FLAG_GT: 0
INPUT_PORT:  []
OUT_PORT:  []
DATA_MEM:  [545, 254]
---------------------------------------
DEBUG    root:machine.py:309 LD 0
TICK: 26420 PC:   0 ADDR:   1 MEM_OUT: 254 ACC: 254 BUFF: 545 DC: 0 FLAG_ZERO: True FLAG_LT: 0 FLAG_GT: 0
INPUT_PORT:  []
OUT_PORT:  []
DATA_MEM:  [545, 254]
---------------------------------------
DEBUG    root:machine.py:309 INC 
TICK: 26424 PC:   1 ADDR:   0 MEM_OUT: 545 ACC: 545 BUFF: 545 DC: 0 FLAG_ZERO: True FLAG_LT: 0 FLAG_GT: 0
INPUT_PORT:  []
OUT_PORT:  []
DATA_MEM:  [545, 254]
---------------------------------------
DEBUG    root:machine.py:309 ST 0
TICK: 26427 PC:   2 ADDR:   0 MEM_OUT: 545 ACC: 546 BUFF: 545 DC: 0 FLAG_ZERO: True FLAG_LT: 0 FLAG_GT: 0
INPUT_PORT:  []
OUT_PORT:  []
DATA_MEM:  [545, 254]
---------------------------------------
DEBUG    root:machine.py:309 CMP 1000
TICK: 26431 PC:   3 ADDR:   0 MEM_OUT: 546 ACC: 546 BUFF: 545 DC: 0 FLAG_ZERO: True FLAG_LT: 0 FLAG_GT: 0
INPUT_PORT:  []
OUT_PORT:  []
DATA_MEM:  [546, 254]
---------------------------------------
DEBUG    root:machine.py:309 JGE 22
TICK: 26434 PC:   4 ADDR:   0 MEM_OUT: 546 ACC: 546 BUFF: 545 DC: 0 FLAG_ZERO: False FLAG_LT: 1 FLAG_GT: 0
INPUT_PORT:  []
OUT_PORT:  []
DATA_MEM:  [546, 254]
---------------------------------------
DEBUG    root:machine.py:309 LD 0
TICK: 26437 PC:   5 ADDR:   0 MEM_OUT: 546 ACC: 546 BUFF: 545 DC: 0 FLAG_ZERO: False FLAG_LT: 1 FLAG_GT: 0
INPUT_PORT:  []
OUT_PORT:  []
DATA_MEM:  [546, 254]
---------------------------------------
DEBUG    root:machine.py:309 MOD 3
TICK: 26441 PC:   6 ADDR:   0 MEM_OUT: 546 ACC: 546 BUFF: 545 DC: 0 FLAG_ZERO: False FLAG_LT: 1 FLAG_GT: 0
INPUT_PORT:  []
OUT_PORT:  []
DATA_MEM:  [546, 254]
---------------------------------------
DEBUG    root:machine.py:309 CMP 0
TICK: 26445 PC:   7 ADDR:   0 MEM_OUT: 546 ACC: 0 BUFF: 546 DC: 0 FLAG_ZERO: False FLAG_LT: 1 FLAG_GT: 0
INPUT_PORT:  []
OUT_PORT:  []
DATA_MEM:  [546, 254]
---------------------------------------
DEBUG    root:machine.py:309 JE 14
TICK: 26448 PC:   8 ADDR:   0 MEM_OUT: 546 ACC: 0 BUFF: 546 DC: 0 FLAG_ZERO: True FLAG_LT: 0 FLAG_GT: 0
INPUT_PORT:  []
OUT_PORT:  []
DATA_MEM:  [546, 254]
---------------------------------------
DEBUG    root:machine.py:309 LD 4
TICK: 26451 PC:  14 ADDR:   0 MEM_OUT: 546 ACC: 0 BUFF: 546 DC: 0 FLAG_ZERO: True FLAG_LT: 0 FLAG_GT: 0
INPUT_PORT:  []
OUT_PORT:  []
DATA_MEM:  [546, 254]
---------------------------------------
DEBUG    root:machine.py:309 INC 
TICK: 26455 PC:  15 ADDR:   1 MEM_OUT: 254 ACC: 254 BUFF: 546 DC: 0 FLAG_ZERO: True FLAG_LT: 0 FLAG_GT: 0
INPUT_PORT:  []
OUT_PORT:  []
DATA_MEM:  [546, 254]
---------------------------------------
DEBUG    root:machine.py:309 ST 4
TICK: 26458 PC:  16 ADDR:   1 MEM_OUT: 254 ACC: 255 BUFF: 546 DC: 0 FLAG_ZERO: True FLAG_LT: 0 FLAG_GT: 0
INPUT_PORT:  []
OUT_PORT:  []
DATA_MEM:  [546, 254]
---------------------------------------
DEBUG    root:machine.py:309 JMP 0
TICK: 26462 PC:  17 ADDR:   1 MEM_OUT: 255 ACC: 255 BUFF: 546 DC: 0 FLAG_ZERO: True FLAG_LT: 0 FLAG_GT: 0
INPUT_PORT:  []
OUT_PORT:  []
DATA_MEM:  [546, 255]
---------------------------------------
DEBUG    root:machine.py:309 LD 0
TICK: 26465 PC:   0 ADDR:   1 MEM_OUT: 255 ACC: 255 BUFF: 546 DC: 0 FLAG_ZERO: True FLAG_LT: 0 FLAG_GT: 0
INPUT_PORT:  []
OUT_PORT:  []
DATA_MEM:  [546, 255]
---------------------------------------
DEBUG    root:machine.py:309 INC 
TICK: 26469 PC:   1 ADDR:   0 MEM_OUT: 546 ACC: 546 BUFF: 546 DC: 0 FLAG_ZERO: True FLAG_LT: 0 FLAG_GT: 0
INPUT_PORT:  []
OUT_PORT:  []
DATA_MEM:  [546, 255]
---------------------------------------
DEBUG    root:machine.py:309 ST 0
TICK: 26472 PC:   2 ADDR:   0 MEM_OUT: 546 ACC: 547 BUFF: 546 DC: 0 FLAG_ZERO: True FLAG_LT: 0 FLAG_GT: 0
INPUT_PORT:  []
OUT_PORT:  []
DATA_MEM:  [546, 255]
---------------------------------------
DEBUG    root:machine.py:309 CMP 1000
TICK: 26476 PC:   3 ADDR:   0 MEM_OUT: 547 ACC: 547 BUFF: 546 DC: 0 FLAG_ZERO: True FLAG_LT: 0 FLAG_GT: 0
INPUT_PORT:  []
OUT_PORT:  []
DATA_MEM:  [547, 255]
---------------------------------------
DEBUG    root:machine.py:309 JGE 22
TICK: 26479 PC:   4 ADDR:   0 MEM_OUT: 547 ACC: 547 BUFF: 546 DC: 0 FLAG_ZERO: False FLAG_LT: 1 FLAG_GT: 0
INPUT_PORT:  []
OUT_PORT:  []
DATA_MEM:  [547, 255]
---------------------------------------
DEBUG    root:machine.py:309 LD 0
TICK: 26482 PC:   5 ADDR:   0 MEM_OUT: 547 ACC: 547 BUFF: 546 DC: 0 FLAG_ZERO: False FLAG_LT: 1 FLAG_GT: 0
INPUT_PORT:  []
OUT_PORT:  []
DATA_MEM:  [547, 255]
---------------------------------------
DEBUG    root:machine.py:309 MOD 3
TICK: 26486 PC:   6 ADDR:   0 MEM_OUT: 547 ACC: 547 BUFF: 546 DC: 0 FLAG_ZERO: False FLAG_LT: 1 FLAG_GT: 0
INPUT_PORT:  []
OUT_PORT:  []
DATA_MEM:  [547, 255]
---------------------------------------
DEBUG    root:machine.py:309 CMP 0
TICK: 26490 PC:   7 ADDR:   0 MEM_OUT: 547 ACC: 1 BUFF: 547 DC: 0 FLAG_ZERO: False FLAG_LT: 1 FLAG_GT: 0
INPUT_PORT:  []
OUT_PORT:  []
DATA_MEM:  [547, 255]
---------------------------------------
DEBUG    root:machine.py:309 JE 14
TICK: 26493 PC:   8 ADDR:   0 MEM_OUT: 547 ACC: 1 BUFF: 547 DC: 0 FLAG_ZERO: False FLAG_LT: 0 FLAG_GT: 1
INPUT_PORT:  []
OUT_PORT:  []
DATA_MEM:  [547, 255]
---------------------------------------
DEBUG    root:machine.py:309 LD 0
TICK: 26496 PC:   9 ADDR:   0 MEM_OUT: 547 ACC: 1 BUFF: 547 DC: 0 FLAG_ZERO: False FLAG_LT: 0 FLAG_GT: 1
INPUT_PORT:  []
OUT_PORT:  []
DATA_MEM:  [547, 255]
---------------------------------------
DEBUG    root:machine.py:309 MOD 5
TICK: 26500 PC:  10 ADDR:   0 MEM_OUT: 547 ACC: 547 BUFF: 547 DC: 0 FLAG_ZERO: False FLAG_LT: 0 FLAG_GT: 1
INPUT_PORT:  []
OUT_PORT:  []
DATA_MEM:  [547, 255]
---------------------------------------
DEBUG    root:machine.py:309 CMP 0
TICK: 26504 PC:  11 ADDR:   0 MEM_OUT: 547 ACC: 2 BUFF: 547 DC: 0 FLAG_ZERO: False FLAG_LT: 0 FLAG_GT: 1
INPUT_PORT:  []
OUT_PORT:  []
DATA_MEM:  [547, 255]
---------------------------------------
DEBUG    root:machine.py:309 JE 18
TICK: 26507 PC:  12 ADDR:   0 MEM_OUT: 547 ACC: 2 BUFF: 547 DC: 0 FLAG_ZERO: False FLAG_LT: 0 FLAG_GT: 1
INPUT_PORT:  []
OUT_PORT:  []
DATA_MEM:  [547, 255]
---------------------------------------
DEBUG    root:machine.py:309 JMP 0
TICK: 26510 PC:  13 ADDR:   0 MEM_OUT: 547 ACC: 2 BUFF: 547 DC: 0 FLAG_ZERO: False FLAG_LT: 0 FLAG_GT: 1
INPUT_PORT:  []
OUT_PORT:  []
DATA_MEM:  [547, 255]
---------------------------------------
DEBUG    root:machine.py:309 LD 0
TICK: 26513 PC:   0 ADDR:   0 MEM_OUT: 547 ACC: 2 BUFF: 547 DC: 0 FLAG_ZERO: False FLAG_LT: 0 FLAG_GT: 1
INPUT_PORT:  []
OUT_PORT:  []
DATA_MEM:  [547, 255]
---------------------------------------
DEBUG    root:machine.py:309 INC 
TICK: 26517 PC:   1 ADDR:   0 MEM_OUT: 547 ACC: 547 BUFF: 547 DC: 0 FLAG_ZERO: False FLAG_LT: 0 FLAG_GT: 1
INPUT_PORT:  []
OUT_PORT:  []
DATA_MEM:  [547, 255]
---------------------------------------
DEBUG    root:machine.py:309 ST 0
TICK: 26520 PC:   2 ADDR:   0 MEM_OUT: 547 ACC: 548 BUFF: 547 DC: 0 FLAG_ZERO: False FLAG_LT: 0 FLAG_GT: 1
INPUT_PORT:  []
OUT_PORT:  []
DATA_MEM:  [547, 255]
---------------------------------------
DEBUG    root:machine.py:309 CMP 1000
TICK: 26524 PC:   3 ADDR:   0 MEM_OUT: 548 ACC: 548 BUFF: 547 DC: 0 FLAG_ZERO: False FLAG_LT: 0 FLAG_GT: 1
INPUT_PORT:  []
OUT_PORT:  []
DATA_MEM:  [548, 255]
---------------------------------------
DEBUG    root:machine.py:309 JGE 22
TICK: 26527 PC:   4 ADDR:   0 MEM_OUT: 548 ACC: 548 BUFF: 547 DC: 0 FLAG_ZERO: False FLAG_LT: 1 FLAG_GT: 0
INPUT_PORT:  []
OUT_PORT:  []
DATA_MEM:  [548, 255]
---------------------------------------
DEBUG    root:machine.py:309 LD 0
TICK: 26530 PC:   5 ADDR:   0 MEM_OUT: 548 ACC: 548 BUFF: 547 DC: 0 FLAG_ZERO: False FLAG_LT: 1 FLAG_GT: 0
INPUT_PORT:  []
OUT_PORT:  []
DATA_MEM:  [548, 255]
---------------------------------------
DEBUG    root:machine.py:309 MOD 3
TICK: 26534 PC:   6 ADDR:   0 MEM_OUT: 548 ACC: 548 BUFF: 547 DC: 0 FLAG_ZERO: False FLAG_LT: 1 FLAG_GT: 0
INPUT_PORT:  []
OUT_PORT:  []
DATA_MEM:  [548, 255]
---------------------------------------
DEBUG    root:machine.py:309 CMP 0
TICK: 26538 PC:   7 ADDR:   0 MEM_OUT: 548 ACC: 2 BUFF: 548 DC: 0 FLAG_ZERO: False FLAG_LT: 1 FLAG_GT: 0
INPUT_PORT:  []
OUT_PORT:  []
DATA_MEM:  [548, 255]
---------------------------------------
DEBUG    root:machine.py:309 JE 14
TICK: 26541 PC:   8 ADDR:   0 MEM_OUT: 548 ACC: 2 BUFF: 548 DC: 0 FLAG_ZERO: False FLAG_LT: 0 FLAG_GT: 1
INPUT_PORT:  []
OUT_PORT:  []
DATA_MEM:  [548, 255]
---------------------------------------
DEBUG    root:machine.py:309 LD 0
TICK: 26544 PC:   9 ADDR:   0 MEM_OUT: 548 ACC: 2 BUFF: 548 DC: 0 FLAG_ZERO: False FLAG_LT: 0 FLAG_GT: 1
INPUT_PORT:  []
OUT_PORT:  []
DATA_MEM:  [548, 255]
---------------------------------------
DEBUG    root:machine.py:309 MOD 5
TICK: 26548 PC:  10 ADDR:   0 MEM_OUT: 548 ACC: 548 BUFF: 548 DC: 0 FLAG_ZERO: False FLAG_LT: 0 FLAG_GT: 1
INPUT_PORT:  []
OUT_PORT:  []
DATA_MEM:  [548, 255]
---------------------------------------
DEBUG    root:machine.py:309 CMP 0
TICK: 26552 PC:  11 ADDR:   0 MEM_OUT: 548 ACC: 3 BUFF: 548 DC: 0 FLAG_ZERO: False FLAG_LT: 0 FLAG_GT: 1
INPUT_PORT:  []
OUT_PORT:  []
DATA_MEM:  [548, 255]
---------------------------------------
DEBUG    root:machine.py:309 JE 18
TICK: 26555 PC:  12 ADDR:   0 MEM_OUT: 548 ACC: 3 BUFF: 548 DC: 0 FLAG_ZERO: False FLAG_LT: 0 FLAG_GT: 1
INPUT_PORT:  []
OUT_PORT:  []
DATA_MEM:  [548, 255]
---------------------------------------
DEBUG    root:machine.py:309 JMP 0
TICK: 26558 PC:  13 ADDR:   0 MEM_OUT: 548 ACC: 3 BUFF: 548 DC: 0 FLAG_ZERO: False FLAG_LT: 0 FLAG_GT: 1
INPUT_PORT:  []
OUT_PORT:  []
DATA_MEM:  [548, 255]
---------------------------------------
DEBUG    root:machine.py:309 LD 0
TICK: 26561 PC:   0 ADDR:   0 MEM_OUT: 548 ACC: 3 BUFF: 548 DC: 0 FLAG_ZERO: False FLAG_LT: 0 FLAG_GT: 1
INPUT_PORT:  []
OUT_PORT:  []
DATA_MEM:  [548, 255]
---------------------------------------
DEBUG    root:machine.py:309 INC 
TICK: 26565 PC:   1 ADDR:   0 MEM_OUT: 548 ACC: 548 BUFF: 548 DC: 0 FLAG_ZERO: False FLAG_LT: 0 FLAG_GT: 1
INPUT_PORT:  []
OUT_PORT:  []
DATA_MEM:  [548, 255]
---------------------------------------
DEBUG    root:machine.py:309 ST 0
TICK: 26568 PC:   2 ADDR:   0 MEM_OUT: 548 ACC: 549 BUFF: 548 DC: 0 FLAG_ZERO: False FLAG_LT: 0 FLAG_GT: 1
INPUT_PORT:  []
OUT_PORT:  []
DATA_MEM:  [548, 255]
---------------------------------------
DEBUG    root:machine.py:309 CMP 1000
TICK: 26572 PC:   3 ADDR:   0 MEM_OUT: 549 ACC: 549 BUFF: 548 DC: 0 FLAG_ZERO: False FLAG_LT: 0 FLAG_GT: 1
INPUT_PORT:  []
OUT_PORT:  []
DATA_MEM:  [549, 255]
---------------------------------------
DEBUG    root:machine.py:309 JGE 22
TICK: 26575 PC:   4 ADDR:   0 MEM_OUT: 549 ACC: 549 BUFF: 548 DC: 0 FLAG_ZERO: False FLAG_LT: 1 FLAG_GT: 0
INPUT_PORT:  []
OUT_PORT:  []
DATA_MEM:  [549, 255]
---------------------------------------
DEBUG    root:machine.py:309 LD 0
TICK: 26578 PC:   5 ADDR:   0 MEM_OUT: 549 ACC: 549 BUFF: 548 DC: 0 FLAG_ZERO: False FLAG_LT: 1 FLAG_GT: 0
INPUT_PORT:  []
OUT_PORT:  []
DATA_MEM:  [549, 255]
---------------------------------------
DEBUG    root:machine.py:309 MOD 3
TICK: 26582 PC:   6 ADDR:   0 MEM_OUT: 549 ACC: 549 BUFF: 548 DC: 0 FLAG_ZERO: False FLAG_LT: 1 FLAG_GT: 0
INPUT_PORT:  []
OUT_PORT:  []
DATA_MEM:  [549, 255]
---------------------------------------
DEBUG    root:machine.py:309 CMP 0
TICK: 26586 PC:   7 ADDR:   0 MEM_OUT: 549 ACC: 0 BUFF: 549 DC: 0 FLAG_ZERO: False FLAG_LT: 1 FLAG_GT: 0
INPUT_PORT:  []
OUT_PORT:  []
DATA_MEM:  [549, 255]
---------------------------------------
DEBUG    root:machine.py:309 JE 14
TICK: 26589 PC:   8 ADDR:   0 MEM_OUT: 549 ACC: 0 BUFF: 549 DC: 0 FLAG_ZERO: True FLAG_LT: 0 FLAG_GT: 0
INPUT_PORT:  []
OUT_PORT:  []
DATA_MEM:  [549, 255]
---------------------------------------
DEBUG    root:machine.py:309 LD 4
TICK: 26592 PC:  14 ADDR:   0 MEM_OUT: 549 ACC: 0 BUFF: 549 DC: 0 FLAG_ZERO: True FLAG_LT: 0 FLAG_GT: 0
INPUT_PORT:  []
OUT_PORT:  []
DATA_MEM:  [549, 255]
---------------------------------------
DEBUG    root:machine.py:309 INC 
TICK: 26596 PC:  15 ADDR:   1 MEM_OUT: 255 ACC: 255 BUFF: 549 DC: 0 FLAG_ZERO: True FLAG_LT: 0 FLAG_GT: 0
INPUT_PORT:  []
OUT_PORT:  []
DATA_MEM:  [549, 255]
---------------------------------------
DEBUG    root:machine.py:309 ST 4
TICK: 26599 PC:  16 ADDR:   1 MEM_OUT: 255 ACC: 256 BUFF: 549 DC: 0 FLAG_ZERO: True FLAG_LT: 0 FLAG_GT: 0
INPUT_PORT:  []
OUT_PORT:  []
DATA_MEM:  [549, 255]
---------------------------------------
DEBUG    root:machine.py:309 JMP 0
TICK: 26603 PC:  17 ADDR:   1 MEM_OUT: 256 ACC: 256 BUFF: 549 DC: 0 FLAG_ZERO: True FLAG_LT: 0 FLAG_GT: 0
INPUT_PORT:  []
OUT_PORT:  []
DATA_MEM:  [549, 256]
---------------------------------------
DEBUG    root:machine.py:309 LD 0
TICK: 26606 PC:   0 ADDR:   1 MEM_OUT: 256 ACC: 256 BUFF: 549 DC: 0 FLAG_ZERO: True FLAG_LT: 0 FLAG_GT: 0
INPUT_PORT:  []
OUT_PORT:  []
DATA_MEM:  [549, 256]
---------------------------------------
DEBUG    root:machine.py:309 INC 
TICK: 26610 PC:   1 ADDR:   0 MEM_OUT: 549 ACC: 549 BUFF: 549 DC: 0 FLAG_ZERO: True FLAG_LT: 0 FLAG_GT: 0
INPUT_PORT:  []
OUT_PORT:  []
DATA_MEM:  [549, 256]
---------------------------------------
DEBUG    root:machine.py:309 ST 0
TICK: 26613 PC:   2 ADDR:   0 MEM_OUT: 549 ACC: 550 BUFF: 549 DC: 0 FLAG_ZERO: True FLAG_LT: 0 FLAG_GT: 0
INPUT_PORT:  []
OUT_PORT:  []
DATA_MEM:  [549, 256]
---------------------------------------
DEBUG    root:machine.py:309 CMP 1000
TICK: 26617 PC:   3 ADDR:   0 MEM_OUT: 550 ACC: 550 BUFF: 549 DC: 0 FLAG_ZERO: True FLAG_LT: 0 FLAG_GT: 0
INPUT_PORT:  []
OUT_PORT:  []
DATA_MEM:  [550, 256]
---------------------------------------
DEBUG    root:machine.py:309 JGE 22
TICK: 26620 PC:   4 ADDR:   0 MEM_OUT: 550 ACC: 550 BUFF: 549 DC: 0 FLAG_ZERO: False FLAG_LT: 1 FLAG_GT: 0
INPUT_PORT:  []
OUT_PORT:  []
DATA_MEM:  [550, 256]
---------------------------------------
DEBUG    root:machine.py:309 LD 0
TICK: 26623 PC:   5 ADDR:   0 MEM_OUT: 550 ACC: 550 BUFF: 549 DC: 0 FLAG_ZERO: False FLAG_LT: 1 FLAG_GT: 0
INPUT_PORT:  []
OUT_PORT:  []
DATA_MEM:  [550, 256]
---------------------------------------
DEBUG    root:machine.py:309 MOD 3
TICK: 26627 PC:   6 ADDR:   0 MEM_OUT: 550 ACC: 550 BUFF: 549 DC: 0 FLAG_ZERO: False FLAG_LT: 1 FLAG_GT: 0
INPUT_PORT:  []
OUT_PORT:  []
DATA_MEM:  [550, 256]
---------------------------------------
DEBUG    root:machine.py:309 CMP 0
TICK: 26631 PC:   7 ADDR:   0 MEM_OUT: 550 ACC: 1 BUFF: 550 DC: 0 FLAG_ZERO: False FLAG_LT: 1 FLAG_GT: 0
INPUT_PORT:  []
OUT_PORT:  []
DATA_MEM:  [550, 256]
---------------------------------------
DEBUG    root:machine.py:309 JE 14
TICK: 26634 PC:   8 ADDR:   0 MEM_OUT: 550 ACC: 1 BUFF: 550 DC: 0 FLAG_ZERO: False FLAG_LT: 0 FLAG_GT: 1
INPUT_PORT:  []
OUT_PORT:  []
DATA_MEM:  [550, 256]
---------------------------------------
DEBUG    root:machine.py:309 LD 0
TICK: 26637 PC:   9 ADDR:   0 MEM_OUT: 550 ACC: 1 BUFF: 550 DC: 0 FLAG_ZERO: False FLAG_LT: 0 FLAG_GT: 1
INPUT_PORT:  []
OUT_PORT:  []
DATA_MEM:  [550, 256]
---------------------------------------
DEBUG    root:machine.py:309 MOD 5
TICK: 26641 PC:  10 ADDR:   0 MEM_OUT: 550 ACC: 550 BUFF: 550 DC: 0 FLAG_ZERO: False FLAG_LT: 0 FLAG_GT: 1
INPUT_PORT:  []
OUT_PORT:  []
DATA_MEM:  [550, 256]
---------------------------------------
DEBUG    root:machine.py:309 CMP 0
TICK: 26645 PC:  11 ADDR:   0 MEM_OUT: 550 ACC: 0 BUFF: 550 DC: 0 FLAG_ZERO: False FLAG_LT: 0 FLAG_GT: 1
INPUT_PORT:  []
OUT_PORT:  []
DATA_MEM:  [550, 256]
---------------------------------------
DEBUG    root:machine.py:309 JE 18
TICK: 26648 PC:  12 ADDR:   0 MEM_OUT: 550 ACC: 0 BUFF: 550 DC: 0 FLAG_ZERO: True FLAG_LT: 0 FLAG_GT: 0
INPUT_PORT:  []
OUT_PORT:  []
DATA_MEM:  [550, 256]
---------------------------------------
DEBUG    root:machine.py:309 LD 4
TICK: 26651 PC:  18 ADDR:   0 MEM_OUT: 550 ACC: 0 BUFF: 550 DC: 0 FLAG_ZERO: True FLAG_LT: 0 FLAG_GT: 0
INPUT_PORT:  []
OUT_PORT:  []
DATA_MEM:  [550, 256]
---------------------------------------
DEBUG    root:machine.py:309 INC 
TICK: 26655 PC:  19 ADDR:   1 MEM_OUT: 256 ACC: 256 BUFF: 550 DC: 0 FLAG_ZERO: True FLAG_LT: 0 FLAG_GT: 0
INPUT_PORT:  []
OUT_PORT:  []
DATA_MEM:  [550, 256]
---------------------------------------
DEBUG    root:machine.py:309 ST 4
TICK: 26658 PC:  20 ADDR:   1 MEM_OUT: 256 ACC: 257 BUFF: 550 DC: 0 FLAG_ZERO: True FLAG_LT: 0 FLAG_GT: 0
INPUT_PORT:  []
OUT_PORT:  []
DATA_MEM:  [550, 256]
---------------------------------------
DEBUG    root:machine.py:309 JMP 0
TICK: 26662 PC:  21 ADDR:   1 MEM_OUT: 257 ACC: 257 BUFF: 550 DC: 0 FLAG_ZERO: True FLAG_LT: 0 FLAG_GT: 0
INPUT_PORT:  []
OUT_PORT:  []
DATA_MEM:  [550, 257]
---------------------------------------
DEBUG    root:machine.py:309 LD 0
TICK: 26665 PC:   0 ADDR:   1 MEM_OUT: 257 ACC: 257 BUFF: 550 DC: 0 FLAG_ZERO: True FLAG_LT: 0 FLAG_GT: 0
INPUT_PORT:  []
OUT_PORT:  []
DATA_MEM:  [550, 257]
---------------------------------------
DEBUG    root:machine.py:309 INC 
TICK: 26669 PC:   1 ADDR:   0 MEM_OUT: 550 ACC: 550 BUFF: 550 DC: 0 FLAG_ZERO: True FLAG_LT: 0 FLAG_GT: 0
INPUT_PORT:  []
OUT_PORT:  []
DATA_MEM:  [550, 257]
---------------------------------------
DEBUG    root:machine.py:309 ST 0
TICK: 26672 PC:   2 ADDR:   0 MEM_OUT: 550 ACC: 551 BUFF: 550 DC: 0 FLAG_ZERO: True FLAG_LT: 0 FLAG_GT: 0
INPUT_PORT:  []
OUT_PORT:  []
DATA_MEM:  [550, 257]
---------------------------------------
DEBUG    root:machine.py:309 CMP 1000
TICK: 26676 PC:   3 ADDR:   0 MEM_OUT: 551 ACC: 551 BUFF: 550 DC: 0 FLAG_ZERO: True FLAG_LT: 0 FLAG_GT: 0
INPUT_PORT:  []
OUT_PORT:  []
DATA_MEM:  [551, 257]
---------------------------------------
DEBUG    root:machine.py:309 JGE 22
TICK: 26679 PC:   4 ADDR:   0 MEM_OUT: 551 ACC: 551 BUFF: 550 DC: 0 FLAG_ZERO: False FLAG_LT: 1 FLAG_GT: 0
INPUT_PORT:  []
OUT_PORT:  []
DATA_MEM:  [551, 257]
---------------------------------------
DEBUG    root:machine.py:309 LD 0
TICK: 26682 PC:   5 ADDR:   0 MEM_OUT: 551 ACC: 551 BUFF: 550 DC: 0 FLAG_ZERO: False FLAG_LT: 1 FLAG_GT: 0
INPUT_PORT:  []
OUT_PORT:  []
DATA_MEM:  [551, 257]
---------------------------------------
DEBUG    root:machine.py:309 MOD 3
TICK: 26686 PC:   6 ADDR:   0 MEM_OUT: 551 ACC: 551 BUFF: 550 DC: 0 FLAG_ZERO: False FLAG_LT: 1 FLAG_GT: 0
INPUT_PORT:  []
OUT_PORT:  []
DATA_MEM:  [551, 257]
---------------------------------------
DEBUG    root:machine.py:309 CMP 0
TICK: 26690 PC:   7 ADDR:   0 MEM_OUT: 551 ACC: 2 BUFF: 551 DC: 0 FLAG_ZERO: False FLAG_LT: 1 FLAG_GT: 0
INPUT_PORT:  []
OUT_PORT:  []
DATA_MEM:  [551, 257]
---------------------------------------
DEBUG    root:machine.py:309 JE 14
TICK: 26693 PC:   8 ADDR:   0 MEM_OUT: 551 ACC: 2 BUFF: 551 DC: 0 FLAG_ZERO: False FLAG_LT: 0 FLAG_GT: 1
INPUT_PORT:  []
OUT_PORT:  []
DATA_MEM:  [551, 257]
---------------------------------------
DEBUG    root:machine.py:309 LD 0
TICK: 26696 PC:   9 ADDR:   0 MEM_OUT: 551 ACC: 2 BUFF: 551 DC: 0 FLAG_ZERO: False FLAG_LT: 0 FLAG_GT: 1
INPUT_PORT:  []
OUT_PORT:  []
DATA_MEM:  [551, 257]
---------------------------------------
DEBUG    root:machine.py:309 MOD 5
TICK: 26700 PC:  10 ADDR:   0 MEM_OUT: 551 ACC: 551 BUFF: 551 DC: 0 FLAG_ZERO: False FLAG_LT: 0 FLAG_GT: 1
INPUT_PORT:  []
OUT_PORT:  []
DATA_MEM:  [551, 257]
---------------------------------------
DEBUG    root:machine.py:309 CMP 0
TICK: 26704 PC:  11 ADDR:   0 MEM_OUT: 551 ACC: 1 BUFF: 551 DC: 0 FLAG_ZERO: False FLAG_LT: 0 FLAG_GT: 1
INPUT_PORT:  []
OUT_PORT:  []
DATA_MEM:  [551, 257]
---------------------------------------
DEBUG    root:machine.py:309 JE 18
TICK: 26707 PC:  12 ADDR:   0 MEM_OUT: 551 ACC: 1 BUFF: 551 DC: 0 FLAG_ZERO: False FLAG_LT: 0 FLAG_GT: 1
INPUT_PORT:  []
OUT_PORT:  []
DATA_MEM:  [551, 257]
---------------------------------------
DEBUG    root:machine.py:309 JMP 0
TICK: 26710 PC:  13 ADDR:   0 MEM_OUT: 551 ACC: 1 BUFF: 551 DC: 0 FLAG_ZERO: False FLAG_LT: 0 FLAG_GT: 1
INPUT_PORT:  []
OUT_PORT:  []
DATA_MEM:  [551, 257]
---------------------------------------
DEBUG    root:machine.py:309 LD 0
TICK: 26713 PC:   0 ADDR:   0 MEM_OUT: 551 ACC: 1 BUFF: 551 DC: 0 FLAG_ZERO: False FLAG_LT: 0 FLAG_GT: 1
INPUT_PORT:  []
OUT_PORT:  []
DATA_MEM:  [551, 257]
---------------------------------------
DEBUG    root:machine.py:309 INC 
TICK: 26717 PC:   1 ADDR:   0 MEM_OUT: 551 ACC: 551 BUFF: 551 DC: 0 FLAG_ZERO: False FLAG_LT: 0 FLAG_GT: 1
INPUT_PORT:  []
OUT_PORT:  []
DATA_MEM:  [551, 257]
---------------------------------------
DEBUG    root:machine.py:309 ST 0
TICK: 26720 PC:   2 ADDR:   0 MEM_OUT: 551 ACC: 552 BUFF: 551 DC: 0 FLAG_ZERO: False FLAG_LT: 0 FLAG_GT: 1
INPUT_PORT:  []
OUT_PORT:  []
DATA_MEM:  [551, 257]
---------------------------------------
DEBUG    root:machine.py:309 CMP 1000
TICK: 26724 PC:   3 ADDR:   0 MEM_OUT: 552 ACC: 552 BUFF: 551 DC: 0 FLAG_ZERO: False FLAG_LT: 0 FLAG_GT: 1
INPUT_PORT:  []
OUT_PORT:  []
DATA_MEM:  [552, 257]
---------------------------------------
DEBUG    root:machine.py:309 JGE 22
TICK: 26727 PC:   4 ADDR:   0 MEM_OUT: 552 ACC: 552 BUFF: 551 DC: 0 FLAG_ZERO: False FLAG_LT: 1 FLAG_GT: 0
INPUT_PORT:  []
OUT_PORT:  []
DATA_MEM:  [552, 257]
---------------------------------------
DEBUG    root:machine.py:309 LD 0
TICK: 26730 PC:   5 ADDR:   0 MEM_OUT: 552 ACC: 552 BUFF: 551 DC: 0 FLAG_ZERO: False FLAG_LT: 1 FLAG_GT: 0
INPUT_PORT:  []
OUT_PORT:  []
DATA_MEM:  [552, 257]
---------------------------------------
DEBUG    root:machine.py:309 MOD 3
TICK: 26734 PC:   6 ADDR:   0 MEM_OUT: 552 ACC: 552 BUFF: 551 DC: 0 FLAG_ZERO: False FLAG_LT: 1 FLAG_GT: 0
INPUT_PORT:  []
OUT_PORT:  []
DATA_MEM:  [552, 257]
---------------------------------------
DEBUG    root:machine.py:309 CMP 0
TICK: 26738 PC:   7 ADDR:   0 MEM_OUT: 552 ACC: 0 BUFF: 552 DC: 0 FLAG_ZERO: False FLAG_LT: 1 FLAG_GT: 0
INPUT_PORT:  []
OUT_PORT:  []
DATA_MEM:  [552, 257]
---------------------------------------
DEBUG    root:machine.py:309 JE 14
TICK: 26741 PC:   8 ADDR:   0 MEM_OUT: 552 ACC: 0 BUFF: 552 DC: 0 FLAG_ZERO: True FLAG_LT: 0 FLAG_GT: 0
INPUT_PORT:  []
OUT_PORT:  []
DATA_MEM:  [552, 257]
---------------------------------------
DEBUG    root:machine.py:309 LD 4
TICK: 26744 PC:  14 ADDR:   0 MEM_OUT: 552 ACC: 0 BUFF: 552 DC: 0 FLAG_ZERO: True FLAG_LT: 0 FLAG_GT: 0
INPUT_PORT:  []
OUT_PORT:  []
DATA_MEM:  [552, 257]
---------------------------------------
DEBUG    root:machine.py:309 INC 
TICK: 26748 PC:  15 ADDR:   1 MEM_OUT: 257 ACC: 257 BUFF: 552 DC: 0 FLAG_ZERO: True FLAG_LT: 0 FLAG_GT: 0
INPUT_PORT:  []
OUT_PORT:  []
DATA_MEM:  [552, 257]
---------------------------------------
DEBUG    root:machine.py:309 ST 4
TICK: 26751 PC:  16 ADDR:   1 MEM_OUT: 257 ACC: 258 BUFF: 552 DC: 0 FLAG_ZERO: True FLAG_LT: 0 FLAG_GT: 0
INPUT_PORT:  []
OUT_PORT:  []
DATA_MEM:  [552, 257]
---------------------------------------
DEBUG    root:machine.py:309 JMP 0
TICK: 26755 PC:  17 ADDR:   1 MEM_OUT: 258 ACC: 258 BUFF: 552 DC: 0 FLAG_ZERO: True FLAG_LT: 0 FLAG_GT: 0
INPUT_PORT:  []
OUT_PORT:  []
DATA_MEM:  [552, 258]
---------------------------------------
DEBUG    root:machine.py:309 LD 0
TICK: 26758 PC:   0 ADDR:   1 MEM_OUT: 258 ACC: 258 BUFF: 552 DC: 0 FLAG_ZERO: True FLAG_LT: 0 FLAG_GT: 0
INPUT_PORT:  []
OUT_PORT:  []
DATA_MEM:  [552, 258]
---------------------------------------
DEBUG    root:machine.py:309 INC 
TICK: 26762 PC:   1 ADDR:   0 MEM_OUT: 552 ACC: 552 BUFF: 552 DC: 0 FLAG_ZERO: True FLAG_LT: 0 FLAG_GT: 0
INPUT_PORT:  []
OUT_PORT:  []
DATA_MEM:  [552, 258]
---------------------------------------
DEBUG    root:machine.py:309 ST 0
TICK: 26765 PC:   2 ADDR:   0 MEM_OUT: 552 ACC: 553 BUFF: 552 DC: 0 FLAG_ZERO: True FLAG_LT: 0 FLAG_GT: 0
INPUT_PORT:  []
OUT_PORT:  []
DATA_MEM:  [552, 258]
---------------------------------------
DEBUG    root:machine.py:309 CMP 1000
TICK: 26769 PC:   3 ADDR:   0 MEM_OUT: 553 ACC: 553 BUFF: 552 DC: 0 FLAG_ZERO: True FLAG_LT: 0 FLAG_GT: 0
INPUT_PORT:  []
OUT_PORT:  []
DATA_MEM:  [553, 258]
---------------------------------------
DEBUG    root:machine.py:309 JGE 22
TICK: 26772 PC:   4 ADDR:   0 MEM_OUT: 553 ACC: 553 BUFF: 552 DC: 0 FLAG_ZERO: False FLAG_LT: 1 FLAG_GT: 0
INPUT_PORT:  []
OUT_PORT:  []
DATA_MEM:  [553, 258]
---------------------------------------
DEBUG    root:machine.py:309 LD 0
TICK: 26775 PC:   5 ADDR:   0 MEM_OUT: 553 ACC: 553 BUFF: 552 DC: 0 FLAG_ZERO: False FLAG_LT: 1 FLAG_GT: 0
INPUT_PORT:  []
OUT_PORT:  []
DATA_MEM:  [553, 258]
---------------------------------------
DEBUG    root:machine.py:309 MOD 3
TICK: 26779 PC:   6 ADDR:   0 MEM_OUT: 553 ACC: 553 BUFF: 552 DC: 0 FLAG_ZERO: False FLAG_LT: 1 FLAG_GT: 0
INPUT_PORT:  []
OUT_PORT:  []
DATA_MEM:  [553, 258]
---------------------------------------
DEBUG    root:machine.py:309 CMP 0
TICK: 26783 PC:   7 ADDR:   0 MEM_OUT: 553 ACC: 1 BUFF: 553 DC: 0 FLAG_ZERO: False FLAG_LT: 1 FLAG_GT: 0
INPUT_PORT:  []
OUT_PORT:  []
DATA_MEM:  [553, 258]
---------------------------------------
DEBUG    root:machine.py:309 JE 14
TICK: 26786 PC:   8 ADDR:   0 MEM_OUT: 553 ACC: 1 BUFF: 553 DC: 0 FLAG_ZERO: False FLAG_LT: 0 FLAG_GT: 1
INPUT_PORT:  []
OUT_PORT:  []
DATA_MEM:  [553, 258]
---------------------------------------
DEBUG    root:machine.py:309 LD 0
TICK: 26789 PC:   9 ADDR:   0 MEM_OUT: 553 ACC: 1 BUFF: 553 DC: 0 FLAG_ZERO: False FLAG_LT: 0 FLAG_GT: 1
INPUT_PORT:  []
OUT_PORT:  []
DATA_MEM:  [553, 258]
---------------------------------------
DEBUG    root:machine.py:309 MOD 5
TICK: 26793 PC:  10 ADDR:   0 MEM_OUT: 553 ACC: 553 BUFF: 553 DC: 0 FLAG_ZERO: False FLAG_LT: 0 FLAG_GT: 1
INPUT_PORT:  []
OUT_PORT:  []
DATA_MEM:  [553, 258]
---------------------------------------
DEBUG    root:machine.py:309 CMP 0
TICK: 26797 PC:  11 ADDR:   0 MEM_OUT: 553 ACC: 3 BUFF: 553 DC: 0 FLAG_ZERO: False FLAG_LT: 0 FLAG_GT: 1
INPUT_PORT:  []
OUT_PORT:  []
DATA_MEM:  [553, 258]
---------------------------------------
DEBUG    root:machine.py:309 JE 18
TICK: 26800 PC:  12 ADDR:   0 MEM_OUT: 553 ACC: 3 BUFF: 553 DC: 0 FLAG_ZERO: False FLAG_LT: 0 FLAG_GT: 1
INPUT_PORT:  []
OUT_PORT:  []
DATA_MEM:  [553, 258]
---------------------------------------
DEBUG    root:machine.py:309 JMP 0
TICK: 26803 PC:  13 ADDR:   0 MEM_OUT: 553 ACC: 3 BUFF: 553 DC: 0 FLAG_ZERO: False FLAG_LT: 0 FLAG_GT: 1
INPUT_PORT:  []
OUT_PORT:  []
DATA_MEM:  [553, 258]
---------------------------------------
DEBUG    root:machine.py:309 LD 0
TICK: 26806 PC:   0 ADDR:   0 MEM_OUT: 553 ACC: 3 BUFF: 553 DC: 0 FLAG_ZERO: False FLAG_LT: 0 FLAG_GT: 1
INPUT_PORT:  []
OUT_PORT:  []
DATA_MEM:  [553, 258]
---------------------------------------
DEBUG    root:machine.py:309 INC 
TICK: 26810 PC:   1 ADDR:   0 MEM_OUT: 553 ACC: 553 BUFF: 553 DC: 0 FLAG_ZERO: False FLAG_LT: 0 FLAG_GT: 1
INPUT_PORT:  []
OUT_PORT:  []
DATA_MEM:  [553, 258]
---------------------------------------
DEBUG    root:machine.py:309 ST 0
TICK: 26813 PC:   2 ADDR:   0 MEM_OUT: 553 ACC: 554 BUFF: 553 DC: 0 FLAG_ZERO: False FLAG_LT: 0 FLAG_GT: 1
INPUT_PORT:  []
OUT_PORT:  []
DATA_MEM:  [553, 258]
---------------------------------------
DEBUG    root:machine.py:309 CMP 1000
TICK: 26817 PC:   3 ADDR:   0 MEM_OUT: 554 ACC: 554 BUFF: 553 DC: 0 FLAG_ZERO: False FLAG_LT: 0 FLAG_GT: 1
INPUT_PORT:  []
OUT_PORT:  []
DATA_MEM:  [554, 258]
---------------------------------------
DEBUG    root:machine.py:309 JGE 22
TICK: 26820 PC:   4 ADDR:   0 MEM_OUT: 554 ACC: 554 BUFF: 553 DC: 0 FLAG_ZERO: False FLAG_LT: 1 FLAG_GT: 0
INPUT_PORT:  []
OUT_PORT:  []
DATA_MEM:  [554, 258]
---------------------------------------
DEBUG    root:machine.py:309 LD 0
TICK: 26823 PC:   5 ADDR:   0 MEM_OUT: 554 ACC: 554 BUFF: 553 DC: 0 FLAG_ZERO: False FLAG_LT: 1 FLAG_GT: 0
INPUT_PORT:  []
OUT_PORT:  []
DATA_MEM:  [554, 258]
---------------------------------------
DEBUG    root:machine.py:309 MOD 3
TICK: 26827 PC:   6 ADDR:   0 MEM_OUT: 554 ACC: 554 BUFF: 553 DC: 0 FLAG_ZERO: False FLAG_LT: 1 FLAG_GT: 0
INPUT_PORT:  []
OUT_PORT:  []
DATA_MEM:  [554, 258]
---------------------------------------
DEBUG    root:machine.py:309 CMP 0
TICK: 26831 PC:   7 ADDR:   0 MEM_OUT: 554 ACC: 2 BUFF: 554 DC: 0 FLAG_ZERO: False FLAG_LT: 1 FLAG_GT: 0
INPUT_PORT:  []
OUT_PORT:  []
DATA_MEM:  [554, 258]
---------------------------------------
DEBUG    root:machine.py:309 JE 14
TICK: 26834 PC:   8 ADDR:   0 MEM_OUT: 554 ACC: 2 BUFF: 554 DC: 0 FLAG_ZERO: False FLAG_LT: 0 FLAG_GT: 1
INPUT_PORT:  []
OUT_PORT:  []
DATA_MEM:  [554, 258]
---------------------------------------
DEBUG    root:machine.py:309 LD 0
TICK: 26837 PC:   9 ADDR:   0 MEM_OUT: 554 ACC: 2 BUFF: 554 DC: 0 FLAG_ZERO: False FLAG_LT: 0 FLAG_GT: 1
INPUT_PORT:  []
OUT_PORT:  []
DATA_MEM:  [554, 258]
---------------------------------------
DEBUG    root:machine.py:309 MOD 5
TICK: 26841 PC:  10 ADDR:   0 MEM_OUT: 554 ACC: 554 BUFF: 554 DC: 0 FLAG_ZERO: False FLAG_LT: 0 FLAG_GT: 1
INPUT_PORT:  []
OUT_PORT:  []
DATA_MEM:  [554, 258]
---------------------------------------
DEBUG    root:machine.py:309 CMP 0
TICK: 26845 PC:  11 ADDR:   0 MEM_OUT: 554 ACC: 4 BUFF: 554 DC: 0 FLAG_ZERO: False FLAG_LT: 0 FLAG_GT: 1
INPUT_PORT:  []
OUT_PORT:  []
DATA_MEM:  [554, 258]
---------------------------------------
DEBUG    root:machine.py:309 JE 18
TICK: 26848 PC:  12 ADDR:   0 MEM_OUT: 554 ACC: 4 BUFF: 554 DC: 0 FLAG_ZERO: False FLAG_LT: 0 FLAG_GT: 1
INPUT_PORT:  []
OUT_PORT:  []
DATA_MEM:  [554, 258]
---------------------------------------
DEBUG    root:machine.py:309 JMP 0
TICK: 26851 PC:  13 ADDR:   0 MEM_OUT: 554 ACC: 4 BUFF: 554 DC: 0 FLAG_ZERO: False FLAG_LT: 0 FLAG_GT: 1
INPUT_PORT:  []
OUT_PORT:  []
DATA_MEM:  [554, 258]
---------------------------------------
DEBUG    root:machine.py:309 LD 0
TICK: 26854 PC:   0 ADDR:   0 MEM_OUT: 554 ACC: 4 BUFF: 554 DC: 0 FLAG_ZERO: False FLAG_LT: 0 FLAG_GT: 1
INPUT_PORT:  []
OUT_PORT:  []
DATA_MEM:  [554, 258]
---------------------------------------
DEBUG    root:machine.py:309 INC 
TICK: 26858 PC:   1 ADDR:   0 MEM_OUT: 554 ACC: 554 BUFF: 554 DC: 0 FLAG_ZERO: False FLAG_LT: 0 FLAG_GT: 1
INPUT_PORT:  []
OUT_PORT:  []
DATA_MEM:  [554, 258]
---------------------------------------
DEBUG    root:machine.py:309 ST 0
TICK: 26861 PC:   2 ADDR:   0 MEM_OUT: 554 ACC: 555 BUFF: 554 DC: 0 FLAG_ZERO: False FLAG_LT: 0 FLAG_GT: 1
INPUT_PORT:  []
OUT_PORT:  []
DATA_MEM:  [554, 258]
---------------------------------------
DEBUG    root:machine.py:309 CMP 1000
TICK: 26865 PC:   3 ADDR:   0 MEM_OUT: 555 ACC: 555 BUFF: 554 DC: 0 FLAG_ZERO: False FLAG_LT: 0 FLAG_GT: 1
INPUT_PORT:  []
OUT_PORT:  []
DATA_MEM:  [555, 258]
---------------------------------------
DEBUG    root:machine.py:309 JGE 22
TICK: 26868 PC:   4 ADDR:   0 MEM_OUT: 555 ACC: 555 BUFF: 554 DC: 0 FLAG_ZERO: False FLAG_LT: 1 FLAG_GT: 0
INPUT_PORT:  []
OUT_PORT:  []
DATA_MEM:  [555, 258]
---------------------------------------
DEBUG    root:machine.py:309 LD 0
TICK: 26871 PC:   5 ADDR:   0 MEM_OUT: 555 ACC: 555 BUFF: 554 DC: 0 FLAG_ZERO: False FLAG_LT: 1 FLAG_GT: 0
INPUT_PORT:  []
OUT_PORT:  []
DATA_MEM:  [555, 258]
---------------------------------------
DEBUG    root:machine.py:309 MOD 3
TICK: 26875 PC:   6 ADDR:   0 MEM_OUT: 555 ACC: 555 BUFF: 554 DC: 0 FLAG_ZERO: False FLAG_LT: 1 FLAG_GT: 0
INPUT_PORT:  []
OUT_PORT:  []
DATA_MEM:  [555, 258]
---------------------------------------
DEBUG    root:machine.py:309 CMP 0
TICK: 26879 PC:   7 ADDR:   0 MEM_OUT: 555 ACC: 0 BUFF: 555 DC: 0 FLAG_ZERO: False FLAG_LT: 1 FLAG_GT: 0
INPUT_PORT:  []
OUT_PORT:  []
DATA_MEM:  [555, 258]
---------------------------------------
DEBUG    root:machine.py:309 JE 14
TICK: 26882 PC:   8 ADDR:   0 MEM_OUT: 555 ACC: 0 BUFF: 555 DC: 0 FLAG_ZERO: True FLAG_LT: 0 FLAG_GT: 0
INPUT_PORT:  []
OUT_PORT:  []
DATA_MEM:  [555, 258]
---------------------------------------
DEBUG    root:machine.py:309 LD 4
TICK: 26885 PC:  14 ADDR:   0 MEM_OUT: 555 ACC: 0 BUFF: 555 DC: 0 FLAG_ZERO: True FLAG_LT: 0 FLAG_GT: 0
INPUT_PORT:  []
OUT_PORT:  []
DATA_MEM:  [555, 258]
---------------------------------------
DEBUG    root:machine.py:309 INC 
TICK: 26889 PC:  15 ADDR:   1 MEM_OUT: 258 ACC: 258 BUFF: 555 DC: 0 FLAG_ZERO: True FLAG_LT: 0 FLAG_GT: 0
INPUT_PORT:  []
OUT_PORT:  []
DATA_MEM:  [555, 258]
---------------------------------------
DEBUG    root:machine.py:309 ST 4
TICK: 26892 PC:  16 ADDR:   1 MEM_OUT: 258 ACC: 259 BUFF: 555 DC: 0 FLAG_ZERO: True FLAG_LT: 0 FLAG_GT: 0
INPUT_PORT:  []
OUT_PORT:  []
DATA_MEM:  [555, 258]
---------------------------------------
DEBUG    root:machine.py:309 JMP 0
TICK: 26896 PC:  17 ADDR:   1 MEM_OUT: 259 ACC: 259 BUFF: 555 DC: 0 FLAG_ZERO: True FLAG_LT: 0 FLAG_GT: 0
INPUT_PORT:  []
OUT_PORT:  []
DATA_MEM:  [555, 259]
---------------------------------------
DEBUG    root:machine.py:309 LD 0
TICK: 26899 PC:   0 ADDR:   1 MEM_OUT: 259 ACC: 259 BUFF: 555 DC: 0 FLAG_ZERO: True FLAG_LT: 0 FLAG_GT: 0
INPUT_PORT:  []
OUT_PORT:  []
DATA_MEM:  [555, 259]
---------------------------------------
DEBUG    root:machine.py:309 INC 
TICK: 26903 PC:   1 ADDR:   0 MEM_OUT: 555 ACC: 555 BUFF: 555 DC: 0 FLAG_ZERO: True FLAG_LT: 0 FLAG_GT: 0
INPUT_PORT:  []
OUT_PORT:  []
DATA_MEM:  [555, 259]
---------------------------------------
DEBUG    root:machine.py:309 ST 0
TICK: 26906 PC:   2 ADDR:   0 MEM_OUT: 555 ACC: 556 BUFF: 555 DC: 0 FLAG_ZERO: True FLAG_LT: 0 FLAG_GT: 0
INPUT_PORT:  []
OUT_PORT:  []
DATA_MEM:  [555, 259]
---------------------------------------
DEBUG    root:machine.py:309 CMP 1000
TICK: 26910 PC:   3 ADDR:   0 MEM_OUT: 556 ACC: 556 BUFF: 555 DC: 0 FLAG_ZERO: True FLAG_LT: 0 FLAG_GT: 0
INPUT_PORT:  []
OUT_PORT:  []
DATA_MEM:  [556, 259]
---------------------------------------
DEBUG    root:machine.py:309 JGE 22
TICK: 26913 PC:   4 ADDR:   0 MEM_OUT: 556 ACC: 556 BUFF: 555 DC: 0 FLAG_ZERO: False FLAG_LT: 1 FLAG_GT: 0
INPUT_PORT:  []
OUT_PORT:  []
DATA_MEM:  [556, 259]
---------------------------------------
DEBUG    root:machine.py:309 LD 0
TICK: 26916 PC:   5 ADDR:   0 MEM_OUT: 556 ACC: 556 BUFF: 555 DC: 0 FLAG_ZERO: False FLAG_LT: 1 FLAG_GT: 0
INPUT_PORT:  []
OUT_PORT:  []
DATA_MEM:  [556, 259]
---------------------------------------
DEBUG    root:machine.py:309 MOD 3
TICK: 26920 PC:   6 ADDR:   0 MEM_OUT: 556 ACC: 556 BUFF: 555 DC: 0 FLAG_ZERO: False FLAG_LT: 1 FLAG_GT: 0
INPUT_PORT:  []
OUT_PORT:  []
DATA_MEM:  [556, 259]
---------------------------------------
DEBUG    root:machine.py:309 CMP 0
TICK: 26924 PC:   7 ADDR:   0 MEM_OUT: 556 ACC: 1 BUFF: 556 DC: 0 FLAG_ZERO: False FLAG_LT: 1 FLAG_GT: 0
INPUT_PORT:  []
OUT_PORT:  []
DATA_MEM:  [556, 259]
---------------------------------------
DEBUG    root:machine.py:309 JE 14
TICK: 26927 PC:   8 ADDR:   0 MEM_OUT: 556 ACC: 1 BUFF: 556 DC: 0 FLAG_ZERO: False FLAG_LT: 0 FLAG_GT: 1
INPUT_PORT:  []
OUT_PORT:  []
DATA_MEM:  [556, 259]
---------------------------------------
DEBUG    root:machine.py:309 LD 0
TICK: 26930 PC:   9 ADDR:   0 MEM_OUT: 556 ACC: 1 BUFF: 556 DC: 0 FLAG_ZERO: False FLAG_LT: 0 FLAG_GT: 1
INPUT_PORT:  []
OUT_PORT:  []
DATA_MEM:  [556, 259]
---------------------------------------
DEBUG    root:machine.py:309 MOD 5
TICK: 26934 PC:  10 ADDR:   0 MEM_OUT: 556 ACC: 556 BUFF: 556 DC: 0 FLAG_ZERO: False FLAG_LT: 0 FLAG_GT: 1
INPUT_PORT:  []
OUT_PORT:  []
DATA_MEM:  [556, 259]
---------------------------------------
DEBUG    root:machine.py:309 CMP 0
TICK: 26938 PC:  11 ADDR:   0 MEM_OUT: 556 ACC: 1 BUFF: 556 DC: 0 FLAG_ZERO: False FLAG_LT: 0 FLAG_GT: 1
INPUT_PORT:  []
OUT_PORT:  []
DATA_MEM:  [556, 259]
---------------------------------------
DEBUG    root:machine.py:309 JE 18
TICK: 26941 PC:  12 ADDR:   0 MEM_OUT: 556 ACC: 1 BUFF: 556 DC: 0 FLAG_ZERO: False FLAG_LT: 0 FLAG_GT: 1
INPUT_PORT:  []
OUT_PORT:  []
DATA_MEM:  [556, 259]
---------------------------------------
DEBUG    root:machine.py:309 JMP 0
TICK: 26944 PC:  13 ADDR:   0 MEM_OUT: 556 ACC: 1 BUFF: 556 DC: 0 FLAG_ZERO: False FLAG_LT: 0 FLAG_GT: 1
INPUT_PORT:  []
OUT_PORT:  []
DATA_MEM:  [556, 259]
---------------------------------------
DEBUG    root:machine.py:309 LD 0
TICK: 26947 PC:   0 ADDR:   0 MEM_OUT: 556 ACC: 1 BUFF: 556 DC: 0 FLAG_ZERO: False FLAG_LT: 0 FLAG_GT: 1
INPUT_PORT:  []
OUT_PORT:  []
DATA_MEM:  [556, 259]
---------------------------------------
DEBUG    root:machine.py:309 INC 
TICK: 26951 PC:   1 ADDR:   0 MEM_OUT: 556 ACC: 556 BUFF: 556 DC: 0 FLAG_ZERO: False FLAG_LT: 0 FLAG_GT: 1
INPUT_PORT:  []
OUT_PORT:  []
DATA_MEM:  [556, 259]
---------------------------------------
DEBUG    root:machine.py:309 ST 0
TICK: 26954 PC:   2 ADDR:   0 MEM_OUT: 556 ACC: 557 BUFF: 556 DC: 0 FLAG_ZERO: False FLAG_LT: 0 FLAG_GT: 1
INPUT_PORT:  []
OUT_PORT:  []
DATA_MEM:  [556, 259]
---------------------------------------
DEBUG    root:machine.py:309 CMP 1000
TICK: 26958 PC:   3 ADDR:   0 MEM_OUT: 557 ACC: 557 BUFF: 556 DC: 0 FLAG_ZERO: False FLAG_LT: 0 FLAG_GT: 1
INPUT_PORT:  []
OUT_PORT:  []
DATA_MEM:  [557, 259]
---------------------------------------
DEBUG    root:machine.py:309 JGE 22
TICK: 26961 PC:   4 ADDR:   0 MEM_OUT: 557 ACC: 557 BUFF: 556 DC: 0 FLAG_ZERO: False FLAG_LT: 1 FLAG_GT: 0
INPUT_PORT:  []
OUT_PORT:  []
DATA_MEM:  [557, 259]
---------------------------------------
DEBUG    root:machine.py:309 LD 0
TICK: 26964 PC:   5 ADDR:   0 MEM_OUT: 557 ACC: 557 BUFF: 556 DC: 0 FLAG_ZERO: False FLAG_LT: 1 FLAG_GT: 0
INPUT_PORT:  []
OUT_PORT:  []
DATA_MEM:  [557, 259]
---------------------------------------
DEBUG    root:machine.py:309 MOD 3
TICK: 26968 PC:   6 ADDR:   0 MEM_OUT: 557 ACC: 557 BUFF: 556 DC: 0 FLAG_ZERO: False FLAG_LT: 1 FLAG_GT: 0
INPUT_PORT:  []
OUT_PORT:  []
DATA_MEM:  [557, 259]
---------------------------------------
DEBUG    root:machine.py:309 CMP 0
TICK: 26972 PC:   7 ADDR:   0 MEM_OUT: 557 ACC: 2 BUFF: 557 DC: 0 FLAG_ZERO: False FLAG_LT: 1 FLAG_GT: 0
INPUT_PORT:  []
OUT_PORT:  []
DATA_MEM:  [557, 259]
---------------------------------------
DEBUG    root:machine.py:309 JE 14
TICK: 26975 PC:   8 ADDR:   0 MEM_OUT: 557 ACC: 2 BUFF: 557 DC: 0 FLAG_ZERO: False FLAG_LT: 0 FLAG_GT: 1
INPUT_PORT:  []
OUT_PORT:  []
DATA_MEM:  [557, 259]
---------------------------------------
DEBUG    root:machine.py:309 LD 0
TICK: 26978 PC:   9 ADDR:   0 MEM_OUT: 557 ACC: 2 BUFF: 557 DC: 0 FLAG_ZERO: False FLAG_LT: 0 FLAG_GT: 1
INPUT_PORT:  []
OUT_PORT:  []
DATA_MEM:  [557, 259]
---------------------------------------
DEBUG    root:machine.py:309 MOD 5
TICK: 26982 PC:  10 ADDR:   0 MEM_OUT: 557 ACC: 557 BUFF: 557 DC: 0 FLAG_ZERO: False FLAG_LT: 0 FLAG_GT: 1
INPUT_PORT:  []
OUT_PORT:  []
DATA_MEM:  [557, 259]
---------------------------------------
DEBUG    root:machine.py:309 CMP 0
TICK: 26986 PC:  11 ADDR:   0 MEM_OUT: 557 ACC: 2 BUFF: 557 DC: 0 FLAG_ZERO: False FLAG_LT: 0 FLAG_GT: 1
INPUT_PORT:  []
OUT_PORT:  []
DATA_MEM:  [557, 259]
---------------------------------------
DEBUG    root:machine.py:309 JE 18
TICK: 26989 PC:  12 ADDR:   0 MEM_OUT: 557 ACC: 2 BUFF: 557 DC: 0 FLAG_ZERO: False FLAG_LT: 0 FLAG_GT: 1
INPUT_PORT:  []
OUT_PORT:  []
DATA_MEM:  [557, 259]
---------------------------------------
DEBUG    root:machine.py:309 JMP 0
TICK: 26992 PC:  13 ADDR:   0 MEM_OUT: 557 ACC: 2 BUFF: 557 DC: 0 FLAG_ZERO: False FLAG_LT: 0 FLAG_GT: 1
INPUT_PORT:  []
OUT_PORT:  []
DATA_MEM:  [557, 259]
---------------------------------------
DEBUG    root:machine.py:309 LD 0
TICK: 26995 PC:   0 ADDR:   0 MEM_OUT: 557 ACC: 2 BUFF: 557 DC: 0 FLAG_ZERO: False FLAG_LT: 0 FLAG_GT: 1
INPUT_PORT:  []
OUT_PORT:  []
DATA_MEM:  [557, 259]
---------------------------------------
DEBUG    root:machine.py:309 INC 
TICK: 26999 PC:   1 ADDR:   0 MEM_OUT: 557 ACC: 557 BUFF: 557 DC: 0 FLAG_ZERO: False FLAG_LT: 0 FLAG_GT: 1
INPUT_PORT:  []
OUT_PORT:  []
DATA_MEM:  [557, 259]
---------------------------------------
DEBUG    root:machine.py:309 ST 0
TICK: 27002 PC:   2 ADDR:   0 MEM_OUT: 557 ACC: 558 BUFF: 557 DC: 0 FLAG_ZERO: False FLAG_LT: 0 FLAG_GT: 1
INPUT_PORT:  []
OUT_PORT:  []
DATA_MEM:  [557, 259]
---------------------------------------
DEBUG    root:machine.py:309 CMP 1000
TICK: 27006 PC:   3 ADDR:   0 MEM_OUT: 558 ACC: 558 BUFF: 557 DC: 0 FLAG_ZERO: False FLAG_LT: 0 FLAG_GT: 1
INPUT_PORT:  []
OUT_PORT:  []
DATA_MEM:  [558, 259]
---------------------------------------
DEBUG    root:machine.py:309 JGE 22
TICK: 27009 PC:   4 ADDR:   0 MEM_OUT: 558 ACC: 558 BUFF: 557 DC: 0 FLAG_ZERO: False FLAG_LT: 1 FLAG_GT: 0
INPUT_PORT:  []
OUT_PORT:  []
DATA_MEM:  [558, 259]
---------------------------------------
DEBUG    root:machine.py:309 LD 0
TICK: 27012 PC:   5 ADDR:   0 MEM_OUT: 558 ACC: 558 BUFF: 557 DC: 0 FLAG_ZERO: False FLAG_LT: 1 FLAG_GT: 0
INPUT_PORT:  []
OUT_PORT:  []
DATA_MEM:  [558, 259]
---------------------------------------
DEBUG    root:machine.py:309 MOD 3
TICK: 27016 PC:   6 ADDR:   0 MEM_OUT: 558 ACC: 558 BUFF: 557 DC: 0 FLAG_ZERO: False FLAG_LT: 1 FLAG_GT: 0
INPUT_PORT:  []
OUT_PORT:  []
DATA_MEM:  [558, 259]
---------------------------------------
DEBUG    root:machine.py:309 CMP 0
TICK: 27020 PC:   7 ADDR:   0 MEM_OUT: 558 ACC: 0 BUFF: 558 DC: 0 FLAG_ZERO: False FLAG_LT: 1 FLAG_GT: 0
INPUT_PORT:  []
OUT_PORT:  []
DATA_MEM:  [558, 259]
---------------------------------------
DEBUG    root:machine.py:309 JE 14
TICK: 27023 PC:   8 ADDR:   0 MEM_OUT: 558 ACC: 0 BUFF: 558 DC: 0 FLAG_ZERO: True FLAG_LT: 0 FLAG_GT: 0
INPUT_PORT:  []
OUT_PORT:  []
DATA_MEM:  [558, 259]
---------------------------------------
DEBUG    root:machine.py:309 LD 4
TICK: 27026 PC:  14 ADDR:   0 MEM_OUT: 558 ACC: 0 BUFF: 558 DC: 0 FLAG_ZERO: True FLAG_LT: 0 FLAG_GT: 0
INPUT_PORT:  []
OUT_PORT:  []
DATA_MEM:  [558, 259]
---------------------------------------
DEBUG    root:machine.py:309 INC 
TICK: 27030 PC:  15 ADDR:   1 MEM_OUT: 259 ACC: 259 BUFF: 558 DC: 0 FLAG_ZERO: True FLAG_LT: 0 FLAG_GT: 0
INPUT_PORT:  []
OUT_PORT:  []
DATA_MEM:  [558, 259]
---------------------------------------
DEBUG    root:machine.py:309 ST 4
TICK: 27033 PC:  16 ADDR:   1 MEM_OUT: 259 ACC: 260 BUFF: 558 DC: 0 FLAG_ZERO: True FLAG_LT: 0 FLAG_GT: 0
INPUT_PORT:  []
OUT_PORT:  []
DATA_MEM:  [558, 259]
---------------------------------------
DEBUG    root:machine.py:309 JMP 0
TICK: 27037 PC:  17 ADDR:   1 MEM_OUT: 260 ACC: 260 BUFF: 558 DC: 0 FLAG_ZERO: True FLAG_LT: 0 FLAG_GT: 0
INPUT_PORT:  []
OUT_PORT:  []
DATA_MEM:  [558, 260]
---------------------------------------
DEBUG    root:machine.py:309 LD 0
TICK: 27040 PC:   0 ADDR:   1 MEM_OUT: 260 ACC: 260 BUFF: 558 DC: 0 FLAG_ZERO: True FLAG_LT: 0 FLAG_GT: 0
INPUT_PORT:  []
OUT_PORT:  []
DATA_MEM:  [558, 260]
---------------------------------------
DEBUG    root:machine.py:309 INC 
TICK: 27044 PC:   1 ADDR:   0 MEM_OUT: 558 ACC: 558 BUFF: 558 DC: 0 FLAG_ZERO: True FLAG_LT: 0 FLAG_GT: 0
INPUT_PORT:  []
OUT_PORT:  []
DATA_MEM:  [558, 260]
---------------------------------------
DEBUG    root:machine.py:309 ST 0
TICK: 27047 PC:   2 ADDR:   0 MEM_OUT: 558 ACC: 559 BUFF: 558 DC: 0 FLAG_ZERO: True FLAG_LT: 0 FLAG_GT: 0
INPUT_PORT:  []
OUT_PORT:  []
DATA_MEM:  [558, 260]
---------------------------------------
DEBUG    root:machine.py:309 CMP 1000
TICK: 27051 PC:   3 ADDR:   0 MEM_OUT: 559 ACC: 559 BUFF: 558 DC: 0 FLAG_ZERO: True FLAG_LT: 0 FLAG_GT: 0
INPUT_PORT:  []
OUT_PORT:  []
DATA_MEM:  [559, 260]
---------------------------------------
DEBUG    root:machine.py:309 JGE 22
TICK: 27054 PC:   4 ADDR:   0 MEM_OUT: 559 ACC: 559 BUFF: 558 DC: 0 FLAG_ZERO: False FLAG_LT: 1 FLAG_GT: 0
INPUT_PORT:  []
OUT_PORT:  []
DATA_MEM:  [559, 260]
---------------------------------------
DEBUG    root:machine.py:309 LD 0
TICK: 27057 PC:   5 ADDR:   0 MEM_OUT: 559 ACC: 559 BUFF: 558 DC: 0 FLAG_ZERO: False FLAG_LT: 1 FLAG_GT: 0
INPUT_PORT:  []
OUT_PORT:  []
DATA_MEM:  [559, 260]
---------------------------------------
DEBUG    root:machine.py:309 MOD 3
TICK: 27061 PC:   6 ADDR:   0 MEM_OUT: 559 ACC: 559 BUFF: 558 DC: 0 FLAG_ZERO: False FLAG_LT: 1 FLAG_GT: 0
INPUT_PORT:  []
OUT_PORT:  []
DATA_MEM:  [559, 260]
---------------------------------------
DEBUG    root:machine.py:309 CMP 0
TICK: 27065 PC:   7 ADDR:   0 MEM_OUT: 559 ACC: 1 BUFF: 559 DC: 0 FLAG_ZERO: False FLAG_LT: 1 FLAG_GT: 0
INPUT_PORT:  []
OUT_PORT:  []
DATA_MEM:  [559, 260]
---------------------------------------
DEBUG    root:machine.py:309 JE 14
TICK: 27068 PC:   8 ADDR:   0 MEM_OUT: 559 ACC: 1 BUFF: 559 DC: 0 FLAG_ZERO: False FLAG_LT: 0 FLAG_GT: 1
INPUT_PORT:  []
OUT_PORT:  []
DATA_MEM:  [559, 260]
---------------------------------------
DEBUG    root:machine.py:309 LD 0
TICK: 27071 PC:   9 ADDR:   0 MEM_OUT: 559 ACC: 1 BUFF: 559 DC: 0 FLAG_ZERO: False FLAG_LT: 0 FLAG_GT: 1
INPUT_PORT:  []
OUT_PORT:  []
DATA_MEM:  [559, 260]
---------------------------------------
DEBUG    root:machine.py:309 MOD 5
TICK: 27075 PC:  10 ADDR:   0 MEM_OUT: 559 ACC: 559 BUFF: 559 DC: 0 FLAG_ZERO: False FLAG_LT: 0 FLAG_GT: 1
INPUT_PORT:  []
OUT_PORT:  []
DATA_MEM:  [559, 260]
---------------------------------------
DEBUG    root:machine.py:309 CMP 0
TICK: 27079 PC:  11 ADDR:   0 MEM_OUT: 559 ACC: 4 BUFF: 559 DC: 0 FLAG_ZERO: False FLAG_LT: 0 FLAG_GT: 1
INPUT_PORT:  []
OUT_PORT:  []
DATA_MEM:  [559, 260]
---------------------------------------
DEBUG    root:machine.py:309 JE 18
TICK: 27082 PC:  12 ADDR:   0 MEM_OUT: 559 ACC: 4 BUFF: 559 DC: 0 FLAG_ZERO: False FLAG_LT: 0 FLAG_GT: 1
INPUT_PORT:  []
OUT_PORT:  []
DATA_MEM:  [559, 260]
---------------------------------------
DEBUG    root:machine.py:309 JMP 0
TICK: 27085 PC:  13 ADDR:   0 MEM_OUT: 559 ACC: 4 BUFF: 559 DC: 0 FLAG_ZERO: False FLAG_LT: 0 FLAG_GT: 1
INPUT_PORT:  []
OUT_PORT:  []
DATA_MEM:  [559, 260]
---------------------------------------
DEBUG    root:machine.py:309 LD 0
TICK: 27088 PC:   0 ADDR:   0 MEM_OUT: 559 ACC: 4 BUFF: 559 DC: 0 FLAG_ZERO: False FLAG_LT: 0 FLAG_GT: 1
INPUT_PORT:  []
OUT_PORT:  []
DATA_MEM:  [559, 260]
---------------------------------------
DEBUG    root:machine.py:309 INC 
TICK: 27092 PC:   1 ADDR:   0 MEM_OUT: 559 ACC: 559 BUFF: 559 DC: 0 FLAG_ZERO: False FLAG_LT: 0 FLAG_GT: 1
INPUT_PORT:  []
OUT_PORT:  []
DATA_MEM:  [559, 260]
---------------------------------------
DEBUG    root:machine.py:309 ST 0
TICK: 27095 PC:   2 ADDR:   0 MEM_OUT: 559 ACC: 560 BUFF: 559 DC: 0 FLAG_ZERO: False FLAG_LT: 0 FLAG_GT: 1
INPUT_PORT:  []
OUT_PORT:  []
DATA_MEM:  [559, 260]
---------------------------------------
DEBUG    root:machine.py:309 CMP 1000
TICK: 27099 PC:   3 ADDR:   0 MEM_OUT: 560 ACC: 560 BUFF: 559 DC: 0 FLAG_ZERO: False FLAG_LT: 0 FLAG_GT: 1
INPUT_PORT:  []
OUT_PORT:  []
DATA_MEM:  [560, 260]
---------------------------------------
DEBUG    root:machine.py:309 JGE 22
TICK: 27102 PC:   4 ADDR:   0 MEM_OUT: 560 ACC: 560 BUFF: 559 DC: 0 FLAG_ZERO: False FLAG_LT: 1 FLAG_GT: 0
INPUT_PORT:  []
OUT_PORT:  []
DATA_MEM:  [560, 260]
---------------------------------------
DEBUG    root:machine.py:309 LD 0
TICK: 27105 PC:   5 ADDR:   0 MEM_OUT: 560 ACC: 560 BUFF: 559 DC: 0 FLAG_ZERO: False FLAG_LT: 1 FLAG_GT: 0
INPUT_PORT:  []
OUT_PORT:  []
DATA_MEM:  [560, 260]
---------------------------------------
DEBUG    root:machine.py:309 MOD 3
TICK: 27109 PC:   6 ADDR:   0 MEM_OUT: 560 ACC: 560 BUFF: 559 DC: 0 FLAG_ZERO: False FLAG_LT: 1 FLAG_GT: 0
INPUT_PORT:  []
OUT_PORT:  []
DATA_MEM:  [560, 260]
---------------------------------------
DEBUG    root:machine.py:309 CMP 0
TICK: 27113 PC:   7 ADDR:   0 MEM_OUT: 560 ACC: 2 BUFF: 560 DC: 0 FLAG_ZERO: False FLAG_LT: 1 FLAG_GT: 0
INPUT_PORT:  []
OUT_PORT:  []
DATA_MEM:  [560, 260]
---------------------------------------
DEBUG    root:machine.py:309 JE 14
TICK: 27116 PC:   8 ADDR:   0 MEM_OUT: 560 ACC: 2 BUFF: 560 DC: 0 FLAG_ZERO: False FLAG_LT: 0 FLAG_GT: 1
INPUT_PORT:  []
OUT_PORT:  []
DATA_MEM:  [560, 260]
---------------------------------------
DEBUG    root:machine.py:309 LD 0
TICK: 27119 PC:   9 ADDR:   0 MEM_OUT: 560 ACC: 2 BUFF: 560 DC: 0 FLAG_ZERO: False FLAG_LT: 0 FLAG_GT: 1
INPUT_PORT:  []
OUT_PORT:  []
DATA_MEM:  [560, 260]
---------------------------------------
DEBUG    root:machine.py:309 MOD 5
TICK: 27123 PC:  10 ADDR:   0 MEM_OUT: 560 ACC: 560 BUFF: 560 DC: 0 FLAG_ZERO: False FLAG_LT: 0 FLAG_GT: 1
INPUT_PORT:  []
OUT_PORT:  []
DATA_MEM:  [560, 260]
---------------------------------------
DEBUG    root:machine.py:309 CMP 0
TICK: 27127 PC:  11 ADDR:   0 MEM_OUT: 560 ACC: 0 BUFF: 560 DC: 0 FLAG_ZERO: False FLAG_LT: 0 FLAG_GT: 1
INPUT_PORT:  []
OUT_PORT:  []
DATA_MEM:  [560, 260]
---------------------------------------
DEBUG    root:machine.py:309 JE 18
TICK: 27130 PC:  12 ADDR:   0 MEM_OUT: 560 ACC: 0 BUFF: 560 DC: 0 FLAG_ZERO: True FLAG_LT: 0 FLAG_GT: 0
INPUT_PORT:  []
OUT_PORT:  []
DATA_MEM:  [560, 260]
---------------------------------------
DEBUG    root:machine.py:309 LD 4
TICK: 27133 PC:  18 ADDR:   0 MEM_OUT: 560 ACC: 0 BUFF: 560 DC: 0 FLAG_ZERO: True FLAG_LT: 0 FLAG_GT: 0
INPUT_PORT:  []
OUT_PORT:  []
DATA_MEM:  [560, 260]
---------------------------------------
DEBUG    root:machine.py:309 INC 
TICK: 27137 PC:  19 ADDR:   1 MEM_OUT: 260 ACC: 260 BUFF: 560 DC: 0 FLAG_ZERO: True FLAG_LT: 0 FLAG_GT: 0
INPUT_PORT:  []
OUT_PORT:  []
DATA_MEM:  [560, 260]
---------------------------------------
DEBUG    root:machine.py:309 ST 4
TICK: 27140 PC:  20 ADDR:   1 MEM_OUT: 260 ACC: 261 BUFF: 560 DC: 0 FLAG_ZERO: True FLAG_LT: 0 FLAG_GT: 0
INPUT_PORT:  []
OUT_PORT:  []
DATA_MEM:  [560, 260]
---------------------------------------
DEBUG    root:machine.py:309 JMP 0
TICK: 27144 PC:  21 ADDR:   1 MEM_OUT: 261 ACC: 261 BUFF: 560 DC: 0 FLAG_ZERO: True FLAG_LT: 0 FLAG_GT: 0
INPUT_PORT:  []
OUT_PORT:  []
DATA_MEM:  [560, 261]
---------------------------------------
DEBUG    root:machine.py:309 LD 0
TICK: 27147 PC:   0 ADDR:   1 MEM_OUT: 261 ACC: 261 BUFF: 560 DC: 0 FLAG_ZERO: True FLAG_LT: 0 FLAG_GT: 0
INPUT_PORT:  []
OUT_PORT:  []
DATA_MEM:  [560, 261]
---------------------------------------
DEBUG    root:machine.py:309 INC 
TICK: 27151 PC:   1 ADDR:   0 MEM_OUT: 560 ACC: 560 BUFF: 560 DC: 0 FLAG_ZERO: True FLAG_LT: 0 FLAG_GT: 0
INPUT_PORT:  []
OUT_PORT:  []
DATA_MEM:  [560, 261]
---------------------------------------
DEBUG    root:machine.py:309 ST 0
TICK: 27154 PC:   2 ADDR:   0 MEM_OUT: 560 ACC: 561 BUFF: 560 DC: 0 FLAG_ZERO: True FLAG_LT: 0 FLAG_GT: 0
INPUT_PORT:  []
OUT_PORT:  []
DATA_MEM:  [560, 261]
---------------------------------------
DEBUG    root:machine.py:309 CMP 1000
TICK: 27158 PC:   3 ADDR:   0 MEM_OUT: 561 ACC: 561 BUFF: 560 DC: 0 FLAG_ZERO: True FLAG_LT: 0 FLAG_GT: 0
INPUT_PORT:  []
OUT_PORT:  []
DATA_MEM:  [561, 261]
---------------------------------------
DEBUG    root:machine.py:309 JGE 22
TICK: 27161 PC:   4 ADDR:   0 MEM_OUT: 561 ACC: 561 BUFF: 560 DC: 0 FLAG_ZERO: False FLAG_LT: 1 FLAG_GT: 0
INPUT_PORT:  []
OUT_PORT:  []
DATA_MEM:  [561, 261]
---------------------------------------
DEBUG    root:machine.py:309 LD 0
TICK: 27164 PC:   5 ADDR:   0 MEM_OUT: 561 ACC: 561 BUFF: 560 DC: 0 FLAG_ZERO: False FLAG_LT: 1 FLAG_GT: 0
INPUT_PORT:  []
OUT_PORT:  []
DATA_MEM:  [561, 261]
---------------------------------------
DEBUG    root:machine.py:309 MOD 3
TICK: 27168 PC:   6 ADDR:   0 MEM_OUT: 561 ACC: 561 BUFF: 560 DC: 0 FLAG_ZERO: False FLAG_LT: 1 FLAG_GT: 0
INPUT_PORT:  []
OUT_PORT:  []
DATA_MEM:  [561, 261]
---------------------------------------
DEBUG    root:machine.py:309 CMP 0
TICK: 27172 PC:   7 ADDR:   0 MEM_OUT: 561 ACC: 0 BUFF: 561 DC: 0 FLAG_ZERO: False FLAG_LT: 1 FLAG_GT: 0
INPUT_PORT:  []
OUT_PORT:  []
DATA_MEM:  [561, 261]
---------------------------------------
DEBUG    root:machine.py:309 JE 14
TICK: 27175 PC:   8 ADDR:   0 MEM_OUT: 561 ACC: 0 BUFF: 561 DC: 0 FLAG_ZERO: True FLAG_LT: 0 FLAG_GT: 0
INPUT_PORT:  []
OUT_PORT:  []
DATA_MEM:  [561, 261]
---------------------------------------
DEBUG    root:machine.py:309 LD 4
TICK: 27178 PC:  14 ADDR:   0 MEM_OUT: 561 ACC: 0 BUFF: 561 DC: 0 FLAG_ZERO: True FLAG_LT: 0 FLAG_GT: 0
INPUT_PORT:  []
OUT_PORT:  []
DATA_MEM:  [561, 261]
---------------------------------------
DEBUG    root:machine.py:309 INC 
TICK: 27182 PC:  15 ADDR:   1 MEM_OUT: 261 ACC: 261 BUFF: 561 DC: 0 FLAG_ZERO: True FLAG_LT: 0 FLAG_GT: 0
INPUT_PORT:  []
OUT_PORT:  []
DATA_MEM:  [561, 261]
---------------------------------------
DEBUG    root:machine.py:309 ST 4
TICK: 27185 PC:  16 ADDR:   1 MEM_OUT: 261 ACC: 262 BUFF: 561 DC: 0 FLAG_ZERO: True FLAG_LT: 0 FLAG_GT: 0
INPUT_PORT:  []
OUT_PORT:  []
DATA_MEM:  [561, 261]
---------------------------------------
DEBUG    root:machine.py:309 JMP 0
TICK: 27189 PC:  17 ADDR:   1 MEM_OUT: 262 ACC: 262 BUFF: 561 DC: 0 FLAG_ZERO: True FLAG_LT: 0 FLAG_GT: 0
INPUT_PORT:  []
OUT_PORT:  []
DATA_MEM:  [561, 262]
---------------------------------------
DEBUG    root:machine.py:309 LD 0
TICK: 27192 PC:   0 ADDR:   1 MEM_OUT: 262 ACC: 262 BUFF: 561 DC: 0 FLAG_ZERO: True FLAG_LT: 0 FLAG_GT: 0
INPUT_PORT:  []
OUT_PORT:  []
DATA_MEM:  [561, 262]
---------------------------------------
DEBUG    root:machine.py:309 INC 
TICK: 27196 PC:   1 ADDR:   0 MEM_OUT: 561 ACC: 561 BUFF: 561 DC: 0 FLAG_ZERO: True FLAG_LT: 0 FLAG_GT: 0
INPUT_PORT:  []
OUT_PORT:  []
DATA_MEM:  [561, 262]
---------------------------------------
DEBUG    root:machine.py:309 ST 0
TICK: 27199 PC:   2 ADDR:   0 MEM_OUT: 561 ACC: 562 BUFF: 561 DC: 0 FLAG_ZERO: True FLAG_LT: 0 FLAG_GT: 0
INPUT_PORT:  []
OUT_PORT:  []
DATA_MEM:  [561, 262]
---------------------------------------
DEBUG    root:machine.py:309 CMP 1000
TICK: 27203 PC:   3 ADDR:   0 MEM_OUT: 562 ACC: 562 BUFF: 561 DC: 0 FLAG_ZERO: True FLAG_LT: 0 FLAG_GT: 0
INPUT_PORT:  []
OUT_PORT:  []
DATA_MEM:  [562, 262]
---------------------------------------
DEBUG    root:machine.py:309 JGE 22
TICK: 27206 PC:   4 ADDR:   0 MEM_OUT: 562 ACC: 562 BUFF: 561 DC: 0 FLAG_ZERO: False FLAG_LT: 1 FLAG_GT: 0
INPUT_PORT:  []
OUT_PORT:  []
DATA_MEM:  [562, 262]
---------------------------------------
DEBUG    root:machine.py:309 LD 0
TICK: 27209 PC:   5 ADDR:   0 MEM_OUT: 562 ACC: 562 BUFF: 561 DC: 0 FLAG_ZERO: False FLAG_LT: 1 FLAG_GT: 0
INPUT_PORT:  []
OUT_PORT:  []
DATA_MEM:  [562, 262]
---------------------------------------
DEBUG    root:machine.py:309 MOD 3
TICK: 27213 PC:   6 ADDR:   0 MEM_OUT: 562 ACC: 562 BUFF: 561 DC: 0 FLAG_ZERO: False FLAG_LT: 1 FLAG_GT: 0
INPUT_PORT:  []
OUT_PORT:  []
DATA_MEM:  [562, 262]
---------------------------------------
DEBUG    root:machine.py:309 CMP 0
TICK: 27217 PC:   7 ADDR:   0 MEM_OUT: 562 ACC: 1 BUFF: 562 DC: 0 FLAG_ZERO: False FLAG_LT: 1 FLAG_GT: 0
INPUT_PORT:  []
OUT_PORT:  []
DATA_MEM:  [562, 262]
---------------------------------------
DEBUG    root:machine.py:309 JE 14
TICK: 27220 PC:   8 ADDR:   0 MEM_OUT: 562 ACC: 1 BUFF: 562 DC: 0 FLAG_ZERO: False FLAG_LT: 0 FLAG_GT: 1
INPUT_PORT:  []
OUT_PORT:  []
DATA_MEM:  [562, 262]
---------------------------------------
DEBUG    root:machine.py:309 LD 0
TICK: 27223 PC:   9 ADDR:   0 MEM_OUT: 562 ACC: 1 BUFF: 562 DC: 0 FLAG_ZERO: False FLAG_LT: 0 FLAG_GT: 1
INPUT_PORT:  []
OUT_PORT:  []
DATA_MEM:  [562, 262]
---------------------------------------
DEBUG    root:machine.py:309 MOD 5
TICK: 27227 PC:  10 ADDR:   0 MEM_OUT: 562 ACC: 562 BUFF: 562 DC: 0 FLAG_ZERO: False FLAG_LT: 0 FLAG_GT: 1
INPUT_PORT:  []
OUT_PORT:  []
DATA_MEM:  [562, 262]
---------------------------------------
DEBUG    root:machine.py:309 CMP 0
TICK: 27231 PC:  11 ADDR:   0 MEM_OUT: 562 ACC: 2 BUFF: 562 DC: 0 FLAG_ZERO: False FLAG_LT: 0 FLAG_GT: 1
INPUT_PORT:  []
OUT_PORT:  []
DATA_MEM:  [562, 262]
---------------------------------------
DEBUG    root:machine.py:309 JE 18
TICK: 27234 PC:  12 ADDR:   0 MEM_OUT: 562 ACC: 2 BUFF: 562 DC: 0 FLAG_ZERO: False FLAG_LT: 0 FLAG_GT: 1
INPUT_PORT:  []
OUT_PORT:  []
DATA_MEM:  [562, 262]
---------------------------------------
DEBUG    root:machine.py:309 JMP 0
TICK: 27237 PC:  13 ADDR:   0 MEM_OUT: 562 ACC: 2 BUFF: 562 DC: 0 FLAG_ZERO: False FLAG_LT: 0 FLAG_GT: 1
INPUT_PORT:  []
OUT_PORT:  []
DATA_MEM:  [562, 262]
---------------------------------------
DEBUG    root:machine.py:309 LD 0
TICK: 27240 PC:   0 ADDR:   0 MEM_OUT: 562 ACC: 2 BUFF: 562 DC: 0 FLAG_ZERO: False FLAG_LT: 0 FLAG_GT: 1
INPUT_PORT:  []
OUT_PORT:  []
DATA_MEM:  [562, 262]
---------------------------------------
DEBUG    root:machine.py:309 INC 
TICK: 27244 PC:   1 ADDR:   0 MEM_OUT: 562 ACC: 562 BUFF: 562 DC: 0 FLAG_ZERO: False FLAG_LT: 0 FLAG_GT: 1
INPUT_PORT:  []
OUT_PORT:  []
DATA_MEM:  [562, 262]
---------------------------------------
DEBUG    root:machine.py:309 ST 0
TICK: 27247 PC:   2 ADDR:   0 MEM_OUT: 562 ACC: 563 BUFF: 562 DC: 0 FLAG_ZERO: False FLAG_LT: 0 FLAG_GT: 1
INPUT_PORT:  []
OUT_PORT:  []
DATA_MEM:  [562, 262]
---------------------------------------
DEBUG    root:machine.py:309 CMP 1000
TICK: 27251 PC:   3 ADDR:   0 MEM_OUT: 563 ACC: 563 BUFF: 562 DC: 0 FLAG_ZERO: False FLAG_LT: 0 FLAG_GT: 1
INPUT_PORT:  []
OUT_PORT:  []
DATA_MEM:  [563, 262]
---------------------------------------
DEBUG    root:machine.py:309 JGE 22
TICK: 27254 PC:   4 ADDR:   0 MEM_OUT: 563 ACC: 563 BUFF: 562 DC: 0 FLAG_ZERO: False FLAG_LT: 1 FLAG_GT: 0
INPUT_PORT:  []
OUT_PORT:  []
DATA_MEM:  [563, 262]
---------------------------------------
DEBUG    root:machine.py:309 LD 0
TICK: 27257 PC:   5 ADDR:   0 MEM_OUT: 563 ACC: 563 BUFF: 562 DC: 0 FLAG_ZERO: False FLAG_LT: 1 FLAG_GT: 0
INPUT_PORT:  []
OUT_PORT:  []
DATA_MEM:  [563, 262]
---------------------------------------
DEBUG    root:machine.py:309 MOD 3
TICK: 27261 PC:   6 ADDR:   0 MEM_OUT: 563 ACC: 563 BUFF: 562 DC: 0 FLAG_ZERO: False FLAG_LT: 1 FLAG_GT: 0
INPUT_PORT:  []
OUT_PORT:  []
DATA_MEM:  [563, 262]
---------------------------------------
DEBUG    root:machine.py:309 CMP 0
TICK: 27265 PC:   7 ADDR:   0 MEM_OUT: 563 ACC: 2 BUFF: 563 DC: 0 FLAG_ZERO: False FLAG_LT: 1 FLAG_GT: 0
INPUT_PORT:  []
OUT_PORT:  []
DATA_MEM:  [563, 262]
---------------------------------------
DEBUG    root:machine.py:309 JE 14
TICK: 27268 PC:   8 ADDR:   0 MEM_OUT: 563 ACC: 2 BUFF: 563 DC: 0 FLAG_ZERO: False FLAG_LT: 0 FLAG_GT: 1
INPUT_PORT:  []
OUT_PORT:  []
DATA_MEM:  [563, 262]
---------------------------------------
DEBUG    root:machine.py:309 LD 0
TICK: 27271 PC:   9 ADDR:   0 MEM_OUT: 563 ACC: 2 BUFF: 563 DC: 0 FLAG_ZERO: False FLAG_LT: 0 FLAG_GT: 1
INPUT_PORT:  []
OUT_PORT:  []
DATA_MEM:  [563, 262]
---------------------------------------
DEBUG    root:machine.py:309 MOD 5
TICK: 27275 PC:  10 ADDR:   0 MEM_OUT: 563 ACC: 563 BUFF: 563 DC: 0 FLAG_ZERO: False FLAG_LT: 0 FLAG_GT: 1
INPUT_PORT:  []
OUT_PORT:  []
DATA_MEM:  [563, 262]
---------------------------------------
DEBUG    root:machine.py:309 CMP 0
TICK: 27279 PC:  11 ADDR:   0 MEM_OUT: 563 ACC: 3 BUFF: 563 DC: 0 FLAG_ZERO: False FLAG_LT: 0 FLAG_GT: 1
INPUT_PORT:  []
OUT_PORT:  []
DATA_MEM:  [563, 262]
---------------------------------------
DEBUG    root:machine.py:309 JE 18
TICK: 27282 PC:  12 ADDR:   0 MEM_OUT: 563 ACC: 3 BUFF: 563 DC: 0 FLAG_ZERO: False FLAG_LT: 0 FLAG_GT: 1
INPUT_PORT:  []
OUT_PORT:  []
DATA_MEM:  [563, 262]
---------------------------------------
DEBUG    root:machine.py:309 JMP 0
TICK: 27285 PC:  13 ADDR:   0 MEM_OUT: 563 ACC: 3 BUFF: 563 DC: 0 FLAG_ZERO: False FLAG_LT: 0 FLAG_GT: 1
INPUT_PORT:  []
OUT_PORT:  []
DATA_MEM:  [563, 262]
---------------------------------------
DEBUG    root:machine.py:309 LD 0
TICK: 27288 PC:   0 ADDR:   0 MEM_OUT: 563 ACC: 3 BUFF: 563 DC: 0 FLAG_ZERO: False FLAG_LT: 0 FLAG_GT: 1
INPUT_PORT:  []
OUT_PORT:  []
DATA_MEM:  [563, 262]
---------------------------------------
DEBUG    root:machine.py:309 INC 
TICK: 27292 PC:   1 ADDR:   0 MEM_OUT: 563 ACC: 563 BUFF: 563 DC: 0 FLAG_ZERO: False FLAG_LT: 0 FLAG_GT: 1
INPUT_PORT:  []
OUT_PORT:  []
DATA_MEM:  [563, 262]
---------------------------------------
DEBUG    root:machine.py:309 ST 0
TICK: 27295 PC:   2 ADDR:   0 MEM_OUT: 563 ACC: 564 BUFF: 563 DC: 0 FLAG_ZERO: False FLAG_LT: 0 FLAG_GT: 1
INPUT_PORT:  []
OUT_PORT:  []
DATA_MEM:  [563, 262]
---------------------------------------
DEBUG    root:machine.py:309 CMP 1000
TICK: 27299 PC:   3 ADDR:   0 MEM_OUT: 564 ACC: 564 BUFF: 563 DC: 0 FLAG_ZERO: False FLAG_LT: 0 FLAG_GT: 1
INPUT_PORT:  []
OUT_PORT:  []
DATA_MEM:  [564, 262]
---------------------------------------
DEBUG    root:machine.py:309 JGE 22
TICK: 27302 PC:   4 ADDR:   0 MEM_OUT: 564 ACC: 564 BUFF: 563 DC: 0 FLAG_ZERO: False FLAG_LT: 1 FLAG_GT: 0
INPUT_PORT:  []
OUT_PORT:  []
DATA_MEM:  [564, 262]
---------------------------------------
DEBUG    root:machine.py:309 LD 0
TICK: 27305 PC:   5 ADDR:   0 MEM_OUT: 564 ACC: 564 BUFF: 563 DC: 0 FLAG_ZERO: False FLAG_LT: 1 FLAG_GT: 0
INPUT_PORT:  []
OUT_PORT:  []
DATA_MEM:  [564, 262]
---------------------------------------
DEBUG    root:machine.py:309 MOD 3
TICK: 27309 PC:   6 ADDR:   0 MEM_OUT: 564 ACC: 564 BUFF: 563 DC: 0 FLAG_ZERO: False FLAG_LT: 1 FLAG_GT: 0
INPUT_PORT:  []
OUT_PORT:  []
DATA_MEM:  [564, 262]
---------------------------------------
DEBUG    root:machine.py:309 CMP 0
TICK: 27313 PC:   7 ADDR:   0 MEM_OUT: 564 ACC: 0 BUFF: 564 DC: 0 FLAG_ZERO: False FLAG_LT: 1 FLAG_GT: 0
INPUT_PORT:  []
OUT_PORT:  []
DATA_MEM:  [564, 262]
---------------------------------------
DEBUG    root:machine.py:309 JE 14
TICK: 27316 PC:   8 ADDR:   0 MEM_OUT: 564 ACC: 0 BUFF: 564 DC: 0 FLAG_ZERO: True FLAG_LT: 0 FLAG_GT: 0
INPUT_PORT:  []
OUT_PORT:  []
DATA_MEM:  [564, 262]
---------------------------------------
DEBUG    root:machine.py:309 LD 4
TICK: 27319 PC:  14 ADDR:   0 MEM_OUT: 564 ACC: 0 BUFF: 564 DC: 0 FLAG_ZERO: True FLAG_LT: 0 FLAG_GT: 0
INPUT_PORT:  []
OUT_PORT:  []
DATA_MEM:  [564, 262]
---------------------------------------
DEBUG    root:machine.py:309 INC 
TICK: 27323 PC:  15 ADDR:   1 MEM_OUT: 262 ACC: 262 BUFF: 564 DC: 0 FLAG_ZERO: True FLAG_LT: 0 FLAG_GT: 0
INPUT_PORT:  []
OUT_PORT:  []
DATA_MEM:  [564, 262]
---------------------------------------
DEBUG    root:machine.py:309 ST 4
TICK: 27326 PC:  16 ADDR:   1 MEM_OUT: 262 ACC: 263 BUFF: 564 DC: 0 FLAG_ZERO: True FLAG_LT: 0 FLAG_GT: 0
INPUT_PORT:  []
OUT_PORT:  []
DATA_MEM:  [564, 262]
---------------------------------------
DEBUG    root:machine.py:309 JMP 0
TICK: 27330 PC:  17 ADDR:   1 MEM_OUT: 263 ACC: 263 BUFF: 564 DC: 0 FLAG_ZERO: True FLAG_LT: 0 FLAG_GT: 0
INPUT_PORT:  []
OUT_PORT:  []
DATA_MEM:  [564, 263]
---------------------------------------
DEBUG    root:machine.py:309 LD 0
TICK: 27333 PC:   0 ADDR:   1 MEM_OUT: 263 ACC: 263 BUFF: 564 DC: 0 FLAG_ZERO: True FLAG_LT: 0 FLAG_GT: 0
INPUT_PORT:  []
OUT_PORT:  []
DATA_MEM:  [564, 263]
---------------------------------------
DEBUG    root:machine.py:309 INC 
TICK: 27337 PC:   1 ADDR:   0 MEM_OUT: 564 ACC: 564 BUFF: 564 DC: 0 FLAG_ZERO: True FLAG_LT: 0 FLAG_GT: 0
INPUT_PORT:  []
OUT_PORT:  []
DATA_MEM:  [564, 263]
---------------------------------------
DEBUG    root:machine.py:309 ST 0
TICK: 27340 PC:   2 ADDR:   0 MEM_OUT: 564 ACC: 565 BUFF: 564 DC: 0 FLAG_ZERO: True FLAG_LT: 0 FLAG_GT: 0
INPUT_PORT:  []
OUT_PORT:  []
DATA_MEM:  [564, 263]
---------------------------------------
DEBUG    root:machine.py:309 CMP 1000
TICK: 27344 PC:   3 ADDR:   0 MEM_OUT: 565 ACC: 565 BUFF: 564 DC: 0 FLAG_ZERO: True FLAG_LT: 0 FLAG_GT: 0
INPUT_PORT:  []
OUT_PORT:  []
DATA_MEM:  [565, 263]
---------------------------------------
DEBUG    root:machine.py:309 JGE 22
TICK: 27347 PC:   4 ADDR:   0 MEM_OUT: 565 ACC: 565 BUFF: 564 DC: 0 FLAG_ZERO: False FLAG_LT: 1 FLAG_GT: 0
INPUT_PORT:  []
OUT_PORT:  []
DATA_MEM:  [565, 263]
---------------------------------------
DEBUG    root:machine.py:309 LD 0
TICK: 27350 PC:   5 ADDR:   0 MEM_OUT: 565 ACC: 565 BUFF: 564 DC: 0 FLAG_ZERO: False FLAG_LT: 1 FLAG_GT: 0
INPUT_PORT:  []
OUT_PORT:  []
DATA_MEM:  [565, 263]
---------------------------------------
DEBUG    root:machine.py:309 MOD 3
TICK: 27354 PC:   6 ADDR:   0 MEM_OUT: 565 ACC: 565 BUFF: 564 DC: 0 FLAG_ZERO: False FLAG_LT: 1 FLAG_GT: 0
INPUT_PORT:  []
OUT_PORT:  []
DATA_MEM:  [565, 263]
---------------------------------------
DEBUG    root:machine.py:309 CMP 0
TICK: 27358 PC:   7 ADDR:   0 MEM_OUT: 565 ACC: 1 BUFF: 565 DC: 0 FLAG_ZERO: False FLAG_LT: 1 FLAG_GT: 0
INPUT_PORT:  []
OUT_PORT:  []
DATA_MEM:  [565, 263]
---------------------------------------
DEBUG    root:machine.py:309 JE 14
TICK: 27361 PC:   8 ADDR:   0 MEM_OUT: 565 ACC: 1 BUFF: 565 DC: 0 FLAG_ZERO: False FLAG_LT: 0 FLAG_GT: 1
INPUT_PORT:  []
OUT_PORT:  []
DATA_MEM:  [565, 263]
---------------------------------------
DEBUG    root:machine.py:309 LD 0
TICK: 27364 PC:   9 ADDR:   0 MEM_OUT: 565 ACC: 1 BUFF: 565 DC: 0 FLAG_ZERO: False FLAG_LT: 0 FLAG_GT: 1
INPUT_PORT:  []
OUT_PORT:  []
DATA_MEM:  [565, 263]
---------------------------------------
DEBUG    root:machine.py:309 MOD 5
TICK: 27368 PC:  10 ADDR:   0 MEM_OUT: 565 ACC: 565 BUFF: 565 DC: 0 FLAG_ZERO: False FLAG_LT: 0 FLAG_GT: 1
INPUT_PORT:  []
OUT_PORT:  []
DATA_MEM:  [565, 263]
---------------------------------------
DEBUG    root:machine.py:309 CMP 0
TICK: 27372 PC:  11 ADDR:   0 MEM_OUT: 565 ACC: 0 BUFF: 565 DC: 0 FLAG_ZERO: False FLAG_LT: 0 FLAG_GT: 1
INPUT_PORT:  []
OUT_PORT:  []
DATA_MEM:  [565, 263]
---------------------------------------
DEBUG    root:machine.py:309 JE 18
TICK: 27375 PC:  12 ADDR:   0 MEM_OUT: 565 ACC: 0 BUFF: 565 DC: 0 FLAG_ZERO: True FLAG_LT: 0 FLAG_GT: 0
INPUT_PORT:  []
OUT_PORT:  []
DATA_MEM:  [565, 263]
---------------------------------------
DEBUG    root:machine.py:309 LD 4
TICK: 27378 PC:  18 ADDR:   0 MEM_OUT: 565 ACC: 0 BUFF: 565 DC: 0 FLAG_ZERO: True FLAG_LT: 0 FLAG_GT: 0
INPUT_PORT:  []
OUT_PORT:  []
DATA_MEM:  [565, 263]
---------------------------------------
DEBUG    root:machine.py:309 INC 
TICK: 27382 PC:  19 ADDR:   1 MEM_OUT: 263 ACC: 263 BUFF: 565 DC: 0 FLAG_ZERO: True FLAG_LT: 0 FLAG_GT: 0
INPUT_PORT:  []
OUT_PORT:  []
DATA_MEM:  [565, 263]
---------------------------------------
DEBUG    root:machine.py:309 ST 4
TICK: 27385 PC:  20 ADDR:   1 MEM_OUT: 263 ACC: 264 BUFF: 565 DC: 0 FLAG_ZERO: True FLAG_LT: 0 FLAG_GT: 0
INPUT_PORT:  []
OUT_PORT:  []
DATA_MEM:  [565, 263]
---------------------------------------
DEBUG    root:machine.py:309 JMP 0
TICK: 27389 PC:  21 ADDR:   1 MEM_OUT: 264 ACC: 264 BUFF: 565 DC: 0 FLAG_ZERO: True FLAG_LT: 0 FLAG_GT: 0
INPUT_PORT:  []
OUT_PORT:  []
DATA_MEM:  [565, 264]
---------------------------------------
DEBUG    root:machine.py:309 LD 0
TICK: 27392 PC:   0 ADDR:   1 MEM_OUT: 264 ACC: 264 BUFF: 565 DC: 0 FLAG_ZERO: True FLAG_LT: 0 FLAG_GT: 0
INPUT_PORT:  []
OUT_PORT:  []
DATA_MEM:  [565, 264]
---------------------------------------
DEBUG    root:machine.py:309 INC 
TICK: 27396 PC:   1 ADDR:   0 MEM_OUT: 565 ACC: 565 BUFF: 565 DC: 0 FLAG_ZERO: True FLAG_LT: 0 FLAG_GT: 0
INPUT_PORT:  []
OUT_PORT:  []
DATA_MEM:  [565, 264]
---------------------------------------
DEBUG    root:machine.py:309 ST 0
TICK: 27399 PC:   2 ADDR:   0 MEM_OUT: 565 ACC: 566 BUFF: 565 DC: 0 FLAG_ZERO: True FLAG_LT: 0 FLAG_GT: 0
INPUT_PORT:  []
OUT_PORT:  []
DATA_MEM:  [565, 264]
---------------------------------------
DEBUG    root:machine.py:309 CMP 1000
TICK: 27403 PC:   3 ADDR:   0 MEM_OUT: 566 ACC: 566 BUFF: 565 DC: 0 FLAG_ZERO: True FLAG_LT: 0 FLAG_GT: 0
INPUT_PORT:  []
OUT_PORT:  []
DATA_MEM:  [566, 264]
---------------------------------------
DEBUG    root:machine.py:309 JGE 22
TICK: 27406 PC:   4 ADDR:   0 MEM_OUT: 566 ACC: 566 BUFF: 565 DC: 0 FLAG_ZERO: False FLAG_LT: 1 FLAG_GT: 0
INPUT_PORT:  []
OUT_PORT:  []
DATA_MEM:  [566, 264]
---------------------------------------
DEBUG    root:machine.py:309 LD 0
TICK: 27409 PC:   5 ADDR:   0 MEM_OUT: 566 ACC: 566 BUFF: 565 DC: 0 FLAG_ZERO: False FLAG_LT: 1 FLAG_GT: 0
INPUT_PORT:  []
OUT_PORT:  []
DATA_MEM:  [566, 264]
---------------------------------------
DEBUG    root:machine.py:309 MOD 3
TICK: 27413 PC:   6 ADDR:   0 MEM_OUT: 566 ACC: 566 BUFF: 565 DC: 0 FLAG_ZERO: False FLAG_LT: 1 FLAG_GT: 0
INPUT_PORT:  []
OUT_PORT:  []
DATA_MEM:  [566, 264]
---------------------------------------
DEBUG    root:machine.py:309 CMP 0
TICK: 27417 PC:   7 ADDR:   0 MEM_OUT: 566 ACC: 2 BUFF: 566 DC: 0 FLAG_ZERO: False FLAG_LT: 1 FLAG_GT: 0
INPUT_PORT:  []
OUT_PORT:  []
DATA_MEM:  [566, 264]
---------------------------------------
DEBUG    root:machine.py:309 JE 14
TICK: 27420 PC:   8 ADDR:   0 MEM_OUT: 566 ACC: 2 BUFF: 566 DC: 0 FLAG_ZERO: False FLAG_LT: 0 FLAG_GT: 1
INPUT_PORT:  []
OUT_PORT:  []
DATA_MEM:  [566, 264]
---------------------------------------
DEBUG    root:machine.py:309 LD 0
TICK: 27423 PC:   9 ADDR:   0 MEM_OUT: 566 ACC: 2 BUFF: 566 DC: 0 FLAG_ZERO: False FLAG_LT: 0 FLAG_GT: 1
INPUT_PORT:  []
OUT_PORT:  []
DATA_MEM:  [566, 264]
---------------------------------------
DEBUG    root:machine.py:309 MOD 5
TICK: 27427 PC:  10 ADDR:   0 MEM_OUT: 566 ACC: 566 BUFF: 566 DC: 0 FLAG_ZERO: False FLAG_LT: 0 FLAG_GT: 1
INPUT_PORT:  []
OUT_PORT:  []
DATA_MEM:  [566, 264]
---------------------------------------
DEBUG    root:machine.py:309 CMP 0
TICK: 27431 PC:  11 ADDR:   0 MEM_OUT: 566 ACC: 1 BUFF: 566 DC: 0 FLAG_ZERO: False FLAG_LT: 0 FLAG_GT: 1
INPUT_PORT:  []
OUT_PORT:  []
DATA_MEM:  [566, 264]
---------------------------------------
DEBUG    root:machine.py:309 JE 18
TICK: 27434 PC:  12 ADDR:   0 MEM_OUT: 566 ACC: 1 BUFF: 566 DC: 0 FLAG_ZERO: False FLAG_LT: 0 FLAG_GT: 1
INPUT_PORT:  []
OUT_PORT:  []
DATA_MEM:  [566, 264]
---------------------------------------
DEBUG    root:machine.py:309 JMP 0
TICK: 27437 PC:  13 ADDR:   0 MEM_OUT: 566 ACC: 1 BUFF: 566 DC: 0 FLAG_ZERO: False FLAG_LT: 0 FLAG_GT: 1
INPUT_PORT:  []
OUT_PORT:  []
DATA_MEM:  [566, 264]
---------------------------------------
DEBUG    root:machine.py:309 LD 0
TICK: 27440 PC:   0 ADDR:   0 MEM_OUT: 566 ACC: 1 BUFF: 566 DC: 0 FLAG_ZERO: False FLAG_LT: 0 FLAG_GT: 1
INPUT_PORT:  []
OUT_PORT:  []
DATA_MEM:  [566, 264]
---------------------------------------
DEBUG    root:machine.py:309 INC 
TICK: 27444 PC:   1 ADDR:   0 MEM_OUT: 566 ACC: 566 BUFF: 566 DC: 0 FLAG_ZERO: False FLAG_LT: 0 FLAG_GT: 1
INPUT_PORT:  []
OUT_PORT:  []
DATA_MEM:  [566, 264]
---------------------------------------
DEBUG    root:machine.py:309 ST 0
TICK: 27447 PC:   2 ADDR:   0 MEM_OUT: 566 ACC: 567 BUFF: 566 DC: 0 FLAG_ZERO: False FLAG_LT: 0 FLAG_GT: 1
INPUT_PORT:  []
OUT_PORT:  []
DATA_MEM:  [566, 264]
---------------------------------------
DEBUG    root:machine.py:309 CMP 1000
TICK: 27451 PC:   3 ADDR:   0 MEM_OUT: 567 ACC: 567 BUFF: 566 DC: 0 FLAG_ZERO: False FLAG_LT: 0 FLAG_GT: 1
INPUT_PORT:  []
OUT_PORT:  []
DATA_MEM:  [567, 264]
---------------------------------------
DEBUG    root:machine.py:309 JGE 22
TICK: 27454 PC:   4 ADDR:   0 MEM_OUT: 567 ACC: 567 BUFF: 566 DC: 0 FLAG_ZERO: False FLAG_LT: 1 FLAG_GT: 0
INPUT_PORT:  []
OUT_PORT:  []
DATA_MEM:  [567, 264]
---------------------------------------
DEBUG    root:machine.py:309 LD 0
TICK: 27457 PC:   5 ADDR:   0 MEM_OUT: 567 ACC: 567 BUFF: 566 DC: 0 FLAG_ZERO: False FLAG_LT: 1 FLAG_GT: 0
INPUT_PORT:  []
OUT_PORT:  []
DATA_MEM:  [567, 264]
---------------------------------------
DEBUG    root:machine.py:309 MOD 3
TICK: 27461 PC:   6 ADDR:   0 MEM_OUT: 567 ACC: 567 BUFF: 566 DC: 0 FLAG_ZERO: False FLAG_LT: 1 FLAG_GT: 0
INPUT_PORT:  []
OUT_PORT:  []
DATA_MEM:  [567, 264]
---------------------------------------
DEBUG    root:machine.py:309 CMP 0
TICK: 27465 PC:   7 ADDR:   0 MEM_OUT: 567 ACC: 0 BUFF: 567 DC: 0 FLAG_ZERO: False FLAG_LT: 1 FLAG_GT: 0
INPUT_PORT:  []
OUT_PORT:  []
DATA_MEM:  [567, 264]
---------------------------------------
DEBUG    root:machine.py:309 JE 14
TICK: 27468 PC:   8 ADDR:   0 MEM_OUT: 567 ACC: 0 BUFF: 567 DC: 0 FLAG_ZERO: True FLAG_LT: 0 FLAG_GT: 0
INPUT_PORT:  []
OUT_PORT:  []
DATA_MEM:  [567, 264]
---------------------------------------
DEBUG    root:machine.py:309 LD 4
TICK: 27471 PC:  14 ADDR:   0 MEM_OUT: 567 ACC: 0 BUFF: 567 DC: 0 FLAG_ZERO: True FLAG_LT: 0 FLAG_GT: 0
INPUT_PORT:  []
OUT_PORT:  []
DATA_MEM:  [567, 264]
---------------------------------------
DEBUG    root:machine.py:309 INC 
TICK: 27475 PC:  15 ADDR:   1 MEM_OUT: 264 ACC: 264 BUFF: 567 DC: 0 FLAG_ZERO: True FLAG_LT: 0 FLAG_GT: 0
INPUT_PORT:  []
OUT_PORT:  []
DATA_MEM:  [567, 264]
---------------------------------------
DEBUG    root:machine.py:309 ST 4
TICK: 27478 PC:  16 ADDR:   1 MEM_OUT: 264 ACC: 265 BUFF: 567 DC: 0 FLAG_ZERO: True FLAG_LT: 0 FLAG_GT: 0
INPUT_PORT:  []
OUT_PORT:  []
DATA_MEM:  [567, 264]
---------------------------------------
DEBUG    root:machine.py:309 JMP 0
TICK: 27482 PC:  17 ADDR:   1 MEM_OUT: 265 ACC: 265 BUFF: 567 DC: 0 FLAG_ZERO: True FLAG_LT: 0 FLAG_GT: 0
INPUT_PORT:  []
OUT_PORT:  []
DATA_MEM:  [567, 265]
---------------------------------------
DEBUG    root:machine.py:309 LD 0
TICK: 27485 PC:   0 ADDR:   1 MEM_OUT: 265 ACC: 265 BUFF: 567 DC: 0 FLAG_ZERO: True FLAG_LT: 0 FLAG_GT: 0
INPUT_PORT:  []
OUT_PORT:  []
DATA_MEM:  [567, 265]
---------------------------------------
DEBUG    root:machine.py:309 INC 
TICK: 27489 PC:   1 ADDR:   0 MEM_OUT: 567 ACC: 567 BUFF: 567 DC: 0 FLAG_ZERO: True FLAG_LT: 0 FLAG_GT: 0
INPUT_PORT:  []
OUT_PORT:  []
DATA_MEM:  [567, 265]
---------------------------------------
DEBUG    root:machine.py:309 ST 0
TICK: 27492 PC:   2 ADDR:   0 MEM_OUT: 567 ACC: 568 BUFF: 567 DC: 0 FLAG_ZERO: True FLAG_LT: 0 FLAG_GT: 0
INPUT_PORT:  []
OUT_PORT:  []
DATA_MEM:  [567, 265]
---------------------------------------
DEBUG    root:machine.py:309 CMP 1000
TICK: 27496 PC:   3 ADDR:   0 MEM_OUT: 568 ACC: 568 BUFF: 567 DC: 0 FLAG_ZERO: True FLAG_LT: 0 FLAG_GT: 0
INPUT_PORT:  []
OUT_PORT:  []
DATA_MEM:  [568, 265]
---------------------------------------
DEBUG    root:machine.py:309 JGE 22
TICK: 27499 PC:   4 ADDR:   0 MEM_OUT: 568 ACC: 568 BUFF: 567 DC: 0 FLAG_ZERO: False FLAG_LT: 1 FLAG_GT: 0
INPUT_PORT:  []
OUT_PORT:  []
DATA_MEM:  [568, 265]
---------------------------------------
DEBUG    root:machine.py:309 LD 0
TICK: 27502 PC:   5 ADDR:   0 MEM_OUT: 568 ACC: 568 BUFF: 567 DC: 0 FLAG_ZERO: False FLAG_LT: 1 FLAG_GT: 0
INPUT_PORT:  []
OUT_PORT:  []
DATA_MEM:  [568, 265]
---------------------------------------
DEBUG    root:machine.py:309 MOD 3
TICK: 27506 PC:   6 ADDR:   0 MEM_OUT: 568 ACC: 568 BUFF: 567 DC: 0 FLAG_ZERO: False FLAG_LT: 1 FLAG_GT: 0
INPUT_PORT:  []
OUT_PORT:  []
DATA_MEM:  [568, 265]
---------------------------------------
DEBUG    root:machine.py:309 CMP 0
TICK: 27510 PC:   7 ADDR:   0 MEM_OUT: 568 ACC: 1 BUFF: 568 DC: 0 FLAG_ZERO: False FLAG_LT: 1 FLAG_GT: 0
INPUT_PORT:  []
OUT_PORT:  []
DATA_MEM:  [568, 265]
---------------------------------------
DEBUG    root:machine.py:309 JE 14
TICK: 27513 PC:   8 ADDR:   0 MEM_OUT: 568 ACC: 1 BUFF: 568 DC: 0 FLAG_ZERO: False FLAG_LT: 0 FLAG_GT: 1
INPUT_PORT:  []
OUT_PORT:  []
DATA_MEM:  [568, 265]
---------------------------------------
DEBUG    root:machine.py:309 LD 0
TICK: 27516 PC:   9 ADDR:   0 MEM_OUT: 568 ACC: 1 BUFF: 568 DC: 0 FLAG_ZERO: False FLAG_LT: 0 FLAG_GT: 1
INPUT_PORT:  []
OUT_PORT:  []
DATA_MEM:  [568, 265]
---------------------------------------
DEBUG    root:machine.py:309 MOD 5
TICK: 27520 PC:  10 ADDR:   0 MEM_OUT: 568 ACC: 568 BUFF: 568 DC: 0 FLAG_ZERO: False FLAG_LT: 0 FLAG_GT: 1
INPUT_PORT:  []
OUT_PORT:  []
DATA_MEM:  [568, 265]
---------------------------------------
DEBUG    root:machine.py:309 CMP 0
TICK: 27524 PC:  11 ADDR:   0 MEM_OUT: 568 ACC: 3 BUFF: 568 DC: 0 FLAG_ZERO: False FLAG_LT: 0 FLAG_GT: 1
INPUT_PORT:  []
OUT_PORT:  []
DATA_MEM:  [568, 265]
---------------------------------------
DEBUG    root:machine.py:309 JE 18
TICK: 27527 PC:  12 ADDR:   0 MEM_OUT: 568 ACC: 3 BUFF: 568 DC: 0 FLAG_ZERO: False FLAG_LT: 0 FLAG_GT: 1
INPUT_PORT:  []
OUT_PORT:  []
DATA_MEM:  [568, 265]
---------------------------------------
DEBUG    root:machine.py:309 JMP 0
TICK: 27530 PC:  13 ADDR:   0 MEM_OUT: 568 ACC: 3 BUFF: 568 DC: 0 FLAG_ZERO: False FLAG_LT: 0 FLAG_GT: 1
INPUT_PORT:  []
OUT_PORT:  []
DATA_MEM:  [568, 265]
---------------------------------------
DEBUG    root:machine.py:309 LD 0
TICK: 27533 PC:   0 ADDR:   0 MEM_OUT: 568 ACC: 3 BUFF: 568 DC: 0 FLAG_ZERO: False FLAG_LT: 0 FLAG_GT: 1
INPUT_PORT:  []
OUT_PORT:  []
DATA_MEM:  [568, 265]
---------------------------------------
DEBUG    root:machine.py:309 INC 
TICK: 27537 PC:   1 ADDR:   0 MEM_OUT: 568 ACC: 568 BUFF: 568 DC: 0 FLAG_ZERO: False FLAG_LT: 0 FLAG_GT: 1
INPUT_PORT:  []
OUT_PORT:  []
DATA_MEM:  [568, 265]
---------------------------------------
DEBUG    root:machine.py:309 ST 0
TICK: 27540 PC:   2 ADDR:   0 MEM_OUT: 568 ACC: 569 BUFF: 568 DC: 0 FLAG_ZERO: False FLAG_LT: 0 FLAG_GT: 1
INPUT_PORT:  []
OUT_PORT:  []
DATA_MEM:  [568, 265]
---------------------------------------
DEBUG    root:machine.py:309 CMP 1000
TICK: 27544 PC:   3 ADDR:   0 MEM_OUT: 569 ACC: 569 BUFF: 568 DC: 0 FLAG_ZERO: False FLAG_LT: 0 FLAG_GT: 1
INPUT_PORT:  []
OUT_PORT:  []
DATA_MEM:  [569, 265]
---------------------------------------
DEBUG    root:machine.py:309 JGE 22
TICK: 27547 PC:   4 ADDR:   0 MEM_OUT: 569 ACC: 569 BUFF: 568 DC: 0 FLAG_ZERO: False FLAG_LT: 1 FLAG_GT: 0
INPUT_PORT:  []
OUT_PORT:  []
DATA_MEM:  [569, 265]
---------------------------------------
DEBUG    root:machine.py:309 LD 0
TICK: 27550 PC:   5 ADDR:   0 MEM_OUT: 569 ACC: 569 BUFF: 568 DC: 0 FLAG_ZERO: False FLAG_LT: 1 FLAG_GT: 0
INPUT_PORT:  []
OUT_PORT:  []
DATA_MEM:  [569, 265]
---------------------------------------
DEBUG    root:machine.py:309 MOD 3
TICK: 27554 PC:   6 ADDR:   0 MEM_OUT: 569 ACC: 569 BUFF: 568 DC: 0 FLAG_ZERO: False FLAG_LT: 1 FLAG_GT: 0
INPUT_PORT:  []
OUT_PORT:  []
DATA_MEM:  [569, 265]
---------------------------------------
DEBUG    root:machine.py:309 CMP 0
TICK: 27558 PC:   7 ADDR:   0 MEM_OUT: 569 ACC: 2 BUFF: 569 DC: 0 FLAG_ZERO: False FLAG_LT: 1 FLAG_GT: 0
INPUT_PORT:  []
OUT_PORT:  []
DATA_MEM:  [569, 265]
---------------------------------------
DEBUG    root:machine.py:309 JE 14
TICK: 27561 PC:   8 ADDR:   0 MEM_OUT: 569 ACC: 2 BUFF: 569 DC: 0 FLAG_ZERO: False FLAG_LT: 0 FLAG_GT: 1
INPUT_PORT:  []
OUT_PORT:  []
DATA_MEM:  [569, 265]
---------------------------------------
DEBUG    root:machine.py:309 LD 0
TICK: 27564 PC:   9 ADDR:   0 MEM_OUT: 569 ACC: 2 BUFF: 569 DC: 0 FLAG_ZERO: False FLAG_LT: 0 FLAG_GT: 1
INPUT_PORT:  []
OUT_PORT:  []
DATA_MEM:  [569, 265]
---------------------------------------
DEBUG    root:machine.py:309 MOD 5
TICK: 27568 PC:  10 ADDR:   0 MEM_OUT: 569 ACC: 569 BUFF: 569 DC: 0 FLAG_ZERO: False FLAG_LT: 0 FLAG_GT: 1
INPUT_PORT:  []
OUT_PORT:  []
DATA_MEM:  [569, 265]
---------------------------------------
DEBUG    root:machine.py:309 CMP 0
TICK: 27572 PC:  11 ADDR:   0 MEM_OUT: 569 ACC: 4 BUFF: 569 DC: 0 FLAG_ZERO: False FLAG_LT: 0 FLAG_GT: 1
INPUT_PORT:  []
OUT_PORT:  []
DATA_MEM:  [569, 265]
---------------------------------------
DEBUG    root:machine.py:309 JE 18
TICK: 27575 PC:  12 ADDR:   0 MEM_OUT: 569 ACC: 4 BUFF: 569 DC: 0 FLAG_ZERO: False FLAG_LT: 0 FLAG_GT: 1
INPUT_PORT:  []
OUT_PORT:  []
DATA_MEM:  [569, 265]
---------------------------------------
DEBUG    root:machine.py:309 JMP 0
TICK: 27578 PC:  13 ADDR:   0 MEM_OUT: 569 ACC: 4 BUFF: 569 DC: 0 FLAG_ZERO: False FLAG_LT: 0 FLAG_GT: 1
INPUT_PORT:  []
OUT_PORT:  []
DATA_MEM:  [569, 265]
---------------------------------------
DEBUG    root:machine.py:309 LD 0
TICK: 27581 PC:   0 ADDR:   0 MEM_OUT: 569 ACC: 4 BUFF: 569 DC: 0 FLAG_ZERO: False FLAG_LT: 0 FLAG_GT: 1
INPUT_PORT:  []
OUT_PORT:  []
DATA_MEM:  [569, 265]
---------------------------------------
DEBUG    root:machine.py:309 INC 
TICK: 27585 PC:   1 ADDR:   0 MEM_OUT: 569 ACC: 569 BUFF: 569 DC: 0 FLAG_ZERO: False FLAG_LT: 0 FLAG_GT: 1
INPUT_PORT:  []
OUT_PORT:  []
DATA_MEM:  [569, 265]
---------------------------------------
DEBUG    root:machine.py:309 ST 0
TICK: 27588 PC:   2 ADDR:   0 MEM_OUT: 569 ACC: 570 BUFF: 569 DC: 0 FLAG_ZERO: False FLAG_LT: 0 FLAG_GT: 1
INPUT_PORT:  []
OUT_PORT:  []
DATA_MEM:  [569, 265]
---------------------------------------
DEBUG    root:machine.py:309 CMP 1000
TICK: 27592 PC:   3 ADDR:   0 MEM_OUT: 570 ACC: 570 BUFF: 569 DC: 0 FLAG_ZERO: False FLAG_LT: 0 FLAG_GT: 1
INPUT_PORT:  []
OUT_PORT:  []
DATA_MEM:  [570, 265]
---------------------------------------
DEBUG    root:machine.py:309 JGE 22
TICK: 27595 PC:   4 ADDR:   0 MEM_OUT: 570 ACC: 570 BUFF: 569 DC: 0 FLAG_ZERO: False FLAG_LT: 1 FLAG_GT: 0
INPUT_PORT:  []
OUT_PORT:  []
DATA_MEM:  [570, 265]
---------------------------------------
DEBUG    root:machine.py:309 LD 0
TICK: 27598 PC:   5 ADDR:   0 MEM_OUT: 570 ACC: 570 BUFF: 569 DC: 0 FLAG_ZERO: False FLAG_LT: 1 FLAG_GT: 0
INPUT_PORT:  []
OUT_PORT:  []
DATA_MEM:  [570, 265]
---------------------------------------
DEBUG    root:machine.py:309 MOD 3
TICK: 27602 PC:   6 ADDR:   0 MEM_OUT: 570 ACC: 570 BUFF: 569 DC: 0 FLAG_ZERO: False FLAG_LT: 1 FLAG_GT: 0
INPUT_PORT:  []
OUT_PORT:  []
DATA_MEM:  [570, 265]
---------------------------------------
DEBUG    root:machine.py:309 CMP 0
TICK: 27606 PC:   7 ADDR:   0 MEM_OUT: 570 ACC: 0 BUFF: 570 DC: 0 FLAG_ZERO: False FLAG_LT: 1 FLAG_GT: 0
INPUT_PORT:  []
OUT_PORT:  []
DATA_MEM:  [570, 265]
---------------------------------------
DEBUG    root:machine.py:309 JE 14
TICK: 27609 PC:   8 ADDR:   0 MEM_OUT: 570 ACC: 0 BUFF: 570 DC: 0 FLAG_ZERO: True FLAG_LT: 0 FLAG_GT: 0
INPUT_PORT:  []
OUT_PORT:  []
DATA_MEM:  [570, 265]
---------------------------------------
DEBUG    root:machine.py:309 LD 4
TICK: 27612 PC:  14 ADDR:   0 MEM_OUT: 570 ACC: 0 BUFF: 570 DC: 0 FLAG_ZERO: True FLAG_LT: 0 FLAG_GT: 0
INPUT_PORT:  []
OUT_PORT:  []
DATA_MEM:  [570, 265]
---------------------------------------
DEBUG    root:machine.py:309 INC 
TICK: 27616 PC:  15 ADDR:   1 MEM_OUT: 265 ACC: 265 BUFF: 570 DC: 0 FLAG_ZERO: True FLAG_LT: 0 FLAG_GT: 0
INPUT_PORT:  []
OUT_PORT:  []
DATA_MEM:  [570, 265]
---------------------------------------
DEBUG    root:machine.py:309 ST 4
TICK: 27619 PC:  16 ADDR:   1 MEM_OUT: 265 ACC: 266 BUFF: 570 DC: 0 FLAG_ZERO: True FLAG_LT: 0 FLAG_GT: 0
INPUT_PORT:  []
OUT_PORT:  []
DATA_MEM:  [570, 265]
---------------------------------------
DEBUG    root:machine.py:309 JMP 0
TICK: 27623 PC:  17 ADDR:   1 MEM_OUT: 266 ACC: 266 BUFF: 570 DC: 0 FLAG_ZERO: True FLAG_LT: 0 FLAG_GT: 0
INPUT_PORT:  []
OUT_PORT:  []
DATA_MEM:  [570, 266]
---------------------------------------
DEBUG    root:machine.py:309 LD 0
TICK: 27626 PC:   0 ADDR:   1 MEM_OUT: 266 ACC: 266 BUFF: 570 DC: 0 FLAG_ZERO: True FLAG_LT: 0 FLAG_GT: 0
INPUT_PORT:  []
OUT_PORT:  []
DATA_MEM:  [570, 266]
---------------------------------------
DEBUG    root:machine.py:309 INC 
TICK: 27630 PC:   1 ADDR:   0 MEM_OUT: 570 ACC: 570 BUFF: 570 DC: 0 FLAG_ZERO: True FLAG_LT: 0 FLAG_GT: 0
INPUT_PORT:  []
OUT_PORT:  []
DATA_MEM:  [570, 266]
---------------------------------------
DEBUG    root:machine.py:309 ST 0
TICK: 27633 PC:   2 ADDR:   0 MEM_OUT: 570 ACC: 571 BUFF: 570 DC: 0 FLAG_ZERO: True FLAG_LT: 0 FLAG_GT: 0
INPUT_PORT:  []
OUT_PORT:  []
DATA_MEM:  [570, 266]
---------------------------------------
DEBUG    root:machine.py:309 CMP 1000
TICK: 27637 PC:   3 ADDR:   0 MEM_OUT: 571 ACC: 571 BUFF: 570 DC: 0 FLAG_ZERO: True FLAG_LT: 0 FLAG_GT: 0
INPUT_PORT:  []
OUT_PORT:  []
DATA_MEM:  [571, 266]
---------------------------------------
DEBUG    root:machine.py:309 JGE 22
TICK: 27640 PC:   4 ADDR:   0 MEM_OUT: 571 ACC: 571 BUFF: 570 DC: 0 FLAG_ZERO: False FLAG_LT: 1 FLAG_GT: 0
INPUT_PORT:  []
OUT_PORT:  []
DATA_MEM:  [571, 266]
---------------------------------------
DEBUG    root:machine.py:309 LD 0
TICK: 27643 PC:   5 ADDR:   0 MEM_OUT: 571 ACC: 571 BUFF: 570 DC: 0 FLAG_ZERO: False FLAG_LT: 1 FLAG_GT: 0
INPUT_PORT:  []
OUT_PORT:  []
DATA_MEM:  [571, 266]
---------------------------------------
DEBUG    root:machine.py:309 MOD 3
TICK: 27647 PC:   6 ADDR:   0 MEM_OUT: 571 ACC: 571 BUFF: 570 DC: 0 FLAG_ZERO: False FLAG_LT: 1 FLAG_GT: 0
INPUT_PORT:  []
OUT_PORT:  []
DATA_MEM:  [571, 266]
---------------------------------------
DEBUG    root:machine.py:309 CMP 0
TICK: 27651 PC:   7 ADDR:   0 MEM_OUT: 571 ACC: 1 BUFF: 571 DC: 0 FLAG_ZERO: False FLAG_LT: 1 FLAG_GT: 0
INPUT_PORT:  []
OUT_PORT:  []
DATA_MEM:  [571, 266]
---------------------------------------
DEBUG    root:machine.py:309 JE 14
TICK: 27654 PC:   8 ADDR:   0 MEM_OUT: 571 ACC: 1 BUFF: 571 DC: 0 FLAG_ZERO: False FLAG_LT: 0 FLAG_GT: 1
INPUT_PORT:  []
OUT_PORT:  []
DATA_MEM:  [571, 266]
---------------------------------------
DEBUG    root:machine.py:309 LD 0
TICK: 27657 PC:   9 ADDR:   0 MEM_OUT: 571 ACC: 1 BUFF: 571 DC: 0 FLAG_ZERO: False FLAG_LT: 0 FLAG_GT: 1
INPUT_PORT:  []
OUT_PORT:  []
DATA_MEM:  [571, 266]
---------------------------------------
DEBUG    root:machine.py:309 MOD 5
TICK: 27661 PC:  10 ADDR:   0 MEM_OUT: 571 ACC: 571 BUFF: 571 DC: 0 FLAG_ZERO: False FLAG_LT: 0 FLAG_GT: 1
INPUT_PORT:  []
OUT_PORT:  []
DATA_MEM:  [571, 266]
---------------------------------------
DEBUG    root:machine.py:309 CMP 0
TICK: 27665 PC:  11 ADDR:   0 MEM_OUT: 571 ACC: 1 BUFF: 571 DC: 0 FLAG_ZERO: False FLAG_LT: 0 FLAG_GT: 1
INPUT_PORT:  []
OUT_PORT:  []
DATA_MEM:  [571, 266]
---------------------------------------
DEBUG    root:machine.py:309 JE 18
TICK: 27668 PC:  12 ADDR:   0 MEM_OUT: 571 ACC: 1 BUFF: 571 DC: 0 FLAG_ZERO: False FLAG_LT: 0 FLAG_GT: 1
INPUT_PORT:  []
OUT_PORT:  []
DATA_MEM:  [571, 266]
---------------------------------------
DEBUG    root:machine.py:309 JMP 0
TICK: 27671 PC:  13 ADDR:   0 MEM_OUT: 571 ACC: 1 BUFF: 571 DC: 0 FLAG_ZERO: False FLAG_LT: 0 FLAG_GT: 1
INPUT_PORT:  []
OUT_PORT:  []
DATA_MEM:  [571, 266]
---------------------------------------
DEBUG    root:machine.py:309 LD 0
TICK: 27674 PC:   0 ADDR:   0 MEM_OUT: 571 ACC: 1 BUFF: 571 DC: 0 FLAG_ZERO: False FLAG_LT: 0 FLAG_GT: 1
INPUT_PORT:  []
OUT_PORT:  []
DATA_MEM:  [571, 266]
---------------------------------------
DEBUG    root:machine.py:309 INC 
TICK: 27678 PC:   1 ADDR:   0 MEM_OUT: 571 ACC: 571 BUFF: 571 DC: 0 FLAG_ZERO: False FLAG_LT: 0 FLAG_GT: 1
INPUT_PORT:  []
OUT_PORT:  []
DATA_MEM:  [571, 266]
---------------------------------------
DEBUG    root:machine.py:309 ST 0
TICK: 27681 PC:   2 ADDR:   0 MEM_OUT: 571 ACC: 572 BUFF: 571 DC: 0 FLAG_ZERO: False FLAG_LT: 0 FLAG_GT: 1
INPUT_PORT:  []
OUT_PORT:  []
DATA_MEM:  [571, 266]
---------------------------------------
DEBUG    root:machine.py:309 CMP 1000
TICK: 27685 PC:   3 ADDR:   0 MEM_OUT: 572 ACC: 572 BUFF: 571 DC: 0 FLAG_ZERO: False FLAG_LT: 0 FLAG_GT: 1
INPUT_PORT:  []
OUT_PORT:  []
DATA_MEM:  [572, 266]
---------------------------------------
DEBUG    root:machine.py:309 JGE 22
TICK: 27688 PC:   4 ADDR:   0 MEM_OUT: 572 ACC: 572 BUFF: 571 DC: 0 FLAG_ZERO: False FLAG_LT: 1 FLAG_GT: 0
INPUT_PORT:  []
OUT_PORT:  []
DATA_MEM:  [572, 266]
---------------------------------------
DEBUG    root:machine.py:309 LD 0
TICK: 27691 PC:   5 ADDR:   0 MEM_OUT: 572 ACC: 572 BUFF: 571 DC: 0 FLAG_ZERO: False FLAG_LT: 1 FLAG_GT: 0
INPUT_PORT:  []
OUT_PORT:  []
DATA_MEM:  [572, 266]
---------------------------------------
DEBUG    root:machine.py:309 MOD 3
TICK: 27695 PC:   6 ADDR:   0 MEM_OUT: 572 ACC: 572 BUFF: 571 DC: 0 FLAG_ZERO: False FLAG_LT: 1 FLAG_GT: 0
INPUT_PORT:  []
OUT_PORT:  []
DATA_MEM:  [572, 266]
---------------------------------------
DEBUG    root:machine.py:309 CMP 0
TICK: 27699 PC:   7 ADDR:   0 MEM_OUT: 572 ACC: 2 BUFF: 572 DC: 0 FLAG_ZERO: False FLAG_LT: 1 FLAG_GT: 0
INPUT_PORT:  []
OUT_PORT:  []
DATA_MEM:  [572, 266]
---------------------------------------
DEBUG    root:machine.py:309 JE 14
TICK: 27702 PC:   8 ADDR:   0 MEM_OUT: 572 ACC: 2 BUFF: 572 DC: 0 FLAG_ZERO: False FLAG_LT: 0 FLAG_GT: 1
INPUT_PORT:  []
OUT_PORT:  []
DATA_MEM:  [572, 266]
---------------------------------------
DEBUG    root:machine.py:309 LD 0
TICK: 27705 PC:   9 ADDR:   0 MEM_OUT: 572 ACC: 2 BUFF: 572 DC: 0 FLAG_ZERO: False FLAG_LT: 0 FLAG_GT: 1
INPUT_PORT:  []
OUT_PORT:  []
DATA_MEM:  [572, 266]
---------------------------------------
DEBUG    root:machine.py:309 MOD 5
TICK: 27709 PC:  10 ADDR:   0 MEM_OUT: 572 ACC: 572 BUFF: 572 DC: 0 FLAG_ZERO: False FLAG_LT: 0 FLAG_GT: 1
INPUT_PORT:  []
OUT_PORT:  []
DATA_MEM:  [572, 266]
---------------------------------------
DEBUG    root:machine.py:309 CMP 0
TICK: 27713 PC:  11 ADDR:   0 MEM_OUT: 572 ACC: 2 BUFF: 572 DC: 0 FLAG_ZERO: False FLAG_LT: 0 FLAG_GT: 1
INPUT_PORT:  []
OUT_PORT:  []
DATA_MEM:  [572, 266]
---------------------------------------
DEBUG    root:machine.py:309 JE 18
TICK: 27716 PC:  12 ADDR:   0 MEM_OUT: 572 ACC: 2 BUFF: 572 DC: 0 FLAG_ZERO: False FLAG_LT: 0 FLAG_GT: 1
INPUT_PORT:  []
OUT_PORT:  []
DATA_MEM:  [572, 266]
---------------------------------------
DEBUG    root:machine.py:309 JMP 0
TICK: 27719 PC:  13 ADDR:   0 MEM_OUT: 572 ACC: 2 BUFF: 572 DC: 0 FLAG_ZERO: False FLAG_LT: 0 FLAG_GT: 1
INPUT_PORT:  []
OUT_PORT:  []
DATA_MEM:  [572, 266]
---------------------------------------
DEBUG    root:machine.py:309 LD 0
TICK: 27722 PC:   0 ADDR:   0 MEM_OUT: 572 ACC: 2 BUFF: 572 DC: 0 FLAG_ZERO: False FLAG_LT: 0 FLAG_GT: 1
INPUT_PORT:  []
OUT_PORT:  []
DATA_MEM:  [572, 266]
---------------------------------------
DEBUG    root:machine.py:309 INC 
TICK: 27726 PC:   1 ADDR:   0 MEM_OUT: 572 ACC: 572 BUFF: 572 DC: 0 FLAG_ZERO: False FLAG_LT: 0 FLAG_GT: 1
INPUT_PORT:  []
OUT_PORT:  []
DATA_MEM:  [572, 266]
---------------------------------------
DEBUG    root:machine.py:309 ST 0
TICK: 27729 PC:   2 ADDR:   0 MEM_OUT: 572 ACC: 573 BUFF: 572 DC: 0 FLAG_ZERO: False FLAG_LT: 0 FLAG_GT: 1
INPUT_PORT:  []
OUT_PORT:  []
DATA_MEM:  [572, 266]
---------------------------------------
DEBUG    root:machine.py:309 CMP 1000
TICK: 27733 PC:   3 ADDR:   0 MEM_OUT: 573 ACC: 573 BUFF: 572 DC: 0 FLAG_ZERO: False FLAG_LT: 0 FLAG_GT: 1
INPUT_PORT:  []
OUT_PORT:  []
DATA_MEM:  [573, 266]
---------------------------------------
DEBUG    root:machine.py:309 JGE 22
TICK: 27736 PC:   4 ADDR:   0 MEM_OUT: 573 ACC: 573 BUFF: 572 DC: 0 FLAG_ZERO: False FLAG_LT: 1 FLAG_GT: 0
INPUT_PORT:  []
OUT_PORT:  []
DATA_MEM:  [573, 266]
---------------------------------------
DEBUG    root:machine.py:309 LD 0
TICK: 27739 PC:   5 ADDR:   0 MEM_OUT: 573 ACC: 573 BUFF: 572 DC: 0 FLAG_ZERO: False FLAG_LT: 1 FLAG_GT: 0
INPUT_PORT:  []
OUT_PORT:  []
DATA_MEM:  [573, 266]
---------------------------------------
DEBUG    root:machine.py:309 MOD 3
TICK: 27743 PC:   6 ADDR:   0 MEM_OUT: 573 ACC: 573 BUFF: 572 DC: 0 FLAG_ZERO: False FLAG_LT: 1 FLAG_GT: 0
INPUT_PORT:  []
OUT_PORT:  []
DATA_MEM:  [573, 266]
---------------------------------------
DEBUG    root:machine.py:309 CMP 0
TICK: 27747 PC:   7 ADDR:   0 MEM_OUT: 573 ACC: 0 BUFF: 573 DC: 0 FLAG_ZERO: False FLAG_LT: 1 FLAG_GT: 0
INPUT_PORT:  []
OUT_PORT:  []
DATA_MEM:  [573, 266]
---------------------------------------
DEBUG    root:machine.py:309 JE 14
TICK: 27750 PC:   8 ADDR:   0 MEM_OUT: 573 ACC: 0 BUFF: 573 DC: 0 FLAG_ZERO: True FLAG_LT: 0 FLAG_GT: 0
INPUT_PORT:  []
OUT_PORT:  []
DATA_MEM:  [573, 266]
---------------------------------------
DEBUG    root:machine.py:309 LD 4
TICK: 27753 PC:  14 ADDR:   0 MEM_OUT: 573 ACC: 0 BUFF: 573 DC: 0 FLAG_ZERO: True FLAG_LT: 0 FLAG_GT: 0
INPUT_PORT:  []
OUT_PORT:  []
DATA_MEM:  [573, 266]
---------------------------------------
DEBUG    root:machine.py:309 INC 
TICK: 27757 PC:  15 ADDR:   1 MEM_OUT: 266 ACC: 266 BUFF: 573 DC: 0 FLAG_ZERO: True FLAG_LT: 0 FLAG_GT: 0
INPUT_PORT:  []
OUT_PORT:  []
DATA_MEM:  [573, 266]
---------------------------------------
DEBUG    root:machine.py:309 ST 4
TICK: 27760 PC:  16 ADDR:   1 MEM_OUT: 266 ACC: 267 BUFF: 573 DC: 0 FLAG_ZERO: True FLAG_LT: 0 FLAG_GT: 0
INPUT_PORT:  []
OUT_PORT:  []
DATA_MEM:  [573, 266]
---------------------------------------
DEBUG    root:machine.py:309 JMP 0
TICK: 27764 PC:  17 ADDR:   1 MEM_OUT: 267 ACC: 267 BUFF: 573 DC: 0 FLAG_ZERO: True FLAG_LT: 0 FLAG_GT: 0
INPUT_PORT:  []
OUT_PORT:  []
DATA_MEM:  [573, 267]
---------------------------------------
DEBUG    root:machine.py:309 LD 0
TICK: 27767 PC:   0 ADDR:   1 MEM_OUT: 267 ACC: 267 BUFF: 573 DC: 0 FLAG_ZERO: True FLAG_LT: 0 FLAG_GT: 0
INPUT_PORT:  []
OUT_PORT:  []
DATA_MEM:  [573, 267]
---------------------------------------
DEBUG    root:machine.py:309 INC 
TICK: 27771 PC:   1 ADDR:   0 MEM_OUT: 573 ACC: 573 BUFF: 573 DC: 0 FLAG_ZERO: True FLAG_LT: 0 FLAG_GT: 0
INPUT_PORT:  []
OUT_PORT:  []
DATA_MEM:  [573, 267]
---------------------------------------
DEBUG    root:machine.py:309 ST 0
TICK: 27774 PC:   2 ADDR:   0 MEM_OUT: 573 ACC: 574 BUFF: 573 DC: 0 FLAG_ZERO: True FLAG_LT: 0 FLAG_GT: 0
INPUT_PORT:  []
OUT_PORT:  []
DATA_MEM:  [573, 267]
---------------------------------------
DEBUG    root:machine.py:309 CMP 1000
TICK: 27778 PC:   3 ADDR:   0 MEM_OUT: 574 ACC: 574 BUFF: 573 DC: 0 FLAG_ZERO: True FLAG_LT: 0 FLAG_GT: 0
INPUT_PORT:  []
OUT_PORT:  []
DATA_MEM:  [574, 267]
---------------------------------------
DEBUG    root:machine.py:309 JGE 22
TICK: 27781 PC:   4 ADDR:   0 MEM_OUT: 574 ACC: 574 BUFF: 573 DC: 0 FLAG_ZERO: False FLAG_LT: 1 FLAG_GT: 0
INPUT_PORT:  []
OUT_PORT:  []
DATA_MEM:  [574, 267]
---------------------------------------
DEBUG    root:machine.py:309 LD 0
TICK: 27784 PC:   5 ADDR:   0 MEM_OUT: 574 ACC: 574 BUFF: 573 DC: 0 FLAG_ZERO: False FLAG_LT: 1 FLAG_GT: 0
INPUT_PORT:  []
OUT_PORT:  []
DATA_MEM:  [574, 267]
---------------------------------------
DEBUG    root:machine.py:309 MOD 3
TICK: 27788 PC:   6 ADDR:   0 MEM_OUT: 574 ACC: 574 BUFF: 573 DC: 0 FLAG_ZERO: False FLAG_LT: 1 FLAG_GT: 0
INPUT_PORT:  []
OUT_PORT:  []
DATA_MEM:  [574, 267]
---------------------------------------
DEBUG    root:machine.py:309 CMP 0
TICK: 27792 PC:   7 ADDR:   0 MEM_OUT: 574 ACC: 1 BUFF: 574 DC: 0 FLAG_ZERO: False FLAG_LT: 1 FLAG_GT: 0
INPUT_PORT:  []
OUT_PORT:  []
DATA_MEM:  [574, 267]
---------------------------------------
DEBUG    root:machine.py:309 JE 14
TICK: 27795 PC:   8 ADDR:   0 MEM_OUT: 574 ACC: 1 BUFF: 574 DC: 0 FLAG_ZERO: False FLAG_LT: 0 FLAG_GT: 1
INPUT_PORT:  []
OUT_PORT:  []
DATA_MEM:  [574, 267]
---------------------------------------
DEBUG    root:machine.py:309 LD 0
TICK: 27798 PC:   9 ADDR:   0 MEM_OUT: 574 ACC: 1 BUFF: 574 DC: 0 FLAG_ZERO: False FLAG_LT: 0 FLAG_GT: 1
INPUT_PORT:  []
OUT_PORT:  []
DATA_MEM:  [574, 267]
---------------------------------------
DEBUG    root:machine.py:309 MOD 5
TICK: 27802 PC:  10 ADDR:   0 MEM_OUT: 574 ACC: 574 BUFF: 574 DC: 0 FLAG_ZERO: False FLAG_LT: 0 FLAG_GT: 1
INPUT_PORT:  []
OUT_PORT:  []
DATA_MEM:  [574, 267]
---------------------------------------
DEBUG    root:machine.py:309 CMP 0
TICK: 27806 PC:  11 ADDR:   0 MEM_OUT: 574 ACC: 4 BUFF: 574 DC: 0 FLAG_ZERO: False FLAG_LT: 0 FLAG_GT: 1
INPUT_PORT:  []
OUT_PORT:  []
DATA_MEM:  [574, 267]
---------------------------------------
DEBUG    root:machine.py:309 JE 18
TICK: 27809 PC:  12 ADDR:   0 MEM_OUT: 574 ACC: 4 BUFF: 574 DC: 0 FLAG_ZERO: False FLAG_LT: 0 FLAG_GT: 1
INPUT_PORT:  []
OUT_PORT:  []
DATA_MEM:  [574, 267]
---------------------------------------
DEBUG    root:machine.py:309 JMP 0
TICK: 27812 PC:  13 ADDR:   0 MEM_OUT: 574 ACC: 4 BUFF: 574 DC: 0 FLAG_ZERO: False FLAG_LT: 0 FLAG_GT: 1
INPUT_PORT:  []
OUT_PORT:  []
DATA_MEM:  [574, 267]
---------------------------------------
DEBUG    root:machine.py:309 LD 0
TICK: 27815 PC:   0 ADDR:   0 MEM_OUT: 574 ACC: 4 BUFF: 574 DC: 0 FLAG_ZERO: False FLAG_LT: 0 FLAG_GT: 1
INPUT_PORT:  []
OUT_PORT:  []
DATA_MEM:  [574, 267]
---------------------------------------
DEBUG    root:machine.py:309 INC 
TICK: 27819 PC:   1 ADDR:   0 MEM_OUT: 574 ACC: 574 BUFF: 574 DC: 0 FLAG_ZERO: False FLAG_LT: 0 FLAG_GT: 1
INPUT_PORT:  []
OUT_PORT:  []
DATA_MEM:  [574, 267]
---------------------------------------
DEBUG    root:machine.py:309 ST 0
TICK: 27822 PC:   2 ADDR:   0 MEM_OUT: 574 ACC: 575 BUFF: 574 DC: 0 FLAG_ZERO: False FLAG_LT: 0 FLAG_GT: 1
INPUT_PORT:  []
OUT_PORT:  []
DATA_MEM:  [574, 267]
---------------------------------------
DEBUG    root:machine.py:309 CMP 1000
TICK: 27826 PC:   3 ADDR:   0 MEM_OUT: 575 ACC: 575 BUFF: 574 DC: 0 FLAG_ZERO: False FLAG_LT: 0 FLAG_GT: 1
INPUT_PORT:  []
OUT_PORT:  []
DATA_MEM:  [575, 267]
---------------------------------------
DEBUG    root:machine.py:309 JGE 22
TICK: 27829 PC:   4 ADDR:   0 MEM_OUT: 575 ACC: 575 BUFF: 574 DC: 0 FLAG_ZERO: False FLAG_LT: 1 FLAG_GT: 0
INPUT_PORT:  []
OUT_PORT:  []
DATA_MEM:  [575, 267]
---------------------------------------
DEBUG    root:machine.py:309 LD 0
TICK: 27832 PC:   5 ADDR:   0 MEM_OUT: 575 ACC: 575 BUFF: 574 DC: 0 FLAG_ZERO: False FLAG_LT: 1 FLAG_GT: 0
INPUT_PORT:  []
OUT_PORT:  []
DATA_MEM:  [575, 267]
---------------------------------------
DEBUG    root:machine.py:309 MOD 3
TICK: 27836 PC:   6 ADDR:   0 MEM_OUT: 575 ACC: 575 BUFF: 574 DC: 0 FLAG_ZERO: False FLAG_LT: 1 FLAG_GT: 0
INPUT_PORT:  []
OUT_PORT:  []
DATA_MEM:  [575, 267]
---------------------------------------
DEBUG    root:machine.py:309 CMP 0
TICK: 27840 PC:   7 ADDR:   0 MEM_OUT: 575 ACC: 2 BUFF: 575 DC: 0 FLAG_ZERO: False FLAG_LT: 1 FLAG_GT: 0
INPUT_PORT:  []
OUT_PORT:  []
DATA_MEM:  [575, 267]
---------------------------------------
DEBUG    root:machine.py:309 JE 14
TICK: 27843 PC:   8 ADDR:   0 MEM_OUT: 575 ACC: 2 BUFF: 575 DC: 0 FLAG_ZERO: False FLAG_LT: 0 FLAG_GT: 1
INPUT_PORT:  []
OUT_PORT:  []
DATA_MEM:  [575, 267]
---------------------------------------
DEBUG    root:machine.py:309 LD 0
TICK: 27846 PC:   9 ADDR:   0 MEM_OUT: 575 ACC: 2 BUFF: 575 DC: 0 FLAG_ZERO: False FLAG_LT: 0 FLAG_GT: 1
INPUT_PORT:  []
OUT_PORT:  []
DATA_MEM:  [575, 267]
---------------------------------------
DEBUG    root:machine.py:309 MOD 5
TICK: 27850 PC:  10 ADDR:   0 MEM_OUT: 575 ACC: 575 BUFF: 575 DC: 0 FLAG_ZERO: False FLAG_LT: 0 FLAG_GT: 1
INPUT_PORT:  []
OUT_PORT:  []
DATA_MEM:  [575, 267]
---------------------------------------
DEBUG    root:machine.py:309 CMP 0
TICK: 27854 PC:  11 ADDR:   0 MEM_OUT: 575 ACC: 0 BUFF: 575 DC: 0 FLAG_ZERO: False FLAG_LT: 0 FLAG_GT: 1
INPUT_PORT:  []
OUT_PORT:  []
DATA_MEM:  [575, 267]
---------------------------------------
DEBUG    root:machine.py:309 JE 18
TICK: 27857 PC:  12 ADDR:   0 MEM_OUT: 575 ACC: 0 BUFF: 575 DC: 0 FLAG_ZERO: True FLAG_LT: 0 FLAG_GT: 0
INPUT_PORT:  []
OUT_PORT:  []
DATA_MEM:  [575, 267]
---------------------------------------
DEBUG    root:machine.py:309 LD 4
TICK: 27860 PC:  18 ADDR:   0 MEM_OUT: 575 ACC: 0 BUFF: 575 DC: 0 FLAG_ZERO: True FLAG_LT: 0 FLAG_GT: 0
INPUT_PORT:  []
OUT_PORT:  []
DATA_MEM:  [575, 267]
---------------------------------------
DEBUG    root:machine.py:309 INC 
TICK: 27864 PC:  19 ADDR:   1 MEM_OUT: 267 ACC: 267 BUFF: 575 DC: 0 FLAG_ZERO: True FLAG_LT: 0 FLAG_GT: 0
INPUT_PORT:  []
OUT_PORT:  []
DATA_MEM:  [575, 267]
---------------------------------------
DEBUG    root:machine.py:309 ST 4
TICK: 27867 PC:  20 ADDR:   1 MEM_OUT: 267 ACC: 268 BUFF: 575 DC: 0 FLAG_ZERO: True FLAG_LT: 0 FLAG_GT: 0
INPUT_PORT:  []
OUT_PORT:  []
DATA_MEM:  [575, 267]
---------------------------------------
DEBUG    root:machine.py:309 JMP 0
TICK: 27871 PC:  21 ADDR:   1 MEM_OUT: 268 ACC: 268 BUFF: 575 DC: 0 FLAG_ZERO: True FLAG_LT: 0 FLAG_GT: 0
INPUT_PORT:  []
OUT_PORT:  []
DATA_MEM:  [575, 268]
---------------------------------------
DEBUG    root:machine.py:309 LD 0
TICK: 27874 PC:   0 ADDR:   1 MEM_OUT: 268 ACC: 268 BUFF: 575 DC: 0 FLAG_ZERO: True FLAG_LT: 0 FLAG_GT: 0
INPUT_PORT:  []
OUT_PORT:  []
DATA_MEM:  [575, 268]
---------------------------------------
DEBUG    root:machine.py:309 INC 
TICK: 27878 PC:   1 ADDR:   0 MEM_OUT: 575 ACC: 575 BUFF: 575 DC: 0 FLAG_ZERO: True FLAG_LT: 0 FLAG_GT: 0
INPUT_PORT:  []
OUT_PORT:  []
DATA_MEM:  [575, 268]
---------------------------------------
DEBUG    root:machine.py:309 ST 0
TICK: 27881 PC:   2 ADDR:   0 MEM_OUT: 575 ACC: 576 BUFF: 575 DC: 0 FLAG_ZERO: True FLAG_LT: 0 FLAG_GT: 0
INPUT_PORT:  []
OUT_PORT:  []
DATA_MEM:  [575, 268]
---------------------------------------
DEBUG    root:machine.py:309 CMP 1000
TICK: 27885 PC:   3 ADDR:   0 MEM_OUT: 576 ACC: 576 BUFF: 575 DC: 0 FLAG_ZERO: True FLAG_LT: 0 FLAG_GT: 0
INPUT_PORT:  []
OUT_PORT:  []
DATA_MEM:  [576, 268]
---------------------------------------
DEBUG    root:machine.py:309 JGE 22
TICK: 27888 PC:   4 ADDR:   0 MEM_OUT: 576 ACC: 576 BUFF: 575 DC: 0 FLAG_ZERO: False FLAG_LT: 1 FLAG_GT: 0
INPUT_PORT:  []
OUT_PORT:  []
DATA_MEM:  [576, 268]
---------------------------------------
DEBUG    root:machine.py:309 LD 0
TICK: 27891 PC:   5 ADDR:   0 MEM_OUT: 576 ACC: 576 BUFF: 575 DC: 0 FLAG_ZERO: False FLAG_LT: 1 FLAG_GT: 0
INPUT_PORT:  []
OUT_PORT:  []
DATA_MEM:  [576, 268]
---------------------------------------
DEBUG    root:machine.py:309 MOD 3
TICK: 27895 PC:   6 ADDR:   0 MEM_OUT: 576 ACC: 576 BUFF: 575 DC: 0 FLAG_ZERO: False FLAG_LT: 1 FLAG_GT: 0
INPUT_PORT:  []
OUT_PORT:  []
DATA_MEM:  [576, 268]
---------------------------------------
DEBUG    root:machine.py:309 CMP 0
TICK: 27899 PC:   7 ADDR:   0 MEM_OUT: 576 ACC: 0 BUFF: 576 DC: 0 FLAG_ZERO: False FLAG_LT: 1 FLAG_GT: 0
INPUT_PORT:  []
OUT_PORT:  []
DATA_MEM:  [576, 268]
---------------------------------------
DEBUG    root:machine.py:309 JE 14
TICK: 27902 PC:   8 ADDR:   0 MEM_OUT: 576 ACC: 0 BUFF: 576 DC: 0 FLAG_ZERO: True FLAG_LT: 0 FLAG_GT: 0
INPUT_PORT:  []
OUT_PORT:  []
DATA_MEM:  [576, 268]
---------------------------------------
DEBUG    root:machine.py:309 LD 4
TICK: 27905 PC:  14 ADDR:   0 MEM_OUT: 576 ACC: 0 BUFF: 576 DC: 0 FLAG_ZERO: True FLAG_LT: 0 FLAG_GT: 0
INPUT_PORT:  []
OUT_PORT:  []
DATA_MEM:  [576, 268]
---------------------------------------
DEBUG    root:machine.py:309 INC 
TICK: 27909 PC:  15 ADDR:   1 MEM_OUT: 268 ACC: 268 BUFF: 576 DC: 0 FLAG_ZERO: True FLAG_LT: 0 FLAG_GT: 0
INPUT_PORT:  []
OUT_PORT:  []
DATA_MEM:  [576, 268]
---------------------------------------
DEBUG    root:machine.py:309 ST 4
TICK: 27912 PC:  16 ADDR:   1 MEM_OUT: 268 ACC: 269 BUFF: 576 DC: 0 FLAG_ZERO: True FLAG_LT: 0 FLAG_GT: 0
INPUT_PORT:  []
OUT_PORT:  []
DATA_MEM:  [576, 268]
---------------------------------------
DEBUG    root:machine.py:309 JMP 0
TICK: 27916 PC:  17 ADDR:   1 MEM_OUT: 269 ACC: 269 BUFF: 576 DC: 0 FLAG_ZERO: True FLAG_LT: 0 FLAG_GT: 0
INPUT_PORT:  []
OUT_PORT:  []
DATA_MEM:  [576, 269]
---------------------------------------
DEBUG    root:machine.py:309 LD 0
TICK: 27919 PC:   0 ADDR:   1 MEM_OUT: 269 ACC: 269 BUFF: 576 DC: 0 FLAG_ZERO: True FLAG_LT: 0 FLAG_GT: 0
INPUT_PORT:  []
OUT_PORT:  []
DATA_MEM:  [576, 269]
---------------------------------------
DEBUG    root:machine.py:309 INC 
TICK: 27923 PC:   1 ADDR:   0 MEM_OUT: 576 ACC: 576 BUFF: 576 DC: 0 FLAG_ZERO: True FLAG_LT: 0 FLAG_GT: 0
INPUT_PORT:  []
OUT_PORT:  []
DATA_MEM:  [576, 269]
---------------------------------------
DEBUG    root:machine.py:309 ST 0
TICK: 27926 PC:   2 ADDR:   0 MEM_OUT: 576 ACC: 577 BUFF: 576 DC: 0 FLAG_ZERO: True FLAG_LT: 0 FLAG_GT: 0
INPUT_PORT:  []
OUT_PORT:  []
DATA_MEM:  [576, 269]
---------------------------------------
DEBUG    root:machine.py:309 CMP 1000
TICK: 27930 PC:   3 ADDR:   0 MEM_OUT: 577 ACC: 577 BUFF: 576 DC: 0 FLAG_ZERO: True FLAG_LT: 0 FLAG_GT: 0
INPUT_PORT:  []
OUT_PORT:  []
DATA_MEM:  [577, 269]
---------------------------------------
DEBUG    root:machine.py:309 JGE 22
TICK: 27933 PC:   4 ADDR:   0 MEM_OUT: 577 ACC: 577 BUFF: 576 DC: 0 FLAG_ZERO: False FLAG_LT: 1 FLAG_GT: 0
INPUT_PORT:  []
OUT_PORT:  []
DATA_MEM:  [577, 269]
---------------------------------------
DEBUG    root:machine.py:309 LD 0
TICK: 27936 PC:   5 ADDR:   0 MEM_OUT: 577 ACC: 577 BUFF: 576 DC: 0 FLAG_ZERO: False FLAG_LT: 1 FLAG_GT: 0
INPUT_PORT:  []
OUT_PORT:  []
DATA_MEM:  [577, 269]
---------------------------------------
DEBUG    root:machine.py:309 MOD 3
TICK: 27940 PC:   6 ADDR:   0 MEM_OUT: 577 ACC: 577 BUFF: 576 DC: 0 FLAG_ZERO: False FLAG_LT: 1 FLAG_GT: 0
INPUT_PORT:  []
OUT_PORT:  []
DATA_MEM:  [577, 269]
---------------------------------------
DEBUG    root:machine.py:309 CMP 0
TICK: 27944 PC:   7 ADDR:   0 MEM_OUT: 577 ACC: 1 BUFF: 577 DC: 0 FLAG_ZERO: False FLAG_LT: 1 FLAG_GT: 0
INPUT_PORT:  []
OUT_PORT:  []
DATA_MEM:  [577, 269]
---------------------------------------
DEBUG    root:machine.py:309 JE 14
TICK: 27947 PC:   8 ADDR:   0 MEM_OUT: 577 ACC: 1 BUFF: 577 DC: 0 FLAG_ZERO: False FLAG_LT: 0 FLAG_GT: 1
INPUT_PORT:  []
OUT_PORT:  []
DATA_MEM:  [577, 269]
---------------------------------------
DEBUG    root:machine.py:309 LD 0
TICK: 27950 PC:   9 ADDR:   0 MEM_OUT: 577 ACC: 1 BUFF: 577 DC: 0 FLAG_ZERO: False FLAG_LT: 0 FLAG_GT: 1
INPUT_PORT:  []
OUT_PORT:  []
DATA_MEM:  [577, 269]
---------------------------------------
DEBUG    root:machine.py:309 MOD 5
TICK: 27954 PC:  10 ADDR:   0 MEM_OUT: 577 ACC: 577 BUFF: 577 DC: 0 FLAG_ZERO: False FLAG_LT: 0 FLAG_GT: 1
INPUT_PORT:  []
OUT_PORT:  []
DATA_MEM:  [577, 269]
---------------------------------------
DEBUG    root:machine.py:309 CMP 0
TICK: 27958 PC:  11 ADDR:   0 MEM_OUT: 577 ACC: 2 BUFF: 577 DC: 0 FLAG_ZERO: False FLAG_LT: 0 FLAG_GT: 1
INPUT_PORT:  []
OUT_PORT:  []
DATA_MEM:  [577, 269]
---------------------------------------
DEBUG    root:machine.py:309 JE 18
TICK: 27961 PC:  12 ADDR:   0 MEM_OUT: 577 ACC: 2 BUFF: 577 DC: 0 FLAG_ZERO: False FLAG_LT: 0 FLAG_GT: 1
INPUT_PORT:  []
OUT_PORT:  []
DATA_MEM:  [577, 269]
---------------------------------------
DEBUG    root:machine.py:309 JMP 0
TICK: 27964 PC:  13 ADDR:   0 MEM_OUT: 577 ACC: 2 BUFF: 577 DC: 0 FLAG_ZERO: False FLAG_LT: 0 FLAG_GT: 1
INPUT_PORT:  []
OUT_PORT:  []
DATA_MEM:  [577, 269]
---------------------------------------
DEBUG    root:machine.py:309 LD 0
TICK: 27967 PC:   0 ADDR:   0 MEM_OUT: 577 ACC: 2 BUFF: 577 DC: 0 FLAG_ZERO: False FLAG_LT: 0 FLAG_GT: 1
INPUT_PORT:  []
OUT_PORT:  []
DATA_MEM:  [577, 269]
---------------------------------------
DEBUG    root:machine.py:309 INC 
TICK: 27971 PC:   1 ADDR:   0 MEM_OUT: 577 ACC: 577 BUFF: 577 DC: 0 FLAG_ZERO: False FLAG_LT: 0 FLAG_GT: 1
INPUT_PORT:  []
OUT_PORT:  []
DATA_MEM:  [577, 269]
---------------------------------------
DEBUG    root:machine.py:309 ST 0
TICK: 27974 PC:   2 ADDR:   0 MEM_OUT: 577 ACC: 578 BUFF: 577 DC: 0 FLAG_ZERO: False FLAG_LT: 0 FLAG_GT: 1
INPUT_PORT:  []
OUT_PORT:  []
DATA_MEM:  [577, 269]
---------------------------------------
DEBUG    root:machine.py:309 CMP 1000
TICK: 27978 PC:   3 ADDR:   0 MEM_OUT: 578 ACC: 578 BUFF: 577 DC: 0 FLAG_ZERO: False FLAG_LT: 0 FLAG_GT: 1
INPUT_PORT:  []
OUT_PORT:  []
DATA_MEM:  [578, 269]
---------------------------------------
DEBUG    root:machine.py:309 JGE 22
TICK: 27981 PC:   4 ADDR:   0 MEM_OUT: 578 ACC: 578 BUFF: 577 DC: 0 FLAG_ZERO: False FLAG_LT: 1 FLAG_GT: 0
INPUT_PORT:  []
OUT_PORT:  []
DATA_MEM:  [578, 269]
---------------------------------------
DEBUG    root:machine.py:309 LD 0
TICK: 27984 PC:   5 ADDR:   0 MEM_OUT: 578 ACC: 578 BUFF: 577 DC: 0 FLAG_ZERO: False FLAG_LT: 1 FLAG_GT: 0
INPUT_PORT:  []
OUT_PORT:  []
DATA_MEM:  [578, 269]
---------------------------------------
DEBUG    root:machine.py:309 MOD 3
TICK: 27988 PC:   6 ADDR:   0 MEM_OUT: 578 ACC: 578 BUFF: 577 DC: 0 FLAG_ZERO: False FLAG_LT: 1 FLAG_GT: 0
INPUT_PORT:  []
OUT_PORT:  []
DATA_MEM:  [578, 269]
---------------------------------------
DEBUG    root:machine.py:309 CMP 0
TICK: 27992 PC:   7 ADDR:   0 MEM_OUT: 578 ACC: 2 BUFF: 578 DC: 0 FLAG_ZERO: False FLAG_LT: 1 FLAG_GT: 0
INPUT_PORT:  []
OUT_PORT:  []
DATA_MEM:  [578, 269]
---------------------------------------
DEBUG    root:machine.py:309 JE 14
TICK: 27995 PC:   8 ADDR:   0 MEM_OUT: 578 ACC: 2 BUFF: 578 DC: 0 FLAG_ZERO: False FLAG_LT: 0 FLAG_GT: 1
INPUT_PORT:  []
OUT_PORT:  []
DATA_MEM:  [578, 269]
---------------------------------------
DEBUG    root:machine.py:309 LD 0
TICK: 27998 PC:   9 ADDR:   0 MEM_OUT: 578 ACC: 2 BUFF: 578 DC: 0 FLAG_ZERO: False FLAG_LT: 0 FLAG_GT: 1
INPUT_PORT:  []
OUT_PORT:  []
DATA_MEM:  [578, 269]
---------------------------------------
DEBUG    root:machine.py:309 MOD 5
TICK: 28002 PC:  10 ADDR:   0 MEM_OUT: 578 ACC: 578 BUFF: 578 DC: 0 FLAG_ZERO: False FLAG_LT: 0 FLAG_GT: 1
INPUT_PORT:  []
OUT_PORT:  []
DATA_MEM:  [578, 269]
---------------------------------------
DEBUG    root:machine.py:309 CMP 0
TICK: 28006 PC:  11 ADDR:   0 MEM_OUT: 578 ACC: 3 BUFF: 578 DC: 0 FLAG_ZERO: False FLAG_LT: 0 FLAG_GT: 1
INPUT_PORT:  []
OUT_PORT:  []
DATA_MEM:  [578, 269]
---------------------------------------
DEBUG    root:machine.py:309 JE 18
TICK: 28009 PC:  12 ADDR:   0 MEM_OUT: 578 ACC: 3 BUFF: 578 DC: 0 FLAG_ZERO: False FLAG_LT: 0 FLAG_GT: 1
INPUT_PORT:  []
OUT_PORT:  []
DATA_MEM:  [578, 269]
---------------------------------------
DEBUG    root:machine.py:309 JMP 0
TICK: 28012 PC:  13 ADDR:   0 MEM_OUT: 578 ACC: 3 BUFF: 578 DC: 0 FLAG_ZERO: False FLAG_LT: 0 FLAG_GT: 1
INPUT_PORT:  []
OUT_PORT:  []
DATA_MEM:  [578, 269]
---------------------------------------
DEBUG    root:machine.py:309 LD 0
TICK: 28015 PC:   0 ADDR:   0 MEM_OUT: 578 ACC: 3 BUFF: 578 DC: 0 FLAG_ZERO: False FLAG_LT: 0 FLAG_GT: 1
INPUT_PORT:  []
OUT_PORT:  []
DATA_MEM:  [578, 269]
---------------------------------------
DEBUG    root:machine.py:309 INC 
TICK: 28019 PC:   1 ADDR:   0 MEM_OUT: 578 ACC: 578 BUFF: 578 DC: 0 FLAG_ZERO: False FLAG_LT: 0 FLAG_GT: 1
INPUT_PORT:  []
OUT_PORT:  []
DATA_MEM:  [578, 269]
---------------------------------------
DEBUG    root:machine.py:309 ST 0
TICK: 28022 PC:   2 ADDR:   0 MEM_OUT: 578 ACC: 579 BUFF: 578 DC: 0 FLAG_ZERO: False FLAG_LT: 0 FLAG_GT: 1
INPUT_PORT:  []
OUT_PORT:  []
DATA_MEM:  [578, 269]
---------------------------------------
DEBUG    root:machine.py:309 CMP 1000
TICK: 28026 PC:   3 ADDR:   0 MEM_OUT: 579 ACC: 579 BUFF: 578 DC: 0 FLAG_ZERO: False FLAG_LT: 0 FLAG_GT: 1
INPUT_PORT:  []
OUT_PORT:  []
DATA_MEM:  [579, 269]
---------------------------------------
DEBUG    root:machine.py:309 JGE 22
TICK: 28029 PC:   4 ADDR:   0 MEM_OUT: 579 ACC: 579 BUFF: 578 DC: 0 FLAG_ZERO: False FLAG_LT: 1 FLAG_GT: 0
INPUT_PORT:  []
OUT_PORT:  []
DATA_MEM:  [579, 269]
---------------------------------------
DEBUG    root:machine.py:309 LD 0
TICK: 28032 PC:   5 ADDR:   0 MEM_OUT: 579 ACC: 579 BUFF: 578 DC: 0 FLAG_ZERO: False FLAG_LT: 1 FLAG_GT: 0
INPUT_PORT:  []
OUT_PORT:  []
DATA_MEM:  [579, 269]
---------------------------------------
DEBUG    root:machine.py:309 MOD 3
TICK: 28036 PC:   6 ADDR:   0 MEM_OUT: 579 ACC: 579 BUFF: 578 DC: 0 FLAG_ZERO: False FLAG_LT: 1 FLAG_GT: 0
INPUT_PORT:  []
OUT_PORT:  []
DATA_MEM:  [579, 269]
---------------------------------------
DEBUG    root:machine.py:309 CMP 0
TICK: 28040 PC:   7 ADDR:   0 MEM_OUT: 579 ACC: 0 BUFF: 579 DC: 0 FLAG_ZERO: False FLAG_LT: 1 FLAG_GT: 0
INPUT_PORT:  []
OUT_PORT:  []
DATA_MEM:  [579, 269]
---------------------------------------
DEBUG    root:machine.py:309 JE 14
TICK: 28043 PC:   8 ADDR:   0 MEM_OUT: 579 ACC: 0 BUFF: 579 DC: 0 FLAG_ZERO: True FLAG_LT: 0 FLAG_GT: 0
INPUT_PORT:  []
OUT_PORT:  []
DATA_MEM:  [579, 269]
---------------------------------------
DEBUG    root:machine.py:309 LD 4
TICK: 28046 PC:  14 ADDR:   0 MEM_OUT: 579 ACC: 0 BUFF: 579 DC: 0 FLAG_ZERO: True FLAG_LT: 0 FLAG_GT: 0
INPUT_PORT:  []
OUT_PORT:  []
DATA_MEM:  [579, 269]
---------------------------------------
DEBUG    root:machine.py:309 INC 
TICK: 28050 PC:  15 ADDR:   1 MEM_OUT: 269 ACC: 269 BUFF: 579 DC: 0 FLAG_ZERO: True FLAG_LT: 0 FLAG_GT: 0
INPUT_PORT:  []
OUT_PORT:  []
DATA_MEM:  [579, 269]
---------------------------------------
DEBUG    root:machine.py:309 ST 4
TICK: 28053 PC:  16 ADDR:   1 MEM_OUT: 269 ACC: 270 BUFF: 579 DC: 0 FLAG_ZERO: True FLAG_LT: 0 FLAG_GT: 0
INPUT_PORT:  []
OUT_PORT:  []
DATA_MEM:  [579, 269]
---------------------------------------
DEBUG    root:machine.py:309 JMP 0
TICK: 28057 PC:  17 ADDR:   1 MEM_OUT: 270 ACC: 270 BUFF: 579 DC: 0 FLAG_ZERO: True FLAG_LT: 0 FLAG_GT: 0
INPUT_PORT:  []
OUT_PORT:  []
DATA_MEM:  [579, 270]
---------------------------------------
DEBUG    root:machine.py:309 LD 0
TICK: 28060 PC:   0 ADDR:   1 MEM_OUT: 270 ACC: 270 BUFF: 579 DC: 0 FLAG_ZERO: True FLAG_LT: 0 FLAG_GT: 0
INPUT_PORT:  []
OUT_PORT:  []
DATA_MEM:  [579, 270]
---------------------------------------
DEBUG    root:machine.py:309 INC 
TICK: 28064 PC:   1 ADDR:   0 MEM_OUT: 579 ACC: 579 BUFF: 579 DC: 0 FLAG_ZERO: True FLAG_LT: 0 FLAG_GT: 0
INPUT_PORT:  []
OUT_PORT:  []
DATA_MEM:  [579, 270]
---------------------------------------
DEBUG    root:machine.py:309 ST 0
TICK: 28067 PC:   2 ADDR:   0 MEM_OUT: 579 ACC: 580 BUFF: 579 DC: 0 FLAG_ZERO: True FLAG_LT: 0 FLAG_GT: 0
INPUT_PORT:  []
OUT_PORT:  []
DATA_MEM:  [579, 270]
---------------------------------------
DEBUG    root:machine.py:309 CMP 1000
TICK: 28071 PC:   3 ADDR:   0 MEM_OUT: 580 ACC: 580 BUFF: 579 DC: 0 FLAG_ZERO: True FLAG_LT: 0 FLAG_GT: 0
INPUT_PORT:  []
OUT_PORT:  []
DATA_MEM:  [580, 270]
---------------------------------------
DEBUG    root:machine.py:309 JGE 22
TICK: 28074 PC:   4 ADDR:   0 MEM_OUT: 580 ACC: 580 BUFF: 579 DC: 0 FLAG_ZERO: False FLAG_LT: 1 FLAG_GT: 0
INPUT_PORT:  []
OUT_PORT:  []
DATA_MEM:  [580, 270]
---------------------------------------
DEBUG    root:machine.py:309 LD 0
TICK: 28077 PC:   5 ADDR:   0 MEM_OUT: 580 ACC: 580 BUFF: 579 DC: 0 FLAG_ZERO: False FLAG_LT: 1 FLAG_GT: 0
INPUT_PORT:  []
OUT_PORT:  []
DATA_MEM:  [580, 270]
---------------------------------------
DEBUG    root:machine.py:309 MOD 3
TICK: 28081 PC:   6 ADDR:   0 MEM_OUT: 580 ACC: 580 BUFF: 579 DC: 0 FLAG_ZERO: False FLAG_LT: 1 FLAG_GT: 0
INPUT_PORT:  []
OUT_PORT:  []
DATA_MEM:  [580, 270]
---------------------------------------
DEBUG    root:machine.py:309 CMP 0
TICK: 28085 PC:   7 ADDR:   0 MEM_OUT: 580 ACC: 1 BUFF: 580 DC: 0 FLAG_ZERO: False FLAG_LT: 1 FLAG_GT: 0
INPUT_PORT:  []
OUT_PORT:  []
DATA_MEM:  [580, 270]
---------------------------------------
DEBUG    root:machine.py:309 JE 14
TICK: 28088 PC:   8 ADDR:   0 MEM_OUT: 580 ACC: 1 BUFF: 580 DC: 0 FLAG_ZERO: False FLAG_LT: 0 FLAG_GT: 1
INPUT_PORT:  []
OUT_PORT:  []
DATA_MEM:  [580, 270]
---------------------------------------
DEBUG    root:machine.py:309 LD 0
TICK: 28091 PC:   9 ADDR:   0 MEM_OUT: 580 ACC: 1 BUFF: 580 DC: 0 FLAG_ZERO: False FLAG_LT: 0 FLAG_GT: 1
INPUT_PORT:  []
OUT_PORT:  []
DATA_MEM:  [580, 270]
---------------------------------------
DEBUG    root:machine.py:309 MOD 5
TICK: 28095 PC:  10 ADDR:   0 MEM_OUT: 580 ACC: 580 BUFF: 580 DC: 0 FLAG_ZERO: False FLAG_LT: 0 FLAG_GT: 1
INPUT_PORT:  []
OUT_PORT:  []
DATA_MEM:  [580, 270]
---------------------------------------
DEBUG    root:machine.py:309 CMP 0
TICK: 28099 PC:  11 ADDR:   0 MEM_OUT: 580 ACC: 0 BUFF: 580 DC: 0 FLAG_ZERO: False FLAG_LT: 0 FLAG_GT: 1
INPUT_PORT:  []
OUT_PORT:  []
DATA_MEM:  [580, 270]
---------------------------------------
DEBUG    root:machine.py:309 JE 18
TICK: 28102 PC:  12 ADDR:   0 MEM_OUT: 580 ACC: 0 BUFF: 580 DC: 0 FLAG_ZERO: True FLAG_LT: 0 FLAG_GT: 0
INPUT_PORT:  []
OUT_PORT:  []
DATA_MEM:  [580, 270]
---------------------------------------
DEBUG    root:machine.py:309 LD 4
TICK: 28105 PC:  18 ADDR:   0 MEM_OUT: 580 ACC: 0 BUFF: 580 DC: 0 FLAG_ZERO: True FLAG_LT: 0 FLAG_GT: 0
INPUT_PORT:  []
OUT_PORT:  []
DATA_MEM:  [580, 270]
---------------------------------------
DEBUG    root:machine.py:309 INC 
TICK: 28109 PC:  19 ADDR:   1 MEM_OUT: 270 ACC: 270 BUFF: 580 DC: 0 FLAG_ZERO: True FLAG_LT: 0 FLAG_GT: 0
INPUT_PORT:  []
OUT_PORT:  []
DATA_MEM:  [580, 270]
---------------------------------------
DEBUG    root:machine.py:309 ST 4
TICK: 28112 PC:  20 ADDR:   1 MEM_OUT: 270 ACC: 271 BUFF: 580 DC: 0 FLAG_ZERO: True FLAG_LT: 0 FLAG_GT: 0
INPUT_PORT:  []
OUT_PORT:  []
DATA_MEM:  [580, 270]
---------------------------------------
DEBUG    root:machine.py:309 JMP 0
TICK: 28116 PC:  21 ADDR:   1 MEM_OUT: 271 ACC: 271 BUFF: 580 DC: 0 FLAG_ZERO: True FLAG_LT: 0 FLAG_GT: 0
INPUT_PORT:  []
OUT_PORT:  []
DATA_MEM:  [580, 271]
---------------------------------------
DEBUG    root:machine.py:309 LD 0
TICK: 28119 PC:   0 ADDR:   1 MEM_OUT: 271 ACC: 271 BUFF: 580 DC: 0 FLAG_ZERO: True FLAG_LT: 0 FLAG_GT: 0
INPUT_PORT:  []
OUT_PORT:  []
DATA_MEM:  [580, 271]
---------------------------------------
DEBUG    root:machine.py:309 INC 
TICK: 28123 PC:   1 ADDR:   0 MEM_OUT: 580 ACC: 580 BUFF: 580 DC: 0 FLAG_ZERO: True FLAG_LT: 0 FLAG_GT: 0
INPUT_PORT:  []
OUT_PORT:  []
DATA_MEM:  [580, 271]
---------------------------------------
DEBUG    root:machine.py:309 ST 0
TICK: 28126 PC:   2 ADDR:   0 MEM_OUT: 580 ACC: 581 BUFF: 580 DC: 0 FLAG_ZERO: True FLAG_LT: 0 FLAG_GT: 0
INPUT_PORT:  []
OUT_PORT:  []
DATA_MEM:  [580, 271]
---------------------------------------
DEBUG    root:machine.py:309 CMP 1000
TICK: 28130 PC:   3 ADDR:   0 MEM_OUT: 581 ACC: 581 BUFF: 580 DC: 0 FLAG_ZERO: True FLAG_LT: 0 FLAG_GT: 0
INPUT_PORT:  []
OUT_PORT:  []
DATA_MEM:  [581, 271]
---------------------------------------
DEBUG    root:machine.py:309 JGE 22
TICK: 28133 PC:   4 ADDR:   0 MEM_OUT: 581 ACC: 581 BUFF: 580 DC: 0 FLAG_ZERO: False FLAG_LT: 1 FLAG_GT: 0
INPUT_PORT:  []
OUT_PORT:  []
DATA_MEM:  [581, 271]
---------------------------------------
DEBUG    root:machine.py:309 LD 0
TICK: 28136 PC:   5 ADDR:   0 MEM_OUT: 581 ACC: 581 BUFF: 580 DC: 0 FLAG_ZERO: False FLAG_LT: 1 FLAG_GT: 0
INPUT_PORT:  []
OUT_PORT:  []
DATA_MEM:  [581, 271]
---------------------------------------
DEBUG    root:machine.py:309 MOD 3
TICK: 28140 PC:   6 ADDR:   0 MEM_OUT: 581 ACC: 581 BUFF: 580 DC: 0 FLAG_ZERO: False FLAG_LT: 1 FLAG_GT: 0
INPUT_PORT:  []
OUT_PORT:  []
DATA_MEM:  [581, 271]
---------------------------------------
DEBUG    root:machine.py:309 CMP 0
TICK: 28144 PC:   7 ADDR:   0 MEM_OUT: 581 ACC: 2 BUFF: 581 DC: 0 FLAG_ZERO: False FLAG_LT: 1 FLAG_GT: 0
INPUT_PORT:  []
OUT_PORT:  []
DATA_MEM:  [581, 271]
---------------------------------------
DEBUG    root:machine.py:309 JE 14
TICK: 28147 PC:   8 ADDR:   0 MEM_OUT: 581 ACC: 2 BUFF: 581 DC: 0 FLAG_ZERO: False FLAG_LT: 0 FLAG_GT: 1
INPUT_PORT:  []
OUT_PORT:  []
DATA_MEM:  [581, 271]
---------------------------------------
DEBUG    root:machine.py:309 LD 0
TICK: 28150 PC:   9 ADDR:   0 MEM_OUT: 581 ACC: 2 BUFF: 581 DC: 0 FLAG_ZERO: False FLAG_LT: 0 FLAG_GT: 1
INPUT_PORT:  []
OUT_PORT:  []
DATA_MEM:  [581, 271]
---------------------------------------
DEBUG    root:machine.py:309 MOD 5
TICK: 28154 PC:  10 ADDR:   0 MEM_OUT: 581 ACC: 581 BUFF: 581 DC: 0 FLAG_ZERO: False FLAG_LT: 0 FLAG_GT: 1
INPUT_PORT:  []
OUT_PORT:  []
DATA_MEM:  [581, 271]
---------------------------------------
DEBUG    root:machine.py:309 CMP 0
TICK: 28158 PC:  11 ADDR:   0 MEM_OUT: 581 ACC: 1 BUFF: 581 DC: 0 FLAG_ZERO: False FLAG_LT: 0 FLAG_GT: 1
INPUT_PORT:  []
OUT_PORT:  []
DATA_MEM:  [581, 271]
---------------------------------------
DEBUG    root:machine.py:309 JE 18
TICK: 28161 PC:  12 ADDR:   0 MEM_OUT: 581 ACC: 1 BUFF: 581 DC: 0 FLAG_ZERO: False FLAG_LT: 0 FLAG_GT: 1
INPUT_PORT:  []
OUT_PORT:  []
DATA_MEM:  [581, 271]
---------------------------------------
DEBUG    root:machine.py:309 JMP 0
TICK: 28164 PC:  13 ADDR:   0 MEM_OUT: 581 ACC: 1 BUFF: 581 DC: 0 FLAG_ZERO: False FLAG_LT: 0 FLAG_GT: 1
INPUT_PORT:  []
OUT_PORT:  []
DATA_MEM:  [581, 271]
---------------------------------------
DEBUG    root:machine.py:309 LD 0
TICK: 28167 PC:   0 ADDR:   0 MEM_OUT: 581 ACC: 1 BUFF: 581 DC: 0 FLAG_ZERO: False FLAG_LT: 0 FLAG_GT: 1
INPUT_PORT:  []
OUT_PORT:  []
DATA_MEM:  [581, 271]
---------------------------------------
DEBUG    root:machine.py:309 INC 
TICK: 28171 PC:   1 ADDR:   0 MEM_OUT: 581 ACC: 581 BUFF: 581 DC: 0 FLAG_ZERO: False FLAG_LT: 0 FLAG_GT: 1
INPUT_PORT:  []
OUT_PORT:  []
DATA_MEM:  [581, 271]
---------------------------------------
DEBUG    root:machine.py:309 ST 0
TICK: 28174 PC:   2 ADDR:   0 MEM_OUT: 581 ACC: 582 BUFF: 581 DC: 0 FLAG_ZERO: False FLAG_LT: 0 FLAG_GT: 1
INPUT_PORT:  []
OUT_PORT:  []
DATA_MEM:  [581, 271]
---------------------------------------
DEBUG    root:machine.py:309 CMP 1000
TICK: 28178 PC:   3 ADDR:   0 MEM_OUT: 582 ACC: 582 BUFF: 581 DC: 0 FLAG_ZERO: False FLAG_LT: 0 FLAG_GT: 1
INPUT_PORT:  []
OUT_PORT:  []
DATA_MEM:  [582, 271]
---------------------------------------
DEBUG    root:machine.py:309 JGE 22
TICK: 28181 PC:   4 ADDR:   0 MEM_OUT: 582 ACC: 582 BUFF: 581 DC: 0 FLAG_ZERO: False FLAG_LT: 1 FLAG_GT: 0
INPUT_PORT:  []
OUT_PORT:  []
DATA_MEM:  [582, 271]
---------------------------------------
DEBUG    root:machine.py:309 LD 0
TICK: 28184 PC:   5 ADDR:   0 MEM_OUT: 582 ACC: 582 BUFF: 581 DC: 0 FLAG_ZERO: False FLAG_LT: 1 FLAG_GT: 0
INPUT_PORT:  []
OUT_PORT:  []
DATA_MEM:  [582, 271]
---------------------------------------
DEBUG    root:machine.py:309 MOD 3
TICK: 28188 PC:   6 ADDR:   0 MEM_OUT: 582 ACC: 582 BUFF: 581 DC: 0 FLAG_ZERO: False FLAG_LT: 1 FLAG_GT: 0
INPUT_PORT:  []
OUT_PORT:  []
DATA_MEM:  [582, 271]
---------------------------------------
DEBUG    root:machine.py:309 CMP 0
TICK: 28192 PC:   7 ADDR:   0 MEM_OUT: 582 ACC: 0 BUFF: 582 DC: 0 FLAG_ZERO: False FLAG_LT: 1 FLAG_GT: 0
INPUT_PORT:  []
OUT_PORT:  []
DATA_MEM:  [582, 271]
---------------------------------------
DEBUG    root:machine.py:309 JE 14
TICK: 28195 PC:   8 ADDR:   0 MEM_OUT: 582 ACC: 0 BUFF: 582 DC: 0 FLAG_ZERO: True FLAG_LT: 0 FLAG_GT: 0
INPUT_PORT:  []
OUT_PORT:  []
DATA_MEM:  [582, 271]
---------------------------------------
DEBUG    root:machine.py:309 LD 4
TICK: 28198 PC:  14 ADDR:   0 MEM_OUT: 582 ACC: 0 BUFF: 582 DC: 0 FLAG_ZERO: True FLAG_LT: 0 FLAG_GT: 0
INPUT_PORT:  []
OUT_PORT:  []
DATA_MEM:  [582, 271]
---------------------------------------
DEBUG    root:machine.py:309 INC 
TICK: 28202 PC:  15 ADDR:   1 MEM_OUT: 271 ACC: 271 BUFF: 582 DC: 0 FLAG_ZERO: True FLAG_LT: 0 FLAG_GT: 0
INPUT_PORT:  []
OUT_PORT:  []
DATA_MEM:  [582, 271]
---------------------------------------
DEBUG    root:machine.py:309 ST 4
TICK: 28205 PC:  16 ADDR:   1 MEM_OUT: 271 ACC: 272 BUFF: 582 DC: 0 FLAG_ZERO: True FLAG_LT: 0 FLAG_GT: 0
INPUT_PORT:  []
OUT_PORT:  []
DATA_MEM:  [582, 271]
---------------------------------------
DEBUG    root:machine.py:309 JMP 0
TICK: 28209 PC:  17 ADDR:   1 MEM_OUT: 272 ACC: 272 BUFF: 582 DC: 0 FLAG_ZERO: True FLAG_LT: 0 FLAG_GT: 0
INPUT_PORT:  []
OUT_PORT:  []
DATA_MEM:  [582, 272]
---------------------------------------
DEBUG    root:machine.py:309 LD 0
TICK: 28212 PC:   0 ADDR:   1 MEM_OUT: 272 ACC: 272 BUFF: 582 DC: 0 FLAG_ZERO: True FLAG_LT: 0 FLAG_GT: 0
INPUT_PORT:  []
OUT_PORT:  []
DATA_MEM:  [582, 272]
---------------------------------------
DEBUG    root:machine.py:309 INC 
TICK: 28216 PC:   1 ADDR:   0 MEM_OUT: 582 ACC: 582 BUFF: 582 DC: 0 FLAG_ZERO: True FLAG_LT: 0 FLAG_GT: 0
INPUT_PORT:  []
OUT_PORT:  []
DATA_MEM:  [582, 272]
---------------------------------------
DEBUG    root:machine.py:309 ST 0
TICK: 28219 PC:   2 ADDR:   0 MEM_OUT: 582 ACC: 583 BUFF: 582 DC: 0 FLAG_ZERO: True FLAG_LT: 0 FLAG_GT: 0
INPUT_PORT:  []
OUT_PORT:  []
DATA_MEM:  [582, 272]
---------------------------------------
DEBUG    root:machine.py:309 CMP 1000
TICK: 28223 PC:   3 ADDR:   0 MEM_OUT: 583 ACC: 583 BUFF: 582 DC: 0 FLAG_ZERO: True FLAG_LT: 0 FLAG_GT: 0
INPUT_PORT:  []
OUT_PORT:  []
DATA_MEM:  [583, 272]
---------------------------------------
DEBUG    root:machine.py:309 JGE 22
TICK: 28226 PC:   4 ADDR:   0 MEM_OUT: 583 ACC: 583 BUFF: 582 DC: 0 FLAG_ZERO: False FLAG_LT: 1 FLAG_GT: 0
INPUT_PORT:  []
OUT_PORT:  []
DATA_MEM:  [583, 272]
---------------------------------------
DEBUG    root:machine.py:309 LD 0
TICK: 28229 PC:   5 ADDR:   0 MEM_OUT: 583 ACC: 583 BUFF: 582 DC: 0 FLAG_ZERO: False FLAG_LT: 1 FLAG_GT: 0
INPUT_PORT:  []
OUT_PORT:  []
DATA_MEM:  [583, 272]
---------------------------------------
DEBUG    root:machine.py:309 MOD 3
TICK: 28233 PC:   6 ADDR:   0 MEM_OUT: 583 ACC: 583 BUFF: 582 DC: 0 FLAG_ZERO: False FLAG_LT: 1 FLAG_GT: 0
INPUT_PORT:  []
OUT_PORT:  []
DATA_MEM:  [583, 272]
---------------------------------------
DEBUG    root:machine.py:309 CMP 0
TICK: 28237 PC:   7 ADDR:   0 MEM_OUT: 583 ACC: 1 BUFF: 583 DC: 0 FLAG_ZERO: False FLAG_LT: 1 FLAG_GT: 0
INPUT_PORT:  []
OUT_PORT:  []
DATA_MEM:  [583, 272]
---------------------------------------
DEBUG    root:machine.py:309 JE 14
TICK: 28240 PC:   8 ADDR:   0 MEM_OUT: 583 ACC: 1 BUFF: 583 DC: 0 FLAG_ZERO: False FLAG_LT: 0 FLAG_GT: 1
INPUT_PORT:  []
OUT_PORT:  []
DATA_MEM:  [583, 272]
---------------------------------------
DEBUG    root:machine.py:309 LD 0
TICK: 28243 PC:   9 ADDR:   0 MEM_OUT: 583 ACC: 1 BUFF: 583 DC: 0 FLAG_ZERO: False FLAG_LT: 0 FLAG_GT: 1
INPUT_PORT:  []
OUT_PORT:  []
DATA_MEM:  [583, 272]
---------------------------------------
DEBUG    root:machine.py:309 MOD 5
TICK: 28247 PC:  10 ADDR:   0 MEM_OUT: 583 ACC: 583 BUFF: 583 DC: 0 FLAG_ZERO: False FLAG_LT: 0 FLAG_GT: 1
INPUT_PORT:  []
OUT_PORT:  []
DATA_MEM:  [583, 272]
---------------------------------------
DEBUG    root:machine.py:309 CMP 0
TICK: 28251 PC:  11 ADDR:   0 MEM_OUT: 583 ACC: 3 BUFF: 583 DC: 0 FLAG_ZERO: False FLAG_LT: 0 FLAG_GT: 1
INPUT_PORT:  []
OUT_PORT:  []
DATA_MEM:  [583, 272]
---------------------------------------
DEBUG    root:machine.py:309 JE 18
TICK: 28254 PC:  12 ADDR:   0 MEM_OUT: 583 ACC: 3 BUFF: 583 DC: 0 FLAG_ZERO: False FLAG_LT: 0 FLAG_GT: 1
INPUT_PORT:  []
OUT_PORT:  []
DATA_MEM:  [583, 272]
---------------------------------------
DEBUG    root:machine.py:309 JMP 0
TICK: 28257 PC:  13 ADDR:   0 MEM_OUT: 583 ACC: 3 BUFF: 583 DC: 0 FLAG_ZERO: False FLAG_LT: 0 FLAG_GT: 1
INPUT_PORT:  []
OUT_PORT:  []
DATA_MEM:  [583, 272]
---------------------------------------
DEBUG    root:machine.py:309 LD 0
TICK: 28260 PC:   0 ADDR:   0 MEM_OUT: 583 ACC: 3 BUFF: 583 DC: 0 FLAG_ZERO: False FLAG_LT: 0 FLAG_GT: 1
INPUT_PORT:  []
OUT_PORT:  []
DATA_MEM:  [583, 272]
---------------------------------------
DEBUG    root:machine.py:309 INC 
TICK: 28264 PC:   1 ADDR:   0 MEM_OUT: 583 ACC: 583 BUFF: 583 DC: 0 FLAG_ZERO: False FLAG_LT: 0 FLAG_GT: 1
INPUT_PORT:  []
OUT_PORT:  []
DATA_MEM:  [583, 272]
---------------------------------------
DEBUG    root:machine.py:309 ST 0
TICK: 28267 PC:   2 ADDR:   0 MEM_OUT: 583 ACC: 584 BUFF: 583 DC: 0 FLAG_ZERO: False FLAG_LT: 0 FLAG_GT: 1
INPUT_PORT:  []
OUT_PORT:  []
DATA_MEM:  [583, 272]
---------------------------------------
DEBUG    root:machine.py:309 CMP 1000
TICK: 28271 PC:   3 ADDR:   0 MEM_OUT: 584 ACC: 584 BUFF: 583 DC: 0 FLAG_ZERO: False FLAG_LT: 0 FLAG_GT: 1
INPUT_PORT:  []
OUT_PORT:  []
DATA_MEM:  [584, 272]
---------------------------------------
DEBUG    root:machine.py:309 JGE 22
TICK: 28274 PC:   4 ADDR:   0 MEM_OUT: 584 ACC: 584 BUFF: 583 DC: 0 FLAG_ZERO: False FLAG_LT: 1 FLAG_GT: 0
INPUT_PORT:  []
OUT_PORT:  []
DATA_MEM:  [584, 272]
---------------------------------------
DEBUG    root:machine.py:309 LD 0
TICK: 28277 PC:   5 ADDR:   0 MEM_OUT: 584 ACC: 584 BUFF: 583 DC: 0 FLAG_ZERO: False FLAG_LT: 1 FLAG_GT: 0
INPUT_PORT:  []
OUT_PORT:  []
DATA_MEM:  [584, 272]
---------------------------------------
DEBUG    root:machine.py:309 MOD 3
TICK: 28281 PC:   6 ADDR:   0 MEM_OUT: 584 ACC: 584 BUFF: 583 DC: 0 FLAG_ZERO: False FLAG_LT: 1 FLAG_GT: 0
INPUT_PORT:  []
OUT_PORT:  []
DATA_MEM:  [584, 272]
---------------------------------------
DEBUG    root:machine.py:309 CMP 0
TICK: 28285 PC:   7 ADDR:   0 MEM_OUT: 584 ACC: 2 BUFF: 584 DC: 0 FLAG_ZERO: False FLAG_LT: 1 FLAG_GT: 0
INPUT_PORT:  []
OUT_PORT:  []
DATA_MEM:  [584, 272]
---------------------------------------
DEBUG    root:machine.py:309 JE 14
TICK: 28288 PC:   8 ADDR:   0 MEM_OUT: 584 ACC: 2 BUFF: 584 DC: 0 FLAG_ZERO: False FLAG_LT: 0 FLAG_GT: 1
INPUT_PORT:  []
OUT_PORT:  []
DATA_MEM:  [584, 272]
---------------------------------------
DEBUG    root:machine.py:309 LD 0
TICK: 28291 PC:   9 ADDR:   0 MEM_OUT: 584 ACC: 2 BUFF: 584 DC: 0 FLAG_ZERO: False FLAG_LT: 0 FLAG_GT: 1
INPUT_PORT:  []
OUT_PORT:  []
DATA_MEM:  [584, 272]
---------------------------------------
DEBUG    root:machine.py:309 MOD 5
TICK: 28295 PC:  10 ADDR:   0 MEM_OUT: 584 ACC: 584 BUFF: 584 DC: 0 FLAG_ZERO: False FLAG_LT: 0 FLAG_GT: 1
INPUT_PORT:  []
OUT_PORT:  []
DATA_MEM:  [584, 272]
---------------------------------------
DEBUG    root:machine.py:309 CMP 0
TICK: 28299 PC:  11 ADDR:   0 MEM_OUT: 584 ACC: 4 BUFF: 584 DC: 0 FLAG_ZERO: False FLAG_LT: 0 FLAG_GT: 1
INPUT_PORT:  []
OUT_PORT:  []
DATA_MEM:  [584, 272]
---------------------------------------
DEBUG    root:machine.py:309 JE 18
TICK: 28302 PC:  12 ADDR:   0 MEM_OUT: 584 ACC: 4 BUFF: 584 DC: 0 FLAG_ZERO: False FLAG_LT: 0 FLAG_GT: 1
INPUT_PORT:  []
OUT_PORT:  []
DATA_MEM:  [584, 272]
---------------------------------------
DEBUG    root:machine.py:309 JMP 0
TICK: 28305 PC:  13 ADDR:   0 MEM_OUT: 584 ACC: 4 BUFF: 584 DC: 0 FLAG_ZERO: False FLAG_LT: 0 FLAG_GT: 1
INPUT_PORT:  []
OUT_PORT:  []
DATA_MEM:  [584, 272]
---------------------------------------
DEBUG    root:machine.py:309 LD 0
TICK: 28308 PC:   0 ADDR:   0 MEM_OUT: 584 ACC: 4 BUFF: 584 DC: 0 FLAG_ZERO: False FLAG_LT: 0 FLAG_GT: 1
INPUT_PORT:  []
OUT_PORT:  []
DATA_MEM:  [584, 272]
---------------------------------------
DEBUG    root:machine.py:309 INC 
TICK: 28312 PC:   1 ADDR:   0 MEM_OUT: 584 ACC: 584 BUFF: 584 DC: 0 FLAG_ZERO: False FLAG_LT: 0 FLAG_GT: 1
INPUT_PORT:  []
OUT_PORT:  []
DATA_MEM:  [584, 272]
---------------------------------------
DEBUG    root:machine.py:309 ST 0
TICK: 28315 PC:   2 ADDR:   0 MEM_OUT: 584 ACC: 585 BUFF: 584 DC: 0 FLAG_ZERO: False FLAG_LT: 0 FLAG_GT: 1
INPUT_PORT:  []
OUT_PORT:  []
DATA_MEM:  [584, 272]
---------------------------------------
DEBUG    root:machine.py:309 CMP 1000
TICK: 28319 PC:   3 ADDR:   0 MEM_OUT: 585 ACC: 585 BUFF: 584 DC: 0 FLAG_ZERO: False FLAG_LT: 0 FLAG_GT: 1
INPUT_PORT:  []
OUT_PORT:  []
DATA_MEM:  [585, 272]
---------------------------------------
DEBUG    root:machine.py:309 JGE 22
TICK: 28322 PC:   4 ADDR:   0 MEM_OUT: 585 ACC: 585 BUFF: 584 DC: 0 FLAG_ZERO: False FLAG_LT: 1 FLAG_GT: 0
INPUT_PORT:  []
OUT_PORT:  []
DATA_MEM:  [585, 272]
---------------------------------------
DEBUG    root:machine.py:309 LD 0
TICK: 28325 PC:   5 ADDR:   0 MEM_OUT: 585 ACC: 585 BUFF: 584 DC: 0 FLAG_ZERO: False FLAG_LT: 1 FLAG_GT: 0
INPUT_PORT:  []
OUT_PORT:  []
DATA_MEM:  [585, 272]
---------------------------------------
DEBUG    root:machine.py:309 MOD 3
TICK: 28329 PC:   6 ADDR:   0 MEM_OUT: 585 ACC: 585 BUFF: 584 DC: 0 FLAG_ZERO: False FLAG_LT: 1 FLAG_GT: 0
INPUT_PORT:  []
OUT_PORT:  []
DATA_MEM:  [585, 272]
---------------------------------------
DEBUG    root:machine.py:309 CMP 0
TICK: 28333 PC:   7 ADDR:   0 MEM_OUT: 585 ACC: 0 BUFF: 585 DC: 0 FLAG_ZERO: False FLAG_LT: 1 FLAG_GT: 0
INPUT_PORT:  []
OUT_PORT:  []
DATA_MEM:  [585, 272]
---------------------------------------
DEBUG    root:machine.py:309 JE 14
TICK: 28336 PC:   8 ADDR:   0 MEM_OUT: 585 ACC: 0 BUFF: 585 DC: 0 FLAG_ZERO: True FLAG_LT: 0 FLAG_GT: 0
INPUT_PORT:  []
OUT_PORT:  []
DATA_MEM:  [585, 272]
---------------------------------------
DEBUG    root:machine.py:309 LD 4
TICK: 28339 PC:  14 ADDR:   0 MEM_OUT: 585 ACC: 0 BUFF: 585 DC: 0 FLAG_ZERO: True FLAG_LT: 0 FLAG_GT: 0
INPUT_PORT:  []
OUT_PORT:  []
DATA_MEM:  [585, 272]
---------------------------------------
DEBUG    root:machine.py:309 INC 
TICK: 28343 PC:  15 ADDR:   1 MEM_OUT: 272 ACC: 272 BUFF: 585 DC: 0 FLAG_ZERO: True FLAG_LT: 0 FLAG_GT: 0
INPUT_PORT:  []
OUT_PORT:  []
DATA_MEM:  [585, 272]
---------------------------------------
DEBUG    root:machine.py:309 ST 4
TICK: 28346 PC:  16 ADDR:   1 MEM_OUT: 272 ACC: 273 BUFF: 585 DC: 0 FLAG_ZERO: True FLAG_LT: 0 FLAG_GT: 0
INPUT_PORT:  []
OUT_PORT:  []
DATA_MEM:  [585, 272]
---------------------------------------
DEBUG    root:machine.py:309 JMP 0
TICK: 28350 PC:  17 ADDR:   1 MEM_OUT: 273 ACC: 273 BUFF: 585 DC: 0 FLAG_ZERO: True FLAG_LT: 0 FLAG_GT: 0
INPUT_PORT:  []
OUT_PORT:  []
DATA_MEM:  [585, 273]
---------------------------------------
DEBUG    root:machine.py:309 LD 0
TICK: 28353 PC:   0 ADDR:   1 MEM_OUT: 273 ACC: 273 BUFF: 585 DC: 0 FLAG_ZERO: True FLAG_LT: 0 FLAG_GT: 0
INPUT_PORT:  []
OUT_PORT:  []
DATA_MEM:  [585, 273]
---------------------------------------
DEBUG    root:machine.py:309 INC 
TICK: 28357 PC:   1 ADDR:   0 MEM_OUT: 585 ACC: 585 BUFF: 585 DC: 0 FLAG_ZERO: True FLAG_LT: 0 FLAG_GT: 0
INPUT_PORT:  []
OUT_PORT:  []
DATA_MEM:  [585, 273]
---------------------------------------
DEBUG    root:machine.py:309 ST 0
TICK: 28360 PC:   2 ADDR:   0 MEM_OUT: 585 ACC: 586 BUFF: 585 DC: 0 FLAG_ZERO: True FLAG_LT: 0 FLAG_GT: 0
INPUT_PORT:  []
OUT_PORT:  []
DATA_MEM:  [585, 273]
---------------------------------------
DEBUG    root:machine.py:309 CMP 1000
TICK: 28364 PC:   3 ADDR:   0 MEM_OUT: 586 ACC: 586 BUFF: 585 DC: 0 FLAG_ZERO: True FLAG_LT: 0 FLAG_GT: 0
INPUT_PORT:  []
OUT_PORT:  []
DATA_MEM:  [586, 273]
---------------------------------------
DEBUG    root:machine.py:309 JGE 22
TICK: 28367 PC:   4 ADDR:   0 MEM_OUT: 586 ACC: 586 BUFF: 585 DC: 0 FLAG_ZERO: False FLAG_LT: 1 FLAG_GT: 0
INPUT_PORT:  []
OUT_PORT:  []
DATA_MEM:  [586, 273]
---------------------------------------
DEBUG    root:machine.py:309 LD 0
TICK: 28370 PC:   5 ADDR:   0 MEM_OUT: 586 ACC: 586 BUFF: 585 DC: 0 FLAG_ZERO: False FLAG_LT: 1 FLAG_GT: 0
INPUT_PORT:  []
OUT_PORT:  []
DATA_MEM:  [586, 273]
---------------------------------------
DEBUG    root:machine.py:309 MOD 3
TICK: 28374 PC:   6 ADDR:   0 MEM_OUT: 586 ACC: 586 BUFF: 585 DC: 0 FLAG_ZERO: False FLAG_LT: 1 FLAG_GT: 0
INPUT_PORT:  []
OUT_PORT:  []
DATA_MEM:  [586, 273]
---------------------------------------
DEBUG    root:machine.py:309 CMP 0
TICK: 28378 PC:   7 ADDR:   0 MEM_OUT: 586 ACC: 1 BUFF: 586 DC: 0 FLAG_ZERO: False FLAG_LT: 1 FLAG_GT: 0
INPUT_PORT:  []
OUT_PORT:  []
DATA_MEM:  [586, 273]
---------------------------------------
DEBUG    root:machine.py:309 JE 14
TICK: 28381 PC:   8 ADDR:   0 MEM_OUT: 586 ACC: 1 BUFF: 586 DC: 0 FLAG_ZERO: False FLAG_LT: 0 FLAG_GT: 1
INPUT_PORT:  []
OUT_PORT:  []
DATA_MEM:  [586, 273]
---------------------------------------
DEBUG    root:machine.py:309 LD 0
TICK: 28384 PC:   9 ADDR:   0 MEM_OUT: 586 ACC: 1 BUFF: 586 DC: 0 FLAG_ZERO: False FLAG_LT: 0 FLAG_GT: 1
INPUT_PORT:  []
OUT_PORT:  []
DATA_MEM:  [586, 273]
---------------------------------------
DEBUG    root:machine.py:309 MOD 5
TICK: 28388 PC:  10 ADDR:   0 MEM_OUT: 586 ACC: 586 BUFF: 586 DC: 0 FLAG_ZERO: False FLAG_LT: 0 FLAG_GT: 1
INPUT_PORT:  []
OUT_PORT:  []
DATA_MEM:  [586, 273]
---------------------------------------
DEBUG    root:machine.py:309 CMP 0
TICK: 28392 PC:  11 ADDR:   0 MEM_OUT: 586 ACC: 1 BUFF: 586 DC: 0 FLAG_ZERO: False FLAG_LT: 0 FLAG_GT: 1
INPUT_PORT:  []
OUT_PORT:  []
DATA_MEM:  [586, 273]
---------------------------------------
DEBUG    root:machine.py:309 JE 18
TICK: 28395 PC:  12 ADDR:   0 MEM_OUT: 586 ACC: 1 BUFF: 586 DC: 0 FLAG_ZERO: False FLAG_LT: 0 FLAG_GT: 1
INPUT_PORT:  []
OUT_PORT:  []
DATA_MEM:  [586, 273]
---------------------------------------
DEBUG    root:machine.py:309 JMP 0
TICK: 28398 PC:  13 ADDR:   0 MEM_OUT: 586 ACC: 1 BUFF: 586 DC: 0 FLAG_ZERO: False FLAG_LT: 0 FLAG_GT: 1
INPUT_PORT:  []
OUT_PORT:  []
DATA_MEM:  [586, 273]
---------------------------------------
DEBUG    root:machine.py:309 LD 0
TICK: 28401 PC:   0 ADDR:   0 MEM_OUT: 586 ACC: 1 BUFF: 586 DC: 0 FLAG_ZERO: False FLAG_LT: 0 FLAG_GT: 1
INPUT_PORT:  []
OUT_PORT:  []
DATA_MEM:  [586, 273]
---------------------------------------
DEBUG    root:machine.py:309 INC 
TICK: 28405 PC:   1 ADDR:   0 MEM_OUT: 586 ACC: 586 BUFF: 586 DC: 0 FLAG_ZERO: False FLAG_LT: 0 FLAG_GT: 1
INPUT_PORT:  []
OUT_PORT:  []
DATA_MEM:  [586, 273]
---------------------------------------
DEBUG    root:machine.py:309 ST 0
TICK: 28408 PC:   2 ADDR:   0 MEM_OUT: 586 ACC: 587 BUFF: 586 DC: 0 FLAG_ZERO: False FLAG_LT: 0 FLAG_GT: 1
INPUT_PORT:  []
OUT_PORT:  []
DATA_MEM:  [586, 273]
---------------------------------------
DEBUG    root:machine.py:309 CMP 1000
TICK: 28412 PC:   3 ADDR:   0 MEM_OUT: 587 ACC: 587 BUFF: 586 DC: 0 FLAG_ZERO: False FLAG_LT: 0 FLAG_GT: 1
INPUT_PORT:  []
OUT_PORT:  []
DATA_MEM:  [587, 273]
---------------------------------------
DEBUG    root:machine.py:309 JGE 22
TICK: 28415 PC:   4 ADDR:   0 MEM_OUT: 587 ACC: 587 BUFF: 586 DC: 0 FLAG_ZERO: False FLAG_LT: 1 FLAG_GT: 0
INPUT_PORT:  []
OUT_PORT:  []
DATA_MEM:  [587, 273]
---------------------------------------
DEBUG    root:machine.py:309 LD 0
TICK: 28418 PC:   5 ADDR:   0 MEM_OUT: 587 ACC: 587 BUFF: 586 DC: 0 FLAG_ZERO: False FLAG_LT: 1 FLAG_GT: 0
INPUT_PORT:  []
OUT_PORT:  []
DATA_MEM:  [587, 273]
---------------------------------------
DEBUG    root:machine.py:309 MOD 3
TICK: 28422 PC:   6 ADDR:   0 MEM_OUT: 587 ACC: 587 BUFF: 586 DC: 0 FLAG_ZERO: False FLAG_LT: 1 FLAG_GT: 0
INPUT_PORT:  []
OUT_PORT:  []
DATA_MEM:  [587, 273]
---------------------------------------
DEBUG    root:machine.py:309 CMP 0
TICK: 28426 PC:   7 ADDR:   0 MEM_OUT: 587 ACC: 2 BUFF: 587 DC: 0 FLAG_ZERO: False FLAG_LT: 1 FLAG_GT: 0
INPUT_PORT:  []
OUT_PORT:  []
DATA_MEM:  [587, 273]
---------------------------------------
DEBUG    root:machine.py:309 JE 14
TICK: 28429 PC:   8 ADDR:   0 MEM_OUT: 587 ACC: 2 BUFF: 587 DC: 0 FLAG_ZERO: False FLAG_LT: 0 FLAG_GT: 1
INPUT_PORT:  []
OUT_PORT:  []
DATA_MEM:  [587, 273]
---------------------------------------
DEBUG    root:machine.py:309 LD 0
TICK: 28432 PC:   9 ADDR:   0 MEM_OUT: 587 ACC: 2 BUFF: 587 DC: 0 FLAG_ZERO: False FLAG_LT: 0 FLAG_GT: 1
INPUT_PORT:  []
OUT_PORT:  []
DATA_MEM:  [587, 273]
---------------------------------------
DEBUG    root:machine.py:309 MOD 5
TICK: 28436 PC:  10 ADDR:   0 MEM_OUT: 587 ACC: 587 BUFF: 587 DC: 0 FLAG_ZERO: False FLAG_LT: 0 FLAG_GT: 1
INPUT_PORT:  []
OUT_PORT:  []
DATA_MEM:  [587, 273]
---------------------------------------
DEBUG    root:machine.py:309 CMP 0
TICK: 28440 PC:  11 ADDR:   0 MEM_OUT: 587 ACC: 2 BUFF: 587 DC: 0 FLAG_ZERO: False FLAG_LT: 0 FLAG_GT: 1
INPUT_PORT:  []
OUT_PORT:  []
DATA_MEM:  [587, 273]
---------------------------------------
DEBUG    root:machine.py:309 JE 18
TICK: 28443 PC:  12 ADDR:   0 MEM_OUT: 587 ACC: 2 BUFF: 587 DC: 0 FLAG_ZERO: False FLAG_LT: 0 FLAG_GT: 1
INPUT_PORT:  []
OUT_PORT:  []
DATA_MEM:  [587, 273]
---------------------------------------
DEBUG    root:machine.py:309 JMP 0
TICK: 28446 PC:  13 ADDR:   0 MEM_OUT: 587 ACC: 2 BUFF: 587 DC: 0 FLAG_ZERO: False FLAG_LT: 0 FLAG_GT: 1
INPUT_PORT:  []
OUT_PORT:  []
DATA_MEM:  [587, 273]
---------------------------------------
DEBUG    root:machine.py:309 LD 0
TICK: 28449 PC:   0 ADDR:   0 MEM_OUT: 587 ACC: 2 BUFF: 587 DC: 0 FLAG_ZERO: False FLAG_LT: 0 FLAG_GT: 1
INPUT_PORT:  []
OUT_PORT:  []
DATA_MEM:  [587, 273]
---------------------------------------
DEBUG    root:machine.py:309 INC 
TICK: 28453 PC:   1 ADDR:   0 MEM_OUT: 587 ACC: 587 BUFF: 587 DC: 0 FLAG_ZERO: False FLAG_LT: 0 FLAG_GT: 1
INPUT_PORT:  []
OUT_PORT:  []
DATA_MEM:  [587, 273]
---------------------------------------
DEBUG    root:machine.py:309 ST 0
TICK: 28456 PC:   2 ADDR:   0 MEM_OUT: 587 ACC: 588 BUFF: 587 DC: 0 FLAG_ZERO: False FLAG_LT: 0 FLAG_GT: 1
INPUT_PORT:  []
OUT_PORT:  []
DATA_MEM:  [587, 273]
---------------------------------------
DEBUG    root:machine.py:309 CMP 1000
TICK: 28460 PC:   3 ADDR:   0 MEM_OUT: 588 ACC: 588 BUFF: 587 DC: 0 FLAG_ZERO: False FLAG_LT: 0 FLAG_GT: 1
INPUT_PORT:  []
OUT_PORT:  []
DATA_MEM:  [588, 273]
---------------------------------------
DEBUG    root:machine.py:309 JGE 22
TICK: 28463 PC:   4 ADDR:   0 MEM_OUT: 588 ACC: 588 BUFF: 587 DC: 0 FLAG_ZERO: False FLAG_LT: 1 FLAG_GT: 0
INPUT_PORT:  []
OUT_PORT:  []
DATA_MEM:  [588, 273]
---------------------------------------
DEBUG    root:machine.py:309 LD 0
TICK: 28466 PC:   5 ADDR:   0 MEM_OUT: 588 ACC: 588 BUFF: 587 DC: 0 FLAG_ZERO: False FLAG_LT: 1 FLAG_GT: 0
INPUT_PORT:  []
OUT_PORT:  []
DATA_MEM:  [588, 273]
---------------------------------------
DEBUG    root:machine.py:309 MOD 3
TICK: 28470 PC:   6 ADDR:   0 MEM_OUT: 588 ACC: 588 BUFF: 587 DC: 0 FLAG_ZERO: False FLAG_LT: 1 FLAG_GT: 0
INPUT_PORT:  []
OUT_PORT:  []
DATA_MEM:  [588, 273]
---------------------------------------
DEBUG    root:machine.py:309 CMP 0
TICK: 28474 PC:   7 ADDR:   0 MEM_OUT: 588 ACC: 0 BUFF: 588 DC: 0 FLAG_ZERO: False FLAG_LT: 1 FLAG_GT: 0
INPUT_PORT:  []
OUT_PORT:  []
DATA_MEM:  [588, 273]
---------------------------------------
DEBUG    root:machine.py:309 JE 14
TICK: 28477 PC:   8 ADDR:   0 MEM_OUT: 588 ACC: 0 BUFF: 588 DC: 0 FLAG_ZERO: True FLAG_LT: 0 FLAG_GT: 0
INPUT_PORT:  []
OUT_PORT:  []
DATA_MEM:  [588, 273]
---------------------------------------
DEBUG    root:machine.py:309 LD 4
TICK: 28480 PC:  14 ADDR:   0 MEM_OUT: 588 ACC: 0 BUFF: 588 DC: 0 FLAG_ZERO: True FLAG_LT: 0 FLAG_GT: 0
INPUT_PORT:  []
OUT_PORT:  []
DATA_MEM:  [588, 273]
---------------------------------------
DEBUG    root:machine.py:309 INC 
TICK: 28484 PC:  15 ADDR:   1 MEM_OUT: 273 ACC: 273 BUFF: 588 DC: 0 FLAG_ZERO: True FLAG_LT: 0 FLAG_GT: 0
INPUT_PORT:  []
OUT_PORT:  []
DATA_MEM:  [588, 273]
---------------------------------------
DEBUG    root:machine.py:309 ST 4
TICK: 28487 PC:  16 ADDR:   1 MEM_OUT: 273 ACC: 274 BUFF: 588 DC: 0 FLAG_ZERO: True FLAG_LT: 0 FLAG_GT: 0
INPUT_PORT:  []
OUT_PORT:  []
DATA_MEM:  [588, 273]
---------------------------------------
DEBUG    root:machine.py:309 JMP 0
TICK: 28491 PC:  17 ADDR:   1 MEM_OUT: 274 ACC: 274 BUFF: 588 DC: 0 FLAG_ZERO: True FLAG_LT: 0 FLAG_GT: 0
INPUT_PORT:  []
OUT_PORT:  []
DATA_MEM:  [588, 274]
---------------------------------------
DEBUG    root:machine.py:309 LD 0
TICK: 28494 PC:   0 ADDR:   1 MEM_OUT: 274 ACC: 274 BUFF: 588 DC: 0 FLAG_ZERO: True FLAG_LT: 0 FLAG_GT: 0
INPUT_PORT:  []
OUT_PORT:  []
DATA_MEM:  [588, 274]
---------------------------------------
DEBUG    root:machine.py:309 INC 
TICK: 28498 PC:   1 ADDR:   0 MEM_OUT: 588 ACC: 588 BUFF: 588 DC: 0 FLAG_ZERO: True FLAG_LT: 0 FLAG_GT: 0
INPUT_PORT:  []
OUT_PORT:  []
DATA_MEM:  [588, 274]
---------------------------------------
DEBUG    root:machine.py:309 ST 0
TICK: 28501 PC:   2 ADDR:   0 MEM_OUT: 588 ACC: 589 BUFF: 588 DC: 0 FLAG_ZERO: True FLAG_LT: 0 FLAG_GT: 0
INPUT_PORT:  []
OUT_PORT:  []
DATA_MEM:  [588, 274]
---------------------------------------
DEBUG    root:machine.py:309 CMP 1000
TICK: 28505 PC:   3 ADDR:   0 MEM_OUT: 589 ACC: 589 BUFF: 588 DC: 0 FLAG_ZERO: True FLAG_LT: 0 FLAG_GT: 0
INPUT_PORT:  []
OUT_PORT:  []
DATA_MEM:  [589, 274]
---------------------------------------
DEBUG    root:machine.py:309 JGE 22
TICK: 28508 PC:   4 ADDR:   0 MEM_OUT: 589 ACC: 589 BUFF: 588 DC: 0 FLAG_ZERO: False FLAG_LT: 1 FLAG_GT: 0
INPUT_PORT:  []
OUT_PORT:  []
DATA_MEM:  [589, 274]
---------------------------------------
DEBUG    root:machine.py:309 LD 0
TICK: 28511 PC:   5 ADDR:   0 MEM_OUT: 589 ACC: 589 BUFF: 588 DC: 0 FLAG_ZERO: False FLAG_LT: 1 FLAG_GT: 0
INPUT_PORT:  []
OUT_PORT:  []
DATA_MEM:  [589, 274]
---------------------------------------
DEBUG    root:machine.py:309 MOD 3
TICK: 28515 PC:   6 ADDR:   0 MEM_OUT: 589 ACC: 589 BUFF: 588 DC: 0 FLAG_ZERO: False FLAG_LT: 1 FLAG_GT: 0
INPUT_PORT:  []
OUT_PORT:  []
DATA_MEM:  [589, 274]
---------------------------------------
DEBUG    root:machine.py:309 CMP 0
TICK: 28519 PC:   7 ADDR:   0 MEM_OUT: 589 ACC: 1 BUFF: 589 DC: 0 FLAG_ZERO: False FLAG_LT: 1 FLAG_GT: 0
INPUT_PORT:  []
OUT_PORT:  []
DATA_MEM:  [589, 274]
---------------------------------------
DEBUG    root:machine.py:309 JE 14
TICK: 28522 PC:   8 ADDR:   0 MEM_OUT: 589 ACC: 1 BUFF: 589 DC: 0 FLAG_ZERO: False FLAG_LT: 0 FLAG_GT: 1
INPUT_PORT:  []
OUT_PORT:  []
DATA_MEM:  [589, 274]
---------------------------------------
DEBUG    root:machine.py:309 LD 0
TICK: 28525 PC:   9 ADDR:   0 MEM_OUT: 589 ACC: 1 BUFF: 589 DC: 0 FLAG_ZERO: False FLAG_LT: 0 FLAG_GT: 1
INPUT_PORT:  []
OUT_PORT:  []
DATA_MEM:  [589, 274]
---------------------------------------
DEBUG    root:machine.py:309 MOD 5
TICK: 28529 PC:  10 ADDR:   0 MEM_OUT: 589 ACC: 589 BUFF: 589 DC: 0 FLAG_ZERO: False FLAG_LT: 0 FLAG_GT: 1
INPUT_PORT:  []
OUT_PORT:  []
DATA_MEM:  [589, 274]
---------------------------------------
DEBUG    root:machine.py:309 CMP 0
TICK: 28533 PC:  11 ADDR:   0 MEM_OUT: 589 ACC: 4 BUFF: 589 DC: 0 FLAG_ZERO: False FLAG_LT: 0 FLAG_GT: 1
INPUT_PORT:  []
OUT_PORT:  []
DATA_MEM:  [589, 274]
---------------------------------------
DEBUG    root:machine.py:309 JE 18
TICK: 28536 PC:  12 ADDR:   0 MEM_OUT: 589 ACC: 4 BUFF: 589 DC: 0 FLAG_ZERO: False FLAG_LT: 0 FLAG_GT: 1
INPUT_PORT:  []
OUT_PORT:  []
DATA_MEM:  [589, 274]
---------------------------------------
DEBUG    root:machine.py:309 JMP 0
TICK: 28539 PC:  13 ADDR:   0 MEM_OUT: 589 ACC: 4 BUFF: 589 DC: 0 FLAG_ZERO: False FLAG_LT: 0 FLAG_GT: 1
INPUT_PORT:  []
OUT_PORT:  []
DATA_MEM:  [589, 274]
---------------------------------------
DEBUG    root:machine.py:309 LD 0
TICK: 28542 PC:   0 ADDR:   0 MEM_OUT: 589 ACC: 4 BUFF: 589 DC: 0 FLAG_ZERO: False FLAG_LT: 0 FLAG_GT: 1
INPUT_PORT:  []
OUT_PORT:  []
DATA_MEM:  [589, 274]
---------------------------------------
DEBUG    root:machine.py:309 INC 
TICK: 28546 PC:   1 ADDR:   0 MEM_OUT: 589 ACC: 589 BUFF: 589 DC: 0 FLAG_ZERO: False FLAG_LT: 0 FLAG_GT: 1
INPUT_PORT:  []
OUT_PORT:  []
DATA_MEM:  [589, 274]
---------------------------------------
DEBUG    root:machine.py:309 ST 0
TICK: 28549 PC:   2 ADDR:   0 MEM_OUT: 589 ACC: 590 BUFF: 589 DC: 0 FLAG_ZERO: False FLAG_LT: 0 FLAG_GT: 1
INPUT_PORT:  []
OUT_PORT:  []
DATA_MEM:  [589, 274]
---------------------------------------
DEBUG    root:machine.py:309 CMP 1000
TICK: 28553 PC:   3 ADDR:   0 MEM_OUT: 590 ACC: 590 BUFF: 589 DC: 0 FLAG_ZERO: False FLAG_LT: 0 FLAG_GT: 1
INPUT_PORT:  []
OUT_PORT:  []
DATA_MEM:  [590, 274]
---------------------------------------
DEBUG    root:machine.py:309 JGE 22
TICK: 28556 PC:   4 ADDR:   0 MEM_OUT: 590 ACC: 590 BUFF: 589 DC: 0 FLAG_ZERO: False FLAG_LT: 1 FLAG_GT: 0
INPUT_PORT:  []
OUT_PORT:  []
DATA_MEM:  [590, 274]
---------------------------------------
DEBUG    root:machine.py:309 LD 0
TICK: 28559 PC:   5 ADDR:   0 MEM_OUT: 590 ACC: 590 BUFF: 589 DC: 0 FLAG_ZERO: False FLAG_LT: 1 FLAG_GT: 0
INPUT_PORT:  []
OUT_PORT:  []
DATA_MEM:  [590, 274]
---------------------------------------
DEBUG    root:machine.py:309 MOD 3
TICK: 28563 PC:   6 ADDR:   0 MEM_OUT: 590 ACC: 590 BUFF: 589 DC: 0 FLAG_ZERO: False FLAG_LT: 1 FLAG_GT: 0
INPUT_PORT:  []
OUT_PORT:  []
DATA_MEM:  [590, 274]
---------------------------------------
DEBUG    root:machine.py:309 CMP 0
TICK: 28567 PC:   7 ADDR:   0 MEM_OUT: 590 ACC: 2 BUFF: 590 DC: 0 FLAG_ZERO: False FLAG_LT: 1 FLAG_GT: 0
INPUT_PORT:  []
OUT_PORT:  []
DATA_MEM:  [590, 274]
---------------------------------------
DEBUG    root:machine.py:309 JE 14
TICK: 28570 PC:   8 ADDR:   0 MEM_OUT: 590 ACC: 2 BUFF: 590 DC: 0 FLAG_ZERO: False FLAG_LT: 0 FLAG_GT: 1
INPUT_PORT:  []
OUT_PORT:  []
DATA_MEM:  [590, 274]
---------------------------------------
DEBUG    root:machine.py:309 LD 0
TICK: 28573 PC:   9 ADDR:   0 MEM_OUT: 590 ACC: 2 BUFF: 590 DC: 0 FLAG_ZERO: False FLAG_LT: 0 FLAG_GT: 1
INPUT_PORT:  []
OUT_PORT:  []
DATA_MEM:  [590, 274]
---------------------------------------
DEBUG    root:machine.py:309 MOD 5
TICK: 28577 PC:  10 ADDR:   0 MEM_OUT: 590 ACC: 590 BUFF: 590 DC: 0 FLAG_ZERO: False FLAG_LT: 0 FLAG_GT: 1
INPUT_PORT:  []
OUT_PORT:  []
DATA_MEM:  [590, 274]
---------------------------------------
DEBUG    root:machine.py:309 CMP 0
TICK: 28581 PC:  11 ADDR:   0 MEM_OUT: 590 ACC: 0 BUFF: 590 DC: 0 FLAG_ZERO: False FLAG_LT: 0 FLAG_GT: 1
INPUT_PORT:  []
OUT_PORT:  []
DATA_MEM:  [590, 274]
---------------------------------------
DEBUG    root:machine.py:309 JE 18
TICK: 28584 PC:  12 ADDR:   0 MEM_OUT: 590 ACC: 0 BUFF: 590 DC: 0 FLAG_ZERO: True FLAG_LT: 0 FLAG_GT: 0
INPUT_PORT:  []
OUT_PORT:  []
DATA_MEM:  [590, 274]
---------------------------------------
DEBUG    root:machine.py:309 LD 4
TICK: 28587 PC:  18 ADDR:   0 MEM_OUT: 590 ACC: 0 BUFF: 590 DC: 0 FLAG_ZERO: True FLAG_LT: 0 FLAG_GT: 0
INPUT_PORT:  []
OUT_PORT:  []
DATA_MEM:  [590, 274]
---------------------------------------
DEBUG    root:machine.py:309 INC 
TICK: 28591 PC:  19 ADDR:   1 MEM_OUT: 274 ACC: 274 BUFF: 590 DC: 0 FLAG_ZERO: True FLAG_LT: 0 FLAG_GT: 0
INPUT_PORT:  []
OUT_PORT:  []
DATA_MEM:  [590, 274]
---------------------------------------
DEBUG    root:machine.py:309 ST 4
TICK: 28594 PC:  20 ADDR:   1 MEM_OUT: 274 ACC: 275 BUFF: 590 DC: 0 FLAG_ZERO: True FLAG_LT: 0 FLAG_GT: 0
INPUT_PORT:  []
OUT_PORT:  []
DATA_MEM:  [590, 274]
---------------------------------------
DEBUG    root:machine.py:309 JMP 0
TICK: 28598 PC:  21 ADDR:   1 MEM_OUT: 275 ACC: 275 BUFF: 590 DC: 0 FLAG_ZERO: True FLAG_LT: 0 FLAG_GT: 0
INPUT_PORT:  []
OUT_PORT:  []
DATA_MEM:  [590, 275]
---------------------------------------
DEBUG    root:machine.py:309 LD 0
TICK: 28601 PC:   0 ADDR:   1 MEM_OUT: 275 ACC: 275 BUFF: 590 DC: 0 FLAG_ZERO: True FLAG_LT: 0 FLAG_GT: 0
INPUT_PORT:  []
OUT_PORT:  []
DATA_MEM:  [590, 275]
---------------------------------------
DEBUG    root:machine.py:309 INC 
TICK: 28605 PC:   1 ADDR:   0 MEM_OUT: 590 ACC: 590 BUFF: 590 DC: 0 FLAG_ZERO: True FLAG_LT: 0 FLAG_GT: 0
INPUT_PORT:  []
OUT_PORT:  []
DATA_MEM:  [590, 275]
---------------------------------------
DEBUG    root:machine.py:309 ST 0
TICK: 28608 PC:   2 ADDR:   0 MEM_OUT: 590 ACC: 591 BUFF: 590 DC: 0 FLAG_ZERO: True FLAG_LT: 0 FLAG_GT: 0
INPUT_PORT:  []
OUT_PORT:  []
DATA_MEM:  [590, 275]
---------------------------------------
DEBUG    root:machine.py:309 CMP 1000
TICK: 28612 PC:   3 ADDR:   0 MEM_OUT: 591 ACC: 591 BUFF: 590 DC: 0 FLAG_ZERO: True FLAG_LT: 0 FLAG_GT: 0
INPUT_PORT:  []
OUT_PORT:  []
DATA_MEM:  [591, 275]
---------------------------------------
DEBUG    root:machine.py:309 JGE 22
TICK: 28615 PC:   4 ADDR:   0 MEM_OUT: 591 ACC: 591 BUFF: 590 DC: 0 FLAG_ZERO: False FLAG_LT: 1 FLAG_GT: 0
INPUT_PORT:  []
OUT_PORT:  []
DATA_MEM:  [591, 275]
---------------------------------------
DEBUG    root:machine.py:309 LD 0
TICK: 28618 PC:   5 ADDR:   0 MEM_OUT: 591 ACC: 591 BUFF: 590 DC: 0 FLAG_ZERO: False FLAG_LT: 1 FLAG_GT: 0
INPUT_PORT:  []
OUT_PORT:  []
DATA_MEM:  [591, 275]
---------------------------------------
DEBUG    root:machine.py:309 MOD 3
TICK: 28622 PC:   6 ADDR:   0 MEM_OUT: 591 ACC: 591 BUFF: 590 DC: 0 FLAG_ZERO: False FLAG_LT: 1 FLAG_GT: 0
INPUT_PORT:  []
OUT_PORT:  []
DATA_MEM:  [591, 275]
---------------------------------------
DEBUG    root:machine.py:309 CMP 0
TICK: 28626 PC:   7 ADDR:   0 MEM_OUT: 591 ACC: 0 BUFF: 591 DC: 0 FLAG_ZERO: False FLAG_LT: 1 FLAG_GT: 0
INPUT_PORT:  []
OUT_PORT:  []
DATA_MEM:  [591, 275]
---------------------------------------
DEBUG    root:machine.py:309 JE 14
TICK: 28629 PC:   8 ADDR:   0 MEM_OUT: 591 ACC: 0 BUFF: 591 DC: 0 FLAG_ZERO: True FLAG_LT: 0 FLAG_GT: 0
INPUT_PORT:  []
OUT_PORT:  []
DATA_MEM:  [591, 275]
---------------------------------------
DEBUG    root:machine.py:309 LD 4
TICK: 28632 PC:  14 ADDR:   0 MEM_OUT: 591 ACC: 0 BUFF: 591 DC: 0 FLAG_ZERO: True FLAG_LT: 0 FLAG_GT: 0
INPUT_PORT:  []
OUT_PORT:  []
DATA_MEM:  [591, 275]
---------------------------------------
DEBUG    root:machine.py:309 INC 
TICK: 28636 PC:  15 ADDR:   1 MEM_OUT: 275 ACC: 275 BUFF: 591 DC: 0 FLAG_ZERO: True FLAG_LT: 0 FLAG_GT: 0
INPUT_PORT:  []
OUT_PORT:  []
DATA_MEM:  [591, 275]
---------------------------------------
DEBUG    root:machine.py:309 ST 4
TICK: 28639 PC:  16 ADDR:   1 MEM_OUT: 275 ACC: 276 BUFF: 591 DC: 0 FLAG_ZERO: True FLAG_LT: 0 FLAG_GT: 0
INPUT_PORT:  []
OUT_PORT:  []
DATA_MEM:  [591, 275]
---------------------------------------
DEBUG    root:machine.py:309 JMP 0
TICK: 28643 PC:  17 ADDR:   1 MEM_OUT: 276 ACC: 276 BUFF: 591 DC: 0 FLAG_ZERO: True FLAG_LT: 0 FLAG_GT: 0
INPUT_PORT:  []
OUT_PORT:  []
DATA_MEM:  [591, 276]
---------------------------------------
DEBUG    root:machine.py:309 LD 0
TICK: 28646 PC:   0 ADDR:   1 MEM_OUT: 276 ACC: 276 BUFF: 591 DC: 0 FLAG_ZERO: True FLAG_LT: 0 FLAG_GT: 0
INPUT_PORT:  []
OUT_PORT:  []
DATA_MEM:  [591, 276]
---------------------------------------
DEBUG    root:machine.py:309 INC 
TICK: 28650 PC:   1 ADDR:   0 MEM_OUT: 591 ACC: 591 BUFF: 591 DC: 0 FLAG_ZERO: True FLAG_LT: 0 FLAG_GT: 0
INPUT_PORT:  []
OUT_PORT:  []
DATA_MEM:  [591, 276]
---------------------------------------
DEBUG    root:machine.py:309 ST 0
TICK: 28653 PC:   2 ADDR:   0 MEM_OUT: 591 ACC: 592 BUFF: 591 DC: 0 FLAG_ZERO: True FLAG_LT: 0 FLAG_GT: 0
INPUT_PORT:  []
OUT_PORT:  []
DATA_MEM:  [591, 276]
---------------------------------------
DEBUG    root:machine.py:309 CMP 1000
TICK: 28657 PC:   3 ADDR:   0 MEM_OUT: 592 ACC: 592 BUFF: 591 DC: 0 FLAG_ZERO: True FLAG_LT: 0 FLAG_GT: 0
INPUT_PORT:  []
OUT_PORT:  []
DATA_MEM:  [592, 276]
---------------------------------------
DEBUG    root:machine.py:309 JGE 22
TICK: 28660 PC:   4 ADDR:   0 MEM_OUT: 592 ACC: 592 BUFF: 591 DC: 0 FLAG_ZERO: False FLAG_LT: 1 FLAG_GT: 0
INPUT_PORT:  []
OUT_PORT:  []
DATA_MEM:  [592, 276]
---------------------------------------
DEBUG    root:machine.py:309 LD 0
TICK: 28663 PC:   5 ADDR:   0 MEM_OUT: 592 ACC: 592 BUFF: 591 DC: 0 FLAG_ZERO: False FLAG_LT: 1 FLAG_GT: 0
INPUT_PORT:  []
OUT_PORT:  []
DATA_MEM:  [592, 276]
---------------------------------------
DEBUG    root:machine.py:309 MOD 3
TICK: 28667 PC:   6 ADDR:   0 MEM_OUT: 592 ACC: 592 BUFF: 591 DC: 0 FLAG_ZERO: False FLAG_LT: 1 FLAG_GT: 0
INPUT_PORT:  []
OUT_PORT:  []
DATA_MEM:  [592, 276]
---------------------------------------
DEBUG    root:machine.py:309 CMP 0
TICK: 28671 PC:   7 ADDR:   0 MEM_OUT: 592 ACC: 1 BUFF: 592 DC: 0 FLAG_ZERO: False FLAG_LT: 1 FLAG_GT: 0
INPUT_PORT:  []
OUT_PORT:  []
DATA_MEM:  [592, 276]
---------------------------------------
DEBUG    root:machine.py:309 JE 14
TICK: 28674 PC:   8 ADDR:   0 MEM_OUT: 592 ACC: 1 BUFF: 592 DC: 0 FLAG_ZERO: False FLAG_LT: 0 FLAG_GT: 1
INPUT_PORT:  []
OUT_PORT:  []
DATA_MEM:  [592, 276]
---------------------------------------
DEBUG    root:machine.py:309 LD 0
TICK: 28677 PC:   9 ADDR:   0 MEM_OUT: 592 ACC: 1 BUFF: 592 DC: 0 FLAG_ZERO: False FLAG_LT: 0 FLAG_GT: 1
INPUT_PORT:  []
OUT_PORT:  []
DATA_MEM:  [592, 276]
---------------------------------------
DEBUG    root:machine.py:309 MOD 5
TICK: 28681 PC:  10 ADDR:   0 MEM_OUT: 592 ACC: 592 BUFF: 592 DC: 0 FLAG_ZERO: False FLAG_LT: 0 FLAG_GT: 1
INPUT_PORT:  []
OUT_PORT:  []
DATA_MEM:  [592, 276]
---------------------------------------
DEBUG    root:machine.py:309 CMP 0
TICK: 28685 PC:  11 ADDR:   0 MEM_OUT: 592 ACC: 2 BUFF: 592 DC: 0 FLAG_ZERO: False FLAG_LT: 0 FLAG_GT: 1
INPUT_PORT:  []
OUT_PORT:  []
DATA_MEM:  [592, 276]
---------------------------------------
DEBUG    root:machine.py:309 JE 18
TICK: 28688 PC:  12 ADDR:   0 MEM_OUT: 592 ACC: 2 BUFF: 592 DC: 0 FLAG_ZERO: False FLAG_LT: 0 FLAG_GT: 1
INPUT_PORT:  []
OUT_PORT:  []
DATA_MEM:  [592, 276]
---------------------------------------
DEBUG    root:machine.py:309 JMP 0
TICK: 28691 PC:  13 ADDR:   0 MEM_OUT: 592 ACC: 2 BUFF: 592 DC: 0 FLAG_ZERO: False FLAG_LT: 0 FLAG_GT: 1
INPUT_PORT:  []
OUT_PORT:  []
DATA_MEM:  [592, 276]
---------------------------------------
DEBUG    root:machine.py:309 LD 0
TICK: 28694 PC:   0 ADDR:   0 MEM_OUT: 592 ACC: 2 BUFF: 592 DC: 0 FLAG_ZERO: False FLAG_LT: 0 FLAG_GT: 1
INPUT_PORT:  []
OUT_PORT:  []
DATA_MEM:  [592, 276]
---------------------------------------
DEBUG    root:machine.py:309 INC 
TICK: 28698 PC:   1 ADDR:   0 MEM_OUT: 592 ACC: 592 BUFF: 592 DC: 0 FLAG_ZERO: False FLAG_LT: 0 FLAG_GT: 1
INPUT_PORT:  []
OUT_PORT:  []
DATA_MEM:  [592, 276]
---------------------------------------
DEBUG    root:machine.py:309 ST 0
TICK: 28701 PC:   2 ADDR:   0 MEM_OUT: 592 ACC: 593 BUFF: 592 DC: 0 FLAG_ZERO: False FLAG_LT: 0 FLAG_GT: 1
INPUT_PORT:  []
OUT_PORT:  []
DATA_MEM:  [592, 276]
---------------------------------------
DEBUG    root:machine.py:309 CMP 1000
TICK: 28705 PC:   3 ADDR:   0 MEM_OUT: 593 ACC: 593 BUFF: 592 DC: 0 FLAG_ZERO: False FLAG_LT: 0 FLAG_GT: 1
INPUT_PORT:  []
OUT_PORT:  []
DATA_MEM:  [593, 276]
---------------------------------------
DEBUG    root:machine.py:309 JGE 22
TICK: 28708 PC:   4 ADDR:   0 MEM_OUT: 593 ACC: 593 BUFF: 592 DC: 0 FLAG_ZERO: False FLAG_LT: 1 FLAG_GT: 0
INPUT_PORT:  []
OUT_PORT:  []
DATA_MEM:  [593, 276]
---------------------------------------
DEBUG    root:machine.py:309 LD 0
TICK: 28711 PC:   5 ADDR:   0 MEM_OUT: 593 ACC: 593 BUFF: 592 DC: 0 FLAG_ZERO: False FLAG_LT: 1 FLAG_GT: 0
INPUT_PORT:  []
OUT_PORT:  []
DATA_MEM:  [593, 276]
---------------------------------------
DEBUG    root:machine.py:309 MOD 3
TICK: 28715 PC:   6 ADDR:   0 MEM_OUT: 593 ACC: 593 BUFF: 592 DC: 0 FLAG_ZERO: False FLAG_LT: 1 FLAG_GT: 0
INPUT_PORT:  []
OUT_PORT:  []
DATA_MEM:  [593, 276]
---------------------------------------
DEBUG    root:machine.py:309 CMP 0
TICK: 28719 PC:   7 ADDR:   0 MEM_OUT: 593 ACC: 2 BUFF: 593 DC: 0 FLAG_ZERO: False FLAG_LT: 1 FLAG_GT: 0
INPUT_PORT:  []
OUT_PORT:  []
DATA_MEM:  [593, 276]
---------------------------------------
DEBUG    root:machine.py:309 JE 14
TICK: 28722 PC:   8 ADDR:   0 MEM_OUT: 593 ACC: 2 BUFF: 593 DC: 0 FLAG_ZERO: False FLAG_LT: 0 FLAG_GT: 1
INPUT_PORT:  []
OUT_PORT:  []
DATA_MEM:  [593, 276]
---------------------------------------
DEBUG    root:machine.py:309 LD 0
TICK: 28725 PC:   9 ADDR:   0 MEM_OUT: 593 ACC: 2 BUFF: 593 DC: 0 FLAG_ZERO: False FLAG_LT: 0 FLAG_GT: 1
INPUT_PORT:  []
OUT_PORT:  []
DATA_MEM:  [593, 276]
---------------------------------------
DEBUG    root:machine.py:309 MOD 5
TICK: 28729 PC:  10 ADDR:   0 MEM_OUT: 593 ACC: 593 BUFF: 593 DC: 0 FLAG_ZERO: False FLAG_LT: 0 FLAG_GT: 1
INPUT_PORT:  []
OUT_PORT:  []
DATA_MEM:  [593, 276]
---------------------------------------
DEBUG    root:machine.py:309 CMP 0
TICK: 28733 PC:  11 ADDR:   0 MEM_OUT: 593 ACC: 3 BUFF: 593 DC: 0 FLAG_ZERO: False FLAG_LT: 0 FLAG_GT: 1
INPUT_PORT:  []
OUT_PORT:  []
DATA_MEM:  [593, 276]
---------------------------------------
DEBUG    root:machine.py:309 JE 18
TICK: 28736 PC:  12 ADDR:   0 MEM_OUT: 593 ACC: 3 BUFF: 593 DC: 0 FLAG_ZERO: False FLAG_LT: 0 FLAG_GT: 1
INPUT_PORT:  []
OUT_PORT:  []
DATA_MEM:  [593, 276]
---------------------------------------
DEBUG    root:machine.py:309 JMP 0
TICK: 28739 PC:  13 ADDR:   0 MEM_OUT: 593 ACC: 3 BUFF: 593 DC: 0 FLAG_ZERO: False FLAG_LT: 0 FLAG_GT: 1
INPUT_PORT:  []
OUT_PORT:  []
DATA_MEM:  [593, 276]
---------------------------------------
DEBUG    root:machine.py:309 LD 0
TICK: 28742 PC:   0 ADDR:   0 MEM_OUT: 593 ACC: 3 BUFF: 593 DC: 0 FLAG_ZERO: False FLAG_LT: 0 FLAG_GT: 1
INPUT_PORT:  []
OUT_PORT:  []
DATA_MEM:  [593, 276]
---------------------------------------
DEBUG    root:machine.py:309 INC 
TICK: 28746 PC:   1 ADDR:   0 MEM_OUT: 593 ACC: 593 BUFF: 593 DC: 0 FLAG_ZERO: False FLAG_LT: 0 FLAG_GT: 1
INPUT_PORT:  []
OUT_PORT:  []
DATA_MEM:  [593, 276]
---------------------------------------
DEBUG    root:machine.py:309 ST 0
TICK: 28749 PC:   2 ADDR:   0 MEM_OUT: 593 ACC: 594 BUFF: 593 DC: 0 FLAG_ZERO: False FLAG_LT: 0 FLAG_GT: 1
INPUT_PORT:  []
OUT_PORT:  []
DATA_MEM:  [593, 276]
---------------------------------------
DEBUG    root:machine.py:309 CMP 1000
TICK: 28753 PC:   3 ADDR:   0 MEM_OUT: 594 ACC: 594 BUFF: 593 DC: 0 FLAG_ZERO: False FLAG_LT: 0 FLAG_GT: 1
INPUT_PORT:  []
OUT_PORT:  []
DATA_MEM:  [594, 276]
---------------------------------------
DEBUG    root:machine.py:309 JGE 22
TICK: 28756 PC:   4 ADDR:   0 MEM_OUT: 594 ACC: 594 BUFF: 593 DC: 0 FLAG_ZERO: False FLAG_LT: 1 FLAG_GT: 0
INPUT_PORT:  []
OUT_PORT:  []
DATA_MEM:  [594, 276]
---------------------------------------
DEBUG    root:machine.py:309 LD 0
TICK: 28759 PC:   5 ADDR:   0 MEM_OUT: 594 ACC: 594 BUFF: 593 DC: 0 FLAG_ZERO: False FLAG_LT: 1 FLAG_GT: 0
INPUT_PORT:  []
OUT_PORT:  []
DATA_MEM:  [594, 276]
---------------------------------------
DEBUG    root:machine.py:309 MOD 3
TICK: 28763 PC:   6 ADDR:   0 MEM_OUT: 594 ACC: 594 BUFF: 593 DC: 0 FLAG_ZERO: False FLAG_LT: 1 FLAG_GT: 0
INPUT_PORT:  []
OUT_PORT:  []
DATA_MEM:  [594, 276]
---------------------------------------
DEBUG    root:machine.py:309 CMP 0
TICK: 28767 PC:   7 ADDR:   0 MEM_OUT: 594 ACC: 0 BUFF: 594 DC: 0 FLAG_ZERO: False FLAG_LT: 1 FLAG_GT: 0
INPUT_PORT:  []
OUT_PORT:  []
DATA_MEM:  [594, 276]
---------------------------------------
DEBUG    root:machine.py:309 JE 14
TICK: 28770 PC:   8 ADDR:   0 MEM_OUT: 594 ACC: 0 BUFF: 594 DC: 0 FLAG_ZERO: True FLAG_LT: 0 FLAG_GT: 0
INPUT_PORT:  []
OUT_PORT:  []
DATA_MEM:  [594, 276]
---------------------------------------
DEBUG    root:machine.py:309 LD 4
TICK: 28773 PC:  14 ADDR:   0 MEM_OUT: 594 ACC: 0 BUFF: 594 DC: 0 FLAG_ZERO: True FLAG_LT: 0 FLAG_GT: 0
INPUT_PORT:  []
OUT_PORT:  []
DATA_MEM:  [594, 276]
---------------------------------------
DEBUG    root:machine.py:309 INC 
TICK: 28777 PC:  15 ADDR:   1 MEM_OUT: 276 ACC: 276 BUFF: 594 DC: 0 FLAG_ZERO: True FLAG_LT: 0 FLAG_GT: 0
INPUT_PORT:  []
OUT_PORT:  []
DATA_MEM:  [594, 276]
---------------------------------------
DEBUG    root:machine.py:309 ST 4
TICK: 28780 PC:  16 ADDR:   1 MEM_OUT: 276 ACC: 277 BUFF: 594 DC: 0 FLAG_ZERO: True FLAG_LT: 0 FLAG_GT: 0
INPUT_PORT:  []
OUT_PORT:  []
DATA_MEM:  [594, 276]
---------------------------------------
DEBUG    root:machine.py:309 JMP 0
TICK: 28784 PC:  17 ADDR:   1 MEM_OUT: 277 ACC: 277 BUFF: 594 DC: 0 FLAG_ZERO: True FLAG_LT: 0 FLAG_GT: 0
INPUT_PORT:  []
OUT_PORT:  []
DATA_MEM:  [594, 277]
---------------------------------------
DEBUG    root:machine.py:309 LD 0
TICK: 28787 PC:   0 ADDR:   1 MEM_OUT: 277 ACC: 277 BUFF: 594 DC: 0 FLAG_ZERO: True FLAG_LT: 0 FLAG_GT: 0
INPUT_PORT:  []
OUT_PORT:  []
DATA_MEM:  [594, 277]
---------------------------------------
DEBUG    root:machine.py:309 INC 
TICK: 28791 PC:   1 ADDR:   0 MEM_OUT: 594 ACC: 594 BUFF: 594 DC: 0 FLAG_ZERO: True FLAG_LT: 0 FLAG_GT: 0
INPUT_PORT:  []
OUT_PORT:  []
DATA_MEM:  [594, 277]
---------------------------------------
DEBUG    root:machine.py:309 ST 0
TICK: 28794 PC:   2 ADDR:   0 MEM_OUT: 594 ACC: 595 BUFF: 594 DC: 0 FLAG_ZERO: True FLAG_LT: 0 FLAG_GT: 0
INPUT_PORT:  []
OUT_PORT:  []
DATA_MEM:  [594, 277]
---------------------------------------
DEBUG    root:machine.py:309 CMP 1000
TICK: 28798 PC:   3 ADDR:   0 MEM_OUT: 595 ACC: 595 BUFF: 594 DC: 0 FLAG_ZERO: True FLAG_LT: 0 FLAG_GT: 0
INPUT_PORT:  []
OUT_PORT:  []
DATA_MEM:  [595, 277]
---------------------------------------
DEBUG    root:machine.py:309 JGE 22
TICK: 28801 PC:   4 ADDR:   0 MEM_OUT: 595 ACC: 595 BUFF: 594 DC: 0 FLAG_ZERO: False FLAG_LT: 1 FLAG_GT: 0
INPUT_PORT:  []
OUT_PORT:  []
DATA_MEM:  [595, 277]
---------------------------------------
DEBUG    root:machine.py:309 LD 0
TICK: 28804 PC:   5 ADDR:   0 MEM_OUT: 595 ACC: 595 BUFF: 594 DC: 0 FLAG_ZERO: False FLAG_LT: 1 FLAG_GT: 0
INPUT_PORT:  []
OUT_PORT:  []
DATA_MEM:  [595, 277]
---------------------------------------
DEBUG    root:machine.py:309 MOD 3
TICK: 28808 PC:   6 ADDR:   0 MEM_OUT: 595 ACC: 595 BUFF: 594 DC: 0 FLAG_ZERO: False FLAG_LT: 1 FLAG_GT: 0
INPUT_PORT:  []
OUT_PORT:  []
DATA_MEM:  [595, 277]
---------------------------------------
DEBUG    root:machine.py:309 CMP 0
TICK: 28812 PC:   7 ADDR:   0 MEM_OUT: 595 ACC: 1 BUFF: 595 DC: 0 FLAG_ZERO: False FLAG_LT: 1 FLAG_GT: 0
INPUT_PORT:  []
OUT_PORT:  []
DATA_MEM:  [595, 277]
---------------------------------------
DEBUG    root:machine.py:309 JE 14
TICK: 28815 PC:   8 ADDR:   0 MEM_OUT: 595 ACC: 1 BUFF: 595 DC: 0 FLAG_ZERO: False FLAG_LT: 0 FLAG_GT: 1
INPUT_PORT:  []
OUT_PORT:  []
DATA_MEM:  [595, 277]
---------------------------------------
DEBUG    root:machine.py:309 LD 0
TICK: 28818 PC:   9 ADDR:   0 MEM_OUT: 595 ACC: 1 BUFF: 595 DC: 0 FLAG_ZERO: False FLAG_LT: 0 FLAG_GT: 1
INPUT_PORT:  []
OUT_PORT:  []
DATA_MEM:  [595, 277]
---------------------------------------
DEBUG    root:machine.py:309 MOD 5
TICK: 28822 PC:  10 ADDR:   0 MEM_OUT: 595 ACC: 595 BUFF: 595 DC: 0 FLAG_ZERO: False FLAG_LT: 0 FLAG_GT: 1
INPUT_PORT:  []
OUT_PORT:  []
DATA_MEM:  [595, 277]
---------------------------------------
DEBUG    root:machine.py:309 CMP 0
TICK: 28826 PC:  11 ADDR:   0 MEM_OUT: 595 ACC: 0 BUFF: 595 DC: 0 FLAG_ZERO: False FLAG_LT: 0 FLAG_GT: 1
INPUT_PORT:  []
OUT_PORT:  []
DATA_MEM:  [595, 277]
---------------------------------------
DEBUG    root:machine.py:309 JE 18
TICK: 28829 PC:  12 ADDR:   0 MEM_OUT: 595 ACC: 0 BUFF: 595 DC: 0 FLAG_ZERO: True FLAG_LT: 0 FLAG_GT: 0
INPUT_PORT:  []
OUT_PORT:  []
DATA_MEM:  [595, 277]
---------------------------------------
DEBUG    root:machine.py:309 LD 4
TICK: 28832 PC:  18 ADDR:   0 MEM_OUT: 595 ACC: 0 BUFF: 595 DC: 0 FLAG_ZERO: True FLAG_LT: 0 FLAG_GT: 0
INPUT_PORT:  []
OUT_PORT:  []
DATA_MEM:  [595, 277]
---------------------------------------
DEBUG    root:machine.py:309 INC 
TICK: 28836 PC:  19 ADDR:   1 MEM_OUT: 277 ACC: 277 BUFF: 595 DC: 0 FLAG_ZERO: True FLAG_LT: 0 FLAG_GT: 0
INPUT_PORT:  []
OUT_PORT:  []
DATA_MEM:  [595, 277]
---------------------------------------
DEBUG    root:machine.py:309 ST 4
TICK: 28839 PC:  20 ADDR:   1 MEM_OUT: 277 ACC: 278 BUFF: 595 DC: 0 FLAG_ZERO: True FLAG_LT: 0 FLAG_GT: 0
INPUT_PORT:  []
OUT_PORT:  []
DATA_MEM:  [595, 277]
---------------------------------------
DEBUG    root:machine.py:309 JMP 0
TICK: 28843 PC:  21 ADDR:   1 MEM_OUT: 278 ACC: 278 BUFF: 595 DC: 0 FLAG_ZERO: True FLAG_LT: 0 FLAG_GT: 0
INPUT_PORT:  []
OUT_PORT:  []
DATA_MEM:  [595, 278]
---------------------------------------
DEBUG    root:machine.py:309 LD 0
TICK: 28846 PC:   0 ADDR:   1 MEM_OUT: 278 ACC: 278 BUFF: 595 DC: 0 FLAG_ZERO: True FLAG_LT: 0 FLAG_GT: 0
INPUT_PORT:  []
OUT_PORT:  []
DATA_MEM:  [595, 278]
---------------------------------------
DEBUG    root:machine.py:309 INC 
TICK: 28850 PC:   1 ADDR:   0 MEM_OUT: 595 ACC: 595 BUFF: 595 DC: 0 FLAG_ZERO: True FLAG_LT: 0 FLAG_GT: 0
INPUT_PORT:  []
OUT_PORT:  []
DATA_MEM:  [595, 278]
---------------------------------------
DEBUG    root:machine.py:309 ST 0
TICK: 28853 PC:   2 ADDR:   0 MEM_OUT: 595 ACC: 596 BUFF: 595 DC: 0 FLAG_ZERO: True FLAG_LT: 0 FLAG_GT: 0
INPUT_PORT:  []
OUT_PORT:  []
DATA_MEM:  [595, 278]
---------------------------------------
DEBUG    root:machine.py:309 CMP 1000
TICK: 28857 PC:   3 ADDR:   0 MEM_OUT: 596 ACC: 596 BUFF: 595 DC: 0 FLAG_ZERO: True FLAG_LT: 0 FLAG_GT: 0
INPUT_PORT:  []
OUT_PORT:  []
DATA_MEM:  [596, 278]
---------------------------------------
DEBUG    root:machine.py:309 JGE 22
TICK: 28860 PC:   4 ADDR:   0 MEM_OUT: 596 ACC: 596 BUFF: 595 DC: 0 FLAG_ZERO: False FLAG_LT: 1 FLAG_GT: 0
INPUT_PORT:  []
OUT_PORT:  []
DATA_MEM:  [596, 278]
---------------------------------------
DEBUG    root:machine.py:309 LD 0
TICK: 28863 PC:   5 ADDR:   0 MEM_OUT: 596 ACC: 596 BUFF: 595 DC: 0 FLAG_ZERO: False FLAG_LT: 1 FLAG_GT: 0
INPUT_PORT:  []
OUT_PORT:  []
DATA_MEM:  [596, 278]
---------------------------------------
DEBUG    root:machine.py:309 MOD 3
TICK: 28867 PC:   6 ADDR:   0 MEM_OUT: 596 ACC: 596 BUFF: 595 DC: 0 FLAG_ZERO: False FLAG_LT: 1 FLAG_GT: 0
INPUT_PORT:  []
OUT_PORT:  []
DATA_MEM:  [596, 278]
---------------------------------------
DEBUG    root:machine.py:309 CMP 0
TICK: 28871 PC:   7 ADDR:   0 MEM_OUT: 596 ACC: 2 BUFF: 596 DC: 0 FLAG_ZERO: False FLAG_LT: 1 FLAG_GT: 0
INPUT_PORT:  []
OUT_PORT:  []
DATA_MEM:  [596, 278]
---------------------------------------
DEBUG    root:machine.py:309 JE 14
TICK: 28874 PC:   8 ADDR:   0 MEM_OUT: 596 ACC: 2 BUFF: 596 DC: 0 FLAG_ZERO: False FLAG_LT: 0 FLAG_GT: 1
INPUT_PORT:  []
OUT_PORT:  []
DATA_MEM:  [596, 278]
---------------------------------------
DEBUG    root:machine.py:309 LD 0
TICK: 28877 PC:   9 ADDR:   0 MEM_OUT: 596 ACC: 2 BUFF: 596 DC: 0 FLAG_ZERO: False FLAG_LT: 0 FLAG_GT: 1
INPUT_PORT:  []
OUT_PORT:  []
DATA_MEM:  [596, 278]
---------------------------------------
DEBUG    root:machine.py:309 MOD 5
TICK: 28881 PC:  10 ADDR:   0 MEM_OUT: 596 ACC: 596 BUFF: 596 DC: 0 FLAG_ZERO: False FLAG_LT: 0 FLAG_GT: 1
INPUT_PORT:  []
OUT_PORT:  []
DATA_MEM:  [596, 278]
---------------------------------------
DEBUG    root:machine.py:309 CMP 0
TICK: 28885 PC:  11 ADDR:   0 MEM_OUT: 596 ACC: 1 BUFF: 596 DC: 0 FLAG_ZERO: False FLAG_LT: 0 FLAG_GT: 1
INPUT_PORT:  []
OUT_PORT:  []
DATA_MEM:  [596, 278]
---------------------------------------
DEBUG    root:machine.py:309 JE 18
TICK: 28888 PC:  12 ADDR:   0 MEM_OUT: 596 ACC: 1 BUFF: 596 DC: 0 FLAG_ZERO: False FLAG_LT: 0 FLAG_GT: 1
INPUT_PORT:  []
OUT_PORT:  []
DATA_MEM:  [596, 278]
---------------------------------------
DEBUG    root:machine.py:309 JMP 0
TICK: 28891 PC:  13 ADDR:   0 MEM_OUT: 596 ACC: 1 BUFF: 596 DC: 0 FLAG_ZERO: False FLAG_LT: 0 FLAG_GT: 1
INPUT_PORT:  []
OUT_PORT:  []
DATA_MEM:  [596, 278]
---------------------------------------
DEBUG    root:machine.py:309 LD 0
TICK: 28894 PC:   0 ADDR:   0 MEM_OUT: 596 ACC: 1 BUFF: 596 DC: 0 FLAG_ZERO: False FLAG_LT: 0 FLAG_GT: 1
INPUT_PORT:  []
OUT_PORT:  []
DATA_MEM:  [596, 278]
---------------------------------------
DEBUG    root:machine.py:309 INC 
TICK: 28898 PC:   1 ADDR:   0 MEM_OUT: 596 ACC: 596 BUFF: 596 DC: 0 FLAG_ZERO: False FLAG_LT: 0 FLAG_GT: 1
INPUT_PORT:  []
OUT_PORT:  []
DATA_MEM:  [596, 278]
---------------------------------------
DEBUG    root:machine.py:309 ST 0
TICK: 28901 PC:   2 ADDR:   0 MEM_OUT: 596 ACC: 597 BUFF: 596 DC: 0 FLAG_ZERO: False FLAG_LT: 0 FLAG_GT: 1
INPUT_PORT:  []
OUT_PORT:  []
DATA_MEM:  [596, 278]
---------------------------------------
DEBUG    root:machine.py:309 CMP 1000
TICK: 28905 PC:   3 ADDR:   0 MEM_OUT: 597 ACC: 597 BUFF: 596 DC: 0 FLAG_ZERO: False FLAG_LT: 0 FLAG_GT: 1
INPUT_PORT:  []
OUT_PORT:  []
DATA_MEM:  [597, 278]
---------------------------------------
DEBUG    root:machine.py:309 JGE 22
TICK: 28908 PC:   4 ADDR:   0 MEM_OUT: 597 ACC: 597 BUFF: 596 DC: 0 FLAG_ZERO: False FLAG_LT: 1 FLAG_GT: 0
INPUT_PORT:  []
OUT_PORT:  []
DATA_MEM:  [597, 278]
---------------------------------------
DEBUG    root:machine.py:309 LD 0
TICK: 28911 PC:   5 ADDR:   0 MEM_OUT: 597 ACC: 597 BUFF: 596 DC: 0 FLAG_ZERO: False FLAG_LT: 1 FLAG_GT: 0
INPUT_PORT:  []
OUT_PORT:  []
DATA_MEM:  [597, 278]
---------------------------------------
DEBUG    root:machine.py:309 MOD 3
TICK: 28915 PC:   6 ADDR:   0 MEM_OUT: 597 ACC: 597 BUFF: 596 DC: 0 FLAG_ZERO: False FLAG_LT: 1 FLAG_GT: 0
INPUT_PORT:  []
OUT_PORT:  []
DATA_MEM:  [597, 278]
---------------------------------------
DEBUG    root:machine.py:309 CMP 0
TICK: 28919 PC:   7 ADDR:   0 MEM_OUT: 597 ACC: 0 BUFF: 597 DC: 0 FLAG_ZERO: False FLAG_LT: 1 FLAG_GT: 0
INPUT_PORT:  []
OUT_PORT:  []
DATA_MEM:  [597, 278]
---------------------------------------
DEBUG    root:machine.py:309 JE 14
TICK: 28922 PC:   8 ADDR:   0 MEM_OUT: 597 ACC: 0 BUFF: 597 DC: 0 FLAG_ZERO: True FLAG_LT: 0 FLAG_GT: 0
INPUT_PORT:  []
OUT_PORT:  []
DATA_MEM:  [597, 278]
---------------------------------------
DEBUG    root:machine.py:309 LD 4
TICK: 28925 PC:  14 ADDR:   0 MEM_OUT: 597 ACC: 0 BUFF: 597 DC: 0 FLAG_ZERO: True FLAG_LT: 0 FLAG_GT: 0
INPUT_PORT:  []
OUT_PORT:  []
DATA_MEM:  [597, 278]
---------------------------------------
DEBUG    root:machine.py:309 INC 
TICK: 28929 PC:  15 ADDR:   1 MEM_OUT: 278 ACC: 278 BUFF: 597 DC: 0 FLAG_ZERO: True FLAG_LT: 0 FLAG_GT: 0
INPUT_PORT:  []
OUT_PORT:  []
DATA_MEM:  [597, 278]
---------------------------------------
DEBUG    root:machine.py:309 ST 4
TICK: 28932 PC:  16 ADDR:   1 MEM_OUT: 278 ACC: 279 BUFF: 597 DC: 0 FLAG_ZERO: True FLAG_LT: 0 FLAG_GT: 0
INPUT_PORT:  []
OUT_PORT:  []
DATA_MEM:  [597, 278]
---------------------------------------
DEBUG    root:machine.py:309 JMP 0
TICK: 28936 PC:  17 ADDR:   1 MEM_OUT: 279 ACC: 279 BUFF: 597 DC: 0 FLAG_ZERO: True FLAG_LT: 0 FLAG_GT: 0
INPUT_PORT:  []
OUT_PORT:  []
DATA_MEM:  [597, 279]
---------------------------------------
DEBUG    root:machine.py:309 LD 0
TICK: 28939 PC:   0 ADDR:   1 MEM_OUT: 279 ACC: 279 BUFF: 597 DC: 0 FLAG_ZERO: True FLAG_LT: 0 FLAG_GT: 0
INPUT_PORT:  []
OUT_PORT:  []
DATA_MEM:  [597, 279]
---------------------------------------
DEBUG    root:machine.py:309 INC 
TICK: 28943 PC:   1 ADDR:   0 MEM_OUT: 597 ACC: 597 BUFF: 597 DC: 0 FLAG_ZERO: True FLAG_LT: 0 FLAG_GT: 0
INPUT_PORT:  []
OUT_PORT:  []
DATA_MEM:  [597, 279]
---------------------------------------
DEBUG    root:machine.py:309 ST 0
TICK: 28946 PC:   2 ADDR:   0 MEM_OUT: 597 ACC: 598 BUFF: 597 DC: 0 FLAG_ZERO: True FLAG_LT: 0 FLAG_GT: 0
INPUT_PORT:  []
OUT_PORT:  []
DATA_MEM:  [597, 279]
---------------------------------------
DEBUG    root:machine.py:309 CMP 1000
TICK: 28950 PC:   3 ADDR:   0 MEM_OUT: 598 ACC: 598 BUFF: 597 DC: 0 FLAG_ZERO: True FLAG_LT: 0 FLAG_GT: 0
INPUT_PORT:  []
OUT_PORT:  []
DATA_MEM:  [598, 279]
---------------------------------------
DEBUG    root:machine.py:309 JGE 22
TICK: 28953 PC:   4 ADDR:   0 MEM_OUT: 598 ACC: 598 BUFF: 597 DC: 0 FLAG_ZERO: False FLAG_LT: 1 FLAG_GT: 0
INPUT_PORT:  []
OUT_PORT:  []
DATA_MEM:  [598, 279]
---------------------------------------
DEBUG    root:machine.py:309 LD 0
TICK: 28956 PC:   5 ADDR:   0 MEM_OUT: 598 ACC: 598 BUFF: 597 DC: 0 FLAG_ZERO: False FLAG_LT: 1 FLAG_GT: 0
INPUT_PORT:  []
OUT_PORT:  []
DATA_MEM:  [598, 279]
---------------------------------------
DEBUG    root:machine.py:309 MOD 3
TICK: 28960 PC:   6 ADDR:   0 MEM_OUT: 598 ACC: 598 BUFF: 597 DC: 0 FLAG_ZERO: False FLAG_LT: 1 FLAG_GT: 0
INPUT_PORT:  []
OUT_PORT:  []
DATA_MEM:  [598, 279]
---------------------------------------
DEBUG    root:machine.py:309 CMP 0
TICK: 28964 PC:   7 ADDR:   0 MEM_OUT: 598 ACC: 1 BUFF: 598 DC: 0 FLAG_ZERO: False FLAG_LT: 1 FLAG_GT: 0
INPUT_PORT:  []
OUT_PORT:  []
DATA_MEM:  [598, 279]
---------------------------------------
DEBUG    root:machine.py:309 JE 14
TICK: 28967 PC:   8 ADDR:   0 MEM_OUT: 598 ACC: 1 BUFF: 598 DC: 0 FLAG_ZERO: False FLAG_LT: 0 FLAG_GT: 1
INPUT_PORT:  []
OUT_PORT:  []
DATA_MEM:  [598, 279]
---------------------------------------
DEBUG    root:machine.py:309 LD 0
TICK: 28970 PC:   9 ADDR:   0 MEM_OUT: 598 ACC: 1 BUFF: 598 DC: 0 FLAG_ZERO: False FLAG_LT: 0 FLAG_GT: 1
INPUT_PORT:  []
OUT_PORT:  []
DATA_MEM:  [598, 279]
---------------------------------------
DEBUG    root:machine.py:309 MOD 5
TICK: 28974 PC:  10 ADDR:   0 MEM_OUT: 598 ACC: 598 BUFF: 598 DC: 0 FLAG_ZERO: False FLAG_LT: 0 FLAG_GT: 1
INPUT_PORT:  []
OUT_PORT:  []
DATA_MEM:  [598, 279]
---------------------------------------
DEBUG    root:machine.py:309 CMP 0
TICK: 28978 PC:  11 ADDR:   0 MEM_OUT: 598 ACC: 3 BUFF: 598 DC: 0 FLAG_ZERO: False FLAG_LT: 0 FLAG_GT: 1
INPUT_PORT:  []
OUT_PORT:  []
DATA_MEM:  [598, 279]
---------------------------------------
DEBUG    root:machine.py:309 JE 18
TICK: 28981 PC:  12 ADDR:   0 MEM_OUT: 598 ACC: 3 BUFF: 598 DC: 0 FLAG_ZERO: False FLAG_LT: 0 FLAG_GT: 1
INPUT_PORT:  []
OUT_PORT:  []
DATA_MEM:  [598, 279]
---------------------------------------
DEBUG    root:machine.py:309 JMP 0
TICK: 28984 PC:  13 ADDR:   0 MEM_OUT: 598 ACC: 3 BUFF: 598 DC: 0 FLAG_ZERO: False FLAG_LT: 0 FLAG_GT: 1
INPUT_PORT:  []
OUT_PORT:  []
DATA_MEM:  [598, 279]
---------------------------------------
DEBUG    root:machine.py:309 LD 0
TICK: 28987 PC:   0 ADDR:   0 MEM_OUT: 598 ACC: 3 BUFF: 598 DC: 0 FLAG_ZERO: False FLAG_LT: 0 FLAG_GT: 1
INPUT_PORT:  []
OUT_PORT:  []
DATA_MEM:  [598, 279]
---------------------------------------
DEBUG    root:machine.py:309 INC 
TICK: 28991 PC:   1 ADDR:   0 MEM_OUT: 598 ACC: 598 BUFF: 598 DC: 0 FLAG_ZERO: False FLAG_LT: 0 FLAG_GT: 1
INPUT_PORT:  []
OUT_PORT:  []
DATA_MEM:  [598, 279]
---------------------------------------
DEBUG    root:machine.py:309 ST 0
TICK: 28994 PC:   2 ADDR:   0 MEM_OUT: 598 ACC: 599 BUFF: 598 DC: 0 FLAG_ZERO: False FLAG_LT: 0 FLAG_GT: 1
INPUT_PORT:  []
OUT_PORT:  []
DATA_MEM:  [598, 279]
---------------------------------------
DEBUG    root:machine.py:309 CMP 1000
TICK: 28998 PC:   3 ADDR:   0 MEM_OUT: 599 ACC: 599 BUFF: 598 DC: 0 FLAG_ZERO: False FLAG_LT: 0 FLAG_GT: 1
INPUT_PORT:  []
OUT_PORT:  []
DATA_MEM:  [599, 279]
---------------------------------------
DEBUG    root:machine.py:309 JGE 22
TICK: 29001 PC:   4 ADDR:   0 MEM_OUT: 599 ACC: 599 BUFF: 598 DC: 0 FLAG_ZERO: False FLAG_LT: 1 FLAG_GT: 0
INPUT_PORT:  []
OUT_PORT:  []
DATA_MEM:  [599, 279]
---------------------------------------
DEBUG    root:machine.py:309 LD 0
TICK: 29004 PC:   5 ADDR:   0 MEM_OUT: 599 ACC: 599 BUFF: 598 DC: 0 FLAG_ZERO: False FLAG_LT: 1 FLAG_GT: 0
INPUT_PORT:  []
OUT_PORT:  []
DATA_MEM:  [599, 279]
---------------------------------------
DEBUG    root:machine.py:309 MOD 3
TICK: 29008 PC:   6 ADDR:   0 MEM_OUT: 599 ACC: 599 BUFF: 598 DC: 0 FLAG_ZERO: False FLAG_LT: 1 FLAG_GT: 0
INPUT_PORT:  []
OUT_PORT:  []
DATA_MEM:  [599, 279]
---------------------------------------
DEBUG    root:machine.py:309 CMP 0
TICK: 29012 PC:   7 ADDR:   0 MEM_OUT: 599 ACC: 2 BUFF: 599 DC: 0 FLAG_ZERO: False FLAG_LT: 1 FLAG_GT: 0
INPUT_PORT:  []
OUT_PORT:  []
DATA_MEM:  [599, 279]
---------------------------------------
DEBUG    root:machine.py:309 JE 14
TICK: 29015 PC:   8 ADDR:   0 MEM_OUT: 599 ACC: 2 BUFF: 599 DC: 0 FLAG_ZERO: False FLAG_LT: 0 FLAG_GT: 1
INPUT_PORT:  []
OUT_PORT:  []
DATA_MEM:  [599, 279]
---------------------------------------
DEBUG    root:machine.py:309 LD 0
TICK: 29018 PC:   9 ADDR:   0 MEM_OUT: 599 ACC: 2 BUFF: 599 DC: 0 FLAG_ZERO: False FLAG_LT: 0 FLAG_GT: 1
INPUT_PORT:  []
OUT_PORT:  []
DATA_MEM:  [599, 279]
---------------------------------------
DEBUG    root:machine.py:309 MOD 5
TICK: 29022 PC:  10 ADDR:   0 MEM_OUT: 599 ACC: 599 BUFF: 599 DC: 0 FLAG_ZERO: False FLAG_LT: 0 FLAG_GT: 1
INPUT_PORT:  []
OUT_PORT:  []
DATA_MEM:  [599, 279]
---------------------------------------
DEBUG    root:machine.py:309 CMP 0
TICK: 29026 PC:  11 ADDR:   0 MEM_OUT: 599 ACC: 4 BUFF: 599 DC: 0 FLAG_ZERO: False FLAG_LT: 0 FLAG_GT: 1
INPUT_PORT:  []
OUT_PORT:  []
DATA_MEM:  [599, 279]
---------------------------------------
DEBUG    root:machine.py:309 JE 18
TICK: 29029 PC:  12 ADDR:   0 MEM_OUT: 599 ACC: 4 BUFF: 599 DC: 0 FLAG_ZERO: False FLAG_LT: 0 FLAG_GT: 1
INPUT_PORT:  []
OUT_PORT:  []
DATA_MEM:  [599, 279]
---------------------------------------
DEBUG    root:machine.py:309 JMP 0
TICK: 29032 PC:  13 ADDR:   0 MEM_OUT: 599 ACC: 4 BUFF: 599 DC: 0 FLAG_ZERO: False FLAG_LT: 0 FLAG_GT: 1
INPUT_PORT:  []
OUT_PORT:  []
DATA_MEM:  [599, 279]
---------------------------------------
DEBUG    root:machine.py:309 LD 0
TICK: 29035 PC:   0 ADDR:   0 MEM_OUT: 599 ACC: 4 BUFF: 599 DC: 0 FLAG_ZERO: False FLAG_LT: 0 FLAG_GT: 1
INPUT_PORT:  []
OUT_PORT:  []
DATA_MEM:  [599, 279]
---------------------------------------
DEBUG    root:machine.py:309 INC 
TICK: 29039 PC:   1 ADDR:   0 MEM_OUT: 599 ACC: 599 BUFF: 599 DC: 0 FLAG_ZERO: False FLAG_LT: 0 FLAG_GT: 1
INPUT_PORT:  []
OUT_PORT:  []
DATA_MEM:  [599, 279]
---------------------------------------
DEBUG    root:machine.py:309 ST 0
TICK: 29042 PC:   2 ADDR:   0 MEM_OUT: 599 ACC: 600 BUFF: 599 DC: 0 FLAG_ZERO: False FLAG_LT: 0 FLAG_GT: 1
INPUT_PORT:  []
OUT_PORT:  []
DATA_MEM:  [599, 279]
---------------------------------------
DEBUG    root:machine.py:309 CMP 1000
TICK: 29046 PC:   3 ADDR:   0 MEM_OUT: 600 ACC: 600 BUFF: 599 DC: 0 FLAG_ZERO: False FLAG_LT: 0 FLAG_GT: 1
INPUT_PORT:  []
OUT_PORT:  []
DATA_MEM:  [600, 279]
---------------------------------------
DEBUG    root:machine.py:309 JGE 22
TICK: 29049 PC:   4 ADDR:   0 MEM_OUT: 600 ACC: 600 BUFF: 599 DC: 0 FLAG_ZERO: False FLAG_LT: 1 FLAG_GT: 0
INPUT_PORT:  []
OUT_PORT:  []
DATA_MEM:  [600, 279]
---------------------------------------
DEBUG    root:machine.py:309 LD 0
TICK: 29052 PC:   5 ADDR:   0 MEM_OUT: 600 ACC: 600 BUFF: 599 DC: 0 FLAG_ZERO: False FLAG_LT: 1 FLAG_GT: 0
INPUT_PORT:  []
OUT_PORT:  []
DATA_MEM:  [600, 279]
---------------------------------------
DEBUG    root:machine.py:309 MOD 3
TICK: 29056 PC:   6 ADDR:   0 MEM_OUT: 600 ACC: 600 BUFF: 599 DC: 0 FLAG_ZERO: False FLAG_LT: 1 FLAG_GT: 0
INPUT_PORT:  []
OUT_PORT:  []
DATA_MEM:  [600, 279]
---------------------------------------
DEBUG    root:machine.py:309 CMP 0
TICK: 29060 PC:   7 ADDR:   0 MEM_OUT: 600 ACC: 0 BUFF: 600 DC: 0 FLAG_ZERO: False FLAG_LT: 1 FLAG_GT: 0
INPUT_PORT:  []
OUT_PORT:  []
DATA_MEM:  [600, 279]
---------------------------------------
DEBUG    root:machine.py:309 JE 14
TICK: 29063 PC:   8 ADDR:   0 MEM_OUT: 600 ACC: 0 BUFF: 600 DC: 0 FLAG_ZERO: True FLAG_LT: 0 FLAG_GT: 0
INPUT_PORT:  []
OUT_PORT:  []
DATA_MEM:  [600, 279]
---------------------------------------
DEBUG    root:machine.py:309 LD 4
TICK: 29066 PC:  14 ADDR:   0 MEM_OUT: 600 ACC: 0 BUFF: 600 DC: 0 FLAG_ZERO: True FLAG_LT: 0 FLAG_GT: 0
INPUT_PORT:  []
OUT_PORT:  []
DATA_MEM:  [600, 279]
---------------------------------------
DEBUG    root:machine.py:309 INC 
TICK: 29070 PC:  15 ADDR:   1 MEM_OUT: 279 ACC: 279 BUFF: 600 DC: 0 FLAG_ZERO: True FLAG_LT: 0 FLAG_GT: 0
INPUT_PORT:  []
OUT_PORT:  []
DATA_MEM:  [600, 279]
---------------------------------------
DEBUG    root:machine.py:309 ST 4
TICK: 29073 PC:  16 ADDR:   1 MEM_OUT: 279 ACC: 280 BUFF: 600 DC: 0 FLAG_ZERO: True FLAG_LT: 0 FLAG_GT: 0
INPUT_PORT:  []
OUT_PORT:  []
DATA_MEM:  [600, 279]
---------------------------------------
DEBUG    root:machine.py:309 JMP 0
TICK: 29077 PC:  17 ADDR:   1 MEM_OUT: 280 ACC: 280 BUFF: 600 DC: 0 FLAG_ZERO: True FLAG_LT: 0 FLAG_GT: 0
INPUT_PORT:  []
OUT_PORT:  []
DATA_MEM:  [600, 280]
---------------------------------------
DEBUG    root:machine.py:309 LD 0
TICK: 29080 PC:   0 ADDR:   1 MEM_OUT: 280 ACC: 280 BUFF: 600 DC: 0 FLAG_ZERO: True FLAG_LT: 0 FLAG_GT: 0
INPUT_PORT:  []
OUT_PORT:  []
DATA_MEM:  [600, 280]
---------------------------------------
DEBUG    root:machine.py:309 INC 
TICK: 29084 PC:   1 ADDR:   0 MEM_OUT: 600 ACC: 600 BUFF: 600 DC: 0 FLAG_ZERO: True FLAG_LT: 0 FLAG_GT: 0
INPUT_PORT:  []
OUT_PORT:  []
DATA_MEM:  [600, 280]
---------------------------------------
DEBUG    root:machine.py:309 ST 0
TICK: 29087 PC:   2 ADDR:   0 MEM_OUT: 600 ACC: 601 BUFF: 600 DC: 0 FLAG_ZERO: True FLAG_LT: 0 FLAG_GT: 0
INPUT_PORT:  []
OUT_PORT:  []
DATA_MEM:  [600, 280]
---------------------------------------
DEBUG    root:machine.py:309 CMP 1000
TICK: 29091 PC:   3 ADDR:   0 MEM_OUT: 601 ACC: 601 BUFF: 600 DC: 0 FLAG_ZERO: True FLAG_LT: 0 FLAG_GT: 0
INPUT_PORT:  []
OUT_PORT:  []
DATA_MEM:  [601, 280]
---------------------------------------
DEBUG    root:machine.py:309 JGE 22
TICK: 29094 PC:   4 ADDR:   0 MEM_OUT: 601 ACC: 601 BUFF: 600 DC: 0 FLAG_ZERO: False FLAG_LT: 1 FLAG_GT: 0
INPUT_PORT:  []
OUT_PORT:  []
DATA_MEM:  [601, 280]
---------------------------------------
DEBUG    root:machine.py:309 LD 0
TICK: 29097 PC:   5 ADDR:   0 MEM_OUT: 601 ACC: 601 BUFF: 600 DC: 0 FLAG_ZERO: False FLAG_LT: 1 FLAG_GT: 0
INPUT_PORT:  []
OUT_PORT:  []
DATA_MEM:  [601, 280]
---------------------------------------
DEBUG    root:machine.py:309 MOD 3
TICK: 29101 PC:   6 ADDR:   0 MEM_OUT: 601 ACC: 601 BUFF: 600 DC: 0 FLAG_ZERO: False FLAG_LT: 1 FLAG_GT: 0
INPUT_PORT:  []
OUT_PORT:  []
DATA_MEM:  [601, 280]
---------------------------------------
DEBUG    root:machine.py:309 CMP 0
TICK: 29105 PC:   7 ADDR:   0 MEM_OUT: 601 ACC: 1 BUFF: 601 DC: 0 FLAG_ZERO: False FLAG_LT: 1 FLAG_GT: 0
INPUT_PORT:  []
OUT_PORT:  []
DATA_MEM:  [601, 280]
---------------------------------------
DEBUG    root:machine.py:309 JE 14
TICK: 29108 PC:   8 ADDR:   0 MEM_OUT: 601 ACC: 1 BUFF: 601 DC: 0 FLAG_ZERO: False FLAG_LT: 0 FLAG_GT: 1
INPUT_PORT:  []
OUT_PORT:  []
DATA_MEM:  [601, 280]
---------------------------------------
DEBUG    root:machine.py:309 LD 0
TICK: 29111 PC:   9 ADDR:   0 MEM_OUT: 601 ACC: 1 BUFF: 601 DC: 0 FLAG_ZERO: False FLAG_LT: 0 FLAG_GT: 1
INPUT_PORT:  []
OUT_PORT:  []
DATA_MEM:  [601, 280]
---------------------------------------
DEBUG    root:machine.py:309 MOD 5
TICK: 29115 PC:  10 ADDR:   0 MEM_OUT: 601 ACC: 601 BUFF: 601 DC: 0 FLAG_ZERO: False FLAG_LT: 0 FLAG_GT: 1
INPUT_PORT:  []
OUT_PORT:  []
DATA_MEM:  [601, 280]
---------------------------------------
DEBUG    root:machine.py:309 CMP 0
TICK: 29119 PC:  11 ADDR:   0 MEM_OUT: 601 ACC: 1 BUFF: 601 DC: 0 FLAG_ZERO: False FLAG_LT: 0 FLAG_GT: 1
INPUT_PORT:  []
OUT_PORT:  []
DATA_MEM:  [601, 280]
---------------------------------------
DEBUG    root:machine.py:309 JE 18
TICK: 29122 PC:  12 ADDR:   0 MEM_OUT: 601 ACC: 1 BUFF: 601 DC: 0 FLAG_ZERO: False FLAG_LT: 0 FLAG_GT: 1
INPUT_PORT:  []
OUT_PORT:  []
DATA_MEM:  [601, 280]
---------------------------------------
DEBUG    root:machine.py:309 JMP 0
TICK: 29125 PC:  13 ADDR:   0 MEM_OUT: 601 ACC: 1 BUFF: 601 DC: 0 FLAG_ZERO: False FLAG_LT: 0 FLAG_GT: 1
INPUT_PORT:  []
OUT_PORT:  []
DATA_MEM:  [601, 280]
---------------------------------------
DEBUG    root:machine.py:309 LD 0
TICK: 29128 PC:   0 ADDR:   0 MEM_OUT: 601 ACC: 1 BUFF: 601 DC: 0 FLAG_ZERO: False FLAG_LT: 0 FLAG_GT: 1
INPUT_PORT:  []
OUT_PORT:  []
DATA_MEM:  [601, 280]
---------------------------------------
DEBUG    root:machine.py:309 INC 
TICK: 29132 PC:   1 ADDR:   0 MEM_OUT: 601 ACC: 601 BUFF: 601 DC: 0 FLAG_ZERO: False FLAG_LT: 0 FLAG_GT: 1
INPUT_PORT:  []
OUT_PORT:  []
DATA_MEM:  [601, 280]
---------------------------------------
DEBUG    root:machine.py:309 ST 0
TICK: 29135 PC:   2 ADDR:   0 MEM_OUT: 601 ACC: 602 BUFF: 601 DC: 0 FLAG_ZERO: False FLAG_LT: 0 FLAG_GT: 1
INPUT_PORT:  []
OUT_PORT:  []
DATA_MEM:  [601, 280]
---------------------------------------
DEBUG    root:machine.py:309 CMP 1000
TICK: 29139 PC:   3 ADDR:   0 MEM_OUT: 602 ACC: 602 BUFF: 601 DC: 0 FLAG_ZERO: False FLAG_LT: 0 FLAG_GT: 1
INPUT_PORT:  []
OUT_PORT:  []
DATA_MEM:  [602, 280]
---------------------------------------
DEBUG    root:machine.py:309 JGE 22
TICK: 29142 PC:   4 ADDR:   0 MEM_OUT: 602 ACC: 602 BUFF: 601 DC: 0 FLAG_ZERO: False FLAG_LT: 1 FLAG_GT: 0
INPUT_PORT:  []
OUT_PORT:  []
DATA_MEM:  [602, 280]
---------------------------------------
DEBUG    root:machine.py:309 LD 0
TICK: 29145 PC:   5 ADDR:   0 MEM_OUT: 602 ACC: 602 BUFF: 601 DC: 0 FLAG_ZERO: False FLAG_LT: 1 FLAG_GT: 0
INPUT_PORT:  []
OUT_PORT:  []
DATA_MEM:  [602, 280]
---------------------------------------
DEBUG    root:machine.py:309 MOD 3
TICK: 29149 PC:   6 ADDR:   0 MEM_OUT: 602 ACC: 602 BUFF: 601 DC: 0 FLAG_ZERO: False FLAG_LT: 1 FLAG_GT: 0
INPUT_PORT:  []
OUT_PORT:  []
DATA_MEM:  [602, 280]
---------------------------------------
DEBUG    root:machine.py:309 CMP 0
TICK: 29153 PC:   7 ADDR:   0 MEM_OUT: 602 ACC: 2 BUFF: 602 DC: 0 FLAG_ZERO: False FLAG_LT: 1 FLAG_GT: 0
INPUT_PORT:  []
OUT_PORT:  []
DATA_MEM:  [602, 280]
---------------------------------------
DEBUG    root:machine.py:309 JE 14
TICK: 29156 PC:   8 ADDR:   0 MEM_OUT: 602 ACC: 2 BUFF: 602 DC: 0 FLAG_ZERO: False FLAG_LT: 0 FLAG_GT: 1
INPUT_PORT:  []
OUT_PORT:  []
DATA_MEM:  [602, 280]
---------------------------------------
DEBUG    root:machine.py:309 LD 0
TICK: 29159 PC:   9 ADDR:   0 MEM_OUT: 602 ACC: 2 BUFF: 602 DC: 0 FLAG_ZERO: False FLAG_LT: 0 FLAG_GT: 1
INPUT_PORT:  []
OUT_PORT:  []
DATA_MEM:  [602, 280]
---------------------------------------
DEBUG    root:machine.py:309 MOD 5
TICK: 29163 PC:  10 ADDR:   0 MEM_OUT: 602 ACC: 602 BUFF: 602 DC: 0 FLAG_ZERO: False FLAG_LT: 0 FLAG_GT: 1
INPUT_PORT:  []
OUT_PORT:  []
DATA_MEM:  [602, 280]
---------------------------------------
DEBUG    root:machine.py:309 CMP 0
TICK: 29167 PC:  11 ADDR:   0 MEM_OUT: 602 ACC: 2 BUFF: 602 DC: 0 FLAG_ZERO: False FLAG_LT: 0 FLAG_GT: 1
INPUT_PORT:  []
OUT_PORT:  []
DATA_MEM:  [602, 280]
---------------------------------------
DEBUG    root:machine.py:309 JE 18
TICK: 29170 PC:  12 ADDR:   0 MEM_OUT: 602 ACC: 2 BUFF: 602 DC: 0 FLAG_ZERO: False FLAG_LT: 0 FLAG_GT: 1
INPUT_PORT:  []
OUT_PORT:  []
DATA_MEM:  [602, 280]
---------------------------------------
DEBUG    root:machine.py:309 JMP 0
TICK: 29173 PC:  13 ADDR:   0 MEM_OUT: 602 ACC: 2 BUFF: 602 DC: 0 FLAG_ZERO: False FLAG_LT: 0 FLAG_GT: 1
INPUT_PORT:  []
OUT_PORT:  []
DATA_MEM:  [602, 280]
---------------------------------------
DEBUG    root:machine.py:309 LD 0
TICK: 29176 PC:   0 ADDR:   0 MEM_OUT: 602 ACC: 2 BUFF: 602 DC: 0 FLAG_ZERO: False FLAG_LT: 0 FLAG_GT: 1
INPUT_PORT:  []
OUT_PORT:  []
DATA_MEM:  [602, 280]
---------------------------------------
DEBUG    root:machine.py:309 INC 
TICK: 29180 PC:   1 ADDR:   0 MEM_OUT: 602 ACC: 602 BUFF: 602 DC: 0 FLAG_ZERO: False FLAG_LT: 0 FLAG_GT: 1
INPUT_PORT:  []
OUT_PORT:  []
DATA_MEM:  [602, 280]
---------------------------------------
DEBUG    root:machine.py:309 ST 0
TICK: 29183 PC:   2 ADDR:   0 MEM_OUT: 602 ACC: 603 BUFF: 602 DC: 0 FLAG_ZERO: False FLAG_LT: 0 FLAG_GT: 1
INPUT_PORT:  []
OUT_PORT:  []
DATA_MEM:  [602, 280]
---------------------------------------
DEBUG    root:machine.py:309 CMP 1000
TICK: 29187 PC:   3 ADDR:   0 MEM_OUT: 603 ACC: 603 BUFF: 602 DC: 0 FLAG_ZERO: False FLAG_LT: 0 FLAG_GT: 1
INPUT_PORT:  []
OUT_PORT:  []
DATA_MEM:  [603, 280]
---------------------------------------
DEBUG    root:machine.py:309 JGE 22
TICK: 29190 PC:   4 ADDR:   0 MEM_OUT: 603 ACC: 603 BUFF: 602 DC: 0 FLAG_ZERO: False FLAG_LT: 1 FLAG_GT: 0
INPUT_PORT:  []
OUT_PORT:  []
DATA_MEM:  [603, 280]
---------------------------------------
DEBUG    root:machine.py:309 LD 0
TICK: 29193 PC:   5 ADDR:   0 MEM_OUT: 603 ACC: 603 BUFF: 602 DC: 0 FLAG_ZERO: False FLAG_LT: 1 FLAG_GT: 0
INPUT_PORT:  []
OUT_PORT:  []
DATA_MEM:  [603, 280]
---------------------------------------
DEBUG    root:machine.py:309 MOD 3
TICK: 29197 PC:   6 ADDR:   0 MEM_OUT: 603 ACC: 603 BUFF: 602 DC: 0 FLAG_ZERO: False FLAG_LT: 1 FLAG_GT: 0
INPUT_PORT:  []
OUT_PORT:  []
DATA_MEM:  [603, 280]
---------------------------------------
DEBUG    root:machine.py:309 CMP 0
TICK: 29201 PC:   7 ADDR:   0 MEM_OUT: 603 ACC: 0 BUFF: 603 DC: 0 FLAG_ZERO: False FLAG_LT: 1 FLAG_GT: 0
INPUT_PORT:  []
OUT_PORT:  []
DATA_MEM:  [603, 280]
---------------------------------------
DEBUG    root:machine.py:309 JE 14
TICK: 29204 PC:   8 ADDR:   0 MEM_OUT: 603 ACC: 0 BUFF: 603 DC: 0 FLAG_ZERO: True FLAG_LT: 0 FLAG_GT: 0
INPUT_PORT:  []
OUT_PORT:  []
DATA_MEM:  [603, 280]
---------------------------------------
DEBUG    root:machine.py:309 LD 4
TICK: 29207 PC:  14 ADDR:   0 MEM_OUT: 603 ACC: 0 BUFF: 603 DC: 0 FLAG_ZERO: True FLAG_LT: 0 FLAG_GT: 0
INPUT_PORT:  []
OUT_PORT:  []
DATA_MEM:  [603, 280]
---------------------------------------
DEBUG    root:machine.py:309 INC 
TICK: 29211 PC:  15 ADDR:   1 MEM_OUT: 280 ACC: 280 BUFF: 603 DC: 0 FLAG_ZERO: True FLAG_LT: 0 FLAG_GT: 0
INPUT_PORT:  []
OUT_PORT:  []
DATA_MEM:  [603, 280]
---------------------------------------
DEBUG    root:machine.py:309 ST 4
TICK: 29214 PC:  16 ADDR:   1 MEM_OUT: 280 ACC: 281 BUFF: 603 DC: 0 FLAG_ZERO: True FLAG_LT: 0 FLAG_GT: 0
INPUT_PORT:  []
OUT_PORT:  []
DATA_MEM:  [603, 280]
---------------------------------------
DEBUG    root:machine.py:309 JMP 0
TICK: 29218 PC:  17 ADDR:   1 MEM_OUT: 281 ACC: 281 BUFF: 603 DC: 0 FLAG_ZERO: True FLAG_LT: 0 FLAG_GT: 0
INPUT_PORT:  []
OUT_PORT:  []
DATA_MEM:  [603, 281]
---------------------------------------
DEBUG    root:machine.py:309 LD 0
TICK: 29221 PC:   0 ADDR:   1 MEM_OUT: 281 ACC: 281 BUFF: 603 DC: 0 FLAG_ZERO: True FLAG_LT: 0 FLAG_GT: 0
INPUT_PORT:  []
OUT_PORT:  []
DATA_MEM:  [603, 281]
---------------------------------------
DEBUG    root:machine.py:309 INC 
TICK: 29225 PC:   1 ADDR:   0 MEM_OUT: 603 ACC: 603 BUFF: 603 DC: 0 FLAG_ZERO: True FLAG_LT: 0 FLAG_GT: 0
INPUT_PORT:  []
OUT_PORT:  []
DATA_MEM:  [603, 281]
---------------------------------------
DEBUG    root:machine.py:309 ST 0
TICK: 29228 PC:   2 ADDR:   0 MEM_OUT: 603 ACC: 604 BUFF: 603 DC: 0 FLAG_ZERO: True FLAG_LT: 0 FLAG_GT: 0
INPUT_PORT:  []
OUT_PORT:  []
DATA_MEM:  [603, 281]
---------------------------------------
DEBUG    root:machine.py:309 CMP 1000
TICK: 29232 PC:   3 ADDR:   0 MEM_OUT: 604 ACC: 604 BUFF: 603 DC: 0 FLAG_ZERO: True FLAG_LT: 0 FLAG_GT: 0
INPUT_PORT:  []
OUT_PORT:  []
DATA_MEM:  [604, 281]
---------------------------------------
DEBUG    root:machine.py:309 JGE 22
TICK: 29235 PC:   4 ADDR:   0 MEM_OUT: 604 ACC: 604 BUFF: 603 DC: 0 FLAG_ZERO: False FLAG_LT: 1 FLAG_GT: 0
INPUT_PORT:  []
OUT_PORT:  []
DATA_MEM:  [604, 281]
---------------------------------------
DEBUG    root:machine.py:309 LD 0
TICK: 29238 PC:   5 ADDR:   0 MEM_OUT: 604 ACC: 604 BUFF: 603 DC: 0 FLAG_ZERO: False FLAG_LT: 1 FLAG_GT: 0
INPUT_PORT:  []
OUT_PORT:  []
DATA_MEM:  [604, 281]
---------------------------------------
DEBUG    root:machine.py:309 MOD 3
TICK: 29242 PC:   6 ADDR:   0 MEM_OUT: 604 ACC: 604 BUFF: 603 DC: 0 FLAG_ZERO: False FLAG_LT: 1 FLAG_GT: 0
INPUT_PORT:  []
OUT_PORT:  []
DATA_MEM:  [604, 281]
---------------------------------------
DEBUG    root:machine.py:309 CMP 0
TICK: 29246 PC:   7 ADDR:   0 MEM_OUT: 604 ACC: 1 BUFF: 604 DC: 0 FLAG_ZERO: False FLAG_LT: 1 FLAG_GT: 0
INPUT_PORT:  []
OUT_PORT:  []
DATA_MEM:  [604, 281]
---------------------------------------
DEBUG    root:machine.py:309 JE 14
TICK: 29249 PC:   8 ADDR:   0 MEM_OUT: 604 ACC: 1 BUFF: 604 DC: 0 FLAG_ZERO: False FLAG_LT: 0 FLAG_GT: 1
INPUT_PORT:  []
OUT_PORT:  []
DATA_MEM:  [604, 281]
---------------------------------------
DEBUG    root:machine.py:309 LD 0
TICK: 29252 PC:   9 ADDR:   0 MEM_OUT: 604 ACC: 1 BUFF: 604 DC: 0 FLAG_ZERO: False FLAG_LT: 0 FLAG_GT: 1
INPUT_PORT:  []
OUT_PORT:  []
DATA_MEM:  [604, 281]
---------------------------------------
DEBUG    root:machine.py:309 MOD 5
TICK: 29256 PC:  10 ADDR:   0 MEM_OUT: 604 ACC: 604 BUFF: 604 DC: 0 FLAG_ZERO: False FLAG_LT: 0 FLAG_GT: 1
INPUT_PORT:  []
OUT_PORT:  []
DATA_MEM:  [604, 281]
---------------------------------------
DEBUG    root:machine.py:309 CMP 0
TICK: 29260 PC:  11 ADDR:   0 MEM_OUT: 604 ACC: 4 BUFF: 604 DC: 0 FLAG_ZERO: False FLAG_LT: 0 FLAG_GT: 1
INPUT_PORT:  []
OUT_PORT:  []
DATA_MEM:  [604, 281]
---------------------------------------
DEBUG    root:machine.py:309 JE 18
TICK: 29263 PC:  12 ADDR:   0 MEM_OUT: 604 ACC: 4 BUFF: 604 DC: 0 FLAG_ZERO: False FLAG_LT: 0 FLAG_GT: 1
INPUT_PORT:  []
OUT_PORT:  []
DATA_MEM:  [604, 281]
---------------------------------------
DEBUG    root:machine.py:309 JMP 0
TICK: 29266 PC:  13 ADDR:   0 MEM_OUT: 604 ACC: 4 BUFF: 604 DC: 0 FLAG_ZERO: False FLAG_LT: 0 FLAG_GT: 1
INPUT_PORT:  []
OUT_PORT:  []
DATA_MEM:  [604, 281]
---------------------------------------
DEBUG    root:machine.py:309 LD 0
TICK: 29269 PC:   0 ADDR:   0 MEM_OUT: 604 ACC: 4 BUFF: 604 DC: 0 FLAG_ZERO: False FLAG_LT: 0 FLAG_GT: 1
INPUT_PORT:  []
OUT_PORT:  []
DATA_MEM:  [604, 281]
---------------------------------------
DEBUG    root:machine.py:309 INC 
TICK: 29273 PC:   1 ADDR:   0 MEM_OUT: 604 ACC: 604 BUFF: 604 DC: 0 FLAG_ZERO: False FLAG_LT: 0 FLAG_GT: 1
INPUT_PORT:  []
OUT_PORT:  []
DATA_MEM:  [604, 281]
---------------------------------------
DEBUG    root:machine.py:309 ST 0
TICK: 29276 PC:   2 ADDR:   0 MEM_OUT: 604 ACC: 605 BUFF: 604 DC: 0 FLAG_ZERO: False FLAG_LT: 0 FLAG_GT: 1
INPUT_PORT:  []
OUT_PORT:  []
DATA_MEM:  [604, 281]
---------------------------------------
DEBUG    root:machine.py:309 CMP 1000
TICK: 29280 PC:   3 ADDR:   0 MEM_OUT: 605 ACC: 605 BUFF: 604 DC: 0 FLAG_ZERO: False FLAG_LT: 0 FLAG_GT: 1
INPUT_PORT:  []
OUT_PORT:  []
DATA_MEM:  [605, 281]
---------------------------------------
DEBUG    root:machine.py:309 JGE 22
TICK: 29283 PC:   4 ADDR:   0 MEM_OUT: 605 ACC: 605 BUFF: 604 DC: 0 FLAG_ZERO: False FLAG_LT: 1 FLAG_GT: 0
INPUT_PORT:  []
OUT_PORT:  []
DATA_MEM:  [605, 281]
---------------------------------------
DEBUG    root:machine.py:309 LD 0
TICK: 29286 PC:   5 ADDR:   0 MEM_OUT: 605 ACC: 605 BUFF: 604 DC: 0 FLAG_ZERO: False FLAG_LT: 1 FLAG_GT: 0
INPUT_PORT:  []
OUT_PORT:  []
DATA_MEM:  [605, 281]
---------------------------------------
DEBUG    root:machine.py:309 MOD 3
TICK: 29290 PC:   6 ADDR:   0 MEM_OUT: 605 ACC: 605 BUFF: 604 DC: 0 FLAG_ZERO: False FLAG_LT: 1 FLAG_GT: 0
INPUT_PORT:  []
OUT_PORT:  []
DATA_MEM:  [605, 281]
---------------------------------------
DEBUG    root:machine.py:309 CMP 0
TICK: 29294 PC:   7 ADDR:   0 MEM_OUT: 605 ACC: 2 BUFF: 605 DC: 0 FLAG_ZERO: False FLAG_LT: 1 FLAG_GT: 0
INPUT_PORT:  []
OUT_PORT:  []
DATA_MEM:  [605, 281]
---------------------------------------
DEBUG    root:machine.py:309 JE 14
TICK: 29297 PC:   8 ADDR:   0 MEM_OUT: 605 ACC: 2 BUFF: 605 DC: 0 FLAG_ZERO: False FLAG_LT: 0 FLAG_GT: 1
INPUT_PORT:  []
OUT_PORT:  []
DATA_MEM:  [605, 281]
---------------------------------------
DEBUG    root:machine.py:309 LD 0
TICK: 29300 PC:   9 ADDR:   0 MEM_OUT: 605 ACC: 2 BUFF: 605 DC: 0 FLAG_ZERO: False FLAG_LT: 0 FLAG_GT: 1
INPUT_PORT:  []
OUT_PORT:  []
DATA_MEM:  [605, 281]
---------------------------------------
DEBUG    root:machine.py:309 MOD 5
TICK: 29304 PC:  10 ADDR:   0 MEM_OUT: 605 ACC: 605 BUFF: 605 DC: 0 FLAG_ZERO: False FLAG_LT: 0 FLAG_GT: 1
INPUT_PORT:  []
OUT_PORT:  []
DATA_MEM:  [605, 281]
---------------------------------------
DEBUG    root:machine.py:309 CMP 0
TICK: 29308 PC:  11 ADDR:   0 MEM_OUT: 605 ACC: 0 BUFF: 605 DC: 0 FLAG_ZERO: False FLAG_LT: 0 FLAG_GT: 1
INPUT_PORT:  []
OUT_PORT:  []
DATA_MEM:  [605, 281]
---------------------------------------
DEBUG    root:machine.py:309 JE 18
TICK: 29311 PC:  12 ADDR:   0 MEM_OUT: 605 ACC: 0 BUFF: 605 DC: 0 FLAG_ZERO: True FLAG_LT: 0 FLAG_GT: 0
INPUT_PORT:  []
OUT_PORT:  []
DATA_MEM:  [605, 281]
---------------------------------------
DEBUG    root:machine.py:309 LD 4
TICK: 29314 PC:  18 ADDR:   0 MEM_OUT: 605 ACC: 0 BUFF: 605 DC: 0 FLAG_ZERO: True FLAG_LT: 0 FLAG_GT: 0
INPUT_PORT:  []
OUT_PORT:  []
DATA_MEM:  [605, 281]
---------------------------------------
DEBUG    root:machine.py:309 INC 
TICK: 29318 PC:  19 ADDR:   1 MEM_OUT: 281 ACC: 281 BUFF: 605 DC: 0 FLAG_ZERO: True FLAG_LT: 0 FLAG_GT: 0
INPUT_PORT:  []
OUT_PORT:  []
DATA_MEM:  [605, 281]
---------------------------------------
DEBUG    root:machine.py:309 ST 4
TICK: 29321 PC:  20 ADDR:   1 MEM_OUT: 281 ACC: 282 BUFF: 605 DC: 0 FLAG_ZERO: True FLAG_LT: 0 FLAG_GT: 0
INPUT_PORT:  []
OUT_PORT:  []
DATA_MEM:  [605, 281]
---------------------------------------
DEBUG    root:machine.py:309 JMP 0
TICK: 29325 PC:  21 ADDR:   1 MEM_OUT: 282 ACC: 282 BUFF: 605 DC: 0 FLAG_ZERO: True FLAG_LT: 0 FLAG_GT: 0
INPUT_PORT:  []
OUT_PORT:  []
DATA_MEM:  [605, 282]
---------------------------------------
DEBUG    root:machine.py:309 LD 0
TICK: 29328 PC:   0 ADDR:   1 MEM_OUT: 282 ACC: 282 BUFF: 605 DC: 0 FLAG_ZERO: True FLAG_LT: 0 FLAG_GT: 0
INPUT_PORT:  []
OUT_PORT:  []
DATA_MEM:  [605, 282]
---------------------------------------
DEBUG    root:machine.py:309 INC 
TICK: 29332 PC:   1 ADDR:   0 MEM_OUT: 605 ACC: 605 BUFF: 605 DC: 0 FLAG_ZERO: True FLAG_LT: 0 FLAG_GT: 0
INPUT_PORT:  []
OUT_PORT:  []
DATA_MEM:  [605, 282]
---------------------------------------
DEBUG    root:machine.py:309 ST 0
TICK: 29335 PC:   2 ADDR:   0 MEM_OUT: 605 ACC: 606 BUFF: 605 DC: 0 FLAG_ZERO: True FLAG_LT: 0 FLAG_GT: 0
INPUT_PORT:  []
OUT_PORT:  []
DATA_MEM:  [605, 282]
---------------------------------------
DEBUG    root:machine.py:309 CMP 1000
TICK: 29339 PC:   3 ADDR:   0 MEM_OUT: 606 ACC: 606 BUFF: 605 DC: 0 FLAG_ZERO: True FLAG_LT: 0 FLAG_GT: 0
INPUT_PORT:  []
OUT_PORT:  []
DATA_MEM:  [606, 282]
---------------------------------------
DEBUG    root:machine.py:309 JGE 22
TICK: 29342 PC:   4 ADDR:   0 MEM_OUT: 606 ACC: 606 BUFF: 605 DC: 0 FLAG_ZERO: False FLAG_LT: 1 FLAG_GT: 0
INPUT_PORT:  []
OUT_PORT:  []
DATA_MEM:  [606, 282]
---------------------------------------
DEBUG    root:machine.py:309 LD 0
TICK: 29345 PC:   5 ADDR:   0 MEM_OUT: 606 ACC: 606 BUFF: 605 DC: 0 FLAG_ZERO: False FLAG_LT: 1 FLAG_GT: 0
INPUT_PORT:  []
OUT_PORT:  []
DATA_MEM:  [606, 282]
---------------------------------------
DEBUG    root:machine.py:309 MOD 3
TICK: 29349 PC:   6 ADDR:   0 MEM_OUT: 606 ACC: 606 BUFF: 605 DC: 0 FLAG_ZERO: False FLAG_LT: 1 FLAG_GT: 0
INPUT_PORT:  []
OUT_PORT:  []
DATA_MEM:  [606, 282]
---------------------------------------
DEBUG    root:machine.py:309 CMP 0
TICK: 29353 PC:   7 ADDR:   0 MEM_OUT: 606 ACC: 0 BUFF: 606 DC: 0 FLAG_ZERO: False FLAG_LT: 1 FLAG_GT: 0
INPUT_PORT:  []
OUT_PORT:  []
DATA_MEM:  [606, 282]
---------------------------------------
DEBUG    root:machine.py:309 JE 14
TICK: 29356 PC:   8 ADDR:   0 MEM_OUT: 606 ACC: 0 BUFF: 606 DC: 0 FLAG_ZERO: True FLAG_LT: 0 FLAG_GT: 0
INPUT_PORT:  []
OUT_PORT:  []
DATA_MEM:  [606, 282]
---------------------------------------
DEBUG    root:machine.py:309 LD 4
TICK: 29359 PC:  14 ADDR:   0 MEM_OUT: 606 ACC: 0 BUFF: 606 DC: 0 FLAG_ZERO: True FLAG_LT: 0 FLAG_GT: 0
INPUT_PORT:  []
OUT_PORT:  []
DATA_MEM:  [606, 282]
---------------------------------------
DEBUG    root:machine.py:309 INC 
TICK: 29363 PC:  15 ADDR:   1 MEM_OUT: 282 ACC: 282 BUFF: 606 DC: 0 FLAG_ZERO: True FLAG_LT: 0 FLAG_GT: 0
INPUT_PORT:  []
OUT_PORT:  []
DATA_MEM:  [606, 282]
---------------------------------------
DEBUG    root:machine.py:309 ST 4
TICK: 29366 PC:  16 ADDR:   1 MEM_OUT: 282 ACC: 283 BUFF: 606 DC: 0 FLAG_ZERO: True FLAG_LT: 0 FLAG_GT: 0
INPUT_PORT:  []
OUT_PORT:  []
DATA_MEM:  [606, 282]
---------------------------------------
DEBUG    root:machine.py:309 JMP 0
TICK: 29370 PC:  17 ADDR:   1 MEM_OUT: 283 ACC: 283 BUFF: 606 DC: 0 FLAG_ZERO: True FLAG_LT: 0 FLAG_GT: 0
INPUT_PORT:  []
OUT_PORT:  []
DATA_MEM:  [606, 283]
---------------------------------------
DEBUG    root:machine.py:309 LD 0
TICK: 29373 PC:   0 ADDR:   1 MEM_OUT: 283 ACC: 283 BUFF: 606 DC: 0 FLAG_ZERO: True FLAG_LT: 0 FLAG_GT: 0
INPUT_PORT:  []
OUT_PORT:  []
DATA_MEM:  [606, 283]
---------------------------------------
DEBUG    root:machine.py:309 INC 
TICK: 29377 PC:   1 ADDR:   0 MEM_OUT: 606 ACC: 606 BUFF: 606 DC: 0 FLAG_ZERO: True FLAG_LT: 0 FLAG_GT: 0
INPUT_PORT:  []
OUT_PORT:  []
DATA_MEM:  [606, 283]
---------------------------------------
DEBUG    root:machine.py:309 ST 0
TICK: 29380 PC:   2 ADDR:   0 MEM_OUT: 606 ACC: 607 BUFF: 606 DC: 0 FLAG_ZERO: True FLAG_LT: 0 FLAG_GT: 0
INPUT_PORT:  []
OUT_PORT:  []
DATA_MEM:  [606, 283]
---------------------------------------
DEBUG    root:machine.py:309 CMP 1000
TICK: 29384 PC:   3 ADDR:   0 MEM_OUT: 607 ACC: 607 BUFF: 606 DC: 0 FLAG_ZERO: True FLAG_LT: 0 FLAG_GT: 0
INPUT_PORT:  []
OUT_PORT:  []
DATA_MEM:  [607, 283]
---------------------------------------
DEBUG    root:machine.py:309 JGE 22
TICK: 29387 PC:   4 ADDR:   0 MEM_OUT: 607 ACC: 607 BUFF: 606 DC: 0 FLAG_ZERO: False FLAG_LT: 1 FLAG_GT: 0
INPUT_PORT:  []
OUT_PORT:  []
DATA_MEM:  [607, 283]
---------------------------------------
DEBUG    root:machine.py:309 LD 0
TICK: 29390 PC:   5 ADDR:   0 MEM_OUT: 607 ACC: 607 BUFF: 606 DC: 0 FLAG_ZERO: False FLAG_LT: 1 FLAG_GT: 0
INPUT_PORT:  []
OUT_PORT:  []
DATA_MEM:  [607, 283]
---------------------------------------
DEBUG    root:machine.py:309 MOD 3
TICK: 29394 PC:   6 ADDR:   0 MEM_OUT: 607 ACC: 607 BUFF: 606 DC: 0 FLAG_ZERO: False FLAG_LT: 1 FLAG_GT: 0
INPUT_PORT:  []
OUT_PORT:  []
DATA_MEM:  [607, 283]
---------------------------------------
DEBUG    root:machine.py:309 CMP 0
TICK: 29398 PC:   7 ADDR:   0 MEM_OUT: 607 ACC: 1 BUFF: 607 DC: 0 FLAG_ZERO: False FLAG_LT: 1 FLAG_GT: 0
INPUT_PORT:  []
OUT_PORT:  []
DATA_MEM:  [607, 283]
---------------------------------------
DEBUG    root:machine.py:309 JE 14
TICK: 29401 PC:   8 ADDR:   0 MEM_OUT: 607 ACC: 1 BUFF: 607 DC: 0 FLAG_ZERO: False FLAG_LT: 0 FLAG_GT: 1
INPUT_PORT:  []
OUT_PORT:  []
DATA_MEM:  [607, 283]
---------------------------------------
DEBUG    root:machine.py:309 LD 0
TICK: 29404 PC:   9 ADDR:   0 MEM_OUT: 607 ACC: 1 BUFF: 607 DC: 0 FLAG_ZERO: False FLAG_LT: 0 FLAG_GT: 1
INPUT_PORT:  []
OUT_PORT:  []
DATA_MEM:  [607, 283]
---------------------------------------
DEBUG    root:machine.py:309 MOD 5
TICK: 29408 PC:  10 ADDR:   0 MEM_OUT: 607 ACC: 607 BUFF: 607 DC: 0 FLAG_ZERO: False FLAG_LT: 0 FLAG_GT: 1
INPUT_PORT:  []
OUT_PORT:  []
DATA_MEM:  [607, 283]
---------------------------------------
DEBUG    root:machine.py:309 CMP 0
TICK: 29412 PC:  11 ADDR:   0 MEM_OUT: 607 ACC: 2 BUFF: 607 DC: 0 FLAG_ZERO: False FLAG_LT: 0 FLAG_GT: 1
INPUT_PORT:  []
OUT_PORT:  []
DATA_MEM:  [607, 283]
---------------------------------------
DEBUG    root:machine.py:309 JE 18
TICK: 29415 PC:  12 ADDR:   0 MEM_OUT: 607 ACC: 2 BUFF: 607 DC: 0 FLAG_ZERO: False FLAG_LT: 0 FLAG_GT: 1
INPUT_PORT:  []
OUT_PORT:  []
DATA_MEM:  [607, 283]
---------------------------------------
DEBUG    root:machine.py:309 JMP 0
TICK: 29418 PC:  13 ADDR:   0 MEM_OUT: 607 ACC: 2 BUFF: 607 DC: 0 FLAG_ZERO: False FLAG_LT: 0 FLAG_GT: 1
INPUT_PORT:  []
OUT_PORT:  []
DATA_MEM:  [607, 283]
---------------------------------------
DEBUG    root:machine.py:309 LD 0
TICK: 29421 PC:   0 ADDR:   0 MEM_OUT: 607 ACC: 2 BUFF: 607 DC: 0 FLAG_ZERO: False FLAG_LT: 0 FLAG_GT: 1
INPUT_PORT:  []
OUT_PORT:  []
DATA_MEM:  [607, 283]
---------------------------------------
DEBUG    root:machine.py:309 INC 
TICK: 29425 PC:   1 ADDR:   0 MEM_OUT: 607 ACC: 607 BUFF: 607 DC: 0 FLAG_ZERO: False FLAG_LT: 0 FLAG_GT: 1
INPUT_PORT:  []
OUT_PORT:  []
DATA_MEM:  [607, 283]
---------------------------------------
DEBUG    root:machine.py:309 ST 0
TICK: 29428 PC:   2 ADDR:   0 MEM_OUT: 607 ACC: 608 BUFF: 607 DC: 0 FLAG_ZERO: False FLAG_LT: 0 FLAG_GT: 1
INPUT_PORT:  []
OUT_PORT:  []
DATA_MEM:  [607, 283]
---------------------------------------
DEBUG    root:machine.py:309 CMP 1000
TICK: 29432 PC:   3 ADDR:   0 MEM_OUT: 608 ACC: 608 BUFF: 607 DC: 0 FLAG_ZERO: False FLAG_LT: 0 FLAG_GT: 1
INPUT_PORT:  []
OUT_PORT:  []
DATA_MEM:  [608, 283]
---------------------------------------
DEBUG    root:machine.py:309 JGE 22
TICK: 29435 PC:   4 ADDR:   0 MEM_OUT: 608 ACC: 608 BUFF: 607 DC: 0 FLAG_ZERO: False FLAG_LT: 1 FLAG_GT: 0
INPUT_PORT:  []
OUT_PORT:  []
DATA_MEM:  [608, 283]
---------------------------------------
DEBUG    root:machine.py:309 LD 0
TICK: 29438 PC:   5 ADDR:   0 MEM_OUT: 608 ACC: 608 BUFF: 607 DC: 0 FLAG_ZERO: False FLAG_LT: 1 FLAG_GT: 0
INPUT_PORT:  []
OUT_PORT:  []
DATA_MEM:  [608, 283]
---------------------------------------
DEBUG    root:machine.py:309 MOD 3
TICK: 29442 PC:   6 ADDR:   0 MEM_OUT: 608 ACC: 608 BUFF: 607 DC: 0 FLAG_ZERO: False FLAG_LT: 1 FLAG_GT: 0
INPUT_PORT:  []
OUT_PORT:  []
DATA_MEM:  [608, 283]
---------------------------------------
DEBUG    root:machine.py:309 CMP 0
TICK: 29446 PC:   7 ADDR:   0 MEM_OUT: 608 ACC: 2 BUFF: 608 DC: 0 FLAG_ZERO: False FLAG_LT: 1 FLAG_GT: 0
INPUT_PORT:  []
OUT_PORT:  []
DATA_MEM:  [608, 283]
---------------------------------------
DEBUG    root:machine.py:309 JE 14
TICK: 29449 PC:   8 ADDR:   0 MEM_OUT: 608 ACC: 2 BUFF: 608 DC: 0 FLAG_ZERO: False FLAG_LT: 0 FLAG_GT: 1
INPUT_PORT:  []
OUT_PORT:  []
DATA_MEM:  [608, 283]
---------------------------------------
DEBUG    root:machine.py:309 LD 0
TICK: 29452 PC:   9 ADDR:   0 MEM_OUT: 608 ACC: 2 BUFF: 608 DC: 0 FLAG_ZERO: False FLAG_LT: 0 FLAG_GT: 1
INPUT_PORT:  []
OUT_PORT:  []
DATA_MEM:  [608, 283]
---------------------------------------
DEBUG    root:machine.py:309 MOD 5
TICK: 29456 PC:  10 ADDR:   0 MEM_OUT: 608 ACC: 608 BUFF: 608 DC: 0 FLAG_ZERO: False FLAG_LT: 0 FLAG_GT: 1
INPUT_PORT:  []
OUT_PORT:  []
DATA_MEM:  [608, 283]
---------------------------------------
DEBUG    root:machine.py:309 CMP 0
TICK: 29460 PC:  11 ADDR:   0 MEM_OUT: 608 ACC: 3 BUFF: 608 DC: 0 FLAG_ZERO: False FLAG_LT: 0 FLAG_GT: 1
INPUT_PORT:  []
OUT_PORT:  []
DATA_MEM:  [608, 283]
---------------------------------------
DEBUG    root:machine.py:309 JE 18
TICK: 29463 PC:  12 ADDR:   0 MEM_OUT: 608 ACC: 3 BUFF: 608 DC: 0 FLAG_ZERO: False FLAG_LT: 0 FLAG_GT: 1
INPUT_PORT:  []
OUT_PORT:  []
DATA_MEM:  [608, 283]
---------------------------------------
DEBUG    root:machine.py:309 JMP 0
TICK: 29466 PC:  13 ADDR:   0 MEM_OUT: 608 ACC: 3 BUFF: 608 DC: 0 FLAG_ZERO: False FLAG_LT: 0 FLAG_GT: 1
INPUT_PORT:  []
OUT_PORT:  []
DATA_MEM:  [608, 283]
---------------------------------------
DEBUG    root:machine.py:309 LD 0
TICK: 29469 PC:   0 ADDR:   0 MEM_OUT: 608 ACC: 3 BUFF: 608 DC: 0 FLAG_ZERO: False FLAG_LT: 0 FLAG_GT: 1
INPUT_PORT:  []
OUT_PORT:  []
DATA_MEM:  [608, 283]
---------------------------------------
DEBUG    root:machine.py:309 INC 
TICK: 29473 PC:   1 ADDR:   0 MEM_OUT: 608 ACC: 608 BUFF: 608 DC: 0 FLAG_ZERO: False FLAG_LT: 0 FLAG_GT: 1
INPUT_PORT:  []
OUT_PORT:  []
DATA_MEM:  [608, 283]
---------------------------------------
DEBUG    root:machine.py:309 ST 0
TICK: 29476 PC:   2 ADDR:   0 MEM_OUT: 608 ACC: 609 BUFF: 608 DC: 0 FLAG_ZERO: False FLAG_LT: 0 FLAG_GT: 1
INPUT_PORT:  []
OUT_PORT:  []
DATA_MEM:  [608, 283]
---------------------------------------
DEBUG    root:machine.py:309 CMP 1000
TICK: 29480 PC:   3 ADDR:   0 MEM_OUT: 609 ACC: 609 BUFF: 608 DC: 0 FLAG_ZERO: False FLAG_LT: 0 FLAG_GT: 1
INPUT_PORT:  []
OUT_PORT:  []
DATA_MEM:  [609, 283]
---------------------------------------
DEBUG    root:machine.py:309 JGE 22
TICK: 29483 PC:   4 ADDR:   0 MEM_OUT: 609 ACC: 609 BUFF: 608 DC: 0 FLAG_ZERO: False FLAG_LT: 1 FLAG_GT: 0
INPUT_PORT:  []
OUT_PORT:  []
DATA_MEM:  [609, 283]
---------------------------------------
DEBUG    root:machine.py:309 LD 0
TICK: 29486 PC:   5 ADDR:   0 MEM_OUT: 609 ACC: 609 BUFF: 608 DC: 0 FLAG_ZERO: False FLAG_LT: 1 FLAG_GT: 0
INPUT_PORT:  []
OUT_PORT:  []
DATA_MEM:  [609, 283]
---------------------------------------
DEBUG    root:machine.py:309 MOD 3
TICK: 29490 PC:   6 ADDR:   0 MEM_OUT: 609 ACC: 609 BUFF: 608 DC: 0 FLAG_ZERO: False FLAG_LT: 1 FLAG_GT: 0
INPUT_PORT:  []
OUT_PORT:  []
DATA_MEM:  [609, 283]
---------------------------------------
DEBUG    root:machine.py:309 CMP 0
TICK: 29494 PC:   7 ADDR:   0 MEM_OUT: 609 ACC: 0 BUFF: 609 DC: 0 FLAG_ZERO: False FLAG_LT: 1 FLAG_GT: 0
INPUT_PORT:  []
OUT_PORT:  []
DATA_MEM:  [609, 283]
---------------------------------------
DEBUG    root:machine.py:309 JE 14
TICK: 29497 PC:   8 ADDR:   0 MEM_OUT: 609 ACC: 0 BUFF: 609 DC: 0 FLAG_ZERO: True FLAG_LT: 0 FLAG_GT: 0
INPUT_PORT:  []
OUT_PORT:  []
DATA_MEM:  [609, 283]
---------------------------------------
DEBUG    root:machine.py:309 LD 4
TICK: 29500 PC:  14 ADDR:   0 MEM_OUT: 609 ACC: 0 BUFF: 609 DC: 0 FLAG_ZERO: True FLAG_LT: 0 FLAG_GT: 0
INPUT_PORT:  []
OUT_PORT:  []
DATA_MEM:  [609, 283]
---------------------------------------
DEBUG    root:machine.py:309 INC 
TICK: 29504 PC:  15 ADDR:   1 MEM_OUT: 283 ACC: 283 BUFF: 609 DC: 0 FLAG_ZERO: True FLAG_LT: 0 FLAG_GT: 0
INPUT_PORT:  []
OUT_PORT:  []
DATA_MEM:  [609, 283]
---------------------------------------
DEBUG    root:machine.py:309 ST 4
TICK: 29507 PC:  16 ADDR:   1 MEM_OUT: 283 ACC: 284 BUFF: 609 DC: 0 FLAG_ZERO: True FLAG_LT: 0 FLAG_GT: 0
INPUT_PORT:  []
OUT_PORT:  []
DATA_MEM:  [609, 283]
---------------------------------------
DEBUG    root:machine.py:309 JMP 0
TICK: 29511 PC:  17 ADDR:   1 MEM_OUT: 284 ACC: 284 BUFF: 609 DC: 0 FLAG_ZERO: True FLAG_LT: 0 FLAG_GT: 0
INPUT_PORT:  []
OUT_PORT:  []
DATA_MEM:  [609, 284]
---------------------------------------
DEBUG    root:machine.py:309 LD 0
TICK: 29514 PC:   0 ADDR:   1 MEM_OUT: 284 ACC: 284 BUFF: 609 DC: 0 FLAG_ZERO: True FLAG_LT: 0 FLAG_GT: 0
INPUT_PORT:  []
OUT_PORT:  []
DATA_MEM:  [609, 284]
---------------------------------------
DEBUG    root:machine.py:309 INC 
TICK: 29518 PC:   1 ADDR:   0 MEM_OUT: 609 ACC: 609 BUFF: 609 DC: 0 FLAG_ZERO: True FLAG_LT: 0 FLAG_GT: 0
INPUT_PORT:  []
OUT_PORT:  []
DATA_MEM:  [609, 284]
---------------------------------------
DEBUG    root:machine.py:309 ST 0
TICK: 29521 PC:   2 ADDR:   0 MEM_OUT: 609 ACC: 610 BUFF: 609 DC: 0 FLAG_ZERO: True FLAG_LT: 0 FLAG_GT: 0
INPUT_PORT:  []
OUT_PORT:  []
DATA_MEM:  [609, 284]
---------------------------------------
DEBUG    root:machine.py:309 CMP 1000
TICK: 29525 PC:   3 ADDR:   0 MEM_OUT: 610 ACC: 610 BUFF: 609 DC: 0 FLAG_ZERO: True FLAG_LT: 0 FLAG_GT: 0
INPUT_PORT:  []
OUT_PORT:  []
DATA_MEM:  [610, 284]
---------------------------------------
DEBUG    root:machine.py:309 JGE 22
TICK: 29528 PC:   4 ADDR:   0 MEM_OUT: 610 ACC: 610 BUFF: 609 DC: 0 FLAG_ZERO: False FLAG_LT: 1 FLAG_GT: 0
INPUT_PORT:  []
OUT_PORT:  []
DATA_MEM:  [610, 284]
---------------------------------------
DEBUG    root:machine.py:309 LD 0
TICK: 29531 PC:   5 ADDR:   0 MEM_OUT: 610 ACC: 610 BUFF: 609 DC: 0 FLAG_ZERO: False FLAG_LT: 1 FLAG_GT: 0
INPUT_PORT:  []
OUT_PORT:  []
DATA_MEM:  [610, 284]
---------------------------------------
DEBUG    root:machine.py:309 MOD 3
TICK: 29535 PC:   6 ADDR:   0 MEM_OUT: 610 ACC: 610 BUFF: 609 DC: 0 FLAG_ZERO: False FLAG_LT: 1 FLAG_GT: 0
INPUT_PORT:  []
OUT_PORT:  []
DATA_MEM:  [610, 284]
---------------------------------------
DEBUG    root:machine.py:309 CMP 0
TICK: 29539 PC:   7 ADDR:   0 MEM_OUT: 610 ACC: 1 BUFF: 610 DC: 0 FLAG_ZERO: False FLAG_LT: 1 FLAG_GT: 0
INPUT_PORT:  []
OUT_PORT:  []
DATA_MEM:  [610, 284]
---------------------------------------
DEBUG    root:machine.py:309 JE 14
TICK: 29542 PC:   8 ADDR:   0 MEM_OUT: 610 ACC: 1 BUFF: 610 DC: 0 FLAG_ZERO: False FLAG_LT: 0 FLAG_GT: 1
INPUT_PORT:  []
OUT_PORT:  []
DATA_MEM:  [610, 284]
---------------------------------------
DEBUG    root:machine.py:309 LD 0
TICK: 29545 PC:   9 ADDR:   0 MEM_OUT: 610 ACC: 1 BUFF: 610 DC: 0 FLAG_ZERO: False FLAG_LT: 0 FLAG_GT: 1
INPUT_PORT:  []
OUT_PORT:  []
DATA_MEM:  [610, 284]
---------------------------------------
DEBUG    root:machine.py:309 MOD 5
TICK: 29549 PC:  10 ADDR:   0 MEM_OUT: 610 ACC: 610 BUFF: 610 DC: 0 FLAG_ZERO: False FLAG_LT: 0 FLAG_GT: 1
INPUT_PORT:  []
OUT_PORT:  []
DATA_MEM:  [610, 284]
---------------------------------------
DEBUG    root:machine.py:309 CMP 0
TICK: 29553 PC:  11 ADDR:   0 MEM_OUT: 610 ACC: 0 BUFF: 610 DC: 0 FLAG_ZERO: False FLAG_LT: 0 FLAG_GT: 1
INPUT_PORT:  []
OUT_PORT:  []
DATA_MEM:  [610, 284]
---------------------------------------
DEBUG    root:machine.py:309 JE 18
TICK: 29556 PC:  12 ADDR:   0 MEM_OUT: 610 ACC: 0 BUFF: 610 DC: 0 FLAG_ZERO: True FLAG_LT: 0 FLAG_GT: 0
INPUT_PORT:  []
OUT_PORT:  []
DATA_MEM:  [610, 284]
---------------------------------------
DEBUG    root:machine.py:309 LD 4
TICK: 29559 PC:  18 ADDR:   0 MEM_OUT: 610 ACC: 0 BUFF: 610 DC: 0 FLAG_ZERO: True FLAG_LT: 0 FLAG_GT: 0
INPUT_PORT:  []
OUT_PORT:  []
DATA_MEM:  [610, 284]
---------------------------------------
DEBUG    root:machine.py:309 INC 
TICK: 29563 PC:  19 ADDR:   1 MEM_OUT: 284 ACC: 284 BUFF: 610 DC: 0 FLAG_ZERO: True FLAG_LT: 0 FLAG_GT: 0
INPUT_PORT:  []
OUT_PORT:  []
DATA_MEM:  [610, 284]
---------------------------------------
DEBUG    root:machine.py:309 ST 4
TICK: 29566 PC:  20 ADDR:   1 MEM_OUT: 284 ACC: 285 BUFF: 610 DC: 0 FLAG_ZERO: True FLAG_LT: 0 FLAG_GT: 0
INPUT_PORT:  []
OUT_PORT:  []
DATA_MEM:  [610, 284]
---------------------------------------
DEBUG    root:machine.py:309 JMP 0
TICK: 29570 PC:  21 ADDR:   1 MEM_OUT: 285 ACC: 285 BUFF: 610 DC: 0 FLAG_ZERO: True FLAG_LT: 0 FLAG_GT: 0
INPUT_PORT:  []
OUT_PORT:  []
DATA_MEM:  [610, 285]
---------------------------------------
DEBUG    root:machine.py:309 LD 0
TICK: 29573 PC:   0 ADDR:   1 MEM_OUT: 285 ACC: 285 BUFF: 610 DC: 0 FLAG_ZERO: True FLAG_LT: 0 FLAG_GT: 0
INPUT_PORT:  []
OUT_PORT:  []
DATA_MEM:  [610, 285]
---------------------------------------
DEBUG    root:machine.py:309 INC 
TICK: 29577 PC:   1 ADDR:   0 MEM_OUT: 610 ACC: 610 BUFF: 610 DC: 0 FLAG_ZERO: True FLAG_LT: 0 FLAG_GT: 0
INPUT_PORT:  []
OUT_PORT:  []
DATA_MEM:  [610, 285]
---------------------------------------
DEBUG    root:machine.py:309 ST 0
TICK: 29580 PC:   2 ADDR:   0 MEM_OUT: 610 ACC: 611 BUFF: 610 DC: 0 FLAG_ZERO: True FLAG_LT: 0 FLAG_GT: 0
INPUT_PORT:  []
OUT_PORT:  []
DATA_MEM:  [610, 285]
---------------------------------------
DEBUG    root:machine.py:309 CMP 1000
TICK: 29584 PC:   3 ADDR:   0 MEM_OUT: 611 ACC: 611 BUFF: 610 DC: 0 FLAG_ZERO: True FLAG_LT: 0 FLAG_GT: 0
INPUT_PORT:  []
OUT_PORT:  []
DATA_MEM:  [611, 285]
---------------------------------------
DEBUG    root:machine.py:309 JGE 22
TICK: 29587 PC:   4 ADDR:   0 MEM_OUT: 611 ACC: 611 BUFF: 610 DC: 0 FLAG_ZERO: False FLAG_LT: 1 FLAG_GT: 0
INPUT_PORT:  []
OUT_PORT:  []
DATA_MEM:  [611, 285]
---------------------------------------
DEBUG    root:machine.py:309 LD 0
TICK: 29590 PC:   5 ADDR:   0 MEM_OUT: 611 ACC: 611 BUFF: 610 DC: 0 FLAG_ZERO: False FLAG_LT: 1 FLAG_GT: 0
INPUT_PORT:  []
OUT_PORT:  []
DATA_MEM:  [611, 285]
---------------------------------------
DEBUG    root:machine.py:309 MOD 3
TICK: 29594 PC:   6 ADDR:   0 MEM_OUT: 611 ACC: 611 BUFF: 610 DC: 0 FLAG_ZERO: False FLAG_LT: 1 FLAG_GT: 0
INPUT_PORT:  []
OUT_PORT:  []
DATA_MEM:  [611, 285]
---------------------------------------
DEBUG    root:machine.py:309 CMP 0
TICK: 29598 PC:   7 ADDR:   0 MEM_OUT: 611 ACC: 2 BUFF: 611 DC: 0 FLAG_ZERO: False FLAG_LT: 1 FLAG_GT: 0
INPUT_PORT:  []
OUT_PORT:  []
DATA_MEM:  [611, 285]
---------------------------------------
DEBUG    root:machine.py:309 JE 14
TICK: 29601 PC:   8 ADDR:   0 MEM_OUT: 611 ACC: 2 BUFF: 611 DC: 0 FLAG_ZERO: False FLAG_LT: 0 FLAG_GT: 1
INPUT_PORT:  []
OUT_PORT:  []
DATA_MEM:  [611, 285]
---------------------------------------
DEBUG    root:machine.py:309 LD 0
TICK: 29604 PC:   9 ADDR:   0 MEM_OUT: 611 ACC: 2 BUFF: 611 DC: 0 FLAG_ZERO: False FLAG_LT: 0 FLAG_GT: 1
INPUT_PORT:  []
OUT_PORT:  []
DATA_MEM:  [611, 285]
---------------------------------------
DEBUG    root:machine.py:309 MOD 5
TICK: 29608 PC:  10 ADDR:   0 MEM_OUT: 611 ACC: 611 BUFF: 611 DC: 0 FLAG_ZERO: False FLAG_LT: 0 FLAG_GT: 1
INPUT_PORT:  []
OUT_PORT:  []
DATA_MEM:  [611, 285]
---------------------------------------
DEBUG    root:machine.py:309 CMP 0
TICK: 29612 PC:  11 ADDR:   0 MEM_OUT: 611 ACC: 1 BUFF: 611 DC: 0 FLAG_ZERO: False FLAG_LT: 0 FLAG_GT: 1
INPUT_PORT:  []
OUT_PORT:  []
DATA_MEM:  [611, 285]
---------------------------------------
DEBUG    root:machine.py:309 JE 18
TICK: 29615 PC:  12 ADDR:   0 MEM_OUT: 611 ACC: 1 BUFF: 611 DC: 0 FLAG_ZERO: False FLAG_LT: 0 FLAG_GT: 1
INPUT_PORT:  []
OUT_PORT:  []
DATA_MEM:  [611, 285]
---------------------------------------
DEBUG    root:machine.py:309 JMP 0
TICK: 29618 PC:  13 ADDR:   0 MEM_OUT: 611 ACC: 1 BUFF: 611 DC: 0 FLAG_ZERO: False FLAG_LT: 0 FLAG_GT: 1
INPUT_PORT:  []
OUT_PORT:  []
DATA_MEM:  [611, 285]
---------------------------------------
DEBUG    root:machine.py:309 LD 0
TICK: 29621 PC:   0 ADDR:   0 MEM_OUT: 611 ACC: 1 BUFF: 611 DC: 0 FLAG_ZERO: False FLAG_LT: 0 FLAG_GT: 1
INPUT_PORT:  []
OUT_PORT:  []
DATA_MEM:  [611, 285]
---------------------------------------
DEBUG    root:machine.py:309 INC 
TICK: 29625 PC:   1 ADDR:   0 MEM_OUT: 611 ACC: 611 BUFF: 611 DC: 0 FLAG_ZERO: False FLAG_LT: 0 FLAG_GT: 1
INPUT_PORT:  []
OUT_PORT:  []
DATA_MEM:  [611, 285]
---------------------------------------
DEBUG    root:machine.py:309 ST 0
TICK: 29628 PC:   2 ADDR:   0 MEM_OUT: 611 ACC: 612 BUFF: 611 DC: 0 FLAG_ZERO: False FLAG_LT: 0 FLAG_GT: 1
INPUT_PORT:  []
OUT_PORT:  []
DATA_MEM:  [611, 285]
---------------------------------------
DEBUG    root:machine.py:309 CMP 1000
TICK: 29632 PC:   3 ADDR:   0 MEM_OUT: 612 ACC: 612 BUFF: 611 DC: 0 FLAG_ZERO: False FLAG_LT: 0 FLAG_GT: 1
INPUT_PORT:  []
OUT_PORT:  []
DATA_MEM:  [612, 285]
---------------------------------------
DEBUG    root:machine.py:309 JGE 22
TICK: 29635 PC:   4 ADDR:   0 MEM_OUT: 612 ACC: 612 BUFF: 611 DC: 0 FLAG_ZERO: False FLAG_LT: 1 FLAG_GT: 0
INPUT_PORT:  []
OUT_PORT:  []
DATA_MEM:  [612, 285]
---------------------------------------
DEBUG    root:machine.py:309 LD 0
TICK: 29638 PC:   5 ADDR:   0 MEM_OUT: 612 ACC: 612 BUFF: 611 DC: 0 FLAG_ZERO: False FLAG_LT: 1 FLAG_GT: 0
INPUT_PORT:  []
OUT_PORT:  []
DATA_MEM:  [612, 285]
---------------------------------------
DEBUG    root:machine.py:309 MOD 3
TICK: 29642 PC:   6 ADDR:   0 MEM_OUT: 612 ACC: 612 BUFF: 611 DC: 0 FLAG_ZERO: False FLAG_LT: 1 FLAG_GT: 0
INPUT_PORT:  []
OUT_PORT:  []
DATA_MEM:  [612, 285]
---------------------------------------
DEBUG    root:machine.py:309 CMP 0
TICK: 29646 PC:   7 ADDR:   0 MEM_OUT: 612 ACC: 0 BUFF: 612 DC: 0 FLAG_ZERO: False FLAG_LT: 1 FLAG_GT: 0
INPUT_PORT:  []
OUT_PORT:  []
DATA_MEM:  [612, 285]
---------------------------------------
DEBUG    root:machine.py:309 JE 14
TICK: 29649 PC:   8 ADDR:   0 MEM_OUT: 612 ACC: 0 BUFF: 612 DC: 0 FLAG_ZERO: True FLAG_LT: 0 FLAG_GT: 0
INPUT_PORT:  []
OUT_PORT:  []
DATA_MEM:  [612, 285]
---------------------------------------
DEBUG    root:machine.py:309 LD 4
TICK: 29652 PC:  14 ADDR:   0 MEM_OUT: 612 ACC: 0 BUFF: 612 DC: 0 FLAG_ZERO: True FLAG_LT: 0 FLAG_GT: 0
INPUT_PORT:  []
OUT_PORT:  []
DATA_MEM:  [612, 285]
---------------------------------------
DEBUG    root:machine.py:309 INC 
TICK: 29656 PC:  15 ADDR:   1 MEM_OUT: 285 ACC: 285 BUFF: 612 DC: 0 FLAG_ZERO: True FLAG_LT: 0 FLAG_GT: 0
INPUT_PORT:  []
OUT_PORT:  []
DATA_MEM:  [612, 285]
---------------------------------------
DEBUG    root:machine.py:309 ST 4
TICK: 29659 PC:  16 ADDR:   1 MEM_OUT: 285 ACC: 286 BUFF: 612 DC: 0 FLAG_ZERO: True FLAG_LT: 0 FLAG_GT: 0
INPUT_PORT:  []
OUT_PORT:  []
DATA_MEM:  [612, 285]
---------------------------------------
DEBUG    root:machine.py:309 JMP 0
TICK: 29663 PC:  17 ADDR:   1 MEM_OUT: 286 ACC: 286 BUFF: 612 DC: 0 FLAG_ZERO: True FLAG_LT: 0 FLAG_GT: 0
INPUT_PORT:  []
OUT_PORT:  []
DATA_MEM:  [612, 286]
---------------------------------------
DEBUG    root:machine.py:309 LD 0
TICK: 29666 PC:   0 ADDR:   1 MEM_OUT: 286 ACC: 286 BUFF: 612 DC: 0 FLAG_ZERO: True FLAG_LT: 0 FLAG_GT: 0
INPUT_PORT:  []
OUT_PORT:  []
DATA_MEM:  [612, 286]
---------------------------------------
DEBUG    root:machine.py:309 INC 
TICK: 29670 PC:   1 ADDR:   0 MEM_OUT: 612 ACC: 612 BUFF: 612 DC: 0 FLAG_ZERO: True FLAG_LT: 0 FLAG_GT: 0
INPUT_PORT:  []
OUT_PORT:  []
DATA_MEM:  [612, 286]
---------------------------------------
DEBUG    root:machine.py:309 ST 0
TICK: 29673 PC:   2 ADDR:   0 MEM_OUT: 612 ACC: 613 BUFF: 612 DC: 0 FLAG_ZERO: True FLAG_LT: 0 FLAG_GT: 0
INPUT_PORT:  []
OUT_PORT:  []
DATA_MEM:  [612, 286]
---------------------------------------
DEBUG    root:machine.py:309 CMP 1000
TICK: 29677 PC:   3 ADDR:   0 MEM_OUT: 613 ACC: 613 BUFF: 612 DC: 0 FLAG_ZERO: True FLAG_LT: 0 FLAG_GT: 0
INPUT_PORT:  []
OUT_PORT:  []
DATA_MEM:  [613, 286]
---------------------------------------
DEBUG    root:machine.py:309 JGE 22
TICK: 29680 PC:   4 ADDR:   0 MEM_OUT: 613 ACC: 613 BUFF: 612 DC: 0 FLAG_ZERO: False FLAG_LT: 1 FLAG_GT: 0
INPUT_PORT:  []
OUT_PORT:  []
DATA_MEM:  [613, 286]
---------------------------------------
DEBUG    root:machine.py:309 LD 0
TICK: 29683 PC:   5 ADDR:   0 MEM_OUT: 613 ACC: 613 BUFF: 612 DC: 0 FLAG_ZERO: False FLAG_LT: 1 FLAG_GT: 0
INPUT_PORT:  []
OUT_PORT:  []
DATA_MEM:  [613, 286]
---------------------------------------
DEBUG    root:machine.py:309 MOD 3
TICK: 29687 PC:   6 ADDR:   0 MEM_OUT: 613 ACC: 613 BUFF: 612 DC: 0 FLAG_ZERO: False FLAG_LT: 1 FLAG_GT: 0
INPUT_PORT:  []
OUT_PORT:  []
DATA_MEM:  [613, 286]
---------------------------------------
DEBUG    root:machine.py:309 CMP 0
TICK: 29691 PC:   7 ADDR:   0 MEM_OUT: 613 ACC: 1 BUFF: 613 DC: 0 FLAG_ZERO: False FLAG_LT: 1 FLAG_GT: 0
INPUT_PORT:  []
OUT_PORT:  []
DATA_MEM:  [613, 286]
---------------------------------------
DEBUG    root:machine.py:309 JE 14
TICK: 29694 PC:   8 ADDR:   0 MEM_OUT: 613 ACC: 1 BUFF: 613 DC: 0 FLAG_ZERO: False FLAG_LT: 0 FLAG_GT: 1
INPUT_PORT:  []
OUT_PORT:  []
DATA_MEM:  [613, 286]
---------------------------------------
DEBUG    root:machine.py:309 LD 0
TICK: 29697 PC:   9 ADDR:   0 MEM_OUT: 613 ACC: 1 BUFF: 613 DC: 0 FLAG_ZERO: False FLAG_LT: 0 FLAG_GT: 1
INPUT_PORT:  []
OUT_PORT:  []
DATA_MEM:  [613, 286]
---------------------------------------
DEBUG    root:machine.py:309 MOD 5
TICK: 29701 PC:  10 ADDR:   0 MEM_OUT: 613 ACC: 613 BUFF: 613 DC: 0 FLAG_ZERO: False FLAG_LT: 0 FLAG_GT: 1
INPUT_PORT:  []
OUT_PORT:  []
DATA_MEM:  [613, 286]
---------------------------------------
DEBUG    root:machine.py:309 CMP 0
TICK: 29705 PC:  11 ADDR:   0 MEM_OUT: 613 ACC: 3 BUFF: 613 DC: 0 FLAG_ZERO: False FLAG_LT: 0 FLAG_GT: 1
INPUT_PORT:  []
OUT_PORT:  []
DATA_MEM:  [613, 286]
---------------------------------------
DEBUG    root:machine.py:309 JE 18
TICK: 29708 PC:  12 ADDR:   0 MEM_OUT: 613 ACC: 3 BUFF: 613 DC: 0 FLAG_ZERO: False FLAG_LT: 0 FLAG_GT: 1
INPUT_PORT:  []
OUT_PORT:  []
DATA_MEM:  [613, 286]
---------------------------------------
DEBUG    root:machine.py:309 JMP 0
TICK: 29711 PC:  13 ADDR:   0 MEM_OUT: 613 ACC: 3 BUFF: 613 DC: 0 FLAG_ZERO: False FLAG_LT: 0 FLAG_GT: 1
INPUT_PORT:  []
OUT_PORT:  []
DATA_MEM:  [613, 286]
---------------------------------------
DEBUG    root:machine.py:309 LD 0
TICK: 29714 PC:   0 ADDR:   0 MEM_OUT: 613 ACC: 3 BUFF: 613 DC: 0 FLAG_ZERO: False FLAG_LT: 0 FLAG_GT: 1
INPUT_PORT:  []
OUT_PORT:  []
DATA_MEM:  [613, 286]
---------------------------------------
DEBUG    root:machine.py:309 INC 
TICK: 29718 PC:   1 ADDR:   0 MEM_OUT: 613 ACC: 613 BUFF: 613 DC: 0 FLAG_ZERO: False FLAG_LT: 0 FLAG_GT: 1
INPUT_PORT:  []
OUT_PORT:  []
DATA_MEM:  [613, 286]
---------------------------------------
DEBUG    root:machine.py:309 ST 0
TICK: 29721 PC:   2 ADDR:   0 MEM_OUT: 613 ACC: 614 BUFF: 613 DC: 0 FLAG_ZERO: False FLAG_LT: 0 FLAG_GT: 1
INPUT_PORT:  []
OUT_PORT:  []
DATA_MEM:  [613, 286]
---------------------------------------
DEBUG    root:machine.py:309 CMP 1000
TICK: 29725 PC:   3 ADDR:   0 MEM_OUT: 614 ACC: 614 BUFF: 613 DC: 0 FLAG_ZERO: False FLAG_LT: 0 FLAG_GT: 1
INPUT_PORT:  []
OUT_PORT:  []
DATA_MEM:  [614, 286]
---------------------------------------
DEBUG    root:machine.py:309 JGE 22
TICK: 29728 PC:   4 ADDR:   0 MEM_OUT: 614 ACC: 614 BUFF: 613 DC: 0 FLAG_ZERO: False FLAG_LT: 1 FLAG_GT: 0
INPUT_PORT:  []
OUT_PORT:  []
DATA_MEM:  [614, 286]
---------------------------------------
DEBUG    root:machine.py:309 LD 0
TICK: 29731 PC:   5 ADDR:   0 MEM_OUT: 614 ACC: 614 BUFF: 613 DC: 0 FLAG_ZERO: False FLAG_LT: 1 FLAG_GT: 0
INPUT_PORT:  []
OUT_PORT:  []
DATA_MEM:  [614, 286]
---------------------------------------
DEBUG    root:machine.py:309 MOD 3
TICK: 29735 PC:   6 ADDR:   0 MEM_OUT: 614 ACC: 614 BUFF: 613 DC: 0 FLAG_ZERO: False FLAG_LT: 1 FLAG_GT: 0
INPUT_PORT:  []
OUT_PORT:  []
DATA_MEM:  [614, 286]
---------------------------------------
DEBUG    root:machine.py:309 CMP 0
TICK: 29739 PC:   7 ADDR:   0 MEM_OUT: 614 ACC: 2 BUFF: 614 DC: 0 FLAG_ZERO: False FLAG_LT: 1 FLAG_GT: 0
INPUT_PORT:  []
OUT_PORT:  []
DATA_MEM:  [614, 286]
---------------------------------------
DEBUG    root:machine.py:309 JE 14
TICK: 29742 PC:   8 ADDR:   0 MEM_OUT: 614 ACC: 2 BUFF: 614 DC: 0 FLAG_ZERO: False FLAG_LT: 0 FLAG_GT: 1
INPUT_PORT:  []
OUT_PORT:  []
DATA_MEM:  [614, 286]
---------------------------------------
DEBUG    root:machine.py:309 LD 0
TICK: 29745 PC:   9 ADDR:   0 MEM_OUT: 614 ACC: 2 BUFF: 614 DC: 0 FLAG_ZERO: False FLAG_LT: 0 FLAG_GT: 1
INPUT_PORT:  []
OUT_PORT:  []
DATA_MEM:  [614, 286]
---------------------------------------
DEBUG    root:machine.py:309 MOD 5
TICK: 29749 PC:  10 ADDR:   0 MEM_OUT: 614 ACC: 614 BUFF: 614 DC: 0 FLAG_ZERO: False FLAG_LT: 0 FLAG_GT: 1
INPUT_PORT:  []
OUT_PORT:  []
DATA_MEM:  [614, 286]
---------------------------------------
DEBUG    root:machine.py:309 CMP 0
TICK: 29753 PC:  11 ADDR:   0 MEM_OUT: 614 ACC: 4 BUFF: 614 DC: 0 FLAG_ZERO: False FLAG_LT: 0 FLAG_GT: 1
INPUT_PORT:  []
OUT_PORT:  []
DATA_MEM:  [614, 286]
---------------------------------------
DEBUG    root:machine.py:309 JE 18
TICK: 29756 PC:  12 ADDR:   0 MEM_OUT: 614 ACC: 4 BUFF: 614 DC: 0 FLAG_ZERO: False FLAG_LT: 0 FLAG_GT: 1
INPUT_PORT:  []
OUT_PORT:  []
DATA_MEM:  [614, 286]
---------------------------------------
DEBUG    root:machine.py:309 JMP 0
TICK: 29759 PC:  13 ADDR:   0 MEM_OUT: 614 ACC: 4 BUFF: 614 DC: 0 FLAG_ZERO: False FLAG_LT: 0 FLAG_GT: 1
INPUT_PORT:  []
OUT_PORT:  []
DATA_MEM:  [614, 286]
---------------------------------------
DEBUG    root:machine.py:309 LD 0
TICK: 29762 PC:   0 ADDR:   0 MEM_OUT: 614 ACC: 4 BUFF: 614 DC: 0 FLAG_ZERO: False FLAG_LT: 0 FLAG_GT: 1
INPUT_PORT:  []
OUT_PORT:  []
DATA_MEM:  [614, 286]
---------------------------------------
DEBUG    root:machine.py:309 INC 
TICK: 29766 PC:   1 ADDR:   0 MEM_OUT: 614 ACC: 614 BUFF: 614 DC: 0 FLAG_ZERO: False FLAG_LT: 0 FLAG_GT: 1
INPUT_PORT:  []
OUT_PORT:  []
DATA_MEM:  [614, 286]
---------------------------------------
DEBUG    root:machine.py:309 ST 0
TICK: 29769 PC:   2 ADDR:   0 MEM_OUT: 614 ACC: 615 BUFF: 614 DC: 0 FLAG_ZERO: False FLAG_LT: 0 FLAG_GT: 1
INPUT_PORT:  []
OUT_PORT:  []
DATA_MEM:  [614, 286]
---------------------------------------
DEBUG    root:machine.py:309 CMP 1000
TICK: 29773 PC:   3 ADDR:   0 MEM_OUT: 615 ACC: 615 BUFF: 614 DC: 0 FLAG_ZERO: False FLAG_LT: 0 FLAG_GT: 1
INPUT_PORT:  []
OUT_PORT:  []
DATA_MEM:  [615, 286]
---------------------------------------
DEBUG    root:machine.py:309 JGE 22
TICK: 29776 PC:   4 ADDR:   0 MEM_OUT: 615 ACC: 615 BUFF: 614 DC: 0 FLAG_ZERO: False FLAG_LT: 1 FLAG_GT: 0
INPUT_PORT:  []
OUT_PORT:  []
DATA_MEM:  [615, 286]
---------------------------------------
DEBUG    root:machine.py:309 LD 0
TICK: 29779 PC:   5 ADDR:   0 MEM_OUT: 615 ACC: 615 BUFF: 614 DC: 0 FLAG_ZERO: False FLAG_LT: 1 FLAG_GT: 0
INPUT_PORT:  []
OUT_PORT:  []
DATA_MEM:  [615, 286]
---------------------------------------
DEBUG    root:machine.py:309 MOD 3
TICK: 29783 PC:   6 ADDR:   0 MEM_OUT: 615 ACC: 615 BUFF: 614 DC: 0 FLAG_ZERO: False FLAG_LT: 1 FLAG_GT: 0
INPUT_PORT:  []
OUT_PORT:  []
DATA_MEM:  [615, 286]
---------------------------------------
DEBUG    root:machine.py:309 CMP 0
TICK: 29787 PC:   7 ADDR:   0 MEM_OUT: 615 ACC: 0 BUFF: 615 DC: 0 FLAG_ZERO: False FLAG_LT: 1 FLAG_GT: 0
INPUT_PORT:  []
OUT_PORT:  []
DATA_MEM:  [615, 286]
---------------------------------------
DEBUG    root:machine.py:309 JE 14
TICK: 29790 PC:   8 ADDR:   0 MEM_OUT: 615 ACC: 0 BUFF: 615 DC: 0 FLAG_ZERO: True FLAG_LT: 0 FLAG_GT: 0
INPUT_PORT:  []
OUT_PORT:  []
DATA_MEM:  [615, 286]
---------------------------------------
DEBUG    root:machine.py:309 LD 4
TICK: 29793 PC:  14 ADDR:   0 MEM_OUT: 615 ACC: 0 BUFF: 615 DC: 0 FLAG_ZERO: True FLAG_LT: 0 FLAG_GT: 0
INPUT_PORT:  []
OUT_PORT:  []
DATA_MEM:  [615, 286]
---------------------------------------
DEBUG    root:machine.py:309 INC 
TICK: 29797 PC:  15 ADDR:   1 MEM_OUT: 286 ACC: 286 BUFF: 615 DC: 0 FLAG_ZERO: True FLAG_LT: 0 FLAG_GT: 0
INPUT_PORT:  []
OUT_PORT:  []
DATA_MEM:  [615, 286]
---------------------------------------
DEBUG    root:machine.py:309 ST 4
TICK: 29800 PC:  16 ADDR:   1 MEM_OUT: 286 ACC: 287 BUFF: 615 DC: 0 FLAG_ZERO: True FLAG_LT: 0 FLAG_GT: 0
INPUT_PORT:  []
OUT_PORT:  []
DATA_MEM:  [615, 286]
---------------------------------------
DEBUG    root:machine.py:309 JMP 0
TICK: 29804 PC:  17 ADDR:   1 MEM_OUT: 287 ACC: 287 BUFF: 615 DC: 0 FLAG_ZERO: True FLAG_LT: 0 FLAG_GT: 0
INPUT_PORT:  []
OUT_PORT:  []
DATA_MEM:  [615, 287]
---------------------------------------
DEBUG    root:machine.py:309 LD 0
TICK: 29807 PC:   0 ADDR:   1 MEM_OUT: 287 ACC: 287 BUFF: 615 DC: 0 FLAG_ZERO: True FLAG_LT: 0 FLAG_GT: 0
INPUT_PORT:  []
OUT_PORT:  []
DATA_MEM:  [615, 287]
---------------------------------------
DEBUG    root:machine.py:309 INC 
TICK: 29811 PC:   1 ADDR:   0 MEM_OUT: 615 ACC: 615 BUFF: 615 DC: 0 FLAG_ZERO: True FLAG_LT: 0 FLAG_GT: 0
INPUT_PORT:  []
OUT_PORT:  []
DATA_MEM:  [615, 287]
---------------------------------------
DEBUG    root:machine.py:309 ST 0
TICK: 29814 PC:   2 ADDR:   0 MEM_OUT: 615 ACC: 616 BUFF: 615 DC: 0 FLAG_ZERO: True FLAG_LT: 0 FLAG_GT: 0
INPUT_PORT:  []
OUT_PORT:  []
DATA_MEM:  [615, 287]
---------------------------------------
DEBUG    root:machine.py:309 CMP 1000
TICK: 29818 PC:   3 ADDR:   0 MEM_OUT: 616 ACC: 616 BUFF: 615 DC: 0 FLAG_ZERO: True FLAG_LT: 0 FLAG_GT: 0
INPUT_PORT:  []
OUT_PORT:  []
DATA_MEM:  [616, 287]
---------------------------------------
DEBUG    root:machine.py:309 JGE 22
TICK: 29821 PC:   4 ADDR:   0 MEM_OUT: 616 ACC: 616 BUFF: 615 DC: 0 FLAG_ZERO: False FLAG_LT: 1 FLAG_GT: 0
INPUT_PORT:  []
OUT_PORT:  []
DATA_MEM:  [616, 287]
---------------------------------------
DEBUG    root:machine.py:309 LD 0
TICK: 29824 PC:   5 ADDR:   0 MEM_OUT: 616 ACC: 616 BUFF: 615 DC: 0 FLAG_ZERO: False FLAG_LT: 1 FLAG_GT: 0
INPUT_PORT:  []
OUT_PORT:  []
DATA_MEM:  [616, 287]
---------------------------------------
DEBUG    root:machine.py:309 MOD 3
TICK: 29828 PC:   6 ADDR:   0 MEM_OUT: 616 ACC: 616 BUFF: 615 DC: 0 FLAG_ZERO: False FLAG_LT: 1 FLAG_GT: 0
INPUT_PORT:  []
OUT_PORT:  []
DATA_MEM:  [616, 287]
---------------------------------------
DEBUG    root:machine.py:309 CMP 0
TICK: 29832 PC:   7 ADDR:   0 MEM_OUT: 616 ACC: 1 BUFF: 616 DC: 0 FLAG_ZERO: False FLAG_LT: 1 FLAG_GT: 0
INPUT_PORT:  []
OUT_PORT:  []
DATA_MEM:  [616, 287]
---------------------------------------
DEBUG    root:machine.py:309 JE 14
TICK: 29835 PC:   8 ADDR:   0 MEM_OUT: 616 ACC: 1 BUFF: 616 DC: 0 FLAG_ZERO: False FLAG_LT: 0 FLAG_GT: 1
INPUT_PORT:  []
OUT_PORT:  []
DATA_MEM:  [616, 287]
---------------------------------------
DEBUG    root:machine.py:309 LD 0
TICK: 29838 PC:   9 ADDR:   0 MEM_OUT: 616 ACC: 1 BUFF: 616 DC: 0 FLAG_ZERO: False FLAG_LT: 0 FLAG_GT: 1
INPUT_PORT:  []
OUT_PORT:  []
DATA_MEM:  [616, 287]
---------------------------------------
DEBUG    root:machine.py:309 MOD 5
TICK: 29842 PC:  10 ADDR:   0 MEM_OUT: 616 ACC: 616 BUFF: 616 DC: 0 FLAG_ZERO: False FLAG_LT: 0 FLAG_GT: 1
INPUT_PORT:  []
OUT_PORT:  []
DATA_MEM:  [616, 287]
---------------------------------------
DEBUG    root:machine.py:309 CMP 0
TICK: 29846 PC:  11 ADDR:   0 MEM_OUT: 616 ACC: 1 BUFF: 616 DC: 0 FLAG_ZERO: False FLAG_LT: 0 FLAG_GT: 1
INPUT_PORT:  []
OUT_PORT:  []
DATA_MEM:  [616, 287]
---------------------------------------
DEBUG    root:machine.py:309 JE 18
TICK: 29849 PC:  12 ADDR:   0 MEM_OUT: 616 ACC: 1 BUFF: 616 DC: 0 FLAG_ZERO: False FLAG_LT: 0 FLAG_GT: 1
INPUT_PORT:  []
OUT_PORT:  []
DATA_MEM:  [616, 287]
---------------------------------------
DEBUG    root:machine.py:309 JMP 0
TICK: 29852 PC:  13 ADDR:   0 MEM_OUT: 616 ACC: 1 BUFF: 616 DC: 0 FLAG_ZERO: False FLAG_LT: 0 FLAG_GT: 1
INPUT_PORT:  []
OUT_PORT:  []
DATA_MEM:  [616, 287]
---------------------------------------
DEBUG    root:machine.py:309 LD 0
TICK: 29855 PC:   0 ADDR:   0 MEM_OUT: 616 ACC: 1 BUFF: 616 DC: 0 FLAG_ZERO: False FLAG_LT: 0 FLAG_GT: 1
INPUT_PORT:  []
OUT_PORT:  []
DATA_MEM:  [616, 287]
---------------------------------------
DEBUG    root:machine.py:309 INC 
TICK: 29859 PC:   1 ADDR:   0 MEM_OUT: 616 ACC: 616 BUFF: 616 DC: 0 FLAG_ZERO: False FLAG_LT: 0 FLAG_GT: 1
INPUT_PORT:  []
OUT_PORT:  []
DATA_MEM:  [616, 287]
---------------------------------------
DEBUG    root:machine.py:309 ST 0
TICK: 29862 PC:   2 ADDR:   0 MEM_OUT: 616 ACC: 617 BUFF: 616 DC: 0 FLAG_ZERO: False FLAG_LT: 0 FLAG_GT: 1
INPUT_PORT:  []
OUT_PORT:  []
DATA_MEM:  [616, 287]
---------------------------------------
DEBUG    root:machine.py:309 CMP 1000
TICK: 29866 PC:   3 ADDR:   0 MEM_OUT: 617 ACC: 617 BUFF: 616 DC: 0 FLAG_ZERO: False FLAG_LT: 0 FLAG_GT: 1
INPUT_PORT:  []
OUT_PORT:  []
DATA_MEM:  [617, 287]
---------------------------------------
DEBUG    root:machine.py:309 JGE 22
TICK: 29869 PC:   4 ADDR:   0 MEM_OUT: 617 ACC: 617 BUFF: 616 DC: 0 FLAG_ZERO: False FLAG_LT: 1 FLAG_GT: 0
INPUT_PORT:  []
OUT_PORT:  []
DATA_MEM:  [617, 287]
---------------------------------------
DEBUG    root:machine.py:309 LD 0
TICK: 29872 PC:   5 ADDR:   0 MEM_OUT: 617 ACC: 617 BUFF: 616 DC: 0 FLAG_ZERO: False FLAG_LT: 1 FLAG_GT: 0
INPUT_PORT:  []
OUT_PORT:  []
DATA_MEM:  [617, 287]
---------------------------------------
DEBUG    root:machine.py:309 MOD 3
TICK: 29876 PC:   6 ADDR:   0 MEM_OUT: 617 ACC: 617 BUFF: 616 DC: 0 FLAG_ZERO: False FLAG_LT: 1 FLAG_GT: 0
INPUT_PORT:  []
OUT_PORT:  []
DATA_MEM:  [617, 287]
---------------------------------------
DEBUG    root:machine.py:309 CMP 0
TICK: 29880 PC:   7 ADDR:   0 MEM_OUT: 617 ACC: 2 BUFF: 617 DC: 0 FLAG_ZERO: False FLAG_LT: 1 FLAG_GT: 0
INPUT_PORT:  []
OUT_PORT:  []
DATA_MEM:  [617, 287]
---------------------------------------
DEBUG    root:machine.py:309 JE 14
TICK: 29883 PC:   8 ADDR:   0 MEM_OUT: 617 ACC: 2 BUFF: 617 DC: 0 FLAG_ZERO: False FLAG_LT: 0 FLAG_GT: 1
INPUT_PORT:  []
OUT_PORT:  []
DATA_MEM:  [617, 287]
---------------------------------------
DEBUG    root:machine.py:309 LD 0
TICK: 29886 PC:   9 ADDR:   0 MEM_OUT: 617 ACC: 2 BUFF: 617 DC: 0 FLAG_ZERO: False FLAG_LT: 0 FLAG_GT: 1
INPUT_PORT:  []
OUT_PORT:  []
DATA_MEM:  [617, 287]
---------------------------------------
DEBUG    root:machine.py:309 MOD 5
TICK: 29890 PC:  10 ADDR:   0 MEM_OUT: 617 ACC: 617 BUFF: 617 DC: 0 FLAG_ZERO: False FLAG_LT: 0 FLAG_GT: 1
INPUT_PORT:  []
OUT_PORT:  []
DATA_MEM:  [617, 287]
---------------------------------------
DEBUG    root:machine.py:309 CMP 0
TICK: 29894 PC:  11 ADDR:   0 MEM_OUT: 617 ACC: 2 BUFF: 617 DC: 0 FLAG_ZERO: False FLAG_LT: 0 FLAG_GT: 1
INPUT_PORT:  []
OUT_PORT:  []
DATA_MEM:  [617, 287]
---------------------------------------
DEBUG    root:machine.py:309 JE 18
TICK: 29897 PC:  12 ADDR:   0 MEM_OUT: 617 ACC: 2 BUFF: 617 DC: 0 FLAG_ZERO: False FLAG_LT: 0 FLAG_GT: 1
INPUT_PORT:  []
OUT_PORT:  []
DATA_MEM:  [617, 287]
---------------------------------------
DEBUG    root:machine.py:309 JMP 0
TICK: 29900 PC:  13 ADDR:   0 MEM_OUT: 617 ACC: 2 BUFF: 617 DC: 0 FLAG_ZERO: False FLAG_LT: 0 FLAG_GT: 1
INPUT_PORT:  []
OUT_PORT:  []
DATA_MEM:  [617, 287]
---------------------------------------
DEBUG    root:machine.py:309 LD 0
TICK: 29903 PC:   0 ADDR:   0 MEM_OUT: 617 ACC: 2 BUFF: 617 DC: 0 FLAG_ZERO: False FLAG_LT: 0 FLAG_GT: 1
INPUT_PORT:  []
OUT_PORT:  []
DATA_MEM:  [617, 287]
---------------------------------------
DEBUG    root:machine.py:309 INC 
TICK: 29907 PC:   1 ADDR:   0 MEM_OUT: 617 ACC: 617 BUFF: 617 DC: 0 FLAG_ZERO: False FLAG_LT: 0 FLAG_GT: 1
INPUT_PORT:  []
OUT_PORT:  []
DATA_MEM:  [617, 287]
---------------------------------------
DEBUG    root:machine.py:309 ST 0
TICK: 29910 PC:   2 ADDR:   0 MEM_OUT: 617 ACC: 618 BUFF: 617 DC: 0 FLAG_ZERO: False FLAG_LT: 0 FLAG_GT: 1
INPUT_PORT:  []
OUT_PORT:  []
DATA_MEM:  [617, 287]
---------------------------------------
DEBUG    root:machine.py:309 CMP 1000
TICK: 29914 PC:   3 ADDR:   0 MEM_OUT: 618 ACC: 618 BUFF: 617 DC: 0 FLAG_ZERO: False FLAG_LT: 0 FLAG_GT: 1
INPUT_PORT:  []
OUT_PORT:  []
DATA_MEM:  [618, 287]
---------------------------------------
DEBUG    root:machine.py:309 JGE 22
TICK: 29917 PC:   4 ADDR:   0 MEM_OUT: 618 ACC: 618 BUFF: 617 DC: 0 FLAG_ZERO: False FLAG_LT: 1 FLAG_GT: 0
INPUT_PORT:  []
OUT_PORT:  []
DATA_MEM:  [618, 287]
---------------------------------------
DEBUG    root:machine.py:309 LD 0
TICK: 29920 PC:   5 ADDR:   0 MEM_OUT: 618 ACC: 618 BUFF: 617 DC: 0 FLAG_ZERO: False FLAG_LT: 1 FLAG_GT: 0
INPUT_PORT:  []
OUT_PORT:  []
DATA_MEM:  [618, 287]
---------------------------------------
DEBUG    root:machine.py:309 MOD 3
TICK: 29924 PC:   6 ADDR:   0 MEM_OUT: 618 ACC: 618 BUFF: 617 DC: 0 FLAG_ZERO: False FLAG_LT: 1 FLAG_GT: 0
INPUT_PORT:  []
OUT_PORT:  []
DATA_MEM:  [618, 287]
---------------------------------------
DEBUG    root:machine.py:309 CMP 0
TICK: 29928 PC:   7 ADDR:   0 MEM_OUT: 618 ACC: 0 BUFF: 618 DC: 0 FLAG_ZERO: False FLAG_LT: 1 FLAG_GT: 0
INPUT_PORT:  []
OUT_PORT:  []
DATA_MEM:  [618, 287]
---------------------------------------
DEBUG    root:machine.py:309 JE 14
TICK: 29931 PC:   8 ADDR:   0 MEM_OUT: 618 ACC: 0 BUFF: 618 DC: 0 FLAG_ZERO: True FLAG_LT: 0 FLAG_GT: 0
INPUT_PORT:  []
OUT_PORT:  []
DATA_MEM:  [618, 287]
---------------------------------------
DEBUG    root:machine.py:309 LD 4
TICK: 29934 PC:  14 ADDR:   0 MEM_OUT: 618 ACC: 0 BUFF: 618 DC: 0 FLAG_ZERO: True FLAG_LT: 0 FLAG_GT: 0
INPUT_PORT:  []
OUT_PORT:  []
DATA_MEM:  [618, 287]
---------------------------------------
DEBUG    root:machine.py:309 INC 
TICK: 29938 PC:  15 ADDR:   1 MEM_OUT: 287 ACC: 287 BUFF: 618 DC: 0 FLAG_ZERO: True FLAG_LT: 0 FLAG_GT: 0
INPUT_PORT:  []
OUT_PORT:  []
DATA_MEM:  [618, 287]
---------------------------------------
DEBUG    root:machine.py:309 ST 4
TICK: 29941 PC:  16 ADDR:   1 MEM_OUT: 287 ACC: 288 BUFF: 618 DC: 0 FLAG_ZERO: True FLAG_LT: 0 FLAG_GT: 0
INPUT_PORT:  []
OUT_PORT:  []
DATA_MEM:  [618, 287]
---------------------------------------
DEBUG    root:machine.py:309 JMP 0
TICK: 29945 PC:  17 ADDR:   1 MEM_OUT: 288 ACC: 288 BUFF: 618 DC: 0 FLAG_ZERO: True FLAG_LT: 0 FLAG_GT: 0
INPUT_PORT:  []
OUT_PORT:  []
DATA_MEM:  [618, 288]
---------------------------------------
DEBUG    root:machine.py:309 LD 0
TICK: 29948 PC:   0 ADDR:   1 MEM_OUT: 288 ACC: 288 BUFF: 618 DC: 0 FLAG_ZERO: True FLAG_LT: 0 FLAG_GT: 0
INPUT_PORT:  []
OUT_PORT:  []
DATA_MEM:  [618, 288]
---------------------------------------
DEBUG    root:machine.py:309 INC 
TICK: 29952 PC:   1 ADDR:   0 MEM_OUT: 618 ACC: 618 BUFF: 618 DC: 0 FLAG_ZERO: True FLAG_LT: 0 FLAG_GT: 0
INPUT_PORT:  []
OUT_PORT:  []
DATA_MEM:  [618, 288]
---------------------------------------
DEBUG    root:machine.py:309 ST 0
TICK: 29955 PC:   2 ADDR:   0 MEM_OUT: 618 ACC: 619 BUFF: 618 DC: 0 FLAG_ZERO: True FLAG_LT: 0 FLAG_GT: 0
INPUT_PORT:  []
OUT_PORT:  []
DATA_MEM:  [618, 288]
---------------------------------------
DEBUG    root:machine.py:309 CMP 1000
TICK: 29959 PC:   3 ADDR:   0 MEM_OUT: 619 ACC: 619 BUFF: 618 DC: 0 FLAG_ZERO: True FLAG_LT: 0 FLAG_GT: 0
INPUT_PORT:  []
OUT_PORT:  []
DATA_MEM:  [619, 288]
---------------------------------------
DEBUG    root:machine.py:309 JGE 22
TICK: 29962 PC:   4 ADDR:   0 MEM_OUT: 619 ACC: 619 BUFF: 618 DC: 0 FLAG_ZERO: False FLAG_LT: 1 FLAG_GT: 0
INPUT_PORT:  []
OUT_PORT:  []
DATA_MEM:  [619, 288]
---------------------------------------
DEBUG    root:machine.py:309 LD 0
TICK: 29965 PC:   5 ADDR:   0 MEM_OUT: 619 ACC: 619 BUFF: 618 DC: 0 FLAG_ZERO: False FLAG_LT: 1 FLAG_GT: 0
INPUT_PORT:  []
OUT_PORT:  []
DATA_MEM:  [619, 288]
---------------------------------------
DEBUG    root:machine.py:309 MOD 3
TICK: 29969 PC:   6 ADDR:   0 MEM_OUT: 619 ACC: 619 BUFF: 618 DC: 0 FLAG_ZERO: False FLAG_LT: 1 FLAG_GT: 0
INPUT_PORT:  []
OUT_PORT:  []
DATA_MEM:  [619, 288]
---------------------------------------
DEBUG    root:machine.py:309 CMP 0
TICK: 29973 PC:   7 ADDR:   0 MEM_OUT: 619 ACC: 1 BUFF: 619 DC: 0 FLAG_ZERO: False FLAG_LT: 1 FLAG_GT: 0
INPUT_PORT:  []
OUT_PORT:  []
DATA_MEM:  [619, 288]
---------------------------------------
DEBUG    root:machine.py:309 JE 14
TICK: 29976 PC:   8 ADDR:   0 MEM_OUT: 619 ACC: 1 BUFF: 619 DC: 0 FLAG_ZERO: False FLAG_LT: 0 FLAG_GT: 1
INPUT_PORT:  []
OUT_PORT:  []
DATA_MEM:  [619, 288]
---------------------------------------
DEBUG    root:machine.py:309 LD 0
TICK: 29979 PC:   9 ADDR:   0 MEM_OUT: 619 ACC: 1 BUFF: 619 DC: 0 FLAG_ZERO: False FLAG_LT: 0 FLAG_GT: 1
INPUT_PORT:  []
OUT_PORT:  []
DATA_MEM:  [619, 288]
---------------------------------------
DEBUG    root:machine.py:309 MOD 5
TICK: 29983 PC:  10 ADDR:   0 MEM_OUT: 619 ACC: 619 BUFF: 619 DC: 0 FLAG_ZERO: False FLAG_LT: 0 FLAG_GT: 1
INPUT_PORT:  []
OUT_PORT:  []
DATA_MEM:  [619, 288]
---------------------------------------
DEBUG    root:machine.py:309 CMP 0
TICK: 29987 PC:  11 ADDR:   0 MEM_OUT: 619 ACC: 4 BUFF: 619 DC: 0 FLAG_ZERO: False FLAG_LT: 0 FLAG_GT: 1
INPUT_PORT:  []
OUT_PORT:  []
DATA_MEM:  [619, 288]
---------------------------------------
DEBUG    root:machine.py:309 JE 18
TICK: 29990 PC:  12 ADDR:   0 MEM_OUT: 619 ACC: 4 BUFF: 619 DC: 0 FLAG_ZERO: False FLAG_LT: 0 FLAG_GT: 1
INPUT_PORT:  []
OUT_PORT:  []
DATA_MEM:  [619, 288]
---------------------------------------
DEBUG    root:machine.py:309 JMP 0
TICK: 29993 PC:  13 ADDR:   0 MEM_OUT: 619 ACC: 4 BUFF: 619 DC: 0 FLAG_ZERO: False FLAG_LT: 0 FLAG_GT: 1
INPUT_PORT:  []
OUT_PORT:  []
DATA_MEM:  [619, 288]
---------------------------------------
DEBUG    root:machine.py:309 LD 0
TICK: 29996 PC:   0 ADDR:   0 MEM_OUT: 619 ACC: 4 BUFF: 619 DC: 0 FLAG_ZERO: False FLAG_LT: 0 FLAG_GT: 1
INPUT_PORT:  []
OUT_PORT:  []
DATA_MEM:  [619, 288]
---------------------------------------
DEBUG    root:machine.py:309 INC 
TICK: 30000 PC:   1 ADDR:   0 MEM_OUT: 619 ACC: 619 BUFF: 619 DC: 0 FLAG_ZERO: False FLAG_LT: 0 FLAG_GT: 1
INPUT_PORT:  []
OUT_PORT:  []
DATA_MEM:  [619, 288]
---------------------------------------
DEBUG    root:machine.py:309 ST 0
TICK: 30003 PC:   2 ADDR:   0 MEM_OUT: 619 ACC: 620 BUFF: 619 DC: 0 FLAG_ZERO: False FLAG_LT: 0 FLAG_GT: 1
INPUT_PORT:  []
OUT_PORT:  []
DATA_MEM:  [619, 288]
---------------------------------------
DEBUG    root:machine.py:309 CMP 1000
TICK: 30007 PC:   3 ADDR:   0 MEM_OUT: 620 ACC: 620 BUFF: 619 DC: 0 FLAG_ZERO: False FLAG_LT: 0 FLAG_GT: 1
INPUT_PORT:  []
OUT_PORT:  []
DATA_MEM:  [620, 288]
---------------------------------------
DEBUG    root:machine.py:309 JGE 22
TICK: 30010 PC:   4 ADDR:   0 MEM_OUT: 620 ACC: 620 BUFF: 619 DC: 0 FLAG_ZERO: False FLAG_LT: 1 FLAG_GT: 0
INPUT_PORT:  []
OUT_PORT:  []
DATA_MEM:  [620, 288]
---------------------------------------
DEBUG    root:machine.py:309 LD 0
TICK: 30013 PC:   5 ADDR:   0 MEM_OUT: 620 ACC: 620 BUFF: 619 DC: 0 FLAG_ZERO: False FLAG_LT: 1 FLAG_GT: 0
INPUT_PORT:  []
OUT_PORT:  []
DATA_MEM:  [620, 288]
---------------------------------------
DEBUG    root:machine.py:309 MOD 3
TICK: 30017 PC:   6 ADDR:   0 MEM_OUT: 620 ACC: 620 BUFF: 619 DC: 0 FLAG_ZERO: False FLAG_LT: 1 FLAG_GT: 0
INPUT_PORT:  []
OUT_PORT:  []
DATA_MEM:  [620, 288]
---------------------------------------
DEBUG    root:machine.py:309 CMP 0
TICK: 30021 PC:   7 ADDR:   0 MEM_OUT: 620 ACC: 2 BUFF: 620 DC: 0 FLAG_ZERO: False FLAG_LT: 1 FLAG_GT: 0
INPUT_PORT:  []
OUT_PORT:  []
DATA_MEM:  [620, 288]
---------------------------------------
DEBUG    root:machine.py:309 JE 14
TICK: 30024 PC:   8 ADDR:   0 MEM_OUT: 620 ACC: 2 BUFF: 620 DC: 0 FLAG_ZERO: False FLAG_LT: 0 FLAG_GT: 1
INPUT_PORT:  []
OUT_PORT:  []
DATA_MEM:  [620, 288]
---------------------------------------
DEBUG    root:machine.py:309 LD 0
TICK: 30027 PC:   9 ADDR:   0 MEM_OUT: 620 ACC: 2 BUFF: 620 DC: 0 FLAG_ZERO: False FLAG_LT: 0 FLAG_GT: 1
INPUT_PORT:  []
OUT_PORT:  []
DATA_MEM:  [620, 288]
---------------------------------------
DEBUG    root:machine.py:309 MOD 5
TICK: 30031 PC:  10 ADDR:   0 MEM_OUT: 620 ACC: 620 BUFF: 620 DC: 0 FLAG_ZERO: False FLAG_LT: 0 FLAG_GT: 1
INPUT_PORT:  []
OUT_PORT:  []
DATA_MEM:  [620, 288]
---------------------------------------
DEBUG    root:machine.py:309 CMP 0
TICK: 30035 PC:  11 ADDR:   0 MEM_OUT: 620 ACC: 0 BUFF: 620 DC: 0 FLAG_ZERO: False FLAG_LT: 0 FLAG_GT: 1
INPUT_PORT:  []
OUT_PORT:  []
DATA_MEM:  [620, 288]
---------------------------------------
DEBUG    root:machine.py:309 JE 18
TICK: 30038 PC:  12 ADDR:   0 MEM_OUT: 620 ACC: 0 BUFF: 620 DC: 0 FLAG_ZERO: True FLAG_LT: 0 FLAG_GT: 0
INPUT_PORT:  []
OUT_PORT:  []
DATA_MEM:  [620, 288]
---------------------------------------
DEBUG    root:machine.py:309 LD 4
TICK: 30041 PC:  18 ADDR:   0 MEM_OUT: 620 ACC: 0 BUFF: 620 DC: 0 FLAG_ZERO: True FLAG_LT: 0 FLAG_GT: 0
INPUT_PORT:  []
OUT_PORT:  []
DATA_MEM:  [620, 288]
---------------------------------------
DEBUG    root:machine.py:309 INC 
TICK: 30045 PC:  19 ADDR:   1 MEM_OUT: 288 ACC: 288 BUFF: 620 DC: 0 FLAG_ZERO: True FLAG_LT: 0 FLAG_GT: 0
INPUT_PORT:  []
OUT_PORT:  []
DATA_MEM:  [620, 288]
---------------------------------------
DEBUG    root:machine.py:309 ST 4
TICK: 30048 PC:  20 ADDR:   1 MEM_OUT: 288 ACC: 289 BUFF: 620 DC: 0 FLAG_ZERO: True FLAG_LT: 0 FLAG_GT: 0
INPUT_PORT:  []
OUT_PORT:  []
DATA_MEM:  [620, 288]
---------------------------------------
DEBUG    root:machine.py:309 JMP 0
TICK: 30052 PC:  21 ADDR:   1 MEM_OUT: 289 ACC: 289 BUFF: 620 DC: 0 FLAG_ZERO: True FLAG_LT: 0 FLAG_GT: 0
INPUT_PORT:  []
OUT_PORT:  []
DATA_MEM:  [620, 289]
---------------------------------------
DEBUG    root:machine.py:309 LD 0
TICK: 30055 PC:   0 ADDR:   1 MEM_OUT: 289 ACC: 289 BUFF: 620 DC: 0 FLAG_ZERO: True FLAG_LT: 0 FLAG_GT: 0
INPUT_PORT:  []
OUT_PORT:  []
DATA_MEM:  [620, 289]
---------------------------------------
DEBUG    root:machine.py:309 INC 
TICK: 30059 PC:   1 ADDR:   0 MEM_OUT: 620 ACC: 620 BUFF: 620 DC: 0 FLAG_ZERO: True FLAG_LT: 0 FLAG_GT: 0
INPUT_PORT:  []
OUT_PORT:  []
DATA_MEM:  [620, 289]
---------------------------------------
DEBUG    root:machine.py:309 ST 0
TICK: 30062 PC:   2 ADDR:   0 MEM_OUT: 620 ACC: 621 BUFF: 620 DC: 0 FLAG_ZERO: True FLAG_LT: 0 FLAG_GT: 0
INPUT_PORT:  []
OUT_PORT:  []
DATA_MEM:  [620, 289]
---------------------------------------
DEBUG    root:machine.py:309 CMP 1000
TICK: 30066 PC:   3 ADDR:   0 MEM_OUT: 621 ACC: 621 BUFF: 620 DC: 0 FLAG_ZERO: True FLAG_LT: 0 FLAG_GT: 0
INPUT_PORT:  []
OUT_PORT:  []
DATA_MEM:  [621, 289]
---------------------------------------
DEBUG    root:machine.py:309 JGE 22
TICK: 30069 PC:   4 ADDR:   0 MEM_OUT: 621 ACC: 621 BUFF: 620 DC: 0 FLAG_ZERO: False FLAG_LT: 1 FLAG_GT: 0
INPUT_PORT:  []
OUT_PORT:  []
DATA_MEM:  [621, 289]
---------------------------------------
DEBUG    root:machine.py:309 LD 0
TICK: 30072 PC:   5 ADDR:   0 MEM_OUT: 621 ACC: 621 BUFF: 620 DC: 0 FLAG_ZERO: False FLAG_LT: 1 FLAG_GT: 0
INPUT_PORT:  []
OUT_PORT:  []
DATA_MEM:  [621, 289]
---------------------------------------
DEBUG    root:machine.py:309 MOD 3
TICK: 30076 PC:   6 ADDR:   0 MEM_OUT: 621 ACC: 621 BUFF: 620 DC: 0 FLAG_ZERO: False FLAG_LT: 1 FLAG_GT: 0
INPUT_PORT:  []
OUT_PORT:  []
DATA_MEM:  [621, 289]
---------------------------------------
DEBUG    root:machine.py:309 CMP 0
TICK: 30080 PC:   7 ADDR:   0 MEM_OUT: 621 ACC: 0 BUFF: 621 DC: 0 FLAG_ZERO: False FLAG_LT: 1 FLAG_GT: 0
INPUT_PORT:  []
OUT_PORT:  []
DATA_MEM:  [621, 289]
---------------------------------------
DEBUG    root:machine.py:309 JE 14
TICK: 30083 PC:   8 ADDR:   0 MEM_OUT: 621 ACC: 0 BUFF: 621 DC: 0 FLAG_ZERO: True FLAG_LT: 0 FLAG_GT: 0
INPUT_PORT:  []
OUT_PORT:  []
DATA_MEM:  [621, 289]
---------------------------------------
DEBUG    root:machine.py:309 LD 4
TICK: 30086 PC:  14 ADDR:   0 MEM_OUT: 621 ACC: 0 BUFF: 621 DC: 0 FLAG_ZERO: True FLAG_LT: 0 FLAG_GT: 0
INPUT_PORT:  []
OUT_PORT:  []
DATA_MEM:  [621, 289]
---------------------------------------
DEBUG    root:machine.py:309 INC 
TICK: 30090 PC:  15 ADDR:   1 MEM_OUT: 289 ACC: 289 BUFF: 621 DC: 0 FLAG_ZERO: True FLAG_LT: 0 FLAG_GT: 0
INPUT_PORT:  []
OUT_PORT:  []
DATA_MEM:  [621, 289]
---------------------------------------
DEBUG    root:machine.py:309 ST 4
TICK: 30093 PC:  16 ADDR:   1 MEM_OUT: 289 ACC: 290 BUFF: 621 DC: 0 FLAG_ZERO: True FLAG_LT: 0 FLAG_GT: 0
INPUT_PORT:  []
OUT_PORT:  []
DATA_MEM:  [621, 289]
---------------------------------------
DEBUG    root:machine.py:309 JMP 0
TICK: 30097 PC:  17 ADDR:   1 MEM_OUT: 290 ACC: 290 BUFF: 621 DC: 0 FLAG_ZERO: True FLAG_LT: 0 FLAG_GT: 0
INPUT_PORT:  []
OUT_PORT:  []
DATA_MEM:  [621, 290]
---------------------------------------
DEBUG    root:machine.py:309 LD 0
TICK: 30100 PC:   0 ADDR:   1 MEM_OUT: 290 ACC: 290 BUFF: 621 DC: 0 FLAG_ZERO: True FLAG_LT: 0 FLAG_GT: 0
INPUT_PORT:  []
OUT_PORT:  []
DATA_MEM:  [621, 290]
---------------------------------------
DEBUG    root:machine.py:309 INC 
TICK: 30104 PC:   1 ADDR:   0 MEM_OUT: 621 ACC: 621 BUFF: 621 DC: 0 FLAG_ZERO: True FLAG_LT: 0 FLAG_GT: 0
INPUT_PORT:  []
OUT_PORT:  []
DATA_MEM:  [621, 290]
---------------------------------------
DEBUG    root:machine.py:309 ST 0
TICK: 30107 PC:   2 ADDR:   0 MEM_OUT: 621 ACC: 622 BUFF: 621 DC: 0 FLAG_ZERO: True FLAG_LT: 0 FLAG_GT: 0
INPUT_PORT:  []
OUT_PORT:  []
DATA_MEM:  [621, 290]
---------------------------------------
DEBUG    root:machine.py:309 CMP 1000
TICK: 30111 PC:   3 ADDR:   0 MEM_OUT: 622 ACC: 622 BUFF: 621 DC: 0 FLAG_ZERO: True FLAG_LT: 0 FLAG_GT: 0
INPUT_PORT:  []
OUT_PORT:  []
DATA_MEM:  [622, 290]
---------------------------------------
DEBUG    root:machine.py:309 JGE 22
TICK: 30114 PC:   4 ADDR:   0 MEM_OUT: 622 ACC: 622 BUFF: 621 DC: 0 FLAG_ZERO: False FLAG_LT: 1 FLAG_GT: 0
INPUT_PORT:  []
OUT_PORT:  []
DATA_MEM:  [622, 290]
---------------------------------------
DEBUG    root:machine.py:309 LD 0
TICK: 30117 PC:   5 ADDR:   0 MEM_OUT: 622 ACC: 622 BUFF: 621 DC: 0 FLAG_ZERO: False FLAG_LT: 1 FLAG_GT: 0
INPUT_PORT:  []
OUT_PORT:  []
DATA_MEM:  [622, 290]
---------------------------------------
DEBUG    root:machine.py:309 MOD 3
TICK: 30121 PC:   6 ADDR:   0 MEM_OUT: 622 ACC: 622 BUFF: 621 DC: 0 FLAG_ZERO: False FLAG_LT: 1 FLAG_GT: 0
INPUT_PORT:  []
OUT_PORT:  []
DATA_MEM:  [622, 290]
---------------------------------------
DEBUG    root:machine.py:309 CMP 0
TICK: 30125 PC:   7 ADDR:   0 MEM_OUT: 622 ACC: 1 BUFF: 622 DC: 0 FLAG_ZERO: False FLAG_LT: 1 FLAG_GT: 0
INPUT_PORT:  []
OUT_PORT:  []
DATA_MEM:  [622, 290]
---------------------------------------
DEBUG    root:machine.py:309 JE 14
TICK: 30128 PC:   8 ADDR:   0 MEM_OUT: 622 ACC: 1 BUFF: 622 DC: 0 FLAG_ZERO: False FLAG_LT: 0 FLAG_GT: 1
INPUT_PORT:  []
OUT_PORT:  []
DATA_MEM:  [622, 290]
---------------------------------------
DEBUG    root:machine.py:309 LD 0
TICK: 30131 PC:   9 ADDR:   0 MEM_OUT: 622 ACC: 1 BUFF: 622 DC: 0 FLAG_ZERO: False FLAG_LT: 0 FLAG_GT: 1
INPUT_PORT:  []
OUT_PORT:  []
DATA_MEM:  [622, 290]
---------------------------------------
DEBUG    root:machine.py:309 MOD 5
TICK: 30135 PC:  10 ADDR:   0 MEM_OUT: 622 ACC: 622 BUFF: 622 DC: 0 FLAG_ZERO: False FLAG_LT: 0 FLAG_GT: 1
INPUT_PORT:  []
OUT_PORT:  []
DATA_MEM:  [622, 290]
---------------------------------------
DEBUG    root:machine.py:309 CMP 0
TICK: 30139 PC:  11 ADDR:   0 MEM_OUT: 622 ACC: 2 BUFF: 622 DC: 0 FLAG_ZERO: False FLAG_LT: 0 FLAG_GT: 1
INPUT_PORT:  []
OUT_PORT:  []
DATA_MEM:  [622, 290]
---------------------------------------
DEBUG    root:machine.py:309 JE 18
TICK: 30142 PC:  12 ADDR:   0 MEM_OUT: 622 ACC: 2 BUFF: 622 DC: 0 FLAG_ZERO: False FLAG_LT: 0 FLAG_GT: 1
INPUT_PORT:  []
OUT_PORT:  []
DATA_MEM:  [622, 290]
---------------------------------------
DEBUG    root:machine.py:309 JMP 0
TICK: 30145 PC:  13 ADDR:   0 MEM_OUT: 622 ACC: 2 BUFF: 622 DC: 0 FLAG_ZERO: False FLAG_LT: 0 FLAG_GT: 1
INPUT_PORT:  []
OUT_PORT:  []
DATA_MEM:  [622, 290]
---------------------------------------
DEBUG    root:machine.py:309 LD 0
TICK: 30148 PC:   0 ADDR:   0 MEM_OUT: 622 ACC: 2 BUFF: 622 DC: 0 FLAG_ZERO: False FLAG_LT: 0 FLAG_GT: 1
INPUT_PORT:  []
OUT_PORT:  []
DATA_MEM:  [622, 290]
---------------------------------------
DEBUG    root:machine.py:309 INC 
TICK: 30152 PC:   1 ADDR:   0 MEM_OUT: 622 ACC: 622 BUFF: 622 DC: 0 FLAG_ZERO: False FLAG_LT: 0 FLAG_GT: 1
INPUT_PORT:  []
OUT_PORT:  []
DATA_MEM:  [622, 290]
---------------------------------------
DEBUG    root:machine.py:309 ST 0
TICK: 30155 PC:   2 ADDR:   0 MEM_OUT: 622 ACC: 623 BUFF: 622 DC: 0 FLAG_ZERO: False FLAG_LT: 0 FLAG_GT: 1
INPUT_PORT:  []
OUT_PORT:  []
DATA_MEM:  [622, 290]
---------------------------------------
DEBUG    root:machine.py:309 CMP 1000
TICK: 30159 PC:   3 ADDR:   0 MEM_OUT: 623 ACC: 623 BUFF: 622 DC: 0 FLAG_ZERO: False FLAG_LT: 0 FLAG_GT: 1
INPUT_PORT:  []
OUT_PORT:  []
DATA_MEM:  [623, 290]
---------------------------------------
DEBUG    root:machine.py:309 JGE 22
TICK: 30162 PC:   4 ADDR:   0 MEM_OUT: 623 ACC: 623 BUFF: 622 DC: 0 FLAG_ZERO: False FLAG_LT: 1 FLAG_GT: 0
INPUT_PORT:  []
OUT_PORT:  []
DATA_MEM:  [623, 290]
---------------------------------------
DEBUG    root:machine.py:309 LD 0
TICK: 30165 PC:   5 ADDR:   0 MEM_OUT: 623 ACC: 623 BUFF: 622 DC: 0 FLAG_ZERO: False FLAG_LT: 1 FLAG_GT: 0
INPUT_PORT:  []
OUT_PORT:  []
DATA_MEM:  [623, 290]
---------------------------------------
DEBUG    root:machine.py:309 MOD 3
TICK: 30169 PC:   6 ADDR:   0 MEM_OUT: 623 ACC: 623 BUFF: 622 DC: 0 FLAG_ZERO: False FLAG_LT: 1 FLAG_GT: 0
INPUT_PORT:  []
OUT_PORT:  []
DATA_MEM:  [623, 290]
---------------------------------------
DEBUG    root:machine.py:309 CMP 0
TICK: 30173 PC:   7 ADDR:   0 MEM_OUT: 623 ACC: 2 BUFF: 623 DC: 0 FLAG_ZERO: False FLAG_LT: 1 FLAG_GT: 0
INPUT_PORT:  []
OUT_PORT:  []
DATA_MEM:  [623, 290]
---------------------------------------
DEBUG    root:machine.py:309 JE 14
TICK: 30176 PC:   8 ADDR:   0 MEM_OUT: 623 ACC: 2 BUFF: 623 DC: 0 FLAG_ZERO: False FLAG_LT: 0 FLAG_GT: 1
INPUT_PORT:  []
OUT_PORT:  []
DATA_MEM:  [623, 290]
---------------------------------------
DEBUG    root:machine.py:309 LD 0
TICK: 30179 PC:   9 ADDR:   0 MEM_OUT: 623 ACC: 2 BUFF: 623 DC: 0 FLAG_ZERO: False FLAG_LT: 0 FLAG_GT: 1
INPUT_PORT:  []
OUT_PORT:  []
DATA_MEM:  [623, 290]
---------------------------------------
DEBUG    root:machine.py:309 MOD 5
TICK: 30183 PC:  10 ADDR:   0 MEM_OUT: 623 ACC: 623 BUFF: 623 DC: 0 FLAG_ZERO: False FLAG_LT: 0 FLAG_GT: 1
INPUT_PORT:  []
OUT_PORT:  []
DATA_MEM:  [623, 290]
---------------------------------------
DEBUG    root:machine.py:309 CMP 0
TICK: 30187 PC:  11 ADDR:   0 MEM_OUT: 623 ACC: 3 BUFF: 623 DC: 0 FLAG_ZERO: False FLAG_LT: 0 FLAG_GT: 1
INPUT_PORT:  []
OUT_PORT:  []
DATA_MEM:  [623, 290]
---------------------------------------
DEBUG    root:machine.py:309 JE 18
TICK: 30190 PC:  12 ADDR:   0 MEM_OUT: 623 ACC: 3 BUFF: 623 DC: 0 FLAG_ZERO: False FLAG_LT: 0 FLAG_GT: 1
INPUT_PORT:  []
OUT_PORT:  []
DATA_MEM:  [623, 290]
---------------------------------------
DEBUG    root:machine.py:309 JMP 0
TICK: 30193 PC:  13 ADDR:   0 MEM_OUT: 623 ACC: 3 BUFF: 623 DC: 0 FLAG_ZERO: False FLAG_LT: 0 FLAG_GT: 1
INPUT_PORT:  []
OUT_PORT:  []
DATA_MEM:  [623, 290]
---------------------------------------
DEBUG    root:machine.py:309 LD 0
TICK: 30196 PC:   0 ADDR:   0 MEM_OUT: 623 ACC: 3 BUFF: 623 DC: 0 FLAG_ZERO: False FLAG_LT: 0 FLAG_GT: 1
INPUT_PORT:  []
OUT_PORT:  []
DATA_MEM:  [623, 290]
---------------------------------------
DEBUG    root:machine.py:309 INC 
TICK: 30200 PC:   1 ADDR:   0 MEM_OUT: 623 ACC: 623 BUFF: 623 DC: 0 FLAG_ZERO: False FLAG_LT: 0 FLAG_GT: 1
INPUT_PORT:  []
OUT_PORT:  []
DATA_MEM:  [623, 290]
---------------------------------------
DEBUG    root:machine.py:309 ST 0
TICK: 30203 PC:   2 ADDR:   0 MEM_OUT: 623 ACC: 624 BUFF: 623 DC: 0 FLAG_ZERO: False FLAG_LT: 0 FLAG_GT: 1
INPUT_PORT:  []
OUT_PORT:  []
DATA_MEM:  [623, 290]
---------------------------------------
DEBUG    root:machine.py:309 CMP 1000
TICK: 30207 PC:   3 ADDR:   0 MEM_OUT: 624 ACC: 624 BUFF: 623 DC: 0 FLAG_ZERO: False FLAG_LT: 0 FLAG_GT: 1
INPUT_PORT:  []
OUT_PORT:  []
DATA_MEM:  [624, 290]
---------------------------------------
DEBUG    root:machine.py:309 JGE 22
TICK: 30210 PC:   4 ADDR:   0 MEM_OUT: 624 ACC: 624 BUFF: 623 DC: 0 FLAG_ZERO: False FLAG_LT: 1 FLAG_GT: 0
INPUT_PORT:  []
OUT_PORT:  []
DATA_MEM:  [624, 290]
---------------------------------------
DEBUG    root:machine.py:309 LD 0
TICK: 30213 PC:   5 ADDR:   0 MEM_OUT: 624 ACC: 624 BUFF: 623 DC: 0 FLAG_ZERO: False FLAG_LT: 1 FLAG_GT: 0
INPUT_PORT:  []
OUT_PORT:  []
DATA_MEM:  [624, 290]
---------------------------------------
DEBUG    root:machine.py:309 MOD 3
TICK: 30217 PC:   6 ADDR:   0 MEM_OUT: 624 ACC: 624 BUFF: 623 DC: 0 FLAG_ZERO: False FLAG_LT: 1 FLAG_GT: 0
INPUT_PORT:  []
OUT_PORT:  []
DATA_MEM:  [624, 290]
---------------------------------------
DEBUG    root:machine.py:309 CMP 0
TICK: 30221 PC:   7 ADDR:   0 MEM_OUT: 624 ACC: 0 BUFF: 624 DC: 0 FLAG_ZERO: False FLAG_LT: 1 FLAG_GT: 0
INPUT_PORT:  []
OUT_PORT:  []
DATA_MEM:  [624, 290]
---------------------------------------
DEBUG    root:machine.py:309 JE 14
TICK: 30224 PC:   8 ADDR:   0 MEM_OUT: 624 ACC: 0 BUFF: 624 DC: 0 FLAG_ZERO: True FLAG_LT: 0 FLAG_GT: 0
INPUT_PORT:  []
OUT_PORT:  []
DATA_MEM:  [624, 290]
---------------------------------------
DEBUG    root:machine.py:309 LD 4
TICK: 30227 PC:  14 ADDR:   0 MEM_OUT: 624 ACC: 0 BUFF: 624 DC: 0 FLAG_ZERO: True FLAG_LT: 0 FLAG_GT: 0
INPUT_PORT:  []
OUT_PORT:  []
DATA_MEM:  [624, 290]
---------------------------------------
DEBUG    root:machine.py:309 INC 
TICK: 30231 PC:  15 ADDR:   1 MEM_OUT: 290 ACC: 290 BUFF: 624 DC: 0 FLAG_ZERO: True FLAG_LT: 0 FLAG_GT: 0
INPUT_PORT:  []
OUT_PORT:  []
DATA_MEM:  [624, 290]
---------------------------------------
DEBUG    root:machine.py:309 ST 4
TICK: 30234 PC:  16 ADDR:   1 MEM_OUT: 290 ACC: 291 BUFF: 624 DC: 0 FLAG_ZERO: True FLAG_LT: 0 FLAG_GT: 0
INPUT_PORT:  []
OUT_PORT:  []
DATA_MEM:  [624, 290]
---------------------------------------
DEBUG    root:machine.py:309 JMP 0
TICK: 30238 PC:  17 ADDR:   1 MEM_OUT: 291 ACC: 291 BUFF: 624 DC: 0 FLAG_ZERO: True FLAG_LT: 0 FLAG_GT: 0
INPUT_PORT:  []
OUT_PORT:  []
DATA_MEM:  [624, 291]
---------------------------------------
DEBUG    root:machine.py:309 LD 0
TICK: 30241 PC:   0 ADDR:   1 MEM_OUT: 291 ACC: 291 BUFF: 624 DC: 0 FLAG_ZERO: True FLAG_LT: 0 FLAG_GT: 0
INPUT_PORT:  []
OUT_PORT:  []
DATA_MEM:  [624, 291]
---------------------------------------
DEBUG    root:machine.py:309 INC 
TICK: 30245 PC:   1 ADDR:   0 MEM_OUT: 624 ACC: 624 BUFF: 624 DC: 0 FLAG_ZERO: True FLAG_LT: 0 FLAG_GT: 0
INPUT_PORT:  []
OUT_PORT:  []
DATA_MEM:  [624, 291]
---------------------------------------
DEBUG    root:machine.py:309 ST 0
TICK: 30248 PC:   2 ADDR:   0 MEM_OUT: 624 ACC: 625 BUFF: 624 DC: 0 FLAG_ZERO: True FLAG_LT: 0 FLAG_GT: 0
INPUT_PORT:  []
OUT_PORT:  []
DATA_MEM:  [624, 291]
---------------------------------------
DEBUG    root:machine.py:309 CMP 1000
TICK: 30252 PC:   3 ADDR:   0 MEM_OUT: 625 ACC: 625 BUFF: 624 DC: 0 FLAG_ZERO: True FLAG_LT: 0 FLAG_GT: 0
INPUT_PORT:  []
OUT_PORT:  []
DATA_MEM:  [625, 291]
---------------------------------------
DEBUG    root:machine.py:309 JGE 22
TICK: 30255 PC:   4 ADDR:   0 MEM_OUT: 625 ACC: 625 BUFF: 624 DC: 0 FLAG_ZERO: False FLAG_LT: 1 FLAG_GT: 0
INPUT_PORT:  []
OUT_PORT:  []
DATA_MEM:  [625, 291]
---------------------------------------
DEBUG    root:machine.py:309 LD 0
TICK: 30258 PC:   5 ADDR:   0 MEM_OUT: 625 ACC: 625 BUFF: 624 DC: 0 FLAG_ZERO: False FLAG_LT: 1 FLAG_GT: 0
INPUT_PORT:  []
OUT_PORT:  []
DATA_MEM:  [625, 291]
---------------------------------------
DEBUG    root:machine.py:309 MOD 3
TICK: 30262 PC:   6 ADDR:   0 MEM_OUT: 625 ACC: 625 BUFF: 624 DC: 0 FLAG_ZERO: False FLAG_LT: 1 FLAG_GT: 0
INPUT_PORT:  []
OUT_PORT:  []
DATA_MEM:  [625, 291]
---------------------------------------
DEBUG    root:machine.py:309 CMP 0
TICK: 30266 PC:   7 ADDR:   0 MEM_OUT: 625 ACC: 1 BUFF: 625 DC: 0 FLAG_ZERO: False FLAG_LT: 1 FLAG_GT: 0
INPUT_PORT:  []
OUT_PORT:  []
DATA_MEM:  [625, 291]
---------------------------------------
DEBUG    root:machine.py:309 JE 14
TICK: 30269 PC:   8 ADDR:   0 MEM_OUT: 625 ACC: 1 BUFF: 625 DC: 0 FLAG_ZERO: False FLAG_LT: 0 FLAG_GT: 1
INPUT_PORT:  []
OUT_PORT:  []
DATA_MEM:  [625, 291]
---------------------------------------
DEBUG    root:machine.py:309 LD 0
TICK: 30272 PC:   9 ADDR:   0 MEM_OUT: 625 ACC: 1 BUFF: 625 DC: 0 FLAG_ZERO: False FLAG_LT: 0 FLAG_GT: 1
INPUT_PORT:  []
OUT_PORT:  []
DATA_MEM:  [625, 291]
---------------------------------------
DEBUG    root:machine.py:309 MOD 5
TICK: 30276 PC:  10 ADDR:   0 MEM_OUT: 625 ACC: 625 BUFF: 625 DC: 0 FLAG_ZERO: False FLAG_LT: 0 FLAG_GT: 1
INPUT_PORT:  []
OUT_PORT:  []
DATA_MEM:  [625, 291]
---------------------------------------
DEBUG    root:machine.py:309 CMP 0
TICK: 30280 PC:  11 ADDR:   0 MEM_OUT: 625 ACC: 0 BUFF: 625 DC: 0 FLAG_ZERO: False FLAG_LT: 0 FLAG_GT: 1
INPUT_PORT:  []
OUT_PORT:  []
DATA_MEM:  [625, 291]
---------------------------------------
DEBUG    root:machine.py:309 JE 18
TICK: 30283 PC:  12 ADDR:   0 MEM_OUT: 625 ACC: 0 BUFF: 625 DC: 0 FLAG_ZERO: True FLAG_LT: 0 FLAG_GT: 0
INPUT_PORT:  []
OUT_PORT:  []
DATA_MEM:  [625, 291]
---------------------------------------
DEBUG    root:machine.py:309 LD 4
TICK: 30286 PC:  18 ADDR:   0 MEM_OUT: 625 ACC: 0 BUFF: 625 DC: 0 FLAG_ZERO: True FLAG_LT: 0 FLAG_GT: 0
INPUT_PORT:  []
OUT_PORT:  []
DATA_MEM:  [625, 291]
---------------------------------------
DEBUG    root:machine.py:309 INC 
TICK: 30290 PC:  19 ADDR:   1 MEM_OUT: 291 ACC: 291 BUFF: 625 DC: 0 FLAG_ZERO: True FLAG_LT: 0 FLAG_GT: 0
INPUT_PORT:  []
OUT_PORT:  []
DATA_MEM:  [625, 291]
---------------------------------------
DEBUG    root:machine.py:309 ST 4
TICK: 30293 PC:  20 ADDR:   1 MEM_OUT: 291 ACC: 292 BUFF: 625 DC: 0 FLAG_ZERO: True FLAG_LT: 0 FLAG_GT: 0
INPUT_PORT:  []
OUT_PORT:  []
DATA_MEM:  [625, 291]
---------------------------------------
DEBUG    root:machine.py:309 JMP 0
TICK: 30297 PC:  21 ADDR:   1 MEM_OUT: 292 ACC: 292 BUFF: 625 DC: 0 FLAG_ZERO: True FLAG_LT: 0 FLAG_GT: 0
INPUT_PORT:  []
OUT_PORT:  []
DATA_MEM:  [625, 292]
---------------------------------------
DEBUG    root:machine.py:309 LD 0
TICK: 30300 PC:   0 ADDR:   1 MEM_OUT: 292 ACC: 292 BUFF: 625 DC: 0 FLAG_ZERO: True FLAG_LT: 0 FLAG_GT: 0
INPUT_PORT:  []
OUT_PORT:  []
DATA_MEM:  [625, 292]
---------------------------------------
DEBUG    root:machine.py:309 INC 
TICK: 30304 PC:   1 ADDR:   0 MEM_OUT: 625 ACC: 625 BUFF: 625 DC: 0 FLAG_ZERO: True FLAG_LT: 0 FLAG_GT: 0
INPUT_PORT:  []
OUT_PORT:  []
DATA_MEM:  [625, 292]
---------------------------------------
DEBUG    root:machine.py:309 ST 0
TICK: 30307 PC:   2 ADDR:   0 MEM_OUT: 625 ACC: 626 BUFF: 625 DC: 0 FLAG_ZERO: True FLAG_LT: 0 FLAG_GT: 0
INPUT_PORT:  []
OUT_PORT:  []
DATA_MEM:  [625, 292]
---------------------------------------
DEBUG    root:machine.py:309 CMP 1000
TICK: 30311 PC:   3 ADDR:   0 MEM_OUT: 626 ACC: 626 BUFF: 625 DC: 0 FLAG_ZERO: True FLAG_LT: 0 FLAG_GT: 0
INPUT_PORT:  []
OUT_PORT:  []
DATA_MEM:  [626, 292]
---------------------------------------
DEBUG    root:machine.py:309 JGE 22
TICK: 30314 PC:   4 ADDR:   0 MEM_OUT: 626 ACC: 626 BUFF: 625 DC: 0 FLAG_ZERO: False FLAG_LT: 1 FLAG_GT: 0
INPUT_PORT:  []
OUT_PORT:  []
DATA_MEM:  [626, 292]
---------------------------------------
DEBUG    root:machine.py:309 LD 0
TICK: 30317 PC:   5 ADDR:   0 MEM_OUT: 626 ACC: 626 BUFF: 625 DC: 0 FLAG_ZERO: False FLAG_LT: 1 FLAG_GT: 0
INPUT_PORT:  []
OUT_PORT:  []
DATA_MEM:  [626, 292]
---------------------------------------
DEBUG    root:machine.py:309 MOD 3
TICK: 30321 PC:   6 ADDR:   0 MEM_OUT: 626 ACC: 626 BUFF: 625 DC: 0 FLAG_ZERO: False FLAG_LT: 1 FLAG_GT: 0
INPUT_PORT:  []
OUT_PORT:  []
DATA_MEM:  [626, 292]
---------------------------------------
DEBUG    root:machine.py:309 CMP 0
TICK: 30325 PC:   7 ADDR:   0 MEM_OUT: 626 ACC: 2 BUFF: 626 DC: 0 FLAG_ZERO: False FLAG_LT: 1 FLAG_GT: 0
INPUT_PORT:  []
OUT_PORT:  []
DATA_MEM:  [626, 292]
---------------------------------------
DEBUG    root:machine.py:309 JE 14
TICK: 30328 PC:   8 ADDR:   0 MEM_OUT: 626 ACC: 2 BUFF: 626 DC: 0 FLAG_ZERO: False FLAG_LT: 0 FLAG_GT: 1
INPUT_PORT:  []
OUT_PORT:  []
DATA_MEM:  [626, 292]
---------------------------------------
DEBUG    root:machine.py:309 LD 0
TICK: 30331 PC:   9 ADDR:   0 MEM_OUT: 626 ACC: 2 BUFF: 626 DC: 0 FLAG_ZERO: False FLAG_LT: 0 FLAG_GT: 1
INPUT_PORT:  []
OUT_PORT:  []
DATA_MEM:  [626, 292]
---------------------------------------
DEBUG    root:machine.py:309 MOD 5
TICK: 30335 PC:  10 ADDR:   0 MEM_OUT: 626 ACC: 626 BUFF: 626 DC: 0 FLAG_ZERO: False FLAG_LT: 0 FLAG_GT: 1
INPUT_PORT:  []
OUT_PORT:  []
DATA_MEM:  [626, 292]
---------------------------------------
DEBUG    root:machine.py:309 CMP 0
TICK: 30339 PC:  11 ADDR:   0 MEM_OUT: 626 ACC: 1 BUFF: 626 DC: 0 FLAG_ZERO: False FLAG_LT: 0 FLAG_GT: 1
INPUT_PORT:  []
OUT_PORT:  []
DATA_MEM:  [626, 292]
---------------------------------------
DEBUG    root:machine.py:309 JE 18
TICK: 30342 PC:  12 ADDR:   0 MEM_OUT: 626 ACC: 1 BUFF: 626 DC: 0 FLAG_ZERO: False FLAG_LT: 0 FLAG_GT: 1
INPUT_PORT:  []
OUT_PORT:  []
DATA_MEM:  [626, 292]
---------------------------------------
DEBUG    root:machine.py:309 JMP 0
TICK: 30345 PC:  13 ADDR:   0 MEM_OUT: 626 ACC: 1 BUFF: 626 DC: 0 FLAG_ZERO: False FLAG_LT: 0 FLAG_GT: 1
INPUT_PORT:  []
OUT_PORT:  []
DATA_MEM:  [626, 292]
---------------------------------------
DEBUG    root:machine.py:309 LD 0
TICK: 30348 PC:   0 ADDR:   0 MEM_OUT: 626 ACC: 1 BUFF: 626 DC: 0 FLAG_ZERO: False FLAG_LT: 0 FLAG_GT: 1
INPUT_PORT:  []
OUT_PORT:  []
DATA_MEM:  [626, 292]
---------------------------------------
DEBUG    root:machine.py:309 INC 
TICK: 30352 PC:   1 ADDR:   0 MEM_OUT: 626 ACC: 626 BUFF: 626 DC: 0 FLAG_ZERO: False FLAG_LT: 0 FLAG_GT: 1
INPUT_PORT:  []
OUT_PORT:  []
DATA_MEM:  [626, 292]
---------------------------------------
DEBUG    root:machine.py:309 ST 0
TICK: 30355 PC:   2 ADDR:   0 MEM_OUT: 626 ACC: 627 BUFF: 626 DC: 0 FLAG_ZERO: False FLAG_LT: 0 FLAG_GT: 1
INPUT_PORT:  []
OUT_PORT:  []
DATA_MEM:  [626, 292]
---------------------------------------
DEBUG    root:machine.py:309 CMP 1000
TICK: 30359 PC:   3 ADDR:   0 MEM_OUT: 627 ACC: 627 BUFF: 626 DC: 0 FLAG_ZERO: False FLAG_LT: 0 FLAG_GT: 1
INPUT_PORT:  []
OUT_PORT:  []
DATA_MEM:  [627, 292]
---------------------------------------
DEBUG    root:machine.py:309 JGE 22
TICK: 30362 PC:   4 ADDR:   0 MEM_OUT: 627 ACC: 627 BUFF: 626 DC: 0 FLAG_ZERO: False FLAG_LT: 1 FLAG_GT: 0
INPUT_PORT:  []
OUT_PORT:  []
DATA_MEM:  [627, 292]
---------------------------------------
DEBUG    root:machine.py:309 LD 0
TICK: 30365 PC:   5 ADDR:   0 MEM_OUT: 627 ACC: 627 BUFF: 626 DC: 0 FLAG_ZERO: False FLAG_LT: 1 FLAG_GT: 0
INPUT_PORT:  []
OUT_PORT:  []
DATA_MEM:  [627, 292]
---------------------------------------
DEBUG    root:machine.py:309 MOD 3
TICK: 30369 PC:   6 ADDR:   0 MEM_OUT: 627 ACC: 627 BUFF: 626 DC: 0 FLAG_ZERO: False FLAG_LT: 1 FLAG_GT: 0
INPUT_PORT:  []
OUT_PORT:  []
DATA_MEM:  [627, 292]
---------------------------------------
DEBUG    root:machine.py:309 CMP 0
TICK: 30373 PC:   7 ADDR:   0 MEM_OUT: 627 ACC: 0 BUFF: 627 DC: 0 FLAG_ZERO: False FLAG_LT: 1 FLAG_GT: 0
INPUT_PORT:  []
OUT_PORT:  []
DATA_MEM:  [627, 292]
---------------------------------------
DEBUG    root:machine.py:309 JE 14
TICK: 30376 PC:   8 ADDR:   0 MEM_OUT: 627 ACC: 0 BUFF: 627 DC: 0 FLAG_ZERO: True FLAG_LT: 0 FLAG_GT: 0
INPUT_PORT:  []
OUT_PORT:  []
DATA_MEM:  [627, 292]
---------------------------------------
DEBUG    root:machine.py:309 LD 4
TICK: 30379 PC:  14 ADDR:   0 MEM_OUT: 627 ACC: 0 BUFF: 627 DC: 0 FLAG_ZERO: True FLAG_LT: 0 FLAG_GT: 0
INPUT_PORT:  []
OUT_PORT:  []
DATA_MEM:  [627, 292]
---------------------------------------
DEBUG    root:machine.py:309 INC 
TICK: 30383 PC:  15 ADDR:   1 MEM_OUT: 292 ACC: 292 BUFF: 627 DC: 0 FLAG_ZERO: True FLAG_LT: 0 FLAG_GT: 0
INPUT_PORT:  []
OUT_PORT:  []
DATA_MEM:  [627, 292]
---------------------------------------
DEBUG    root:machine.py:309 ST 4
TICK: 30386 PC:  16 ADDR:   1 MEM_OUT: 292 ACC: 293 BUFF: 627 DC: 0 FLAG_ZERO: True FLAG_LT: 0 FLAG_GT: 0
INPUT_PORT:  []
OUT_PORT:  []
DATA_MEM:  [627, 292]
---------------------------------------
DEBUG    root:machine.py:309 JMP 0
TICK: 30390 PC:  17 ADDR:   1 MEM_OUT: 293 ACC: 293 BUFF: 627 DC: 0 FLAG_ZERO: True FLAG_LT: 0 FLAG_GT: 0
INPUT_PORT:  []
OUT_PORT:  []
DATA_MEM:  [627, 293]
---------------------------------------
DEBUG    root:machine.py:309 LD 0
TICK: 30393 PC:   0 ADDR:   1 MEM_OUT: 293 ACC: 293 BUFF: 627 DC: 0 FLAG_ZERO: True FLAG_LT: 0 FLAG_GT: 0
INPUT_PORT:  []
OUT_PORT:  []
DATA_MEM:  [627, 293]
---------------------------------------
DEBUG    root:machine.py:309 INC 
TICK: 30397 PC:   1 ADDR:   0 MEM_OUT: 627 ACC: 627 BUFF: 627 DC: 0 FLAG_ZERO: True FLAG_LT: 0 FLAG_GT: 0
INPUT_PORT:  []
OUT_PORT:  []
DATA_MEM:  [627, 293]
---------------------------------------
DEBUG    root:machine.py:309 ST 0
TICK: 30400 PC:   2 ADDR:   0 MEM_OUT: 627 ACC: 628 BUFF: 627 DC: 0 FLAG_ZERO: True FLAG_LT: 0 FLAG_GT: 0
INPUT_PORT:  []
OUT_PORT:  []
DATA_MEM:  [627, 293]
---------------------------------------
DEBUG    root:machine.py:309 CMP 1000
TICK: 30404 PC:   3 ADDR:   0 MEM_OUT: 628 ACC: 628 BUFF: 627 DC: 0 FLAG_ZERO: True FLAG_LT: 0 FLAG_GT: 0
INPUT_PORT:  []
OUT_PORT:  []
DATA_MEM:  [628, 293]
---------------------------------------
DEBUG    root:machine.py:309 JGE 22
TICK: 30407 PC:   4 ADDR:   0 MEM_OUT: 628 ACC: 628 BUFF: 627 DC: 0 FLAG_ZERO: False FLAG_LT: 1 FLAG_GT: 0
INPUT_PORT:  []
OUT_PORT:  []
DATA_MEM:  [628, 293]
---------------------------------------
DEBUG    root:machine.py:309 LD 0
TICK: 30410 PC:   5 ADDR:   0 MEM_OUT: 628 ACC: 628 BUFF: 627 DC: 0 FLAG_ZERO: False FLAG_LT: 1 FLAG_GT: 0
INPUT_PORT:  []
OUT_PORT:  []
DATA_MEM:  [628, 293]
---------------------------------------
DEBUG    root:machine.py:309 MOD 3
TICK: 30414 PC:   6 ADDR:   0 MEM_OUT: 628 ACC: 628 BUFF: 627 DC: 0 FLAG_ZERO: False FLAG_LT: 1 FLAG_GT: 0
INPUT_PORT:  []
OUT_PORT:  []
DATA_MEM:  [628, 293]
---------------------------------------
DEBUG    root:machine.py:309 CMP 0
TICK: 30418 PC:   7 ADDR:   0 MEM_OUT: 628 ACC: 1 BUFF: 628 DC: 0 FLAG_ZERO: False FLAG_LT: 1 FLAG_GT: 0
INPUT_PORT:  []
OUT_PORT:  []
DATA_MEM:  [628, 293]
---------------------------------------
DEBUG    root:machine.py:309 JE 14
TICK: 30421 PC:   8 ADDR:   0 MEM_OUT: 628 ACC: 1 BUFF: 628 DC: 0 FLAG_ZERO: False FLAG_LT: 0 FLAG_GT: 1
INPUT_PORT:  []
OUT_PORT:  []
DATA_MEM:  [628, 293]
---------------------------------------
DEBUG    root:machine.py:309 LD 0
TICK: 30424 PC:   9 ADDR:   0 MEM_OUT: 628 ACC: 1 BUFF: 628 DC: 0 FLAG_ZERO: False FLAG_LT: 0 FLAG_GT: 1
INPUT_PORT:  []
OUT_PORT:  []
DATA_MEM:  [628, 293]
---------------------------------------
DEBUG    root:machine.py:309 MOD 5
TICK: 30428 PC:  10 ADDR:   0 MEM_OUT: 628 ACC: 628 BUFF: 628 DC: 0 FLAG_ZERO: False FLAG_LT: 0 FLAG_GT: 1
INPUT_PORT:  []
OUT_PORT:  []
DATA_MEM:  [628, 293]
---------------------------------------
DEBUG    root:machine.py:309 CMP 0
TICK: 30432 PC:  11 ADDR:   0 MEM_OUT: 628 ACC: 3 BUFF: 628 DC: 0 FLAG_ZERO: False FLAG_LT: 0 FLAG_GT: 1
INPUT_PORT:  []
OUT_PORT:  []
DATA_MEM:  [628, 293]
---------------------------------------
DEBUG    root:machine.py:309 JE 18
TICK: 30435 PC:  12 ADDR:   0 MEM_OUT: 628 ACC: 3 BUFF: 628 DC: 0 FLAG_ZERO: False FLAG_LT: 0 FLAG_GT: 1
INPUT_PORT:  []
OUT_PORT:  []
DATA_MEM:  [628, 293]
---------------------------------------
DEBUG    root:machine.py:309 JMP 0
TICK: 30438 PC:  13 ADDR:   0 MEM_OUT: 628 ACC: 3 BUFF: 628 DC: 0 FLAG_ZERO: False FLAG_LT: 0 FLAG_GT: 1
INPUT_PORT:  []
OUT_PORT:  []
DATA_MEM:  [628, 293]
---------------------------------------
DEBUG    root:machine.py:309 LD 0
TICK: 30441 PC:   0 ADDR:   0 MEM_OUT: 628 ACC: 3 BUFF: 628 DC: 0 FLAG_ZERO: False FLAG_LT: 0 FLAG_GT: 1
INPUT_PORT:  []
OUT_PORT:  []
DATA_MEM:  [628, 293]
---------------------------------------
DEBUG    root:machine.py:309 INC 
TICK: 30445 PC:   1 ADDR:   0 MEM_OUT: 628 ACC: 628 BUFF: 628 DC: 0 FLAG_ZERO: False FLAG_LT: 0 FLAG_GT: 1
INPUT_PORT:  []
OUT_PORT:  []
DATA_MEM:  [628, 293]
---------------------------------------
DEBUG    root:machine.py:309 ST 0
TICK: 30448 PC:   2 ADDR:   0 MEM_OUT: 628 ACC: 629 BUFF: 628 DC: 0 FLAG_ZERO: False FLAG_LT: 0 FLAG_GT: 1
INPUT_PORT:  []
OUT_PORT:  []
DATA_MEM:  [628, 293]
---------------------------------------
DEBUG    root:machine.py:309 CMP 1000
TICK: 30452 PC:   3 ADDR:   0 MEM_OUT: 629 ACC: 629 BUFF: 628 DC: 0 FLAG_ZERO: False FLAG_LT: 0 FLAG_GT: 1
INPUT_PORT:  []
OUT_PORT:  []
DATA_MEM:  [629, 293]
---------------------------------------
DEBUG    root:machine.py:309 JGE 22
TICK: 30455 PC:   4 ADDR:   0 MEM_OUT: 629 ACC: 629 BUFF: 628 DC: 0 FLAG_ZERO: False FLAG_LT: 1 FLAG_GT: 0
INPUT_PORT:  []
OUT_PORT:  []
DATA_MEM:  [629, 293]
---------------------------------------
DEBUG    root:machine.py:309 LD 0
TICK: 30458 PC:   5 ADDR:   0 MEM_OUT: 629 ACC: 629 BUFF: 628 DC: 0 FLAG_ZERO: False FLAG_LT: 1 FLAG_GT: 0
INPUT_PORT:  []
OUT_PORT:  []
DATA_MEM:  [629, 293]
---------------------------------------
DEBUG    root:machine.py:309 MOD 3
TICK: 30462 PC:   6 ADDR:   0 MEM_OUT: 629 ACC: 629 BUFF: 628 DC: 0 FLAG_ZERO: False FLAG_LT: 1 FLAG_GT: 0
INPUT_PORT:  []
OUT_PORT:  []
DATA_MEM:  [629, 293]
---------------------------------------
DEBUG    root:machine.py:309 CMP 0
TICK: 30466 PC:   7 ADDR:   0 MEM_OUT: 629 ACC: 2 BUFF: 629 DC: 0 FLAG_ZERO: False FLAG_LT: 1 FLAG_GT: 0
INPUT_PORT:  []
OUT_PORT:  []
DATA_MEM:  [629, 293]
---------------------------------------
DEBUG    root:machine.py:309 JE 14
TICK: 30469 PC:   8 ADDR:   0 MEM_OUT: 629 ACC: 2 BUFF: 629 DC: 0 FLAG_ZERO: False FLAG_LT: 0 FLAG_GT: 1
INPUT_PORT:  []
OUT_PORT:  []
DATA_MEM:  [629, 293]
---------------------------------------
DEBUG    root:machine.py:309 LD 0
TICK: 30472 PC:   9 ADDR:   0 MEM_OUT: 629 ACC: 2 BUFF: 629 DC: 0 FLAG_ZERO: False FLAG_LT: 0 FLAG_GT: 1
INPUT_PORT:  []
OUT_PORT:  []
DATA_MEM:  [629, 293]
---------------------------------------
DEBUG    root:machine.py:309 MOD 5
TICK: 30476 PC:  10 ADDR:   0 MEM_OUT: 629 ACC: 629 BUFF: 629 DC: 0 FLAG_ZERO: False FLAG_LT: 0 FLAG_GT: 1
INPUT_PORT:  []
OUT_PORT:  []
DATA_MEM:  [629, 293]
---------------------------------------
DEBUG    root:machine.py:309 CMP 0
TICK: 30480 PC:  11 ADDR:   0 MEM_OUT: 629 ACC: 4 BUFF: 629 DC: 0 FLAG_ZERO: False FLAG_LT: 0 FLAG_GT: 1
INPUT_PORT:  []
OUT_PORT:  []
DATA_MEM:  [629, 293]
---------------------------------------
DEBUG    root:machine.py:309 JE 18
TICK: 30483 PC:  12 ADDR:   0 MEM_OUT: 629 ACC: 4 BUFF: 629 DC: 0 FLAG_ZERO: False FLAG_LT: 0 FLAG_GT: 1
INPUT_PORT:  []
OUT_PORT:  []
DATA_MEM:  [629, 293]
---------------------------------------
DEBUG    root:machine.py:309 JMP 0
TICK: 30486 PC:  13 ADDR:   0 MEM_OUT: 629 ACC: 4 BUFF: 629 DC: 0 FLAG_ZERO: False FLAG_LT: 0 FLAG_GT: 1
INPUT_PORT:  []
OUT_PORT:  []
DATA_MEM:  [629, 293]
---------------------------------------
DEBUG    root:machine.py:309 LD 0
TICK: 30489 PC:   0 ADDR:   0 MEM_OUT: 629 ACC: 4 BUFF: 629 DC: 0 FLAG_ZERO: False FLAG_LT: 0 FLAG_GT: 1
INPUT_PORT:  []
OUT_PORT:  []
DATA_MEM:  [629, 293]
---------------------------------------
DEBUG    root:machine.py:309 INC 
TICK: 30493 PC:   1 ADDR:   0 MEM_OUT: 629 ACC: 629 BUFF: 629 DC: 0 FLAG_ZERO: False FLAG_LT: 0 FLAG_GT: 1
INPUT_PORT:  []
OUT_PORT:  []
DATA_MEM:  [629, 293]
---------------------------------------
DEBUG    root:machine.py:309 ST 0
TICK: 30496 PC:   2 ADDR:   0 MEM_OUT: 629 ACC: 630 BUFF: 629 DC: 0 FLAG_ZERO: False FLAG_LT: 0 FLAG_GT: 1
INPUT_PORT:  []
OUT_PORT:  []
DATA_MEM:  [629, 293]
---------------------------------------
DEBUG    root:machine.py:309 CMP 1000
TICK: 30500 PC:   3 ADDR:   0 MEM_OUT: 630 ACC: 630 BUFF: 629 DC: 0 FLAG_ZERO: False FLAG_LT: 0 FLAG_GT: 1
INPUT_PORT:  []
OUT_PORT:  []
DATA_MEM:  [630, 293]
---------------------------------------
DEBUG    root:machine.py:309 JGE 22
TICK: 30503 PC:   4 ADDR:   0 MEM_OUT: 630 ACC: 630 BUFF: 629 DC: 0 FLAG_ZERO: False FLAG_LT: 1 FLAG_GT: 0
INPUT_PORT:  []
OUT_PORT:  []
DATA_MEM:  [630, 293]
---------------------------------------
DEBUG    root:machine.py:309 LD 0
TICK: 30506 PC:   5 ADDR:   0 MEM_OUT: 630 ACC: 630 BUFF: 629 DC: 0 FLAG_ZERO: False FLAG_LT: 1 FLAG_GT: 0
INPUT_PORT:  []
OUT_PORT:  []
DATA_MEM:  [630, 293]
---------------------------------------
DEBUG    root:machine.py:309 MOD 3
TICK: 30510 PC:   6 ADDR:   0 MEM_OUT: 630 ACC: 630 BUFF: 629 DC: 0 FLAG_ZERO: False FLAG_LT: 1 FLAG_GT: 0
INPUT_PORT:  []
OUT_PORT:  []
DATA_MEM:  [630, 293]
---------------------------------------
DEBUG    root:machine.py:309 CMP 0
TICK: 30514 PC:   7 ADDR:   0 MEM_OUT: 630 ACC: 0 BUFF: 630 DC: 0 FLAG_ZERO: False FLAG_LT: 1 FLAG_GT: 0
INPUT_PORT:  []
OUT_PORT:  []
DATA_MEM:  [630, 293]
---------------------------------------
DEBUG    root:machine.py:309 JE 14
TICK: 30517 PC:   8 ADDR:   0 MEM_OUT: 630 ACC: 0 BUFF: 630 DC: 0 FLAG_ZERO: True FLAG_LT: 0 FLAG_GT: 0
INPUT_PORT:  []
OUT_PORT:  []
DATA_MEM:  [630, 293]
---------------------------------------
DEBUG    root:machine.py:309 LD 4
TICK: 30520 PC:  14 ADDR:   0 MEM_OUT: 630 ACC: 0 BUFF: 630 DC: 0 FLAG_ZERO: True FLAG_LT: 0 FLAG_GT: 0
INPUT_PORT:  []
OUT_PORT:  []
DATA_MEM:  [630, 293]
---------------------------------------
DEBUG    root:machine.py:309 INC 
TICK: 30524 PC:  15 ADDR:   1 MEM_OUT: 293 ACC: 293 BUFF: 630 DC: 0 FLAG_ZERO: True FLAG_LT: 0 FLAG_GT: 0
INPUT_PORT:  []
OUT_PORT:  []
DATA_MEM:  [630, 293]
---------------------------------------
DEBUG    root:machine.py:309 ST 4
TICK: 30527 PC:  16 ADDR:   1 MEM_OUT: 293 ACC: 294 BUFF: 630 DC: 0 FLAG_ZERO: True FLAG_LT: 0 FLAG_GT: 0
INPUT_PORT:  []
OUT_PORT:  []
DATA_MEM:  [630, 293]
---------------------------------------
DEBUG    root:machine.py:309 JMP 0
TICK: 30531 PC:  17 ADDR:   1 MEM_OUT: 294 ACC: 294 BUFF: 630 DC: 0 FLAG_ZERO: True FLAG_LT: 0 FLAG_GT: 0
INPUT_PORT:  []
OUT_PORT:  []
DATA_MEM:  [630, 294]
---------------------------------------
DEBUG    root:machine.py:309 LD 0
TICK: 30534 PC:   0 ADDR:   1 MEM_OUT: 294 ACC: 294 BUFF: 630 DC: 0 FLAG_ZERO: True FLAG_LT: 0 FLAG_GT: 0
INPUT_PORT:  []
OUT_PORT:  []
DATA_MEM:  [630, 294]
---------------------------------------
DEBUG    root:machine.py:309 INC 
TICK: 30538 PC:   1 ADDR:   0 MEM_OUT: 630 ACC: 630 BUFF: 630 DC: 0 FLAG_ZERO: True FLAG_LT: 0 FLAG_GT: 0
INPUT_PORT:  []
OUT_PORT:  []
DATA_MEM:  [630, 294]
---------------------------------------
DEBUG    root:machine.py:309 ST 0
TICK: 30541 PC:   2 ADDR:   0 MEM_OUT: 630 ACC: 631 BUFF: 630 DC: 0 FLAG_ZERO: True FLAG_LT: 0 FLAG_GT: 0
INPUT_PORT:  []
OUT_PORT:  []
DATA_MEM:  [630, 294]
---------------------------------------
DEBUG    root:machine.py:309 CMP 1000
TICK: 30545 PC:   3 ADDR:   0 MEM_OUT: 631 ACC: 631 BUFF: 630 DC: 0 FLAG_ZERO: True FLAG_LT: 0 FLAG_GT: 0
INPUT_PORT:  []
OUT_PORT:  []
DATA_MEM:  [631, 294]
---------------------------------------
DEBUG    root:machine.py:309 JGE 22
TICK: 30548 PC:   4 ADDR:   0 MEM_OUT: 631 ACC: 631 BUFF: 630 DC: 0 FLAG_ZERO: False FLAG_LT: 1 FLAG_GT: 0
INPUT_PORT:  []
OUT_PORT:  []
DATA_MEM:  [631, 294]
---------------------------------------
DEBUG    root:machine.py:309 LD 0
TICK: 30551 PC:   5 ADDR:   0 MEM_OUT: 631 ACC: 631 BUFF: 630 DC: 0 FLAG_ZERO: False FLAG_LT: 1 FLAG_GT: 0
INPUT_PORT:  []
OUT_PORT:  []
DATA_MEM:  [631, 294]
---------------------------------------
DEBUG    root:machine.py:309 MOD 3
TICK: 30555 PC:   6 ADDR:   0 MEM_OUT: 631 ACC: 631 BUFF: 630 DC: 0 FLAG_ZERO: False FLAG_LT: 1 FLAG_GT: 0
INPUT_PORT:  []
OUT_PORT:  []
DATA_MEM:  [631, 294]
---------------------------------------
DEBUG    root:machine.py:309 CMP 0
TICK: 30559 PC:   7 ADDR:   0 MEM_OUT: 631 ACC: 1 BUFF: 631 DC: 0 FLAG_ZERO: False FLAG_LT: 1 FLAG_GT: 0
INPUT_PORT:  []
OUT_PORT:  []
DATA_MEM:  [631, 294]
---------------------------------------
DEBUG    root:machine.py:309 JE 14
TICK: 30562 PC:   8 ADDR:   0 MEM_OUT: 631 ACC: 1 BUFF: 631 DC: 0 FLAG_ZERO: False FLAG_LT: 0 FLAG_GT: 1
INPUT_PORT:  []
OUT_PORT:  []
DATA_MEM:  [631, 294]
---------------------------------------
DEBUG    root:machine.py:309 LD 0
TICK: 30565 PC:   9 ADDR:   0 MEM_OUT: 631 ACC: 1 BUFF: 631 DC: 0 FLAG_ZERO: False FLAG_LT: 0 FLAG_GT: 1
INPUT_PORT:  []
OUT_PORT:  []
DATA_MEM:  [631, 294]
---------------------------------------
DEBUG    root:machine.py:309 MOD 5
TICK: 30569 PC:  10 ADDR:   0 MEM_OUT: 631 ACC: 631 BUFF: 631 DC: 0 FLAG_ZERO: False FLAG_LT: 0 FLAG_GT: 1
INPUT_PORT:  []
OUT_PORT:  []
DATA_MEM:  [631, 294]
---------------------------------------
DEBUG    root:machine.py:309 CMP 0
TICK: 30573 PC:  11 ADDR:   0 MEM_OUT: 631 ACC: 1 BUFF: 631 DC: 0 FLAG_ZERO: False FLAG_LT: 0 FLAG_GT: 1
INPUT_PORT:  []
OUT_PORT:  []
DATA_MEM:  [631, 294]
---------------------------------------
DEBUG    root:machine.py:309 JE 18
TICK: 30576 PC:  12 ADDR:   0 MEM_OUT: 631 ACC: 1 BUFF: 631 DC: 0 FLAG_ZERO: False FLAG_LT: 0 FLAG_GT: 1
INPUT_PORT:  []
OUT_PORT:  []
DATA_MEM:  [631, 294]
---------------------------------------
DEBUG    root:machine.py:309 JMP 0
TICK: 30579 PC:  13 ADDR:   0 MEM_OUT: 631 ACC: 1 BUFF: 631 DC: 0 FLAG_ZERO: False FLAG_LT: 0 FLAG_GT: 1
INPUT_PORT:  []
OUT_PORT:  []
DATA_MEM:  [631, 294]
---------------------------------------
DEBUG    root:machine.py:309 LD 0
TICK: 30582 PC:   0 ADDR:   0 MEM_OUT: 631 ACC: 1 BUFF: 631 DC: 0 FLAG_ZERO: False FLAG_LT: 0 FLAG_GT: 1
INPUT_PORT:  []
OUT_PORT:  []
DATA_MEM:  [631, 294]
---------------------------------------
DEBUG    root:machine.py:309 INC 
TICK: 30586 PC:   1 ADDR:   0 MEM_OUT: 631 ACC: 631 BUFF: 631 DC: 0 FLAG_ZERO: False FLAG_LT: 0 FLAG_GT: 1
INPUT_PORT:  []
OUT_PORT:  []
DATA_MEM:  [631, 294]
---------------------------------------
DEBUG    root:machine.py:309 ST 0
TICK: 30589 PC:   2 ADDR:   0 MEM_OUT: 631 ACC: 632 BUFF: 631 DC: 0 FLAG_ZERO: False FLAG_LT: 0 FLAG_GT: 1
INPUT_PORT:  []
OUT_PORT:  []
DATA_MEM:  [631, 294]
---------------------------------------
DEBUG    root:machine.py:309 CMP 1000
TICK: 30593 PC:   3 ADDR:   0 MEM_OUT: 632 ACC: 632 BUFF: 631 DC: 0 FLAG_ZERO: False FLAG_LT: 0 FLAG_GT: 1
INPUT_PORT:  []
OUT_PORT:  []
DATA_MEM:  [632, 294]
---------------------------------------
DEBUG    root:machine.py:309 JGE 22
TICK: 30596 PC:   4 ADDR:   0 MEM_OUT: 632 ACC: 632 BUFF: 631 DC: 0 FLAG_ZERO: False FLAG_LT: 1 FLAG_GT: 0
INPUT_PORT:  []
OUT_PORT:  []
DATA_MEM:  [632, 294]
---------------------------------------
DEBUG    root:machine.py:309 LD 0
TICK: 30599 PC:   5 ADDR:   0 MEM_OUT: 632 ACC: 632 BUFF: 631 DC: 0 FLAG_ZERO: False FLAG_LT: 1 FLAG_GT: 0
INPUT_PORT:  []
OUT_PORT:  []
DATA_MEM:  [632, 294]
---------------------------------------
DEBUG    root:machine.py:309 MOD 3
TICK: 30603 PC:   6 ADDR:   0 MEM_OUT: 632 ACC: 632 BUFF: 631 DC: 0 FLAG_ZERO: False FLAG_LT: 1 FLAG_GT: 0
INPUT_PORT:  []
OUT_PORT:  []
DATA_MEM:  [632, 294]
---------------------------------------
DEBUG    root:machine.py:309 CMP 0
TICK: 30607 PC:   7 ADDR:   0 MEM_OUT: 632 ACC: 2 BUFF: 632 DC: 0 FLAG_ZERO: False FLAG_LT: 1 FLAG_GT: 0
INPUT_PORT:  []
OUT_PORT:  []
DATA_MEM:  [632, 294]
---------------------------------------
DEBUG    root:machine.py:309 JE 14
TICK: 30610 PC:   8 ADDR:   0 MEM_OUT: 632 ACC: 2 BUFF: 632 DC: 0 FLAG_ZERO: False FLAG_LT: 0 FLAG_GT: 1
INPUT_PORT:  []
OUT_PORT:  []
DATA_MEM:  [632, 294]
---------------------------------------
DEBUG    root:machine.py:309 LD 0
TICK: 30613 PC:   9 ADDR:   0 MEM_OUT: 632 ACC: 2 BUFF: 632 DC: 0 FLAG_ZERO: False FLAG_LT: 0 FLAG_GT: 1
INPUT_PORT:  []
OUT_PORT:  []
DATA_MEM:  [632, 294]
---------------------------------------
DEBUG    root:machine.py:309 MOD 5
TICK: 30617 PC:  10 ADDR:   0 MEM_OUT: 632 ACC: 632 BUFF: 632 DC: 0 FLAG_ZERO: False FLAG_LT: 0 FLAG_GT: 1
INPUT_PORT:  []
OUT_PORT:  []
DATA_MEM:  [632, 294]
---------------------------------------
DEBUG    root:machine.py:309 CMP 0
TICK: 30621 PC:  11 ADDR:   0 MEM_OUT: 632 ACC: 2 BUFF: 632 DC: 0 FLAG_ZERO: False FLAG_LT: 0 FLAG_GT: 1
INPUT_PORT:  []
OUT_PORT:  []
DATA_MEM:  [632, 294]
---------------------------------------
DEBUG    root:machine.py:309 JE 18
TICK: 30624 PC:  12 ADDR:   0 MEM_OUT: 632 ACC: 2 BUFF: 632 DC: 0 FLAG_ZERO: False FLAG_LT: 0 FLAG_GT: 1
INPUT_PORT:  []
OUT_PORT:  []
DATA_MEM:  [632, 294]
---------------------------------------
DEBUG    root:machine.py:309 JMP 0
TICK: 30627 PC:  13 ADDR:   0 MEM_OUT: 632 ACC: 2 BUFF: 632 DC: 0 FLAG_ZERO: False FLAG_LT: 0 FLAG_GT: 1
INPUT_PORT:  []
OUT_PORT:  []
DATA_MEM:  [632, 294]
---------------------------------------
DEBUG    root:machine.py:309 LD 0
TICK: 30630 PC:   0 ADDR:   0 MEM_OUT: 632 ACC: 2 BUFF: 632 DC: 0 FLAG_ZERO: False FLAG_LT: 0 FLAG_GT: 1
INPUT_PORT:  []
OUT_PORT:  []
DATA_MEM:  [632, 294]
---------------------------------------
DEBUG    root:machine.py:309 INC 
TICK: 30634 PC:   1 ADDR:   0 MEM_OUT: 632 ACC: 632 BUFF: 632 DC: 0 FLAG_ZERO: False FLAG_LT: 0 FLAG_GT: 1
INPUT_PORT:  []
OUT_PORT:  []
DATA_MEM:  [632, 294]
---------------------------------------
DEBUG    root:machine.py:309 ST 0
TICK: 30637 PC:   2 ADDR:   0 MEM_OUT: 632 ACC: 633 BUFF: 632 DC: 0 FLAG_ZERO: False FLAG_LT: 0 FLAG_GT: 1
INPUT_PORT:  []
OUT_PORT:  []
DATA_MEM:  [632, 294]
---------------------------------------
DEBUG    root:machine.py:309 CMP 1000
TICK: 30641 PC:   3 ADDR:   0 MEM_OUT: 633 ACC: 633 BUFF: 632 DC: 0 FLAG_ZERO: False FLAG_LT: 0 FLAG_GT: 1
INPUT_PORT:  []
OUT_PORT:  []
DATA_MEM:  [633, 294]
---------------------------------------
DEBUG    root:machine.py:309 JGE 22
TICK: 30644 PC:   4 ADDR:   0 MEM_OUT: 633 ACC: 633 BUFF: 632 DC: 0 FLAG_ZERO: False FLAG_LT: 1 FLAG_GT: 0
INPUT_PORT:  []
OUT_PORT:  []
DATA_MEM:  [633, 294]
---------------------------------------
DEBUG    root:machine.py:309 LD 0
TICK: 30647 PC:   5 ADDR:   0 MEM_OUT: 633 ACC: 633 BUFF: 632 DC: 0 FLAG_ZERO: False FLAG_LT: 1 FLAG_GT: 0
INPUT_PORT:  []
OUT_PORT:  []
DATA_MEM:  [633, 294]
---------------------------------------
DEBUG    root:machine.py:309 MOD 3
TICK: 30651 PC:   6 ADDR:   0 MEM_OUT: 633 ACC: 633 BUFF: 632 DC: 0 FLAG_ZERO: False FLAG_LT: 1 FLAG_GT: 0
INPUT_PORT:  []
OUT_PORT:  []
DATA_MEM:  [633, 294]
---------------------------------------
DEBUG    root:machine.py:309 CMP 0
TICK: 30655 PC:   7 ADDR:   0 MEM_OUT: 633 ACC: 0 BUFF: 633 DC: 0 FLAG_ZERO: False FLAG_LT: 1 FLAG_GT: 0
INPUT_PORT:  []
OUT_PORT:  []
DATA_MEM:  [633, 294]
---------------------------------------
DEBUG    root:machine.py:309 JE 14
TICK: 30658 PC:   8 ADDR:   0 MEM_OUT: 633 ACC: 0 BUFF: 633 DC: 0 FLAG_ZERO: True FLAG_LT: 0 FLAG_GT: 0
INPUT_PORT:  []
OUT_PORT:  []
DATA_MEM:  [633, 294]
---------------------------------------
DEBUG    root:machine.py:309 LD 4
TICK: 30661 PC:  14 ADDR:   0 MEM_OUT: 633 ACC: 0 BUFF: 633 DC: 0 FLAG_ZERO: True FLAG_LT: 0 FLAG_GT: 0
INPUT_PORT:  []
OUT_PORT:  []
DATA_MEM:  [633, 294]
---------------------------------------
DEBUG    root:machine.py:309 INC 
TICK: 30665 PC:  15 ADDR:   1 MEM_OUT: 294 ACC: 294 BUFF: 633 DC: 0 FLAG_ZERO: True FLAG_LT: 0 FLAG_GT: 0
INPUT_PORT:  []
OUT_PORT:  []
DATA_MEM:  [633, 294]
---------------------------------------
DEBUG    root:machine.py:309 ST 4
TICK: 30668 PC:  16 ADDR:   1 MEM_OUT: 294 ACC: 295 BUFF: 633 DC: 0 FLAG_ZERO: True FLAG_LT: 0 FLAG_GT: 0
INPUT_PORT:  []
OUT_PORT:  []
DATA_MEM:  [633, 294]
---------------------------------------
DEBUG    root:machine.py:309 JMP 0
TICK: 30672 PC:  17 ADDR:   1 MEM_OUT: 295 ACC: 295 BUFF: 633 DC: 0 FLAG_ZERO: True FLAG_LT: 0 FLAG_GT: 0
INPUT_PORT:  []
OUT_PORT:  []
DATA_MEM:  [633, 295]
---------------------------------------
DEBUG    root:machine.py:309 LD 0
TICK: 30675 PC:   0 ADDR:   1 MEM_OUT: 295 ACC: 295 BUFF: 633 DC: 0 FLAG_ZERO: True FLAG_LT: 0 FLAG_GT: 0
INPUT_PORT:  []
OUT_PORT:  []
DATA_MEM:  [633, 295]
---------------------------------------
DEBUG    root:machine.py:309 INC 
TICK: 30679 PC:   1 ADDR:   0 MEM_OUT: 633 ACC: 633 BUFF: 633 DC: 0 FLAG_ZERO: True FLAG_LT: 0 FLAG_GT: 0
INPUT_PORT:  []
OUT_PORT:  []
DATA_MEM:  [633, 295]
---------------------------------------
DEBUG    root:machine.py:309 ST 0
TICK: 30682 PC:   2 ADDR:   0 MEM_OUT: 633 ACC: 634 BUFF: 633 DC: 0 FLAG_ZERO: True FLAG_LT: 0 FLAG_GT: 0
INPUT_PORT:  []
OUT_PORT:  []
DATA_MEM:  [633, 295]
---------------------------------------
DEBUG    root:machine.py:309 CMP 1000
TICK: 30686 PC:   3 ADDR:   0 MEM_OUT: 634 ACC: 634 BUFF: 633 DC: 0 FLAG_ZERO: True FLAG_LT: 0 FLAG_GT: 0
INPUT_PORT:  []
OUT_PORT:  []
DATA_MEM:  [634, 295]
---------------------------------------
DEBUG    root:machine.py:309 JGE 22
TICK: 30689 PC:   4 ADDR:   0 MEM_OUT: 634 ACC: 634 BUFF: 633 DC: 0 FLAG_ZERO: False FLAG_LT: 1 FLAG_GT: 0
INPUT_PORT:  []
OUT_PORT:  []
DATA_MEM:  [634, 295]
---------------------------------------
DEBUG    root:machine.py:309 LD 0
TICK: 30692 PC:   5 ADDR:   0 MEM_OUT: 634 ACC: 634 BUFF: 633 DC: 0 FLAG_ZERO: False FLAG_LT: 1 FLAG_GT: 0
INPUT_PORT:  []
OUT_PORT:  []
DATA_MEM:  [634, 295]
---------------------------------------
DEBUG    root:machine.py:309 MOD 3
TICK: 30696 PC:   6 ADDR:   0 MEM_OUT: 634 ACC: 634 BUFF: 633 DC: 0 FLAG_ZERO: False FLAG_LT: 1 FLAG_GT: 0
INPUT_PORT:  []
OUT_PORT:  []
DATA_MEM:  [634, 295]
---------------------------------------
DEBUG    root:machine.py:309 CMP 0
TICK: 30700 PC:   7 ADDR:   0 MEM_OUT: 634 ACC: 1 BUFF: 634 DC: 0 FLAG_ZERO: False FLAG_LT: 1 FLAG_GT: 0
INPUT_PORT:  []
OUT_PORT:  []
DATA_MEM:  [634, 295]
---------------------------------------
DEBUG    root:machine.py:309 JE 14
TICK: 30703 PC:   8 ADDR:   0 MEM_OUT: 634 ACC: 1 BUFF: 634 DC: 0 FLAG_ZERO: False FLAG_LT: 0 FLAG_GT: 1
INPUT_PORT:  []
OUT_PORT:  []
DATA_MEM:  [634, 295]
---------------------------------------
DEBUG    root:machine.py:309 LD 0
TICK: 30706 PC:   9 ADDR:   0 MEM_OUT: 634 ACC: 1 BUFF: 634 DC: 0 FLAG_ZERO: False FLAG_LT: 0 FLAG_GT: 1
INPUT_PORT:  []
OUT_PORT:  []
DATA_MEM:  [634, 295]
---------------------------------------
DEBUG    root:machine.py:309 MOD 5
TICK: 30710 PC:  10 ADDR:   0 MEM_OUT: 634 ACC: 634 BUFF: 634 DC: 0 FLAG_ZERO: False FLAG_LT: 0 FLAG_GT: 1
INPUT_PORT:  []
OUT_PORT:  []
DATA_MEM:  [634, 295]
---------------------------------------
DEBUG    root:machine.py:309 CMP 0
TICK: 30714 PC:  11 ADDR:   0 MEM_OUT: 634 ACC: 4 BUFF: 634 DC: 0 FLAG_ZERO: False FLAG_LT: 0 FLAG_GT: 1
INPUT_PORT:  []
OUT_PORT:  []
DATA_MEM:  [634, 295]
---------------------------------------
DEBUG    root:machine.py:309 JE 18
TICK: 30717 PC:  12 ADDR:   0 MEM_OUT: 634 ACC: 4 BUFF: 634 DC: 0 FLAG_ZERO: False FLAG_LT: 0 FLAG_GT: 1
INPUT_PORT:  []
OUT_PORT:  []
DATA_MEM:  [634, 295]
---------------------------------------
DEBUG    root:machine.py:309 JMP 0
TICK: 30720 PC:  13 ADDR:   0 MEM_OUT: 634 ACC: 4 BUFF: 634 DC: 0 FLAG_ZERO: False FLAG_LT: 0 FLAG_GT: 1
INPUT_PORT:  []
OUT_PORT:  []
DATA_MEM:  [634, 295]
---------------------------------------
DEBUG    root:machine.py:309 LD 0
TICK: 30723 PC:   0 ADDR:   0 MEM_OUT: 634 ACC: 4 BUFF: 634 DC: 0 FLAG_ZERO: False FLAG_LT: 0 FLAG_GT: 1
INPUT_PORT:  []
OUT_PORT:  []
DATA_MEM:  [634, 295]
---------------------------------------
DEBUG    root:machine.py:309 INC 
TICK: 30727 PC:   1 ADDR:   0 MEM_OUT: 634 ACC: 634 BUFF: 634 DC: 0 FLAG_ZERO: False FLAG_LT: 0 FLAG_GT: 1
INPUT_PORT:  []
OUT_PORT:  []
DATA_MEM:  [634, 295]
---------------------------------------
DEBUG    root:machine.py:309 ST 0
TICK: 30730 PC:   2 ADDR:   0 MEM_OUT: 634 ACC: 635 BUFF: 634 DC: 0 FLAG_ZERO: False FLAG_LT: 0 FLAG_GT: 1
INPUT_PORT:  []
OUT_PORT:  []
DATA_MEM:  [634, 295]
---------------------------------------
DEBUG    root:machine.py:309 CMP 1000
TICK: 30734 PC:   3 ADDR:   0 MEM_OUT: 635 ACC: 635 BUFF: 634 DC: 0 FLAG_ZERO: False FLAG_LT: 0 FLAG_GT: 1
INPUT_PORT:  []
OUT_PORT:  []
DATA_MEM:  [635, 295]
---------------------------------------
DEBUG    root:machine.py:309 JGE 22
TICK: 30737 PC:   4 ADDR:   0 MEM_OUT: 635 ACC: 635 BUFF: 634 DC: 0 FLAG_ZERO: False FLAG_LT: 1 FLAG_GT: 0
INPUT_PORT:  []
OUT_PORT:  []
DATA_MEM:  [635, 295]
---------------------------------------
DEBUG    root:machine.py:309 LD 0
TICK: 30740 PC:   5 ADDR:   0 MEM_OUT: 635 ACC: 635 BUFF: 634 DC: 0 FLAG_ZERO: False FLAG_LT: 1 FLAG_GT: 0
INPUT_PORT:  []
OUT_PORT:  []
DATA_MEM:  [635, 295]
---------------------------------------
DEBUG    root:machine.py:309 MOD 3
TICK: 30744 PC:   6 ADDR:   0 MEM_OUT: 635 ACC: 635 BUFF: 634 DC: 0 FLAG_ZERO: False FLAG_LT: 1 FLAG_GT: 0
INPUT_PORT:  []
OUT_PORT:  []
DATA_MEM:  [635, 295]
---------------------------------------
DEBUG    root:machine.py:309 CMP 0
TICK: 30748 PC:   7 ADDR:   0 MEM_OUT: 635 ACC: 2 BUFF: 635 DC: 0 FLAG_ZERO: False FLAG_LT: 1 FLAG_GT: 0
INPUT_PORT:  []
OUT_PORT:  []
DATA_MEM:  [635, 295]
---------------------------------------
DEBUG    root:machine.py:309 JE 14
TICK: 30751 PC:   8 ADDR:   0 MEM_OUT: 635 ACC: 2 BUFF: 635 DC: 0 FLAG_ZERO: False FLAG_LT: 0 FLAG_GT: 1
INPUT_PORT:  []
OUT_PORT:  []
DATA_MEM:  [635, 295]
---------------------------------------
DEBUG    root:machine.py:309 LD 0
TICK: 30754 PC:   9 ADDR:   0 MEM_OUT: 635 ACC: 2 BUFF: 635 DC: 0 FLAG_ZERO: False FLAG_LT: 0 FLAG_GT: 1
INPUT_PORT:  []
OUT_PORT:  []
DATA_MEM:  [635, 295]
---------------------------------------
DEBUG    root:machine.py:309 MOD 5
TICK: 30758 PC:  10 ADDR:   0 MEM_OUT: 635 ACC: 635 BUFF: 635 DC: 0 FLAG_ZERO: False FLAG_LT: 0 FLAG_GT: 1
INPUT_PORT:  []
OUT_PORT:  []
DATA_MEM:  [635, 295]
---------------------------------------
DEBUG    root:machine.py:309 CMP 0
TICK: 30762 PC:  11 ADDR:   0 MEM_OUT: 635 ACC: 0 BUFF: 635 DC: 0 FLAG_ZERO: False FLAG_LT: 0 FLAG_GT: 1
INPUT_PORT:  []
OUT_PORT:  []
DATA_MEM:  [635, 295]
---------------------------------------
DEBUG    root:machine.py:309 JE 18
TICK: 30765 PC:  12 ADDR:   0 MEM_OUT: 635 ACC: 0 BUFF: 635 DC: 0 FLAG_ZERO: True FLAG_LT: 0 FLAG_GT: 0
INPUT_PORT:  []
OUT_PORT:  []
DATA_MEM:  [635, 295]
---------------------------------------
DEBUG    root:machine.py:309 LD 4
TICK: 30768 PC:  18 ADDR:   0 MEM_OUT: 635 ACC: 0 BUFF: 635 DC: 0 FLAG_ZERO: True FLAG_LT: 0 FLAG_GT: 0
INPUT_PORT:  []
OUT_PORT:  []
DATA_MEM:  [635, 295]
---------------------------------------
DEBUG    root:machine.py:309 INC 
TICK: 30772 PC:  19 ADDR:   1 MEM_OUT: 295 ACC: 295 BUFF: 635 DC: 0 FLAG_ZERO: True FLAG_LT: 0 FLAG_GT: 0
INPUT_PORT:  []
OUT_PORT:  []
DATA_MEM:  [635, 295]
---------------------------------------
DEBUG    root:machine.py:309 ST 4
TICK: 30775 PC:  20 ADDR:   1 MEM_OUT: 295 ACC: 296 BUFF: 635 DC: 0 FLAG_ZERO: True FLAG_LT: 0 FLAG_GT: 0
INPUT_PORT:  []
OUT_PORT:  []
DATA_MEM:  [635, 295]
---------------------------------------
DEBUG    root:machine.py:309 JMP 0
TICK: 30779 PC:  21 ADDR:   1 MEM_OUT: 296 ACC: 296 BUFF: 635 DC: 0 FLAG_ZERO: True FLAG_LT: 0 FLAG_GT: 0
INPUT_PORT:  []
OUT_PORT:  []
DATA_MEM:  [635, 296]
---------------------------------------
DEBUG    root:machine.py:309 LD 0
TICK: 30782 PC:   0 ADDR:   1 MEM_OUT: 296 ACC: 296 BUFF: 635 DC: 0 FLAG_ZERO: True FLAG_LT: 0 FLAG_GT: 0
INPUT_PORT:  []
OUT_PORT:  []
DATA_MEM:  [635, 296]
---------------------------------------
DEBUG    root:machine.py:309 INC 
TICK: 30786 PC:   1 ADDR:   0 MEM_OUT: 635 ACC: 635 BUFF: 635 DC: 0 FLAG_ZERO: True FLAG_LT: 0 FLAG_GT: 0
INPUT_PORT:  []
OUT_PORT:  []
DATA_MEM:  [635, 296]
---------------------------------------
DEBUG    root:machine.py:309 ST 0
TICK: 30789 PC:   2 ADDR:   0 MEM_OUT: 635 ACC: 636 BUFF: 635 DC: 0 FLAG_ZERO: True FLAG_LT: 0 FLAG_GT: 0
INPUT_PORT:  []
OUT_PORT:  []
DATA_MEM:  [635, 296]
---------------------------------------
DEBUG    root:machine.py:309 CMP 1000
TICK: 30793 PC:   3 ADDR:   0 MEM_OUT: 636 ACC: 636 BUFF: 635 DC: 0 FLAG_ZERO: True FLAG_LT: 0 FLAG_GT: 0
INPUT_PORT:  []
OUT_PORT:  []
DATA_MEM:  [636, 296]
---------------------------------------
DEBUG    root:machine.py:309 JGE 22
TICK: 30796 PC:   4 ADDR:   0 MEM_OUT: 636 ACC: 636 BUFF: 635 DC: 0 FLAG_ZERO: False FLAG_LT: 1 FLAG_GT: 0
INPUT_PORT:  []
OUT_PORT:  []
DATA_MEM:  [636, 296]
---------------------------------------
DEBUG    root:machine.py:309 LD 0
TICK: 30799 PC:   5 ADDR:   0 MEM_OUT: 636 ACC: 636 BUFF: 635 DC: 0 FLAG_ZERO: False FLAG_LT: 1 FLAG_GT: 0
INPUT_PORT:  []
OUT_PORT:  []
DATA_MEM:  [636, 296]
---------------------------------------
DEBUG    root:machine.py:309 MOD 3
TICK: 30803 PC:   6 ADDR:   0 MEM_OUT: 636 ACC: 636 BUFF: 635 DC: 0 FLAG_ZERO: False FLAG_LT: 1 FLAG_GT: 0
INPUT_PORT:  []
OUT_PORT:  []
DATA_MEM:  [636, 296]
---------------------------------------
DEBUG    root:machine.py:309 CMP 0
TICK: 30807 PC:   7 ADDR:   0 MEM_OUT: 636 ACC: 0 BUFF: 636 DC: 0 FLAG_ZERO: False FLAG_LT: 1 FLAG_GT: 0
INPUT_PORT:  []
OUT_PORT:  []
DATA_MEM:  [636, 296]
---------------------------------------
DEBUG    root:machine.py:309 JE 14
TICK: 30810 PC:   8 ADDR:   0 MEM_OUT: 636 ACC: 0 BUFF: 636 DC: 0 FLAG_ZERO: True FLAG_LT: 0 FLAG_GT: 0
INPUT_PORT:  []
OUT_PORT:  []
DATA_MEM:  [636, 296]
---------------------------------------
DEBUG    root:machine.py:309 LD 4
TICK: 30813 PC:  14 ADDR:   0 MEM_OUT: 636 ACC: 0 BUFF: 636 DC: 0 FLAG_ZERO: True FLAG_LT: 0 FLAG_GT: 0
INPUT_PORT:  []
OUT_PORT:  []
DATA_MEM:  [636, 296]
---------------------------------------
DEBUG    root:machine.py:309 INC 
TICK: 30817 PC:  15 ADDR:   1 MEM_OUT: 296 ACC: 296 BUFF: 636 DC: 0 FLAG_ZERO: True FLAG_LT: 0 FLAG_GT: 0
INPUT_PORT:  []
OUT_PORT:  []
DATA_MEM:  [636, 296]
---------------------------------------
DEBUG    root:machine.py:309 ST 4
TICK: 30820 PC:  16 ADDR:   1 MEM_OUT: 296 ACC: 297 BUFF: 636 DC: 0 FLAG_ZERO: True FLAG_LT: 0 FLAG_GT: 0
INPUT_PORT:  []
OUT_PORT:  []
DATA_MEM:  [636, 296]
---------------------------------------
DEBUG    root:machine.py:309 JMP 0
TICK: 30824 PC:  17 ADDR:   1 MEM_OUT: 297 ACC: 297 BUFF: 636 DC: 0 FLAG_ZERO: True FLAG_LT: 0 FLAG_GT: 0
INPUT_PORT:  []
OUT_PORT:  []
DATA_MEM:  [636, 297]
---------------------------------------
DEBUG    root:machine.py:309 LD 0
TICK: 30827 PC:   0 ADDR:   1 MEM_OUT: 297 ACC: 297 BUFF: 636 DC: 0 FLAG_ZERO: True FLAG_LT: 0 FLAG_GT: 0
INPUT_PORT:  []
OUT_PORT:  []
DATA_MEM:  [636, 297]
---------------------------------------
DEBUG    root:machine.py:309 INC 
TICK: 30831 PC:   1 ADDR:   0 MEM_OUT: 636 ACC: 636 BUFF: 636 DC: 0 FLAG_ZERO: True FLAG_LT: 0 FLAG_GT: 0
INPUT_PORT:  []
OUT_PORT:  []
DATA_MEM:  [636, 297]
---------------------------------------
DEBUG    root:machine.py:309 ST 0
TICK: 30834 PC:   2 ADDR:   0 MEM_OUT: 636 ACC: 637 BUFF: 636 DC: 0 FLAG_ZERO: True FLAG_LT: 0 FLAG_GT: 0
INPUT_PORT:  []
OUT_PORT:  []
DATA_MEM:  [636, 297]
---------------------------------------
DEBUG    root:machine.py:309 CMP 1000
TICK: 30838 PC:   3 ADDR:   0 MEM_OUT: 637 ACC: 637 BUFF: 636 DC: 0 FLAG_ZERO: True FLAG_LT: 0 FLAG_GT: 0
INPUT_PORT:  []
OUT_PORT:  []
DATA_MEM:  [637, 297]
---------------------------------------
DEBUG    root:machine.py:309 JGE 22
TICK: 30841 PC:   4 ADDR:   0 MEM_OUT: 637 ACC: 637 BUFF: 636 DC: 0 FLAG_ZERO: False FLAG_LT: 1 FLAG_GT: 0
INPUT_PORT:  []
OUT_PORT:  []
DATA_MEM:  [637, 297]
---------------------------------------
DEBUG    root:machine.py:309 LD 0
TICK: 30844 PC:   5 ADDR:   0 MEM_OUT: 637 ACC: 637 BUFF: 636 DC: 0 FLAG_ZERO: False FLAG_LT: 1 FLAG_GT: 0
INPUT_PORT:  []
OUT_PORT:  []
DATA_MEM:  [637, 297]
---------------------------------------
DEBUG    root:machine.py:309 MOD 3
TICK: 30848 PC:   6 ADDR:   0 MEM_OUT: 637 ACC: 637 BUFF: 636 DC: 0 FLAG_ZERO: False FLAG_LT: 1 FLAG_GT: 0
INPUT_PORT:  []
OUT_PORT:  []
DATA_MEM:  [637, 297]
---------------------------------------
DEBUG    root:machine.py:309 CMP 0
TICK: 30852 PC:   7 ADDR:   0 MEM_OUT: 637 ACC: 1 BUFF: 637 DC: 0 FLAG_ZERO: False FLAG_LT: 1 FLAG_GT: 0
INPUT_PORT:  []
OUT_PORT:  []
DATA_MEM:  [637, 297]
---------------------------------------
DEBUG    root:machine.py:309 JE 14
TICK: 30855 PC:   8 ADDR:   0 MEM_OUT: 637 ACC: 1 BUFF: 637 DC: 0 FLAG_ZERO: False FLAG_LT: 0 FLAG_GT: 1
INPUT_PORT:  []
OUT_PORT:  []
DATA_MEM:  [637, 297]
---------------------------------------
DEBUG    root:machine.py:309 LD 0
TICK: 30858 PC:   9 ADDR:   0 MEM_OUT: 637 ACC: 1 BUFF: 637 DC: 0 FLAG_ZERO: False FLAG_LT: 0 FLAG_GT: 1
INPUT_PORT:  []
OUT_PORT:  []
DATA_MEM:  [637, 297]
---------------------------------------
DEBUG    root:machine.py:309 MOD 5
TICK: 30862 PC:  10 ADDR:   0 MEM_OUT: 637 ACC: 637 BUFF: 637 DC: 0 FLAG_ZERO: False FLAG_LT: 0 FLAG_GT: 1
INPUT_PORT:  []
OUT_PORT:  []
DATA_MEM:  [637, 297]
---------------------------------------
DEBUG    root:machine.py:309 CMP 0
TICK: 30866 PC:  11 ADDR:   0 MEM_OUT: 637 ACC: 2 BUFF: 637 DC: 0 FLAG_ZERO: False FLAG_LT: 0 FLAG_GT: 1
INPUT_PORT:  []
OUT_PORT:  []
DATA_MEM:  [637, 297]
---------------------------------------
DEBUG    root:machine.py:309 JE 18
TICK: 30869 PC:  12 ADDR:   0 MEM_OUT: 637 ACC: 2 BUFF: 637 DC: 0 FLAG_ZERO: False FLAG_LT: 0 FLAG_GT: 1
INPUT_PORT:  []
OUT_PORT:  []
DATA_MEM:  [637, 297]
---------------------------------------
DEBUG    root:machine.py:309 JMP 0
TICK: 30872 PC:  13 ADDR:   0 MEM_OUT: 637 ACC: 2 BUFF: 637 DC: 0 FLAG_ZERO: False FLAG_LT: 0 FLAG_GT: 1
INPUT_PORT:  []
OUT_PORT:  []
DATA_MEM:  [637, 297]
---------------------------------------
DEBUG    root:machine.py:309 LD 0
TICK: 30875 PC:   0 ADDR:   0 MEM_OUT: 637 ACC: 2 BUFF: 637 DC: 0 FLAG_ZERO: False FLAG_LT: 0 FLAG_GT: 1
INPUT_PORT:  []
OUT_PORT:  []
DATA_MEM:  [637, 297]
---------------------------------------
DEBUG    root:machine.py:309 INC 
TICK: 30879 PC:   1 ADDR:   0 MEM_OUT: 637 ACC: 637 BUFF: 637 DC: 0 FLAG_ZERO: False FLAG_LT: 0 FLAG_GT: 1
INPUT_PORT:  []
OUT_PORT:  []
DATA_MEM:  [637, 297]
---------------------------------------
DEBUG    root:machine.py:309 ST 0
TICK: 30882 PC:   2 ADDR:   0 MEM_OUT: 637 ACC: 638 BUFF: 637 DC: 0 FLAG_ZERO: False FLAG_LT: 0 FLAG_GT: 1
INPUT_PORT:  []
OUT_PORT:  []
DATA_MEM:  [637, 297]
---------------------------------------
DEBUG    root:machine.py:309 CMP 1000
TICK: 30886 PC:   3 ADDR:   0 MEM_OUT: 638 ACC: 638 BUFF: 637 DC: 0 FLAG_ZERO: False FLAG_LT: 0 FLAG_GT: 1
INPUT_PORT:  []
OUT_PORT:  []
DATA_MEM:  [638, 297]
---------------------------------------
DEBUG    root:machine.py:309 JGE 22
TICK: 30889 PC:   4 ADDR:   0 MEM_OUT: 638 ACC: 638 BUFF: 637 DC: 0 FLAG_ZERO: False FLAG_LT: 1 FLAG_GT: 0
INPUT_PORT:  []
OUT_PORT:  []
DATA_MEM:  [638, 297]
---------------------------------------
DEBUG    root:machine.py:309 LD 0
TICK: 30892 PC:   5 ADDR:   0 MEM_OUT: 638 ACC: 638 BUFF: 637 DC: 0 FLAG_ZERO: False FLAG_LT: 1 FLAG_GT: 0
INPUT_PORT:  []
OUT_PORT:  []
DATA_MEM:  [638, 297]
---------------------------------------
DEBUG    root:machine.py:309 MOD 3
TICK: 30896 PC:   6 ADDR:   0 MEM_OUT: 638 ACC: 638 BUFF: 637 DC: 0 FLAG_ZERO: False FLAG_LT: 1 FLAG_GT: 0
INPUT_PORT:  []
OUT_PORT:  []
DATA_MEM:  [638, 297]
---------------------------------------
DEBUG    root:machine.py:309 CMP 0
TICK: 30900 PC:   7 ADDR:   0 MEM_OUT: 638 ACC: 2 BUFF: 638 DC: 0 FLAG_ZERO: False FLAG_LT: 1 FLAG_GT: 0
INPUT_PORT:  []
OUT_PORT:  []
DATA_MEM:  [638, 297]
---------------------------------------
DEBUG    root:machine.py:309 JE 14
TICK: 30903 PC:   8 ADDR:   0 MEM_OUT: 638 ACC: 2 BUFF: 638 DC: 0 FLAG_ZERO: False FLAG_LT: 0 FLAG_GT: 1
INPUT_PORT:  []
OUT_PORT:  []
DATA_MEM:  [638, 297]
---------------------------------------
DEBUG    root:machine.py:309 LD 0
TICK: 30906 PC:   9 ADDR:   0 MEM_OUT: 638 ACC: 2 BUFF: 638 DC: 0 FLAG_ZERO: False FLAG_LT: 0 FLAG_GT: 1
INPUT_PORT:  []
OUT_PORT:  []
DATA_MEM:  [638, 297]
---------------------------------------
DEBUG    root:machine.py:309 MOD 5
TICK: 30910 PC:  10 ADDR:   0 MEM_OUT: 638 ACC: 638 BUFF: 638 DC: 0 FLAG_ZERO: False FLAG_LT: 0 FLAG_GT: 1
INPUT_PORT:  []
OUT_PORT:  []
DATA_MEM:  [638, 297]
---------------------------------------
DEBUG    root:machine.py:309 CMP 0
TICK: 30914 PC:  11 ADDR:   0 MEM_OUT: 638 ACC: 3 BUFF: 638 DC: 0 FLAG_ZERO: False FLAG_LT: 0 FLAG_GT: 1
INPUT_PORT:  []
OUT_PORT:  []
DATA_MEM:  [638, 297]
---------------------------------------
DEBUG    root:machine.py:309 JE 18
TICK: 30917 PC:  12 ADDR:   0 MEM_OUT: 638 ACC: 3 BUFF: 638 DC: 0 FLAG_ZERO: False FLAG_LT: 0 FLAG_GT: 1
INPUT_PORT:  []
OUT_PORT:  []
DATA_MEM:  [638, 297]
---------------------------------------
DEBUG    root:machine.py:309 JMP 0
TICK: 30920 PC:  13 ADDR:   0 MEM_OUT: 638 ACC: 3 BUFF: 638 DC: 0 FLAG_ZERO: False FLAG_LT: 0 FLAG_GT: 1
INPUT_PORT:  []
OUT_PORT:  []
DATA_MEM:  [638, 297]
---------------------------------------
DEBUG    root:machine.py:309 LD 0
TICK: 30923 PC:   0 ADDR:   0 MEM_OUT: 638 ACC: 3 BUFF: 638 DC: 0 FLAG_ZERO: False FLAG_LT: 0 FLAG_GT: 1
INPUT_PORT:  []
OUT_PORT:  []
DATA_MEM:  [638, 297]
---------------------------------------
DEBUG    root:machine.py:309 INC 
TICK: 30927 PC:   1 ADDR:   0 MEM_OUT: 638 ACC: 638 BUFF: 638 DC: 0 FLAG_ZERO: False FLAG_LT: 0 FLAG_GT: 1
INPUT_PORT:  []
OUT_PORT:  []
DATA_MEM:  [638, 297]
---------------------------------------
DEBUG    root:machine.py:309 ST 0
TICK: 30930 PC:   2 ADDR:   0 MEM_OUT: 638 ACC: 639 BUFF: 638 DC: 0 FLAG_ZERO: False FLAG_LT: 0 FLAG_GT: 1
INPUT_PORT:  []
OUT_PORT:  []
DATA_MEM:  [638, 297]
---------------------------------------
DEBUG    root:machine.py:309 CMP 1000
TICK: 30934 PC:   3 ADDR:   0 MEM_OUT: 639 ACC: 639 BUFF: 638 DC: 0 FLAG_ZERO: False FLAG_LT: 0 FLAG_GT: 1
INPUT_PORT:  []
OUT_PORT:  []
DATA_MEM:  [639, 297]
---------------------------------------
DEBUG    root:machine.py:309 JGE 22
TICK: 30937 PC:   4 ADDR:   0 MEM_OUT: 639 ACC: 639 BUFF: 638 DC: 0 FLAG_ZERO: False FLAG_LT: 1 FLAG_GT: 0
INPUT_PORT:  []
OUT_PORT:  []
DATA_MEM:  [639, 297]
---------------------------------------
DEBUG    root:machine.py:309 LD 0
TICK: 30940 PC:   5 ADDR:   0 MEM_OUT: 639 ACC: 639 BUFF: 638 DC: 0 FLAG_ZERO: False FLAG_LT: 1 FLAG_GT: 0
INPUT_PORT:  []
OUT_PORT:  []
DATA_MEM:  [639, 297]
---------------------------------------
DEBUG    root:machine.py:309 MOD 3
TICK: 30944 PC:   6 ADDR:   0 MEM_OUT: 639 ACC: 639 BUFF: 638 DC: 0 FLAG_ZERO: False FLAG_LT: 1 FLAG_GT: 0
INPUT_PORT:  []
OUT_PORT:  []
DATA_MEM:  [639, 297]
---------------------------------------
DEBUG    root:machine.py:309 CMP 0
TICK: 30948 PC:   7 ADDR:   0 MEM_OUT: 639 ACC: 0 BUFF: 639 DC: 0 FLAG_ZERO: False FLAG_LT: 1 FLAG_GT: 0
INPUT_PORT:  []
OUT_PORT:  []
DATA_MEM:  [639, 297]
---------------------------------------
DEBUG    root:machine.py:309 JE 14
TICK: 30951 PC:   8 ADDR:   0 MEM_OUT: 639 ACC: 0 BUFF: 639 DC: 0 FLAG_ZERO: True FLAG_LT: 0 FLAG_GT: 0
INPUT_PORT:  []
OUT_PORT:  []
DATA_MEM:  [639, 297]
---------------------------------------
DEBUG    root:machine.py:309 LD 4
TICK: 30954 PC:  14 ADDR:   0 MEM_OUT: 639 ACC: 0 BUFF: 639 DC: 0 FLAG_ZERO: True FLAG_LT: 0 FLAG_GT: 0
INPUT_PORT:  []
OUT_PORT:  []
DATA_MEM:  [639, 297]
---------------------------------------
DEBUG    root:machine.py:309 INC 
TICK: 30958 PC:  15 ADDR:   1 MEM_OUT: 297 ACC: 297 BUFF: 639 DC: 0 FLAG_ZERO: True FLAG_LT: 0 FLAG_GT: 0
INPUT_PORT:  []
OUT_PORT:  []
DATA_MEM:  [639, 297]
---------------------------------------
DEBUG    root:machine.py:309 ST 4
TICK: 30961 PC:  16 ADDR:   1 MEM_OUT: 297 ACC: 298 BUFF: 639 DC: 0 FLAG_ZERO: True FLAG_LT: 0 FLAG_GT: 0
INPUT_PORT:  []
OUT_PORT:  []
DATA_MEM:  [639, 297]
---------------------------------------
DEBUG    root:machine.py:309 JMP 0
TICK: 30965 PC:  17 ADDR:   1 MEM_OUT: 298 ACC: 298 BUFF: 639 DC: 0 FLAG_ZERO: True FLAG_LT: 0 FLAG_GT: 0
INPUT_PORT:  []
OUT_PORT:  []
DATA_MEM:  [639, 298]
---------------------------------------
DEBUG    root:machine.py:309 LD 0
TICK: 30968 PC:   0 ADDR:   1 MEM_OUT: 298 ACC: 298 BUFF: 639 DC: 0 FLAG_ZERO: True FLAG_LT: 0 FLAG_GT: 0
INPUT_PORT:  []
OUT_PORT:  []
DATA_MEM:  [639, 298]
---------------------------------------
DEBUG    root:machine.py:309 INC 
TICK: 30972 PC:   1 ADDR:   0 MEM_OUT: 639 ACC: 639 BUFF: 639 DC: 0 FLAG_ZERO: True FLAG_LT: 0 FLAG_GT: 0
INPUT_PORT:  []
OUT_PORT:  []
DATA_MEM:  [639, 298]
---------------------------------------
DEBUG    root:machine.py:309 ST 0
TICK: 30975 PC:   2 ADDR:   0 MEM_OUT: 639 ACC: 640 BUFF: 639 DC: 0 FLAG_ZERO: True FLAG_LT: 0 FLAG_GT: 0
INPUT_PORT:  []
OUT_PORT:  []
DATA_MEM:  [639, 298]
---------------------------------------
DEBUG    root:machine.py:309 CMP 1000
TICK: 30979 PC:   3 ADDR:   0 MEM_OUT: 640 ACC: 640 BUFF: 639 DC: 0 FLAG_ZERO: True FLAG_LT: 0 FLAG_GT: 0
INPUT_PORT:  []
OUT_PORT:  []
DATA_MEM:  [640, 298]
---------------------------------------
DEBUG    root:machine.py:309 JGE 22
TICK: 30982 PC:   4 ADDR:   0 MEM_OUT: 640 ACC: 640 BUFF: 639 DC: 0 FLAG_ZERO: False FLAG_LT: 1 FLAG_GT: 0
INPUT_PORT:  []
OUT_PORT:  []
DATA_MEM:  [640, 298]
---------------------------------------
DEBUG    root:machine.py:309 LD 0
TICK: 30985 PC:   5 ADDR:   0 MEM_OUT: 640 ACC: 640 BUFF: 639 DC: 0 FLAG_ZERO: False FLAG_LT: 1 FLAG_GT: 0
INPUT_PORT:  []
OUT_PORT:  []
DATA_MEM:  [640, 298]
---------------------------------------
DEBUG    root:machine.py:309 MOD 3
TICK: 30989 PC:   6 ADDR:   0 MEM_OUT: 640 ACC: 640 BUFF: 639 DC: 0 FLAG_ZERO: False FLAG_LT: 1 FLAG_GT: 0
INPUT_PORT:  []
OUT_PORT:  []
DATA_MEM:  [640, 298]
---------------------------------------
DEBUG    root:machine.py:309 CMP 0
TICK: 30993 PC:   7 ADDR:   0 MEM_OUT: 640 ACC: 1 BUFF: 640 DC: 0 FLAG_ZERO: False FLAG_LT: 1 FLAG_GT: 0
INPUT_PORT:  []
OUT_PORT:  []
DATA_MEM:  [640, 298]
---------------------------------------
DEBUG    root:machine.py:309 JE 14
TICK: 30996 PC:   8 ADDR:   0 MEM_OUT: 640 ACC: 1 BUFF: 640 DC: 0 FLAG_ZERO: False FLAG_LT: 0 FLAG_GT: 1
INPUT_PORT:  []
OUT_PORT:  []
DATA_MEM:  [640, 298]
---------------------------------------
DEBUG    root:machine.py:309 LD 0
TICK: 30999 PC:   9 ADDR:   0 MEM_OUT: 640 ACC: 1 BUFF: 640 DC: 0 FLAG_ZERO: False FLAG_LT: 0 FLAG_GT: 1
INPUT_PORT:  []
OUT_PORT:  []
DATA_MEM:  [640, 298]
---------------------------------------
DEBUG    root:machine.py:309 MOD 5
TICK: 31003 PC:  10 ADDR:   0 MEM_OUT: 640 ACC: 640 BUFF: 640 DC: 0 FLAG_ZERO: False FLAG_LT: 0 FLAG_GT: 1
INPUT_PORT:  []
OUT_PORT:  []
DATA_MEM:  [640, 298]
---------------------------------------
DEBUG    root:machine.py:309 CMP 0
TICK: 31007 PC:  11 ADDR:   0 MEM_OUT: 640 ACC: 0 BUFF: 640 DC: 0 FLAG_ZERO: False FLAG_LT: 0 FLAG_GT: 1
INPUT_PORT:  []
OUT_PORT:  []
DATA_MEM:  [640, 298]
---------------------------------------
DEBUG    root:machine.py:309 JE 18
TICK: 31010 PC:  12 ADDR:   0 MEM_OUT: 640 ACC: 0 BUFF: 640 DC: 0 FLAG_ZERO: True FLAG_LT: 0 FLAG_GT: 0
INPUT_PORT:  []
OUT_PORT:  []
DATA_MEM:  [640, 298]
---------------------------------------
DEBUG    root:machine.py:309 LD 4
TICK: 31013 PC:  18 ADDR:   0 MEM_OUT: 640 ACC: 0 BUFF: 640 DC: 0 FLAG_ZERO: True FLAG_LT: 0 FLAG_GT: 0
INPUT_PORT:  []
OUT_PORT:  []
DATA_MEM:  [640, 298]
---------------------------------------
DEBUG    root:machine.py:309 INC 
TICK: 31017 PC:  19 ADDR:   1 MEM_OUT: 298 ACC: 298 BUFF: 640 DC: 0 FLAG_ZERO: True FLAG_LT: 0 FLAG_GT: 0
INPUT_PORT:  []
OUT_PORT:  []
DATA_MEM:  [640, 298]
---------------------------------------
DEBUG    root:machine.py:309 ST 4
TICK: 31020 PC:  20 ADDR:   1 MEM_OUT: 298 ACC: 299 BUFF: 640 DC: 0 FLAG_ZERO: True FLAG_LT: 0 FLAG_GT: 0
INPUT_PORT:  []
OUT_PORT:  []
DATA_MEM:  [640, 298]
---------------------------------------
DEBUG    root:machine.py:309 JMP 0
TICK: 31024 PC:  21 ADDR:   1 MEM_OUT: 299 ACC: 299 BUFF: 640 DC: 0 FLAG_ZERO: True FLAG_LT: 0 FLAG_GT: 0
INPUT_PORT:  []
OUT_PORT:  []
DATA_MEM:  [640, 299]
---------------------------------------
DEBUG    root:machine.py:309 LD 0
TICK: 31027 PC:   0 ADDR:   1 MEM_OUT: 299 ACC: 299 BUFF: 640 DC: 0 FLAG_ZERO: True FLAG_LT: 0 FLAG_GT: 0
INPUT_PORT:  []
OUT_PORT:  []
DATA_MEM:  [640, 299]
---------------------------------------
DEBUG    root:machine.py:309 INC 
TICK: 31031 PC:   1 ADDR:   0 MEM_OUT: 640 ACC: 640 BUFF: 640 DC: 0 FLAG_ZERO: True FLAG_LT: 0 FLAG_GT: 0
INPUT_PORT:  []
OUT_PORT:  []
DATA_MEM:  [640, 299]
---------------------------------------
DEBUG    root:machine.py:309 ST 0
TICK: 31034 PC:   2 ADDR:   0 MEM_OUT: 640 ACC: 641 BUFF: 640 DC: 0 FLAG_ZERO: True FLAG_LT: 0 FLAG_GT: 0
INPUT_PORT:  []
OUT_PORT:  []
DATA_MEM:  [640, 299]
---------------------------------------
DEBUG    root:machine.py:309 CMP 1000
TICK: 31038 PC:   3 ADDR:   0 MEM_OUT: 641 ACC: 641 BUFF: 640 DC: 0 FLAG_ZERO: True FLAG_LT: 0 FLAG_GT: 0
INPUT_PORT:  []
OUT_PORT:  []
DATA_MEM:  [641, 299]
---------------------------------------
DEBUG    root:machine.py:309 JGE 22
TICK: 31041 PC:   4 ADDR:   0 MEM_OUT: 641 ACC: 641 BUFF: 640 DC: 0 FLAG_ZERO: False FLAG_LT: 1 FLAG_GT: 0
INPUT_PORT:  []
OUT_PORT:  []
DATA_MEM:  [641, 299]
---------------------------------------
DEBUG    root:machine.py:309 LD 0
TICK: 31044 PC:   5 ADDR:   0 MEM_OUT: 641 ACC: 641 BUFF: 640 DC: 0 FLAG_ZERO: False FLAG_LT: 1 FLAG_GT: 0
INPUT_PORT:  []
OUT_PORT:  []
DATA_MEM:  [641, 299]
---------------------------------------
DEBUG    root:machine.py:309 MOD 3
TICK: 31048 PC:   6 ADDR:   0 MEM_OUT: 641 ACC: 641 BUFF: 640 DC: 0 FLAG_ZERO: False FLAG_LT: 1 FLAG_GT: 0
INPUT_PORT:  []
OUT_PORT:  []
DATA_MEM:  [641, 299]
---------------------------------------
DEBUG    root:machine.py:309 CMP 0
TICK: 31052 PC:   7 ADDR:   0 MEM_OUT: 641 ACC: 2 BUFF: 641 DC: 0 FLAG_ZERO: False FLAG_LT: 1 FLAG_GT: 0
INPUT_PORT:  []
OUT_PORT:  []
DATA_MEM:  [641, 299]
---------------------------------------
DEBUG    root:machine.py:309 JE 14
TICK: 31055 PC:   8 ADDR:   0 MEM_OUT: 641 ACC: 2 BUFF: 641 DC: 0 FLAG_ZERO: False FLAG_LT: 0 FLAG_GT: 1
INPUT_PORT:  []
OUT_PORT:  []
DATA_MEM:  [641, 299]
---------------------------------------
DEBUG    root:machine.py:309 LD 0
TICK: 31058 PC:   9 ADDR:   0 MEM_OUT: 641 ACC: 2 BUFF: 641 DC: 0 FLAG_ZERO: False FLAG_LT: 0 FLAG_GT: 1
INPUT_PORT:  []
OUT_PORT:  []
DATA_MEM:  [641, 299]
---------------------------------------
DEBUG    root:machine.py:309 MOD 5
TICK: 31062 PC:  10 ADDR:   0 MEM_OUT: 641 ACC: 641 BUFF: 641 DC: 0 FLAG_ZERO: False FLAG_LT: 0 FLAG_GT: 1
INPUT_PORT:  []
OUT_PORT:  []
DATA_MEM:  [641, 299]
---------------------------------------
DEBUG    root:machine.py:309 CMP 0
TICK: 31066 PC:  11 ADDR:   0 MEM_OUT: 641 ACC: 1 BUFF: 641 DC: 0 FLAG_ZERO: False FLAG_LT: 0 FLAG_GT: 1
INPUT_PORT:  []
OUT_PORT:  []
DATA_MEM:  [641, 299]
---------------------------------------
DEBUG    root:machine.py:309 JE 18
TICK: 31069 PC:  12 ADDR:   0 MEM_OUT: 641 ACC: 1 BUFF: 641 DC: 0 FLAG_ZERO: False FLAG_LT: 0 FLAG_GT: 1
INPUT_PORT:  []
OUT_PORT:  []
DATA_MEM:  [641, 299]
---------------------------------------
DEBUG    root:machine.py:309 JMP 0
TICK: 31072 PC:  13 ADDR:   0 MEM_OUT: 641 ACC: 1 BUFF: 641 DC: 0 FLAG_ZERO: False FLAG_LT: 0 FLAG_GT: 1
INPUT_PORT:  []
OUT_PORT:  []
DATA_MEM:  [641, 299]
---------------------------------------
DEBUG    root:machine.py:309 LD 0
TICK: 31075 PC:   0 ADDR:   0 MEM_OUT: 641 ACC: 1 BUFF: 641 DC: 0 FLAG_ZERO: False FLAG_LT: 0 FLAG_GT: 1
INPUT_PORT:  []
OUT_PORT:  []
DATA_MEM:  [641, 299]
---------------------------------------
DEBUG    root:machine.py:309 INC 
TICK: 31079 PC:   1 ADDR:   0 MEM_OUT: 641 ACC: 641 BUFF: 641 DC: 0 FLAG_ZERO: False FLAG_LT: 0 FLAG_GT: 1
INPUT_PORT:  []
OUT_PORT:  []
DATA_MEM:  [641, 299]
---------------------------------------
DEBUG    root:machine.py:309 ST 0
TICK: 31082 PC:   2 ADDR:   0 MEM_OUT: 641 ACC: 642 BUFF: 641 DC: 0 FLAG_ZERO: False FLAG_LT: 0 FLAG_GT: 1
INPUT_PORT:  []
OUT_PORT:  []
DATA_MEM:  [641, 299]
---------------------------------------
DEBUG    root:machine.py:309 CMP 1000
TICK: 31086 PC:   3 ADDR:   0 MEM_OUT: 642 ACC: 642 BUFF: 641 DC: 0 FLAG_ZERO: False FLAG_LT: 0 FLAG_GT: 1
INPUT_PORT:  []
OUT_PORT:  []
DATA_MEM:  [642, 299]
---------------------------------------
DEBUG    root:machine.py:309 JGE 22
TICK: 31089 PC:   4 ADDR:   0 MEM_OUT: 642 ACC: 642 BUFF: 641 DC: 0 FLAG_ZERO: False FLAG_LT: 1 FLAG_GT: 0
INPUT_PORT:  []
OUT_PORT:  []
DATA_MEM:  [642, 299]
---------------------------------------
DEBUG    root:machine.py:309 LD 0
TICK: 31092 PC:   5 ADDR:   0 MEM_OUT: 642 ACC: 642 BUFF: 641 DC: 0 FLAG_ZERO: False FLAG_LT: 1 FLAG_GT: 0
INPUT_PORT:  []
OUT_PORT:  []
DATA_MEM:  [642, 299]
---------------------------------------
DEBUG    root:machine.py:309 MOD 3
TICK: 31096 PC:   6 ADDR:   0 MEM_OUT: 642 ACC: 642 BUFF: 641 DC: 0 FLAG_ZERO: False FLAG_LT: 1 FLAG_GT: 0
INPUT_PORT:  []
OUT_PORT:  []
DATA_MEM:  [642, 299]
---------------------------------------
DEBUG    root:machine.py:309 CMP 0
TICK: 31100 PC:   7 ADDR:   0 MEM_OUT: 642 ACC: 0 BUFF: 642 DC: 0 FLAG_ZERO: False FLAG_LT: 1 FLAG_GT: 0
INPUT_PORT:  []
OUT_PORT:  []
DATA_MEM:  [642, 299]
---------------------------------------
DEBUG    root:machine.py:309 JE 14
TICK: 31103 PC:   8 ADDR:   0 MEM_OUT: 642 ACC: 0 BUFF: 642 DC: 0 FLAG_ZERO: True FLAG_LT: 0 FLAG_GT: 0
INPUT_PORT:  []
OUT_PORT:  []
DATA_MEM:  [642, 299]
---------------------------------------
DEBUG    root:machine.py:309 LD 4
TICK: 31106 PC:  14 ADDR:   0 MEM_OUT: 642 ACC: 0 BUFF: 642 DC: 0 FLAG_ZERO: True FLAG_LT: 0 FLAG_GT: 0
INPUT_PORT:  []
OUT_PORT:  []
DATA_MEM:  [642, 299]
---------------------------------------
DEBUG    root:machine.py:309 INC 
TICK: 31110 PC:  15 ADDR:   1 MEM_OUT: 299 ACC: 299 BUFF: 642 DC: 0 FLAG_ZERO: True FLAG_LT: 0 FLAG_GT: 0
INPUT_PORT:  []
OUT_PORT:  []
DATA_MEM:  [642, 299]
---------------------------------------
DEBUG    root:machine.py:309 ST 4
TICK: 31113 PC:  16 ADDR:   1 MEM_OUT: 299 ACC: 300 BUFF: 642 DC: 0 FLAG_ZERO: True FLAG_LT: 0 FLAG_GT: 0
INPUT_PORT:  []
OUT_PORT:  []
DATA_MEM:  [642, 299]
---------------------------------------
DEBUG    root:machine.py:309 JMP 0
TICK: 31117 PC:  17 ADDR:   1 MEM_OUT: 300 ACC: 300 BUFF: 642 DC: 0 FLAG_ZERO: True FLAG_LT: 0 FLAG_GT: 0
INPUT_PORT:  []
OUT_PORT:  []
DATA_MEM:  [642, 300]
---------------------------------------
DEBUG    root:machine.py:309 LD 0
TICK: 31120 PC:   0 ADDR:   1 MEM_OUT: 300 ACC: 300 BUFF: 642 DC: 0 FLAG_ZERO: True FLAG_LT: 0 FLAG_GT: 0
INPUT_PORT:  []
OUT_PORT:  []
DATA_MEM:  [642, 300]
---------------------------------------
DEBUG    root:machine.py:309 INC 
TICK: 31124 PC:   1 ADDR:   0 MEM_OUT: 642 ACC: 642 BUFF: 642 DC: 0 FLAG_ZERO: True FLAG_LT: 0 FLAG_GT: 0
INPUT_PORT:  []
OUT_PORT:  []
DATA_MEM:  [642, 300]
---------------------------------------
DEBUG    root:machine.py:309 ST 0
TICK: 31127 PC:   2 ADDR:   0 MEM_OUT: 642 ACC: 643 BUFF: 642 DC: 0 FLAG_ZERO: True FLAG_LT: 0 FLAG_GT: 0
INPUT_PORT:  []
OUT_PORT:  []
DATA_MEM:  [642, 300]
---------------------------------------
DEBUG    root:machine.py:309 CMP 1000
TICK: 31131 PC:   3 ADDR:   0 MEM_OUT: 643 ACC: 643 BUFF: 642 DC: 0 FLAG_ZERO: True FLAG_LT: 0 FLAG_GT: 0
INPUT_PORT:  []
OUT_PORT:  []
DATA_MEM:  [643, 300]
---------------------------------------
DEBUG    root:machine.py:309 JGE 22
TICK: 31134 PC:   4 ADDR:   0 MEM_OUT: 643 ACC: 643 BUFF: 642 DC: 0 FLAG_ZERO: False FLAG_LT: 1 FLAG_GT: 0
INPUT_PORT:  []
OUT_PORT:  []
DATA_MEM:  [643, 300]
---------------------------------------
DEBUG    root:machine.py:309 LD 0
TICK: 31137 PC:   5 ADDR:   0 MEM_OUT: 643 ACC: 643 BUFF: 642 DC: 0 FLAG_ZERO: False FLAG_LT: 1 FLAG_GT: 0
INPUT_PORT:  []
OUT_PORT:  []
DATA_MEM:  [643, 300]
---------------------------------------
DEBUG    root:machine.py:309 MOD 3
TICK: 31141 PC:   6 ADDR:   0 MEM_OUT: 643 ACC: 643 BUFF: 642 DC: 0 FLAG_ZERO: False FLAG_LT: 1 FLAG_GT: 0
INPUT_PORT:  []
OUT_PORT:  []
DATA_MEM:  [643, 300]
---------------------------------------
DEBUG    root:machine.py:309 CMP 0
TICK: 31145 PC:   7 ADDR:   0 MEM_OUT: 643 ACC: 1 BUFF: 643 DC: 0 FLAG_ZERO: False FLAG_LT: 1 FLAG_GT: 0
INPUT_PORT:  []
OUT_PORT:  []
DATA_MEM:  [643, 300]
---------------------------------------
DEBUG    root:machine.py:309 JE 14
TICK: 31148 PC:   8 ADDR:   0 MEM_OUT: 643 ACC: 1 BUFF: 643 DC: 0 FLAG_ZERO: False FLAG_LT: 0 FLAG_GT: 1
INPUT_PORT:  []
OUT_PORT:  []
DATA_MEM:  [643, 300]
---------------------------------------
DEBUG    root:machine.py:309 LD 0
TICK: 31151 PC:   9 ADDR:   0 MEM_OUT: 643 ACC: 1 BUFF: 643 DC: 0 FLAG_ZERO: False FLAG_LT: 0 FLAG_GT: 1
INPUT_PORT:  []
OUT_PORT:  []
DATA_MEM:  [643, 300]
---------------------------------------
DEBUG    root:machine.py:309 MOD 5
TICK: 31155 PC:  10 ADDR:   0 MEM_OUT: 643 ACC: 643 BUFF: 643 DC: 0 FLAG_ZERO: False FLAG_LT: 0 FLAG_GT: 1
INPUT_PORT:  []
OUT_PORT:  []
DATA_MEM:  [643, 300]
---------------------------------------
DEBUG    root:machine.py:309 CMP 0
TICK: 31159 PC:  11 ADDR:   0 MEM_OUT: 643 ACC: 3 BUFF: 643 DC: 0 FLAG_ZERO: False FLAG_LT: 0 FLAG_GT: 1
INPUT_PORT:  []
OUT_PORT:  []
DATA_MEM:  [643, 300]
---------------------------------------
DEBUG    root:machine.py:309 JE 18
TICK: 31162 PC:  12 ADDR:   0 MEM_OUT: 643 ACC: 3 BUFF: 643 DC: 0 FLAG_ZERO: False FLAG_LT: 0 FLAG_GT: 1
INPUT_PORT:  []
OUT_PORT:  []
DATA_MEM:  [643, 300]
---------------------------------------
DEBUG    root:machine.py:309 JMP 0
TICK: 31165 PC:  13 ADDR:   0 MEM_OUT: 643 ACC: 3 BUFF: 643 DC: 0 FLAG_ZERO: False FLAG_LT: 0 FLAG_GT: 1
INPUT_PORT:  []
OUT_PORT:  []
DATA_MEM:  [643, 300]
---------------------------------------
DEBUG    root:machine.py:309 LD 0
TICK: 31168 PC:   0 ADDR:   0 MEM_OUT: 643 ACC: 3 BUFF: 643 DC: 0 FLAG_ZERO: False FLAG_LT: 0 FLAG_GT: 1
INPUT_PORT:  []
OUT_PORT:  []
DATA_MEM:  [643, 300]
---------------------------------------
DEBUG    root:machine.py:309 INC 
TICK: 31172 PC:   1 ADDR:   0 MEM_OUT: 643 ACC: 643 BUFF: 643 DC: 0 FLAG_ZERO: False FLAG_LT: 0 FLAG_GT: 1
INPUT_PORT:  []
OUT_PORT:  []
DATA_MEM:  [643, 300]
---------------------------------------
DEBUG    root:machine.py:309 ST 0
TICK: 31175 PC:   2 ADDR:   0 MEM_OUT: 643 ACC: 644 BUFF: 643 DC: 0 FLAG_ZERO: False FLAG_LT: 0 FLAG_GT: 1
INPUT_PORT:  []
OUT_PORT:  []
DATA_MEM:  [643, 300]
---------------------------------------
DEBUG    root:machine.py:309 CMP 1000
TICK: 31179 PC:   3 ADDR:   0 MEM_OUT: 644 ACC: 644 BUFF: 643 DC: 0 FLAG_ZERO: False FLAG_LT: 0 FLAG_GT: 1
INPUT_PORT:  []
OUT_PORT:  []
DATA_MEM:  [644, 300]
---------------------------------------
DEBUG    root:machine.py:309 JGE 22
TICK: 31182 PC:   4 ADDR:   0 MEM_OUT: 644 ACC: 644 BUFF: 643 DC: 0 FLAG_ZERO: False FLAG_LT: 1 FLAG_GT: 0
INPUT_PORT:  []
OUT_PORT:  []
DATA_MEM:  [644, 300]
---------------------------------------
DEBUG    root:machine.py:309 LD 0
TICK: 31185 PC:   5 ADDR:   0 MEM_OUT: 644 ACC: 644 BUFF: 643 DC: 0 FLAG_ZERO: False FLAG_LT: 1 FLAG_GT: 0
INPUT_PORT:  []
OUT_PORT:  []
DATA_MEM:  [644, 300]
---------------------------------------
DEBUG    root:machine.py:309 MOD 3
TICK: 31189 PC:   6 ADDR:   0 MEM_OUT: 644 ACC: 644 BUFF: 643 DC: 0 FLAG_ZERO: False FLAG_LT: 1 FLAG_GT: 0
INPUT_PORT:  []
OUT_PORT:  []
DATA_MEM:  [644, 300]
---------------------------------------
DEBUG    root:machine.py:309 CMP 0
TICK: 31193 PC:   7 ADDR:   0 MEM_OUT: 644 ACC: 2 BUFF: 644 DC: 0 FLAG_ZERO: False FLAG_LT: 1 FLAG_GT: 0
INPUT_PORT:  []
OUT_PORT:  []
DATA_MEM:  [644, 300]
---------------------------------------
DEBUG    root:machine.py:309 JE 14
TICK: 31196 PC:   8 ADDR:   0 MEM_OUT: 644 ACC: 2 BUFF: 644 DC: 0 FLAG_ZERO: False FLAG_LT: 0 FLAG_GT: 1
INPUT_PORT:  []
OUT_PORT:  []
DATA_MEM:  [644, 300]
---------------------------------------
DEBUG    root:machine.py:309 LD 0
TICK: 31199 PC:   9 ADDR:   0 MEM_OUT: 644 ACC: 2 BUFF: 644 DC: 0 FLAG_ZERO: False FLAG_LT: 0 FLAG_GT: 1
INPUT_PORT:  []
OUT_PORT:  []
DATA_MEM:  [644, 300]
---------------------------------------
DEBUG    root:machine.py:309 MOD 5
TICK: 31203 PC:  10 ADDR:   0 MEM_OUT: 644 ACC: 644 BUFF: 644 DC: 0 FLAG_ZERO: False FLAG_LT: 0 FLAG_GT: 1
INPUT_PORT:  []
OUT_PORT:  []
DATA_MEM:  [644, 300]
---------------------------------------
DEBUG    root:machine.py:309 CMP 0
TICK: 31207 PC:  11 ADDR:   0 MEM_OUT: 644 ACC: 4 BUFF: 644 DC: 0 FLAG_ZERO: False FLAG_LT: 0 FLAG_GT: 1
INPUT_PORT:  []
OUT_PORT:  []
DATA_MEM:  [644, 300]
---------------------------------------
DEBUG    root:machine.py:309 JE 18
TICK: 31210 PC:  12 ADDR:   0 MEM_OUT: 644 ACC: 4 BUFF: 644 DC: 0 FLAG_ZERO: False FLAG_LT: 0 FLAG_GT: 1
INPUT_PORT:  []
OUT_PORT:  []
DATA_MEM:  [644, 300]
---------------------------------------
DEBUG    root:machine.py:309 JMP 0
TICK: 31213 PC:  13 ADDR:   0 MEM_OUT: 644 ACC: 4 BUFF: 644 DC: 0 FLAG_ZERO: False FLAG_LT: 0 FLAG_GT: 1
INPUT_PORT:  []
OUT_PORT:  []
DATA_MEM:  [644, 300]
---------------------------------------
DEBUG    root:machine.py:309 LD 0
TICK: 31216 PC:   0 ADDR:   0 MEM_OUT: 644 ACC: 4 BUFF: 644 DC: 0 FLAG_ZERO: False FLAG_LT: 0 FLAG_GT: 1
INPUT_PORT:  []
OUT_PORT:  []
DATA_MEM:  [644, 300]
---------------------------------------
DEBUG    root:machine.py:309 INC 
TICK: 31220 PC:   1 ADDR:   0 MEM_OUT: 644 ACC: 644 BUFF: 644 DC: 0 FLAG_ZERO: False FLAG_LT: 0 FLAG_GT: 1
INPUT_PORT:  []
OUT_PORT:  []
DATA_MEM:  [644, 300]
---------------------------------------
DEBUG    root:machine.py:309 ST 0
TICK: 31223 PC:   2 ADDR:   0 MEM_OUT: 644 ACC: 645 BUFF: 644 DC: 0 FLAG_ZERO: False FLAG_LT: 0 FLAG_GT: 1
INPUT_PORT:  []
OUT_PORT:  []
DATA_MEM:  [644, 300]
---------------------------------------
DEBUG    root:machine.py:309 CMP 1000
TICK: 31227 PC:   3 ADDR:   0 MEM_OUT: 645 ACC: 645 BUFF: 644 DC: 0 FLAG_ZERO: False FLAG_LT: 0 FLAG_GT: 1
INPUT_PORT:  []
OUT_PORT:  []
DATA_MEM:  [645, 300]
---------------------------------------
DEBUG    root:machine.py:309 JGE 22
TICK: 31230 PC:   4 ADDR:   0 MEM_OUT: 645 ACC: 645 BUFF: 644 DC: 0 FLAG_ZERO: False FLAG_LT: 1 FLAG_GT: 0
INPUT_PORT:  []
OUT_PORT:  []
DATA_MEM:  [645, 300]
---------------------------------------
DEBUG    root:machine.py:309 LD 0
TICK: 31233 PC:   5 ADDR:   0 MEM_OUT: 645 ACC: 645 BUFF: 644 DC: 0 FLAG_ZERO: False FLAG_LT: 1 FLAG_GT: 0
INPUT_PORT:  []
OUT_PORT:  []
DATA_MEM:  [645, 300]
---------------------------------------
DEBUG    root:machine.py:309 MOD 3
TICK: 31237 PC:   6 ADDR:   0 MEM_OUT: 645 ACC: 645 BUFF: 644 DC: 0 FLAG_ZERO: False FLAG_LT: 1 FLAG_GT: 0
INPUT_PORT:  []
OUT_PORT:  []
DATA_MEM:  [645, 300]
---------------------------------------
DEBUG    root:machine.py:309 CMP 0
TICK: 31241 PC:   7 ADDR:   0 MEM_OUT: 645 ACC: 0 BUFF: 645 DC: 0 FLAG_ZERO: False FLAG_LT: 1 FLAG_GT: 0
INPUT_PORT:  []
OUT_PORT:  []
DATA_MEM:  [645, 300]
---------------------------------------
DEBUG    root:machine.py:309 JE 14
TICK: 31244 PC:   8 ADDR:   0 MEM_OUT: 645 ACC: 0 BUFF: 645 DC: 0 FLAG_ZERO: True FLAG_LT: 0 FLAG_GT: 0
INPUT_PORT:  []
OUT_PORT:  []
DATA_MEM:  [645, 300]
---------------------------------------
DEBUG    root:machine.py:309 LD 4
TICK: 31247 PC:  14 ADDR:   0 MEM_OUT: 645 ACC: 0 BUFF: 645 DC: 0 FLAG_ZERO: True FLAG_LT: 0 FLAG_GT: 0
INPUT_PORT:  []
OUT_PORT:  []
DATA_MEM:  [645, 300]
---------------------------------------
DEBUG    root:machine.py:309 INC 
TICK: 31251 PC:  15 ADDR:   1 MEM_OUT: 300 ACC: 300 BUFF: 645 DC: 0 FLAG_ZERO: True FLAG_LT: 0 FLAG_GT: 0
INPUT_PORT:  []
OUT_PORT:  []
DATA_MEM:  [645, 300]
---------------------------------------
DEBUG    root:machine.py:309 ST 4
TICK: 31254 PC:  16 ADDR:   1 MEM_OUT: 300 ACC: 301 BUFF: 645 DC: 0 FLAG_ZERO: True FLAG_LT: 0 FLAG_GT: 0
INPUT_PORT:  []
OUT_PORT:  []
DATA_MEM:  [645, 300]
---------------------------------------
DEBUG    root:machine.py:309 JMP 0
TICK: 31258 PC:  17 ADDR:   1 MEM_OUT: 301 ACC: 301 BUFF: 645 DC: 0 FLAG_ZERO: True FLAG_LT: 0 FLAG_GT: 0
INPUT_PORT:  []
OUT_PORT:  []
DATA_MEM:  [645, 301]
---------------------------------------
DEBUG    root:machine.py:309 LD 0
TICK: 31261 PC:   0 ADDR:   1 MEM_OUT: 301 ACC: 301 BUFF: 645 DC: 0 FLAG_ZERO: True FLAG_LT: 0 FLAG_GT: 0
INPUT_PORT:  []
OUT_PORT:  []
DATA_MEM:  [645, 301]
---------------------------------------
DEBUG    root:machine.py:309 INC 
TICK: 31265 PC:   1 ADDR:   0 MEM_OUT: 645 ACC: 645 BUFF: 645 DC: 0 FLAG_ZERO: True FLAG_LT: 0 FLAG_GT: 0
INPUT_PORT:  []
OUT_PORT:  []
DATA_MEM:  [645, 301]
---------------------------------------
DEBUG    root:machine.py:309 ST 0
TICK: 31268 PC:   2 ADDR:   0 MEM_OUT: 645 ACC: 646 BUFF: 645 DC: 0 FLAG_ZERO: True FLAG_LT: 0 FLAG_GT: 0
INPUT_PORT:  []
OUT_PORT:  []
DATA_MEM:  [645, 301]
---------------------------------------
DEBUG    root:machine.py:309 CMP 1000
TICK: 31272 PC:   3 ADDR:   0 MEM_OUT: 646 ACC: 646 BUFF: 645 DC: 0 FLAG_ZERO: True FLAG_LT: 0 FLAG_GT: 0
INPUT_PORT:  []
OUT_PORT:  []
DATA_MEM:  [646, 301]
---------------------------------------
DEBUG    root:machine.py:309 JGE 22
TICK: 31275 PC:   4 ADDR:   0 MEM_OUT: 646 ACC: 646 BUFF: 645 DC: 0 FLAG_ZERO: False FLAG_LT: 1 FLAG_GT: 0
INPUT_PORT:  []
OUT_PORT:  []
DATA_MEM:  [646, 301]
---------------------------------------
DEBUG    root:machine.py:309 LD 0
TICK: 31278 PC:   5 ADDR:   0 MEM_OUT: 646 ACC: 646 BUFF: 645 DC: 0 FLAG_ZERO: False FLAG_LT: 1 FLAG_GT: 0
INPUT_PORT:  []
OUT_PORT:  []
DATA_MEM:  [646, 301]
---------------------------------------
DEBUG    root:machine.py:309 MOD 3
TICK: 31282 PC:   6 ADDR:   0 MEM_OUT: 646 ACC: 646 BUFF: 645 DC: 0 FLAG_ZERO: False FLAG_LT: 1 FLAG_GT: 0
INPUT_PORT:  []
OUT_PORT:  []
DATA_MEM:  [646, 301]
---------------------------------------
DEBUG    root:machine.py:309 CMP 0
TICK: 31286 PC:   7 ADDR:   0 MEM_OUT: 646 ACC: 1 BUFF: 646 DC: 0 FLAG_ZERO: False FLAG_LT: 1 FLAG_GT: 0
INPUT_PORT:  []
OUT_PORT:  []
DATA_MEM:  [646, 301]
---------------------------------------
DEBUG    root:machine.py:309 JE 14
TICK: 31289 PC:   8 ADDR:   0 MEM_OUT: 646 ACC: 1 BUFF: 646 DC: 0 FLAG_ZERO: False FLAG_LT: 0 FLAG_GT: 1
INPUT_PORT:  []
OUT_PORT:  []
DATA_MEM:  [646, 301]
---------------------------------------
DEBUG    root:machine.py:309 LD 0
TICK: 31292 PC:   9 ADDR:   0 MEM_OUT: 646 ACC: 1 BUFF: 646 DC: 0 FLAG_ZERO: False FLAG_LT: 0 FLAG_GT: 1
INPUT_PORT:  []
OUT_PORT:  []
DATA_MEM:  [646, 301]
---------------------------------------
DEBUG    root:machine.py:309 MOD 5
TICK: 31296 PC:  10 ADDR:   0 MEM_OUT: 646 ACC: 646 BUFF: 646 DC: 0 FLAG_ZERO: False FLAG_LT: 0 FLAG_GT: 1
INPUT_PORT:  []
OUT_PORT:  []
DATA_MEM:  [646, 301]
---------------------------------------
DEBUG    root:machine.py:309 CMP 0
TICK: 31300 PC:  11 ADDR:   0 MEM_OUT: 646 ACC: 1 BUFF: 646 DC: 0 FLAG_ZERO: False FLAG_LT: 0 FLAG_GT: 1
INPUT_PORT:  []
OUT_PORT:  []
DATA_MEM:  [646, 301]
---------------------------------------
DEBUG    root:machine.py:309 JE 18
TICK: 31303 PC:  12 ADDR:   0 MEM_OUT: 646 ACC: 1 BUFF: 646 DC: 0 FLAG_ZERO: False FLAG_LT: 0 FLAG_GT: 1
INPUT_PORT:  []
OUT_PORT:  []
DATA_MEM:  [646, 301]
---------------------------------------
DEBUG    root:machine.py:309 JMP 0
TICK: 31306 PC:  13 ADDR:   0 MEM_OUT: 646 ACC: 1 BUFF: 646 DC: 0 FLAG_ZERO: False FLAG_LT: 0 FLAG_GT: 1
INPUT_PORT:  []
OUT_PORT:  []
DATA_MEM:  [646, 301]
---------------------------------------
DEBUG    root:machine.py:309 LD 0
TICK: 31309 PC:   0 ADDR:   0 MEM_OUT: 646 ACC: 1 BUFF: 646 DC: 0 FLAG_ZERO: False FLAG_LT: 0 FLAG_GT: 1
INPUT_PORT:  []
OUT_PORT:  []
DATA_MEM:  [646, 301]
---------------------------------------
DEBUG    root:machine.py:309 INC 
TICK: 31313 PC:   1 ADDR:   0 MEM_OUT: 646 ACC: 646 BUFF: 646 DC: 0 FLAG_ZERO: False FLAG_LT: 0 FLAG_GT: 1
INPUT_PORT:  []
OUT_PORT:  []
DATA_MEM:  [646, 301]
---------------------------------------
DEBUG    root:machine.py:309 ST 0
TICK: 31316 PC:   2 ADDR:   0 MEM_OUT: 646 ACC: 647 BUFF: 646 DC: 0 FLAG_ZERO: False FLAG_LT: 0 FLAG_GT: 1
INPUT_PORT:  []
OUT_PORT:  []
DATA_MEM:  [646, 301]
---------------------------------------
DEBUG    root:machine.py:309 CMP 1000
TICK: 31320 PC:   3 ADDR:   0 MEM_OUT: 647 ACC: 647 BUFF: 646 DC: 0 FLAG_ZERO: False FLAG_LT: 0 FLAG_GT: 1
INPUT_PORT:  []
OUT_PORT:  []
DATA_MEM:  [647, 301]
---------------------------------------
DEBUG    root:machine.py:309 JGE 22
TICK: 31323 PC:   4 ADDR:   0 MEM_OUT: 647 ACC: 647 BUFF: 646 DC: 0 FLAG_ZERO: False FLAG_LT: 1 FLAG_GT: 0
INPUT_PORT:  []
OUT_PORT:  []
DATA_MEM:  [647, 301]
---------------------------------------
DEBUG    root:machine.py:309 LD 0
TICK: 31326 PC:   5 ADDR:   0 MEM_OUT: 647 ACC: 647 BUFF: 646 DC: 0 FLAG_ZERO: False FLAG_LT: 1 FLAG_GT: 0
INPUT_PORT:  []
OUT_PORT:  []
DATA_MEM:  [647, 301]
---------------------------------------
DEBUG    root:machine.py:309 MOD 3
TICK: 31330 PC:   6 ADDR:   0 MEM_OUT: 647 ACC: 647 BUFF: 646 DC: 0 FLAG_ZERO: False FLAG_LT: 1 FLAG_GT: 0
INPUT_PORT:  []
OUT_PORT:  []
DATA_MEM:  [647, 301]
---------------------------------------
DEBUG    root:machine.py:309 CMP 0
TICK: 31334 PC:   7 ADDR:   0 MEM_OUT: 647 ACC: 2 BUFF: 647 DC: 0 FLAG_ZERO: False FLAG_LT: 1 FLAG_GT: 0
INPUT_PORT:  []
OUT_PORT:  []
DATA_MEM:  [647, 301]
---------------------------------------
DEBUG    root:machine.py:309 JE 14
TICK: 31337 PC:   8 ADDR:   0 MEM_OUT: 647 ACC: 2 BUFF: 647 DC: 0 FLAG_ZERO: False FLAG_LT: 0 FLAG_GT: 1
INPUT_PORT:  []
OUT_PORT:  []
DATA_MEM:  [647, 301]
---------------------------------------
DEBUG    root:machine.py:309 LD 0
TICK: 31340 PC:   9 ADDR:   0 MEM_OUT: 647 ACC: 2 BUFF: 647 DC: 0 FLAG_ZERO: False FLAG_LT: 0 FLAG_GT: 1
INPUT_PORT:  []
OUT_PORT:  []
DATA_MEM:  [647, 301]
---------------------------------------
DEBUG    root:machine.py:309 MOD 5
TICK: 31344 PC:  10 ADDR:   0 MEM_OUT: 647 ACC: 647 BUFF: 647 DC: 0 FLAG_ZERO: False FLAG_LT: 0 FLAG_GT: 1
INPUT_PORT:  []
OUT_PORT:  []
DATA_MEM:  [647, 301]
---------------------------------------
DEBUG    root:machine.py:309 CMP 0
TICK: 31348 PC:  11 ADDR:   0 MEM_OUT: 647 ACC: 2 BUFF: 647 DC: 0 FLAG_ZERO: False FLAG_LT: 0 FLAG_GT: 1
INPUT_PORT:  []
OUT_PORT:  []
DATA_MEM:  [647, 301]
---------------------------------------
DEBUG    root:machine.py:309 JE 18
TICK: 31351 PC:  12 ADDR:   0 MEM_OUT: 647 ACC: 2 BUFF: 647 DC: 0 FLAG_ZERO: False FLAG_LT: 0 FLAG_GT: 1
INPUT_PORT:  []
OUT_PORT:  []
DATA_MEM:  [647, 301]
---------------------------------------
DEBUG    root:machine.py:309 JMP 0
TICK: 31354 PC:  13 ADDR:   0 MEM_OUT: 647 ACC: 2 BUFF: 647 DC: 0 FLAG_ZERO: False FLAG_LT: 0 FLAG_GT: 1
INPUT_PORT:  []
OUT_PORT:  []
DATA_MEM:  [647, 301]
---------------------------------------
DEBUG    root:machine.py:309 LD 0
TICK: 31357 PC:   0 ADDR:   0 MEM_OUT: 647 ACC: 2 BUFF: 647 DC: 0 FLAG_ZERO: False FLAG_LT: 0 FLAG_GT: 1
INPUT_PORT:  []
OUT_PORT:  []
DATA_MEM:  [647, 301]
---------------------------------------
DEBUG    root:machine.py:309 INC 
TICK: 31361 PC:   1 ADDR:   0 MEM_OUT: 647 ACC: 647 BUFF: 647 DC: 0 FLAG_ZERO: False FLAG_LT: 0 FLAG_GT: 1
INPUT_PORT:  []
OUT_PORT:  []
DATA_MEM:  [647, 301]
---------------------------------------
DEBUG    root:machine.py:309 ST 0
TICK: 31364 PC:   2 ADDR:   0 MEM_OUT: 647 ACC: 648 BUFF: 647 DC: 0 FLAG_ZERO: False FLAG_LT: 0 FLAG_GT: 1
INPUT_PORT:  []
OUT_PORT:  []
DATA_MEM:  [647, 301]
---------------------------------------
DEBUG    root:machine.py:309 CMP 1000
TICK: 31368 PC:   3 ADDR:   0 MEM_OUT: 648 ACC: 648 BUFF: 647 DC: 0 FLAG_ZERO: False FLAG_LT: 0 FLAG_GT: 1
INPUT_PORT:  []
OUT_PORT:  []
DATA_MEM:  [648, 301]
---------------------------------------
DEBUG    root:machine.py:309 JGE 22
TICK: 31371 PC:   4 ADDR:   0 MEM_OUT: 648 ACC: 648 BUFF: 647 DC: 0 FLAG_ZERO: False FLAG_LT: 1 FLAG_GT: 0
INPUT_PORT:  []
OUT_PORT:  []
DATA_MEM:  [648, 301]
---------------------------------------
DEBUG    root:machine.py:309 LD 0
TICK: 31374 PC:   5 ADDR:   0 MEM_OUT: 648 ACC: 648 BUFF: 647 DC: 0 FLAG_ZERO: False FLAG_LT: 1 FLAG_GT: 0
INPUT_PORT:  []
OUT_PORT:  []
DATA_MEM:  [648, 301]
---------------------------------------
DEBUG    root:machine.py:309 MOD 3
TICK: 31378 PC:   6 ADDR:   0 MEM_OUT: 648 ACC: 648 BUFF: 647 DC: 0 FLAG_ZERO: False FLAG_LT: 1 FLAG_GT: 0
INPUT_PORT:  []
OUT_PORT:  []
DATA_MEM:  [648, 301]
---------------------------------------
DEBUG    root:machine.py:309 CMP 0
TICK: 31382 PC:   7 ADDR:   0 MEM_OUT: 648 ACC: 0 BUFF: 648 DC: 0 FLAG_ZERO: False FLAG_LT: 1 FLAG_GT: 0
INPUT_PORT:  []
OUT_PORT:  []
DATA_MEM:  [648, 301]
---------------------------------------
DEBUG    root:machine.py:309 JE 14
TICK: 31385 PC:   8 ADDR:   0 MEM_OUT: 648 ACC: 0 BUFF: 648 DC: 0 FLAG_ZERO: True FLAG_LT: 0 FLAG_GT: 0
INPUT_PORT:  []
OUT_PORT:  []
DATA_MEM:  [648, 301]
---------------------------------------
DEBUG    root:machine.py:309 LD 4
TICK: 31388 PC:  14 ADDR:   0 MEM_OUT: 648 ACC: 0 BUFF: 648 DC: 0 FLAG_ZERO: True FLAG_LT: 0 FLAG_GT: 0
INPUT_PORT:  []
OUT_PORT:  []
DATA_MEM:  [648, 301]
---------------------------------------
DEBUG    root:machine.py:309 INC 
TICK: 31392 PC:  15 ADDR:   1 MEM_OUT: 301 ACC: 301 BUFF: 648 DC: 0 FLAG_ZERO: True FLAG_LT: 0 FLAG_GT: 0
INPUT_PORT:  []
OUT_PORT:  []
DATA_MEM:  [648, 301]
---------------------------------------
DEBUG    root:machine.py:309 ST 4
TICK: 31395 PC:  16 ADDR:   1 MEM_OUT: 301 ACC: 302 BUFF: 648 DC: 0 FLAG_ZERO: True FLAG_LT: 0 FLAG_GT: 0
INPUT_PORT:  []
OUT_PORT:  []
DATA_MEM:  [648, 301]
---------------------------------------
DEBUG    root:machine.py:309 JMP 0
TICK: 31399 PC:  17 ADDR:   1 MEM_OUT: 302 ACC: 302 BUFF: 648 DC: 0 FLAG_ZERO: True FLAG_LT: 0 FLAG_GT: 0
INPUT_PORT:  []
OUT_PORT:  []
DATA_MEM:  [648, 302]
---------------------------------------
DEBUG    root:machine.py:309 LD 0
TICK: 31402 PC:   0 ADDR:   1 MEM_OUT: 302 ACC: 302 BUFF: 648 DC: 0 FLAG_ZERO: True FLAG_LT: 0 FLAG_GT: 0
INPUT_PORT:  []
OUT_PORT:  []
DATA_MEM:  [648, 302]
---------------------------------------
DEBUG    root:machine.py:309 INC 
TICK: 31406 PC:   1 ADDR:   0 MEM_OUT: 648 ACC: 648 BUFF: 648 DC: 0 FLAG_ZERO: True FLAG_LT: 0 FLAG_GT: 0
INPUT_PORT:  []
OUT_PORT:  []
DATA_MEM:  [648, 302]
---------------------------------------
DEBUG    root:machine.py:309 ST 0
TICK: 31409 PC:   2 ADDR:   0 MEM_OUT: 648 ACC: 649 BUFF: 648 DC: 0 FLAG_ZERO: True FLAG_LT: 0 FLAG_GT: 0
INPUT_PORT:  []
OUT_PORT:  []
DATA_MEM:  [648, 302]
---------------------------------------
DEBUG    root:machine.py:309 CMP 1000
TICK: 31413 PC:   3 ADDR:   0 MEM_OUT: 649 ACC: 649 BUFF: 648 DC: 0 FLAG_ZERO: True FLAG_LT: 0 FLAG_GT: 0
INPUT_PORT:  []
OUT_PORT:  []
DATA_MEM:  [649, 302]
---------------------------------------
DEBUG    root:machine.py:309 JGE 22
TICK: 31416 PC:   4 ADDR:   0 MEM_OUT: 649 ACC: 649 BUFF: 648 DC: 0 FLAG_ZERO: False FLAG_LT: 1 FLAG_GT: 0
INPUT_PORT:  []
OUT_PORT:  []
DATA_MEM:  [649, 302]
---------------------------------------
DEBUG    root:machine.py:309 LD 0
TICK: 31419 PC:   5 ADDR:   0 MEM_OUT: 649 ACC: 649 BUFF: 648 DC: 0 FLAG_ZERO: False FLAG_LT: 1 FLAG_GT: 0
INPUT_PORT:  []
OUT_PORT:  []
DATA_MEM:  [649, 302]
---------------------------------------
DEBUG    root:machine.py:309 MOD 3
TICK: 31423 PC:   6 ADDR:   0 MEM_OUT: 649 ACC: 649 BUFF: 648 DC: 0 FLAG_ZERO: False FLAG_LT: 1 FLAG_GT: 0
INPUT_PORT:  []
OUT_PORT:  []
DATA_MEM:  [649, 302]
---------------------------------------
DEBUG    root:machine.py:309 CMP 0
TICK: 31427 PC:   7 ADDR:   0 MEM_OUT: 649 ACC: 1 BUFF: 649 DC: 0 FLAG_ZERO: False FLAG_LT: 1 FLAG_GT: 0
INPUT_PORT:  []
OUT_PORT:  []
DATA_MEM:  [649, 302]
---------------------------------------
DEBUG    root:machine.py:309 JE 14
TICK: 31430 PC:   8 ADDR:   0 MEM_OUT: 649 ACC: 1 BUFF: 649 DC: 0 FLAG_ZERO: False FLAG_LT: 0 FLAG_GT: 1
INPUT_PORT:  []
OUT_PORT:  []
DATA_MEM:  [649, 302]
---------------------------------------
DEBUG    root:machine.py:309 LD 0
TICK: 31433 PC:   9 ADDR:   0 MEM_OUT: 649 ACC: 1 BUFF: 649 DC: 0 FLAG_ZERO: False FLAG_LT: 0 FLAG_GT: 1
INPUT_PORT:  []
OUT_PORT:  []
DATA_MEM:  [649, 302]
---------------------------------------
DEBUG    root:machine.py:309 MOD 5
TICK: 31437 PC:  10 ADDR:   0 MEM_OUT: 649 ACC: 649 BUFF: 649 DC: 0 FLAG_ZERO: False FLAG_LT: 0 FLAG_GT: 1
INPUT_PORT:  []
OUT_PORT:  []
DATA_MEM:  [649, 302]
---------------------------------------
DEBUG    root:machine.py:309 CMP 0
TICK: 31441 PC:  11 ADDR:   0 MEM_OUT: 649 ACC: 4 BUFF: 649 DC: 0 FLAG_ZERO: False FLAG_LT: 0 FLAG_GT: 1
INPUT_PORT:  []
OUT_PORT:  []
DATA_MEM:  [649, 302]
---------------------------------------
DEBUG    root:machine.py:309 JE 18
TICK: 31444 PC:  12 ADDR:   0 MEM_OUT: 649 ACC: 4 BUFF: 649 DC: 0 FLAG_ZERO: False FLAG_LT: 0 FLAG_GT: 1
INPUT_PORT:  []
OUT_PORT:  []
DATA_MEM:  [649, 302]
---------------------------------------
DEBUG    root:machine.py:309 JMP 0
TICK: 31447 PC:  13 ADDR:   0 MEM_OUT: 649 ACC: 4 BUFF: 649 DC: 0 FLAG_ZERO: False FLAG_LT: 0 FLAG_GT: 1
INPUT_PORT:  []
OUT_PORT:  []
DATA_MEM:  [649, 302]
---------------------------------------
DEBUG    root:machine.py:309 LD 0
TICK: 31450 PC:   0 ADDR:   0 MEM_OUT: 649 ACC: 4 BUFF: 649 DC: 0 FLAG_ZERO: False FLAG_LT: 0 FLAG_GT: 1
INPUT_PORT:  []
OUT_PORT:  []
DATA_MEM:  [649, 302]
---------------------------------------
DEBUG    root:machine.py:309 INC 
TICK: 31454 PC:   1 ADDR:   0 MEM_OUT: 649 ACC: 649 BUFF: 649 DC: 0 FLAG_ZERO: False FLAG_LT: 0 FLAG_GT: 1
INPUT_PORT:  []
OUT_PORT:  []
DATA_MEM:  [649, 302]
---------------------------------------
DEBUG    root:machine.py:309 ST 0
TICK: 31457 PC:   2 ADDR:   0 MEM_OUT: 649 ACC: 650 BUFF: 649 DC: 0 FLAG_ZERO: False FLAG_LT: 0 FLAG_GT: 1
INPUT_PORT:  []
OUT_PORT:  []
DATA_MEM:  [649, 302]
---------------------------------------
DEBUG    root:machine.py:309 CMP 1000
TICK: 31461 PC:   3 ADDR:   0 MEM_OUT: 650 ACC: 650 BUFF: 649 DC: 0 FLAG_ZERO: False FLAG_LT: 0 FLAG_GT: 1
INPUT_PORT:  []
OUT_PORT:  []
DATA_MEM:  [650, 302]
---------------------------------------
DEBUG    root:machine.py:309 JGE 22
TICK: 31464 PC:   4 ADDR:   0 MEM_OUT: 650 ACC: 650 BUFF: 649 DC: 0 FLAG_ZERO: False FLAG_LT: 1 FLAG_GT: 0
INPUT_PORT:  []
OUT_PORT:  []
DATA_MEM:  [650, 302]
---------------------------------------
DEBUG    root:machine.py:309 LD 0
TICK: 31467 PC:   5 ADDR:   0 MEM_OUT: 650 ACC: 650 BUFF: 649 DC: 0 FLAG_ZERO: False FLAG_LT: 1 FLAG_GT: 0
INPUT_PORT:  []
OUT_PORT:  []
DATA_MEM:  [650, 302]
---------------------------------------
DEBUG    root:machine.py:309 MOD 3
TICK: 31471 PC:   6 ADDR:   0 MEM_OUT: 650 ACC: 650 BUFF: 649 DC: 0 FLAG_ZERO: False FLAG_LT: 1 FLAG_GT: 0
INPUT_PORT:  []
OUT_PORT:  []
DATA_MEM:  [650, 302]
---------------------------------------
DEBUG    root:machine.py:309 CMP 0
TICK: 31475 PC:   7 ADDR:   0 MEM_OUT: 650 ACC: 2 BUFF: 650 DC: 0 FLAG_ZERO: False FLAG_LT: 1 FLAG_GT: 0
INPUT_PORT:  []
OUT_PORT:  []
DATA_MEM:  [650, 302]
---------------------------------------
DEBUG    root:machine.py:309 JE 14
TICK: 31478 PC:   8 ADDR:   0 MEM_OUT: 650 ACC: 2 BUFF: 650 DC: 0 FLAG_ZERO: False FLAG_LT: 0 FLAG_GT: 1
INPUT_PORT:  []
OUT_PORT:  []
DATA_MEM:  [650, 302]
---------------------------------------
DEBUG    root:machine.py:309 LD 0
TICK: 31481 PC:   9 ADDR:   0 MEM_OUT: 650 ACC: 2 BUFF: 650 DC: 0 FLAG_ZERO: False FLAG_LT: 0 FLAG_GT: 1
INPUT_PORT:  []
OUT_PORT:  []
DATA_MEM:  [650, 302]
---------------------------------------
DEBUG    root:machine.py:309 MOD 5
TICK: 31485 PC:  10 ADDR:   0 MEM_OUT: 650 ACC: 650 BUFF: 650 DC: 0 FLAG_ZERO: False FLAG_LT: 0 FLAG_GT: 1
INPUT_PORT:  []
OUT_PORT:  []
DATA_MEM:  [650, 302]
---------------------------------------
DEBUG    root:machine.py:309 CMP 0
TICK: 31489 PC:  11 ADDR:   0 MEM_OUT: 650 ACC: 0 BUFF: 650 DC: 0 FLAG_ZERO: False FLAG_LT: 0 FLAG_GT: 1
INPUT_PORT:  []
OUT_PORT:  []
DATA_MEM:  [650, 302]
---------------------------------------
DEBUG    root:machine.py:309 JE 18
TICK: 31492 PC:  12 ADDR:   0 MEM_OUT: 650 ACC: 0 BUFF: 650 DC: 0 FLAG_ZERO: True FLAG_LT: 0 FLAG_GT: 0
INPUT_PORT:  []
OUT_PORT:  []
DATA_MEM:  [650, 302]
---------------------------------------
DEBUG    root:machine.py:309 LD 4
TICK: 31495 PC:  18 ADDR:   0 MEM_OUT: 650 ACC: 0 BUFF: 650 DC: 0 FLAG_ZERO: True FLAG_LT: 0 FLAG_GT: 0
INPUT_PORT:  []
OUT_PORT:  []
DATA_MEM:  [650, 302]
---------------------------------------
DEBUG    root:machine.py:309 INC 
TICK: 31499 PC:  19 ADDR:   1 MEM_OUT: 302 ACC: 302 BUFF: 650 DC: 0 FLAG_ZERO: True FLAG_LT: 0 FLAG_GT: 0
INPUT_PORT:  []
OUT_PORT:  []
DATA_MEM:  [650, 302]
---------------------------------------
DEBUG    root:machine.py:309 ST 4
TICK: 31502 PC:  20 ADDR:   1 MEM_OUT: 302 ACC: 303 BUFF: 650 DC: 0 FLAG_ZERO: True FLAG_LT: 0 FLAG_GT: 0
INPUT_PORT:  []
OUT_PORT:  []
DATA_MEM:  [650, 302]
---------------------------------------
DEBUG    root:machine.py:309 JMP 0
TICK: 31506 PC:  21 ADDR:   1 MEM_OUT: 303 ACC: 303 BUFF: 650 DC: 0 FLAG_ZERO: True FLAG_LT: 0 FLAG_GT: 0
INPUT_PORT:  []
OUT_PORT:  []
DATA_MEM:  [650, 303]
---------------------------------------
DEBUG    root:machine.py:309 LD 0
TICK: 31509 PC:   0 ADDR:   1 MEM_OUT: 303 ACC: 303 BUFF: 650 DC: 0 FLAG_ZERO: True FLAG_LT: 0 FLAG_GT: 0
INPUT_PORT:  []
OUT_PORT:  []
DATA_MEM:  [650, 303]
---------------------------------------
DEBUG    root:machine.py:309 INC 
TICK: 31513 PC:   1 ADDR:   0 MEM_OUT: 650 ACC: 650 BUFF: 650 DC: 0 FLAG_ZERO: True FLAG_LT: 0 FLAG_GT: 0
INPUT_PORT:  []
OUT_PORT:  []
DATA_MEM:  [650, 303]
---------------------------------------
DEBUG    root:machine.py:309 ST 0
TICK: 31516 PC:   2 ADDR:   0 MEM_OUT: 650 ACC: 651 BUFF: 650 DC: 0 FLAG_ZERO: True FLAG_LT: 0 FLAG_GT: 0
INPUT_PORT:  []
OUT_PORT:  []
DATA_MEM:  [650, 303]
---------------------------------------
DEBUG    root:machine.py:309 CMP 1000
TICK: 31520 PC:   3 ADDR:   0 MEM_OUT: 651 ACC: 651 BUFF: 650 DC: 0 FLAG_ZERO: True FLAG_LT: 0 FLAG_GT: 0
INPUT_PORT:  []
OUT_PORT:  []
DATA_MEM:  [651, 303]
---------------------------------------
DEBUG    root:machine.py:309 JGE 22
TICK: 31523 PC:   4 ADDR:   0 MEM_OUT: 651 ACC: 651 BUFF: 650 DC: 0 FLAG_ZERO: False FLAG_LT: 1 FLAG_GT: 0
INPUT_PORT:  []
OUT_PORT:  []
DATA_MEM:  [651, 303]
---------------------------------------
DEBUG    root:machine.py:309 LD 0
TICK: 31526 PC:   5 ADDR:   0 MEM_OUT: 651 ACC: 651 BUFF: 650 DC: 0 FLAG_ZERO: False FLAG_LT: 1 FLAG_GT: 0
INPUT_PORT:  []
OUT_PORT:  []
DATA_MEM:  [651, 303]
---------------------------------------
DEBUG    root:machine.py:309 MOD 3
TICK: 31530 PC:   6 ADDR:   0 MEM_OUT: 651 ACC: 651 BUFF: 650 DC: 0 FLAG_ZERO: False FLAG_LT: 1 FLAG_GT: 0
INPUT_PORT:  []
OUT_PORT:  []
DATA_MEM:  [651, 303]
---------------------------------------
DEBUG    root:machine.py:309 CMP 0
TICK: 31534 PC:   7 ADDR:   0 MEM_OUT: 651 ACC: 0 BUFF: 651 DC: 0 FLAG_ZERO: False FLAG_LT: 1 FLAG_GT: 0
INPUT_PORT:  []
OUT_PORT:  []
DATA_MEM:  [651, 303]
---------------------------------------
DEBUG    root:machine.py:309 JE 14
TICK: 31537 PC:   8 ADDR:   0 MEM_OUT: 651 ACC: 0 BUFF: 651 DC: 0 FLAG_ZERO: True FLAG_LT: 0 FLAG_GT: 0
INPUT_PORT:  []
OUT_PORT:  []
DATA_MEM:  [651, 303]
---------------------------------------
DEBUG    root:machine.py:309 LD 4
TICK: 31540 PC:  14 ADDR:   0 MEM_OUT: 651 ACC: 0 BUFF: 651 DC: 0 FLAG_ZERO: True FLAG_LT: 0 FLAG_GT: 0
INPUT_PORT:  []
OUT_PORT:  []
DATA_MEM:  [651, 303]
---------------------------------------
DEBUG    root:machine.py:309 INC 
TICK: 31544 PC:  15 ADDR:   1 MEM_OUT: 303 ACC: 303 BUFF: 651 DC: 0 FLAG_ZERO: True FLAG_LT: 0 FLAG_GT: 0
INPUT_PORT:  []
OUT_PORT:  []
DATA_MEM:  [651, 303]
---------------------------------------
DEBUG    root:machine.py:309 ST 4
TICK: 31547 PC:  16 ADDR:   1 MEM_OUT: 303 ACC: 304 BUFF: 651 DC: 0 FLAG_ZERO: True FLAG_LT: 0 FLAG_GT: 0
INPUT_PORT:  []
OUT_PORT:  []
DATA_MEM:  [651, 303]
---------------------------------------
DEBUG    root:machine.py:309 JMP 0
TICK: 31551 PC:  17 ADDR:   1 MEM_OUT: 304 ACC: 304 BUFF: 651 DC: 0 FLAG_ZERO: True FLAG_LT: 0 FLAG_GT: 0
INPUT_PORT:  []
OUT_PORT:  []
DATA_MEM:  [651, 304]
---------------------------------------
DEBUG    root:machine.py:309 LD 0
TICK: 31554 PC:   0 ADDR:   1 MEM_OUT: 304 ACC: 304 BUFF: 651 DC: 0 FLAG_ZERO: True FLAG_LT: 0 FLAG_GT: 0
INPUT_PORT:  []
OUT_PORT:  []
DATA_MEM:  [651, 304]
---------------------------------------
DEBUG    root:machine.py:309 INC 
TICK: 31558 PC:   1 ADDR:   0 MEM_OUT: 651 ACC: 651 BUFF: 651 DC: 0 FLAG_ZERO: True FLAG_LT: 0 FLAG_GT: 0
INPUT_PORT:  []
OUT_PORT:  []
DATA_MEM:  [651, 304]
---------------------------------------
DEBUG    root:machine.py:309 ST 0
TICK: 31561 PC:   2 ADDR:   0 MEM_OUT: 651 ACC: 652 BUFF: 651 DC: 0 FLAG_ZERO: True FLAG_LT: 0 FLAG_GT: 0
INPUT_PORT:  []
OUT_PORT:  []
DATA_MEM:  [651, 304]
---------------------------------------
DEBUG    root:machine.py:309 CMP 1000
TICK: 31565 PC:   3 ADDR:   0 MEM_OUT: 652 ACC: 652 BUFF: 651 DC: 0 FLAG_ZERO: True FLAG_LT: 0 FLAG_GT: 0
INPUT_PORT:  []
OUT_PORT:  []
DATA_MEM:  [652, 304]
---------------------------------------
DEBUG    root:machine.py:309 JGE 22
TICK: 31568 PC:   4 ADDR:   0 MEM_OUT: 652 ACC: 652 BUFF: 651 DC: 0 FLAG_ZERO: False FLAG_LT: 1 FLAG_GT: 0
INPUT_PORT:  []
OUT_PORT:  []
DATA_MEM:  [652, 304]
---------------------------------------
DEBUG    root:machine.py:309 LD 0
TICK: 31571 PC:   5 ADDR:   0 MEM_OUT: 652 ACC: 652 BUFF: 651 DC: 0 FLAG_ZERO: False FLAG_LT: 1 FLAG_GT: 0
INPUT_PORT:  []
OUT_PORT:  []
DATA_MEM:  [652, 304]
---------------------------------------
DEBUG    root:machine.py:309 MOD 3
TICK: 31575 PC:   6 ADDR:   0 MEM_OUT: 652 ACC: 652 BUFF: 651 DC: 0 FLAG_ZERO: False FLAG_LT: 1 FLAG_GT: 0
INPUT_PORT:  []
OUT_PORT:  []
DATA_MEM:  [652, 304]
---------------------------------------
DEBUG    root:machine.py:309 CMP 0
TICK: 31579 PC:   7 ADDR:   0 MEM_OUT: 652 ACC: 1 BUFF: 652 DC: 0 FLAG_ZERO: False FLAG_LT: 1 FLAG_GT: 0
INPUT_PORT:  []
OUT_PORT:  []
DATA_MEM:  [652, 304]
---------------------------------------
DEBUG    root:machine.py:309 JE 14
TICK: 31582 PC:   8 ADDR:   0 MEM_OUT: 652 ACC: 1 BUFF: 652 DC: 0 FLAG_ZERO: False FLAG_LT: 0 FLAG_GT: 1
INPUT_PORT:  []
OUT_PORT:  []
DATA_MEM:  [652, 304]
---------------------------------------
DEBUG    root:machine.py:309 LD 0
TICK: 31585 PC:   9 ADDR:   0 MEM_OUT: 652 ACC: 1 BUFF: 652 DC: 0 FLAG_ZERO: False FLAG_LT: 0 FLAG_GT: 1
INPUT_PORT:  []
OUT_PORT:  []
DATA_MEM:  [652, 304]
---------------------------------------
DEBUG    root:machine.py:309 MOD 5
TICK: 31589 PC:  10 ADDR:   0 MEM_OUT: 652 ACC: 652 BUFF: 652 DC: 0 FLAG_ZERO: False FLAG_LT: 0 FLAG_GT: 1
INPUT_PORT:  []
OUT_PORT:  []
DATA_MEM:  [652, 304]
---------------------------------------
DEBUG    root:machine.py:309 CMP 0
TICK: 31593 PC:  11 ADDR:   0 MEM_OUT: 652 ACC: 2 BUFF: 652 DC: 0 FLAG_ZERO: False FLAG_LT: 0 FLAG_GT: 1
INPUT_PORT:  []
OUT_PORT:  []
DATA_MEM:  [652, 304]
---------------------------------------
DEBUG    root:machine.py:309 JE 18
TICK: 31596 PC:  12 ADDR:   0 MEM_OUT: 652 ACC: 2 BUFF: 652 DC: 0 FLAG_ZERO: False FLAG_LT: 0 FLAG_GT: 1
INPUT_PORT:  []
OUT_PORT:  []
DATA_MEM:  [652, 304]
---------------------------------------
DEBUG    root:machine.py:309 JMP 0
TICK: 31599 PC:  13 ADDR:   0 MEM_OUT: 652 ACC: 2 BUFF: 652 DC: 0 FLAG_ZERO: False FLAG_LT: 0 FLAG_GT: 1
INPUT_PORT:  []
OUT_PORT:  []
DATA_MEM:  [652, 304]
---------------------------------------
DEBUG    root:machine.py:309 LD 0
TICK: 31602 PC:   0 ADDR:   0 MEM_OUT: 652 ACC: 2 BUFF: 652 DC: 0 FLAG_ZERO: False FLAG_LT: 0 FLAG_GT: 1
INPUT_PORT:  []
OUT_PORT:  []
DATA_MEM:  [652, 304]
---------------------------------------
DEBUG    root:machine.py:309 INC 
TICK: 31606 PC:   1 ADDR:   0 MEM_OUT: 652 ACC: 652 BUFF: 652 DC: 0 FLAG_ZERO: False FLAG_LT: 0 FLAG_GT: 1
INPUT_PORT:  []
OUT_PORT:  []
DATA_MEM:  [652, 304]
---------------------------------------
DEBUG    root:machine.py:309 ST 0
TICK: 31609 PC:   2 ADDR:   0 MEM_OUT: 652 ACC: 653 BUFF: 652 DC: 0 FLAG_ZERO: False FLAG_LT: 0 FLAG_GT: 1
INPUT_PORT:  []
OUT_PORT:  []
DATA_MEM:  [652, 304]
---------------------------------------
DEBUG    root:machine.py:309 CMP 1000
TICK: 31613 PC:   3 ADDR:   0 MEM_OUT: 653 ACC: 653 BUFF: 652 DC: 0 FLAG_ZERO: False FLAG_LT: 0 FLAG_GT: 1
INPUT_PORT:  []
OUT_PORT:  []
DATA_MEM:  [653, 304]
---------------------------------------
DEBUG    root:machine.py:309 JGE 22
TICK: 31616 PC:   4 ADDR:   0 MEM_OUT: 653 ACC: 653 BUFF: 652 DC: 0 FLAG_ZERO: False FLAG_LT: 1 FLAG_GT: 0
INPUT_PORT:  []
OUT_PORT:  []
DATA_MEM:  [653, 304]
---------------------------------------
DEBUG    root:machine.py:309 LD 0
TICK: 31619 PC:   5 ADDR:   0 MEM_OUT: 653 ACC: 653 BUFF: 652 DC: 0 FLAG_ZERO: False FLAG_LT: 1 FLAG_GT: 0
INPUT_PORT:  []
OUT_PORT:  []
DATA_MEM:  [653, 304]
---------------------------------------
DEBUG    root:machine.py:309 MOD 3
TICK: 31623 PC:   6 ADDR:   0 MEM_OUT: 653 ACC: 653 BUFF: 652 DC: 0 FLAG_ZERO: False FLAG_LT: 1 FLAG_GT: 0
INPUT_PORT:  []
OUT_PORT:  []
DATA_MEM:  [653, 304]
---------------------------------------
DEBUG    root:machine.py:309 CMP 0
TICK: 31627 PC:   7 ADDR:   0 MEM_OUT: 653 ACC: 2 BUFF: 653 DC: 0 FLAG_ZERO: False FLAG_LT: 1 FLAG_GT: 0
INPUT_PORT:  []
OUT_PORT:  []
DATA_MEM:  [653, 304]
---------------------------------------
DEBUG    root:machine.py:309 JE 14
TICK: 31630 PC:   8 ADDR:   0 MEM_OUT: 653 ACC: 2 BUFF: 653 DC: 0 FLAG_ZERO: False FLAG_LT: 0 FLAG_GT: 1
INPUT_PORT:  []
OUT_PORT:  []
DATA_MEM:  [653, 304]
---------------------------------------
DEBUG    root:machine.py:309 LD 0
TICK: 31633 PC:   9 ADDR:   0 MEM_OUT: 653 ACC: 2 BUFF: 653 DC: 0 FLAG_ZERO: False FLAG_LT: 0 FLAG_GT: 1
INPUT_PORT:  []
OUT_PORT:  []
DATA_MEM:  [653, 304]
---------------------------------------
DEBUG    root:machine.py:309 MOD 5
TICK: 31637 PC:  10 ADDR:   0 MEM_OUT: 653 ACC: 653 BUFF: 653 DC: 0 FLAG_ZERO: False FLAG_LT: 0 FLAG_GT: 1
INPUT_PORT:  []
OUT_PORT:  []
DATA_MEM:  [653, 304]
---------------------------------------
DEBUG    root:machine.py:309 CMP 0
TICK: 31641 PC:  11 ADDR:   0 MEM_OUT: 653 ACC: 3 BUFF: 653 DC: 0 FLAG_ZERO: False FLAG_LT: 0 FLAG_GT: 1
INPUT_PORT:  []
OUT_PORT:  []
DATA_MEM:  [653, 304]
---------------------------------------
DEBUG    root:machine.py:309 JE 18
TICK: 31644 PC:  12 ADDR:   0 MEM_OUT: 653 ACC: 3 BUFF: 653 DC: 0 FLAG_ZERO: False FLAG_LT: 0 FLAG_GT: 1
INPUT_PORT:  []
OUT_PORT:  []
DATA_MEM:  [653, 304]
---------------------------------------
DEBUG    root:machine.py:309 JMP 0
TICK: 31647 PC:  13 ADDR:   0 MEM_OUT: 653 ACC: 3 BUFF: 653 DC: 0 FLAG_ZERO: False FLAG_LT: 0 FLAG_GT: 1
INPUT_PORT:  []
OUT_PORT:  []
DATA_MEM:  [653, 304]
---------------------------------------
DEBUG    root:machine.py:309 LD 0
TICK: 31650 PC:   0 ADDR:   0 MEM_OUT: 653 ACC: 3 BUFF: 653 DC: 0 FLAG_ZERO: False FLAG_LT: 0 FLAG_GT: 1
INPUT_PORT:  []
OUT_PORT:  []
DATA_MEM:  [653, 304]
---------------------------------------
DEBUG    root:machine.py:309 INC 
TICK: 31654 PC:   1 ADDR:   0 MEM_OUT: 653 ACC: 653 BUFF: 653 DC: 0 FLAG_ZERO: False FLAG_LT: 0 FLAG_GT: 1
INPUT_PORT:  []
OUT_PORT:  []
DATA_MEM:  [653, 304]
---------------------------------------
DEBUG    root:machine.py:309 ST 0
TICK: 31657 PC:   2 ADDR:   0 MEM_OUT: 653 ACC: 654 BUFF: 653 DC: 0 FLAG_ZERO: False FLAG_LT: 0 FLAG_GT: 1
INPUT_PORT:  []
OUT_PORT:  []
DATA_MEM:  [653, 304]
---------------------------------------
DEBUG    root:machine.py:309 CMP 1000
TICK: 31661 PC:   3 ADDR:   0 MEM_OUT: 654 ACC: 654 BUFF: 653 DC: 0 FLAG_ZERO: False FLAG_LT: 0 FLAG_GT: 1
INPUT_PORT:  []
OUT_PORT:  []
DATA_MEM:  [654, 304]
---------------------------------------
DEBUG    root:machine.py:309 JGE 22
TICK: 31664 PC:   4 ADDR:   0 MEM_OUT: 654 ACC: 654 BUFF: 653 DC: 0 FLAG_ZERO: False FLAG_LT: 1 FLAG_GT: 0
INPUT_PORT:  []
OUT_PORT:  []
DATA_MEM:  [654, 304]
---------------------------------------
DEBUG    root:machine.py:309 LD 0
TICK: 31667 PC:   5 ADDR:   0 MEM_OUT: 654 ACC: 654 BUFF: 653 DC: 0 FLAG_ZERO: False FLAG_LT: 1 FLAG_GT: 0
INPUT_PORT:  []
OUT_PORT:  []
DATA_MEM:  [654, 304]
---------------------------------------
DEBUG    root:machine.py:309 MOD 3
TICK: 31671 PC:   6 ADDR:   0 MEM_OUT: 654 ACC: 654 BUFF: 653 DC: 0 FLAG_ZERO: False FLAG_LT: 1 FLAG_GT: 0
INPUT_PORT:  []
OUT_PORT:  []
DATA_MEM:  [654, 304]
---------------------------------------
DEBUG    root:machine.py:309 CMP 0
TICK: 31675 PC:   7 ADDR:   0 MEM_OUT: 654 ACC: 0 BUFF: 654 DC: 0 FLAG_ZERO: False FLAG_LT: 1 FLAG_GT: 0
INPUT_PORT:  []
OUT_PORT:  []
DATA_MEM:  [654, 304]
---------------------------------------
DEBUG    root:machine.py:309 JE 14
TICK: 31678 PC:   8 ADDR:   0 MEM_OUT: 654 ACC: 0 BUFF: 654 DC: 0 FLAG_ZERO: True FLAG_LT: 0 FLAG_GT: 0
INPUT_PORT:  []
OUT_PORT:  []
DATA_MEM:  [654, 304]
---------------------------------------
DEBUG    root:machine.py:309 LD 4
TICK: 31681 PC:  14 ADDR:   0 MEM_OUT: 654 ACC: 0 BUFF: 654 DC: 0 FLAG_ZERO: True FLAG_LT: 0 FLAG_GT: 0
INPUT_PORT:  []
OUT_PORT:  []
DATA_MEM:  [654, 304]
---------------------------------------
DEBUG    root:machine.py:309 INC 
TICK: 31685 PC:  15 ADDR:   1 MEM_OUT: 304 ACC: 304 BUFF: 654 DC: 0 FLAG_ZERO: True FLAG_LT: 0 FLAG_GT: 0
INPUT_PORT:  []
OUT_PORT:  []
DATA_MEM:  [654, 304]
---------------------------------------
DEBUG    root:machine.py:309 ST 4
TICK: 31688 PC:  16 ADDR:   1 MEM_OUT: 304 ACC: 305 BUFF: 654 DC: 0 FLAG_ZERO: True FLAG_LT: 0 FLAG_GT: 0
INPUT_PORT:  []
OUT_PORT:  []
DATA_MEM:  [654, 304]
---------------------------------------
DEBUG    root:machine.py:309 JMP 0
TICK: 31692 PC:  17 ADDR:   1 MEM_OUT: 305 ACC: 305 BUFF: 654 DC: 0 FLAG_ZERO: True FLAG_LT: 0 FLAG_GT: 0
INPUT_PORT:  []
OUT_PORT:  []
DATA_MEM:  [654, 305]
---------------------------------------
DEBUG    root:machine.py:309 LD 0
TICK: 31695 PC:   0 ADDR:   1 MEM_OUT: 305 ACC: 305 BUFF: 654 DC: 0 FLAG_ZERO: True FLAG_LT: 0 FLAG_GT: 0
INPUT_PORT:  []
OUT_PORT:  []
DATA_MEM:  [654, 305]
---------------------------------------
DEBUG    root:machine.py:309 INC 
TICK: 31699 PC:   1 ADDR:   0 MEM_OUT: 654 ACC: 654 BUFF: 654 DC: 0 FLAG_ZERO: True FLAG_LT: 0 FLAG_GT: 0
INPUT_PORT:  []
OUT_PORT:  []
DATA_MEM:  [654, 305]
---------------------------------------
DEBUG    root:machine.py:309 ST 0
TICK: 31702 PC:   2 ADDR:   0 MEM_OUT: 654 ACC: 655 BUFF: 654 DC: 0 FLAG_ZERO: True FLAG_LT: 0 FLAG_GT: 0
INPUT_PORT:  []
OUT_PORT:  []
DATA_MEM:  [654, 305]
---------------------------------------
DEBUG    root:machine.py:309 CMP 1000
TICK: 31706 PC:   3 ADDR:   0 MEM_OUT: 655 ACC: 655 BUFF: 654 DC: 0 FLAG_ZERO: True FLAG_LT: 0 FLAG_GT: 0
INPUT_PORT:  []
OUT_PORT:  []
DATA_MEM:  [655, 305]
---------------------------------------
DEBUG    root:machine.py:309 JGE 22
TICK: 31709 PC:   4 ADDR:   0 MEM_OUT: 655 ACC: 655 BUFF: 654 DC: 0 FLAG_ZERO: False FLAG_LT: 1 FLAG_GT: 0
INPUT_PORT:  []
OUT_PORT:  []
DATA_MEM:  [655, 305]
---------------------------------------
DEBUG    root:machine.py:309 LD 0
TICK: 31712 PC:   5 ADDR:   0 MEM_OUT: 655 ACC: 655 BUFF: 654 DC: 0 FLAG_ZERO: False FLAG_LT: 1 FLAG_GT: 0
INPUT_PORT:  []
OUT_PORT:  []
DATA_MEM:  [655, 305]
---------------------------------------
DEBUG    root:machine.py:309 MOD 3
TICK: 31716 PC:   6 ADDR:   0 MEM_OUT: 655 ACC: 655 BUFF: 654 DC: 0 FLAG_ZERO: False FLAG_LT: 1 FLAG_GT: 0
INPUT_PORT:  []
OUT_PORT:  []
DATA_MEM:  [655, 305]
---------------------------------------
DEBUG    root:machine.py:309 CMP 0
TICK: 31720 PC:   7 ADDR:   0 MEM_OUT: 655 ACC: 1 BUFF: 655 DC: 0 FLAG_ZERO: False FLAG_LT: 1 FLAG_GT: 0
INPUT_PORT:  []
OUT_PORT:  []
DATA_MEM:  [655, 305]
---------------------------------------
DEBUG    root:machine.py:309 JE 14
TICK: 31723 PC:   8 ADDR:   0 MEM_OUT: 655 ACC: 1 BUFF: 655 DC: 0 FLAG_ZERO: False FLAG_LT: 0 FLAG_GT: 1
INPUT_PORT:  []
OUT_PORT:  []
DATA_MEM:  [655, 305]
---------------------------------------
DEBUG    root:machine.py:309 LD 0
TICK: 31726 PC:   9 ADDR:   0 MEM_OUT: 655 ACC: 1 BUFF: 655 DC: 0 FLAG_ZERO: False FLAG_LT: 0 FLAG_GT: 1
INPUT_PORT:  []
OUT_PORT:  []
DATA_MEM:  [655, 305]
---------------------------------------
DEBUG    root:machine.py:309 MOD 5
TICK: 31730 PC:  10 ADDR:   0 MEM_OUT: 655 ACC: 655 BUFF: 655 DC: 0 FLAG_ZERO: False FLAG_LT: 0 FLAG_GT: 1
INPUT_PORT:  []
OUT_PORT:  []
DATA_MEM:  [655, 305]
---------------------------------------
DEBUG    root:machine.py:309 CMP 0
TICK: 31734 PC:  11 ADDR:   0 MEM_OUT: 655 ACC: 0 BUFF: 655 DC: 0 FLAG_ZERO: False FLAG_LT: 0 FLAG_GT: 1
INPUT_PORT:  []
OUT_PORT:  []
DATA_MEM:  [655, 305]
---------------------------------------
DEBUG    root:machine.py:309 JE 18
TICK: 31737 PC:  12 ADDR:   0 MEM_OUT: 655 ACC: 0 BUFF: 655 DC: 0 FLAG_ZERO: True FLAG_LT: 0 FLAG_GT: 0
INPUT_PORT:  []
OUT_PORT:  []
DATA_MEM:  [655, 305]
---------------------------------------
DEBUG    root:machine.py:309 LD 4
TICK: 31740 PC:  18 ADDR:   0 MEM_OUT: 655 ACC: 0 BUFF: 655 DC: 0 FLAG_ZERO: True FLAG_LT: 0 FLAG_GT: 0
INPUT_PORT:  []
OUT_PORT:  []
DATA_MEM:  [655, 305]
---------------------------------------
DEBUG    root:machine.py:309 INC 
TICK: 31744 PC:  19 ADDR:   1 MEM_OUT: 305 ACC: 305 BUFF: 655 DC: 0 FLAG_ZERO: True FLAG_LT: 0 FLAG_GT: 0
INPUT_PORT:  []
OUT_PORT:  []
DATA_MEM:  [655, 305]
---------------------------------------
DEBUG    root:machine.py:309 ST 4
TICK: 31747 PC:  20 ADDR:   1 MEM_OUT: 305 ACC: 306 BUFF: 655 DC: 0 FLAG_ZERO: True FLAG_LT: 0 FLAG_GT: 0
INPUT_PORT:  []
OUT_PORT:  []
DATA_MEM:  [655, 305]
---------------------------------------
DEBUG    root:machine.py:309 JMP 0
TICK: 31751 PC:  21 ADDR:   1 MEM_OUT: 306 ACC: 306 BUFF: 655 DC: 0 FLAG_ZERO: True FLAG_LT: 0 FLAG_GT: 0
INPUT_PORT:  []
OUT_PORT:  []
DATA_MEM:  [655, 306]
---------------------------------------
DEBUG    root:machine.py:309 LD 0
TICK: 31754 PC:   0 ADDR:   1 MEM_OUT: 306 ACC: 306 BUFF: 655 DC: 0 FLAG_ZERO: True FLAG_LT: 0 FLAG_GT: 0
INPUT_PORT:  []
OUT_PORT:  []
DATA_MEM:  [655, 306]
---------------------------------------
DEBUG    root:machine.py:309 INC 
TICK: 31758 PC:   1 ADDR:   0 MEM_OUT: 655 ACC: 655 BUFF: 655 DC: 0 FLAG_ZERO: True FLAG_LT: 0 FLAG_GT: 0
INPUT_PORT:  []
OUT_PORT:  []
DATA_MEM:  [655, 306]
---------------------------------------
DEBUG    root:machine.py:309 ST 0
TICK: 31761 PC:   2 ADDR:   0 MEM_OUT: 655 ACC: 656 BUFF: 655 DC: 0 FLAG_ZERO: True FLAG_LT: 0 FLAG_GT: 0
INPUT_PORT:  []
OUT_PORT:  []
DATA_MEM:  [655, 306]
---------------------------------------
DEBUG    root:machine.py:309 CMP 1000
TICK: 31765 PC:   3 ADDR:   0 MEM_OUT: 656 ACC: 656 BUFF: 655 DC: 0 FLAG_ZERO: True FLAG_LT: 0 FLAG_GT: 0
INPUT_PORT:  []
OUT_PORT:  []
DATA_MEM:  [656, 306]
---------------------------------------
DEBUG    root:machine.py:309 JGE 22
TICK: 31768 PC:   4 ADDR:   0 MEM_OUT: 656 ACC: 656 BUFF: 655 DC: 0 FLAG_ZERO: False FLAG_LT: 1 FLAG_GT: 0
INPUT_PORT:  []
OUT_PORT:  []
DATA_MEM:  [656, 306]
---------------------------------------
DEBUG    root:machine.py:309 LD 0
TICK: 31771 PC:   5 ADDR:   0 MEM_OUT: 656 ACC: 656 BUFF: 655 DC: 0 FLAG_ZERO: False FLAG_LT: 1 FLAG_GT: 0
INPUT_PORT:  []
OUT_PORT:  []
DATA_MEM:  [656, 306]
---------------------------------------
DEBUG    root:machine.py:309 MOD 3
TICK: 31775 PC:   6 ADDR:   0 MEM_OUT: 656 ACC: 656 BUFF: 655 DC: 0 FLAG_ZERO: False FLAG_LT: 1 FLAG_GT: 0
INPUT_PORT:  []
OUT_PORT:  []
DATA_MEM:  [656, 306]
---------------------------------------
DEBUG    root:machine.py:309 CMP 0
TICK: 31779 PC:   7 ADDR:   0 MEM_OUT: 656 ACC: 2 BUFF: 656 DC: 0 FLAG_ZERO: False FLAG_LT: 1 FLAG_GT: 0
INPUT_PORT:  []
OUT_PORT:  []
DATA_MEM:  [656, 306]
---------------------------------------
DEBUG    root:machine.py:309 JE 14
TICK: 31782 PC:   8 ADDR:   0 MEM_OUT: 656 ACC: 2 BUFF: 656 DC: 0 FLAG_ZERO: False FLAG_LT: 0 FLAG_GT: 1
INPUT_PORT:  []
OUT_PORT:  []
DATA_MEM:  [656, 306]
---------------------------------------
DEBUG    root:machine.py:309 LD 0
TICK: 31785 PC:   9 ADDR:   0 MEM_OUT: 656 ACC: 2 BUFF: 656 DC: 0 FLAG_ZERO: False FLAG_LT: 0 FLAG_GT: 1
INPUT_PORT:  []
OUT_PORT:  []
DATA_MEM:  [656, 306]
---------------------------------------
DEBUG    root:machine.py:309 MOD 5
TICK: 31789 PC:  10 ADDR:   0 MEM_OUT: 656 ACC: 656 BUFF: 656 DC: 0 FLAG_ZERO: False FLAG_LT: 0 FLAG_GT: 1
INPUT_PORT:  []
OUT_PORT:  []
DATA_MEM:  [656, 306]
---------------------------------------
DEBUG    root:machine.py:309 CMP 0
TICK: 31793 PC:  11 ADDR:   0 MEM_OUT: 656 ACC: 1 BUFF: 656 DC: 0 FLAG_ZERO: False FLAG_LT: 0 FLAG_GT: 1
INPUT_PORT:  []
OUT_PORT:  []
DATA_MEM:  [656, 306]
---------------------------------------
DEBUG    root:machine.py:309 JE 18
TICK: 31796 PC:  12 ADDR:   0 MEM_OUT: 656 ACC: 1 BUFF: 656 DC: 0 FLAG_ZERO: False FLAG_LT: 0 FLAG_GT: 1
INPUT_PORT:  []
OUT_PORT:  []
DATA_MEM:  [656, 306]
---------------------------------------
DEBUG    root:machine.py:309 JMP 0
TICK: 31799 PC:  13 ADDR:   0 MEM_OUT: 656 ACC: 1 BUFF: 656 DC: 0 FLAG_ZERO: False FLAG_LT: 0 FLAG_GT: 1
INPUT_PORT:  []
OUT_PORT:  []
DATA_MEM:  [656, 306]
---------------------------------------
DEBUG    root:machine.py:309 LD 0
TICK: 31802 PC:   0 ADDR:   0 MEM_OUT: 656 ACC: 1 BUFF: 656 DC: 0 FLAG_ZERO: False FLAG_LT: 0 FLAG_GT: 1
INPUT_PORT:  []
OUT_PORT:  []
DATA_MEM:  [656, 306]
---------------------------------------
DEBUG    root:machine.py:309 INC 
TICK: 31806 PC:   1 ADDR:   0 MEM_OUT: 656 ACC: 656 BUFF: 656 DC: 0 FLAG_ZERO: False FLAG_LT: 0 FLAG_GT: 1
INPUT_PORT:  []
OUT_PORT:  []
DATA_MEM:  [656, 306]
---------------------------------------
DEBUG    root:machine.py:309 ST 0
TICK: 31809 PC:   2 ADDR:   0 MEM_OUT: 656 ACC: 657 BUFF: 656 DC: 0 FLAG_ZERO: False FLAG_LT: 0 FLAG_GT: 1
INPUT_PORT:  []
OUT_PORT:  []
DATA_MEM:  [656, 306]
---------------------------------------
DEBUG    root:machine.py:309 CMP 1000
TICK: 31813 PC:   3 ADDR:   0 MEM_OUT: 657 ACC: 657 BUFF: 656 DC: 0 FLAG_ZERO: False FLAG_LT: 0 FLAG_GT: 1
INPUT_PORT:  []
OUT_PORT:  []
DATA_MEM:  [657, 306]
---------------------------------------
DEBUG    root:machine.py:309 JGE 22
TICK: 31816 PC:   4 ADDR:   0 MEM_OUT: 657 ACC: 657 BUFF: 656 DC: 0 FLAG_ZERO: False FLAG_LT: 1 FLAG_GT: 0
INPUT_PORT:  []
OUT_PORT:  []
DATA_MEM:  [657, 306]
---------------------------------------
DEBUG    root:machine.py:309 LD 0
TICK: 31819 PC:   5 ADDR:   0 MEM_OUT: 657 ACC: 657 BUFF: 656 DC: 0 FLAG_ZERO: False FLAG_LT: 1 FLAG_GT: 0
INPUT_PORT:  []
OUT_PORT:  []
DATA_MEM:  [657, 306]
---------------------------------------
DEBUG    root:machine.py:309 MOD 3
TICK: 31823 PC:   6 ADDR:   0 MEM_OUT: 657 ACC: 657 BUFF: 656 DC: 0 FLAG_ZERO: False FLAG_LT: 1 FLAG_GT: 0
INPUT_PORT:  []
OUT_PORT:  []
DATA_MEM:  [657, 306]
---------------------------------------
DEBUG    root:machine.py:309 CMP 0
TICK: 31827 PC:   7 ADDR:   0 MEM_OUT: 657 ACC: 0 BUFF: 657 DC: 0 FLAG_ZERO: False FLAG_LT: 1 FLAG_GT: 0
INPUT_PORT:  []
OUT_PORT:  []
DATA_MEM:  [657, 306]
---------------------------------------
DEBUG    root:machine.py:309 JE 14
TICK: 31830 PC:   8 ADDR:   0 MEM_OUT: 657 ACC: 0 BUFF: 657 DC: 0 FLAG_ZERO: True FLAG_LT: 0 FLAG_GT: 0
INPUT_PORT:  []
OUT_PORT:  []
DATA_MEM:  [657, 306]
---------------------------------------
DEBUG    root:machine.py:309 LD 4
TICK: 31833 PC:  14 ADDR:   0 MEM_OUT: 657 ACC: 0 BUFF: 657 DC: 0 FLAG_ZERO: True FLAG_LT: 0 FLAG_GT: 0
INPUT_PORT:  []
OUT_PORT:  []
DATA_MEM:  [657, 306]
---------------------------------------
DEBUG    root:machine.py:309 INC 
TICK: 31837 PC:  15 ADDR:   1 MEM_OUT: 306 ACC: 306 BUFF: 657 DC: 0 FLAG_ZERO: True FLAG_LT: 0 FLAG_GT: 0
INPUT_PORT:  []
OUT_PORT:  []
DATA_MEM:  [657, 306]
---------------------------------------
DEBUG    root:machine.py:309 ST 4
TICK: 31840 PC:  16 ADDR:   1 MEM_OUT: 306 ACC: 307 BUFF: 657 DC: 0 FLAG_ZERO: True FLAG_LT: 0 FLAG_GT: 0
INPUT_PORT:  []
OUT_PORT:  []
DATA_MEM:  [657, 306]
---------------------------------------
DEBUG    root:machine.py:309 JMP 0
TICK: 31844 PC:  17 ADDR:   1 MEM_OUT: 307 ACC: 307 BUFF: 657 DC: 0 FLAG_ZERO: True FLAG_LT: 0 FLAG_GT: 0
INPUT_PORT:  []
OUT_PORT:  []
DATA_MEM:  [657, 307]
---------------------------------------
DEBUG    root:machine.py:309 LD 0
TICK: 31847 PC:   0 ADDR:   1 MEM_OUT: 307 ACC: 307 BUFF: 657 DC: 0 FLAG_ZERO: True FLAG_LT: 0 FLAG_GT: 0
INPUT_PORT:  []
OUT_PORT:  []
DATA_MEM:  [657, 307]
---------------------------------------
DEBUG    root:machine.py:309 INC 
TICK: 31851 PC:   1 ADDR:   0 MEM_OUT: 657 ACC: 657 BUFF: 657 DC: 0 FLAG_ZERO: True FLAG_LT: 0 FLAG_GT: 0
INPUT_PORT:  []
OUT_PORT:  []
DATA_MEM:  [657, 307]
---------------------------------------
DEBUG    root:machine.py:309 ST 0
TICK: 31854 PC:   2 ADDR:   0 MEM_OUT: 657 ACC: 658 BUFF: 657 DC: 0 FLAG_ZERO: True FLAG_LT: 0 FLAG_GT: 0
INPUT_PORT:  []
OUT_PORT:  []
DATA_MEM:  [657, 307]
---------------------------------------
DEBUG    root:machine.py:309 CMP 1000
TICK: 31858 PC:   3 ADDR:   0 MEM_OUT: 658 ACC: 658 BUFF: 657 DC: 0 FLAG_ZERO: True FLAG_LT: 0 FLAG_GT: 0
INPUT_PORT:  []
OUT_PORT:  []
DATA_MEM:  [658, 307]
---------------------------------------
DEBUG    root:machine.py:309 JGE 22
TICK: 31861 PC:   4 ADDR:   0 MEM_OUT: 658 ACC: 658 BUFF: 657 DC: 0 FLAG_ZERO: False FLAG_LT: 1 FLAG_GT: 0
INPUT_PORT:  []
OUT_PORT:  []
DATA_MEM:  [658, 307]
---------------------------------------
DEBUG    root:machine.py:309 LD 0
TICK: 31864 PC:   5 ADDR:   0 MEM_OUT: 658 ACC: 658 BUFF: 657 DC: 0 FLAG_ZERO: False FLAG_LT: 1 FLAG_GT: 0
INPUT_PORT:  []
OUT_PORT:  []
DATA_MEM:  [658, 307]
---------------------------------------
DEBUG    root:machine.py:309 MOD 3
TICK: 31868 PC:   6 ADDR:   0 MEM_OUT: 658 ACC: 658 BUFF: 657 DC: 0 FLAG_ZERO: False FLAG_LT: 1 FLAG_GT: 0
INPUT_PORT:  []
OUT_PORT:  []
DATA_MEM:  [658, 307]
---------------------------------------
DEBUG    root:machine.py:309 CMP 0
TICK: 31872 PC:   7 ADDR:   0 MEM_OUT: 658 ACC: 1 BUFF: 658 DC: 0 FLAG_ZERO: False FLAG_LT: 1 FLAG_GT: 0
INPUT_PORT:  []
OUT_PORT:  []
DATA_MEM:  [658, 307]
---------------------------------------
DEBUG    root:machine.py:309 JE 14
TICK: 31875 PC:   8 ADDR:   0 MEM_OUT: 658 ACC: 1 BUFF: 658 DC: 0 FLAG_ZERO: False FLAG_LT: 0 FLAG_GT: 1
INPUT_PORT:  []
OUT_PORT:  []
DATA_MEM:  [658, 307]
---------------------------------------
DEBUG    root:machine.py:309 LD 0
TICK: 31878 PC:   9 ADDR:   0 MEM_OUT: 658 ACC: 1 BUFF: 658 DC: 0 FLAG_ZERO: False FLAG_LT: 0 FLAG_GT: 1
INPUT_PORT:  []
OUT_PORT:  []
DATA_MEM:  [658, 307]
---------------------------------------
DEBUG    root:machine.py:309 MOD 5
TICK: 31882 PC:  10 ADDR:   0 MEM_OUT: 658 ACC: 658 BUFF: 658 DC: 0 FLAG_ZERO: False FLAG_LT: 0 FLAG_GT: 1
INPUT_PORT:  []
OUT_PORT:  []
DATA_MEM:  [658, 307]
---------------------------------------
DEBUG    root:machine.py:309 CMP 0
TICK: 31886 PC:  11 ADDR:   0 MEM_OUT: 658 ACC: 3 BUFF: 658 DC: 0 FLAG_ZERO: False FLAG_LT: 0 FLAG_GT: 1
INPUT_PORT:  []
OUT_PORT:  []
DATA_MEM:  [658, 307]
---------------------------------------
DEBUG    root:machine.py:309 JE 18
TICK: 31889 PC:  12 ADDR:   0 MEM_OUT: 658 ACC: 3 BUFF: 658 DC: 0 FLAG_ZERO: False FLAG_LT: 0 FLAG_GT: 1
INPUT_PORT:  []
OUT_PORT:  []
DATA_MEM:  [658, 307]
---------------------------------------
DEBUG    root:machine.py:309 JMP 0
TICK: 31892 PC:  13 ADDR:   0 MEM_OUT: 658 ACC: 3 BUFF: 658 DC: 0 FLAG_ZERO: False FLAG_LT: 0 FLAG_GT: 1
INPUT_PORT:  []
OUT_PORT:  []
DATA_MEM:  [658, 307]
---------------------------------------
DEBUG    root:machine.py:309 LD 0
TICK: 31895 PC:   0 ADDR:   0 MEM_OUT: 658 ACC: 3 BUFF: 658 DC: 0 FLAG_ZERO: False FLAG_LT: 0 FLAG_GT: 1
INPUT_PORT:  []
OUT_PORT:  []
DATA_MEM:  [658, 307]
---------------------------------------
DEBUG    root:machine.py:309 INC 
TICK: 31899 PC:   1 ADDR:   0 MEM_OUT: 658 ACC: 658 BUFF: 658 DC: 0 FLAG_ZERO: False FLAG_LT: 0 FLAG_GT: 1
INPUT_PORT:  []
OUT_PORT:  []
DATA_MEM:  [658, 307]
---------------------------------------
DEBUG    root:machine.py:309 ST 0
TICK: 31902 PC:   2 ADDR:   0 MEM_OUT: 658 ACC: 659 BUFF: 658 DC: 0 FLAG_ZERO: False FLAG_LT: 0 FLAG_GT: 1
INPUT_PORT:  []
OUT_PORT:  []
DATA_MEM:  [658, 307]
---------------------------------------
DEBUG    root:machine.py:309 CMP 1000
TICK: 31906 PC:   3 ADDR:   0 MEM_OUT: 659 ACC: 659 BUFF: 658 DC: 0 FLAG_ZERO: False FLAG_LT: 0 FLAG_GT: 1
INPUT_PORT:  []
OUT_PORT:  []
DATA_MEM:  [659, 307]
---------------------------------------
DEBUG    root:machine.py:309 JGE 22
TICK: 31909 PC:   4 ADDR:   0 MEM_OUT: 659 ACC: 659 BUFF: 658 DC: 0 FLAG_ZERO: False FLAG_LT: 1 FLAG_GT: 0
INPUT_PORT:  []
OUT_PORT:  []
DATA_MEM:  [659, 307]
---------------------------------------
DEBUG    root:machine.py:309 LD 0
TICK: 31912 PC:   5 ADDR:   0 MEM_OUT: 659 ACC: 659 BUFF: 658 DC: 0 FLAG_ZERO: False FLAG_LT: 1 FLAG_GT: 0
INPUT_PORT:  []
OUT_PORT:  []
DATA_MEM:  [659, 307]
---------------------------------------
DEBUG    root:machine.py:309 MOD 3
TICK: 31916 PC:   6 ADDR:   0 MEM_OUT: 659 ACC: 659 BUFF: 658 DC: 0 FLAG_ZERO: False FLAG_LT: 1 FLAG_GT: 0
INPUT_PORT:  []
OUT_PORT:  []
DATA_MEM:  [659, 307]
---------------------------------------
DEBUG    root:machine.py:309 CMP 0
TICK: 31920 PC:   7 ADDR:   0 MEM_OUT: 659 ACC: 2 BUFF: 659 DC: 0 FLAG_ZERO: False FLAG_LT: 1 FLAG_GT: 0
INPUT_PORT:  []
OUT_PORT:  []
DATA_MEM:  [659, 307]
---------------------------------------
DEBUG    root:machine.py:309 JE 14
TICK: 31923 PC:   8 ADDR:   0 MEM_OUT: 659 ACC: 2 BUFF: 659 DC: 0 FLAG_ZERO: False FLAG_LT: 0 FLAG_GT: 1
INPUT_PORT:  []
OUT_PORT:  []
DATA_MEM:  [659, 307]
---------------------------------------
DEBUG    root:machine.py:309 LD 0
TICK: 31926 PC:   9 ADDR:   0 MEM_OUT: 659 ACC: 2 BUFF: 659 DC: 0 FLAG_ZERO: False FLAG_LT: 0 FLAG_GT: 1
INPUT_PORT:  []
OUT_PORT:  []
DATA_MEM:  [659, 307]
---------------------------------------
DEBUG    root:machine.py:309 MOD 5
TICK: 31930 PC:  10 ADDR:   0 MEM_OUT: 659 ACC: 659 BUFF: 659 DC: 0 FLAG_ZERO: False FLAG_LT: 0 FLAG_GT: 1
INPUT_PORT:  []
OUT_PORT:  []
DATA_MEM:  [659, 307]
---------------------------------------
DEBUG    root:machine.py:309 CMP 0
TICK: 31934 PC:  11 ADDR:   0 MEM_OUT: 659 ACC: 4 BUFF: 659 DC: 0 FLAG_ZERO: False FLAG_LT: 0 FLAG_GT: 1
INPUT_PORT:  []
OUT_PORT:  []
DATA_MEM:  [659, 307]
---------------------------------------
DEBUG    root:machine.py:309 JE 18
TICK: 31937 PC:  12 ADDR:   0 MEM_OUT: 659 ACC: 4 BUFF: 659 DC: 0 FLAG_ZERO: False FLAG_LT: 0 FLAG_GT: 1
INPUT_PORT:  []
OUT_PORT:  []
DATA_MEM:  [659, 307]
---------------------------------------
DEBUG    root:machine.py:309 JMP 0
TICK: 31940 PC:  13 ADDR:   0 MEM_OUT: 659 ACC: 4 BUFF: 659 DC: 0 FLAG_ZERO: False FLAG_LT: 0 FLAG_GT: 1
INPUT_PORT:  []
OUT_PORT:  []
DATA_MEM:  [659, 307]
---------------------------------------
DEBUG    root:machine.py:309 LD 0
TICK: 31943 PC:   0 ADDR:   0 MEM_OUT: 659 ACC: 4 BUFF: 659 DC: 0 FLAG_ZERO: False FLAG_LT: 0 FLAG_GT: 1
INPUT_PORT:  []
OUT_PORT:  []
DATA_MEM:  [659, 307]
---------------------------------------
DEBUG    root:machine.py:309 INC 
TICK: 31947 PC:   1 ADDR:   0 MEM_OUT: 659 ACC: 659 BUFF: 659 DC: 0 FLAG_ZERO: False FLAG_LT: 0 FLAG_GT: 1
INPUT_PORT:  []
OUT_PORT:  []
DATA_MEM:  [659, 307]
---------------------------------------
DEBUG    root:machine.py:309 ST 0
TICK: 31950 PC:   2 ADDR:   0 MEM_OUT: 659 ACC: 660 BUFF: 659 DC: 0 FLAG_ZERO: False FLAG_LT: 0 FLAG_GT: 1
INPUT_PORT:  []
OUT_PORT:  []
DATA_MEM:  [659, 307]
---------------------------------------
DEBUG    root:machine.py:309 CMP 1000
TICK: 31954 PC:   3 ADDR:   0 MEM_OUT: 660 ACC: 660 BUFF: 659 DC: 0 FLAG_ZERO: False FLAG_LT: 0 FLAG_GT: 1
INPUT_PORT:  []
OUT_PORT:  []
DATA_MEM:  [660, 307]
---------------------------------------
DEBUG    root:machine.py:309 JGE 22
TICK: 31957 PC:   4 ADDR:   0 MEM_OUT: 660 ACC: 660 BUFF: 659 DC: 0 FLAG_ZERO: False FLAG_LT: 1 FLAG_GT: 0
INPUT_PORT:  []
OUT_PORT:  []
DATA_MEM:  [660, 307]
---------------------------------------
DEBUG    root:machine.py:309 LD 0
TICK: 31960 PC:   5 ADDR:   0 MEM_OUT: 660 ACC: 660 BUFF: 659 DC: 0 FLAG_ZERO: False FLAG_LT: 1 FLAG_GT: 0
INPUT_PORT:  []
OUT_PORT:  []
DATA_MEM:  [660, 307]
---------------------------------------
DEBUG    root:machine.py:309 MOD 3
TICK: 31964 PC:   6 ADDR:   0 MEM_OUT: 660 ACC: 660 BUFF: 659 DC: 0 FLAG_ZERO: False FLAG_LT: 1 FLAG_GT: 0
INPUT_PORT:  []
OUT_PORT:  []
DATA_MEM:  [660, 307]
---------------------------------------
DEBUG    root:machine.py:309 CMP 0
TICK: 31968 PC:   7 ADDR:   0 MEM_OUT: 660 ACC: 0 BUFF: 660 DC: 0 FLAG_ZERO: False FLAG_LT: 1 FLAG_GT: 0
INPUT_PORT:  []
OUT_PORT:  []
DATA_MEM:  [660, 307]
---------------------------------------
DEBUG    root:machine.py:309 JE 14
TICK: 31971 PC:   8 ADDR:   0 MEM_OUT: 660 ACC: 0 BUFF: 660 DC: 0 FLAG_ZERO: True FLAG_LT: 0 FLAG_GT: 0
INPUT_PORT:  []
OUT_PORT:  []
DATA_MEM:  [660, 307]
---------------------------------------
DEBUG    root:machine.py:309 LD 4
TICK: 31974 PC:  14 ADDR:   0 MEM_OUT: 660 ACC: 0 BUFF: 660 DC: 0 FLAG_ZERO: True FLAG_LT: 0 FLAG_GT: 0
INPUT_PORT:  []
OUT_PORT:  []
DATA_MEM:  [660, 307]
---------------------------------------
DEBUG    root:machine.py:309 INC 
TICK: 31978 PC:  15 ADDR:   1 MEM_OUT: 307 ACC: 307 BUFF: 660 DC: 0 FLAG_ZERO: True FLAG_LT: 0 FLAG_GT: 0
INPUT_PORT:  []
OUT_PORT:  []
DATA_MEM:  [660, 307]
---------------------------------------
DEBUG    root:machine.py:309 ST 4
TICK: 31981 PC:  16 ADDR:   1 MEM_OUT: 307 ACC: 308 BUFF: 660 DC: 0 FLAG_ZERO: True FLAG_LT: 0 FLAG_GT: 0
INPUT_PORT:  []
OUT_PORT:  []
DATA_MEM:  [660, 307]
---------------------------------------
DEBUG    root:machine.py:309 JMP 0
TICK: 31985 PC:  17 ADDR:   1 MEM_OUT: 308 ACC: 308 BUFF: 660 DC: 0 FLAG_ZERO: True FLAG_LT: 0 FLAG_GT: 0
INPUT_PORT:  []
OUT_PORT:  []
DATA_MEM:  [660, 308]
---------------------------------------
DEBUG    root:machine.py:309 LD 0
TICK: 31988 PC:   0 ADDR:   1 MEM_OUT: 308 ACC: 308 BUFF: 660 DC: 0 FLAG_ZERO: True FLAG_LT: 0 FLAG_GT: 0
INPUT_PORT:  []
OUT_PORT:  []
DATA_MEM:  [660, 308]
---------------------------------------
DEBUG    root:machine.py:309 INC 
TICK: 31992 PC:   1 ADDR:   0 MEM_OUT: 660 ACC: 660 BUFF: 660 DC: 0 FLAG_ZERO: True FLAG_LT: 0 FLAG_GT: 0
INPUT_PORT:  []
OUT_PORT:  []
DATA_MEM:  [660, 308]
---------------------------------------
DEBUG    root:machine.py:309 ST 0
TICK: 31995 PC:   2 ADDR:   0 MEM_OUT: 660 ACC: 661 BUFF: 660 DC: 0 FLAG_ZERO: True FLAG_LT: 0 FLAG_GT: 0
INPUT_PORT:  []
OUT_PORT:  []
DATA_MEM:  [660, 308]
---------------------------------------
DEBUG    root:machine.py:309 CMP 1000
TICK: 31999 PC:   3 ADDR:   0 MEM_OUT: 661 ACC: 661 BUFF: 660 DC: 0 FLAG_ZERO: True FLAG_LT: 0 FLAG_GT: 0
INPUT_PORT:  []
OUT_PORT:  []
DATA_MEM:  [661, 308]
---------------------------------------
DEBUG    root:machine.py:309 JGE 22
TICK: 32002 PC:   4 ADDR:   0 MEM_OUT: 661 ACC: 661 BUFF: 660 DC: 0 FLAG_ZERO: False FLAG_LT: 1 FLAG_GT: 0
INPUT_PORT:  []
OUT_PORT:  []
DATA_MEM:  [661, 308]
---------------------------------------
DEBUG    root:machine.py:309 LD 0
TICK: 32005 PC:   5 ADDR:   0 MEM_OUT: 661 ACC: 661 BUFF: 660 DC: 0 FLAG_ZERO: False FLAG_LT: 1 FLAG_GT: 0
INPUT_PORT:  []
OUT_PORT:  []
DATA_MEM:  [661, 308]
---------------------------------------
DEBUG    root:machine.py:309 MOD 3
TICK: 32009 PC:   6 ADDR:   0 MEM_OUT: 661 ACC: 661 BUFF: 660 DC: 0 FLAG_ZERO: False FLAG_LT: 1 FLAG_GT: 0
INPUT_PORT:  []
OUT_PORT:  []
DATA_MEM:  [661, 308]
---------------------------------------
DEBUG    root:machine.py:309 CMP 0
TICK: 32013 PC:   7 ADDR:   0 MEM_OUT: 661 ACC: 1 BUFF: 661 DC: 0 FLAG_ZERO: False FLAG_LT: 1 FLAG_GT: 0
INPUT_PORT:  []
OUT_PORT:  []
DATA_MEM:  [661, 308]
---------------------------------------
DEBUG    root:machine.py:309 JE 14
TICK: 32016 PC:   8 ADDR:   0 MEM_OUT: 661 ACC: 1 BUFF: 661 DC: 0 FLAG_ZERO: False FLAG_LT: 0 FLAG_GT: 1
INPUT_PORT:  []
OUT_PORT:  []
DATA_MEM:  [661, 308]
---------------------------------------
DEBUG    root:machine.py:309 LD 0
TICK: 32019 PC:   9 ADDR:   0 MEM_OUT: 661 ACC: 1 BUFF: 661 DC: 0 FLAG_ZERO: False FLAG_LT: 0 FLAG_GT: 1
INPUT_PORT:  []
OUT_PORT:  []
DATA_MEM:  [661, 308]
---------------------------------------
DEBUG    root:machine.py:309 MOD 5
TICK: 32023 PC:  10 ADDR:   0 MEM_OUT: 661 ACC: 661 BUFF: 661 DC: 0 FLAG_ZERO: False FLAG_LT: 0 FLAG_GT: 1
INPUT_PORT:  []
OUT_PORT:  []
DATA_MEM:  [661, 308]
---------------------------------------
DEBUG    root:machine.py:309 CMP 0
TICK: 32027 PC:  11 ADDR:   0 MEM_OUT: 661 ACC: 1 BUFF: 661 DC: 0 FLAG_ZERO: False FLAG_LT: 0 FLAG_GT: 1
INPUT_PORT:  []
OUT_PORT:  []
DATA_MEM:  [661, 308]
---------------------------------------
DEBUG    root:machine.py:309 JE 18
TICK: 32030 PC:  12 ADDR:   0 MEM_OUT: 661 ACC: 1 BUFF: 661 DC: 0 FLAG_ZERO: False FLAG_LT: 0 FLAG_GT: 1
INPUT_PORT:  []
OUT_PORT:  []
DATA_MEM:  [661, 308]
---------------------------------------
DEBUG    root:machine.py:309 JMP 0
TICK: 32033 PC:  13 ADDR:   0 MEM_OUT: 661 ACC: 1 BUFF: 661 DC: 0 FLAG_ZERO: False FLAG_LT: 0 FLAG_GT: 1
INPUT_PORT:  []
OUT_PORT:  []
DATA_MEM:  [661, 308]
---------------------------------------
DEBUG    root:machine.py:309 LD 0
TICK: 32036 PC:   0 ADDR:   0 MEM_OUT: 661 ACC: 1 BUFF: 661 DC: 0 FLAG_ZERO: False FLAG_LT: 0 FLAG_GT: 1
INPUT_PORT:  []
OUT_PORT:  []
DATA_MEM:  [661, 308]
---------------------------------------
DEBUG    root:machine.py:309 INC 
TICK: 32040 PC:   1 ADDR:   0 MEM_OUT: 661 ACC: 661 BUFF: 661 DC: 0 FLAG_ZERO: False FLAG_LT: 0 FLAG_GT: 1
INPUT_PORT:  []
OUT_PORT:  []
DATA_MEM:  [661, 308]
---------------------------------------
DEBUG    root:machine.py:309 ST 0
TICK: 32043 PC:   2 ADDR:   0 MEM_OUT: 661 ACC: 662 BUFF: 661 DC: 0 FLAG_ZERO: False FLAG_LT: 0 FLAG_GT: 1
INPUT_PORT:  []
OUT_PORT:  []
DATA_MEM:  [661, 308]
---------------------------------------
DEBUG    root:machine.py:309 CMP 1000
TICK: 32047 PC:   3 ADDR:   0 MEM_OUT: 662 ACC: 662 BUFF: 661 DC: 0 FLAG_ZERO: False FLAG_LT: 0 FLAG_GT: 1
INPUT_PORT:  []
OUT_PORT:  []
DATA_MEM:  [662, 308]
---------------------------------------
DEBUG    root:machine.py:309 JGE 22
TICK: 32050 PC:   4 ADDR:   0 MEM_OUT: 662 ACC: 662 BUFF: 661 DC: 0 FLAG_ZERO: False FLAG_LT: 1 FLAG_GT: 0
INPUT_PORT:  []
OUT_PORT:  []
DATA_MEM:  [662, 308]
---------------------------------------
DEBUG    root:machine.py:309 LD 0
TICK: 32053 PC:   5 ADDR:   0 MEM_OUT: 662 ACC: 662 BUFF: 661 DC: 0 FLAG_ZERO: False FLAG_LT: 1 FLAG_GT: 0
INPUT_PORT:  []
OUT_PORT:  []
DATA_MEM:  [662, 308]
---------------------------------------
DEBUG    root:machine.py:309 MOD 3
TICK: 32057 PC:   6 ADDR:   0 MEM_OUT: 662 ACC: 662 BUFF: 661 DC: 0 FLAG_ZERO: False FLAG_LT: 1 FLAG_GT: 0
INPUT_PORT:  []
OUT_PORT:  []
DATA_MEM:  [662, 308]
---------------------------------------
DEBUG    root:machine.py:309 CMP 0
TICK: 32061 PC:   7 ADDR:   0 MEM_OUT: 662 ACC: 2 BUFF: 662 DC: 0 FLAG_ZERO: False FLAG_LT: 1 FLAG_GT: 0
INPUT_PORT:  []
OUT_PORT:  []
DATA_MEM:  [662, 308]
---------------------------------------
DEBUG    root:machine.py:309 JE 14
TICK: 32064 PC:   8 ADDR:   0 MEM_OUT: 662 ACC: 2 BUFF: 662 DC: 0 FLAG_ZERO: False FLAG_LT: 0 FLAG_GT: 1
INPUT_PORT:  []
OUT_PORT:  []
DATA_MEM:  [662, 308]
---------------------------------------
DEBUG    root:machine.py:309 LD 0
TICK: 32067 PC:   9 ADDR:   0 MEM_OUT: 662 ACC: 2 BUFF: 662 DC: 0 FLAG_ZERO: False FLAG_LT: 0 FLAG_GT: 1
INPUT_PORT:  []
OUT_PORT:  []
DATA_MEM:  [662, 308]
---------------------------------------
DEBUG    root:machine.py:309 MOD 5
TICK: 32071 PC:  10 ADDR:   0 MEM_OUT: 662 ACC: 662 BUFF: 662 DC: 0 FLAG_ZERO: False FLAG_LT: 0 FLAG_GT: 1
INPUT_PORT:  []
OUT_PORT:  []
DATA_MEM:  [662, 308]
---------------------------------------
DEBUG    root:machine.py:309 CMP 0
TICK: 32075 PC:  11 ADDR:   0 MEM_OUT: 662 ACC: 2 BUFF: 662 DC: 0 FLAG_ZERO: False FLAG_LT: 0 FLAG_GT: 1
INPUT_PORT:  []
OUT_PORT:  []
DATA_MEM:  [662, 308]
---------------------------------------
DEBUG    root:machine.py:309 JE 18
TICK: 32078 PC:  12 ADDR:   0 MEM_OUT: 662 ACC: 2 BUFF: 662 DC: 0 FLAG_ZERO: False FLAG_LT: 0 FLAG_GT: 1
INPUT_PORT:  []
OUT_PORT:  []
DATA_MEM:  [662, 308]
---------------------------------------
DEBUG    root:machine.py:309 JMP 0
TICK: 32081 PC:  13 ADDR:   0 MEM_OUT: 662 ACC: 2 BUFF: 662 DC: 0 FLAG_ZERO: False FLAG_LT: 0 FLAG_GT: 1
INPUT_PORT:  []
OUT_PORT:  []
DATA_MEM:  [662, 308]
---------------------------------------
DEBUG    root:machine.py:309 LD 0
TICK: 32084 PC:   0 ADDR:   0 MEM_OUT: 662 ACC: 2 BUFF: 662 DC: 0 FLAG_ZERO: False FLAG_LT: 0 FLAG_GT: 1
INPUT_PORT:  []
OUT_PORT:  []
DATA_MEM:  [662, 308]
---------------------------------------
DEBUG    root:machine.py:309 INC 
TICK: 32088 PC:   1 ADDR:   0 MEM_OUT: 662 ACC: 662 BUFF: 662 DC: 0 FLAG_ZERO: False FLAG_LT: 0 FLAG_GT: 1
INPUT_PORT:  []
OUT_PORT:  []
DATA_MEM:  [662, 308]
---------------------------------------
DEBUG    root:machine.py:309 ST 0
TICK: 32091 PC:   2 ADDR:   0 MEM_OUT: 662 ACC: 663 BUFF: 662 DC: 0 FLAG_ZERO: False FLAG_LT: 0 FLAG_GT: 1
INPUT_PORT:  []
OUT_PORT:  []
DATA_MEM:  [662, 308]
---------------------------------------
DEBUG    root:machine.py:309 CMP 1000
TICK: 32095 PC:   3 ADDR:   0 MEM_OUT: 663 ACC: 663 BUFF: 662 DC: 0 FLAG_ZERO: False FLAG_LT: 0 FLAG_GT: 1
INPUT_PORT:  []
OUT_PORT:  []
DATA_MEM:  [663, 308]
---------------------------------------
DEBUG    root:machine.py:309 JGE 22
TICK: 32098 PC:   4 ADDR:   0 MEM_OUT: 663 ACC: 663 BUFF: 662 DC: 0 FLAG_ZERO: False FLAG_LT: 1 FLAG_GT: 0
INPUT_PORT:  []
OUT_PORT:  []
DATA_MEM:  [663, 308]
---------------------------------------
DEBUG    root:machine.py:309 LD 0
TICK: 32101 PC:   5 ADDR:   0 MEM_OUT: 663 ACC: 663 BUFF: 662 DC: 0 FLAG_ZERO: False FLAG_LT: 1 FLAG_GT: 0
INPUT_PORT:  []
OUT_PORT:  []
DATA_MEM:  [663, 308]
---------------------------------------
DEBUG    root:machine.py:309 MOD 3
TICK: 32105 PC:   6 ADDR:   0 MEM_OUT: 663 ACC: 663 BUFF: 662 DC: 0 FLAG_ZERO: False FLAG_LT: 1 FLAG_GT: 0
INPUT_PORT:  []
OUT_PORT:  []
DATA_MEM:  [663, 308]
---------------------------------------
DEBUG    root:machine.py:309 CMP 0
TICK: 32109 PC:   7 ADDR:   0 MEM_OUT: 663 ACC: 0 BUFF: 663 DC: 0 FLAG_ZERO: False FLAG_LT: 1 FLAG_GT: 0
INPUT_PORT:  []
OUT_PORT:  []
DATA_MEM:  [663, 308]
---------------------------------------
DEBUG    root:machine.py:309 JE 14
TICK: 32112 PC:   8 ADDR:   0 MEM_OUT: 663 ACC: 0 BUFF: 663 DC: 0 FLAG_ZERO: True FLAG_LT: 0 FLAG_GT: 0
INPUT_PORT:  []
OUT_PORT:  []
DATA_MEM:  [663, 308]
---------------------------------------
DEBUG    root:machine.py:309 LD 4
TICK: 32115 PC:  14 ADDR:   0 MEM_OUT: 663 ACC: 0 BUFF: 663 DC: 0 FLAG_ZERO: True FLAG_LT: 0 FLAG_GT: 0
INPUT_PORT:  []
OUT_PORT:  []
DATA_MEM:  [663, 308]
---------------------------------------
DEBUG    root:machine.py:309 INC 
TICK: 32119 PC:  15 ADDR:   1 MEM_OUT: 308 ACC: 308 BUFF: 663 DC: 0 FLAG_ZERO: True FLAG_LT: 0 FLAG_GT: 0
INPUT_PORT:  []
OUT_PORT:  []
DATA_MEM:  [663, 308]
---------------------------------------
DEBUG    root:machine.py:309 ST 4
TICK: 32122 PC:  16 ADDR:   1 MEM_OUT: 308 ACC: 309 BUFF: 663 DC: 0 FLAG_ZERO: True FLAG_LT: 0 FLAG_GT: 0
INPUT_PORT:  []
OUT_PORT:  []
DATA_MEM:  [663, 308]
---------------------------------------
DEBUG    root:machine.py:309 JMP 0
TICK: 32126 PC:  17 ADDR:   1 MEM_OUT: 309 ACC: 309 BUFF: 663 DC: 0 FLAG_ZERO: True FLAG_LT: 0 FLAG_GT: 0
INPUT_PORT:  []
OUT_PORT:  []
DATA_MEM:  [663, 309]
---------------------------------------
DEBUG    root:machine.py:309 LD 0
TICK: 32129 PC:   0 ADDR:   1 MEM_OUT: 309 ACC: 309 BUFF: 663 DC: 0 FLAG_ZERO: True FLAG_LT: 0 FLAG_GT: 0
INPUT_PORT:  []
OUT_PORT:  []
DATA_MEM:  [663, 309]
---------------------------------------
DEBUG    root:machine.py:309 INC 
TICK: 32133 PC:   1 ADDR:   0 MEM_OUT: 663 ACC: 663 BUFF: 663 DC: 0 FLAG_ZERO: True FLAG_LT: 0 FLAG_GT: 0
INPUT_PORT:  []
OUT_PORT:  []
DATA_MEM:  [663, 309]
---------------------------------------
DEBUG    root:machine.py:309 ST 0
TICK: 32136 PC:   2 ADDR:   0 MEM_OUT: 663 ACC: 664 BUFF: 663 DC: 0 FLAG_ZERO: True FLAG_LT: 0 FLAG_GT: 0
INPUT_PORT:  []
OUT_PORT:  []
DATA_MEM:  [663, 309]
---------------------------------------
DEBUG    root:machine.py:309 CMP 1000
TICK: 32140 PC:   3 ADDR:   0 MEM_OUT: 664 ACC: 664 BUFF: 663 DC: 0 FLAG_ZERO: True FLAG_LT: 0 FLAG_GT: 0
INPUT_PORT:  []
OUT_PORT:  []
DATA_MEM:  [664, 309]
---------------------------------------
DEBUG    root:machine.py:309 JGE 22
TICK: 32143 PC:   4 ADDR:   0 MEM_OUT: 664 ACC: 664 BUFF: 663 DC: 0 FLAG_ZERO: False FLAG_LT: 1 FLAG_GT: 0
INPUT_PORT:  []
OUT_PORT:  []
DATA_MEM:  [664, 309]
---------------------------------------
DEBUG    root:machine.py:309 LD 0
TICK: 32146 PC:   5 ADDR:   0 MEM_OUT: 664 ACC: 664 BUFF: 663 DC: 0 FLAG_ZERO: False FLAG_LT: 1 FLAG_GT: 0
INPUT_PORT:  []
OUT_PORT:  []
DATA_MEM:  [664, 309]
---------------------------------------
DEBUG    root:machine.py:309 MOD 3
TICK: 32150 PC:   6 ADDR:   0 MEM_OUT: 664 ACC: 664 BUFF: 663 DC: 0 FLAG_ZERO: False FLAG_LT: 1 FLAG_GT: 0
INPUT_PORT:  []
OUT_PORT:  []
DATA_MEM:  [664, 309]
---------------------------------------
DEBUG    root:machine.py:309 CMP 0
TICK: 32154 PC:   7 ADDR:   0 MEM_OUT: 664 ACC: 1 BUFF: 664 DC: 0 FLAG_ZERO: False FLAG_LT: 1 FLAG_GT: 0
INPUT_PORT:  []
OUT_PORT:  []
DATA_MEM:  [664, 309]
---------------------------------------
DEBUG    root:machine.py:309 JE 14
TICK: 32157 PC:   8 ADDR:   0 MEM_OUT: 664 ACC: 1 BUFF: 664 DC: 0 FLAG_ZERO: False FLAG_LT: 0 FLAG_GT: 1
INPUT_PORT:  []
OUT_PORT:  []
DATA_MEM:  [664, 309]
---------------------------------------
DEBUG    root:machine.py:309 LD 0
TICK: 32160 PC:   9 ADDR:   0 MEM_OUT: 664 ACC: 1 BUFF: 664 DC: 0 FLAG_ZERO: False FLAG_LT: 0 FLAG_GT: 1
INPUT_PORT:  []
OUT_PORT:  []
DATA_MEM:  [664, 309]
---------------------------------------
DEBUG    root:machine.py:309 MOD 5
TICK: 32164 PC:  10 ADDR:   0 MEM_OUT: 664 ACC: 664 BUFF: 664 DC: 0 FLAG_ZERO: False FLAG_LT: 0 FLAG_GT: 1
INPUT_PORT:  []
OUT_PORT:  []
DATA_MEM:  [664, 309]
---------------------------------------
DEBUG    root:machine.py:309 CMP 0
TICK: 32168 PC:  11 ADDR:   0 MEM_OUT: 664 ACC: 4 BUFF: 664 DC: 0 FLAG_ZERO: False FLAG_LT: 0 FLAG_GT: 1
INPUT_PORT:  []
OUT_PORT:  []
DATA_MEM:  [664, 309]
---------------------------------------
DEBUG    root:machine.py:309 JE 18
TICK: 32171 PC:  12 ADDR:   0 MEM_OUT: 664 ACC: 4 BUFF: 664 DC: 0 FLAG_ZERO: False FLAG_LT: 0 FLAG_GT: 1
INPUT_PORT:  []
OUT_PORT:  []
DATA_MEM:  [664, 309]
---------------------------------------
DEBUG    root:machine.py:309 JMP 0
TICK: 32174 PC:  13 ADDR:   0 MEM_OUT: 664 ACC: 4 BUFF: 664 DC: 0 FLAG_ZERO: False FLAG_LT: 0 FLAG_GT: 1
INPUT_PORT:  []
OUT_PORT:  []
DATA_MEM:  [664, 309]
---------------------------------------
DEBUG    root:machine.py:309 LD 0
TICK: 32177 PC:   0 ADDR:   0 MEM_OUT: 664 ACC: 4 BUFF: 664 DC: 0 FLAG_ZERO: False FLAG_LT: 0 FLAG_GT: 1
INPUT_PORT:  []
OUT_PORT:  []
DATA_MEM:  [664, 309]
---------------------------------------
DEBUG    root:machine.py:309 INC 
TICK: 32181 PC:   1 ADDR:   0 MEM_OUT: 664 ACC: 664 BUFF: 664 DC: 0 FLAG_ZERO: False FLAG_LT: 0 FLAG_GT: 1
INPUT_PORT:  []
OUT_PORT:  []
DATA_MEM:  [664, 309]
---------------------------------------
DEBUG    root:machine.py:309 ST 0
TICK: 32184 PC:   2 ADDR:   0 MEM_OUT: 664 ACC: 665 BUFF: 664 DC: 0 FLAG_ZERO: False FLAG_LT: 0 FLAG_GT: 1
INPUT_PORT:  []
OUT_PORT:  []
DATA_MEM:  [664, 309]
---------------------------------------
DEBUG    root:machine.py:309 CMP 1000
TICK: 32188 PC:   3 ADDR:   0 MEM_OUT: 665 ACC: 665 BUFF: 664 DC: 0 FLAG_ZERO: False FLAG_LT: 0 FLAG_GT: 1
INPUT_PORT:  []
OUT_PORT:  []
DATA_MEM:  [665, 309]
---------------------------------------
DEBUG    root:machine.py:309 JGE 22
TICK: 32191 PC:   4 ADDR:   0 MEM_OUT: 665 ACC: 665 BUFF: 664 DC: 0 FLAG_ZERO: False FLAG_LT: 1 FLAG_GT: 0
INPUT_PORT:  []
OUT_PORT:  []
DATA_MEM:  [665, 309]
---------------------------------------
DEBUG    root:machine.py:309 LD 0
TICK: 32194 PC:   5 ADDR:   0 MEM_OUT: 665 ACC: 665 BUFF: 664 DC: 0 FLAG_ZERO: False FLAG_LT: 1 FLAG_GT: 0
INPUT_PORT:  []
OUT_PORT:  []
DATA_MEM:  [665, 309]
---------------------------------------
DEBUG    root:machine.py:309 MOD 3
TICK: 32198 PC:   6 ADDR:   0 MEM_OUT: 665 ACC: 665 BUFF: 664 DC: 0 FLAG_ZERO: False FLAG_LT: 1 FLAG_GT: 0
INPUT_PORT:  []
OUT_PORT:  []
DATA_MEM:  [665, 309]
---------------------------------------
DEBUG    root:machine.py:309 CMP 0
TICK: 32202 PC:   7 ADDR:   0 MEM_OUT: 665 ACC: 2 BUFF: 665 DC: 0 FLAG_ZERO: False FLAG_LT: 1 FLAG_GT: 0
INPUT_PORT:  []
OUT_PORT:  []
DATA_MEM:  [665, 309]
---------------------------------------
DEBUG    root:machine.py:309 JE 14
TICK: 32205 PC:   8 ADDR:   0 MEM_OUT: 665 ACC: 2 BUFF: 665 DC: 0 FLAG_ZERO: False FLAG_LT: 0 FLAG_GT: 1
INPUT_PORT:  []
OUT_PORT:  []
DATA_MEM:  [665, 309]
---------------------------------------
DEBUG    root:machine.py:309 LD 0
TICK: 32208 PC:   9 ADDR:   0 MEM_OUT: 665 ACC: 2 BUFF: 665 DC: 0 FLAG_ZERO: False FLAG_LT: 0 FLAG_GT: 1
INPUT_PORT:  []
OUT_PORT:  []
DATA_MEM:  [665, 309]
---------------------------------------
DEBUG    root:machine.py:309 MOD 5
TICK: 32212 PC:  10 ADDR:   0 MEM_OUT: 665 ACC: 665 BUFF: 665 DC: 0 FLAG_ZERO: False FLAG_LT: 0 FLAG_GT: 1
INPUT_PORT:  []
OUT_PORT:  []
DATA_MEM:  [665, 309]
---------------------------------------
DEBUG    root:machine.py:309 CMP 0
TICK: 32216 PC:  11 ADDR:   0 MEM_OUT: 665 ACC: 0 BUFF: 665 DC: 0 FLAG_ZERO: False FLAG_LT: 0 FLAG_GT: 1
INPUT_PORT:  []
OUT_PORT:  []
DATA_MEM:  [665, 309]
---------------------------------------
DEBUG    root:machine.py:309 JE 18
TICK: 32219 PC:  12 ADDR:   0 MEM_OUT: 665 ACC: 0 BUFF: 665 DC: 0 FLAG_ZERO: True FLAG_LT: 0 FLAG_GT: 0
INPUT_PORT:  []
OUT_PORT:  []
DATA_MEM:  [665, 309]
---------------------------------------
DEBUG    root:machine.py:309 LD 4
TICK: 32222 PC:  18 ADDR:   0 MEM_OUT: 665 ACC: 0 BUFF: 665 DC: 0 FLAG_ZERO: True FLAG_LT: 0 FLAG_GT: 0
INPUT_PORT:  []
OUT_PORT:  []
DATA_MEM:  [665, 309]
---------------------------------------
DEBUG    root:machine.py:309 INC 
TICK: 32226 PC:  19 ADDR:   1 MEM_OUT: 309 ACC: 309 BUFF: 665 DC: 0 FLAG_ZERO: True FLAG_LT: 0 FLAG_GT: 0
INPUT_PORT:  []
OUT_PORT:  []
DATA_MEM:  [665, 309]
---------------------------------------
DEBUG    root:machine.py:309 ST 4
TICK: 32229 PC:  20 ADDR:   1 MEM_OUT: 309 ACC: 310 BUFF: 665 DC: 0 FLAG_ZERO: True FLAG_LT: 0 FLAG_GT: 0
INPUT_PORT:  []
OUT_PORT:  []
DATA_MEM:  [665, 309]
---------------------------------------
DEBUG    root:machine.py:309 JMP 0
TICK: 32233 PC:  21 ADDR:   1 MEM_OUT: 310 ACC: 310 BUFF: 665 DC: 0 FLAG_ZERO: True FLAG_LT: 0 FLAG_GT: 0
INPUT_PORT:  []
OUT_PORT:  []
DATA_MEM:  [665, 310]
---------------------------------------
DEBUG    root:machine.py:309 LD 0
TICK: 32236 PC:   0 ADDR:   1 MEM_OUT: 310 ACC: 310 BUFF: 665 DC: 0 FLAG_ZERO: True FLAG_LT: 0 FLAG_GT: 0
INPUT_PORT:  []
OUT_PORT:  []
DATA_MEM:  [665, 310]
---------------------------------------
DEBUG    root:machine.py:309 INC 
TICK: 32240 PC:   1 ADDR:   0 MEM_OUT: 665 ACC: 665 BUFF: 665 DC: 0 FLAG_ZERO: True FLAG_LT: 0 FLAG_GT: 0
INPUT_PORT:  []
OUT_PORT:  []
DATA_MEM:  [665, 310]
---------------------------------------
DEBUG    root:machine.py:309 ST 0
TICK: 32243 PC:   2 ADDR:   0 MEM_OUT: 665 ACC: 666 BUFF: 665 DC: 0 FLAG_ZERO: True FLAG_LT: 0 FLAG_GT: 0
INPUT_PORT:  []
OUT_PORT:  []
DATA_MEM:  [665, 310]
---------------------------------------
DEBUG    root:machine.py:309 CMP 1000
TICK: 32247 PC:   3 ADDR:   0 MEM_OUT: 666 ACC: 666 BUFF: 665 DC: 0 FLAG_ZERO: True FLAG_LT: 0 FLAG_GT: 0
INPUT_PORT:  []
OUT_PORT:  []
DATA_MEM:  [666, 310]
---------------------------------------
DEBUG    root:machine.py:309 JGE 22
TICK: 32250 PC:   4 ADDR:   0 MEM_OUT: 666 ACC: 666 BUFF: 665 DC: 0 FLAG_ZERO: False FLAG_LT: 1 FLAG_GT: 0
INPUT_PORT:  []
OUT_PORT:  []
DATA_MEM:  [666, 310]
---------------------------------------
DEBUG    root:machine.py:309 LD 0
TICK: 32253 PC:   5 ADDR:   0 MEM_OUT: 666 ACC: 666 BUFF: 665 DC: 0 FLAG_ZERO: False FLAG_LT: 1 FLAG_GT: 0
INPUT_PORT:  []
OUT_PORT:  []
DATA_MEM:  [666, 310]
---------------------------------------
DEBUG    root:machine.py:309 MOD 3
TICK: 32257 PC:   6 ADDR:   0 MEM_OUT: 666 ACC: 666 BUFF: 665 DC: 0 FLAG_ZERO: False FLAG_LT: 1 FLAG_GT: 0
INPUT_PORT:  []
OUT_PORT:  []
DATA_MEM:  [666, 310]
---------------------------------------
DEBUG    root:machine.py:309 CMP 0
TICK: 32261 PC:   7 ADDR:   0 MEM_OUT: 666 ACC: 0 BUFF: 666 DC: 0 FLAG_ZERO: False FLAG_LT: 1 FLAG_GT: 0
INPUT_PORT:  []
OUT_PORT:  []
DATA_MEM:  [666, 310]
---------------------------------------
DEBUG    root:machine.py:309 JE 14
TICK: 32264 PC:   8 ADDR:   0 MEM_OUT: 666 ACC: 0 BUFF: 666 DC: 0 FLAG_ZERO: True FLAG_LT: 0 FLAG_GT: 0
INPUT_PORT:  []
OUT_PORT:  []
DATA_MEM:  [666, 310]
---------------------------------------
DEBUG    root:machine.py:309 LD 4
TICK: 32267 PC:  14 ADDR:   0 MEM_OUT: 666 ACC: 0 BUFF: 666 DC: 0 FLAG_ZERO: True FLAG_LT: 0 FLAG_GT: 0
INPUT_PORT:  []
OUT_PORT:  []
DATA_MEM:  [666, 310]
---------------------------------------
DEBUG    root:machine.py:309 INC 
TICK: 32271 PC:  15 ADDR:   1 MEM_OUT: 310 ACC: 310 BUFF: 666 DC: 0 FLAG_ZERO: True FLAG_LT: 0 FLAG_GT: 0
INPUT_PORT:  []
OUT_PORT:  []
DATA_MEM:  [666, 310]
---------------------------------------
DEBUG    root:machine.py:309 ST 4
TICK: 32274 PC:  16 ADDR:   1 MEM_OUT: 310 ACC: 311 BUFF: 666 DC: 0 FLAG_ZERO: True FLAG_LT: 0 FLAG_GT: 0
INPUT_PORT:  []
OUT_PORT:  []
DATA_MEM:  [666, 310]
---------------------------------------
DEBUG    root:machine.py:309 JMP 0
TICK: 32278 PC:  17 ADDR:   1 MEM_OUT: 311 ACC: 311 BUFF: 666 DC: 0 FLAG_ZERO: True FLAG_LT: 0 FLAG_GT: 0
INPUT_PORT:  []
OUT_PORT:  []
DATA_MEM:  [666, 311]
---------------------------------------
DEBUG    root:machine.py:309 LD 0
TICK: 32281 PC:   0 ADDR:   1 MEM_OUT: 311 ACC: 311 BUFF: 666 DC: 0 FLAG_ZERO: True FLAG_LT: 0 FLAG_GT: 0
INPUT_PORT:  []
OUT_PORT:  []
DATA_MEM:  [666, 311]
---------------------------------------
DEBUG    root:machine.py:309 INC 
TICK: 32285 PC:   1 ADDR:   0 MEM_OUT: 666 ACC: 666 BUFF: 666 DC: 0 FLAG_ZERO: True FLAG_LT: 0 FLAG_GT: 0
INPUT_PORT:  []
OUT_PORT:  []
DATA_MEM:  [666, 311]
---------------------------------------
DEBUG    root:machine.py:309 ST 0
TICK: 32288 PC:   2 ADDR:   0 MEM_OUT: 666 ACC: 667 BUFF: 666 DC: 0 FLAG_ZERO: True FLAG_LT: 0 FLAG_GT: 0
INPUT_PORT:  []
OUT_PORT:  []
DATA_MEM:  [666, 311]
---------------------------------------
DEBUG    root:machine.py:309 CMP 1000
TICK: 32292 PC:   3 ADDR:   0 MEM_OUT: 667 ACC: 667 BUFF: 666 DC: 0 FLAG_ZERO: True FLAG_LT: 0 FLAG_GT: 0
INPUT_PORT:  []
OUT_PORT:  []
DATA_MEM:  [667, 311]
---------------------------------------
DEBUG    root:machine.py:309 JGE 22
TICK: 32295 PC:   4 ADDR:   0 MEM_OUT: 667 ACC: 667 BUFF: 666 DC: 0 FLAG_ZERO: False FLAG_LT: 1 FLAG_GT: 0
INPUT_PORT:  []
OUT_PORT:  []
DATA_MEM:  [667, 311]
---------------------------------------
DEBUG    root:machine.py:309 LD 0
TICK: 32298 PC:   5 ADDR:   0 MEM_OUT: 667 ACC: 667 BUFF: 666 DC: 0 FLAG_ZERO: False FLAG_LT: 1 FLAG_GT: 0
INPUT_PORT:  []
OUT_PORT:  []
DATA_MEM:  [667, 311]
---------------------------------------
DEBUG    root:machine.py:309 MOD 3
TICK: 32302 PC:   6 ADDR:   0 MEM_OUT: 667 ACC: 667 BUFF: 666 DC: 0 FLAG_ZERO: False FLAG_LT: 1 FLAG_GT: 0
INPUT_PORT:  []
OUT_PORT:  []
DATA_MEM:  [667, 311]
---------------------------------------
DEBUG    root:machine.py:309 CMP 0
TICK: 32306 PC:   7 ADDR:   0 MEM_OUT: 667 ACC: 1 BUFF: 667 DC: 0 FLAG_ZERO: False FLAG_LT: 1 FLAG_GT: 0
INPUT_PORT:  []
OUT_PORT:  []
DATA_MEM:  [667, 311]
---------------------------------------
DEBUG    root:machine.py:309 JE 14
TICK: 32309 PC:   8 ADDR:   0 MEM_OUT: 667 ACC: 1 BUFF: 667 DC: 0 FLAG_ZERO: False FLAG_LT: 0 FLAG_GT: 1
INPUT_PORT:  []
OUT_PORT:  []
DATA_MEM:  [667, 311]
---------------------------------------
DEBUG    root:machine.py:309 LD 0
TICK: 32312 PC:   9 ADDR:   0 MEM_OUT: 667 ACC: 1 BUFF: 667 DC: 0 FLAG_ZERO: False FLAG_LT: 0 FLAG_GT: 1
INPUT_PORT:  []
OUT_PORT:  []
DATA_MEM:  [667, 311]
---------------------------------------
DEBUG    root:machine.py:309 MOD 5
TICK: 32316 PC:  10 ADDR:   0 MEM_OUT: 667 ACC: 667 BUFF: 667 DC: 0 FLAG_ZERO: False FLAG_LT: 0 FLAG_GT: 1
INPUT_PORT:  []
OUT_PORT:  []
DATA_MEM:  [667, 311]
---------------------------------------
DEBUG    root:machine.py:309 CMP 0
TICK: 32320 PC:  11 ADDR:   0 MEM_OUT: 667 ACC: 2 BUFF: 667 DC: 0 FLAG_ZERO: False FLAG_LT: 0 FLAG_GT: 1
INPUT_PORT:  []
OUT_PORT:  []
DATA_MEM:  [667, 311]
---------------------------------------
DEBUG    root:machine.py:309 JE 18
TICK: 32323 PC:  12 ADDR:   0 MEM_OUT: 667 ACC: 2 BUFF: 667 DC: 0 FLAG_ZERO: False FLAG_LT: 0 FLAG_GT: 1
INPUT_PORT:  []
OUT_PORT:  []
DATA_MEM:  [667, 311]
---------------------------------------
DEBUG    root:machine.py:309 JMP 0
TICK: 32326 PC:  13 ADDR:   0 MEM_OUT: 667 ACC: 2 BUFF: 667 DC: 0 FLAG_ZERO: False FLAG_LT: 0 FLAG_GT: 1
INPUT_PORT:  []
OUT_PORT:  []
DATA_MEM:  [667, 311]
---------------------------------------
DEBUG    root:machine.py:309 LD 0
TICK: 32329 PC:   0 ADDR:   0 MEM_OUT: 667 ACC: 2 BUFF: 667 DC: 0 FLAG_ZERO: False FLAG_LT: 0 FLAG_GT: 1
INPUT_PORT:  []
OUT_PORT:  []
DATA_MEM:  [667, 311]
---------------------------------------
DEBUG    root:machine.py:309 INC 
TICK: 32333 PC:   1 ADDR:   0 MEM_OUT: 667 ACC: 667 BUFF: 667 DC: 0 FLAG_ZERO: False FLAG_LT: 0 FLAG_GT: 1
INPUT_PORT:  []
OUT_PORT:  []
DATA_MEM:  [667, 311]
---------------------------------------
DEBUG    root:machine.py:309 ST 0
TICK: 32336 PC:   2 ADDR:   0 MEM_OUT: 667 ACC: 668 BUFF: 667 DC: 0 FLAG_ZERO: False FLAG_LT: 0 FLAG_GT: 1
INPUT_PORT:  []
OUT_PORT:  []
DATA_MEM:  [667, 311]
---------------------------------------
DEBUG    root:machine.py:309 CMP 1000
TICK: 32340 PC:   3 ADDR:   0 MEM_OUT: 668 ACC: 668 BUFF: 667 DC: 0 FLAG_ZERO: False FLAG_LT: 0 FLAG_GT: 1
INPUT_PORT:  []
OUT_PORT:  []
DATA_MEM:  [668, 311]
---------------------------------------
DEBUG    root:machine.py:309 JGE 22
TICK: 32343 PC:   4 ADDR:   0 MEM_OUT: 668 ACC: 668 BUFF: 667 DC: 0 FLAG_ZERO: False FLAG_LT: 1 FLAG_GT: 0
INPUT_PORT:  []
OUT_PORT:  []
DATA_MEM:  [668, 311]
---------------------------------------
DEBUG    root:machine.py:309 LD 0
TICK: 32346 PC:   5 ADDR:   0 MEM_OUT: 668 ACC: 668 BUFF: 667 DC: 0 FLAG_ZERO: False FLAG_LT: 1 FLAG_GT: 0
INPUT_PORT:  []
OUT_PORT:  []
DATA_MEM:  [668, 311]
---------------------------------------
DEBUG    root:machine.py:309 MOD 3
TICK: 32350 PC:   6 ADDR:   0 MEM_OUT: 668 ACC: 668 BUFF: 667 DC: 0 FLAG_ZERO: False FLAG_LT: 1 FLAG_GT: 0
INPUT_PORT:  []
OUT_PORT:  []
DATA_MEM:  [668, 311]
---------------------------------------
DEBUG    root:machine.py:309 CMP 0
TICK: 32354 PC:   7 ADDR:   0 MEM_OUT: 668 ACC: 2 BUFF: 668 DC: 0 FLAG_ZERO: False FLAG_LT: 1 FLAG_GT: 0
INPUT_PORT:  []
OUT_PORT:  []
DATA_MEM:  [668, 311]
---------------------------------------
DEBUG    root:machine.py:309 JE 14
TICK: 32357 PC:   8 ADDR:   0 MEM_OUT: 668 ACC: 2 BUFF: 668 DC: 0 FLAG_ZERO: False FLAG_LT: 0 FLAG_GT: 1
INPUT_PORT:  []
OUT_PORT:  []
DATA_MEM:  [668, 311]
---------------------------------------
DEBUG    root:machine.py:309 LD 0
TICK: 32360 PC:   9 ADDR:   0 MEM_OUT: 668 ACC: 2 BUFF: 668 DC: 0 FLAG_ZERO: False FLAG_LT: 0 FLAG_GT: 1
INPUT_PORT:  []
OUT_PORT:  []
DATA_MEM:  [668, 311]
---------------------------------------
DEBUG    root:machine.py:309 MOD 5
TICK: 32364 PC:  10 ADDR:   0 MEM_OUT: 668 ACC: 668 BUFF: 668 DC: 0 FLAG_ZERO: False FLAG_LT: 0 FLAG_GT: 1
INPUT_PORT:  []
OUT_PORT:  []
DATA_MEM:  [668, 311]
---------------------------------------
DEBUG    root:machine.py:309 CMP 0
TICK: 32368 PC:  11 ADDR:   0 MEM_OUT: 668 ACC: 3 BUFF: 668 DC: 0 FLAG_ZERO: False FLAG_LT: 0 FLAG_GT: 1
INPUT_PORT:  []
OUT_PORT:  []
DATA_MEM:  [668, 311]
---------------------------------------
DEBUG    root:machine.py:309 JE 18
TICK: 32371 PC:  12 ADDR:   0 MEM_OUT: 668 ACC: 3 BUFF: 668 DC: 0 FLAG_ZERO: False FLAG_LT: 0 FLAG_GT: 1
INPUT_PORT:  []
OUT_PORT:  []
DATA_MEM:  [668, 311]
---------------------------------------
DEBUG    root:machine.py:309 JMP 0
TICK: 32374 PC:  13 ADDR:   0 MEM_OUT: 668 ACC: 3 BUFF: 668 DC: 0 FLAG_ZERO: False FLAG_LT: 0 FLAG_GT: 1
INPUT_PORT:  []
OUT_PORT:  []
DATA_MEM:  [668, 311]
---------------------------------------
DEBUG    root:machine.py:309 LD 0
TICK: 32377 PC:   0 ADDR:   0 MEM_OUT: 668 ACC: 3 BUFF: 668 DC: 0 FLAG_ZERO: False FLAG_LT: 0 FLAG_GT: 1
INPUT_PORT:  []
OUT_PORT:  []
DATA_MEM:  [668, 311]
---------------------------------------
DEBUG    root:machine.py:309 INC 
TICK: 32381 PC:   1 ADDR:   0 MEM_OUT: 668 ACC: 668 BUFF: 668 DC: 0 FLAG_ZERO: False FLAG_LT: 0 FLAG_GT: 1
INPUT_PORT:  []
OUT_PORT:  []
DATA_MEM:  [668, 311]
---------------------------------------
DEBUG    root:machine.py:309 ST 0
TICK: 32384 PC:   2 ADDR:   0 MEM_OUT: 668 ACC: 669 BUFF: 668 DC: 0 FLAG_ZERO: False FLAG_LT: 0 FLAG_GT: 1
INPUT_PORT:  []
OUT_PORT:  []
DATA_MEM:  [668, 311]
---------------------------------------
DEBUG    root:machine.py:309 CMP 1000
TICK: 32388 PC:   3 ADDR:   0 MEM_OUT: 669 ACC: 669 BUFF: 668 DC: 0 FLAG_ZERO: False FLAG_LT: 0 FLAG_GT: 1
INPUT_PORT:  []
OUT_PORT:  []
DATA_MEM:  [669, 311]
---------------------------------------
DEBUG    root:machine.py:309 JGE 22
TICK: 32391 PC:   4 ADDR:   0 MEM_OUT: 669 ACC: 669 BUFF: 668 DC: 0 FLAG_ZERO: False FLAG_LT: 1 FLAG_GT: 0
INPUT_PORT:  []
OUT_PORT:  []
DATA_MEM:  [669, 311]
---------------------------------------
DEBUG    root:machine.py:309 LD 0
TICK: 32394 PC:   5 ADDR:   0 MEM_OUT: 669 ACC: 669 BUFF: 668 DC: 0 FLAG_ZERO: False FLAG_LT: 1 FLAG_GT: 0
INPUT_PORT:  []
OUT_PORT:  []
DATA_MEM:  [669, 311]
---------------------------------------
DEBUG    root:machine.py:309 MOD 3
TICK: 32398 PC:   6 ADDR:   0 MEM_OUT: 669 ACC: 669 BUFF: 668 DC: 0 FLAG_ZERO: False FLAG_LT: 1 FLAG_GT: 0
INPUT_PORT:  []
OUT_PORT:  []
DATA_MEM:  [669, 311]
---------------------------------------
DEBUG    root:machine.py:309 CMP 0
TICK: 32402 PC:   7 ADDR:   0 MEM_OUT: 669 ACC: 0 BUFF: 669 DC: 0 FLAG_ZERO: False FLAG_LT: 1 FLAG_GT: 0
INPUT_PORT:  []
OUT_PORT:  []
DATA_MEM:  [669, 311]
---------------------------------------
DEBUG    root:machine.py:309 JE 14
TICK: 32405 PC:   8 ADDR:   0 MEM_OUT: 669 ACC: 0 BUFF: 669 DC: 0 FLAG_ZERO: True FLAG_LT: 0 FLAG_GT: 0
INPUT_PORT:  []
OUT_PORT:  []
DATA_MEM:  [669, 311]
---------------------------------------
DEBUG    root:machine.py:309 LD 4
TICK: 32408 PC:  14 ADDR:   0 MEM_OUT: 669 ACC: 0 BUFF: 669 DC: 0 FLAG_ZERO: True FLAG_LT: 0 FLAG_GT: 0
INPUT_PORT:  []
OUT_PORT:  []
DATA_MEM:  [669, 311]
---------------------------------------
DEBUG    root:machine.py:309 INC 
TICK: 32412 PC:  15 ADDR:   1 MEM_OUT: 311 ACC: 311 BUFF: 669 DC: 0 FLAG_ZERO: True FLAG_LT: 0 FLAG_GT: 0
INPUT_PORT:  []
OUT_PORT:  []
DATA_MEM:  [669, 311]
---------------------------------------
DEBUG    root:machine.py:309 ST 4
TICK: 32415 PC:  16 ADDR:   1 MEM_OUT: 311 ACC: 312 BUFF: 669 DC: 0 FLAG_ZERO: True FLAG_LT: 0 FLAG_GT: 0
INPUT_PORT:  []
OUT_PORT:  []
DATA_MEM:  [669, 311]
---------------------------------------
DEBUG    root:machine.py:309 JMP 0
TICK: 32419 PC:  17 ADDR:   1 MEM_OUT: 312 ACC: 312 BUFF: 669 DC: 0 FLAG_ZERO: True FLAG_LT: 0 FLAG_GT: 0
INPUT_PORT:  []
OUT_PORT:  []
DATA_MEM:  [669, 312]
---------------------------------------
DEBUG    root:machine.py:309 LD 0
TICK: 32422 PC:   0 ADDR:   1 MEM_OUT: 312 ACC: 312 BUFF: 669 DC: 0 FLAG_ZERO: True FLAG_LT: 0 FLAG_GT: 0
INPUT_PORT:  []
OUT_PORT:  []
DATA_MEM:  [669, 312]
---------------------------------------
DEBUG    root:machine.py:309 INC 
TICK: 32426 PC:   1 ADDR:   0 MEM_OUT: 669 ACC: 669 BUFF: 669 DC: 0 FLAG_ZERO: True FLAG_LT: 0 FLAG_GT: 0
INPUT_PORT:  []
OUT_PORT:  []
DATA_MEM:  [669, 312]
---------------------------------------
DEBUG    root:machine.py:309 ST 0
TICK: 32429 PC:   2 ADDR:   0 MEM_OUT: 669 ACC: 670 BUFF: 669 DC: 0 FLAG_ZERO: True FLAG_LT: 0 FLAG_GT: 0
INPUT_PORT:  []
OUT_PORT:  []
DATA_MEM:  [669, 312]
---------------------------------------
DEBUG    root:machine.py:309 CMP 1000
TICK: 32433 PC:   3 ADDR:   0 MEM_OUT: 670 ACC: 670 BUFF: 669 DC: 0 FLAG_ZERO: True FLAG_LT: 0 FLAG_GT: 0
INPUT_PORT:  []
OUT_PORT:  []
DATA_MEM:  [670, 312]
---------------------------------------
DEBUG    root:machine.py:309 JGE 22
TICK: 32436 PC:   4 ADDR:   0 MEM_OUT: 670 ACC: 670 BUFF: 669 DC: 0 FLAG_ZERO: False FLAG_LT: 1 FLAG_GT: 0
INPUT_PORT:  []
OUT_PORT:  []
DATA_MEM:  [670, 312]
---------------------------------------
DEBUG    root:machine.py:309 LD 0
TICK: 32439 PC:   5 ADDR:   0 MEM_OUT: 670 ACC: 670 BUFF: 669 DC: 0 FLAG_ZERO: False FLAG_LT: 1 FLAG_GT: 0
INPUT_PORT:  []
OUT_PORT:  []
DATA_MEM:  [670, 312]
---------------------------------------
DEBUG    root:machine.py:309 MOD 3
TICK: 32443 PC:   6 ADDR:   0 MEM_OUT: 670 ACC: 670 BUFF: 669 DC: 0 FLAG_ZERO: False FLAG_LT: 1 FLAG_GT: 0
INPUT_PORT:  []
OUT_PORT:  []
DATA_MEM:  [670, 312]
---------------------------------------
DEBUG    root:machine.py:309 CMP 0
TICK: 32447 PC:   7 ADDR:   0 MEM_OUT: 670 ACC: 1 BUFF: 670 DC: 0 FLAG_ZERO: False FLAG_LT: 1 FLAG_GT: 0
INPUT_PORT:  []
OUT_PORT:  []
DATA_MEM:  [670, 312]
---------------------------------------
DEBUG    root:machine.py:309 JE 14
TICK: 32450 PC:   8 ADDR:   0 MEM_OUT: 670 ACC: 1 BUFF: 670 DC: 0 FLAG_ZERO: False FLAG_LT: 0 FLAG_GT: 1
INPUT_PORT:  []
OUT_PORT:  []
DATA_MEM:  [670, 312]
---------------------------------------
DEBUG    root:machine.py:309 LD 0
TICK: 32453 PC:   9 ADDR:   0 MEM_OUT: 670 ACC: 1 BUFF: 670 DC: 0 FLAG_ZERO: False FLAG_LT: 0 FLAG_GT: 1
INPUT_PORT:  []
OUT_PORT:  []
DATA_MEM:  [670, 312]
---------------------------------------
DEBUG    root:machine.py:309 MOD 5
TICK: 32457 PC:  10 ADDR:   0 MEM_OUT: 670 ACC: 670 BUFF: 670 DC: 0 FLAG_ZERO: False FLAG_LT: 0 FLAG_GT: 1
INPUT_PORT:  []
OUT_PORT:  []
DATA_MEM:  [670, 312]
---------------------------------------
DEBUG    root:machine.py:309 CMP 0
TICK: 32461 PC:  11 ADDR:   0 MEM_OUT: 670 ACC: 0 BUFF: 670 DC: 0 FLAG_ZERO: False FLAG_LT: 0 FLAG_GT: 1
INPUT_PORT:  []
OUT_PORT:  []
DATA_MEM:  [670, 312]
---------------------------------------
DEBUG    root:machine.py:309 JE 18
TICK: 32464 PC:  12 ADDR:   0 MEM_OUT: 670 ACC: 0 BUFF: 670 DC: 0 FLAG_ZERO: True FLAG_LT: 0 FLAG_GT: 0
INPUT_PORT:  []
OUT_PORT:  []
DATA_MEM:  [670, 312]
---------------------------------------
DEBUG    root:machine.py:309 LD 4
TICK: 32467 PC:  18 ADDR:   0 MEM_OUT: 670 ACC: 0 BUFF: 670 DC: 0 FLAG_ZERO: True FLAG_LT: 0 FLAG_GT: 0
INPUT_PORT:  []
OUT_PORT:  []
DATA_MEM:  [670, 312]
---------------------------------------
DEBUG    root:machine.py:309 INC 
TICK: 32471 PC:  19 ADDR:   1 MEM_OUT: 312 ACC: 312 BUFF: 670 DC: 0 FLAG_ZERO: True FLAG_LT: 0 FLAG_GT: 0
INPUT_PORT:  []
OUT_PORT:  []
DATA_MEM:  [670, 312]
---------------------------------------
DEBUG    root:machine.py:309 ST 4
TICK: 32474 PC:  20 ADDR:   1 MEM_OUT: 312 ACC: 313 BUFF: 670 DC: 0 FLAG_ZERO: True FLAG_LT: 0 FLAG_GT: 0
INPUT_PORT:  []
OUT_PORT:  []
DATA_MEM:  [670, 312]
---------------------------------------
DEBUG    root:machine.py:309 JMP 0
TICK: 32478 PC:  21 ADDR:   1 MEM_OUT: 313 ACC: 313 BUFF: 670 DC: 0 FLAG_ZERO: True FLAG_LT: 0 FLAG_GT: 0
INPUT_PORT:  []
OUT_PORT:  []
DATA_MEM:  [670, 313]
---------------------------------------
DEBUG    root:machine.py:309 LD 0
TICK: 32481 PC:   0 ADDR:   1 MEM_OUT: 313 ACC: 313 BUFF: 670 DC: 0 FLAG_ZERO: True FLAG_LT: 0 FLAG_GT: 0
INPUT_PORT:  []
OUT_PORT:  []
DATA_MEM:  [670, 313]
---------------------------------------
DEBUG    root:machine.py:309 INC 
TICK: 32485 PC:   1 ADDR:   0 MEM_OUT: 670 ACC: 670 BUFF: 670 DC: 0 FLAG_ZERO: True FLAG_LT: 0 FLAG_GT: 0
INPUT_PORT:  []
OUT_PORT:  []
DATA_MEM:  [670, 313]
---------------------------------------
DEBUG    root:machine.py:309 ST 0
TICK: 32488 PC:   2 ADDR:   0 MEM_OUT: 670 ACC: 671 BUFF: 670 DC: 0 FLAG_ZERO: True FLAG_LT: 0 FLAG_GT: 0
INPUT_PORT:  []
OUT_PORT:  []
DATA_MEM:  [670, 313]
---------------------------------------
DEBUG    root:machine.py:309 CMP 1000
TICK: 32492 PC:   3 ADDR:   0 MEM_OUT: 671 ACC: 671 BUFF: 670 DC: 0 FLAG_ZERO: True FLAG_LT: 0 FLAG_GT: 0
INPUT_PORT:  []
OUT_PORT:  []
DATA_MEM:  [671, 313]
---------------------------------------
DEBUG    root:machine.py:309 JGE 22
TICK: 32495 PC:   4 ADDR:   0 MEM_OUT: 671 ACC: 671 BUFF: 670 DC: 0 FLAG_ZERO: False FLAG_LT: 1 FLAG_GT: 0
INPUT_PORT:  []
OUT_PORT:  []
DATA_MEM:  [671, 313]
---------------------------------------
DEBUG    root:machine.py:309 LD 0
TICK: 32498 PC:   5 ADDR:   0 MEM_OUT: 671 ACC: 671 BUFF: 670 DC: 0 FLAG_ZERO: False FLAG_LT: 1 FLAG_GT: 0
INPUT_PORT:  []
OUT_PORT:  []
DATA_MEM:  [671, 313]
---------------------------------------
DEBUG    root:machine.py:309 MOD 3
TICK: 32502 PC:   6 ADDR:   0 MEM_OUT: 671 ACC: 671 BUFF: 670 DC: 0 FLAG_ZERO: False FLAG_LT: 1 FLAG_GT: 0
INPUT_PORT:  []
OUT_PORT:  []
DATA_MEM:  [671, 313]
---------------------------------------
DEBUG    root:machine.py:309 CMP 0
TICK: 32506 PC:   7 ADDR:   0 MEM_OUT: 671 ACC: 2 BUFF: 671 DC: 0 FLAG_ZERO: False FLAG_LT: 1 FLAG_GT: 0
INPUT_PORT:  []
OUT_PORT:  []
DATA_MEM:  [671, 313]
---------------------------------------
DEBUG    root:machine.py:309 JE 14
TICK: 32509 PC:   8 ADDR:   0 MEM_OUT: 671 ACC: 2 BUFF: 671 DC: 0 FLAG_ZERO: False FLAG_LT: 0 FLAG_GT: 1
INPUT_PORT:  []
OUT_PORT:  []
DATA_MEM:  [671, 313]
---------------------------------------
DEBUG    root:machine.py:309 LD 0
TICK: 32512 PC:   9 ADDR:   0 MEM_OUT: 671 ACC: 2 BUFF: 671 DC: 0 FLAG_ZERO: False FLAG_LT: 0 FLAG_GT: 1
INPUT_PORT:  []
OUT_PORT:  []
DATA_MEM:  [671, 313]
---------------------------------------
DEBUG    root:machine.py:309 MOD 5
TICK: 32516 PC:  10 ADDR:   0 MEM_OUT: 671 ACC: 671 BUFF: 671 DC: 0 FLAG_ZERO: False FLAG_LT: 0 FLAG_GT: 1
INPUT_PORT:  []
OUT_PORT:  []
DATA_MEM:  [671, 313]
---------------------------------------
DEBUG    root:machine.py:309 CMP 0
TICK: 32520 PC:  11 ADDR:   0 MEM_OUT: 671 ACC: 1 BUFF: 671 DC: 0 FLAG_ZERO: False FLAG_LT: 0 FLAG_GT: 1
INPUT_PORT:  []
OUT_PORT:  []
DATA_MEM:  [671, 313]
---------------------------------------
DEBUG    root:machine.py:309 JE 18
TICK: 32523 PC:  12 ADDR:   0 MEM_OUT: 671 ACC: 1 BUFF: 671 DC: 0 FLAG_ZERO: False FLAG_LT: 0 FLAG_GT: 1
INPUT_PORT:  []
OUT_PORT:  []
DATA_MEM:  [671, 313]
---------------------------------------
DEBUG    root:machine.py:309 JMP 0
TICK: 32526 PC:  13 ADDR:   0 MEM_OUT: 671 ACC: 1 BUFF: 671 DC: 0 FLAG_ZERO: False FLAG_LT: 0 FLAG_GT: 1
INPUT_PORT:  []
OUT_PORT:  []
DATA_MEM:  [671, 313]
---------------------------------------
DEBUG    root:machine.py:309 LD 0
TICK: 32529 PC:   0 ADDR:   0 MEM_OUT: 671 ACC: 1 BUFF: 671 DC: 0 FLAG_ZERO: False FLAG_LT: 0 FLAG_GT: 1
INPUT_PORT:  []
OUT_PORT:  []
DATA_MEM:  [671, 313]
---------------------------------------
DEBUG    root:machine.py:309 INC 
TICK: 32533 PC:   1 ADDR:   0 MEM_OUT: 671 ACC: 671 BUFF: 671 DC: 0 FLAG_ZERO: False FLAG_LT: 0 FLAG_GT: 1
INPUT_PORT:  []
OUT_PORT:  []
DATA_MEM:  [671, 313]
---------------------------------------
DEBUG    root:machine.py:309 ST 0
TICK: 32536 PC:   2 ADDR:   0 MEM_OUT: 671 ACC: 672 BUFF: 671 DC: 0 FLAG_ZERO: False FLAG_LT: 0 FLAG_GT: 1
INPUT_PORT:  []
OUT_PORT:  []
DATA_MEM:  [671, 313]
---------------------------------------
DEBUG    root:machine.py:309 CMP 1000
TICK: 32540 PC:   3 ADDR:   0 MEM_OUT: 672 ACC: 672 BUFF: 671 DC: 0 FLAG_ZERO: False FLAG_LT: 0 FLAG_GT: 1
INPUT_PORT:  []
OUT_PORT:  []
DATA_MEM:  [672, 313]
---------------------------------------
DEBUG    root:machine.py:309 JGE 22
TICK: 32543 PC:   4 ADDR:   0 MEM_OUT: 672 ACC: 672 BUFF: 671 DC: 0 FLAG_ZERO: False FLAG_LT: 1 FLAG_GT: 0
INPUT_PORT:  []
OUT_PORT:  []
DATA_MEM:  [672, 313]
---------------------------------------
DEBUG    root:machine.py:309 LD 0
TICK: 32546 PC:   5 ADDR:   0 MEM_OUT: 672 ACC: 672 BUFF: 671 DC: 0 FLAG_ZERO: False FLAG_LT: 1 FLAG_GT: 0
INPUT_PORT:  []
OUT_PORT:  []
DATA_MEM:  [672, 313]
---------------------------------------
DEBUG    root:machine.py:309 MOD 3
TICK: 32550 PC:   6 ADDR:   0 MEM_OUT: 672 ACC: 672 BUFF: 671 DC: 0 FLAG_ZERO: False FLAG_LT: 1 FLAG_GT: 0
INPUT_PORT:  []
OUT_PORT:  []
DATA_MEM:  [672, 313]
---------------------------------------
DEBUG    root:machine.py:309 CMP 0
TICK: 32554 PC:   7 ADDR:   0 MEM_OUT: 672 ACC: 0 BUFF: 672 DC: 0 FLAG_ZERO: False FLAG_LT: 1 FLAG_GT: 0
INPUT_PORT:  []
OUT_PORT:  []
DATA_MEM:  [672, 313]
---------------------------------------
DEBUG    root:machine.py:309 JE 14
TICK: 32557 PC:   8 ADDR:   0 MEM_OUT: 672 ACC: 0 BUFF: 672 DC: 0 FLAG_ZERO: True FLAG_LT: 0 FLAG_GT: 0
INPUT_PORT:  []
OUT_PORT:  []
DATA_MEM:  [672, 313]
---------------------------------------
DEBUG    root:machine.py:309 LD 4
TICK: 32560 PC:  14 ADDR:   0 MEM_OUT: 672 ACC: 0 BUFF: 672 DC: 0 FLAG_ZERO: True FLAG_LT: 0 FLAG_GT: 0
INPUT_PORT:  []
OUT_PORT:  []
DATA_MEM:  [672, 313]
---------------------------------------
DEBUG    root:machine.py:309 INC 
TICK: 32564 PC:  15 ADDR:   1 MEM_OUT: 313 ACC: 313 BUFF: 672 DC: 0 FLAG_ZERO: True FLAG_LT: 0 FLAG_GT: 0
INPUT_PORT:  []
OUT_PORT:  []
DATA_MEM:  [672, 313]
---------------------------------------
DEBUG    root:machine.py:309 ST 4
TICK: 32567 PC:  16 ADDR:   1 MEM_OUT: 313 ACC: 314 BUFF: 672 DC: 0 FLAG_ZERO: True FLAG_LT: 0 FLAG_GT: 0
INPUT_PORT:  []
OUT_PORT:  []
DATA_MEM:  [672, 313]
---------------------------------------
DEBUG    root:machine.py:309 JMP 0
TICK: 32571 PC:  17 ADDR:   1 MEM_OUT: 314 ACC: 314 BUFF: 672 DC: 0 FLAG_ZERO: True FLAG_LT: 0 FLAG_GT: 0
INPUT_PORT:  []
OUT_PORT:  []
DATA_MEM:  [672, 314]
---------------------------------------
DEBUG    root:machine.py:309 LD 0
TICK: 32574 PC:   0 ADDR:   1 MEM_OUT: 314 ACC: 314 BUFF: 672 DC: 0 FLAG_ZERO: True FLAG_LT: 0 FLAG_GT: 0
INPUT_PORT:  []
OUT_PORT:  []
DATA_MEM:  [672, 314]
---------------------------------------
DEBUG    root:machine.py:309 INC 
TICK: 32578 PC:   1 ADDR:   0 MEM_OUT: 672 ACC: 672 BUFF: 672 DC: 0 FLAG_ZERO: True FLAG_LT: 0 FLAG_GT: 0
INPUT_PORT:  []
OUT_PORT:  []
DATA_MEM:  [672, 314]
---------------------------------------
DEBUG    root:machine.py:309 ST 0
TICK: 32581 PC:   2 ADDR:   0 MEM_OUT: 672 ACC: 673 BUFF: 672 DC: 0 FLAG_ZERO: True FLAG_LT: 0 FLAG_GT: 0
INPUT_PORT:  []
OUT_PORT:  []
DATA_MEM:  [672, 314]
---------------------------------------
DEBUG    root:machine.py:309 CMP 1000
TICK: 32585 PC:   3 ADDR:   0 MEM_OUT: 673 ACC: 673 BUFF: 672 DC: 0 FLAG_ZERO: True FLAG_LT: 0 FLAG_GT: 0
INPUT_PORT:  []
OUT_PORT:  []
DATA_MEM:  [673, 314]
---------------------------------------
DEBUG    root:machine.py:309 JGE 22
TICK: 32588 PC:   4 ADDR:   0 MEM_OUT: 673 ACC: 673 BUFF: 672 DC: 0 FLAG_ZERO: False FLAG_LT: 1 FLAG_GT: 0
INPUT_PORT:  []
OUT_PORT:  []
DATA_MEM:  [673, 314]
---------------------------------------
DEBUG    root:machine.py:309 LD 0
TICK: 32591 PC:   5 ADDR:   0 MEM_OUT: 673 ACC: 673 BUFF: 672 DC: 0 FLAG_ZERO: False FLAG_LT: 1 FLAG_GT: 0
INPUT_PORT:  []
OUT_PORT:  []
DATA_MEM:  [673, 314]
---------------------------------------
DEBUG    root:machine.py:309 MOD 3
TICK: 32595 PC:   6 ADDR:   0 MEM_OUT: 673 ACC: 673 BUFF: 672 DC: 0 FLAG_ZERO: False FLAG_LT: 1 FLAG_GT: 0
INPUT_PORT:  []
OUT_PORT:  []
DATA_MEM:  [673, 314]
---------------------------------------
DEBUG    root:machine.py:309 CMP 0
TICK: 32599 PC:   7 ADDR:   0 MEM_OUT: 673 ACC: 1 BUFF: 673 DC: 0 FLAG_ZERO: False FLAG_LT: 1 FLAG_GT: 0
INPUT_PORT:  []
OUT_PORT:  []
DATA_MEM:  [673, 314]
---------------------------------------
DEBUG    root:machine.py:309 JE 14
TICK: 32602 PC:   8 ADDR:   0 MEM_OUT: 673 ACC: 1 BUFF: 673 DC: 0 FLAG_ZERO: False FLAG_LT: 0 FLAG_GT: 1
INPUT_PORT:  []
OUT_PORT:  []
DATA_MEM:  [673, 314]
---------------------------------------
DEBUG    root:machine.py:309 LD 0
TICK: 32605 PC:   9 ADDR:   0 MEM_OUT: 673 ACC: 1 BUFF: 673 DC: 0 FLAG_ZERO: False FLAG_LT: 0 FLAG_GT: 1
INPUT_PORT:  []
OUT_PORT:  []
DATA_MEM:  [673, 314]
---------------------------------------
DEBUG    root:machine.py:309 MOD 5
TICK: 32609 PC:  10 ADDR:   0 MEM_OUT: 673 ACC: 673 BUFF: 673 DC: 0 FLAG_ZERO: False FLAG_LT: 0 FLAG_GT: 1
INPUT_PORT:  []
OUT_PORT:  []
DATA_MEM:  [673, 314]
---------------------------------------
DEBUG    root:machine.py:309 CMP 0
TICK: 32613 PC:  11 ADDR:   0 MEM_OUT: 673 ACC: 3 BUFF: 673 DC: 0 FLAG_ZERO: False FLAG_LT: 0 FLAG_GT: 1
INPUT_PORT:  []
OUT_PORT:  []
DATA_MEM:  [673, 314]
---------------------------------------
DEBUG    root:machine.py:309 JE 18
TICK: 32616 PC:  12 ADDR:   0 MEM_OUT: 673 ACC: 3 BUFF: 673 DC: 0 FLAG_ZERO: False FLAG_LT: 0 FLAG_GT: 1
INPUT_PORT:  []
OUT_PORT:  []
DATA_MEM:  [673, 314]
---------------------------------------
DEBUG    root:machine.py:309 JMP 0
TICK: 32619 PC:  13 ADDR:   0 MEM_OUT: 673 ACC: 3 BUFF: 673 DC: 0 FLAG_ZERO: False FLAG_LT: 0 FLAG_GT: 1
INPUT_PORT:  []
OUT_PORT:  []
DATA_MEM:  [673, 314]
---------------------------------------
DEBUG    root:machine.py:309 LD 0
TICK: 32622 PC:   0 ADDR:   0 MEM_OUT: 673 ACC: 3 BUFF: 673 DC: 0 FLAG_ZERO: False FLAG_LT: 0 FLAG_GT: 1
INPUT_PORT:  []
OUT_PORT:  []
DATA_MEM:  [673, 314]
---------------------------------------
DEBUG    root:machine.py:309 INC 
TICK: 32626 PC:   1 ADDR:   0 MEM_OUT: 673 ACC: 673 BUFF: 673 DC: 0 FLAG_ZERO: False FLAG_LT: 0 FLAG_GT: 1
INPUT_PORT:  []
OUT_PORT:  []
DATA_MEM:  [673, 314]
---------------------------------------
DEBUG    root:machine.py:309 ST 0
TICK: 32629 PC:   2 ADDR:   0 MEM_OUT: 673 ACC: 674 BUFF: 673 DC: 0 FLAG_ZERO: False FLAG_LT: 0 FLAG_GT: 1
INPUT_PORT:  []
OUT_PORT:  []
DATA_MEM:  [673, 314]
---------------------------------------
DEBUG    root:machine.py:309 CMP 1000
TICK: 32633 PC:   3 ADDR:   0 MEM_OUT: 674 ACC: 674 BUFF: 673 DC: 0 FLAG_ZERO: False FLAG_LT: 0 FLAG_GT: 1
INPUT_PORT:  []
OUT_PORT:  []
DATA_MEM:  [674, 314]
---------------------------------------
DEBUG    root:machine.py:309 JGE 22
TICK: 32636 PC:   4 ADDR:   0 MEM_OUT: 674 ACC: 674 BUFF: 673 DC: 0 FLAG_ZERO: False FLAG_LT: 1 FLAG_GT: 0
INPUT_PORT:  []
OUT_PORT:  []
DATA_MEM:  [674, 314]
---------------------------------------
DEBUG    root:machine.py:309 LD 0
TICK: 32639 PC:   5 ADDR:   0 MEM_OUT: 674 ACC: 674 BUFF: 673 DC: 0 FLAG_ZERO: False FLAG_LT: 1 FLAG_GT: 0
INPUT_PORT:  []
OUT_PORT:  []
DATA_MEM:  [674, 314]
---------------------------------------
DEBUG    root:machine.py:309 MOD 3
TICK: 32643 PC:   6 ADDR:   0 MEM_OUT: 674 ACC: 674 BUFF: 673 DC: 0 FLAG_ZERO: False FLAG_LT: 1 FLAG_GT: 0
INPUT_PORT:  []
OUT_PORT:  []
DATA_MEM:  [674, 314]
---------------------------------------
DEBUG    root:machine.py:309 CMP 0
TICK: 32647 PC:   7 ADDR:   0 MEM_OUT: 674 ACC: 2 BUFF: 674 DC: 0 FLAG_ZERO: False FLAG_LT: 1 FLAG_GT: 0
INPUT_PORT:  []
OUT_PORT:  []
DATA_MEM:  [674, 314]
---------------------------------------
DEBUG    root:machine.py:309 JE 14
TICK: 32650 PC:   8 ADDR:   0 MEM_OUT: 674 ACC: 2 BUFF: 674 DC: 0 FLAG_ZERO: False FLAG_LT: 0 FLAG_GT: 1
INPUT_PORT:  []
OUT_PORT:  []
DATA_MEM:  [674, 314]
---------------------------------------
DEBUG    root:machine.py:309 LD 0
TICK: 32653 PC:   9 ADDR:   0 MEM_OUT: 674 ACC: 2 BUFF: 674 DC: 0 FLAG_ZERO: False FLAG_LT: 0 FLAG_GT: 1
INPUT_PORT:  []
OUT_PORT:  []
DATA_MEM:  [674, 314]
---------------------------------------
DEBUG    root:machine.py:309 MOD 5
TICK: 32657 PC:  10 ADDR:   0 MEM_OUT: 674 ACC: 674 BUFF: 674 DC: 0 FLAG_ZERO: False FLAG_LT: 0 FLAG_GT: 1
INPUT_PORT:  []
OUT_PORT:  []
DATA_MEM:  [674, 314]
---------------------------------------
DEBUG    root:machine.py:309 CMP 0
TICK: 32661 PC:  11 ADDR:   0 MEM_OUT: 674 ACC: 4 BUFF: 674 DC: 0 FLAG_ZERO: False FLAG_LT: 0 FLAG_GT: 1
INPUT_PORT:  []
OUT_PORT:  []
DATA_MEM:  [674, 314]
---------------------------------------
DEBUG    root:machine.py:309 JE 18
TICK: 32664 PC:  12 ADDR:   0 MEM_OUT: 674 ACC: 4 BUFF: 674 DC: 0 FLAG_ZERO: False FLAG_LT: 0 FLAG_GT: 1
INPUT_PORT:  []
OUT_PORT:  []
DATA_MEM:  [674, 314]
---------------------------------------
DEBUG    root:machine.py:309 JMP 0
TICK: 32667 PC:  13 ADDR:   0 MEM_OUT: 674 ACC: 4 BUFF: 674 DC: 0 FLAG_ZERO: False FLAG_LT: 0 FLAG_GT: 1
INPUT_PORT:  []
OUT_PORT:  []
DATA_MEM:  [674, 314]
---------------------------------------
DEBUG    root:machine.py:309 LD 0
TICK: 32670 PC:   0 ADDR:   0 MEM_OUT: 674 ACC: 4 BUFF: 674 DC: 0 FLAG_ZERO: False FLAG_LT: 0 FLAG_GT: 1
INPUT_PORT:  []
OUT_PORT:  []
DATA_MEM:  [674, 314]
---------------------------------------
DEBUG    root:machine.py:309 INC 
TICK: 32674 PC:   1 ADDR:   0 MEM_OUT: 674 ACC: 674 BUFF: 674 DC: 0 FLAG_ZERO: False FLAG_LT: 0 FLAG_GT: 1
INPUT_PORT:  []
OUT_PORT:  []
DATA_MEM:  [674, 314]
---------------------------------------
DEBUG    root:machine.py:309 ST 0
TICK: 32677 PC:   2 ADDR:   0 MEM_OUT: 674 ACC: 675 BUFF: 674 DC: 0 FLAG_ZERO: False FLAG_LT: 0 FLAG_GT: 1
INPUT_PORT:  []
OUT_PORT:  []
DATA_MEM:  [674, 314]
---------------------------------------
DEBUG    root:machine.py:309 CMP 1000
TICK: 32681 PC:   3 ADDR:   0 MEM_OUT: 675 ACC: 675 BUFF: 674 DC: 0 FLAG_ZERO: False FLAG_LT: 0 FLAG_GT: 1
INPUT_PORT:  []
OUT_PORT:  []
DATA_MEM:  [675, 314]
---------------------------------------
DEBUG    root:machine.py:309 JGE 22
TICK: 32684 PC:   4 ADDR:   0 MEM_OUT: 675 ACC: 675 BUFF: 674 DC: 0 FLAG_ZERO: False FLAG_LT: 1 FLAG_GT: 0
INPUT_PORT:  []
OUT_PORT:  []
DATA_MEM:  [675, 314]
---------------------------------------
DEBUG    root:machine.py:309 LD 0
TICK: 32687 PC:   5 ADDR:   0 MEM_OUT: 675 ACC: 675 BUFF: 674 DC: 0 FLAG_ZERO: False FLAG_LT: 1 FLAG_GT: 0
INPUT_PORT:  []
OUT_PORT:  []
DATA_MEM:  [675, 314]
---------------------------------------
DEBUG    root:machine.py:309 MOD 3
TICK: 32691 PC:   6 ADDR:   0 MEM_OUT: 675 ACC: 675 BUFF: 674 DC: 0 FLAG_ZERO: False FLAG_LT: 1 FLAG_GT: 0
INPUT_PORT:  []
OUT_PORT:  []
DATA_MEM:  [675, 314]
---------------------------------------
DEBUG    root:machine.py:309 CMP 0
TICK: 32695 PC:   7 ADDR:   0 MEM_OUT: 675 ACC: 0 BUFF: 675 DC: 0 FLAG_ZERO: False FLAG_LT: 1 FLAG_GT: 0
INPUT_PORT:  []
OUT_PORT:  []
DATA_MEM:  [675, 314]
---------------------------------------
DEBUG    root:machine.py:309 JE 14
TICK: 32698 PC:   8 ADDR:   0 MEM_OUT: 675 ACC: 0 BUFF: 675 DC: 0 FLAG_ZERO: True FLAG_LT: 0 FLAG_GT: 0
INPUT_PORT:  []
OUT_PORT:  []
DATA_MEM:  [675, 314]
---------------------------------------
DEBUG    root:machine.py:309 LD 4
TICK: 32701 PC:  14 ADDR:   0 MEM_OUT: 675 ACC: 0 BUFF: 675 DC: 0 FLAG_ZERO: True FLAG_LT: 0 FLAG_GT: 0
INPUT_PORT:  []
OUT_PORT:  []
DATA_MEM:  [675, 314]
---------------------------------------
DEBUG    root:machine.py:309 INC 
TICK: 32705 PC:  15 ADDR:   1 MEM_OUT: 314 ACC: 314 BUFF: 675 DC: 0 FLAG_ZERO: True FLAG_LT: 0 FLAG_GT: 0
INPUT_PORT:  []
OUT_PORT:  []
DATA_MEM:  [675, 314]
---------------------------------------
DEBUG    root:machine.py:309 ST 4
TICK: 32708 PC:  16 ADDR:   1 MEM_OUT: 314 ACC: 315 BUFF: 675 DC: 0 FLAG_ZERO: True FLAG_LT: 0 FLAG_GT: 0
INPUT_PORT:  []
OUT_PORT:  []
DATA_MEM:  [675, 314]
---------------------------------------
DEBUG    root:machine.py:309 JMP 0
TICK: 32712 PC:  17 ADDR:   1 MEM_OUT: 315 ACC: 315 BUFF: 675 DC: 0 FLAG_ZERO: True FLAG_LT: 0 FLAG_GT: 0
INPUT_PORT:  []
OUT_PORT:  []
DATA_MEM:  [675, 315]
---------------------------------------
DEBUG    root:machine.py:309 LD 0
TICK: 32715 PC:   0 ADDR:   1 MEM_OUT: 315 ACC: 315 BUFF: 675 DC: 0 FLAG_ZERO: True FLAG_LT: 0 FLAG_GT: 0
INPUT_PORT:  []
OUT_PORT:  []
DATA_MEM:  [675, 315]
---------------------------------------
DEBUG    root:machine.py:309 INC 
TICK: 32719 PC:   1 ADDR:   0 MEM_OUT: 675 ACC: 675 BUFF: 675 DC: 0 FLAG_ZERO: True FLAG_LT: 0 FLAG_GT: 0
INPUT_PORT:  []
OUT_PORT:  []
DATA_MEM:  [675, 315]
---------------------------------------
DEBUG    root:machine.py:309 ST 0
TICK: 32722 PC:   2 ADDR:   0 MEM_OUT: 675 ACC: 676 BUFF: 675 DC: 0 FLAG_ZERO: True FLAG_LT: 0 FLAG_GT: 0
INPUT_PORT:  []
OUT_PORT:  []
DATA_MEM:  [675, 315]
---------------------------------------
DEBUG    root:machine.py:309 CMP 1000
TICK: 32726 PC:   3 ADDR:   0 MEM_OUT: 676 ACC: 676 BUFF: 675 DC: 0 FLAG_ZERO: True FLAG_LT: 0 FLAG_GT: 0
INPUT_PORT:  []
OUT_PORT:  []
DATA_MEM:  [676, 315]
---------------------------------------
DEBUG    root:machine.py:309 JGE 22
TICK: 32729 PC:   4 ADDR:   0 MEM_OUT: 676 ACC: 676 BUFF: 675 DC: 0 FLAG_ZERO: False FLAG_LT: 1 FLAG_GT: 0
INPUT_PORT:  []
OUT_PORT:  []
DATA_MEM:  [676, 315]
---------------------------------------
DEBUG    root:machine.py:309 LD 0
TICK: 32732 PC:   5 ADDR:   0 MEM_OUT: 676 ACC: 676 BUFF: 675 DC: 0 FLAG_ZERO: False FLAG_LT: 1 FLAG_GT: 0
INPUT_PORT:  []
OUT_PORT:  []
DATA_MEM:  [676, 315]
---------------------------------------
DEBUG    root:machine.py:309 MOD 3
TICK: 32736 PC:   6 ADDR:   0 MEM_OUT: 676 ACC: 676 BUFF: 675 DC: 0 FLAG_ZERO: False FLAG_LT: 1 FLAG_GT: 0
INPUT_PORT:  []
OUT_PORT:  []
DATA_MEM:  [676, 315]
---------------------------------------
DEBUG    root:machine.py:309 CMP 0
TICK: 32740 PC:   7 ADDR:   0 MEM_OUT: 676 ACC: 1 BUFF: 676 DC: 0 FLAG_ZERO: False FLAG_LT: 1 FLAG_GT: 0
INPUT_PORT:  []
OUT_PORT:  []
DATA_MEM:  [676, 315]
---------------------------------------
DEBUG    root:machine.py:309 JE 14
TICK: 32743 PC:   8 ADDR:   0 MEM_OUT: 676 ACC: 1 BUFF: 676 DC: 0 FLAG_ZERO: False FLAG_LT: 0 FLAG_GT: 1
INPUT_PORT:  []
OUT_PORT:  []
DATA_MEM:  [676, 315]
---------------------------------------
DEBUG    root:machine.py:309 LD 0
TICK: 32746 PC:   9 ADDR:   0 MEM_OUT: 676 ACC: 1 BUFF: 676 DC: 0 FLAG_ZERO: False FLAG_LT: 0 FLAG_GT: 1
INPUT_PORT:  []
OUT_PORT:  []
DATA_MEM:  [676, 315]
---------------------------------------
DEBUG    root:machine.py:309 MOD 5
TICK: 32750 PC:  10 ADDR:   0 MEM_OUT: 676 ACC: 676 BUFF: 676 DC: 0 FLAG_ZERO: False FLAG_LT: 0 FLAG_GT: 1
INPUT_PORT:  []
OUT_PORT:  []
DATA_MEM:  [676, 315]
---------------------------------------
DEBUG    root:machine.py:309 CMP 0
TICK: 32754 PC:  11 ADDR:   0 MEM_OUT: 676 ACC: 1 BUFF: 676 DC: 0 FLAG_ZERO: False FLAG_LT: 0 FLAG_GT: 1
INPUT_PORT:  []
OUT_PORT:  []
DATA_MEM:  [676, 315]
---------------------------------------
DEBUG    root:machine.py:309 JE 18
TICK: 32757 PC:  12 ADDR:   0 MEM_OUT: 676 ACC: 1 BUFF: 676 DC: 0 FLAG_ZERO: False FLAG_LT: 0 FLAG_GT: 1
INPUT_PORT:  []
OUT_PORT:  []
DATA_MEM:  [676, 315]
---------------------------------------
DEBUG    root:machine.py:309 JMP 0
TICK: 32760 PC:  13 ADDR:   0 MEM_OUT: 676 ACC: 1 BUFF: 676 DC: 0 FLAG_ZERO: False FLAG_LT: 0 FLAG_GT: 1
INPUT_PORT:  []
OUT_PORT:  []
DATA_MEM:  [676, 315]
---------------------------------------
DEBUG    root:machine.py:309 LD 0
TICK: 32763 PC:   0 ADDR:   0 MEM_OUT: 676 ACC: 1 BUFF: 676 DC: 0 FLAG_ZERO: False FLAG_LT: 0 FLAG_GT: 1
INPUT_PORT:  []
OUT_PORT:  []
DATA_MEM:  [676, 315]
---------------------------------------
DEBUG    root:machine.py:309 INC 
TICK: 32767 PC:   1 ADDR:   0 MEM_OUT: 676 ACC: 676 BUFF: 676 DC: 0 FLAG_ZERO: False FLAG_LT: 0 FLAG_GT: 1
INPUT_PORT:  []
OUT_PORT:  []
DATA_MEM:  [676, 315]
---------------------------------------
DEBUG    root:machine.py:309 ST 0
TICK: 32770 PC:   2 ADDR:   0 MEM_OUT: 676 ACC: 677 BUFF: 676 DC: 0 FLAG_ZERO: False FLAG_LT: 0 FLAG_GT: 1
INPUT_PORT:  []
OUT_PORT:  []
DATA_MEM:  [676, 315]
---------------------------------------
DEBUG    root:machine.py:309 CMP 1000
TICK: 32774 PC:   3 ADDR:   0 MEM_OUT: 677 ACC: 677 BUFF: 676 DC: 0 FLAG_ZERO: False FLAG_LT: 0 FLAG_GT: 1
INPUT_PORT:  []
OUT_PORT:  []
DATA_MEM:  [677, 315]
---------------------------------------
DEBUG    root:machine.py:309 JGE 22
TICK: 32777 PC:   4 ADDR:   0 MEM_OUT: 677 ACC: 677 BUFF: 676 DC: 0 FLAG_ZERO: False FLAG_LT: 1 FLAG_GT: 0
INPUT_PORT:  []
OUT_PORT:  []
DATA_MEM:  [677, 315]
---------------------------------------
DEBUG    root:machine.py:309 LD 0
TICK: 32780 PC:   5 ADDR:   0 MEM_OUT: 677 ACC: 677 BUFF: 676 DC: 0 FLAG_ZERO: False FLAG_LT: 1 FLAG_GT: 0
INPUT_PORT:  []
OUT_PORT:  []
DATA_MEM:  [677, 315]
---------------------------------------
DEBUG    root:machine.py:309 MOD 3
TICK: 32784 PC:   6 ADDR:   0 MEM_OUT: 677 ACC: 677 BUFF: 676 DC: 0 FLAG_ZERO: False FLAG_LT: 1 FLAG_GT: 0
INPUT_PORT:  []
OUT_PORT:  []
DATA_MEM:  [677, 315]
---------------------------------------
DEBUG    root:machine.py:309 CMP 0
TICK: 32788 PC:   7 ADDR:   0 MEM_OUT: 677 ACC: 2 BUFF: 677 DC: 0 FLAG_ZERO: False FLAG_LT: 1 FLAG_GT: 0
INPUT_PORT:  []
OUT_PORT:  []
DATA_MEM:  [677, 315]
---------------------------------------
DEBUG    root:machine.py:309 JE 14
TICK: 32791 PC:   8 ADDR:   0 MEM_OUT: 677 ACC: 2 BUFF: 677 DC: 0 FLAG_ZERO: False FLAG_LT: 0 FLAG_GT: 1
INPUT_PORT:  []
OUT_PORT:  []
DATA_MEM:  [677, 315]
---------------------------------------
DEBUG    root:machine.py:309 LD 0
TICK: 32794 PC:   9 ADDR:   0 MEM_OUT: 677 ACC: 2 BUFF: 677 DC: 0 FLAG_ZERO: False FLAG_LT: 0 FLAG_GT: 1
INPUT_PORT:  []
OUT_PORT:  []
DATA_MEM:  [677, 315]
---------------------------------------
DEBUG    root:machine.py:309 MOD 5
TICK: 32798 PC:  10 ADDR:   0 MEM_OUT: 677 ACC: 677 BUFF: 677 DC: 0 FLAG_ZERO: False FLAG_LT: 0 FLAG_GT: 1
INPUT_PORT:  []
OUT_PORT:  []
DATA_MEM:  [677, 315]
---------------------------------------
DEBUG    root:machine.py:309 CMP 0
TICK: 32802 PC:  11 ADDR:   0 MEM_OUT: 677 ACC: 2 BUFF: 677 DC: 0 FLAG_ZERO: False FLAG_LT: 0 FLAG_GT: 1
INPUT_PORT:  []
OUT_PORT:  []
DATA_MEM:  [677, 315]
---------------------------------------
DEBUG    root:machine.py:309 JE 18
TICK: 32805 PC:  12 ADDR:   0 MEM_OUT: 677 ACC: 2 BUFF: 677 DC: 0 FLAG_ZERO: False FLAG_LT: 0 FLAG_GT: 1
INPUT_PORT:  []
OUT_PORT:  []
DATA_MEM:  [677, 315]
---------------------------------------
DEBUG    root:machine.py:309 JMP 0
TICK: 32808 PC:  13 ADDR:   0 MEM_OUT: 677 ACC: 2 BUFF: 677 DC: 0 FLAG_ZERO: False FLAG_LT: 0 FLAG_GT: 1
INPUT_PORT:  []
OUT_PORT:  []
DATA_MEM:  [677, 315]
---------------------------------------
DEBUG    root:machine.py:309 LD 0
TICK: 32811 PC:   0 ADDR:   0 MEM_OUT: 677 ACC: 2 BUFF: 677 DC: 0 FLAG_ZERO: False FLAG_LT: 0 FLAG_GT: 1
INPUT_PORT:  []
OUT_PORT:  []
DATA_MEM:  [677, 315]
---------------------------------------
DEBUG    root:machine.py:309 INC 
TICK: 32815 PC:   1 ADDR:   0 MEM_OUT: 677 ACC: 677 BUFF: 677 DC: 0 FLAG_ZERO: False FLAG_LT: 0 FLAG_GT: 1
INPUT_PORT:  []
OUT_PORT:  []
DATA_MEM:  [677, 315]
---------------------------------------
DEBUG    root:machine.py:309 ST 0
TICK: 32818 PC:   2 ADDR:   0 MEM_OUT: 677 ACC: 678 BUFF: 677 DC: 0 FLAG_ZERO: False FLAG_LT: 0 FLAG_GT: 1
INPUT_PORT:  []
OUT_PORT:  []
DATA_MEM:  [677, 315]
---------------------------------------
DEBUG    root:machine.py:309 CMP 1000
TICK: 32822 PC:   3 ADDR:   0 MEM_OUT: 678 ACC: 678 BUFF: 677 DC: 0 FLAG_ZERO: False FLAG_LT: 0 FLAG_GT: 1
INPUT_PORT:  []
OUT_PORT:  []
DATA_MEM:  [678, 315]
---------------------------------------
DEBUG    root:machine.py:309 JGE 22
TICK: 32825 PC:   4 ADDR:   0 MEM_OUT: 678 ACC: 678 BUFF: 677 DC: 0 FLAG_ZERO: False FLAG_LT: 1 FLAG_GT: 0
INPUT_PORT:  []
OUT_PORT:  []
DATA_MEM:  [678, 315]
---------------------------------------
DEBUG    root:machine.py:309 LD 0
TICK: 32828 PC:   5 ADDR:   0 MEM_OUT: 678 ACC: 678 BUFF: 677 DC: 0 FLAG_ZERO: False FLAG_LT: 1 FLAG_GT: 0
INPUT_PORT:  []
OUT_PORT:  []
DATA_MEM:  [678, 315]
---------------------------------------
DEBUG    root:machine.py:309 MOD 3
TICK: 32832 PC:   6 ADDR:   0 MEM_OUT: 678 ACC: 678 BUFF: 677 DC: 0 FLAG_ZERO: False FLAG_LT: 1 FLAG_GT: 0
INPUT_PORT:  []
OUT_PORT:  []
DATA_MEM:  [678, 315]
---------------------------------------
DEBUG    root:machine.py:309 CMP 0
TICK: 32836 PC:   7 ADDR:   0 MEM_OUT: 678 ACC: 0 BUFF: 678 DC: 0 FLAG_ZERO: False FLAG_LT: 1 FLAG_GT: 0
INPUT_PORT:  []
OUT_PORT:  []
DATA_MEM:  [678, 315]
---------------------------------------
DEBUG    root:machine.py:309 JE 14
TICK: 32839 PC:   8 ADDR:   0 MEM_OUT: 678 ACC: 0 BUFF: 678 DC: 0 FLAG_ZERO: True FLAG_LT: 0 FLAG_GT: 0
INPUT_PORT:  []
OUT_PORT:  []
DATA_MEM:  [678, 315]
---------------------------------------
DEBUG    root:machine.py:309 LD 4
TICK: 32842 PC:  14 ADDR:   0 MEM_OUT: 678 ACC: 0 BUFF: 678 DC: 0 FLAG_ZERO: True FLAG_LT: 0 FLAG_GT: 0
INPUT_PORT:  []
OUT_PORT:  []
DATA_MEM:  [678, 315]
---------------------------------------
DEBUG    root:machine.py:309 INC 
TICK: 32846 PC:  15 ADDR:   1 MEM_OUT: 315 ACC: 315 BUFF: 678 DC: 0 FLAG_ZERO: True FLAG_LT: 0 FLAG_GT: 0
INPUT_PORT:  []
OUT_PORT:  []
DATA_MEM:  [678, 315]
---------------------------------------
DEBUG    root:machine.py:309 ST 4
TICK: 32849 PC:  16 ADDR:   1 MEM_OUT: 315 ACC: 316 BUFF: 678 DC: 0 FLAG_ZERO: True FLAG_LT: 0 FLAG_GT: 0
INPUT_PORT:  []
OUT_PORT:  []
DATA_MEM:  [678, 315]
---------------------------------------
DEBUG    root:machine.py:309 JMP 0
TICK: 32853 PC:  17 ADDR:   1 MEM_OUT: 316 ACC: 316 BUFF: 678 DC: 0 FLAG_ZERO: True FLAG_LT: 0 FLAG_GT: 0
INPUT_PORT:  []
OUT_PORT:  []
DATA_MEM:  [678, 316]
---------------------------------------
DEBUG    root:machine.py:309 LD 0
TICK: 32856 PC:   0 ADDR:   1 MEM_OUT: 316 ACC: 316 BUFF: 678 DC: 0 FLAG_ZERO: True FLAG_LT: 0 FLAG_GT: 0
INPUT_PORT:  []
OUT_PORT:  []
DATA_MEM:  [678, 316]
---------------------------------------
DEBUG    root:machine.py:309 INC 
TICK: 32860 PC:   1 ADDR:   0 MEM_OUT: 678 ACC: 678 BUFF: 678 DC: 0 FLAG_ZERO: True FLAG_LT: 0 FLAG_GT: 0
INPUT_PORT:  []
OUT_PORT:  []
DATA_MEM:  [678, 316]
---------------------------------------
DEBUG    root:machine.py:309 ST 0
TICK: 32863 PC:   2 ADDR:   0 MEM_OUT: 678 ACC: 679 BUFF: 678 DC: 0 FLAG_ZERO: True FLAG_LT: 0 FLAG_GT: 0
INPUT_PORT:  []
OUT_PORT:  []
DATA_MEM:  [678, 316]
---------------------------------------
DEBUG    root:machine.py:309 CMP 1000
TICK: 32867 PC:   3 ADDR:   0 MEM_OUT: 679 ACC: 679 BUFF: 678 DC: 0 FLAG_ZERO: True FLAG_LT: 0 FLAG_GT: 0
INPUT_PORT:  []
OUT_PORT:  []
DATA_MEM:  [679, 316]
---------------------------------------
DEBUG    root:machine.py:309 JGE 22
TICK: 32870 PC:   4 ADDR:   0 MEM_OUT: 679 ACC: 679 BUFF: 678 DC: 0 FLAG_ZERO: False FLAG_LT: 1 FLAG_GT: 0
INPUT_PORT:  []
OUT_PORT:  []
DATA_MEM:  [679, 316]
---------------------------------------
DEBUG    root:machine.py:309 LD 0
TICK: 32873 PC:   5 ADDR:   0 MEM_OUT: 679 ACC: 679 BUFF: 678 DC: 0 FLAG_ZERO: False FLAG_LT: 1 FLAG_GT: 0
INPUT_PORT:  []
OUT_PORT:  []
DATA_MEM:  [679, 316]
---------------------------------------
DEBUG    root:machine.py:309 MOD 3
TICK: 32877 PC:   6 ADDR:   0 MEM_OUT: 679 ACC: 679 BUFF: 678 DC: 0 FLAG_ZERO: False FLAG_LT: 1 FLAG_GT: 0
INPUT_PORT:  []
OUT_PORT:  []
DATA_MEM:  [679, 316]
---------------------------------------
DEBUG    root:machine.py:309 CMP 0
TICK: 32881 PC:   7 ADDR:   0 MEM_OUT: 679 ACC: 1 BUFF: 679 DC: 0 FLAG_ZERO: False FLAG_LT: 1 FLAG_GT: 0
INPUT_PORT:  []
OUT_PORT:  []
DATA_MEM:  [679, 316]
---------------------------------------
DEBUG    root:machine.py:309 JE 14
TICK: 32884 PC:   8 ADDR:   0 MEM_OUT: 679 ACC: 1 BUFF: 679 DC: 0 FLAG_ZERO: False FLAG_LT: 0 FLAG_GT: 1
INPUT_PORT:  []
OUT_PORT:  []
DATA_MEM:  [679, 316]
---------------------------------------
DEBUG    root:machine.py:309 LD 0
TICK: 32887 PC:   9 ADDR:   0 MEM_OUT: 679 ACC: 1 BUFF: 679 DC: 0 FLAG_ZERO: False FLAG_LT: 0 FLAG_GT: 1
INPUT_PORT:  []
OUT_PORT:  []
DATA_MEM:  [679, 316]
---------------------------------------
DEBUG    root:machine.py:309 MOD 5
TICK: 32891 PC:  10 ADDR:   0 MEM_OUT: 679 ACC: 679 BUFF: 679 DC: 0 FLAG_ZERO: False FLAG_LT: 0 FLAG_GT: 1
INPUT_PORT:  []
OUT_PORT:  []
DATA_MEM:  [679, 316]
---------------------------------------
DEBUG    root:machine.py:309 CMP 0
TICK: 32895 PC:  11 ADDR:   0 MEM_OUT: 679 ACC: 4 BUFF: 679 DC: 0 FLAG_ZERO: False FLAG_LT: 0 FLAG_GT: 1
INPUT_PORT:  []
OUT_PORT:  []
DATA_MEM:  [679, 316]
---------------------------------------
DEBUG    root:machine.py:309 JE 18
TICK: 32898 PC:  12 ADDR:   0 MEM_OUT: 679 ACC: 4 BUFF: 679 DC: 0 FLAG_ZERO: False FLAG_LT: 0 FLAG_GT: 1
INPUT_PORT:  []
OUT_PORT:  []
DATA_MEM:  [679, 316]
---------------------------------------
DEBUG    root:machine.py:309 JMP 0
TICK: 32901 PC:  13 ADDR:   0 MEM_OUT: 679 ACC: 4 BUFF: 679 DC: 0 FLAG_ZERO: False FLAG_LT: 0 FLAG_GT: 1
INPUT_PORT:  []
OUT_PORT:  []
DATA_MEM:  [679, 316]
---------------------------------------
DEBUG    root:machine.py:309 LD 0
TICK: 32904 PC:   0 ADDR:   0 MEM_OUT: 679 ACC: 4 BUFF: 679 DC: 0 FLAG_ZERO: False FLAG_LT: 0 FLAG_GT: 1
INPUT_PORT:  []
OUT_PORT:  []
DATA_MEM:  [679, 316]
---------------------------------------
DEBUG    root:machine.py:309 INC 
TICK: 32908 PC:   1 ADDR:   0 MEM_OUT: 679 ACC: 679 BUFF: 679 DC: 0 FLAG_ZERO: False FLAG_LT: 0 FLAG_GT: 1
INPUT_PORT:  []
OUT_PORT:  []
DATA_MEM:  [679, 316]
---------------------------------------
DEBUG    root:machine.py:309 ST 0
TICK: 32911 PC:   2 ADDR:   0 MEM_OUT: 679 ACC: 680 BUFF: 679 DC: 0 FLAG_ZERO: False FLAG_LT: 0 FLAG_GT: 1
INPUT_PORT:  []
OUT_PORT:  []
DATA_MEM:  [679, 316]
---------------------------------------
DEBUG    root:machine.py:309 CMP 1000
TICK: 32915 PC:   3 ADDR:   0 MEM_OUT: 680 ACC: 680 BUFF: 679 DC: 0 FLAG_ZERO: False FLAG_LT: 0 FLAG_GT: 1
INPUT_PORT:  []
OUT_PORT:  []
DATA_MEM:  [680, 316]
---------------------------------------
DEBUG    root:machine.py:309 JGE 22
TICK: 32918 PC:   4 ADDR:   0 MEM_OUT: 680 ACC: 680 BUFF: 679 DC: 0 FLAG_ZERO: False FLAG_LT: 1 FLAG_GT: 0
INPUT_PORT:  []
OUT_PORT:  []
DATA_MEM:  [680, 316]
---------------------------------------
DEBUG    root:machine.py:309 LD 0
TICK: 32921 PC:   5 ADDR:   0 MEM_OUT: 680 ACC: 680 BUFF: 679 DC: 0 FLAG_ZERO: False FLAG_LT: 1 FLAG_GT: 0
INPUT_PORT:  []
OUT_PORT:  []
DATA_MEM:  [680, 316]
---------------------------------------
DEBUG    root:machine.py:309 MOD 3
TICK: 32925 PC:   6 ADDR:   0 MEM_OUT: 680 ACC: 680 BUFF: 679 DC: 0 FLAG_ZERO: False FLAG_LT: 1 FLAG_GT: 0
INPUT_PORT:  []
OUT_PORT:  []
DATA_MEM:  [680, 316]
---------------------------------------
DEBUG    root:machine.py:309 CMP 0
TICK: 32929 PC:   7 ADDR:   0 MEM_OUT: 680 ACC: 2 BUFF: 680 DC: 0 FLAG_ZERO: False FLAG_LT: 1 FLAG_GT: 0
INPUT_PORT:  []
OUT_PORT:  []
DATA_MEM:  [680, 316]
---------------------------------------
DEBUG    root:machine.py:309 JE 14
TICK: 32932 PC:   8 ADDR:   0 MEM_OUT: 680 ACC: 2 BUFF: 680 DC: 0 FLAG_ZERO: False FLAG_LT: 0 FLAG_GT: 1
INPUT_PORT:  []
OUT_PORT:  []
DATA_MEM:  [680, 316]
---------------------------------------
DEBUG    root:machine.py:309 LD 0
TICK: 32935 PC:   9 ADDR:   0 MEM_OUT: 680 ACC: 2 BUFF: 680 DC: 0 FLAG_ZERO: False FLAG_LT: 0 FLAG_GT: 1
INPUT_PORT:  []
OUT_PORT:  []
DATA_MEM:  [680, 316]
---------------------------------------
DEBUG    root:machine.py:309 MOD 5
TICK: 32939 PC:  10 ADDR:   0 MEM_OUT: 680 ACC: 680 BUFF: 680 DC: 0 FLAG_ZERO: False FLAG_LT: 0 FLAG_GT: 1
INPUT_PORT:  []
OUT_PORT:  []
DATA_MEM:  [680, 316]
---------------------------------------
DEBUG    root:machine.py:309 CMP 0
TICK: 32943 PC:  11 ADDR:   0 MEM_OUT: 680 ACC: 0 BUFF: 680 DC: 0 FLAG_ZERO: False FLAG_LT: 0 FLAG_GT: 1
INPUT_PORT:  []
OUT_PORT:  []
DATA_MEM:  [680, 316]
---------------------------------------
DEBUG    root:machine.py:309 JE 18
TICK: 32946 PC:  12 ADDR:   0 MEM_OUT: 680 ACC: 0 BUFF: 680 DC: 0 FLAG_ZERO: True FLAG_LT: 0 FLAG_GT: 0
INPUT_PORT:  []
OUT_PORT:  []
DATA_MEM:  [680, 316]
---------------------------------------
DEBUG    root:machine.py:309 LD 4
TICK: 32949 PC:  18 ADDR:   0 MEM_OUT: 680 ACC: 0 BUFF: 680 DC: 0 FLAG_ZERO: True FLAG_LT: 0 FLAG_GT: 0
INPUT_PORT:  []
OUT_PORT:  []
DATA_MEM:  [680, 316]
---------------------------------------
DEBUG    root:machine.py:309 INC 
TICK: 32953 PC:  19 ADDR:   1 MEM_OUT: 316 ACC: 316 BUFF: 680 DC: 0 FLAG_ZERO: True FLAG_LT: 0 FLAG_GT: 0
INPUT_PORT:  []
OUT_PORT:  []
DATA_MEM:  [680, 316]
---------------------------------------
DEBUG    root:machine.py:309 ST 4
TICK: 32956 PC:  20 ADDR:   1 MEM_OUT: 316 ACC: 317 BUFF: 680 DC: 0 FLAG_ZERO: True FLAG_LT: 0 FLAG_GT: 0
INPUT_PORT:  []
OUT_PORT:  []
DATA_MEM:  [680, 316]
---------------------------------------
DEBUG    root:machine.py:309 JMP 0
TICK: 32960 PC:  21 ADDR:   1 MEM_OUT: 317 ACC: 317 BUFF: 680 DC: 0 FLAG_ZERO: True FLAG_LT: 0 FLAG_GT: 0
INPUT_PORT:  []
OUT_PORT:  []
DATA_MEM:  [680, 317]
---------------------------------------
DEBUG    root:machine.py:309 LD 0
TICK: 32963 PC:   0 ADDR:   1 MEM_OUT: 317 ACC: 317 BUFF: 680 DC: 0 FLAG_ZERO: True FLAG_LT: 0 FLAG_GT: 0
INPUT_PORT:  []
OUT_PORT:  []
DATA_MEM:  [680, 317]
---------------------------------------
DEBUG    root:machine.py:309 INC 
TICK: 32967 PC:   1 ADDR:   0 MEM_OUT: 680 ACC: 680 BUFF: 680 DC: 0 FLAG_ZERO: True FLAG_LT: 0 FLAG_GT: 0
INPUT_PORT:  []
OUT_PORT:  []
DATA_MEM:  [680, 317]
---------------------------------------
DEBUG    root:machine.py:309 ST 0
TICK: 32970 PC:   2 ADDR:   0 MEM_OUT: 680 ACC: 681 BUFF: 680 DC: 0 FLAG_ZERO: True FLAG_LT: 0 FLAG_GT: 0
INPUT_PORT:  []
OUT_PORT:  []
DATA_MEM:  [680, 317]
---------------------------------------
DEBUG    root:machine.py:309 CMP 1000
TICK: 32974 PC:   3 ADDR:   0 MEM_OUT: 681 ACC: 681 BUFF: 680 DC: 0 FLAG_ZERO: True FLAG_LT: 0 FLAG_GT: 0
INPUT_PORT:  []
OUT_PORT:  []
DATA_MEM:  [681, 317]
---------------------------------------
DEBUG    root:machine.py:309 JGE 22
TICK: 32977 PC:   4 ADDR:   0 MEM_OUT: 681 ACC: 681 BUFF: 680 DC: 0 FLAG_ZERO: False FLAG_LT: 1 FLAG_GT: 0
INPUT_PORT:  []
OUT_PORT:  []
DATA_MEM:  [681, 317]
---------------------------------------
DEBUG    root:machine.py:309 LD 0
TICK: 32980 PC:   5 ADDR:   0 MEM_OUT: 681 ACC: 681 BUFF: 680 DC: 0 FLAG_ZERO: False FLAG_LT: 1 FLAG_GT: 0
INPUT_PORT:  []
OUT_PORT:  []
DATA_MEM:  [681, 317]
---------------------------------------
DEBUG    root:machine.py:309 MOD 3
TICK: 32984 PC:   6 ADDR:   0 MEM_OUT: 681 ACC: 681 BUFF: 680 DC: 0 FLAG_ZERO: False FLAG_LT: 1 FLAG_GT: 0
INPUT_PORT:  []
OUT_PORT:  []
DATA_MEM:  [681, 317]
---------------------------------------
DEBUG    root:machine.py:309 CMP 0
TICK: 32988 PC:   7 ADDR:   0 MEM_OUT: 681 ACC: 0 BUFF: 681 DC: 0 FLAG_ZERO: False FLAG_LT: 1 FLAG_GT: 0
INPUT_PORT:  []
OUT_PORT:  []
DATA_MEM:  [681, 317]
---------------------------------------
DEBUG    root:machine.py:309 JE 14
TICK: 32991 PC:   8 ADDR:   0 MEM_OUT: 681 ACC: 0 BUFF: 681 DC: 0 FLAG_ZERO: True FLAG_LT: 0 FLAG_GT: 0
INPUT_PORT:  []
OUT_PORT:  []
DATA_MEM:  [681, 317]
---------------------------------------
DEBUG    root:machine.py:309 LD 4
TICK: 32994 PC:  14 ADDR:   0 MEM_OUT: 681 ACC: 0 BUFF: 681 DC: 0 FLAG_ZERO: True FLAG_LT: 0 FLAG_GT: 0
INPUT_PORT:  []
OUT_PORT:  []
DATA_MEM:  [681, 317]
---------------------------------------
DEBUG    root:machine.py:309 INC 
TICK: 32998 PC:  15 ADDR:   1 MEM_OUT: 317 ACC: 317 BUFF: 681 DC: 0 FLAG_ZERO: True FLAG_LT: 0 FLAG_GT: 0
INPUT_PORT:  []
OUT_PORT:  []
DATA_MEM:  [681, 317]
---------------------------------------
DEBUG    root:machine.py:309 ST 4
TICK: 33001 PC:  16 ADDR:   1 MEM_OUT: 317 ACC: 318 BUFF: 681 DC: 0 FLAG_ZERO: True FLAG_LT: 0 FLAG_GT: 0
INPUT_PORT:  []
OUT_PORT:  []
DATA_MEM:  [681, 317]
---------------------------------------
DEBUG    root:machine.py:309 JMP 0
TICK: 33005 PC:  17 ADDR:   1 MEM_OUT: 318 ACC: 318 BUFF: 681 DC: 0 FLAG_ZERO: True FLAG_LT: 0 FLAG_GT: 0
INPUT_PORT:  []
OUT_PORT:  []
DATA_MEM:  [681, 318]
---------------------------------------
DEBUG    root:machine.py:309 LD 0
TICK: 33008 PC:   0 ADDR:   1 MEM_OUT: 318 ACC: 318 BUFF: 681 DC: 0 FLAG_ZERO: True FLAG_LT: 0 FLAG_GT: 0
INPUT_PORT:  []
OUT_PORT:  []
DATA_MEM:  [681, 318]
---------------------------------------
DEBUG    root:machine.py:309 INC 
TICK: 33012 PC:   1 ADDR:   0 MEM_OUT: 681 ACC: 681 BUFF: 681 DC: 0 FLAG_ZERO: True FLAG_LT: 0 FLAG_GT: 0
INPUT_PORT:  []
OUT_PORT:  []
DATA_MEM:  [681, 318]
---------------------------------------
DEBUG    root:machine.py:309 ST 0
TICK: 33015 PC:   2 ADDR:   0 MEM_OUT: 681 ACC: 682 BUFF: 681 DC: 0 FLAG_ZERO: True FLAG_LT: 0 FLAG_GT: 0
INPUT_PORT:  []
OUT_PORT:  []
DATA_MEM:  [681, 318]
---------------------------------------
DEBUG    root:machine.py:309 CMP 1000
TICK: 33019 PC:   3 ADDR:   0 MEM_OUT: 682 ACC: 682 BUFF: 681 DC: 0 FLAG_ZERO: True FLAG_LT: 0 FLAG_GT: 0
INPUT_PORT:  []
OUT_PORT:  []
DATA_MEM:  [682, 318]
---------------------------------------
DEBUG    root:machine.py:309 JGE 22
TICK: 33022 PC:   4 ADDR:   0 MEM_OUT: 682 ACC: 682 BUFF: 681 DC: 0 FLAG_ZERO: False FLAG_LT: 1 FLAG_GT: 0
INPUT_PORT:  []
OUT_PORT:  []
DATA_MEM:  [682, 318]
---------------------------------------
DEBUG    root:machine.py:309 LD 0
TICK: 33025 PC:   5 ADDR:   0 MEM_OUT: 682 ACC: 682 BUFF: 681 DC: 0 FLAG_ZERO: False FLAG_LT: 1 FLAG_GT: 0
INPUT_PORT:  []
OUT_PORT:  []
DATA_MEM:  [682, 318]
---------------------------------------
DEBUG    root:machine.py:309 MOD 3
TICK: 33029 PC:   6 ADDR:   0 MEM_OUT: 682 ACC: 682 BUFF: 681 DC: 0 FLAG_ZERO: False FLAG_LT: 1 FLAG_GT: 0
INPUT_PORT:  []
OUT_PORT:  []
DATA_MEM:  [682, 318]
---------------------------------------
DEBUG    root:machine.py:309 CMP 0
TICK: 33033 PC:   7 ADDR:   0 MEM_OUT: 682 ACC: 1 BUFF: 682 DC: 0 FLAG_ZERO: False FLAG_LT: 1 FLAG_GT: 0
INPUT_PORT:  []
OUT_PORT:  []
DATA_MEM:  [682, 318]
---------------------------------------
DEBUG    root:machine.py:309 JE 14
TICK: 33036 PC:   8 ADDR:   0 MEM_OUT: 682 ACC: 1 BUFF: 682 DC: 0 FLAG_ZERO: False FLAG_LT: 0 FLAG_GT: 1
INPUT_PORT:  []
OUT_PORT:  []
DATA_MEM:  [682, 318]
---------------------------------------
DEBUG    root:machine.py:309 LD 0
TICK: 33039 PC:   9 ADDR:   0 MEM_OUT: 682 ACC: 1 BUFF: 682 DC: 0 FLAG_ZERO: False FLAG_LT: 0 FLAG_GT: 1
INPUT_PORT:  []
OUT_PORT:  []
DATA_MEM:  [682, 318]
---------------------------------------
DEBUG    root:machine.py:309 MOD 5
TICK: 33043 PC:  10 ADDR:   0 MEM_OUT: 682 ACC: 682 BUFF: 682 DC: 0 FLAG_ZERO: False FLAG_LT: 0 FLAG_GT: 1
INPUT_PORT:  []
OUT_PORT:  []
DATA_MEM:  [682, 318]
---------------------------------------
DEBUG    root:machine.py:309 CMP 0
TICK: 33047 PC:  11 ADDR:   0 MEM_OUT: 682 ACC: 2 BUFF: 682 DC: 0 FLAG_ZERO: False FLAG_LT: 0 FLAG_GT: 1
INPUT_PORT:  []
OUT_PORT:  []
DATA_MEM:  [682, 318]
---------------------------------------
DEBUG    root:machine.py:309 JE 18
TICK: 33050 PC:  12 ADDR:   0 MEM_OUT: 682 ACC: 2 BUFF: 682 DC: 0 FLAG_ZERO: False FLAG_LT: 0 FLAG_GT: 1
INPUT_PORT:  []
OUT_PORT:  []
DATA_MEM:  [682, 318]
---------------------------------------
DEBUG    root:machine.py:309 JMP 0
TICK: 33053 PC:  13 ADDR:   0 MEM_OUT: 682 ACC: 2 BUFF: 682 DC: 0 FLAG_ZERO: False FLAG_LT: 0 FLAG_GT: 1
INPUT_PORT:  []
OUT_PORT:  []
DATA_MEM:  [682, 318]
---------------------------------------
DEBUG    root:machine.py:309 LD 0
TICK: 33056 PC:   0 ADDR:   0 MEM_OUT: 682 ACC: 2 BUFF: 682 DC: 0 FLAG_ZERO: False FLAG_LT: 0 FLAG_GT: 1
INPUT_PORT:  []
OUT_PORT:  []
DATA_MEM:  [682, 318]
---------------------------------------
DEBUG    root:machine.py:309 INC 
TICK: 33060 PC:   1 ADDR:   0 MEM_OUT: 682 ACC: 682 BUFF: 682 DC: 0 FLAG_ZERO: False FLAG_LT: 0 FLAG_GT: 1
INPUT_PORT:  []
OUT_PORT:  []
DATA_MEM:  [682, 318]
---------------------------------------
DEBUG    root:machine.py:309 ST 0
TICK: 33063 PC:   2 ADDR:   0 MEM_OUT: 682 ACC: 683 BUFF: 682 DC: 0 FLAG_ZERO: False FLAG_LT: 0 FLAG_GT: 1
INPUT_PORT:  []
OUT_PORT:  []
DATA_MEM:  [682, 318]
---------------------------------------
DEBUG    root:machine.py:309 CMP 1000
TICK: 33067 PC:   3 ADDR:   0 MEM_OUT: 683 ACC: 683 BUFF: 682 DC: 0 FLAG_ZERO: False FLAG_LT: 0 FLAG_GT: 1
INPUT_PORT:  []
OUT_PORT:  []
DATA_MEM:  [683, 318]
---------------------------------------
DEBUG    root:machine.py:309 JGE 22
TICK: 33070 PC:   4 ADDR:   0 MEM_OUT: 683 ACC: 683 BUFF: 682 DC: 0 FLAG_ZERO: False FLAG_LT: 1 FLAG_GT: 0
INPUT_PORT:  []
OUT_PORT:  []
DATA_MEM:  [683, 318]
---------------------------------------
DEBUG    root:machine.py:309 LD 0
TICK: 33073 PC:   5 ADDR:   0 MEM_OUT: 683 ACC: 683 BUFF: 682 DC: 0 FLAG_ZERO: False FLAG_LT: 1 FLAG_GT: 0
INPUT_PORT:  []
OUT_PORT:  []
DATA_MEM:  [683, 318]
---------------------------------------
DEBUG    root:machine.py:309 MOD 3
TICK: 33077 PC:   6 ADDR:   0 MEM_OUT: 683 ACC: 683 BUFF: 682 DC: 0 FLAG_ZERO: False FLAG_LT: 1 FLAG_GT: 0
INPUT_PORT:  []
OUT_PORT:  []
DATA_MEM:  [683, 318]
---------------------------------------
DEBUG    root:machine.py:309 CMP 0
TICK: 33081 PC:   7 ADDR:   0 MEM_OUT: 683 ACC: 2 BUFF: 683 DC: 0 FLAG_ZERO: False FLAG_LT: 1 FLAG_GT: 0
INPUT_PORT:  []
OUT_PORT:  []
DATA_MEM:  [683, 318]
---------------------------------------
DEBUG    root:machine.py:309 JE 14
TICK: 33084 PC:   8 ADDR:   0 MEM_OUT: 683 ACC: 2 BUFF: 683 DC: 0 FLAG_ZERO: False FLAG_LT: 0 FLAG_GT: 1
INPUT_PORT:  []
OUT_PORT:  []
DATA_MEM:  [683, 318]
---------------------------------------
DEBUG    root:machine.py:309 LD 0
TICK: 33087 PC:   9 ADDR:   0 MEM_OUT: 683 ACC: 2 BUFF: 683 DC: 0 FLAG_ZERO: False FLAG_LT: 0 FLAG_GT: 1
INPUT_PORT:  []
OUT_PORT:  []
DATA_MEM:  [683, 318]
---------------------------------------
DEBUG    root:machine.py:309 MOD 5
TICK: 33091 PC:  10 ADDR:   0 MEM_OUT: 683 ACC: 683 BUFF: 683 DC: 0 FLAG_ZERO: False FLAG_LT: 0 FLAG_GT: 1
INPUT_PORT:  []
OUT_PORT:  []
DATA_MEM:  [683, 318]
---------------------------------------
DEBUG    root:machine.py:309 CMP 0
TICK: 33095 PC:  11 ADDR:   0 MEM_OUT: 683 ACC: 3 BUFF: 683 DC: 0 FLAG_ZERO: False FLAG_LT: 0 FLAG_GT: 1
INPUT_PORT:  []
OUT_PORT:  []
DATA_MEM:  [683, 318]
---------------------------------------
DEBUG    root:machine.py:309 JE 18
TICK: 33098 PC:  12 ADDR:   0 MEM_OUT: 683 ACC: 3 BUFF: 683 DC: 0 FLAG_ZERO: False FLAG_LT: 0 FLAG_GT: 1
INPUT_PORT:  []
OUT_PORT:  []
DATA_MEM:  [683, 318]
---------------------------------------
DEBUG    root:machine.py:309 JMP 0
TICK: 33101 PC:  13 ADDR:   0 MEM_OUT: 683 ACC: 3 BUFF: 683 DC: 0 FLAG_ZERO: False FLAG_LT: 0 FLAG_GT: 1
INPUT_PORT:  []
OUT_PORT:  []
DATA_MEM:  [683, 318]
---------------------------------------
DEBUG    root:machine.py:309 LD 0
TICK: 33104 PC:   0 ADDR:   0 MEM_OUT: 683 ACC: 3 BUFF: 683 DC: 0 FLAG_ZERO: False FLAG_LT: 0 FLAG_GT: 1
INPUT_PORT:  []
OUT_PORT:  []
DATA_MEM:  [683, 318]
---------------------------------------
DEBUG    root:machine.py:309 INC 
TICK: 33108 PC:   1 ADDR:   0 MEM_OUT: 683 ACC: 683 BUFF: 683 DC: 0 FLAG_ZERO: False FLAG_LT: 0 FLAG_GT: 1
INPUT_PORT:  []
OUT_PORT:  []
DATA_MEM:  [683, 318]
---------------------------------------
DEBUG    root:machine.py:309 ST 0
TICK: 33111 PC:   2 ADDR:   0 MEM_OUT: 683 ACC: 684 BUFF: 683 DC: 0 FLAG_ZERO: False FLAG_LT: 0 FLAG_GT: 1
INPUT_PORT:  []
OUT_PORT:  []
DATA_MEM:  [683, 318]
---------------------------------------
DEBUG    root:machine.py:309 CMP 1000
TICK: 33115 PC:   3 ADDR:   0 MEM_OUT: 684 ACC: 684 BUFF: 683 DC: 0 FLAG_ZERO: False FLAG_LT: 0 FLAG_GT: 1
INPUT_PORT:  []
OUT_PORT:  []
DATA_MEM:  [684, 318]
---------------------------------------
DEBUG    root:machine.py:309 JGE 22
TICK: 33118 PC:   4 ADDR:   0 MEM_OUT: 684 ACC: 684 BUFF: 683 DC: 0 FLAG_ZERO: False FLAG_LT: 1 FLAG_GT: 0
INPUT_PORT:  []
OUT_PORT:  []
DATA_MEM:  [684, 318]
---------------------------------------
DEBUG    root:machine.py:309 LD 0
TICK: 33121 PC:   5 ADDR:   0 MEM_OUT: 684 ACC: 684 BUFF: 683 DC: 0 FLAG_ZERO: False FLAG_LT: 1 FLAG_GT: 0
INPUT_PORT:  []
OUT_PORT:  []
DATA_MEM:  [684, 318]
---------------------------------------
DEBUG    root:machine.py:309 MOD 3
TICK: 33125 PC:   6 ADDR:   0 MEM_OUT: 684 ACC: 684 BUFF: 683 DC: 0 FLAG_ZERO: False FLAG_LT: 1 FLAG_GT: 0
INPUT_PORT:  []
OUT_PORT:  []
DATA_MEM:  [684, 318]
---------------------------------------
DEBUG    root:machine.py:309 CMP 0
TICK: 33129 PC:   7 ADDR:   0 MEM_OUT: 684 ACC: 0 BUFF: 684 DC: 0 FLAG_ZERO: False FLAG_LT: 1 FLAG_GT: 0
INPUT_PORT:  []
OUT_PORT:  []
DATA_MEM:  [684, 318]
---------------------------------------
DEBUG    root:machine.py:309 JE 14
TICK: 33132 PC:   8 ADDR:   0 MEM_OUT: 684 ACC: 0 BUFF: 684 DC: 0 FLAG_ZERO: True FLAG_LT: 0 FLAG_GT: 0
INPUT_PORT:  []
OUT_PORT:  []
DATA_MEM:  [684, 318]
---------------------------------------
DEBUG    root:machine.py:309 LD 4
TICK: 33135 PC:  14 ADDR:   0 MEM_OUT: 684 ACC: 0 BUFF: 684 DC: 0 FLAG_ZERO: True FLAG_LT: 0 FLAG_GT: 0
INPUT_PORT:  []
OUT_PORT:  []
DATA_MEM:  [684, 318]
---------------------------------------
DEBUG    root:machine.py:309 INC 
TICK: 33139 PC:  15 ADDR:   1 MEM_OUT: 318 ACC: 318 BUFF: 684 DC: 0 FLAG_ZERO: True FLAG_LT: 0 FLAG_GT: 0
INPUT_PORT:  []
OUT_PORT:  []
DATA_MEM:  [684, 318]
---------------------------------------
DEBUG    root:machine.py:309 ST 4
TICK: 33142 PC:  16 ADDR:   1 MEM_OUT: 318 ACC: 319 BUFF: 684 DC: 0 FLAG_ZERO: True FLAG_LT: 0 FLAG_GT: 0
INPUT_PORT:  []
OUT_PORT:  []
DATA_MEM:  [684, 318]
---------------------------------------
DEBUG    root:machine.py:309 JMP 0
TICK: 33146 PC:  17 ADDR:   1 MEM_OUT: 319 ACC: 319 BUFF: 684 DC: 0 FLAG_ZERO: True FLAG_LT: 0 FLAG_GT: 0
INPUT_PORT:  []
OUT_PORT:  []
DATA_MEM:  [684, 319]
---------------------------------------
DEBUG    root:machine.py:309 LD 0
TICK: 33149 PC:   0 ADDR:   1 MEM_OUT: 319 ACC: 319 BUFF: 684 DC: 0 FLAG_ZERO: True FLAG_LT: 0 FLAG_GT: 0
INPUT_PORT:  []
OUT_PORT:  []
DATA_MEM:  [684, 319]
---------------------------------------
DEBUG    root:machine.py:309 INC 
TICK: 33153 PC:   1 ADDR:   0 MEM_OUT: 684 ACC: 684 BUFF: 684 DC: 0 FLAG_ZERO: True FLAG_LT: 0 FLAG_GT: 0
INPUT_PORT:  []
OUT_PORT:  []
DATA_MEM:  [684, 319]
---------------------------------------
DEBUG    root:machine.py:309 ST 0
TICK: 33156 PC:   2 ADDR:   0 MEM_OUT: 684 ACC: 685 BUFF: 684 DC: 0 FLAG_ZERO: True FLAG_LT: 0 FLAG_GT: 0
INPUT_PORT:  []
OUT_PORT:  []
DATA_MEM:  [684, 319]
---------------------------------------
DEBUG    root:machine.py:309 CMP 1000
TICK: 33160 PC:   3 ADDR:   0 MEM_OUT: 685 ACC: 685 BUFF: 684 DC: 0 FLAG_ZERO: True FLAG_LT: 0 FLAG_GT: 0
INPUT_PORT:  []
OUT_PORT:  []
DATA_MEM:  [685, 319]
---------------------------------------
DEBUG    root:machine.py:309 JGE 22
TICK: 33163 PC:   4 ADDR:   0 MEM_OUT: 685 ACC: 685 BUFF: 684 DC: 0 FLAG_ZERO: False FLAG_LT: 1 FLAG_GT: 0
INPUT_PORT:  []
OUT_PORT:  []
DATA_MEM:  [685, 319]
---------------------------------------
DEBUG    root:machine.py:309 LD 0
TICK: 33166 PC:   5 ADDR:   0 MEM_OUT: 685 ACC: 685 BUFF: 684 DC: 0 FLAG_ZERO: False FLAG_LT: 1 FLAG_GT: 0
INPUT_PORT:  []
OUT_PORT:  []
DATA_MEM:  [685, 319]
---------------------------------------
DEBUG    root:machine.py:309 MOD 3
TICK: 33170 PC:   6 ADDR:   0 MEM_OUT: 685 ACC: 685 BUFF: 684 DC: 0 FLAG_ZERO: False FLAG_LT: 1 FLAG_GT: 0
INPUT_PORT:  []
OUT_PORT:  []
DATA_MEM:  [685, 319]
---------------------------------------
DEBUG    root:machine.py:309 CMP 0
TICK: 33174 PC:   7 ADDR:   0 MEM_OUT: 685 ACC: 1 BUFF: 685 DC: 0 FLAG_ZERO: False FLAG_LT: 1 FLAG_GT: 0
INPUT_PORT:  []
OUT_PORT:  []
DATA_MEM:  [685, 319]
---------------------------------------
DEBUG    root:machine.py:309 JE 14
TICK: 33177 PC:   8 ADDR:   0 MEM_OUT: 685 ACC: 1 BUFF: 685 DC: 0 FLAG_ZERO: False FLAG_LT: 0 FLAG_GT: 1
INPUT_PORT:  []
OUT_PORT:  []
DATA_MEM:  [685, 319]
---------------------------------------
DEBUG    root:machine.py:309 LD 0
TICK: 33180 PC:   9 ADDR:   0 MEM_OUT: 685 ACC: 1 BUFF: 685 DC: 0 FLAG_ZERO: False FLAG_LT: 0 FLAG_GT: 1
INPUT_PORT:  []
OUT_PORT:  []
DATA_MEM:  [685, 319]
---------------------------------------
DEBUG    root:machine.py:309 MOD 5
TICK: 33184 PC:  10 ADDR:   0 MEM_OUT: 685 ACC: 685 BUFF: 685 DC: 0 FLAG_ZERO: False FLAG_LT: 0 FLAG_GT: 1
INPUT_PORT:  []
OUT_PORT:  []
DATA_MEM:  [685, 319]
---------------------------------------
DEBUG    root:machine.py:309 CMP 0
TICK: 33188 PC:  11 ADDR:   0 MEM_OUT: 685 ACC: 0 BUFF: 685 DC: 0 FLAG_ZERO: False FLAG_LT: 0 FLAG_GT: 1
INPUT_PORT:  []
OUT_PORT:  []
DATA_MEM:  [685, 319]
---------------------------------------
DEBUG    root:machine.py:309 JE 18
TICK: 33191 PC:  12 ADDR:   0 MEM_OUT: 685 ACC: 0 BUFF: 685 DC: 0 FLAG_ZERO: True FLAG_LT: 0 FLAG_GT: 0
INPUT_PORT:  []
OUT_PORT:  []
DATA_MEM:  [685, 319]
---------------------------------------
DEBUG    root:machine.py:309 LD 4
TICK: 33194 PC:  18 ADDR:   0 MEM_OUT: 685 ACC: 0 BUFF: 685 DC: 0 FLAG_ZERO: True FLAG_LT: 0 FLAG_GT: 0
INPUT_PORT:  []
OUT_PORT:  []
DATA_MEM:  [685, 319]
---------------------------------------
DEBUG    root:machine.py:309 INC 
TICK: 33198 PC:  19 ADDR:   1 MEM_OUT: 319 ACC: 319 BUFF: 685 DC: 0 FLAG_ZERO: True FLAG_LT: 0 FLAG_GT: 0
INPUT_PORT:  []
OUT_PORT:  []
DATA_MEM:  [685, 319]
---------------------------------------
DEBUG    root:machine.py:309 ST 4
TICK: 33201 PC:  20 ADDR:   1 MEM_OUT: 319 ACC: 320 BUFF: 685 DC: 0 FLAG_ZERO: True FLAG_LT: 0 FLAG_GT: 0
INPUT_PORT:  []
OUT_PORT:  []
DATA_MEM:  [685, 319]
---------------------------------------
DEBUG    root:machine.py:309 JMP 0
TICK: 33205 PC:  21 ADDR:   1 MEM_OUT: 320 ACC: 320 BUFF: 685 DC: 0 FLAG_ZERO: True FLAG_LT: 0 FLAG_GT: 0
INPUT_PORT:  []
OUT_PORT:  []
DATA_MEM:  [685, 320]
---------------------------------------
DEBUG    root:machine.py:309 LD 0
TICK: 33208 PC:   0 ADDR:   1 MEM_OUT: 320 ACC: 320 BUFF: 685 DC: 0 FLAG_ZERO: True FLAG_LT: 0 FLAG_GT: 0
INPUT_PORT:  []
OUT_PORT:  []
DATA_MEM:  [685, 320]
---------------------------------------
DEBUG    root:machine.py:309 INC 
TICK: 33212 PC:   1 ADDR:   0 MEM_OUT: 685 ACC: 685 BUFF: 685 DC: 0 FLAG_ZERO: True FLAG_LT: 0 FLAG_GT: 0
INPUT_PORT:  []
OUT_PORT:  []
DATA_MEM:  [685, 320]
---------------------------------------
DEBUG    root:machine.py:309 ST 0
TICK: 33215 PC:   2 ADDR:   0 MEM_OUT: 685 ACC: 686 BUFF: 685 DC: 0 FLAG_ZERO: True FLAG_LT: 0 FLAG_GT: 0
INPUT_PORT:  []
OUT_PORT:  []
DATA_MEM:  [685, 320]
---------------------------------------
DEBUG    root:machine.py:309 CMP 1000
TICK: 33219 PC:   3 ADDR:   0 MEM_OUT: 686 ACC: 686 BUFF: 685 DC: 0 FLAG_ZERO: True FLAG_LT: 0 FLAG_GT: 0
INPUT_PORT:  []
OUT_PORT:  []
DATA_MEM:  [686, 320]
---------------------------------------
DEBUG    root:machine.py:309 JGE 22
TICK: 33222 PC:   4 ADDR:   0 MEM_OUT: 686 ACC: 686 BUFF: 685 DC: 0 FLAG_ZERO: False FLAG_LT: 1 FLAG_GT: 0
INPUT_PORT:  []
OUT_PORT:  []
DATA_MEM:  [686, 320]
---------------------------------------
DEBUG    root:machine.py:309 LD 0
TICK: 33225 PC:   5 ADDR:   0 MEM_OUT: 686 ACC: 686 BUFF: 685 DC: 0 FLAG_ZERO: False FLAG_LT: 1 FLAG_GT: 0
INPUT_PORT:  []
OUT_PORT:  []
DATA_MEM:  [686, 320]
---------------------------------------
DEBUG    root:machine.py:309 MOD 3
TICK: 33229 PC:   6 ADDR:   0 MEM_OUT: 686 ACC: 686 BUFF: 685 DC: 0 FLAG_ZERO: False FLAG_LT: 1 FLAG_GT: 0
INPUT_PORT:  []
OUT_PORT:  []
DATA_MEM:  [686, 320]
---------------------------------------
DEBUG    root:machine.py:309 CMP 0
TICK: 33233 PC:   7 ADDR:   0 MEM_OUT: 686 ACC: 2 BUFF: 686 DC: 0 FLAG_ZERO: False FLAG_LT: 1 FLAG_GT: 0
INPUT_PORT:  []
OUT_PORT:  []
DATA_MEM:  [686, 320]
---------------------------------------
DEBUG    root:machine.py:309 JE 14
TICK: 33236 PC:   8 ADDR:   0 MEM_OUT: 686 ACC: 2 BUFF: 686 DC: 0 FLAG_ZERO: False FLAG_LT: 0 FLAG_GT: 1
INPUT_PORT:  []
OUT_PORT:  []
DATA_MEM:  [686, 320]
---------------------------------------
DEBUG    root:machine.py:309 LD 0
TICK: 33239 PC:   9 ADDR:   0 MEM_OUT: 686 ACC: 2 BUFF: 686 DC: 0 FLAG_ZERO: False FLAG_LT: 0 FLAG_GT: 1
INPUT_PORT:  []
OUT_PORT:  []
DATA_MEM:  [686, 320]
---------------------------------------
DEBUG    root:machine.py:309 MOD 5
TICK: 33243 PC:  10 ADDR:   0 MEM_OUT: 686 ACC: 686 BUFF: 686 DC: 0 FLAG_ZERO: False FLAG_LT: 0 FLAG_GT: 1
INPUT_PORT:  []
OUT_PORT:  []
DATA_MEM:  [686, 320]
---------------------------------------
DEBUG    root:machine.py:309 CMP 0
TICK: 33247 PC:  11 ADDR:   0 MEM_OUT: 686 ACC: 1 BUFF: 686 DC: 0 FLAG_ZERO: False FLAG_LT: 0 FLAG_GT: 1
INPUT_PORT:  []
OUT_PORT:  []
DATA_MEM:  [686, 320]
---------------------------------------
DEBUG    root:machine.py:309 JE 18
TICK: 33250 PC:  12 ADDR:   0 MEM_OUT: 686 ACC: 1 BUFF: 686 DC: 0 FLAG_ZERO: False FLAG_LT: 0 FLAG_GT: 1
INPUT_PORT:  []
OUT_PORT:  []
DATA_MEM:  [686, 320]
---------------------------------------
DEBUG    root:machine.py:309 JMP 0
TICK: 33253 PC:  13 ADDR:   0 MEM_OUT: 686 ACC: 1 BUFF: 686 DC: 0 FLAG_ZERO: False FLAG_LT: 0 FLAG_GT: 1
INPUT_PORT:  []
OUT_PORT:  []
DATA_MEM:  [686, 320]
---------------------------------------
DEBUG    root:machine.py:309 LD 0
TICK: 33256 PC:   0 ADDR:   0 MEM_OUT: 686 ACC: 1 BUFF: 686 DC: 0 FLAG_ZERO: False FLAG_LT: 0 FLAG_GT: 1
INPUT_PORT:  []
OUT_PORT:  []
DATA_MEM:  [686, 320]
---------------------------------------
DEBUG    root:machine.py:309 INC 
TICK: 33260 PC:   1 ADDR:   0 MEM_OUT: 686 ACC: 686 BUFF: 686 DC: 0 FLAG_ZERO: False FLAG_LT: 0 FLAG_GT: 1
INPUT_PORT:  []
OUT_PORT:  []
DATA_MEM:  [686, 320]
---------------------------------------
DEBUG    root:machine.py:309 ST 0
TICK: 33263 PC:   2 ADDR:   0 MEM_OUT: 686 ACC: 687 BUFF: 686 DC: 0 FLAG_ZERO: False FLAG_LT: 0 FLAG_GT: 1
INPUT_PORT:  []
OUT_PORT:  []
DATA_MEM:  [686, 320]
---------------------------------------
DEBUG    root:machine.py:309 CMP 1000
TICK: 33267 PC:   3 ADDR:   0 MEM_OUT: 687 ACC: 687 BUFF: 686 DC: 0 FLAG_ZERO: False FLAG_LT: 0 FLAG_GT: 1
INPUT_PORT:  []
OUT_PORT:  []
DATA_MEM:  [687, 320]
---------------------------------------
DEBUG    root:machine.py:309 JGE 22
TICK: 33270 PC:   4 ADDR:   0 MEM_OUT: 687 ACC: 687 BUFF: 686 DC: 0 FLAG_ZERO: False FLAG_LT: 1 FLAG_GT: 0
INPUT_PORT:  []
OUT_PORT:  []
DATA_MEM:  [687, 320]
---------------------------------------
DEBUG    root:machine.py:309 LD 0
TICK: 33273 PC:   5 ADDR:   0 MEM_OUT: 687 ACC: 687 BUFF: 686 DC: 0 FLAG_ZERO: False FLAG_LT: 1 FLAG_GT: 0
INPUT_PORT:  []
OUT_PORT:  []
DATA_MEM:  [687, 320]
---------------------------------------
DEBUG    root:machine.py:309 MOD 3
TICK: 33277 PC:   6 ADDR:   0 MEM_OUT: 687 ACC: 687 BUFF: 686 DC: 0 FLAG_ZERO: False FLAG_LT: 1 FLAG_GT: 0
INPUT_PORT:  []
OUT_PORT:  []
DATA_MEM:  [687, 320]
---------------------------------------
DEBUG    root:machine.py:309 CMP 0
TICK: 33281 PC:   7 ADDR:   0 MEM_OUT: 687 ACC: 0 BUFF: 687 DC: 0 FLAG_ZERO: False FLAG_LT: 1 FLAG_GT: 0
INPUT_PORT:  []
OUT_PORT:  []
DATA_MEM:  [687, 320]
---------------------------------------
DEBUG    root:machine.py:309 JE 14
TICK: 33284 PC:   8 ADDR:   0 MEM_OUT: 687 ACC: 0 BUFF: 687 DC: 0 FLAG_ZERO: True FLAG_LT: 0 FLAG_GT: 0
INPUT_PORT:  []
OUT_PORT:  []
DATA_MEM:  [687, 320]
---------------------------------------
DEBUG    root:machine.py:309 LD 4
TICK: 33287 PC:  14 ADDR:   0 MEM_OUT: 687 ACC: 0 BUFF: 687 DC: 0 FLAG_ZERO: True FLAG_LT: 0 FLAG_GT: 0
INPUT_PORT:  []
OUT_PORT:  []
DATA_MEM:  [687, 320]
---------------------------------------
DEBUG    root:machine.py:309 INC 
TICK: 33291 PC:  15 ADDR:   1 MEM_OUT: 320 ACC: 320 BUFF: 687 DC: 0 FLAG_ZERO: True FLAG_LT: 0 FLAG_GT: 0
INPUT_PORT:  []
OUT_PORT:  []
DATA_MEM:  [687, 320]
---------------------------------------
DEBUG    root:machine.py:309 ST 4
TICK: 33294 PC:  16 ADDR:   1 MEM_OUT: 320 ACC: 321 BUFF: 687 DC: 0 FLAG_ZERO: True FLAG_LT: 0 FLAG_GT: 0
INPUT_PORT:  []
OUT_PORT:  []
DATA_MEM:  [687, 320]
---------------------------------------
DEBUG    root:machine.py:309 JMP 0
TICK: 33298 PC:  17 ADDR:   1 MEM_OUT: 321 ACC: 321 BUFF: 687 DC: 0 FLAG_ZERO: True FLAG_LT: 0 FLAG_GT: 0
INPUT_PORT:  []
OUT_PORT:  []
DATA_MEM:  [687, 321]
---------------------------------------
DEBUG    root:machine.py:309 LD 0
TICK: 33301 PC:   0 ADDR:   1 MEM_OUT: 321 ACC: 321 BUFF: 687 DC: 0 FLAG_ZERO: True FLAG_LT: 0 FLAG_GT: 0
INPUT_PORT:  []
OUT_PORT:  []
DATA_MEM:  [687, 321]
---------------------------------------
DEBUG    root:machine.py:309 INC 
TICK: 33305 PC:   1 ADDR:   0 MEM_OUT: 687 ACC: 687 BUFF: 687 DC: 0 FLAG_ZERO: True FLAG_LT: 0 FLAG_GT: 0
INPUT_PORT:  []
OUT_PORT:  []
DATA_MEM:  [687, 321]
---------------------------------------
DEBUG    root:machine.py:309 ST 0
TICK: 33308 PC:   2 ADDR:   0 MEM_OUT: 687 ACC: 688 BUFF: 687 DC: 0 FLAG_ZERO: True FLAG_LT: 0 FLAG_GT: 0
INPUT_PORT:  []
OUT_PORT:  []
DATA_MEM:  [687, 321]
---------------------------------------
DEBUG    root:machine.py:309 CMP 1000
TICK: 33312 PC:   3 ADDR:   0 MEM_OUT: 688 ACC: 688 BUFF: 687 DC: 0 FLAG_ZERO: True FLAG_LT: 0 FLAG_GT: 0
INPUT_PORT:  []
OUT_PORT:  []
DATA_MEM:  [688, 321]
---------------------------------------
DEBUG    root:machine.py:309 JGE 22
TICK: 33315 PC:   4 ADDR:   0 MEM_OUT: 688 ACC: 688 BUFF: 687 DC: 0 FLAG_ZERO: False FLAG_LT: 1 FLAG_GT: 0
INPUT_PORT:  []
OUT_PORT:  []
DATA_MEM:  [688, 321]
---------------------------------------
DEBUG    root:machine.py:309 LD 0
TICK: 33318 PC:   5 ADDR:   0 MEM_OUT: 688 ACC: 688 BUFF: 687 DC: 0 FLAG_ZERO: False FLAG_LT: 1 FLAG_GT: 0
INPUT_PORT:  []
OUT_PORT:  []
DATA_MEM:  [688, 321]
---------------------------------------
DEBUG    root:machine.py:309 MOD 3
TICK: 33322 PC:   6 ADDR:   0 MEM_OUT: 688 ACC: 688 BUFF: 687 DC: 0 FLAG_ZERO: False FLAG_LT: 1 FLAG_GT: 0
INPUT_PORT:  []
OUT_PORT:  []
DATA_MEM:  [688, 321]
---------------------------------------
DEBUG    root:machine.py:309 CMP 0
TICK: 33326 PC:   7 ADDR:   0 MEM_OUT: 688 ACC: 1 BUFF: 688 DC: 0 FLAG_ZERO: False FLAG_LT: 1 FLAG_GT: 0
INPUT_PORT:  []
OUT_PORT:  []
DATA_MEM:  [688, 321]
---------------------------------------
DEBUG    root:machine.py:309 JE 14
TICK: 33329 PC:   8 ADDR:   0 MEM_OUT: 688 ACC: 1 BUFF: 688 DC: 0 FLAG_ZERO: False FLAG_LT: 0 FLAG_GT: 1
INPUT_PORT:  []
OUT_PORT:  []
DATA_MEM:  [688, 321]
---------------------------------------
DEBUG    root:machine.py:309 LD 0
TICK: 33332 PC:   9 ADDR:   0 MEM_OUT: 688 ACC: 1 BUFF: 688 DC: 0 FLAG_ZERO: False FLAG_LT: 0 FLAG_GT: 1
INPUT_PORT:  []
OUT_PORT:  []
DATA_MEM:  [688, 321]
---------------------------------------
DEBUG    root:machine.py:309 MOD 5
TICK: 33336 PC:  10 ADDR:   0 MEM_OUT: 688 ACC: 688 BUFF: 688 DC: 0 FLAG_ZERO: False FLAG_LT: 0 FLAG_GT: 1
INPUT_PORT:  []
OUT_PORT:  []
DATA_MEM:  [688, 321]
---------------------------------------
DEBUG    root:machine.py:309 CMP 0
TICK: 33340 PC:  11 ADDR:   0 MEM_OUT: 688 ACC: 3 BUFF: 688 DC: 0 FLAG_ZERO: False FLAG_LT: 0 FLAG_GT: 1
INPUT_PORT:  []
OUT_PORT:  []
DATA_MEM:  [688, 321]
---------------------------------------
DEBUG    root:machine.py:309 JE 18
TICK: 33343 PC:  12 ADDR:   0 MEM_OUT: 688 ACC: 3 BUFF: 688 DC: 0 FLAG_ZERO: False FLAG_LT: 0 FLAG_GT: 1
INPUT_PORT:  []
OUT_PORT:  []
DATA_MEM:  [688, 321]
---------------------------------------
DEBUG    root:machine.py:309 JMP 0
TICK: 33346 PC:  13 ADDR:   0 MEM_OUT: 688 ACC: 3 BUFF: 688 DC: 0 FLAG_ZERO: False FLAG_LT: 0 FLAG_GT: 1
INPUT_PORT:  []
OUT_PORT:  []
DATA_MEM:  [688, 321]
---------------------------------------
DEBUG    root:machine.py:309 LD 0
TICK: 33349 PC:   0 ADDR:   0 MEM_OUT: 688 ACC: 3 BUFF: 688 DC: 0 FLAG_ZERO: False FLAG_LT: 0 FLAG_GT: 1
INPUT_PORT:  []
OUT_PORT:  []
DATA_MEM:  [688, 321]
---------------------------------------
DEBUG    root:machine.py:309 INC 
TICK: 33353 PC:   1 ADDR:   0 MEM_OUT: 688 ACC: 688 BUFF: 688 DC: 0 FLAG_ZERO: False FLAG_LT: 0 FLAG_GT: 1
INPUT_PORT:  []
OUT_PORT:  []
DATA_MEM:  [688, 321]
---------------------------------------
DEBUG    root:machine.py:309 ST 0
TICK: 33356 PC:   2 ADDR:   0 MEM_OUT: 688 ACC: 689 BUFF: 688 DC: 0 FLAG_ZERO: False FLAG_LT: 0 FLAG_GT: 1
INPUT_PORT:  []
OUT_PORT:  []
DATA_MEM:  [688, 321]
---------------------------------------
DEBUG    root:machine.py:309 CMP 1000
TICK: 33360 PC:   3 ADDR:   0 MEM_OUT: 689 ACC: 689 BUFF: 688 DC: 0 FLAG_ZERO: False FLAG_LT: 0 FLAG_GT: 1
INPUT_PORT:  []
OUT_PORT:  []
DATA_MEM:  [689, 321]
---------------------------------------
DEBUG    root:machine.py:309 JGE 22
TICK: 33363 PC:   4 ADDR:   0 MEM_OUT: 689 ACC: 689 BUFF: 688 DC: 0 FLAG_ZERO: False FLAG_LT: 1 FLAG_GT: 0
INPUT_PORT:  []
OUT_PORT:  []
DATA_MEM:  [689, 321]
---------------------------------------
DEBUG    root:machine.py:309 LD 0
TICK: 33366 PC:   5 ADDR:   0 MEM_OUT: 689 ACC: 689 BUFF: 688 DC: 0 FLAG_ZERO: False FLAG_LT: 1 FLAG_GT: 0
INPUT_PORT:  []
OUT_PORT:  []
DATA_MEM:  [689, 321]
---------------------------------------
DEBUG    root:machine.py:309 MOD 3
TICK: 33370 PC:   6 ADDR:   0 MEM_OUT: 689 ACC: 689 BUFF: 688 DC: 0 FLAG_ZERO: False FLAG_LT: 1 FLAG_GT: 0
INPUT_PORT:  []
OUT_PORT:  []
DATA_MEM:  [689, 321]
---------------------------------------
DEBUG    root:machine.py:309 CMP 0
TICK: 33374 PC:   7 ADDR:   0 MEM_OUT: 689 ACC: 2 BUFF: 689 DC: 0 FLAG_ZERO: False FLAG_LT: 1 FLAG_GT: 0
INPUT_PORT:  []
OUT_PORT:  []
DATA_MEM:  [689, 321]
---------------------------------------
DEBUG    root:machine.py:309 JE 14
TICK: 33377 PC:   8 ADDR:   0 MEM_OUT: 689 ACC: 2 BUFF: 689 DC: 0 FLAG_ZERO: False FLAG_LT: 0 FLAG_GT: 1
INPUT_PORT:  []
OUT_PORT:  []
DATA_MEM:  [689, 321]
---------------------------------------
DEBUG    root:machine.py:309 LD 0
TICK: 33380 PC:   9 ADDR:   0 MEM_OUT: 689 ACC: 2 BUFF: 689 DC: 0 FLAG_ZERO: False FLAG_LT: 0 FLAG_GT: 1
INPUT_PORT:  []
OUT_PORT:  []
DATA_MEM:  [689, 321]
---------------------------------------
DEBUG    root:machine.py:309 MOD 5
TICK: 33384 PC:  10 ADDR:   0 MEM_OUT: 689 ACC: 689 BUFF: 689 DC: 0 FLAG_ZERO: False FLAG_LT: 0 FLAG_GT: 1
INPUT_PORT:  []
OUT_PORT:  []
DATA_MEM:  [689, 321]
---------------------------------------
DEBUG    root:machine.py:309 CMP 0
TICK: 33388 PC:  11 ADDR:   0 MEM_OUT: 689 ACC: 4 BUFF: 689 DC: 0 FLAG_ZERO: False FLAG_LT: 0 FLAG_GT: 1
INPUT_PORT:  []
OUT_PORT:  []
DATA_MEM:  [689, 321]
---------------------------------------
DEBUG    root:machine.py:309 JE 18
TICK: 33391 PC:  12 ADDR:   0 MEM_OUT: 689 ACC: 4 BUFF: 689 DC: 0 FLAG_ZERO: False FLAG_LT: 0 FLAG_GT: 1
INPUT_PORT:  []
OUT_PORT:  []
DATA_MEM:  [689, 321]
---------------------------------------
DEBUG    root:machine.py:309 JMP 0
TICK: 33394 PC:  13 ADDR:   0 MEM_OUT: 689 ACC: 4 BUFF: 689 DC: 0 FLAG_ZERO: False FLAG_LT: 0 FLAG_GT: 1
INPUT_PORT:  []
OUT_PORT:  []
DATA_MEM:  [689, 321]
---------------------------------------
DEBUG    root:machine.py:309 LD 0
TICK: 33397 PC:   0 ADDR:   0 MEM_OUT: 689 ACC: 4 BUFF: 689 DC: 0 FLAG_ZERO: False FLAG_LT: 0 FLAG_GT: 1
INPUT_PORT:  []
OUT_PORT:  []
DATA_MEM:  [689, 321]
---------------------------------------
DEBUG    root:machine.py:309 INC 
TICK: 33401 PC:   1 ADDR:   0 MEM_OUT: 689 ACC: 689 BUFF: 689 DC: 0 FLAG_ZERO: False FLAG_LT: 0 FLAG_GT: 1
INPUT_PORT:  []
OUT_PORT:  []
DATA_MEM:  [689, 321]
---------------------------------------
DEBUG    root:machine.py:309 ST 0
TICK: 33404 PC:   2 ADDR:   0 MEM_OUT: 689 ACC: 690 BUFF: 689 DC: 0 FLAG_ZERO: False FLAG_LT: 0 FLAG_GT: 1
INPUT_PORT:  []
OUT_PORT:  []
DATA_MEM:  [689, 321]
---------------------------------------
DEBUG    root:machine.py:309 CMP 1000
TICK: 33408 PC:   3 ADDR:   0 MEM_OUT: 690 ACC: 690 BUFF: 689 DC: 0 FLAG_ZERO: False FLAG_LT: 0 FLAG_GT: 1
INPUT_PORT:  []
OUT_PORT:  []
DATA_MEM:  [690, 321]
---------------------------------------
DEBUG    root:machine.py:309 JGE 22
TICK: 33411 PC:   4 ADDR:   0 MEM_OUT: 690 ACC: 690 BUFF: 689 DC: 0 FLAG_ZERO: False FLAG_LT: 1 FLAG_GT: 0
INPUT_PORT:  []
OUT_PORT:  []
DATA_MEM:  [690, 321]
---------------------------------------
DEBUG    root:machine.py:309 LD 0
TICK: 33414 PC:   5 ADDR:   0 MEM_OUT: 690 ACC: 690 BUFF: 689 DC: 0 FLAG_ZERO: False FLAG_LT: 1 FLAG_GT: 0
INPUT_PORT:  []
OUT_PORT:  []
DATA_MEM:  [690, 321]
---------------------------------------
DEBUG    root:machine.py:309 MOD 3
TICK: 33418 PC:   6 ADDR:   0 MEM_OUT: 690 ACC: 690 BUFF: 689 DC: 0 FLAG_ZERO: False FLAG_LT: 1 FLAG_GT: 0
INPUT_PORT:  []
OUT_PORT:  []
DATA_MEM:  [690, 321]
---------------------------------------
DEBUG    root:machine.py:309 CMP 0
TICK: 33422 PC:   7 ADDR:   0 MEM_OUT: 690 ACC: 0 BUFF: 690 DC: 0 FLAG_ZERO: False FLAG_LT: 1 FLAG_GT: 0
INPUT_PORT:  []
OUT_PORT:  []
DATA_MEM:  [690, 321]
---------------------------------------
DEBUG    root:machine.py:309 JE 14
TICK: 33425 PC:   8 ADDR:   0 MEM_OUT: 690 ACC: 0 BUFF: 690 DC: 0 FLAG_ZERO: True FLAG_LT: 0 FLAG_GT: 0
INPUT_PORT:  []
OUT_PORT:  []
DATA_MEM:  [690, 321]
---------------------------------------
DEBUG    root:machine.py:309 LD 4
TICK: 33428 PC:  14 ADDR:   0 MEM_OUT: 690 ACC: 0 BUFF: 690 DC: 0 FLAG_ZERO: True FLAG_LT: 0 FLAG_GT: 0
INPUT_PORT:  []
OUT_PORT:  []
DATA_MEM:  [690, 321]
---------------------------------------
DEBUG    root:machine.py:309 INC 
TICK: 33432 PC:  15 ADDR:   1 MEM_OUT: 321 ACC: 321 BUFF: 690 DC: 0 FLAG_ZERO: True FLAG_LT: 0 FLAG_GT: 0
INPUT_PORT:  []
OUT_PORT:  []
DATA_MEM:  [690, 321]
---------------------------------------
DEBUG    root:machine.py:309 ST 4
TICK: 33435 PC:  16 ADDR:   1 MEM_OUT: 321 ACC: 322 BUFF: 690 DC: 0 FLAG_ZERO: True FLAG_LT: 0 FLAG_GT: 0
INPUT_PORT:  []
OUT_PORT:  []
DATA_MEM:  [690, 321]
---------------------------------------
DEBUG    root:machine.py:309 JMP 0
TICK: 33439 PC:  17 ADDR:   1 MEM_OUT: 322 ACC: 322 BUFF: 690 DC: 0 FLAG_ZERO: True FLAG_LT: 0 FLAG_GT: 0
INPUT_PORT:  []
OUT_PORT:  []
DATA_MEM:  [690, 322]
---------------------------------------
DEBUG    root:machine.py:309 LD 0
TICK: 33442 PC:   0 ADDR:   1 MEM_OUT: 322 ACC: 322 BUFF: 690 DC: 0 FLAG_ZERO: True FLAG_LT: 0 FLAG_GT: 0
INPUT_PORT:  []
OUT_PORT:  []
DATA_MEM:  [690, 322]
---------------------------------------
DEBUG    root:machine.py:309 INC 
TICK: 33446 PC:   1 ADDR:   0 MEM_OUT: 690 ACC: 690 BUFF: 690 DC: 0 FLAG_ZERO: True FLAG_LT: 0 FLAG_GT: 0
INPUT_PORT:  []
OUT_PORT:  []
DATA_MEM:  [690, 322]
---------------------------------------
DEBUG    root:machine.py:309 ST 0
TICK: 33449 PC:   2 ADDR:   0 MEM_OUT: 690 ACC: 691 BUFF: 690 DC: 0 FLAG_ZERO: True FLAG_LT: 0 FLAG_GT: 0
INPUT_PORT:  []
OUT_PORT:  []
DATA_MEM:  [690, 322]
---------------------------------------
DEBUG    root:machine.py:309 CMP 1000
TICK: 33453 PC:   3 ADDR:   0 MEM_OUT: 691 ACC: 691 BUFF: 690 DC: 0 FLAG_ZERO: True FLAG_LT: 0 FLAG_GT: 0
INPUT_PORT:  []
OUT_PORT:  []
DATA_MEM:  [691, 322]
---------------------------------------
DEBUG    root:machine.py:309 JGE 22
TICK: 33456 PC:   4 ADDR:   0 MEM_OUT: 691 ACC: 691 BUFF: 690 DC: 0 FLAG_ZERO: False FLAG_LT: 1 FLAG_GT: 0
INPUT_PORT:  []
OUT_PORT:  []
DATA_MEM:  [691, 322]
---------------------------------------
DEBUG    root:machine.py:309 LD 0
TICK: 33459 PC:   5 ADDR:   0 MEM_OUT: 691 ACC: 691 BUFF: 690 DC: 0 FLAG_ZERO: False FLAG_LT: 1 FLAG_GT: 0
INPUT_PORT:  []
OUT_PORT:  []
DATA_MEM:  [691, 322]
---------------------------------------
DEBUG    root:machine.py:309 MOD 3
TICK: 33463 PC:   6 ADDR:   0 MEM_OUT: 691 ACC: 691 BUFF: 690 DC: 0 FLAG_ZERO: False FLAG_LT: 1 FLAG_GT: 0
INPUT_PORT:  []
OUT_PORT:  []
DATA_MEM:  [691, 322]
---------------------------------------
DEBUG    root:machine.py:309 CMP 0
TICK: 33467 PC:   7 ADDR:   0 MEM_OUT: 691 ACC: 1 BUFF: 691 DC: 0 FLAG_ZERO: False FLAG_LT: 1 FLAG_GT: 0
INPUT_PORT:  []
OUT_PORT:  []
DATA_MEM:  [691, 322]
---------------------------------------
DEBUG    root:machine.py:309 JE 14
TICK: 33470 PC:   8 ADDR:   0 MEM_OUT: 691 ACC: 1 BUFF: 691 DC: 0 FLAG_ZERO: False FLAG_LT: 0 FLAG_GT: 1
INPUT_PORT:  []
OUT_PORT:  []
DATA_MEM:  [691, 322]
---------------------------------------
DEBUG    root:machine.py:309 LD 0
TICK: 33473 PC:   9 ADDR:   0 MEM_OUT: 691 ACC: 1 BUFF: 691 DC: 0 FLAG_ZERO: False FLAG_LT: 0 FLAG_GT: 1
INPUT_PORT:  []
OUT_PORT:  []
DATA_MEM:  [691, 322]
---------------------------------------
DEBUG    root:machine.py:309 MOD 5
TICK: 33477 PC:  10 ADDR:   0 MEM_OUT: 691 ACC: 691 BUFF: 691 DC: 0 FLAG_ZERO: False FLAG_LT: 0 FLAG_GT: 1
INPUT_PORT:  []
OUT_PORT:  []
DATA_MEM:  [691, 322]
---------------------------------------
DEBUG    root:machine.py:309 CMP 0
TICK: 33481 PC:  11 ADDR:   0 MEM_OUT: 691 ACC: 1 BUFF: 691 DC: 0 FLAG_ZERO: False FLAG_LT: 0 FLAG_GT: 1
INPUT_PORT:  []
OUT_PORT:  []
DATA_MEM:  [691, 322]
---------------------------------------
DEBUG    root:machine.py:309 JE 18
TICK: 33484 PC:  12 ADDR:   0 MEM_OUT: 691 ACC: 1 BUFF: 691 DC: 0 FLAG_ZERO: False FLAG_LT: 0 FLAG_GT: 1
INPUT_PORT:  []
OUT_PORT:  []
DATA_MEM:  [691, 322]
---------------------------------------
DEBUG    root:machine.py:309 JMP 0
TICK: 33487 PC:  13 ADDR:   0 MEM_OUT: 691 ACC: 1 BUFF: 691 DC: 0 FLAG_ZERO: False FLAG_LT: 0 FLAG_GT: 1
INPUT_PORT:  []
OUT_PORT:  []
DATA_MEM:  [691, 322]
---------------------------------------
DEBUG    root:machine.py:309 LD 0
TICK: 33490 PC:   0 ADDR:   0 MEM_OUT: 691 ACC: 1 BUFF: 691 DC: 0 FLAG_ZERO: False FLAG_LT: 0 FLAG_GT: 1
INPUT_PORT:  []
OUT_PORT:  []
DATA_MEM:  [691, 322]
---------------------------------------
DEBUG    root:machine.py:309 INC 
TICK: 33494 PC:   1 ADDR:   0 MEM_OUT: 691 ACC: 691 BUFF: 691 DC: 0 FLAG_ZERO: False FLAG_LT: 0 FLAG_GT: 1
INPUT_PORT:  []
OUT_PORT:  []
DATA_MEM:  [691, 322]
---------------------------------------
DEBUG    root:machine.py:309 ST 0
TICK: 33497 PC:   2 ADDR:   0 MEM_OUT: 691 ACC: 692 BUFF: 691 DC: 0 FLAG_ZERO: False FLAG_LT: 0 FLAG_GT: 1
INPUT_PORT:  []
OUT_PORT:  []
DATA_MEM:  [691, 322]
---------------------------------------
DEBUG    root:machine.py:309 CMP 1000
TICK: 33501 PC:   3 ADDR:   0 MEM_OUT: 692 ACC: 692 BUFF: 691 DC: 0 FLAG_ZERO: False FLAG_LT: 0 FLAG_GT: 1
INPUT_PORT:  []
OUT_PORT:  []
DATA_MEM:  [692, 322]
---------------------------------------
DEBUG    root:machine.py:309 JGE 22
TICK: 33504 PC:   4 ADDR:   0 MEM_OUT: 692 ACC: 692 BUFF: 691 DC: 0 FLAG_ZERO: False FLAG_LT: 1 FLAG_GT: 0
INPUT_PORT:  []
OUT_PORT:  []
DATA_MEM:  [692, 322]
---------------------------------------
DEBUG    root:machine.py:309 LD 0
TICK: 33507 PC:   5 ADDR:   0 MEM_OUT: 692 ACC: 692 BUFF: 691 DC: 0 FLAG_ZERO: False FLAG_LT: 1 FLAG_GT: 0
INPUT_PORT:  []
OUT_PORT:  []
DATA_MEM:  [692, 322]
---------------------------------------
DEBUG    root:machine.py:309 MOD 3
TICK: 33511 PC:   6 ADDR:   0 MEM_OUT: 692 ACC: 692 BUFF: 691 DC: 0 FLAG_ZERO: False FLAG_LT: 1 FLAG_GT: 0
INPUT_PORT:  []
OUT_PORT:  []
DATA_MEM:  [692, 322]
---------------------------------------
DEBUG    root:machine.py:309 CMP 0
TICK: 33515 PC:   7 ADDR:   0 MEM_OUT: 692 ACC: 2 BUFF: 692 DC: 0 FLAG_ZERO: False FLAG_LT: 1 FLAG_GT: 0
INPUT_PORT:  []
OUT_PORT:  []
DATA_MEM:  [692, 322]
---------------------------------------
DEBUG    root:machine.py:309 JE 14
TICK: 33518 PC:   8 ADDR:   0 MEM_OUT: 692 ACC: 2 BUFF: 692 DC: 0 FLAG_ZERO: False FLAG_LT: 0 FLAG_GT: 1
INPUT_PORT:  []
OUT_PORT:  []
DATA_MEM:  [692, 322]
---------------------------------------
DEBUG    root:machine.py:309 LD 0
TICK: 33521 PC:   9 ADDR:   0 MEM_OUT: 692 ACC: 2 BUFF: 692 DC: 0 FLAG_ZERO: False FLAG_LT: 0 FLAG_GT: 1
INPUT_PORT:  []
OUT_PORT:  []
DATA_MEM:  [692, 322]
---------------------------------------
DEBUG    root:machine.py:309 MOD 5
TICK: 33525 PC:  10 ADDR:   0 MEM_OUT: 692 ACC: 692 BUFF: 692 DC: 0 FLAG_ZERO: False FLAG_LT: 0 FLAG_GT: 1
INPUT_PORT:  []
OUT_PORT:  []
DATA_MEM:  [692, 322]
---------------------------------------
DEBUG    root:machine.py:309 CMP 0
TICK: 33529 PC:  11 ADDR:   0 MEM_OUT: 692 ACC: 2 BUFF: 692 DC: 0 FLAG_ZERO: False FLAG_LT: 0 FLAG_GT: 1
INPUT_PORT:  []
OUT_PORT:  []
DATA_MEM:  [692, 322]
---------------------------------------
DEBUG    root:machine.py:309 JE 18
TICK: 33532 PC:  12 ADDR:   0 MEM_OUT: 692 ACC: 2 BUFF: 692 DC: 0 FLAG_ZERO: False FLAG_LT: 0 FLAG_GT: 1
INPUT_PORT:  []
OUT_PORT:  []
DATA_MEM:  [692, 322]
---------------------------------------
DEBUG    root:machine.py:309 JMP 0
TICK: 33535 PC:  13 ADDR:   0 MEM_OUT: 692 ACC: 2 BUFF: 692 DC: 0 FLAG_ZERO: False FLAG_LT: 0 FLAG_GT: 1
INPUT_PORT:  []
OUT_PORT:  []
DATA_MEM:  [692, 322]
---------------------------------------
DEBUG    root:machine.py:309 LD 0
TICK: 33538 PC:   0 ADDR:   0 MEM_OUT: 692 ACC: 2 BUFF: 692 DC: 0 FLAG_ZERO: False FLAG_LT: 0 FLAG_GT: 1
INPUT_PORT:  []
OUT_PORT:  []
DATA_MEM:  [692, 322]
---------------------------------------
DEBUG    root:machine.py:309 INC 
TICK: 33542 PC:   1 ADDR:   0 MEM_OUT: 692 ACC: 692 BUFF: 692 DC: 0 FLAG_ZERO: False FLAG_LT: 0 FLAG_GT: 1
INPUT_PORT:  []
OUT_PORT:  []
DATA_MEM:  [692, 322]
---------------------------------------
DEBUG    root:machine.py:309 ST 0
TICK: 33545 PC:   2 ADDR:   0 MEM_OUT: 692 ACC: 693 BUFF: 692 DC: 0 FLAG_ZERO: False FLAG_LT: 0 FLAG_GT: 1
INPUT_PORT:  []
OUT_PORT:  []
DATA_MEM:  [692, 322]
---------------------------------------
DEBUG    root:machine.py:309 CMP 1000
TICK: 33549 PC:   3 ADDR:   0 MEM_OUT: 693 ACC: 693 BUFF: 692 DC: 0 FLAG_ZERO: False FLAG_LT: 0 FLAG_GT: 1
INPUT_PORT:  []
OUT_PORT:  []
DATA_MEM:  [693, 322]
---------------------------------------
DEBUG    root:machine.py:309 JGE 22
TICK: 33552 PC:   4 ADDR:   0 MEM_OUT: 693 ACC: 693 BUFF: 692 DC: 0 FLAG_ZERO: False FLAG_LT: 1 FLAG_GT: 0
INPUT_PORT:  []
OUT_PORT:  []
DATA_MEM:  [693, 322]
---------------------------------------
DEBUG    root:machine.py:309 LD 0
TICK: 33555 PC:   5 ADDR:   0 MEM_OUT: 693 ACC: 693 BUFF: 692 DC: 0 FLAG_ZERO: False FLAG_LT: 1 FLAG_GT: 0
INPUT_PORT:  []
OUT_PORT:  []
DATA_MEM:  [693, 322]
---------------------------------------
DEBUG    root:machine.py:309 MOD 3
TICK: 33559 PC:   6 ADDR:   0 MEM_OUT: 693 ACC: 693 BUFF: 692 DC: 0 FLAG_ZERO: False FLAG_LT: 1 FLAG_GT: 0
INPUT_PORT:  []
OUT_PORT:  []
DATA_MEM:  [693, 322]
---------------------------------------
DEBUG    root:machine.py:309 CMP 0
TICK: 33563 PC:   7 ADDR:   0 MEM_OUT: 693 ACC: 0 BUFF: 693 DC: 0 FLAG_ZERO: False FLAG_LT: 1 FLAG_GT: 0
INPUT_PORT:  []
OUT_PORT:  []
DATA_MEM:  [693, 322]
---------------------------------------
DEBUG    root:machine.py:309 JE 14
TICK: 33566 PC:   8 ADDR:   0 MEM_OUT: 693 ACC: 0 BUFF: 693 DC: 0 FLAG_ZERO: True FLAG_LT: 0 FLAG_GT: 0
INPUT_PORT:  []
OUT_PORT:  []
DATA_MEM:  [693, 322]
---------------------------------------
DEBUG    root:machine.py:309 LD 4
TICK: 33569 PC:  14 ADDR:   0 MEM_OUT: 693 ACC: 0 BUFF: 693 DC: 0 FLAG_ZERO: True FLAG_LT: 0 FLAG_GT: 0
INPUT_PORT:  []
OUT_PORT:  []
DATA_MEM:  [693, 322]
---------------------------------------
DEBUG    root:machine.py:309 INC 
TICK: 33573 PC:  15 ADDR:   1 MEM_OUT: 322 ACC: 322 BUFF: 693 DC: 0 FLAG_ZERO: True FLAG_LT: 0 FLAG_GT: 0
INPUT_PORT:  []
OUT_PORT:  []
DATA_MEM:  [693, 322]
---------------------------------------
DEBUG    root:machine.py:309 ST 4
TICK: 33576 PC:  16 ADDR:   1 MEM_OUT: 322 ACC: 323 BUFF: 693 DC: 0 FLAG_ZERO: True FLAG_LT: 0 FLAG_GT: 0
INPUT_PORT:  []
OUT_PORT:  []
DATA_MEM:  [693, 322]
---------------------------------------
DEBUG    root:machine.py:309 JMP 0
TICK: 33580 PC:  17 ADDR:   1 MEM_OUT: 323 ACC: 323 BUFF: 693 DC: 0 FLAG_ZERO: True FLAG_LT: 0 FLAG_GT: 0
INPUT_PORT:  []
OUT_PORT:  []
DATA_MEM:  [693, 323]
---------------------------------------
DEBUG    root:machine.py:309 LD 0
TICK: 33583 PC:   0 ADDR:   1 MEM_OUT: 323 ACC: 323 BUFF: 693 DC: 0 FLAG_ZERO: True FLAG_LT: 0 FLAG_GT: 0
INPUT_PORT:  []
OUT_PORT:  []
DATA_MEM:  [693, 323]
---------------------------------------
DEBUG    root:machine.py:309 INC 
TICK: 33587 PC:   1 ADDR:   0 MEM_OUT: 693 ACC: 693 BUFF: 693 DC: 0 FLAG_ZERO: True FLAG_LT: 0 FLAG_GT: 0
INPUT_PORT:  []
OUT_PORT:  []
DATA_MEM:  [693, 323]
---------------------------------------
DEBUG    root:machine.py:309 ST 0
TICK: 33590 PC:   2 ADDR:   0 MEM_OUT: 693 ACC: 694 BUFF: 693 DC: 0 FLAG_ZERO: True FLAG_LT: 0 FLAG_GT: 0
INPUT_PORT:  []
OUT_PORT:  []
DATA_MEM:  [693, 323]
---------------------------------------
DEBUG    root:machine.py:309 CMP 1000
TICK: 33594 PC:   3 ADDR:   0 MEM_OUT: 694 ACC: 694 BUFF: 693 DC: 0 FLAG_ZERO: True FLAG_LT: 0 FLAG_GT: 0
INPUT_PORT:  []
OUT_PORT:  []
DATA_MEM:  [694, 323]
---------------------------------------
DEBUG    root:machine.py:309 JGE 22
TICK: 33597 PC:   4 ADDR:   0 MEM_OUT: 694 ACC: 694 BUFF: 693 DC: 0 FLAG_ZERO: False FLAG_LT: 1 FLAG_GT: 0
INPUT_PORT:  []
OUT_PORT:  []
DATA_MEM:  [694, 323]
---------------------------------------
DEBUG    root:machine.py:309 LD 0
TICK: 33600 PC:   5 ADDR:   0 MEM_OUT: 694 ACC: 694 BUFF: 693 DC: 0 FLAG_ZERO: False FLAG_LT: 1 FLAG_GT: 0
INPUT_PORT:  []
OUT_PORT:  []
DATA_MEM:  [694, 323]
---------------------------------------
DEBUG    root:machine.py:309 MOD 3
TICK: 33604 PC:   6 ADDR:   0 MEM_OUT: 694 ACC: 694 BUFF: 693 DC: 0 FLAG_ZERO: False FLAG_LT: 1 FLAG_GT: 0
INPUT_PORT:  []
OUT_PORT:  []
DATA_MEM:  [694, 323]
---------------------------------------
DEBUG    root:machine.py:309 CMP 0
TICK: 33608 PC:   7 ADDR:   0 MEM_OUT: 694 ACC: 1 BUFF: 694 DC: 0 FLAG_ZERO: False FLAG_LT: 1 FLAG_GT: 0
INPUT_PORT:  []
OUT_PORT:  []
DATA_MEM:  [694, 323]
---------------------------------------
DEBUG    root:machine.py:309 JE 14
TICK: 33611 PC:   8 ADDR:   0 MEM_OUT: 694 ACC: 1 BUFF: 694 DC: 0 FLAG_ZERO: False FLAG_LT: 0 FLAG_GT: 1
INPUT_PORT:  []
OUT_PORT:  []
DATA_MEM:  [694, 323]
---------------------------------------
DEBUG    root:machine.py:309 LD 0
TICK: 33614 PC:   9 ADDR:   0 MEM_OUT: 694 ACC: 1 BUFF: 694 DC: 0 FLAG_ZERO: False FLAG_LT: 0 FLAG_GT: 1
INPUT_PORT:  []
OUT_PORT:  []
DATA_MEM:  [694, 323]
---------------------------------------
DEBUG    root:machine.py:309 MOD 5
TICK: 33618 PC:  10 ADDR:   0 MEM_OUT: 694 ACC: 694 BUFF: 694 DC: 0 FLAG_ZERO: False FLAG_LT: 0 FLAG_GT: 1
INPUT_PORT:  []
OUT_PORT:  []
DATA_MEM:  [694, 323]
---------------------------------------
DEBUG    root:machine.py:309 CMP 0
TICK: 33622 PC:  11 ADDR:   0 MEM_OUT: 694 ACC: 4 BUFF: 694 DC: 0 FLAG_ZERO: False FLAG_LT: 0 FLAG_GT: 1
INPUT_PORT:  []
OUT_PORT:  []
DATA_MEM:  [694, 323]
---------------------------------------
DEBUG    root:machine.py:309 JE 18
TICK: 33625 PC:  12 ADDR:   0 MEM_OUT: 694 ACC: 4 BUFF: 694 DC: 0 FLAG_ZERO: False FLAG_LT: 0 FLAG_GT: 1
INPUT_PORT:  []
OUT_PORT:  []
DATA_MEM:  [694, 323]
---------------------------------------
DEBUG    root:machine.py:309 JMP 0
TICK: 33628 PC:  13 ADDR:   0 MEM_OUT: 694 ACC: 4 BUFF: 694 DC: 0 FLAG_ZERO: False FLAG_LT: 0 FLAG_GT: 1
INPUT_PORT:  []
OUT_PORT:  []
DATA_MEM:  [694, 323]
---------------------------------------
DEBUG    root:machine.py:309 LD 0
TICK: 33631 PC:   0 ADDR:   0 MEM_OUT: 694 ACC: 4 BUFF: 694 DC: 0 FLAG_ZERO: False FLAG_LT: 0 FLAG_GT: 1
INPUT_PORT:  []
OUT_PORT:  []
DATA_MEM:  [694, 323]
---------------------------------------
DEBUG    root:machine.py:309 INC 
TICK: 33635 PC:   1 ADDR:   0 MEM_OUT: 694 ACC: 694 BUFF: 694 DC: 0 FLAG_ZERO: False FLAG_LT: 0 FLAG_GT: 1
INPUT_PORT:  []
OUT_PORT:  []
DATA_MEM:  [694, 323]
---------------------------------------
DEBUG    root:machine.py:309 ST 0
TICK: 33638 PC:   2 ADDR:   0 MEM_OUT: 694 ACC: 695 BUFF: 694 DC: 0 FLAG_ZERO: False FLAG_LT: 0 FLAG_GT: 1
INPUT_PORT:  []
OUT_PORT:  []
DATA_MEM:  [694, 323]
---------------------------------------
DEBUG    root:machine.py:309 CMP 1000
TICK: 33642 PC:   3 ADDR:   0 MEM_OUT: 695 ACC: 695 BUFF: 694 DC: 0 FLAG_ZERO: False FLAG_LT: 0 FLAG_GT: 1
INPUT_PORT:  []
OUT_PORT:  []
DATA_MEM:  [695, 323]
---------------------------------------
DEBUG    root:machine.py:309 JGE 22
TICK: 33645 PC:   4 ADDR:   0 MEM_OUT: 695 ACC: 695 BUFF: 694 DC: 0 FLAG_ZERO: False FLAG_LT: 1 FLAG_GT: 0
INPUT_PORT:  []
OUT_PORT:  []
DATA_MEM:  [695, 323]
---------------------------------------
DEBUG    root:machine.py:309 LD 0
TICK: 33648 PC:   5 ADDR:   0 MEM_OUT: 695 ACC: 695 BUFF: 694 DC: 0 FLAG_ZERO: False FLAG_LT: 1 FLAG_GT: 0
INPUT_PORT:  []
OUT_PORT:  []
DATA_MEM:  [695, 323]
---------------------------------------
DEBUG    root:machine.py:309 MOD 3
TICK: 33652 PC:   6 ADDR:   0 MEM_OUT: 695 ACC: 695 BUFF: 694 DC: 0 FLAG_ZERO: False FLAG_LT: 1 FLAG_GT: 0
INPUT_PORT:  []
OUT_PORT:  []
DATA_MEM:  [695, 323]
---------------------------------------
DEBUG    root:machine.py:309 CMP 0
TICK: 33656 PC:   7 ADDR:   0 MEM_OUT: 695 ACC: 2 BUFF: 695 DC: 0 FLAG_ZERO: False FLAG_LT: 1 FLAG_GT: 0
INPUT_PORT:  []
OUT_PORT:  []
DATA_MEM:  [695, 323]
---------------------------------------
DEBUG    root:machine.py:309 JE 14
TICK: 33659 PC:   8 ADDR:   0 MEM_OUT: 695 ACC: 2 BUFF: 695 DC: 0 FLAG_ZERO: False FLAG_LT: 0 FLAG_GT: 1
INPUT_PORT:  []
OUT_PORT:  []
DATA_MEM:  [695, 323]
---------------------------------------
DEBUG    root:machine.py:309 LD 0
TICK: 33662 PC:   9 ADDR:   0 MEM_OUT: 695 ACC: 2 BUFF: 695 DC: 0 FLAG_ZERO: False FLAG_LT: 0 FLAG_GT: 1
INPUT_PORT:  []
OUT_PORT:  []
DATA_MEM:  [695, 323]
---------------------------------------
DEBUG    root:machine.py:309 MOD 5
TICK: 33666 PC:  10 ADDR:   0 MEM_OUT: 695 ACC: 695 BUFF: 695 DC: 0 FLAG_ZERO: False FLAG_LT: 0 FLAG_GT: 1
INPUT_PORT:  []
OUT_PORT:  []
DATA_MEM:  [695, 323]
---------------------------------------
DEBUG    root:machine.py:309 CMP 0
TICK: 33670 PC:  11 ADDR:   0 MEM_OUT: 695 ACC: 0 BUFF: 695 DC: 0 FLAG_ZERO: False FLAG_LT: 0 FLAG_GT: 1
INPUT_PORT:  []
OUT_PORT:  []
DATA_MEM:  [695, 323]
---------------------------------------
DEBUG    root:machine.py:309 JE 18
TICK: 33673 PC:  12 ADDR:   0 MEM_OUT: 695 ACC: 0 BUFF: 695 DC: 0 FLAG_ZERO: True FLAG_LT: 0 FLAG_GT: 0
INPUT_PORT:  []
OUT_PORT:  []
DATA_MEM:  [695, 323]
---------------------------------------
DEBUG    root:machine.py:309 LD 4
TICK: 33676 PC:  18 ADDR:   0 MEM_OUT: 695 ACC: 0 BUFF: 695 DC: 0 FLAG_ZERO: True FLAG_LT: 0 FLAG_GT: 0
INPUT_PORT:  []
OUT_PORT:  []
DATA_MEM:  [695, 323]
---------------------------------------
DEBUG    root:machine.py:309 INC 
TICK: 33680 PC:  19 ADDR:   1 MEM_OUT: 323 ACC: 323 BUFF: 695 DC: 0 FLAG_ZERO: True FLAG_LT: 0 FLAG_GT: 0
INPUT_PORT:  []
OUT_PORT:  []
DATA_MEM:  [695, 323]
---------------------------------------
DEBUG    root:machine.py:309 ST 4
TICK: 33683 PC:  20 ADDR:   1 MEM_OUT: 323 ACC: 324 BUFF: 695 DC: 0 FLAG_ZERO: True FLAG_LT: 0 FLAG_GT: 0
INPUT_PORT:  []
OUT_PORT:  []
DATA_MEM:  [695, 323]
---------------------------------------
DEBUG    root:machine.py:309 JMP 0
TICK: 33687 PC:  21 ADDR:   1 MEM_OUT: 324 ACC: 324 BUFF: 695 DC: 0 FLAG_ZERO: True FLAG_LT: 0 FLAG_GT: 0
INPUT_PORT:  []
OUT_PORT:  []
DATA_MEM:  [695, 324]
---------------------------------------
DEBUG    root:machine.py:309 LD 0
TICK: 33690 PC:   0 ADDR:   1 MEM_OUT: 324 ACC: 324 BUFF: 695 DC: 0 FLAG_ZERO: True FLAG_LT: 0 FLAG_GT: 0
INPUT_PORT:  []
OUT_PORT:  []
DATA_MEM:  [695, 324]
---------------------------------------
DEBUG    root:machine.py:309 INC 
TICK: 33694 PC:   1 ADDR:   0 MEM_OUT: 695 ACC: 695 BUFF: 695 DC: 0 FLAG_ZERO: True FLAG_LT: 0 FLAG_GT: 0
INPUT_PORT:  []
OUT_PORT:  []
DATA_MEM:  [695, 324]
---------------------------------------
DEBUG    root:machine.py:309 ST 0
TICK: 33697 PC:   2 ADDR:   0 MEM_OUT: 695 ACC: 696 BUFF: 695 DC: 0 FLAG_ZERO: True FLAG_LT: 0 FLAG_GT: 0
INPUT_PORT:  []
OUT_PORT:  []
DATA_MEM:  [695, 324]
---------------------------------------
DEBUG    root:machine.py:309 CMP 1000
TICK: 33701 PC:   3 ADDR:   0 MEM_OUT: 696 ACC: 696 BUFF: 695 DC: 0 FLAG_ZERO: True FLAG_LT: 0 FLAG_GT: 0
INPUT_PORT:  []
OUT_PORT:  []
DATA_MEM:  [696, 324]
---------------------------------------
DEBUG    root:machine.py:309 JGE 22
TICK: 33704 PC:   4 ADDR:   0 MEM_OUT: 696 ACC: 696 BUFF: 695 DC: 0 FLAG_ZERO: False FLAG_LT: 1 FLAG_GT: 0
INPUT_PORT:  []
OUT_PORT:  []
DATA_MEM:  [696, 324]
---------------------------------------
DEBUG    root:machine.py:309 LD 0
TICK: 33707 PC:   5 ADDR:   0 MEM_OUT: 696 ACC: 696 BUFF: 695 DC: 0 FLAG_ZERO: False FLAG_LT: 1 FLAG_GT: 0
INPUT_PORT:  []
OUT_PORT:  []
DATA_MEM:  [696, 324]
---------------------------------------
DEBUG    root:machine.py:309 MOD 3
TICK: 33711 PC:   6 ADDR:   0 MEM_OUT: 696 ACC: 696 BUFF: 695 DC: 0 FLAG_ZERO: False FLAG_LT: 1 FLAG_GT: 0
INPUT_PORT:  []
OUT_PORT:  []
DATA_MEM:  [696, 324]
---------------------------------------
DEBUG    root:machine.py:309 CMP 0
TICK: 33715 PC:   7 ADDR:   0 MEM_OUT: 696 ACC: 0 BUFF: 696 DC: 0 FLAG_ZERO: False FLAG_LT: 1 FLAG_GT: 0
INPUT_PORT:  []
OUT_PORT:  []
DATA_MEM:  [696, 324]
---------------------------------------
DEBUG    root:machine.py:309 JE 14
TICK: 33718 PC:   8 ADDR:   0 MEM_OUT: 696 ACC: 0 BUFF: 696 DC: 0 FLAG_ZERO: True FLAG_LT: 0 FLAG_GT: 0
INPUT_PORT:  []
OUT_PORT:  []
DATA_MEM:  [696, 324]
---------------------------------------
DEBUG    root:machine.py:309 LD 4
TICK: 33721 PC:  14 ADDR:   0 MEM_OUT: 696 ACC: 0 BUFF: 696 DC: 0 FLAG_ZERO: True FLAG_LT: 0 FLAG_GT: 0
INPUT_PORT:  []
OUT_PORT:  []
DATA_MEM:  [696, 324]
---------------------------------------
DEBUG    root:machine.py:309 INC 
TICK: 33725 PC:  15 ADDR:   1 MEM_OUT: 324 ACC: 324 BUFF: 696 DC: 0 FLAG_ZERO: True FLAG_LT: 0 FLAG_GT: 0
INPUT_PORT:  []
OUT_PORT:  []
DATA_MEM:  [696, 324]
---------------------------------------
DEBUG    root:machine.py:309 ST 4
TICK: 33728 PC:  16 ADDR:   1 MEM_OUT: 324 ACC: 325 BUFF: 696 DC: 0 FLAG_ZERO: True FLAG_LT: 0 FLAG_GT: 0
INPUT_PORT:  []
OUT_PORT:  []
DATA_MEM:  [696, 324]
---------------------------------------
DEBUG    root:machine.py:309 JMP 0
TICK: 33732 PC:  17 ADDR:   1 MEM_OUT: 325 ACC: 325 BUFF: 696 DC: 0 FLAG_ZERO: True FLAG_LT: 0 FLAG_GT: 0
INPUT_PORT:  []
OUT_PORT:  []
DATA_MEM:  [696, 325]
---------------------------------------
DEBUG    root:machine.py:309 LD 0
TICK: 33735 PC:   0 ADDR:   1 MEM_OUT: 325 ACC: 325 BUFF: 696 DC: 0 FLAG_ZERO: True FLAG_LT: 0 FLAG_GT: 0
INPUT_PORT:  []
OUT_PORT:  []
DATA_MEM:  [696, 325]
---------------------------------------
DEBUG    root:machine.py:309 INC 
TICK: 33739 PC:   1 ADDR:   0 MEM_OUT: 696 ACC: 696 BUFF: 696 DC: 0 FLAG_ZERO: True FLAG_LT: 0 FLAG_GT: 0
INPUT_PORT:  []
OUT_PORT:  []
DATA_MEM:  [696, 325]
---------------------------------------
DEBUG    root:machine.py:309 ST 0
TICK: 33742 PC:   2 ADDR:   0 MEM_OUT: 696 ACC: 697 BUFF: 696 DC: 0 FLAG_ZERO: True FLAG_LT: 0 FLAG_GT: 0
INPUT_PORT:  []
OUT_PORT:  []
DATA_MEM:  [696, 325]
---------------------------------------
DEBUG    root:machine.py:309 CMP 1000
TICK: 33746 PC:   3 ADDR:   0 MEM_OUT: 697 ACC: 697 BUFF: 696 DC: 0 FLAG_ZERO: True FLAG_LT: 0 FLAG_GT: 0
INPUT_PORT:  []
OUT_PORT:  []
DATA_MEM:  [697, 325]
---------------------------------------
DEBUG    root:machine.py:309 JGE 22
TICK: 33749 PC:   4 ADDR:   0 MEM_OUT: 697 ACC: 697 BUFF: 696 DC: 0 FLAG_ZERO: False FLAG_LT: 1 FLAG_GT: 0
INPUT_PORT:  []
OUT_PORT:  []
DATA_MEM:  [697, 325]
---------------------------------------
DEBUG    root:machine.py:309 LD 0
TICK: 33752 PC:   5 ADDR:   0 MEM_OUT: 697 ACC: 697 BUFF: 696 DC: 0 FLAG_ZERO: False FLAG_LT: 1 FLAG_GT: 0
INPUT_PORT:  []
OUT_PORT:  []
DATA_MEM:  [697, 325]
---------------------------------------
DEBUG    root:machine.py:309 MOD 3
TICK: 33756 PC:   6 ADDR:   0 MEM_OUT: 697 ACC: 697 BUFF: 696 DC: 0 FLAG_ZERO: False FLAG_LT: 1 FLAG_GT: 0
INPUT_PORT:  []
OUT_PORT:  []
DATA_MEM:  [697, 325]
---------------------------------------
DEBUG    root:machine.py:309 CMP 0
TICK: 33760 PC:   7 ADDR:   0 MEM_OUT: 697 ACC: 1 BUFF: 697 DC: 0 FLAG_ZERO: False FLAG_LT: 1 FLAG_GT: 0
INPUT_PORT:  []
OUT_PORT:  []
DATA_MEM:  [697, 325]
---------------------------------------
DEBUG    root:machine.py:309 JE 14
TICK: 33763 PC:   8 ADDR:   0 MEM_OUT: 697 ACC: 1 BUFF: 697 DC: 0 FLAG_ZERO: False FLAG_LT: 0 FLAG_GT: 1
INPUT_PORT:  []
OUT_PORT:  []
DATA_MEM:  [697, 325]
---------------------------------------
DEBUG    root:machine.py:309 LD 0
TICK: 33766 PC:   9 ADDR:   0 MEM_OUT: 697 ACC: 1 BUFF: 697 DC: 0 FLAG_ZERO: False FLAG_LT: 0 FLAG_GT: 1
INPUT_PORT:  []
OUT_PORT:  []
DATA_MEM:  [697, 325]
---------------------------------------
DEBUG    root:machine.py:309 MOD 5
TICK: 33770 PC:  10 ADDR:   0 MEM_OUT: 697 ACC: 697 BUFF: 697 DC: 0 FLAG_ZERO: False FLAG_LT: 0 FLAG_GT: 1
INPUT_PORT:  []
OUT_PORT:  []
DATA_MEM:  [697, 325]
---------------------------------------
DEBUG    root:machine.py:309 CMP 0
TICK: 33774 PC:  11 ADDR:   0 MEM_OUT: 697 ACC: 2 BUFF: 697 DC: 0 FLAG_ZERO: False FLAG_LT: 0 FLAG_GT: 1
INPUT_PORT:  []
OUT_PORT:  []
DATA_MEM:  [697, 325]
---------------------------------------
DEBUG    root:machine.py:309 JE 18
TICK: 33777 PC:  12 ADDR:   0 MEM_OUT: 697 ACC: 2 BUFF: 697 DC: 0 FLAG_ZERO: False FLAG_LT: 0 FLAG_GT: 1
INPUT_PORT:  []
OUT_PORT:  []
DATA_MEM:  [697, 325]
---------------------------------------
DEBUG    root:machine.py:309 JMP 0
TICK: 33780 PC:  13 ADDR:   0 MEM_OUT: 697 ACC: 2 BUFF: 697 DC: 0 FLAG_ZERO: False FLAG_LT: 0 FLAG_GT: 1
INPUT_PORT:  []
OUT_PORT:  []
DATA_MEM:  [697, 325]
---------------------------------------
DEBUG    root:machine.py:309 LD 0
TICK: 33783 PC:   0 ADDR:   0 MEM_OUT: 697 ACC: 2 BUFF: 697 DC: 0 FLAG_ZERO: False FLAG_LT: 0 FLAG_GT: 1
INPUT_PORT:  []
OUT_PORT:  []
DATA_MEM:  [697, 325]
---------------------------------------
DEBUG    root:machine.py:309 INC 
TICK: 33787 PC:   1 ADDR:   0 MEM_OUT: 697 ACC: 697 BUFF: 697 DC: 0 FLAG_ZERO: False FLAG_LT: 0 FLAG_GT: 1
INPUT_PORT:  []
OUT_PORT:  []
DATA_MEM:  [697, 325]
---------------------------------------
DEBUG    root:machine.py:309 ST 0
TICK: 33790 PC:   2 ADDR:   0 MEM_OUT: 697 ACC: 698 BUFF: 697 DC: 0 FLAG_ZERO: False FLAG_LT: 0 FLAG_GT: 1
INPUT_PORT:  []
OUT_PORT:  []
DATA_MEM:  [697, 325]
---------------------------------------
DEBUG    root:machine.py:309 CMP 1000
TICK: 33794 PC:   3 ADDR:   0 MEM_OUT: 698 ACC: 698 BUFF: 697 DC: 0 FLAG_ZERO: False FLAG_LT: 0 FLAG_GT: 1
INPUT_PORT:  []
OUT_PORT:  []
DATA_MEM:  [698, 325]
---------------------------------------
DEBUG    root:machine.py:309 JGE 22
TICK: 33797 PC:   4 ADDR:   0 MEM_OUT: 698 ACC: 698 BUFF: 697 DC: 0 FLAG_ZERO: False FLAG_LT: 1 FLAG_GT: 0
INPUT_PORT:  []
OUT_PORT:  []
DATA_MEM:  [698, 325]
---------------------------------------
DEBUG    root:machine.py:309 LD 0
TICK: 33800 PC:   5 ADDR:   0 MEM_OUT: 698 ACC: 698 BUFF: 697 DC: 0 FLAG_ZERO: False FLAG_LT: 1 FLAG_GT: 0
INPUT_PORT:  []
OUT_PORT:  []
DATA_MEM:  [698, 325]
---------------------------------------
DEBUG    root:machine.py:309 MOD 3
TICK: 33804 PC:   6 ADDR:   0 MEM_OUT: 698 ACC: 698 BUFF: 697 DC: 0 FLAG_ZERO: False FLAG_LT: 1 FLAG_GT: 0
INPUT_PORT:  []
OUT_PORT:  []
DATA_MEM:  [698, 325]
---------------------------------------
DEBUG    root:machine.py:309 CMP 0
TICK: 33808 PC:   7 ADDR:   0 MEM_OUT: 698 ACC: 2 BUFF: 698 DC: 0 FLAG_ZERO: False FLAG_LT: 1 FLAG_GT: 0
INPUT_PORT:  []
OUT_PORT:  []
DATA_MEM:  [698, 325]
---------------------------------------
DEBUG    root:machine.py:309 JE 14
TICK: 33811 PC:   8 ADDR:   0 MEM_OUT: 698 ACC: 2 BUFF: 698 DC: 0 FLAG_ZERO: False FLAG_LT: 0 FLAG_GT: 1
INPUT_PORT:  []
OUT_PORT:  []
DATA_MEM:  [698, 325]
---------------------------------------
DEBUG    root:machine.py:309 LD 0
TICK: 33814 PC:   9 ADDR:   0 MEM_OUT: 698 ACC: 2 BUFF: 698 DC: 0 FLAG_ZERO: False FLAG_LT: 0 FLAG_GT: 1
INPUT_PORT:  []
OUT_PORT:  []
DATA_MEM:  [698, 325]
---------------------------------------
DEBUG    root:machine.py:309 MOD 5
TICK: 33818 PC:  10 ADDR:   0 MEM_OUT: 698 ACC: 698 BUFF: 698 DC: 0 FLAG_ZERO: False FLAG_LT: 0 FLAG_GT: 1
INPUT_PORT:  []
OUT_PORT:  []
DATA_MEM:  [698, 325]
---------------------------------------
DEBUG    root:machine.py:309 CMP 0
TICK: 33822 PC:  11 ADDR:   0 MEM_OUT: 698 ACC: 3 BUFF: 698 DC: 0 FLAG_ZERO: False FLAG_LT: 0 FLAG_GT: 1
INPUT_PORT:  []
OUT_PORT:  []
DATA_MEM:  [698, 325]
---------------------------------------
DEBUG    root:machine.py:309 JE 18
TICK: 33825 PC:  12 ADDR:   0 MEM_OUT: 698 ACC: 3 BUFF: 698 DC: 0 FLAG_ZERO: False FLAG_LT: 0 FLAG_GT: 1
INPUT_PORT:  []
OUT_PORT:  []
DATA_MEM:  [698, 325]
---------------------------------------
DEBUG    root:machine.py:309 JMP 0
TICK: 33828 PC:  13 ADDR:   0 MEM_OUT: 698 ACC: 3 BUFF: 698 DC: 0 FLAG_ZERO: False FLAG_LT: 0 FLAG_GT: 1
INPUT_PORT:  []
OUT_PORT:  []
DATA_MEM:  [698, 325]
---------------------------------------
DEBUG    root:machine.py:309 LD 0
TICK: 33831 PC:   0 ADDR:   0 MEM_OUT: 698 ACC: 3 BUFF: 698 DC: 0 FLAG_ZERO: False FLAG_LT: 0 FLAG_GT: 1
INPUT_PORT:  []
OUT_PORT:  []
DATA_MEM:  [698, 325]
---------------------------------------
DEBUG    root:machine.py:309 INC 
TICK: 33835 PC:   1 ADDR:   0 MEM_OUT: 698 ACC: 698 BUFF: 698 DC: 0 FLAG_ZERO: False FLAG_LT: 0 FLAG_GT: 1
INPUT_PORT:  []
OUT_PORT:  []
DATA_MEM:  [698, 325]
---------------------------------------
DEBUG    root:machine.py:309 ST 0
TICK: 33838 PC:   2 ADDR:   0 MEM_OUT: 698 ACC: 699 BUFF: 698 DC: 0 FLAG_ZERO: False FLAG_LT: 0 FLAG_GT: 1
INPUT_PORT:  []
OUT_PORT:  []
DATA_MEM:  [698, 325]
---------------------------------------
DEBUG    root:machine.py:309 CMP 1000
TICK: 33842 PC:   3 ADDR:   0 MEM_OUT: 699 ACC: 699 BUFF: 698 DC: 0 FLAG_ZERO: False FLAG_LT: 0 FLAG_GT: 1
INPUT_PORT:  []
OUT_PORT:  []
DATA_MEM:  [699, 325]
---------------------------------------
DEBUG    root:machine.py:309 JGE 22
TICK: 33845 PC:   4 ADDR:   0 MEM_OUT: 699 ACC: 699 BUFF: 698 DC: 0 FLAG_ZERO: False FLAG_LT: 1 FLAG_GT: 0
INPUT_PORT:  []
OUT_PORT:  []
DATA_MEM:  [699, 325]
---------------------------------------
DEBUG    root:machine.py:309 LD 0
TICK: 33848 PC:   5 ADDR:   0 MEM_OUT: 699 ACC: 699 BUFF: 698 DC: 0 FLAG_ZERO: False FLAG_LT: 1 FLAG_GT: 0
INPUT_PORT:  []
OUT_PORT:  []
DATA_MEM:  [699, 325]
---------------------------------------
DEBUG    root:machine.py:309 MOD 3
TICK: 33852 PC:   6 ADDR:   0 MEM_OUT: 699 ACC: 699 BUFF: 698 DC: 0 FLAG_ZERO: False FLAG_LT: 1 FLAG_GT: 0
INPUT_PORT:  []
OUT_PORT:  []
DATA_MEM:  [699, 325]
---------------------------------------
DEBUG    root:machine.py:309 CMP 0
TICK: 33856 PC:   7 ADDR:   0 MEM_OUT: 699 ACC: 0 BUFF: 699 DC: 0 FLAG_ZERO: False FLAG_LT: 1 FLAG_GT: 0
INPUT_PORT:  []
OUT_PORT:  []
DATA_MEM:  [699, 325]
---------------------------------------
DEBUG    root:machine.py:309 JE 14
TICK: 33859 PC:   8 ADDR:   0 MEM_OUT: 699 ACC: 0 BUFF: 699 DC: 0 FLAG_ZERO: True FLAG_LT: 0 FLAG_GT: 0
INPUT_PORT:  []
OUT_PORT:  []
DATA_MEM:  [699, 325]
---------------------------------------
DEBUG    root:machine.py:309 LD 4
TICK: 33862 PC:  14 ADDR:   0 MEM_OUT: 699 ACC: 0 BUFF: 699 DC: 0 FLAG_ZERO: True FLAG_LT: 0 FLAG_GT: 0
INPUT_PORT:  []
OUT_PORT:  []
DATA_MEM:  [699, 325]
---------------------------------------
DEBUG    root:machine.py:309 INC 
TICK: 33866 PC:  15 ADDR:   1 MEM_OUT: 325 ACC: 325 BUFF: 699 DC: 0 FLAG_ZERO: True FLAG_LT: 0 FLAG_GT: 0
INPUT_PORT:  []
OUT_PORT:  []
DATA_MEM:  [699, 325]
---------------------------------------
DEBUG    root:machine.py:309 ST 4
TICK: 33869 PC:  16 ADDR:   1 MEM_OUT: 325 ACC: 326 BUFF: 699 DC: 0 FLAG_ZERO: True FLAG_LT: 0 FLAG_GT: 0
INPUT_PORT:  []
OUT_PORT:  []
DATA_MEM:  [699, 325]
---------------------------------------
DEBUG    root:machine.py:309 JMP 0
TICK: 33873 PC:  17 ADDR:   1 MEM_OUT: 326 ACC: 326 BUFF: 699 DC: 0 FLAG_ZERO: True FLAG_LT: 0 FLAG_GT: 0
INPUT_PORT:  []
OUT_PORT:  []
DATA_MEM:  [699, 326]
---------------------------------------
DEBUG    root:machine.py:309 LD 0
TICK: 33876 PC:   0 ADDR:   1 MEM_OUT: 326 ACC: 326 BUFF: 699 DC: 0 FLAG_ZERO: True FLAG_LT: 0 FLAG_GT: 0
INPUT_PORT:  []
OUT_PORT:  []
DATA_MEM:  [699, 326]
---------------------------------------
DEBUG    root:machine.py:309 INC 
TICK: 33880 PC:   1 ADDR:   0 MEM_OUT: 699 ACC: 699 BUFF: 699 DC: 0 FLAG_ZERO: True FLAG_LT: 0 FLAG_GT: 0
INPUT_PORT:  []
OUT_PORT:  []
DATA_MEM:  [699, 326]
---------------------------------------
DEBUG    root:machine.py:309 ST 0
TICK: 33883 PC:   2 ADDR:   0 MEM_OUT: 699 ACC: 700 BUFF: 699 DC: 0 FLAG_ZERO: True FLAG_LT: 0 FLAG_GT: 0
INPUT_PORT:  []
OUT_PORT:  []
DATA_MEM:  [699, 326]
---------------------------------------
DEBUG    root:machine.py:309 CMP 1000
TICK: 33887 PC:   3 ADDR:   0 MEM_OUT: 700 ACC: 700 BUFF: 699 DC: 0 FLAG_ZERO: True FLAG_LT: 0 FLAG_GT: 0
INPUT_PORT:  []
OUT_PORT:  []
DATA_MEM:  [700, 326]
---------------------------------------
DEBUG    root:machine.py:309 JGE 22
TICK: 33890 PC:   4 ADDR:   0 MEM_OUT: 700 ACC: 700 BUFF: 699 DC: 0 FLAG_ZERO: False FLAG_LT: 1 FLAG_GT: 0
INPUT_PORT:  []
OUT_PORT:  []
DATA_MEM:  [700, 326]
---------------------------------------
DEBUG    root:machine.py:309 LD 0
TICK: 33893 PC:   5 ADDR:   0 MEM_OUT: 700 ACC: 700 BUFF: 699 DC: 0 FLAG_ZERO: False FLAG_LT: 1 FLAG_GT: 0
INPUT_PORT:  []
OUT_PORT:  []
DATA_MEM:  [700, 326]
---------------------------------------
DEBUG    root:machine.py:309 MOD 3
TICK: 33897 PC:   6 ADDR:   0 MEM_OUT: 700 ACC: 700 BUFF: 699 DC: 0 FLAG_ZERO: False FLAG_LT: 1 FLAG_GT: 0
INPUT_PORT:  []
OUT_PORT:  []
DATA_MEM:  [700, 326]
---------------------------------------
DEBUG    root:machine.py:309 CMP 0
TICK: 33901 PC:   7 ADDR:   0 MEM_OUT: 700 ACC: 1 BUFF: 700 DC: 0 FLAG_ZERO: False FLAG_LT: 1 FLAG_GT: 0
INPUT_PORT:  []
OUT_PORT:  []
DATA_MEM:  [700, 326]
---------------------------------------
DEBUG    root:machine.py:309 JE 14
TICK: 33904 PC:   8 ADDR:   0 MEM_OUT: 700 ACC: 1 BUFF: 700 DC: 0 FLAG_ZERO: False FLAG_LT: 0 FLAG_GT: 1
INPUT_PORT:  []
OUT_PORT:  []
DATA_MEM:  [700, 326]
---------------------------------------
DEBUG    root:machine.py:309 LD 0
TICK: 33907 PC:   9 ADDR:   0 MEM_OUT: 700 ACC: 1 BUFF: 700 DC: 0 FLAG_ZERO: False FLAG_LT: 0 FLAG_GT: 1
INPUT_PORT:  []
OUT_PORT:  []
DATA_MEM:  [700, 326]
---------------------------------------
DEBUG    root:machine.py:309 MOD 5
TICK: 33911 PC:  10 ADDR:   0 MEM_OUT: 700 ACC: 700 BUFF: 700 DC: 0 FLAG_ZERO: False FLAG_LT: 0 FLAG_GT: 1
INPUT_PORT:  []
OUT_PORT:  []
DATA_MEM:  [700, 326]
---------------------------------------
DEBUG    root:machine.py:309 CMP 0
TICK: 33915 PC:  11 ADDR:   0 MEM_OUT: 700 ACC: 0 BUFF: 700 DC: 0 FLAG_ZERO: False FLAG_LT: 0 FLAG_GT: 1
INPUT_PORT:  []
OUT_PORT:  []
DATA_MEM:  [700, 326]
---------------------------------------
DEBUG    root:machine.py:309 JE 18
TICK: 33918 PC:  12 ADDR:   0 MEM_OUT: 700 ACC: 0 BUFF: 700 DC: 0 FLAG_ZERO: True FLAG_LT: 0 FLAG_GT: 0
INPUT_PORT:  []
OUT_PORT:  []
DATA_MEM:  [700, 326]
---------------------------------------
DEBUG    root:machine.py:309 LD 4
TICK: 33921 PC:  18 ADDR:   0 MEM_OUT: 700 ACC: 0 BUFF: 700 DC: 0 FLAG_ZERO: True FLAG_LT: 0 FLAG_GT: 0
INPUT_PORT:  []
OUT_PORT:  []
DATA_MEM:  [700, 326]
---------------------------------------
DEBUG    root:machine.py:309 INC 
TICK: 33925 PC:  19 ADDR:   1 MEM_OUT: 326 ACC: 326 BUFF: 700 DC: 0 FLAG_ZERO: True FLAG_LT: 0 FLAG_GT: 0
INPUT_PORT:  []
OUT_PORT:  []
DATA_MEM:  [700, 326]
---------------------------------------
DEBUG    root:machine.py:309 ST 4
TICK: 33928 PC:  20 ADDR:   1 MEM_OUT: 326 ACC: 327 BUFF: 700 DC: 0 FLAG_ZERO: True FLAG_LT: 0 FLAG_GT: 0
INPUT_PORT:  []
OUT_PORT:  []
DATA_MEM:  [700, 326]
---------------------------------------
DEBUG    root:machine.py:309 JMP 0
TICK: 33932 PC:  21 ADDR:   1 MEM_OUT: 327 ACC: 327 BUFF: 700 DC: 0 FLAG_ZERO: True FLAG_LT: 0 FLAG_GT: 0
INPUT_PORT:  []
OUT_PORT:  []
DATA_MEM:  [700, 327]
---------------------------------------
DEBUG    root:machine.py:309 LD 0
TICK: 33935 PC:   0 ADDR:   1 MEM_OUT: 327 ACC: 327 BUFF: 700 DC: 0 FLAG_ZERO: True FLAG_LT: 0 FLAG_GT: 0
INPUT_PORT:  []
OUT_PORT:  []
DATA_MEM:  [700, 327]
---------------------------------------
DEBUG    root:machine.py:309 INC 
TICK: 33939 PC:   1 ADDR:   0 MEM_OUT: 700 ACC: 700 BUFF: 700 DC: 0 FLAG_ZERO: True FLAG_LT: 0 FLAG_GT: 0
INPUT_PORT:  []
OUT_PORT:  []
DATA_MEM:  [700, 327]
---------------------------------------
DEBUG    root:machine.py:309 ST 0
TICK: 33942 PC:   2 ADDR:   0 MEM_OUT: 700 ACC: 701 BUFF: 700 DC: 0 FLAG_ZERO: True FLAG_LT: 0 FLAG_GT: 0
INPUT_PORT:  []
OUT_PORT:  []
DATA_MEM:  [700, 327]
---------------------------------------
DEBUG    root:machine.py:309 CMP 1000
TICK: 33946 PC:   3 ADDR:   0 MEM_OUT: 701 ACC: 701 BUFF: 700 DC: 0 FLAG_ZERO: True FLAG_LT: 0 FLAG_GT: 0
INPUT_PORT:  []
OUT_PORT:  []
DATA_MEM:  [701, 327]
---------------------------------------
DEBUG    root:machine.py:309 JGE 22
TICK: 33949 PC:   4 ADDR:   0 MEM_OUT: 701 ACC: 701 BUFF: 700 DC: 0 FLAG_ZERO: False FLAG_LT: 1 FLAG_GT: 0
INPUT_PORT:  []
OUT_PORT:  []
DATA_MEM:  [701, 327]
---------------------------------------
DEBUG    root:machine.py:309 LD 0
TICK: 33952 PC:   5 ADDR:   0 MEM_OUT: 701 ACC: 701 BUFF: 700 DC: 0 FLAG_ZERO: False FLAG_LT: 1 FLAG_GT: 0
INPUT_PORT:  []
OUT_PORT:  []
DATA_MEM:  [701, 327]
---------------------------------------
DEBUG    root:machine.py:309 MOD 3
TICK: 33956 PC:   6 ADDR:   0 MEM_OUT: 701 ACC: 701 BUFF: 700 DC: 0 FLAG_ZERO: False FLAG_LT: 1 FLAG_GT: 0
INPUT_PORT:  []
OUT_PORT:  []
DATA_MEM:  [701, 327]
---------------------------------------
DEBUG    root:machine.py:309 CMP 0
TICK: 33960 PC:   7 ADDR:   0 MEM_OUT: 701 ACC: 2 BUFF: 701 DC: 0 FLAG_ZERO: False FLAG_LT: 1 FLAG_GT: 0
INPUT_PORT:  []
OUT_PORT:  []
DATA_MEM:  [701, 327]
---------------------------------------
DEBUG    root:machine.py:309 JE 14
TICK: 33963 PC:   8 ADDR:   0 MEM_OUT: 701 ACC: 2 BUFF: 701 DC: 0 FLAG_ZERO: False FLAG_LT: 0 FLAG_GT: 1
INPUT_PORT:  []
OUT_PORT:  []
DATA_MEM:  [701, 327]
---------------------------------------
DEBUG    root:machine.py:309 LD 0
TICK: 33966 PC:   9 ADDR:   0 MEM_OUT: 701 ACC: 2 BUFF: 701 DC: 0 FLAG_ZERO: False FLAG_LT: 0 FLAG_GT: 1
INPUT_PORT:  []
OUT_PORT:  []
DATA_MEM:  [701, 327]
---------------------------------------
DEBUG    root:machine.py:309 MOD 5
TICK: 33970 PC:  10 ADDR:   0 MEM_OUT: 701 ACC: 701 BUFF: 701 DC: 0 FLAG_ZERO: False FLAG_LT: 0 FLAG_GT: 1
INPUT_PORT:  []
OUT_PORT:  []
DATA_MEM:  [701, 327]
---------------------------------------
DEBUG    root:machine.py:309 CMP 0
TICK: 33974 PC:  11 ADDR:   0 MEM_OUT: 701 ACC: 1 BUFF: 701 DC: 0 FLAG_ZERO: False FLAG_LT: 0 FLAG_GT: 1
INPUT_PORT:  []
OUT_PORT:  []
DATA_MEM:  [701, 327]
---------------------------------------
DEBUG    root:machine.py:309 JE 18
TICK: 33977 PC:  12 ADDR:   0 MEM_OUT: 701 ACC: 1 BUFF: 701 DC: 0 FLAG_ZERO: False FLAG_LT: 0 FLAG_GT: 1
INPUT_PORT:  []
OUT_PORT:  []
DATA_MEM:  [701, 327]
---------------------------------------
DEBUG    root:machine.py:309 JMP 0
TICK: 33980 PC:  13 ADDR:   0 MEM_OUT: 701 ACC: 1 BUFF: 701 DC: 0 FLAG_ZERO: False FLAG_LT: 0 FLAG_GT: 1
INPUT_PORT:  []
OUT_PORT:  []
DATA_MEM:  [701, 327]
---------------------------------------
DEBUG    root:machine.py:309 LD 0
TICK: 33983 PC:   0 ADDR:   0 MEM_OUT: 701 ACC: 1 BUFF: 701 DC: 0 FLAG_ZERO: False FLAG_LT: 0 FLAG_GT: 1
INPUT_PORT:  []
OUT_PORT:  []
DATA_MEM:  [701, 327]
---------------------------------------
DEBUG    root:machine.py:309 INC 
TICK: 33987 PC:   1 ADDR:   0 MEM_OUT: 701 ACC: 701 BUFF: 701 DC: 0 FLAG_ZERO: False FLAG_LT: 0 FLAG_GT: 1
INPUT_PORT:  []
OUT_PORT:  []
DATA_MEM:  [701, 327]
---------------------------------------
DEBUG    root:machine.py:309 ST 0
TICK: 33990 PC:   2 ADDR:   0 MEM_OUT: 701 ACC: 702 BUFF: 701 DC: 0 FLAG_ZERO: False FLAG_LT: 0 FLAG_GT: 1
INPUT_PORT:  []
OUT_PORT:  []
DATA_MEM:  [701, 327]
---------------------------------------
DEBUG    root:machine.py:309 CMP 1000
TICK: 33994 PC:   3 ADDR:   0 MEM_OUT: 702 ACC: 702 BUFF: 701 DC: 0 FLAG_ZERO: False FLAG_LT: 0 FLAG_GT: 1
INPUT_PORT:  []
OUT_PORT:  []
DATA_MEM:  [702, 327]
---------------------------------------
DEBUG    root:machine.py:309 JGE 22
TICK: 33997 PC:   4 ADDR:   0 MEM_OUT: 702 ACC: 702 BUFF: 701 DC: 0 FLAG_ZERO: False FLAG_LT: 1 FLAG_GT: 0
INPUT_PORT:  []
OUT_PORT:  []
DATA_MEM:  [702, 327]
---------------------------------------
DEBUG    root:machine.py:309 LD 0
TICK: 34000 PC:   5 ADDR:   0 MEM_OUT: 702 ACC: 702 BUFF: 701 DC: 0 FLAG_ZERO: False FLAG_LT: 1 FLAG_GT: 0
INPUT_PORT:  []
OUT_PORT:  []
DATA_MEM:  [702, 327]
---------------------------------------
DEBUG    root:machine.py:309 MOD 3
TICK: 34004 PC:   6 ADDR:   0 MEM_OUT: 702 ACC: 702 BUFF: 701 DC: 0 FLAG_ZERO: False FLAG_LT: 1 FLAG_GT: 0
INPUT_PORT:  []
OUT_PORT:  []
DATA_MEM:  [702, 327]
---------------------------------------
DEBUG    root:machine.py:309 CMP 0
TICK: 34008 PC:   7 ADDR:   0 MEM_OUT: 702 ACC: 0 BUFF: 702 DC: 0 FLAG_ZERO: False FLAG_LT: 1 FLAG_GT: 0
INPUT_PORT:  []
OUT_PORT:  []
DATA_MEM:  [702, 327]
---------------------------------------
DEBUG    root:machine.py:309 JE 14
TICK: 34011 PC:   8 ADDR:   0 MEM_OUT: 702 ACC: 0 BUFF: 702 DC: 0 FLAG_ZERO: True FLAG_LT: 0 FLAG_GT: 0
INPUT_PORT:  []
OUT_PORT:  []
DATA_MEM:  [702, 327]
---------------------------------------
DEBUG    root:machine.py:309 LD 4
TICK: 34014 PC:  14 ADDR:   0 MEM_OUT: 702 ACC: 0 BUFF: 702 DC: 0 FLAG_ZERO: True FLAG_LT: 0 FLAG_GT: 0
INPUT_PORT:  []
OUT_PORT:  []
DATA_MEM:  [702, 327]
---------------------------------------
DEBUG    root:machine.py:309 INC 
TICK: 34018 PC:  15 ADDR:   1 MEM_OUT: 327 ACC: 327 BUFF: 702 DC: 0 FLAG_ZERO: True FLAG_LT: 0 FLAG_GT: 0
INPUT_PORT:  []
OUT_PORT:  []
DATA_MEM:  [702, 327]
---------------------------------------
DEBUG    root:machine.py:309 ST 4
TICK: 34021 PC:  16 ADDR:   1 MEM_OUT: 327 ACC: 328 BUFF: 702 DC: 0 FLAG_ZERO: True FLAG_LT: 0 FLAG_GT: 0
INPUT_PORT:  []
OUT_PORT:  []
DATA_MEM:  [702, 327]
---------------------------------------
DEBUG    root:machine.py:309 JMP 0
TICK: 34025 PC:  17 ADDR:   1 MEM_OUT: 328 ACC: 328 BUFF: 702 DC: 0 FLAG_ZERO: True FLAG_LT: 0 FLAG_GT: 0
INPUT_PORT:  []
OUT_PORT:  []
DATA_MEM:  [702, 328]
---------------------------------------
DEBUG    root:machine.py:309 LD 0
TICK: 34028 PC:   0 ADDR:   1 MEM_OUT: 328 ACC: 328 BUFF: 702 DC: 0 FLAG_ZERO: True FLAG_LT: 0 FLAG_GT: 0
INPUT_PORT:  []
OUT_PORT:  []
DATA_MEM:  [702, 328]
---------------------------------------
DEBUG    root:machine.py:309 INC 
TICK: 34032 PC:   1 ADDR:   0 MEM_OUT: 702 ACC: 702 BUFF: 702 DC: 0 FLAG_ZERO: True FLAG_LT: 0 FLAG_GT: 0
INPUT_PORT:  []
OUT_PORT:  []
DATA_MEM:  [702, 328]
---------------------------------------
DEBUG    root:machine.py:309 ST 0
TICK: 34035 PC:   2 ADDR:   0 MEM_OUT: 702 ACC: 703 BUFF: 702 DC: 0 FLAG_ZERO: True FLAG_LT: 0 FLAG_GT: 0
INPUT_PORT:  []
OUT_PORT:  []
DATA_MEM:  [702, 328]
---------------------------------------
DEBUG    root:machine.py:309 CMP 1000
TICK: 34039 PC:   3 ADDR:   0 MEM_OUT: 703 ACC: 703 BUFF: 702 DC: 0 FLAG_ZERO: True FLAG_LT: 0 FLAG_GT: 0
INPUT_PORT:  []
OUT_PORT:  []
DATA_MEM:  [703, 328]
---------------------------------------
DEBUG    root:machine.py:309 JGE 22
TICK: 34042 PC:   4 ADDR:   0 MEM_OUT: 703 ACC: 703 BUFF: 702 DC: 0 FLAG_ZERO: False FLAG_LT: 1 FLAG_GT: 0
INPUT_PORT:  []
OUT_PORT:  []
DATA_MEM:  [703, 328]
---------------------------------------
DEBUG    root:machine.py:309 LD 0
TICK: 34045 PC:   5 ADDR:   0 MEM_OUT: 703 ACC: 703 BUFF: 702 DC: 0 FLAG_ZERO: False FLAG_LT: 1 FLAG_GT: 0
INPUT_PORT:  []
OUT_PORT:  []
DATA_MEM:  [703, 328]
---------------------------------------
DEBUG    root:machine.py:309 MOD 3
TICK: 34049 PC:   6 ADDR:   0 MEM_OUT: 703 ACC: 703 BUFF: 702 DC: 0 FLAG_ZERO: False FLAG_LT: 1 FLAG_GT: 0
INPUT_PORT:  []
OUT_PORT:  []
DATA_MEM:  [703, 328]
---------------------------------------
DEBUG    root:machine.py:309 CMP 0
TICK: 34053 PC:   7 ADDR:   0 MEM_OUT: 703 ACC: 1 BUFF: 703 DC: 0 FLAG_ZERO: False FLAG_LT: 1 FLAG_GT: 0
INPUT_PORT:  []
OUT_PORT:  []
DATA_MEM:  [703, 328]
---------------------------------------
DEBUG    root:machine.py:309 JE 14
TICK: 34056 PC:   8 ADDR:   0 MEM_OUT: 703 ACC: 1 BUFF: 703 DC: 0 FLAG_ZERO: False FLAG_LT: 0 FLAG_GT: 1
INPUT_PORT:  []
OUT_PORT:  []
DATA_MEM:  [703, 328]
---------------------------------------
DEBUG    root:machine.py:309 LD 0
TICK: 34059 PC:   9 ADDR:   0 MEM_OUT: 703 ACC: 1 BUFF: 703 DC: 0 FLAG_ZERO: False FLAG_LT: 0 FLAG_GT: 1
INPUT_PORT:  []
OUT_PORT:  []
DATA_MEM:  [703, 328]
---------------------------------------
DEBUG    root:machine.py:309 MOD 5
TICK: 34063 PC:  10 ADDR:   0 MEM_OUT: 703 ACC: 703 BUFF: 703 DC: 0 FLAG_ZERO: False FLAG_LT: 0 FLAG_GT: 1
INPUT_PORT:  []
OUT_PORT:  []
DATA_MEM:  [703, 328]
---------------------------------------
DEBUG    root:machine.py:309 CMP 0
TICK: 34067 PC:  11 ADDR:   0 MEM_OUT: 703 ACC: 3 BUFF: 703 DC: 0 FLAG_ZERO: False FLAG_LT: 0 FLAG_GT: 1
INPUT_PORT:  []
OUT_PORT:  []
DATA_MEM:  [703, 328]
---------------------------------------
DEBUG    root:machine.py:309 JE 18
TICK: 34070 PC:  12 ADDR:   0 MEM_OUT: 703 ACC: 3 BUFF: 703 DC: 0 FLAG_ZERO: False FLAG_LT: 0 FLAG_GT: 1
INPUT_PORT:  []
OUT_PORT:  []
DATA_MEM:  [703, 328]
---------------------------------------
DEBUG    root:machine.py:309 JMP 0
TICK: 34073 PC:  13 ADDR:   0 MEM_OUT: 703 ACC: 3 BUFF: 703 DC: 0 FLAG_ZERO: False FLAG_LT: 0 FLAG_GT: 1
INPUT_PORT:  []
OUT_PORT:  []
DATA_MEM:  [703, 328]
---------------------------------------
DEBUG    root:machine.py:309 LD 0
TICK: 34076 PC:   0 ADDR:   0 MEM_OUT: 703 ACC: 3 BUFF: 703 DC: 0 FLAG_ZERO: False FLAG_LT: 0 FLAG_GT: 1
INPUT_PORT:  []
OUT_PORT:  []
DATA_MEM:  [703, 328]
---------------------------------------
DEBUG    root:machine.py:309 INC 
TICK: 34080 PC:   1 ADDR:   0 MEM_OUT: 703 ACC: 703 BUFF: 703 DC: 0 FLAG_ZERO: False FLAG_LT: 0 FLAG_GT: 1
INPUT_PORT:  []
OUT_PORT:  []
DATA_MEM:  [703, 328]
---------------------------------------
DEBUG    root:machine.py:309 ST 0
TICK: 34083 PC:   2 ADDR:   0 MEM_OUT: 703 ACC: 704 BUFF: 703 DC: 0 FLAG_ZERO: False FLAG_LT: 0 FLAG_GT: 1
INPUT_PORT:  []
OUT_PORT:  []
DATA_MEM:  [703, 328]
---------------------------------------
DEBUG    root:machine.py:309 CMP 1000
TICK: 34087 PC:   3 ADDR:   0 MEM_OUT: 704 ACC: 704 BUFF: 703 DC: 0 FLAG_ZERO: False FLAG_LT: 0 FLAG_GT: 1
INPUT_PORT:  []
OUT_PORT:  []
DATA_MEM:  [704, 328]
---------------------------------------
DEBUG    root:machine.py:309 JGE 22
TICK: 34090 PC:   4 ADDR:   0 MEM_OUT: 704 ACC: 704 BUFF: 703 DC: 0 FLAG_ZERO: False FLAG_LT: 1 FLAG_GT: 0
INPUT_PORT:  []
OUT_PORT:  []
DATA_MEM:  [704, 328]
---------------------------------------
DEBUG    root:machine.py:309 LD 0
TICK: 34093 PC:   5 ADDR:   0 MEM_OUT: 704 ACC: 704 BUFF: 703 DC: 0 FLAG_ZERO: False FLAG_LT: 1 FLAG_GT: 0
INPUT_PORT:  []
OUT_PORT:  []
DATA_MEM:  [704, 328]
---------------------------------------
DEBUG    root:machine.py:309 MOD 3
TICK: 34097 PC:   6 ADDR:   0 MEM_OUT: 704 ACC: 704 BUFF: 703 DC: 0 FLAG_ZERO: False FLAG_LT: 1 FLAG_GT: 0
INPUT_PORT:  []
OUT_PORT:  []
DATA_MEM:  [704, 328]
---------------------------------------
DEBUG    root:machine.py:309 CMP 0
TICK: 34101 PC:   7 ADDR:   0 MEM_OUT: 704 ACC: 2 BUFF: 704 DC: 0 FLAG_ZERO: False FLAG_LT: 1 FLAG_GT: 0
INPUT_PORT:  []
OUT_PORT:  []
DATA_MEM:  [704, 328]
---------------------------------------
DEBUG    root:machine.py:309 JE 14
TICK: 34104 PC:   8 ADDR:   0 MEM_OUT: 704 ACC: 2 BUFF: 704 DC: 0 FLAG_ZERO: False FLAG_LT: 0 FLAG_GT: 1
INPUT_PORT:  []
OUT_PORT:  []
DATA_MEM:  [704, 328]
---------------------------------------
DEBUG    root:machine.py:309 LD 0
TICK: 34107 PC:   9 ADDR:   0 MEM_OUT: 704 ACC: 2 BUFF: 704 DC: 0 FLAG_ZERO: False FLAG_LT: 0 FLAG_GT: 1
INPUT_PORT:  []
OUT_PORT:  []
DATA_MEM:  [704, 328]
---------------------------------------
DEBUG    root:machine.py:309 MOD 5
TICK: 34111 PC:  10 ADDR:   0 MEM_OUT: 704 ACC: 704 BUFF: 704 DC: 0 FLAG_ZERO: False FLAG_LT: 0 FLAG_GT: 1
INPUT_PORT:  []
OUT_PORT:  []
DATA_MEM:  [704, 328]
---------------------------------------
DEBUG    root:machine.py:309 CMP 0
TICK: 34115 PC:  11 ADDR:   0 MEM_OUT: 704 ACC: 4 BUFF: 704 DC: 0 FLAG_ZERO: False FLAG_LT: 0 FLAG_GT: 1
INPUT_PORT:  []
OUT_PORT:  []
DATA_MEM:  [704, 328]
---------------------------------------
DEBUG    root:machine.py:309 JE 18
TICK: 34118 PC:  12 ADDR:   0 MEM_OUT: 704 ACC: 4 BUFF: 704 DC: 0 FLAG_ZERO: False FLAG_LT: 0 FLAG_GT: 1
INPUT_PORT:  []
OUT_PORT:  []
DATA_MEM:  [704, 328]
---------------------------------------
DEBUG    root:machine.py:309 JMP 0
TICK: 34121 PC:  13 ADDR:   0 MEM_OUT: 704 ACC: 4 BUFF: 704 DC: 0 FLAG_ZERO: False FLAG_LT: 0 FLAG_GT: 1
INPUT_PORT:  []
OUT_PORT:  []
DATA_MEM:  [704, 328]
---------------------------------------
DEBUG    root:machine.py:309 LD 0
TICK: 34124 PC:   0 ADDR:   0 MEM_OUT: 704 ACC: 4 BUFF: 704 DC: 0 FLAG_ZERO: False FLAG_LT: 0 FLAG_GT: 1
INPUT_PORT:  []
OUT_PORT:  []
DATA_MEM:  [704, 328]
---------------------------------------
DEBUG    root:machine.py:309 INC 
TICK: 34128 PC:   1 ADDR:   0 MEM_OUT: 704 ACC: 704 BUFF: 704 DC: 0 FLAG_ZERO: False FLAG_LT: 0 FLAG_GT: 1
INPUT_PORT:  []
OUT_PORT:  []
DATA_MEM:  [704, 328]
---------------------------------------
DEBUG    root:machine.py:309 ST 0
TICK: 34131 PC:   2 ADDR:   0 MEM_OUT: 704 ACC: 705 BUFF: 704 DC: 0 FLAG_ZERO: False FLAG_LT: 0 FLAG_GT: 1
INPUT_PORT:  []
OUT_PORT:  []
DATA_MEM:  [704, 328]
---------------------------------------
DEBUG    root:machine.py:309 CMP 1000
TICK: 34135 PC:   3 ADDR:   0 MEM_OUT: 705 ACC: 705 BUFF: 704 DC: 0 FLAG_ZERO: False FLAG_LT: 0 FLAG_GT: 1
INPUT_PORT:  []
OUT_PORT:  []
DATA_MEM:  [705, 328]
---------------------------------------
DEBUG    root:machine.py:309 JGE 22
TICK: 34138 PC:   4 ADDR:   0 MEM_OUT: 705 ACC: 705 BUFF: 704 DC: 0 FLAG_ZERO: False FLAG_LT: 1 FLAG_GT: 0
INPUT_PORT:  []
OUT_PORT:  []
DATA_MEM:  [705, 328]
---------------------------------------
DEBUG    root:machine.py:309 LD 0
TICK: 34141 PC:   5 ADDR:   0 MEM_OUT: 705 ACC: 705 BUFF: 704 DC: 0 FLAG_ZERO: False FLAG_LT: 1 FLAG_GT: 0
INPUT_PORT:  []
OUT_PORT:  []
DATA_MEM:  [705, 328]
---------------------------------------
DEBUG    root:machine.py:309 MOD 3
TICK: 34145 PC:   6 ADDR:   0 MEM_OUT: 705 ACC: 705 BUFF: 704 DC: 0 FLAG_ZERO: False FLAG_LT: 1 FLAG_GT: 0
INPUT_PORT:  []
OUT_PORT:  []
DATA_MEM:  [705, 328]
---------------------------------------
DEBUG    root:machine.py:309 CMP 0
TICK: 34149 PC:   7 ADDR:   0 MEM_OUT: 705 ACC: 0 BUFF: 705 DC: 0 FLAG_ZERO: False FLAG_LT: 1 FLAG_GT: 0
INPUT_PORT:  []
OUT_PORT:  []
DATA_MEM:  [705, 328]
---------------------------------------
DEBUG    root:machine.py:309 JE 14
TICK: 34152 PC:   8 ADDR:   0 MEM_OUT: 705 ACC: 0 BUFF: 705 DC: 0 FLAG_ZERO: True FLAG_LT: 0 FLAG_GT: 0
INPUT_PORT:  []
OUT_PORT:  []
DATA_MEM:  [705, 328]
---------------------------------------
DEBUG    root:machine.py:309 LD 4
TICK: 34155 PC:  14 ADDR:   0 MEM_OUT: 705 ACC: 0 BUFF: 705 DC: 0 FLAG_ZERO: True FLAG_LT: 0 FLAG_GT: 0
INPUT_PORT:  []
OUT_PORT:  []
DATA_MEM:  [705, 328]
---------------------------------------
DEBUG    root:machine.py:309 INC 
TICK: 34159 PC:  15 ADDR:   1 MEM_OUT: 328 ACC: 328 BUFF: 705 DC: 0 FLAG_ZERO: True FLAG_LT: 0 FLAG_GT: 0
INPUT_PORT:  []
OUT_PORT:  []
DATA_MEM:  [705, 328]
---------------------------------------
DEBUG    root:machine.py:309 ST 4
TICK: 34162 PC:  16 ADDR:   1 MEM_OUT: 328 ACC: 329 BUFF: 705 DC: 0 FLAG_ZERO: True FLAG_LT: 0 FLAG_GT: 0
INPUT_PORT:  []
OUT_PORT:  []
DATA_MEM:  [705, 328]
---------------------------------------
DEBUG    root:machine.py:309 JMP 0
TICK: 34166 PC:  17 ADDR:   1 MEM_OUT: 329 ACC: 329 BUFF: 705 DC: 0 FLAG_ZERO: True FLAG_LT: 0 FLAG_GT: 0
INPUT_PORT:  []
OUT_PORT:  []
DATA_MEM:  [705, 329]
---------------------------------------
DEBUG    root:machine.py:309 LD 0
TICK: 34169 PC:   0 ADDR:   1 MEM_OUT: 329 ACC: 329 BUFF: 705 DC: 0 FLAG_ZERO: True FLAG_LT: 0 FLAG_GT: 0
INPUT_PORT:  []
OUT_PORT:  []
DATA_MEM:  [705, 329]
---------------------------------------
DEBUG    root:machine.py:309 INC 
TICK: 34173 PC:   1 ADDR:   0 MEM_OUT: 705 ACC: 705 BUFF: 705 DC: 0 FLAG_ZERO: True FLAG_LT: 0 FLAG_GT: 0
INPUT_PORT:  []
OUT_PORT:  []
DATA_MEM:  [705, 329]
---------------------------------------
DEBUG    root:machine.py:309 ST 0
TICK: 34176 PC:   2 ADDR:   0 MEM_OUT: 705 ACC: 706 BUFF: 705 DC: 0 FLAG_ZERO: True FLAG_LT: 0 FLAG_GT: 0
INPUT_PORT:  []
OUT_PORT:  []
DATA_MEM:  [705, 329]
---------------------------------------
DEBUG    root:machine.py:309 CMP 1000
TICK: 34180 PC:   3 ADDR:   0 MEM_OUT: 706 ACC: 706 BUFF: 705 DC: 0 FLAG_ZERO: True FLAG_LT: 0 FLAG_GT: 0
INPUT_PORT:  []
OUT_PORT:  []
DATA_MEM:  [706, 329]
---------------------------------------
DEBUG    root:machine.py:309 JGE 22
TICK: 34183 PC:   4 ADDR:   0 MEM_OUT: 706 ACC: 706 BUFF: 705 DC: 0 FLAG_ZERO: False FLAG_LT: 1 FLAG_GT: 0
INPUT_PORT:  []
OUT_PORT:  []
DATA_MEM:  [706, 329]
---------------------------------------
DEBUG    root:machine.py:309 LD 0
TICK: 34186 PC:   5 ADDR:   0 MEM_OUT: 706 ACC: 706 BUFF: 705 DC: 0 FLAG_ZERO: False FLAG_LT: 1 FLAG_GT: 0
INPUT_PORT:  []
OUT_PORT:  []
DATA_MEM:  [706, 329]
---------------------------------------
DEBUG    root:machine.py:309 MOD 3
TICK: 34190 PC:   6 ADDR:   0 MEM_OUT: 706 ACC: 706 BUFF: 705 DC: 0 FLAG_ZERO: False FLAG_LT: 1 FLAG_GT: 0
INPUT_PORT:  []
OUT_PORT:  []
DATA_MEM:  [706, 329]
---------------------------------------
DEBUG    root:machine.py:309 CMP 0
TICK: 34194 PC:   7 ADDR:   0 MEM_OUT: 706 ACC: 1 BUFF: 706 DC: 0 FLAG_ZERO: False FLAG_LT: 1 FLAG_GT: 0
INPUT_PORT:  []
OUT_PORT:  []
DATA_MEM:  [706, 329]
---------------------------------------
DEBUG    root:machine.py:309 JE 14
TICK: 34197 PC:   8 ADDR:   0 MEM_OUT: 706 ACC: 1 BUFF: 706 DC: 0 FLAG_ZERO: False FLAG_LT: 0 FLAG_GT: 1
INPUT_PORT:  []
OUT_PORT:  []
DATA_MEM:  [706, 329]
---------------------------------------
DEBUG    root:machine.py:309 LD 0
TICK: 34200 PC:   9 ADDR:   0 MEM_OUT: 706 ACC: 1 BUFF: 706 DC: 0 FLAG_ZERO: False FLAG_LT: 0 FLAG_GT: 1
INPUT_PORT:  []
OUT_PORT:  []
DATA_MEM:  [706, 329]
---------------------------------------
DEBUG    root:machine.py:309 MOD 5
TICK: 34204 PC:  10 ADDR:   0 MEM_OUT: 706 ACC: 706 BUFF: 706 DC: 0 FLAG_ZERO: False FLAG_LT: 0 FLAG_GT: 1
INPUT_PORT:  []
OUT_PORT:  []
DATA_MEM:  [706, 329]
---------------------------------------
DEBUG    root:machine.py:309 CMP 0
TICK: 34208 PC:  11 ADDR:   0 MEM_OUT: 706 ACC: 1 BUFF: 706 DC: 0 FLAG_ZERO: False FLAG_LT: 0 FLAG_GT: 1
INPUT_PORT:  []
OUT_PORT:  []
DATA_MEM:  [706, 329]
---------------------------------------
DEBUG    root:machine.py:309 JE 18
TICK: 34211 PC:  12 ADDR:   0 MEM_OUT: 706 ACC: 1 BUFF: 706 DC: 0 FLAG_ZERO: False FLAG_LT: 0 FLAG_GT: 1
INPUT_PORT:  []
OUT_PORT:  []
DATA_MEM:  [706, 329]
---------------------------------------
DEBUG    root:machine.py:309 JMP 0
TICK: 34214 PC:  13 ADDR:   0 MEM_OUT: 706 ACC: 1 BUFF: 706 DC: 0 FLAG_ZERO: False FLAG_LT: 0 FLAG_GT: 1
INPUT_PORT:  []
OUT_PORT:  []
DATA_MEM:  [706, 329]
---------------------------------------
DEBUG    root:machine.py:309 LD 0
TICK: 34217 PC:   0 ADDR:   0 MEM_OUT: 706 ACC: 1 BUFF: 706 DC: 0 FLAG_ZERO: False FLAG_LT: 0 FLAG_GT: 1
INPUT_PORT:  []
OUT_PORT:  []
DATA_MEM:  [706, 329]
---------------------------------------
DEBUG    root:machine.py:309 INC 
TICK: 34221 PC:   1 ADDR:   0 MEM_OUT: 706 ACC: 706 BUFF: 706 DC: 0 FLAG_ZERO: False FLAG_LT: 0 FLAG_GT: 1
INPUT_PORT:  []
OUT_PORT:  []
DATA_MEM:  [706, 329]
---------------------------------------
DEBUG    root:machine.py:309 ST 0
TICK: 34224 PC:   2 ADDR:   0 MEM_OUT: 706 ACC: 707 BUFF: 706 DC: 0 FLAG_ZERO: False FLAG_LT: 0 FLAG_GT: 1
INPUT_PORT:  []
OUT_PORT:  []
DATA_MEM:  [706, 329]
---------------------------------------
DEBUG    root:machine.py:309 CMP 1000
TICK: 34228 PC:   3 ADDR:   0 MEM_OUT: 707 ACC: 707 BUFF: 706 DC: 0 FLAG_ZERO: False FLAG_LT: 0 FLAG_GT: 1
INPUT_PORT:  []
OUT_PORT:  []
DATA_MEM:  [707, 329]
---------------------------------------
DEBUG    root:machine.py:309 JGE 22
TICK: 34231 PC:   4 ADDR:   0 MEM_OUT: 707 ACC: 707 BUFF: 706 DC: 0 FLAG_ZERO: False FLAG_LT: 1 FLAG_GT: 0
INPUT_PORT:  []
OUT_PORT:  []
DATA_MEM:  [707, 329]
---------------------------------------
DEBUG    root:machine.py:309 LD 0
TICK: 34234 PC:   5 ADDR:   0 MEM_OUT: 707 ACC: 707 BUFF: 706 DC: 0 FLAG_ZERO: False FLAG_LT: 1 FLAG_GT: 0
INPUT_PORT:  []
OUT_PORT:  []
DATA_MEM:  [707, 329]
---------------------------------------
DEBUG    root:machine.py:309 MOD 3
TICK: 34238 PC:   6 ADDR:   0 MEM_OUT: 707 ACC: 707 BUFF: 706 DC: 0 FLAG_ZERO: False FLAG_LT: 1 FLAG_GT: 0
INPUT_PORT:  []
OUT_PORT:  []
DATA_MEM:  [707, 329]
---------------------------------------
DEBUG    root:machine.py:309 CMP 0
TICK: 34242 PC:   7 ADDR:   0 MEM_OUT: 707 ACC: 2 BUFF: 707 DC: 0 FLAG_ZERO: False FLAG_LT: 1 FLAG_GT: 0
INPUT_PORT:  []
OUT_PORT:  []
DATA_MEM:  [707, 329]
---------------------------------------
DEBUG    root:machine.py:309 JE 14
TICK: 34245 PC:   8 ADDR:   0 MEM_OUT: 707 ACC: 2 BUFF: 707 DC: 0 FLAG_ZERO: False FLAG_LT: 0 FLAG_GT: 1
INPUT_PORT:  []
OUT_PORT:  []
DATA_MEM:  [707, 329]
---------------------------------------
DEBUG    root:machine.py:309 LD 0
TICK: 34248 PC:   9 ADDR:   0 MEM_OUT: 707 ACC: 2 BUFF: 707 DC: 0 FLAG_ZERO: False FLAG_LT: 0 FLAG_GT: 1
INPUT_PORT:  []
OUT_PORT:  []
DATA_MEM:  [707, 329]
---------------------------------------
DEBUG    root:machine.py:309 MOD 5
TICK: 34252 PC:  10 ADDR:   0 MEM_OUT: 707 ACC: 707 BUFF: 707 DC: 0 FLAG_ZERO: False FLAG_LT: 0 FLAG_GT: 1
INPUT_PORT:  []
OUT_PORT:  []
DATA_MEM:  [707, 329]
---------------------------------------
DEBUG    root:machine.py:309 CMP 0
TICK: 34256 PC:  11 ADDR:   0 MEM_OUT: 707 ACC: 2 BUFF: 707 DC: 0 FLAG_ZERO: False FLAG_LT: 0 FLAG_GT: 1
INPUT_PORT:  []
OUT_PORT:  []
DATA_MEM:  [707, 329]
---------------------------------------
DEBUG    root:machine.py:309 JE 18
TICK: 34259 PC:  12 ADDR:   0 MEM_OUT: 707 ACC: 2 BUFF: 707 DC: 0 FLAG_ZERO: False FLAG_LT: 0 FLAG_GT: 1
INPUT_PORT:  []
OUT_PORT:  []
DATA_MEM:  [707, 329]
---------------------------------------
DEBUG    root:machine.py:309 JMP 0
TICK: 34262 PC:  13 ADDR:   0 MEM_OUT: 707 ACC: 2 BUFF: 707 DC: 0 FLAG_ZERO: False FLAG_LT: 0 FLAG_GT: 1
INPUT_PORT:  []
OUT_PORT:  []
DATA_MEM:  [707, 329]
---------------------------------------
DEBUG    root:machine.py:309 LD 0
TICK: 34265 PC:   0 ADDR:   0 MEM_OUT: 707 ACC: 2 BUFF: 707 DC: 0 FLAG_ZERO: False FLAG_LT: 0 FLAG_GT: 1
INPUT_PORT:  []
OUT_PORT:  []
DATA_MEM:  [707, 329]
---------------------------------------
DEBUG    root:machine.py:309 INC 
TICK: 34269 PC:   1 ADDR:   0 MEM_OUT: 707 ACC: 707 BUFF: 707 DC: 0 FLAG_ZERO: False FLAG_LT: 0 FLAG_GT: 1
INPUT_PORT:  []
OUT_PORT:  []
DATA_MEM:  [707, 329]
---------------------------------------
DEBUG    root:machine.py:309 ST 0
TICK: 34272 PC:   2 ADDR:   0 MEM_OUT: 707 ACC: 708 BUFF: 707 DC: 0 FLAG_ZERO: False FLAG_LT: 0 FLAG_GT: 1
INPUT_PORT:  []
OUT_PORT:  []
DATA_MEM:  [707, 329]
---------------------------------------
DEBUG    root:machine.py:309 CMP 1000
TICK: 34276 PC:   3 ADDR:   0 MEM_OUT: 708 ACC: 708 BUFF: 707 DC: 0 FLAG_ZERO: False FLAG_LT: 0 FLAG_GT: 1
INPUT_PORT:  []
OUT_PORT:  []
DATA_MEM:  [708, 329]
---------------------------------------
DEBUG    root:machine.py:309 JGE 22
TICK: 34279 PC:   4 ADDR:   0 MEM_OUT: 708 ACC: 708 BUFF: 707 DC: 0 FLAG_ZERO: False FLAG_LT: 1 FLAG_GT: 0
INPUT_PORT:  []
OUT_PORT:  []
DATA_MEM:  [708, 329]
---------------------------------------
DEBUG    root:machine.py:309 LD 0
TICK: 34282 PC:   5 ADDR:   0 MEM_OUT: 708 ACC: 708 BUFF: 707 DC: 0 FLAG_ZERO: False FLAG_LT: 1 FLAG_GT: 0
INPUT_PORT:  []
OUT_PORT:  []
DATA_MEM:  [708, 329]
---------------------------------------
DEBUG    root:machine.py:309 MOD 3
TICK: 34286 PC:   6 ADDR:   0 MEM_OUT: 708 ACC: 708 BUFF: 707 DC: 0 FLAG_ZERO: False FLAG_LT: 1 FLAG_GT: 0
INPUT_PORT:  []
OUT_PORT:  []
DATA_MEM:  [708, 329]
---------------------------------------
DEBUG    root:machine.py:309 CMP 0
TICK: 34290 PC:   7 ADDR:   0 MEM_OUT: 708 ACC: 0 BUFF: 708 DC: 0 FLAG_ZERO: False FLAG_LT: 1 FLAG_GT: 0
INPUT_PORT:  []
OUT_PORT:  []
DATA_MEM:  [708, 329]
---------------------------------------
DEBUG    root:machine.py:309 JE 14
TICK: 34293 PC:   8 ADDR:   0 MEM_OUT: 708 ACC: 0 BUFF: 708 DC: 0 FLAG_ZERO: True FLAG_LT: 0 FLAG_GT: 0
INPUT_PORT:  []
OUT_PORT:  []
DATA_MEM:  [708, 329]
---------------------------------------
DEBUG    root:machine.py:309 LD 4
TICK: 34296 PC:  14 ADDR:   0 MEM_OUT: 708 ACC: 0 BUFF: 708 DC: 0 FLAG_ZERO: True FLAG_LT: 0 FLAG_GT: 0
INPUT_PORT:  []
OUT_PORT:  []
DATA_MEM:  [708, 329]
---------------------------------------
DEBUG    root:machine.py:309 INC 
TICK: 34300 PC:  15 ADDR:   1 MEM_OUT: 329 ACC: 329 BUFF: 708 DC: 0 FLAG_ZERO: True FLAG_LT: 0 FLAG_GT: 0
INPUT_PORT:  []
OUT_PORT:  []
DATA_MEM:  [708, 329]
---------------------------------------
DEBUG    root:machine.py:309 ST 4
TICK: 34303 PC:  16 ADDR:   1 MEM_OUT: 329 ACC: 330 BUFF: 708 DC: 0 FLAG_ZERO: True FLAG_LT: 0 FLAG_GT: 0
INPUT_PORT:  []
OUT_PORT:  []
DATA_MEM:  [708, 329]
---------------------------------------
DEBUG    root:machine.py:309 JMP 0
TICK: 34307 PC:  17 ADDR:   1 MEM_OUT: 330 ACC: 330 BUFF: 708 DC: 0 FLAG_ZERO: True FLAG_LT: 0 FLAG_GT: 0
INPUT_PORT:  []
OUT_PORT:  []
DATA_MEM:  [708, 330]
---------------------------------------
DEBUG    root:machine.py:309 LD 0
TICK: 34310 PC:   0 ADDR:   1 MEM_OUT: 330 ACC: 330 BUFF: 708 DC: 0 FLAG_ZERO: True FLAG_LT: 0 FLAG_GT: 0
INPUT_PORT:  []
OUT_PORT:  []
DATA_MEM:  [708, 330]
---------------------------------------
DEBUG    root:machine.py:309 INC 
TICK: 34314 PC:   1 ADDR:   0 MEM_OUT: 708 ACC: 708 BUFF: 708 DC: 0 FLAG_ZERO: True FLAG_LT: 0 FLAG_GT: 0
INPUT_PORT:  []
OUT_PORT:  []
DATA_MEM:  [708, 330]
---------------------------------------
DEBUG    root:machine.py:309 ST 0
TICK: 34317 PC:   2 ADDR:   0 MEM_OUT: 708 ACC: 709 BUFF: 708 DC: 0 FLAG_ZERO: True FLAG_LT: 0 FLAG_GT: 0
INPUT_PORT:  []
OUT_PORT:  []
DATA_MEM:  [708, 330]
---------------------------------------
DEBUG    root:machine.py:309 CMP 1000
TICK: 34321 PC:   3 ADDR:   0 MEM_OUT: 709 ACC: 709 BUFF: 708 DC: 0 FLAG_ZERO: True FLAG_LT: 0 FLAG_GT: 0
INPUT_PORT:  []
OUT_PORT:  []
DATA_MEM:  [709, 330]
---------------------------------------
DEBUG    root:machine.py:309 JGE 22
TICK: 34324 PC:   4 ADDR:   0 MEM_OUT: 709 ACC: 709 BUFF: 708 DC: 0 FLAG_ZERO: False FLAG_LT: 1 FLAG_GT: 0
INPUT_PORT:  []
OUT_PORT:  []
DATA_MEM:  [709, 330]
---------------------------------------
DEBUG    root:machine.py:309 LD 0
TICK: 34327 PC:   5 ADDR:   0 MEM_OUT: 709 ACC: 709 BUFF: 708 DC: 0 FLAG_ZERO: False FLAG_LT: 1 FLAG_GT: 0
INPUT_PORT:  []
OUT_PORT:  []
DATA_MEM:  [709, 330]
---------------------------------------
DEBUG    root:machine.py:309 MOD 3
TICK: 34331 PC:   6 ADDR:   0 MEM_OUT: 709 ACC: 709 BUFF: 708 DC: 0 FLAG_ZERO: False FLAG_LT: 1 FLAG_GT: 0
INPUT_PORT:  []
OUT_PORT:  []
DATA_MEM:  [709, 330]
---------------------------------------
DEBUG    root:machine.py:309 CMP 0
TICK: 34335 PC:   7 ADDR:   0 MEM_OUT: 709 ACC: 1 BUFF: 709 DC: 0 FLAG_ZERO: False FLAG_LT: 1 FLAG_GT: 0
INPUT_PORT:  []
OUT_PORT:  []
DATA_MEM:  [709, 330]
---------------------------------------
DEBUG    root:machine.py:309 JE 14
TICK: 34338 PC:   8 ADDR:   0 MEM_OUT: 709 ACC: 1 BUFF: 709 DC: 0 FLAG_ZERO: False FLAG_LT: 0 FLAG_GT: 1
INPUT_PORT:  []
OUT_PORT:  []
DATA_MEM:  [709, 330]
---------------------------------------
DEBUG    root:machine.py:309 LD 0
TICK: 34341 PC:   9 ADDR:   0 MEM_OUT: 709 ACC: 1 BUFF: 709 DC: 0 FLAG_ZERO: False FLAG_LT: 0 FLAG_GT: 1
INPUT_PORT:  []
OUT_PORT:  []
DATA_MEM:  [709, 330]
---------------------------------------
DEBUG    root:machine.py:309 MOD 5
TICK: 34345 PC:  10 ADDR:   0 MEM_OUT: 709 ACC: 709 BUFF: 709 DC: 0 FLAG_ZERO: False FLAG_LT: 0 FLAG_GT: 1
INPUT_PORT:  []
OUT_PORT:  []
DATA_MEM:  [709, 330]
---------------------------------------
DEBUG    root:machine.py:309 CMP 0
TICK: 34349 PC:  11 ADDR:   0 MEM_OUT: 709 ACC: 4 BUFF: 709 DC: 0 FLAG_ZERO: False FLAG_LT: 0 FLAG_GT: 1
INPUT_PORT:  []
OUT_PORT:  []
DATA_MEM:  [709, 330]
---------------------------------------
DEBUG    root:machine.py:309 JE 18
TICK: 34352 PC:  12 ADDR:   0 MEM_OUT: 709 ACC: 4 BUFF: 709 DC: 0 FLAG_ZERO: False FLAG_LT: 0 FLAG_GT: 1
INPUT_PORT:  []
OUT_PORT:  []
DATA_MEM:  [709, 330]
---------------------------------------
DEBUG    root:machine.py:309 JMP 0
TICK: 34355 PC:  13 ADDR:   0 MEM_OUT: 709 ACC: 4 BUFF: 709 DC: 0 FLAG_ZERO: False FLAG_LT: 0 FLAG_GT: 1
INPUT_PORT:  []
OUT_PORT:  []
DATA_MEM:  [709, 330]
---------------------------------------
DEBUG    root:machine.py:309 LD 0
TICK: 34358 PC:   0 ADDR:   0 MEM_OUT: 709 ACC: 4 BUFF: 709 DC: 0 FLAG_ZERO: False FLAG_LT: 0 FLAG_GT: 1
INPUT_PORT:  []
OUT_PORT:  []
DATA_MEM:  [709, 330]
---------------------------------------
DEBUG    root:machine.py:309 INC 
TICK: 34362 PC:   1 ADDR:   0 MEM_OUT: 709 ACC: 709 BUFF: 709 DC: 0 FLAG_ZERO: False FLAG_LT: 0 FLAG_GT: 1
INPUT_PORT:  []
OUT_PORT:  []
DATA_MEM:  [709, 330]
---------------------------------------
DEBUG    root:machine.py:309 ST 0
TICK: 34365 PC:   2 ADDR:   0 MEM_OUT: 709 ACC: 710 BUFF: 709 DC: 0 FLAG_ZERO: False FLAG_LT: 0 FLAG_GT: 1
INPUT_PORT:  []
OUT_PORT:  []
DATA_MEM:  [709, 330]
---------------------------------------
DEBUG    root:machine.py:309 CMP 1000
TICK: 34369 PC:   3 ADDR:   0 MEM_OUT: 710 ACC: 710 BUFF: 709 DC: 0 FLAG_ZERO: False FLAG_LT: 0 FLAG_GT: 1
INPUT_PORT:  []
OUT_PORT:  []
DATA_MEM:  [710, 330]
---------------------------------------
DEBUG    root:machine.py:309 JGE 22
TICK: 34372 PC:   4 ADDR:   0 MEM_OUT: 710 ACC: 710 BUFF: 709 DC: 0 FLAG_ZERO: False FLAG_LT: 1 FLAG_GT: 0
INPUT_PORT:  []
OUT_PORT:  []
DATA_MEM:  [710, 330]
---------------------------------------
DEBUG    root:machine.py:309 LD 0
TICK: 34375 PC:   5 ADDR:   0 MEM_OUT: 710 ACC: 710 BUFF: 709 DC: 0 FLAG_ZERO: False FLAG_LT: 1 FLAG_GT: 0
INPUT_PORT:  []
OUT_PORT:  []
DATA_MEM:  [710, 330]
---------------------------------------
DEBUG    root:machine.py:309 MOD 3
TICK: 34379 PC:   6 ADDR:   0 MEM_OUT: 710 ACC: 710 BUFF: 709 DC: 0 FLAG_ZERO: False FLAG_LT: 1 FLAG_GT: 0
INPUT_PORT:  []
OUT_PORT:  []
DATA_MEM:  [710, 330]
---------------------------------------
DEBUG    root:machine.py:309 CMP 0
TICK: 34383 PC:   7 ADDR:   0 MEM_OUT: 710 ACC: 2 BUFF: 710 DC: 0 FLAG_ZERO: False FLAG_LT: 1 FLAG_GT: 0
INPUT_PORT:  []
OUT_PORT:  []
DATA_MEM:  [710, 330]
---------------------------------------
DEBUG    root:machine.py:309 JE 14
TICK: 34386 PC:   8 ADDR:   0 MEM_OUT: 710 ACC: 2 BUFF: 710 DC: 0 FLAG_ZERO: False FLAG_LT: 0 FLAG_GT: 1
INPUT_PORT:  []
OUT_PORT:  []
DATA_MEM:  [710, 330]
---------------------------------------
DEBUG    root:machine.py:309 LD 0
TICK: 34389 PC:   9 ADDR:   0 MEM_OUT: 710 ACC: 2 BUFF: 710 DC: 0 FLAG_ZERO: False FLAG_LT: 0 FLAG_GT: 1
INPUT_PORT:  []
OUT_PORT:  []
DATA_MEM:  [710, 330]
---------------------------------------
DEBUG    root:machine.py:309 MOD 5
TICK: 34393 PC:  10 ADDR:   0 MEM_OUT: 710 ACC: 710 BUFF: 710 DC: 0 FLAG_ZERO: False FLAG_LT: 0 FLAG_GT: 1
INPUT_PORT:  []
OUT_PORT:  []
DATA_MEM:  [710, 330]
---------------------------------------
DEBUG    root:machine.py:309 CMP 0
TICK: 34397 PC:  11 ADDR:   0 MEM_OUT: 710 ACC: 0 BUFF: 710 DC: 0 FLAG_ZERO: False FLAG_LT: 0 FLAG_GT: 1
INPUT_PORT:  []
OUT_PORT:  []
DATA_MEM:  [710, 330]
---------------------------------------
DEBUG    root:machine.py:309 JE 18
TICK: 34400 PC:  12 ADDR:   0 MEM_OUT: 710 ACC: 0 BUFF: 710 DC: 0 FLAG_ZERO: True FLAG_LT: 0 FLAG_GT: 0
INPUT_PORT:  []
OUT_PORT:  []
DATA_MEM:  [710, 330]
---------------------------------------
DEBUG    root:machine.py:309 LD 4
TICK: 34403 PC:  18 ADDR:   0 MEM_OUT: 710 ACC: 0 BUFF: 710 DC: 0 FLAG_ZERO: True FLAG_LT: 0 FLAG_GT: 0
INPUT_PORT:  []
OUT_PORT:  []
DATA_MEM:  [710, 330]
---------------------------------------
DEBUG    root:machine.py:309 INC 
TICK: 34407 PC:  19 ADDR:   1 MEM_OUT: 330 ACC: 330 BUFF: 710 DC: 0 FLAG_ZERO: True FLAG_LT: 0 FLAG_GT: 0
INPUT_PORT:  []
OUT_PORT:  []
DATA_MEM:  [710, 330]
---------------------------------------
DEBUG    root:machine.py:309 ST 4
TICK: 34410 PC:  20 ADDR:   1 MEM_OUT: 330 ACC: 331 BUFF: 710 DC: 0 FLAG_ZERO: True FLAG_LT: 0 FLAG_GT: 0
INPUT_PORT:  []
OUT_PORT:  []
DATA_MEM:  [710, 330]
---------------------------------------
DEBUG    root:machine.py:309 JMP 0
TICK: 34414 PC:  21 ADDR:   1 MEM_OUT: 331 ACC: 331 BUFF: 710 DC: 0 FLAG_ZERO: True FLAG_LT: 0 FLAG_GT: 0
INPUT_PORT:  []
OUT_PORT:  []
DATA_MEM:  [710, 331]
---------------------------------------
DEBUG    root:machine.py:309 LD 0
TICK: 34417 PC:   0 ADDR:   1 MEM_OUT: 331 ACC: 331 BUFF: 710 DC: 0 FLAG_ZERO: True FLAG_LT: 0 FLAG_GT: 0
INPUT_PORT:  []
OUT_PORT:  []
DATA_MEM:  [710, 331]
---------------------------------------
DEBUG    root:machine.py:309 INC 
TICK: 34421 PC:   1 ADDR:   0 MEM_OUT: 710 ACC: 710 BUFF: 710 DC: 0 FLAG_ZERO: True FLAG_LT: 0 FLAG_GT: 0
INPUT_PORT:  []
OUT_PORT:  []
DATA_MEM:  [710, 331]
---------------------------------------
DEBUG    root:machine.py:309 ST 0
TICK: 34424 PC:   2 ADDR:   0 MEM_OUT: 710 ACC: 711 BUFF: 710 DC: 0 FLAG_ZERO: True FLAG_LT: 0 FLAG_GT: 0
INPUT_PORT:  []
OUT_PORT:  []
DATA_MEM:  [710, 331]
---------------------------------------
DEBUG    root:machine.py:309 CMP 1000
TICK: 34428 PC:   3 ADDR:   0 MEM_OUT: 711 ACC: 711 BUFF: 710 DC: 0 FLAG_ZERO: True FLAG_LT: 0 FLAG_GT: 0
INPUT_PORT:  []
OUT_PORT:  []
DATA_MEM:  [711, 331]
---------------------------------------
DEBUG    root:machine.py:309 JGE 22
TICK: 34431 PC:   4 ADDR:   0 MEM_OUT: 711 ACC: 711 BUFF: 710 DC: 0 FLAG_ZERO: False FLAG_LT: 1 FLAG_GT: 0
INPUT_PORT:  []
OUT_PORT:  []
DATA_MEM:  [711, 331]
---------------------------------------
DEBUG    root:machine.py:309 LD 0
TICK: 34434 PC:   5 ADDR:   0 MEM_OUT: 711 ACC: 711 BUFF: 710 DC: 0 FLAG_ZERO: False FLAG_LT: 1 FLAG_GT: 0
INPUT_PORT:  []
OUT_PORT:  []
DATA_MEM:  [711, 331]
---------------------------------------
DEBUG    root:machine.py:309 MOD 3
TICK: 34438 PC:   6 ADDR:   0 MEM_OUT: 711 ACC: 711 BUFF: 710 DC: 0 FLAG_ZERO: False FLAG_LT: 1 FLAG_GT: 0
INPUT_PORT:  []
OUT_PORT:  []
DATA_MEM:  [711, 331]
---------------------------------------
DEBUG    root:machine.py:309 CMP 0
TICK: 34442 PC:   7 ADDR:   0 MEM_OUT: 711 ACC: 0 BUFF: 711 DC: 0 FLAG_ZERO: False FLAG_LT: 1 FLAG_GT: 0
INPUT_PORT:  []
OUT_PORT:  []
DATA_MEM:  [711, 331]
---------------------------------------
DEBUG    root:machine.py:309 JE 14
TICK: 34445 PC:   8 ADDR:   0 MEM_OUT: 711 ACC: 0 BUFF: 711 DC: 0 FLAG_ZERO: True FLAG_LT: 0 FLAG_GT: 0
INPUT_PORT:  []
OUT_PORT:  []
DATA_MEM:  [711, 331]
---------------------------------------
DEBUG    root:machine.py:309 LD 4
TICK: 34448 PC:  14 ADDR:   0 MEM_OUT: 711 ACC: 0 BUFF: 711 DC: 0 FLAG_ZERO: True FLAG_LT: 0 FLAG_GT: 0
INPUT_PORT:  []
OUT_PORT:  []
DATA_MEM:  [711, 331]
---------------------------------------
DEBUG    root:machine.py:309 INC 
TICK: 34452 PC:  15 ADDR:   1 MEM_OUT: 331 ACC: 331 BUFF: 711 DC: 0 FLAG_ZERO: True FLAG_LT: 0 FLAG_GT: 0
INPUT_PORT:  []
OUT_PORT:  []
DATA_MEM:  [711, 331]
---------------------------------------
DEBUG    root:machine.py:309 ST 4
TICK: 34455 PC:  16 ADDR:   1 MEM_OUT: 331 ACC: 332 BUFF: 711 DC: 0 FLAG_ZERO: True FLAG_LT: 0 FLAG_GT: 0
INPUT_PORT:  []
OUT_PORT:  []
DATA_MEM:  [711, 331]
---------------------------------------
DEBUG    root:machine.py:309 JMP 0
TICK: 34459 PC:  17 ADDR:   1 MEM_OUT: 332 ACC: 332 BUFF: 711 DC: 0 FLAG_ZERO: True FLAG_LT: 0 FLAG_GT: 0
INPUT_PORT:  []
OUT_PORT:  []
DATA_MEM:  [711, 332]
---------------------------------------
DEBUG    root:machine.py:309 LD 0
TICK: 34462 PC:   0 ADDR:   1 MEM_OUT: 332 ACC: 332 BUFF: 711 DC: 0 FLAG_ZERO: True FLAG_LT: 0 FLAG_GT: 0
INPUT_PORT:  []
OUT_PORT:  []
DATA_MEM:  [711, 332]
---------------------------------------
DEBUG    root:machine.py:309 INC 
TICK: 34466 PC:   1 ADDR:   0 MEM_OUT: 711 ACC: 711 BUFF: 711 DC: 0 FLAG_ZERO: True FLAG_LT: 0 FLAG_GT: 0
INPUT_PORT:  []
OUT_PORT:  []
DATA_MEM:  [711, 332]
---------------------------------------
DEBUG    root:machine.py:309 ST 0
TICK: 34469 PC:   2 ADDR:   0 MEM_OUT: 711 ACC: 712 BUFF: 711 DC: 0 FLAG_ZERO: True FLAG_LT: 0 FLAG_GT: 0
INPUT_PORT:  []
OUT_PORT:  []
DATA_MEM:  [711, 332]
---------------------------------------
DEBUG    root:machine.py:309 CMP 1000
TICK: 34473 PC:   3 ADDR:   0 MEM_OUT: 712 ACC: 712 BUFF: 711 DC: 0 FLAG_ZERO: True FLAG_LT: 0 FLAG_GT: 0
INPUT_PORT:  []
OUT_PORT:  []
DATA_MEM:  [712, 332]
---------------------------------------
DEBUG    root:machine.py:309 JGE 22
TICK: 34476 PC:   4 ADDR:   0 MEM_OUT: 712 ACC: 712 BUFF: 711 DC: 0 FLAG_ZERO: False FLAG_LT: 1 FLAG_GT: 0
INPUT_PORT:  []
OUT_PORT:  []
DATA_MEM:  [712, 332]
---------------------------------------
DEBUG    root:machine.py:309 LD 0
TICK: 34479 PC:   5 ADDR:   0 MEM_OUT: 712 ACC: 712 BUFF: 711 DC: 0 FLAG_ZERO: False FLAG_LT: 1 FLAG_GT: 0
INPUT_PORT:  []
OUT_PORT:  []
DATA_MEM:  [712, 332]
---------------------------------------
DEBUG    root:machine.py:309 MOD 3
TICK: 34483 PC:   6 ADDR:   0 MEM_OUT: 712 ACC: 712 BUFF: 711 DC: 0 FLAG_ZERO: False FLAG_LT: 1 FLAG_GT: 0
INPUT_PORT:  []
OUT_PORT:  []
DATA_MEM:  [712, 332]
---------------------------------------
DEBUG    root:machine.py:309 CMP 0
TICK: 34487 PC:   7 ADDR:   0 MEM_OUT: 712 ACC: 1 BUFF: 712 DC: 0 FLAG_ZERO: False FLAG_LT: 1 FLAG_GT: 0
INPUT_PORT:  []
OUT_PORT:  []
DATA_MEM:  [712, 332]
---------------------------------------
DEBUG    root:machine.py:309 JE 14
TICK: 34490 PC:   8 ADDR:   0 MEM_OUT: 712 ACC: 1 BUFF: 712 DC: 0 FLAG_ZERO: False FLAG_LT: 0 FLAG_GT: 1
INPUT_PORT:  []
OUT_PORT:  []
DATA_MEM:  [712, 332]
---------------------------------------
DEBUG    root:machine.py:309 LD 0
TICK: 34493 PC:   9 ADDR:   0 MEM_OUT: 712 ACC: 1 BUFF: 712 DC: 0 FLAG_ZERO: False FLAG_LT: 0 FLAG_GT: 1
INPUT_PORT:  []
OUT_PORT:  []
DATA_MEM:  [712, 332]
---------------------------------------
DEBUG    root:machine.py:309 MOD 5
TICK: 34497 PC:  10 ADDR:   0 MEM_OUT: 712 ACC: 712 BUFF: 712 DC: 0 FLAG_ZERO: False FLAG_LT: 0 FLAG_GT: 1
INPUT_PORT:  []
OUT_PORT:  []
DATA_MEM:  [712, 332]
---------------------------------------
DEBUG    root:machine.py:309 CMP 0
TICK: 34501 PC:  11 ADDR:   0 MEM_OUT: 712 ACC: 2 BUFF: 712 DC: 0 FLAG_ZERO: False FLAG_LT: 0 FLAG_GT: 1
INPUT_PORT:  []
OUT_PORT:  []
DATA_MEM:  [712, 332]
---------------------------------------
DEBUG    root:machine.py:309 JE 18
TICK: 34504 PC:  12 ADDR:   0 MEM_OUT: 712 ACC: 2 BUFF: 712 DC: 0 FLAG_ZERO: False FLAG_LT: 0 FLAG_GT: 1
INPUT_PORT:  []
OUT_PORT:  []
DATA_MEM:  [712, 332]
---------------------------------------
DEBUG    root:machine.py:309 JMP 0
TICK: 34507 PC:  13 ADDR:   0 MEM_OUT: 712 ACC: 2 BUFF: 712 DC: 0 FLAG_ZERO: False FLAG_LT: 0 FLAG_GT: 1
INPUT_PORT:  []
OUT_PORT:  []
DATA_MEM:  [712, 332]
---------------------------------------
DEBUG    root:machine.py:309 LD 0
TICK: 34510 PC:   0 ADDR:   0 MEM_OUT: 712 ACC: 2 BUFF: 712 DC: 0 FLAG_ZERO: False FLAG_LT: 0 FLAG_GT: 1
INPUT_PORT:  []
OUT_PORT:  []
DATA_MEM:  [712, 332]
---------------------------------------
DEBUG    root:machine.py:309 INC 
TICK: 34514 PC:   1 ADDR:   0 MEM_OUT: 712 ACC: 712 BUFF: 712 DC: 0 FLAG_ZERO: False FLAG_LT: 0 FLAG_GT: 1
INPUT_PORT:  []
OUT_PORT:  []
DATA_MEM:  [712, 332]
---------------------------------------
DEBUG    root:machine.py:309 ST 0
TICK: 34517 PC:   2 ADDR:   0 MEM_OUT: 712 ACC: 713 BUFF: 712 DC: 0 FLAG_ZERO: False FLAG_LT: 0 FLAG_GT: 1
INPUT_PORT:  []
OUT_PORT:  []
DATA_MEM:  [712, 332]
---------------------------------------
DEBUG    root:machine.py:309 CMP 1000
TICK: 34521 PC:   3 ADDR:   0 MEM_OUT: 713 ACC: 713 BUFF: 712 DC: 0 FLAG_ZERO: False FLAG_LT: 0 FLAG_GT: 1
INPUT_PORT:  []
OUT_PORT:  []
DATA_MEM:  [713, 332]
---------------------------------------
DEBUG    root:machine.py:309 JGE 22
TICK: 34524 PC:   4 ADDR:   0 MEM_OUT: 713 ACC: 713 BUFF: 712 DC: 0 FLAG_ZERO: False FLAG_LT: 1 FLAG_GT: 0
INPUT_PORT:  []
OUT_PORT:  []
DATA_MEM:  [713, 332]
---------------------------------------
DEBUG    root:machine.py:309 LD 0
TICK: 34527 PC:   5 ADDR:   0 MEM_OUT: 713 ACC: 713 BUFF: 712 DC: 0 FLAG_ZERO: False FLAG_LT: 1 FLAG_GT: 0
INPUT_PORT:  []
OUT_PORT:  []
DATA_MEM:  [713, 332]
---------------------------------------
DEBUG    root:machine.py:309 MOD 3
TICK: 34531 PC:   6 ADDR:   0 MEM_OUT: 713 ACC: 713 BUFF: 712 DC: 0 FLAG_ZERO: False FLAG_LT: 1 FLAG_GT: 0
INPUT_PORT:  []
OUT_PORT:  []
DATA_MEM:  [713, 332]
---------------------------------------
DEBUG    root:machine.py:309 CMP 0
TICK: 34535 PC:   7 ADDR:   0 MEM_OUT: 713 ACC: 2 BUFF: 713 DC: 0 FLAG_ZERO: False FLAG_LT: 1 FLAG_GT: 0
INPUT_PORT:  []
OUT_PORT:  []
DATA_MEM:  [713, 332]
---------------------------------------
DEBUG    root:machine.py:309 JE 14
TICK: 34538 PC:   8 ADDR:   0 MEM_OUT: 713 ACC: 2 BUFF: 713 DC: 0 FLAG_ZERO: False FLAG_LT: 0 FLAG_GT: 1
INPUT_PORT:  []
OUT_PORT:  []
DATA_MEM:  [713, 332]
---------------------------------------
DEBUG    root:machine.py:309 LD 0
TICK: 34541 PC:   9 ADDR:   0 MEM_OUT: 713 ACC: 2 BUFF: 713 DC: 0 FLAG_ZERO: False FLAG_LT: 0 FLAG_GT: 1
INPUT_PORT:  []
OUT_PORT:  []
DATA_MEM:  [713, 332]
---------------------------------------
DEBUG    root:machine.py:309 MOD 5
TICK: 34545 PC:  10 ADDR:   0 MEM_OUT: 713 ACC: 713 BUFF: 713 DC: 0 FLAG_ZERO: False FLAG_LT: 0 FLAG_GT: 1
INPUT_PORT:  []
OUT_PORT:  []
DATA_MEM:  [713, 332]
---------------------------------------
DEBUG    root:machine.py:309 CMP 0
TICK: 34549 PC:  11 ADDR:   0 MEM_OUT: 713 ACC: 3 BUFF: 713 DC: 0 FLAG_ZERO: False FLAG_LT: 0 FLAG_GT: 1
INPUT_PORT:  []
OUT_PORT:  []
DATA_MEM:  [713, 332]
---------------------------------------
DEBUG    root:machine.py:309 JE 18
TICK: 34552 PC:  12 ADDR:   0 MEM_OUT: 713 ACC: 3 BUFF: 713 DC: 0 FLAG_ZERO: False FLAG_LT: 0 FLAG_GT: 1
INPUT_PORT:  []
OUT_PORT:  []
DATA_MEM:  [713, 332]
---------------------------------------
DEBUG    root:machine.py:309 JMP 0
TICK: 34555 PC:  13 ADDR:   0 MEM_OUT: 713 ACC: 3 BUFF: 713 DC: 0 FLAG_ZERO: False FLAG_LT: 0 FLAG_GT: 1
INPUT_PORT:  []
OUT_PORT:  []
DATA_MEM:  [713, 332]
---------------------------------------
DEBUG    root:machine.py:309 LD 0
TICK: 34558 PC:   0 ADDR:   0 MEM_OUT: 713 ACC: 3 BUFF: 713 DC: 0 FLAG_ZERO: False FLAG_LT: 0 FLAG_GT: 1
INPUT_PORT:  []
OUT_PORT:  []
DATA_MEM:  [713, 332]
---------------------------------------
DEBUG    root:machine.py:309 INC 
TICK: 34562 PC:   1 ADDR:   0 MEM_OUT: 713 ACC: 713 BUFF: 713 DC: 0 FLAG_ZERO: False FLAG_LT: 0 FLAG_GT: 1
INPUT_PORT:  []
OUT_PORT:  []
DATA_MEM:  [713, 332]
---------------------------------------
DEBUG    root:machine.py:309 ST 0
TICK: 34565 PC:   2 ADDR:   0 MEM_OUT: 713 ACC: 714 BUFF: 713 DC: 0 FLAG_ZERO: False FLAG_LT: 0 FLAG_GT: 1
INPUT_PORT:  []
OUT_PORT:  []
DATA_MEM:  [713, 332]
---------------------------------------
DEBUG    root:machine.py:309 CMP 1000
TICK: 34569 PC:   3 ADDR:   0 MEM_OUT: 714 ACC: 714 BUFF: 713 DC: 0 FLAG_ZERO: False FLAG_LT: 0 FLAG_GT: 1
INPUT_PORT:  []
OUT_PORT:  []
DATA_MEM:  [714, 332]
---------------------------------------
DEBUG    root:machine.py:309 JGE 22
TICK: 34572 PC:   4 ADDR:   0 MEM_OUT: 714 ACC: 714 BUFF: 713 DC: 0 FLAG_ZERO: False FLAG_LT: 1 FLAG_GT: 0
INPUT_PORT:  []
OUT_PORT:  []
DATA_MEM:  [714, 332]
---------------------------------------
DEBUG    root:machine.py:309 LD 0
TICK: 34575 PC:   5 ADDR:   0 MEM_OUT: 714 ACC: 714 BUFF: 713 DC: 0 FLAG_ZERO: False FLAG_LT: 1 FLAG_GT: 0
INPUT_PORT:  []
OUT_PORT:  []
DATA_MEM:  [714, 332]
---------------------------------------
DEBUG    root:machine.py:309 MOD 3
TICK: 34579 PC:   6 ADDR:   0 MEM_OUT: 714 ACC: 714 BUFF: 713 DC: 0 FLAG_ZERO: False FLAG_LT: 1 FLAG_GT: 0
INPUT_PORT:  []
OUT_PORT:  []
DATA_MEM:  [714, 332]
---------------------------------------
DEBUG    root:machine.py:309 CMP 0
TICK: 34583 PC:   7 ADDR:   0 MEM_OUT: 714 ACC: 0 BUFF: 714 DC: 0 FLAG_ZERO: False FLAG_LT: 1 FLAG_GT: 0
INPUT_PORT:  []
OUT_PORT:  []
DATA_MEM:  [714, 332]
---------------------------------------
DEBUG    root:machine.py:309 JE 14
TICK: 34586 PC:   8 ADDR:   0 MEM_OUT: 714 ACC: 0 BUFF: 714 DC: 0 FLAG_ZERO: True FLAG_LT: 0 FLAG_GT: 0
INPUT_PORT:  []
OUT_PORT:  []
DATA_MEM:  [714, 332]
---------------------------------------
DEBUG    root:machine.py:309 LD 4
TICK: 34589 PC:  14 ADDR:   0 MEM_OUT: 714 ACC: 0 BUFF: 714 DC: 0 FLAG_ZERO: True FLAG_LT: 0 FLAG_GT: 0
INPUT_PORT:  []
OUT_PORT:  []
DATA_MEM:  [714, 332]
---------------------------------------
DEBUG    root:machine.py:309 INC 
TICK: 34593 PC:  15 ADDR:   1 MEM_OUT: 332 ACC: 332 BUFF: 714 DC: 0 FLAG_ZERO: True FLAG_LT: 0 FLAG_GT: 0
INPUT_PORT:  []
OUT_PORT:  []
DATA_MEM:  [714, 332]
---------------------------------------
DEBUG    root:machine.py:309 ST 4
TICK: 34596 PC:  16 ADDR:   1 MEM_OUT: 332 ACC: 333 BUFF: 714 DC: 0 FLAG_ZERO: True FLAG_LT: 0 FLAG_GT: 0
INPUT_PORT:  []
OUT_PORT:  []
DATA_MEM:  [714, 332]
---------------------------------------
DEBUG    root:machine.py:309 JMP 0
TICK: 34600 PC:  17 ADDR:   1 MEM_OUT: 333 ACC: 333 BUFF: 714 DC: 0 FLAG_ZERO: True FLAG_LT: 0 FLAG_GT: 0
INPUT_PORT:  []
OUT_PORT:  []
DATA_MEM:  [714, 333]
---------------------------------------
DEBUG    root:machine.py:309 LD 0
TICK: 34603 PC:   0 ADDR:   1 MEM_OUT: 333 ACC: 333 BUFF: 714 DC: 0 FLAG_ZERO: True FLAG_LT: 0 FLAG_GT: 0
INPUT_PORT:  []
OUT_PORT:  []
DATA_MEM:  [714, 333]
---------------------------------------
DEBUG    root:machine.py:309 INC 
TICK: 34607 PC:   1 ADDR:   0 MEM_OUT: 714 ACC: 714 BUFF: 714 DC: 0 FLAG_ZERO: True FLAG_LT: 0 FLAG_GT: 0
INPUT_PORT:  []
OUT_PORT:  []
DATA_MEM:  [714, 333]
---------------------------------------
DEBUG    root:machine.py:309 ST 0
TICK: 34610 PC:   2 ADDR:   0 MEM_OUT: 714 ACC: 715 BUFF: 714 DC: 0 FLAG_ZERO: True FLAG_LT: 0 FLAG_GT: 0
INPUT_PORT:  []
OUT_PORT:  []
DATA_MEM:  [714, 333]
---------------------------------------
DEBUG    root:machine.py:309 CMP 1000
TICK: 34614 PC:   3 ADDR:   0 MEM_OUT: 715 ACC: 715 BUFF: 714 DC: 0 FLAG_ZERO: True FLAG_LT: 0 FLAG_GT: 0
INPUT_PORT:  []
OUT_PORT:  []
DATA_MEM:  [715, 333]
---------------------------------------
DEBUG    root:machine.py:309 JGE 22
TICK: 34617 PC:   4 ADDR:   0 MEM_OUT: 715 ACC: 715 BUFF: 714 DC: 0 FLAG_ZERO: False FLAG_LT: 1 FLAG_GT: 0
INPUT_PORT:  []
OUT_PORT:  []
DATA_MEM:  [715, 333]
---------------------------------------
DEBUG    root:machine.py:309 LD 0
TICK: 34620 PC:   5 ADDR:   0 MEM_OUT: 715 ACC: 715 BUFF: 714 DC: 0 FLAG_ZERO: False FLAG_LT: 1 FLAG_GT: 0
INPUT_PORT:  []
OUT_PORT:  []
DATA_MEM:  [715, 333]
---------------------------------------
DEBUG    root:machine.py:309 MOD 3
TICK: 34624 PC:   6 ADDR:   0 MEM_OUT: 715 ACC: 715 BUFF: 714 DC: 0 FLAG_ZERO: False FLAG_LT: 1 FLAG_GT: 0
INPUT_PORT:  []
OUT_PORT:  []
DATA_MEM:  [715, 333]
---------------------------------------
DEBUG    root:machine.py:309 CMP 0
TICK: 34628 PC:   7 ADDR:   0 MEM_OUT: 715 ACC: 1 BUFF: 715 DC: 0 FLAG_ZERO: False FLAG_LT: 1 FLAG_GT: 0
INPUT_PORT:  []
OUT_PORT:  []
DATA_MEM:  [715, 333]
---------------------------------------
DEBUG    root:machine.py:309 JE 14
TICK: 34631 PC:   8 ADDR:   0 MEM_OUT: 715 ACC: 1 BUFF: 715 DC: 0 FLAG_ZERO: False FLAG_LT: 0 FLAG_GT: 1
INPUT_PORT:  []
OUT_PORT:  []
DATA_MEM:  [715, 333]
---------------------------------------
DEBUG    root:machine.py:309 LD 0
TICK: 34634 PC:   9 ADDR:   0 MEM_OUT: 715 ACC: 1 BUFF: 715 DC: 0 FLAG_ZERO: False FLAG_LT: 0 FLAG_GT: 1
INPUT_PORT:  []
OUT_PORT:  []
DATA_MEM:  [715, 333]
---------------------------------------
DEBUG    root:machine.py:309 MOD 5
TICK: 34638 PC:  10 ADDR:   0 MEM_OUT: 715 ACC: 715 BUFF: 715 DC: 0 FLAG_ZERO: False FLAG_LT: 0 FLAG_GT: 1
INPUT_PORT:  []
OUT_PORT:  []
DATA_MEM:  [715, 333]
---------------------------------------
DEBUG    root:machine.py:309 CMP 0
TICK: 34642 PC:  11 ADDR:   0 MEM_OUT: 715 ACC: 0 BUFF: 715 DC: 0 FLAG_ZERO: False FLAG_LT: 0 FLAG_GT: 1
INPUT_PORT:  []
OUT_PORT:  []
DATA_MEM:  [715, 333]
---------------------------------------
DEBUG    root:machine.py:309 JE 18
TICK: 34645 PC:  12 ADDR:   0 MEM_OUT: 715 ACC: 0 BUFF: 715 DC: 0 FLAG_ZERO: True FLAG_LT: 0 FLAG_GT: 0
INPUT_PORT:  []
OUT_PORT:  []
DATA_MEM:  [715, 333]
---------------------------------------
DEBUG    root:machine.py:309 LD 4
TICK: 34648 PC:  18 ADDR:   0 MEM_OUT: 715 ACC: 0 BUFF: 715 DC: 0 FLAG_ZERO: True FLAG_LT: 0 FLAG_GT: 0
INPUT_PORT:  []
OUT_PORT:  []
DATA_MEM:  [715, 333]
---------------------------------------
DEBUG    root:machine.py:309 INC 
TICK: 34652 PC:  19 ADDR:   1 MEM_OUT: 333 ACC: 333 BUFF: 715 DC: 0 FLAG_ZERO: True FLAG_LT: 0 FLAG_GT: 0
INPUT_PORT:  []
OUT_PORT:  []
DATA_MEM:  [715, 333]
---------------------------------------
DEBUG    root:machine.py:309 ST 4
TICK: 34655 PC:  20 ADDR:   1 MEM_OUT: 333 ACC: 334 BUFF: 715 DC: 0 FLAG_ZERO: True FLAG_LT: 0 FLAG_GT: 0
INPUT_PORT:  []
OUT_PORT:  []
DATA_MEM:  [715, 333]
---------------------------------------
DEBUG    root:machine.py:309 JMP 0
TICK: 34659 PC:  21 ADDR:   1 MEM_OUT: 334 ACC: 334 BUFF: 715 DC: 0 FLAG_ZERO: True FLAG_LT: 0 FLAG_GT: 0
INPUT_PORT:  []
OUT_PORT:  []
DATA_MEM:  [715, 334]
---------------------------------------
DEBUG    root:machine.py:309 LD 0
TICK: 34662 PC:   0 ADDR:   1 MEM_OUT: 334 ACC: 334 BUFF: 715 DC: 0 FLAG_ZERO: True FLAG_LT: 0 FLAG_GT: 0
INPUT_PORT:  []
OUT_PORT:  []
DATA_MEM:  [715, 334]
---------------------------------------
DEBUG    root:machine.py:309 INC 
TICK: 34666 PC:   1 ADDR:   0 MEM_OUT: 715 ACC: 715 BUFF: 715 DC: 0 FLAG_ZERO: True FLAG_LT: 0 FLAG_GT: 0
INPUT_PORT:  []
OUT_PORT:  []
DATA_MEM:  [715, 334]
---------------------------------------
DEBUG    root:machine.py:309 ST 0
TICK: 34669 PC:   2 ADDR:   0 MEM_OUT: 715 ACC: 716 BUFF: 715 DC: 0 FLAG_ZERO: True FLAG_LT: 0 FLAG_GT: 0
INPUT_PORT:  []
OUT_PORT:  []
DATA_MEM:  [715, 334]
---------------------------------------
DEBUG    root:machine.py:309 CMP 1000
TICK: 34673 PC:   3 ADDR:   0 MEM_OUT: 716 ACC: 716 BUFF: 715 DC: 0 FLAG_ZERO: True FLAG_LT: 0 FLAG_GT: 0
INPUT_PORT:  []
OUT_PORT:  []
DATA_MEM:  [716, 334]
---------------------------------------
DEBUG    root:machine.py:309 JGE 22
TICK: 34676 PC:   4 ADDR:   0 MEM_OUT: 716 ACC: 716 BUFF: 715 DC: 0 FLAG_ZERO: False FLAG_LT: 1 FLAG_GT: 0
INPUT_PORT:  []
OUT_PORT:  []
DATA_MEM:  [716, 334]
---------------------------------------
DEBUG    root:machine.py:309 LD 0
TICK: 34679 PC:   5 ADDR:   0 MEM_OUT: 716 ACC: 716 BUFF: 715 DC: 0 FLAG_ZERO: False FLAG_LT: 1 FLAG_GT: 0
INPUT_PORT:  []
OUT_PORT:  []
DATA_MEM:  [716, 334]
---------------------------------------
DEBUG    root:machine.py:309 MOD 3
TICK: 34683 PC:   6 ADDR:   0 MEM_OUT: 716 ACC: 716 BUFF: 715 DC: 0 FLAG_ZERO: False FLAG_LT: 1 FLAG_GT: 0
INPUT_PORT:  []
OUT_PORT:  []
DATA_MEM:  [716, 334]
---------------------------------------
DEBUG    root:machine.py:309 CMP 0
TICK: 34687 PC:   7 ADDR:   0 MEM_OUT: 716 ACC: 2 BUFF: 716 DC: 0 FLAG_ZERO: False FLAG_LT: 1 FLAG_GT: 0
INPUT_PORT:  []
OUT_PORT:  []
DATA_MEM:  [716, 334]
---------------------------------------
DEBUG    root:machine.py:309 JE 14
TICK: 34690 PC:   8 ADDR:   0 MEM_OUT: 716 ACC: 2 BUFF: 716 DC: 0 FLAG_ZERO: False FLAG_LT: 0 FLAG_GT: 1
INPUT_PORT:  []
OUT_PORT:  []
DATA_MEM:  [716, 334]
---------------------------------------
DEBUG    root:machine.py:309 LD 0
TICK: 34693 PC:   9 ADDR:   0 MEM_OUT: 716 ACC: 2 BUFF: 716 DC: 0 FLAG_ZERO: False FLAG_LT: 0 FLAG_GT: 1
INPUT_PORT:  []
OUT_PORT:  []
DATA_MEM:  [716, 334]
---------------------------------------
DEBUG    root:machine.py:309 MOD 5
TICK: 34697 PC:  10 ADDR:   0 MEM_OUT: 716 ACC: 716 BUFF: 716 DC: 0 FLAG_ZERO: False FLAG_LT: 0 FLAG_GT: 1
INPUT_PORT:  []
OUT_PORT:  []
DATA_MEM:  [716, 334]
---------------------------------------
DEBUG    root:machine.py:309 CMP 0
TICK: 34701 PC:  11 ADDR:   0 MEM_OUT: 716 ACC: 1 BUFF: 716 DC: 0 FLAG_ZERO: False FLAG_LT: 0 FLAG_GT: 1
INPUT_PORT:  []
OUT_PORT:  []
DATA_MEM:  [716, 334]
---------------------------------------
DEBUG    root:machine.py:309 JE 18
TICK: 34704 PC:  12 ADDR:   0 MEM_OUT: 716 ACC: 1 BUFF: 716 DC: 0 FLAG_ZERO: False FLAG_LT: 0 FLAG_GT: 1
INPUT_PORT:  []
OUT_PORT:  []
DATA_MEM:  [716, 334]
---------------------------------------
DEBUG    root:machine.py:309 JMP 0
TICK: 34707 PC:  13 ADDR:   0 MEM_OUT: 716 ACC: 1 BUFF: 716 DC: 0 FLAG_ZERO: False FLAG_LT: 0 FLAG_GT: 1
INPUT_PORT:  []
OUT_PORT:  []
DATA_MEM:  [716, 334]
---------------------------------------
DEBUG    root:machine.py:309 LD 0
TICK: 34710 PC:   0 ADDR:   0 MEM_OUT: 716 ACC: 1 BUFF: 716 DC: 0 FLAG_ZERO: False FLAG_LT: 0 FLAG_GT: 1
INPUT_PORT:  []
OUT_PORT:  []
DATA_MEM:  [716, 334]
---------------------------------------
DEBUG    root:machine.py:309 INC 
TICK: 34714 PC:   1 ADDR:   0 MEM_OUT: 716 ACC: 716 BUFF: 716 DC: 0 FLAG_ZERO: False FLAG_LT: 0 FLAG_GT: 1
INPUT_PORT:  []
OUT_PORT:  []
DATA_MEM:  [716, 334]
---------------------------------------
DEBUG    root:machine.py:309 ST 0
TICK: 34717 PC:   2 ADDR:   0 MEM_OUT: 716 ACC: 717 BUFF: 716 DC: 0 FLAG_ZERO: False FLAG_LT: 0 FLAG_GT: 1
INPUT_PORT:  []
OUT_PORT:  []
DATA_MEM:  [716, 334]
---------------------------------------
DEBUG    root:machine.py:309 CMP 1000
TICK: 34721 PC:   3 ADDR:   0 MEM_OUT: 717 ACC: 717 BUFF: 716 DC: 0 FLAG_ZERO: False FLAG_LT: 0 FLAG_GT: 1
INPUT_PORT:  []
OUT_PORT:  []
DATA_MEM:  [717, 334]
---------------------------------------
DEBUG    root:machine.py:309 JGE 22
TICK: 34724 PC:   4 ADDR:   0 MEM_OUT: 717 ACC: 717 BUFF: 716 DC: 0 FLAG_ZERO: False FLAG_LT: 1 FLAG_GT: 0
INPUT_PORT:  []
OUT_PORT:  []
DATA_MEM:  [717, 334]
---------------------------------------
DEBUG    root:machine.py:309 LD 0
TICK: 34727 PC:   5 ADDR:   0 MEM_OUT: 717 ACC: 717 BUFF: 716 DC: 0 FLAG_ZERO: False FLAG_LT: 1 FLAG_GT: 0
INPUT_PORT:  []
OUT_PORT:  []
DATA_MEM:  [717, 334]
---------------------------------------
DEBUG    root:machine.py:309 MOD 3
TICK: 34731 PC:   6 ADDR:   0 MEM_OUT: 717 ACC: 717 BUFF: 716 DC: 0 FLAG_ZERO: False FLAG_LT: 1 FLAG_GT: 0
INPUT_PORT:  []
OUT_PORT:  []
DATA_MEM:  [717, 334]
---------------------------------------
DEBUG    root:machine.py:309 CMP 0
TICK: 34735 PC:   7 ADDR:   0 MEM_OUT: 717 ACC: 0 BUFF: 717 DC: 0 FLAG_ZERO: False FLAG_LT: 1 FLAG_GT: 0
INPUT_PORT:  []
OUT_PORT:  []
DATA_MEM:  [717, 334]
---------------------------------------
DEBUG    root:machine.py:309 JE 14
TICK: 34738 PC:   8 ADDR:   0 MEM_OUT: 717 ACC: 0 BUFF: 717 DC: 0 FLAG_ZERO: True FLAG_LT: 0 FLAG_GT: 0
INPUT_PORT:  []
OUT_PORT:  []
DATA_MEM:  [717, 334]
---------------------------------------
DEBUG    root:machine.py:309 LD 4
TICK: 34741 PC:  14 ADDR:   0 MEM_OUT: 717 ACC: 0 BUFF: 717 DC: 0 FLAG_ZERO: True FLAG_LT: 0 FLAG_GT: 0
INPUT_PORT:  []
OUT_PORT:  []
DATA_MEM:  [717, 334]
---------------------------------------
DEBUG    root:machine.py:309 INC 
TICK: 34745 PC:  15 ADDR:   1 MEM_OUT: 334 ACC: 334 BUFF: 717 DC: 0 FLAG_ZERO: True FLAG_LT: 0 FLAG_GT: 0
INPUT_PORT:  []
OUT_PORT:  []
DATA_MEM:  [717, 334]
---------------------------------------
DEBUG    root:machine.py:309 ST 4
TICK: 34748 PC:  16 ADDR:   1 MEM_OUT: 334 ACC: 335 BUFF: 717 DC: 0 FLAG_ZERO: True FLAG_LT: 0 FLAG_GT: 0
INPUT_PORT:  []
OUT_PORT:  []
DATA_MEM:  [717, 334]
---------------------------------------
DEBUG    root:machine.py:309 JMP 0
TICK: 34752 PC:  17 ADDR:   1 MEM_OUT: 335 ACC: 335 BUFF: 717 DC: 0 FLAG_ZERO: True FLAG_LT: 0 FLAG_GT: 0
INPUT_PORT:  []
OUT_PORT:  []
DATA_MEM:  [717, 335]
---------------------------------------
DEBUG    root:machine.py:309 LD 0
TICK: 34755 PC:   0 ADDR:   1 MEM_OUT: 335 ACC: 335 BUFF: 717 DC: 0 FLAG_ZERO: True FLAG_LT: 0 FLAG_GT: 0
INPUT_PORT:  []
OUT_PORT:  []
DATA_MEM:  [717, 335]
---------------------------------------
DEBUG    root:machine.py:309 INC 
TICK: 34759 PC:   1 ADDR:   0 MEM_OUT: 717 ACC: 717 BUFF: 717 DC: 0 FLAG_ZERO: True FLAG_LT: 0 FLAG_GT: 0
INPUT_PORT:  []
OUT_PORT:  []
DATA_MEM:  [717, 335]
---------------------------------------
DEBUG    root:machine.py:309 ST 0
TICK: 34762 PC:   2 ADDR:   0 MEM_OUT: 717 ACC: 718 BUFF: 717 DC: 0 FLAG_ZERO: True FLAG_LT: 0 FLAG_GT: 0
INPUT_PORT:  []
OUT_PORT:  []
DATA_MEM:  [717, 335]
---------------------------------------
DEBUG    root:machine.py:309 CMP 1000
TICK: 34766 PC:   3 ADDR:   0 MEM_OUT: 718 ACC: 718 BUFF: 717 DC: 0 FLAG_ZERO: True FLAG_LT: 0 FLAG_GT: 0
INPUT_PORT:  []
OUT_PORT:  []
DATA_MEM:  [718, 335]
---------------------------------------
DEBUG    root:machine.py:309 JGE 22
TICK: 34769 PC:   4 ADDR:   0 MEM_OUT: 718 ACC: 718 BUFF: 717 DC: 0 FLAG_ZERO: False FLAG_LT: 1 FLAG_GT: 0
INPUT_PORT:  []
OUT_PORT:  []
DATA_MEM:  [718, 335]
---------------------------------------
DEBUG    root:machine.py:309 LD 0
TICK: 34772 PC:   5 ADDR:   0 MEM_OUT: 718 ACC: 718 BUFF: 717 DC: 0 FLAG_ZERO: False FLAG_LT: 1 FLAG_GT: 0
INPUT_PORT:  []
OUT_PORT:  []
DATA_MEM:  [718, 335]
---------------------------------------
DEBUG    root:machine.py:309 MOD 3
TICK: 34776 PC:   6 ADDR:   0 MEM_OUT: 718 ACC: 718 BUFF: 717 DC: 0 FLAG_ZERO: False FLAG_LT: 1 FLAG_GT: 0
INPUT_PORT:  []
OUT_PORT:  []
DATA_MEM:  [718, 335]
---------------------------------------
DEBUG    root:machine.py:309 CMP 0
TICK: 34780 PC:   7 ADDR:   0 MEM_OUT: 718 ACC: 1 BUFF: 718 DC: 0 FLAG_ZERO: False FLAG_LT: 1 FLAG_GT: 0
INPUT_PORT:  []
OUT_PORT:  []
DATA_MEM:  [718, 335]
---------------------------------------
DEBUG    root:machine.py:309 JE 14
TICK: 34783 PC:   8 ADDR:   0 MEM_OUT: 718 ACC: 1 BUFF: 718 DC: 0 FLAG_ZERO: False FLAG_LT: 0 FLAG_GT: 1
INPUT_PORT:  []
OUT_PORT:  []
DATA_MEM:  [718, 335]
---------------------------------------
DEBUG    root:machine.py:309 LD 0
TICK: 34786 PC:   9 ADDR:   0 MEM_OUT: 718 ACC: 1 BUFF: 718 DC: 0 FLAG_ZERO: False FLAG_LT: 0 FLAG_GT: 1
INPUT_PORT:  []
OUT_PORT:  []
DATA_MEM:  [718, 335]
---------------------------------------
DEBUG    root:machine.py:309 MOD 5
TICK: 34790 PC:  10 ADDR:   0 MEM_OUT: 718 ACC: 718 BUFF: 718 DC: 0 FLAG_ZERO: False FLAG_LT: 0 FLAG_GT: 1
INPUT_PORT:  []
OUT_PORT:  []
DATA_MEM:  [718, 335]
---------------------------------------
DEBUG    root:machine.py:309 CMP 0
TICK: 34794 PC:  11 ADDR:   0 MEM_OUT: 718 ACC: 3 BUFF: 718 DC: 0 FLAG_ZERO: False FLAG_LT: 0 FLAG_GT: 1
INPUT_PORT:  []
OUT_PORT:  []
DATA_MEM:  [718, 335]
---------------------------------------
DEBUG    root:machine.py:309 JE 18
TICK: 34797 PC:  12 ADDR:   0 MEM_OUT: 718 ACC: 3 BUFF: 718 DC: 0 FLAG_ZERO: False FLAG_LT: 0 FLAG_GT: 1
INPUT_PORT:  []
OUT_PORT:  []
DATA_MEM:  [718, 335]
---------------------------------------
DEBUG    root:machine.py:309 JMP 0
TICK: 34800 PC:  13 ADDR:   0 MEM_OUT: 718 ACC: 3 BUFF: 718 DC: 0 FLAG_ZERO: False FLAG_LT: 0 FLAG_GT: 1
INPUT_PORT:  []
OUT_PORT:  []
DATA_MEM:  [718, 335]
---------------------------------------
DEBUG    root:machine.py:309 LD 0
TICK: 34803 PC:   0 ADDR:   0 MEM_OUT: 718 ACC: 3 BUFF: 718 DC: 0 FLAG_ZERO: False FLAG_LT: 0 FLAG_GT: 1
INPUT_PORT:  []
OUT_PORT:  []
DATA_MEM:  [718, 335]
---------------------------------------
DEBUG    root:machine.py:309 INC 
TICK: 34807 PC:   1 ADDR:   0 MEM_OUT: 718 ACC: 718 BUFF: 718 DC: 0 FLAG_ZERO: False FLAG_LT: 0 FLAG_GT: 1
INPUT_PORT:  []
OUT_PORT:  []
DATA_MEM:  [718, 335]
---------------------------------------
DEBUG    root:machine.py:309 ST 0
TICK: 34810 PC:   2 ADDR:   0 MEM_OUT: 718 ACC: 719 BUFF: 718 DC: 0 FLAG_ZERO: False FLAG_LT: 0 FLAG_GT: 1
INPUT_PORT:  []
OUT_PORT:  []
DATA_MEM:  [718, 335]
---------------------------------------
DEBUG    root:machine.py:309 CMP 1000
TICK: 34814 PC:   3 ADDR:   0 MEM_OUT: 719 ACC: 719 BUFF: 718 DC: 0 FLAG_ZERO: False FLAG_LT: 0 FLAG_GT: 1
INPUT_PORT:  []
OUT_PORT:  []
DATA_MEM:  [719, 335]
---------------------------------------
DEBUG    root:machine.py:309 JGE 22
TICK: 34817 PC:   4 ADDR:   0 MEM_OUT: 719 ACC: 719 BUFF: 718 DC: 0 FLAG_ZERO: False FLAG_LT: 1 FLAG_GT: 0
INPUT_PORT:  []
OUT_PORT:  []
DATA_MEM:  [719, 335]
---------------------------------------
DEBUG    root:machine.py:309 LD 0
TICK: 34820 PC:   5 ADDR:   0 MEM_OUT: 719 ACC: 719 BUFF: 718 DC: 0 FLAG_ZERO: False FLAG_LT: 1 FLAG_GT: 0
INPUT_PORT:  []
OUT_PORT:  []
DATA_MEM:  [719, 335]
---------------------------------------
DEBUG    root:machine.py:309 MOD 3
TICK: 34824 PC:   6 ADDR:   0 MEM_OUT: 719 ACC: 719 BUFF: 718 DC: 0 FLAG_ZERO: False FLAG_LT: 1 FLAG_GT: 0
INPUT_PORT:  []
OUT_PORT:  []
DATA_MEM:  [719, 335]
---------------------------------------
DEBUG    root:machine.py:309 CMP 0
TICK: 34828 PC:   7 ADDR:   0 MEM_OUT: 719 ACC: 2 BUFF: 719 DC: 0 FLAG_ZERO: False FLAG_LT: 1 FLAG_GT: 0
INPUT_PORT:  []
OUT_PORT:  []
DATA_MEM:  [719, 335]
---------------------------------------
DEBUG    root:machine.py:309 JE 14
TICK: 34831 PC:   8 ADDR:   0 MEM_OUT: 719 ACC: 2 BUFF: 719 DC: 0 FLAG_ZERO: False FLAG_LT: 0 FLAG_GT: 1
INPUT_PORT:  []
OUT_PORT:  []
DATA_MEM:  [719, 335]
---------------------------------------
DEBUG    root:machine.py:309 LD 0
TICK: 34834 PC:   9 ADDR:   0 MEM_OUT: 719 ACC: 2 BUFF: 719 DC: 0 FLAG_ZERO: False FLAG_LT: 0 FLAG_GT: 1
INPUT_PORT:  []
OUT_PORT:  []
DATA_MEM:  [719, 335]
---------------------------------------
DEBUG    root:machine.py:309 MOD 5
TICK: 34838 PC:  10 ADDR:   0 MEM_OUT: 719 ACC: 719 BUFF: 719 DC: 0 FLAG_ZERO: False FLAG_LT: 0 FLAG_GT: 1
INPUT_PORT:  []
OUT_PORT:  []
DATA_MEM:  [719, 335]
---------------------------------------
DEBUG    root:machine.py:309 CMP 0
TICK: 34842 PC:  11 ADDR:   0 MEM_OUT: 719 ACC: 4 BUFF: 719 DC: 0 FLAG_ZERO: False FLAG_LT: 0 FLAG_GT: 1
INPUT_PORT:  []
OUT_PORT:  []
DATA_MEM:  [719, 335]
---------------------------------------
DEBUG    root:machine.py:309 JE 18
TICK: 34845 PC:  12 ADDR:   0 MEM_OUT: 719 ACC: 4 BUFF: 719 DC: 0 FLAG_ZERO: False FLAG_LT: 0 FLAG_GT: 1
INPUT_PORT:  []
OUT_PORT:  []
DATA_MEM:  [719, 335]
---------------------------------------
DEBUG    root:machine.py:309 JMP 0
TICK: 34848 PC:  13 ADDR:   0 MEM_OUT: 719 ACC: 4 BUFF: 719 DC: 0 FLAG_ZERO: False FLAG_LT: 0 FLAG_GT: 1
INPUT_PORT:  []
OUT_PORT:  []
DATA_MEM:  [719, 335]
---------------------------------------
DEBUG    root:machine.py:309 LD 0
TICK: 34851 PC:   0 ADDR:   0 MEM_OUT: 719 ACC: 4 BUFF: 719 DC: 0 FLAG_ZERO: False FLAG_LT: 0 FLAG_GT: 1
INPUT_PORT:  []
OUT_PORT:  []
DATA_MEM:  [719, 335]
---------------------------------------
DEBUG    root:machine.py:309 INC 
TICK: 34855 PC:   1 ADDR:   0 MEM_OUT: 719 ACC: 719 BUFF: 719 DC: 0 FLAG_ZERO: False FLAG_LT: 0 FLAG_GT: 1
INPUT_PORT:  []
OUT_PORT:  []
DATA_MEM:  [719, 335]
---------------------------------------
DEBUG    root:machine.py:309 ST 0
TICK: 34858 PC:   2 ADDR:   0 MEM_OUT: 719 ACC: 720 BUFF: 719 DC: 0 FLAG_ZERO: False FLAG_LT: 0 FLAG_GT: 1
INPUT_PORT:  []
OUT_PORT:  []
DATA_MEM:  [719, 335]
---------------------------------------
DEBUG    root:machine.py:309 CMP 1000
TICK: 34862 PC:   3 ADDR:   0 MEM_OUT: 720 ACC: 720 BUFF: 719 DC: 0 FLAG_ZERO: False FLAG_LT: 0 FLAG_GT: 1
INPUT_PORT:  []
OUT_PORT:  []
DATA_MEM:  [720, 335]
---------------------------------------
DEBUG    root:machine.py:309 JGE 22
TICK: 34865 PC:   4 ADDR:   0 MEM_OUT: 720 ACC: 720 BUFF: 719 DC: 0 FLAG_ZERO: False FLAG_LT: 1 FLAG_GT: 0
INPUT_PORT:  []
OUT_PORT:  []
DATA_MEM:  [720, 335]
---------------------------------------
DEBUG    root:machine.py:309 LD 0
TICK: 34868 PC:   5 ADDR:   0 MEM_OUT: 720 ACC: 720 BUFF: 719 DC: 0 FLAG_ZERO: False FLAG_LT: 1 FLAG_GT: 0
INPUT_PORT:  []
OUT_PORT:  []
DATA_MEM:  [720, 335]
---------------------------------------
DEBUG    root:machine.py:309 MOD 3
TICK: 34872 PC:   6 ADDR:   0 MEM_OUT: 720 ACC: 720 BUFF: 719 DC: 0 FLAG_ZERO: False FLAG_LT: 1 FLAG_GT: 0
INPUT_PORT:  []
OUT_PORT:  []
DATA_MEM:  [720, 335]
---------------------------------------
DEBUG    root:machine.py:309 CMP 0
TICK: 34876 PC:   7 ADDR:   0 MEM_OUT: 720 ACC: 0 BUFF: 720 DC: 0 FLAG_ZERO: False FLAG_LT: 1 FLAG_GT: 0
INPUT_PORT:  []
OUT_PORT:  []
DATA_MEM:  [720, 335]
---------------------------------------
DEBUG    root:machine.py:309 JE 14
TICK: 34879 PC:   8 ADDR:   0 MEM_OUT: 720 ACC: 0 BUFF: 720 DC: 0 FLAG_ZERO: True FLAG_LT: 0 FLAG_GT: 0
INPUT_PORT:  []
OUT_PORT:  []
DATA_MEM:  [720, 335]
---------------------------------------
DEBUG    root:machine.py:309 LD 4
TICK: 34882 PC:  14 ADDR:   0 MEM_OUT: 720 ACC: 0 BUFF: 720 DC: 0 FLAG_ZERO: True FLAG_LT: 0 FLAG_GT: 0
INPUT_PORT:  []
OUT_PORT:  []
DATA_MEM:  [720, 335]
---------------------------------------
DEBUG    root:machine.py:309 INC 
TICK: 34886 PC:  15 ADDR:   1 MEM_OUT: 335 ACC: 335 BUFF: 720 DC: 0 FLAG_ZERO: True FLAG_LT: 0 FLAG_GT: 0
INPUT_PORT:  []
OUT_PORT:  []
DATA_MEM:  [720, 335]
---------------------------------------
DEBUG    root:machine.py:309 ST 4
TICK: 34889 PC:  16 ADDR:   1 MEM_OUT: 335 ACC: 336 BUFF: 720 DC: 0 FLAG_ZERO: True FLAG_LT: 0 FLAG_GT: 0
INPUT_PORT:  []
OUT_PORT:  []
DATA_MEM:  [720, 335]
---------------------------------------
DEBUG    root:machine.py:309 JMP 0
TICK: 34893 PC:  17 ADDR:   1 MEM_OUT: 336 ACC: 336 BUFF: 720 DC: 0 FLAG_ZERO: True FLAG_LT: 0 FLAG_GT: 0
INPUT_PORT:  []
OUT_PORT:  []
DATA_MEM:  [720, 336]
---------------------------------------
DEBUG    root:machine.py:309 LD 0
TICK: 34896 PC:   0 ADDR:   1 MEM_OUT: 336 ACC: 336 BUFF: 720 DC: 0 FLAG_ZERO: True FLAG_LT: 0 FLAG_GT: 0
INPUT_PORT:  []
OUT_PORT:  []
DATA_MEM:  [720, 336]
---------------------------------------
DEBUG    root:machine.py:309 INC 
TICK: 34900 PC:   1 ADDR:   0 MEM_OUT: 720 ACC: 720 BUFF: 720 DC: 0 FLAG_ZERO: True FLAG_LT: 0 FLAG_GT: 0
INPUT_PORT:  []
OUT_PORT:  []
DATA_MEM:  [720, 336]
---------------------------------------
DEBUG    root:machine.py:309 ST 0
TICK: 34903 PC:   2 ADDR:   0 MEM_OUT: 720 ACC: 721 BUFF: 720 DC: 0 FLAG_ZERO: True FLAG_LT: 0 FLAG_GT: 0
INPUT_PORT:  []
OUT_PORT:  []
DATA_MEM:  [720, 336]
---------------------------------------
DEBUG    root:machine.py:309 CMP 1000
TICK: 34907 PC:   3 ADDR:   0 MEM_OUT: 721 ACC: 721 BUFF: 720 DC: 0 FLAG_ZERO: True FLAG_LT: 0 FLAG_GT: 0
INPUT_PORT:  []
OUT_PORT:  []
DATA_MEM:  [721, 336]
---------------------------------------
DEBUG    root:machine.py:309 JGE 22
TICK: 34910 PC:   4 ADDR:   0 MEM_OUT: 721 ACC: 721 BUFF: 720 DC: 0 FLAG_ZERO: False FLAG_LT: 1 FLAG_GT: 0
INPUT_PORT:  []
OUT_PORT:  []
DATA_MEM:  [721, 336]
---------------------------------------
DEBUG    root:machine.py:309 LD 0
TICK: 34913 PC:   5 ADDR:   0 MEM_OUT: 721 ACC: 721 BUFF: 720 DC: 0 FLAG_ZERO: False FLAG_LT: 1 FLAG_GT: 0
INPUT_PORT:  []
OUT_PORT:  []
DATA_MEM:  [721, 336]
---------------------------------------
DEBUG    root:machine.py:309 MOD 3
TICK: 34917 PC:   6 ADDR:   0 MEM_OUT: 721 ACC: 721 BUFF: 720 DC: 0 FLAG_ZERO: False FLAG_LT: 1 FLAG_GT: 0
INPUT_PORT:  []
OUT_PORT:  []
DATA_MEM:  [721, 336]
---------------------------------------
DEBUG    root:machine.py:309 CMP 0
TICK: 34921 PC:   7 ADDR:   0 MEM_OUT: 721 ACC: 1 BUFF: 721 DC: 0 FLAG_ZERO: False FLAG_LT: 1 FLAG_GT: 0
INPUT_PORT:  []
OUT_PORT:  []
DATA_MEM:  [721, 336]
---------------------------------------
DEBUG    root:machine.py:309 JE 14
TICK: 34924 PC:   8 ADDR:   0 MEM_OUT: 721 ACC: 1 BUFF: 721 DC: 0 FLAG_ZERO: False FLAG_LT: 0 FLAG_GT: 1
INPUT_PORT:  []
OUT_PORT:  []
DATA_MEM:  [721, 336]
---------------------------------------
DEBUG    root:machine.py:309 LD 0
TICK: 34927 PC:   9 ADDR:   0 MEM_OUT: 721 ACC: 1 BUFF: 721 DC: 0 FLAG_ZERO: False FLAG_LT: 0 FLAG_GT: 1
INPUT_PORT:  []
OUT_PORT:  []
DATA_MEM:  [721, 336]
---------------------------------------
DEBUG    root:machine.py:309 MOD 5
TICK: 34931 PC:  10 ADDR:   0 MEM_OUT: 721 ACC: 721 BUFF: 721 DC: 0 FLAG_ZERO: False FLAG_LT: 0 FLAG_GT: 1
INPUT_PORT:  []
OUT_PORT:  []
DATA_MEM:  [721, 336]
---------------------------------------
DEBUG    root:machine.py:309 CMP 0
TICK: 34935 PC:  11 ADDR:   0 MEM_OUT: 721 ACC: 1 BUFF: 721 DC: 0 FLAG_ZERO: False FLAG_LT: 0 FLAG_GT: 1
INPUT_PORT:  []
OUT_PORT:  []
DATA_MEM:  [721, 336]
---------------------------------------
DEBUG    root:machine.py:309 JE 18
TICK: 34938 PC:  12 ADDR:   0 MEM_OUT: 721 ACC: 1 BUFF: 721 DC: 0 FLAG_ZERO: False FLAG_LT: 0 FLAG_GT: 1
INPUT_PORT:  []
OUT_PORT:  []
DATA_MEM:  [721, 336]
---------------------------------------
DEBUG    root:machine.py:309 JMP 0
TICK: 34941 PC:  13 ADDR:   0 MEM_OUT: 721 ACC: 1 BUFF: 721 DC: 0 FLAG_ZERO: False FLAG_LT: 0 FLAG_GT: 1
INPUT_PORT:  []
OUT_PORT:  []
DATA_MEM:  [721, 336]
---------------------------------------
DEBUG    root:machine.py:309 LD 0
TICK: 34944 PC:   0 ADDR:   0 MEM_OUT: 721 ACC: 1 BUFF: 721 DC: 0 FLAG_ZERO: False FLAG_LT: 0 FLAG_GT: 1
INPUT_PORT:  []
OUT_PORT:  []
DATA_MEM:  [721, 336]
---------------------------------------
DEBUG    root:machine.py:309 INC 
TICK: 34948 PC:   1 ADDR:   0 MEM_OUT: 721 ACC: 721 BUFF: 721 DC: 0 FLAG_ZERO: False FLAG_LT: 0 FLAG_GT: 1
INPUT_PORT:  []
OUT_PORT:  []
DATA_MEM:  [721, 336]
---------------------------------------
DEBUG    root:machine.py:309 ST 0
TICK: 34951 PC:   2 ADDR:   0 MEM_OUT: 721 ACC: 722 BUFF: 721 DC: 0 FLAG_ZERO: False FLAG_LT: 0 FLAG_GT: 1
INPUT_PORT:  []
OUT_PORT:  []
DATA_MEM:  [721, 336]
---------------------------------------
DEBUG    root:machine.py:309 CMP 1000
TICK: 34955 PC:   3 ADDR:   0 MEM_OUT: 722 ACC: 722 BUFF: 721 DC: 0 FLAG_ZERO: False FLAG_LT: 0 FLAG_GT: 1
INPUT_PORT:  []
OUT_PORT:  []
DATA_MEM:  [722, 336]
---------------------------------------
DEBUG    root:machine.py:309 JGE 22
TICK: 34958 PC:   4 ADDR:   0 MEM_OUT: 722 ACC: 722 BUFF: 721 DC: 0 FLAG_ZERO: False FLAG_LT: 1 FLAG_GT: 0
INPUT_PORT:  []
OUT_PORT:  []
DATA_MEM:  [722, 336]
---------------------------------------
DEBUG    root:machine.py:309 LD 0
TICK: 34961 PC:   5 ADDR:   0 MEM_OUT: 722 ACC: 722 BUFF: 721 DC: 0 FLAG_ZERO: False FLAG_LT: 1 FLAG_GT: 0
INPUT_PORT:  []
OUT_PORT:  []
DATA_MEM:  [722, 336]
---------------------------------------
DEBUG    root:machine.py:309 MOD 3
TICK: 34965 PC:   6 ADDR:   0 MEM_OUT: 722 ACC: 722 BUFF: 721 DC: 0 FLAG_ZERO: False FLAG_LT: 1 FLAG_GT: 0
INPUT_PORT:  []
OUT_PORT:  []
DATA_MEM:  [722, 336]
---------------------------------------
DEBUG    root:machine.py:309 CMP 0
TICK: 34969 PC:   7 ADDR:   0 MEM_OUT: 722 ACC: 2 BUFF: 722 DC: 0 FLAG_ZERO: False FLAG_LT: 1 FLAG_GT: 0
INPUT_PORT:  []
OUT_PORT:  []
DATA_MEM:  [722, 336]
---------------------------------------
DEBUG    root:machine.py:309 JE 14
TICK: 34972 PC:   8 ADDR:   0 MEM_OUT: 722 ACC: 2 BUFF: 722 DC: 0 FLAG_ZERO: False FLAG_LT: 0 FLAG_GT: 1
INPUT_PORT:  []
OUT_PORT:  []
DATA_MEM:  [722, 336]
---------------------------------------
DEBUG    root:machine.py:309 LD 0
TICK: 34975 PC:   9 ADDR:   0 MEM_OUT: 722 ACC: 2 BUFF: 722 DC: 0 FLAG_ZERO: False FLAG_LT: 0 FLAG_GT: 1
INPUT_PORT:  []
OUT_PORT:  []
DATA_MEM:  [722, 336]
---------------------------------------
DEBUG    root:machine.py:309 MOD 5
TICK: 34979 PC:  10 ADDR:   0 MEM_OUT: 722 ACC: 722 BUFF: 722 DC: 0 FLAG_ZERO: False FLAG_LT: 0 FLAG_GT: 1
INPUT_PORT:  []
OUT_PORT:  []
DATA_MEM:  [722, 336]
---------------------------------------
DEBUG    root:machine.py:309 CMP 0
TICK: 34983 PC:  11 ADDR:   0 MEM_OUT: 722 ACC: 2 BUFF: 722 DC: 0 FLAG_ZERO: False FLAG_LT: 0 FLAG_GT: 1
INPUT_PORT:  []
OUT_PORT:  []
DATA_MEM:  [722, 336]
---------------------------------------
DEBUG    root:machine.py:309 JE 18
TICK: 34986 PC:  12 ADDR:   0 MEM_OUT: 722 ACC: 2 BUFF: 722 DC: 0 FLAG_ZERO: False FLAG_LT: 0 FLAG_GT: 1
INPUT_PORT:  []
OUT_PORT:  []
DATA_MEM:  [722, 336]
---------------------------------------
DEBUG    root:machine.py:309 JMP 0
TICK: 34989 PC:  13 ADDR:   0 MEM_OUT: 722 ACC: 2 BUFF: 722 DC: 0 FLAG_ZERO: False FLAG_LT: 0 FLAG_GT: 1
INPUT_PORT:  []
OUT_PORT:  []
DATA_MEM:  [722, 336]
---------------------------------------
DEBUG    root:machine.py:309 LD 0
TICK: 34992 PC:   0 ADDR:   0 MEM_OUT: 722 ACC: 2 BUFF: 722 DC: 0 FLAG_ZERO: False FLAG_LT: 0 FLAG_GT: 1
INPUT_PORT:  []
OUT_PORT:  []
DATA_MEM:  [722, 336]
---------------------------------------
DEBUG    root:machine.py:309 INC 
TICK: 34996 PC:   1 ADDR:   0 MEM_OUT: 722 ACC: 722 BUFF: 722 DC: 0 FLAG_ZERO: False FLAG_LT: 0 FLAG_GT: 1
INPUT_PORT:  []
OUT_PORT:  []
DATA_MEM:  [722, 336]
---------------------------------------
DEBUG    root:machine.py:309 ST 0
TICK: 34999 PC:   2 ADDR:   0 MEM_OUT: 722 ACC: 723 BUFF: 722 DC: 0 FLAG_ZERO: False FLAG_LT: 0 FLAG_GT: 1
INPUT_PORT:  []
OUT_PORT:  []
DATA_MEM:  [722, 336]
---------------------------------------
DEBUG    root:machine.py:309 CMP 1000
TICK: 35003 PC:   3 ADDR:   0 MEM_OUT: 723 ACC: 723 BUFF: 722 DC: 0 FLAG_ZERO: False FLAG_LT: 0 FLAG_GT: 1
INPUT_PORT:  []
OUT_PORT:  []
DATA_MEM:  [723, 336]
---------------------------------------
DEBUG    root:machine.py:309 JGE 22
TICK: 35006 PC:   4 ADDR:   0 MEM_OUT: 723 ACC: 723 BUFF: 722 DC: 0 FLAG_ZERO: False FLAG_LT: 1 FLAG_GT: 0
INPUT_PORT:  []
OUT_PORT:  []
DATA_MEM:  [723, 336]
---------------------------------------
DEBUG    root:machine.py:309 LD 0
TICK: 35009 PC:   5 ADDR:   0 MEM_OUT: 723 ACC: 723 BUFF: 722 DC: 0 FLAG_ZERO: False FLAG_LT: 1 FLAG_GT: 0
INPUT_PORT:  []
OUT_PORT:  []
DATA_MEM:  [723, 336]
---------------------------------------
DEBUG    root:machine.py:309 MOD 3
TICK: 35013 PC:   6 ADDR:   0 MEM_OUT: 723 ACC: 723 BUFF: 722 DC: 0 FLAG_ZERO: False FLAG_LT: 1 FLAG_GT: 0
INPUT_PORT:  []
OUT_PORT:  []
DATA_MEM:  [723, 336]
---------------------------------------
DEBUG    root:machine.py:309 CMP 0
TICK: 35017 PC:   7 ADDR:   0 MEM_OUT: 723 ACC: 0 BUFF: 723 DC: 0 FLAG_ZERO: False FLAG_LT: 1 FLAG_GT: 0
INPUT_PORT:  []
OUT_PORT:  []
DATA_MEM:  [723, 336]
---------------------------------------
DEBUG    root:machine.py:309 JE 14
TICK: 35020 PC:   8 ADDR:   0 MEM_OUT: 723 ACC: 0 BUFF: 723 DC: 0 FLAG_ZERO: True FLAG_LT: 0 FLAG_GT: 0
INPUT_PORT:  []
OUT_PORT:  []
DATA_MEM:  [723, 336]
---------------------------------------
DEBUG    root:machine.py:309 LD 4
TICK: 35023 PC:  14 ADDR:   0 MEM_OUT: 723 ACC: 0 BUFF: 723 DC: 0 FLAG_ZERO: True FLAG_LT: 0 FLAG_GT: 0
INPUT_PORT:  []
OUT_PORT:  []
DATA_MEM:  [723, 336]
---------------------------------------
DEBUG    root:machine.py:309 INC 
TICK: 35027 PC:  15 ADDR:   1 MEM_OUT: 336 ACC: 336 BUFF: 723 DC: 0 FLAG_ZERO: True FLAG_LT: 0 FLAG_GT: 0
INPUT_PORT:  []
OUT_PORT:  []
DATA_MEM:  [723, 336]
---------------------------------------
DEBUG    root:machine.py:309 ST 4
TICK: 35030 PC:  16 ADDR:   1 MEM_OUT: 336 ACC: 337 BUFF: 723 DC: 0 FLAG_ZERO: True FLAG_LT: 0 FLAG_GT: 0
INPUT_PORT:  []
OUT_PORT:  []
DATA_MEM:  [723, 336]
---------------------------------------
DEBUG    root:machine.py:309 JMP 0
TICK: 35034 PC:  17 ADDR:   1 MEM_OUT: 337 ACC: 337 BUFF: 723 DC: 0 FLAG_ZERO: True FLAG_LT: 0 FLAG_GT: 0
INPUT_PORT:  []
OUT_PORT:  []
DATA_MEM:  [723, 337]
---------------------------------------
DEBUG    root:machine.py:309 LD 0
TICK: 35037 PC:   0 ADDR:   1 MEM_OUT: 337 ACC: 337 BUFF: 723 DC: 0 FLAG_ZERO: True FLAG_LT: 0 FLAG_GT: 0
INPUT_PORT:  []
OUT_PORT:  []
DATA_MEM:  [723, 337]
---------------------------------------
DEBUG    root:machine.py:309 INC 
TICK: 35041 PC:   1 ADDR:   0 MEM_OUT: 723 ACC: 723 BUFF: 723 DC: 0 FLAG_ZERO: True FLAG_LT: 0 FLAG_GT: 0
INPUT_PORT:  []
OUT_PORT:  []
DATA_MEM:  [723, 337]
---------------------------------------
DEBUG    root:machine.py:309 ST 0
TICK: 35044 PC:   2 ADDR:   0 MEM_OUT: 723 ACC: 724 BUFF: 723 DC: 0 FLAG_ZERO: True FLAG_LT: 0 FLAG_GT: 0
INPUT_PORT:  []
OUT_PORT:  []
DATA_MEM:  [723, 337]
---------------------------------------
DEBUG    root:machine.py:309 CMP 1000
TICK: 35048 PC:   3 ADDR:   0 MEM_OUT: 724 ACC: 724 BUFF: 723 DC: 0 FLAG_ZERO: True FLAG_LT: 0 FLAG_GT: 0
INPUT_PORT:  []
OUT_PORT:  []
DATA_MEM:  [724, 337]
---------------------------------------
DEBUG    root:machine.py:309 JGE 22
TICK: 35051 PC:   4 ADDR:   0 MEM_OUT: 724 ACC: 724 BUFF: 723 DC: 0 FLAG_ZERO: False FLAG_LT: 1 FLAG_GT: 0
INPUT_PORT:  []
OUT_PORT:  []
DATA_MEM:  [724, 337]
---------------------------------------
DEBUG    root:machine.py:309 LD 0
TICK: 35054 PC:   5 ADDR:   0 MEM_OUT: 724 ACC: 724 BUFF: 723 DC: 0 FLAG_ZERO: False FLAG_LT: 1 FLAG_GT: 0
INPUT_PORT:  []
OUT_PORT:  []
DATA_MEM:  [724, 337]
---------------------------------------
DEBUG    root:machine.py:309 MOD 3
TICK: 35058 PC:   6 ADDR:   0 MEM_OUT: 724 ACC: 724 BUFF: 723 DC: 0 FLAG_ZERO: False FLAG_LT: 1 FLAG_GT: 0
INPUT_PORT:  []
OUT_PORT:  []
DATA_MEM:  [724, 337]
---------------------------------------
DEBUG    root:machine.py:309 CMP 0
TICK: 35062 PC:   7 ADDR:   0 MEM_OUT: 724 ACC: 1 BUFF: 724 DC: 0 FLAG_ZERO: False FLAG_LT: 1 FLAG_GT: 0
INPUT_PORT:  []
OUT_PORT:  []
DATA_MEM:  [724, 337]
---------------------------------------
DEBUG    root:machine.py:309 JE 14
TICK: 35065 PC:   8 ADDR:   0 MEM_OUT: 724 ACC: 1 BUFF: 724 DC: 0 FLAG_ZERO: False FLAG_LT: 0 FLAG_GT: 1
INPUT_PORT:  []
OUT_PORT:  []
DATA_MEM:  [724, 337]
---------------------------------------
DEBUG    root:machine.py:309 LD 0
TICK: 35068 PC:   9 ADDR:   0 MEM_OUT: 724 ACC: 1 BUFF: 724 DC: 0 FLAG_ZERO: False FLAG_LT: 0 FLAG_GT: 1
INPUT_PORT:  []
OUT_PORT:  []
DATA_MEM:  [724, 337]
---------------------------------------
DEBUG    root:machine.py:309 MOD 5
TICK: 35072 PC:  10 ADDR:   0 MEM_OUT: 724 ACC: 724 BUFF: 724 DC: 0 FLAG_ZERO: False FLAG_LT: 0 FLAG_GT: 1
INPUT_PORT:  []
OUT_PORT:  []
DATA_MEM:  [724, 337]
---------------------------------------
DEBUG    root:machine.py:309 CMP 0
TICK: 35076 PC:  11 ADDR:   0 MEM_OUT: 724 ACC: 4 BUFF: 724 DC: 0 FLAG_ZERO: False FLAG_LT: 0 FLAG_GT: 1
INPUT_PORT:  []
OUT_PORT:  []
DATA_MEM:  [724, 337]
---------------------------------------
DEBUG    root:machine.py:309 JE 18
TICK: 35079 PC:  12 ADDR:   0 MEM_OUT: 724 ACC: 4 BUFF: 724 DC: 0 FLAG_ZERO: False FLAG_LT: 0 FLAG_GT: 1
INPUT_PORT:  []
OUT_PORT:  []
DATA_MEM:  [724, 337]
---------------------------------------
DEBUG    root:machine.py:309 JMP 0
TICK: 35082 PC:  13 ADDR:   0 MEM_OUT: 724 ACC: 4 BUFF: 724 DC: 0 FLAG_ZERO: False FLAG_LT: 0 FLAG_GT: 1
INPUT_PORT:  []
OUT_PORT:  []
DATA_MEM:  [724, 337]
---------------------------------------
DEBUG    root:machine.py:309 LD 0
TICK: 35085 PC:   0 ADDR:   0 MEM_OUT: 724 ACC: 4 BUFF: 724 DC: 0 FLAG_ZERO: False FLAG_LT: 0 FLAG_GT: 1
INPUT_PORT:  []
OUT_PORT:  []
DATA_MEM:  [724, 337]
---------------------------------------
DEBUG    root:machine.py:309 INC 
TICK: 35089 PC:   1 ADDR:   0 MEM_OUT: 724 ACC: 724 BUFF: 724 DC: 0 FLAG_ZERO: False FLAG_LT: 0 FLAG_GT: 1
INPUT_PORT:  []
OUT_PORT:  []
DATA_MEM:  [724, 337]
---------------------------------------
DEBUG    root:machine.py:309 ST 0
TICK: 35092 PC:   2 ADDR:   0 MEM_OUT: 724 ACC: 725 BUFF: 724 DC: 0 FLAG_ZERO: False FLAG_LT: 0 FLAG_GT: 1
INPUT_PORT:  []
OUT_PORT:  []
DATA_MEM:  [724, 337]
---------------------------------------
DEBUG    root:machine.py:309 CMP 1000
TICK: 35096 PC:   3 ADDR:   0 MEM_OUT: 725 ACC: 725 BUFF: 724 DC: 0 FLAG_ZERO: False FLAG_LT: 0 FLAG_GT: 1
INPUT_PORT:  []
OUT_PORT:  []
DATA_MEM:  [725, 337]
---------------------------------------
DEBUG    root:machine.py:309 JGE 22
TICK: 35099 PC:   4 ADDR:   0 MEM_OUT: 725 ACC: 725 BUFF: 724 DC: 0 FLAG_ZERO: False FLAG_LT: 1 FLAG_GT: 0
INPUT_PORT:  []
OUT_PORT:  []
DATA_MEM:  [725, 337]
---------------------------------------
DEBUG    root:machine.py:309 LD 0
TICK: 35102 PC:   5 ADDR:   0 MEM_OUT: 725 ACC: 725 BUFF: 724 DC: 0 FLAG_ZERO: False FLAG_LT: 1 FLAG_GT: 0
INPUT_PORT:  []
OUT_PORT:  []
DATA_MEM:  [725, 337]
---------------------------------------
DEBUG    root:machine.py:309 MOD 3
TICK: 35106 PC:   6 ADDR:   0 MEM_OUT: 725 ACC: 725 BUFF: 724 DC: 0 FLAG_ZERO: False FLAG_LT: 1 FLAG_GT: 0
INPUT_PORT:  []
OUT_PORT:  []
DATA_MEM:  [725, 337]
---------------------------------------
DEBUG    root:machine.py:309 CMP 0
TICK: 35110 PC:   7 ADDR:   0 MEM_OUT: 725 ACC: 2 BUFF: 725 DC: 0 FLAG_ZERO: False FLAG_LT: 1 FLAG_GT: 0
INPUT_PORT:  []
OUT_PORT:  []
DATA_MEM:  [725, 337]
---------------------------------------
DEBUG    root:machine.py:309 JE 14
TICK: 35113 PC:   8 ADDR:   0 MEM_OUT: 725 ACC: 2 BUFF: 725 DC: 0 FLAG_ZERO: False FLAG_LT: 0 FLAG_GT: 1
INPUT_PORT:  []
OUT_PORT:  []
DATA_MEM:  [725, 337]
---------------------------------------
DEBUG    root:machine.py:309 LD 0
TICK: 35116 PC:   9 ADDR:   0 MEM_OUT: 725 ACC: 2 BUFF: 725 DC: 0 FLAG_ZERO: False FLAG_LT: 0 FLAG_GT: 1
INPUT_PORT:  []
OUT_PORT:  []
DATA_MEM:  [725, 337]
---------------------------------------
DEBUG    root:machine.py:309 MOD 5
TICK: 35120 PC:  10 ADDR:   0 MEM_OUT: 725 ACC: 725 BUFF: 725 DC: 0 FLAG_ZERO: False FLAG_LT: 0 FLAG_GT: 1
INPUT_PORT:  []
OUT_PORT:  []
DATA_MEM:  [725, 337]
---------------------------------------
DEBUG    root:machine.py:309 CMP 0
TICK: 35124 PC:  11 ADDR:   0 MEM_OUT: 725 ACC: 0 BUFF: 725 DC: 0 FLAG_ZERO: False FLAG_LT: 0 FLAG_GT: 1
INPUT_PORT:  []
OUT_PORT:  []
DATA_MEM:  [725, 337]
---------------------------------------
DEBUG    root:machine.py:309 JE 18
TICK: 35127 PC:  12 ADDR:   0 MEM_OUT: 725 ACC: 0 BUFF: 725 DC: 0 FLAG_ZERO: True FLAG_LT: 0 FLAG_GT: 0
INPUT_PORT:  []
OUT_PORT:  []
DATA_MEM:  [725, 337]
---------------------------------------
DEBUG    root:machine.py:309 LD 4
TICK: 35130 PC:  18 ADDR:   0 MEM_OUT: 725 ACC: 0 BUFF: 725 DC: 0 FLAG_ZERO: True FLAG_LT: 0 FLAG_GT: 0
INPUT_PORT:  []
OUT_PORT:  []
DATA_MEM:  [725, 337]
---------------------------------------
DEBUG    root:machine.py:309 INC 
TICK: 35134 PC:  19 ADDR:   1 MEM_OUT: 337 ACC: 337 BUFF: 725 DC: 0 FLAG_ZERO: True FLAG_LT: 0 FLAG_GT: 0
INPUT_PORT:  []
OUT_PORT:  []
DATA_MEM:  [725, 337]
---------------------------------------
DEBUG    root:machine.py:309 ST 4
TICK: 35137 PC:  20 ADDR:   1 MEM_OUT: 337 ACC: 338 BUFF: 725 DC: 0 FLAG_ZERO: True FLAG_LT: 0 FLAG_GT: 0
INPUT_PORT:  []
OUT_PORT:  []
DATA_MEM:  [725, 337]
---------------------------------------
DEBUG    root:machine.py:309 JMP 0
TICK: 35141 PC:  21 ADDR:   1 MEM_OUT: 338 ACC: 338 BUFF: 725 DC: 0 FLAG_ZERO: True FLAG_LT: 0 FLAG_GT: 0
INPUT_PORT:  []
OUT_PORT:  []
DATA_MEM:  [725, 338]
---------------------------------------
DEBUG    root:machine.py:309 LD 0
TICK: 35144 PC:   0 ADDR:   1 MEM_OUT: 338 ACC: 338 BUFF: 725 DC: 0 FLAG_ZERO: True FLAG_LT: 0 FLAG_GT: 0
INPUT_PORT:  []
OUT_PORT:  []
DATA_MEM:  [725, 338]
---------------------------------------
DEBUG    root:machine.py:309 INC 
TICK: 35148 PC:   1 ADDR:   0 MEM_OUT: 725 ACC: 725 BUFF: 725 DC: 0 FLAG_ZERO: True FLAG_LT: 0 FLAG_GT: 0
INPUT_PORT:  []
OUT_PORT:  []
DATA_MEM:  [725, 338]
---------------------------------------
DEBUG    root:machine.py:309 ST 0
TICK: 35151 PC:   2 ADDR:   0 MEM_OUT: 725 ACC: 726 BUFF: 725 DC: 0 FLAG_ZERO: True FLAG_LT: 0 FLAG_GT: 0
INPUT_PORT:  []
OUT_PORT:  []
DATA_MEM:  [725, 338]
---------------------------------------
DEBUG    root:machine.py:309 CMP 1000
TICK: 35155 PC:   3 ADDR:   0 MEM_OUT: 726 ACC: 726 BUFF: 725 DC: 0 FLAG_ZERO: True FLAG_LT: 0 FLAG_GT: 0
INPUT_PORT:  []
OUT_PORT:  []
DATA_MEM:  [726, 338]
---------------------------------------
DEBUG    root:machine.py:309 JGE 22
TICK: 35158 PC:   4 ADDR:   0 MEM_OUT: 726 ACC: 726 BUFF: 725 DC: 0 FLAG_ZERO: False FLAG_LT: 1 FLAG_GT: 0
INPUT_PORT:  []
OUT_PORT:  []
DATA_MEM:  [726, 338]
---------------------------------------
DEBUG    root:machine.py:309 LD 0
TICK: 35161 PC:   5 ADDR:   0 MEM_OUT: 726 ACC: 726 BUFF: 725 DC: 0 FLAG_ZERO: False FLAG_LT: 1 FLAG_GT: 0
INPUT_PORT:  []
OUT_PORT:  []
DATA_MEM:  [726, 338]
---------------------------------------
DEBUG    root:machine.py:309 MOD 3
TICK: 35165 PC:   6 ADDR:   0 MEM_OUT: 726 ACC: 726 BUFF: 725 DC: 0 FLAG_ZERO: False FLAG_LT: 1 FLAG_GT: 0
INPUT_PORT:  []
OUT_PORT:  []
DATA_MEM:  [726, 338]
---------------------------------------
DEBUG    root:machine.py:309 CMP 0
TICK: 35169 PC:   7 ADDR:   0 MEM_OUT: 726 ACC: 0 BUFF: 726 DC: 0 FLAG_ZERO: False FLAG_LT: 1 FLAG_GT: 0
INPUT_PORT:  []
OUT_PORT:  []
DATA_MEM:  [726, 338]
---------------------------------------
DEBUG    root:machine.py:309 JE 14
TICK: 35172 PC:   8 ADDR:   0 MEM_OUT: 726 ACC: 0 BUFF: 726 DC: 0 FLAG_ZERO: True FLAG_LT: 0 FLAG_GT: 0
INPUT_PORT:  []
OUT_PORT:  []
DATA_MEM:  [726, 338]
---------------------------------------
DEBUG    root:machine.py:309 LD 4
TICK: 35175 PC:  14 ADDR:   0 MEM_OUT: 726 ACC: 0 BUFF: 726 DC: 0 FLAG_ZERO: True FLAG_LT: 0 FLAG_GT: 0
INPUT_PORT:  []
OUT_PORT:  []
DATA_MEM:  [726, 338]
---------------------------------------
DEBUG    root:machine.py:309 INC 
TICK: 35179 PC:  15 ADDR:   1 MEM_OUT: 338 ACC: 338 BUFF: 726 DC: 0 FLAG_ZERO: True FLAG_LT: 0 FLAG_GT: 0
INPUT_PORT:  []
OUT_PORT:  []
DATA_MEM:  [726, 338]
---------------------------------------
DEBUG    root:machine.py:309 ST 4
TICK: 35182 PC:  16 ADDR:   1 MEM_OUT: 338 ACC: 339 BUFF: 726 DC: 0 FLAG_ZERO: True FLAG_LT: 0 FLAG_GT: 0
INPUT_PORT:  []
OUT_PORT:  []
DATA_MEM:  [726, 338]
---------------------------------------
DEBUG    root:machine.py:309 JMP 0
TICK: 35186 PC:  17 ADDR:   1 MEM_OUT: 339 ACC: 339 BUFF: 726 DC: 0 FLAG_ZERO: True FLAG_LT: 0 FLAG_GT: 0
INPUT_PORT:  []
OUT_PORT:  []
DATA_MEM:  [726, 339]
---------------------------------------
DEBUG    root:machine.py:309 LD 0
TICK: 35189 PC:   0 ADDR:   1 MEM_OUT: 339 ACC: 339 BUFF: 726 DC: 0 FLAG_ZERO: True FLAG_LT: 0 FLAG_GT: 0
INPUT_PORT:  []
OUT_PORT:  []
DATA_MEM:  [726, 339]
---------------------------------------
DEBUG    root:machine.py:309 INC 
TICK: 35193 PC:   1 ADDR:   0 MEM_OUT: 726 ACC: 726 BUFF: 726 DC: 0 FLAG_ZERO: True FLAG_LT: 0 FLAG_GT: 0
INPUT_PORT:  []
OUT_PORT:  []
DATA_MEM:  [726, 339]
---------------------------------------
DEBUG    root:machine.py:309 ST 0
TICK: 35196 PC:   2 ADDR:   0 MEM_OUT: 726 ACC: 727 BUFF: 726 DC: 0 FLAG_ZERO: True FLAG_LT: 0 FLAG_GT: 0
INPUT_PORT:  []
OUT_PORT:  []
DATA_MEM:  [726, 339]
---------------------------------------
DEBUG    root:machine.py:309 CMP 1000
TICK: 35200 PC:   3 ADDR:   0 MEM_OUT: 727 ACC: 727 BUFF: 726 DC: 0 FLAG_ZERO: True FLAG_LT: 0 FLAG_GT: 0
INPUT_PORT:  []
OUT_PORT:  []
DATA_MEM:  [727, 339]
---------------------------------------
DEBUG    root:machine.py:309 JGE 22
TICK: 35203 PC:   4 ADDR:   0 MEM_OUT: 727 ACC: 727 BUFF: 726 DC: 0 FLAG_ZERO: False FLAG_LT: 1 FLAG_GT: 0
INPUT_PORT:  []
OUT_PORT:  []
DATA_MEM:  [727, 339]
---------------------------------------
DEBUG    root:machine.py:309 LD 0
TICK: 35206 PC:   5 ADDR:   0 MEM_OUT: 727 ACC: 727 BUFF: 726 DC: 0 FLAG_ZERO: False FLAG_LT: 1 FLAG_GT: 0
INPUT_PORT:  []
OUT_PORT:  []
DATA_MEM:  [727, 339]
---------------------------------------
DEBUG    root:machine.py:309 MOD 3
TICK: 35210 PC:   6 ADDR:   0 MEM_OUT: 727 ACC: 727 BUFF: 726 DC: 0 FLAG_ZERO: False FLAG_LT: 1 FLAG_GT: 0
INPUT_PORT:  []
OUT_PORT:  []
DATA_MEM:  [727, 339]
---------------------------------------
DEBUG    root:machine.py:309 CMP 0
TICK: 35214 PC:   7 ADDR:   0 MEM_OUT: 727 ACC: 1 BUFF: 727 DC: 0 FLAG_ZERO: False FLAG_LT: 1 FLAG_GT: 0
INPUT_PORT:  []
OUT_PORT:  []
DATA_MEM:  [727, 339]
---------------------------------------
DEBUG    root:machine.py:309 JE 14
TICK: 35217 PC:   8 ADDR:   0 MEM_OUT: 727 ACC: 1 BUFF: 727 DC: 0 FLAG_ZERO: False FLAG_LT: 0 FLAG_GT: 1
INPUT_PORT:  []
OUT_PORT:  []
DATA_MEM:  [727, 339]
---------------------------------------
DEBUG    root:machine.py:309 LD 0
TICK: 35220 PC:   9 ADDR:   0 MEM_OUT: 727 ACC: 1 BUFF: 727 DC: 0 FLAG_ZERO: False FLAG_LT: 0 FLAG_GT: 1
INPUT_PORT:  []
OUT_PORT:  []
DATA_MEM:  [727, 339]
---------------------------------------
DEBUG    root:machine.py:309 MOD 5
TICK: 35224 PC:  10 ADDR:   0 MEM_OUT: 727 ACC: 727 BUFF: 727 DC: 0 FLAG_ZERO: False FLAG_LT: 0 FLAG_GT: 1
INPUT_PORT:  []
OUT_PORT:  []
DATA_MEM:  [727, 339]
---------------------------------------
DEBUG    root:machine.py:309 CMP 0
TICK: 35228 PC:  11 ADDR:   0 MEM_OUT: 727 ACC: 2 BUFF: 727 DC: 0 FLAG_ZERO: False FLAG_LT: 0 FLAG_GT: 1
INPUT_PORT:  []
OUT_PORT:  []
DATA_MEM:  [727, 339]
---------------------------------------
DEBUG    root:machine.py:309 JE 18
TICK: 35231 PC:  12 ADDR:   0 MEM_OUT: 727 ACC: 2 BUFF: 727 DC: 0 FLAG_ZERO: False FLAG_LT: 0 FLAG_GT: 1
INPUT_PORT:  []
OUT_PORT:  []
DATA_MEM:  [727, 339]
---------------------------------------
DEBUG    root:machine.py:309 JMP 0
TICK: 35234 PC:  13 ADDR:   0 MEM_OUT: 727 ACC: 2 BUFF: 727 DC: 0 FLAG_ZERO: False FLAG_LT: 0 FLAG_GT: 1
INPUT_PORT:  []
OUT_PORT:  []
DATA_MEM:  [727, 339]
---------------------------------------
DEBUG    root:machine.py:309 LD 0
TICK: 35237 PC:   0 ADDR:   0 MEM_OUT: 727 ACC: 2 BUFF: 727 DC: 0 FLAG_ZERO: False FLAG_LT: 0 FLAG_GT: 1
INPUT_PORT:  []
OUT_PORT:  []
DATA_MEM:  [727, 339]
---------------------------------------
DEBUG    root:machine.py:309 INC 
TICK: 35241 PC:   1 ADDR:   0 MEM_OUT: 727 ACC: 727 BUFF: 727 DC: 0 FLAG_ZERO: False FLAG_LT: 0 FLAG_GT: 1
INPUT_PORT:  []
OUT_PORT:  []
DATA_MEM:  [727, 339]
---------------------------------------
DEBUG    root:machine.py:309 ST 0
TICK: 35244 PC:   2 ADDR:   0 MEM_OUT: 727 ACC: 728 BUFF: 727 DC: 0 FLAG_ZERO: False FLAG_LT: 0 FLAG_GT: 1
INPUT_PORT:  []
OUT_PORT:  []
DATA_MEM:  [727, 339]
---------------------------------------
DEBUG    root:machine.py:309 CMP 1000
TICK: 35248 PC:   3 ADDR:   0 MEM_OUT: 728 ACC: 728 BUFF: 727 DC: 0 FLAG_ZERO: False FLAG_LT: 0 FLAG_GT: 1
INPUT_PORT:  []
OUT_PORT:  []
DATA_MEM:  [728, 339]
---------------------------------------
DEBUG    root:machine.py:309 JGE 22
TICK: 35251 PC:   4 ADDR:   0 MEM_OUT: 728 ACC: 728 BUFF: 727 DC: 0 FLAG_ZERO: False FLAG_LT: 1 FLAG_GT: 0
INPUT_PORT:  []
OUT_PORT:  []
DATA_MEM:  [728, 339]
---------------------------------------
DEBUG    root:machine.py:309 LD 0
TICK: 35254 PC:   5 ADDR:   0 MEM_OUT: 728 ACC: 728 BUFF: 727 DC: 0 FLAG_ZERO: False FLAG_LT: 1 FLAG_GT: 0
INPUT_PORT:  []
OUT_PORT:  []
DATA_MEM:  [728, 339]
---------------------------------------
DEBUG    root:machine.py:309 MOD 3
TICK: 35258 PC:   6 ADDR:   0 MEM_OUT: 728 ACC: 728 BUFF: 727 DC: 0 FLAG_ZERO: False FLAG_LT: 1 FLAG_GT: 0
INPUT_PORT:  []
OUT_PORT:  []
DATA_MEM:  [728, 339]
---------------------------------------
DEBUG    root:machine.py:309 CMP 0
TICK: 35262 PC:   7 ADDR:   0 MEM_OUT: 728 ACC: 2 BUFF: 728 DC: 0 FLAG_ZERO: False FLAG_LT: 1 FLAG_GT: 0
INPUT_PORT:  []
OUT_PORT:  []
DATA_MEM:  [728, 339]
---------------------------------------
DEBUG    root:machine.py:309 JE 14
TICK: 35265 PC:   8 ADDR:   0 MEM_OUT: 728 ACC: 2 BUFF: 728 DC: 0 FLAG_ZERO: False FLAG_LT: 0 FLAG_GT: 1
INPUT_PORT:  []
OUT_PORT:  []
DATA_MEM:  [728, 339]
---------------------------------------
DEBUG    root:machine.py:309 LD 0
TICK: 35268 PC:   9 ADDR:   0 MEM_OUT: 728 ACC: 2 BUFF: 728 DC: 0 FLAG_ZERO: False FLAG_LT: 0 FLAG_GT: 1
INPUT_PORT:  []
OUT_PORT:  []
DATA_MEM:  [728, 339]
---------------------------------------
DEBUG    root:machine.py:309 MOD 5
TICK: 35272 PC:  10 ADDR:   0 MEM_OUT: 728 ACC: 728 BUFF: 728 DC: 0 FLAG_ZERO: False FLAG_LT: 0 FLAG_GT: 1
INPUT_PORT:  []
OUT_PORT:  []
DATA_MEM:  [728, 339]
---------------------------------------
DEBUG    root:machine.py:309 CMP 0
TICK: 35276 PC:  11 ADDR:   0 MEM_OUT: 728 ACC: 3 BUFF: 728 DC: 0 FLAG_ZERO: False FLAG_LT: 0 FLAG_GT: 1
INPUT_PORT:  []
OUT_PORT:  []
DATA_MEM:  [728, 339]
---------------------------------------
DEBUG    root:machine.py:309 JE 18
TICK: 35279 PC:  12 ADDR:   0 MEM_OUT: 728 ACC: 3 BUFF: 728 DC: 0 FLAG_ZERO: False FLAG_LT: 0 FLAG_GT: 1
INPUT_PORT:  []
OUT_PORT:  []
DATA_MEM:  [728, 339]
---------------------------------------
DEBUG    root:machine.py:309 JMP 0
TICK: 35282 PC:  13 ADDR:   0 MEM_OUT: 728 ACC: 3 BUFF: 728 DC: 0 FLAG_ZERO: False FLAG_LT: 0 FLAG_GT: 1
INPUT_PORT:  []
OUT_PORT:  []
DATA_MEM:  [728, 339]
---------------------------------------
DEBUG    root:machine.py:309 LD 0
TICK: 35285 PC:   0 ADDR:   0 MEM_OUT: 728 ACC: 3 BUFF: 728 DC: 0 FLAG_ZERO: False FLAG_LT: 0 FLAG_GT: 1
INPUT_PORT:  []
OUT_PORT:  []
DATA_MEM:  [728, 339]
---------------------------------------
DEBUG    root:machine.py:309 INC 
TICK: 35289 PC:   1 ADDR:   0 MEM_OUT: 728 ACC: 728 BUFF: 728 DC: 0 FLAG_ZERO: False FLAG_LT: 0 FLAG_GT: 1
INPUT_PORT:  []
OUT_PORT:  []
DATA_MEM:  [728, 339]
---------------------------------------
DEBUG    root:machine.py:309 ST 0
TICK: 35292 PC:   2 ADDR:   0 MEM_OUT: 728 ACC: 729 BUFF: 728 DC: 0 FLAG_ZERO: False FLAG_LT: 0 FLAG_GT: 1
INPUT_PORT:  []
OUT_PORT:  []
DATA_MEM:  [728, 339]
---------------------------------------
DEBUG    root:machine.py:309 CMP 1000
TICK: 35296 PC:   3 ADDR:   0 MEM_OUT: 729 ACC: 729 BUFF: 728 DC: 0 FLAG_ZERO: False FLAG_LT: 0 FLAG_GT: 1
INPUT_PORT:  []
OUT_PORT:  []
DATA_MEM:  [729, 339]
---------------------------------------
DEBUG    root:machine.py:309 JGE 22
TICK: 35299 PC:   4 ADDR:   0 MEM_OUT: 729 ACC: 729 BUFF: 728 DC: 0 FLAG_ZERO: False FLAG_LT: 1 FLAG_GT: 0
INPUT_PORT:  []
OUT_PORT:  []
DATA_MEM:  [729, 339]
---------------------------------------
DEBUG    root:machine.py:309 LD 0
TICK: 35302 PC:   5 ADDR:   0 MEM_OUT: 729 ACC: 729 BUFF: 728 DC: 0 FLAG_ZERO: False FLAG_LT: 1 FLAG_GT: 0
INPUT_PORT:  []
OUT_PORT:  []
DATA_MEM:  [729, 339]
---------------------------------------
DEBUG    root:machine.py:309 MOD 3
TICK: 35306 PC:   6 ADDR:   0 MEM_OUT: 729 ACC: 729 BUFF: 728 DC: 0 FLAG_ZERO: False FLAG_LT: 1 FLAG_GT: 0
INPUT_PORT:  []
OUT_PORT:  []
DATA_MEM:  [729, 339]
---------------------------------------
DEBUG    root:machine.py:309 CMP 0
TICK: 35310 PC:   7 ADDR:   0 MEM_OUT: 729 ACC: 0 BUFF: 729 DC: 0 FLAG_ZERO: False FLAG_LT: 1 FLAG_GT: 0
INPUT_PORT:  []
OUT_PORT:  []
DATA_MEM:  [729, 339]
---------------------------------------
DEBUG    root:machine.py:309 JE 14
TICK: 35313 PC:   8 ADDR:   0 MEM_OUT: 729 ACC: 0 BUFF: 729 DC: 0 FLAG_ZERO: True FLAG_LT: 0 FLAG_GT: 0
INPUT_PORT:  []
OUT_PORT:  []
DATA_MEM:  [729, 339]
---------------------------------------
DEBUG    root:machine.py:309 LD 4
TICK: 35316 PC:  14 ADDR:   0 MEM_OUT: 729 ACC: 0 BUFF: 729 DC: 0 FLAG_ZERO: True FLAG_LT: 0 FLAG_GT: 0
INPUT_PORT:  []
OUT_PORT:  []
DATA_MEM:  [729, 339]
---------------------------------------
DEBUG    root:machine.py:309 INC 
TICK: 35320 PC:  15 ADDR:   1 MEM_OUT: 339 ACC: 339 BUFF: 729 DC: 0 FLAG_ZERO: True FLAG_LT: 0 FLAG_GT: 0
INPUT_PORT:  []
OUT_PORT:  []
DATA_MEM:  [729, 339]
---------------------------------------
DEBUG    root:machine.py:309 ST 4
TICK: 35323 PC:  16 ADDR:   1 MEM_OUT: 339 ACC: 340 BUFF: 729 DC: 0 FLAG_ZERO: True FLAG_LT: 0 FLAG_GT: 0
INPUT_PORT:  []
OUT_PORT:  []
DATA_MEM:  [729, 339]
---------------------------------------
DEBUG    root:machine.py:309 JMP 0
TICK: 35327 PC:  17 ADDR:   1 MEM_OUT: 340 ACC: 340 BUFF: 729 DC: 0 FLAG_ZERO: True FLAG_LT: 0 FLAG_GT: 0
INPUT_PORT:  []
OUT_PORT:  []
DATA_MEM:  [729, 340]
---------------------------------------
DEBUG    root:machine.py:309 LD 0
TICK: 35330 PC:   0 ADDR:   1 MEM_OUT: 340 ACC: 340 BUFF: 729 DC: 0 FLAG_ZERO: True FLAG_LT: 0 FLAG_GT: 0
INPUT_PORT:  []
OUT_PORT:  []
DATA_MEM:  [729, 340]
---------------------------------------
DEBUG    root:machine.py:309 INC 
TICK: 35334 PC:   1 ADDR:   0 MEM_OUT: 729 ACC: 729 BUFF: 729 DC: 0 FLAG_ZERO: True FLAG_LT: 0 FLAG_GT: 0
INPUT_PORT:  []
OUT_PORT:  []
DATA_MEM:  [729, 340]
---------------------------------------
DEBUG    root:machine.py:309 ST 0
TICK: 35337 PC:   2 ADDR:   0 MEM_OUT: 729 ACC: 730 BUFF: 729 DC: 0 FLAG_ZERO: True FLAG_LT: 0 FLAG_GT: 0
INPUT_PORT:  []
OUT_PORT:  []
DATA_MEM:  [729, 340]
---------------------------------------
DEBUG    root:machine.py:309 CMP 1000
TICK: 35341 PC:   3 ADDR:   0 MEM_OUT: 730 ACC: 730 BUFF: 729 DC: 0 FLAG_ZERO: True FLAG_LT: 0 FLAG_GT: 0
INPUT_PORT:  []
OUT_PORT:  []
DATA_MEM:  [730, 340]
---------------------------------------
DEBUG    root:machine.py:309 JGE 22
TICK: 35344 PC:   4 ADDR:   0 MEM_OUT: 730 ACC: 730 BUFF: 729 DC: 0 FLAG_ZERO: False FLAG_LT: 1 FLAG_GT: 0
INPUT_PORT:  []
OUT_PORT:  []
DATA_MEM:  [730, 340]
---------------------------------------
DEBUG    root:machine.py:309 LD 0
TICK: 35347 PC:   5 ADDR:   0 MEM_OUT: 730 ACC: 730 BUFF: 729 DC: 0 FLAG_ZERO: False FLAG_LT: 1 FLAG_GT: 0
INPUT_PORT:  []
OUT_PORT:  []
DATA_MEM:  [730, 340]
---------------------------------------
DEBUG    root:machine.py:309 MOD 3
TICK: 35351 PC:   6 ADDR:   0 MEM_OUT: 730 ACC: 730 BUFF: 729 DC: 0 FLAG_ZERO: False FLAG_LT: 1 FLAG_GT: 0
INPUT_PORT:  []
OUT_PORT:  []
DATA_MEM:  [730, 340]
---------------------------------------
DEBUG    root:machine.py:309 CMP 0
TICK: 35355 PC:   7 ADDR:   0 MEM_OUT: 730 ACC: 1 BUFF: 730 DC: 0 FLAG_ZERO: False FLAG_LT: 1 FLAG_GT: 0
INPUT_PORT:  []
OUT_PORT:  []
DATA_MEM:  [730, 340]
---------------------------------------
DEBUG    root:machine.py:309 JE 14
TICK: 35358 PC:   8 ADDR:   0 MEM_OUT: 730 ACC: 1 BUFF: 730 DC: 0 FLAG_ZERO: False FLAG_LT: 0 FLAG_GT: 1
INPUT_PORT:  []
OUT_PORT:  []
DATA_MEM:  [730, 340]
---------------------------------------
DEBUG    root:machine.py:309 LD 0
TICK: 35361 PC:   9 ADDR:   0 MEM_OUT: 730 ACC: 1 BUFF: 730 DC: 0 FLAG_ZERO: False FLAG_LT: 0 FLAG_GT: 1
INPUT_PORT:  []
OUT_PORT:  []
DATA_MEM:  [730, 340]
---------------------------------------
DEBUG    root:machine.py:309 MOD 5
TICK: 35365 PC:  10 ADDR:   0 MEM_OUT: 730 ACC: 730 BUFF: 730 DC: 0 FLAG_ZERO: False FLAG_LT: 0 FLAG_GT: 1
INPUT_PORT:  []
OUT_PORT:  []
DATA_MEM:  [730, 340]
---------------------------------------
DEBUG    root:machine.py:309 CMP 0
TICK: 35369 PC:  11 ADDR:   0 MEM_OUT: 730 ACC: 0 BUFF: 730 DC: 0 FLAG_ZERO: False FLAG_LT: 0 FLAG_GT: 1
INPUT_PORT:  []
OUT_PORT:  []
DATA_MEM:  [730, 340]
---------------------------------------
DEBUG    root:machine.py:309 JE 18
TICK: 35372 PC:  12 ADDR:   0 MEM_OUT: 730 ACC: 0 BUFF: 730 DC: 0 FLAG_ZERO: True FLAG_LT: 0 FLAG_GT: 0
INPUT_PORT:  []
OUT_PORT:  []
DATA_MEM:  [730, 340]
---------------------------------------
DEBUG    root:machine.py:309 LD 4
TICK: 35375 PC:  18 ADDR:   0 MEM_OUT: 730 ACC: 0 BUFF: 730 DC: 0 FLAG_ZERO: True FLAG_LT: 0 FLAG_GT: 0
INPUT_PORT:  []
OUT_PORT:  []
DATA_MEM:  [730, 340]
---------------------------------------
DEBUG    root:machine.py:309 INC 
TICK: 35379 PC:  19 ADDR:   1 MEM_OUT: 340 ACC: 340 BUFF: 730 DC: 0 FLAG_ZERO: True FLAG_LT: 0 FLAG_GT: 0
INPUT_PORT:  []
OUT_PORT:  []
DATA_MEM:  [730, 340]
---------------------------------------
DEBUG    root:machine.py:309 ST 4
TICK: 35382 PC:  20 ADDR:   1 MEM_OUT: 340 ACC: 341 BUFF: 730 DC: 0 FLAG_ZERO: True FLAG_LT: 0 FLAG_GT: 0
INPUT_PORT:  []
OUT_PORT:  []
DATA_MEM:  [730, 340]
---------------------------------------
DEBUG    root:machine.py:309 JMP 0
TICK: 35386 PC:  21 ADDR:   1 MEM_OUT: 341 ACC: 341 BUFF: 730 DC: 0 FLAG_ZERO: True FLAG_LT: 0 FLAG_GT: 0
INPUT_PORT:  []
OUT_PORT:  []
DATA_MEM:  [730, 341]
---------------------------------------
DEBUG    root:machine.py:309 LD 0
TICK: 35389 PC:   0 ADDR:   1 MEM_OUT: 341 ACC: 341 BUFF: 730 DC: 0 FLAG_ZERO: True FLAG_LT: 0 FLAG_GT: 0
INPUT_PORT:  []
OUT_PORT:  []
DATA_MEM:  [730, 341]
---------------------------------------
DEBUG    root:machine.py:309 INC 
TICK: 35393 PC:   1 ADDR:   0 MEM_OUT: 730 ACC: 730 BUFF: 730 DC: 0 FLAG_ZERO: True FLAG_LT: 0 FLAG_GT: 0
INPUT_PORT:  []
OUT_PORT:  []
DATA_MEM:  [730, 341]
---------------------------------------
DEBUG    root:machine.py:309 ST 0
TICK: 35396 PC:   2 ADDR:   0 MEM_OUT: 730 ACC: 731 BUFF: 730 DC: 0 FLAG_ZERO: True FLAG_LT: 0 FLAG_GT: 0
INPUT_PORT:  []
OUT_PORT:  []
DATA_MEM:  [730, 341]
---------------------------------------
DEBUG    root:machine.py:309 CMP 1000
TICK: 35400 PC:   3 ADDR:   0 MEM_OUT: 731 ACC: 731 BUFF: 730 DC: 0 FLAG_ZERO: True FLAG_LT: 0 FLAG_GT: 0
INPUT_PORT:  []
OUT_PORT:  []
DATA_MEM:  [731, 341]
---------------------------------------
DEBUG    root:machine.py:309 JGE 22
TICK: 35403 PC:   4 ADDR:   0 MEM_OUT: 731 ACC: 731 BUFF: 730 DC: 0 FLAG_ZERO: False FLAG_LT: 1 FLAG_GT: 0
INPUT_PORT:  []
OUT_PORT:  []
DATA_MEM:  [731, 341]
---------------------------------------
DEBUG    root:machine.py:309 LD 0
TICK: 35406 PC:   5 ADDR:   0 MEM_OUT: 731 ACC: 731 BUFF: 730 DC: 0 FLAG_ZERO: False FLAG_LT: 1 FLAG_GT: 0
INPUT_PORT:  []
OUT_PORT:  []
DATA_MEM:  [731, 341]
---------------------------------------
DEBUG    root:machine.py:309 MOD 3
TICK: 35410 PC:   6 ADDR:   0 MEM_OUT: 731 ACC: 731 BUFF: 730 DC: 0 FLAG_ZERO: False FLAG_LT: 1 FLAG_GT: 0
INPUT_PORT:  []
OUT_PORT:  []
DATA_MEM:  [731, 341]
---------------------------------------
DEBUG    root:machine.py:309 CMP 0
TICK: 35414 PC:   7 ADDR:   0 MEM_OUT: 731 ACC: 2 BUFF: 731 DC: 0 FLAG_ZERO: False FLAG_LT: 1 FLAG_GT: 0
INPUT_PORT:  []
OUT_PORT:  []
DATA_MEM:  [731, 341]
---------------------------------------
DEBUG    root:machine.py:309 JE 14
TICK: 35417 PC:   8 ADDR:   0 MEM_OUT: 731 ACC: 2 BUFF: 731 DC: 0 FLAG_ZERO: False FLAG_LT: 0 FLAG_GT: 1
INPUT_PORT:  []
OUT_PORT:  []
DATA_MEM:  [731, 341]
---------------------------------------
DEBUG    root:machine.py:309 LD 0
TICK: 35420 PC:   9 ADDR:   0 MEM_OUT: 731 ACC: 2 BUFF: 731 DC: 0 FLAG_ZERO: False FLAG_LT: 0 FLAG_GT: 1
INPUT_PORT:  []
OUT_PORT:  []
DATA_MEM:  [731, 341]
---------------------------------------
DEBUG    root:machine.py:309 MOD 5
TICK: 35424 PC:  10 ADDR:   0 MEM_OUT: 731 ACC: 731 BUFF: 731 DC: 0 FLAG_ZERO: False FLAG_LT: 0 FLAG_GT: 1
INPUT_PORT:  []
OUT_PORT:  []
DATA_MEM:  [731, 341]
---------------------------------------
DEBUG    root:machine.py:309 CMP 0
TICK: 35428 PC:  11 ADDR:   0 MEM_OUT: 731 ACC: 1 BUFF: 731 DC: 0 FLAG_ZERO: False FLAG_LT: 0 FLAG_GT: 1
INPUT_PORT:  []
OUT_PORT:  []
DATA_MEM:  [731, 341]
---------------------------------------
DEBUG    root:machine.py:309 JE 18
TICK: 35431 PC:  12 ADDR:   0 MEM_OUT: 731 ACC: 1 BUFF: 731 DC: 0 FLAG_ZERO: False FLAG_LT: 0 FLAG_GT: 1
INPUT_PORT:  []
OUT_PORT:  []
DATA_MEM:  [731, 341]
---------------------------------------
DEBUG    root:machine.py:309 JMP 0
TICK: 35434 PC:  13 ADDR:   0 MEM_OUT: 731 ACC: 1 BUFF: 731 DC: 0 FLAG_ZERO: False FLAG_LT: 0 FLAG_GT: 1
INPUT_PORT:  []
OUT_PORT:  []
DATA_MEM:  [731, 341]
---------------------------------------
DEBUG    root:machine.py:309 LD 0
TICK: 35437 PC:   0 ADDR:   0 MEM_OUT: 731 ACC: 1 BUFF: 731 DC: 0 FLAG_ZERO: False FLAG_LT: 0 FLAG_GT: 1
INPUT_PORT:  []
OUT_PORT:  []
DATA_MEM:  [731, 341]
---------------------------------------
DEBUG    root:machine.py:309 INC 
TICK: 35441 PC:   1 ADDR:   0 MEM_OUT: 731 ACC: 731 BUFF: 731 DC: 0 FLAG_ZERO: False FLAG_LT: 0 FLAG_GT: 1
INPUT_PORT:  []
OUT_PORT:  []
DATA_MEM:  [731, 341]
---------------------------------------
DEBUG    root:machine.py:309 ST 0
TICK: 35444 PC:   2 ADDR:   0 MEM_OUT: 731 ACC: 732 BUFF: 731 DC: 0 FLAG_ZERO: False FLAG_LT: 0 FLAG_GT: 1
INPUT_PORT:  []
OUT_PORT:  []
DATA_MEM:  [731, 341]
---------------------------------------
DEBUG    root:machine.py:309 CMP 1000
TICK: 35448 PC:   3 ADDR:   0 MEM_OUT: 732 ACC: 732 BUFF: 731 DC: 0 FLAG_ZERO: False FLAG_LT: 0 FLAG_GT: 1
INPUT_PORT:  []
OUT_PORT:  []
DATA_MEM:  [732, 341]
---------------------------------------
DEBUG    root:machine.py:309 JGE 22
TICK: 35451 PC:   4 ADDR:   0 MEM_OUT: 732 ACC: 732 BUFF: 731 DC: 0 FLAG_ZERO: False FLAG_LT: 1 FLAG_GT: 0
INPUT_PORT:  []
OUT_PORT:  []
DATA_MEM:  [732, 341]
---------------------------------------
DEBUG    root:machine.py:309 LD 0
TICK: 35454 PC:   5 ADDR:   0 MEM_OUT: 732 ACC: 732 BUFF: 731 DC: 0 FLAG_ZERO: False FLAG_LT: 1 FLAG_GT: 0
INPUT_PORT:  []
OUT_PORT:  []
DATA_MEM:  [732, 341]
---------------------------------------
DEBUG    root:machine.py:309 MOD 3
TICK: 35458 PC:   6 ADDR:   0 MEM_OUT: 732 ACC: 732 BUFF: 731 DC: 0 FLAG_ZERO: False FLAG_LT: 1 FLAG_GT: 0
INPUT_PORT:  []
OUT_PORT:  []
DATA_MEM:  [732, 341]
---------------------------------------
DEBUG    root:machine.py:309 CMP 0
TICK: 35462 PC:   7 ADDR:   0 MEM_OUT: 732 ACC: 0 BUFF: 732 DC: 0 FLAG_ZERO: False FLAG_LT: 1 FLAG_GT: 0
INPUT_PORT:  []
OUT_PORT:  []
DATA_MEM:  [732, 341]
---------------------------------------
DEBUG    root:machine.py:309 JE 14
TICK: 35465 PC:   8 ADDR:   0 MEM_OUT: 732 ACC: 0 BUFF: 732 DC: 0 FLAG_ZERO: True FLAG_LT: 0 FLAG_GT: 0
INPUT_PORT:  []
OUT_PORT:  []
DATA_MEM:  [732, 341]
---------------------------------------
DEBUG    root:machine.py:309 LD 4
TICK: 35468 PC:  14 ADDR:   0 MEM_OUT: 732 ACC: 0 BUFF: 732 DC: 0 FLAG_ZERO: True FLAG_LT: 0 FLAG_GT: 0
INPUT_PORT:  []
OUT_PORT:  []
DATA_MEM:  [732, 341]
---------------------------------------
DEBUG    root:machine.py:309 INC 
TICK: 35472 PC:  15 ADDR:   1 MEM_OUT: 341 ACC: 341 BUFF: 732 DC: 0 FLAG_ZERO: True FLAG_LT: 0 FLAG_GT: 0
INPUT_PORT:  []
OUT_PORT:  []
DATA_MEM:  [732, 341]
---------------------------------------
DEBUG    root:machine.py:309 ST 4
TICK: 35475 PC:  16 ADDR:   1 MEM_OUT: 341 ACC: 342 BUFF: 732 DC: 0 FLAG_ZERO: True FLAG_LT: 0 FLAG_GT: 0
INPUT_PORT:  []
OUT_PORT:  []
DATA_MEM:  [732, 341]
---------------------------------------
DEBUG    root:machine.py:309 JMP 0
TICK: 35479 PC:  17 ADDR:   1 MEM_OUT: 342 ACC: 342 BUFF: 732 DC: 0 FLAG_ZERO: True FLAG_LT: 0 FLAG_GT: 0
INPUT_PORT:  []
OUT_PORT:  []
DATA_MEM:  [732, 342]
---------------------------------------
DEBUG    root:machine.py:309 LD 0
TICK: 35482 PC:   0 ADDR:   1 MEM_OUT: 342 ACC: 342 BUFF: 732 DC: 0 FLAG_ZERO: True FLAG_LT: 0 FLAG_GT: 0
INPUT_PORT:  []
OUT_PORT:  []
DATA_MEM:  [732, 342]
---------------------------------------
DEBUG    root:machine.py:309 INC 
TICK: 35486 PC:   1 ADDR:   0 MEM_OUT: 732 ACC: 732 BUFF: 732 DC: 0 FLAG_ZERO: True FLAG_LT: 0 FLAG_GT: 0
INPUT_PORT:  []
OUT_PORT:  []
DATA_MEM:  [732, 342]
---------------------------------------
DEBUG    root:machine.py:309 ST 0
TICK: 35489 PC:   2 ADDR:   0 MEM_OUT: 732 ACC: 733 BUFF: 732 DC: 0 FLAG_ZERO: True FLAG_LT: 0 FLAG_GT: 0
INPUT_PORT:  []
OUT_PORT:  []
DATA_MEM:  [732, 342]
---------------------------------------
DEBUG    root:machine.py:309 CMP 1000
TICK: 35493 PC:   3 ADDR:   0 MEM_OUT: 733 ACC: 733 BUFF: 732 DC: 0 FLAG_ZERO: True FLAG_LT: 0 FLAG_GT: 0
INPUT_PORT:  []
OUT_PORT:  []
DATA_MEM:  [733, 342]
---------------------------------------
DEBUG    root:machine.py:309 JGE 22
TICK: 35496 PC:   4 ADDR:   0 MEM_OUT: 733 ACC: 733 BUFF: 732 DC: 0 FLAG_ZERO: False FLAG_LT: 1 FLAG_GT: 0
INPUT_PORT:  []
OUT_PORT:  []
DATA_MEM:  [733, 342]
---------------------------------------
DEBUG    root:machine.py:309 LD 0
TICK: 35499 PC:   5 ADDR:   0 MEM_OUT: 733 ACC: 733 BUFF: 732 DC: 0 FLAG_ZERO: False FLAG_LT: 1 FLAG_GT: 0
INPUT_PORT:  []
OUT_PORT:  []
DATA_MEM:  [733, 342]
---------------------------------------
DEBUG    root:machine.py:309 MOD 3
TICK: 35503 PC:   6 ADDR:   0 MEM_OUT: 733 ACC: 733 BUFF: 732 DC: 0 FLAG_ZERO: False FLAG_LT: 1 FLAG_GT: 0
INPUT_PORT:  []
OUT_PORT:  []
DATA_MEM:  [733, 342]
---------------------------------------
DEBUG    root:machine.py:309 CMP 0
TICK: 35507 PC:   7 ADDR:   0 MEM_OUT: 733 ACC: 1 BUFF: 733 DC: 0 FLAG_ZERO: False FLAG_LT: 1 FLAG_GT: 0
INPUT_PORT:  []
OUT_PORT:  []
DATA_MEM:  [733, 342]
---------------------------------------
DEBUG    root:machine.py:309 JE 14
TICK: 35510 PC:   8 ADDR:   0 MEM_OUT: 733 ACC: 1 BUFF: 733 DC: 0 FLAG_ZERO: False FLAG_LT: 0 FLAG_GT: 1
INPUT_PORT:  []
OUT_PORT:  []
DATA_MEM:  [733, 342]
---------------------------------------
DEBUG    root:machine.py:309 LD 0
TICK: 35513 PC:   9 ADDR:   0 MEM_OUT: 733 ACC: 1 BUFF: 733 DC: 0 FLAG_ZERO: False FLAG_LT: 0 FLAG_GT: 1
INPUT_PORT:  []
OUT_PORT:  []
DATA_MEM:  [733, 342]
---------------------------------------
DEBUG    root:machine.py:309 MOD 5
TICK: 35517 PC:  10 ADDR:   0 MEM_OUT: 733 ACC: 733 BUFF: 733 DC: 0 FLAG_ZERO: False FLAG_LT: 0 FLAG_GT: 1
INPUT_PORT:  []
OUT_PORT:  []
DATA_MEM:  [733, 342]
---------------------------------------
DEBUG    root:machine.py:309 CMP 0
TICK: 35521 PC:  11 ADDR:   0 MEM_OUT: 733 ACC: 3 BUFF: 733 DC: 0 FLAG_ZERO: False FLAG_LT: 0 FLAG_GT: 1
INPUT_PORT:  []
OUT_PORT:  []
DATA_MEM:  [733, 342]
---------------------------------------
DEBUG    root:machine.py:309 JE 18
TICK: 35524 PC:  12 ADDR:   0 MEM_OUT: 733 ACC: 3 BUFF: 733 DC: 0 FLAG_ZERO: False FLAG_LT: 0 FLAG_GT: 1
INPUT_PORT:  []
OUT_PORT:  []
DATA_MEM:  [733, 342]
---------------------------------------
DEBUG    root:machine.py:309 JMP 0
TICK: 35527 PC:  13 ADDR:   0 MEM_OUT: 733 ACC: 3 BUFF: 733 DC: 0 FLAG_ZERO: False FLAG_LT: 0 FLAG_GT: 1
INPUT_PORT:  []
OUT_PORT:  []
DATA_MEM:  [733, 342]
---------------------------------------
DEBUG    root:machine.py:309 LD 0
TICK: 35530 PC:   0 ADDR:   0 MEM_OUT: 733 ACC: 3 BUFF: 733 DC: 0 FLAG_ZERO: False FLAG_LT: 0 FLAG_GT: 1
INPUT_PORT:  []
OUT_PORT:  []
DATA_MEM:  [733, 342]
---------------------------------------
DEBUG    root:machine.py:309 INC 
TICK: 35534 PC:   1 ADDR:   0 MEM_OUT: 733 ACC: 733 BUFF: 733 DC: 0 FLAG_ZERO: False FLAG_LT: 0 FLAG_GT: 1
INPUT_PORT:  []
OUT_PORT:  []
DATA_MEM:  [733, 342]
---------------------------------------
DEBUG    root:machine.py:309 ST 0
TICK: 35537 PC:   2 ADDR:   0 MEM_OUT: 733 ACC: 734 BUFF: 733 DC: 0 FLAG_ZERO: False FLAG_LT: 0 FLAG_GT: 1
INPUT_PORT:  []
OUT_PORT:  []
DATA_MEM:  [733, 342]
---------------------------------------
DEBUG    root:machine.py:309 CMP 1000
TICK: 35541 PC:   3 ADDR:   0 MEM_OUT: 734 ACC: 734 BUFF: 733 DC: 0 FLAG_ZERO: False FLAG_LT: 0 FLAG_GT: 1
INPUT_PORT:  []
OUT_PORT:  []
DATA_MEM:  [734, 342]
---------------------------------------
DEBUG    root:machine.py:309 JGE 22
TICK: 35544 PC:   4 ADDR:   0 MEM_OUT: 734 ACC: 734 BUFF: 733 DC: 0 FLAG_ZERO: False FLAG_LT: 1 FLAG_GT: 0
INPUT_PORT:  []
OUT_PORT:  []
DATA_MEM:  [734, 342]
---------------------------------------
DEBUG    root:machine.py:309 LD 0
TICK: 35547 PC:   5 ADDR:   0 MEM_OUT: 734 ACC: 734 BUFF: 733 DC: 0 FLAG_ZERO: False FLAG_LT: 1 FLAG_GT: 0
INPUT_PORT:  []
OUT_PORT:  []
DATA_MEM:  [734, 342]
---------------------------------------
DEBUG    root:machine.py:309 MOD 3
TICK: 35551 PC:   6 ADDR:   0 MEM_OUT: 734 ACC: 734 BUFF: 733 DC: 0 FLAG_ZERO: False FLAG_LT: 1 FLAG_GT: 0
INPUT_PORT:  []
OUT_PORT:  []
DATA_MEM:  [734, 342]
---------------------------------------
DEBUG    root:machine.py:309 CMP 0
TICK: 35555 PC:   7 ADDR:   0 MEM_OUT: 734 ACC: 2 BUFF: 734 DC: 0 FLAG_ZERO: False FLAG_LT: 1 FLAG_GT: 0
INPUT_PORT:  []
OUT_PORT:  []
DATA_MEM:  [734, 342]
---------------------------------------
DEBUG    root:machine.py:309 JE 14
TICK: 35558 PC:   8 ADDR:   0 MEM_OUT: 734 ACC: 2 BUFF: 734 DC: 0 FLAG_ZERO: False FLAG_LT: 0 FLAG_GT: 1
INPUT_PORT:  []
OUT_PORT:  []
DATA_MEM:  [734, 342]
---------------------------------------
DEBUG    root:machine.py:309 LD 0
TICK: 35561 PC:   9 ADDR:   0 MEM_OUT: 734 ACC: 2 BUFF: 734 DC: 0 FLAG_ZERO: False FLAG_LT: 0 FLAG_GT: 1
INPUT_PORT:  []
OUT_PORT:  []
DATA_MEM:  [734, 342]
---------------------------------------
DEBUG    root:machine.py:309 MOD 5
TICK: 35565 PC:  10 ADDR:   0 MEM_OUT: 734 ACC: 734 BUFF: 734 DC: 0 FLAG_ZERO: False FLAG_LT: 0 FLAG_GT: 1
INPUT_PORT:  []
OUT_PORT:  []
DATA_MEM:  [734, 342]
---------------------------------------
DEBUG    root:machine.py:309 CMP 0
TICK: 35569 PC:  11 ADDR:   0 MEM_OUT: 734 ACC: 4 BUFF: 734 DC: 0 FLAG_ZERO: False FLAG_LT: 0 FLAG_GT: 1
INPUT_PORT:  []
OUT_PORT:  []
DATA_MEM:  [734, 342]
---------------------------------------
DEBUG    root:machine.py:309 JE 18
TICK: 35572 PC:  12 ADDR:   0 MEM_OUT: 734 ACC: 4 BUFF: 734 DC: 0 FLAG_ZERO: False FLAG_LT: 0 FLAG_GT: 1
INPUT_PORT:  []
OUT_PORT:  []
DATA_MEM:  [734, 342]
---------------------------------------
DEBUG    root:machine.py:309 JMP 0
TICK: 35575 PC:  13 ADDR:   0 MEM_OUT: 734 ACC: 4 BUFF: 734 DC: 0 FLAG_ZERO: False FLAG_LT: 0 FLAG_GT: 1
INPUT_PORT:  []
OUT_PORT:  []
DATA_MEM:  [734, 342]
---------------------------------------
DEBUG    root:machine.py:309 LD 0
TICK: 35578 PC:   0 ADDR:   0 MEM_OUT: 734 ACC: 4 BUFF: 734 DC: 0 FLAG_ZERO: False FLAG_LT: 0 FLAG_GT: 1
INPUT_PORT:  []
OUT_PORT:  []
DATA_MEM:  [734, 342]
---------------------------------------
DEBUG    root:machine.py:309 INC 
TICK: 35582 PC:   1 ADDR:   0 MEM_OUT: 734 ACC: 734 BUFF: 734 DC: 0 FLAG_ZERO: False FLAG_LT: 0 FLAG_GT: 1
INPUT_PORT:  []
OUT_PORT:  []
DATA_MEM:  [734, 342]
---------------------------------------
DEBUG    root:machine.py:309 ST 0
TICK: 35585 PC:   2 ADDR:   0 MEM_OUT: 734 ACC: 735 BUFF: 734 DC: 0 FLAG_ZERO: False FLAG_LT: 0 FLAG_GT: 1
INPUT_PORT:  []
OUT_PORT:  []
DATA_MEM:  [734, 342]
---------------------------------------
DEBUG    root:machine.py:309 CMP 1000
TICK: 35589 PC:   3 ADDR:   0 MEM_OUT: 735 ACC: 735 BUFF: 734 DC: 0 FLAG_ZERO: False FLAG_LT: 0 FLAG_GT: 1
INPUT_PORT:  []
OUT_PORT:  []
DATA_MEM:  [735, 342]
---------------------------------------
DEBUG    root:machine.py:309 JGE 22
TICK: 35592 PC:   4 ADDR:   0 MEM_OUT: 735 ACC: 735 BUFF: 734 DC: 0 FLAG_ZERO: False FLAG_LT: 1 FLAG_GT: 0
INPUT_PORT:  []
OUT_PORT:  []
DATA_MEM:  [735, 342]
---------------------------------------
DEBUG    root:machine.py:309 LD 0
TICK: 35595 PC:   5 ADDR:   0 MEM_OUT: 735 ACC: 735 BUFF: 734 DC: 0 FLAG_ZERO: False FLAG_LT: 1 FLAG_GT: 0
INPUT_PORT:  []
OUT_PORT:  []
DATA_MEM:  [735, 342]
---------------------------------------
DEBUG    root:machine.py:309 MOD 3
TICK: 35599 PC:   6 ADDR:   0 MEM_OUT: 735 ACC: 735 BUFF: 734 DC: 0 FLAG_ZERO: False FLAG_LT: 1 FLAG_GT: 0
INPUT_PORT:  []
OUT_PORT:  []
DATA_MEM:  [735, 342]
---------------------------------------
DEBUG    root:machine.py:309 CMP 0
TICK: 35603 PC:   7 ADDR:   0 MEM_OUT: 735 ACC: 0 BUFF: 735 DC: 0 FLAG_ZERO: False FLAG_LT: 1 FLAG_GT: 0
INPUT_PORT:  []
OUT_PORT:  []
DATA_MEM:  [735, 342]
---------------------------------------
DEBUG    root:machine.py:309 JE 14
TICK: 35606 PC:   8 ADDR:   0 MEM_OUT: 735 ACC: 0 BUFF: 735 DC: 0 FLAG_ZERO: True FLAG_LT: 0 FLAG_GT: 0
INPUT_PORT:  []
OUT_PORT:  []
DATA_MEM:  [735, 342]
---------------------------------------
DEBUG    root:machine.py:309 LD 4
TICK: 35609 PC:  14 ADDR:   0 MEM_OUT: 735 ACC: 0 BUFF: 735 DC: 0 FLAG_ZERO: True FLAG_LT: 0 FLAG_GT: 0
INPUT_PORT:  []
OUT_PORT:  []
DATA_MEM:  [735, 342]
---------------------------------------
DEBUG    root:machine.py:309 INC 
TICK: 35613 PC:  15 ADDR:   1 MEM_OUT: 342 ACC: 342 BUFF: 735 DC: 0 FLAG_ZERO: True FLAG_LT: 0 FLAG_GT: 0
INPUT_PORT:  []
OUT_PORT:  []
DATA_MEM:  [735, 342]
---------------------------------------
DEBUG    root:machine.py:309 ST 4
TICK: 35616 PC:  16 ADDR:   1 MEM_OUT: 342 ACC: 343 BUFF: 735 DC: 0 FLAG_ZERO: True FLAG_LT: 0 FLAG_GT: 0
INPUT_PORT:  []
OUT_PORT:  []
DATA_MEM:  [735, 342]
---------------------------------------
DEBUG    root:machine.py:309 JMP 0
TICK: 35620 PC:  17 ADDR:   1 MEM_OUT: 343 ACC: 343 BUFF: 735 DC: 0 FLAG_ZERO: True FLAG_LT: 0 FLAG_GT: 0
INPUT_PORT:  []
OUT_PORT:  []
DATA_MEM:  [735, 343]
---------------------------------------
DEBUG    root:machine.py:309 LD 0
TICK: 35623 PC:   0 ADDR:   1 MEM_OUT: 343 ACC: 343 BUFF: 735 DC: 0 FLAG_ZERO: True FLAG_LT: 0 FLAG_GT: 0
INPUT_PORT:  []
OUT_PORT:  []
DATA_MEM:  [735, 343]
---------------------------------------
DEBUG    root:machine.py:309 INC 
TICK: 35627 PC:   1 ADDR:   0 MEM_OUT: 735 ACC: 735 BUFF: 735 DC: 0 FLAG_ZERO: True FLAG_LT: 0 FLAG_GT: 0
INPUT_PORT:  []
OUT_PORT:  []
DATA_MEM:  [735, 343]
---------------------------------------
DEBUG    root:machine.py:309 ST 0
TICK: 35630 PC:   2 ADDR:   0 MEM_OUT: 735 ACC: 736 BUFF: 735 DC: 0 FLAG_ZERO: True FLAG_LT: 0 FLAG_GT: 0
INPUT_PORT:  []
OUT_PORT:  []
DATA_MEM:  [735, 343]
---------------------------------------
DEBUG    root:machine.py:309 CMP 1000
TICK: 35634 PC:   3 ADDR:   0 MEM_OUT: 736 ACC: 736 BUFF: 735 DC: 0 FLAG_ZERO: True FLAG_LT: 0 FLAG_GT: 0
INPUT_PORT:  []
OUT_PORT:  []
DATA_MEM:  [736, 343]
---------------------------------------
DEBUG    root:machine.py:309 JGE 22
TICK: 35637 PC:   4 ADDR:   0 MEM_OUT: 736 ACC: 736 BUFF: 735 DC: 0 FLAG_ZERO: False FLAG_LT: 1 FLAG_GT: 0
INPUT_PORT:  []
OUT_PORT:  []
DATA_MEM:  [736, 343]
---------------------------------------
DEBUG    root:machine.py:309 LD 0
TICK: 35640 PC:   5 ADDR:   0 MEM_OUT: 736 ACC: 736 BUFF: 735 DC: 0 FLAG_ZERO: False FLAG_LT: 1 FLAG_GT: 0
INPUT_PORT:  []
OUT_PORT:  []
DATA_MEM:  [736, 343]
---------------------------------------
DEBUG    root:machine.py:309 MOD 3
TICK: 35644 PC:   6 ADDR:   0 MEM_OUT: 736 ACC: 736 BUFF: 735 DC: 0 FLAG_ZERO: False FLAG_LT: 1 FLAG_GT: 0
INPUT_PORT:  []
OUT_PORT:  []
DATA_MEM:  [736, 343]
---------------------------------------
DEBUG    root:machine.py:309 CMP 0
TICK: 35648 PC:   7 ADDR:   0 MEM_OUT: 736 ACC: 1 BUFF: 736 DC: 0 FLAG_ZERO: False FLAG_LT: 1 FLAG_GT: 0
INPUT_PORT:  []
OUT_PORT:  []
DATA_MEM:  [736, 343]
---------------------------------------
DEBUG    root:machine.py:309 JE 14
TICK: 35651 PC:   8 ADDR:   0 MEM_OUT: 736 ACC: 1 BUFF: 736 DC: 0 FLAG_ZERO: False FLAG_LT: 0 FLAG_GT: 1
INPUT_PORT:  []
OUT_PORT:  []
DATA_MEM:  [736, 343]
---------------------------------------
DEBUG    root:machine.py:309 LD 0
TICK: 35654 PC:   9 ADDR:   0 MEM_OUT: 736 ACC: 1 BUFF: 736 DC: 0 FLAG_ZERO: False FLAG_LT: 0 FLAG_GT: 1
INPUT_PORT:  []
OUT_PORT:  []
DATA_MEM:  [736, 343]
---------------------------------------
DEBUG    root:machine.py:309 MOD 5
TICK: 35658 PC:  10 ADDR:   0 MEM_OUT: 736 ACC: 736 BUFF: 736 DC: 0 FLAG_ZERO: False FLAG_LT: 0 FLAG_GT: 1
INPUT_PORT:  []
OUT_PORT:  []
DATA_MEM:  [736, 343]
---------------------------------------
DEBUG    root:machine.py:309 CMP 0
TICK: 35662 PC:  11 ADDR:   0 MEM_OUT: 736 ACC: 1 BUFF: 736 DC: 0 FLAG_ZERO: False FLAG_LT: 0 FLAG_GT: 1
INPUT_PORT:  []
OUT_PORT:  []
DATA_MEM:  [736, 343]
---------------------------------------
DEBUG    root:machine.py:309 JE 18
TICK: 35665 PC:  12 ADDR:   0 MEM_OUT: 736 ACC: 1 BUFF: 736 DC: 0 FLAG_ZERO: False FLAG_LT: 0 FLAG_GT: 1
INPUT_PORT:  []
OUT_PORT:  []
DATA_MEM:  [736, 343]
---------------------------------------
DEBUG    root:machine.py:309 JMP 0
TICK: 35668 PC:  13 ADDR:   0 MEM_OUT: 736 ACC: 1 BUFF: 736 DC: 0 FLAG_ZERO: False FLAG_LT: 0 FLAG_GT: 1
INPUT_PORT:  []
OUT_PORT:  []
DATA_MEM:  [736, 343]
---------------------------------------
DEBUG    root:machine.py:309 LD 0
TICK: 35671 PC:   0 ADDR:   0 MEM_OUT: 736 ACC: 1 BUFF: 736 DC: 0 FLAG_ZERO: False FLAG_LT: 0 FLAG_GT: 1
INPUT_PORT:  []
OUT_PORT:  []
DATA_MEM:  [736, 343]
---------------------------------------
DEBUG    root:machine.py:309 INC 
TICK: 35675 PC:   1 ADDR:   0 MEM_OUT: 736 ACC: 736 BUFF: 736 DC: 0 FLAG_ZERO: False FLAG_LT: 0 FLAG_GT: 1
INPUT_PORT:  []
OUT_PORT:  []
DATA_MEM:  [736, 343]
---------------------------------------
DEBUG    root:machine.py:309 ST 0
TICK: 35678 PC:   2 ADDR:   0 MEM_OUT: 736 ACC: 737 BUFF: 736 DC: 0 FLAG_ZERO: False FLAG_LT: 0 FLAG_GT: 1
INPUT_PORT:  []
OUT_PORT:  []
DATA_MEM:  [736, 343]
---------------------------------------
DEBUG    root:machine.py:309 CMP 1000
TICK: 35682 PC:   3 ADDR:   0 MEM_OUT: 737 ACC: 737 BUFF: 736 DC: 0 FLAG_ZERO: False FLAG_LT: 0 FLAG_GT: 1
INPUT_PORT:  []
OUT_PORT:  []
DATA_MEM:  [737, 343]
---------------------------------------
DEBUG    root:machine.py:309 JGE 22
TICK: 35685 PC:   4 ADDR:   0 MEM_OUT: 737 ACC: 737 BUFF: 736 DC: 0 FLAG_ZERO: False FLAG_LT: 1 FLAG_GT: 0
INPUT_PORT:  []
OUT_PORT:  []
DATA_MEM:  [737, 343]
---------------------------------------
DEBUG    root:machine.py:309 LD 0
TICK: 35688 PC:   5 ADDR:   0 MEM_OUT: 737 ACC: 737 BUFF: 736 DC: 0 FLAG_ZERO: False FLAG_LT: 1 FLAG_GT: 0
INPUT_PORT:  []
OUT_PORT:  []
DATA_MEM:  [737, 343]
---------------------------------------
DEBUG    root:machine.py:309 MOD 3
TICK: 35692 PC:   6 ADDR:   0 MEM_OUT: 737 ACC: 737 BUFF: 736 DC: 0 FLAG_ZERO: False FLAG_LT: 1 FLAG_GT: 0
INPUT_PORT:  []
OUT_PORT:  []
DATA_MEM:  [737, 343]
---------------------------------------
DEBUG    root:machine.py:309 CMP 0
TICK: 35696 PC:   7 ADDR:   0 MEM_OUT: 737 ACC: 2 BUFF: 737 DC: 0 FLAG_ZERO: False FLAG_LT: 1 FLAG_GT: 0
INPUT_PORT:  []
OUT_PORT:  []
DATA_MEM:  [737, 343]
---------------------------------------
DEBUG    root:machine.py:309 JE 14
TICK: 35699 PC:   8 ADDR:   0 MEM_OUT: 737 ACC: 2 BUFF: 737 DC: 0 FLAG_ZERO: False FLAG_LT: 0 FLAG_GT: 1
INPUT_PORT:  []
OUT_PORT:  []
DATA_MEM:  [737, 343]
---------------------------------------
DEBUG    root:machine.py:309 LD 0
TICK: 35702 PC:   9 ADDR:   0 MEM_OUT: 737 ACC: 2 BUFF: 737 DC: 0 FLAG_ZERO: False FLAG_LT: 0 FLAG_GT: 1
INPUT_PORT:  []
OUT_PORT:  []
DATA_MEM:  [737, 343]
---------------------------------------
DEBUG    root:machine.py:309 MOD 5
TICK: 35706 PC:  10 ADDR:   0 MEM_OUT: 737 ACC: 737 BUFF: 737 DC: 0 FLAG_ZERO: False FLAG_LT: 0 FLAG_GT: 1
INPUT_PORT:  []
OUT_PORT:  []
DATA_MEM:  [737, 343]
---------------------------------------
DEBUG    root:machine.py:309 CMP 0
TICK: 35710 PC:  11 ADDR:   0 MEM_OUT: 737 ACC: 2 BUFF: 737 DC: 0 FLAG_ZERO: False FLAG_LT: 0 FLAG_GT: 1
INPUT_PORT:  []
OUT_PORT:  []
DATA_MEM:  [737, 343]
---------------------------------------
DEBUG    root:machine.py:309 JE 18
TICK: 35713 PC:  12 ADDR:   0 MEM_OUT: 737 ACC: 2 BUFF: 737 DC: 0 FLAG_ZERO: False FLAG_LT: 0 FLAG_GT: 1
INPUT_PORT:  []
OUT_PORT:  []
DATA_MEM:  [737, 343]
---------------------------------------
DEBUG    root:machine.py:309 JMP 0
TICK: 35716 PC:  13 ADDR:   0 MEM_OUT: 737 ACC: 2 BUFF: 737 DC: 0 FLAG_ZERO: False FLAG_LT: 0 FLAG_GT: 1
INPUT_PORT:  []
OUT_PORT:  []
DATA_MEM:  [737, 343]
---------------------------------------
DEBUG    root:machine.py:309 LD 0
TICK: 35719 PC:   0 ADDR:   0 MEM_OUT: 737 ACC: 2 BUFF: 737 DC: 0 FLAG_ZERO: False FLAG_LT: 0 FLAG_GT: 1
INPUT_PORT:  []
OUT_PORT:  []
DATA_MEM:  [737, 343]
---------------------------------------
DEBUG    root:machine.py:309 INC 
TICK: 35723 PC:   1 ADDR:   0 MEM_OUT: 737 ACC: 737 BUFF: 737 DC: 0 FLAG_ZERO: False FLAG_LT: 0 FLAG_GT: 1
INPUT_PORT:  []
OUT_PORT:  []
DATA_MEM:  [737, 343]
---------------------------------------
DEBUG    root:machine.py:309 ST 0
TICK: 35726 PC:   2 ADDR:   0 MEM_OUT: 737 ACC: 738 BUFF: 737 DC: 0 FLAG_ZERO: False FLAG_LT: 0 FLAG_GT: 1
INPUT_PORT:  []
OUT_PORT:  []
DATA_MEM:  [737, 343]
---------------------------------------
DEBUG    root:machine.py:309 CMP 1000
TICK: 35730 PC:   3 ADDR:   0 MEM_OUT: 738 ACC: 738 BUFF: 737 DC: 0 FLAG_ZERO: False FLAG_LT: 0 FLAG_GT: 1
INPUT_PORT:  []
OUT_PORT:  []
DATA_MEM:  [738, 343]
---------------------------------------
DEBUG    root:machine.py:309 JGE 22
TICK: 35733 PC:   4 ADDR:   0 MEM_OUT: 738 ACC: 738 BUFF: 737 DC: 0 FLAG_ZERO: False FLAG_LT: 1 FLAG_GT: 0
INPUT_PORT:  []
OUT_PORT:  []
DATA_MEM:  [738, 343]
---------------------------------------
DEBUG    root:machine.py:309 LD 0
TICK: 35736 PC:   5 ADDR:   0 MEM_OUT: 738 ACC: 738 BUFF: 737 DC: 0 FLAG_ZERO: False FLAG_LT: 1 FLAG_GT: 0
INPUT_PORT:  []
OUT_PORT:  []
DATA_MEM:  [738, 343]
---------------------------------------
DEBUG    root:machine.py:309 MOD 3
TICK: 35740 PC:   6 ADDR:   0 MEM_OUT: 738 ACC: 738 BUFF: 737 DC: 0 FLAG_ZERO: False FLAG_LT: 1 FLAG_GT: 0
INPUT_PORT:  []
OUT_PORT:  []
DATA_MEM:  [738, 343]
---------------------------------------
DEBUG    root:machine.py:309 CMP 0
TICK: 35744 PC:   7 ADDR:   0 MEM_OUT: 738 ACC: 0 BUFF: 738 DC: 0 FLAG_ZERO: False FLAG_LT: 1 FLAG_GT: 0
INPUT_PORT:  []
OUT_PORT:  []
DATA_MEM:  [738, 343]
---------------------------------------
DEBUG    root:machine.py:309 JE 14
TICK: 35747 PC:   8 ADDR:   0 MEM_OUT: 738 ACC: 0 BUFF: 738 DC: 0 FLAG_ZERO: True FLAG_LT: 0 FLAG_GT: 0
INPUT_PORT:  []
OUT_PORT:  []
DATA_MEM:  [738, 343]
---------------------------------------
DEBUG    root:machine.py:309 LD 4
TICK: 35750 PC:  14 ADDR:   0 MEM_OUT: 738 ACC: 0 BUFF: 738 DC: 0 FLAG_ZERO: True FLAG_LT: 0 FLAG_GT: 0
INPUT_PORT:  []
OUT_PORT:  []
DATA_MEM:  [738, 343]
---------------------------------------
DEBUG    root:machine.py:309 INC 
TICK: 35754 PC:  15 ADDR:   1 MEM_OUT: 343 ACC: 343 BUFF: 738 DC: 0 FLAG_ZERO: True FLAG_LT: 0 FLAG_GT: 0
INPUT_PORT:  []
OUT_PORT:  []
DATA_MEM:  [738, 343]
---------------------------------------
DEBUG    root:machine.py:309 ST 4
TICK: 35757 PC:  16 ADDR:   1 MEM_OUT: 343 ACC: 344 BUFF: 738 DC: 0 FLAG_ZERO: True FLAG_LT: 0 FLAG_GT: 0
INPUT_PORT:  []
OUT_PORT:  []
DATA_MEM:  [738, 343]
---------------------------------------
DEBUG    root:machine.py:309 JMP 0
TICK: 35761 PC:  17 ADDR:   1 MEM_OUT: 344 ACC: 344 BUFF: 738 DC: 0 FLAG_ZERO: True FLAG_LT: 0 FLAG_GT: 0
INPUT_PORT:  []
OUT_PORT:  []
DATA_MEM:  [738, 344]
---------------------------------------
DEBUG    root:machine.py:309 LD 0
TICK: 35764 PC:   0 ADDR:   1 MEM_OUT: 344 ACC: 344 BUFF: 738 DC: 0 FLAG_ZERO: True FLAG_LT: 0 FLAG_GT: 0
INPUT_PORT:  []
OUT_PORT:  []
DATA_MEM:  [738, 344]
---------------------------------------
DEBUG    root:machine.py:309 INC 
TICK: 35768 PC:   1 ADDR:   0 MEM_OUT: 738 ACC: 738 BUFF: 738 DC: 0 FLAG_ZERO: True FLAG_LT: 0 FLAG_GT: 0
INPUT_PORT:  []
OUT_PORT:  []
DATA_MEM:  [738, 344]
---------------------------------------
DEBUG    root:machine.py:309 ST 0
TICK: 35771 PC:   2 ADDR:   0 MEM_OUT: 738 ACC: 739 BUFF: 738 DC: 0 FLAG_ZERO: True FLAG_LT: 0 FLAG_GT: 0
INPUT_PORT:  []
OUT_PORT:  []
DATA_MEM:  [738, 344]
---------------------------------------
DEBUG    root:machine.py:309 CMP 1000
TICK: 35775 PC:   3 ADDR:   0 MEM_OUT: 739 ACC: 739 BUFF: 738 DC: 0 FLAG_ZERO: True FLAG_LT: 0 FLAG_GT: 0
INPUT_PORT:  []
OUT_PORT:  []
DATA_MEM:  [739, 344]
---------------------------------------
DEBUG    root:machine.py:309 JGE 22
TICK: 35778 PC:   4 ADDR:   0 MEM_OUT: 739 ACC: 739 BUFF: 738 DC: 0 FLAG_ZERO: False FLAG_LT: 1 FLAG_GT: 0
INPUT_PORT:  []
OUT_PORT:  []
DATA_MEM:  [739, 344]
---------------------------------------
DEBUG    root:machine.py:309 LD 0
TICK: 35781 PC:   5 ADDR:   0 MEM_OUT: 739 ACC: 739 BUFF: 738 DC: 0 FLAG_ZERO: False FLAG_LT: 1 FLAG_GT: 0
INPUT_PORT:  []
OUT_PORT:  []
DATA_MEM:  [739, 344]
---------------------------------------
DEBUG    root:machine.py:309 MOD 3
TICK: 35785 PC:   6 ADDR:   0 MEM_OUT: 739 ACC: 739 BUFF: 738 DC: 0 FLAG_ZERO: False FLAG_LT: 1 FLAG_GT: 0
INPUT_PORT:  []
OUT_PORT:  []
DATA_MEM:  [739, 344]
---------------------------------------
DEBUG    root:machine.py:309 CMP 0
TICK: 35789 PC:   7 ADDR:   0 MEM_OUT: 739 ACC: 1 BUFF: 739 DC: 0 FLAG_ZERO: False FLAG_LT: 1 FLAG_GT: 0
INPUT_PORT:  []
OUT_PORT:  []
DATA_MEM:  [739, 344]
---------------------------------------
DEBUG    root:machine.py:309 JE 14
TICK: 35792 PC:   8 ADDR:   0 MEM_OUT: 739 ACC: 1 BUFF: 739 DC: 0 FLAG_ZERO: False FLAG_LT: 0 FLAG_GT: 1
INPUT_PORT:  []
OUT_PORT:  []
DATA_MEM:  [739, 344]
---------------------------------------
DEBUG    root:machine.py:309 LD 0
TICK: 35795 PC:   9 ADDR:   0 MEM_OUT: 739 ACC: 1 BUFF: 739 DC: 0 FLAG_ZERO: False FLAG_LT: 0 FLAG_GT: 1
INPUT_PORT:  []
OUT_PORT:  []
DATA_MEM:  [739, 344]
---------------------------------------
DEBUG    root:machine.py:309 MOD 5
TICK: 35799 PC:  10 ADDR:   0 MEM_OUT: 739 ACC: 739 BUFF: 739 DC: 0 FLAG_ZERO: False FLAG_LT: 0 FLAG_GT: 1
INPUT_PORT:  []
OUT_PORT:  []
DATA_MEM:  [739, 344]
---------------------------------------
DEBUG    root:machine.py:309 CMP 0
TICK: 35803 PC:  11 ADDR:   0 MEM_OUT: 739 ACC: 4 BUFF: 739 DC: 0 FLAG_ZERO: False FLAG_LT: 0 FLAG_GT: 1
INPUT_PORT:  []
OUT_PORT:  []
DATA_MEM:  [739, 344]
---------------------------------------
DEBUG    root:machine.py:309 JE 18
TICK: 35806 PC:  12 ADDR:   0 MEM_OUT: 739 ACC: 4 BUFF: 739 DC: 0 FLAG_ZERO: False FLAG_LT: 0 FLAG_GT: 1
INPUT_PORT:  []
OUT_PORT:  []
DATA_MEM:  [739, 344]
---------------------------------------
DEBUG    root:machine.py:309 JMP 0
TICK: 35809 PC:  13 ADDR:   0 MEM_OUT: 739 ACC: 4 BUFF: 739 DC: 0 FLAG_ZERO: False FLAG_LT: 0 FLAG_GT: 1
INPUT_PORT:  []
OUT_PORT:  []
DATA_MEM:  [739, 344]
---------------------------------------
DEBUG    root:machine.py:309 LD 0
TICK: 35812 PC:   0 ADDR:   0 MEM_OUT: 739 ACC: 4 BUFF: 739 DC: 0 FLAG_ZERO: False FLAG_LT: 0 FLAG_GT: 1
INPUT_PORT:  []
OUT_PORT:  []
DATA_MEM:  [739, 344]
---------------------------------------
DEBUG    root:machine.py:309 INC 
TICK: 35816 PC:   1 ADDR:   0 MEM_OUT: 739 ACC: 739 BUFF: 739 DC: 0 FLAG_ZERO: False FLAG_LT: 0 FLAG_GT: 1
INPUT_PORT:  []
OUT_PORT:  []
DATA_MEM:  [739, 344]
---------------------------------------
DEBUG    root:machine.py:309 ST 0
TICK: 35819 PC:   2 ADDR:   0 MEM_OUT: 739 ACC: 740 BUFF: 739 DC: 0 FLAG_ZERO: False FLAG_LT: 0 FLAG_GT: 1
INPUT_PORT:  []
OUT_PORT:  []
DATA_MEM:  [739, 344]
---------------------------------------
DEBUG    root:machine.py:309 CMP 1000
TICK: 35823 PC:   3 ADDR:   0 MEM_OUT: 740 ACC: 740 BUFF: 739 DC: 0 FLAG_ZERO: False FLAG_LT: 0 FLAG_GT: 1
INPUT_PORT:  []
OUT_PORT:  []
DATA_MEM:  [740, 344]
---------------------------------------
DEBUG    root:machine.py:309 JGE 22
TICK: 35826 PC:   4 ADDR:   0 MEM_OUT: 740 ACC: 740 BUFF: 739 DC: 0 FLAG_ZERO: False FLAG_LT: 1 FLAG_GT: 0
INPUT_PORT:  []
OUT_PORT:  []
DATA_MEM:  [740, 344]
---------------------------------------
DEBUG    root:machine.py:309 LD 0
TICK: 35829 PC:   5 ADDR:   0 MEM_OUT: 740 ACC: 740 BUFF: 739 DC: 0 FLAG_ZERO: False FLAG_LT: 1 FLAG_GT: 0
INPUT_PORT:  []
OUT_PORT:  []
DATA_MEM:  [740, 344]
---------------------------------------
DEBUG    root:machine.py:309 MOD 3
TICK: 35833 PC:   6 ADDR:   0 MEM_OUT: 740 ACC: 740 BUFF: 739 DC: 0 FLAG_ZERO: False FLAG_LT: 1 FLAG_GT: 0
INPUT_PORT:  []
OUT_PORT:  []
DATA_MEM:  [740, 344]
---------------------------------------
DEBUG    root:machine.py:309 CMP 0
TICK: 35837 PC:   7 ADDR:   0 MEM_OUT: 740 ACC: 2 BUFF: 740 DC: 0 FLAG_ZERO: False FLAG_LT: 1 FLAG_GT: 0
INPUT_PORT:  []
OUT_PORT:  []
DATA_MEM:  [740, 344]
---------------------------------------
DEBUG    root:machine.py:309 JE 14
TICK: 35840 PC:   8 ADDR:   0 MEM_OUT: 740 ACC: 2 BUFF: 740 DC: 0 FLAG_ZERO: False FLAG_LT: 0 FLAG_GT: 1
INPUT_PORT:  []
OUT_PORT:  []
DATA_MEM:  [740, 344]
---------------------------------------
DEBUG    root:machine.py:309 LD 0
TICK: 35843 PC:   9 ADDR:   0 MEM_OUT: 740 ACC: 2 BUFF: 740 DC: 0 FLAG_ZERO: False FLAG_LT: 0 FLAG_GT: 1
INPUT_PORT:  []
OUT_PORT:  []
DATA_MEM:  [740, 344]
---------------------------------------
DEBUG    root:machine.py:309 MOD 5
TICK: 35847 PC:  10 ADDR:   0 MEM_OUT: 740 ACC: 740 BUFF: 740 DC: 0 FLAG_ZERO: False FLAG_LT: 0 FLAG_GT: 1
INPUT_PORT:  []
OUT_PORT:  []
DATA_MEM:  [740, 344]
---------------------------------------
DEBUG    root:machine.py:309 CMP 0
TICK: 35851 PC:  11 ADDR:   0 MEM_OUT: 740 ACC: 0 BUFF: 740 DC: 0 FLAG_ZERO: False FLAG_LT: 0 FLAG_GT: 1
INPUT_PORT:  []
OUT_PORT:  []
DATA_MEM:  [740, 344]
---------------------------------------
DEBUG    root:machine.py:309 JE 18
TICK: 35854 PC:  12 ADDR:   0 MEM_OUT: 740 ACC: 0 BUFF: 740 DC: 0 FLAG_ZERO: True FLAG_LT: 0 FLAG_GT: 0
INPUT_PORT:  []
OUT_PORT:  []
DATA_MEM:  [740, 344]
---------------------------------------
DEBUG    root:machine.py:309 LD 4
TICK: 35857 PC:  18 ADDR:   0 MEM_OUT: 740 ACC: 0 BUFF: 740 DC: 0 FLAG_ZERO: True FLAG_LT: 0 FLAG_GT: 0
INPUT_PORT:  []
OUT_PORT:  []
DATA_MEM:  [740, 344]
---------------------------------------
DEBUG    root:machine.py:309 INC 
TICK: 35861 PC:  19 ADDR:   1 MEM_OUT: 344 ACC: 344 BUFF: 740 DC: 0 FLAG_ZERO: True FLAG_LT: 0 FLAG_GT: 0
INPUT_PORT:  []
OUT_PORT:  []
DATA_MEM:  [740, 344]
---------------------------------------
DEBUG    root:machine.py:309 ST 4
TICK: 35864 PC:  20 ADDR:   1 MEM_OUT: 344 ACC: 345 BUFF: 740 DC: 0 FLAG_ZERO: True FLAG_LT: 0 FLAG_GT: 0
INPUT_PORT:  []
OUT_PORT:  []
DATA_MEM:  [740, 344]
---------------------------------------
DEBUG    root:machine.py:309 JMP 0
TICK: 35868 PC:  21 ADDR:   1 MEM_OUT: 345 ACC: 345 BUFF: 740 DC: 0 FLAG_ZERO: True FLAG_LT: 0 FLAG_GT: 0
INPUT_PORT:  []
OUT_PORT:  []
DATA_MEM:  [740, 345]
---------------------------------------
DEBUG    root:machine.py:309 LD 0
TICK: 35871 PC:   0 ADDR:   1 MEM_OUT: 345 ACC: 345 BUFF: 740 DC: 0 FLAG_ZERO: True FLAG_LT: 0 FLAG_GT: 0
INPUT_PORT:  []
OUT_PORT:  []
DATA_MEM:  [740, 345]
---------------------------------------
DEBUG    root:machine.py:309 INC 
TICK: 35875 PC:   1 ADDR:   0 MEM_OUT: 740 ACC: 740 BUFF: 740 DC: 0 FLAG_ZERO: True FLAG_LT: 0 FLAG_GT: 0
INPUT_PORT:  []
OUT_PORT:  []
DATA_MEM:  [740, 345]
---------------------------------------
DEBUG    root:machine.py:309 ST 0
TICK: 35878 PC:   2 ADDR:   0 MEM_OUT: 740 ACC: 741 BUFF: 740 DC: 0 FLAG_ZERO: True FLAG_LT: 0 FLAG_GT: 0
INPUT_PORT:  []
OUT_PORT:  []
DATA_MEM:  [740, 345]
---------------------------------------
DEBUG    root:machine.py:309 CMP 1000
TICK: 35882 PC:   3 ADDR:   0 MEM_OUT: 741 ACC: 741 BUFF: 740 DC: 0 FLAG_ZERO: True FLAG_LT: 0 FLAG_GT: 0
INPUT_PORT:  []
OUT_PORT:  []
DATA_MEM:  [741, 345]
---------------------------------------
DEBUG    root:machine.py:309 JGE 22
TICK: 35885 PC:   4 ADDR:   0 MEM_OUT: 741 ACC: 741 BUFF: 740 DC: 0 FLAG_ZERO: False FLAG_LT: 1 FLAG_GT: 0
INPUT_PORT:  []
OUT_PORT:  []
DATA_MEM:  [741, 345]
---------------------------------------
DEBUG    root:machine.py:309 LD 0
TICK: 35888 PC:   5 ADDR:   0 MEM_OUT: 741 ACC: 741 BUFF: 740 DC: 0 FLAG_ZERO: False FLAG_LT: 1 FLAG_GT: 0
INPUT_PORT:  []
OUT_PORT:  []
DATA_MEM:  [741, 345]
---------------------------------------
DEBUG    root:machine.py:309 MOD 3
TICK: 35892 PC:   6 ADDR:   0 MEM_OUT: 741 ACC: 741 BUFF: 740 DC: 0 FLAG_ZERO: False FLAG_LT: 1 FLAG_GT: 0
INPUT_PORT:  []
OUT_PORT:  []
DATA_MEM:  [741, 345]
---------------------------------------
DEBUG    root:machine.py:309 CMP 0
TICK: 35896 PC:   7 ADDR:   0 MEM_OUT: 741 ACC: 0 BUFF: 741 DC: 0 FLAG_ZERO: False FLAG_LT: 1 FLAG_GT: 0
INPUT_PORT:  []
OUT_PORT:  []
DATA_MEM:  [741, 345]
---------------------------------------
DEBUG    root:machine.py:309 JE 14
TICK: 35899 PC:   8 ADDR:   0 MEM_OUT: 741 ACC: 0 BUFF: 741 DC: 0 FLAG_ZERO: True FLAG_LT: 0 FLAG_GT: 0
INPUT_PORT:  []
OUT_PORT:  []
DATA_MEM:  [741, 345]
---------------------------------------
DEBUG    root:machine.py:309 LD 4
TICK: 35902 PC:  14 ADDR:   0 MEM_OUT: 741 ACC: 0 BUFF: 741 DC: 0 FLAG_ZERO: True FLAG_LT: 0 FLAG_GT: 0
INPUT_PORT:  []
OUT_PORT:  []
DATA_MEM:  [741, 345]
---------------------------------------
DEBUG    root:machine.py:309 INC 
TICK: 35906 PC:  15 ADDR:   1 MEM_OUT: 345 ACC: 345 BUFF: 741 DC: 0 FLAG_ZERO: True FLAG_LT: 0 FLAG_GT: 0
INPUT_PORT:  []
OUT_PORT:  []
DATA_MEM:  [741, 345]
---------------------------------------
DEBUG    root:machine.py:309 ST 4
TICK: 35909 PC:  16 ADDR:   1 MEM_OUT: 345 ACC: 346 BUFF: 741 DC: 0 FLAG_ZERO: True FLAG_LT: 0 FLAG_GT: 0
INPUT_PORT:  []
OUT_PORT:  []
DATA_MEM:  [741, 345]
---------------------------------------
DEBUG    root:machine.py:309 JMP 0
TICK: 35913 PC:  17 ADDR:   1 MEM_OUT: 346 ACC: 346 BUFF: 741 DC: 0 FLAG_ZERO: True FLAG_LT: 0 FLAG_GT: 0
INPUT_PORT:  []
OUT_PORT:  []
DATA_MEM:  [741, 346]
---------------------------------------
DEBUG    root:machine.py:309 LD 0
TICK: 35916 PC:   0 ADDR:   1 MEM_OUT: 346 ACC: 346 BUFF: 741 DC: 0 FLAG_ZERO: True FLAG_LT: 0 FLAG_GT: 0
INPUT_PORT:  []
OUT_PORT:  []
DATA_MEM:  [741, 346]
---------------------------------------
DEBUG    root:machine.py:309 INC 
TICK: 35920 PC:   1 ADDR:   0 MEM_OUT: 741 ACC: 741 BUFF: 741 DC: 0 FLAG_ZERO: True FLAG_LT: 0 FLAG_GT: 0
INPUT_PORT:  []
OUT_PORT:  []
DATA_MEM:  [741, 346]
---------------------------------------
DEBUG    root:machine.py:309 ST 0
TICK: 35923 PC:   2 ADDR:   0 MEM_OUT: 741 ACC: 742 BUFF: 741 DC: 0 FLAG_ZERO: True FLAG_LT: 0 FLAG_GT: 0
INPUT_PORT:  []
OUT_PORT:  []
DATA_MEM:  [741, 346]
---------------------------------------
DEBUG    root:machine.py:309 CMP 1000
TICK: 35927 PC:   3 ADDR:   0 MEM_OUT: 742 ACC: 742 BUFF: 741 DC: 0 FLAG_ZERO: True FLAG_LT: 0 FLAG_GT: 0
INPUT_PORT:  []
OUT_PORT:  []
DATA_MEM:  [742, 346]
---------------------------------------
DEBUG    root:machine.py:309 JGE 22
TICK: 35930 PC:   4 ADDR:   0 MEM_OUT: 742 ACC: 742 BUFF: 741 DC: 0 FLAG_ZERO: False FLAG_LT: 1 FLAG_GT: 0
INPUT_PORT:  []
OUT_PORT:  []
DATA_MEM:  [742, 346]
---------------------------------------
DEBUG    root:machine.py:309 LD 0
TICK: 35933 PC:   5 ADDR:   0 MEM_OUT: 742 ACC: 742 BUFF: 741 DC: 0 FLAG_ZERO: False FLAG_LT: 1 FLAG_GT: 0
INPUT_PORT:  []
OUT_PORT:  []
DATA_MEM:  [742, 346]
---------------------------------------
DEBUG    root:machine.py:309 MOD 3
TICK: 35937 PC:   6 ADDR:   0 MEM_OUT: 742 ACC: 742 BUFF: 741 DC: 0 FLAG_ZERO: False FLAG_LT: 1 FLAG_GT: 0
INPUT_PORT:  []
OUT_PORT:  []
DATA_MEM:  [742, 346]
---------------------------------------
DEBUG    root:machine.py:309 CMP 0
TICK: 35941 PC:   7 ADDR:   0 MEM_OUT: 742 ACC: 1 BUFF: 742 DC: 0 FLAG_ZERO: False FLAG_LT: 1 FLAG_GT: 0
INPUT_PORT:  []
OUT_PORT:  []
DATA_MEM:  [742, 346]
---------------------------------------
DEBUG    root:machine.py:309 JE 14
TICK: 35944 PC:   8 ADDR:   0 MEM_OUT: 742 ACC: 1 BUFF: 742 DC: 0 FLAG_ZERO: False FLAG_LT: 0 FLAG_GT: 1
INPUT_PORT:  []
OUT_PORT:  []
DATA_MEM:  [742, 346]
---------------------------------------
DEBUG    root:machine.py:309 LD 0
TICK: 35947 PC:   9 ADDR:   0 MEM_OUT: 742 ACC: 1 BUFF: 742 DC: 0 FLAG_ZERO: False FLAG_LT: 0 FLAG_GT: 1
INPUT_PORT:  []
OUT_PORT:  []
DATA_MEM:  [742, 346]
---------------------------------------
DEBUG    root:machine.py:309 MOD 5
TICK: 35951 PC:  10 ADDR:   0 MEM_OUT: 742 ACC: 742 BUFF: 742 DC: 0 FLAG_ZERO: False FLAG_LT: 0 FLAG_GT: 1
INPUT_PORT:  []
OUT_PORT:  []
DATA_MEM:  [742, 346]
---------------------------------------
DEBUG    root:machine.py:309 CMP 0
TICK: 35955 PC:  11 ADDR:   0 MEM_OUT: 742 ACC: 2 BUFF: 742 DC: 0 FLAG_ZERO: False FLAG_LT: 0 FLAG_GT: 1
INPUT_PORT:  []
OUT_PORT:  []
DATA_MEM:  [742, 346]
---------------------------------------
DEBUG    root:machine.py:309 JE 18
TICK: 35958 PC:  12 ADDR:   0 MEM_OUT: 742 ACC: 2 BUFF: 742 DC: 0 FLAG_ZERO: False FLAG_LT: 0 FLAG_GT: 1
INPUT_PORT:  []
OUT_PORT:  []
DATA_MEM:  [742, 346]
---------------------------------------
DEBUG    root:machine.py:309 JMP 0
TICK: 35961 PC:  13 ADDR:   0 MEM_OUT: 742 ACC: 2 BUFF: 742 DC: 0 FLAG_ZERO: False FLAG_LT: 0 FLAG_GT: 1
INPUT_PORT:  []
OUT_PORT:  []
DATA_MEM:  [742, 346]
---------------------------------------
DEBUG    root:machine.py:309 LD 0
TICK: 35964 PC:   0 ADDR:   0 MEM_OUT: 742 ACC: 2 BUFF: 742 DC: 0 FLAG_ZERO: False FLAG_LT: 0 FLAG_GT: 1
INPUT_PORT:  []
OUT_PORT:  []
DATA_MEM:  [742, 346]
---------------------------------------
DEBUG    root:machine.py:309 INC 
TICK: 35968 PC:   1 ADDR:   0 MEM_OUT: 742 ACC: 742 BUFF: 742 DC: 0 FLAG_ZERO: False FLAG_LT: 0 FLAG_GT: 1
INPUT_PORT:  []
OUT_PORT:  []
DATA_MEM:  [742, 346]
---------------------------------------
DEBUG    root:machine.py:309 ST 0
TICK: 35971 PC:   2 ADDR:   0 MEM_OUT: 742 ACC: 743 BUFF: 742 DC: 0 FLAG_ZERO: False FLAG_LT: 0 FLAG_GT: 1
INPUT_PORT:  []
OUT_PORT:  []
DATA_MEM:  [742, 346]
---------------------------------------
DEBUG    root:machine.py:309 CMP 1000
TICK: 35975 PC:   3 ADDR:   0 MEM_OUT: 743 ACC: 743 BUFF: 742 DC: 0 FLAG_ZERO: False FLAG_LT: 0 FLAG_GT: 1
INPUT_PORT:  []
OUT_PORT:  []
DATA_MEM:  [743, 346]
---------------------------------------
DEBUG    root:machine.py:309 JGE 22
TICK: 35978 PC:   4 ADDR:   0 MEM_OUT: 743 ACC: 743 BUFF: 742 DC: 0 FLAG_ZERO: False FLAG_LT: 1 FLAG_GT: 0
INPUT_PORT:  []
OUT_PORT:  []
DATA_MEM:  [743, 346]
---------------------------------------
DEBUG    root:machine.py:309 LD 0
TICK: 35981 PC:   5 ADDR:   0 MEM_OUT: 743 ACC: 743 BUFF: 742 DC: 0 FLAG_ZERO: False FLAG_LT: 1 FLAG_GT: 0
INPUT_PORT:  []
OUT_PORT:  []
DATA_MEM:  [743, 346]
---------------------------------------
DEBUG    root:machine.py:309 MOD 3
TICK: 35985 PC:   6 ADDR:   0 MEM_OUT: 743 ACC: 743 BUFF: 742 DC: 0 FLAG_ZERO: False FLAG_LT: 1 FLAG_GT: 0
INPUT_PORT:  []
OUT_PORT:  []
DATA_MEM:  [743, 346]
---------------------------------------
DEBUG    root:machine.py:309 CMP 0
TICK: 35989 PC:   7 ADDR:   0 MEM_OUT: 743 ACC: 2 BUFF: 743 DC: 0 FLAG_ZERO: False FLAG_LT: 1 FLAG_GT: 0
INPUT_PORT:  []
OUT_PORT:  []
DATA_MEM:  [743, 346]
---------------------------------------
DEBUG    root:machine.py:309 JE 14
TICK: 35992 PC:   8 ADDR:   0 MEM_OUT: 743 ACC: 2 BUFF: 743 DC: 0 FLAG_ZERO: False FLAG_LT: 0 FLAG_GT: 1
INPUT_PORT:  []
OUT_PORT:  []
DATA_MEM:  [743, 346]
---------------------------------------
DEBUG    root:machine.py:309 LD 0
TICK: 35995 PC:   9 ADDR:   0 MEM_OUT: 743 ACC: 2 BUFF: 743 DC: 0 FLAG_ZERO: False FLAG_LT: 0 FLAG_GT: 1
INPUT_PORT:  []
OUT_PORT:  []
DATA_MEM:  [743, 346]
---------------------------------------
DEBUG    root:machine.py:309 MOD 5
TICK: 35999 PC:  10 ADDR:   0 MEM_OUT: 743 ACC: 743 BUFF: 743 DC: 0 FLAG_ZERO: False FLAG_LT: 0 FLAG_GT: 1
INPUT_PORT:  []
OUT_PORT:  []
DATA_MEM:  [743, 346]
---------------------------------------
DEBUG    root:machine.py:309 CMP 0
TICK: 36003 PC:  11 ADDR:   0 MEM_OUT: 743 ACC: 3 BUFF: 743 DC: 0 FLAG_ZERO: False FLAG_LT: 0 FLAG_GT: 1
INPUT_PORT:  []
OUT_PORT:  []
DATA_MEM:  [743, 346]
---------------------------------------
DEBUG    root:machine.py:309 JE 18
TICK: 36006 PC:  12 ADDR:   0 MEM_OUT: 743 ACC: 3 BUFF: 743 DC: 0 FLAG_ZERO: False FLAG_LT: 0 FLAG_GT: 1
INPUT_PORT:  []
OUT_PORT:  []
DATA_MEM:  [743, 346]
---------------------------------------
DEBUG    root:machine.py:309 JMP 0
TICK: 36009 PC:  13 ADDR:   0 MEM_OUT: 743 ACC: 3 BUFF: 743 DC: 0 FLAG_ZERO: False FLAG_LT: 0 FLAG_GT: 1
INPUT_PORT:  []
OUT_PORT:  []
DATA_MEM:  [743, 346]
---------------------------------------
DEBUG    root:machine.py:309 LD 0
TICK: 36012 PC:   0 ADDR:   0 MEM_OUT: 743 ACC: 3 BUFF: 743 DC: 0 FLAG_ZERO: False FLAG_LT: 0 FLAG_GT: 1
INPUT_PORT:  []
OUT_PORT:  []
DATA_MEM:  [743, 346]
---------------------------------------
DEBUG    root:machine.py:309 INC 
TICK: 36016 PC:   1 ADDR:   0 MEM_OUT: 743 ACC: 743 BUFF: 743 DC: 0 FLAG_ZERO: False FLAG_LT: 0 FLAG_GT: 1
INPUT_PORT:  []
OUT_PORT:  []
DATA_MEM:  [743, 346]
---------------------------------------
DEBUG    root:machine.py:309 ST 0
TICK: 36019 PC:   2 ADDR:   0 MEM_OUT: 743 ACC: 744 BUFF: 743 DC: 0 FLAG_ZERO: False FLAG_LT: 0 FLAG_GT: 1
INPUT_PORT:  []
OUT_PORT:  []
DATA_MEM:  [743, 346]
---------------------------------------
DEBUG    root:machine.py:309 CMP 1000
TICK: 36023 PC:   3 ADDR:   0 MEM_OUT: 744 ACC: 744 BUFF: 743 DC: 0 FLAG_ZERO: False FLAG_LT: 0 FLAG_GT: 1
INPUT_PORT:  []
OUT_PORT:  []
DATA_MEM:  [744, 346]
---------------------------------------
DEBUG    root:machine.py:309 JGE 22
TICK: 36026 PC:   4 ADDR:   0 MEM_OUT: 744 ACC: 744 BUFF: 743 DC: 0 FLAG_ZERO: False FLAG_LT: 1 FLAG_GT: 0
INPUT_PORT:  []
OUT_PORT:  []
DATA_MEM:  [744, 346]
---------------------------------------
DEBUG    root:machine.py:309 LD 0
TICK: 36029 PC:   5 ADDR:   0 MEM_OUT: 744 ACC: 744 BUFF: 743 DC: 0 FLAG_ZERO: False FLAG_LT: 1 FLAG_GT: 0
INPUT_PORT:  []
OUT_PORT:  []
DATA_MEM:  [744, 346]
---------------------------------------
DEBUG    root:machine.py:309 MOD 3
TICK: 36033 PC:   6 ADDR:   0 MEM_OUT: 744 ACC: 744 BUFF: 743 DC: 0 FLAG_ZERO: False FLAG_LT: 1 FLAG_GT: 0
INPUT_PORT:  []
OUT_PORT:  []
DATA_MEM:  [744, 346]
---------------------------------------
DEBUG    root:machine.py:309 CMP 0
TICK: 36037 PC:   7 ADDR:   0 MEM_OUT: 744 ACC: 0 BUFF: 744 DC: 0 FLAG_ZERO: False FLAG_LT: 1 FLAG_GT: 0
INPUT_PORT:  []
OUT_PORT:  []
DATA_MEM:  [744, 346]
---------------------------------------
DEBUG    root:machine.py:309 JE 14
TICK: 36040 PC:   8 ADDR:   0 MEM_OUT: 744 ACC: 0 BUFF: 744 DC: 0 FLAG_ZERO: True FLAG_LT: 0 FLAG_GT: 0
INPUT_PORT:  []
OUT_PORT:  []
DATA_MEM:  [744, 346]
---------------------------------------
DEBUG    root:machine.py:309 LD 4
TICK: 36043 PC:  14 ADDR:   0 MEM_OUT: 744 ACC: 0 BUFF: 744 DC: 0 FLAG_ZERO: True FLAG_LT: 0 FLAG_GT: 0
INPUT_PORT:  []
OUT_PORT:  []
DATA_MEM:  [744, 346]
---------------------------------------
DEBUG    root:machine.py:309 INC 
TICK: 36047 PC:  15 ADDR:   1 MEM_OUT: 346 ACC: 346 BUFF: 744 DC: 0 FLAG_ZERO: True FLAG_LT: 0 FLAG_GT: 0
INPUT_PORT:  []
OUT_PORT:  []
DATA_MEM:  [744, 346]
---------------------------------------
DEBUG    root:machine.py:309 ST 4
TICK: 36050 PC:  16 ADDR:   1 MEM_OUT: 346 ACC: 347 BUFF: 744 DC: 0 FLAG_ZERO: True FLAG_LT: 0 FLAG_GT: 0
INPUT_PORT:  []
OUT_PORT:  []
DATA_MEM:  [744, 346]
---------------------------------------
DEBUG    root:machine.py:309 JMP 0
TICK: 36054 PC:  17 ADDR:   1 MEM_OUT: 347 ACC: 347 BUFF: 744 DC: 0 FLAG_ZERO: True FLAG_LT: 0 FLAG_GT: 0
INPUT_PORT:  []
OUT_PORT:  []
DATA_MEM:  [744, 347]
---------------------------------------
DEBUG    root:machine.py:309 LD 0
TICK: 36057 PC:   0 ADDR:   1 MEM_OUT: 347 ACC: 347 BUFF: 744 DC: 0 FLAG_ZERO: True FLAG_LT: 0 FLAG_GT: 0
INPUT_PORT:  []
OUT_PORT:  []
DATA_MEM:  [744, 347]
---------------------------------------
DEBUG    root:machine.py:309 INC 
TICK: 36061 PC:   1 ADDR:   0 MEM_OUT: 744 ACC: 744 BUFF: 744 DC: 0 FLAG_ZERO: True FLAG_LT: 0 FLAG_GT: 0
INPUT_PORT:  []
OUT_PORT:  []
DATA_MEM:  [744, 347]
---------------------------------------
DEBUG    root:machine.py:309 ST 0
TICK: 36064 PC:   2 ADDR:   0 MEM_OUT: 744 ACC: 745 BUFF: 744 DC: 0 FLAG_ZERO: True FLAG_LT: 0 FLAG_GT: 0
INPUT_PORT:  []
OUT_PORT:  []
DATA_MEM:  [744, 347]
---------------------------------------
DEBUG    root:machine.py:309 CMP 1000
TICK: 36068 PC:   3 ADDR:   0 MEM_OUT: 745 ACC: 745 BUFF: 744 DC: 0 FLAG_ZERO: True FLAG_LT: 0 FLAG_GT: 0
INPUT_PORT:  []
OUT_PORT:  []
DATA_MEM:  [745, 347]
---------------------------------------
DEBUG    root:machine.py:309 JGE 22
TICK: 36071 PC:   4 ADDR:   0 MEM_OUT: 745 ACC: 745 BUFF: 744 DC: 0 FLAG_ZERO: False FLAG_LT: 1 FLAG_GT: 0
INPUT_PORT:  []
OUT_PORT:  []
DATA_MEM:  [745, 347]
---------------------------------------
DEBUG    root:machine.py:309 LD 0
TICK: 36074 PC:   5 ADDR:   0 MEM_OUT: 745 ACC: 745 BUFF: 744 DC: 0 FLAG_ZERO: False FLAG_LT: 1 FLAG_GT: 0
INPUT_PORT:  []
OUT_PORT:  []
DATA_MEM:  [745, 347]
---------------------------------------
DEBUG    root:machine.py:309 MOD 3
TICK: 36078 PC:   6 ADDR:   0 MEM_OUT: 745 ACC: 745 BUFF: 744 DC: 0 FLAG_ZERO: False FLAG_LT: 1 FLAG_GT: 0
INPUT_PORT:  []
OUT_PORT:  []
DATA_MEM:  [745, 347]
---------------------------------------
DEBUG    root:machine.py:309 CMP 0
TICK: 36082 PC:   7 ADDR:   0 MEM_OUT: 745 ACC: 1 BUFF: 745 DC: 0 FLAG_ZERO: False FLAG_LT: 1 FLAG_GT: 0
INPUT_PORT:  []
OUT_PORT:  []
DATA_MEM:  [745, 347]
---------------------------------------
DEBUG    root:machine.py:309 JE 14
TICK: 36085 PC:   8 ADDR:   0 MEM_OUT: 745 ACC: 1 BUFF: 745 DC: 0 FLAG_ZERO: False FLAG_LT: 0 FLAG_GT: 1
INPUT_PORT:  []
OUT_PORT:  []
DATA_MEM:  [745, 347]
---------------------------------------
DEBUG    root:machine.py:309 LD 0
TICK: 36088 PC:   9 ADDR:   0 MEM_OUT: 745 ACC: 1 BUFF: 745 DC: 0 FLAG_ZERO: False FLAG_LT: 0 FLAG_GT: 1
INPUT_PORT:  []
OUT_PORT:  []
DATA_MEM:  [745, 347]
---------------------------------------
DEBUG    root:machine.py:309 MOD 5
TICK: 36092 PC:  10 ADDR:   0 MEM_OUT: 745 ACC: 745 BUFF: 745 DC: 0 FLAG_ZERO: False FLAG_LT: 0 FLAG_GT: 1
INPUT_PORT:  []
OUT_PORT:  []
DATA_MEM:  [745, 347]
---------------------------------------
DEBUG    root:machine.py:309 CMP 0
TICK: 36096 PC:  11 ADDR:   0 MEM_OUT: 745 ACC: 0 BUFF: 745 DC: 0 FLAG_ZERO: False FLAG_LT: 0 FLAG_GT: 1
INPUT_PORT:  []
OUT_PORT:  []
DATA_MEM:  [745, 347]
---------------------------------------
DEBUG    root:machine.py:309 JE 18
TICK: 36099 PC:  12 ADDR:   0 MEM_OUT: 745 ACC: 0 BUFF: 745 DC: 0 FLAG_ZERO: True FLAG_LT: 0 FLAG_GT: 0
INPUT_PORT:  []
OUT_PORT:  []
DATA_MEM:  [745, 347]
---------------------------------------
DEBUG    root:machine.py:309 LD 4
TICK: 36102 PC:  18 ADDR:   0 MEM_OUT: 745 ACC: 0 BUFF: 745 DC: 0 FLAG_ZERO: True FLAG_LT: 0 FLAG_GT: 0
INPUT_PORT:  []
OUT_PORT:  []
DATA_MEM:  [745, 347]
---------------------------------------
DEBUG    root:machine.py:309 INC 
TICK: 36106 PC:  19 ADDR:   1 MEM_OUT: 347 ACC: 347 BUFF: 745 DC: 0 FLAG_ZERO: True FLAG_LT: 0 FLAG_GT: 0
INPUT_PORT:  []
OUT_PORT:  []
DATA_MEM:  [745, 347]
---------------------------------------
DEBUG    root:machine.py:309 ST 4
TICK: 36109 PC:  20 ADDR:   1 MEM_OUT: 347 ACC: 348 BUFF: 745 DC: 0 FLAG_ZERO: True FLAG_LT: 0 FLAG_GT: 0
INPUT_PORT:  []
OUT_PORT:  []
DATA_MEM:  [745, 347]
---------------------------------------
DEBUG    root:machine.py:309 JMP 0
TICK: 36113 PC:  21 ADDR:   1 MEM_OUT: 348 ACC: 348 BUFF: 745 DC: 0 FLAG_ZERO: True FLAG_LT: 0 FLAG_GT: 0
INPUT_PORT:  []
OUT_PORT:  []
DATA_MEM:  [745, 348]
---------------------------------------
DEBUG    root:machine.py:309 LD 0
TICK: 36116 PC:   0 ADDR:   1 MEM_OUT: 348 ACC: 348 BUFF: 745 DC: 0 FLAG_ZERO: True FLAG_LT: 0 FLAG_GT: 0
INPUT_PORT:  []
OUT_PORT:  []
DATA_MEM:  [745, 348]
---------------------------------------
DEBUG    root:machine.py:309 INC 
TICK: 36120 PC:   1 ADDR:   0 MEM_OUT: 745 ACC: 745 BUFF: 745 DC: 0 FLAG_ZERO: True FLAG_LT: 0 FLAG_GT: 0
INPUT_PORT:  []
OUT_PORT:  []
DATA_MEM:  [745, 348]
---------------------------------------
DEBUG    root:machine.py:309 ST 0
TICK: 36123 PC:   2 ADDR:   0 MEM_OUT: 745 ACC: 746 BUFF: 745 DC: 0 FLAG_ZERO: True FLAG_LT: 0 FLAG_GT: 0
INPUT_PORT:  []
OUT_PORT:  []
DATA_MEM:  [745, 348]
---------------------------------------
DEBUG    root:machine.py:309 CMP 1000
TICK: 36127 PC:   3 ADDR:   0 MEM_OUT: 746 ACC: 746 BUFF: 745 DC: 0 FLAG_ZERO: True FLAG_LT: 0 FLAG_GT: 0
INPUT_PORT:  []
OUT_PORT:  []
DATA_MEM:  [746, 348]
---------------------------------------
DEBUG    root:machine.py:309 JGE 22
TICK: 36130 PC:   4 ADDR:   0 MEM_OUT: 746 ACC: 746 BUFF: 745 DC: 0 FLAG_ZERO: False FLAG_LT: 1 FLAG_GT: 0
INPUT_PORT:  []
OUT_PORT:  []
DATA_MEM:  [746, 348]
---------------------------------------
DEBUG    root:machine.py:309 LD 0
TICK: 36133 PC:   5 ADDR:   0 MEM_OUT: 746 ACC: 746 BUFF: 745 DC: 0 FLAG_ZERO: False FLAG_LT: 1 FLAG_GT: 0
INPUT_PORT:  []
OUT_PORT:  []
DATA_MEM:  [746, 348]
---------------------------------------
DEBUG    root:machine.py:309 MOD 3
TICK: 36137 PC:   6 ADDR:   0 MEM_OUT: 746 ACC: 746 BUFF: 745 DC: 0 FLAG_ZERO: False FLAG_LT: 1 FLAG_GT: 0
INPUT_PORT:  []
OUT_PORT:  []
DATA_MEM:  [746, 348]
---------------------------------------
DEBUG    root:machine.py:309 CMP 0
TICK: 36141 PC:   7 ADDR:   0 MEM_OUT: 746 ACC: 2 BUFF: 746 DC: 0 FLAG_ZERO: False FLAG_LT: 1 FLAG_GT: 0
INPUT_PORT:  []
OUT_PORT:  []
DATA_MEM:  [746, 348]
---------------------------------------
DEBUG    root:machine.py:309 JE 14
TICK: 36144 PC:   8 ADDR:   0 MEM_OUT: 746 ACC: 2 BUFF: 746 DC: 0 FLAG_ZERO: False FLAG_LT: 0 FLAG_GT: 1
INPUT_PORT:  []
OUT_PORT:  []
DATA_MEM:  [746, 348]
---------------------------------------
DEBUG    root:machine.py:309 LD 0
TICK: 36147 PC:   9 ADDR:   0 MEM_OUT: 746 ACC: 2 BUFF: 746 DC: 0 FLAG_ZERO: False FLAG_LT: 0 FLAG_GT: 1
INPUT_PORT:  []
OUT_PORT:  []
DATA_MEM:  [746, 348]
---------------------------------------
DEBUG    root:machine.py:309 MOD 5
TICK: 36151 PC:  10 ADDR:   0 MEM_OUT: 746 ACC: 746 BUFF: 746 DC: 0 FLAG_ZERO: False FLAG_LT: 0 FLAG_GT: 1
INPUT_PORT:  []
OUT_PORT:  []
DATA_MEM:  [746, 348]
---------------------------------------
DEBUG    root:machine.py:309 CMP 0
TICK: 36155 PC:  11 ADDR:   0 MEM_OUT: 746 ACC: 1 BUFF: 746 DC: 0 FLAG_ZERO: False FLAG_LT: 0 FLAG_GT: 1
INPUT_PORT:  []
OUT_PORT:  []
DATA_MEM:  [746, 348]
---------------------------------------
DEBUG    root:machine.py:309 JE 18
TICK: 36158 PC:  12 ADDR:   0 MEM_OUT: 746 ACC: 1 BUFF: 746 DC: 0 FLAG_ZERO: False FLAG_LT: 0 FLAG_GT: 1
INPUT_PORT:  []
OUT_PORT:  []
DATA_MEM:  [746, 348]
---------------------------------------
DEBUG    root:machine.py:309 JMP 0
TICK: 36161 PC:  13 ADDR:   0 MEM_OUT: 746 ACC: 1 BUFF: 746 DC: 0 FLAG_ZERO: False FLAG_LT: 0 FLAG_GT: 1
INPUT_PORT:  []
OUT_PORT:  []
DATA_MEM:  [746, 348]
---------------------------------------
DEBUG    root:machine.py:309 LD 0
TICK: 36164 PC:   0 ADDR:   0 MEM_OUT: 746 ACC: 1 BUFF: 746 DC: 0 FLAG_ZERO: False FLAG_LT: 0 FLAG_GT: 1
INPUT_PORT:  []
OUT_PORT:  []
DATA_MEM:  [746, 348]
---------------------------------------
DEBUG    root:machine.py:309 INC 
TICK: 36168 PC:   1 ADDR:   0 MEM_OUT: 746 ACC: 746 BUFF: 746 DC: 0 FLAG_ZERO: False FLAG_LT: 0 FLAG_GT: 1
INPUT_PORT:  []
OUT_PORT:  []
DATA_MEM:  [746, 348]
---------------------------------------
DEBUG    root:machine.py:309 ST 0
TICK: 36171 PC:   2 ADDR:   0 MEM_OUT: 746 ACC: 747 BUFF: 746 DC: 0 FLAG_ZERO: False FLAG_LT: 0 FLAG_GT: 1
INPUT_PORT:  []
OUT_PORT:  []
DATA_MEM:  [746, 348]
---------------------------------------
DEBUG    root:machine.py:309 CMP 1000
TICK: 36175 PC:   3 ADDR:   0 MEM_OUT: 747 ACC: 747 BUFF: 746 DC: 0 FLAG_ZERO: False FLAG_LT: 0 FLAG_GT: 1
INPUT_PORT:  []
OUT_PORT:  []
DATA_MEM:  [747, 348]
---------------------------------------
DEBUG    root:machine.py:309 JGE 22
TICK: 36178 PC:   4 ADDR:   0 MEM_OUT: 747 ACC: 747 BUFF: 746 DC: 0 FLAG_ZERO: False FLAG_LT: 1 FLAG_GT: 0
INPUT_PORT:  []
OUT_PORT:  []
DATA_MEM:  [747, 348]
---------------------------------------
DEBUG    root:machine.py:309 LD 0
TICK: 36181 PC:   5 ADDR:   0 MEM_OUT: 747 ACC: 747 BUFF: 746 DC: 0 FLAG_ZERO: False FLAG_LT: 1 FLAG_GT: 0
INPUT_PORT:  []
OUT_PORT:  []
DATA_MEM:  [747, 348]
---------------------------------------
DEBUG    root:machine.py:309 MOD 3
TICK: 36185 PC:   6 ADDR:   0 MEM_OUT: 747 ACC: 747 BUFF: 746 DC: 0 FLAG_ZERO: False FLAG_LT: 1 FLAG_GT: 0
INPUT_PORT:  []
OUT_PORT:  []
DATA_MEM:  [747, 348]
---------------------------------------
DEBUG    root:machine.py:309 CMP 0
TICK: 36189 PC:   7 ADDR:   0 MEM_OUT: 747 ACC: 0 BUFF: 747 DC: 0 FLAG_ZERO: False FLAG_LT: 1 FLAG_GT: 0
INPUT_PORT:  []
OUT_PORT:  []
DATA_MEM:  [747, 348]
---------------------------------------
DEBUG    root:machine.py:309 JE 14
TICK: 36192 PC:   8 ADDR:   0 MEM_OUT: 747 ACC: 0 BUFF: 747 DC: 0 FLAG_ZERO: True FLAG_LT: 0 FLAG_GT: 0
INPUT_PORT:  []
OUT_PORT:  []
DATA_MEM:  [747, 348]
---------------------------------------
DEBUG    root:machine.py:309 LD 4
TICK: 36195 PC:  14 ADDR:   0 MEM_OUT: 747 ACC: 0 BUFF: 747 DC: 0 FLAG_ZERO: True FLAG_LT: 0 FLAG_GT: 0
INPUT_PORT:  []
OUT_PORT:  []
DATA_MEM:  [747, 348]
---------------------------------------
DEBUG    root:machine.py:309 INC 
TICK: 36199 PC:  15 ADDR:   1 MEM_OUT: 348 ACC: 348 BUFF: 747 DC: 0 FLAG_ZERO: True FLAG_LT: 0 FLAG_GT: 0
INPUT_PORT:  []
OUT_PORT:  []
DATA_MEM:  [747, 348]
---------------------------------------
DEBUG    root:machine.py:309 ST 4
TICK: 36202 PC:  16 ADDR:   1 MEM_OUT: 348 ACC: 349 BUFF: 747 DC: 0 FLAG_ZERO: True FLAG_LT: 0 FLAG_GT: 0
INPUT_PORT:  []
OUT_PORT:  []
DATA_MEM:  [747, 348]
---------------------------------------
DEBUG    root:machine.py:309 JMP 0
TICK: 36206 PC:  17 ADDR:   1 MEM_OUT: 349 ACC: 349 BUFF: 747 DC: 0 FLAG_ZERO: True FLAG_LT: 0 FLAG_GT: 0
INPUT_PORT:  []
OUT_PORT:  []
DATA_MEM:  [747, 349]
---------------------------------------
DEBUG    root:machine.py:309 LD 0
TICK: 36209 PC:   0 ADDR:   1 MEM_OUT: 349 ACC: 349 BUFF: 747 DC: 0 FLAG_ZERO: True FLAG_LT: 0 FLAG_GT: 0
INPUT_PORT:  []
OUT_PORT:  []
DATA_MEM:  [747, 349]
---------------------------------------
DEBUG    root:machine.py:309 INC 
TICK: 36213 PC:   1 ADDR:   0 MEM_OUT: 747 ACC: 747 BUFF: 747 DC: 0 FLAG_ZERO: True FLAG_LT: 0 FLAG_GT: 0
INPUT_PORT:  []
OUT_PORT:  []
DATA_MEM:  [747, 349]
---------------------------------------
DEBUG    root:machine.py:309 ST 0
TICK: 36216 PC:   2 ADDR:   0 MEM_OUT: 747 ACC: 748 BUFF: 747 DC: 0 FLAG_ZERO: True FLAG_LT: 0 FLAG_GT: 0
INPUT_PORT:  []
OUT_PORT:  []
DATA_MEM:  [747, 349]
---------------------------------------
DEBUG    root:machine.py:309 CMP 1000
TICK: 36220 PC:   3 ADDR:   0 MEM_OUT: 748 ACC: 748 BUFF: 747 DC: 0 FLAG_ZERO: True FLAG_LT: 0 FLAG_GT: 0
INPUT_PORT:  []
OUT_PORT:  []
DATA_MEM:  [748, 349]
---------------------------------------
DEBUG    root:machine.py:309 JGE 22
TICK: 36223 PC:   4 ADDR:   0 MEM_OUT: 748 ACC: 748 BUFF: 747 DC: 0 FLAG_ZERO: False FLAG_LT: 1 FLAG_GT: 0
INPUT_PORT:  []
OUT_PORT:  []
DATA_MEM:  [748, 349]
---------------------------------------
DEBUG    root:machine.py:309 LD 0
TICK: 36226 PC:   5 ADDR:   0 MEM_OUT: 748 ACC: 748 BUFF: 747 DC: 0 FLAG_ZERO: False FLAG_LT: 1 FLAG_GT: 0
INPUT_PORT:  []
OUT_PORT:  []
DATA_MEM:  [748, 349]
---------------------------------------
DEBUG    root:machine.py:309 MOD 3
TICK: 36230 PC:   6 ADDR:   0 MEM_OUT: 748 ACC: 748 BUFF: 747 DC: 0 FLAG_ZERO: False FLAG_LT: 1 FLAG_GT: 0
INPUT_PORT:  []
OUT_PORT:  []
DATA_MEM:  [748, 349]
---------------------------------------
DEBUG    root:machine.py:309 CMP 0
TICK: 36234 PC:   7 ADDR:   0 MEM_OUT: 748 ACC: 1 BUFF: 748 DC: 0 FLAG_ZERO: False FLAG_LT: 1 FLAG_GT: 0
INPUT_PORT:  []
OUT_PORT:  []
DATA_MEM:  [748, 349]
---------------------------------------
DEBUG    root:machine.py:309 JE 14
TICK: 36237 PC:   8 ADDR:   0 MEM_OUT: 748 ACC: 1 BUFF: 748 DC: 0 FLAG_ZERO: False FLAG_LT: 0 FLAG_GT: 1
INPUT_PORT:  []
OUT_PORT:  []
DATA_MEM:  [748, 349]
---------------------------------------
DEBUG    root:machine.py:309 LD 0
TICK: 36240 PC:   9 ADDR:   0 MEM_OUT: 748 ACC: 1 BUFF: 748 DC: 0 FLAG_ZERO: False FLAG_LT: 0 FLAG_GT: 1
INPUT_PORT:  []
OUT_PORT:  []
DATA_MEM:  [748, 349]
---------------------------------------
DEBUG    root:machine.py:309 MOD 5
TICK: 36244 PC:  10 ADDR:   0 MEM_OUT: 748 ACC: 748 BUFF: 748 DC: 0 FLAG_ZERO: False FLAG_LT: 0 FLAG_GT: 1
INPUT_PORT:  []
OUT_PORT:  []
DATA_MEM:  [748, 349]
---------------------------------------
DEBUG    root:machine.py:309 CMP 0
TICK: 36248 PC:  11 ADDR:   0 MEM_OUT: 748 ACC: 3 BUFF: 748 DC: 0 FLAG_ZERO: False FLAG_LT: 0 FLAG_GT: 1
INPUT_PORT:  []
OUT_PORT:  []
DATA_MEM:  [748, 349]
---------------------------------------
DEBUG    root:machine.py:309 JE 18
TICK: 36251 PC:  12 ADDR:   0 MEM_OUT: 748 ACC: 3 BUFF: 748 DC: 0 FLAG_ZERO: False FLAG_LT: 0 FLAG_GT: 1
INPUT_PORT:  []
OUT_PORT:  []
DATA_MEM:  [748, 349]
---------------------------------------
DEBUG    root:machine.py:309 JMP 0
TICK: 36254 PC:  13 ADDR:   0 MEM_OUT: 748 ACC: 3 BUFF: 748 DC: 0 FLAG_ZERO: False FLAG_LT: 0 FLAG_GT: 1
INPUT_PORT:  []
OUT_PORT:  []
DATA_MEM:  [748, 349]
---------------------------------------
DEBUG    root:machine.py:309 LD 0
TICK: 36257 PC:   0 ADDR:   0 MEM_OUT: 748 ACC: 3 BUFF: 748 DC: 0 FLAG_ZERO: False FLAG_LT: 0 FLAG_GT: 1
INPUT_PORT:  []
OUT_PORT:  []
DATA_MEM:  [748, 349]
---------------------------------------
DEBUG    root:machine.py:309 INC 
TICK: 36261 PC:   1 ADDR:   0 MEM_OUT: 748 ACC: 748 BUFF: 748 DC: 0 FLAG_ZERO: False FLAG_LT: 0 FLAG_GT: 1
INPUT_PORT:  []
OUT_PORT:  []
DATA_MEM:  [748, 349]
---------------------------------------
DEBUG    root:machine.py:309 ST 0
TICK: 36264 PC:   2 ADDR:   0 MEM_OUT: 748 ACC: 749 BUFF: 748 DC: 0 FLAG_ZERO: False FLAG_LT: 0 FLAG_GT: 1
INPUT_PORT:  []
OUT_PORT:  []
DATA_MEM:  [748, 349]
---------------------------------------
DEBUG    root:machine.py:309 CMP 1000
TICK: 36268 PC:   3 ADDR:   0 MEM_OUT: 749 ACC: 749 BUFF: 748 DC: 0 FLAG_ZERO: False FLAG_LT: 0 FLAG_GT: 1
INPUT_PORT:  []
OUT_PORT:  []
DATA_MEM:  [749, 349]
---------------------------------------
DEBUG    root:machine.py:309 JGE 22
TICK: 36271 PC:   4 ADDR:   0 MEM_OUT: 749 ACC: 749 BUFF: 748 DC: 0 FLAG_ZERO: False FLAG_LT: 1 FLAG_GT: 0
INPUT_PORT:  []
OUT_PORT:  []
DATA_MEM:  [749, 349]
---------------------------------------
DEBUG    root:machine.py:309 LD 0
TICK: 36274 PC:   5 ADDR:   0 MEM_OUT: 749 ACC: 749 BUFF: 748 DC: 0 FLAG_ZERO: False FLAG_LT: 1 FLAG_GT: 0
INPUT_PORT:  []
OUT_PORT:  []
DATA_MEM:  [749, 349]
---------------------------------------
DEBUG    root:machine.py:309 MOD 3
TICK: 36278 PC:   6 ADDR:   0 MEM_OUT: 749 ACC: 749 BUFF: 748 DC: 0 FLAG_ZERO: False FLAG_LT: 1 FLAG_GT: 0
INPUT_PORT:  []
OUT_PORT:  []
DATA_MEM:  [749, 349]
---------------------------------------
DEBUG    root:machine.py:309 CMP 0
TICK: 36282 PC:   7 ADDR:   0 MEM_OUT: 749 ACC: 2 BUFF: 749 DC: 0 FLAG_ZERO: False FLAG_LT: 1 FLAG_GT: 0
INPUT_PORT:  []
OUT_PORT:  []
DATA_MEM:  [749, 349]
---------------------------------------
DEBUG    root:machine.py:309 JE 14
TICK: 36285 PC:   8 ADDR:   0 MEM_OUT: 749 ACC: 2 BUFF: 749 DC: 0 FLAG_ZERO: False FLAG_LT: 0 FLAG_GT: 1
INPUT_PORT:  []
OUT_PORT:  []
DATA_MEM:  [749, 349]
---------------------------------------
DEBUG    root:machine.py:309 LD 0
TICK: 36288 PC:   9 ADDR:   0 MEM_OUT: 749 ACC: 2 BUFF: 749 DC: 0 FLAG_ZERO: False FLAG_LT: 0 FLAG_GT: 1
INPUT_PORT:  []
OUT_PORT:  []
DATA_MEM:  [749, 349]
---------------------------------------
DEBUG    root:machine.py:309 MOD 5
TICK: 36292 PC:  10 ADDR:   0 MEM_OUT: 749 ACC: 749 BUFF: 749 DC: 0 FLAG_ZERO: False FLAG_LT: 0 FLAG_GT: 1
INPUT_PORT:  []
OUT_PORT:  []
DATA_MEM:  [749, 349]
---------------------------------------
DEBUG    root:machine.py:309 CMP 0
TICK: 36296 PC:  11 ADDR:   0 MEM_OUT: 749 ACC: 4 BUFF: 749 DC: 0 FLAG_ZERO: False FLAG_LT: 0 FLAG_GT: 1
INPUT_PORT:  []
OUT_PORT:  []
DATA_MEM:  [749, 349]
---------------------------------------
DEBUG    root:machine.py:309 JE 18
TICK: 36299 PC:  12 ADDR:   0 MEM_OUT: 749 ACC: 4 BUFF: 749 DC: 0 FLAG_ZERO: False FLAG_LT: 0 FLAG_GT: 1
INPUT_PORT:  []
OUT_PORT:  []
DATA_MEM:  [749, 349]
---------------------------------------
DEBUG    root:machine.py:309 JMP 0
TICK: 36302 PC:  13 ADDR:   0 MEM_OUT: 749 ACC: 4 BUFF: 749 DC: 0 FLAG_ZERO: False FLAG_LT: 0 FLAG_GT: 1
INPUT_PORT:  []
OUT_PORT:  []
DATA_MEM:  [749, 349]
---------------------------------------
DEBUG    root:machine.py:309 LD 0
TICK: 36305 PC:   0 ADDR:   0 MEM_OUT: 749 ACC: 4 BUFF: 749 DC: 0 FLAG_ZERO: False FLAG_LT: 0 FLAG_GT: 1
INPUT_PORT:  []
OUT_PORT:  []
DATA_MEM:  [749, 349]
---------------------------------------
DEBUG    root:machine.py:309 INC 
TICK: 36309 PC:   1 ADDR:   0 MEM_OUT: 749 ACC: 749 BUFF: 749 DC: 0 FLAG_ZERO: False FLAG_LT: 0 FLAG_GT: 1
INPUT_PORT:  []
OUT_PORT:  []
DATA_MEM:  [749, 349]
---------------------------------------
DEBUG    root:machine.py:309 ST 0
TICK: 36312 PC:   2 ADDR:   0 MEM_OUT: 749 ACC: 750 BUFF: 749 DC: 0 FLAG_ZERO: False FLAG_LT: 0 FLAG_GT: 1
INPUT_PORT:  []
OUT_PORT:  []
DATA_MEM:  [749, 349]
---------------------------------------
DEBUG    root:machine.py:309 CMP 1000
TICK: 36316 PC:   3 ADDR:   0 MEM_OUT: 750 ACC: 750 BUFF: 749 DC: 0 FLAG_ZERO: False FLAG_LT: 0 FLAG_GT: 1
INPUT_PORT:  []
OUT_PORT:  []
DATA_MEM:  [750, 349]
---------------------------------------
DEBUG    root:machine.py:309 JGE 22
TICK: 36319 PC:   4 ADDR:   0 MEM_OUT: 750 ACC: 750 BUFF: 749 DC: 0 FLAG_ZERO: False FLAG_LT: 1 FLAG_GT: 0
INPUT_PORT:  []
OUT_PORT:  []
DATA_MEM:  [750, 349]
---------------------------------------
DEBUG    root:machine.py:309 LD 0
TICK: 36322 PC:   5 ADDR:   0 MEM_OUT: 750 ACC: 750 BUFF: 749 DC: 0 FLAG_ZERO: False FLAG_LT: 1 FLAG_GT: 0
INPUT_PORT:  []
OUT_PORT:  []
DATA_MEM:  [750, 349]
---------------------------------------
DEBUG    root:machine.py:309 MOD 3
TICK: 36326 PC:   6 ADDR:   0 MEM_OUT: 750 ACC: 750 BUFF: 749 DC: 0 FLAG_ZERO: False FLAG_LT: 1 FLAG_GT: 0
INPUT_PORT:  []
OUT_PORT:  []
DATA_MEM:  [750, 349]
---------------------------------------
DEBUG    root:machine.py:309 CMP 0
TICK: 36330 PC:   7 ADDR:   0 MEM_OUT: 750 ACC: 0 BUFF: 750 DC: 0 FLAG_ZERO: False FLAG_LT: 1 FLAG_GT: 0
INPUT_PORT:  []
OUT_PORT:  []
DATA_MEM:  [750, 349]
---------------------------------------
DEBUG    root:machine.py:309 JE 14
TICK: 36333 PC:   8 ADDR:   0 MEM_OUT: 750 ACC: 0 BUFF: 750 DC: 0 FLAG_ZERO: True FLAG_LT: 0 FLAG_GT: 0
INPUT_PORT:  []
OUT_PORT:  []
DATA_MEM:  [750, 349]
---------------------------------------
DEBUG    root:machine.py:309 LD 4
TICK: 36336 PC:  14 ADDR:   0 MEM_OUT: 750 ACC: 0 BUFF: 750 DC: 0 FLAG_ZERO: True FLAG_LT: 0 FLAG_GT: 0
INPUT_PORT:  []
OUT_PORT:  []
DATA_MEM:  [750, 349]
---------------------------------------
DEBUG    root:machine.py:309 INC 
TICK: 36340 PC:  15 ADDR:   1 MEM_OUT: 349 ACC: 349 BUFF: 750 DC: 0 FLAG_ZERO: True FLAG_LT: 0 FLAG_GT: 0
INPUT_PORT:  []
OUT_PORT:  []
DATA_MEM:  [750, 349]
---------------------------------------
DEBUG    root:machine.py:309 ST 4
TICK: 36343 PC:  16 ADDR:   1 MEM_OUT: 349 ACC: 350 BUFF: 750 DC: 0 FLAG_ZERO: True FLAG_LT: 0 FLAG_GT: 0
INPUT_PORT:  []
OUT_PORT:  []
DATA_MEM:  [750, 349]
---------------------------------------
DEBUG    root:machine.py:309 JMP 0
TICK: 36347 PC:  17 ADDR:   1 MEM_OUT: 350 ACC: 350 BUFF: 750 DC: 0 FLAG_ZERO: True FLAG_LT: 0 FLAG_GT: 0
INPUT_PORT:  []
OUT_PORT:  []
DATA_MEM:  [750, 350]
---------------------------------------
DEBUG    root:machine.py:309 LD 0
TICK: 36350 PC:   0 ADDR:   1 MEM_OUT: 350 ACC: 350 BUFF: 750 DC: 0 FLAG_ZERO: True FLAG_LT: 0 FLAG_GT: 0
INPUT_PORT:  []
OUT_PORT:  []
DATA_MEM:  [750, 350]
---------------------------------------
DEBUG    root:machine.py:309 INC 
TICK: 36354 PC:   1 ADDR:   0 MEM_OUT: 750 ACC: 750 BUFF: 750 DC: 0 FLAG_ZERO: True FLAG_LT: 0 FLAG_GT: 0
INPUT_PORT:  []
OUT_PORT:  []
DATA_MEM:  [750, 350]
---------------------------------------
DEBUG    root:machine.py:309 ST 0
TICK: 36357 PC:   2 ADDR:   0 MEM_OUT: 750 ACC: 751 BUFF: 750 DC: 0 FLAG_ZERO: True FLAG_LT: 0 FLAG_GT: 0
INPUT_PORT:  []
OUT_PORT:  []
DATA_MEM:  [750, 350]
---------------------------------------
DEBUG    root:machine.py:309 CMP 1000
TICK: 36361 PC:   3 ADDR:   0 MEM_OUT: 751 ACC: 751 BUFF: 750 DC: 0 FLAG_ZERO: True FLAG_LT: 0 FLAG_GT: 0
INPUT_PORT:  []
OUT_PORT:  []
DATA_MEM:  [751, 350]
---------------------------------------
DEBUG    root:machine.py:309 JGE 22
TICK: 36364 PC:   4 ADDR:   0 MEM_OUT: 751 ACC: 751 BUFF: 750 DC: 0 FLAG_ZERO: False FLAG_LT: 1 FLAG_GT: 0
INPUT_PORT:  []
OUT_PORT:  []
DATA_MEM:  [751, 350]
---------------------------------------
DEBUG    root:machine.py:309 LD 0
TICK: 36367 PC:   5 ADDR:   0 MEM_OUT: 751 ACC: 751 BUFF: 750 DC: 0 FLAG_ZERO: False FLAG_LT: 1 FLAG_GT: 0
INPUT_PORT:  []
OUT_PORT:  []
DATA_MEM:  [751, 350]
---------------------------------------
DEBUG    root:machine.py:309 MOD 3
TICK: 36371 PC:   6 ADDR:   0 MEM_OUT: 751 ACC: 751 BUFF: 750 DC: 0 FLAG_ZERO: False FLAG_LT: 1 FLAG_GT: 0
INPUT_PORT:  []
OUT_PORT:  []
DATA_MEM:  [751, 350]
---------------------------------------
DEBUG    root:machine.py:309 CMP 0
TICK: 36375 PC:   7 ADDR:   0 MEM_OUT: 751 ACC: 1 BUFF: 751 DC: 0 FLAG_ZERO: False FLAG_LT: 1 FLAG_GT: 0
INPUT_PORT:  []
OUT_PORT:  []
DATA_MEM:  [751, 350]
---------------------------------------
DEBUG    root:machine.py:309 JE 14
TICK: 36378 PC:   8 ADDR:   0 MEM_OUT: 751 ACC: 1 BUFF: 751 DC: 0 FLAG_ZERO: False FLAG_LT: 0 FLAG_GT: 1
INPUT_PORT:  []
OUT_PORT:  []
DATA_MEM:  [751, 350]
---------------------------------------
DEBUG    root:machine.py:309 LD 0
TICK: 36381 PC:   9 ADDR:   0 MEM_OUT: 751 ACC: 1 BUFF: 751 DC: 0 FLAG_ZERO: False FLAG_LT: 0 FLAG_GT: 1
INPUT_PORT:  []
OUT_PORT:  []
DATA_MEM:  [751, 350]
---------------------------------------
DEBUG    root:machine.py:309 MOD 5
TICK: 36385 PC:  10 ADDR:   0 MEM_OUT: 751 ACC: 751 BUFF: 751 DC: 0 FLAG_ZERO: False FLAG_LT: 0 FLAG_GT: 1
INPUT_PORT:  []
OUT_PORT:  []
DATA_MEM:  [751, 350]
---------------------------------------
DEBUG    root:machine.py:309 CMP 0
TICK: 36389 PC:  11 ADDR:   0 MEM_OUT: 751 ACC: 1 BUFF: 751 DC: 0 FLAG_ZERO: False FLAG_LT: 0 FLAG_GT: 1
INPUT_PORT:  []
OUT_PORT:  []
DATA_MEM:  [751, 350]
---------------------------------------
DEBUG    root:machine.py:309 JE 18
TICK: 36392 PC:  12 ADDR:   0 MEM_OUT: 751 ACC: 1 BUFF: 751 DC: 0 FLAG_ZERO: False FLAG_LT: 0 FLAG_GT: 1
INPUT_PORT:  []
OUT_PORT:  []
DATA_MEM:  [751, 350]
---------------------------------------
DEBUG    root:machine.py:309 JMP 0
TICK: 36395 PC:  13 ADDR:   0 MEM_OUT: 751 ACC: 1 BUFF: 751 DC: 0 FLAG_ZERO: False FLAG_LT: 0 FLAG_GT: 1
INPUT_PORT:  []
OUT_PORT:  []
DATA_MEM:  [751, 350]
---------------------------------------
DEBUG    root:machine.py:309 LD 0
TICK: 36398 PC:   0 ADDR:   0 MEM_OUT: 751 ACC: 1 BUFF: 751 DC: 0 FLAG_ZERO: False FLAG_LT: 0 FLAG_GT: 1
INPUT_PORT:  []
OUT_PORT:  []
DATA_MEM:  [751, 350]
---------------------------------------
DEBUG    root:machine.py:309 INC 
TICK: 36402 PC:   1 ADDR:   0 MEM_OUT: 751 ACC: 751 BUFF: 751 DC: 0 FLAG_ZERO: False FLAG_LT: 0 FLAG_GT: 1
INPUT_PORT:  []
OUT_PORT:  []
DATA_MEM:  [751, 350]
---------------------------------------
DEBUG    root:machine.py:309 ST 0
TICK: 36405 PC:   2 ADDR:   0 MEM_OUT: 751 ACC: 752 BUFF: 751 DC: 0 FLAG_ZERO: False FLAG_LT: 0 FLAG_GT: 1
INPUT_PORT:  []
OUT_PORT:  []
DATA_MEM:  [751, 350]
---------------------------------------
DEBUG    root:machine.py:309 CMP 1000
TICK: 36409 PC:   3 ADDR:   0 MEM_OUT: 752 ACC: 752 BUFF: 751 DC: 0 FLAG_ZERO: False FLAG_LT: 0 FLAG_GT: 1
INPUT_PORT:  []
OUT_PORT:  []
DATA_MEM:  [752, 350]
---------------------------------------
DEBUG    root:machine.py:309 JGE 22
TICK: 36412 PC:   4 ADDR:   0 MEM_OUT: 752 ACC: 752 BUFF: 751 DC: 0 FLAG_ZERO: False FLAG_LT: 1 FLAG_GT: 0
INPUT_PORT:  []
OUT_PORT:  []
DATA_MEM:  [752, 350]
---------------------------------------
DEBUG    root:machine.py:309 LD 0
TICK: 36415 PC:   5 ADDR:   0 MEM_OUT: 752 ACC: 752 BUFF: 751 DC: 0 FLAG_ZERO: False FLAG_LT: 1 FLAG_GT: 0
INPUT_PORT:  []
OUT_PORT:  []
DATA_MEM:  [752, 350]
---------------------------------------
DEBUG    root:machine.py:309 MOD 3
TICK: 36419 PC:   6 ADDR:   0 MEM_OUT: 752 ACC: 752 BUFF: 751 DC: 0 FLAG_ZERO: False FLAG_LT: 1 FLAG_GT: 0
INPUT_PORT:  []
OUT_PORT:  []
DATA_MEM:  [752, 350]
---------------------------------------
DEBUG    root:machine.py:309 CMP 0
TICK: 36423 PC:   7 ADDR:   0 MEM_OUT: 752 ACC: 2 BUFF: 752 DC: 0 FLAG_ZERO: False FLAG_LT: 1 FLAG_GT: 0
INPUT_PORT:  []
OUT_PORT:  []
DATA_MEM:  [752, 350]
---------------------------------------
DEBUG    root:machine.py:309 JE 14
TICK: 36426 PC:   8 ADDR:   0 MEM_OUT: 752 ACC: 2 BUFF: 752 DC: 0 FLAG_ZERO: False FLAG_LT: 0 FLAG_GT: 1
INPUT_PORT:  []
OUT_PORT:  []
DATA_MEM:  [752, 350]
---------------------------------------
DEBUG    root:machine.py:309 LD 0
TICK: 36429 PC:   9 ADDR:   0 MEM_OUT: 752 ACC: 2 BUFF: 752 DC: 0 FLAG_ZERO: False FLAG_LT: 0 FLAG_GT: 1
INPUT_PORT:  []
OUT_PORT:  []
DATA_MEM:  [752, 350]
---------------------------------------
DEBUG    root:machine.py:309 MOD 5
TICK: 36433 PC:  10 ADDR:   0 MEM_OUT: 752 ACC: 752 BUFF: 752 DC: 0 FLAG_ZERO: False FLAG_LT: 0 FLAG_GT: 1
INPUT_PORT:  []
OUT_PORT:  []
DATA_MEM:  [752, 350]
---------------------------------------
DEBUG    root:machine.py:309 CMP 0
TICK: 36437 PC:  11 ADDR:   0 MEM_OUT: 752 ACC: 2 BUFF: 752 DC: 0 FLAG_ZERO: False FLAG_LT: 0 FLAG_GT: 1
INPUT_PORT:  []
OUT_PORT:  []
DATA_MEM:  [752, 350]
---------------------------------------
DEBUG    root:machine.py:309 JE 18
TICK: 36440 PC:  12 ADDR:   0 MEM_OUT: 752 ACC: 2 BUFF: 752 DC: 0 FLAG_ZERO: False FLAG_LT: 0 FLAG_GT: 1
INPUT_PORT:  []
OUT_PORT:  []
DATA_MEM:  [752, 350]
---------------------------------------
DEBUG    root:machine.py:309 JMP 0
TICK: 36443 PC:  13 ADDR:   0 MEM_OUT: 752 ACC: 2 BUFF: 752 DC: 0 FLAG_ZERO: False FLAG_LT: 0 FLAG_GT: 1
INPUT_PORT:  []
OUT_PORT:  []
DATA_MEM:  [752, 350]
---------------------------------------
DEBUG    root:machine.py:309 LD 0
TICK: 36446 PC:   0 ADDR:   0 MEM_OUT: 752 ACC: 2 BUFF: 752 DC: 0 FLAG_ZERO: False FLAG_LT: 0 FLAG_GT: 1
INPUT_PORT:  []
OUT_PORT:  []
DATA_MEM:  [752, 350]
---------------------------------------
DEBUG    root:machine.py:309 INC 
TICK: 36450 PC:   1 ADDR:   0 MEM_OUT: 752 ACC: 752 BUFF: 752 DC: 0 FLAG_ZERO: False FLAG_LT: 0 FLAG_GT: 1
INPUT_PORT:  []
OUT_PORT:  []
DATA_MEM:  [752, 350]
---------------------------------------
DEBUG    root:machine.py:309 ST 0
TICK: 36453 PC:   2 ADDR:   0 MEM_OUT: 752 ACC: 753 BUFF: 752 DC: 0 FLAG_ZERO: False FLAG_LT: 0 FLAG_GT: 1
INPUT_PORT:  []
OUT_PORT:  []
DATA_MEM:  [752, 350]
---------------------------------------
DEBUG    root:machine.py:309 CMP 1000
TICK: 36457 PC:   3 ADDR:   0 MEM_OUT: 753 ACC: 753 BUFF: 752 DC: 0 FLAG_ZERO: False FLAG_LT: 0 FLAG_GT: 1
INPUT_PORT:  []
OUT_PORT:  []
DATA_MEM:  [753, 350]
---------------------------------------
DEBUG    root:machine.py:309 JGE 22
TICK: 36460 PC:   4 ADDR:   0 MEM_OUT: 753 ACC: 753 BUFF: 752 DC: 0 FLAG_ZERO: False FLAG_LT: 1 FLAG_GT: 0
INPUT_PORT:  []
OUT_PORT:  []
DATA_MEM:  [753, 350]
---------------------------------------
DEBUG    root:machine.py:309 LD 0
TICK: 36463 PC:   5 ADDR:   0 MEM_OUT: 753 ACC: 753 BUFF: 752 DC: 0 FLAG_ZERO: False FLAG_LT: 1 FLAG_GT: 0
INPUT_PORT:  []
OUT_PORT:  []
DATA_MEM:  [753, 350]
---------------------------------------
DEBUG    root:machine.py:309 MOD 3
TICK: 36467 PC:   6 ADDR:   0 MEM_OUT: 753 ACC: 753 BUFF: 752 DC: 0 FLAG_ZERO: False FLAG_LT: 1 FLAG_GT: 0
INPUT_PORT:  []
OUT_PORT:  []
DATA_MEM:  [753, 350]
---------------------------------------
DEBUG    root:machine.py:309 CMP 0
TICK: 36471 PC:   7 ADDR:   0 MEM_OUT: 753 ACC: 0 BUFF: 753 DC: 0 FLAG_ZERO: False FLAG_LT: 1 FLAG_GT: 0
INPUT_PORT:  []
OUT_PORT:  []
DATA_MEM:  [753, 350]
---------------------------------------
DEBUG    root:machine.py:309 JE 14
TICK: 36474 PC:   8 ADDR:   0 MEM_OUT: 753 ACC: 0 BUFF: 753 DC: 0 FLAG_ZERO: True FLAG_LT: 0 FLAG_GT: 0
INPUT_PORT:  []
OUT_PORT:  []
DATA_MEM:  [753, 350]
---------------------------------------
DEBUG    root:machine.py:309 LD 4
TICK: 36477 PC:  14 ADDR:   0 MEM_OUT: 753 ACC: 0 BUFF: 753 DC: 0 FLAG_ZERO: True FLAG_LT: 0 FLAG_GT: 0
INPUT_PORT:  []
OUT_PORT:  []
DATA_MEM:  [753, 350]
---------------------------------------
DEBUG    root:machine.py:309 INC 
TICK: 36481 PC:  15 ADDR:   1 MEM_OUT: 350 ACC: 350 BUFF: 753 DC: 0 FLAG_ZERO: True FLAG_LT: 0 FLAG_GT: 0
INPUT_PORT:  []
OUT_PORT:  []
DATA_MEM:  [753, 350]
---------------------------------------
DEBUG    root:machine.py:309 ST 4
TICK: 36484 PC:  16 ADDR:   1 MEM_OUT: 350 ACC: 351 BUFF: 753 DC: 0 FLAG_ZERO: True FLAG_LT: 0 FLAG_GT: 0
INPUT_PORT:  []
OUT_PORT:  []
DATA_MEM:  [753, 350]
---------------------------------------
DEBUG    root:machine.py:309 JMP 0
TICK: 36488 PC:  17 ADDR:   1 MEM_OUT: 351 ACC: 351 BUFF: 753 DC: 0 FLAG_ZERO: True FLAG_LT: 0 FLAG_GT: 0
INPUT_PORT:  []
OUT_PORT:  []
DATA_MEM:  [753, 351]
---------------------------------------
DEBUG    root:machine.py:309 LD 0
TICK: 36491 PC:   0 ADDR:   1 MEM_OUT: 351 ACC: 351 BUFF: 753 DC: 0 FLAG_ZERO: True FLAG_LT: 0 FLAG_GT: 0
INPUT_PORT:  []
OUT_PORT:  []
DATA_MEM:  [753, 351]
---------------------------------------
DEBUG    root:machine.py:309 INC 
TICK: 36495 PC:   1 ADDR:   0 MEM_OUT: 753 ACC: 753 BUFF: 753 DC: 0 FLAG_ZERO: True FLAG_LT: 0 FLAG_GT: 0
INPUT_PORT:  []
OUT_PORT:  []
DATA_MEM:  [753, 351]
---------------------------------------
DEBUG    root:machine.py:309 ST 0
TICK: 36498 PC:   2 ADDR:   0 MEM_OUT: 753 ACC: 754 BUFF: 753 DC: 0 FLAG_ZERO: True FLAG_LT: 0 FLAG_GT: 0
INPUT_PORT:  []
OUT_PORT:  []
DATA_MEM:  [753, 351]
---------------------------------------
DEBUG    root:machine.py:309 CMP 1000
TICK: 36502 PC:   3 ADDR:   0 MEM_OUT: 754 ACC: 754 BUFF: 753 DC: 0 FLAG_ZERO: True FLAG_LT: 0 FLAG_GT: 0
INPUT_PORT:  []
OUT_PORT:  []
DATA_MEM:  [754, 351]
---------------------------------------
DEBUG    root:machine.py:309 JGE 22
TICK: 36505 PC:   4 ADDR:   0 MEM_OUT: 754 ACC: 754 BUFF: 753 DC: 0 FLAG_ZERO: False FLAG_LT: 1 FLAG_GT: 0
INPUT_PORT:  []
OUT_PORT:  []
DATA_MEM:  [754, 351]
---------------------------------------
DEBUG    root:machine.py:309 LD 0
TICK: 36508 PC:   5 ADDR:   0 MEM_OUT: 754 ACC: 754 BUFF: 753 DC: 0 FLAG_ZERO: False FLAG_LT: 1 FLAG_GT: 0
INPUT_PORT:  []
OUT_PORT:  []
DATA_MEM:  [754, 351]
---------------------------------------
DEBUG    root:machine.py:309 MOD 3
TICK: 36512 PC:   6 ADDR:   0 MEM_OUT: 754 ACC: 754 BUFF: 753 DC: 0 FLAG_ZERO: False FLAG_LT: 1 FLAG_GT: 0
INPUT_PORT:  []
OUT_PORT:  []
DATA_MEM:  [754, 351]
---------------------------------------
DEBUG    root:machine.py:309 CMP 0
TICK: 36516 PC:   7 ADDR:   0 MEM_OUT: 754 ACC: 1 BUFF: 754 DC: 0 FLAG_ZERO: False FLAG_LT: 1 FLAG_GT: 0
INPUT_PORT:  []
OUT_PORT:  []
DATA_MEM:  [754, 351]
---------------------------------------
DEBUG    root:machine.py:309 JE 14
TICK: 36519 PC:   8 ADDR:   0 MEM_OUT: 754 ACC: 1 BUFF: 754 DC: 0 FLAG_ZERO: False FLAG_LT: 0 FLAG_GT: 1
INPUT_PORT:  []
OUT_PORT:  []
DATA_MEM:  [754, 351]
---------------------------------------
DEBUG    root:machine.py:309 LD 0
TICK: 36522 PC:   9 ADDR:   0 MEM_OUT: 754 ACC: 1 BUFF: 754 DC: 0 FLAG_ZERO: False FLAG_LT: 0 FLAG_GT: 1
INPUT_PORT:  []
OUT_PORT:  []
DATA_MEM:  [754, 351]
---------------------------------------
DEBUG    root:machine.py:309 MOD 5
TICK: 36526 PC:  10 ADDR:   0 MEM_OUT: 754 ACC: 754 BUFF: 754 DC: 0 FLAG_ZERO: False FLAG_LT: 0 FLAG_GT: 1
INPUT_PORT:  []
OUT_PORT:  []
DATA_MEM:  [754, 351]
---------------------------------------
DEBUG    root:machine.py:309 CMP 0
TICK: 36530 PC:  11 ADDR:   0 MEM_OUT: 754 ACC: 4 BUFF: 754 DC: 0 FLAG_ZERO: False FLAG_LT: 0 FLAG_GT: 1
INPUT_PORT:  []
OUT_PORT:  []
DATA_MEM:  [754, 351]
---------------------------------------
DEBUG    root:machine.py:309 JE 18
TICK: 36533 PC:  12 ADDR:   0 MEM_OUT: 754 ACC: 4 BUFF: 754 DC: 0 FLAG_ZERO: False FLAG_LT: 0 FLAG_GT: 1
INPUT_PORT:  []
OUT_PORT:  []
DATA_MEM:  [754, 351]
---------------------------------------
DEBUG    root:machine.py:309 JMP 0
TICK: 36536 PC:  13 ADDR:   0 MEM_OUT: 754 ACC: 4 BUFF: 754 DC: 0 FLAG_ZERO: False FLAG_LT: 0 FLAG_GT: 1
INPUT_PORT:  []
OUT_PORT:  []
DATA_MEM:  [754, 351]
---------------------------------------
DEBUG    root:machine.py:309 LD 0
TICK: 36539 PC:   0 ADDR:   0 MEM_OUT: 754 ACC: 4 BUFF: 754 DC: 0 FLAG_ZERO: False FLAG_LT: 0 FLAG_GT: 1
INPUT_PORT:  []
OUT_PORT:  []
DATA_MEM:  [754, 351]
---------------------------------------
DEBUG    root:machine.py:309 INC 
TICK: 36543 PC:   1 ADDR:   0 MEM_OUT: 754 ACC: 754 BUFF: 754 DC: 0 FLAG_ZERO: False FLAG_LT: 0 FLAG_GT: 1
INPUT_PORT:  []
OUT_PORT:  []
DATA_MEM:  [754, 351]
---------------------------------------
DEBUG    root:machine.py:309 ST 0
TICK: 36546 PC:   2 ADDR:   0 MEM_OUT: 754 ACC: 755 BUFF: 754 DC: 0 FLAG_ZERO: False FLAG_LT: 0 FLAG_GT: 1
INPUT_PORT:  []
OUT_PORT:  []
DATA_MEM:  [754, 351]
---------------------------------------
DEBUG    root:machine.py:309 CMP 1000
TICK: 36550 PC:   3 ADDR:   0 MEM_OUT: 755 ACC: 755 BUFF: 754 DC: 0 FLAG_ZERO: False FLAG_LT: 0 FLAG_GT: 1
INPUT_PORT:  []
OUT_PORT:  []
DATA_MEM:  [755, 351]
---------------------------------------
DEBUG    root:machine.py:309 JGE 22
TICK: 36553 PC:   4 ADDR:   0 MEM_OUT: 755 ACC: 755 BUFF: 754 DC: 0 FLAG_ZERO: False FLAG_LT: 1 FLAG_GT: 0
INPUT_PORT:  []
OUT_PORT:  []
DATA_MEM:  [755, 351]
---------------------------------------
DEBUG    root:machine.py:309 LD 0
TICK: 36556 PC:   5 ADDR:   0 MEM_OUT: 755 ACC: 755 BUFF: 754 DC: 0 FLAG_ZERO: False FLAG_LT: 1 FLAG_GT: 0
INPUT_PORT:  []
OUT_PORT:  []
DATA_MEM:  [755, 351]
---------------------------------------
DEBUG    root:machine.py:309 MOD 3
TICK: 36560 PC:   6 ADDR:   0 MEM_OUT: 755 ACC: 755 BUFF: 754 DC: 0 FLAG_ZERO: False FLAG_LT: 1 FLAG_GT: 0
INPUT_PORT:  []
OUT_PORT:  []
DATA_MEM:  [755, 351]
---------------------------------------
DEBUG    root:machine.py:309 CMP 0
TICK: 36564 PC:   7 ADDR:   0 MEM_OUT: 755 ACC: 2 BUFF: 755 DC: 0 FLAG_ZERO: False FLAG_LT: 1 FLAG_GT: 0
INPUT_PORT:  []
OUT_PORT:  []
DATA_MEM:  [755, 351]
---------------------------------------
DEBUG    root:machine.py:309 JE 14
TICK: 36567 PC:   8 ADDR:   0 MEM_OUT: 755 ACC: 2 BUFF: 755 DC: 0 FLAG_ZERO: False FLAG_LT: 0 FLAG_GT: 1
INPUT_PORT:  []
OUT_PORT:  []
DATA_MEM:  [755, 351]
---------------------------------------
DEBUG    root:machine.py:309 LD 0
TICK: 36570 PC:   9 ADDR:   0 MEM_OUT: 755 ACC: 2 BUFF: 755 DC: 0 FLAG_ZERO: False FLAG_LT: 0 FLAG_GT: 1
INPUT_PORT:  []
OUT_PORT:  []
DATA_MEM:  [755, 351]
---------------------------------------
DEBUG    root:machine.py:309 MOD 5
TICK: 36574 PC:  10 ADDR:   0 MEM_OUT: 755 ACC: 755 BUFF: 755 DC: 0 FLAG_ZERO: False FLAG_LT: 0 FLAG_GT: 1
INPUT_PORT:  []
OUT_PORT:  []
DATA_MEM:  [755, 351]
---------------------------------------
DEBUG    root:machine.py:309 CMP 0
TICK: 36578 PC:  11 ADDR:   0 MEM_OUT: 755 ACC: 0 BUFF: 755 DC: 0 FLAG_ZERO: False FLAG_LT: 0 FLAG_GT: 1
INPUT_PORT:  []
OUT_PORT:  []
DATA_MEM:  [755, 351]
---------------------------------------
DEBUG    root:machine.py:309 JE 18
TICK: 36581 PC:  12 ADDR:   0 MEM_OUT: 755 ACC: 0 BUFF: 755 DC: 0 FLAG_ZERO: True FLAG_LT: 0 FLAG_GT: 0
INPUT_PORT:  []
OUT_PORT:  []
DATA_MEM:  [755, 351]
---------------------------------------
DEBUG    root:machine.py:309 LD 4
TICK: 36584 PC:  18 ADDR:   0 MEM_OUT: 755 ACC: 0 BUFF: 755 DC: 0 FLAG_ZERO: True FLAG_LT: 0 FLAG_GT: 0
INPUT_PORT:  []
OUT_PORT:  []
DATA_MEM:  [755, 351]
---------------------------------------
DEBUG    root:machine.py:309 INC 
TICK: 36588 PC:  19 ADDR:   1 MEM_OUT: 351 ACC: 351 BUFF: 755 DC: 0 FLAG_ZERO: True FLAG_LT: 0 FLAG_GT: 0
INPUT_PORT:  []
OUT_PORT:  []
DATA_MEM:  [755, 351]
---------------------------------------
DEBUG    root:machine.py:309 ST 4
TICK: 36591 PC:  20 ADDR:   1 MEM_OUT: 351 ACC: 352 BUFF: 755 DC: 0 FLAG_ZERO: True FLAG_LT: 0 FLAG_GT: 0
INPUT_PORT:  []
OUT_PORT:  []
DATA_MEM:  [755, 351]
---------------------------------------
DEBUG    root:machine.py:309 JMP 0
TICK: 36595 PC:  21 ADDR:   1 MEM_OUT: 352 ACC: 352 BUFF: 755 DC: 0 FLAG_ZERO: True FLAG_LT: 0 FLAG_GT: 0
INPUT_PORT:  []
OUT_PORT:  []
DATA_MEM:  [755, 352]
---------------------------------------
DEBUG    root:machine.py:309 LD 0
TICK: 36598 PC:   0 ADDR:   1 MEM_OUT: 352 ACC: 352 BUFF: 755 DC: 0 FLAG_ZERO: True FLAG_LT: 0 FLAG_GT: 0
INPUT_PORT:  []
OUT_PORT:  []
DATA_MEM:  [755, 352]
---------------------------------------
DEBUG    root:machine.py:309 INC 
TICK: 36602 PC:   1 ADDR:   0 MEM_OUT: 755 ACC: 755 BUFF: 755 DC: 0 FLAG_ZERO: True FLAG_LT: 0 FLAG_GT: 0
INPUT_PORT:  []
OUT_PORT:  []
DATA_MEM:  [755, 352]
---------------------------------------
DEBUG    root:machine.py:309 ST 0
TICK: 36605 PC:   2 ADDR:   0 MEM_OUT: 755 ACC: 756 BUFF: 755 DC: 0 FLAG_ZERO: True FLAG_LT: 0 FLAG_GT: 0
INPUT_PORT:  []
OUT_PORT:  []
DATA_MEM:  [755, 352]
---------------------------------------
DEBUG    root:machine.py:309 CMP 1000
TICK: 36609 PC:   3 ADDR:   0 MEM_OUT: 756 ACC: 756 BUFF: 755 DC: 0 FLAG_ZERO: True FLAG_LT: 0 FLAG_GT: 0
INPUT_PORT:  []
OUT_PORT:  []
DATA_MEM:  [756, 352]
---------------------------------------
DEBUG    root:machine.py:309 JGE 22
TICK: 36612 PC:   4 ADDR:   0 MEM_OUT: 756 ACC: 756 BUFF: 755 DC: 0 FLAG_ZERO: False FLAG_LT: 1 FLAG_GT: 0
INPUT_PORT:  []
OUT_PORT:  []
DATA_MEM:  [756, 352]
---------------------------------------
DEBUG    root:machine.py:309 LD 0
TICK: 36615 PC:   5 ADDR:   0 MEM_OUT: 756 ACC: 756 BUFF: 755 DC: 0 FLAG_ZERO: False FLAG_LT: 1 FLAG_GT: 0
INPUT_PORT:  []
OUT_PORT:  []
DATA_MEM:  [756, 352]
---------------------------------------
DEBUG    root:machine.py:309 MOD 3
TICK: 36619 PC:   6 ADDR:   0 MEM_OUT: 756 ACC: 756 BUFF: 755 DC: 0 FLAG_ZERO: False FLAG_LT: 1 FLAG_GT: 0
INPUT_PORT:  []
OUT_PORT:  []
DATA_MEM:  [756, 352]
---------------------------------------
DEBUG    root:machine.py:309 CMP 0
TICK: 36623 PC:   7 ADDR:   0 MEM_OUT: 756 ACC: 0 BUFF: 756 DC: 0 FLAG_ZERO: False FLAG_LT: 1 FLAG_GT: 0
INPUT_PORT:  []
OUT_PORT:  []
DATA_MEM:  [756, 352]
---------------------------------------
DEBUG    root:machine.py:309 JE 14
TICK: 36626 PC:   8 ADDR:   0 MEM_OUT: 756 ACC: 0 BUFF: 756 DC: 0 FLAG_ZERO: True FLAG_LT: 0 FLAG_GT: 0
INPUT_PORT:  []
OUT_PORT:  []
DATA_MEM:  [756, 352]
---------------------------------------
DEBUG    root:machine.py:309 LD 4
TICK: 36629 PC:  14 ADDR:   0 MEM_OUT: 756 ACC: 0 BUFF: 756 DC: 0 FLAG_ZERO: True FLAG_LT: 0 FLAG_GT: 0
INPUT_PORT:  []
OUT_PORT:  []
DATA_MEM:  [756, 352]
---------------------------------------
DEBUG    root:machine.py:309 INC 
TICK: 36633 PC:  15 ADDR:   1 MEM_OUT: 352 ACC: 352 BUFF: 756 DC: 0 FLAG_ZERO: True FLAG_LT: 0 FLAG_GT: 0
INPUT_PORT:  []
OUT_PORT:  []
DATA_MEM:  [756, 352]
---------------------------------------
DEBUG    root:machine.py:309 ST 4
TICK: 36636 PC:  16 ADDR:   1 MEM_OUT: 352 ACC: 353 BUFF: 756 DC: 0 FLAG_ZERO: True FLAG_LT: 0 FLAG_GT: 0
INPUT_PORT:  []
OUT_PORT:  []
DATA_MEM:  [756, 352]
---------------------------------------
DEBUG    root:machine.py:309 JMP 0
TICK: 36640 PC:  17 ADDR:   1 MEM_OUT: 353 ACC: 353 BUFF: 756 DC: 0 FLAG_ZERO: True FLAG_LT: 0 FLAG_GT: 0
INPUT_PORT:  []
OUT_PORT:  []
DATA_MEM:  [756, 353]
---------------------------------------
DEBUG    root:machine.py:309 LD 0
TICK: 36643 PC:   0 ADDR:   1 MEM_OUT: 353 ACC: 353 BUFF: 756 DC: 0 FLAG_ZERO: True FLAG_LT: 0 FLAG_GT: 0
INPUT_PORT:  []
OUT_PORT:  []
DATA_MEM:  [756, 353]
---------------------------------------
DEBUG    root:machine.py:309 INC 
TICK: 36647 PC:   1 ADDR:   0 MEM_OUT: 756 ACC: 756 BUFF: 756 DC: 0 FLAG_ZERO: True FLAG_LT: 0 FLAG_GT: 0
INPUT_PORT:  []
OUT_PORT:  []
DATA_MEM:  [756, 353]
---------------------------------------
DEBUG    root:machine.py:309 ST 0
TICK: 36650 PC:   2 ADDR:   0 MEM_OUT: 756 ACC: 757 BUFF: 756 DC: 0 FLAG_ZERO: True FLAG_LT: 0 FLAG_GT: 0
INPUT_PORT:  []
OUT_PORT:  []
DATA_MEM:  [756, 353]
---------------------------------------
DEBUG    root:machine.py:309 CMP 1000
TICK: 36654 PC:   3 ADDR:   0 MEM_OUT: 757 ACC: 757 BUFF: 756 DC: 0 FLAG_ZERO: True FLAG_LT: 0 FLAG_GT: 0
INPUT_PORT:  []
OUT_PORT:  []
DATA_MEM:  [757, 353]
---------------------------------------
DEBUG    root:machine.py:309 JGE 22
TICK: 36657 PC:   4 ADDR:   0 MEM_OUT: 757 ACC: 757 BUFF: 756 DC: 0 FLAG_ZERO: False FLAG_LT: 1 FLAG_GT: 0
INPUT_PORT:  []
OUT_PORT:  []
DATA_MEM:  [757, 353]
---------------------------------------
DEBUG    root:machine.py:309 LD 0
TICK: 36660 PC:   5 ADDR:   0 MEM_OUT: 757 ACC: 757 BUFF: 756 DC: 0 FLAG_ZERO: False FLAG_LT: 1 FLAG_GT: 0
INPUT_PORT:  []
OUT_PORT:  []
DATA_MEM:  [757, 353]
---------------------------------------
DEBUG    root:machine.py:309 MOD 3
TICK: 36664 PC:   6 ADDR:   0 MEM_OUT: 757 ACC: 757 BUFF: 756 DC: 0 FLAG_ZERO: False FLAG_LT: 1 FLAG_GT: 0
INPUT_PORT:  []
OUT_PORT:  []
DATA_MEM:  [757, 353]
---------------------------------------
DEBUG    root:machine.py:309 CMP 0
TICK: 36668 PC:   7 ADDR:   0 MEM_OUT: 757 ACC: 1 BUFF: 757 DC: 0 FLAG_ZERO: False FLAG_LT: 1 FLAG_GT: 0
INPUT_PORT:  []
OUT_PORT:  []
DATA_MEM:  [757, 353]
---------------------------------------
DEBUG    root:machine.py:309 JE 14
TICK: 36671 PC:   8 ADDR:   0 MEM_OUT: 757 ACC: 1 BUFF: 757 DC: 0 FLAG_ZERO: False FLAG_LT: 0 FLAG_GT: 1
INPUT_PORT:  []
OUT_PORT:  []
DATA_MEM:  [757, 353]
---------------------------------------
DEBUG    root:machine.py:309 LD 0
TICK: 36674 PC:   9 ADDR:   0 MEM_OUT: 757 ACC: 1 BUFF: 757 DC: 0 FLAG_ZERO: False FLAG_LT: 0 FLAG_GT: 1
INPUT_PORT:  []
OUT_PORT:  []
DATA_MEM:  [757, 353]
---------------------------------------
DEBUG    root:machine.py:309 MOD 5
TICK: 36678 PC:  10 ADDR:   0 MEM_OUT: 757 ACC: 757 BUFF: 757 DC: 0 FLAG_ZERO: False FLAG_LT: 0 FLAG_GT: 1
INPUT_PORT:  []
OUT_PORT:  []
DATA_MEM:  [757, 353]
---------------------------------------
DEBUG    root:machine.py:309 CMP 0
TICK: 36682 PC:  11 ADDR:   0 MEM_OUT: 757 ACC: 2 BUFF: 757 DC: 0 FLAG_ZERO: False FLAG_LT: 0 FLAG_GT: 1
INPUT_PORT:  []
OUT_PORT:  []
DATA_MEM:  [757, 353]
---------------------------------------
DEBUG    root:machine.py:309 JE 18
TICK: 36685 PC:  12 ADDR:   0 MEM_OUT: 757 ACC: 2 BUFF: 757 DC: 0 FLAG_ZERO: False FLAG_LT: 0 FLAG_GT: 1
INPUT_PORT:  []
OUT_PORT:  []
DATA_MEM:  [757, 353]
---------------------------------------
DEBUG    root:machine.py:309 JMP 0
TICK: 36688 PC:  13 ADDR:   0 MEM_OUT: 757 ACC: 2 BUFF: 757 DC: 0 FLAG_ZERO: False FLAG_LT: 0 FLAG_GT: 1
INPUT_PORT:  []
OUT_PORT:  []
DATA_MEM:  [757, 353]
---------------------------------------
DEBUG    root:machine.py:309 LD 0
TICK: 36691 PC:   0 ADDR:   0 MEM_OUT: 757 ACC: 2 BUFF: 757 DC: 0 FLAG_ZERO: False FLAG_LT: 0 FLAG_GT: 1
INPUT_PORT:  []
OUT_PORT:  []
DATA_MEM:  [757, 353]
---------------------------------------
DEBUG    root:machine.py:309 INC 
TICK: 36695 PC:   1 ADDR:   0 MEM_OUT: 757 ACC: 757 BUFF: 757 DC: 0 FLAG_ZERO: False FLAG_LT: 0 FLAG_GT: 1
INPUT_PORT:  []
OUT_PORT:  []
DATA_MEM:  [757, 353]
---------------------------------------
DEBUG    root:machine.py:309 ST 0
TICK: 36698 PC:   2 ADDR:   0 MEM_OUT: 757 ACC: 758 BUFF: 757 DC: 0 FLAG_ZERO: False FLAG_LT: 0 FLAG_GT: 1
INPUT_PORT:  []
OUT_PORT:  []
DATA_MEM:  [757, 353]
---------------------------------------
DEBUG    root:machine.py:309 CMP 1000
TICK: 36702 PC:   3 ADDR:   0 MEM_OUT: 758 ACC: 758 BUFF: 757 DC: 0 FLAG_ZERO: False FLAG_LT: 0 FLAG_GT: 1
INPUT_PORT:  []
OUT_PORT:  []
DATA_MEM:  [758, 353]
---------------------------------------
DEBUG    root:machine.py:309 JGE 22
TICK: 36705 PC:   4 ADDR:   0 MEM_OUT: 758 ACC: 758 BUFF: 757 DC: 0 FLAG_ZERO: False FLAG_LT: 1 FLAG_GT: 0
INPUT_PORT:  []
OUT_PORT:  []
DATA_MEM:  [758, 353]
---------------------------------------
DEBUG    root:machine.py:309 LD 0
TICK: 36708 PC:   5 ADDR:   0 MEM_OUT: 758 ACC: 758 BUFF: 757 DC: 0 FLAG_ZERO: False FLAG_LT: 1 FLAG_GT: 0
INPUT_PORT:  []
OUT_PORT:  []
DATA_MEM:  [758, 353]
---------------------------------------
DEBUG    root:machine.py:309 MOD 3
TICK: 36712 PC:   6 ADDR:   0 MEM_OUT: 758 ACC: 758 BUFF: 757 DC: 0 FLAG_ZERO: False FLAG_LT: 1 FLAG_GT: 0
INPUT_PORT:  []
OUT_PORT:  []
DATA_MEM:  [758, 353]
---------------------------------------
DEBUG    root:machine.py:309 CMP 0
TICK: 36716 PC:   7 ADDR:   0 MEM_OUT: 758 ACC: 2 BUFF: 758 DC: 0 FLAG_ZERO: False FLAG_LT: 1 FLAG_GT: 0
INPUT_PORT:  []
OUT_PORT:  []
DATA_MEM:  [758, 353]
---------------------------------------
DEBUG    root:machine.py:309 JE 14
TICK: 36719 PC:   8 ADDR:   0 MEM_OUT: 758 ACC: 2 BUFF: 758 DC: 0 FLAG_ZERO: False FLAG_LT: 0 FLAG_GT: 1
INPUT_PORT:  []
OUT_PORT:  []
DATA_MEM:  [758, 353]
---------------------------------------
DEBUG    root:machine.py:309 LD 0
TICK: 36722 PC:   9 ADDR:   0 MEM_OUT: 758 ACC: 2 BUFF: 758 DC: 0 FLAG_ZERO: False FLAG_LT: 0 FLAG_GT: 1
INPUT_PORT:  []
OUT_PORT:  []
DATA_MEM:  [758, 353]
---------------------------------------
DEBUG    root:machine.py:309 MOD 5
TICK: 36726 PC:  10 ADDR:   0 MEM_OUT: 758 ACC: 758 BUFF: 758 DC: 0 FLAG_ZERO: False FLAG_LT: 0 FLAG_GT: 1
INPUT_PORT:  []
OUT_PORT:  []
DATA_MEM:  [758, 353]
---------------------------------------
DEBUG    root:machine.py:309 CMP 0
TICK: 36730 PC:  11 ADDR:   0 MEM_OUT: 758 ACC: 3 BUFF: 758 DC: 0 FLAG_ZERO: False FLAG_LT: 0 FLAG_GT: 1
INPUT_PORT:  []
OUT_PORT:  []
DATA_MEM:  [758, 353]
---------------------------------------
DEBUG    root:machine.py:309 JE 18
TICK: 36733 PC:  12 ADDR:   0 MEM_OUT: 758 ACC: 3 BUFF: 758 DC: 0 FLAG_ZERO: False FLAG_LT: 0 FLAG_GT: 1
INPUT_PORT:  []
OUT_PORT:  []
DATA_MEM:  [758, 353]
---------------------------------------
DEBUG    root:machine.py:309 JMP 0
TICK: 36736 PC:  13 ADDR:   0 MEM_OUT: 758 ACC: 3 BUFF: 758 DC: 0 FLAG_ZERO: False FLAG_LT: 0 FLAG_GT: 1
INPUT_PORT:  []
OUT_PORT:  []
DATA_MEM:  [758, 353]
---------------------------------------
DEBUG    root:machine.py:309 LD 0
TICK: 36739 PC:   0 ADDR:   0 MEM_OUT: 758 ACC: 3 BUFF: 758 DC: 0 FLAG_ZERO: False FLAG_LT: 0 FLAG_GT: 1
INPUT_PORT:  []
OUT_PORT:  []
DATA_MEM:  [758, 353]
---------------------------------------
DEBUG    root:machine.py:309 INC 
TICK: 36743 PC:   1 ADDR:   0 MEM_OUT: 758 ACC: 758 BUFF: 758 DC: 0 FLAG_ZERO: False FLAG_LT: 0 FLAG_GT: 1
INPUT_PORT:  []
OUT_PORT:  []
DATA_MEM:  [758, 353]
---------------------------------------
DEBUG    root:machine.py:309 ST 0
TICK: 36746 PC:   2 ADDR:   0 MEM_OUT: 758 ACC: 759 BUFF: 758 DC: 0 FLAG_ZERO: False FLAG_LT: 0 FLAG_GT: 1
INPUT_PORT:  []
OUT_PORT:  []
DATA_MEM:  [758, 353]
---------------------------------------
DEBUG    root:machine.py:309 CMP 1000
TICK: 36750 PC:   3 ADDR:   0 MEM_OUT: 759 ACC: 759 BUFF: 758 DC: 0 FLAG_ZERO: False FLAG_LT: 0 FLAG_GT: 1
INPUT_PORT:  []
OUT_PORT:  []
DATA_MEM:  [759, 353]
---------------------------------------
DEBUG    root:machine.py:309 JGE 22
TICK: 36753 PC:   4 ADDR:   0 MEM_OUT: 759 ACC: 759 BUFF: 758 DC: 0 FLAG_ZERO: False FLAG_LT: 1 FLAG_GT: 0
INPUT_PORT:  []
OUT_PORT:  []
DATA_MEM:  [759, 353]
---------------------------------------
DEBUG    root:machine.py:309 LD 0
TICK: 36756 PC:   5 ADDR:   0 MEM_OUT: 759 ACC: 759 BUFF: 758 DC: 0 FLAG_ZERO: False FLAG_LT: 1 FLAG_GT: 0
INPUT_PORT:  []
OUT_PORT:  []
DATA_MEM:  [759, 353]
---------------------------------------
DEBUG    root:machine.py:309 MOD 3
TICK: 36760 PC:   6 ADDR:   0 MEM_OUT: 759 ACC: 759 BUFF: 758 DC: 0 FLAG_ZERO: False FLAG_LT: 1 FLAG_GT: 0
INPUT_PORT:  []
OUT_PORT:  []
DATA_MEM:  [759, 353]
---------------------------------------
DEBUG    root:machine.py:309 CMP 0
TICK: 36764 PC:   7 ADDR:   0 MEM_OUT: 759 ACC: 0 BUFF: 759 DC: 0 FLAG_ZERO: False FLAG_LT: 1 FLAG_GT: 0
INPUT_PORT:  []
OUT_PORT:  []
DATA_MEM:  [759, 353]
---------------------------------------
DEBUG    root:machine.py:309 JE 14
TICK: 36767 PC:   8 ADDR:   0 MEM_OUT: 759 ACC: 0 BUFF: 759 DC: 0 FLAG_ZERO: True FLAG_LT: 0 FLAG_GT: 0
INPUT_PORT:  []
OUT_PORT:  []
DATA_MEM:  [759, 353]
---------------------------------------
DEBUG    root:machine.py:309 LD 4
TICK: 36770 PC:  14 ADDR:   0 MEM_OUT: 759 ACC: 0 BUFF: 759 DC: 0 FLAG_ZERO: True FLAG_LT: 0 FLAG_GT: 0
INPUT_PORT:  []
OUT_PORT:  []
DATA_MEM:  [759, 353]
---------------------------------------
DEBUG    root:machine.py:309 INC 
TICK: 36774 PC:  15 ADDR:   1 MEM_OUT: 353 ACC: 353 BUFF: 759 DC: 0 FLAG_ZERO: True FLAG_LT: 0 FLAG_GT: 0
INPUT_PORT:  []
OUT_PORT:  []
DATA_MEM:  [759, 353]
---------------------------------------
DEBUG    root:machine.py:309 ST 4
TICK: 36777 PC:  16 ADDR:   1 MEM_OUT: 353 ACC: 354 BUFF: 759 DC: 0 FLAG_ZERO: True FLAG_LT: 0 FLAG_GT: 0
INPUT_PORT:  []
OUT_PORT:  []
DATA_MEM:  [759, 353]
---------------------------------------
DEBUG    root:machine.py:309 JMP 0
TICK: 36781 PC:  17 ADDR:   1 MEM_OUT: 354 ACC: 354 BUFF: 759 DC: 0 FLAG_ZERO: True FLAG_LT: 0 FLAG_GT: 0
INPUT_PORT:  []
OUT_PORT:  []
DATA_MEM:  [759, 354]
---------------------------------------
DEBUG    root:machine.py:309 LD 0
TICK: 36784 PC:   0 ADDR:   1 MEM_OUT: 354 ACC: 354 BUFF: 759 DC: 0 FLAG_ZERO: True FLAG_LT: 0 FLAG_GT: 0
INPUT_PORT:  []
OUT_PORT:  []
DATA_MEM:  [759, 354]
---------------------------------------
DEBUG    root:machine.py:309 INC 
TICK: 36788 PC:   1 ADDR:   0 MEM_OUT: 759 ACC: 759 BUFF: 759 DC: 0 FLAG_ZERO: True FLAG_LT: 0 FLAG_GT: 0
INPUT_PORT:  []
OUT_PORT:  []
DATA_MEM:  [759, 354]
---------------------------------------
DEBUG    root:machine.py:309 ST 0
TICK: 36791 PC:   2 ADDR:   0 MEM_OUT: 759 ACC: 760 BUFF: 759 DC: 0 FLAG_ZERO: True FLAG_LT: 0 FLAG_GT: 0
INPUT_PORT:  []
OUT_PORT:  []
DATA_MEM:  [759, 354]
---------------------------------------
DEBUG    root:machine.py:309 CMP 1000
TICK: 36795 PC:   3 ADDR:   0 MEM_OUT: 760 ACC: 760 BUFF: 759 DC: 0 FLAG_ZERO: True FLAG_LT: 0 FLAG_GT: 0
INPUT_PORT:  []
OUT_PORT:  []
DATA_MEM:  [760, 354]
---------------------------------------
DEBUG    root:machine.py:309 JGE 22
TICK: 36798 PC:   4 ADDR:   0 MEM_OUT: 760 ACC: 760 BUFF: 759 DC: 0 FLAG_ZERO: False FLAG_LT: 1 FLAG_GT: 0
INPUT_PORT:  []
OUT_PORT:  []
DATA_MEM:  [760, 354]
---------------------------------------
DEBUG    root:machine.py:309 LD 0
TICK: 36801 PC:   5 ADDR:   0 MEM_OUT: 760 ACC: 760 BUFF: 759 DC: 0 FLAG_ZERO: False FLAG_LT: 1 FLAG_GT: 0
INPUT_PORT:  []
OUT_PORT:  []
DATA_MEM:  [760, 354]
---------------------------------------
DEBUG    root:machine.py:309 MOD 3
TICK: 36805 PC:   6 ADDR:   0 MEM_OUT: 760 ACC: 760 BUFF: 759 DC: 0 FLAG_ZERO: False FLAG_LT: 1 FLAG_GT: 0
INPUT_PORT:  []
OUT_PORT:  []
DATA_MEM:  [760, 354]
---------------------------------------
DEBUG    root:machine.py:309 CMP 0
TICK: 36809 PC:   7 ADDR:   0 MEM_OUT: 760 ACC: 1 BUFF: 760 DC: 0 FLAG_ZERO: False FLAG_LT: 1 FLAG_GT: 0
INPUT_PORT:  []
OUT_PORT:  []
DATA_MEM:  [760, 354]
---------------------------------------
DEBUG    root:machine.py:309 JE 14
TICK: 36812 PC:   8 ADDR:   0 MEM_OUT: 760 ACC: 1 BUFF: 760 DC: 0 FLAG_ZERO: False FLAG_LT: 0 FLAG_GT: 1
INPUT_PORT:  []
OUT_PORT:  []
DATA_MEM:  [760, 354]
---------------------------------------
DEBUG    root:machine.py:309 LD 0
TICK: 36815 PC:   9 ADDR:   0 MEM_OUT: 760 ACC: 1 BUFF: 760 DC: 0 FLAG_ZERO: False FLAG_LT: 0 FLAG_GT: 1
INPUT_PORT:  []
OUT_PORT:  []
DATA_MEM:  [760, 354]
---------------------------------------
DEBUG    root:machine.py:309 MOD 5
TICK: 36819 PC:  10 ADDR:   0 MEM_OUT: 760 ACC: 760 BUFF: 760 DC: 0 FLAG_ZERO: False FLAG_LT: 0 FLAG_GT: 1
INPUT_PORT:  []
OUT_PORT:  []
DATA_MEM:  [760, 354]
---------------------------------------
DEBUG    root:machine.py:309 CMP 0
TICK: 36823 PC:  11 ADDR:   0 MEM_OUT: 760 ACC: 0 BUFF: 760 DC: 0 FLAG_ZERO: False FLAG_LT: 0 FLAG_GT: 1
INPUT_PORT:  []
OUT_PORT:  []
DATA_MEM:  [760, 354]
---------------------------------------
DEBUG    root:machine.py:309 JE 18
TICK: 36826 PC:  12 ADDR:   0 MEM_OUT: 760 ACC: 0 BUFF: 760 DC: 0 FLAG_ZERO: True FLAG_LT: 0 FLAG_GT: 0
INPUT_PORT:  []
OUT_PORT:  []
DATA_MEM:  [760, 354]
---------------------------------------
DEBUG    root:machine.py:309 LD 4
TICK: 36829 PC:  18 ADDR:   0 MEM_OUT: 760 ACC: 0 BUFF: 760 DC: 0 FLAG_ZERO: True FLAG_LT: 0 FLAG_GT: 0
INPUT_PORT:  []
OUT_PORT:  []
DATA_MEM:  [760, 354]
---------------------------------------
DEBUG    root:machine.py:309 INC 
TICK: 36833 PC:  19 ADDR:   1 MEM_OUT: 354 ACC: 354 BUFF: 760 DC: 0 FLAG_ZERO: True FLAG_LT: 0 FLAG_GT: 0
INPUT_PORT:  []
OUT_PORT:  []
DATA_MEM:  [760, 354]
---------------------------------------
DEBUG    root:machine.py:309 ST 4
TICK: 36836 PC:  20 ADDR:   1 MEM_OUT: 354 ACC: 355 BUFF: 760 DC: 0 FLAG_ZERO: True FLAG_LT: 0 FLAG_GT: 0
INPUT_PORT:  []
OUT_PORT:  []
DATA_MEM:  [760, 354]
---------------------------------------
DEBUG    root:machine.py:309 JMP 0
TICK: 36840 PC:  21 ADDR:   1 MEM_OUT: 355 ACC: 355 BUFF: 760 DC: 0 FLAG_ZERO: True FLAG_LT: 0 FLAG_GT: 0
INPUT_PORT:  []
OUT_PORT:  []
DATA_MEM:  [760, 355]
---------------------------------------
DEBUG    root:machine.py:309 LD 0
TICK: 36843 PC:   0 ADDR:   1 MEM_OUT: 355 ACC: 355 BUFF: 760 DC: 0 FLAG_ZERO: True FLAG_LT: 0 FLAG_GT: 0
INPUT_PORT:  []
OUT_PORT:  []
DATA_MEM:  [760, 355]
---------------------------------------
DEBUG    root:machine.py:309 INC 
TICK: 36847 PC:   1 ADDR:   0 MEM_OUT: 760 ACC: 760 BUFF: 760 DC: 0 FLAG_ZERO: True FLAG_LT: 0 FLAG_GT: 0
INPUT_PORT:  []
OUT_PORT:  []
DATA_MEM:  [760, 355]
---------------------------------------
DEBUG    root:machine.py:309 ST 0
TICK: 36850 PC:   2 ADDR:   0 MEM_OUT: 760 ACC: 761 BUFF: 760 DC: 0 FLAG_ZERO: True FLAG_LT: 0 FLAG_GT: 0
INPUT_PORT:  []
OUT_PORT:  []
DATA_MEM:  [760, 355]
---------------------------------------
DEBUG    root:machine.py:309 CMP 1000
TICK: 36854 PC:   3 ADDR:   0 MEM_OUT: 761 ACC: 761 BUFF: 760 DC: 0 FLAG_ZERO: True FLAG_LT: 0 FLAG_GT: 0
INPUT_PORT:  []
OUT_PORT:  []
DATA_MEM:  [761, 355]
---------------------------------------
DEBUG    root:machine.py:309 JGE 22
TICK: 36857 PC:   4 ADDR:   0 MEM_OUT: 761 ACC: 761 BUFF: 760 DC: 0 FLAG_ZERO: False FLAG_LT: 1 FLAG_GT: 0
INPUT_PORT:  []
OUT_PORT:  []
DATA_MEM:  [761, 355]
---------------------------------------
DEBUG    root:machine.py:309 LD 0
TICK: 36860 PC:   5 ADDR:   0 MEM_OUT: 761 ACC: 761 BUFF: 760 DC: 0 FLAG_ZERO: False FLAG_LT: 1 FLAG_GT: 0
INPUT_PORT:  []
OUT_PORT:  []
DATA_MEM:  [761, 355]
---------------------------------------
DEBUG    root:machine.py:309 MOD 3
TICK: 36864 PC:   6 ADDR:   0 MEM_OUT: 761 ACC: 761 BUFF: 760 DC: 0 FLAG_ZERO: False FLAG_LT: 1 FLAG_GT: 0
INPUT_PORT:  []
OUT_PORT:  []
DATA_MEM:  [761, 355]
---------------------------------------
DEBUG    root:machine.py:309 CMP 0
TICK: 36868 PC:   7 ADDR:   0 MEM_OUT: 761 ACC: 2 BUFF: 761 DC: 0 FLAG_ZERO: False FLAG_LT: 1 FLAG_GT: 0
INPUT_PORT:  []
OUT_PORT:  []
DATA_MEM:  [761, 355]
---------------------------------------
DEBUG    root:machine.py:309 JE 14
TICK: 36871 PC:   8 ADDR:   0 MEM_OUT: 761 ACC: 2 BUFF: 761 DC: 0 FLAG_ZERO: False FLAG_LT: 0 FLAG_GT: 1
INPUT_PORT:  []
OUT_PORT:  []
DATA_MEM:  [761, 355]
---------------------------------------
DEBUG    root:machine.py:309 LD 0
TICK: 36874 PC:   9 ADDR:   0 MEM_OUT: 761 ACC: 2 BUFF: 761 DC: 0 FLAG_ZERO: False FLAG_LT: 0 FLAG_GT: 1
INPUT_PORT:  []
OUT_PORT:  []
DATA_MEM:  [761, 355]
---------------------------------------
DEBUG    root:machine.py:309 MOD 5
TICK: 36878 PC:  10 ADDR:   0 MEM_OUT: 761 ACC: 761 BUFF: 761 DC: 0 FLAG_ZERO: False FLAG_LT: 0 FLAG_GT: 1
INPUT_PORT:  []
OUT_PORT:  []
DATA_MEM:  [761, 355]
---------------------------------------
DEBUG    root:machine.py:309 CMP 0
TICK: 36882 PC:  11 ADDR:   0 MEM_OUT: 761 ACC: 1 BUFF: 761 DC: 0 FLAG_ZERO: False FLAG_LT: 0 FLAG_GT: 1
INPUT_PORT:  []
OUT_PORT:  []
DATA_MEM:  [761, 355]
---------------------------------------
DEBUG    root:machine.py:309 JE 18
TICK: 36885 PC:  12 ADDR:   0 MEM_OUT: 761 ACC: 1 BUFF: 761 DC: 0 FLAG_ZERO: False FLAG_LT: 0 FLAG_GT: 1
INPUT_PORT:  []
OUT_PORT:  []
DATA_MEM:  [761, 355]
---------------------------------------
DEBUG    root:machine.py:309 JMP 0
TICK: 36888 PC:  13 ADDR:   0 MEM_OUT: 761 ACC: 1 BUFF: 761 DC: 0 FLAG_ZERO: False FLAG_LT: 0 FLAG_GT: 1
INPUT_PORT:  []
OUT_PORT:  []
DATA_MEM:  [761, 355]
---------------------------------------
DEBUG    root:machine.py:309 LD 0
TICK: 36891 PC:   0 ADDR:   0 MEM_OUT: 761 ACC: 1 BUFF: 761 DC: 0 FLAG_ZERO: False FLAG_LT: 0 FLAG_GT: 1
INPUT_PORT:  []
OUT_PORT:  []
DATA_MEM:  [761, 355]
---------------------------------------
DEBUG    root:machine.py:309 INC 
TICK: 36895 PC:   1 ADDR:   0 MEM_OUT: 761 ACC: 761 BUFF: 761 DC: 0 FLAG_ZERO: False FLAG_LT: 0 FLAG_GT: 1
INPUT_PORT:  []
OUT_PORT:  []
DATA_MEM:  [761, 355]
---------------------------------------
DEBUG    root:machine.py:309 ST 0
TICK: 36898 PC:   2 ADDR:   0 MEM_OUT: 761 ACC: 762 BUFF: 761 DC: 0 FLAG_ZERO: False FLAG_LT: 0 FLAG_GT: 1
INPUT_PORT:  []
OUT_PORT:  []
DATA_MEM:  [761, 355]
---------------------------------------
DEBUG    root:machine.py:309 CMP 1000
TICK: 36902 PC:   3 ADDR:   0 MEM_OUT: 762 ACC: 762 BUFF: 761 DC: 0 FLAG_ZERO: False FLAG_LT: 0 FLAG_GT: 1
INPUT_PORT:  []
OUT_PORT:  []
DATA_MEM:  [762, 355]
---------------------------------------
DEBUG    root:machine.py:309 JGE 22
TICK: 36905 PC:   4 ADDR:   0 MEM_OUT: 762 ACC: 762 BUFF: 761 DC: 0 FLAG_ZERO: False FLAG_LT: 1 FLAG_GT: 0
INPUT_PORT:  []
OUT_PORT:  []
DATA_MEM:  [762, 355]
---------------------------------------
DEBUG    root:machine.py:309 LD 0
TICK: 36908 PC:   5 ADDR:   0 MEM_OUT: 762 ACC: 762 BUFF: 761 DC: 0 FLAG_ZERO: False FLAG_LT: 1 FLAG_GT: 0
INPUT_PORT:  []
OUT_PORT:  []
DATA_MEM:  [762, 355]
---------------------------------------
DEBUG    root:machine.py:309 MOD 3
TICK: 36912 PC:   6 ADDR:   0 MEM_OUT: 762 ACC: 762 BUFF: 761 DC: 0 FLAG_ZERO: False FLAG_LT: 1 FLAG_GT: 0
INPUT_PORT:  []
OUT_PORT:  []
DATA_MEM:  [762, 355]
---------------------------------------
DEBUG    root:machine.py:309 CMP 0
TICK: 36916 PC:   7 ADDR:   0 MEM_OUT: 762 ACC: 0 BUFF: 762 DC: 0 FLAG_ZERO: False FLAG_LT: 1 FLAG_GT: 0
INPUT_PORT:  []
OUT_PORT:  []
DATA_MEM:  [762, 355]
---------------------------------------
DEBUG    root:machine.py:309 JE 14
TICK: 36919 PC:   8 ADDR:   0 MEM_OUT: 762 ACC: 0 BUFF: 762 DC: 0 FLAG_ZERO: True FLAG_LT: 0 FLAG_GT: 0
INPUT_PORT:  []
OUT_PORT:  []
DATA_MEM:  [762, 355]
---------------------------------------
DEBUG    root:machine.py:309 LD 4
TICK: 36922 PC:  14 ADDR:   0 MEM_OUT: 762 ACC: 0 BUFF: 762 DC: 0 FLAG_ZERO: True FLAG_LT: 0 FLAG_GT: 0
INPUT_PORT:  []
OUT_PORT:  []
DATA_MEM:  [762, 355]
---------------------------------------
DEBUG    root:machine.py:309 INC 
TICK: 36926 PC:  15 ADDR:   1 MEM_OUT: 355 ACC: 355 BUFF: 762 DC: 0 FLAG_ZERO: True FLAG_LT: 0 FLAG_GT: 0
INPUT_PORT:  []
OUT_PORT:  []
DATA_MEM:  [762, 355]
---------------------------------------
DEBUG    root:machine.py:309 ST 4
TICK: 36929 PC:  16 ADDR:   1 MEM_OUT: 355 ACC: 356 BUFF: 762 DC: 0 FLAG_ZERO: True FLAG_LT: 0 FLAG_GT: 0
INPUT_PORT:  []
OUT_PORT:  []
DATA_MEM:  [762, 355]
---------------------------------------
DEBUG    root:machine.py:309 JMP 0
TICK: 36933 PC:  17 ADDR:   1 MEM_OUT: 356 ACC: 356 BUFF: 762 DC: 0 FLAG_ZERO: True FLAG_LT: 0 FLAG_GT: 0
INPUT_PORT:  []
OUT_PORT:  []
DATA_MEM:  [762, 356]
---------------------------------------
DEBUG    root:machine.py:309 LD 0
TICK: 36936 PC:   0 ADDR:   1 MEM_OUT: 356 ACC: 356 BUFF: 762 DC: 0 FLAG_ZERO: True FLAG_LT: 0 FLAG_GT: 0
INPUT_PORT:  []
OUT_PORT:  []
DATA_MEM:  [762, 356]
---------------------------------------
DEBUG    root:machine.py:309 INC 
TICK: 36940 PC:   1 ADDR:   0 MEM_OUT: 762 ACC: 762 BUFF: 762 DC: 0 FLAG_ZERO: True FLAG_LT: 0 FLAG_GT: 0
INPUT_PORT:  []
OUT_PORT:  []
DATA_MEM:  [762, 356]
---------------------------------------
DEBUG    root:machine.py:309 ST 0
TICK: 36943 PC:   2 ADDR:   0 MEM_OUT: 762 ACC: 763 BUFF: 762 DC: 0 FLAG_ZERO: True FLAG_LT: 0 FLAG_GT: 0
INPUT_PORT:  []
OUT_PORT:  []
DATA_MEM:  [762, 356]
---------------------------------------
DEBUG    root:machine.py:309 CMP 1000
TICK: 36947 PC:   3 ADDR:   0 MEM_OUT: 763 ACC: 763 BUFF: 762 DC: 0 FLAG_ZERO: True FLAG_LT: 0 FLAG_GT: 0
INPUT_PORT:  []
OUT_PORT:  []
DATA_MEM:  [763, 356]
---------------------------------------
DEBUG    root:machine.py:309 JGE 22
TICK: 36950 PC:   4 ADDR:   0 MEM_OUT: 763 ACC: 763 BUFF: 762 DC: 0 FLAG_ZERO: False FLAG_LT: 1 FLAG_GT: 0
INPUT_PORT:  []
OUT_PORT:  []
DATA_MEM:  [763, 356]
---------------------------------------
DEBUG    root:machine.py:309 LD 0
TICK: 36953 PC:   5 ADDR:   0 MEM_OUT: 763 ACC: 763 BUFF: 762 DC: 0 FLAG_ZERO: False FLAG_LT: 1 FLAG_GT: 0
INPUT_PORT:  []
OUT_PORT:  []
DATA_MEM:  [763, 356]
---------------------------------------
DEBUG    root:machine.py:309 MOD 3
TICK: 36957 PC:   6 ADDR:   0 MEM_OUT: 763 ACC: 763 BUFF: 762 DC: 0 FLAG_ZERO: False FLAG_LT: 1 FLAG_GT: 0
INPUT_PORT:  []
OUT_PORT:  []
DATA_MEM:  [763, 356]
---------------------------------------
DEBUG    root:machine.py:309 CMP 0
TICK: 36961 PC:   7 ADDR:   0 MEM_OUT: 763 ACC: 1 BUFF: 763 DC: 0 FLAG_ZERO: False FLAG_LT: 1 FLAG_GT: 0
INPUT_PORT:  []
OUT_PORT:  []
DATA_MEM:  [763, 356]
---------------------------------------
DEBUG    root:machine.py:309 JE 14
TICK: 36964 PC:   8 ADDR:   0 MEM_OUT: 763 ACC: 1 BUFF: 763 DC: 0 FLAG_ZERO: False FLAG_LT: 0 FLAG_GT: 1
INPUT_PORT:  []
OUT_PORT:  []
DATA_MEM:  [763, 356]
---------------------------------------
DEBUG    root:machine.py:309 LD 0
TICK: 36967 PC:   9 ADDR:   0 MEM_OUT: 763 ACC: 1 BUFF: 763 DC: 0 FLAG_ZERO: False FLAG_LT: 0 FLAG_GT: 1
INPUT_PORT:  []
OUT_PORT:  []
DATA_MEM:  [763, 356]
---------------------------------------
DEBUG    root:machine.py:309 MOD 5
TICK: 36971 PC:  10 ADDR:   0 MEM_OUT: 763 ACC: 763 BUFF: 763 DC: 0 FLAG_ZERO: False FLAG_LT: 0 FLAG_GT: 1
INPUT_PORT:  []
OUT_PORT:  []
DATA_MEM:  [763, 356]
---------------------------------------
DEBUG    root:machine.py:309 CMP 0
TICK: 36975 PC:  11 ADDR:   0 MEM_OUT: 763 ACC: 3 BUFF: 763 DC: 0 FLAG_ZERO: False FLAG_LT: 0 FLAG_GT: 1
INPUT_PORT:  []
OUT_PORT:  []
DATA_MEM:  [763, 356]
---------------------------------------
DEBUG    root:machine.py:309 JE 18
TICK: 36978 PC:  12 ADDR:   0 MEM_OUT: 763 ACC: 3 BUFF: 763 DC: 0 FLAG_ZERO: False FLAG_LT: 0 FLAG_GT: 1
INPUT_PORT:  []
OUT_PORT:  []
DATA_MEM:  [763, 356]
---------------------------------------
DEBUG    root:machine.py:309 JMP 0
TICK: 36981 PC:  13 ADDR:   0 MEM_OUT: 763 ACC: 3 BUFF: 763 DC: 0 FLAG_ZERO: False FLAG_LT: 0 FLAG_GT: 1
INPUT_PORT:  []
OUT_PORT:  []
DATA_MEM:  [763, 356]
---------------------------------------
DEBUG    root:machine.py:309 LD 0
TICK: 36984 PC:   0 ADDR:   0 MEM_OUT: 763 ACC: 3 BUFF: 763 DC: 0 FLAG_ZERO: False FLAG_LT: 0 FLAG_GT: 1
INPUT_PORT:  []
OUT_PORT:  []
DATA_MEM:  [763, 356]
---------------------------------------
DEBUG    root:machine.py:309 INC 
TICK: 36988 PC:   1 ADDR:   0 MEM_OUT: 763 ACC: 763 BUFF: 763 DC: 0 FLAG_ZERO: False FLAG_LT: 0 FLAG_GT: 1
INPUT_PORT:  []
OUT_PORT:  []
DATA_MEM:  [763, 356]
---------------------------------------
DEBUG    root:machine.py:309 ST 0
TICK: 36991 PC:   2 ADDR:   0 MEM_OUT: 763 ACC: 764 BUFF: 763 DC: 0 FLAG_ZERO: False FLAG_LT: 0 FLAG_GT: 1
INPUT_PORT:  []
OUT_PORT:  []
DATA_MEM:  [763, 356]
---------------------------------------
DEBUG    root:machine.py:309 CMP 1000
TICK: 36995 PC:   3 ADDR:   0 MEM_OUT: 764 ACC: 764 BUFF: 763 DC: 0 FLAG_ZERO: False FLAG_LT: 0 FLAG_GT: 1
INPUT_PORT:  []
OUT_PORT:  []
DATA_MEM:  [764, 356]
---------------------------------------
DEBUG    root:machine.py:309 JGE 22
TICK: 36998 PC:   4 ADDR:   0 MEM_OUT: 764 ACC: 764 BUFF: 763 DC: 0 FLAG_ZERO: False FLAG_LT: 1 FLAG_GT: 0
INPUT_PORT:  []
OUT_PORT:  []
DATA_MEM:  [764, 356]
---------------------------------------
DEBUG    root:machine.py:309 LD 0
TICK: 37001 PC:   5 ADDR:   0 MEM_OUT: 764 ACC: 764 BUFF: 763 DC: 0 FLAG_ZERO: False FLAG_LT: 1 FLAG_GT: 0
INPUT_PORT:  []
OUT_PORT:  []
DATA_MEM:  [764, 356]
---------------------------------------
DEBUG    root:machine.py:309 MOD 3
TICK: 37005 PC:   6 ADDR:   0 MEM_OUT: 764 ACC: 764 BUFF: 763 DC: 0 FLAG_ZERO: False FLAG_LT: 1 FLAG_GT: 0
INPUT_PORT:  []
OUT_PORT:  []
DATA_MEM:  [764, 356]
---------------------------------------
DEBUG    root:machine.py:309 CMP 0
TICK: 37009 PC:   7 ADDR:   0 MEM_OUT: 764 ACC: 2 BUFF: 764 DC: 0 FLAG_ZERO: False FLAG_LT: 1 FLAG_GT: 0
INPUT_PORT:  []
OUT_PORT:  []
DATA_MEM:  [764, 356]
---------------------------------------
DEBUG    root:machine.py:309 JE 14
TICK: 37012 PC:   8 ADDR:   0 MEM_OUT: 764 ACC: 2 BUFF: 764 DC: 0 FLAG_ZERO: False FLAG_LT: 0 FLAG_GT: 1
INPUT_PORT:  []
OUT_PORT:  []
DATA_MEM:  [764, 356]
---------------------------------------
DEBUG    root:machine.py:309 LD 0
TICK: 37015 PC:   9 ADDR:   0 MEM_OUT: 764 ACC: 2 BUFF: 764 DC: 0 FLAG_ZERO: False FLAG_LT: 0 FLAG_GT: 1
INPUT_PORT:  []
OUT_PORT:  []
DATA_MEM:  [764, 356]
---------------------------------------
DEBUG    root:machine.py:309 MOD 5
TICK: 37019 PC:  10 ADDR:   0 MEM_OUT: 764 ACC: 764 BUFF: 764 DC: 0 FLAG_ZERO: False FLAG_LT: 0 FLAG_GT: 1
INPUT_PORT:  []
OUT_PORT:  []
DATA_MEM:  [764, 356]
---------------------------------------
DEBUG    root:machine.py:309 CMP 0
TICK: 37023 PC:  11 ADDR:   0 MEM_OUT: 764 ACC: 4 BUFF: 764 DC: 0 FLAG_ZERO: False FLAG_LT: 0 FLAG_GT: 1
INPUT_PORT:  []
OUT_PORT:  []
DATA_MEM:  [764, 356]
---------------------------------------
DEBUG    root:machine.py:309 JE 18
TICK: 37026 PC:  12 ADDR:   0 MEM_OUT: 764 ACC: 4 BUFF: 764 DC: 0 FLAG_ZERO: False FLAG_LT: 0 FLAG_GT: 1
INPUT_PORT:  []
OUT_PORT:  []
DATA_MEM:  [764, 356]
---------------------------------------
DEBUG    root:machine.py:309 JMP 0
TICK: 37029 PC:  13 ADDR:   0 MEM_OUT: 764 ACC: 4 BUFF: 764 DC: 0 FLAG_ZERO: False FLAG_LT: 0 FLAG_GT: 1
INPUT_PORT:  []
OUT_PORT:  []
DATA_MEM:  [764, 356]
---------------------------------------
DEBUG    root:machine.py:309 LD 0
TICK: 37032 PC:   0 ADDR:   0 MEM_OUT: 764 ACC: 4 BUFF: 764 DC: 0 FLAG_ZERO: False FLAG_LT: 0 FLAG_GT: 1
INPUT_PORT:  []
OUT_PORT:  []
DATA_MEM:  [764, 356]
---------------------------------------
DEBUG    root:machine.py:309 INC 
TICK: 37036 PC:   1 ADDR:   0 MEM_OUT: 764 ACC: 764 BUFF: 764 DC: 0 FLAG_ZERO: False FLAG_LT: 0 FLAG_GT: 1
INPUT_PORT:  []
OUT_PORT:  []
DATA_MEM:  [764, 356]
---------------------------------------
DEBUG    root:machine.py:309 ST 0
TICK: 37039 PC:   2 ADDR:   0 MEM_OUT: 764 ACC: 765 BUFF: 764 DC: 0 FLAG_ZERO: False FLAG_LT: 0 FLAG_GT: 1
INPUT_PORT:  []
OUT_PORT:  []
DATA_MEM:  [764, 356]
---------------------------------------
DEBUG    root:machine.py:309 CMP 1000
TICK: 37043 PC:   3 ADDR:   0 MEM_OUT: 765 ACC: 765 BUFF: 764 DC: 0 FLAG_ZERO: False FLAG_LT: 0 FLAG_GT: 1
INPUT_PORT:  []
OUT_PORT:  []
DATA_MEM:  [765, 356]
---------------------------------------
DEBUG    root:machine.py:309 JGE 22
TICK: 37046 PC:   4 ADDR:   0 MEM_OUT: 765 ACC: 765 BUFF: 764 DC: 0 FLAG_ZERO: False FLAG_LT: 1 FLAG_GT: 0
INPUT_PORT:  []
OUT_PORT:  []
DATA_MEM:  [765, 356]
---------------------------------------
DEBUG    root:machine.py:309 LD 0
TICK: 37049 PC:   5 ADDR:   0 MEM_OUT: 765 ACC: 765 BUFF: 764 DC: 0 FLAG_ZERO: False FLAG_LT: 1 FLAG_GT: 0
INPUT_PORT:  []
OUT_PORT:  []
DATA_MEM:  [765, 356]
---------------------------------------
DEBUG    root:machine.py:309 MOD 3
TICK: 37053 PC:   6 ADDR:   0 MEM_OUT: 765 ACC: 765 BUFF: 764 DC: 0 FLAG_ZERO: False FLAG_LT: 1 FLAG_GT: 0
INPUT_PORT:  []
OUT_PORT:  []
DATA_MEM:  [765, 356]
---------------------------------------
DEBUG    root:machine.py:309 CMP 0
TICK: 37057 PC:   7 ADDR:   0 MEM_OUT: 765 ACC: 0 BUFF: 765 DC: 0 FLAG_ZERO: False FLAG_LT: 1 FLAG_GT: 0
INPUT_PORT:  []
OUT_PORT:  []
DATA_MEM:  [765, 356]
---------------------------------------
DEBUG    root:machine.py:309 JE 14
TICK: 37060 PC:   8 ADDR:   0 MEM_OUT: 765 ACC: 0 BUFF: 765 DC: 0 FLAG_ZERO: True FLAG_LT: 0 FLAG_GT: 0
INPUT_PORT:  []
OUT_PORT:  []
DATA_MEM:  [765, 356]
---------------------------------------
DEBUG    root:machine.py:309 LD 4
TICK: 37063 PC:  14 ADDR:   0 MEM_OUT: 765 ACC: 0 BUFF: 765 DC: 0 FLAG_ZERO: True FLAG_LT: 0 FLAG_GT: 0
INPUT_PORT:  []
OUT_PORT:  []
DATA_MEM:  [765, 356]
---------------------------------------
DEBUG    root:machine.py:309 INC 
TICK: 37067 PC:  15 ADDR:   1 MEM_OUT: 356 ACC: 356 BUFF: 765 DC: 0 FLAG_ZERO: True FLAG_LT: 0 FLAG_GT: 0
INPUT_PORT:  []
OUT_PORT:  []
DATA_MEM:  [765, 356]
---------------------------------------
DEBUG    root:machine.py:309 ST 4
TICK: 37070 PC:  16 ADDR:   1 MEM_OUT: 356 ACC: 357 BUFF: 765 DC: 0 FLAG_ZERO: True FLAG_LT: 0 FLAG_GT: 0
INPUT_PORT:  []
OUT_PORT:  []
DATA_MEM:  [765, 356]
---------------------------------------
DEBUG    root:machine.py:309 JMP 0
TICK: 37074 PC:  17 ADDR:   1 MEM_OUT: 357 ACC: 357 BUFF: 765 DC: 0 FLAG_ZERO: True FLAG_LT: 0 FLAG_GT: 0
INPUT_PORT:  []
OUT_PORT:  []
DATA_MEM:  [765, 357]
---------------------------------------
DEBUG    root:machine.py:309 LD 0
TICK: 37077 PC:   0 ADDR:   1 MEM_OUT: 357 ACC: 357 BUFF: 765 DC: 0 FLAG_ZERO: True FLAG_LT: 0 FLAG_GT: 0
INPUT_PORT:  []
OUT_PORT:  []
DATA_MEM:  [765, 357]
---------------------------------------
DEBUG    root:machine.py:309 INC 
TICK: 37081 PC:   1 ADDR:   0 MEM_OUT: 765 ACC: 765 BUFF: 765 DC: 0 FLAG_ZERO: True FLAG_LT: 0 FLAG_GT: 0
INPUT_PORT:  []
OUT_PORT:  []
DATA_MEM:  [765, 357]
---------------------------------------
DEBUG    root:machine.py:309 ST 0
TICK: 37084 PC:   2 ADDR:   0 MEM_OUT: 765 ACC: 766 BUFF: 765 DC: 0 FLAG_ZERO: True FLAG_LT: 0 FLAG_GT: 0
INPUT_PORT:  []
OUT_PORT:  []
DATA_MEM:  [765, 357]
---------------------------------------
DEBUG    root:machine.py:309 CMP 1000
TICK: 37088 PC:   3 ADDR:   0 MEM_OUT: 766 ACC: 766 BUFF: 765 DC: 0 FLAG_ZERO: True FLAG_LT: 0 FLAG_GT: 0
INPUT_PORT:  []
OUT_PORT:  []
DATA_MEM:  [766, 357]
---------------------------------------
DEBUG    root:machine.py:309 JGE 22
TICK: 37091 PC:   4 ADDR:   0 MEM_OUT: 766 ACC: 766 BUFF: 765 DC: 0 FLAG_ZERO: False FLAG_LT: 1 FLAG_GT: 0
INPUT_PORT:  []
OUT_PORT:  []
DATA_MEM:  [766, 357]
---------------------------------------
DEBUG    root:machine.py:309 LD 0
TICK: 37094 PC:   5 ADDR:   0 MEM_OUT: 766 ACC: 766 BUFF: 765 DC: 0 FLAG_ZERO: False FLAG_LT: 1 FLAG_GT: 0
INPUT_PORT:  []
OUT_PORT:  []
DATA_MEM:  [766, 357]
---------------------------------------
DEBUG    root:machine.py:309 MOD 3
TICK: 37098 PC:   6 ADDR:   0 MEM_OUT: 766 ACC: 766 BUFF: 765 DC: 0 FLAG_ZERO: False FLAG_LT: 1 FLAG_GT: 0
INPUT_PORT:  []
OUT_PORT:  []
DATA_MEM:  [766, 357]
---------------------------------------
DEBUG    root:machine.py:309 CMP 0
TICK: 37102 PC:   7 ADDR:   0 MEM_OUT: 766 ACC: 1 BUFF: 766 DC: 0 FLAG_ZERO: False FLAG_LT: 1 FLAG_GT: 0
INPUT_PORT:  []
OUT_PORT:  []
DATA_MEM:  [766, 357]
---------------------------------------
DEBUG    root:machine.py:309 JE 14
TICK: 37105 PC:   8 ADDR:   0 MEM_OUT: 766 ACC: 1 BUFF: 766 DC: 0 FLAG_ZERO: False FLAG_LT: 0 FLAG_GT: 1
INPUT_PORT:  []
OUT_PORT:  []
DATA_MEM:  [766, 357]
---------------------------------------
DEBUG    root:machine.py:309 LD 0
TICK: 37108 PC:   9 ADDR:   0 MEM_OUT: 766 ACC: 1 BUFF: 766 DC: 0 FLAG_ZERO: False FLAG_LT: 0 FLAG_GT: 1
INPUT_PORT:  []
OUT_PORT:  []
DATA_MEM:  [766, 357]
---------------------------------------
DEBUG    root:machine.py:309 MOD 5
TICK: 37112 PC:  10 ADDR:   0 MEM_OUT: 766 ACC: 766 BUFF: 766 DC: 0 FLAG_ZERO: False FLAG_LT: 0 FLAG_GT: 1
INPUT_PORT:  []
OUT_PORT:  []
DATA_MEM:  [766, 357]
---------------------------------------
DEBUG    root:machine.py:309 CMP 0
TICK: 37116 PC:  11 ADDR:   0 MEM_OUT: 766 ACC: 1 BUFF: 766 DC: 0 FLAG_ZERO: False FLAG_LT: 0 FLAG_GT: 1
INPUT_PORT:  []
OUT_PORT:  []
DATA_MEM:  [766, 357]
---------------------------------------
DEBUG    root:machine.py:309 JE 18
TICK: 37119 PC:  12 ADDR:   0 MEM_OUT: 766 ACC: 1 BUFF: 766 DC: 0 FLAG_ZERO: False FLAG_LT: 0 FLAG_GT: 1
INPUT_PORT:  []
OUT_PORT:  []
DATA_MEM:  [766, 357]
---------------------------------------
DEBUG    root:machine.py:309 JMP 0
TICK: 37122 PC:  13 ADDR:   0 MEM_OUT: 766 ACC: 1 BUFF: 766 DC: 0 FLAG_ZERO: False FLAG_LT: 0 FLAG_GT: 1
INPUT_PORT:  []
OUT_PORT:  []
DATA_MEM:  [766, 357]
---------------------------------------
DEBUG    root:machine.py:309 LD 0
TICK: 37125 PC:   0 ADDR:   0 MEM_OUT: 766 ACC: 1 BUFF: 766 DC: 0 FLAG_ZERO: False FLAG_LT: 0 FLAG_GT: 1
INPUT_PORT:  []
OUT_PORT:  []
DATA_MEM:  [766, 357]
---------------------------------------
DEBUG    root:machine.py:309 INC 
TICK: 37129 PC:   1 ADDR:   0 MEM_OUT: 766 ACC: 766 BUFF: 766 DC: 0 FLAG_ZERO: False FLAG_LT: 0 FLAG_GT: 1
INPUT_PORT:  []
OUT_PORT:  []
DATA_MEM:  [766, 357]
---------------------------------------
DEBUG    root:machine.py:309 ST 0
TICK: 37132 PC:   2 ADDR:   0 MEM_OUT: 766 ACC: 767 BUFF: 766 DC: 0 FLAG_ZERO: False FLAG_LT: 0 FLAG_GT: 1
INPUT_PORT:  []
OUT_PORT:  []
DATA_MEM:  [766, 357]
---------------------------------------
DEBUG    root:machine.py:309 CMP 1000
TICK: 37136 PC:   3 ADDR:   0 MEM_OUT: 767 ACC: 767 BUFF: 766 DC: 0 FLAG_ZERO: False FLAG_LT: 0 FLAG_GT: 1
INPUT_PORT:  []
OUT_PORT:  []
DATA_MEM:  [767, 357]
---------------------------------------
DEBUG    root:machine.py:309 JGE 22
TICK: 37139 PC:   4 ADDR:   0 MEM_OUT: 767 ACC: 767 BUFF: 766 DC: 0 FLAG_ZERO: False FLAG_LT: 1 FLAG_GT: 0
INPUT_PORT:  []
OUT_PORT:  []
DATA_MEM:  [767, 357]
---------------------------------------
DEBUG    root:machine.py:309 LD 0
TICK: 37142 PC:   5 ADDR:   0 MEM_OUT: 767 ACC: 767 BUFF: 766 DC: 0 FLAG_ZERO: False FLAG_LT: 1 FLAG_GT: 0
INPUT_PORT:  []
OUT_PORT:  []
DATA_MEM:  [767, 357]
---------------------------------------
DEBUG    root:machine.py:309 MOD 3
TICK: 37146 PC:   6 ADDR:   0 MEM_OUT: 767 ACC: 767 BUFF: 766 DC: 0 FLAG_ZERO: False FLAG_LT: 1 FLAG_GT: 0
INPUT_PORT:  []
OUT_PORT:  []
DATA_MEM:  [767, 357]
---------------------------------------
DEBUG    root:machine.py:309 CMP 0
TICK: 37150 PC:   7 ADDR:   0 MEM_OUT: 767 ACC: 2 BUFF: 767 DC: 0 FLAG_ZERO: False FLAG_LT: 1 FLAG_GT: 0
INPUT_PORT:  []
OUT_PORT:  []
DATA_MEM:  [767, 357]
---------------------------------------
DEBUG    root:machine.py:309 JE 14
TICK: 37153 PC:   8 ADDR:   0 MEM_OUT: 767 ACC: 2 BUFF: 767 DC: 0 FLAG_ZERO: False FLAG_LT: 0 FLAG_GT: 1
INPUT_PORT:  []
OUT_PORT:  []
DATA_MEM:  [767, 357]
---------------------------------------
DEBUG    root:machine.py:309 LD 0
TICK: 37156 PC:   9 ADDR:   0 MEM_OUT: 767 ACC: 2 BUFF: 767 DC: 0 FLAG_ZERO: False FLAG_LT: 0 FLAG_GT: 1
INPUT_PORT:  []
OUT_PORT:  []
DATA_MEM:  [767, 357]
---------------------------------------
DEBUG    root:machine.py:309 MOD 5
TICK: 37160 PC:  10 ADDR:   0 MEM_OUT: 767 ACC: 767 BUFF: 767 DC: 0 FLAG_ZERO: False FLAG_LT: 0 FLAG_GT: 1
INPUT_PORT:  []
OUT_PORT:  []
DATA_MEM:  [767, 357]
---------------------------------------
DEBUG    root:machine.py:309 CMP 0
TICK: 37164 PC:  11 ADDR:   0 MEM_OUT: 767 ACC: 2 BUFF: 767 DC: 0 FLAG_ZERO: False FLAG_LT: 0 FLAG_GT: 1
INPUT_PORT:  []
OUT_PORT:  []
DATA_MEM:  [767, 357]
---------------------------------------
DEBUG    root:machine.py:309 JE 18
TICK: 37167 PC:  12 ADDR:   0 MEM_OUT: 767 ACC: 2 BUFF: 767 DC: 0 FLAG_ZERO: False FLAG_LT: 0 FLAG_GT: 1
INPUT_PORT:  []
OUT_PORT:  []
DATA_MEM:  [767, 357]
---------------------------------------
DEBUG    root:machine.py:309 JMP 0
TICK: 37170 PC:  13 ADDR:   0 MEM_OUT: 767 ACC: 2 BUFF: 767 DC: 0 FLAG_ZERO: False FLAG_LT: 0 FLAG_GT: 1
INPUT_PORT:  []
OUT_PORT:  []
DATA_MEM:  [767, 357]
---------------------------------------
DEBUG    root:machine.py:309 LD 0
TICK: 37173 PC:   0 ADDR:   0 MEM_OUT: 767 ACC: 2 BUFF: 767 DC: 0 FLAG_ZERO: False FLAG_LT: 0 FLAG_GT: 1
INPUT_PORT:  []
OUT_PORT:  []
DATA_MEM:  [767, 357]
---------------------------------------
DEBUG    root:machine.py:309 INC 
TICK: 37177 PC:   1 ADDR:   0 MEM_OUT: 767 ACC: 767 BUFF: 767 DC: 0 FLAG_ZERO: False FLAG_LT: 0 FLAG_GT: 1
INPUT_PORT:  []
OUT_PORT:  []
DATA_MEM:  [767, 357]
---------------------------------------
DEBUG    root:machine.py:309 ST 0
TICK: 37180 PC:   2 ADDR:   0 MEM_OUT: 767 ACC: 768 BUFF: 767 DC: 0 FLAG_ZERO: False FLAG_LT: 0 FLAG_GT: 1
INPUT_PORT:  []
OUT_PORT:  []
DATA_MEM:  [767, 357]
---------------------------------------
DEBUG    root:machine.py:309 CMP 1000
TICK: 37184 PC:   3 ADDR:   0 MEM_OUT: 768 ACC: 768 BUFF: 767 DC: 0 FLAG_ZERO: False FLAG_LT: 0 FLAG_GT: 1
INPUT_PORT:  []
OUT_PORT:  []
DATA_MEM:  [768, 357]
---------------------------------------
DEBUG    root:machine.py:309 JGE 22
TICK: 37187 PC:   4 ADDR:   0 MEM_OUT: 768 ACC: 768 BUFF: 767 DC: 0 FLAG_ZERO: False FLAG_LT: 1 FLAG_GT: 0
INPUT_PORT:  []
OUT_PORT:  []
DATA_MEM:  [768, 357]
---------------------------------------
DEBUG    root:machine.py:309 LD 0
TICK: 37190 PC:   5 ADDR:   0 MEM_OUT: 768 ACC: 768 BUFF: 767 DC: 0 FLAG_ZERO: False FLAG_LT: 1 FLAG_GT: 0
INPUT_PORT:  []
OUT_PORT:  []
DATA_MEM:  [768, 357]
---------------------------------------
DEBUG    root:machine.py:309 MOD 3
TICK: 37194 PC:   6 ADDR:   0 MEM_OUT: 768 ACC: 768 BUFF: 767 DC: 0 FLAG_ZERO: False FLAG_LT: 1 FLAG_GT: 0
INPUT_PORT:  []
OUT_PORT:  []
DATA_MEM:  [768, 357]
---------------------------------------
DEBUG    root:machine.py:309 CMP 0
TICK: 37198 PC:   7 ADDR:   0 MEM_OUT: 768 ACC: 0 BUFF: 768 DC: 0 FLAG_ZERO: False FLAG_LT: 1 FLAG_GT: 0
INPUT_PORT:  []
OUT_PORT:  []
DATA_MEM:  [768, 357]
---------------------------------------
DEBUG    root:machine.py:309 JE 14
TICK: 37201 PC:   8 ADDR:   0 MEM_OUT: 768 ACC: 0 BUFF: 768 DC: 0 FLAG_ZERO: True FLAG_LT: 0 FLAG_GT: 0
INPUT_PORT:  []
OUT_PORT:  []
DATA_MEM:  [768, 357]
---------------------------------------
DEBUG    root:machine.py:309 LD 4
TICK: 37204 PC:  14 ADDR:   0 MEM_OUT: 768 ACC: 0 BUFF: 768 DC: 0 FLAG_ZERO: True FLAG_LT: 0 FLAG_GT: 0
INPUT_PORT:  []
OUT_PORT:  []
DATA_MEM:  [768, 357]
---------------------------------------
DEBUG    root:machine.py:309 INC 
TICK: 37208 PC:  15 ADDR:   1 MEM_OUT: 357 ACC: 357 BUFF: 768 DC: 0 FLAG_ZERO: True FLAG_LT: 0 FLAG_GT: 0
INPUT_PORT:  []
OUT_PORT:  []
DATA_MEM:  [768, 357]
---------------------------------------
DEBUG    root:machine.py:309 ST 4
TICK: 37211 PC:  16 ADDR:   1 MEM_OUT: 357 ACC: 358 BUFF: 768 DC: 0 FLAG_ZERO: True FLAG_LT: 0 FLAG_GT: 0
INPUT_PORT:  []
OUT_PORT:  []
DATA_MEM:  [768, 357]
---------------------------------------
DEBUG    root:machine.py:309 JMP 0
TICK: 37215 PC:  17 ADDR:   1 MEM_OUT: 358 ACC: 358 BUFF: 768 DC: 0 FLAG_ZERO: True FLAG_LT: 0 FLAG_GT: 0
INPUT_PORT:  []
OUT_PORT:  []
DATA_MEM:  [768, 358]
---------------------------------------
DEBUG    root:machine.py:309 LD 0
TICK: 37218 PC:   0 ADDR:   1 MEM_OUT: 358 ACC: 358 BUFF: 768 DC: 0 FLAG_ZERO: True FLAG_LT: 0 FLAG_GT: 0
INPUT_PORT:  []
OUT_PORT:  []
DATA_MEM:  [768, 358]
---------------------------------------
DEBUG    root:machine.py:309 INC 
TICK: 37222 PC:   1 ADDR:   0 MEM_OUT: 768 ACC: 768 BUFF: 768 DC: 0 FLAG_ZERO: True FLAG_LT: 0 FLAG_GT: 0
INPUT_PORT:  []
OUT_PORT:  []
DATA_MEM:  [768, 358]
---------------------------------------
DEBUG    root:machine.py:309 ST 0
TICK: 37225 PC:   2 ADDR:   0 MEM_OUT: 768 ACC: 769 BUFF: 768 DC: 0 FLAG_ZERO: True FLAG_LT: 0 FLAG_GT: 0
INPUT_PORT:  []
OUT_PORT:  []
DATA_MEM:  [768, 358]
---------------------------------------
DEBUG    root:machine.py:309 CMP 1000
TICK: 37229 PC:   3 ADDR:   0 MEM_OUT: 769 ACC: 769 BUFF: 768 DC: 0 FLAG_ZERO: True FLAG_LT: 0 FLAG_GT: 0
INPUT_PORT:  []
OUT_PORT:  []
DATA_MEM:  [769, 358]
---------------------------------------
DEBUG    root:machine.py:309 JGE 22
TICK: 37232 PC:   4 ADDR:   0 MEM_OUT: 769 ACC: 769 BUFF: 768 DC: 0 FLAG_ZERO: False FLAG_LT: 1 FLAG_GT: 0
INPUT_PORT:  []
OUT_PORT:  []
DATA_MEM:  [769, 358]
---------------------------------------
DEBUG    root:machine.py:309 LD 0
TICK: 37235 PC:   5 ADDR:   0 MEM_OUT: 769 ACC: 769 BUFF: 768 DC: 0 FLAG_ZERO: False FLAG_LT: 1 FLAG_GT: 0
INPUT_PORT:  []
OUT_PORT:  []
DATA_MEM:  [769, 358]
---------------------------------------
DEBUG    root:machine.py:309 MOD 3
TICK: 37239 PC:   6 ADDR:   0 MEM_OUT: 769 ACC: 769 BUFF: 768 DC: 0 FLAG_ZERO: False FLAG_LT: 1 FLAG_GT: 0
INPUT_PORT:  []
OUT_PORT:  []
DATA_MEM:  [769, 358]
---------------------------------------
DEBUG    root:machine.py:309 CMP 0
TICK: 37243 PC:   7 ADDR:   0 MEM_OUT: 769 ACC: 1 BUFF: 769 DC: 0 FLAG_ZERO: False FLAG_LT: 1 FLAG_GT: 0
INPUT_PORT:  []
OUT_PORT:  []
DATA_MEM:  [769, 358]
---------------------------------------
DEBUG    root:machine.py:309 JE 14
TICK: 37246 PC:   8 ADDR:   0 MEM_OUT: 769 ACC: 1 BUFF: 769 DC: 0 FLAG_ZERO: False FLAG_LT: 0 FLAG_GT: 1
INPUT_PORT:  []
OUT_PORT:  []
DATA_MEM:  [769, 358]
---------------------------------------
DEBUG    root:machine.py:309 LD 0
TICK: 37249 PC:   9 ADDR:   0 MEM_OUT: 769 ACC: 1 BUFF: 769 DC: 0 FLAG_ZERO: False FLAG_LT: 0 FLAG_GT: 1
INPUT_PORT:  []
OUT_PORT:  []
DATA_MEM:  [769, 358]
---------------------------------------
DEBUG    root:machine.py:309 MOD 5
TICK: 37253 PC:  10 ADDR:   0 MEM_OUT: 769 ACC: 769 BUFF: 769 DC: 0 FLAG_ZERO: False FLAG_LT: 0 FLAG_GT: 1
INPUT_PORT:  []
OUT_PORT:  []
DATA_MEM:  [769, 358]
---------------------------------------
DEBUG    root:machine.py:309 CMP 0
TICK: 37257 PC:  11 ADDR:   0 MEM_OUT: 769 ACC: 4 BUFF: 769 DC: 0 FLAG_ZERO: False FLAG_LT: 0 FLAG_GT: 1
INPUT_PORT:  []
OUT_PORT:  []
DATA_MEM:  [769, 358]
---------------------------------------
DEBUG    root:machine.py:309 JE 18
TICK: 37260 PC:  12 ADDR:   0 MEM_OUT: 769 ACC: 4 BUFF: 769 DC: 0 FLAG_ZERO: False FLAG_LT: 0 FLAG_GT: 1
INPUT_PORT:  []
OUT_PORT:  []
DATA_MEM:  [769, 358]
---------------------------------------
DEBUG    root:machine.py:309 JMP 0
TICK: 37263 PC:  13 ADDR:   0 MEM_OUT: 769 ACC: 4 BUFF: 769 DC: 0 FLAG_ZERO: False FLAG_LT: 0 FLAG_GT: 1
INPUT_PORT:  []
OUT_PORT:  []
DATA_MEM:  [769, 358]
---------------------------------------
DEBUG    root:machine.py:309 LD 0
TICK: 37266 PC:   0 ADDR:   0 MEM_OUT: 769 ACC: 4 BUFF: 769 DC: 0 FLAG_ZERO: False FLAG_LT: 0 FLAG_GT: 1
INPUT_PORT:  []
OUT_PORT:  []
DATA_MEM:  [769, 358]
---------------------------------------
DEBUG    root:machine.py:309 INC 
TICK: 37270 PC:   1 ADDR:   0 MEM_OUT: 769 ACC: 769 BUFF: 769 DC: 0 FLAG_ZERO: False FLAG_LT: 0 FLAG_GT: 1
INPUT_PORT:  []
OUT_PORT:  []
DATA_MEM:  [769, 358]
---------------------------------------
DEBUG    root:machine.py:309 ST 0
TICK: 37273 PC:   2 ADDR:   0 MEM_OUT: 769 ACC: 770 BUFF: 769 DC: 0 FLAG_ZERO: False FLAG_LT: 0 FLAG_GT: 1
INPUT_PORT:  []
OUT_PORT:  []
DATA_MEM:  [769, 358]
---------------------------------------
DEBUG    root:machine.py:309 CMP 1000
TICK: 37277 PC:   3 ADDR:   0 MEM_OUT: 770 ACC: 770 BUFF: 769 DC: 0 FLAG_ZERO: False FLAG_LT: 0 FLAG_GT: 1
INPUT_PORT:  []
OUT_PORT:  []
DATA_MEM:  [770, 358]
---------------------------------------
DEBUG    root:machine.py:309 JGE 22
TICK: 37280 PC:   4 ADDR:   0 MEM_OUT: 770 ACC: 770 BUFF: 769 DC: 0 FLAG_ZERO: False FLAG_LT: 1 FLAG_GT: 0
INPUT_PORT:  []
OUT_PORT:  []
DATA_MEM:  [770, 358]
---------------------------------------
DEBUG    root:machine.py:309 LD 0
TICK: 37283 PC:   5 ADDR:   0 MEM_OUT: 770 ACC: 770 BUFF: 769 DC: 0 FLAG_ZERO: False FLAG_LT: 1 FLAG_GT: 0
INPUT_PORT:  []
OUT_PORT:  []
DATA_MEM:  [770, 358]
---------------------------------------
DEBUG    root:machine.py:309 MOD 3
TICK: 37287 PC:   6 ADDR:   0 MEM_OUT: 770 ACC: 770 BUFF: 769 DC: 0 FLAG_ZERO: False FLAG_LT: 1 FLAG_GT: 0
INPUT_PORT:  []
OUT_PORT:  []
DATA_MEM:  [770, 358]
---------------------------------------
DEBUG    root:machine.py:309 CMP 0
TICK: 37291 PC:   7 ADDR:   0 MEM_OUT: 770 ACC: 2 BUFF: 770 DC: 0 FLAG_ZERO: False FLAG_LT: 1 FLAG_GT: 0
INPUT_PORT:  []
OUT_PORT:  []
DATA_MEM:  [770, 358]
---------------------------------------
DEBUG    root:machine.py:309 JE 14
TICK: 37294 PC:   8 ADDR:   0 MEM_OUT: 770 ACC: 2 BUFF: 770 DC: 0 FLAG_ZERO: False FLAG_LT: 0 FLAG_GT: 1
INPUT_PORT:  []
OUT_PORT:  []
DATA_MEM:  [770, 358]
---------------------------------------
DEBUG    root:machine.py:309 LD 0
TICK: 37297 PC:   9 ADDR:   0 MEM_OUT: 770 ACC: 2 BUFF: 770 DC: 0 FLAG_ZERO: False FLAG_LT: 0 FLAG_GT: 1
INPUT_PORT:  []
OUT_PORT:  []
DATA_MEM:  [770, 358]
---------------------------------------
DEBUG    root:machine.py:309 MOD 5
TICK: 37301 PC:  10 ADDR:   0 MEM_OUT: 770 ACC: 770 BUFF: 770 DC: 0 FLAG_ZERO: False FLAG_LT: 0 FLAG_GT: 1
INPUT_PORT:  []
OUT_PORT:  []
DATA_MEM:  [770, 358]
---------------------------------------
DEBUG    root:machine.py:309 CMP 0
TICK: 37305 PC:  11 ADDR:   0 MEM_OUT: 770 ACC: 0 BUFF: 770 DC: 0 FLAG_ZERO: False FLAG_LT: 0 FLAG_GT: 1
INPUT_PORT:  []
OUT_PORT:  []
DATA_MEM:  [770, 358]
---------------------------------------
DEBUG    root:machine.py:309 JE 18
TICK: 37308 PC:  12 ADDR:   0 MEM_OUT: 770 ACC: 0 BUFF: 770 DC: 0 FLAG_ZERO: True FLAG_LT: 0 FLAG_GT: 0
INPUT_PORT:  []
OUT_PORT:  []
DATA_MEM:  [770, 358]
---------------------------------------
DEBUG    root:machine.py:309 LD 4
TICK: 37311 PC:  18 ADDR:   0 MEM_OUT: 770 ACC: 0 BUFF: 770 DC: 0 FLAG_ZERO: True FLAG_LT: 0 FLAG_GT: 0
INPUT_PORT:  []
OUT_PORT:  []
DATA_MEM:  [770, 358]
---------------------------------------
DEBUG    root:machine.py:309 INC 
TICK: 37315 PC:  19 ADDR:   1 MEM_OUT: 358 ACC: 358 BUFF: 770 DC: 0 FLAG_ZERO: True FLAG_LT: 0 FLAG_GT: 0
INPUT_PORT:  []
OUT_PORT:  []
DATA_MEM:  [770, 358]
---------------------------------------
DEBUG    root:machine.py:309 ST 4
TICK: 37318 PC:  20 ADDR:   1 MEM_OUT: 358 ACC: 359 BUFF: 770 DC: 0 FLAG_ZERO: True FLAG_LT: 0 FLAG_GT: 0
INPUT_PORT:  []
OUT_PORT:  []
DATA_MEM:  [770, 358]
---------------------------------------
DEBUG    root:machine.py:309 JMP 0
TICK: 37322 PC:  21 ADDR:   1 MEM_OUT: 359 ACC: 359 BUFF: 770 DC: 0 FLAG_ZERO: True FLAG_LT: 0 FLAG_GT: 0
INPUT_PORT:  []
OUT_PORT:  []
DATA_MEM:  [770, 359]
---------------------------------------
DEBUG    root:machine.py:309 LD 0
TICK: 37325 PC:   0 ADDR:   1 MEM_OUT: 359 ACC: 359 BUFF: 770 DC: 0 FLAG_ZERO: True FLAG_LT: 0 FLAG_GT: 0
INPUT_PORT:  []
OUT_PORT:  []
DATA_MEM:  [770, 359]
---------------------------------------
DEBUG    root:machine.py:309 INC 
TICK: 37329 PC:   1 ADDR:   0 MEM_OUT: 770 ACC: 770 BUFF: 770 DC: 0 FLAG_ZERO: True FLAG_LT: 0 FLAG_GT: 0
INPUT_PORT:  []
OUT_PORT:  []
DATA_MEM:  [770, 359]
---------------------------------------
DEBUG    root:machine.py:309 ST 0
TICK: 37332 PC:   2 ADDR:   0 MEM_OUT: 770 ACC: 771 BUFF: 770 DC: 0 FLAG_ZERO: True FLAG_LT: 0 FLAG_GT: 0
INPUT_PORT:  []
OUT_PORT:  []
DATA_MEM:  [770, 359]
---------------------------------------
DEBUG    root:machine.py:309 CMP 1000
TICK: 37336 PC:   3 ADDR:   0 MEM_OUT: 771 ACC: 771 BUFF: 770 DC: 0 FLAG_ZERO: True FLAG_LT: 0 FLAG_GT: 0
INPUT_PORT:  []
OUT_PORT:  []
DATA_MEM:  [771, 359]
---------------------------------------
DEBUG    root:machine.py:309 JGE 22
TICK: 37339 PC:   4 ADDR:   0 MEM_OUT: 771 ACC: 771 BUFF: 770 DC: 0 FLAG_ZERO: False FLAG_LT: 1 FLAG_GT: 0
INPUT_PORT:  []
OUT_PORT:  []
DATA_MEM:  [771, 359]
---------------------------------------
DEBUG    root:machine.py:309 LD 0
TICK: 37342 PC:   5 ADDR:   0 MEM_OUT: 771 ACC: 771 BUFF: 770 DC: 0 FLAG_ZERO: False FLAG_LT: 1 FLAG_GT: 0
INPUT_PORT:  []
OUT_PORT:  []
DATA_MEM:  [771, 359]
---------------------------------------
DEBUG    root:machine.py:309 MOD 3
TICK: 37346 PC:   6 ADDR:   0 MEM_OUT: 771 ACC: 771 BUFF: 770 DC: 0 FLAG_ZERO: False FLAG_LT: 1 FLAG_GT: 0
INPUT_PORT:  []
OUT_PORT:  []
DATA_MEM:  [771, 359]
---------------------------------------
DEBUG    root:machine.py:309 CMP 0
TICK: 37350 PC:   7 ADDR:   0 MEM_OUT: 771 ACC: 0 BUFF: 771 DC: 0 FLAG_ZERO: False FLAG_LT: 1 FLAG_GT: 0
INPUT_PORT:  []
OUT_PORT:  []
DATA_MEM:  [771, 359]
---------------------------------------
DEBUG    root:machine.py:309 JE 14
TICK: 37353 PC:   8 ADDR:   0 MEM_OUT: 771 ACC: 0 BUFF: 771 DC: 0 FLAG_ZERO: True FLAG_LT: 0 FLAG_GT: 0
INPUT_PORT:  []
OUT_PORT:  []
DATA_MEM:  [771, 359]
---------------------------------------
DEBUG    root:machine.py:309 LD 4
TICK: 37356 PC:  14 ADDR:   0 MEM_OUT: 771 ACC: 0 BUFF: 771 DC: 0 FLAG_ZERO: True FLAG_LT: 0 FLAG_GT: 0
INPUT_PORT:  []
OUT_PORT:  []
DATA_MEM:  [771, 359]
---------------------------------------
DEBUG    root:machine.py:309 INC 
TICK: 37360 PC:  15 ADDR:   1 MEM_OUT: 359 ACC: 359 BUFF: 771 DC: 0 FLAG_ZERO: True FLAG_LT: 0 FLAG_GT: 0
INPUT_PORT:  []
OUT_PORT:  []
DATA_MEM:  [771, 359]
---------------------------------------
DEBUG    root:machine.py:309 ST 4
TICK: 37363 PC:  16 ADDR:   1 MEM_OUT: 359 ACC: 360 BUFF: 771 DC: 0 FLAG_ZERO: True FLAG_LT: 0 FLAG_GT: 0
INPUT_PORT:  []
OUT_PORT:  []
DATA_MEM:  [771, 359]
---------------------------------------
DEBUG    root:machine.py:309 JMP 0
TICK: 37367 PC:  17 ADDR:   1 MEM_OUT: 360 ACC: 360 BUFF: 771 DC: 0 FLAG_ZERO: True FLAG_LT: 0 FLAG_GT: 0
INPUT_PORT:  []
OUT_PORT:  []
DATA_MEM:  [771, 360]
---------------------------------------
DEBUG    root:machine.py:309 LD 0
TICK: 37370 PC:   0 ADDR:   1 MEM_OUT: 360 ACC: 360 BUFF: 771 DC: 0 FLAG_ZERO: True FLAG_LT: 0 FLAG_GT: 0
INPUT_PORT:  []
OUT_PORT:  []
DATA_MEM:  [771, 360]
---------------------------------------
DEBUG    root:machine.py:309 INC 
TICK: 37374 PC:   1 ADDR:   0 MEM_OUT: 771 ACC: 771 BUFF: 771 DC: 0 FLAG_ZERO: True FLAG_LT: 0 FLAG_GT: 0
INPUT_PORT:  []
OUT_PORT:  []
DATA_MEM:  [771, 360]
---------------------------------------
DEBUG    root:machine.py:309 ST 0
TICK: 37377 PC:   2 ADDR:   0 MEM_OUT: 771 ACC: 772 BUFF: 771 DC: 0 FLAG_ZERO: True FLAG_LT: 0 FLAG_GT: 0
INPUT_PORT:  []
OUT_PORT:  []
DATA_MEM:  [771, 360]
---------------------------------------
DEBUG    root:machine.py:309 CMP 1000
TICK: 37381 PC:   3 ADDR:   0 MEM_OUT: 772 ACC: 772 BUFF: 771 DC: 0 FLAG_ZERO: True FLAG_LT: 0 FLAG_GT: 0
INPUT_PORT:  []
OUT_PORT:  []
DATA_MEM:  [772, 360]
---------------------------------------
DEBUG    root:machine.py:309 JGE 22
TICK: 37384 PC:   4 ADDR:   0 MEM_OUT: 772 ACC: 772 BUFF: 771 DC: 0 FLAG_ZERO: False FLAG_LT: 1 FLAG_GT: 0
INPUT_PORT:  []
OUT_PORT:  []
DATA_MEM:  [772, 360]
---------------------------------------
DEBUG    root:machine.py:309 LD 0
TICK: 37387 PC:   5 ADDR:   0 MEM_OUT: 772 ACC: 772 BUFF: 771 DC: 0 FLAG_ZERO: False FLAG_LT: 1 FLAG_GT: 0
INPUT_PORT:  []
OUT_PORT:  []
DATA_MEM:  [772, 360]
---------------------------------------
DEBUG    root:machine.py:309 MOD 3
TICK: 37391 PC:   6 ADDR:   0 MEM_OUT: 772 ACC: 772 BUFF: 771 DC: 0 FLAG_ZERO: False FLAG_LT: 1 FLAG_GT: 0
INPUT_PORT:  []
OUT_PORT:  []
DATA_MEM:  [772, 360]
---------------------------------------
DEBUG    root:machine.py:309 CMP 0
TICK: 37395 PC:   7 ADDR:   0 MEM_OUT: 772 ACC: 1 BUFF: 772 DC: 0 FLAG_ZERO: False FLAG_LT: 1 FLAG_GT: 0
INPUT_PORT:  []
OUT_PORT:  []
DATA_MEM:  [772, 360]
---------------------------------------
DEBUG    root:machine.py:309 JE 14
TICK: 37398 PC:   8 ADDR:   0 MEM_OUT: 772 ACC: 1 BUFF: 772 DC: 0 FLAG_ZERO: False FLAG_LT: 0 FLAG_GT: 1
INPUT_PORT:  []
OUT_PORT:  []
DATA_MEM:  [772, 360]
---------------------------------------
DEBUG    root:machine.py:309 LD 0
TICK: 37401 PC:   9 ADDR:   0 MEM_OUT: 772 ACC: 1 BUFF: 772 DC: 0 FLAG_ZERO: False FLAG_LT: 0 FLAG_GT: 1
INPUT_PORT:  []
OUT_PORT:  []
DATA_MEM:  [772, 360]
---------------------------------------
DEBUG    root:machine.py:309 MOD 5
TICK: 37405 PC:  10 ADDR:   0 MEM_OUT: 772 ACC: 772 BUFF: 772 DC: 0 FLAG_ZERO: False FLAG_LT: 0 FLAG_GT: 1
INPUT_PORT:  []
OUT_PORT:  []
DATA_MEM:  [772, 360]
---------------------------------------
DEBUG    root:machine.py:309 CMP 0
TICK: 37409 PC:  11 ADDR:   0 MEM_OUT: 772 ACC: 2 BUFF: 772 DC: 0 FLAG_ZERO: False FLAG_LT: 0 FLAG_GT: 1
INPUT_PORT:  []
OUT_PORT:  []
DATA_MEM:  [772, 360]
---------------------------------------
DEBUG    root:machine.py:309 JE 18
TICK: 37412 PC:  12 ADDR:   0 MEM_OUT: 772 ACC: 2 BUFF: 772 DC: 0 FLAG_ZERO: False FLAG_LT: 0 FLAG_GT: 1
INPUT_PORT:  []
OUT_PORT:  []
DATA_MEM:  [772, 360]
---------------------------------------
DEBUG    root:machine.py:309 JMP 0
TICK: 37415 PC:  13 ADDR:   0 MEM_OUT: 772 ACC: 2 BUFF: 772 DC: 0 FLAG_ZERO: False FLAG_LT: 0 FLAG_GT: 1
INPUT_PORT:  []
OUT_PORT:  []
DATA_MEM:  [772, 360]
---------------------------------------
DEBUG    root:machine.py:309 LD 0
TICK: 37418 PC:   0 ADDR:   0 MEM_OUT: 772 ACC: 2 BUFF: 772 DC: 0 FLAG_ZERO: False FLAG_LT: 0 FLAG_GT: 1
INPUT_PORT:  []
OUT_PORT:  []
DATA_MEM:  [772, 360]
---------------------------------------
DEBUG    root:machine.py:309 INC 
TICK: 37422 PC:   1 ADDR:   0 MEM_OUT: 772 ACC: 772 BUFF: 772 DC: 0 FLAG_ZERO: False FLAG_LT: 0 FLAG_GT: 1
INPUT_PORT:  []
OUT_PORT:  []
DATA_MEM:  [772, 360]
---------------------------------------
DEBUG    root:machine.py:309 ST 0
TICK: 37425 PC:   2 ADDR:   0 MEM_OUT: 772 ACC: 773 BUFF: 772 DC: 0 FLAG_ZERO: False FLAG_LT: 0 FLAG_GT: 1
INPUT_PORT:  []
OUT_PORT:  []
DATA_MEM:  [772, 360]
---------------------------------------
DEBUG    root:machine.py:309 CMP 1000
TICK: 37429 PC:   3 ADDR:   0 MEM_OUT: 773 ACC: 773 BUFF: 772 DC: 0 FLAG_ZERO: False FLAG_LT: 0 FLAG_GT: 1
INPUT_PORT:  []
OUT_PORT:  []
DATA_MEM:  [773, 360]
---------------------------------------
DEBUG    root:machine.py:309 JGE 22
TICK: 37432 PC:   4 ADDR:   0 MEM_OUT: 773 ACC: 773 BUFF: 772 DC: 0 FLAG_ZERO: False FLAG_LT: 1 FLAG_GT: 0
INPUT_PORT:  []
OUT_PORT:  []
DATA_MEM:  [773, 360]
---------------------------------------
DEBUG    root:machine.py:309 LD 0
TICK: 37435 PC:   5 ADDR:   0 MEM_OUT: 773 ACC: 773 BUFF: 772 DC: 0 FLAG_ZERO: False FLAG_LT: 1 FLAG_GT: 0
INPUT_PORT:  []
OUT_PORT:  []
DATA_MEM:  [773, 360]
---------------------------------------
DEBUG    root:machine.py:309 MOD 3
TICK: 37439 PC:   6 ADDR:   0 MEM_OUT: 773 ACC: 773 BUFF: 772 DC: 0 FLAG_ZERO: False FLAG_LT: 1 FLAG_GT: 0
INPUT_PORT:  []
OUT_PORT:  []
DATA_MEM:  [773, 360]
---------------------------------------
DEBUG    root:machine.py:309 CMP 0
TICK: 37443 PC:   7 ADDR:   0 MEM_OUT: 773 ACC: 2 BUFF: 773 DC: 0 FLAG_ZERO: False FLAG_LT: 1 FLAG_GT: 0
INPUT_PORT:  []
OUT_PORT:  []
DATA_MEM:  [773, 360]
---------------------------------------
DEBUG    root:machine.py:309 JE 14
TICK: 37446 PC:   8 ADDR:   0 MEM_OUT: 773 ACC: 2 BUFF: 773 DC: 0 FLAG_ZERO: False FLAG_LT: 0 FLAG_GT: 1
INPUT_PORT:  []
OUT_PORT:  []
DATA_MEM:  [773, 360]
---------------------------------------
DEBUG    root:machine.py:309 LD 0
TICK: 37449 PC:   9 ADDR:   0 MEM_OUT: 773 ACC: 2 BUFF: 773 DC: 0 FLAG_ZERO: False FLAG_LT: 0 FLAG_GT: 1
INPUT_PORT:  []
OUT_PORT:  []
DATA_MEM:  [773, 360]
---------------------------------------
DEBUG    root:machine.py:309 MOD 5
TICK: 37453 PC:  10 ADDR:   0 MEM_OUT: 773 ACC: 773 BUFF: 773 DC: 0 FLAG_ZERO: False FLAG_LT: 0 FLAG_GT: 1
INPUT_PORT:  []
OUT_PORT:  []
DATA_MEM:  [773, 360]
---------------------------------------
DEBUG    root:machine.py:309 CMP 0
TICK: 37457 PC:  11 ADDR:   0 MEM_OUT: 773 ACC: 3 BUFF: 773 DC: 0 FLAG_ZERO: False FLAG_LT: 0 FLAG_GT: 1
INPUT_PORT:  []
OUT_PORT:  []
DATA_MEM:  [773, 360]
---------------------------------------
DEBUG    root:machine.py:309 JE 18
TICK: 37460 PC:  12 ADDR:   0 MEM_OUT: 773 ACC: 3 BUFF: 773 DC: 0 FLAG_ZERO: False FLAG_LT: 0 FLAG_GT: 1
INPUT_PORT:  []
OUT_PORT:  []
DATA_MEM:  [773, 360]
---------------------------------------
DEBUG    root:machine.py:309 JMP 0
TICK: 37463 PC:  13 ADDR:   0 MEM_OUT: 773 ACC: 3 BUFF: 773 DC: 0 FLAG_ZERO: False FLAG_LT: 0 FLAG_GT: 1
INPUT_PORT:  []
OUT_PORT:  []
DATA_MEM:  [773, 360]
---------------------------------------
DEBUG    root:machine.py:309 LD 0
TICK: 37466 PC:   0 ADDR:   0 MEM_OUT: 773 ACC: 3 BUFF: 773 DC: 0 FLAG_ZERO: False FLAG_LT: 0 FLAG_GT: 1
INPUT_PORT:  []
OUT_PORT:  []
DATA_MEM:  [773, 360]
---------------------------------------
DEBUG    root:machine.py:309 INC 
TICK: 37470 PC:   1 ADDR:   0 MEM_OUT: 773 ACC: 773 BUFF: 773 DC: 0 FLAG_ZERO: False FLAG_LT: 0 FLAG_GT: 1
INPUT_PORT:  []
OUT_PORT:  []
DATA_MEM:  [773, 360]
---------------------------------------
DEBUG    root:machine.py:309 ST 0
TICK: 37473 PC:   2 ADDR:   0 MEM_OUT: 773 ACC: 774 BUFF: 773 DC: 0 FLAG_ZERO: False FLAG_LT: 0 FLAG_GT: 1
INPUT_PORT:  []
OUT_PORT:  []
DATA_MEM:  [773, 360]
---------------------------------------
DEBUG    root:machine.py:309 CMP 1000
TICK: 37477 PC:   3 ADDR:   0 MEM_OUT: 774 ACC: 774 BUFF: 773 DC: 0 FLAG_ZERO: False FLAG_LT: 0 FLAG_GT: 1
INPUT_PORT:  []
OUT_PORT:  []
DATA_MEM:  [774, 360]
---------------------------------------
DEBUG    root:machine.py:309 JGE 22
TICK: 37480 PC:   4 ADDR:   0 MEM_OUT: 774 ACC: 774 BUFF: 773 DC: 0 FLAG_ZERO: False FLAG_LT: 1 FLAG_GT: 0
INPUT_PORT:  []
OUT_PORT:  []
DATA_MEM:  [774, 360]
---------------------------------------
DEBUG    root:machine.py:309 LD 0
TICK: 37483 PC:   5 ADDR:   0 MEM_OUT: 774 ACC: 774 BUFF: 773 DC: 0 FLAG_ZERO: False FLAG_LT: 1 FLAG_GT: 0
INPUT_PORT:  []
OUT_PORT:  []
DATA_MEM:  [774, 360]
---------------------------------------
DEBUG    root:machine.py:309 MOD 3
TICK: 37487 PC:   6 ADDR:   0 MEM_OUT: 774 ACC: 774 BUFF: 773 DC: 0 FLAG_ZERO: False FLAG_LT: 1 FLAG_GT: 0
INPUT_PORT:  []
OUT_PORT:  []
DATA_MEM:  [774, 360]
---------------------------------------
DEBUG    root:machine.py:309 CMP 0
TICK: 37491 PC:   7 ADDR:   0 MEM_OUT: 774 ACC: 0 BUFF: 774 DC: 0 FLAG_ZERO: False FLAG_LT: 1 FLAG_GT: 0
INPUT_PORT:  []
OUT_PORT:  []
DATA_MEM:  [774, 360]
---------------------------------------
DEBUG    root:machine.py:309 JE 14
TICK: 37494 PC:   8 ADDR:   0 MEM_OUT: 774 ACC: 0 BUFF: 774 DC: 0 FLAG_ZERO: True FLAG_LT: 0 FLAG_GT: 0
INPUT_PORT:  []
OUT_PORT:  []
DATA_MEM:  [774, 360]
---------------------------------------
DEBUG    root:machine.py:309 LD 4
TICK: 37497 PC:  14 ADDR:   0 MEM_OUT: 774 ACC: 0 BUFF: 774 DC: 0 FLAG_ZERO: True FLAG_LT: 0 FLAG_GT: 0
INPUT_PORT:  []
OUT_PORT:  []
DATA_MEM:  [774, 360]
---------------------------------------
DEBUG    root:machine.py:309 INC 
TICK: 37501 PC:  15 ADDR:   1 MEM_OUT: 360 ACC: 360 BUFF: 774 DC: 0 FLAG_ZERO: True FLAG_LT: 0 FLAG_GT: 0
INPUT_PORT:  []
OUT_PORT:  []
DATA_MEM:  [774, 360]
---------------------------------------
DEBUG    root:machine.py:309 ST 4
TICK: 37504 PC:  16 ADDR:   1 MEM_OUT: 360 ACC: 361 BUFF: 774 DC: 0 FLAG_ZERO: True FLAG_LT: 0 FLAG_GT: 0
INPUT_PORT:  []
OUT_PORT:  []
DATA_MEM:  [774, 360]
---------------------------------------
DEBUG    root:machine.py:309 JMP 0
TICK: 37508 PC:  17 ADDR:   1 MEM_OUT: 361 ACC: 361 BUFF: 774 DC: 0 FLAG_ZERO: True FLAG_LT: 0 FLAG_GT: 0
INPUT_PORT:  []
OUT_PORT:  []
DATA_MEM:  [774, 361]
---------------------------------------
DEBUG    root:machine.py:309 LD 0
TICK: 37511 PC:   0 ADDR:   1 MEM_OUT: 361 ACC: 361 BUFF: 774 DC: 0 FLAG_ZERO: True FLAG_LT: 0 FLAG_GT: 0
INPUT_PORT:  []
OUT_PORT:  []
DATA_MEM:  [774, 361]
---------------------------------------
DEBUG    root:machine.py:309 INC 
TICK: 37515 PC:   1 ADDR:   0 MEM_OUT: 774 ACC: 774 BUFF: 774 DC: 0 FLAG_ZERO: True FLAG_LT: 0 FLAG_GT: 0
INPUT_PORT:  []
OUT_PORT:  []
DATA_MEM:  [774, 361]
---------------------------------------
DEBUG    root:machine.py:309 ST 0
TICK: 37518 PC:   2 ADDR:   0 MEM_OUT: 774 ACC: 775 BUFF: 774 DC: 0 FLAG_ZERO: True FLAG_LT: 0 FLAG_GT: 0
INPUT_PORT:  []
OUT_PORT:  []
DATA_MEM:  [774, 361]
---------------------------------------
DEBUG    root:machine.py:309 CMP 1000
TICK: 37522 PC:   3 ADDR:   0 MEM_OUT: 775 ACC: 775 BUFF: 774 DC: 0 FLAG_ZERO: True FLAG_LT: 0 FLAG_GT: 0
INPUT_PORT:  []
OUT_PORT:  []
DATA_MEM:  [775, 361]
---------------------------------------
DEBUG    root:machine.py:309 JGE 22
TICK: 37525 PC:   4 ADDR:   0 MEM_OUT: 775 ACC: 775 BUFF: 774 DC: 0 FLAG_ZERO: False FLAG_LT: 1 FLAG_GT: 0
INPUT_PORT:  []
OUT_PORT:  []
DATA_MEM:  [775, 361]
---------------------------------------
DEBUG    root:machine.py:309 LD 0
TICK: 37528 PC:   5 ADDR:   0 MEM_OUT: 775 ACC: 775 BUFF: 774 DC: 0 FLAG_ZERO: False FLAG_LT: 1 FLAG_GT: 0
INPUT_PORT:  []
OUT_PORT:  []
DATA_MEM:  [775, 361]
---------------------------------------
DEBUG    root:machine.py:309 MOD 3
TICK: 37532 PC:   6 ADDR:   0 MEM_OUT: 775 ACC: 775 BUFF: 774 DC: 0 FLAG_ZERO: False FLAG_LT: 1 FLAG_GT: 0
INPUT_PORT:  []
OUT_PORT:  []
DATA_MEM:  [775, 361]
---------------------------------------
DEBUG    root:machine.py:309 CMP 0
TICK: 37536 PC:   7 ADDR:   0 MEM_OUT: 775 ACC: 1 BUFF: 775 DC: 0 FLAG_ZERO: False FLAG_LT: 1 FLAG_GT: 0
INPUT_PORT:  []
OUT_PORT:  []
DATA_MEM:  [775, 361]
---------------------------------------
DEBUG    root:machine.py:309 JE 14
TICK: 37539 PC:   8 ADDR:   0 MEM_OUT: 775 ACC: 1 BUFF: 775 DC: 0 FLAG_ZERO: False FLAG_LT: 0 FLAG_GT: 1
INPUT_PORT:  []
OUT_PORT:  []
DATA_MEM:  [775, 361]
---------------------------------------
DEBUG    root:machine.py:309 LD 0
TICK: 37542 PC:   9 ADDR:   0 MEM_OUT: 775 ACC: 1 BUFF: 775 DC: 0 FLAG_ZERO: False FLAG_LT: 0 FLAG_GT: 1
INPUT_PORT:  []
OUT_PORT:  []
DATA_MEM:  [775, 361]
---------------------------------------
DEBUG    root:machine.py:309 MOD 5
TICK: 37546 PC:  10 ADDR:   0 MEM_OUT: 775 ACC: 775 BUFF: 775 DC: 0 FLAG_ZERO: False FLAG_LT: 0 FLAG_GT: 1
INPUT_PORT:  []
OUT_PORT:  []
DATA_MEM:  [775, 361]
---------------------------------------
DEBUG    root:machine.py:309 CMP 0
TICK: 37550 PC:  11 ADDR:   0 MEM_OUT: 775 ACC: 0 BUFF: 775 DC: 0 FLAG_ZERO: False FLAG_LT: 0 FLAG_GT: 1
INPUT_PORT:  []
OUT_PORT:  []
DATA_MEM:  [775, 361]
---------------------------------------
DEBUG    root:machine.py:309 JE 18
TICK: 37553 PC:  12 ADDR:   0 MEM_OUT: 775 ACC: 0 BUFF: 775 DC: 0 FLAG_ZERO: True FLAG_LT: 0 FLAG_GT: 0
INPUT_PORT:  []
OUT_PORT:  []
DATA_MEM:  [775, 361]
---------------------------------------
DEBUG    root:machine.py:309 LD 4
TICK: 37556 PC:  18 ADDR:   0 MEM_OUT: 775 ACC: 0 BUFF: 775 DC: 0 FLAG_ZERO: True FLAG_LT: 0 FLAG_GT: 0
INPUT_PORT:  []
OUT_PORT:  []
DATA_MEM:  [775, 361]
---------------------------------------
DEBUG    root:machine.py:309 INC 
TICK: 37560 PC:  19 ADDR:   1 MEM_OUT: 361 ACC: 361 BUFF: 775 DC: 0 FLAG_ZERO: True FLAG_LT: 0 FLAG_GT: 0
INPUT_PORT:  []
OUT_PORT:  []
DATA_MEM:  [775, 361]
---------------------------------------
DEBUG    root:machine.py:309 ST 4
TICK: 37563 PC:  20 ADDR:   1 MEM_OUT: 361 ACC: 362 BUFF: 775 DC: 0 FLAG_ZERO: True FLAG_LT: 0 FLAG_GT: 0
INPUT_PORT:  []
OUT_PORT:  []
DATA_MEM:  [775, 361]
---------------------------------------
DEBUG    root:machine.py:309 JMP 0
TICK: 37567 PC:  21 ADDR:   1 MEM_OUT: 362 ACC: 362 BUFF: 775 DC: 0 FLAG_ZERO: True FLAG_LT: 0 FLAG_GT: 0
INPUT_PORT:  []
OUT_PORT:  []
DATA_MEM:  [775, 362]
---------------------------------------
DEBUG    root:machine.py:309 LD 0
TICK: 37570 PC:   0 ADDR:   1 MEM_OUT: 362 ACC: 362 BUFF: 775 DC: 0 FLAG_ZERO: True FLAG_LT: 0 FLAG_GT: 0
INPUT_PORT:  []
OUT_PORT:  []
DATA_MEM:  [775, 362]
---------------------------------------
DEBUG    root:machine.py:309 INC 
TICK: 37574 PC:   1 ADDR:   0 MEM_OUT: 775 ACC: 775 BUFF: 775 DC: 0 FLAG_ZERO: True FLAG_LT: 0 FLAG_GT: 0
INPUT_PORT:  []
OUT_PORT:  []
DATA_MEM:  [775, 362]
---------------------------------------
DEBUG    root:machine.py:309 ST 0
TICK: 37577 PC:   2 ADDR:   0 MEM_OUT: 775 ACC: 776 BUFF: 775 DC: 0 FLAG_ZERO: True FLAG_LT: 0 FLAG_GT: 0
INPUT_PORT:  []
OUT_PORT:  []
DATA_MEM:  [775, 362]
---------------------------------------
DEBUG    root:machine.py:309 CMP 1000
TICK: 37581 PC:   3 ADDR:   0 MEM_OUT: 776 ACC: 776 BUFF: 775 DC: 0 FLAG_ZERO: True FLAG_LT: 0 FLAG_GT: 0
INPUT_PORT:  []
OUT_PORT:  []
DATA_MEM:  [776, 362]
---------------------------------------
DEBUG    root:machine.py:309 JGE 22
TICK: 37584 PC:   4 ADDR:   0 MEM_OUT: 776 ACC: 776 BUFF: 775 DC: 0 FLAG_ZERO: False FLAG_LT: 1 FLAG_GT: 0
INPUT_PORT:  []
OUT_PORT:  []
DATA_MEM:  [776, 362]
---------------------------------------
DEBUG    root:machine.py:309 LD 0
TICK: 37587 PC:   5 ADDR:   0 MEM_OUT: 776 ACC: 776 BUFF: 775 DC: 0 FLAG_ZERO: False FLAG_LT: 1 FLAG_GT: 0
INPUT_PORT:  []
OUT_PORT:  []
DATA_MEM:  [776, 362]
---------------------------------------
DEBUG    root:machine.py:309 MOD 3
TICK: 37591 PC:   6 ADDR:   0 MEM_OUT: 776 ACC: 776 BUFF: 775 DC: 0 FLAG_ZERO: False FLAG_LT: 1 FLAG_GT: 0
INPUT_PORT:  []
OUT_PORT:  []
DATA_MEM:  [776, 362]
---------------------------------------
DEBUG    root:machine.py:309 CMP 0
TICK: 37595 PC:   7 ADDR:   0 MEM_OUT: 776 ACC: 2 BUFF: 776 DC: 0 FLAG_ZERO: False FLAG_LT: 1 FLAG_GT: 0
INPUT_PORT:  []
OUT_PORT:  []
DATA_MEM:  [776, 362]
---------------------------------------
DEBUG    root:machine.py:309 JE 14
TICK: 37598 PC:   8 ADDR:   0 MEM_OUT: 776 ACC: 2 BUFF: 776 DC: 0 FLAG_ZERO: False FLAG_LT: 0 FLAG_GT: 1
INPUT_PORT:  []
OUT_PORT:  []
DATA_MEM:  [776, 362]
---------------------------------------
DEBUG    root:machine.py:309 LD 0
TICK: 37601 PC:   9 ADDR:   0 MEM_OUT: 776 ACC: 2 BUFF: 776 DC: 0 FLAG_ZERO: False FLAG_LT: 0 FLAG_GT: 1
INPUT_PORT:  []
OUT_PORT:  []
DATA_MEM:  [776, 362]
---------------------------------------
DEBUG    root:machine.py:309 MOD 5
TICK: 37605 PC:  10 ADDR:   0 MEM_OUT: 776 ACC: 776 BUFF: 776 DC: 0 FLAG_ZERO: False FLAG_LT: 0 FLAG_GT: 1
INPUT_PORT:  []
OUT_PORT:  []
DATA_MEM:  [776, 362]
---------------------------------------
DEBUG    root:machine.py:309 CMP 0
TICK: 37609 PC:  11 ADDR:   0 MEM_OUT: 776 ACC: 1 BUFF: 776 DC: 0 FLAG_ZERO: False FLAG_LT: 0 FLAG_GT: 1
INPUT_PORT:  []
OUT_PORT:  []
DATA_MEM:  [776, 362]
---------------------------------------
DEBUG    root:machine.py:309 JE 18
TICK: 37612 PC:  12 ADDR:   0 MEM_OUT: 776 ACC: 1 BUFF: 776 DC: 0 FLAG_ZERO: False FLAG_LT: 0 FLAG_GT: 1
INPUT_PORT:  []
OUT_PORT:  []
DATA_MEM:  [776, 362]
---------------------------------------
DEBUG    root:machine.py:309 JMP 0
TICK: 37615 PC:  13 ADDR:   0 MEM_OUT: 776 ACC: 1 BUFF: 776 DC: 0 FLAG_ZERO: False FLAG_LT: 0 FLAG_GT: 1
INPUT_PORT:  []
OUT_PORT:  []
DATA_MEM:  [776, 362]
---------------------------------------
DEBUG    root:machine.py:309 LD 0
TICK: 37618 PC:   0 ADDR:   0 MEM_OUT: 776 ACC: 1 BUFF: 776 DC: 0 FLAG_ZERO: False FLAG_LT: 0 FLAG_GT: 1
INPUT_PORT:  []
OUT_PORT:  []
DATA_MEM:  [776, 362]
---------------------------------------
DEBUG    root:machine.py:309 INC 
TICK: 37622 PC:   1 ADDR:   0 MEM_OUT: 776 ACC: 776 BUFF: 776 DC: 0 FLAG_ZERO: False FLAG_LT: 0 FLAG_GT: 1
INPUT_PORT:  []
OUT_PORT:  []
DATA_MEM:  [776, 362]
---------------------------------------
DEBUG    root:machine.py:309 ST 0
TICK: 37625 PC:   2 ADDR:   0 MEM_OUT: 776 ACC: 777 BUFF: 776 DC: 0 FLAG_ZERO: False FLAG_LT: 0 FLAG_GT: 1
INPUT_PORT:  []
OUT_PORT:  []
DATA_MEM:  [776, 362]
---------------------------------------
DEBUG    root:machine.py:309 CMP 1000
TICK: 37629 PC:   3 ADDR:   0 MEM_OUT: 777 ACC: 777 BUFF: 776 DC: 0 FLAG_ZERO: False FLAG_LT: 0 FLAG_GT: 1
INPUT_PORT:  []
OUT_PORT:  []
DATA_MEM:  [777, 362]
---------------------------------------
DEBUG    root:machine.py:309 JGE 22
TICK: 37632 PC:   4 ADDR:   0 MEM_OUT: 777 ACC: 777 BUFF: 776 DC: 0 FLAG_ZERO: False FLAG_LT: 1 FLAG_GT: 0
INPUT_PORT:  []
OUT_PORT:  []
DATA_MEM:  [777, 362]
---------------------------------------
DEBUG    root:machine.py:309 LD 0
TICK: 37635 PC:   5 ADDR:   0 MEM_OUT: 777 ACC: 777 BUFF: 776 DC: 0 FLAG_ZERO: False FLAG_LT: 1 FLAG_GT: 0
INPUT_PORT:  []
OUT_PORT:  []
DATA_MEM:  [777, 362]
---------------------------------------
DEBUG    root:machine.py:309 MOD 3
TICK: 37639 PC:   6 ADDR:   0 MEM_OUT: 777 ACC: 777 BUFF: 776 DC: 0 FLAG_ZERO: False FLAG_LT: 1 FLAG_GT: 0
INPUT_PORT:  []
OUT_PORT:  []
DATA_MEM:  [777, 362]
---------------------------------------
DEBUG    root:machine.py:309 CMP 0
TICK: 37643 PC:   7 ADDR:   0 MEM_OUT: 777 ACC: 0 BUFF: 777 DC: 0 FLAG_ZERO: False FLAG_LT: 1 FLAG_GT: 0
INPUT_PORT:  []
OUT_PORT:  []
DATA_MEM:  [777, 362]
---------------------------------------
DEBUG    root:machine.py:309 JE 14
TICK: 37646 PC:   8 ADDR:   0 MEM_OUT: 777 ACC: 0 BUFF: 777 DC: 0 FLAG_ZERO: True FLAG_LT: 0 FLAG_GT: 0
INPUT_PORT:  []
OUT_PORT:  []
DATA_MEM:  [777, 362]
---------------------------------------
DEBUG    root:machine.py:309 LD 4
TICK: 37649 PC:  14 ADDR:   0 MEM_OUT: 777 ACC: 0 BUFF: 777 DC: 0 FLAG_ZERO: True FLAG_LT: 0 FLAG_GT: 0
INPUT_PORT:  []
OUT_PORT:  []
DATA_MEM:  [777, 362]
---------------------------------------
DEBUG    root:machine.py:309 INC 
TICK: 37653 PC:  15 ADDR:   1 MEM_OUT: 362 ACC: 362 BUFF: 777 DC: 0 FLAG_ZERO: True FLAG_LT: 0 FLAG_GT: 0
INPUT_PORT:  []
OUT_PORT:  []
DATA_MEM:  [777, 362]
---------------------------------------
DEBUG    root:machine.py:309 ST 4
TICK: 37656 PC:  16 ADDR:   1 MEM_OUT: 362 ACC: 363 BUFF: 777 DC: 0 FLAG_ZERO: True FLAG_LT: 0 FLAG_GT: 0
INPUT_PORT:  []
OUT_PORT:  []
DATA_MEM:  [777, 362]
---------------------------------------
DEBUG    root:machine.py:309 JMP 0
TICK: 37660 PC:  17 ADDR:   1 MEM_OUT: 363 ACC: 363 BUFF: 777 DC: 0 FLAG_ZERO: True FLAG_LT: 0 FLAG_GT: 0
INPUT_PORT:  []
OUT_PORT:  []
DATA_MEM:  [777, 363]
---------------------------------------
DEBUG    root:machine.py:309 LD 0
TICK: 37663 PC:   0 ADDR:   1 MEM_OUT: 363 ACC: 363 BUFF: 777 DC: 0 FLAG_ZERO: True FLAG_LT: 0 FLAG_GT: 0
INPUT_PORT:  []
OUT_PORT:  []
DATA_MEM:  [777, 363]
---------------------------------------
DEBUG    root:machine.py:309 INC 
TICK: 37667 PC:   1 ADDR:   0 MEM_OUT: 777 ACC: 777 BUFF: 777 DC: 0 FLAG_ZERO: True FLAG_LT: 0 FLAG_GT: 0
INPUT_PORT:  []
OUT_PORT:  []
DATA_MEM:  [777, 363]
---------------------------------------
DEBUG    root:machine.py:309 ST 0
TICK: 37670 PC:   2 ADDR:   0 MEM_OUT: 777 ACC: 778 BUFF: 777 DC: 0 FLAG_ZERO: True FLAG_LT: 0 FLAG_GT: 0
INPUT_PORT:  []
OUT_PORT:  []
DATA_MEM:  [777, 363]
---------------------------------------
DEBUG    root:machine.py:309 CMP 1000
TICK: 37674 PC:   3 ADDR:   0 MEM_OUT: 778 ACC: 778 BUFF: 777 DC: 0 FLAG_ZERO: True FLAG_LT: 0 FLAG_GT: 0
INPUT_PORT:  []
OUT_PORT:  []
DATA_MEM:  [778, 363]
---------------------------------------
DEBUG    root:machine.py:309 JGE 22
TICK: 37677 PC:   4 ADDR:   0 MEM_OUT: 778 ACC: 778 BUFF: 777 DC: 0 FLAG_ZERO: False FLAG_LT: 1 FLAG_GT: 0
INPUT_PORT:  []
OUT_PORT:  []
DATA_MEM:  [778, 363]
---------------------------------------
DEBUG    root:machine.py:309 LD 0
TICK: 37680 PC:   5 ADDR:   0 MEM_OUT: 778 ACC: 778 BUFF: 777 DC: 0 FLAG_ZERO: False FLAG_LT: 1 FLAG_GT: 0
INPUT_PORT:  []
OUT_PORT:  []
DATA_MEM:  [778, 363]
---------------------------------------
DEBUG    root:machine.py:309 MOD 3
TICK: 37684 PC:   6 ADDR:   0 MEM_OUT: 778 ACC: 778 BUFF: 777 DC: 0 FLAG_ZERO: False FLAG_LT: 1 FLAG_GT: 0
INPUT_PORT:  []
OUT_PORT:  []
DATA_MEM:  [778, 363]
---------------------------------------
DEBUG    root:machine.py:309 CMP 0
TICK: 37688 PC:   7 ADDR:   0 MEM_OUT: 778 ACC: 1 BUFF: 778 DC: 0 FLAG_ZERO: False FLAG_LT: 1 FLAG_GT: 0
INPUT_PORT:  []
OUT_PORT:  []
DATA_MEM:  [778, 363]
---------------------------------------
DEBUG    root:machine.py:309 JE 14
TICK: 37691 PC:   8 ADDR:   0 MEM_OUT: 778 ACC: 1 BUFF: 778 DC: 0 FLAG_ZERO: False FLAG_LT: 0 FLAG_GT: 1
INPUT_PORT:  []
OUT_PORT:  []
DATA_MEM:  [778, 363]
---------------------------------------
DEBUG    root:machine.py:309 LD 0
TICK: 37694 PC:   9 ADDR:   0 MEM_OUT: 778 ACC: 1 BUFF: 778 DC: 0 FLAG_ZERO: False FLAG_LT: 0 FLAG_GT: 1
INPUT_PORT:  []
OUT_PORT:  []
DATA_MEM:  [778, 363]
---------------------------------------
DEBUG    root:machine.py:309 MOD 5
TICK: 37698 PC:  10 ADDR:   0 MEM_OUT: 778 ACC: 778 BUFF: 778 DC: 0 FLAG_ZERO: False FLAG_LT: 0 FLAG_GT: 1
INPUT_PORT:  []
OUT_PORT:  []
DATA_MEM:  [778, 363]
---------------------------------------
DEBUG    root:machine.py:309 CMP 0
TICK: 37702 PC:  11 ADDR:   0 MEM_OUT: 778 ACC: 3 BUFF: 778 DC: 0 FLAG_ZERO: False FLAG_LT: 0 FLAG_GT: 1
INPUT_PORT:  []
OUT_PORT:  []
DATA_MEM:  [778, 363]
---------------------------------------
DEBUG    root:machine.py:309 JE 18
TICK: 37705 PC:  12 ADDR:   0 MEM_OUT: 778 ACC: 3 BUFF: 778 DC: 0 FLAG_ZERO: False FLAG_LT: 0 FLAG_GT: 1
INPUT_PORT:  []
OUT_PORT:  []
DATA_MEM:  [778, 363]
---------------------------------------
DEBUG    root:machine.py:309 JMP 0
TICK: 37708 PC:  13 ADDR:   0 MEM_OUT: 778 ACC: 3 BUFF: 778 DC: 0 FLAG_ZERO: False FLAG_LT: 0 FLAG_GT: 1
INPUT_PORT:  []
OUT_PORT:  []
DATA_MEM:  [778, 363]
---------------------------------------
DEBUG    root:machine.py:309 LD 0
TICK: 37711 PC:   0 ADDR:   0 MEM_OUT: 778 ACC: 3 BUFF: 778 DC: 0 FLAG_ZERO: False FLAG_LT: 0 FLAG_GT: 1
INPUT_PORT:  []
OUT_PORT:  []
DATA_MEM:  [778, 363]
---------------------------------------
DEBUG    root:machine.py:309 INC 
TICK: 37715 PC:   1 ADDR:   0 MEM_OUT: 778 ACC: 778 BUFF: 778 DC: 0 FLAG_ZERO: False FLAG_LT: 0 FLAG_GT: 1
INPUT_PORT:  []
OUT_PORT:  []
DATA_MEM:  [778, 363]
---------------------------------------
DEBUG    root:machine.py:309 ST 0
TICK: 37718 PC:   2 ADDR:   0 MEM_OUT: 778 ACC: 779 BUFF: 778 DC: 0 FLAG_ZERO: False FLAG_LT: 0 FLAG_GT: 1
INPUT_PORT:  []
OUT_PORT:  []
DATA_MEM:  [778, 363]
---------------------------------------
DEBUG    root:machine.py:309 CMP 1000
TICK: 37722 PC:   3 ADDR:   0 MEM_OUT: 779 ACC: 779 BUFF: 778 DC: 0 FLAG_ZERO: False FLAG_LT: 0 FLAG_GT: 1
INPUT_PORT:  []
OUT_PORT:  []
DATA_MEM:  [779, 363]
---------------------------------------
DEBUG    root:machine.py:309 JGE 22
TICK: 37725 PC:   4 ADDR:   0 MEM_OUT: 779 ACC: 779 BUFF: 778 DC: 0 FLAG_ZERO: False FLAG_LT: 1 FLAG_GT: 0
INPUT_PORT:  []
OUT_PORT:  []
DATA_MEM:  [779, 363]
---------------------------------------
DEBUG    root:machine.py:309 LD 0
TICK: 37728 PC:   5 ADDR:   0 MEM_OUT: 779 ACC: 779 BUFF: 778 DC: 0 FLAG_ZERO: False FLAG_LT: 1 FLAG_GT: 0
INPUT_PORT:  []
OUT_PORT:  []
DATA_MEM:  [779, 363]
---------------------------------------
DEBUG    root:machine.py:309 MOD 3
TICK: 37732 PC:   6 ADDR:   0 MEM_OUT: 779 ACC: 779 BUFF: 778 DC: 0 FLAG_ZERO: False FLAG_LT: 1 FLAG_GT: 0
INPUT_PORT:  []
OUT_PORT:  []
DATA_MEM:  [779, 363]
---------------------------------------
DEBUG    root:machine.py:309 CMP 0
TICK: 37736 PC:   7 ADDR:   0 MEM_OUT: 779 ACC: 2 BUFF: 779 DC: 0 FLAG_ZERO: False FLAG_LT: 1 FLAG_GT: 0
INPUT_PORT:  []
OUT_PORT:  []
DATA_MEM:  [779, 363]
---------------------------------------
DEBUG    root:machine.py:309 JE 14
TICK: 37739 PC:   8 ADDR:   0 MEM_OUT: 779 ACC: 2 BUFF: 779 DC: 0 FLAG_ZERO: False FLAG_LT: 0 FLAG_GT: 1
INPUT_PORT:  []
OUT_PORT:  []
DATA_MEM:  [779, 363]
---------------------------------------
DEBUG    root:machine.py:309 LD 0
TICK: 37742 PC:   9 ADDR:   0 MEM_OUT: 779 ACC: 2 BUFF: 779 DC: 0 FLAG_ZERO: False FLAG_LT: 0 FLAG_GT: 1
INPUT_PORT:  []
OUT_PORT:  []
DATA_MEM:  [779, 363]
---------------------------------------
DEBUG    root:machine.py:309 MOD 5
TICK: 37746 PC:  10 ADDR:   0 MEM_OUT: 779 ACC: 779 BUFF: 779 DC: 0 FLAG_ZERO: False FLAG_LT: 0 FLAG_GT: 1
INPUT_PORT:  []
OUT_PORT:  []
DATA_MEM:  [779, 363]
---------------------------------------
DEBUG    root:machine.py:309 CMP 0
TICK: 37750 PC:  11 ADDR:   0 MEM_OUT: 779 ACC: 4 BUFF: 779 DC: 0 FLAG_ZERO: False FLAG_LT: 0 FLAG_GT: 1
INPUT_PORT:  []
OUT_PORT:  []
DATA_MEM:  [779, 363]
---------------------------------------
DEBUG    root:machine.py:309 JE 18
TICK: 37753 PC:  12 ADDR:   0 MEM_OUT: 779 ACC: 4 BUFF: 779 DC: 0 FLAG_ZERO: False FLAG_LT: 0 FLAG_GT: 1
INPUT_PORT:  []
OUT_PORT:  []
DATA_MEM:  [779, 363]
---------------------------------------
DEBUG    root:machine.py:309 JMP 0
TICK: 37756 PC:  13 ADDR:   0 MEM_OUT: 779 ACC: 4 BUFF: 779 DC: 0 FLAG_ZERO: False FLAG_LT: 0 FLAG_GT: 1
INPUT_PORT:  []
OUT_PORT:  []
DATA_MEM:  [779, 363]
---------------------------------------
DEBUG    root:machine.py:309 LD 0
TICK: 37759 PC:   0 ADDR:   0 MEM_OUT: 779 ACC: 4 BUFF: 779 DC: 0 FLAG_ZERO: False FLAG_LT: 0 FLAG_GT: 1
INPUT_PORT:  []
OUT_PORT:  []
DATA_MEM:  [779, 363]
---------------------------------------
DEBUG    root:machine.py:309 INC 
TICK: 37763 PC:   1 ADDR:   0 MEM_OUT: 779 ACC: 779 BUFF: 779 DC: 0 FLAG_ZERO: False FLAG_LT: 0 FLAG_GT: 1
INPUT_PORT:  []
OUT_PORT:  []
DATA_MEM:  [779, 363]
---------------------------------------
DEBUG    root:machine.py:309 ST 0
TICK: 37766 PC:   2 ADDR:   0 MEM_OUT: 779 ACC: 780 BUFF: 779 DC: 0 FLAG_ZERO: False FLAG_LT: 0 FLAG_GT: 1
INPUT_PORT:  []
OUT_PORT:  []
DATA_MEM:  [779, 363]
---------------------------------------
DEBUG    root:machine.py:309 CMP 1000
TICK: 37770 PC:   3 ADDR:   0 MEM_OUT: 780 ACC: 780 BUFF: 779 DC: 0 FLAG_ZERO: False FLAG_LT: 0 FLAG_GT: 1
INPUT_PORT:  []
OUT_PORT:  []
DATA_MEM:  [780, 363]
---------------------------------------
DEBUG    root:machine.py:309 JGE 22
TICK: 37773 PC:   4 ADDR:   0 MEM_OUT: 780 ACC: 780 BUFF: 779 DC: 0 FLAG_ZERO: False FLAG_LT: 1 FLAG_GT: 0
INPUT_PORT:  []
OUT_PORT:  []
DATA_MEM:  [780, 363]
---------------------------------------
DEBUG    root:machine.py:309 LD 0
TICK: 37776 PC:   5 ADDR:   0 MEM_OUT: 780 ACC: 780 BUFF: 779 DC: 0 FLAG_ZERO: False FLAG_LT: 1 FLAG_GT: 0
INPUT_PORT:  []
OUT_PORT:  []
DATA_MEM:  [780, 363]
---------------------------------------
DEBUG    root:machine.py:309 MOD 3
TICK: 37780 PC:   6 ADDR:   0 MEM_OUT: 780 ACC: 780 BUFF: 779 DC: 0 FLAG_ZERO: False FLAG_LT: 1 FLAG_GT: 0
INPUT_PORT:  []
OUT_PORT:  []
DATA_MEM:  [780, 363]
---------------------------------------
DEBUG    root:machine.py:309 CMP 0
TICK: 37784 PC:   7 ADDR:   0 MEM_OUT: 780 ACC: 0 BUFF: 780 DC: 0 FLAG_ZERO: False FLAG_LT: 1 FLAG_GT: 0
INPUT_PORT:  []
OUT_PORT:  []
DATA_MEM:  [780, 363]
---------------------------------------
DEBUG    root:machine.py:309 JE 14
TICK: 37787 PC:   8 ADDR:   0 MEM_OUT: 780 ACC: 0 BUFF: 780 DC: 0 FLAG_ZERO: True FLAG_LT: 0 FLAG_GT: 0
INPUT_PORT:  []
OUT_PORT:  []
DATA_MEM:  [780, 363]
---------------------------------------
DEBUG    root:machine.py:309 LD 4
TICK: 37790 PC:  14 ADDR:   0 MEM_OUT: 780 ACC: 0 BUFF: 780 DC: 0 FLAG_ZERO: True FLAG_LT: 0 FLAG_GT: 0
INPUT_PORT:  []
OUT_PORT:  []
DATA_MEM:  [780, 363]
---------------------------------------
DEBUG    root:machine.py:309 INC 
TICK: 37794 PC:  15 ADDR:   1 MEM_OUT: 363 ACC: 363 BUFF: 780 DC: 0 FLAG_ZERO: True FLAG_LT: 0 FLAG_GT: 0
INPUT_PORT:  []
OUT_PORT:  []
DATA_MEM:  [780, 363]
---------------------------------------
DEBUG    root:machine.py:309 ST 4
TICK: 37797 PC:  16 ADDR:   1 MEM_OUT: 363 ACC: 364 BUFF: 780 DC: 0 FLAG_ZERO: True FLAG_LT: 0 FLAG_GT: 0
INPUT_PORT:  []
OUT_PORT:  []
DATA_MEM:  [780, 363]
---------------------------------------
DEBUG    root:machine.py:309 JMP 0
TICK: 37801 PC:  17 ADDR:   1 MEM_OUT: 364 ACC: 364 BUFF: 780 DC: 0 FLAG_ZERO: True FLAG_LT: 0 FLAG_GT: 0
INPUT_PORT:  []
OUT_PORT:  []
DATA_MEM:  [780, 364]
---------------------------------------
DEBUG    root:machine.py:309 LD 0
TICK: 37804 PC:   0 ADDR:   1 MEM_OUT: 364 ACC: 364 BUFF: 780 DC: 0 FLAG_ZERO: True FLAG_LT: 0 FLAG_GT: 0
INPUT_PORT:  []
OUT_PORT:  []
DATA_MEM:  [780, 364]
---------------------------------------
DEBUG    root:machine.py:309 INC 
TICK: 37808 PC:   1 ADDR:   0 MEM_OUT: 780 ACC: 780 BUFF: 780 DC: 0 FLAG_ZERO: True FLAG_LT: 0 FLAG_GT: 0
INPUT_PORT:  []
OUT_PORT:  []
DATA_MEM:  [780, 364]
---------------------------------------
DEBUG    root:machine.py:309 ST 0
TICK: 37811 PC:   2 ADDR:   0 MEM_OUT: 780 ACC: 781 BUFF: 780 DC: 0 FLAG_ZERO: True FLAG_LT: 0 FLAG_GT: 0
INPUT_PORT:  []
OUT_PORT:  []
DATA_MEM:  [780, 364]
---------------------------------------
DEBUG    root:machine.py:309 CMP 1000
TICK: 37815 PC:   3 ADDR:   0 MEM_OUT: 781 ACC: 781 BUFF: 780 DC: 0 FLAG_ZERO: True FLAG_LT: 0 FLAG_GT: 0
INPUT_PORT:  []
OUT_PORT:  []
DATA_MEM:  [781, 364]
---------------------------------------
DEBUG    root:machine.py:309 JGE 22
TICK: 37818 PC:   4 ADDR:   0 MEM_OUT: 781 ACC: 781 BUFF: 780 DC: 0 FLAG_ZERO: False FLAG_LT: 1 FLAG_GT: 0
INPUT_PORT:  []
OUT_PORT:  []
DATA_MEM:  [781, 364]
---------------------------------------
DEBUG    root:machine.py:309 LD 0
TICK: 37821 PC:   5 ADDR:   0 MEM_OUT: 781 ACC: 781 BUFF: 780 DC: 0 FLAG_ZERO: False FLAG_LT: 1 FLAG_GT: 0
INPUT_PORT:  []
OUT_PORT:  []
DATA_MEM:  [781, 364]
---------------------------------------
DEBUG    root:machine.py:309 MOD 3
TICK: 37825 PC:   6 ADDR:   0 MEM_OUT: 781 ACC: 781 BUFF: 780 DC: 0 FLAG_ZERO: False FLAG_LT: 1 FLAG_GT: 0
INPUT_PORT:  []
OUT_PORT:  []
DATA_MEM:  [781, 364]
---------------------------------------
DEBUG    root:machine.py:309 CMP 0
TICK: 37829 PC:   7 ADDR:   0 MEM_OUT: 781 ACC: 1 BUFF: 781 DC: 0 FLAG_ZERO: False FLAG_LT: 1 FLAG_GT: 0
INPUT_PORT:  []
OUT_PORT:  []
DATA_MEM:  [781, 364]
---------------------------------------
DEBUG    root:machine.py:309 JE 14
TICK: 37832 PC:   8 ADDR:   0 MEM_OUT: 781 ACC: 1 BUFF: 781 DC: 0 FLAG_ZERO: False FLAG_LT: 0 FLAG_GT: 1
INPUT_PORT:  []
OUT_PORT:  []
DATA_MEM:  [781, 364]
---------------------------------------
DEBUG    root:machine.py:309 LD 0
TICK: 37835 PC:   9 ADDR:   0 MEM_OUT: 781 ACC: 1 BUFF: 781 DC: 0 FLAG_ZERO: False FLAG_LT: 0 FLAG_GT: 1
INPUT_PORT:  []
OUT_PORT:  []
DATA_MEM:  [781, 364]
---------------------------------------
DEBUG    root:machine.py:309 MOD 5
TICK: 37839 PC:  10 ADDR:   0 MEM_OUT: 781 ACC: 781 BUFF: 781 DC: 0 FLAG_ZERO: False FLAG_LT: 0 FLAG_GT: 1
INPUT_PORT:  []
OUT_PORT:  []
DATA_MEM:  [781, 364]
---------------------------------------
DEBUG    root:machine.py:309 CMP 0
TICK: 37843 PC:  11 ADDR:   0 MEM_OUT: 781 ACC: 1 BUFF: 781 DC: 0 FLAG_ZERO: False FLAG_LT: 0 FLAG_GT: 1
INPUT_PORT:  []
OUT_PORT:  []
DATA_MEM:  [781, 364]
---------------------------------------
DEBUG    root:machine.py:309 JE 18
TICK: 37846 PC:  12 ADDR:   0 MEM_OUT: 781 ACC: 1 BUFF: 781 DC: 0 FLAG_ZERO: False FLAG_LT: 0 FLAG_GT: 1
INPUT_PORT:  []
OUT_PORT:  []
DATA_MEM:  [781, 364]
---------------------------------------
DEBUG    root:machine.py:309 JMP 0
TICK: 37849 PC:  13 ADDR:   0 MEM_OUT: 781 ACC: 1 BUFF: 781 DC: 0 FLAG_ZERO: False FLAG_LT: 0 FLAG_GT: 1
INPUT_PORT:  []
OUT_PORT:  []
DATA_MEM:  [781, 364]
---------------------------------------
DEBUG    root:machine.py:309 LD 0
TICK: 37852 PC:   0 ADDR:   0 MEM_OUT: 781 ACC: 1 BUFF: 781 DC: 0 FLAG_ZERO: False FLAG_LT: 0 FLAG_GT: 1
INPUT_PORT:  []
OUT_PORT:  []
DATA_MEM:  [781, 364]
---------------------------------------
DEBUG    root:machine.py:309 INC 
TICK: 37856 PC:   1 ADDR:   0 MEM_OUT: 781 ACC: 781 BUFF: 781 DC: 0 FLAG_ZERO: False FLAG_LT: 0 FLAG_GT: 1
INPUT_PORT:  []
OUT_PORT:  []
DATA_MEM:  [781, 364]
---------------------------------------
DEBUG    root:machine.py:309 ST 0
TICK: 37859 PC:   2 ADDR:   0 MEM_OUT: 781 ACC: 782 BUFF: 781 DC: 0 FLAG_ZERO: False FLAG_LT: 0 FLAG_GT: 1
INPUT_PORT:  []
OUT_PORT:  []
DATA_MEM:  [781, 364]
---------------------------------------
DEBUG    root:machine.py:309 CMP 1000
TICK: 37863 PC:   3 ADDR:   0 MEM_OUT: 782 ACC: 782 BUFF: 781 DC: 0 FLAG_ZERO: False FLAG_LT: 0 FLAG_GT: 1
INPUT_PORT:  []
OUT_PORT:  []
DATA_MEM:  [782, 364]
---------------------------------------
DEBUG    root:machine.py:309 JGE 22
TICK: 37866 PC:   4 ADDR:   0 MEM_OUT: 782 ACC: 782 BUFF: 781 DC: 0 FLAG_ZERO: False FLAG_LT: 1 FLAG_GT: 0
INPUT_PORT:  []
OUT_PORT:  []
DATA_MEM:  [782, 364]
---------------------------------------
DEBUG    root:machine.py:309 LD 0
TICK: 37869 PC:   5 ADDR:   0 MEM_OUT: 782 ACC: 782 BUFF: 781 DC: 0 FLAG_ZERO: False FLAG_LT: 1 FLAG_GT: 0
INPUT_PORT:  []
OUT_PORT:  []
DATA_MEM:  [782, 364]
---------------------------------------
DEBUG    root:machine.py:309 MOD 3
TICK: 37873 PC:   6 ADDR:   0 MEM_OUT: 782 ACC: 782 BUFF: 781 DC: 0 FLAG_ZERO: False FLAG_LT: 1 FLAG_GT: 0
INPUT_PORT:  []
OUT_PORT:  []
DATA_MEM:  [782, 364]
---------------------------------------
DEBUG    root:machine.py:309 CMP 0
TICK: 37877 PC:   7 ADDR:   0 MEM_OUT: 782 ACC: 2 BUFF: 782 DC: 0 FLAG_ZERO: False FLAG_LT: 1 FLAG_GT: 0
INPUT_PORT:  []
OUT_PORT:  []
DATA_MEM:  [782, 364]
---------------------------------------
DEBUG    root:machine.py:309 JE 14
TICK: 37880 PC:   8 ADDR:   0 MEM_OUT: 782 ACC: 2 BUFF: 782 DC: 0 FLAG_ZERO: False FLAG_LT: 0 FLAG_GT: 1
INPUT_PORT:  []
OUT_PORT:  []
DATA_MEM:  [782, 364]
---------------------------------------
DEBUG    root:machine.py:309 LD 0
TICK: 37883 PC:   9 ADDR:   0 MEM_OUT: 782 ACC: 2 BUFF: 782 DC: 0 FLAG_ZERO: False FLAG_LT: 0 FLAG_GT: 1
INPUT_PORT:  []
OUT_PORT:  []
DATA_MEM:  [782, 364]
---------------------------------------
DEBUG    root:machine.py:309 MOD 5
TICK: 37887 PC:  10 ADDR:   0 MEM_OUT: 782 ACC: 782 BUFF: 782 DC: 0 FLAG_ZERO: False FLAG_LT: 0 FLAG_GT: 1
INPUT_PORT:  []
OUT_PORT:  []
DATA_MEM:  [782, 364]
---------------------------------------
DEBUG    root:machine.py:309 CMP 0
TICK: 37891 PC:  11 ADDR:   0 MEM_OUT: 782 ACC: 2 BUFF: 782 DC: 0 FLAG_ZERO: False FLAG_LT: 0 FLAG_GT: 1
INPUT_PORT:  []
OUT_PORT:  []
DATA_MEM:  [782, 364]
---------------------------------------
DEBUG    root:machine.py:309 JE 18
TICK: 37894 PC:  12 ADDR:   0 MEM_OUT: 782 ACC: 2 BUFF: 782 DC: 0 FLAG_ZERO: False FLAG_LT: 0 FLAG_GT: 1
INPUT_PORT:  []
OUT_PORT:  []
DATA_MEM:  [782, 364]
---------------------------------------
DEBUG    root:machine.py:309 JMP 0
TICK: 37897 PC:  13 ADDR:   0 MEM_OUT: 782 ACC: 2 BUFF: 782 DC: 0 FLAG_ZERO: False FLAG_LT: 0 FLAG_GT: 1
INPUT_PORT:  []
OUT_PORT:  []
DATA_MEM:  [782, 364]
---------------------------------------
DEBUG    root:machine.py:309 LD 0
TICK: 37900 PC:   0 ADDR:   0 MEM_OUT: 782 ACC: 2 BUFF: 782 DC: 0 FLAG_ZERO: False FLAG_LT: 0 FLAG_GT: 1
INPUT_PORT:  []
OUT_PORT:  []
DATA_MEM:  [782, 364]
---------------------------------------
DEBUG    root:machine.py:309 INC 
TICK: 37904 PC:   1 ADDR:   0 MEM_OUT: 782 ACC: 782 BUFF: 782 DC: 0 FLAG_ZERO: False FLAG_LT: 0 FLAG_GT: 1
INPUT_PORT:  []
OUT_PORT:  []
DATA_MEM:  [782, 364]
---------------------------------------
DEBUG    root:machine.py:309 ST 0
TICK: 37907 PC:   2 ADDR:   0 MEM_OUT: 782 ACC: 783 BUFF: 782 DC: 0 FLAG_ZERO: False FLAG_LT: 0 FLAG_GT: 1
INPUT_PORT:  []
OUT_PORT:  []
DATA_MEM:  [782, 364]
---------------------------------------
DEBUG    root:machine.py:309 CMP 1000
TICK: 37911 PC:   3 ADDR:   0 MEM_OUT: 783 ACC: 783 BUFF: 782 DC: 0 FLAG_ZERO: False FLAG_LT: 0 FLAG_GT: 1
INPUT_PORT:  []
OUT_PORT:  []
DATA_MEM:  [783, 364]
---------------------------------------
DEBUG    root:machine.py:309 JGE 22
TICK: 37914 PC:   4 ADDR:   0 MEM_OUT: 783 ACC: 783 BUFF: 782 DC: 0 FLAG_ZERO: False FLAG_LT: 1 FLAG_GT: 0
INPUT_PORT:  []
OUT_PORT:  []
DATA_MEM:  [783, 364]
---------------------------------------
DEBUG    root:machine.py:309 LD 0
TICK: 37917 PC:   5 ADDR:   0 MEM_OUT: 783 ACC: 783 BUFF: 782 DC: 0 FLAG_ZERO: False FLAG_LT: 1 FLAG_GT: 0
INPUT_PORT:  []
OUT_PORT:  []
DATA_MEM:  [783, 364]
---------------------------------------
DEBUG    root:machine.py:309 MOD 3
TICK: 37921 PC:   6 ADDR:   0 MEM_OUT: 783 ACC: 783 BUFF: 782 DC: 0 FLAG_ZERO: False FLAG_LT: 1 FLAG_GT: 0
INPUT_PORT:  []
OUT_PORT:  []
DATA_MEM:  [783, 364]
---------------------------------------
DEBUG    root:machine.py:309 CMP 0
TICK: 37925 PC:   7 ADDR:   0 MEM_OUT: 783 ACC: 0 BUFF: 783 DC: 0 FLAG_ZERO: False FLAG_LT: 1 FLAG_GT: 0
INPUT_PORT:  []
OUT_PORT:  []
DATA_MEM:  [783, 364]
---------------------------------------
DEBUG    root:machine.py:309 JE 14
TICK: 37928 PC:   8 ADDR:   0 MEM_OUT: 783 ACC: 0 BUFF: 783 DC: 0 FLAG_ZERO: True FLAG_LT: 0 FLAG_GT: 0
INPUT_PORT:  []
OUT_PORT:  []
DATA_MEM:  [783, 364]
---------------------------------------
DEBUG    root:machine.py:309 LD 4
TICK: 37931 PC:  14 ADDR:   0 MEM_OUT: 783 ACC: 0 BUFF: 783 DC: 0 FLAG_ZERO: True FLAG_LT: 0 FLAG_GT: 0
INPUT_PORT:  []
OUT_PORT:  []
DATA_MEM:  [783, 364]
---------------------------------------
DEBUG    root:machine.py:309 INC 
TICK: 37935 PC:  15 ADDR:   1 MEM_OUT: 364 ACC: 364 BUFF: 783 DC: 0 FLAG_ZERO: True FLAG_LT: 0 FLAG_GT: 0
INPUT_PORT:  []
OUT_PORT:  []
DATA_MEM:  [783, 364]
---------------------------------------
DEBUG    root:machine.py:309 ST 4
TICK: 37938 PC:  16 ADDR:   1 MEM_OUT: 364 ACC: 365 BUFF: 783 DC: 0 FLAG_ZERO: True FLAG_LT: 0 FLAG_GT: 0
INPUT_PORT:  []
OUT_PORT:  []
DATA_MEM:  [783, 364]
---------------------------------------
DEBUG    root:machine.py:309 JMP 0
TICK: 37942 PC:  17 ADDR:   1 MEM_OUT: 365 ACC: 365 BUFF: 783 DC: 0 FLAG_ZERO: True FLAG_LT: 0 FLAG_GT: 0
INPUT_PORT:  []
OUT_PORT:  []
DATA_MEM:  [783, 365]
---------------------------------------
DEBUG    root:machine.py:309 LD 0
TICK: 37945 PC:   0 ADDR:   1 MEM_OUT: 365 ACC: 365 BUFF: 783 DC: 0 FLAG_ZERO: True FLAG_LT: 0 FLAG_GT: 0
INPUT_PORT:  []
OUT_PORT:  []
DATA_MEM:  [783, 365]
---------------------------------------
DEBUG    root:machine.py:309 INC 
TICK: 37949 PC:   1 ADDR:   0 MEM_OUT: 783 ACC: 783 BUFF: 783 DC: 0 FLAG_ZERO: True FLAG_LT: 0 FLAG_GT: 0
INPUT_PORT:  []
OUT_PORT:  []
DATA_MEM:  [783, 365]
---------------------------------------
DEBUG    root:machine.py:309 ST 0
TICK: 37952 PC:   2 ADDR:   0 MEM_OUT: 783 ACC: 784 BUFF: 783 DC: 0 FLAG_ZERO: True FLAG_LT: 0 FLAG_GT: 0
INPUT_PORT:  []
OUT_PORT:  []
DATA_MEM:  [783, 365]
---------------------------------------
DEBUG    root:machine.py:309 CMP 1000
TICK: 37956 PC:   3 ADDR:   0 MEM_OUT: 784 ACC: 784 BUFF: 783 DC: 0 FLAG_ZERO: True FLAG_LT: 0 FLAG_GT: 0
INPUT_PORT:  []
OUT_PORT:  []
DATA_MEM:  [784, 365]
---------------------------------------
DEBUG    root:machine.py:309 JGE 22
TICK: 37959 PC:   4 ADDR:   0 MEM_OUT: 784 ACC: 784 BUFF: 783 DC: 0 FLAG_ZERO: False FLAG_LT: 1 FLAG_GT: 0
INPUT_PORT:  []
OUT_PORT:  []
DATA_MEM:  [784, 365]
---------------------------------------
DEBUG    root:machine.py:309 LD 0
TICK: 37962 PC:   5 ADDR:   0 MEM_OUT: 784 ACC: 784 BUFF: 783 DC: 0 FLAG_ZERO: False FLAG_LT: 1 FLAG_GT: 0
INPUT_PORT:  []
OUT_PORT:  []
DATA_MEM:  [784, 365]
---------------------------------------
DEBUG    root:machine.py:309 MOD 3
TICK: 37966 PC:   6 ADDR:   0 MEM_OUT: 784 ACC: 784 BUFF: 783 DC: 0 FLAG_ZERO: False FLAG_LT: 1 FLAG_GT: 0
INPUT_PORT:  []
OUT_PORT:  []
DATA_MEM:  [784, 365]
---------------------------------------
DEBUG    root:machine.py:309 CMP 0
TICK: 37970 PC:   7 ADDR:   0 MEM_OUT: 784 ACC: 1 BUFF: 784 DC: 0 FLAG_ZERO: False FLAG_LT: 1 FLAG_GT: 0
INPUT_PORT:  []
OUT_PORT:  []
DATA_MEM:  [784, 365]
---------------------------------------
DEBUG    root:machine.py:309 JE 14
TICK: 37973 PC:   8 ADDR:   0 MEM_OUT: 784 ACC: 1 BUFF: 784 DC: 0 FLAG_ZERO: False FLAG_LT: 0 FLAG_GT: 1
INPUT_PORT:  []
OUT_PORT:  []
DATA_MEM:  [784, 365]
---------------------------------------
DEBUG    root:machine.py:309 LD 0
TICK: 37976 PC:   9 ADDR:   0 MEM_OUT: 784 ACC: 1 BUFF: 784 DC: 0 FLAG_ZERO: False FLAG_LT: 0 FLAG_GT: 1
INPUT_PORT:  []
OUT_PORT:  []
DATA_MEM:  [784, 365]
---------------------------------------
DEBUG    root:machine.py:309 MOD 5
TICK: 37980 PC:  10 ADDR:   0 MEM_OUT: 784 ACC: 784 BUFF: 784 DC: 0 FLAG_ZERO: False FLAG_LT: 0 FLAG_GT: 1
INPUT_PORT:  []
OUT_PORT:  []
DATA_MEM:  [784, 365]
---------------------------------------
DEBUG    root:machine.py:309 CMP 0
TICK: 37984 PC:  11 ADDR:   0 MEM_OUT: 784 ACC: 4 BUFF: 784 DC: 0 FLAG_ZERO: False FLAG_LT: 0 FLAG_GT: 1
INPUT_PORT:  []
OUT_PORT:  []
DATA_MEM:  [784, 365]
---------------------------------------
DEBUG    root:machine.py:309 JE 18
TICK: 37987 PC:  12 ADDR:   0 MEM_OUT: 784 ACC: 4 BUFF: 784 DC: 0 FLAG_ZERO: False FLAG_LT: 0 FLAG_GT: 1
INPUT_PORT:  []
OUT_PORT:  []
DATA_MEM:  [784, 365]
---------------------------------------
DEBUG    root:machine.py:309 JMP 0
TICK: 37990 PC:  13 ADDR:   0 MEM_OUT: 784 ACC: 4 BUFF: 784 DC: 0 FLAG_ZERO: False FLAG_LT: 0 FLAG_GT: 1
INPUT_PORT:  []
OUT_PORT:  []
DATA_MEM:  [784, 365]
---------------------------------------
DEBUG    root:machine.py:309 LD 0
TICK: 37993 PC:   0 ADDR:   0 MEM_OUT: 784 ACC: 4 BUFF: 784 DC: 0 FLAG_ZERO: False FLAG_LT: 0 FLAG_GT: 1
INPUT_PORT:  []
OUT_PORT:  []
DATA_MEM:  [784, 365]
---------------------------------------
DEBUG    root:machine.py:309 INC 
TICK: 37997 PC:   1 ADDR:   0 MEM_OUT: 784 ACC: 784 BUFF: 784 DC: 0 FLAG_ZERO: False FLAG_LT: 0 FLAG_GT: 1
INPUT_PORT:  []
OUT_PORT:  []
DATA_MEM:  [784, 365]
---------------------------------------
DEBUG    root:machine.py:309 ST 0
TICK: 38000 PC:   2 ADDR:   0 MEM_OUT: 784 ACC: 785 BUFF: 784 DC: 0 FLAG_ZERO: False FLAG_LT: 0 FLAG_GT: 1
INPUT_PORT:  []
OUT_PORT:  []
DATA_MEM:  [784, 365]
---------------------------------------
DEBUG    root:machine.py:309 CMP 1000
TICK: 38004 PC:   3 ADDR:   0 MEM_OUT: 785 ACC: 785 BUFF: 784 DC: 0 FLAG_ZERO: False FLAG_LT: 0 FLAG_GT: 1
INPUT_PORT:  []
OUT_PORT:  []
DATA_MEM:  [785, 365]
---------------------------------------
DEBUG    root:machine.py:309 JGE 22
TICK: 38007 PC:   4 ADDR:   0 MEM_OUT: 785 ACC: 785 BUFF: 784 DC: 0 FLAG_ZERO: False FLAG_LT: 1 FLAG_GT: 0
INPUT_PORT:  []
OUT_PORT:  []
DATA_MEM:  [785, 365]
---------------------------------------
DEBUG    root:machine.py:309 LD 0
TICK: 38010 PC:   5 ADDR:   0 MEM_OUT: 785 ACC: 785 BUFF: 784 DC: 0 FLAG_ZERO: False FLAG_LT: 1 FLAG_GT: 0
INPUT_PORT:  []
OUT_PORT:  []
DATA_MEM:  [785, 365]
---------------------------------------
DEBUG    root:machine.py:309 MOD 3
TICK: 38014 PC:   6 ADDR:   0 MEM_OUT: 785 ACC: 785 BUFF: 784 DC: 0 FLAG_ZERO: False FLAG_LT: 1 FLAG_GT: 0
INPUT_PORT:  []
OUT_PORT:  []
DATA_MEM:  [785, 365]
---------------------------------------
DEBUG    root:machine.py:309 CMP 0
TICK: 38018 PC:   7 ADDR:   0 MEM_OUT: 785 ACC: 2 BUFF: 785 DC: 0 FLAG_ZERO: False FLAG_LT: 1 FLAG_GT: 0
INPUT_PORT:  []
OUT_PORT:  []
DATA_MEM:  [785, 365]
---------------------------------------
DEBUG    root:machine.py:309 JE 14
TICK: 38021 PC:   8 ADDR:   0 MEM_OUT: 785 ACC: 2 BUFF: 785 DC: 0 FLAG_ZERO: False FLAG_LT: 0 FLAG_GT: 1
INPUT_PORT:  []
OUT_PORT:  []
DATA_MEM:  [785, 365]
---------------------------------------
DEBUG    root:machine.py:309 LD 0
TICK: 38024 PC:   9 ADDR:   0 MEM_OUT: 785 ACC: 2 BUFF: 785 DC: 0 FLAG_ZERO: False FLAG_LT: 0 FLAG_GT: 1
INPUT_PORT:  []
OUT_PORT:  []
DATA_MEM:  [785, 365]
---------------------------------------
DEBUG    root:machine.py:309 MOD 5
TICK: 38028 PC:  10 ADDR:   0 MEM_OUT: 785 ACC: 785 BUFF: 785 DC: 0 FLAG_ZERO: False FLAG_LT: 0 FLAG_GT: 1
INPUT_PORT:  []
OUT_PORT:  []
DATA_MEM:  [785, 365]
---------------------------------------
DEBUG    root:machine.py:309 CMP 0
TICK: 38032 PC:  11 ADDR:   0 MEM_OUT: 785 ACC: 0 BUFF: 785 DC: 0 FLAG_ZERO: False FLAG_LT: 0 FLAG_GT: 1
INPUT_PORT:  []
OUT_PORT:  []
DATA_MEM:  [785, 365]
---------------------------------------
DEBUG    root:machine.py:309 JE 18
TICK: 38035 PC:  12 ADDR:   0 MEM_OUT: 785 ACC: 0 BUFF: 785 DC: 0 FLAG_ZERO: True FLAG_LT: 0 FLAG_GT: 0
INPUT_PORT:  []
OUT_PORT:  []
DATA_MEM:  [785, 365]
---------------------------------------
DEBUG    root:machine.py:309 LD 4
TICK: 38038 PC:  18 ADDR:   0 MEM_OUT: 785 ACC: 0 BUFF: 785 DC: 0 FLAG_ZERO: True FLAG_LT: 0 FLAG_GT: 0
INPUT_PORT:  []
OUT_PORT:  []
DATA_MEM:  [785, 365]
---------------------------------------
DEBUG    root:machine.py:309 INC 
TICK: 38042 PC:  19 ADDR:   1 MEM_OUT: 365 ACC: 365 BUFF: 785 DC: 0 FLAG_ZERO: True FLAG_LT: 0 FLAG_GT: 0
INPUT_PORT:  []
OUT_PORT:  []
DATA_MEM:  [785, 365]
---------------------------------------
DEBUG    root:machine.py:309 ST 4
TICK: 38045 PC:  20 ADDR:   1 MEM_OUT: 365 ACC: 366 BUFF: 785 DC: 0 FLAG_ZERO: True FLAG_LT: 0 FLAG_GT: 0
INPUT_PORT:  []
OUT_PORT:  []
DATA_MEM:  [785, 365]
---------------------------------------
DEBUG    root:machine.py:309 JMP 0
TICK: 38049 PC:  21 ADDR:   1 MEM_OUT: 366 ACC: 366 BUFF: 785 DC: 0 FLAG_ZERO: True FLAG_LT: 0 FLAG_GT: 0
INPUT_PORT:  []
OUT_PORT:  []
DATA_MEM:  [785, 366]
---------------------------------------
DEBUG    root:machine.py:309 LD 0
TICK: 38052 PC:   0 ADDR:   1 MEM_OUT: 366 ACC: 366 BUFF: 785 DC: 0 FLAG_ZERO: True FLAG_LT: 0 FLAG_GT: 0
INPUT_PORT:  []
OUT_PORT:  []
DATA_MEM:  [785, 366]
---------------------------------------
DEBUG    root:machine.py:309 INC 
TICK: 38056 PC:   1 ADDR:   0 MEM_OUT: 785 ACC: 785 BUFF: 785 DC: 0 FLAG_ZERO: True FLAG_LT: 0 FLAG_GT: 0
INPUT_PORT:  []
OUT_PORT:  []
DATA_MEM:  [785, 366]
---------------------------------------
DEBUG    root:machine.py:309 ST 0
TICK: 38059 PC:   2 ADDR:   0 MEM_OUT: 785 ACC: 786 BUFF: 785 DC: 0 FLAG_ZERO: True FLAG_LT: 0 FLAG_GT: 0
INPUT_PORT:  []
OUT_PORT:  []
DATA_MEM:  [785, 366]
---------------------------------------
DEBUG    root:machine.py:309 CMP 1000
TICK: 38063 PC:   3 ADDR:   0 MEM_OUT: 786 ACC: 786 BUFF: 785 DC: 0 FLAG_ZERO: True FLAG_LT: 0 FLAG_GT: 0
INPUT_PORT:  []
OUT_PORT:  []
DATA_MEM:  [786, 366]
---------------------------------------
DEBUG    root:machine.py:309 JGE 22
TICK: 38066 PC:   4 ADDR:   0 MEM_OUT: 786 ACC: 786 BUFF: 785 DC: 0 FLAG_ZERO: False FLAG_LT: 1 FLAG_GT: 0
INPUT_PORT:  []
OUT_PORT:  []
DATA_MEM:  [786, 366]
---------------------------------------
DEBUG    root:machine.py:309 LD 0
TICK: 38069 PC:   5 ADDR:   0 MEM_OUT: 786 ACC: 786 BUFF: 785 DC: 0 FLAG_ZERO: False FLAG_LT: 1 FLAG_GT: 0
INPUT_PORT:  []
OUT_PORT:  []
DATA_MEM:  [786, 366]
---------------------------------------
DEBUG    root:machine.py:309 MOD 3
TICK: 38073 PC:   6 ADDR:   0 MEM_OUT: 786 ACC: 786 BUFF: 785 DC: 0 FLAG_ZERO: False FLAG_LT: 1 FLAG_GT: 0
INPUT_PORT:  []
OUT_PORT:  []
DATA_MEM:  [786, 366]
---------------------------------------
DEBUG    root:machine.py:309 CMP 0
TICK: 38077 PC:   7 ADDR:   0 MEM_OUT: 786 ACC: 0 BUFF: 786 DC: 0 FLAG_ZERO: False FLAG_LT: 1 FLAG_GT: 0
INPUT_PORT:  []
OUT_PORT:  []
DATA_MEM:  [786, 366]
---------------------------------------
DEBUG    root:machine.py:309 JE 14
TICK: 38080 PC:   8 ADDR:   0 MEM_OUT: 786 ACC: 0 BUFF: 786 DC: 0 FLAG_ZERO: True FLAG_LT: 0 FLAG_GT: 0
INPUT_PORT:  []
OUT_PORT:  []
DATA_MEM:  [786, 366]
---------------------------------------
DEBUG    root:machine.py:309 LD 4
TICK: 38083 PC:  14 ADDR:   0 MEM_OUT: 786 ACC: 0 BUFF: 786 DC: 0 FLAG_ZERO: True FLAG_LT: 0 FLAG_GT: 0
INPUT_PORT:  []
OUT_PORT:  []
DATA_MEM:  [786, 366]
---------------------------------------
DEBUG    root:machine.py:309 INC 
TICK: 38087 PC:  15 ADDR:   1 MEM_OUT: 366 ACC: 366 BUFF: 786 DC: 0 FLAG_ZERO: True FLAG_LT: 0 FLAG_GT: 0
INPUT_PORT:  []
OUT_PORT:  []
DATA_MEM:  [786, 366]
---------------------------------------
DEBUG    root:machine.py:309 ST 4
TICK: 38090 PC:  16 ADDR:   1 MEM_OUT: 366 ACC: 367 BUFF: 786 DC: 0 FLAG_ZERO: True FLAG_LT: 0 FLAG_GT: 0
INPUT_PORT:  []
OUT_PORT:  []
DATA_MEM:  [786, 366]
---------------------------------------
DEBUG    root:machine.py:309 JMP 0
TICK: 38094 PC:  17 ADDR:   1 MEM_OUT: 367 ACC: 367 BUFF: 786 DC: 0 FLAG_ZERO: True FLAG_LT: 0 FLAG_GT: 0
INPUT_PORT:  []
OUT_PORT:  []
DATA_MEM:  [786, 367]
---------------------------------------
DEBUG    root:machine.py:309 LD 0
TICK: 38097 PC:   0 ADDR:   1 MEM_OUT: 367 ACC: 367 BUFF: 786 DC: 0 FLAG_ZERO: True FLAG_LT: 0 FLAG_GT: 0
INPUT_PORT:  []
OUT_PORT:  []
DATA_MEM:  [786, 367]
---------------------------------------
DEBUG    root:machine.py:309 INC 
TICK: 38101 PC:   1 ADDR:   0 MEM_OUT: 786 ACC: 786 BUFF: 786 DC: 0 FLAG_ZERO: True FLAG_LT: 0 FLAG_GT: 0
INPUT_PORT:  []
OUT_PORT:  []
DATA_MEM:  [786, 367]
---------------------------------------
DEBUG    root:machine.py:309 ST 0
TICK: 38104 PC:   2 ADDR:   0 MEM_OUT: 786 ACC: 787 BUFF: 786 DC: 0 FLAG_ZERO: True FLAG_LT: 0 FLAG_GT: 0
INPUT_PORT:  []
OUT_PORT:  []
DATA_MEM:  [786, 367]
---------------------------------------
DEBUG    root:machine.py:309 CMP 1000
TICK: 38108 PC:   3 ADDR:   0 MEM_OUT: 787 ACC: 787 BUFF: 786 DC: 0 FLAG_ZERO: True FLAG_LT: 0 FLAG_GT: 0
INPUT_PORT:  []
OUT_PORT:  []
DATA_MEM:  [787, 367]
---------------------------------------
DEBUG    root:machine.py:309 JGE 22
TICK: 38111 PC:   4 ADDR:   0 MEM_OUT: 787 ACC: 787 BUFF: 786 DC: 0 FLAG_ZERO: False FLAG_LT: 1 FLAG_GT: 0
INPUT_PORT:  []
OUT_PORT:  []
DATA_MEM:  [787, 367]
---------------------------------------
DEBUG    root:machine.py:309 LD 0
TICK: 38114 PC:   5 ADDR:   0 MEM_OUT: 787 ACC: 787 BUFF: 786 DC: 0 FLAG_ZERO: False FLAG_LT: 1 FLAG_GT: 0
INPUT_PORT:  []
OUT_PORT:  []
DATA_MEM:  [787, 367]
---------------------------------------
DEBUG    root:machine.py:309 MOD 3
TICK: 38118 PC:   6 ADDR:   0 MEM_OUT: 787 ACC: 787 BUFF: 786 DC: 0 FLAG_ZERO: False FLAG_LT: 1 FLAG_GT: 0
INPUT_PORT:  []
OUT_PORT:  []
DATA_MEM:  [787, 367]
---------------------------------------
DEBUG    root:machine.py:309 CMP 0
TICK: 38122 PC:   7 ADDR:   0 MEM_OUT: 787 ACC: 1 BUFF: 787 DC: 0 FLAG_ZERO: False FLAG_LT: 1 FLAG_GT: 0
INPUT_PORT:  []
OUT_PORT:  []
DATA_MEM:  [787, 367]
---------------------------------------
DEBUG    root:machine.py:309 JE 14
TICK: 38125 PC:   8 ADDR:   0 MEM_OUT: 787 ACC: 1 BUFF: 787 DC: 0 FLAG_ZERO: False FLAG_LT: 0 FLAG_GT: 1
INPUT_PORT:  []
OUT_PORT:  []
DATA_MEM:  [787, 367]
---------------------------------------
DEBUG    root:machine.py:309 LD 0
TICK: 38128 PC:   9 ADDR:   0 MEM_OUT: 787 ACC: 1 BUFF: 787 DC: 0 FLAG_ZERO: False FLAG_LT: 0 FLAG_GT: 1
INPUT_PORT:  []
OUT_PORT:  []
DATA_MEM:  [787, 367]
---------------------------------------
DEBUG    root:machine.py:309 MOD 5
TICK: 38132 PC:  10 ADDR:   0 MEM_OUT: 787 ACC: 787 BUFF: 787 DC: 0 FLAG_ZERO: False FLAG_LT: 0 FLAG_GT: 1
INPUT_PORT:  []
OUT_PORT:  []
DATA_MEM:  [787, 367]
---------------------------------------
DEBUG    root:machine.py:309 CMP 0
TICK: 38136 PC:  11 ADDR:   0 MEM_OUT: 787 ACC: 2 BUFF: 787 DC: 0 FLAG_ZERO: False FLAG_LT: 0 FLAG_GT: 1
INPUT_PORT:  []
OUT_PORT:  []
DATA_MEM:  [787, 367]
---------------------------------------
DEBUG    root:machine.py:309 JE 18
TICK: 38139 PC:  12 ADDR:   0 MEM_OUT: 787 ACC: 2 BUFF: 787 DC: 0 FLAG_ZERO: False FLAG_LT: 0 FLAG_GT: 1
INPUT_PORT:  []
OUT_PORT:  []
DATA_MEM:  [787, 367]
---------------------------------------
DEBUG    root:machine.py:309 JMP 0
TICK: 38142 PC:  13 ADDR:   0 MEM_OUT: 787 ACC: 2 BUFF: 787 DC: 0 FLAG_ZERO: False FLAG_LT: 0 FLAG_GT: 1
INPUT_PORT:  []
OUT_PORT:  []
DATA_MEM:  [787, 367]
---------------------------------------
DEBUG    root:machine.py:309 LD 0
TICK: 38145 PC:   0 ADDR:   0 MEM_OUT: 787 ACC: 2 BUFF: 787 DC: 0 FLAG_ZERO: False FLAG_LT: 0 FLAG_GT: 1
INPUT_PORT:  []
OUT_PORT:  []
DATA_MEM:  [787, 367]
---------------------------------------
DEBUG    root:machine.py:309 INC 
TICK: 38149 PC:   1 ADDR:   0 MEM_OUT: 787 ACC: 787 BUFF: 787 DC: 0 FLAG_ZERO: False FLAG_LT: 0 FLAG_GT: 1
INPUT_PORT:  []
OUT_PORT:  []
DATA_MEM:  [787, 367]
---------------------------------------
DEBUG    root:machine.py:309 ST 0
TICK: 38152 PC:   2 ADDR:   0 MEM_OUT: 787 ACC: 788 BUFF: 787 DC: 0 FLAG_ZERO: False FLAG_LT: 0 FLAG_GT: 1
INPUT_PORT:  []
OUT_PORT:  []
DATA_MEM:  [787, 367]
---------------------------------------
DEBUG    root:machine.py:309 CMP 1000
TICK: 38156 PC:   3 ADDR:   0 MEM_OUT: 788 ACC: 788 BUFF: 787 DC: 0 FLAG_ZERO: False FLAG_LT: 0 FLAG_GT: 1
INPUT_PORT:  []
OUT_PORT:  []
DATA_MEM:  [788, 367]
---------------------------------------
DEBUG    root:machine.py:309 JGE 22
TICK: 38159 PC:   4 ADDR:   0 MEM_OUT: 788 ACC: 788 BUFF: 787 DC: 0 FLAG_ZERO: False FLAG_LT: 1 FLAG_GT: 0
INPUT_PORT:  []
OUT_PORT:  []
DATA_MEM:  [788, 367]
---------------------------------------
DEBUG    root:machine.py:309 LD 0
TICK: 38162 PC:   5 ADDR:   0 MEM_OUT: 788 ACC: 788 BUFF: 787 DC: 0 FLAG_ZERO: False FLAG_LT: 1 FLAG_GT: 0
INPUT_PORT:  []
OUT_PORT:  []
DATA_MEM:  [788, 367]
---------------------------------------
DEBUG    root:machine.py:309 MOD 3
TICK: 38166 PC:   6 ADDR:   0 MEM_OUT: 788 ACC: 788 BUFF: 787 DC: 0 FLAG_ZERO: False FLAG_LT: 1 FLAG_GT: 0
INPUT_PORT:  []
OUT_PORT:  []
DATA_MEM:  [788, 367]
---------------------------------------
DEBUG    root:machine.py:309 CMP 0
TICK: 38170 PC:   7 ADDR:   0 MEM_OUT: 788 ACC: 2 BUFF: 788 DC: 0 FLAG_ZERO: False FLAG_LT: 1 FLAG_GT: 0
INPUT_PORT:  []
OUT_PORT:  []
DATA_MEM:  [788, 367]
---------------------------------------
DEBUG    root:machine.py:309 JE 14
TICK: 38173 PC:   8 ADDR:   0 MEM_OUT: 788 ACC: 2 BUFF: 788 DC: 0 FLAG_ZERO: False FLAG_LT: 0 FLAG_GT: 1
INPUT_PORT:  []
OUT_PORT:  []
DATA_MEM:  [788, 367]
---------------------------------------
DEBUG    root:machine.py:309 LD 0
TICK: 38176 PC:   9 ADDR:   0 MEM_OUT: 788 ACC: 2 BUFF: 788 DC: 0 FLAG_ZERO: False FLAG_LT: 0 FLAG_GT: 1
INPUT_PORT:  []
OUT_PORT:  []
DATA_MEM:  [788, 367]
---------------------------------------
DEBUG    root:machine.py:309 MOD 5
TICK: 38180 PC:  10 ADDR:   0 MEM_OUT: 788 ACC: 788 BUFF: 788 DC: 0 FLAG_ZERO: False FLAG_LT: 0 FLAG_GT: 1
INPUT_PORT:  []
OUT_PORT:  []
DATA_MEM:  [788, 367]
---------------------------------------
DEBUG    root:machine.py:309 CMP 0
TICK: 38184 PC:  11 ADDR:   0 MEM_OUT: 788 ACC: 3 BUFF: 788 DC: 0 FLAG_ZERO: False FLAG_LT: 0 FLAG_GT: 1
INPUT_PORT:  []
OUT_PORT:  []
DATA_MEM:  [788, 367]
---------------------------------------
DEBUG    root:machine.py:309 JE 18
TICK: 38187 PC:  12 ADDR:   0 MEM_OUT: 788 ACC: 3 BUFF: 788 DC: 0 FLAG_ZERO: False FLAG_LT: 0 FLAG_GT: 1
INPUT_PORT:  []
OUT_PORT:  []
DATA_MEM:  [788, 367]
---------------------------------------
DEBUG    root:machine.py:309 JMP 0
TICK: 38190 PC:  13 ADDR:   0 MEM_OUT: 788 ACC: 3 BUFF: 788 DC: 0 FLAG_ZERO: False FLAG_LT: 0 FLAG_GT: 1
INPUT_PORT:  []
OUT_PORT:  []
DATA_MEM:  [788, 367]
---------------------------------------
DEBUG    root:machine.py:309 LD 0
TICK: 38193 PC:   0 ADDR:   0 MEM_OUT: 788 ACC: 3 BUFF: 788 DC: 0 FLAG_ZERO: False FLAG_LT: 0 FLAG_GT: 1
INPUT_PORT:  []
OUT_PORT:  []
DATA_MEM:  [788, 367]
---------------------------------------
DEBUG    root:machine.py:309 INC 
TICK: 38197 PC:   1 ADDR:   0 MEM_OUT: 788 ACC: 788 BUFF: 788 DC: 0 FLAG_ZERO: False FLAG_LT: 0 FLAG_GT: 1
INPUT_PORT:  []
OUT_PORT:  []
DATA_MEM:  [788, 367]
---------------------------------------
DEBUG    root:machine.py:309 ST 0
TICK: 38200 PC:   2 ADDR:   0 MEM_OUT: 788 ACC: 789 BUFF: 788 DC: 0 FLAG_ZERO: False FLAG_LT: 0 FLAG_GT: 1
INPUT_PORT:  []
OUT_PORT:  []
DATA_MEM:  [788, 367]
---------------------------------------
DEBUG    root:machine.py:309 CMP 1000
TICK: 38204 PC:   3 ADDR:   0 MEM_OUT: 789 ACC: 789 BUFF: 788 DC: 0 FLAG_ZERO: False FLAG_LT: 0 FLAG_GT: 1
INPUT_PORT:  []
OUT_PORT:  []
DATA_MEM:  [789, 367]
---------------------------------------
DEBUG    root:machine.py:309 JGE 22
TICK: 38207 PC:   4 ADDR:   0 MEM_OUT: 789 ACC: 789 BUFF: 788 DC: 0 FLAG_ZERO: False FLAG_LT: 1 FLAG_GT: 0
INPUT_PORT:  []
OUT_PORT:  []
DATA_MEM:  [789, 367]
---------------------------------------
DEBUG    root:machine.py:309 LD 0
TICK: 38210 PC:   5 ADDR:   0 MEM_OUT: 789 ACC: 789 BUFF: 788 DC: 0 FLAG_ZERO: False FLAG_LT: 1 FLAG_GT: 0
INPUT_PORT:  []
OUT_PORT:  []
DATA_MEM:  [789, 367]
---------------------------------------
DEBUG    root:machine.py:309 MOD 3
TICK: 38214 PC:   6 ADDR:   0 MEM_OUT: 789 ACC: 789 BUFF: 788 DC: 0 FLAG_ZERO: False FLAG_LT: 1 FLAG_GT: 0
INPUT_PORT:  []
OUT_PORT:  []
DATA_MEM:  [789, 367]
---------------------------------------
DEBUG    root:machine.py:309 CMP 0
TICK: 38218 PC:   7 ADDR:   0 MEM_OUT: 789 ACC: 0 BUFF: 789 DC: 0 FLAG_ZERO: False FLAG_LT: 1 FLAG_GT: 0
INPUT_PORT:  []
OUT_PORT:  []
DATA_MEM:  [789, 367]
---------------------------------------
DEBUG    root:machine.py:309 JE 14
TICK: 38221 PC:   8 ADDR:   0 MEM_OUT: 789 ACC: 0 BUFF: 789 DC: 0 FLAG_ZERO: True FLAG_LT: 0 FLAG_GT: 0
INPUT_PORT:  []
OUT_PORT:  []
DATA_MEM:  [789, 367]
---------------------------------------
DEBUG    root:machine.py:309 LD 4
TICK: 38224 PC:  14 ADDR:   0 MEM_OUT: 789 ACC: 0 BUFF: 789 DC: 0 FLAG_ZERO: True FLAG_LT: 0 FLAG_GT: 0
INPUT_PORT:  []
OUT_PORT:  []
DATA_MEM:  [789, 367]
---------------------------------------
DEBUG    root:machine.py:309 INC 
TICK: 38228 PC:  15 ADDR:   1 MEM_OUT: 367 ACC: 367 BUFF: 789 DC: 0 FLAG_ZERO: True FLAG_LT: 0 FLAG_GT: 0
INPUT_PORT:  []
OUT_PORT:  []
DATA_MEM:  [789, 367]
---------------------------------------
DEBUG    root:machine.py:309 ST 4
TICK: 38231 PC:  16 ADDR:   1 MEM_OUT: 367 ACC: 368 BUFF: 789 DC: 0 FLAG_ZERO: True FLAG_LT: 0 FLAG_GT: 0
INPUT_PORT:  []
OUT_PORT:  []
DATA_MEM:  [789, 367]
---------------------------------------
DEBUG    root:machine.py:309 JMP 0
TICK: 38235 PC:  17 ADDR:   1 MEM_OUT: 368 ACC: 368 BUFF: 789 DC: 0 FLAG_ZERO: True FLAG_LT: 0 FLAG_GT: 0
INPUT_PORT:  []
OUT_PORT:  []
DATA_MEM:  [789, 368]
---------------------------------------
DEBUG    root:machine.py:309 LD 0
TICK: 38238 PC:   0 ADDR:   1 MEM_OUT: 368 ACC: 368 BUFF: 789 DC: 0 FLAG_ZERO: True FLAG_LT: 0 FLAG_GT: 0
INPUT_PORT:  []
OUT_PORT:  []
DATA_MEM:  [789, 368]
---------------------------------------
DEBUG    root:machine.py:309 INC 
TICK: 38242 PC:   1 ADDR:   0 MEM_OUT: 789 ACC: 789 BUFF: 789 DC: 0 FLAG_ZERO: True FLAG_LT: 0 FLAG_GT: 0
INPUT_PORT:  []
OUT_PORT:  []
DATA_MEM:  [789, 368]
---------------------------------------
DEBUG    root:machine.py:309 ST 0
TICK: 38245 PC:   2 ADDR:   0 MEM_OUT: 789 ACC: 790 BUFF: 789 DC: 0 FLAG_ZERO: True FLAG_LT: 0 FLAG_GT: 0
INPUT_PORT:  []
OUT_PORT:  []
DATA_MEM:  [789, 368]
---------------------------------------
DEBUG    root:machine.py:309 CMP 1000
TICK: 38249 PC:   3 ADDR:   0 MEM_OUT: 790 ACC: 790 BUFF: 789 DC: 0 FLAG_ZERO: True FLAG_LT: 0 FLAG_GT: 0
INPUT_PORT:  []
OUT_PORT:  []
DATA_MEM:  [790, 368]
---------------------------------------
DEBUG    root:machine.py:309 JGE 22
TICK: 38252 PC:   4 ADDR:   0 MEM_OUT: 790 ACC: 790 BUFF: 789 DC: 0 FLAG_ZERO: False FLAG_LT: 1 FLAG_GT: 0
INPUT_PORT:  []
OUT_PORT:  []
DATA_MEM:  [790, 368]
---------------------------------------
DEBUG    root:machine.py:309 LD 0
TICK: 38255 PC:   5 ADDR:   0 MEM_OUT: 790 ACC: 790 BUFF: 789 DC: 0 FLAG_ZERO: False FLAG_LT: 1 FLAG_GT: 0
INPUT_PORT:  []
OUT_PORT:  []
DATA_MEM:  [790, 368]
---------------------------------------
DEBUG    root:machine.py:309 MOD 3
TICK: 38259 PC:   6 ADDR:   0 MEM_OUT: 790 ACC: 790 BUFF: 789 DC: 0 FLAG_ZERO: False FLAG_LT: 1 FLAG_GT: 0
INPUT_PORT:  []
OUT_PORT:  []
DATA_MEM:  [790, 368]
---------------------------------------
DEBUG    root:machine.py:309 CMP 0
TICK: 38263 PC:   7 ADDR:   0 MEM_OUT: 790 ACC: 1 BUFF: 790 DC: 0 FLAG_ZERO: False FLAG_LT: 1 FLAG_GT: 0
INPUT_PORT:  []
OUT_PORT:  []
DATA_MEM:  [790, 368]
---------------------------------------
DEBUG    root:machine.py:309 JE 14
TICK: 38266 PC:   8 ADDR:   0 MEM_OUT: 790 ACC: 1 BUFF: 790 DC: 0 FLAG_ZERO: False FLAG_LT: 0 FLAG_GT: 1
INPUT_PORT:  []
OUT_PORT:  []
DATA_MEM:  [790, 368]
---------------------------------------
DEBUG    root:machine.py:309 LD 0
TICK: 38269 PC:   9 ADDR:   0 MEM_OUT: 790 ACC: 1 BUFF: 790 DC: 0 FLAG_ZERO: False FLAG_LT: 0 FLAG_GT: 1
INPUT_PORT:  []
OUT_PORT:  []
DATA_MEM:  [790, 368]
---------------------------------------
DEBUG    root:machine.py:309 MOD 5
TICK: 38273 PC:  10 ADDR:   0 MEM_OUT: 790 ACC: 790 BUFF: 790 DC: 0 FLAG_ZERO: False FLAG_LT: 0 FLAG_GT: 1
INPUT_PORT:  []
OUT_PORT:  []
DATA_MEM:  [790, 368]
---------------------------------------
DEBUG    root:machine.py:309 CMP 0
TICK: 38277 PC:  11 ADDR:   0 MEM_OUT: 790 ACC: 0 BUFF: 790 DC: 0 FLAG_ZERO: False FLAG_LT: 0 FLAG_GT: 1
INPUT_PORT:  []
OUT_PORT:  []
DATA_MEM:  [790, 368]
---------------------------------------
DEBUG    root:machine.py:309 JE 18
TICK: 38280 PC:  12 ADDR:   0 MEM_OUT: 790 ACC: 0 BUFF: 790 DC: 0 FLAG_ZERO: True FLAG_LT: 0 FLAG_GT: 0
INPUT_PORT:  []
OUT_PORT:  []
DATA_MEM:  [790, 368]
---------------------------------------
DEBUG    root:machine.py:309 LD 4
TICK: 38283 PC:  18 ADDR:   0 MEM_OUT: 790 ACC: 0 BUFF: 790 DC: 0 FLAG_ZERO: True FLAG_LT: 0 FLAG_GT: 0
INPUT_PORT:  []
OUT_PORT:  []
DATA_MEM:  [790, 368]
---------------------------------------
DEBUG    root:machine.py:309 INC 
TICK: 38287 PC:  19 ADDR:   1 MEM_OUT: 368 ACC: 368 BUFF: 790 DC: 0 FLAG_ZERO: True FLAG_LT: 0 FLAG_GT: 0
INPUT_PORT:  []
OUT_PORT:  []
DATA_MEM:  [790, 368]
---------------------------------------
DEBUG    root:machine.py:309 ST 4
TICK: 38290 PC:  20 ADDR:   1 MEM_OUT: 368 ACC: 369 BUFF: 790 DC: 0 FLAG_ZERO: True FLAG_LT: 0 FLAG_GT: 0
INPUT_PORT:  []
OUT_PORT:  []
DATA_MEM:  [790, 368]
---------------------------------------
DEBUG    root:machine.py:309 JMP 0
TICK: 38294 PC:  21 ADDR:   1 MEM_OUT: 369 ACC: 369 BUFF: 790 DC: 0 FLAG_ZERO: True FLAG_LT: 0 FLAG_GT: 0
INPUT_PORT:  []
OUT_PORT:  []
DATA_MEM:  [790, 369]
---------------------------------------
DEBUG    root:machine.py:309 LD 0
TICK: 38297 PC:   0 ADDR:   1 MEM_OUT: 369 ACC: 369 BUFF: 790 DC: 0 FLAG_ZERO: True FLAG_LT: 0 FLAG_GT: 0
INPUT_PORT:  []
OUT_PORT:  []
DATA_MEM:  [790, 369]
---------------------------------------
DEBUG    root:machine.py:309 INC 
TICK: 38301 PC:   1 ADDR:   0 MEM_OUT: 790 ACC: 790 BUFF: 790 DC: 0 FLAG_ZERO: True FLAG_LT: 0 FLAG_GT: 0
INPUT_PORT:  []
OUT_PORT:  []
DATA_MEM:  [790, 369]
---------------------------------------
DEBUG    root:machine.py:309 ST 0
TICK: 38304 PC:   2 ADDR:   0 MEM_OUT: 790 ACC: 791 BUFF: 790 DC: 0 FLAG_ZERO: True FLAG_LT: 0 FLAG_GT: 0
INPUT_PORT:  []
OUT_PORT:  []
DATA_MEM:  [790, 369]
---------------------------------------
DEBUG    root:machine.py:309 CMP 1000
TICK: 38308 PC:   3 ADDR:   0 MEM_OUT: 791 ACC: 791 BUFF: 790 DC: 0 FLAG_ZERO: True FLAG_LT: 0 FLAG_GT: 0
INPUT_PORT:  []
OUT_PORT:  []
DATA_MEM:  [791, 369]
---------------------------------------
DEBUG    root:machine.py:309 JGE 22
TICK: 38311 PC:   4 ADDR:   0 MEM_OUT: 791 ACC: 791 BUFF: 790 DC: 0 FLAG_ZERO: False FLAG_LT: 1 FLAG_GT: 0
INPUT_PORT:  []
OUT_PORT:  []
DATA_MEM:  [791, 369]
---------------------------------------
DEBUG    root:machine.py:309 LD 0
TICK: 38314 PC:   5 ADDR:   0 MEM_OUT: 791 ACC: 791 BUFF: 790 DC: 0 FLAG_ZERO: False FLAG_LT: 1 FLAG_GT: 0
INPUT_PORT:  []
OUT_PORT:  []
DATA_MEM:  [791, 369]
---------------------------------------
DEBUG    root:machine.py:309 MOD 3
TICK: 38318 PC:   6 ADDR:   0 MEM_OUT: 791 ACC: 791 BUFF: 790 DC: 0 FLAG_ZERO: False FLAG_LT: 1 FLAG_GT: 0
INPUT_PORT:  []
OUT_PORT:  []
DATA_MEM:  [791, 369]
---------------------------------------
DEBUG    root:machine.py:309 CMP 0
TICK: 38322 PC:   7 ADDR:   0 MEM_OUT: 791 ACC: 2 BUFF: 791 DC: 0 FLAG_ZERO: False FLAG_LT: 1 FLAG_GT: 0
INPUT_PORT:  []
OUT_PORT:  []
DATA_MEM:  [791, 369]
---------------------------------------
DEBUG    root:machine.py:309 JE 14
TICK: 38325 PC:   8 ADDR:   0 MEM_OUT: 791 ACC: 2 BUFF: 791 DC: 0 FLAG_ZERO: False FLAG_LT: 0 FLAG_GT: 1
INPUT_PORT:  []
OUT_PORT:  []
DATA_MEM:  [791, 369]
---------------------------------------
DEBUG    root:machine.py:309 LD 0
TICK: 38328 PC:   9 ADDR:   0 MEM_OUT: 791 ACC: 2 BUFF: 791 DC: 0 FLAG_ZERO: False FLAG_LT: 0 FLAG_GT: 1
INPUT_PORT:  []
OUT_PORT:  []
DATA_MEM:  [791, 369]
---------------------------------------
DEBUG    root:machine.py:309 MOD 5
TICK: 38332 PC:  10 ADDR:   0 MEM_OUT: 791 ACC: 791 BUFF: 791 DC: 0 FLAG_ZERO: False FLAG_LT: 0 FLAG_GT: 1
INPUT_PORT:  []
OUT_PORT:  []
DATA_MEM:  [791, 369]
---------------------------------------
DEBUG    root:machine.py:309 CMP 0
TICK: 38336 PC:  11 ADDR:   0 MEM_OUT: 791 ACC: 1 BUFF: 791 DC: 0 FLAG_ZERO: False FLAG_LT: 0 FLAG_GT: 1
INPUT_PORT:  []
OUT_PORT:  []
DATA_MEM:  [791, 369]
---------------------------------------
DEBUG    root:machine.py:309 JE 18
TICK: 38339 PC:  12 ADDR:   0 MEM_OUT: 791 ACC: 1 BUFF: 791 DC: 0 FLAG_ZERO: False FLAG_LT: 0 FLAG_GT: 1
INPUT_PORT:  []
OUT_PORT:  []
DATA_MEM:  [791, 369]
---------------------------------------
DEBUG    root:machine.py:309 JMP 0
TICK: 38342 PC:  13 ADDR:   0 MEM_OUT: 791 ACC: 1 BUFF: 791 DC: 0 FLAG_ZERO: False FLAG_LT: 0 FLAG_GT: 1
INPUT_PORT:  []
OUT_PORT:  []
DATA_MEM:  [791, 369]
---------------------------------------
DEBUG    root:machine.py:309 LD 0
TICK: 38345 PC:   0 ADDR:   0 MEM_OUT: 791 ACC: 1 BUFF: 791 DC: 0 FLAG_ZERO: False FLAG_LT: 0 FLAG_GT: 1
INPUT_PORT:  []
OUT_PORT:  []
DATA_MEM:  [791, 369]
---------------------------------------
DEBUG    root:machine.py:309 INC 
TICK: 38349 PC:   1 ADDR:   0 MEM_OUT: 791 ACC: 791 BUFF: 791 DC: 0 FLAG_ZERO: False FLAG_LT: 0 FLAG_GT: 1
INPUT_PORT:  []
OUT_PORT:  []
DATA_MEM:  [791, 369]
---------------------------------------
DEBUG    root:machine.py:309 ST 0
TICK: 38352 PC:   2 ADDR:   0 MEM_OUT: 791 ACC: 792 BUFF: 791 DC: 0 FLAG_ZERO: False FLAG_LT: 0 FLAG_GT: 1
INPUT_PORT:  []
OUT_PORT:  []
DATA_MEM:  [791, 369]
---------------------------------------
DEBUG    root:machine.py:309 CMP 1000
TICK: 38356 PC:   3 ADDR:   0 MEM_OUT: 792 ACC: 792 BUFF: 791 DC: 0 FLAG_ZERO: False FLAG_LT: 0 FLAG_GT: 1
INPUT_PORT:  []
OUT_PORT:  []
DATA_MEM:  [792, 369]
---------------------------------------
DEBUG    root:machine.py:309 JGE 22
TICK: 38359 PC:   4 ADDR:   0 MEM_OUT: 792 ACC: 792 BUFF: 791 DC: 0 FLAG_ZERO: False FLAG_LT: 1 FLAG_GT: 0
INPUT_PORT:  []
OUT_PORT:  []
DATA_MEM:  [792, 369]
---------------------------------------
DEBUG    root:machine.py:309 LD 0
TICK: 38362 PC:   5 ADDR:   0 MEM_OUT: 792 ACC: 792 BUFF: 791 DC: 0 FLAG_ZERO: False FLAG_LT: 1 FLAG_GT: 0
INPUT_PORT:  []
OUT_PORT:  []
DATA_MEM:  [792, 369]
---------------------------------------
DEBUG    root:machine.py:309 MOD 3
TICK: 38366 PC:   6 ADDR:   0 MEM_OUT: 792 ACC: 792 BUFF: 791 DC: 0 FLAG_ZERO: False FLAG_LT: 1 FLAG_GT: 0
INPUT_PORT:  []
OUT_PORT:  []
DATA_MEM:  [792, 369]
---------------------------------------
DEBUG    root:machine.py:309 CMP 0
TICK: 38370 PC:   7 ADDR:   0 MEM_OUT: 792 ACC: 0 BUFF: 792 DC: 0 FLAG_ZERO: False FLAG_LT: 1 FLAG_GT: 0
INPUT_PORT:  []
OUT_PORT:  []
DATA_MEM:  [792, 369]
---------------------------------------
DEBUG    root:machine.py:309 JE 14
TICK: 38373 PC:   8 ADDR:   0 MEM_OUT: 792 ACC: 0 BUFF: 792 DC: 0 FLAG_ZERO: True FLAG_LT: 0 FLAG_GT: 0
INPUT_PORT:  []
OUT_PORT:  []
DATA_MEM:  [792, 369]
---------------------------------------
DEBUG    root:machine.py:309 LD 4
TICK: 38376 PC:  14 ADDR:   0 MEM_OUT: 792 ACC: 0 BUFF: 792 DC: 0 FLAG_ZERO: True FLAG_LT: 0 FLAG_GT: 0
INPUT_PORT:  []
OUT_PORT:  []
DATA_MEM:  [792, 369]
---------------------------------------
DEBUG    root:machine.py:309 INC 
TICK: 38380 PC:  15 ADDR:   1 MEM_OUT: 369 ACC: 369 BUFF: 792 DC: 0 FLAG_ZERO: True FLAG_LT: 0 FLAG_GT: 0
INPUT_PORT:  []
OUT_PORT:  []
DATA_MEM:  [792, 369]
---------------------------------------
DEBUG    root:machine.py:309 ST 4
TICK: 38383 PC:  16 ADDR:   1 MEM_OUT: 369 ACC: 370 BUFF: 792 DC: 0 FLAG_ZERO: True FLAG_LT: 0 FLAG_GT: 0
INPUT_PORT:  []
OUT_PORT:  []
DATA_MEM:  [792, 369]
---------------------------------------
DEBUG    root:machine.py:309 JMP 0
TICK: 38387 PC:  17 ADDR:   1 MEM_OUT: 370 ACC: 370 BUFF: 792 DC: 0 FLAG_ZERO: True FLAG_LT: 0 FLAG_GT: 0
INPUT_PORT:  []
OUT_PORT:  []
DATA_MEM:  [792, 370]
---------------------------------------
DEBUG    root:machine.py:309 LD 0
TICK: 38390 PC:   0 ADDR:   1 MEM_OUT: 370 ACC: 370 BUFF: 792 DC: 0 FLAG_ZERO: True FLAG_LT: 0 FLAG_GT: 0
INPUT_PORT:  []
OUT_PORT:  []
DATA_MEM:  [792, 370]
---------------------------------------
DEBUG    root:machine.py:309 INC 
TICK: 38394 PC:   1 ADDR:   0 MEM_OUT: 792 ACC: 792 BUFF: 792 DC: 0 FLAG_ZERO: True FLAG_LT: 0 FLAG_GT: 0
INPUT_PORT:  []
OUT_PORT:  []
DATA_MEM:  [792, 370]
---------------------------------------
DEBUG    root:machine.py:309 ST 0
TICK: 38397 PC:   2 ADDR:   0 MEM_OUT: 792 ACC: 793 BUFF: 792 DC: 0 FLAG_ZERO: True FLAG_LT: 0 FLAG_GT: 0
INPUT_PORT:  []
OUT_PORT:  []
DATA_MEM:  [792, 370]
---------------------------------------
DEBUG    root:machine.py:309 CMP 1000
TICK: 38401 PC:   3 ADDR:   0 MEM_OUT: 793 ACC: 793 BUFF: 792 DC: 0 FLAG_ZERO: True FLAG_LT: 0 FLAG_GT: 0
INPUT_PORT:  []
OUT_PORT:  []
DATA_MEM:  [793, 370]
---------------------------------------
DEBUG    root:machine.py:309 JGE 22
TICK: 38404 PC:   4 ADDR:   0 MEM_OUT: 793 ACC: 793 BUFF: 792 DC: 0 FLAG_ZERO: False FLAG_LT: 1 FLAG_GT: 0
INPUT_PORT:  []
OUT_PORT:  []
DATA_MEM:  [793, 370]
---------------------------------------
DEBUG    root:machine.py:309 LD 0
TICK: 38407 PC:   5 ADDR:   0 MEM_OUT: 793 ACC: 793 BUFF: 792 DC: 0 FLAG_ZERO: False FLAG_LT: 1 FLAG_GT: 0
INPUT_PORT:  []
OUT_PORT:  []
DATA_MEM:  [793, 370]
---------------------------------------
DEBUG    root:machine.py:309 MOD 3
TICK: 38411 PC:   6 ADDR:   0 MEM_OUT: 793 ACC: 793 BUFF: 792 DC: 0 FLAG_ZERO: False FLAG_LT: 1 FLAG_GT: 0
INPUT_PORT:  []
OUT_PORT:  []
DATA_MEM:  [793, 370]
---------------------------------------
DEBUG    root:machine.py:309 CMP 0
TICK: 38415 PC:   7 ADDR:   0 MEM_OUT: 793 ACC: 1 BUFF: 793 DC: 0 FLAG_ZERO: False FLAG_LT: 1 FLAG_GT: 0
INPUT_PORT:  []
OUT_PORT:  []
DATA_MEM:  [793, 370]
---------------------------------------
DEBUG    root:machine.py:309 JE 14
TICK: 38418 PC:   8 ADDR:   0 MEM_OUT: 793 ACC: 1 BUFF: 793 DC: 0 FLAG_ZERO: False FLAG_LT: 0 FLAG_GT: 1
INPUT_PORT:  []
OUT_PORT:  []
DATA_MEM:  [793, 370]
---------------------------------------
DEBUG    root:machine.py:309 LD 0
TICK: 38421 PC:   9 ADDR:   0 MEM_OUT: 793 ACC: 1 BUFF: 793 DC: 0 FLAG_ZERO: False FLAG_LT: 0 FLAG_GT: 1
INPUT_PORT:  []
OUT_PORT:  []
DATA_MEM:  [793, 370]
---------------------------------------
DEBUG    root:machine.py:309 MOD 5
TICK: 38425 PC:  10 ADDR:   0 MEM_OUT: 793 ACC: 793 BUFF: 793 DC: 0 FLAG_ZERO: False FLAG_LT: 0 FLAG_GT: 1
INPUT_PORT:  []
OUT_PORT:  []
DATA_MEM:  [793, 370]
---------------------------------------
DEBUG    root:machine.py:309 CMP 0
TICK: 38429 PC:  11 ADDR:   0 MEM_OUT: 793 ACC: 3 BUFF: 793 DC: 0 FLAG_ZERO: False FLAG_LT: 0 FLAG_GT: 1
INPUT_PORT:  []
OUT_PORT:  []
DATA_MEM:  [793, 370]
---------------------------------------
DEBUG    root:machine.py:309 JE 18
TICK: 38432 PC:  12 ADDR:   0 MEM_OUT: 793 ACC: 3 BUFF: 793 DC: 0 FLAG_ZERO: False FLAG_LT: 0 FLAG_GT: 1
INPUT_PORT:  []
OUT_PORT:  []
DATA_MEM:  [793, 370]
---------------------------------------
DEBUG    root:machine.py:309 JMP 0
TICK: 38435 PC:  13 ADDR:   0 MEM_OUT: 793 ACC: 3 BUFF: 793 DC: 0 FLAG_ZERO: False FLAG_LT: 0 FLAG_GT: 1
INPUT_PORT:  []
OUT_PORT:  []
DATA_MEM:  [793, 370]
---------------------------------------
DEBUG    root:machine.py:309 LD 0
TICK: 38438 PC:   0 ADDR:   0 MEM_OUT: 793 ACC: 3 BUFF: 793 DC: 0 FLAG_ZERO: False FLAG_LT: 0 FLAG_GT: 1
INPUT_PORT:  []
OUT_PORT:  []
DATA_MEM:  [793, 370]
---------------------------------------
DEBUG    root:machine.py:309 INC 
TICK: 38442 PC:   1 ADDR:   0 MEM_OUT: 793 ACC: 793 BUFF: 793 DC: 0 FLAG_ZERO: False FLAG_LT: 0 FLAG_GT: 1
INPUT_PORT:  []
OUT_PORT:  []
DATA_MEM:  [793, 370]
---------------------------------------
DEBUG    root:machine.py:309 ST 0
TICK: 38445 PC:   2 ADDR:   0 MEM_OUT: 793 ACC: 794 BUFF: 793 DC: 0 FLAG_ZERO: False FLAG_LT: 0 FLAG_GT: 1
INPUT_PORT:  []
OUT_PORT:  []
DATA_MEM:  [793, 370]
---------------------------------------
DEBUG    root:machine.py:309 CMP 1000
TICK: 38449 PC:   3 ADDR:   0 MEM_OUT: 794 ACC: 794 BUFF: 793 DC: 0 FLAG_ZERO: False FLAG_LT: 0 FLAG_GT: 1
INPUT_PORT:  []
OUT_PORT:  []
DATA_MEM:  [794, 370]
---------------------------------------
DEBUG    root:machine.py:309 JGE 22
TICK: 38452 PC:   4 ADDR:   0 MEM_OUT: 794 ACC: 794 BUFF: 793 DC: 0 FLAG_ZERO: False FLAG_LT: 1 FLAG_GT: 0
INPUT_PORT:  []
OUT_PORT:  []
DATA_MEM:  [794, 370]
---------------------------------------
DEBUG    root:machine.py:309 LD 0
TICK: 38455 PC:   5 ADDR:   0 MEM_OUT: 794 ACC: 794 BUFF: 793 DC: 0 FLAG_ZERO: False FLAG_LT: 1 FLAG_GT: 0
INPUT_PORT:  []
OUT_PORT:  []
DATA_MEM:  [794, 370]
---------------------------------------
DEBUG    root:machine.py:309 MOD 3
TICK: 38459 PC:   6 ADDR:   0 MEM_OUT: 794 ACC: 794 BUFF: 793 DC: 0 FLAG_ZERO: False FLAG_LT: 1 FLAG_GT: 0
INPUT_PORT:  []
OUT_PORT:  []
DATA_MEM:  [794, 370]
---------------------------------------
DEBUG    root:machine.py:309 CMP 0
TICK: 38463 PC:   7 ADDR:   0 MEM_OUT: 794 ACC: 2 BUFF: 794 DC: 0 FLAG_ZERO: False FLAG_LT: 1 FLAG_GT: 0
INPUT_PORT:  []
OUT_PORT:  []
DATA_MEM:  [794, 370]
---------------------------------------
DEBUG    root:machine.py:309 JE 14
TICK: 38466 PC:   8 ADDR:   0 MEM_OUT: 794 ACC: 2 BUFF: 794 DC: 0 FLAG_ZERO: False FLAG_LT: 0 FLAG_GT: 1
INPUT_PORT:  []
OUT_PORT:  []
DATA_MEM:  [794, 370]
---------------------------------------
DEBUG    root:machine.py:309 LD 0
TICK: 38469 PC:   9 ADDR:   0 MEM_OUT: 794 ACC: 2 BUFF: 794 DC: 0 FLAG_ZERO: False FLAG_LT: 0 FLAG_GT: 1
INPUT_PORT:  []
OUT_PORT:  []
DATA_MEM:  [794, 370]
---------------------------------------
DEBUG    root:machine.py:309 MOD 5
TICK: 38473 PC:  10 ADDR:   0 MEM_OUT: 794 ACC: 794 BUFF: 794 DC: 0 FLAG_ZERO: False FLAG_LT: 0 FLAG_GT: 1
INPUT_PORT:  []
OUT_PORT:  []
DATA_MEM:  [794, 370]
---------------------------------------
DEBUG    root:machine.py:309 CMP 0
TICK: 38477 PC:  11 ADDR:   0 MEM_OUT: 794 ACC: 4 BUFF: 794 DC: 0 FLAG_ZERO: False FLAG_LT: 0 FLAG_GT: 1
INPUT_PORT:  []
OUT_PORT:  []
DATA_MEM:  [794, 370]
---------------------------------------
DEBUG    root:machine.py:309 JE 18
TICK: 38480 PC:  12 ADDR:   0 MEM_OUT: 794 ACC: 4 BUFF: 794 DC: 0 FLAG_ZERO: False FLAG_LT: 0 FLAG_GT: 1
INPUT_PORT:  []
OUT_PORT:  []
DATA_MEM:  [794, 370]
---------------------------------------
DEBUG    root:machine.py:309 JMP 0
TICK: 38483 PC:  13 ADDR:   0 MEM_OUT: 794 ACC: 4 BUFF: 794 DC: 0 FLAG_ZERO: False FLAG_LT: 0 FLAG_GT: 1
INPUT_PORT:  []
OUT_PORT:  []
DATA_MEM:  [794, 370]
---------------------------------------
DEBUG    root:machine.py:309 LD 0
TICK: 38486 PC:   0 ADDR:   0 MEM_OUT: 794 ACC: 4 BUFF: 794 DC: 0 FLAG_ZERO: False FLAG_LT: 0 FLAG_GT: 1
INPUT_PORT:  []
OUT_PORT:  []
DATA_MEM:  [794, 370]
---------------------------------------
DEBUG    root:machine.py:309 INC 
TICK: 38490 PC:   1 ADDR:   0 MEM_OUT: 794 ACC: 794 BUFF: 794 DC: 0 FLAG_ZERO: False FLAG_LT: 0 FLAG_GT: 1
INPUT_PORT:  []
OUT_PORT:  []
DATA_MEM:  [794, 370]
---------------------------------------
DEBUG    root:machine.py:309 ST 0
TICK: 38493 PC:   2 ADDR:   0 MEM_OUT: 794 ACC: 795 BUFF: 794 DC: 0 FLAG_ZERO: False FLAG_LT: 0 FLAG_GT: 1
INPUT_PORT:  []
OUT_PORT:  []
DATA_MEM:  [794, 370]
---------------------------------------
DEBUG    root:machine.py:309 CMP 1000
TICK: 38497 PC:   3 ADDR:   0 MEM_OUT: 795 ACC: 795 BUFF: 794 DC: 0 FLAG_ZERO: False FLAG_LT: 0 FLAG_GT: 1
INPUT_PORT:  []
OUT_PORT:  []
DATA_MEM:  [795, 370]
---------------------------------------
DEBUG    root:machine.py:309 JGE 22
TICK: 38500 PC:   4 ADDR:   0 MEM_OUT: 795 ACC: 795 BUFF: 794 DC: 0 FLAG_ZERO: False FLAG_LT: 1 FLAG_GT: 0
INPUT_PORT:  []
OUT_PORT:  []
DATA_MEM:  [795, 370]
---------------------------------------
DEBUG    root:machine.py:309 LD 0
TICK: 38503 PC:   5 ADDR:   0 MEM_OUT: 795 ACC: 795 BUFF: 794 DC: 0 FLAG_ZERO: False FLAG_LT: 1 FLAG_GT: 0
INPUT_PORT:  []
OUT_PORT:  []
DATA_MEM:  [795, 370]
---------------------------------------
DEBUG    root:machine.py:309 MOD 3
TICK: 38507 PC:   6 ADDR:   0 MEM_OUT: 795 ACC: 795 BUFF: 794 DC: 0 FLAG_ZERO: False FLAG_LT: 1 FLAG_GT: 0
INPUT_PORT:  []
OUT_PORT:  []
DATA_MEM:  [795, 370]
---------------------------------------
DEBUG    root:machine.py:309 CMP 0
TICK: 38511 PC:   7 ADDR:   0 MEM_OUT: 795 ACC: 0 BUFF: 795 DC: 0 FLAG_ZERO: False FLAG_LT: 1 FLAG_GT: 0
INPUT_PORT:  []
OUT_PORT:  []
DATA_MEM:  [795, 370]
---------------------------------------
DEBUG    root:machine.py:309 JE 14
TICK: 38514 PC:   8 ADDR:   0 MEM_OUT: 795 ACC: 0 BUFF: 795 DC: 0 FLAG_ZERO: True FLAG_LT: 0 FLAG_GT: 0
INPUT_PORT:  []
OUT_PORT:  []
DATA_MEM:  [795, 370]
---------------------------------------
DEBUG    root:machine.py:309 LD 4
TICK: 38517 PC:  14 ADDR:   0 MEM_OUT: 795 ACC: 0 BUFF: 795 DC: 0 FLAG_ZERO: True FLAG_LT: 0 FLAG_GT: 0
INPUT_PORT:  []
OUT_PORT:  []
DATA_MEM:  [795, 370]
---------------------------------------
DEBUG    root:machine.py:309 INC 
TICK: 38521 PC:  15 ADDR:   1 MEM_OUT: 370 ACC: 370 BUFF: 795 DC: 0 FLAG_ZERO: True FLAG_LT: 0 FLAG_GT: 0
INPUT_PORT:  []
OUT_PORT:  []
DATA_MEM:  [795, 370]
---------------------------------------
DEBUG    root:machine.py:309 ST 4
TICK: 38524 PC:  16 ADDR:   1 MEM_OUT: 370 ACC: 371 BUFF: 795 DC: 0 FLAG_ZERO: True FLAG_LT: 0 FLAG_GT: 0
INPUT_PORT:  []
OUT_PORT:  []
DATA_MEM:  [795, 370]
---------------------------------------
DEBUG    root:machine.py:309 JMP 0
TICK: 38528 PC:  17 ADDR:   1 MEM_OUT: 371 ACC: 371 BUFF: 795 DC: 0 FLAG_ZERO: True FLAG_LT: 0 FLAG_GT: 0
INPUT_PORT:  []
OUT_PORT:  []
DATA_MEM:  [795, 371]
---------------------------------------
DEBUG    root:machine.py:309 LD 0
TICK: 38531 PC:   0 ADDR:   1 MEM_OUT: 371 ACC: 371 BUFF: 795 DC: 0 FLAG_ZERO: True FLAG_LT: 0 FLAG_GT: 0
INPUT_PORT:  []
OUT_PORT:  []
DATA_MEM:  [795, 371]
---------------------------------------
DEBUG    root:machine.py:309 INC 
TICK: 38535 PC:   1 ADDR:   0 MEM_OUT: 795 ACC: 795 BUFF: 795 DC: 0 FLAG_ZERO: True FLAG_LT: 0 FLAG_GT: 0
INPUT_PORT:  []
OUT_PORT:  []
DATA_MEM:  [795, 371]
---------------------------------------
DEBUG    root:machine.py:309 ST 0
TICK: 38538 PC:   2 ADDR:   0 MEM_OUT: 795 ACC: 796 BUFF: 795 DC: 0 FLAG_ZERO: True FLAG_LT: 0 FLAG_GT: 0
INPUT_PORT:  []
OUT_PORT:  []
DATA_MEM:  [795, 371]
---------------------------------------
DEBUG    root:machine.py:309 CMP 1000
TICK: 38542 PC:   3 ADDR:   0 MEM_OUT: 796 ACC: 796 BUFF: 795 DC: 0 FLAG_ZERO: True FLAG_LT: 0 FLAG_GT: 0
INPUT_PORT:  []
OUT_PORT:  []
DATA_MEM:  [796, 371]
---------------------------------------
DEBUG    root:machine.py:309 JGE 22
TICK: 38545 PC:   4 ADDR:   0 MEM_OUT: 796 ACC: 796 BUFF: 795 DC: 0 FLAG_ZERO: False FLAG_LT: 1 FLAG_GT: 0
INPUT_PORT:  []
OUT_PORT:  []
DATA_MEM:  [796, 371]
---------------------------------------
DEBUG    root:machine.py:309 LD 0
TICK: 38548 PC:   5 ADDR:   0 MEM_OUT: 796 ACC: 796 BUFF: 795 DC: 0 FLAG_ZERO: False FLAG_LT: 1 FLAG_GT: 0
INPUT_PORT:  []
OUT_PORT:  []
DATA_MEM:  [796, 371]
---------------------------------------
DEBUG    root:machine.py:309 MOD 3
TICK: 38552 PC:   6 ADDR:   0 MEM_OUT: 796 ACC: 796 BUFF: 795 DC: 0 FLAG_ZERO: False FLAG_LT: 1 FLAG_GT: 0
INPUT_PORT:  []
OUT_PORT:  []
DATA_MEM:  [796, 371]
---------------------------------------
DEBUG    root:machine.py:309 CMP 0
TICK: 38556 PC:   7 ADDR:   0 MEM_OUT: 796 ACC: 1 BUFF: 796 DC: 0 FLAG_ZERO: False FLAG_LT: 1 FLAG_GT: 0
INPUT_PORT:  []
OUT_PORT:  []
DATA_MEM:  [796, 371]
---------------------------------------
DEBUG    root:machine.py:309 JE 14
TICK: 38559 PC:   8 ADDR:   0 MEM_OUT: 796 ACC: 1 BUFF: 796 DC: 0 FLAG_ZERO: False FLAG_LT: 0 FLAG_GT: 1
INPUT_PORT:  []
OUT_PORT:  []
DATA_MEM:  [796, 371]
---------------------------------------
DEBUG    root:machine.py:309 LD 0
TICK: 38562 PC:   9 ADDR:   0 MEM_OUT: 796 ACC: 1 BUFF: 796 DC: 0 FLAG_ZERO: False FLAG_LT: 0 FLAG_GT: 1
INPUT_PORT:  []
OUT_PORT:  []
DATA_MEM:  [796, 371]
---------------------------------------
DEBUG    root:machine.py:309 MOD 5
TICK: 38566 PC:  10 ADDR:   0 MEM_OUT: 796 ACC: 796 BUFF: 796 DC: 0 FLAG_ZERO: False FLAG_LT: 0 FLAG_GT: 1
INPUT_PORT:  []
OUT_PORT:  []
DATA_MEM:  [796, 371]
---------------------------------------
DEBUG    root:machine.py:309 CMP 0
TICK: 38570 PC:  11 ADDR:   0 MEM_OUT: 796 ACC: 1 BUFF: 796 DC: 0 FLAG_ZERO: False FLAG_LT: 0 FLAG_GT: 1
INPUT_PORT:  []
OUT_PORT:  []
DATA_MEM:  [796, 371]
---------------------------------------
DEBUG    root:machine.py:309 JE 18
TICK: 38573 PC:  12 ADDR:   0 MEM_OUT: 796 ACC: 1 BUFF: 796 DC: 0 FLAG_ZERO: False FLAG_LT: 0 FLAG_GT: 1
INPUT_PORT:  []
OUT_PORT:  []
DATA_MEM:  [796, 371]
---------------------------------------
DEBUG    root:machine.py:309 JMP 0
TICK: 38576 PC:  13 ADDR:   0 MEM_OUT: 796 ACC: 1 BUFF: 796 DC: 0 FLAG_ZERO: False FLAG_LT: 0 FLAG_GT: 1
INPUT_PORT:  []
OUT_PORT:  []
DATA_MEM:  [796, 371]
---------------------------------------
DEBUG    root:machine.py:309 LD 0
TICK: 38579 PC:   0 ADDR:   0 MEM_OUT: 796 ACC: 1 BUFF: 796 DC: 0 FLAG_ZERO: False FLAG_LT: 0 FLAG_GT: 1
INPUT_PORT:  []
OUT_PORT:  []
DATA_MEM:  [796, 371]
---------------------------------------
DEBUG    root:machine.py:309 INC 
TICK: 38583 PC:   1 ADDR:   0 MEM_OUT: 796 ACC: 796 BUFF: 796 DC: 0 FLAG_ZERO: False FLAG_LT: 0 FLAG_GT: 1
INPUT_PORT:  []
OUT_PORT:  []
DATA_MEM:  [796, 371]
---------------------------------------
DEBUG    root:machine.py:309 ST 0
TICK: 38586 PC:   2 ADDR:   0 MEM_OUT: 796 ACC: 797 BUFF: 796 DC: 0 FLAG_ZERO: False FLAG_LT: 0 FLAG_GT: 1
INPUT_PORT:  []
OUT_PORT:  []
DATA_MEM:  [796, 371]
---------------------------------------
DEBUG    root:machine.py:309 CMP 1000
TICK: 38590 PC:   3 ADDR:   0 MEM_OUT: 797 ACC: 797 BUFF: 796 DC: 0 FLAG_ZERO: False FLAG_LT: 0 FLAG_GT: 1
INPUT_PORT:  []
OUT_PORT:  []
DATA_MEM:  [797, 371]
---------------------------------------
DEBUG    root:machine.py:309 JGE 22
TICK: 38593 PC:   4 ADDR:   0 MEM_OUT: 797 ACC: 797 BUFF: 796 DC: 0 FLAG_ZERO: False FLAG_LT: 1 FLAG_GT: 0
INPUT_PORT:  []
OUT_PORT:  []
DATA_MEM:  [797, 371]
---------------------------------------
DEBUG    root:machine.py:309 LD 0
TICK: 38596 PC:   5 ADDR:   0 MEM_OUT: 797 ACC: 797 BUFF: 796 DC: 0 FLAG_ZERO: False FLAG_LT: 1 FLAG_GT: 0
INPUT_PORT:  []
OUT_PORT:  []
DATA_MEM:  [797, 371]
---------------------------------------
DEBUG    root:machine.py:309 MOD 3
TICK: 38600 PC:   6 ADDR:   0 MEM_OUT: 797 ACC: 797 BUFF: 796 DC: 0 FLAG_ZERO: False FLAG_LT: 1 FLAG_GT: 0
INPUT_PORT:  []
OUT_PORT:  []
DATA_MEM:  [797, 371]
---------------------------------------
DEBUG    root:machine.py:309 CMP 0
TICK: 38604 PC:   7 ADDR:   0 MEM_OUT: 797 ACC: 2 BUFF: 797 DC: 0 FLAG_ZERO: False FLAG_LT: 1 FLAG_GT: 0
INPUT_PORT:  []
OUT_PORT:  []
DATA_MEM:  [797, 371]
---------------------------------------
DEBUG    root:machine.py:309 JE 14
TICK: 38607 PC:   8 ADDR:   0 MEM_OUT: 797 ACC: 2 BUFF: 797 DC: 0 FLAG_ZERO: False FLAG_LT: 0 FLAG_GT: 1
INPUT_PORT:  []
OUT_PORT:  []
DATA_MEM:  [797, 371]
---------------------------------------
DEBUG    root:machine.py:309 LD 0
TICK: 38610 PC:   9 ADDR:   0 MEM_OUT: 797 ACC: 2 BUFF: 797 DC: 0 FLAG_ZERO: False FLAG_LT: 0 FLAG_GT: 1
INPUT_PORT:  []
OUT_PORT:  []
DATA_MEM:  [797, 371]
---------------------------------------
DEBUG    root:machine.py:309 MOD 5
TICK: 38614 PC:  10 ADDR:   0 MEM_OUT: 797 ACC: 797 BUFF: 797 DC: 0 FLAG_ZERO: False FLAG_LT: 0 FLAG_GT: 1
INPUT_PORT:  []
OUT_PORT:  []
DATA_MEM:  [797, 371]
---------------------------------------
DEBUG    root:machine.py:309 CMP 0
TICK: 38618 PC:  11 ADDR:   0 MEM_OUT: 797 ACC: 2 BUFF: 797 DC: 0 FLAG_ZERO: False FLAG_LT: 0 FLAG_GT: 1
INPUT_PORT:  []
OUT_PORT:  []
DATA_MEM:  [797, 371]
---------------------------------------
DEBUG    root:machine.py:309 JE 18
TICK: 38621 PC:  12 ADDR:   0 MEM_OUT: 797 ACC: 2 BUFF: 797 DC: 0 FLAG_ZERO: False FLAG_LT: 0 FLAG_GT: 1
INPUT_PORT:  []
OUT_PORT:  []
DATA_MEM:  [797, 371]
---------------------------------------
DEBUG    root:machine.py:309 JMP 0
TICK: 38624 PC:  13 ADDR:   0 MEM_OUT: 797 ACC: 2 BUFF: 797 DC: 0 FLAG_ZERO: False FLAG_LT: 0 FLAG_GT: 1
INPUT_PORT:  []
OUT_PORT:  []
DATA_MEM:  [797, 371]
---------------------------------------
DEBUG    root:machine.py:309 LD 0
TICK: 38627 PC:   0 ADDR:   0 MEM_OUT: 797 ACC: 2 BUFF: 797 DC: 0 FLAG_ZERO: False FLAG_LT: 0 FLAG_GT: 1
INPUT_PORT:  []
OUT_PORT:  []
DATA_MEM:  [797, 371]
---------------------------------------
DEBUG    root:machine.py:309 INC 
TICK: 38631 PC:   1 ADDR:   0 MEM_OUT: 797 ACC: 797 BUFF: 797 DC: 0 FLAG_ZERO: False FLAG_LT: 0 FLAG_GT: 1
INPUT_PORT:  []
OUT_PORT:  []
DATA_MEM:  [797, 371]
---------------------------------------
DEBUG    root:machine.py:309 ST 0
TICK: 38634 PC:   2 ADDR:   0 MEM_OUT: 797 ACC: 798 BUFF: 797 DC: 0 FLAG_ZERO: False FLAG_LT: 0 FLAG_GT: 1
INPUT_PORT:  []
OUT_PORT:  []
DATA_MEM:  [797, 371]
---------------------------------------
DEBUG    root:machine.py:309 CMP 1000
TICK: 38638 PC:   3 ADDR:   0 MEM_OUT: 798 ACC: 798 BUFF: 797 DC: 0 FLAG_ZERO: False FLAG_LT: 0 FLAG_GT: 1
INPUT_PORT:  []
OUT_PORT:  []
DATA_MEM:  [798, 371]
---------------------------------------
DEBUG    root:machine.py:309 JGE 22
TICK: 38641 PC:   4 ADDR:   0 MEM_OUT: 798 ACC: 798 BUFF: 797 DC: 0 FLAG_ZERO: False FLAG_LT: 1 FLAG_GT: 0
INPUT_PORT:  []
OUT_PORT:  []
DATA_MEM:  [798, 371]
---------------------------------------
DEBUG    root:machine.py:309 LD 0
TICK: 38644 PC:   5 ADDR:   0 MEM_OUT: 798 ACC: 798 BUFF: 797 DC: 0 FLAG_ZERO: False FLAG_LT: 1 FLAG_GT: 0
INPUT_PORT:  []
OUT_PORT:  []
DATA_MEM:  [798, 371]
---------------------------------------
DEBUG    root:machine.py:309 MOD 3
TICK: 38648 PC:   6 ADDR:   0 MEM_OUT: 798 ACC: 798 BUFF: 797 DC: 0 FLAG_ZERO: False FLAG_LT: 1 FLAG_GT: 0
INPUT_PORT:  []
OUT_PORT:  []
DATA_MEM:  [798, 371]
---------------------------------------
DEBUG    root:machine.py:309 CMP 0
TICK: 38652 PC:   7 ADDR:   0 MEM_OUT: 798 ACC: 0 BUFF: 798 DC: 0 FLAG_ZERO: False FLAG_LT: 1 FLAG_GT: 0
INPUT_PORT:  []
OUT_PORT:  []
DATA_MEM:  [798, 371]
---------------------------------------
DEBUG    root:machine.py:309 JE 14
TICK: 38655 PC:   8 ADDR:   0 MEM_OUT: 798 ACC: 0 BUFF: 798 DC: 0 FLAG_ZERO: True FLAG_LT: 0 FLAG_GT: 0
INPUT_PORT:  []
OUT_PORT:  []
DATA_MEM:  [798, 371]
---------------------------------------
DEBUG    root:machine.py:309 LD 4
TICK: 38658 PC:  14 ADDR:   0 MEM_OUT: 798 ACC: 0 BUFF: 798 DC: 0 FLAG_ZERO: True FLAG_LT: 0 FLAG_GT: 0
INPUT_PORT:  []
OUT_PORT:  []
DATA_MEM:  [798, 371]
---------------------------------------
DEBUG    root:machine.py:309 INC 
TICK: 38662 PC:  15 ADDR:   1 MEM_OUT: 371 ACC: 371 BUFF: 798 DC: 0 FLAG_ZERO: True FLAG_LT: 0 FLAG_GT: 0
INPUT_PORT:  []
OUT_PORT:  []
DATA_MEM:  [798, 371]
---------------------------------------
DEBUG    root:machine.py:309 ST 4
TICK: 38665 PC:  16 ADDR:   1 MEM_OUT: 371 ACC: 372 BUFF: 798 DC: 0 FLAG_ZERO: True FLAG_LT: 0 FLAG_GT: 0
INPUT_PORT:  []
OUT_PORT:  []
DATA_MEM:  [798, 371]
---------------------------------------
DEBUG    root:machine.py:309 JMP 0
TICK: 38669 PC:  17 ADDR:   1 MEM_OUT: 372 ACC: 372 BUFF: 798 DC: 0 FLAG_ZERO: True FLAG_LT: 0 FLAG_GT: 0
INPUT_PORT:  []
OUT_PORT:  []
DATA_MEM:  [798, 372]
---------------------------------------
DEBUG    root:machine.py:309 LD 0
TICK: 38672 PC:   0 ADDR:   1 MEM_OUT: 372 ACC: 372 BUFF: 798 DC: 0 FLAG_ZERO: True FLAG_LT: 0 FLAG_GT: 0
INPUT_PORT:  []
OUT_PORT:  []
DATA_MEM:  [798, 372]
---------------------------------------
DEBUG    root:machine.py:309 INC 
TICK: 38676 PC:   1 ADDR:   0 MEM_OUT: 798 ACC: 798 BUFF: 798 DC: 0 FLAG_ZERO: True FLAG_LT: 0 FLAG_GT: 0
INPUT_PORT:  []
OUT_PORT:  []
DATA_MEM:  [798, 372]
---------------------------------------
DEBUG    root:machine.py:309 ST 0
TICK: 38679 PC:   2 ADDR:   0 MEM_OUT: 798 ACC: 799 BUFF: 798 DC: 0 FLAG_ZERO: True FLAG_LT: 0 FLAG_GT: 0
INPUT_PORT:  []
OUT_PORT:  []
DATA_MEM:  [798, 372]
---------------------------------------
DEBUG    root:machine.py:309 CMP 1000
TICK: 38683 PC:   3 ADDR:   0 MEM_OUT: 799 ACC: 799 BUFF: 798 DC: 0 FLAG_ZERO: True FLAG_LT: 0 FLAG_GT: 0
INPUT_PORT:  []
OUT_PORT:  []
DATA_MEM:  [799, 372]
---------------------------------------
DEBUG    root:machine.py:309 JGE 22
TICK: 38686 PC:   4 ADDR:   0 MEM_OUT: 799 ACC: 799 BUFF: 798 DC: 0 FLAG_ZERO: False FLAG_LT: 1 FLAG_GT: 0
INPUT_PORT:  []
OUT_PORT:  []
DATA_MEM:  [799, 372]
---------------------------------------
DEBUG    root:machine.py:309 LD 0
TICK: 38689 PC:   5 ADDR:   0 MEM_OUT: 799 ACC: 799 BUFF: 798 DC: 0 FLAG_ZERO: False FLAG_LT: 1 FLAG_GT: 0
INPUT_PORT:  []
OUT_PORT:  []
DATA_MEM:  [799, 372]
---------------------------------------
DEBUG    root:machine.py:309 MOD 3
TICK: 38693 PC:   6 ADDR:   0 MEM_OUT: 799 ACC: 799 BUFF: 798 DC: 0 FLAG_ZERO: False FLAG_LT: 1 FLAG_GT: 0
INPUT_PORT:  []
OUT_PORT:  []
DATA_MEM:  [799, 372]
---------------------------------------
DEBUG    root:machine.py:309 CMP 0
TICK: 38697 PC:   7 ADDR:   0 MEM_OUT: 799 ACC: 1 BUFF: 799 DC: 0 FLAG_ZERO: False FLAG_LT: 1 FLAG_GT: 0
INPUT_PORT:  []
OUT_PORT:  []
DATA_MEM:  [799, 372]
---------------------------------------
DEBUG    root:machine.py:309 JE 14
TICK: 38700 PC:   8 ADDR:   0 MEM_OUT: 799 ACC: 1 BUFF: 799 DC: 0 FLAG_ZERO: False FLAG_LT: 0 FLAG_GT: 1
INPUT_PORT:  []
OUT_PORT:  []
DATA_MEM:  [799, 372]
---------------------------------------
DEBUG    root:machine.py:309 LD 0
TICK: 38703 PC:   9 ADDR:   0 MEM_OUT: 799 ACC: 1 BUFF: 799 DC: 0 FLAG_ZERO: False FLAG_LT: 0 FLAG_GT: 1
INPUT_PORT:  []
OUT_PORT:  []
DATA_MEM:  [799, 372]
---------------------------------------
DEBUG    root:machine.py:309 MOD 5
TICK: 38707 PC:  10 ADDR:   0 MEM_OUT: 799 ACC: 799 BUFF: 799 DC: 0 FLAG_ZERO: False FLAG_LT: 0 FLAG_GT: 1
INPUT_PORT:  []
OUT_PORT:  []
DATA_MEM:  [799, 372]
---------------------------------------
DEBUG    root:machine.py:309 CMP 0
TICK: 38711 PC:  11 ADDR:   0 MEM_OUT: 799 ACC: 4 BUFF: 799 DC: 0 FLAG_ZERO: False FLAG_LT: 0 FLAG_GT: 1
INPUT_PORT:  []
OUT_PORT:  []
DATA_MEM:  [799, 372]
---------------------------------------
DEBUG    root:machine.py:309 JE 18
TICK: 38714 PC:  12 ADDR:   0 MEM_OUT: 799 ACC: 4 BUFF: 799 DC: 0 FLAG_ZERO: False FLAG_LT: 0 FLAG_GT: 1
INPUT_PORT:  []
OUT_PORT:  []
DATA_MEM:  [799, 372]
---------------------------------------
DEBUG    root:machine.py:309 JMP 0
TICK: 38717 PC:  13 ADDR:   0 MEM_OUT: 799 ACC: 4 BUFF: 799 DC: 0 FLAG_ZERO: False FLAG_LT: 0 FLAG_GT: 1
INPUT_PORT:  []
OUT_PORT:  []
DATA_MEM:  [799, 372]
---------------------------------------
DEBUG    root:machine.py:309 LD 0
TICK: 38720 PC:   0 ADDR:   0 MEM_OUT: 799 ACC: 4 BUFF: 799 DC: 0 FLAG_ZERO: False FLAG_LT: 0 FLAG_GT: 1
INPUT_PORT:  []
OUT_PORT:  []
DATA_MEM:  [799, 372]
---------------------------------------
DEBUG    root:machine.py:309 INC 
TICK: 38724 PC:   1 ADDR:   0 MEM_OUT: 799 ACC: 799 BUFF: 799 DC: 0 FLAG_ZERO: False FLAG_LT: 0 FLAG_GT: 1
INPUT_PORT:  []
OUT_PORT:  []
DATA_MEM:  [799, 372]
---------------------------------------
DEBUG    root:machine.py:309 ST 0
TICK: 38727 PC:   2 ADDR:   0 MEM_OUT: 799 ACC: 800 BUFF: 799 DC: 0 FLAG_ZERO: False FLAG_LT: 0 FLAG_GT: 1
INPUT_PORT:  []
OUT_PORT:  []
DATA_MEM:  [799, 372]
---------------------------------------
DEBUG    root:machine.py:309 CMP 1000
TICK: 38731 PC:   3 ADDR:   0 MEM_OUT: 800 ACC: 800 BUFF: 799 DC: 0 FLAG_ZERO: False FLAG_LT: 0 FLAG_GT: 1
INPUT_PORT:  []
OUT_PORT:  []
DATA_MEM:  [800, 372]
---------------------------------------
DEBUG    root:machine.py:309 JGE 22
TICK: 38734 PC:   4 ADDR:   0 MEM_OUT: 800 ACC: 800 BUFF: 799 DC: 0 FLAG_ZERO: False FLAG_LT: 1 FLAG_GT: 0
INPUT_PORT:  []
OUT_PORT:  []
DATA_MEM:  [800, 372]
---------------------------------------
DEBUG    root:machine.py:309 LD 0
TICK: 38737 PC:   5 ADDR:   0 MEM_OUT: 800 ACC: 800 BUFF: 799 DC: 0 FLAG_ZERO: False FLAG_LT: 1 FLAG_GT: 0
INPUT_PORT:  []
OUT_PORT:  []
DATA_MEM:  [800, 372]
---------------------------------------
DEBUG    root:machine.py:309 MOD 3
TICK: 38741 PC:   6 ADDR:   0 MEM_OUT: 800 ACC: 800 BUFF: 799 DC: 0 FLAG_ZERO: False FLAG_LT: 1 FLAG_GT: 0
INPUT_PORT:  []
OUT_PORT:  []
DATA_MEM:  [800, 372]
---------------------------------------
DEBUG    root:machine.py:309 CMP 0
TICK: 38745 PC:   7 ADDR:   0 MEM_OUT: 800 ACC: 2 BUFF: 800 DC: 0 FLAG_ZERO: False FLAG_LT: 1 FLAG_GT: 0
INPUT_PORT:  []
OUT_PORT:  []
DATA_MEM:  [800, 372]
---------------------------------------
DEBUG    root:machine.py:309 JE 14
TICK: 38748 PC:   8 ADDR:   0 MEM_OUT: 800 ACC: 2 BUFF: 800 DC: 0 FLAG_ZERO: False FLAG_LT: 0 FLAG_GT: 1
INPUT_PORT:  []
OUT_PORT:  []
DATA_MEM:  [800, 372]
---------------------------------------
DEBUG    root:machine.py:309 LD 0
TICK: 38751 PC:   9 ADDR:   0 MEM_OUT: 800 ACC: 2 BUFF: 800 DC: 0 FLAG_ZERO: False FLAG_LT: 0 FLAG_GT: 1
INPUT_PORT:  []
OUT_PORT:  []
DATA_MEM:  [800, 372]
---------------------------------------
DEBUG    root:machine.py:309 MOD 5
TICK: 38755 PC:  10 ADDR:   0 MEM_OUT: 800 ACC: 800 BUFF: 800 DC: 0 FLAG_ZERO: False FLAG_LT: 0 FLAG_GT: 1
INPUT_PORT:  []
OUT_PORT:  []
DATA_MEM:  [800, 372]
---------------------------------------
DEBUG    root:machine.py:309 CMP 0
TICK: 38759 PC:  11 ADDR:   0 MEM_OUT: 800 ACC: 0 BUFF: 800 DC: 0 FLAG_ZERO: False FLAG_LT: 0 FLAG_GT: 1
INPUT_PORT:  []
OUT_PORT:  []
DATA_MEM:  [800, 372]
---------------------------------------
DEBUG    root:machine.py:309 JE 18
TICK: 38762 PC:  12 ADDR:   0 MEM_OUT: 800 ACC: 0 BUFF: 800 DC: 0 FLAG_ZERO: True FLAG_LT: 0 FLAG_GT: 0
INPUT_PORT:  []
OUT_PORT:  []
DATA_MEM:  [800, 372]
---------------------------------------
DEBUG    root:machine.py:309 LD 4
TICK: 38765 PC:  18 ADDR:   0 MEM_OUT: 800 ACC: 0 BUFF: 800 DC: 0 FLAG_ZERO: True FLAG_LT: 0 FLAG_GT: 0
INPUT_PORT:  []
OUT_PORT:  []
DATA_MEM:  [800, 372]
---------------------------------------
DEBUG    root:machine.py:309 INC 
TICK: 38769 PC:  19 ADDR:   1 MEM_OUT: 372 ACC: 372 BUFF: 800 DC: 0 FLAG_ZERO: True FLAG_LT: 0 FLAG_GT: 0
INPUT_PORT:  []
OUT_PORT:  []
DATA_MEM:  [800, 372]
---------------------------------------
DEBUG    root:machine.py:309 ST 4
TICK: 38772 PC:  20 ADDR:   1 MEM_OUT: 372 ACC: 373 BUFF: 800 DC: 0 FLAG_ZERO: True FLAG_LT: 0 FLAG_GT: 0
INPUT_PORT:  []
OUT_PORT:  []
DATA_MEM:  [800, 372]
---------------------------------------
DEBUG    root:machine.py:309 JMP 0
TICK: 38776 PC:  21 ADDR:   1 MEM_OUT: 373 ACC: 373 BUFF: 800 DC: 0 FLAG_ZERO: True FLAG_LT: 0 FLAG_GT: 0
INPUT_PORT:  []
OUT_PORT:  []
DATA_MEM:  [800, 373]
---------------------------------------
DEBUG    root:machine.py:309 LD 0
TICK: 38779 PC:   0 ADDR:   1 MEM_OUT: 373 ACC: 373 BUFF: 800 DC: 0 FLAG_ZERO: True FLAG_LT: 0 FLAG_GT: 0
INPUT_PORT:  []
OUT_PORT:  []
DATA_MEM:  [800, 373]
---------------------------------------
DEBUG    root:machine.py:309 INC 
TICK: 38783 PC:   1 ADDR:   0 MEM_OUT: 800 ACC: 800 BUFF: 800 DC: 0 FLAG_ZERO: True FLAG_LT: 0 FLAG_GT: 0
INPUT_PORT:  []
OUT_PORT:  []
DATA_MEM:  [800, 373]
---------------------------------------
DEBUG    root:machine.py:309 ST 0
TICK: 38786 PC:   2 ADDR:   0 MEM_OUT: 800 ACC: 801 BUFF: 800 DC: 0 FLAG_ZERO: True FLAG_LT: 0 FLAG_GT: 0
INPUT_PORT:  []
OUT_PORT:  []
DATA_MEM:  [800, 373]
---------------------------------------
DEBUG    root:machine.py:309 CMP 1000
TICK: 38790 PC:   3 ADDR:   0 MEM_OUT: 801 ACC: 801 BUFF: 800 DC: 0 FLAG_ZERO: True FLAG_LT: 0 FLAG_GT: 0
INPUT_PORT:  []
OUT_PORT:  []
DATA_MEM:  [801, 373]
---------------------------------------
DEBUG    root:machine.py:309 JGE 22
TICK: 38793 PC:   4 ADDR:   0 MEM_OUT: 801 ACC: 801 BUFF: 800 DC: 0 FLAG_ZERO: False FLAG_LT: 1 FLAG_GT: 0
INPUT_PORT:  []
OUT_PORT:  []
DATA_MEM:  [801, 373]
---------------------------------------
DEBUG    root:machine.py:309 LD 0
TICK: 38796 PC:   5 ADDR:   0 MEM_OUT: 801 ACC: 801 BUFF: 800 DC: 0 FLAG_ZERO: False FLAG_LT: 1 FLAG_GT: 0
INPUT_PORT:  []
OUT_PORT:  []
DATA_MEM:  [801, 373]
---------------------------------------
DEBUG    root:machine.py:309 MOD 3
TICK: 38800 PC:   6 ADDR:   0 MEM_OUT: 801 ACC: 801 BUFF: 800 DC: 0 FLAG_ZERO: False FLAG_LT: 1 FLAG_GT: 0
INPUT_PORT:  []
OUT_PORT:  []
DATA_MEM:  [801, 373]
---------------------------------------
DEBUG    root:machine.py:309 CMP 0
TICK: 38804 PC:   7 ADDR:   0 MEM_OUT: 801 ACC: 0 BUFF: 801 DC: 0 FLAG_ZERO: False FLAG_LT: 1 FLAG_GT: 0
INPUT_PORT:  []
OUT_PORT:  []
DATA_MEM:  [801, 373]
---------------------------------------
DEBUG    root:machine.py:309 JE 14
TICK: 38807 PC:   8 ADDR:   0 MEM_OUT: 801 ACC: 0 BUFF: 801 DC: 0 FLAG_ZERO: True FLAG_LT: 0 FLAG_GT: 0
INPUT_PORT:  []
OUT_PORT:  []
DATA_MEM:  [801, 373]
---------------------------------------
DEBUG    root:machine.py:309 LD 4
TICK: 38810 PC:  14 ADDR:   0 MEM_OUT: 801 ACC: 0 BUFF: 801 DC: 0 FLAG_ZERO: True FLAG_LT: 0 FLAG_GT: 0
INPUT_PORT:  []
OUT_PORT:  []
DATA_MEM:  [801, 373]
---------------------------------------
DEBUG    root:machine.py:309 INC 
TICK: 38814 PC:  15 ADDR:   1 MEM_OUT: 373 ACC: 373 BUFF: 801 DC: 0 FLAG_ZERO: True FLAG_LT: 0 FLAG_GT: 0
INPUT_PORT:  []
OUT_PORT:  []
DATA_MEM:  [801, 373]
---------------------------------------
DEBUG    root:machine.py:309 ST 4
TICK: 38817 PC:  16 ADDR:   1 MEM_OUT: 373 ACC: 374 BUFF: 801 DC: 0 FLAG_ZERO: True FLAG_LT: 0 FLAG_GT: 0
INPUT_PORT:  []
OUT_PORT:  []
DATA_MEM:  [801, 373]
---------------------------------------
DEBUG    root:machine.py:309 JMP 0
TICK: 38821 PC:  17 ADDR:   1 MEM_OUT: 374 ACC: 374 BUFF: 801 DC: 0 FLAG_ZERO: True FLAG_LT: 0 FLAG_GT: 0
INPUT_PORT:  []
OUT_PORT:  []
DATA_MEM:  [801, 374]
---------------------------------------
DEBUG    root:machine.py:309 LD 0
TICK: 38824 PC:   0 ADDR:   1 MEM_OUT: 374 ACC: 374 BUFF: 801 DC: 0 FLAG_ZERO: True FLAG_LT: 0 FLAG_GT: 0
INPUT_PORT:  []
OUT_PORT:  []
DATA_MEM:  [801, 374]
---------------------------------------
DEBUG    root:machine.py:309 INC 
TICK: 38828 PC:   1 ADDR:   0 MEM_OUT: 801 ACC: 801 BUFF: 801 DC: 0 FLAG_ZERO: True FLAG_LT: 0 FLAG_GT: 0
INPUT_PORT:  []
OUT_PORT:  []
DATA_MEM:  [801, 374]
---------------------------------------
DEBUG    root:machine.py:309 ST 0
TICK: 38831 PC:   2 ADDR:   0 MEM_OUT: 801 ACC: 802 BUFF: 801 DC: 0 FLAG_ZERO: True FLAG_LT: 0 FLAG_GT: 0
INPUT_PORT:  []
OUT_PORT:  []
DATA_MEM:  [801, 374]
---------------------------------------
DEBUG    root:machine.py:309 CMP 1000
TICK: 38835 PC:   3 ADDR:   0 MEM_OUT: 802 ACC: 802 BUFF: 801 DC: 0 FLAG_ZERO: True FLAG_LT: 0 FLAG_GT: 0
INPUT_PORT:  []
OUT_PORT:  []
DATA_MEM:  [802, 374]
---------------------------------------
DEBUG    root:machine.py:309 JGE 22
TICK: 38838 PC:   4 ADDR:   0 MEM_OUT: 802 ACC: 802 BUFF: 801 DC: 0 FLAG_ZERO: False FLAG_LT: 1 FLAG_GT: 0
INPUT_PORT:  []
OUT_PORT:  []
DATA_MEM:  [802, 374]
---------------------------------------
DEBUG    root:machine.py:309 LD 0
TICK: 38841 PC:   5 ADDR:   0 MEM_OUT: 802 ACC: 802 BUFF: 801 DC: 0 FLAG_ZERO: False FLAG_LT: 1 FLAG_GT: 0
INPUT_PORT:  []
OUT_PORT:  []
DATA_MEM:  [802, 374]
---------------------------------------
DEBUG    root:machine.py:309 MOD 3
TICK: 38845 PC:   6 ADDR:   0 MEM_OUT: 802 ACC: 802 BUFF: 801 DC: 0 FLAG_ZERO: False FLAG_LT: 1 FLAG_GT: 0
INPUT_PORT:  []
OUT_PORT:  []
DATA_MEM:  [802, 374]
---------------------------------------
DEBUG    root:machine.py:309 CMP 0
TICK: 38849 PC:   7 ADDR:   0 MEM_OUT: 802 ACC: 1 BUFF: 802 DC: 0 FLAG_ZERO: False FLAG_LT: 1 FLAG_GT: 0
INPUT_PORT:  []
OUT_PORT:  []
DATA_MEM:  [802, 374]
---------------------------------------
DEBUG    root:machine.py:309 JE 14
TICK: 38852 PC:   8 ADDR:   0 MEM_OUT: 802 ACC: 1 BUFF: 802 DC: 0 FLAG_ZERO: False FLAG_LT: 0 FLAG_GT: 1
INPUT_PORT:  []
OUT_PORT:  []
DATA_MEM:  [802, 374]
---------------------------------------
DEBUG    root:machine.py:309 LD 0
TICK: 38855 PC:   9 ADDR:   0 MEM_OUT: 802 ACC: 1 BUFF: 802 DC: 0 FLAG_ZERO: False FLAG_LT: 0 FLAG_GT: 1
INPUT_PORT:  []
OUT_PORT:  []
DATA_MEM:  [802, 374]
---------------------------------------
DEBUG    root:machine.py:309 MOD 5
TICK: 38859 PC:  10 ADDR:   0 MEM_OUT: 802 ACC: 802 BUFF: 802 DC: 0 FLAG_ZERO: False FLAG_LT: 0 FLAG_GT: 1
INPUT_PORT:  []
OUT_PORT:  []
DATA_MEM:  [802, 374]
---------------------------------------
DEBUG    root:machine.py:309 CMP 0
TICK: 38863 PC:  11 ADDR:   0 MEM_OUT: 802 ACC: 2 BUFF: 802 DC: 0 FLAG_ZERO: False FLAG_LT: 0 FLAG_GT: 1
INPUT_PORT:  []
OUT_PORT:  []
DATA_MEM:  [802, 374]
---------------------------------------
DEBUG    root:machine.py:309 JE 18
TICK: 38866 PC:  12 ADDR:   0 MEM_OUT: 802 ACC: 2 BUFF: 802 DC: 0 FLAG_ZERO: False FLAG_LT: 0 FLAG_GT: 1
INPUT_PORT:  []
OUT_PORT:  []
DATA_MEM:  [802, 374]
---------------------------------------
DEBUG    root:machine.py:309 JMP 0
TICK: 38869 PC:  13 ADDR:   0 MEM_OUT: 802 ACC: 2 BUFF: 802 DC: 0 FLAG_ZERO: False FLAG_LT: 0 FLAG_GT: 1
INPUT_PORT:  []
OUT_PORT:  []
DATA_MEM:  [802, 374]
---------------------------------------
DEBUG    root:machine.py:309 LD 0
TICK: 38872 PC:   0 ADDR:   0 MEM_OUT: 802 ACC: 2 BUFF: 802 DC: 0 FLAG_ZERO: False FLAG_LT: 0 FLAG_GT: 1
INPUT_PORT:  []
OUT_PORT:  []
DATA_MEM:  [802, 374]
---------------------------------------
DEBUG    root:machine.py:309 INC 
TICK: 38876 PC:   1 ADDR:   0 MEM_OUT: 802 ACC: 802 BUFF: 802 DC: 0 FLAG_ZERO: False FLAG_LT: 0 FLAG_GT: 1
INPUT_PORT:  []
OUT_PORT:  []
DATA_MEM:  [802, 374]
---------------------------------------
DEBUG    root:machine.py:309 ST 0
TICK: 38879 PC:   2 ADDR:   0 MEM_OUT: 802 ACC: 803 BUFF: 802 DC: 0 FLAG_ZERO: False FLAG_LT: 0 FLAG_GT: 1
INPUT_PORT:  []
OUT_PORT:  []
DATA_MEM:  [802, 374]
---------------------------------------
DEBUG    root:machine.py:309 CMP 1000
TICK: 38883 PC:   3 ADDR:   0 MEM_OUT: 803 ACC: 803 BUFF: 802 DC: 0 FLAG_ZERO: False FLAG_LT: 0 FLAG_GT: 1
INPUT_PORT:  []
OUT_PORT:  []
DATA_MEM:  [803, 374]
---------------------------------------
DEBUG    root:machine.py:309 JGE 22
TICK: 38886 PC:   4 ADDR:   0 MEM_OUT: 803 ACC: 803 BUFF: 802 DC: 0 FLAG_ZERO: False FLAG_LT: 1 FLAG_GT: 0
INPUT_PORT:  []
OUT_PORT:  []
DATA_MEM:  [803, 374]
---------------------------------------
DEBUG    root:machine.py:309 LD 0
TICK: 38889 PC:   5 ADDR:   0 MEM_OUT: 803 ACC: 803 BUFF: 802 DC: 0 FLAG_ZERO: False FLAG_LT: 1 FLAG_GT: 0
INPUT_PORT:  []
OUT_PORT:  []
DATA_MEM:  [803, 374]
---------------------------------------
DEBUG    root:machine.py:309 MOD 3
TICK: 38893 PC:   6 ADDR:   0 MEM_OUT: 803 ACC: 803 BUFF: 802 DC: 0 FLAG_ZERO: False FLAG_LT: 1 FLAG_GT: 0
INPUT_PORT:  []
OUT_PORT:  []
DATA_MEM:  [803, 374]
---------------------------------------
DEBUG    root:machine.py:309 CMP 0
TICK: 38897 PC:   7 ADDR:   0 MEM_OUT: 803 ACC: 2 BUFF: 803 DC: 0 FLAG_ZERO: False FLAG_LT: 1 FLAG_GT: 0
INPUT_PORT:  []
OUT_PORT:  []
DATA_MEM:  [803, 374]
---------------------------------------
DEBUG    root:machine.py:309 JE 14
TICK: 38900 PC:   8 ADDR:   0 MEM_OUT: 803 ACC: 2 BUFF: 803 DC: 0 FLAG_ZERO: False FLAG_LT: 0 FLAG_GT: 1
INPUT_PORT:  []
OUT_PORT:  []
DATA_MEM:  [803, 374]
---------------------------------------
DEBUG    root:machine.py:309 LD 0
TICK: 38903 PC:   9 ADDR:   0 MEM_OUT: 803 ACC: 2 BUFF: 803 DC: 0 FLAG_ZERO: False FLAG_LT: 0 FLAG_GT: 1
INPUT_PORT:  []
OUT_PORT:  []
DATA_MEM:  [803, 374]
---------------------------------------
DEBUG    root:machine.py:309 MOD 5
TICK: 38907 PC:  10 ADDR:   0 MEM_OUT: 803 ACC: 803 BUFF: 803 DC: 0 FLAG_ZERO: False FLAG_LT: 0 FLAG_GT: 1
INPUT_PORT:  []
OUT_PORT:  []
DATA_MEM:  [803, 374]
---------------------------------------
DEBUG    root:machine.py:309 CMP 0
TICK: 38911 PC:  11 ADDR:   0 MEM_OUT: 803 ACC: 3 BUFF: 803 DC: 0 FLAG_ZERO: False FLAG_LT: 0 FLAG_GT: 1
INPUT_PORT:  []
OUT_PORT:  []
DATA_MEM:  [803, 374]
---------------------------------------
DEBUG    root:machine.py:309 JE 18
TICK: 38914 PC:  12 ADDR:   0 MEM_OUT: 803 ACC: 3 BUFF: 803 DC: 0 FLAG_ZERO: False FLAG_LT: 0 FLAG_GT: 1
INPUT_PORT:  []
OUT_PORT:  []
DATA_MEM:  [803, 374]
---------------------------------------
DEBUG    root:machine.py:309 JMP 0
TICK: 38917 PC:  13 ADDR:   0 MEM_OUT: 803 ACC: 3 BUFF: 803 DC: 0 FLAG_ZERO: False FLAG_LT: 0 FLAG_GT: 1
INPUT_PORT:  []
OUT_PORT:  []
DATA_MEM:  [803, 374]
---------------------------------------
DEBUG    root:machine.py:309 LD 0
TICK: 38920 PC:   0 ADDR:   0 MEM_OUT: 803 ACC: 3 BUFF: 803 DC: 0 FLAG_ZERO: False FLAG_LT: 0 FLAG_GT: 1
INPUT_PORT:  []
OUT_PORT:  []
DATA_MEM:  [803, 374]
---------------------------------------
DEBUG    root:machine.py:309 INC 
TICK: 38924 PC:   1 ADDR:   0 MEM_OUT: 803 ACC: 803 BUFF: 803 DC: 0 FLAG_ZERO: False FLAG_LT: 0 FLAG_GT: 1
INPUT_PORT:  []
OUT_PORT:  []
DATA_MEM:  [803, 374]
---------------------------------------
DEBUG    root:machine.py:309 ST 0
TICK: 38927 PC:   2 ADDR:   0 MEM_OUT: 803 ACC: 804 BUFF: 803 DC: 0 FLAG_ZERO: False FLAG_LT: 0 FLAG_GT: 1
INPUT_PORT:  []
OUT_PORT:  []
DATA_MEM:  [803, 374]
---------------------------------------
DEBUG    root:machine.py:309 CMP 1000
TICK: 38931 PC:   3 ADDR:   0 MEM_OUT: 804 ACC: 804 BUFF: 803 DC: 0 FLAG_ZERO: False FLAG_LT: 0 FLAG_GT: 1
INPUT_PORT:  []
OUT_PORT:  []
DATA_MEM:  [804, 374]
---------------------------------------
DEBUG    root:machine.py:309 JGE 22
TICK: 38934 PC:   4 ADDR:   0 MEM_OUT: 804 ACC: 804 BUFF: 803 DC: 0 FLAG_ZERO: False FLAG_LT: 1 FLAG_GT: 0
INPUT_PORT:  []
OUT_PORT:  []
DATA_MEM:  [804, 374]
---------------------------------------
DEBUG    root:machine.py:309 LD 0
TICK: 38937 PC:   5 ADDR:   0 MEM_OUT: 804 ACC: 804 BUFF: 803 DC: 0 FLAG_ZERO: False FLAG_LT: 1 FLAG_GT: 0
INPUT_PORT:  []
OUT_PORT:  []
DATA_MEM:  [804, 374]
---------------------------------------
DEBUG    root:machine.py:309 MOD 3
TICK: 38941 PC:   6 ADDR:   0 MEM_OUT: 804 ACC: 804 BUFF: 803 DC: 0 FLAG_ZERO: False FLAG_LT: 1 FLAG_GT: 0
INPUT_PORT:  []
OUT_PORT:  []
DATA_MEM:  [804, 374]
---------------------------------------
DEBUG    root:machine.py:309 CMP 0
TICK: 38945 PC:   7 ADDR:   0 MEM_OUT: 804 ACC: 0 BUFF: 804 DC: 0 FLAG_ZERO: False FLAG_LT: 1 FLAG_GT: 0
INPUT_PORT:  []
OUT_PORT:  []
DATA_MEM:  [804, 374]
---------------------------------------
DEBUG    root:machine.py:309 JE 14
TICK: 38948 PC:   8 ADDR:   0 MEM_OUT: 804 ACC: 0 BUFF: 804 DC: 0 FLAG_ZERO: True FLAG_LT: 0 FLAG_GT: 0
INPUT_PORT:  []
OUT_PORT:  []
DATA_MEM:  [804, 374]
---------------------------------------
DEBUG    root:machine.py:309 LD 4
TICK: 38951 PC:  14 ADDR:   0 MEM_OUT: 804 ACC: 0 BUFF: 804 DC: 0 FLAG_ZERO: True FLAG_LT: 0 FLAG_GT: 0
INPUT_PORT:  []
OUT_PORT:  []
DATA_MEM:  [804, 374]
---------------------------------------
DEBUG    root:machine.py:309 INC 
TICK: 38955 PC:  15 ADDR:   1 MEM_OUT: 374 ACC: 374 BUFF: 804 DC: 0 FLAG_ZERO: True FLAG_LT: 0 FLAG_GT: 0
INPUT_PORT:  []
OUT_PORT:  []
DATA_MEM:  [804, 374]
---------------------------------------
DEBUG    root:machine.py:309 ST 4
TICK: 38958 PC:  16 ADDR:   1 MEM_OUT: 374 ACC: 375 BUFF: 804 DC: 0 FLAG_ZERO: True FLAG_LT: 0 FLAG_GT: 0
INPUT_PORT:  []
OUT_PORT:  []
DATA_MEM:  [804, 374]
---------------------------------------
DEBUG    root:machine.py:309 JMP 0
TICK: 38962 PC:  17 ADDR:   1 MEM_OUT: 375 ACC: 375 BUFF: 804 DC: 0 FLAG_ZERO: True FLAG_LT: 0 FLAG_GT: 0
INPUT_PORT:  []
OUT_PORT:  []
DATA_MEM:  [804, 375]
---------------------------------------
DEBUG    root:machine.py:309 LD 0
TICK: 38965 PC:   0 ADDR:   1 MEM_OUT: 375 ACC: 375 BUFF: 804 DC: 0 FLAG_ZERO: True FLAG_LT: 0 FLAG_GT: 0
INPUT_PORT:  []
OUT_PORT:  []
DATA_MEM:  [804, 375]
---------------------------------------
DEBUG    root:machine.py:309 INC 
TICK: 38969 PC:   1 ADDR:   0 MEM_OUT: 804 ACC: 804 BUFF: 804 DC: 0 FLAG_ZERO: True FLAG_LT: 0 FLAG_GT: 0
INPUT_PORT:  []
OUT_PORT:  []
DATA_MEM:  [804, 375]
---------------------------------------
DEBUG    root:machine.py:309 ST 0
TICK: 38972 PC:   2 ADDR:   0 MEM_OUT: 804 ACC: 805 BUFF: 804 DC: 0 FLAG_ZERO: True FLAG_LT: 0 FLAG_GT: 0
INPUT_PORT:  []
OUT_PORT:  []
DATA_MEM:  [804, 375]
---------------------------------------
DEBUG    root:machine.py:309 CMP 1000
TICK: 38976 PC:   3 ADDR:   0 MEM_OUT: 805 ACC: 805 BUFF: 804 DC: 0 FLAG_ZERO: True FLAG_LT: 0 FLAG_GT: 0
INPUT_PORT:  []
OUT_PORT:  []
DATA_MEM:  [805, 375]
---------------------------------------
DEBUG    root:machine.py:309 JGE 22
TICK: 38979 PC:   4 ADDR:   0 MEM_OUT: 805 ACC: 805 BUFF: 804 DC: 0 FLAG_ZERO: False FLAG_LT: 1 FLAG_GT: 0
INPUT_PORT:  []
OUT_PORT:  []
DATA_MEM:  [805, 375]
---------------------------------------
DEBUG    root:machine.py:309 LD 0
TICK: 38982 PC:   5 ADDR:   0 MEM_OUT: 805 ACC: 805 BUFF: 804 DC: 0 FLAG_ZERO: False FLAG_LT: 1 FLAG_GT: 0
INPUT_PORT:  []
OUT_PORT:  []
DATA_MEM:  [805, 375]
---------------------------------------
DEBUG    root:machine.py:309 MOD 3
TICK: 38986 PC:   6 ADDR:   0 MEM_OUT: 805 ACC: 805 BUFF: 804 DC: 0 FLAG_ZERO: False FLAG_LT: 1 FLAG_GT: 0
INPUT_PORT:  []
OUT_PORT:  []
DATA_MEM:  [805, 375]
---------------------------------------
DEBUG    root:machine.py:309 CMP 0
TICK: 38990 PC:   7 ADDR:   0 MEM_OUT: 805 ACC: 1 BUFF: 805 DC: 0 FLAG_ZERO: False FLAG_LT: 1 FLAG_GT: 0
INPUT_PORT:  []
OUT_PORT:  []
DATA_MEM:  [805, 375]
---------------------------------------
DEBUG    root:machine.py:309 JE 14
TICK: 38993 PC:   8 ADDR:   0 MEM_OUT: 805 ACC: 1 BUFF: 805 DC: 0 FLAG_ZERO: False FLAG_LT: 0 FLAG_GT: 1
INPUT_PORT:  []
OUT_PORT:  []
DATA_MEM:  [805, 375]
---------------------------------------
DEBUG    root:machine.py:309 LD 0
TICK: 38996 PC:   9 ADDR:   0 MEM_OUT: 805 ACC: 1 BUFF: 805 DC: 0 FLAG_ZERO: False FLAG_LT: 0 FLAG_GT: 1
INPUT_PORT:  []
OUT_PORT:  []
DATA_MEM:  [805, 375]
---------------------------------------
DEBUG    root:machine.py:309 MOD 5
TICK: 39000 PC:  10 ADDR:   0 MEM_OUT: 805 ACC: 805 BUFF: 805 DC: 0 FLAG_ZERO: False FLAG_LT: 0 FLAG_GT: 1
INPUT_PORT:  []
OUT_PORT:  []
DATA_MEM:  [805, 375]
---------------------------------------
DEBUG    root:machine.py:309 CMP 0
TICK: 39004 PC:  11 ADDR:   0 MEM_OUT: 805 ACC: 0 BUFF: 805 DC: 0 FLAG_ZERO: False FLAG_LT: 0 FLAG_GT: 1
INPUT_PORT:  []
OUT_PORT:  []
DATA_MEM:  [805, 375]
---------------------------------------
DEBUG    root:machine.py:309 JE 18
TICK: 39007 PC:  12 ADDR:   0 MEM_OUT: 805 ACC: 0 BUFF: 805 DC: 0 FLAG_ZERO: True FLAG_LT: 0 FLAG_GT: 0
INPUT_PORT:  []
OUT_PORT:  []
DATA_MEM:  [805, 375]
---------------------------------------
DEBUG    root:machine.py:309 LD 4
TICK: 39010 PC:  18 ADDR:   0 MEM_OUT: 805 ACC: 0 BUFF: 805 DC: 0 FLAG_ZERO: True FLAG_LT: 0 FLAG_GT: 0
INPUT_PORT:  []
OUT_PORT:  []
DATA_MEM:  [805, 375]
---------------------------------------
DEBUG    root:machine.py:309 INC 
TICK: 39014 PC:  19 ADDR:   1 MEM_OUT: 375 ACC: 375 BUFF: 805 DC: 0 FLAG_ZERO: True FLAG_LT: 0 FLAG_GT: 0
INPUT_PORT:  []
OUT_PORT:  []
DATA_MEM:  [805, 375]
---------------------------------------
DEBUG    root:machine.py:309 ST 4
TICK: 39017 PC:  20 ADDR:   1 MEM_OUT: 375 ACC: 376 BUFF: 805 DC: 0 FLAG_ZERO: True FLAG_LT: 0 FLAG_GT: 0
INPUT_PORT:  []
OUT_PORT:  []
DATA_MEM:  [805, 375]
---------------------------------------
DEBUG    root:machine.py:309 JMP 0
TICK: 39021 PC:  21 ADDR:   1 MEM_OUT: 376 ACC: 376 BUFF: 805 DC: 0 FLAG_ZERO: True FLAG_LT: 0 FLAG_GT: 0
INPUT_PORT:  []
OUT_PORT:  []
DATA_MEM:  [805, 376]
---------------------------------------
DEBUG    root:machine.py:309 LD 0
TICK: 39024 PC:   0 ADDR:   1 MEM_OUT: 376 ACC: 376 BUFF: 805 DC: 0 FLAG_ZERO: True FLAG_LT: 0 FLAG_GT: 0
INPUT_PORT:  []
OUT_PORT:  []
DATA_MEM:  [805, 376]
---------------------------------------
DEBUG    root:machine.py:309 INC 
TICK: 39028 PC:   1 ADDR:   0 MEM_OUT: 805 ACC: 805 BUFF: 805 DC: 0 FLAG_ZERO: True FLAG_LT: 0 FLAG_GT: 0
INPUT_PORT:  []
OUT_PORT:  []
DATA_MEM:  [805, 376]
---------------------------------------
DEBUG    root:machine.py:309 ST 0
TICK: 39031 PC:   2 ADDR:   0 MEM_OUT: 805 ACC: 806 BUFF: 805 DC: 0 FLAG_ZERO: True FLAG_LT: 0 FLAG_GT: 0
INPUT_PORT:  []
OUT_PORT:  []
DATA_MEM:  [805, 376]
---------------------------------------
DEBUG    root:machine.py:309 CMP 1000
TICK: 39035 PC:   3 ADDR:   0 MEM_OUT: 806 ACC: 806 BUFF: 805 DC: 0 FLAG_ZERO: True FLAG_LT: 0 FLAG_GT: 0
INPUT_PORT:  []
OUT_PORT:  []
DATA_MEM:  [806, 376]
---------------------------------------
DEBUG    root:machine.py:309 JGE 22
TICK: 39038 PC:   4 ADDR:   0 MEM_OUT: 806 ACC: 806 BUFF: 805 DC: 0 FLAG_ZERO: False FLAG_LT: 1 FLAG_GT: 0
INPUT_PORT:  []
OUT_PORT:  []
DATA_MEM:  [806, 376]
---------------------------------------
DEBUG    root:machine.py:309 LD 0
TICK: 39041 PC:   5 ADDR:   0 MEM_OUT: 806 ACC: 806 BUFF: 805 DC: 0 FLAG_ZERO: False FLAG_LT: 1 FLAG_GT: 0
INPUT_PORT:  []
OUT_PORT:  []
DATA_MEM:  [806, 376]
---------------------------------------
DEBUG    root:machine.py:309 MOD 3
TICK: 39045 PC:   6 ADDR:   0 MEM_OUT: 806 ACC: 806 BUFF: 805 DC: 0 FLAG_ZERO: False FLAG_LT: 1 FLAG_GT: 0
INPUT_PORT:  []
OUT_PORT:  []
DATA_MEM:  [806, 376]
---------------------------------------
DEBUG    root:machine.py:309 CMP 0
TICK: 39049 PC:   7 ADDR:   0 MEM_OUT: 806 ACC: 2 BUFF: 806 DC: 0 FLAG_ZERO: False FLAG_LT: 1 FLAG_GT: 0
INPUT_PORT:  []
OUT_PORT:  []
DATA_MEM:  [806, 376]
---------------------------------------
DEBUG    root:machine.py:309 JE 14
TICK: 39052 PC:   8 ADDR:   0 MEM_OUT: 806 ACC: 2 BUFF: 806 DC: 0 FLAG_ZERO: False FLAG_LT: 0 FLAG_GT: 1
INPUT_PORT:  []
OUT_PORT:  []
DATA_MEM:  [806, 376]
---------------------------------------
DEBUG    root:machine.py:309 LD 0
TICK: 39055 PC:   9 ADDR:   0 MEM_OUT: 806 ACC: 2 BUFF: 806 DC: 0 FLAG_ZERO: False FLAG_LT: 0 FLAG_GT: 1
INPUT_PORT:  []
OUT_PORT:  []
DATA_MEM:  [806, 376]
---------------------------------------
DEBUG    root:machine.py:309 MOD 5
TICK: 39059 PC:  10 ADDR:   0 MEM_OUT: 806 ACC: 806 BUFF: 806 DC: 0 FLAG_ZERO: False FLAG_LT: 0 FLAG_GT: 1
INPUT_PORT:  []
OUT_PORT:  []
DATA_MEM:  [806, 376]
---------------------------------------
DEBUG    root:machine.py:309 CMP 0
TICK: 39063 PC:  11 ADDR:   0 MEM_OUT: 806 ACC: 1 BUFF: 806 DC: 0 FLAG_ZERO: False FLAG_LT: 0 FLAG_GT: 1
INPUT_PORT:  []
OUT_PORT:  []
DATA_MEM:  [806, 376]
---------------------------------------
DEBUG    root:machine.py:309 JE 18
TICK: 39066 PC:  12 ADDR:   0 MEM_OUT: 806 ACC: 1 BUFF: 806 DC: 0 FLAG_ZERO: False FLAG_LT: 0 FLAG_GT: 1
INPUT_PORT:  []
OUT_PORT:  []
DATA_MEM:  [806, 376]
---------------------------------------
DEBUG    root:machine.py:309 JMP 0
TICK: 39069 PC:  13 ADDR:   0 MEM_OUT: 806 ACC: 1 BUFF: 806 DC: 0 FLAG_ZERO: False FLAG_LT: 0 FLAG_GT: 1
INPUT_PORT:  []
OUT_PORT:  []
DATA_MEM:  [806, 376]
---------------------------------------
DEBUG    root:machine.py:309 LD 0
TICK: 39072 PC:   0 ADDR:   0 MEM_OUT: 806 ACC: 1 BUFF: 806 DC: 0 FLAG_ZERO: False FLAG_LT: 0 FLAG_GT: 1
INPUT_PORT:  []
OUT_PORT:  []
DATA_MEM:  [806, 376]
---------------------------------------
DEBUG    root:machine.py:309 INC 
TICK: 39076 PC:   1 ADDR:   0 MEM_OUT: 806 ACC: 806 BUFF: 806 DC: 0 FLAG_ZERO: False FLAG_LT: 0 FLAG_GT: 1
INPUT_PORT:  []
OUT_PORT:  []
DATA_MEM:  [806, 376]
---------------------------------------
DEBUG    root:machine.py:309 ST 0
TICK: 39079 PC:   2 ADDR:   0 MEM_OUT: 806 ACC: 807 BUFF: 806 DC: 0 FLAG_ZERO: False FLAG_LT: 0 FLAG_GT: 1
INPUT_PORT:  []
OUT_PORT:  []
DATA_MEM:  [806, 376]
---------------------------------------
DEBUG    root:machine.py:309 CMP 1000
TICK: 39083 PC:   3 ADDR:   0 MEM_OUT: 807 ACC: 807 BUFF: 806 DC: 0 FLAG_ZERO: False FLAG_LT: 0 FLAG_GT: 1
INPUT_PORT:  []
OUT_PORT:  []
DATA_MEM:  [807, 376]
---------------------------------------
DEBUG    root:machine.py:309 JGE 22
TICK: 39086 PC:   4 ADDR:   0 MEM_OUT: 807 ACC: 807 BUFF: 806 DC: 0 FLAG_ZERO: False FLAG_LT: 1 FLAG_GT: 0
INPUT_PORT:  []
OUT_PORT:  []
DATA_MEM:  [807, 376]
---------------------------------------
DEBUG    root:machine.py:309 LD 0
TICK: 39089 PC:   5 ADDR:   0 MEM_OUT: 807 ACC: 807 BUFF: 806 DC: 0 FLAG_ZERO: False FLAG_LT: 1 FLAG_GT: 0
INPUT_PORT:  []
OUT_PORT:  []
DATA_MEM:  [807, 376]
---------------------------------------
DEBUG    root:machine.py:309 MOD 3
TICK: 39093 PC:   6 ADDR:   0 MEM_OUT: 807 ACC: 807 BUFF: 806 DC: 0 FLAG_ZERO: False FLAG_LT: 1 FLAG_GT: 0
INPUT_PORT:  []
OUT_PORT:  []
DATA_MEM:  [807, 376]
---------------------------------------
DEBUG    root:machine.py:309 CMP 0
TICK: 39097 PC:   7 ADDR:   0 MEM_OUT: 807 ACC: 0 BUFF: 807 DC: 0 FLAG_ZERO: False FLAG_LT: 1 FLAG_GT: 0
INPUT_PORT:  []
OUT_PORT:  []
DATA_MEM:  [807, 376]
---------------------------------------
DEBUG    root:machine.py:309 JE 14
TICK: 39100 PC:   8 ADDR:   0 MEM_OUT: 807 ACC: 0 BUFF: 807 DC: 0 FLAG_ZERO: True FLAG_LT: 0 FLAG_GT: 0
INPUT_PORT:  []
OUT_PORT:  []
DATA_MEM:  [807, 376]
---------------------------------------
DEBUG    root:machine.py:309 LD 4
TICK: 39103 PC:  14 ADDR:   0 MEM_OUT: 807 ACC: 0 BUFF: 807 DC: 0 FLAG_ZERO: True FLAG_LT: 0 FLAG_GT: 0
INPUT_PORT:  []
OUT_PORT:  []
DATA_MEM:  [807, 376]
---------------------------------------
DEBUG    root:machine.py:309 INC 
TICK: 39107 PC:  15 ADDR:   1 MEM_OUT: 376 ACC: 376 BUFF: 807 DC: 0 FLAG_ZERO: True FLAG_LT: 0 FLAG_GT: 0
INPUT_PORT:  []
OUT_PORT:  []
DATA_MEM:  [807, 376]
---------------------------------------
DEBUG    root:machine.py:309 ST 4
TICK: 39110 PC:  16 ADDR:   1 MEM_OUT: 376 ACC: 377 BUFF: 807 DC: 0 FLAG_ZERO: True FLAG_LT: 0 FLAG_GT: 0
INPUT_PORT:  []
OUT_PORT:  []
DATA_MEM:  [807, 376]
---------------------------------------
DEBUG    root:machine.py:309 JMP 0
TICK: 39114 PC:  17 ADDR:   1 MEM_OUT: 377 ACC: 377 BUFF: 807 DC: 0 FLAG_ZERO: True FLAG_LT: 0 FLAG_GT: 0
INPUT_PORT:  []
OUT_PORT:  []
DATA_MEM:  [807, 377]
---------------------------------------
DEBUG    root:machine.py:309 LD 0
TICK: 39117 PC:   0 ADDR:   1 MEM_OUT: 377 ACC: 377 BUFF: 807 DC: 0 FLAG_ZERO: True FLAG_LT: 0 FLAG_GT: 0
INPUT_PORT:  []
OUT_PORT:  []
DATA_MEM:  [807, 377]
---------------------------------------
DEBUG    root:machine.py:309 INC 
TICK: 39121 PC:   1 ADDR:   0 MEM_OUT: 807 ACC: 807 BUFF: 807 DC: 0 FLAG_ZERO: True FLAG_LT: 0 FLAG_GT: 0
INPUT_PORT:  []
OUT_PORT:  []
DATA_MEM:  [807, 377]
---------------------------------------
DEBUG    root:machine.py:309 ST 0
TICK: 39124 PC:   2 ADDR:   0 MEM_OUT: 807 ACC: 808 BUFF: 807 DC: 0 FLAG_ZERO: True FLAG_LT: 0 FLAG_GT: 0
INPUT_PORT:  []
OUT_PORT:  []
DATA_MEM:  [807, 377]
---------------------------------------
DEBUG    root:machine.py:309 CMP 1000
TICK: 39128 PC:   3 ADDR:   0 MEM_OUT: 808 ACC: 808 BUFF: 807 DC: 0 FLAG_ZERO: True FLAG_LT: 0 FLAG_GT: 0
INPUT_PORT:  []
OUT_PORT:  []
DATA_MEM:  [808, 377]
---------------------------------------
DEBUG    root:machine.py:309 JGE 22
TICK: 39131 PC:   4 ADDR:   0 MEM_OUT: 808 ACC: 808 BUFF: 807 DC: 0 FLAG_ZERO: False FLAG_LT: 1 FLAG_GT: 0
INPUT_PORT:  []
OUT_PORT:  []
DATA_MEM:  [808, 377]
---------------------------------------
DEBUG    root:machine.py:309 LD 0
TICK: 39134 PC:   5 ADDR:   0 MEM_OUT: 808 ACC: 808 BUFF: 807 DC: 0 FLAG_ZERO: False FLAG_LT: 1 FLAG_GT: 0
INPUT_PORT:  []
OUT_PORT:  []
DATA_MEM:  [808, 377]
---------------------------------------
DEBUG    root:machine.py:309 MOD 3
TICK: 39138 PC:   6 ADDR:   0 MEM_OUT: 808 ACC: 808 BUFF: 807 DC: 0 FLAG_ZERO: False FLAG_LT: 1 FLAG_GT: 0
INPUT_PORT:  []
OUT_PORT:  []
DATA_MEM:  [808, 377]
---------------------------------------
DEBUG    root:machine.py:309 CMP 0
TICK: 39142 PC:   7 ADDR:   0 MEM_OUT: 808 ACC: 1 BUFF: 808 DC: 0 FLAG_ZERO: False FLAG_LT: 1 FLAG_GT: 0
INPUT_PORT:  []
OUT_PORT:  []
DATA_MEM:  [808, 377]
---------------------------------------
DEBUG    root:machine.py:309 JE 14
TICK: 39145 PC:   8 ADDR:   0 MEM_OUT: 808 ACC: 1 BUFF: 808 DC: 0 FLAG_ZERO: False FLAG_LT: 0 FLAG_GT: 1
INPUT_PORT:  []
OUT_PORT:  []
DATA_MEM:  [808, 377]
---------------------------------------
DEBUG    root:machine.py:309 LD 0
TICK: 39148 PC:   9 ADDR:   0 MEM_OUT: 808 ACC: 1 BUFF: 808 DC: 0 FLAG_ZERO: False FLAG_LT: 0 FLAG_GT: 1
INPUT_PORT:  []
OUT_PORT:  []
DATA_MEM:  [808, 377]
---------------------------------------
DEBUG    root:machine.py:309 MOD 5
TICK: 39152 PC:  10 ADDR:   0 MEM_OUT: 808 ACC: 808 BUFF: 808 DC: 0 FLAG_ZERO: False FLAG_LT: 0 FLAG_GT: 1
INPUT_PORT:  []
OUT_PORT:  []
DATA_MEM:  [808, 377]
---------------------------------------
DEBUG    root:machine.py:309 CMP 0
TICK: 39156 PC:  11 ADDR:   0 MEM_OUT: 808 ACC: 3 BUFF: 808 DC: 0 FLAG_ZERO: False FLAG_LT: 0 FLAG_GT: 1
INPUT_PORT:  []
OUT_PORT:  []
DATA_MEM:  [808, 377]
---------------------------------------
DEBUG    root:machine.py:309 JE 18
TICK: 39159 PC:  12 ADDR:   0 MEM_OUT: 808 ACC: 3 BUFF: 808 DC: 0 FLAG_ZERO: False FLAG_LT: 0 FLAG_GT: 1
INPUT_PORT:  []
OUT_PORT:  []
DATA_MEM:  [808, 377]
---------------------------------------
DEBUG    root:machine.py:309 JMP 0
TICK: 39162 PC:  13 ADDR:   0 MEM_OUT: 808 ACC: 3 BUFF: 808 DC: 0 FLAG_ZERO: False FLAG_LT: 0 FLAG_GT: 1
INPUT_PORT:  []
OUT_PORT:  []
DATA_MEM:  [808, 377]
---------------------------------------
DEBUG    root:machine.py:309 LD 0
TICK: 39165 PC:   0 ADDR:   0 MEM_OUT: 808 ACC: 3 BUFF: 808 DC: 0 FLAG_ZERO: False FLAG_LT: 0 FLAG_GT: 1
INPUT_PORT:  []
OUT_PORT:  []
DATA_MEM:  [808, 377]
---------------------------------------
DEBUG    root:machine.py:309 INC 
TICK: 39169 PC:   1 ADDR:   0 MEM_OUT: 808 ACC: 808 BUFF: 808 DC: 0 FLAG_ZERO: False FLAG_LT: 0 FLAG_GT: 1
INPUT_PORT:  []
OUT_PORT:  []
DATA_MEM:  [808, 377]
---------------------------------------
DEBUG    root:machine.py:309 ST 0
TICK: 39172 PC:   2 ADDR:   0 MEM_OUT: 808 ACC: 809 BUFF: 808 DC: 0 FLAG_ZERO: False FLAG_LT: 0 FLAG_GT: 1
INPUT_PORT:  []
OUT_PORT:  []
DATA_MEM:  [808, 377]
---------------------------------------
DEBUG    root:machine.py:309 CMP 1000
TICK: 39176 PC:   3 ADDR:   0 MEM_OUT: 809 ACC: 809 BUFF: 808 DC: 0 FLAG_ZERO: False FLAG_LT: 0 FLAG_GT: 1
INPUT_PORT:  []
OUT_PORT:  []
DATA_MEM:  [809, 377]
---------------------------------------
DEBUG    root:machine.py:309 JGE 22
TICK: 39179 PC:   4 ADDR:   0 MEM_OUT: 809 ACC: 809 BUFF: 808 DC: 0 FLAG_ZERO: False FLAG_LT: 1 FLAG_GT: 0
INPUT_PORT:  []
OUT_PORT:  []
DATA_MEM:  [809, 377]
---------------------------------------
DEBUG    root:machine.py:309 LD 0
TICK: 39182 PC:   5 ADDR:   0 MEM_OUT: 809 ACC: 809 BUFF: 808 DC: 0 FLAG_ZERO: False FLAG_LT: 1 FLAG_GT: 0
INPUT_PORT:  []
OUT_PORT:  []
DATA_MEM:  [809, 377]
---------------------------------------
DEBUG    root:machine.py:309 MOD 3
TICK: 39186 PC:   6 ADDR:   0 MEM_OUT: 809 ACC: 809 BUFF: 808 DC: 0 FLAG_ZERO: False FLAG_LT: 1 FLAG_GT: 0
INPUT_PORT:  []
OUT_PORT:  []
DATA_MEM:  [809, 377]
---------------------------------------
DEBUG    root:machine.py:309 CMP 0
TICK: 39190 PC:   7 ADDR:   0 MEM_OUT: 809 ACC: 2 BUFF: 809 DC: 0 FLAG_ZERO: False FLAG_LT: 1 FLAG_GT: 0
INPUT_PORT:  []
OUT_PORT:  []
DATA_MEM:  [809, 377]
---------------------------------------
DEBUG    root:machine.py:309 JE 14
TICK: 39193 PC:   8 ADDR:   0 MEM_OUT: 809 ACC: 2 BUFF: 809 DC: 0 FLAG_ZERO: False FLAG_LT: 0 FLAG_GT: 1
INPUT_PORT:  []
OUT_PORT:  []
DATA_MEM:  [809, 377]
---------------------------------------
DEBUG    root:machine.py:309 LD 0
TICK: 39196 PC:   9 ADDR:   0 MEM_OUT: 809 ACC: 2 BUFF: 809 DC: 0 FLAG_ZERO: False FLAG_LT: 0 FLAG_GT: 1
INPUT_PORT:  []
OUT_PORT:  []
DATA_MEM:  [809, 377]
---------------------------------------
DEBUG    root:machine.py:309 MOD 5
TICK: 39200 PC:  10 ADDR:   0 MEM_OUT: 809 ACC: 809 BUFF: 809 DC: 0 FLAG_ZERO: False FLAG_LT: 0 FLAG_GT: 1
INPUT_PORT:  []
OUT_PORT:  []
DATA_MEM:  [809, 377]
---------------------------------------
DEBUG    root:machine.py:309 CMP 0
TICK: 39204 PC:  11 ADDR:   0 MEM_OUT: 809 ACC: 4 BUFF: 809 DC: 0 FLAG_ZERO: False FLAG_LT: 0 FLAG_GT: 1
INPUT_PORT:  []
OUT_PORT:  []
DATA_MEM:  [809, 377]
---------------------------------------
DEBUG    root:machine.py:309 JE 18
TICK: 39207 PC:  12 ADDR:   0 MEM_OUT: 809 ACC: 4 BUFF: 809 DC: 0 FLAG_ZERO: False FLAG_LT: 0 FLAG_GT: 1
INPUT_PORT:  []
OUT_PORT:  []
DATA_MEM:  [809, 377]
---------------------------------------
DEBUG    root:machine.py:309 JMP 0
TICK: 39210 PC:  13 ADDR:   0 MEM_OUT: 809 ACC: 4 BUFF: 809 DC: 0 FLAG_ZERO: False FLAG_LT: 0 FLAG_GT: 1
INPUT_PORT:  []
OUT_PORT:  []
DATA_MEM:  [809, 377]
---------------------------------------
DEBUG    root:machine.py:309 LD 0
TICK: 39213 PC:   0 ADDR:   0 MEM_OUT: 809 ACC: 4 BUFF: 809 DC: 0 FLAG_ZERO: False FLAG_LT: 0 FLAG_GT: 1
INPUT_PORT:  []
OUT_PORT:  []
DATA_MEM:  [809, 377]
---------------------------------------
DEBUG    root:machine.py:309 INC 
TICK: 39217 PC:   1 ADDR:   0 MEM_OUT: 809 ACC: 809 BUFF: 809 DC: 0 FLAG_ZERO: False FLAG_LT: 0 FLAG_GT: 1
INPUT_PORT:  []
OUT_PORT:  []
DATA_MEM:  [809, 377]
---------------------------------------
DEBUG    root:machine.py:309 ST 0
TICK: 39220 PC:   2 ADDR:   0 MEM_OUT: 809 ACC: 810 BUFF: 809 DC: 0 FLAG_ZERO: False FLAG_LT: 0 FLAG_GT: 1
INPUT_PORT:  []
OUT_PORT:  []
DATA_MEM:  [809, 377]
---------------------------------------
DEBUG    root:machine.py:309 CMP 1000
TICK: 39224 PC:   3 ADDR:   0 MEM_OUT: 810 ACC: 810 BUFF: 809 DC: 0 FLAG_ZERO: False FLAG_LT: 0 FLAG_GT: 1
INPUT_PORT:  []
OUT_PORT:  []
DATA_MEM:  [810, 377]
---------------------------------------
DEBUG    root:machine.py:309 JGE 22
TICK: 39227 PC:   4 ADDR:   0 MEM_OUT: 810 ACC: 810 BUFF: 809 DC: 0 FLAG_ZERO: False FLAG_LT: 1 FLAG_GT: 0
INPUT_PORT:  []
OUT_PORT:  []
DATA_MEM:  [810, 377]
---------------------------------------
DEBUG    root:machine.py:309 LD 0
TICK: 39230 PC:   5 ADDR:   0 MEM_OUT: 810 ACC: 810 BUFF: 809 DC: 0 FLAG_ZERO: False FLAG_LT: 1 FLAG_GT: 0
INPUT_PORT:  []
OUT_PORT:  []
DATA_MEM:  [810, 377]
---------------------------------------
DEBUG    root:machine.py:309 MOD 3
TICK: 39234 PC:   6 ADDR:   0 MEM_OUT: 810 ACC: 810 BUFF: 809 DC: 0 FLAG_ZERO: False FLAG_LT: 1 FLAG_GT: 0
INPUT_PORT:  []
OUT_PORT:  []
DATA_MEM:  [810, 377]
---------------------------------------
DEBUG    root:machine.py:309 CMP 0
TICK: 39238 PC:   7 ADDR:   0 MEM_OUT: 810 ACC: 0 BUFF: 810 DC: 0 FLAG_ZERO: False FLAG_LT: 1 FLAG_GT: 0
INPUT_PORT:  []
OUT_PORT:  []
DATA_MEM:  [810, 377]
---------------------------------------
DEBUG    root:machine.py:309 JE 14
TICK: 39241 PC:   8 ADDR:   0 MEM_OUT: 810 ACC: 0 BUFF: 810 DC: 0 FLAG_ZERO: True FLAG_LT: 0 FLAG_GT: 0
INPUT_PORT:  []
OUT_PORT:  []
DATA_MEM:  [810, 377]
---------------------------------------
DEBUG    root:machine.py:309 LD 4
TICK: 39244 PC:  14 ADDR:   0 MEM_OUT: 810 ACC: 0 BUFF: 810 DC: 0 FLAG_ZERO: True FLAG_LT: 0 FLAG_GT: 0
INPUT_PORT:  []
OUT_PORT:  []
DATA_MEM:  [810, 377]
---------------------------------------
DEBUG    root:machine.py:309 INC 
TICK: 39248 PC:  15 ADDR:   1 MEM_OUT: 377 ACC: 377 BUFF: 810 DC: 0 FLAG_ZERO: True FLAG_LT: 0 FLAG_GT: 0
INPUT_PORT:  []
OUT_PORT:  []
DATA_MEM:  [810, 377]
---------------------------------------
DEBUG    root:machine.py:309 ST 4
TICK: 39251 PC:  16 ADDR:   1 MEM_OUT: 377 ACC: 378 BUFF: 810 DC: 0 FLAG_ZERO: True FLAG_LT: 0 FLAG_GT: 0
INPUT_PORT:  []
OUT_PORT:  []
DATA_MEM:  [810, 377]
---------------------------------------
DEBUG    root:machine.py:309 JMP 0
TICK: 39255 PC:  17 ADDR:   1 MEM_OUT: 378 ACC: 378 BUFF: 810 DC: 0 FLAG_ZERO: True FLAG_LT: 0 FLAG_GT: 0
INPUT_PORT:  []
OUT_PORT:  []
DATA_MEM:  [810, 378]
---------------------------------------
DEBUG    root:machine.py:309 LD 0
TICK: 39258 PC:   0 ADDR:   1 MEM_OUT: 378 ACC: 378 BUFF: 810 DC: 0 FLAG_ZERO: True FLAG_LT: 0 FLAG_GT: 0
INPUT_PORT:  []
OUT_PORT:  []
DATA_MEM:  [810, 378]
---------------------------------------
DEBUG    root:machine.py:309 INC 
TICK: 39262 PC:   1 ADDR:   0 MEM_OUT: 810 ACC: 810 BUFF: 810 DC: 0 FLAG_ZERO: True FLAG_LT: 0 FLAG_GT: 0
INPUT_PORT:  []
OUT_PORT:  []
DATA_MEM:  [810, 378]
---------------------------------------
DEBUG    root:machine.py:309 ST 0
TICK: 39265 PC:   2 ADDR:   0 MEM_OUT: 810 ACC: 811 BUFF: 810 DC: 0 FLAG_ZERO: True FLAG_LT: 0 FLAG_GT: 0
INPUT_PORT:  []
OUT_PORT:  []
DATA_MEM:  [810, 378]
---------------------------------------
DEBUG    root:machine.py:309 CMP 1000
TICK: 39269 PC:   3 ADDR:   0 MEM_OUT: 811 ACC: 811 BUFF: 810 DC: 0 FLAG_ZERO: True FLAG_LT: 0 FLAG_GT: 0
INPUT_PORT:  []
OUT_PORT:  []
DATA_MEM:  [811, 378]
---------------------------------------
DEBUG    root:machine.py:309 JGE 22
TICK: 39272 PC:   4 ADDR:   0 MEM_OUT: 811 ACC: 811 BUFF: 810 DC: 0 FLAG_ZERO: False FLAG_LT: 1 FLAG_GT: 0
INPUT_PORT:  []
OUT_PORT:  []
DATA_MEM:  [811, 378]
---------------------------------------
DEBUG    root:machine.py:309 LD 0
TICK: 39275 PC:   5 ADDR:   0 MEM_OUT: 811 ACC: 811 BUFF: 810 DC: 0 FLAG_ZERO: False FLAG_LT: 1 FLAG_GT: 0
INPUT_PORT:  []
OUT_PORT:  []
DATA_MEM:  [811, 378]
---------------------------------------
DEBUG    root:machine.py:309 MOD 3
TICK: 39279 PC:   6 ADDR:   0 MEM_OUT: 811 ACC: 811 BUFF: 810 DC: 0 FLAG_ZERO: False FLAG_LT: 1 FLAG_GT: 0
INPUT_PORT:  []
OUT_PORT:  []
DATA_MEM:  [811, 378]
---------------------------------------
DEBUG    root:machine.py:309 CMP 0
TICK: 39283 PC:   7 ADDR:   0 MEM_OUT: 811 ACC: 1 BUFF: 811 DC: 0 FLAG_ZERO: False FLAG_LT: 1 FLAG_GT: 0
INPUT_PORT:  []
OUT_PORT:  []
DATA_MEM:  [811, 378]
---------------------------------------
DEBUG    root:machine.py:309 JE 14
TICK: 39286 PC:   8 ADDR:   0 MEM_OUT: 811 ACC: 1 BUFF: 811 DC: 0 FLAG_ZERO: False FLAG_LT: 0 FLAG_GT: 1
INPUT_PORT:  []
OUT_PORT:  []
DATA_MEM:  [811, 378]
---------------------------------------
DEBUG    root:machine.py:309 LD 0
TICK: 39289 PC:   9 ADDR:   0 MEM_OUT: 811 ACC: 1 BUFF: 811 DC: 0 FLAG_ZERO: False FLAG_LT: 0 FLAG_GT: 1
INPUT_PORT:  []
OUT_PORT:  []
DATA_MEM:  [811, 378]
---------------------------------------
DEBUG    root:machine.py:309 MOD 5
TICK: 39293 PC:  10 ADDR:   0 MEM_OUT: 811 ACC: 811 BUFF: 811 DC: 0 FLAG_ZERO: False FLAG_LT: 0 FLAG_GT: 1
INPUT_PORT:  []
OUT_PORT:  []
DATA_MEM:  [811, 378]
---------------------------------------
DEBUG    root:machine.py:309 CMP 0
TICK: 39297 PC:  11 ADDR:   0 MEM_OUT: 811 ACC: 1 BUFF: 811 DC: 0 FLAG_ZERO: False FLAG_LT: 0 FLAG_GT: 1
INPUT_PORT:  []
OUT_PORT:  []
DATA_MEM:  [811, 378]
---------------------------------------
DEBUG    root:machine.py:309 JE 18
TICK: 39300 PC:  12 ADDR:   0 MEM_OUT: 811 ACC: 1 BUFF: 811 DC: 0 FLAG_ZERO: False FLAG_LT: 0 FLAG_GT: 1
INPUT_PORT:  []
OUT_PORT:  []
DATA_MEM:  [811, 378]
---------------------------------------
DEBUG    root:machine.py:309 JMP 0
TICK: 39303 PC:  13 ADDR:   0 MEM_OUT: 811 ACC: 1 BUFF: 811 DC: 0 FLAG_ZERO: False FLAG_LT: 0 FLAG_GT: 1
INPUT_PORT:  []
OUT_PORT:  []
DATA_MEM:  [811, 378]
---------------------------------------
DEBUG    root:machine.py:309 LD 0
TICK: 39306 PC:   0 ADDR:   0 MEM_OUT: 811 ACC: 1 BUFF: 811 DC: 0 FLAG_ZERO: False FLAG_LT: 0 FLAG_GT: 1
INPUT_PORT:  []
OUT_PORT:  []
DATA_MEM:  [811, 378]
---------------------------------------
DEBUG    root:machine.py:309 INC 
TICK: 39310 PC:   1 ADDR:   0 MEM_OUT: 811 ACC: 811 BUFF: 811 DC: 0 FLAG_ZERO: False FLAG_LT: 0 FLAG_GT: 1
INPUT_PORT:  []
OUT_PORT:  []
DATA_MEM:  [811, 378]
---------------------------------------
DEBUG    root:machine.py:309 ST 0
TICK: 39313 PC:   2 ADDR:   0 MEM_OUT: 811 ACC: 812 BUFF: 811 DC: 0 FLAG_ZERO: False FLAG_LT: 0 FLAG_GT: 1
INPUT_PORT:  []
OUT_PORT:  []
DATA_MEM:  [811, 378]
---------------------------------------
DEBUG    root:machine.py:309 CMP 1000
TICK: 39317 PC:   3 ADDR:   0 MEM_OUT: 812 ACC: 812 BUFF: 811 DC: 0 FLAG_ZERO: False FLAG_LT: 0 FLAG_GT: 1
INPUT_PORT:  []
OUT_PORT:  []
DATA_MEM:  [812, 378]
---------------------------------------
DEBUG    root:machine.py:309 JGE 22
TICK: 39320 PC:   4 ADDR:   0 MEM_OUT: 812 ACC: 812 BUFF: 811 DC: 0 FLAG_ZERO: False FLAG_LT: 1 FLAG_GT: 0
INPUT_PORT:  []
OUT_PORT:  []
DATA_MEM:  [812, 378]
---------------------------------------
DEBUG    root:machine.py:309 LD 0
TICK: 39323 PC:   5 ADDR:   0 MEM_OUT: 812 ACC: 812 BUFF: 811 DC: 0 FLAG_ZERO: False FLAG_LT: 1 FLAG_GT: 0
INPUT_PORT:  []
OUT_PORT:  []
DATA_MEM:  [812, 378]
---------------------------------------
DEBUG    root:machine.py:309 MOD 3
TICK: 39327 PC:   6 ADDR:   0 MEM_OUT: 812 ACC: 812 BUFF: 811 DC: 0 FLAG_ZERO: False FLAG_LT: 1 FLAG_GT: 0
INPUT_PORT:  []
OUT_PORT:  []
DATA_MEM:  [812, 378]
---------------------------------------
DEBUG    root:machine.py:309 CMP 0
TICK: 39331 PC:   7 ADDR:   0 MEM_OUT: 812 ACC: 2 BUFF: 812 DC: 0 FLAG_ZERO: False FLAG_LT: 1 FLAG_GT: 0
INPUT_PORT:  []
OUT_PORT:  []
DATA_MEM:  [812, 378]
---------------------------------------
DEBUG    root:machine.py:309 JE 14
TICK: 39334 PC:   8 ADDR:   0 MEM_OUT: 812 ACC: 2 BUFF: 812 DC: 0 FLAG_ZERO: False FLAG_LT: 0 FLAG_GT: 1
INPUT_PORT:  []
OUT_PORT:  []
DATA_MEM:  [812, 378]
---------------------------------------
DEBUG    root:machine.py:309 LD 0
TICK: 39337 PC:   9 ADDR:   0 MEM_OUT: 812 ACC: 2 BUFF: 812 DC: 0 FLAG_ZERO: False FLAG_LT: 0 FLAG_GT: 1
INPUT_PORT:  []
OUT_PORT:  []
DATA_MEM:  [812, 378]
---------------------------------------
DEBUG    root:machine.py:309 MOD 5
TICK: 39341 PC:  10 ADDR:   0 MEM_OUT: 812 ACC: 812 BUFF: 812 DC: 0 FLAG_ZERO: False FLAG_LT: 0 FLAG_GT: 1
INPUT_PORT:  []
OUT_PORT:  []
DATA_MEM:  [812, 378]
---------------------------------------
DEBUG    root:machine.py:309 CMP 0
TICK: 39345 PC:  11 ADDR:   0 MEM_OUT: 812 ACC: 2 BUFF: 812 DC: 0 FLAG_ZERO: False FLAG_LT: 0 FLAG_GT: 1
INPUT_PORT:  []
OUT_PORT:  []
DATA_MEM:  [812, 378]
---------------------------------------
DEBUG    root:machine.py:309 JE 18
TICK: 39348 PC:  12 ADDR:   0 MEM_OUT: 812 ACC: 2 BUFF: 812 DC: 0 FLAG_ZERO: False FLAG_LT: 0 FLAG_GT: 1
INPUT_PORT:  []
OUT_PORT:  []
DATA_MEM:  [812, 378]
---------------------------------------
DEBUG    root:machine.py:309 JMP 0
TICK: 39351 PC:  13 ADDR:   0 MEM_OUT: 812 ACC: 2 BUFF: 812 DC: 0 FLAG_ZERO: False FLAG_LT: 0 FLAG_GT: 1
INPUT_PORT:  []
OUT_PORT:  []
DATA_MEM:  [812, 378]
---------------------------------------
DEBUG    root:machine.py:309 LD 0
TICK: 39354 PC:   0 ADDR:   0 MEM_OUT: 812 ACC: 2 BUFF: 812 DC: 0 FLAG_ZERO: False FLAG_LT: 0 FLAG_GT: 1
INPUT_PORT:  []
OUT_PORT:  []
DATA_MEM:  [812, 378]
---------------------------------------
DEBUG    root:machine.py:309 INC 
TICK: 39358 PC:   1 ADDR:   0 MEM_OUT: 812 ACC: 812 BUFF: 812 DC: 0 FLAG_ZERO: False FLAG_LT: 0 FLAG_GT: 1
INPUT_PORT:  []
OUT_PORT:  []
DATA_MEM:  [812, 378]
---------------------------------------
DEBUG    root:machine.py:309 ST 0
TICK: 39361 PC:   2 ADDR:   0 MEM_OUT: 812 ACC: 813 BUFF: 812 DC: 0 FLAG_ZERO: False FLAG_LT: 0 FLAG_GT: 1
INPUT_PORT:  []
OUT_PORT:  []
DATA_MEM:  [812, 378]
---------------------------------------
DEBUG    root:machine.py:309 CMP 1000
TICK: 39365 PC:   3 ADDR:   0 MEM_OUT: 813 ACC: 813 BUFF: 812 DC: 0 FLAG_ZERO: False FLAG_LT: 0 FLAG_GT: 1
INPUT_PORT:  []
OUT_PORT:  []
DATA_MEM:  [813, 378]
---------------------------------------
DEBUG    root:machine.py:309 JGE 22
TICK: 39368 PC:   4 ADDR:   0 MEM_OUT: 813 ACC: 813 BUFF: 812 DC: 0 FLAG_ZERO: False FLAG_LT: 1 FLAG_GT: 0
INPUT_PORT:  []
OUT_PORT:  []
DATA_MEM:  [813, 378]
---------------------------------------
DEBUG    root:machine.py:309 LD 0
TICK: 39371 PC:   5 ADDR:   0 MEM_OUT: 813 ACC: 813 BUFF: 812 DC: 0 FLAG_ZERO: False FLAG_LT: 1 FLAG_GT: 0
INPUT_PORT:  []
OUT_PORT:  []
DATA_MEM:  [813, 378]
---------------------------------------
DEBUG    root:machine.py:309 MOD 3
TICK: 39375 PC:   6 ADDR:   0 MEM_OUT: 813 ACC: 813 BUFF: 812 DC: 0 FLAG_ZERO: False FLAG_LT: 1 FLAG_GT: 0
INPUT_PORT:  []
OUT_PORT:  []
DATA_MEM:  [813, 378]
---------------------------------------
DEBUG    root:machine.py:309 CMP 0
TICK: 39379 PC:   7 ADDR:   0 MEM_OUT: 813 ACC: 0 BUFF: 813 DC: 0 FLAG_ZERO: False FLAG_LT: 1 FLAG_GT: 0
INPUT_PORT:  []
OUT_PORT:  []
DATA_MEM:  [813, 378]
---------------------------------------
DEBUG    root:machine.py:309 JE 14
TICK: 39382 PC:   8 ADDR:   0 MEM_OUT: 813 ACC: 0 BUFF: 813 DC: 0 FLAG_ZERO: True FLAG_LT: 0 FLAG_GT: 0
INPUT_PORT:  []
OUT_PORT:  []
DATA_MEM:  [813, 378]
---------------------------------------
DEBUG    root:machine.py:309 LD 4
TICK: 39385 PC:  14 ADDR:   0 MEM_OUT: 813 ACC: 0 BUFF: 813 DC: 0 FLAG_ZERO: True FLAG_LT: 0 FLAG_GT: 0
INPUT_PORT:  []
OUT_PORT:  []
DATA_MEM:  [813, 378]
---------------------------------------
DEBUG    root:machine.py:309 INC 
TICK: 39389 PC:  15 ADDR:   1 MEM_OUT: 378 ACC: 378 BUFF: 813 DC: 0 FLAG_ZERO: True FLAG_LT: 0 FLAG_GT: 0
INPUT_PORT:  []
OUT_PORT:  []
DATA_MEM:  [813, 378]
---------------------------------------
DEBUG    root:machine.py:309 ST 4
TICK: 39392 PC:  16 ADDR:   1 MEM_OUT: 378 ACC: 379 BUFF: 813 DC: 0 FLAG_ZERO: True FLAG_LT: 0 FLAG_GT: 0
INPUT_PORT:  []
OUT_PORT:  []
DATA_MEM:  [813, 378]
---------------------------------------
DEBUG    root:machine.py:309 JMP 0
TICK: 39396 PC:  17 ADDR:   1 MEM_OUT: 379 ACC: 379 BUFF: 813 DC: 0 FLAG_ZERO: True FLAG_LT: 0 FLAG_GT: 0
INPUT_PORT:  []
OUT_PORT:  []
DATA_MEM:  [813, 379]
---------------------------------------
DEBUG    root:machine.py:309 LD 0
TICK: 39399 PC:   0 ADDR:   1 MEM_OUT: 379 ACC: 379 BUFF: 813 DC: 0 FLAG_ZERO: True FLAG_LT: 0 FLAG_GT: 0
INPUT_PORT:  []
OUT_PORT:  []
DATA_MEM:  [813, 379]
---------------------------------------
DEBUG    root:machine.py:309 INC 
TICK: 39403 PC:   1 ADDR:   0 MEM_OUT: 813 ACC: 813 BUFF: 813 DC: 0 FLAG_ZERO: True FLAG_LT: 0 FLAG_GT: 0
INPUT_PORT:  []
OUT_PORT:  []
DATA_MEM:  [813, 379]
---------------------------------------
DEBUG    root:machine.py:309 ST 0
TICK: 39406 PC:   2 ADDR:   0 MEM_OUT: 813 ACC: 814 BUFF: 813 DC: 0 FLAG_ZERO: True FLAG_LT: 0 FLAG_GT: 0
INPUT_PORT:  []
OUT_PORT:  []
DATA_MEM:  [813, 379]
---------------------------------------
DEBUG    root:machine.py:309 CMP 1000
TICK: 39410 PC:   3 ADDR:   0 MEM_OUT: 814 ACC: 814 BUFF: 813 DC: 0 FLAG_ZERO: True FLAG_LT: 0 FLAG_GT: 0
INPUT_PORT:  []
OUT_PORT:  []
DATA_MEM:  [814, 379]
---------------------------------------
DEBUG    root:machine.py:309 JGE 22
TICK: 39413 PC:   4 ADDR:   0 MEM_OUT: 814 ACC: 814 BUFF: 813 DC: 0 FLAG_ZERO: False FLAG_LT: 1 FLAG_GT: 0
INPUT_PORT:  []
OUT_PORT:  []
DATA_MEM:  [814, 379]
---------------------------------------
DEBUG    root:machine.py:309 LD 0
TICK: 39416 PC:   5 ADDR:   0 MEM_OUT: 814 ACC: 814 BUFF: 813 DC: 0 FLAG_ZERO: False FLAG_LT: 1 FLAG_GT: 0
INPUT_PORT:  []
OUT_PORT:  []
DATA_MEM:  [814, 379]
---------------------------------------
DEBUG    root:machine.py:309 MOD 3
TICK: 39420 PC:   6 ADDR:   0 MEM_OUT: 814 ACC: 814 BUFF: 813 DC: 0 FLAG_ZERO: False FLAG_LT: 1 FLAG_GT: 0
INPUT_PORT:  []
OUT_PORT:  []
DATA_MEM:  [814, 379]
---------------------------------------
DEBUG    root:machine.py:309 CMP 0
TICK: 39424 PC:   7 ADDR:   0 MEM_OUT: 814 ACC: 1 BUFF: 814 DC: 0 FLAG_ZERO: False FLAG_LT: 1 FLAG_GT: 0
INPUT_PORT:  []
OUT_PORT:  []
DATA_MEM:  [814, 379]
---------------------------------------
DEBUG    root:machine.py:309 JE 14
TICK: 39427 PC:   8 ADDR:   0 MEM_OUT: 814 ACC: 1 BUFF: 814 DC: 0 FLAG_ZERO: False FLAG_LT: 0 FLAG_GT: 1
INPUT_PORT:  []
OUT_PORT:  []
DATA_MEM:  [814, 379]
---------------------------------------
DEBUG    root:machine.py:309 LD 0
TICK: 39430 PC:   9 ADDR:   0 MEM_OUT: 814 ACC: 1 BUFF: 814 DC: 0 FLAG_ZERO: False FLAG_LT: 0 FLAG_GT: 1
INPUT_PORT:  []
OUT_PORT:  []
DATA_MEM:  [814, 379]
---------------------------------------
DEBUG    root:machine.py:309 MOD 5
TICK: 39434 PC:  10 ADDR:   0 MEM_OUT: 814 ACC: 814 BUFF: 814 DC: 0 FLAG_ZERO: False FLAG_LT: 0 FLAG_GT: 1
INPUT_PORT:  []
OUT_PORT:  []
DATA_MEM:  [814, 379]
---------------------------------------
DEBUG    root:machine.py:309 CMP 0
TICK: 39438 PC:  11 ADDR:   0 MEM_OUT: 814 ACC: 4 BUFF: 814 DC: 0 FLAG_ZERO: False FLAG_LT: 0 FLAG_GT: 1
INPUT_PORT:  []
OUT_PORT:  []
DATA_MEM:  [814, 379]
---------------------------------------
DEBUG    root:machine.py:309 JE 18
TICK: 39441 PC:  12 ADDR:   0 MEM_OUT: 814 ACC: 4 BUFF: 814 DC: 0 FLAG_ZERO: False FLAG_LT: 0 FLAG_GT: 1
INPUT_PORT:  []
OUT_PORT:  []
DATA_MEM:  [814, 379]
---------------------------------------
DEBUG    root:machine.py:309 JMP 0
TICK: 39444 PC:  13 ADDR:   0 MEM_OUT: 814 ACC: 4 BUFF: 814 DC: 0 FLAG_ZERO: False FLAG_LT: 0 FLAG_GT: 1
INPUT_PORT:  []
OUT_PORT:  []
DATA_MEM:  [814, 379]
---------------------------------------
DEBUG    root:machine.py:309 LD 0
TICK: 39447 PC:   0 ADDR:   0 MEM_OUT: 814 ACC: 4 BUFF: 814 DC: 0 FLAG_ZERO: False FLAG_LT: 0 FLAG_GT: 1
INPUT_PORT:  []
OUT_PORT:  []
DATA_MEM:  [814, 379]
---------------------------------------
DEBUG    root:machine.py:309 INC 
TICK: 39451 PC:   1 ADDR:   0 MEM_OUT: 814 ACC: 814 BUFF: 814 DC: 0 FLAG_ZERO: False FLAG_LT: 0 FLAG_GT: 1
INPUT_PORT:  []
OUT_PORT:  []
DATA_MEM:  [814, 379]
---------------------------------------
DEBUG    root:machine.py:309 ST 0
TICK: 39454 PC:   2 ADDR:   0 MEM_OUT: 814 ACC: 815 BUFF: 814 DC: 0 FLAG_ZERO: False FLAG_LT: 0 FLAG_GT: 1
INPUT_PORT:  []
OUT_PORT:  []
DATA_MEM:  [814, 379]
---------------------------------------
DEBUG    root:machine.py:309 CMP 1000
TICK: 39458 PC:   3 ADDR:   0 MEM_OUT: 815 ACC: 815 BUFF: 814 DC: 0 FLAG_ZERO: False FLAG_LT: 0 FLAG_GT: 1
INPUT_PORT:  []
OUT_PORT:  []
DATA_MEM:  [815, 379]
---------------------------------------
DEBUG    root:machine.py:309 JGE 22
TICK: 39461 PC:   4 ADDR:   0 MEM_OUT: 815 ACC: 815 BUFF: 814 DC: 0 FLAG_ZERO: False FLAG_LT: 1 FLAG_GT: 0
INPUT_PORT:  []
OUT_PORT:  []
DATA_MEM:  [815, 379]
---------------------------------------
DEBUG    root:machine.py:309 LD 0
TICK: 39464 PC:   5 ADDR:   0 MEM_OUT: 815 ACC: 815 BUFF: 814 DC: 0 FLAG_ZERO: False FLAG_LT: 1 FLAG_GT: 0
INPUT_PORT:  []
OUT_PORT:  []
DATA_MEM:  [815, 379]
---------------------------------------
DEBUG    root:machine.py:309 MOD 3
TICK: 39468 PC:   6 ADDR:   0 MEM_OUT: 815 ACC: 815 BUFF: 814 DC: 0 FLAG_ZERO: False FLAG_LT: 1 FLAG_GT: 0
INPUT_PORT:  []
OUT_PORT:  []
DATA_MEM:  [815, 379]
---------------------------------------
DEBUG    root:machine.py:309 CMP 0
TICK: 39472 PC:   7 ADDR:   0 MEM_OUT: 815 ACC: 2 BUFF: 815 DC: 0 FLAG_ZERO: False FLAG_LT: 1 FLAG_GT: 0
INPUT_PORT:  []
OUT_PORT:  []
DATA_MEM:  [815, 379]
---------------------------------------
DEBUG    root:machine.py:309 JE 14
TICK: 39475 PC:   8 ADDR:   0 MEM_OUT: 815 ACC: 2 BUFF: 815 DC: 0 FLAG_ZERO: False FLAG_LT: 0 FLAG_GT: 1
INPUT_PORT:  []
OUT_PORT:  []
DATA_MEM:  [815, 379]
---------------------------------------
DEBUG    root:machine.py:309 LD 0
TICK: 39478 PC:   9 ADDR:   0 MEM_OUT: 815 ACC: 2 BUFF: 815 DC: 0 FLAG_ZERO: False FLAG_LT: 0 FLAG_GT: 1
INPUT_PORT:  []
OUT_PORT:  []
DATA_MEM:  [815, 379]
---------------------------------------
DEBUG    root:machine.py:309 MOD 5
TICK: 39482 PC:  10 ADDR:   0 MEM_OUT: 815 ACC: 815 BUFF: 815 DC: 0 FLAG_ZERO: False FLAG_LT: 0 FLAG_GT: 1
INPUT_PORT:  []
OUT_PORT:  []
DATA_MEM:  [815, 379]
---------------------------------------
DEBUG    root:machine.py:309 CMP 0
TICK: 39486 PC:  11 ADDR:   0 MEM_OUT: 815 ACC: 0 BUFF: 815 DC: 0 FLAG_ZERO: False FLAG_LT: 0 FLAG_GT: 1
INPUT_PORT:  []
OUT_PORT:  []
DATA_MEM:  [815, 379]
---------------------------------------
DEBUG    root:machine.py:309 JE 18
TICK: 39489 PC:  12 ADDR:   0 MEM_OUT: 815 ACC: 0 BUFF: 815 DC: 0 FLAG_ZERO: True FLAG_LT: 0 FLAG_GT: 0
INPUT_PORT:  []
OUT_PORT:  []
DATA_MEM:  [815, 379]
---------------------------------------
DEBUG    root:machine.py:309 LD 4
TICK: 39492 PC:  18 ADDR:   0 MEM_OUT: 815 ACC: 0 BUFF: 815 DC: 0 FLAG_ZERO: True FLAG_LT: 0 FLAG_GT: 0
INPUT_PORT:  []
OUT_PORT:  []
DATA_MEM:  [815, 379]
---------------------------------------
DEBUG    root:machine.py:309 INC 
TICK: 39496 PC:  19 ADDR:   1 MEM_OUT: 379 ACC: 379 BUFF: 815 DC: 0 FLAG_ZERO: True FLAG_LT: 0 FLAG_GT: 0
INPUT_PORT:  []
OUT_PORT:  []
DATA_MEM:  [815, 379]
---------------------------------------
DEBUG    root:machine.py:309 ST 4
TICK: 39499 PC:  20 ADDR:   1 MEM_OUT: 379 ACC: 380 BUFF: 815 DC: 0 FLAG_ZERO: True FLAG_LT: 0 FLAG_GT: 0
INPUT_PORT:  []
OUT_PORT:  []
DATA_MEM:  [815, 379]
---------------------------------------
DEBUG    root:machine.py:309 JMP 0
TICK: 39503 PC:  21 ADDR:   1 MEM_OUT: 380 ACC: 380 BUFF: 815 DC: 0 FLAG_ZERO: True FLAG_LT: 0 FLAG_GT: 0
INPUT_PORT:  []
OUT_PORT:  []
DATA_MEM:  [815, 380]
---------------------------------------
DEBUG    root:machine.py:309 LD 0
TICK: 39506 PC:   0 ADDR:   1 MEM_OUT: 380 ACC: 380 BUFF: 815 DC: 0 FLAG_ZERO: True FLAG_LT: 0 FLAG_GT: 0
INPUT_PORT:  []
OUT_PORT:  []
DATA_MEM:  [815, 380]
---------------------------------------
DEBUG    root:machine.py:309 INC 
TICK: 39510 PC:   1 ADDR:   0 MEM_OUT: 815 ACC: 815 BUFF: 815 DC: 0 FLAG_ZERO: True FLAG_LT: 0 FLAG_GT: 0
INPUT_PORT:  []
OUT_PORT:  []
DATA_MEM:  [815, 380]
---------------------------------------
DEBUG    root:machine.py:309 ST 0
TICK: 39513 PC:   2 ADDR:   0 MEM_OUT: 815 ACC: 816 BUFF: 815 DC: 0 FLAG_ZERO: True FLAG_LT: 0 FLAG_GT: 0
INPUT_PORT:  []
OUT_PORT:  []
DATA_MEM:  [815, 380]
---------------------------------------
DEBUG    root:machine.py:309 CMP 1000
TICK: 39517 PC:   3 ADDR:   0 MEM_OUT: 816 ACC: 816 BUFF: 815 DC: 0 FLAG_ZERO: True FLAG_LT: 0 FLAG_GT: 0
INPUT_PORT:  []
OUT_PORT:  []
DATA_MEM:  [816, 380]
---------------------------------------
DEBUG    root:machine.py:309 JGE 22
TICK: 39520 PC:   4 ADDR:   0 MEM_OUT: 816 ACC: 816 BUFF: 815 DC: 0 FLAG_ZERO: False FLAG_LT: 1 FLAG_GT: 0
INPUT_PORT:  []
OUT_PORT:  []
DATA_MEM:  [816, 380]
---------------------------------------
DEBUG    root:machine.py:309 LD 0
TICK: 39523 PC:   5 ADDR:   0 MEM_OUT: 816 ACC: 816 BUFF: 815 DC: 0 FLAG_ZERO: False FLAG_LT: 1 FLAG_GT: 0
INPUT_PORT:  []
OUT_PORT:  []
DATA_MEM:  [816, 380]
---------------------------------------
DEBUG    root:machine.py:309 MOD 3
TICK: 39527 PC:   6 ADDR:   0 MEM_OUT: 816 ACC: 816 BUFF: 815 DC: 0 FLAG_ZERO: False FLAG_LT: 1 FLAG_GT: 0
INPUT_PORT:  []
OUT_PORT:  []
DATA_MEM:  [816, 380]
---------------------------------------
DEBUG    root:machine.py:309 CMP 0
TICK: 39531 PC:   7 ADDR:   0 MEM_OUT: 816 ACC: 0 BUFF: 816 DC: 0 FLAG_ZERO: False FLAG_LT: 1 FLAG_GT: 0
INPUT_PORT:  []
OUT_PORT:  []
DATA_MEM:  [816, 380]
---------------------------------------
DEBUG    root:machine.py:309 JE 14
TICK: 39534 PC:   8 ADDR:   0 MEM_OUT: 816 ACC: 0 BUFF: 816 DC: 0 FLAG_ZERO: True FLAG_LT: 0 FLAG_GT: 0
INPUT_PORT:  []
OUT_PORT:  []
DATA_MEM:  [816, 380]
---------------------------------------
DEBUG    root:machine.py:309 LD 4
TICK: 39537 PC:  14 ADDR:   0 MEM_OUT: 816 ACC: 0 BUFF: 816 DC: 0 FLAG_ZERO: True FLAG_LT: 0 FLAG_GT: 0
INPUT_PORT:  []
OUT_PORT:  []
DATA_MEM:  [816, 380]
---------------------------------------
DEBUG    root:machine.py:309 INC 
TICK: 39541 PC:  15 ADDR:   1 MEM_OUT: 380 ACC: 380 BUFF: 816 DC: 0 FLAG_ZERO: True FLAG_LT: 0 FLAG_GT: 0
INPUT_PORT:  []
OUT_PORT:  []
DATA_MEM:  [816, 380]
---------------------------------------
DEBUG    root:machine.py:309 ST 4
TICK: 39544 PC:  16 ADDR:   1 MEM_OUT: 380 ACC: 381 BUFF: 816 DC: 0 FLAG_ZERO: True FLAG_LT: 0 FLAG_GT: 0
INPUT_PORT:  []
OUT_PORT:  []
DATA_MEM:  [816, 380]
---------------------------------------
DEBUG    root:machine.py:309 JMP 0
TICK: 39548 PC:  17 ADDR:   1 MEM_OUT: 381 ACC: 381 BUFF: 816 DC: 0 FLAG_ZERO: True FLAG_LT: 0 FLAG_GT: 0
INPUT_PORT:  []
OUT_PORT:  []
DATA_MEM:  [816, 381]
---------------------------------------
DEBUG    root:machine.py:309 LD 0
TICK: 39551 PC:   0 ADDR:   1 MEM_OUT: 381 ACC: 381 BUFF: 816 DC: 0 FLAG_ZERO: True FLAG_LT: 0 FLAG_GT: 0
INPUT_PORT:  []
OUT_PORT:  []
DATA_MEM:  [816, 381]
---------------------------------------
DEBUG    root:machine.py:309 INC 
TICK: 39555 PC:   1 ADDR:   0 MEM_OUT: 816 ACC: 816 BUFF: 816 DC: 0 FLAG_ZERO: True FLAG_LT: 0 FLAG_GT: 0
INPUT_PORT:  []
OUT_PORT:  []
DATA_MEM:  [816, 381]
---------------------------------------
DEBUG    root:machine.py:309 ST 0
TICK: 39558 PC:   2 ADDR:   0 MEM_OUT: 816 ACC: 817 BUFF: 816 DC: 0 FLAG_ZERO: True FLAG_LT: 0 FLAG_GT: 0
INPUT_PORT:  []
OUT_PORT:  []
DATA_MEM:  [816, 381]
---------------------------------------
DEBUG    root:machine.py:309 CMP 1000
TICK: 39562 PC:   3 ADDR:   0 MEM_OUT: 817 ACC: 817 BUFF: 816 DC: 0 FLAG_ZERO: True FLAG_LT: 0 FLAG_GT: 0
INPUT_PORT:  []
OUT_PORT:  []
DATA_MEM:  [817, 381]
---------------------------------------
DEBUG    root:machine.py:309 JGE 22
TICK: 39565 PC:   4 ADDR:   0 MEM_OUT: 817 ACC: 817 BUFF: 816 DC: 0 FLAG_ZERO: False FLAG_LT: 1 FLAG_GT: 0
INPUT_PORT:  []
OUT_PORT:  []
DATA_MEM:  [817, 381]
---------------------------------------
DEBUG    root:machine.py:309 LD 0
TICK: 39568 PC:   5 ADDR:   0 MEM_OUT: 817 ACC: 817 BUFF: 816 DC: 0 FLAG_ZERO: False FLAG_LT: 1 FLAG_GT: 0
INPUT_PORT:  []
OUT_PORT:  []
DATA_MEM:  [817, 381]
---------------------------------------
DEBUG    root:machine.py:309 MOD 3
TICK: 39572 PC:   6 ADDR:   0 MEM_OUT: 817 ACC: 817 BUFF: 816 DC: 0 FLAG_ZERO: False FLAG_LT: 1 FLAG_GT: 0
INPUT_PORT:  []
OUT_PORT:  []
DATA_MEM:  [817, 381]
---------------------------------------
DEBUG    root:machine.py:309 CMP 0
TICK: 39576 PC:   7 ADDR:   0 MEM_OUT: 817 ACC: 1 BUFF: 817 DC: 0 FLAG_ZERO: False FLAG_LT: 1 FLAG_GT: 0
INPUT_PORT:  []
OUT_PORT:  []
DATA_MEM:  [817, 381]
---------------------------------------
DEBUG    root:machine.py:309 JE 14
TICK: 39579 PC:   8 ADDR:   0 MEM_OUT: 817 ACC: 1 BUFF: 817 DC: 0 FLAG_ZERO: False FLAG_LT: 0 FLAG_GT: 1
INPUT_PORT:  []
OUT_PORT:  []
DATA_MEM:  [817, 381]
---------------------------------------
DEBUG    root:machine.py:309 LD 0
TICK: 39582 PC:   9 ADDR:   0 MEM_OUT: 817 ACC: 1 BUFF: 817 DC: 0 FLAG_ZERO: False FLAG_LT: 0 FLAG_GT: 1
INPUT_PORT:  []
OUT_PORT:  []
DATA_MEM:  [817, 381]
---------------------------------------
DEBUG    root:machine.py:309 MOD 5
TICK: 39586 PC:  10 ADDR:   0 MEM_OUT: 817 ACC: 817 BUFF: 817 DC: 0 FLAG_ZERO: False FLAG_LT: 0 FLAG_GT: 1
INPUT_PORT:  []
OUT_PORT:  []
DATA_MEM:  [817, 381]
---------------------------------------
DEBUG    root:machine.py:309 CMP 0
TICK: 39590 PC:  11 ADDR:   0 MEM_OUT: 817 ACC: 2 BUFF: 817 DC: 0 FLAG_ZERO: False FLAG_LT: 0 FLAG_GT: 1
INPUT_PORT:  []
OUT_PORT:  []
DATA_MEM:  [817, 381]
---------------------------------------
DEBUG    root:machine.py:309 JE 18
TICK: 39593 PC:  12 ADDR:   0 MEM_OUT: 817 ACC: 2 BUFF: 817 DC: 0 FLAG_ZERO: False FLAG_LT: 0 FLAG_GT: 1
INPUT_PORT:  []
OUT_PORT:  []
DATA_MEM:  [817, 381]
---------------------------------------
DEBUG    root:machine.py:309 JMP 0
TICK: 39596 PC:  13 ADDR:   0 MEM_OUT: 817 ACC: 2 BUFF: 817 DC: 0 FLAG_ZERO: False FLAG_LT: 0 FLAG_GT: 1
INPUT_PORT:  []
OUT_PORT:  []
DATA_MEM:  [817, 381]
---------------------------------------
DEBUG    root:machine.py:309 LD 0
TICK: 39599 PC:   0 ADDR:   0 MEM_OUT: 817 ACC: 2 BUFF: 817 DC: 0 FLAG_ZERO: False FLAG_LT: 0 FLAG_GT: 1
INPUT_PORT:  []
OUT_PORT:  []
DATA_MEM:  [817, 381]
---------------------------------------
DEBUG    root:machine.py:309 INC 
TICK: 39603 PC:   1 ADDR:   0 MEM_OUT: 817 ACC: 817 BUFF: 817 DC: 0 FLAG_ZERO: False FLAG_LT: 0 FLAG_GT: 1
INPUT_PORT:  []
OUT_PORT:  []
DATA_MEM:  [817, 381]
---------------------------------------
DEBUG    root:machine.py:309 ST 0
TICK: 39606 PC:   2 ADDR:   0 MEM_OUT: 817 ACC: 818 BUFF: 817 DC: 0 FLAG_ZERO: False FLAG_LT: 0 FLAG_GT: 1
INPUT_PORT:  []
OUT_PORT:  []
DATA_MEM:  [817, 381]
---------------------------------------
DEBUG    root:machine.py:309 CMP 1000
TICK: 39610 PC:   3 ADDR:   0 MEM_OUT: 818 ACC: 818 BUFF: 817 DC: 0 FLAG_ZERO: False FLAG_LT: 0 FLAG_GT: 1
INPUT_PORT:  []
OUT_PORT:  []
DATA_MEM:  [818, 381]
---------------------------------------
DEBUG    root:machine.py:309 JGE 22
TICK: 39613 PC:   4 ADDR:   0 MEM_OUT: 818 ACC: 818 BUFF: 817 DC: 0 FLAG_ZERO: False FLAG_LT: 1 FLAG_GT: 0
INPUT_PORT:  []
OUT_PORT:  []
DATA_MEM:  [818, 381]
---------------------------------------
DEBUG    root:machine.py:309 LD 0
TICK: 39616 PC:   5 ADDR:   0 MEM_OUT: 818 ACC: 818 BUFF: 817 DC: 0 FLAG_ZERO: False FLAG_LT: 1 FLAG_GT: 0
INPUT_PORT:  []
OUT_PORT:  []
DATA_MEM:  [818, 381]
---------------------------------------
DEBUG    root:machine.py:309 MOD 3
TICK: 39620 PC:   6 ADDR:   0 MEM_OUT: 818 ACC: 818 BUFF: 817 DC: 0 FLAG_ZERO: False FLAG_LT: 1 FLAG_GT: 0
INPUT_PORT:  []
OUT_PORT:  []
DATA_MEM:  [818, 381]
---------------------------------------
DEBUG    root:machine.py:309 CMP 0
TICK: 39624 PC:   7 ADDR:   0 MEM_OUT: 818 ACC: 2 BUFF: 818 DC: 0 FLAG_ZERO: False FLAG_LT: 1 FLAG_GT: 0
INPUT_PORT:  []
OUT_PORT:  []
DATA_MEM:  [818, 381]
---------------------------------------
DEBUG    root:machine.py:309 JE 14
TICK: 39627 PC:   8 ADDR:   0 MEM_OUT: 818 ACC: 2 BUFF: 818 DC: 0 FLAG_ZERO: False FLAG_LT: 0 FLAG_GT: 1
INPUT_PORT:  []
OUT_PORT:  []
DATA_MEM:  [818, 381]
---------------------------------------
DEBUG    root:machine.py:309 LD 0
TICK: 39630 PC:   9 ADDR:   0 MEM_OUT: 818 ACC: 2 BUFF: 818 DC: 0 FLAG_ZERO: False FLAG_LT: 0 FLAG_GT: 1
INPUT_PORT:  []
OUT_PORT:  []
DATA_MEM:  [818, 381]
---------------------------------------
DEBUG    root:machine.py:309 MOD 5
TICK: 39634 PC:  10 ADDR:   0 MEM_OUT: 818 ACC: 818 BUFF: 818 DC: 0 FLAG_ZERO: False FLAG_LT: 0 FLAG_GT: 1
INPUT_PORT:  []
OUT_PORT:  []
DATA_MEM:  [818, 381]
---------------------------------------
DEBUG    root:machine.py:309 CMP 0
TICK: 39638 PC:  11 ADDR:   0 MEM_OUT: 818 ACC: 3 BUFF: 818 DC: 0 FLAG_ZERO: False FLAG_LT: 0 FLAG_GT: 1
INPUT_PORT:  []
OUT_PORT:  []
DATA_MEM:  [818, 381]
---------------------------------------
DEBUG    root:machine.py:309 JE 18
TICK: 39641 PC:  12 ADDR:   0 MEM_OUT: 818 ACC: 3 BUFF: 818 DC: 0 FLAG_ZERO: False FLAG_LT: 0 FLAG_GT: 1
INPUT_PORT:  []
OUT_PORT:  []
DATA_MEM:  [818, 381]
---------------------------------------
DEBUG    root:machine.py:309 JMP 0
TICK: 39644 PC:  13 ADDR:   0 MEM_OUT: 818 ACC: 3 BUFF: 818 DC: 0 FLAG_ZERO: False FLAG_LT: 0 FLAG_GT: 1
INPUT_PORT:  []
OUT_PORT:  []
DATA_MEM:  [818, 381]
---------------------------------------
DEBUG    root:machine.py:309 LD 0
TICK: 39647 PC:   0 ADDR:   0 MEM_OUT: 818 ACC: 3 BUFF: 818 DC: 0 FLAG_ZERO: False FLAG_LT: 0 FLAG_GT: 1
INPUT_PORT:  []
OUT_PORT:  []
DATA_MEM:  [818, 381]
---------------------------------------
DEBUG    root:machine.py:309 INC 
TICK: 39651 PC:   1 ADDR:   0 MEM_OUT: 818 ACC: 818 BUFF: 818 DC: 0 FLAG_ZERO: False FLAG_LT: 0 FLAG_GT: 1
INPUT_PORT:  []
OUT_PORT:  []
DATA_MEM:  [818, 381]
---------------------------------------
DEBUG    root:machine.py:309 ST 0
TICK: 39654 PC:   2 ADDR:   0 MEM_OUT: 818 ACC: 819 BUFF: 818 DC: 0 FLAG_ZERO: False FLAG_LT: 0 FLAG_GT: 1
INPUT_PORT:  []
OUT_PORT:  []
DATA_MEM:  [818, 381]
---------------------------------------
DEBUG    root:machine.py:309 CMP 1000
TICK: 39658 PC:   3 ADDR:   0 MEM_OUT: 819 ACC: 819 BUFF: 818 DC: 0 FLAG_ZERO: False FLAG_LT: 0 FLAG_GT: 1
INPUT_PORT:  []
OUT_PORT:  []
DATA_MEM:  [819, 381]
---------------------------------------
DEBUG    root:machine.py:309 JGE 22
TICK: 39661 PC:   4 ADDR:   0 MEM_OUT: 819 ACC: 819 BUFF: 818 DC: 0 FLAG_ZERO: False FLAG_LT: 1 FLAG_GT: 0
INPUT_PORT:  []
OUT_PORT:  []
DATA_MEM:  [819, 381]
---------------------------------------
DEBUG    root:machine.py:309 LD 0
TICK: 39664 PC:   5 ADDR:   0 MEM_OUT: 819 ACC: 819 BUFF: 818 DC: 0 FLAG_ZERO: False FLAG_LT: 1 FLAG_GT: 0
INPUT_PORT:  []
OUT_PORT:  []
DATA_MEM:  [819, 381]
---------------------------------------
DEBUG    root:machine.py:309 MOD 3
TICK: 39668 PC:   6 ADDR:   0 MEM_OUT: 819 ACC: 819 BUFF: 818 DC: 0 FLAG_ZERO: False FLAG_LT: 1 FLAG_GT: 0
INPUT_PORT:  []
OUT_PORT:  []
DATA_MEM:  [819, 381]
---------------------------------------
DEBUG    root:machine.py:309 CMP 0
TICK: 39672 PC:   7 ADDR:   0 MEM_OUT: 819 ACC: 0 BUFF: 819 DC: 0 FLAG_ZERO: False FLAG_LT: 1 FLAG_GT: 0
INPUT_PORT:  []
OUT_PORT:  []
DATA_MEM:  [819, 381]
---------------------------------------
DEBUG    root:machine.py:309 JE 14
TICK: 39675 PC:   8 ADDR:   0 MEM_OUT: 819 ACC: 0 BUFF: 819 DC: 0 FLAG_ZERO: True FLAG_LT: 0 FLAG_GT: 0
INPUT_PORT:  []
OUT_PORT:  []
DATA_MEM:  [819, 381]
---------------------------------------
DEBUG    root:machine.py:309 LD 4
TICK: 39678 PC:  14 ADDR:   0 MEM_OUT: 819 ACC: 0 BUFF: 819 DC: 0 FLAG_ZERO: True FLAG_LT: 0 FLAG_GT: 0
INPUT_PORT:  []
OUT_PORT:  []
DATA_MEM:  [819, 381]
---------------------------------------
DEBUG    root:machine.py:309 INC 
TICK: 39682 PC:  15 ADDR:   1 MEM_OUT: 381 ACC: 381 BUFF: 819 DC: 0 FLAG_ZERO: True FLAG_LT: 0 FLAG_GT: 0
INPUT_PORT:  []
OUT_PORT:  []
DATA_MEM:  [819, 381]
---------------------------------------
DEBUG    root:machine.py:309 ST 4
TICK: 39685 PC:  16 ADDR:   1 MEM_OUT: 381 ACC: 382 BUFF: 819 DC: 0 FLAG_ZERO: True FLAG_LT: 0 FLAG_GT: 0
INPUT_PORT:  []
OUT_PORT:  []
DATA_MEM:  [819, 381]
---------------------------------------
DEBUG    root:machine.py:309 JMP 0
TICK: 39689 PC:  17 ADDR:   1 MEM_OUT: 382 ACC: 382 BUFF: 819 DC: 0 FLAG_ZERO: True FLAG_LT: 0 FLAG_GT: 0
INPUT_PORT:  []
OUT_PORT:  []
DATA_MEM:  [819, 382]
---------------------------------------
DEBUG    root:machine.py:309 LD 0
TICK: 39692 PC:   0 ADDR:   1 MEM_OUT: 382 ACC: 382 BUFF: 819 DC: 0 FLAG_ZERO: True FLAG_LT: 0 FLAG_GT: 0
INPUT_PORT:  []
OUT_PORT:  []
DATA_MEM:  [819, 382]
---------------------------------------
DEBUG    root:machine.py:309 INC 
TICK: 39696 PC:   1 ADDR:   0 MEM_OUT: 819 ACC: 819 BUFF: 819 DC: 0 FLAG_ZERO: True FLAG_LT: 0 FLAG_GT: 0
INPUT_PORT:  []
OUT_PORT:  []
DATA_MEM:  [819, 382]
---------------------------------------
DEBUG    root:machine.py:309 ST 0
TICK: 39699 PC:   2 ADDR:   0 MEM_OUT: 819 ACC: 820 BUFF: 819 DC: 0 FLAG_ZERO: True FLAG_LT: 0 FLAG_GT: 0
INPUT_PORT:  []
OUT_PORT:  []
DATA_MEM:  [819, 382]
---------------------------------------
DEBUG    root:machine.py:309 CMP 1000
TICK: 39703 PC:   3 ADDR:   0 MEM_OUT: 820 ACC: 820 BUFF: 819 DC: 0 FLAG_ZERO: True FLAG_LT: 0 FLAG_GT: 0
INPUT_PORT:  []
OUT_PORT:  []
DATA_MEM:  [820, 382]
---------------------------------------
DEBUG    root:machine.py:309 JGE 22
TICK: 39706 PC:   4 ADDR:   0 MEM_OUT: 820 ACC: 820 BUFF: 819 DC: 0 FLAG_ZERO: False FLAG_LT: 1 FLAG_GT: 0
INPUT_PORT:  []
OUT_PORT:  []
DATA_MEM:  [820, 382]
---------------------------------------
DEBUG    root:machine.py:309 LD 0
TICK: 39709 PC:   5 ADDR:   0 MEM_OUT: 820 ACC: 820 BUFF: 819 DC: 0 FLAG_ZERO: False FLAG_LT: 1 FLAG_GT: 0
INPUT_PORT:  []
OUT_PORT:  []
DATA_MEM:  [820, 382]
---------------------------------------
DEBUG    root:machine.py:309 MOD 3
TICK: 39713 PC:   6 ADDR:   0 MEM_OUT: 820 ACC: 820 BUFF: 819 DC: 0 FLAG_ZERO: False FLAG_LT: 1 FLAG_GT: 0
INPUT_PORT:  []
OUT_PORT:  []
DATA_MEM:  [820, 382]
---------------------------------------
DEBUG    root:machine.py:309 CMP 0
TICK: 39717 PC:   7 ADDR:   0 MEM_OUT: 820 ACC: 1 BUFF: 820 DC: 0 FLAG_ZERO: False FLAG_LT: 1 FLAG_GT: 0
INPUT_PORT:  []
OUT_PORT:  []
DATA_MEM:  [820, 382]
---------------------------------------
DEBUG    root:machine.py:309 JE 14
TICK: 39720 PC:   8 ADDR:   0 MEM_OUT: 820 ACC: 1 BUFF: 820 DC: 0 FLAG_ZERO: False FLAG_LT: 0 FLAG_GT: 1
INPUT_PORT:  []
OUT_PORT:  []
DATA_MEM:  [820, 382]
---------------------------------------
DEBUG    root:machine.py:309 LD 0
TICK: 39723 PC:   9 ADDR:   0 MEM_OUT: 820 ACC: 1 BUFF: 820 DC: 0 FLAG_ZERO: False FLAG_LT: 0 FLAG_GT: 1
INPUT_PORT:  []
OUT_PORT:  []
DATA_MEM:  [820, 382]
---------------------------------------
DEBUG    root:machine.py:309 MOD 5
TICK: 39727 PC:  10 ADDR:   0 MEM_OUT: 820 ACC: 820 BUFF: 820 DC: 0 FLAG_ZERO: False FLAG_LT: 0 FLAG_GT: 1
INPUT_PORT:  []
OUT_PORT:  []
DATA_MEM:  [820, 382]
---------------------------------------
DEBUG    root:machine.py:309 CMP 0
TICK: 39731 PC:  11 ADDR:   0 MEM_OUT: 820 ACC: 0 BUFF: 820 DC: 0 FLAG_ZERO: False FLAG_LT: 0 FLAG_GT: 1
INPUT_PORT:  []
OUT_PORT:  []
DATA_MEM:  [820, 382]
---------------------------------------
DEBUG    root:machine.py:309 JE 18
TICK: 39734 PC:  12 ADDR:   0 MEM_OUT: 820 ACC: 0 BUFF: 820 DC: 0 FLAG_ZERO: True FLAG_LT: 0 FLAG_GT: 0
INPUT_PORT:  []
OUT_PORT:  []
DATA_MEM:  [820, 382]
---------------------------------------
DEBUG    root:machine.py:309 LD 4
TICK: 39737 PC:  18 ADDR:   0 MEM_OUT: 820 ACC: 0 BUFF: 820 DC: 0 FLAG_ZERO: True FLAG_LT: 0 FLAG_GT: 0
INPUT_PORT:  []
OUT_PORT:  []
DATA_MEM:  [820, 382]
---------------------------------------
DEBUG    root:machine.py:309 INC 
TICK: 39741 PC:  19 ADDR:   1 MEM_OUT: 382 ACC: 382 BUFF: 820 DC: 0 FLAG_ZERO: True FLAG_LT: 0 FLAG_GT: 0
INPUT_PORT:  []
OUT_PORT:  []
DATA_MEM:  [820, 382]
---------------------------------------
DEBUG    root:machine.py:309 ST 4
TICK: 39744 PC:  20 ADDR:   1 MEM_OUT: 382 ACC: 383 BUFF: 820 DC: 0 FLAG_ZERO: True FLAG_LT: 0 FLAG_GT: 0
INPUT_PORT:  []
OUT_PORT:  []
DATA_MEM:  [820, 382]
---------------------------------------
DEBUG    root:machine.py:309 JMP 0
TICK: 39748 PC:  21 ADDR:   1 MEM_OUT: 383 ACC: 383 BUFF: 820 DC: 0 FLAG_ZERO: True FLAG_LT: 0 FLAG_GT: 0
INPUT_PORT:  []
OUT_PORT:  []
DATA_MEM:  [820, 383]
---------------------------------------
DEBUG    root:machine.py:309 LD 0
TICK: 39751 PC:   0 ADDR:   1 MEM_OUT: 383 ACC: 383 BUFF: 820 DC: 0 FLAG_ZERO: True FLAG_LT: 0 FLAG_GT: 0
INPUT_PORT:  []
OUT_PORT:  []
DATA_MEM:  [820, 383]
---------------------------------------
DEBUG    root:machine.py:309 INC 
TICK: 39755 PC:   1 ADDR:   0 MEM_OUT: 820 ACC: 820 BUFF: 820 DC: 0 FLAG_ZERO: True FLAG_LT: 0 FLAG_GT: 0
INPUT_PORT:  []
OUT_PORT:  []
DATA_MEM:  [820, 383]
---------------------------------------
DEBUG    root:machine.py:309 ST 0
TICK: 39758 PC:   2 ADDR:   0 MEM_OUT: 820 ACC: 821 BUFF: 820 DC: 0 FLAG_ZERO: True FLAG_LT: 0 FLAG_GT: 0
INPUT_PORT:  []
OUT_PORT:  []
DATA_MEM:  [820, 383]
---------------------------------------
DEBUG    root:machine.py:309 CMP 1000
TICK: 39762 PC:   3 ADDR:   0 MEM_OUT: 821 ACC: 821 BUFF: 820 DC: 0 FLAG_ZERO: True FLAG_LT: 0 FLAG_GT: 0
INPUT_PORT:  []
OUT_PORT:  []
DATA_MEM:  [821, 383]
---------------------------------------
DEBUG    root:machine.py:309 JGE 22
TICK: 39765 PC:   4 ADDR:   0 MEM_OUT: 821 ACC: 821 BUFF: 820 DC: 0 FLAG_ZERO: False FLAG_LT: 1 FLAG_GT: 0
INPUT_PORT:  []
OUT_PORT:  []
DATA_MEM:  [821, 383]
---------------------------------------
DEBUG    root:machine.py:309 LD 0
TICK: 39768 PC:   5 ADDR:   0 MEM_OUT: 821 ACC: 821 BUFF: 820 DC: 0 FLAG_ZERO: False FLAG_LT: 1 FLAG_GT: 0
INPUT_PORT:  []
OUT_PORT:  []
DATA_MEM:  [821, 383]
---------------------------------------
DEBUG    root:machine.py:309 MOD 3
TICK: 39772 PC:   6 ADDR:   0 MEM_OUT: 821 ACC: 821 BUFF: 820 DC: 0 FLAG_ZERO: False FLAG_LT: 1 FLAG_GT: 0
INPUT_PORT:  []
OUT_PORT:  []
DATA_MEM:  [821, 383]
---------------------------------------
DEBUG    root:machine.py:309 CMP 0
TICK: 39776 PC:   7 ADDR:   0 MEM_OUT: 821 ACC: 2 BUFF: 821 DC: 0 FLAG_ZERO: False FLAG_LT: 1 FLAG_GT: 0
INPUT_PORT:  []
OUT_PORT:  []
DATA_MEM:  [821, 383]
---------------------------------------
DEBUG    root:machine.py:309 JE 14
TICK: 39779 PC:   8 ADDR:   0 MEM_OUT: 821 ACC: 2 BUFF: 821 DC: 0 FLAG_ZERO: False FLAG_LT: 0 FLAG_GT: 1
INPUT_PORT:  []
OUT_PORT:  []
DATA_MEM:  [821, 383]
---------------------------------------
DEBUG    root:machine.py:309 LD 0
TICK: 39782 PC:   9 ADDR:   0 MEM_OUT: 821 ACC: 2 BUFF: 821 DC: 0 FLAG_ZERO: False FLAG_LT: 0 FLAG_GT: 1
INPUT_PORT:  []
OUT_PORT:  []
DATA_MEM:  [821, 383]
---------------------------------------
DEBUG    root:machine.py:309 MOD 5
TICK: 39786 PC:  10 ADDR:   0 MEM_OUT: 821 ACC: 821 BUFF: 821 DC: 0 FLAG_ZERO: False FLAG_LT: 0 FLAG_GT: 1
INPUT_PORT:  []
OUT_PORT:  []
DATA_MEM:  [821, 383]
---------------------------------------
DEBUG    root:machine.py:309 CMP 0
TICK: 39790 PC:  11 ADDR:   0 MEM_OUT: 821 ACC: 1 BUFF: 821 DC: 0 FLAG_ZERO: False FLAG_LT: 0 FLAG_GT: 1
INPUT_PORT:  []
OUT_PORT:  []
DATA_MEM:  [821, 383]
---------------------------------------
DEBUG    root:machine.py:309 JE 18
TICK: 39793 PC:  12 ADDR:   0 MEM_OUT: 821 ACC: 1 BUFF: 821 DC: 0 FLAG_ZERO: False FLAG_LT: 0 FLAG_GT: 1
INPUT_PORT:  []
OUT_PORT:  []
DATA_MEM:  [821, 383]
---------------------------------------
DEBUG    root:machine.py:309 JMP 0
TICK: 39796 PC:  13 ADDR:   0 MEM_OUT: 821 ACC: 1 BUFF: 821 DC: 0 FLAG_ZERO: False FLAG_LT: 0 FLAG_GT: 1
INPUT_PORT:  []
OUT_PORT:  []
DATA_MEM:  [821, 383]
---------------------------------------
DEBUG    root:machine.py:309 LD 0
TICK: 39799 PC:   0 ADDR:   0 MEM_OUT: 821 ACC: 1 BUFF: 821 DC: 0 FLAG_ZERO: False FLAG_LT: 0 FLAG_GT: 1
INPUT_PORT:  []
OUT_PORT:  []
DATA_MEM:  [821, 383]
---------------------------------------
DEBUG    root:machine.py:309 INC 
TICK: 39803 PC:   1 ADDR:   0 MEM_OUT: 821 ACC: 821 BUFF: 821 DC: 0 FLAG_ZERO: False FLAG_LT: 0 FLAG_GT: 1
INPUT_PORT:  []
OUT_PORT:  []
DATA_MEM:  [821, 383]
---------------------------------------
DEBUG    root:machine.py:309 ST 0
TICK: 39806 PC:   2 ADDR:   0 MEM_OUT: 821 ACC: 822 BUFF: 821 DC: 0 FLAG_ZERO: False FLAG_LT: 0 FLAG_GT: 1
INPUT_PORT:  []
OUT_PORT:  []
DATA_MEM:  [821, 383]
---------------------------------------
DEBUG    root:machine.py:309 CMP 1000
TICK: 39810 PC:   3 ADDR:   0 MEM_OUT: 822 ACC: 822 BUFF: 821 DC: 0 FLAG_ZERO: False FLAG_LT: 0 FLAG_GT: 1
INPUT_PORT:  []
OUT_PORT:  []
DATA_MEM:  [822, 383]
---------------------------------------
DEBUG    root:machine.py:309 JGE 22
TICK: 39813 PC:   4 ADDR:   0 MEM_OUT: 822 ACC: 822 BUFF: 821 DC: 0 FLAG_ZERO: False FLAG_LT: 1 FLAG_GT: 0
INPUT_PORT:  []
OUT_PORT:  []
DATA_MEM:  [822, 383]
---------------------------------------
DEBUG    root:machine.py:309 LD 0
TICK: 39816 PC:   5 ADDR:   0 MEM_OUT: 822 ACC: 822 BUFF: 821 DC: 0 FLAG_ZERO: False FLAG_LT: 1 FLAG_GT: 0
INPUT_PORT:  []
OUT_PORT:  []
DATA_MEM:  [822, 383]
---------------------------------------
DEBUG    root:machine.py:309 MOD 3
TICK: 39820 PC:   6 ADDR:   0 MEM_OUT: 822 ACC: 822 BUFF: 821 DC: 0 FLAG_ZERO: False FLAG_LT: 1 FLAG_GT: 0
INPUT_PORT:  []
OUT_PORT:  []
DATA_MEM:  [822, 383]
---------------------------------------
DEBUG    root:machine.py:309 CMP 0
TICK: 39824 PC:   7 ADDR:   0 MEM_OUT: 822 ACC: 0 BUFF: 822 DC: 0 FLAG_ZERO: False FLAG_LT: 1 FLAG_GT: 0
INPUT_PORT:  []
OUT_PORT:  []
DATA_MEM:  [822, 383]
---------------------------------------
DEBUG    root:machine.py:309 JE 14
TICK: 39827 PC:   8 ADDR:   0 MEM_OUT: 822 ACC: 0 BUFF: 822 DC: 0 FLAG_ZERO: True FLAG_LT: 0 FLAG_GT: 0
INPUT_PORT:  []
OUT_PORT:  []
DATA_MEM:  [822, 383]
---------------------------------------
DEBUG    root:machine.py:309 LD 4
TICK: 39830 PC:  14 ADDR:   0 MEM_OUT: 822 ACC: 0 BUFF: 822 DC: 0 FLAG_ZERO: True FLAG_LT: 0 FLAG_GT: 0
INPUT_PORT:  []
OUT_PORT:  []
DATA_MEM:  [822, 383]
---------------------------------------
DEBUG    root:machine.py:309 INC 
TICK: 39834 PC:  15 ADDR:   1 MEM_OUT: 383 ACC: 383 BUFF: 822 DC: 0 FLAG_ZERO: True FLAG_LT: 0 FLAG_GT: 0
INPUT_PORT:  []
OUT_PORT:  []
DATA_MEM:  [822, 383]
---------------------------------------
DEBUG    root:machine.py:309 ST 4
TICK: 39837 PC:  16 ADDR:   1 MEM_OUT: 383 ACC: 384 BUFF: 822 DC: 0 FLAG_ZERO: True FLAG_LT: 0 FLAG_GT: 0
INPUT_PORT:  []
OUT_PORT:  []
DATA_MEM:  [822, 383]
---------------------------------------
DEBUG    root:machine.py:309 JMP 0
TICK: 39841 PC:  17 ADDR:   1 MEM_OUT: 384 ACC: 384 BUFF: 822 DC: 0 FLAG_ZERO: True FLAG_LT: 0 FLAG_GT: 0
INPUT_PORT:  []
OUT_PORT:  []
DATA_MEM:  [822, 384]
---------------------------------------
DEBUG    root:machine.py:309 LD 0
TICK: 39844 PC:   0 ADDR:   1 MEM_OUT: 384 ACC: 384 BUFF: 822 DC: 0 FLAG_ZERO: True FLAG_LT: 0 FLAG_GT: 0
INPUT_PORT:  []
OUT_PORT:  []
DATA_MEM:  [822, 384]
---------------------------------------
DEBUG    root:machine.py:309 INC 
TICK: 39848 PC:   1 ADDR:   0 MEM_OUT: 822 ACC: 822 BUFF: 822 DC: 0 FLAG_ZERO: True FLAG_LT: 0 FLAG_GT: 0
INPUT_PORT:  []
OUT_PORT:  []
DATA_MEM:  [822, 384]
---------------------------------------
DEBUG    root:machine.py:309 ST 0
TICK: 39851 PC:   2 ADDR:   0 MEM_OUT: 822 ACC: 823 BUFF: 822 DC: 0 FLAG_ZERO: True FLAG_LT: 0 FLAG_GT: 0
INPUT_PORT:  []
OUT_PORT:  []
DATA_MEM:  [822, 384]
---------------------------------------
DEBUG    root:machine.py:309 CMP 1000
TICK: 39855 PC:   3 ADDR:   0 MEM_OUT: 823 ACC: 823 BUFF: 822 DC: 0 FLAG_ZERO: True FLAG_LT: 0 FLAG_GT: 0
INPUT_PORT:  []
OUT_PORT:  []
DATA_MEM:  [823, 384]
---------------------------------------
DEBUG    root:machine.py:309 JGE 22
TICK: 39858 PC:   4 ADDR:   0 MEM_OUT: 823 ACC: 823 BUFF: 822 DC: 0 FLAG_ZERO: False FLAG_LT: 1 FLAG_GT: 0
INPUT_PORT:  []
OUT_PORT:  []
DATA_MEM:  [823, 384]
---------------------------------------
DEBUG    root:machine.py:309 LD 0
TICK: 39861 PC:   5 ADDR:   0 MEM_OUT: 823 ACC: 823 BUFF: 822 DC: 0 FLAG_ZERO: False FLAG_LT: 1 FLAG_GT: 0
INPUT_PORT:  []
OUT_PORT:  []
DATA_MEM:  [823, 384]
---------------------------------------
DEBUG    root:machine.py:309 MOD 3
TICK: 39865 PC:   6 ADDR:   0 MEM_OUT: 823 ACC: 823 BUFF: 822 DC: 0 FLAG_ZERO: False FLAG_LT: 1 FLAG_GT: 0
INPUT_PORT:  []
OUT_PORT:  []
DATA_MEM:  [823, 384]
---------------------------------------
DEBUG    root:machine.py:309 CMP 0
TICK: 39869 PC:   7 ADDR:   0 MEM_OUT: 823 ACC: 1 BUFF: 823 DC: 0 FLAG_ZERO: False FLAG_LT: 1 FLAG_GT: 0
INPUT_PORT:  []
OUT_PORT:  []
DATA_MEM:  [823, 384]
---------------------------------------
DEBUG    root:machine.py:309 JE 14
TICK: 39872 PC:   8 ADDR:   0 MEM_OUT: 823 ACC: 1 BUFF: 823 DC: 0 FLAG_ZERO: False FLAG_LT: 0 FLAG_GT: 1
INPUT_PORT:  []
OUT_PORT:  []
DATA_MEM:  [823, 384]
---------------------------------------
DEBUG    root:machine.py:309 LD 0
TICK: 39875 PC:   9 ADDR:   0 MEM_OUT: 823 ACC: 1 BUFF: 823 DC: 0 FLAG_ZERO: False FLAG_LT: 0 FLAG_GT: 1
INPUT_PORT:  []
OUT_PORT:  []
DATA_MEM:  [823, 384]
---------------------------------------
DEBUG    root:machine.py:309 MOD 5
TICK: 39879 PC:  10 ADDR:   0 MEM_OUT: 823 ACC: 823 BUFF: 823 DC: 0 FLAG_ZERO: False FLAG_LT: 0 FLAG_GT: 1
INPUT_PORT:  []
OUT_PORT:  []
DATA_MEM:  [823, 384]
---------------------------------------
DEBUG    root:machine.py:309 CMP 0
TICK: 39883 PC:  11 ADDR:   0 MEM_OUT: 823 ACC: 3 BUFF: 823 DC: 0 FLAG_ZERO: False FLAG_LT: 0 FLAG_GT: 1
INPUT_PORT:  []
OUT_PORT:  []
DATA_MEM:  [823, 384]
---------------------------------------
DEBUG    root:machine.py:309 JE 18
TICK: 39886 PC:  12 ADDR:   0 MEM_OUT: 823 ACC: 3 BUFF: 823 DC: 0 FLAG_ZERO: False FLAG_LT: 0 FLAG_GT: 1
INPUT_PORT:  []
OUT_PORT:  []
DATA_MEM:  [823, 384]
---------------------------------------
DEBUG    root:machine.py:309 JMP 0
TICK: 39889 PC:  13 ADDR:   0 MEM_OUT: 823 ACC: 3 BUFF: 823 DC: 0 FLAG_ZERO: False FLAG_LT: 0 FLAG_GT: 1
INPUT_PORT:  []
OUT_PORT:  []
DATA_MEM:  [823, 384]
---------------------------------------
DEBUG    root:machine.py:309 LD 0
TICK: 39892 PC:   0 ADDR:   0 MEM_OUT: 823 ACC: 3 BUFF: 823 DC: 0 FLAG_ZERO: False FLAG_LT: 0 FLAG_GT: 1
INPUT_PORT:  []
OUT_PORT:  []
DATA_MEM:  [823, 384]
---------------------------------------
DEBUG    root:machine.py:309 INC 
TICK: 39896 PC:   1 ADDR:   0 MEM_OUT: 823 ACC: 823 BUFF: 823 DC: 0 FLAG_ZERO: False FLAG_LT: 0 FLAG_GT: 1
INPUT_PORT:  []
OUT_PORT:  []
DATA_MEM:  [823, 384]
---------------------------------------
DEBUG    root:machine.py:309 ST 0
TICK: 39899 PC:   2 ADDR:   0 MEM_OUT: 823 ACC: 824 BUFF: 823 DC: 0 FLAG_ZERO: False FLAG_LT: 0 FLAG_GT: 1
INPUT_PORT:  []
OUT_PORT:  []
DATA_MEM:  [823, 384]
---------------------------------------
DEBUG    root:machine.py:309 CMP 1000
TICK: 39903 PC:   3 ADDR:   0 MEM_OUT: 824 ACC: 824 BUFF: 823 DC: 0 FLAG_ZERO: False FLAG_LT: 0 FLAG_GT: 1
INPUT_PORT:  []
OUT_PORT:  []
DATA_MEM:  [824, 384]
---------------------------------------
DEBUG    root:machine.py:309 JGE 22
TICK: 39906 PC:   4 ADDR:   0 MEM_OUT: 824 ACC: 824 BUFF: 823 DC: 0 FLAG_ZERO: False FLAG_LT: 1 FLAG_GT: 0
INPUT_PORT:  []
OUT_PORT:  []
DATA_MEM:  [824, 384]
---------------------------------------
DEBUG    root:machine.py:309 LD 0
TICK: 39909 PC:   5 ADDR:   0 MEM_OUT: 824 ACC: 824 BUFF: 823 DC: 0 FLAG_ZERO: False FLAG_LT: 1 FLAG_GT: 0
INPUT_PORT:  []
OUT_PORT:  []
DATA_MEM:  [824, 384]
---------------------------------------
DEBUG    root:machine.py:309 MOD 3
TICK: 39913 PC:   6 ADDR:   0 MEM_OUT: 824 ACC: 824 BUFF: 823 DC: 0 FLAG_ZERO: False FLAG_LT: 1 FLAG_GT: 0
INPUT_PORT:  []
OUT_PORT:  []
DATA_MEM:  [824, 384]
---------------------------------------
DEBUG    root:machine.py:309 CMP 0
TICK: 39917 PC:   7 ADDR:   0 MEM_OUT: 824 ACC: 2 BUFF: 824 DC: 0 FLAG_ZERO: False FLAG_LT: 1 FLAG_GT: 0
INPUT_PORT:  []
OUT_PORT:  []
DATA_MEM:  [824, 384]
---------------------------------------
DEBUG    root:machine.py:309 JE 14
TICK: 39920 PC:   8 ADDR:   0 MEM_OUT: 824 ACC: 2 BUFF: 824 DC: 0 FLAG_ZERO: False FLAG_LT: 0 FLAG_GT: 1
INPUT_PORT:  []
OUT_PORT:  []
DATA_MEM:  [824, 384]
---------------------------------------
DEBUG    root:machine.py:309 LD 0
TICK: 39923 PC:   9 ADDR:   0 MEM_OUT: 824 ACC: 2 BUFF: 824 DC: 0 FLAG_ZERO: False FLAG_LT: 0 FLAG_GT: 1
INPUT_PORT:  []
OUT_PORT:  []
DATA_MEM:  [824, 384]
---------------------------------------
DEBUG    root:machine.py:309 MOD 5
TICK: 39927 PC:  10 ADDR:   0 MEM_OUT: 824 ACC: 824 BUFF: 824 DC: 0 FLAG_ZERO: False FLAG_LT: 0 FLAG_GT: 1
INPUT_PORT:  []
OUT_PORT:  []
DATA_MEM:  [824, 384]
---------------------------------------
DEBUG    root:machine.py:309 CMP 0
TICK: 39931 PC:  11 ADDR:   0 MEM_OUT: 824 ACC: 4 BUFF: 824 DC: 0 FLAG_ZERO: False FLAG_LT: 0 FLAG_GT: 1
INPUT_PORT:  []
OUT_PORT:  []
DATA_MEM:  [824, 384]
---------------------------------------
DEBUG    root:machine.py:309 JE 18
TICK: 39934 PC:  12 ADDR:   0 MEM_OUT: 824 ACC: 4 BUFF: 824 DC: 0 FLAG_ZERO: False FLAG_LT: 0 FLAG_GT: 1
INPUT_PORT:  []
OUT_PORT:  []
DATA_MEM:  [824, 384]
---------------------------------------
DEBUG    root:machine.py:309 JMP 0
TICK: 39937 PC:  13 ADDR:   0 MEM_OUT: 824 ACC: 4 BUFF: 824 DC: 0 FLAG_ZERO: False FLAG_LT: 0 FLAG_GT: 1
INPUT_PORT:  []
OUT_PORT:  []
DATA_MEM:  [824, 384]
---------------------------------------
DEBUG    root:machine.py:309 LD 0
TICK: 39940 PC:   0 ADDR:   0 MEM_OUT: 824 ACC: 4 BUFF: 824 DC: 0 FLAG_ZERO: False FLAG_LT: 0 FLAG_GT: 1
INPUT_PORT:  []
OUT_PORT:  []
DATA_MEM:  [824, 384]
---------------------------------------
DEBUG    root:machine.py:309 INC 
TICK: 39944 PC:   1 ADDR:   0 MEM_OUT: 824 ACC: 824 BUFF: 824 DC: 0 FLAG_ZERO: False FLAG_LT: 0 FLAG_GT: 1
INPUT_PORT:  []
OUT_PORT:  []
DATA_MEM:  [824, 384]
---------------------------------------
DEBUG    root:machine.py:309 ST 0
TICK: 39947 PC:   2 ADDR:   0 MEM_OUT: 824 ACC: 825 BUFF: 824 DC: 0 FLAG_ZERO: False FLAG_LT: 0 FLAG_GT: 1
INPUT_PORT:  []
OUT_PORT:  []
DATA_MEM:  [824, 384]
---------------------------------------
DEBUG    root:machine.py:309 CMP 1000
TICK: 39951 PC:   3 ADDR:   0 MEM_OUT: 825 ACC: 825 BUFF: 824 DC: 0 FLAG_ZERO: False FLAG_LT: 0 FLAG_GT: 1
INPUT_PORT:  []
OUT_PORT:  []
DATA_MEM:  [825, 384]
---------------------------------------
DEBUG    root:machine.py:309 JGE 22
TICK: 39954 PC:   4 ADDR:   0 MEM_OUT: 825 ACC: 825 BUFF: 824 DC: 0 FLAG_ZERO: False FLAG_LT: 1 FLAG_GT: 0
INPUT_PORT:  []
OUT_PORT:  []
DATA_MEM:  [825, 384]
---------------------------------------
DEBUG    root:machine.py:309 LD 0
TICK: 39957 PC:   5 ADDR:   0 MEM_OUT: 825 ACC: 825 BUFF: 824 DC: 0 FLAG_ZERO: False FLAG_LT: 1 FLAG_GT: 0
INPUT_PORT:  []
OUT_PORT:  []
DATA_MEM:  [825, 384]
---------------------------------------
DEBUG    root:machine.py:309 MOD 3
TICK: 39961 PC:   6 ADDR:   0 MEM_OUT: 825 ACC: 825 BUFF: 824 DC: 0 FLAG_ZERO: False FLAG_LT: 1 FLAG_GT: 0
INPUT_PORT:  []
OUT_PORT:  []
DATA_MEM:  [825, 384]
---------------------------------------
DEBUG    root:machine.py:309 CMP 0
TICK: 39965 PC:   7 ADDR:   0 MEM_OUT: 825 ACC: 0 BUFF: 825 DC: 0 FLAG_ZERO: False FLAG_LT: 1 FLAG_GT: 0
INPUT_PORT:  []
OUT_PORT:  []
DATA_MEM:  [825, 384]
---------------------------------------
DEBUG    root:machine.py:309 JE 14
TICK: 39968 PC:   8 ADDR:   0 MEM_OUT: 825 ACC: 0 BUFF: 825 DC: 0 FLAG_ZERO: True FLAG_LT: 0 FLAG_GT: 0
INPUT_PORT:  []
OUT_PORT:  []
DATA_MEM:  [825, 384]
---------------------------------------
DEBUG    root:machine.py:309 LD 4
TICK: 39971 PC:  14 ADDR:   0 MEM_OUT: 825 ACC: 0 BUFF: 825 DC: 0 FLAG_ZERO: True FLAG_LT: 0 FLAG_GT: 0
INPUT_PORT:  []
OUT_PORT:  []
DATA_MEM:  [825, 384]
---------------------------------------
DEBUG    root:machine.py:309 INC 
TICK: 39975 PC:  15 ADDR:   1 MEM_OUT: 384 ACC: 384 BUFF: 825 DC: 0 FLAG_ZERO: True FLAG_LT: 0 FLAG_GT: 0
INPUT_PORT:  []
OUT_PORT:  []
DATA_MEM:  [825, 384]
---------------------------------------
DEBUG    root:machine.py:309 ST 4
TICK: 39978 PC:  16 ADDR:   1 MEM_OUT: 384 ACC: 385 BUFF: 825 DC: 0 FLAG_ZERO: True FLAG_LT: 0 FLAG_GT: 0
INPUT_PORT:  []
OUT_PORT:  []
DATA_MEM:  [825, 384]
---------------------------------------
DEBUG    root:machine.py:309 JMP 0
TICK: 39982 PC:  17 ADDR:   1 MEM_OUT: 385 ACC: 385 BUFF: 825 DC: 0 FLAG_ZERO: True FLAG_LT: 0 FLAG_GT: 0
INPUT_PORT:  []
OUT_PORT:  []
DATA_MEM:  [825, 385]
---------------------------------------
DEBUG    root:machine.py:309 LD 0
TICK: 39985 PC:   0 ADDR:   1 MEM_OUT: 385 ACC: 385 BUFF: 825 DC: 0 FLAG_ZERO: True FLAG_LT: 0 FLAG_GT: 0
INPUT_PORT:  []
OUT_PORT:  []
DATA_MEM:  [825, 385]
---------------------------------------
DEBUG    root:machine.py:309 INC 
TICK: 39989 PC:   1 ADDR:   0 MEM_OUT: 825 ACC: 825 BUFF: 825 DC: 0 FLAG_ZERO: True FLAG_LT: 0 FLAG_GT: 0
INPUT_PORT:  []
OUT_PORT:  []
DATA_MEM:  [825, 385]
---------------------------------------
DEBUG    root:machine.py:309 ST 0
TICK: 39992 PC:   2 ADDR:   0 MEM_OUT: 825 ACC: 826 BUFF: 825 DC: 0 FLAG_ZERO: True FLAG_LT: 0 FLAG_GT: 0
INPUT_PORT:  []
OUT_PORT:  []
DATA_MEM:  [825, 385]
---------------------------------------
DEBUG    root:machine.py:309 CMP 1000
TICK: 39996 PC:   3 ADDR:   0 MEM_OUT: 826 ACC: 826 BUFF: 825 DC: 0 FLAG_ZERO: True FLAG_LT: 0 FLAG_GT: 0
INPUT_PORT:  []
OUT_PORT:  []
DATA_MEM:  [826, 385]
---------------------------------------
DEBUG    root:machine.py:309 JGE 22
TICK: 39999 PC:   4 ADDR:   0 MEM_OUT: 826 ACC: 826 BUFF: 825 DC: 0 FLAG_ZERO: False FLAG_LT: 1 FLAG_GT: 0
INPUT_PORT:  []
OUT_PORT:  []
DATA_MEM:  [826, 385]
---------------------------------------
DEBUG    root:machine.py:309 LD 0
TICK: 40002 PC:   5 ADDR:   0 MEM_OUT: 826 ACC: 826 BUFF: 825 DC: 0 FLAG_ZERO: False FLAG_LT: 1 FLAG_GT: 0
INPUT_PORT:  []
OUT_PORT:  []
DATA_MEM:  [826, 385]
---------------------------------------
DEBUG    root:machine.py:309 MOD 3
TICK: 40006 PC:   6 ADDR:   0 MEM_OUT: 826 ACC: 826 BUFF: 825 DC: 0 FLAG_ZERO: False FLAG_LT: 1 FLAG_GT: 0
INPUT_PORT:  []
OUT_PORT:  []
DATA_MEM:  [826, 385]
---------------------------------------
DEBUG    root:machine.py:309 CMP 0
TICK: 40010 PC:   7 ADDR:   0 MEM_OUT: 826 ACC: 1 BUFF: 826 DC: 0 FLAG_ZERO: False FLAG_LT: 1 FLAG_GT: 0
INPUT_PORT:  []
OUT_PORT:  []
DATA_MEM:  [826, 385]
---------------------------------------
DEBUG    root:machine.py:309 JE 14
TICK: 40013 PC:   8 ADDR:   0 MEM_OUT: 826 ACC: 1 BUFF: 826 DC: 0 FLAG_ZERO: False FLAG_LT: 0 FLAG_GT: 1
INPUT_PORT:  []
OUT_PORT:  []
DATA_MEM:  [826, 385]
---------------------------------------
DEBUG    root:machine.py:309 LD 0
TICK: 40016 PC:   9 ADDR:   0 MEM_OUT: 826 ACC: 1 BUFF: 826 DC: 0 FLAG_ZERO: False FLAG_LT: 0 FLAG_GT: 1
INPUT_PORT:  []
OUT_PORT:  []
DATA_MEM:  [826, 385]
---------------------------------------
DEBUG    root:machine.py:309 MOD 5
TICK: 40020 PC:  10 ADDR:   0 MEM_OUT: 826 ACC: 826 BUFF: 826 DC: 0 FLAG_ZERO: False FLAG_LT: 0 FLAG_GT: 1
INPUT_PORT:  []
OUT_PORT:  []
DATA_MEM:  [826, 385]
---------------------------------------
DEBUG    root:machine.py:309 CMP 0
TICK: 40024 PC:  11 ADDR:   0 MEM_OUT: 826 ACC: 1 BUFF: 826 DC: 0 FLAG_ZERO: False FLAG_LT: 0 FLAG_GT: 1
INPUT_PORT:  []
OUT_PORT:  []
DATA_MEM:  [826, 385]
---------------------------------------
DEBUG    root:machine.py:309 JE 18
TICK: 40027 PC:  12 ADDR:   0 MEM_OUT: 826 ACC: 1 BUFF: 826 DC: 0 FLAG_ZERO: False FLAG_LT: 0 FLAG_GT: 1
INPUT_PORT:  []
OUT_PORT:  []
DATA_MEM:  [826, 385]
---------------------------------------
DEBUG    root:machine.py:309 JMP 0
TICK: 40030 PC:  13 ADDR:   0 MEM_OUT: 826 ACC: 1 BUFF: 826 DC: 0 FLAG_ZERO: False FLAG_LT: 0 FLAG_GT: 1
INPUT_PORT:  []
OUT_PORT:  []
DATA_MEM:  [826, 385]
---------------------------------------
DEBUG    root:machine.py:309 LD 0
TICK: 40033 PC:   0 ADDR:   0 MEM_OUT: 826 ACC: 1 BUFF: 826 DC: 0 FLAG_ZERO: False FLAG_LT: 0 FLAG_GT: 1
INPUT_PORT:  []
OUT_PORT:  []
DATA_MEM:  [826, 385]
---------------------------------------
DEBUG    root:machine.py:309 INC 
TICK: 40037 PC:   1 ADDR:   0 MEM_OUT: 826 ACC: 826 BUFF: 826 DC: 0 FLAG_ZERO: False FLAG_LT: 0 FLAG_GT: 1
INPUT_PORT:  []
OUT_PORT:  []
DATA_MEM:  [826, 385]
---------------------------------------
DEBUG    root:machine.py:309 ST 0
TICK: 40040 PC:   2 ADDR:   0 MEM_OUT: 826 ACC: 827 BUFF: 826 DC: 0 FLAG_ZERO: False FLAG_LT: 0 FLAG_GT: 1
INPUT_PORT:  []
OUT_PORT:  []
DATA_MEM:  [826, 385]
---------------------------------------
DEBUG    root:machine.py:309 CMP 1000
TICK: 40044 PC:   3 ADDR:   0 MEM_OUT: 827 ACC: 827 BUFF: 826 DC: 0 FLAG_ZERO: False FLAG_LT: 0 FLAG_GT: 1
INPUT_PORT:  []
OUT_PORT:  []
DATA_MEM:  [827, 385]
---------------------------------------
DEBUG    root:machine.py:309 JGE 22
TICK: 40047 PC:   4 ADDR:   0 MEM_OUT: 827 ACC: 827 BUFF: 826 DC: 0 FLAG_ZERO: False FLAG_LT: 1 FLAG_GT: 0
INPUT_PORT:  []
OUT_PORT:  []
DATA_MEM:  [827, 385]
---------------------------------------
DEBUG    root:machine.py:309 LD 0
TICK: 40050 PC:   5 ADDR:   0 MEM_OUT: 827 ACC: 827 BUFF: 826 DC: 0 FLAG_ZERO: False FLAG_LT: 1 FLAG_GT: 0
INPUT_PORT:  []
OUT_PORT:  []
DATA_MEM:  [827, 385]
---------------------------------------
DEBUG    root:machine.py:309 MOD 3
TICK: 40054 PC:   6 ADDR:   0 MEM_OUT: 827 ACC: 827 BUFF: 826 DC: 0 FLAG_ZERO: False FLAG_LT: 1 FLAG_GT: 0
INPUT_PORT:  []
OUT_PORT:  []
DATA_MEM:  [827, 385]
---------------------------------------
DEBUG    root:machine.py:309 CMP 0
TICK: 40058 PC:   7 ADDR:   0 MEM_OUT: 827 ACC: 2 BUFF: 827 DC: 0 FLAG_ZERO: False FLAG_LT: 1 FLAG_GT: 0
INPUT_PORT:  []
OUT_PORT:  []
DATA_MEM:  [827, 385]
---------------------------------------
DEBUG    root:machine.py:309 JE 14
TICK: 40061 PC:   8 ADDR:   0 MEM_OUT: 827 ACC: 2 BUFF: 827 DC: 0 FLAG_ZERO: False FLAG_LT: 0 FLAG_GT: 1
INPUT_PORT:  []
OUT_PORT:  []
DATA_MEM:  [827, 385]
---------------------------------------
DEBUG    root:machine.py:309 LD 0
TICK: 40064 PC:   9 ADDR:   0 MEM_OUT: 827 ACC: 2 BUFF: 827 DC: 0 FLAG_ZERO: False FLAG_LT: 0 FLAG_GT: 1
INPUT_PORT:  []
OUT_PORT:  []
DATA_MEM:  [827, 385]
---------------------------------------
DEBUG    root:machine.py:309 MOD 5
TICK: 40068 PC:  10 ADDR:   0 MEM_OUT: 827 ACC: 827 BUFF: 827 DC: 0 FLAG_ZERO: False FLAG_LT: 0 FLAG_GT: 1
INPUT_PORT:  []
OUT_PORT:  []
DATA_MEM:  [827, 385]
---------------------------------------
DEBUG    root:machine.py:309 CMP 0
TICK: 40072 PC:  11 ADDR:   0 MEM_OUT: 827 ACC: 2 BUFF: 827 DC: 0 FLAG_ZERO: False FLAG_LT: 0 FLAG_GT: 1
INPUT_PORT:  []
OUT_PORT:  []
DATA_MEM:  [827, 385]
---------------------------------------
DEBUG    root:machine.py:309 JE 18
TICK: 40075 PC:  12 ADDR:   0 MEM_OUT: 827 ACC: 2 BUFF: 827 DC: 0 FLAG_ZERO: False FLAG_LT: 0 FLAG_GT: 1
INPUT_PORT:  []
OUT_PORT:  []
DATA_MEM:  [827, 385]
---------------------------------------
DEBUG    root:machine.py:309 JMP 0
TICK: 40078 PC:  13 ADDR:   0 MEM_OUT: 827 ACC: 2 BUFF: 827 DC: 0 FLAG_ZERO: False FLAG_LT: 0 FLAG_GT: 1
INPUT_PORT:  []
OUT_PORT:  []
DATA_MEM:  [827, 385]
---------------------------------------
DEBUG    root:machine.py:309 LD 0
TICK: 40081 PC:   0 ADDR:   0 MEM_OUT: 827 ACC: 2 BUFF: 827 DC: 0 FLAG_ZERO: False FLAG_LT: 0 FLAG_GT: 1
INPUT_PORT:  []
OUT_PORT:  []
DATA_MEM:  [827, 385]
---------------------------------------
DEBUG    root:machine.py:309 INC 
TICK: 40085 PC:   1 ADDR:   0 MEM_OUT: 827 ACC: 827 BUFF: 827 DC: 0 FLAG_ZERO: False FLAG_LT: 0 FLAG_GT: 1
INPUT_PORT:  []
OUT_PORT:  []
DATA_MEM:  [827, 385]
---------------------------------------
DEBUG    root:machine.py:309 ST 0
TICK: 40088 PC:   2 ADDR:   0 MEM_OUT: 827 ACC: 828 BUFF: 827 DC: 0 FLAG_ZERO: False FLAG_LT: 0 FLAG_GT: 1
INPUT_PORT:  []
OUT_PORT:  []
DATA_MEM:  [827, 385]
---------------------------------------
DEBUG    root:machine.py:309 CMP 1000
TICK: 40092 PC:   3 ADDR:   0 MEM_OUT: 828 ACC: 828 BUFF: 827 DC: 0 FLAG_ZERO: False FLAG_LT: 0 FLAG_GT: 1
INPUT_PORT:  []
OUT_PORT:  []
DATA_MEM:  [828, 385]
---------------------------------------
DEBUG    root:machine.py:309 JGE 22
TICK: 40095 PC:   4 ADDR:   0 MEM_OUT: 828 ACC: 828 BUFF: 827 DC: 0 FLAG_ZERO: False FLAG_LT: 1 FLAG_GT: 0
INPUT_PORT:  []
OUT_PORT:  []
DATA_MEM:  [828, 385]
---------------------------------------
DEBUG    root:machine.py:309 LD 0
TICK: 40098 PC:   5 ADDR:   0 MEM_OUT: 828 ACC: 828 BUFF: 827 DC: 0 FLAG_ZERO: False FLAG_LT: 1 FLAG_GT: 0
INPUT_PORT:  []
OUT_PORT:  []
DATA_MEM:  [828, 385]
---------------------------------------
DEBUG    root:machine.py:309 MOD 3
TICK: 40102 PC:   6 ADDR:   0 MEM_OUT: 828 ACC: 828 BUFF: 827 DC: 0 FLAG_ZERO: False FLAG_LT: 1 FLAG_GT: 0
INPUT_PORT:  []
OUT_PORT:  []
DATA_MEM:  [828, 385]
---------------------------------------
DEBUG    root:machine.py:309 CMP 0
TICK: 40106 PC:   7 ADDR:   0 MEM_OUT: 828 ACC: 0 BUFF: 828 DC: 0 FLAG_ZERO: False FLAG_LT: 1 FLAG_GT: 0
INPUT_PORT:  []
OUT_PORT:  []
DATA_MEM:  [828, 385]
---------------------------------------
DEBUG    root:machine.py:309 JE 14
TICK: 40109 PC:   8 ADDR:   0 MEM_OUT: 828 ACC: 0 BUFF: 828 DC: 0 FLAG_ZERO: True FLAG_LT: 0 FLAG_GT: 0
INPUT_PORT:  []
OUT_PORT:  []
DATA_MEM:  [828, 385]
---------------------------------------
DEBUG    root:machine.py:309 LD 4
TICK: 40112 PC:  14 ADDR:   0 MEM_OUT: 828 ACC: 0 BUFF: 828 DC: 0 FLAG_ZERO: True FLAG_LT: 0 FLAG_GT: 0
INPUT_PORT:  []
OUT_PORT:  []
DATA_MEM:  [828, 385]
---------------------------------------
DEBUG    root:machine.py:309 INC 
TICK: 40116 PC:  15 ADDR:   1 MEM_OUT: 385 ACC: 385 BUFF: 828 DC: 0 FLAG_ZERO: True FLAG_LT: 0 FLAG_GT: 0
INPUT_PORT:  []
OUT_PORT:  []
DATA_MEM:  [828, 385]
---------------------------------------
DEBUG    root:machine.py:309 ST 4
TICK: 40119 PC:  16 ADDR:   1 MEM_OUT: 385 ACC: 386 BUFF: 828 DC: 0 FLAG_ZERO: True FLAG_LT: 0 FLAG_GT: 0
INPUT_PORT:  []
OUT_PORT:  []
DATA_MEM:  [828, 385]
---------------------------------------
DEBUG    root:machine.py:309 JMP 0
TICK: 40123 PC:  17 ADDR:   1 MEM_OUT: 386 ACC: 386 BUFF: 828 DC: 0 FLAG_ZERO: True FLAG_LT: 0 FLAG_GT: 0
INPUT_PORT:  []
OUT_PORT:  []
DATA_MEM:  [828, 386]
---------------------------------------
DEBUG    root:machine.py:309 LD 0
TICK: 40126 PC:   0 ADDR:   1 MEM_OUT: 386 ACC: 386 BUFF: 828 DC: 0 FLAG_ZERO: True FLAG_LT: 0 FLAG_GT: 0
INPUT_PORT:  []
OUT_PORT:  []
DATA_MEM:  [828, 386]
---------------------------------------
DEBUG    root:machine.py:309 INC 
TICK: 40130 PC:   1 ADDR:   0 MEM_OUT: 828 ACC: 828 BUFF: 828 DC: 0 FLAG_ZERO: True FLAG_LT: 0 FLAG_GT: 0
INPUT_PORT:  []
OUT_PORT:  []
DATA_MEM:  [828, 386]
---------------------------------------
DEBUG    root:machine.py:309 ST 0
TICK: 40133 PC:   2 ADDR:   0 MEM_OUT: 828 ACC: 829 BUFF: 828 DC: 0 FLAG_ZERO: True FLAG_LT: 0 FLAG_GT: 0
INPUT_PORT:  []
OUT_PORT:  []
DATA_MEM:  [828, 386]
---------------------------------------
DEBUG    root:machine.py:309 CMP 1000
TICK: 40137 PC:   3 ADDR:   0 MEM_OUT: 829 ACC: 829 BUFF: 828 DC: 0 FLAG_ZERO: True FLAG_LT: 0 FLAG_GT: 0
INPUT_PORT:  []
OUT_PORT:  []
DATA_MEM:  [829, 386]
---------------------------------------
DEBUG    root:machine.py:309 JGE 22
TICK: 40140 PC:   4 ADDR:   0 MEM_OUT: 829 ACC: 829 BUFF: 828 DC: 0 FLAG_ZERO: False FLAG_LT: 1 FLAG_GT: 0
INPUT_PORT:  []
OUT_PORT:  []
DATA_MEM:  [829, 386]
---------------------------------------
DEBUG    root:machine.py:309 LD 0
TICK: 40143 PC:   5 ADDR:   0 MEM_OUT: 829 ACC: 829 BUFF: 828 DC: 0 FLAG_ZERO: False FLAG_LT: 1 FLAG_GT: 0
INPUT_PORT:  []
OUT_PORT:  []
DATA_MEM:  [829, 386]
---------------------------------------
DEBUG    root:machine.py:309 MOD 3
TICK: 40147 PC:   6 ADDR:   0 MEM_OUT: 829 ACC: 829 BUFF: 828 DC: 0 FLAG_ZERO: False FLAG_LT: 1 FLAG_GT: 0
INPUT_PORT:  []
OUT_PORT:  []
DATA_MEM:  [829, 386]
---------------------------------------
DEBUG    root:machine.py:309 CMP 0
TICK: 40151 PC:   7 ADDR:   0 MEM_OUT: 829 ACC: 1 BUFF: 829 DC: 0 FLAG_ZERO: False FLAG_LT: 1 FLAG_GT: 0
INPUT_PORT:  []
OUT_PORT:  []
DATA_MEM:  [829, 386]
---------------------------------------
DEBUG    root:machine.py:309 JE 14
TICK: 40154 PC:   8 ADDR:   0 MEM_OUT: 829 ACC: 1 BUFF: 829 DC: 0 FLAG_ZERO: False FLAG_LT: 0 FLAG_GT: 1
INPUT_PORT:  []
OUT_PORT:  []
DATA_MEM:  [829, 386]
---------------------------------------
DEBUG    root:machine.py:309 LD 0
TICK: 40157 PC:   9 ADDR:   0 MEM_OUT: 829 ACC: 1 BUFF: 829 DC: 0 FLAG_ZERO: False FLAG_LT: 0 FLAG_GT: 1
INPUT_PORT:  []
OUT_PORT:  []
DATA_MEM:  [829, 386]
---------------------------------------
DEBUG    root:machine.py:309 MOD 5
TICK: 40161 PC:  10 ADDR:   0 MEM_OUT: 829 ACC: 829 BUFF: 829 DC: 0 FLAG_ZERO: False FLAG_LT: 0 FLAG_GT: 1
INPUT_PORT:  []
OUT_PORT:  []
DATA_MEM:  [829, 386]
---------------------------------------
DEBUG    root:machine.py:309 CMP 0
TICK: 40165 PC:  11 ADDR:   0 MEM_OUT: 829 ACC: 4 BUFF: 829 DC: 0 FLAG_ZERO: False FLAG_LT: 0 FLAG_GT: 1
INPUT_PORT:  []
OUT_PORT:  []
DATA_MEM:  [829, 386]
---------------------------------------
DEBUG    root:machine.py:309 JE 18
TICK: 40168 PC:  12 ADDR:   0 MEM_OUT: 829 ACC: 4 BUFF: 829 DC: 0 FLAG_ZERO: False FLAG_LT: 0 FLAG_GT: 1
INPUT_PORT:  []
OUT_PORT:  []
DATA_MEM:  [829, 386]
---------------------------------------
DEBUG    root:machine.py:309 JMP 0
TICK: 40171 PC:  13 ADDR:   0 MEM_OUT: 829 ACC: 4 BUFF: 829 DC: 0 FLAG_ZERO: False FLAG_LT: 0 FLAG_GT: 1
INPUT_PORT:  []
OUT_PORT:  []
DATA_MEM:  [829, 386]
---------------------------------------
DEBUG    root:machine.py:309 LD 0
TICK: 40174 PC:   0 ADDR:   0 MEM_OUT: 829 ACC: 4 BUFF: 829 DC: 0 FLAG_ZERO: False FLAG_LT: 0 FLAG_GT: 1
INPUT_PORT:  []
OUT_PORT:  []
DATA_MEM:  [829, 386]
---------------------------------------
DEBUG    root:machine.py:309 INC 
TICK: 40178 PC:   1 ADDR:   0 MEM_OUT: 829 ACC: 829 BUFF: 829 DC: 0 FLAG_ZERO: False FLAG_LT: 0 FLAG_GT: 1
INPUT_PORT:  []
OUT_PORT:  []
DATA_MEM:  [829, 386]
---------------------------------------
DEBUG    root:machine.py:309 ST 0
TICK: 40181 PC:   2 ADDR:   0 MEM_OUT: 829 ACC: 830 BUFF: 829 DC: 0 FLAG_ZERO: False FLAG_LT: 0 FLAG_GT: 1
INPUT_PORT:  []
OUT_PORT:  []
DATA_MEM:  [829, 386]
---------------------------------------
DEBUG    root:machine.py:309 CMP 1000
TICK: 40185 PC:   3 ADDR:   0 MEM_OUT: 830 ACC: 830 BUFF: 829 DC: 0 FLAG_ZERO: False FLAG_LT: 0 FLAG_GT: 1
INPUT_PORT:  []
OUT_PORT:  []
DATA_MEM:  [830, 386]
---------------------------------------
DEBUG    root:machine.py:309 JGE 22
TICK: 40188 PC:   4 ADDR:   0 MEM_OUT: 830 ACC: 830 BUFF: 829 DC: 0 FLAG_ZERO: False FLAG_LT: 1 FLAG_GT: 0
INPUT_PORT:  []
OUT_PORT:  []
DATA_MEM:  [830, 386]
---------------------------------------
DEBUG    root:machine.py:309 LD 0
TICK: 40191 PC:   5 ADDR:   0 MEM_OUT: 830 ACC: 830 BUFF: 829 DC: 0 FLAG_ZERO: False FLAG_LT: 1 FLAG_GT: 0
INPUT_PORT:  []
OUT_PORT:  []
DATA_MEM:  [830, 386]
---------------------------------------
DEBUG    root:machine.py:309 MOD 3
TICK: 40195 PC:   6 ADDR:   0 MEM_OUT: 830 ACC: 830 BUFF: 829 DC: 0 FLAG_ZERO: False FLAG_LT: 1 FLAG_GT: 0
INPUT_PORT:  []
OUT_PORT:  []
DATA_MEM:  [830, 386]
---------------------------------------
DEBUG    root:machine.py:309 CMP 0
TICK: 40199 PC:   7 ADDR:   0 MEM_OUT: 830 ACC: 2 BUFF: 830 DC: 0 FLAG_ZERO: False FLAG_LT: 1 FLAG_GT: 0
INPUT_PORT:  []
OUT_PORT:  []
DATA_MEM:  [830, 386]
---------------------------------------
DEBUG    root:machine.py:309 JE 14
TICK: 40202 PC:   8 ADDR:   0 MEM_OUT: 830 ACC: 2 BUFF: 830 DC: 0 FLAG_ZERO: False FLAG_LT: 0 FLAG_GT: 1
INPUT_PORT:  []
OUT_PORT:  []
DATA_MEM:  [830, 386]
---------------------------------------
DEBUG    root:machine.py:309 LD 0
TICK: 40205 PC:   9 ADDR:   0 MEM_OUT: 830 ACC: 2 BUFF: 830 DC: 0 FLAG_ZERO: False FLAG_LT: 0 FLAG_GT: 1
INPUT_PORT:  []
OUT_PORT:  []
DATA_MEM:  [830, 386]
---------------------------------------
DEBUG    root:machine.py:309 MOD 5
TICK: 40209 PC:  10 ADDR:   0 MEM_OUT: 830 ACC: 830 BUFF: 830 DC: 0 FLAG_ZERO: False FLAG_LT: 0 FLAG_GT: 1
INPUT_PORT:  []
OUT_PORT:  []
DATA_MEM:  [830, 386]
---------------------------------------
DEBUG    root:machine.py:309 CMP 0
TICK: 40213 PC:  11 ADDR:   0 MEM_OUT: 830 ACC: 0 BUFF: 830 DC: 0 FLAG_ZERO: False FLAG_LT: 0 FLAG_GT: 1
INPUT_PORT:  []
OUT_PORT:  []
DATA_MEM:  [830, 386]
---------------------------------------
DEBUG    root:machine.py:309 JE 18
TICK: 40216 PC:  12 ADDR:   0 MEM_OUT: 830 ACC: 0 BUFF: 830 DC: 0 FLAG_ZERO: True FLAG_LT: 0 FLAG_GT: 0
INPUT_PORT:  []
OUT_PORT:  []
DATA_MEM:  [830, 386]
---------------------------------------
DEBUG    root:machine.py:309 LD 4
TICK: 40219 PC:  18 ADDR:   0 MEM_OUT: 830 ACC: 0 BUFF: 830 DC: 0 FLAG_ZERO: True FLAG_LT: 0 FLAG_GT: 0
INPUT_PORT:  []
OUT_PORT:  []
DATA_MEM:  [830, 386]
---------------------------------------
DEBUG    root:machine.py:309 INC 
TICK: 40223 PC:  19 ADDR:   1 MEM_OUT: 386 ACC: 386 BUFF: 830 DC: 0 FLAG_ZERO: True FLAG_LT: 0 FLAG_GT: 0
INPUT_PORT:  []
OUT_PORT:  []
DATA_MEM:  [830, 386]
---------------------------------------
DEBUG    root:machine.py:309 ST 4
TICK: 40226 PC:  20 ADDR:   1 MEM_OUT: 386 ACC: 387 BUFF: 830 DC: 0 FLAG_ZERO: True FLAG_LT: 0 FLAG_GT: 0
INPUT_PORT:  []
OUT_PORT:  []
DATA_MEM:  [830, 386]
---------------------------------------
DEBUG    root:machine.py:309 JMP 0
TICK: 40230 PC:  21 ADDR:   1 MEM_OUT: 387 ACC: 387 BUFF: 830 DC: 0 FLAG_ZERO: True FLAG_LT: 0 FLAG_GT: 0
INPUT_PORT:  []
OUT_PORT:  []
DATA_MEM:  [830, 387]
---------------------------------------
DEBUG    root:machine.py:309 LD 0
TICK: 40233 PC:   0 ADDR:   1 MEM_OUT: 387 ACC: 387 BUFF: 830 DC: 0 FLAG_ZERO: True FLAG_LT: 0 FLAG_GT: 0
INPUT_PORT:  []
OUT_PORT:  []
DATA_MEM:  [830, 387]
---------------------------------------
DEBUG    root:machine.py:309 INC 
TICK: 40237 PC:   1 ADDR:   0 MEM_OUT: 830 ACC: 830 BUFF: 830 DC: 0 FLAG_ZERO: True FLAG_LT: 0 FLAG_GT: 0
INPUT_PORT:  []
OUT_PORT:  []
DATA_MEM:  [830, 387]
---------------------------------------
DEBUG    root:machine.py:309 ST 0
TICK: 40240 PC:   2 ADDR:   0 MEM_OUT: 830 ACC: 831 BUFF: 830 DC: 0 FLAG_ZERO: True FLAG_LT: 0 FLAG_GT: 0
INPUT_PORT:  []
OUT_PORT:  []
DATA_MEM:  [830, 387]
---------------------------------------
DEBUG    root:machine.py:309 CMP 1000
TICK: 40244 PC:   3 ADDR:   0 MEM_OUT: 831 ACC: 831 BUFF: 830 DC: 0 FLAG_ZERO: True FLAG_LT: 0 FLAG_GT: 0
INPUT_PORT:  []
OUT_PORT:  []
DATA_MEM:  [831, 387]
---------------------------------------
DEBUG    root:machine.py:309 JGE 22
TICK: 40247 PC:   4 ADDR:   0 MEM_OUT: 831 ACC: 831 BUFF: 830 DC: 0 FLAG_ZERO: False FLAG_LT: 1 FLAG_GT: 0
INPUT_PORT:  []
OUT_PORT:  []
DATA_MEM:  [831, 387]
---------------------------------------
DEBUG    root:machine.py:309 LD 0
TICK: 40250 PC:   5 ADDR:   0 MEM_OUT: 831 ACC: 831 BUFF: 830 DC: 0 FLAG_ZERO: False FLAG_LT: 1 FLAG_GT: 0
INPUT_PORT:  []
OUT_PORT:  []
DATA_MEM:  [831, 387]
---------------------------------------
DEBUG    root:machine.py:309 MOD 3
TICK: 40254 PC:   6 ADDR:   0 MEM_OUT: 831 ACC: 831 BUFF: 830 DC: 0 FLAG_ZERO: False FLAG_LT: 1 FLAG_GT: 0
INPUT_PORT:  []
OUT_PORT:  []
DATA_MEM:  [831, 387]
---------------------------------------
DEBUG    root:machine.py:309 CMP 0
TICK: 40258 PC:   7 ADDR:   0 MEM_OUT: 831 ACC: 0 BUFF: 831 DC: 0 FLAG_ZERO: False FLAG_LT: 1 FLAG_GT: 0
INPUT_PORT:  []
OUT_PORT:  []
DATA_MEM:  [831, 387]
---------------------------------------
DEBUG    root:machine.py:309 JE 14
TICK: 40261 PC:   8 ADDR:   0 MEM_OUT: 831 ACC: 0 BUFF: 831 DC: 0 FLAG_ZERO: True FLAG_LT: 0 FLAG_GT: 0
INPUT_PORT:  []
OUT_PORT:  []
DATA_MEM:  [831, 387]
---------------------------------------
DEBUG    root:machine.py:309 LD 4
TICK: 40264 PC:  14 ADDR:   0 MEM_OUT: 831 ACC: 0 BUFF: 831 DC: 0 FLAG_ZERO: True FLAG_LT: 0 FLAG_GT: 0
INPUT_PORT:  []
OUT_PORT:  []
DATA_MEM:  [831, 387]
---------------------------------------
DEBUG    root:machine.py:309 INC 
TICK: 40268 PC:  15 ADDR:   1 MEM_OUT: 387 ACC: 387 BUFF: 831 DC: 0 FLAG_ZERO: True FLAG_LT: 0 FLAG_GT: 0
INPUT_PORT:  []
OUT_PORT:  []
DATA_MEM:  [831, 387]
---------------------------------------
DEBUG    root:machine.py:309 ST 4
TICK: 40271 PC:  16 ADDR:   1 MEM_OUT: 387 ACC: 388 BUFF: 831 DC: 0 FLAG_ZERO: True FLAG_LT: 0 FLAG_GT: 0
INPUT_PORT:  []
OUT_PORT:  []
DATA_MEM:  [831, 387]
---------------------------------------
DEBUG    root:machine.py:309 JMP 0
TICK: 40275 PC:  17 ADDR:   1 MEM_OUT: 388 ACC: 388 BUFF: 831 DC: 0 FLAG_ZERO: True FLAG_LT: 0 FLAG_GT: 0
INPUT_PORT:  []
OUT_PORT:  []
DATA_MEM:  [831, 388]
---------------------------------------
DEBUG    root:machine.py:309 LD 0
TICK: 40278 PC:   0 ADDR:   1 MEM_OUT: 388 ACC: 388 BUFF: 831 DC: 0 FLAG_ZERO: True FLAG_LT: 0 FLAG_GT: 0
INPUT_PORT:  []
OUT_PORT:  []
DATA_MEM:  [831, 388]
---------------------------------------
DEBUG    root:machine.py:309 INC 
TICK: 40282 PC:   1 ADDR:   0 MEM_OUT: 831 ACC: 831 BUFF: 831 DC: 0 FLAG_ZERO: True FLAG_LT: 0 FLAG_GT: 0
INPUT_PORT:  []
OUT_PORT:  []
DATA_MEM:  [831, 388]
---------------------------------------
DEBUG    root:machine.py:309 ST 0
TICK: 40285 PC:   2 ADDR:   0 MEM_OUT: 831 ACC: 832 BUFF: 831 DC: 0 FLAG_ZERO: True FLAG_LT: 0 FLAG_GT: 0
INPUT_PORT:  []
OUT_PORT:  []
DATA_MEM:  [831, 388]
---------------------------------------
DEBUG    root:machine.py:309 CMP 1000
TICK: 40289 PC:   3 ADDR:   0 MEM_OUT: 832 ACC: 832 BUFF: 831 DC: 0 FLAG_ZERO: True FLAG_LT: 0 FLAG_GT: 0
INPUT_PORT:  []
OUT_PORT:  []
DATA_MEM:  [832, 388]
---------------------------------------
DEBUG    root:machine.py:309 JGE 22
TICK: 40292 PC:   4 ADDR:   0 MEM_OUT: 832 ACC: 832 BUFF: 831 DC: 0 FLAG_ZERO: False FLAG_LT: 1 FLAG_GT: 0
INPUT_PORT:  []
OUT_PORT:  []
DATA_MEM:  [832, 388]
---------------------------------------
DEBUG    root:machine.py:309 LD 0
TICK: 40295 PC:   5 ADDR:   0 MEM_OUT: 832 ACC: 832 BUFF: 831 DC: 0 FLAG_ZERO: False FLAG_LT: 1 FLAG_GT: 0
INPUT_PORT:  []
OUT_PORT:  []
DATA_MEM:  [832, 388]
---------------------------------------
DEBUG    root:machine.py:309 MOD 3
TICK: 40299 PC:   6 ADDR:   0 MEM_OUT: 832 ACC: 832 BUFF: 831 DC: 0 FLAG_ZERO: False FLAG_LT: 1 FLAG_GT: 0
INPUT_PORT:  []
OUT_PORT:  []
DATA_MEM:  [832, 388]
---------------------------------------
DEBUG    root:machine.py:309 CMP 0
TICK: 40303 PC:   7 ADDR:   0 MEM_OUT: 832 ACC: 1 BUFF: 832 DC: 0 FLAG_ZERO: False FLAG_LT: 1 FLAG_GT: 0
INPUT_PORT:  []
OUT_PORT:  []
DATA_MEM:  [832, 388]
---------------------------------------
DEBUG    root:machine.py:309 JE 14
TICK: 40306 PC:   8 ADDR:   0 MEM_OUT: 832 ACC: 1 BUFF: 832 DC: 0 FLAG_ZERO: False FLAG_LT: 0 FLAG_GT: 1
INPUT_PORT:  []
OUT_PORT:  []
DATA_MEM:  [832, 388]
---------------------------------------
DEBUG    root:machine.py:309 LD 0
TICK: 40309 PC:   9 ADDR:   0 MEM_OUT: 832 ACC: 1 BUFF: 832 DC: 0 FLAG_ZERO: False FLAG_LT: 0 FLAG_GT: 1
INPUT_PORT:  []
OUT_PORT:  []
DATA_MEM:  [832, 388]
---------------------------------------
DEBUG    root:machine.py:309 MOD 5
TICK: 40313 PC:  10 ADDR:   0 MEM_OUT: 832 ACC: 832 BUFF: 832 DC: 0 FLAG_ZERO: False FLAG_LT: 0 FLAG_GT: 1
INPUT_PORT:  []
OUT_PORT:  []
DATA_MEM:  [832, 388]
---------------------------------------
DEBUG    root:machine.py:309 CMP 0
TICK: 40317 PC:  11 ADDR:   0 MEM_OUT: 832 ACC: 2 BUFF: 832 DC: 0 FLAG_ZERO: False FLAG_LT: 0 FLAG_GT: 1
INPUT_PORT:  []
OUT_PORT:  []
DATA_MEM:  [832, 388]
---------------------------------------
DEBUG    root:machine.py:309 JE 18
TICK: 40320 PC:  12 ADDR:   0 MEM_OUT: 832 ACC: 2 BUFF: 832 DC: 0 FLAG_ZERO: False FLAG_LT: 0 FLAG_GT: 1
INPUT_PORT:  []
OUT_PORT:  []
DATA_MEM:  [832, 388]
---------------------------------------
DEBUG    root:machine.py:309 JMP 0
TICK: 40323 PC:  13 ADDR:   0 MEM_OUT: 832 ACC: 2 BUFF: 832 DC: 0 FLAG_ZERO: False FLAG_LT: 0 FLAG_GT: 1
INPUT_PORT:  []
OUT_PORT:  []
DATA_MEM:  [832, 388]
---------------------------------------
DEBUG    root:machine.py:309 LD 0
TICK: 40326 PC:   0 ADDR:   0 MEM_OUT: 832 ACC: 2 BUFF: 832 DC: 0 FLAG_ZERO: False FLAG_LT: 0 FLAG_GT: 1
INPUT_PORT:  []
OUT_PORT:  []
DATA_MEM:  [832, 388]
---------------------------------------
DEBUG    root:machine.py:309 INC 
TICK: 40330 PC:   1 ADDR:   0 MEM_OUT: 832 ACC: 832 BUFF: 832 DC: 0 FLAG_ZERO: False FLAG_LT: 0 FLAG_GT: 1
INPUT_PORT:  []
OUT_PORT:  []
DATA_MEM:  [832, 388]
---------------------------------------
DEBUG    root:machine.py:309 ST 0
TICK: 40333 PC:   2 ADDR:   0 MEM_OUT: 832 ACC: 833 BUFF: 832 DC: 0 FLAG_ZERO: False FLAG_LT: 0 FLAG_GT: 1
INPUT_PORT:  []
OUT_PORT:  []
DATA_MEM:  [832, 388]
---------------------------------------
DEBUG    root:machine.py:309 CMP 1000
TICK: 40337 PC:   3 ADDR:   0 MEM_OUT: 833 ACC: 833 BUFF: 832 DC: 0 FLAG_ZERO: False FLAG_LT: 0 FLAG_GT: 1
INPUT_PORT:  []
OUT_PORT:  []
DATA_MEM:  [833, 388]
---------------------------------------
DEBUG    root:machine.py:309 JGE 22
TICK: 40340 PC:   4 ADDR:   0 MEM_OUT: 833 ACC: 833 BUFF: 832 DC: 0 FLAG_ZERO: False FLAG_LT: 1 FLAG_GT: 0
INPUT_PORT:  []
OUT_PORT:  []
DATA_MEM:  [833, 388]
---------------------------------------
DEBUG    root:machine.py:309 LD 0
TICK: 40343 PC:   5 ADDR:   0 MEM_OUT: 833 ACC: 833 BUFF: 832 DC: 0 FLAG_ZERO: False FLAG_LT: 1 FLAG_GT: 0
INPUT_PORT:  []
OUT_PORT:  []
DATA_MEM:  [833, 388]
---------------------------------------
DEBUG    root:machine.py:309 MOD 3
TICK: 40347 PC:   6 ADDR:   0 MEM_OUT: 833 ACC: 833 BUFF: 832 DC: 0 FLAG_ZERO: False FLAG_LT: 1 FLAG_GT: 0
INPUT_PORT:  []
OUT_PORT:  []
DATA_MEM:  [833, 388]
---------------------------------------
DEBUG    root:machine.py:309 CMP 0
TICK: 40351 PC:   7 ADDR:   0 MEM_OUT: 833 ACC: 2 BUFF: 833 DC: 0 FLAG_ZERO: False FLAG_LT: 1 FLAG_GT: 0
INPUT_PORT:  []
OUT_PORT:  []
DATA_MEM:  [833, 388]
---------------------------------------
DEBUG    root:machine.py:309 JE 14
TICK: 40354 PC:   8 ADDR:   0 MEM_OUT: 833 ACC: 2 BUFF: 833 DC: 0 FLAG_ZERO: False FLAG_LT: 0 FLAG_GT: 1
INPUT_PORT:  []
OUT_PORT:  []
DATA_MEM:  [833, 388]
---------------------------------------
DEBUG    root:machine.py:309 LD 0
TICK: 40357 PC:   9 ADDR:   0 MEM_OUT: 833 ACC: 2 BUFF: 833 DC: 0 FLAG_ZERO: False FLAG_LT: 0 FLAG_GT: 1
INPUT_PORT:  []
OUT_PORT:  []
DATA_MEM:  [833, 388]
---------------------------------------
DEBUG    root:machine.py:309 MOD 5
TICK: 40361 PC:  10 ADDR:   0 MEM_OUT: 833 ACC: 833 BUFF: 833 DC: 0 FLAG_ZERO: False FLAG_LT: 0 FLAG_GT: 1
INPUT_PORT:  []
OUT_PORT:  []
DATA_MEM:  [833, 388]
---------------------------------------
DEBUG    root:machine.py:309 CMP 0
TICK: 40365 PC:  11 ADDR:   0 MEM_OUT: 833 ACC: 3 BUFF: 833 DC: 0 FLAG_ZERO: False FLAG_LT: 0 FLAG_GT: 1
INPUT_PORT:  []
OUT_PORT:  []
DATA_MEM:  [833, 388]
---------------------------------------
DEBUG    root:machine.py:309 JE 18
TICK: 40368 PC:  12 ADDR:   0 MEM_OUT: 833 ACC: 3 BUFF: 833 DC: 0 FLAG_ZERO: False FLAG_LT: 0 FLAG_GT: 1
INPUT_PORT:  []
OUT_PORT:  []
DATA_MEM:  [833, 388]
---------------------------------------
DEBUG    root:machine.py:309 JMP 0
TICK: 40371 PC:  13 ADDR:   0 MEM_OUT: 833 ACC: 3 BUFF: 833 DC: 0 FLAG_ZERO: False FLAG_LT: 0 FLAG_GT: 1
INPUT_PORT:  []
OUT_PORT:  []
DATA_MEM:  [833, 388]
---------------------------------------
DEBUG    root:machine.py:309 LD 0
TICK: 40374 PC:   0 ADDR:   0 MEM_OUT: 833 ACC: 3 BUFF: 833 DC: 0 FLAG_ZERO: False FLAG_LT: 0 FLAG_GT: 1
INPUT_PORT:  []
OUT_PORT:  []
DATA_MEM:  [833, 388]
---------------------------------------
DEBUG    root:machine.py:309 INC 
TICK: 40378 PC:   1 ADDR:   0 MEM_OUT: 833 ACC: 833 BUFF: 833 DC: 0 FLAG_ZERO: False FLAG_LT: 0 FLAG_GT: 1
INPUT_PORT:  []
OUT_PORT:  []
DATA_MEM:  [833, 388]
---------------------------------------
DEBUG    root:machine.py:309 ST 0
TICK: 40381 PC:   2 ADDR:   0 MEM_OUT: 833 ACC: 834 BUFF: 833 DC: 0 FLAG_ZERO: False FLAG_LT: 0 FLAG_GT: 1
INPUT_PORT:  []
OUT_PORT:  []
DATA_MEM:  [833, 388]
---------------------------------------
DEBUG    root:machine.py:309 CMP 1000
TICK: 40385 PC:   3 ADDR:   0 MEM_OUT: 834 ACC: 834 BUFF: 833 DC: 0 FLAG_ZERO: False FLAG_LT: 0 FLAG_GT: 1
INPUT_PORT:  []
OUT_PORT:  []
DATA_MEM:  [834, 388]
---------------------------------------
DEBUG    root:machine.py:309 JGE 22
TICK: 40388 PC:   4 ADDR:   0 MEM_OUT: 834 ACC: 834 BUFF: 833 DC: 0 FLAG_ZERO: False FLAG_LT: 1 FLAG_GT: 0
INPUT_PORT:  []
OUT_PORT:  []
DATA_MEM:  [834, 388]
---------------------------------------
DEBUG    root:machine.py:309 LD 0
TICK: 40391 PC:   5 ADDR:   0 MEM_OUT: 834 ACC: 834 BUFF: 833 DC: 0 FLAG_ZERO: False FLAG_LT: 1 FLAG_GT: 0
INPUT_PORT:  []
OUT_PORT:  []
DATA_MEM:  [834, 388]
---------------------------------------
DEBUG    root:machine.py:309 MOD 3
TICK: 40395 PC:   6 ADDR:   0 MEM_OUT: 834 ACC: 834 BUFF: 833 DC: 0 FLAG_ZERO: False FLAG_LT: 1 FLAG_GT: 0
INPUT_PORT:  []
OUT_PORT:  []
DATA_MEM:  [834, 388]
---------------------------------------
DEBUG    root:machine.py:309 CMP 0
TICK: 40399 PC:   7 ADDR:   0 MEM_OUT: 834 ACC: 0 BUFF: 834 DC: 0 FLAG_ZERO: False FLAG_LT: 1 FLAG_GT: 0
INPUT_PORT:  []
OUT_PORT:  []
DATA_MEM:  [834, 388]
---------------------------------------
DEBUG    root:machine.py:309 JE 14
TICK: 40402 PC:   8 ADDR:   0 MEM_OUT: 834 ACC: 0 BUFF: 834 DC: 0 FLAG_ZERO: True FLAG_LT: 0 FLAG_GT: 0
INPUT_PORT:  []
OUT_PORT:  []
DATA_MEM:  [834, 388]
---------------------------------------
DEBUG    root:machine.py:309 LD 4
TICK: 40405 PC:  14 ADDR:   0 MEM_OUT: 834 ACC: 0 BUFF: 834 DC: 0 FLAG_ZERO: True FLAG_LT: 0 FLAG_GT: 0
INPUT_PORT:  []
OUT_PORT:  []
DATA_MEM:  [834, 388]
---------------------------------------
DEBUG    root:machine.py:309 INC 
TICK: 40409 PC:  15 ADDR:   1 MEM_OUT: 388 ACC: 388 BUFF: 834 DC: 0 FLAG_ZERO: True FLAG_LT: 0 FLAG_GT: 0
INPUT_PORT:  []
OUT_PORT:  []
DATA_MEM:  [834, 388]
---------------------------------------
DEBUG    root:machine.py:309 ST 4
TICK: 40412 PC:  16 ADDR:   1 MEM_OUT: 388 ACC: 389 BUFF: 834 DC: 0 FLAG_ZERO: True FLAG_LT: 0 FLAG_GT: 0
INPUT_PORT:  []
OUT_PORT:  []
DATA_MEM:  [834, 388]
---------------------------------------
DEBUG    root:machine.py:309 JMP 0
TICK: 40416 PC:  17 ADDR:   1 MEM_OUT: 389 ACC: 389 BUFF: 834 DC: 0 FLAG_ZERO: True FLAG_LT: 0 FLAG_GT: 0
INPUT_PORT:  []
OUT_PORT:  []
DATA_MEM:  [834, 389]
---------------------------------------
DEBUG    root:machine.py:309 LD 0
TICK: 40419 PC:   0 ADDR:   1 MEM_OUT: 389 ACC: 389 BUFF: 834 DC: 0 FLAG_ZERO: True FLAG_LT: 0 FLAG_GT: 0
INPUT_PORT:  []
OUT_PORT:  []
DATA_MEM:  [834, 389]
---------------------------------------
DEBUG    root:machine.py:309 INC 
TICK: 40423 PC:   1 ADDR:   0 MEM_OUT: 834 ACC: 834 BUFF: 834 DC: 0 FLAG_ZERO: True FLAG_LT: 0 FLAG_GT: 0
INPUT_PORT:  []
OUT_PORT:  []
DATA_MEM:  [834, 389]
---------------------------------------
DEBUG    root:machine.py:309 ST 0
TICK: 40426 PC:   2 ADDR:   0 MEM_OUT: 834 ACC: 835 BUFF: 834 DC: 0 FLAG_ZERO: True FLAG_LT: 0 FLAG_GT: 0
INPUT_PORT:  []
OUT_PORT:  []
DATA_MEM:  [834, 389]
---------------------------------------
DEBUG    root:machine.py:309 CMP 1000
TICK: 40430 PC:   3 ADDR:   0 MEM_OUT: 835 ACC: 835 BUFF: 834 DC: 0 FLAG_ZERO: True FLAG_LT: 0 FLAG_GT: 0
INPUT_PORT:  []
OUT_PORT:  []
DATA_MEM:  [835, 389]
---------------------------------------
DEBUG    root:machine.py:309 JGE 22
TICK: 40433 PC:   4 ADDR:   0 MEM_OUT: 835 ACC: 835 BUFF: 834 DC: 0 FLAG_ZERO: False FLAG_LT: 1 FLAG_GT: 0
INPUT_PORT:  []
OUT_PORT:  []
DATA_MEM:  [835, 389]
---------------------------------------
DEBUG    root:machine.py:309 LD 0
TICK: 40436 PC:   5 ADDR:   0 MEM_OUT: 835 ACC: 835 BUFF: 834 DC: 0 FLAG_ZERO: False FLAG_LT: 1 FLAG_GT: 0
INPUT_PORT:  []
OUT_PORT:  []
DATA_MEM:  [835, 389]
---------------------------------------
DEBUG    root:machine.py:309 MOD 3
TICK: 40440 PC:   6 ADDR:   0 MEM_OUT: 835 ACC: 835 BUFF: 834 DC: 0 FLAG_ZERO: False FLAG_LT: 1 FLAG_GT: 0
INPUT_PORT:  []
OUT_PORT:  []
DATA_MEM:  [835, 389]
---------------------------------------
DEBUG    root:machine.py:309 CMP 0
TICK: 40444 PC:   7 ADDR:   0 MEM_OUT: 835 ACC: 1 BUFF: 835 DC: 0 FLAG_ZERO: False FLAG_LT: 1 FLAG_GT: 0
INPUT_PORT:  []
OUT_PORT:  []
DATA_MEM:  [835, 389]
---------------------------------------
DEBUG    root:machine.py:309 JE 14
TICK: 40447 PC:   8 ADDR:   0 MEM_OUT: 835 ACC: 1 BUFF: 835 DC: 0 FLAG_ZERO: False FLAG_LT: 0 FLAG_GT: 1
INPUT_PORT:  []
OUT_PORT:  []
DATA_MEM:  [835, 389]
---------------------------------------
DEBUG    root:machine.py:309 LD 0
TICK: 40450 PC:   9 ADDR:   0 MEM_OUT: 835 ACC: 1 BUFF: 835 DC: 0 FLAG_ZERO: False FLAG_LT: 0 FLAG_GT: 1
INPUT_PORT:  []
OUT_PORT:  []
DATA_MEM:  [835, 389]
---------------------------------------
DEBUG    root:machine.py:309 MOD 5
TICK: 40454 PC:  10 ADDR:   0 MEM_OUT: 835 ACC: 835 BUFF: 835 DC: 0 FLAG_ZERO: False FLAG_LT: 0 FLAG_GT: 1
INPUT_PORT:  []
OUT_PORT:  []
DATA_MEM:  [835, 389]
---------------------------------------
DEBUG    root:machine.py:309 CMP 0
TICK: 40458 PC:  11 ADDR:   0 MEM_OUT: 835 ACC: 0 BUFF: 835 DC: 0 FLAG_ZERO: False FLAG_LT: 0 FLAG_GT: 1
INPUT_PORT:  []
OUT_PORT:  []
DATA_MEM:  [835, 389]
---------------------------------------
DEBUG    root:machine.py:309 JE 18
TICK: 40461 PC:  12 ADDR:   0 MEM_OUT: 835 ACC: 0 BUFF: 835 DC: 0 FLAG_ZERO: True FLAG_LT: 0 FLAG_GT: 0
INPUT_PORT:  []
OUT_PORT:  []
DATA_MEM:  [835, 389]
---------------------------------------
DEBUG    root:machine.py:309 LD 4
TICK: 40464 PC:  18 ADDR:   0 MEM_OUT: 835 ACC: 0 BUFF: 835 DC: 0 FLAG_ZERO: True FLAG_LT: 0 FLAG_GT: 0
INPUT_PORT:  []
OUT_PORT:  []
DATA_MEM:  [835, 389]
---------------------------------------
DEBUG    root:machine.py:309 INC 
TICK: 40468 PC:  19 ADDR:   1 MEM_OUT: 389 ACC: 389 BUFF: 835 DC: 0 FLAG_ZERO: True FLAG_LT: 0 FLAG_GT: 0
INPUT_PORT:  []
OUT_PORT:  []
DATA_MEM:  [835, 389]
---------------------------------------
DEBUG    root:machine.py:309 ST 4
TICK: 40471 PC:  20 ADDR:   1 MEM_OUT: 389 ACC: 390 BUFF: 835 DC: 0 FLAG_ZERO: True FLAG_LT: 0 FLAG_GT: 0
INPUT_PORT:  []
OUT_PORT:  []
DATA_MEM:  [835, 389]
---------------------------------------
DEBUG    root:machine.py:309 JMP 0
TICK: 40475 PC:  21 ADDR:   1 MEM_OUT: 390 ACC: 390 BUFF: 835 DC: 0 FLAG_ZERO: True FLAG_LT: 0 FLAG_GT: 0
INPUT_PORT:  []
OUT_PORT:  []
DATA_MEM:  [835, 390]
---------------------------------------
DEBUG    root:machine.py:309 LD 0
TICK: 40478 PC:   0 ADDR:   1 MEM_OUT: 390 ACC: 390 BUFF: 835 DC: 0 FLAG_ZERO: True FLAG_LT: 0 FLAG_GT: 0
INPUT_PORT:  []
OUT_PORT:  []
DATA_MEM:  [835, 390]
---------------------------------------
DEBUG    root:machine.py:309 INC 
TICK: 40482 PC:   1 ADDR:   0 MEM_OUT: 835 ACC: 835 BUFF: 835 DC: 0 FLAG_ZERO: True FLAG_LT: 0 FLAG_GT: 0
INPUT_PORT:  []
OUT_PORT:  []
DATA_MEM:  [835, 390]
---------------------------------------
DEBUG    root:machine.py:309 ST 0
TICK: 40485 PC:   2 ADDR:   0 MEM_OUT: 835 ACC: 836 BUFF: 835 DC: 0 FLAG_ZERO: True FLAG_LT: 0 FLAG_GT: 0
INPUT_PORT:  []
OUT_PORT:  []
DATA_MEM:  [835, 390]
---------------------------------------
DEBUG    root:machine.py:309 CMP 1000
TICK: 40489 PC:   3 ADDR:   0 MEM_OUT: 836 ACC: 836 BUFF: 835 DC: 0 FLAG_ZERO: True FLAG_LT: 0 FLAG_GT: 0
INPUT_PORT:  []
OUT_PORT:  []
DATA_MEM:  [836, 390]
---------------------------------------
DEBUG    root:machine.py:309 JGE 22
TICK: 40492 PC:   4 ADDR:   0 MEM_OUT: 836 ACC: 836 BUFF: 835 DC: 0 FLAG_ZERO: False FLAG_LT: 1 FLAG_GT: 0
INPUT_PORT:  []
OUT_PORT:  []
DATA_MEM:  [836, 390]
---------------------------------------
DEBUG    root:machine.py:309 LD 0
TICK: 40495 PC:   5 ADDR:   0 MEM_OUT: 836 ACC: 836 BUFF: 835 DC: 0 FLAG_ZERO: False FLAG_LT: 1 FLAG_GT: 0
INPUT_PORT:  []
OUT_PORT:  []
DATA_MEM:  [836, 390]
---------------------------------------
DEBUG    root:machine.py:309 MOD 3
TICK: 40499 PC:   6 ADDR:   0 MEM_OUT: 836 ACC: 836 BUFF: 835 DC: 0 FLAG_ZERO: False FLAG_LT: 1 FLAG_GT: 0
INPUT_PORT:  []
OUT_PORT:  []
DATA_MEM:  [836, 390]
---------------------------------------
DEBUG    root:machine.py:309 CMP 0
TICK: 40503 PC:   7 ADDR:   0 MEM_OUT: 836 ACC: 2 BUFF: 836 DC: 0 FLAG_ZERO: False FLAG_LT: 1 FLAG_GT: 0
INPUT_PORT:  []
OUT_PORT:  []
DATA_MEM:  [836, 390]
---------------------------------------
DEBUG    root:machine.py:309 JE 14
TICK: 40506 PC:   8 ADDR:   0 MEM_OUT: 836 ACC: 2 BUFF: 836 DC: 0 FLAG_ZERO: False FLAG_LT: 0 FLAG_GT: 1
INPUT_PORT:  []
OUT_PORT:  []
DATA_MEM:  [836, 390]
---------------------------------------
DEBUG    root:machine.py:309 LD 0
TICK: 40509 PC:   9 ADDR:   0 MEM_OUT: 836 ACC: 2 BUFF: 836 DC: 0 FLAG_ZERO: False FLAG_LT: 0 FLAG_GT: 1
INPUT_PORT:  []
OUT_PORT:  []
DATA_MEM:  [836, 390]
---------------------------------------
DEBUG    root:machine.py:309 MOD 5
TICK: 40513 PC:  10 ADDR:   0 MEM_OUT: 836 ACC: 836 BUFF: 836 DC: 0 FLAG_ZERO: False FLAG_LT: 0 FLAG_GT: 1
INPUT_PORT:  []
OUT_PORT:  []
DATA_MEM:  [836, 390]
---------------------------------------
DEBUG    root:machine.py:309 CMP 0
TICK: 40517 PC:  11 ADDR:   0 MEM_OUT: 836 ACC: 1 BUFF: 836 DC: 0 FLAG_ZERO: False FLAG_LT: 0 FLAG_GT: 1
INPUT_PORT:  []
OUT_PORT:  []
DATA_MEM:  [836, 390]
---------------------------------------
DEBUG    root:machine.py:309 JE 18
TICK: 40520 PC:  12 ADDR:   0 MEM_OUT: 836 ACC: 1 BUFF: 836 DC: 0 FLAG_ZERO: False FLAG_LT: 0 FLAG_GT: 1
INPUT_PORT:  []
OUT_PORT:  []
DATA_MEM:  [836, 390]
---------------------------------------
DEBUG    root:machine.py:309 JMP 0
TICK: 40523 PC:  13 ADDR:   0 MEM_OUT: 836 ACC: 1 BUFF: 836 DC: 0 FLAG_ZERO: False FLAG_LT: 0 FLAG_GT: 1
INPUT_PORT:  []
OUT_PORT:  []
DATA_MEM:  [836, 390]
---------------------------------------
DEBUG    root:machine.py:309 LD 0
TICK: 40526 PC:   0 ADDR:   0 MEM_OUT: 836 ACC: 1 BUFF: 836 DC: 0 FLAG_ZERO: False FLAG_LT: 0 FLAG_GT: 1
INPUT_PORT:  []
OUT_PORT:  []
DATA_MEM:  [836, 390]
---------------------------------------
DEBUG    root:machine.py:309 INC 
TICK: 40530 PC:   1 ADDR:   0 MEM_OUT: 836 ACC: 836 BUFF: 836 DC: 0 FLAG_ZERO: False FLAG_LT: 0 FLAG_GT: 1
INPUT_PORT:  []
OUT_PORT:  []
DATA_MEM:  [836, 390]
---------------------------------------
DEBUG    root:machine.py:309 ST 0
TICK: 40533 PC:   2 ADDR:   0 MEM_OUT: 836 ACC: 837 BUFF: 836 DC: 0 FLAG_ZERO: False FLAG_LT: 0 FLAG_GT: 1
INPUT_PORT:  []
OUT_PORT:  []
DATA_MEM:  [836, 390]
---------------------------------------
DEBUG    root:machine.py:309 CMP 1000
TICK: 40537 PC:   3 ADDR:   0 MEM_OUT: 837 ACC: 837 BUFF: 836 DC: 0 FLAG_ZERO: False FLAG_LT: 0 FLAG_GT: 1
INPUT_PORT:  []
OUT_PORT:  []
DATA_MEM:  [837, 390]
---------------------------------------
DEBUG    root:machine.py:309 JGE 22
TICK: 40540 PC:   4 ADDR:   0 MEM_OUT: 837 ACC: 837 BUFF: 836 DC: 0 FLAG_ZERO: False FLAG_LT: 1 FLAG_GT: 0
INPUT_PORT:  []
OUT_PORT:  []
DATA_MEM:  [837, 390]
---------------------------------------
DEBUG    root:machine.py:309 LD 0
TICK: 40543 PC:   5 ADDR:   0 MEM_OUT: 837 ACC: 837 BUFF: 836 DC: 0 FLAG_ZERO: False FLAG_LT: 1 FLAG_GT: 0
INPUT_PORT:  []
OUT_PORT:  []
DATA_MEM:  [837, 390]
---------------------------------------
DEBUG    root:machine.py:309 MOD 3
TICK: 40547 PC:   6 ADDR:   0 MEM_OUT: 837 ACC: 837 BUFF: 836 DC: 0 FLAG_ZERO: False FLAG_LT: 1 FLAG_GT: 0
INPUT_PORT:  []
OUT_PORT:  []
DATA_MEM:  [837, 390]
---------------------------------------
DEBUG    root:machine.py:309 CMP 0
TICK: 40551 PC:   7 ADDR:   0 MEM_OUT: 837 ACC: 0 BUFF: 837 DC: 0 FLAG_ZERO: False FLAG_LT: 1 FLAG_GT: 0
INPUT_PORT:  []
OUT_PORT:  []
DATA_MEM:  [837, 390]
---------------------------------------
DEBUG    root:machine.py:309 JE 14
TICK: 40554 PC:   8 ADDR:   0 MEM_OUT: 837 ACC: 0 BUFF: 837 DC: 0 FLAG_ZERO: True FLAG_LT: 0 FLAG_GT: 0
INPUT_PORT:  []
OUT_PORT:  []
DATA_MEM:  [837, 390]
---------------------------------------
DEBUG    root:machine.py:309 LD 4
TICK: 40557 PC:  14 ADDR:   0 MEM_OUT: 837 ACC: 0 BUFF: 837 DC: 0 FLAG_ZERO: True FLAG_LT: 0 FLAG_GT: 0
INPUT_PORT:  []
OUT_PORT:  []
DATA_MEM:  [837, 390]
---------------------------------------
DEBUG    root:machine.py:309 INC 
TICK: 40561 PC:  15 ADDR:   1 MEM_OUT: 390 ACC: 390 BUFF: 837 DC: 0 FLAG_ZERO: True FLAG_LT: 0 FLAG_GT: 0
INPUT_PORT:  []
OUT_PORT:  []
DATA_MEM:  [837, 390]
---------------------------------------
DEBUG    root:machine.py:309 ST 4
TICK: 40564 PC:  16 ADDR:   1 MEM_OUT: 390 ACC: 391 BUFF: 837 DC: 0 FLAG_ZERO: True FLAG_LT: 0 FLAG_GT: 0
INPUT_PORT:  []
OUT_PORT:  []
DATA_MEM:  [837, 390]
---------------------------------------
DEBUG    root:machine.py:309 JMP 0
TICK: 40568 PC:  17 ADDR:   1 MEM_OUT: 391 ACC: 391 BUFF: 837 DC: 0 FLAG_ZERO: True FLAG_LT: 0 FLAG_GT: 0
INPUT_PORT:  []
OUT_PORT:  []
DATA_MEM:  [837, 391]
---------------------------------------
DEBUG    root:machine.py:309 LD 0
TICK: 40571 PC:   0 ADDR:   1 MEM_OUT: 391 ACC: 391 BUFF: 837 DC: 0 FLAG_ZERO: True FLAG_LT: 0 FLAG_GT: 0
INPUT_PORT:  []
OUT_PORT:  []
DATA_MEM:  [837, 391]
---------------------------------------
DEBUG    root:machine.py:309 INC 
TICK: 40575 PC:   1 ADDR:   0 MEM_OUT: 837 ACC: 837 BUFF: 837 DC: 0 FLAG_ZERO: True FLAG_LT: 0 FLAG_GT: 0
INPUT_PORT:  []
OUT_PORT:  []
DATA_MEM:  [837, 391]
---------------------------------------
DEBUG    root:machine.py:309 ST 0
TICK: 40578 PC:   2 ADDR:   0 MEM_OUT: 837 ACC: 838 BUFF: 837 DC: 0 FLAG_ZERO: True FLAG_LT: 0 FLAG_GT: 0
INPUT_PORT:  []
OUT_PORT:  []
DATA_MEM:  [837, 391]
---------------------------------------
DEBUG    root:machine.py:309 CMP 1000
TICK: 40582 PC:   3 ADDR:   0 MEM_OUT: 838 ACC: 838 BUFF: 837 DC: 0 FLAG_ZERO: True FLAG_LT: 0 FLAG_GT: 0
INPUT_PORT:  []
OUT_PORT:  []
DATA_MEM:  [838, 391]
---------------------------------------
DEBUG    root:machine.py:309 JGE 22
TICK: 40585 PC:   4 ADDR:   0 MEM_OUT: 838 ACC: 838 BUFF: 837 DC: 0 FLAG_ZERO: False FLAG_LT: 1 FLAG_GT: 0
INPUT_PORT:  []
OUT_PORT:  []
DATA_MEM:  [838, 391]
---------------------------------------
DEBUG    root:machine.py:309 LD 0
TICK: 40588 PC:   5 ADDR:   0 MEM_OUT: 838 ACC: 838 BUFF: 837 DC: 0 FLAG_ZERO: False FLAG_LT: 1 FLAG_GT: 0
INPUT_PORT:  []
OUT_PORT:  []
DATA_MEM:  [838, 391]
---------------------------------------
DEBUG    root:machine.py:309 MOD 3
TICK: 40592 PC:   6 ADDR:   0 MEM_OUT: 838 ACC: 838 BUFF: 837 DC: 0 FLAG_ZERO: False FLAG_LT: 1 FLAG_GT: 0
INPUT_PORT:  []
OUT_PORT:  []
DATA_MEM:  [838, 391]
---------------------------------------
DEBUG    root:machine.py:309 CMP 0
TICK: 40596 PC:   7 ADDR:   0 MEM_OUT: 838 ACC: 1 BUFF: 838 DC: 0 FLAG_ZERO: False FLAG_LT: 1 FLAG_GT: 0
INPUT_PORT:  []
OUT_PORT:  []
DATA_MEM:  [838, 391]
---------------------------------------
DEBUG    root:machine.py:309 JE 14
TICK: 40599 PC:   8 ADDR:   0 MEM_OUT: 838 ACC: 1 BUFF: 838 DC: 0 FLAG_ZERO: False FLAG_LT: 0 FLAG_GT: 1
INPUT_PORT:  []
OUT_PORT:  []
DATA_MEM:  [838, 391]
---------------------------------------
DEBUG    root:machine.py:309 LD 0
TICK: 40602 PC:   9 ADDR:   0 MEM_OUT: 838 ACC: 1 BUFF: 838 DC: 0 FLAG_ZERO: False FLAG_LT: 0 FLAG_GT: 1
INPUT_PORT:  []
OUT_PORT:  []
DATA_MEM:  [838, 391]
---------------------------------------
DEBUG    root:machine.py:309 MOD 5
TICK: 40606 PC:  10 ADDR:   0 MEM_OUT: 838 ACC: 838 BUFF: 838 DC: 0 FLAG_ZERO: False FLAG_LT: 0 FLAG_GT: 1
INPUT_PORT:  []
OUT_PORT:  []
DATA_MEM:  [838, 391]
---------------------------------------
DEBUG    root:machine.py:309 CMP 0
TICK: 40610 PC:  11 ADDR:   0 MEM_OUT: 838 ACC: 3 BUFF: 838 DC: 0 FLAG_ZERO: False FLAG_LT: 0 FLAG_GT: 1
INPUT_PORT:  []
OUT_PORT:  []
DATA_MEM:  [838, 391]
---------------------------------------
DEBUG    root:machine.py:309 JE 18
TICK: 40613 PC:  12 ADDR:   0 MEM_OUT: 838 ACC: 3 BUFF: 838 DC: 0 FLAG_ZERO: False FLAG_LT: 0 FLAG_GT: 1
INPUT_PORT:  []
OUT_PORT:  []
DATA_MEM:  [838, 391]
---------------------------------------
DEBUG    root:machine.py:309 JMP 0
TICK: 40616 PC:  13 ADDR:   0 MEM_OUT: 838 ACC: 3 BUFF: 838 DC: 0 FLAG_ZERO: False FLAG_LT: 0 FLAG_GT: 1
INPUT_PORT:  []
OUT_PORT:  []
DATA_MEM:  [838, 391]
---------------------------------------
DEBUG    root:machine.py:309 LD 0
TICK: 40619 PC:   0 ADDR:   0 MEM_OUT: 838 ACC: 3 BUFF: 838 DC: 0 FLAG_ZERO: False FLAG_LT: 0 FLAG_GT: 1
INPUT_PORT:  []
OUT_PORT:  []
DATA_MEM:  [838, 391]
---------------------------------------
DEBUG    root:machine.py:309 INC 
TICK: 40623 PC:   1 ADDR:   0 MEM_OUT: 838 ACC: 838 BUFF: 838 DC: 0 FLAG_ZERO: False FLAG_LT: 0 FLAG_GT: 1
INPUT_PORT:  []
OUT_PORT:  []
DATA_MEM:  [838, 391]
---------------------------------------
DEBUG    root:machine.py:309 ST 0
TICK: 40626 PC:   2 ADDR:   0 MEM_OUT: 838 ACC: 839 BUFF: 838 DC: 0 FLAG_ZERO: False FLAG_LT: 0 FLAG_GT: 1
INPUT_PORT:  []
OUT_PORT:  []
DATA_MEM:  [838, 391]
---------------------------------------
DEBUG    root:machine.py:309 CMP 1000
TICK: 40630 PC:   3 ADDR:   0 MEM_OUT: 839 ACC: 839 BUFF: 838 DC: 0 FLAG_ZERO: False FLAG_LT: 0 FLAG_GT: 1
INPUT_PORT:  []
OUT_PORT:  []
DATA_MEM:  [839, 391]
---------------------------------------
DEBUG    root:machine.py:309 JGE 22
TICK: 40633 PC:   4 ADDR:   0 MEM_OUT: 839 ACC: 839 BUFF: 838 DC: 0 FLAG_ZERO: False FLAG_LT: 1 FLAG_GT: 0
INPUT_PORT:  []
OUT_PORT:  []
DATA_MEM:  [839, 391]
---------------------------------------
DEBUG    root:machine.py:309 LD 0
TICK: 40636 PC:   5 ADDR:   0 MEM_OUT: 839 ACC: 839 BUFF: 838 DC: 0 FLAG_ZERO: False FLAG_LT: 1 FLAG_GT: 0
INPUT_PORT:  []
OUT_PORT:  []
DATA_MEM:  [839, 391]
---------------------------------------
DEBUG    root:machine.py:309 MOD 3
TICK: 40640 PC:   6 ADDR:   0 MEM_OUT: 839 ACC: 839 BUFF: 838 DC: 0 FLAG_ZERO: False FLAG_LT: 1 FLAG_GT: 0
INPUT_PORT:  []
OUT_PORT:  []
DATA_MEM:  [839, 391]
---------------------------------------
DEBUG    root:machine.py:309 CMP 0
TICK: 40644 PC:   7 ADDR:   0 MEM_OUT: 839 ACC: 2 BUFF: 839 DC: 0 FLAG_ZERO: False FLAG_LT: 1 FLAG_GT: 0
INPUT_PORT:  []
OUT_PORT:  []
DATA_MEM:  [839, 391]
---------------------------------------
DEBUG    root:machine.py:309 JE 14
TICK: 40647 PC:   8 ADDR:   0 MEM_OUT: 839 ACC: 2 BUFF: 839 DC: 0 FLAG_ZERO: False FLAG_LT: 0 FLAG_GT: 1
INPUT_PORT:  []
OUT_PORT:  []
DATA_MEM:  [839, 391]
---------------------------------------
DEBUG    root:machine.py:309 LD 0
TICK: 40650 PC:   9 ADDR:   0 MEM_OUT: 839 ACC: 2 BUFF: 839 DC: 0 FLAG_ZERO: False FLAG_LT: 0 FLAG_GT: 1
INPUT_PORT:  []
OUT_PORT:  []
DATA_MEM:  [839, 391]
---------------------------------------
DEBUG    root:machine.py:309 MOD 5
TICK: 40654 PC:  10 ADDR:   0 MEM_OUT: 839 ACC: 839 BUFF: 839 DC: 0 FLAG_ZERO: False FLAG_LT: 0 FLAG_GT: 1
INPUT_PORT:  []
OUT_PORT:  []
DATA_MEM:  [839, 391]
---------------------------------------
DEBUG    root:machine.py:309 CMP 0
TICK: 40658 PC:  11 ADDR:   0 MEM_OUT: 839 ACC: 4 BUFF: 839 DC: 0 FLAG_ZERO: False FLAG_LT: 0 FLAG_GT: 1
INPUT_PORT:  []
OUT_PORT:  []
DATA_MEM:  [839, 391]
---------------------------------------
DEBUG    root:machine.py:309 JE 18
TICK: 40661 PC:  12 ADDR:   0 MEM_OUT: 839 ACC: 4 BUFF: 839 DC: 0 FLAG_ZERO: False FLAG_LT: 0 FLAG_GT: 1
INPUT_PORT:  []
OUT_PORT:  []
DATA_MEM:  [839, 391]
---------------------------------------
DEBUG    root:machine.py:309 JMP 0
TICK: 40664 PC:  13 ADDR:   0 MEM_OUT: 839 ACC: 4 BUFF: 839 DC: 0 FLAG_ZERO: False FLAG_LT: 0 FLAG_GT: 1
INPUT_PORT:  []
OUT_PORT:  []
DATA_MEM:  [839, 391]
---------------------------------------
DEBUG    root:machine.py:309 LD 0
TICK: 40667 PC:   0 ADDR:   0 MEM_OUT: 839 ACC: 4 BUFF: 839 DC: 0 FLAG_ZERO: False FLAG_LT: 0 FLAG_GT: 1
INPUT_PORT:  []
OUT_PORT:  []
DATA_MEM:  [839, 391]
---------------------------------------
DEBUG    root:machine.py:309 INC 
TICK: 40671 PC:   1 ADDR:   0 MEM_OUT: 839 ACC: 839 BUFF: 839 DC: 0 FLAG_ZERO: False FLAG_LT: 0 FLAG_GT: 1
INPUT_PORT:  []
OUT_PORT:  []
DATA_MEM:  [839, 391]
---------------------------------------
DEBUG    root:machine.py:309 ST 0
TICK: 40674 PC:   2 ADDR:   0 MEM_OUT: 839 ACC: 840 BUFF: 839 DC: 0 FLAG_ZERO: False FLAG_LT: 0 FLAG_GT: 1
INPUT_PORT:  []
OUT_PORT:  []
DATA_MEM:  [839, 391]
---------------------------------------
DEBUG    root:machine.py:309 CMP 1000
TICK: 40678 PC:   3 ADDR:   0 MEM_OUT: 840 ACC: 840 BUFF: 839 DC: 0 FLAG_ZERO: False FLAG_LT: 0 FLAG_GT: 1
INPUT_PORT:  []
OUT_PORT:  []
DATA_MEM:  [840, 391]
---------------------------------------
DEBUG    root:machine.py:309 JGE 22
TICK: 40681 PC:   4 ADDR:   0 MEM_OUT: 840 ACC: 840 BUFF: 839 DC: 0 FLAG_ZERO: False FLAG_LT: 1 FLAG_GT: 0
INPUT_PORT:  []
OUT_PORT:  []
DATA_MEM:  [840, 391]
---------------------------------------
DEBUG    root:machine.py:309 LD 0
TICK: 40684 PC:   5 ADDR:   0 MEM_OUT: 840 ACC: 840 BUFF: 839 DC: 0 FLAG_ZERO: False FLAG_LT: 1 FLAG_GT: 0
INPUT_PORT:  []
OUT_PORT:  []
DATA_MEM:  [840, 391]
---------------------------------------
DEBUG    root:machine.py:309 MOD 3
TICK: 40688 PC:   6 ADDR:   0 MEM_OUT: 840 ACC: 840 BUFF: 839 DC: 0 FLAG_ZERO: False FLAG_LT: 1 FLAG_GT: 0
INPUT_PORT:  []
OUT_PORT:  []
DATA_MEM:  [840, 391]
---------------------------------------
DEBUG    root:machine.py:309 CMP 0
TICK: 40692 PC:   7 ADDR:   0 MEM_OUT: 840 ACC: 0 BUFF: 840 DC: 0 FLAG_ZERO: False FLAG_LT: 1 FLAG_GT: 0
INPUT_PORT:  []
OUT_PORT:  []
DATA_MEM:  [840, 391]
---------------------------------------
DEBUG    root:machine.py:309 JE 14
TICK: 40695 PC:   8 ADDR:   0 MEM_OUT: 840 ACC: 0 BUFF: 840 DC: 0 FLAG_ZERO: True FLAG_LT: 0 FLAG_GT: 0
INPUT_PORT:  []
OUT_PORT:  []
DATA_MEM:  [840, 391]
---------------------------------------
DEBUG    root:machine.py:309 LD 4
TICK: 40698 PC:  14 ADDR:   0 MEM_OUT: 840 ACC: 0 BUFF: 840 DC: 0 FLAG_ZERO: True FLAG_LT: 0 FLAG_GT: 0
INPUT_PORT:  []
OUT_PORT:  []
DATA_MEM:  [840, 391]
---------------------------------------
DEBUG    root:machine.py:309 INC 
TICK: 40702 PC:  15 ADDR:   1 MEM_OUT: 391 ACC: 391 BUFF: 840 DC: 0 FLAG_ZERO: True FLAG_LT: 0 FLAG_GT: 0
INPUT_PORT:  []
OUT_PORT:  []
DATA_MEM:  [840, 391]
---------------------------------------
DEBUG    root:machine.py:309 ST 4
TICK: 40705 PC:  16 ADDR:   1 MEM_OUT: 391 ACC: 392 BUFF: 840 DC: 0 FLAG_ZERO: True FLAG_LT: 0 FLAG_GT: 0
INPUT_PORT:  []
OUT_PORT:  []
DATA_MEM:  [840, 391]
---------------------------------------
DEBUG    root:machine.py:309 JMP 0
TICK: 40709 PC:  17 ADDR:   1 MEM_OUT: 392 ACC: 392 BUFF: 840 DC: 0 FLAG_ZERO: True FLAG_LT: 0 FLAG_GT: 0
INPUT_PORT:  []
OUT_PORT:  []
DATA_MEM:  [840, 392]
---------------------------------------
DEBUG    root:machine.py:309 LD 0
TICK: 40712 PC:   0 ADDR:   1 MEM_OUT: 392 ACC: 392 BUFF: 840 DC: 0 FLAG_ZERO: True FLAG_LT: 0 FLAG_GT: 0
INPUT_PORT:  []
OUT_PORT:  []
DATA_MEM:  [840, 392]
---------------------------------------
DEBUG    root:machine.py:309 INC 
TICK: 40716 PC:   1 ADDR:   0 MEM_OUT: 840 ACC: 840 BUFF: 840 DC: 0 FLAG_ZERO: True FLAG_LT: 0 FLAG_GT: 0
INPUT_PORT:  []
OUT_PORT:  []
DATA_MEM:  [840, 392]
---------------------------------------
DEBUG    root:machine.py:309 ST 0
TICK: 40719 PC:   2 ADDR:   0 MEM_OUT: 840 ACC: 841 BUFF: 840 DC: 0 FLAG_ZERO: True FLAG_LT: 0 FLAG_GT: 0
INPUT_PORT:  []
OUT_PORT:  []
DATA_MEM:  [840, 392]
---------------------------------------
DEBUG    root:machine.py:309 CMP 1000
TICK: 40723 PC:   3 ADDR:   0 MEM_OUT: 841 ACC: 841 BUFF: 840 DC: 0 FLAG_ZERO: True FLAG_LT: 0 FLAG_GT: 0
INPUT_PORT:  []
OUT_PORT:  []
DATA_MEM:  [841, 392]
---------------------------------------
DEBUG    root:machine.py:309 JGE 22
TICK: 40726 PC:   4 ADDR:   0 MEM_OUT: 841 ACC: 841 BUFF: 840 DC: 0 FLAG_ZERO: False FLAG_LT: 1 FLAG_GT: 0
INPUT_PORT:  []
OUT_PORT:  []
DATA_MEM:  [841, 392]
---------------------------------------
DEBUG    root:machine.py:309 LD 0
TICK: 40729 PC:   5 ADDR:   0 MEM_OUT: 841 ACC: 841 BUFF: 840 DC: 0 FLAG_ZERO: False FLAG_LT: 1 FLAG_GT: 0
INPUT_PORT:  []
OUT_PORT:  []
DATA_MEM:  [841, 392]
---------------------------------------
DEBUG    root:machine.py:309 MOD 3
TICK: 40733 PC:   6 ADDR:   0 MEM_OUT: 841 ACC: 841 BUFF: 840 DC: 0 FLAG_ZERO: False FLAG_LT: 1 FLAG_GT: 0
INPUT_PORT:  []
OUT_PORT:  []
DATA_MEM:  [841, 392]
---------------------------------------
DEBUG    root:machine.py:309 CMP 0
TICK: 40737 PC:   7 ADDR:   0 MEM_OUT: 841 ACC: 1 BUFF: 841 DC: 0 FLAG_ZERO: False FLAG_LT: 1 FLAG_GT: 0
INPUT_PORT:  []
OUT_PORT:  []
DATA_MEM:  [841, 392]
---------------------------------------
DEBUG    root:machine.py:309 JE 14
TICK: 40740 PC:   8 ADDR:   0 MEM_OUT: 841 ACC: 1 BUFF: 841 DC: 0 FLAG_ZERO: False FLAG_LT: 0 FLAG_GT: 1
INPUT_PORT:  []
OUT_PORT:  []
DATA_MEM:  [841, 392]
---------------------------------------
DEBUG    root:machine.py:309 LD 0
TICK: 40743 PC:   9 ADDR:   0 MEM_OUT: 841 ACC: 1 BUFF: 841 DC: 0 FLAG_ZERO: False FLAG_LT: 0 FLAG_GT: 1
INPUT_PORT:  []
OUT_PORT:  []
DATA_MEM:  [841, 392]
---------------------------------------
DEBUG    root:machine.py:309 MOD 5
TICK: 40747 PC:  10 ADDR:   0 MEM_OUT: 841 ACC: 841 BUFF: 841 DC: 0 FLAG_ZERO: False FLAG_LT: 0 FLAG_GT: 1
INPUT_PORT:  []
OUT_PORT:  []
DATA_MEM:  [841, 392]
---------------------------------------
DEBUG    root:machine.py:309 CMP 0
TICK: 40751 PC:  11 ADDR:   0 MEM_OUT: 841 ACC: 1 BUFF: 841 DC: 0 FLAG_ZERO: False FLAG_LT: 0 FLAG_GT: 1
INPUT_PORT:  []
OUT_PORT:  []
DATA_MEM:  [841, 392]
---------------------------------------
DEBUG    root:machine.py:309 JE 18
TICK: 40754 PC:  12 ADDR:   0 MEM_OUT: 841 ACC: 1 BUFF: 841 DC: 0 FLAG_ZERO: False FLAG_LT: 0 FLAG_GT: 1
INPUT_PORT:  []
OUT_PORT:  []
DATA_MEM:  [841, 392]
---------------------------------------
DEBUG    root:machine.py:309 JMP 0
TICK: 40757 PC:  13 ADDR:   0 MEM_OUT: 841 ACC: 1 BUFF: 841 DC: 0 FLAG_ZERO: False FLAG_LT: 0 FLAG_GT: 1
INPUT_PORT:  []
OUT_PORT:  []
DATA_MEM:  [841, 392]
---------------------------------------
DEBUG    root:machine.py:309 LD 0
TICK: 40760 PC:   0 ADDR:   0 MEM_OUT: 841 ACC: 1 BUFF: 841 DC: 0 FLAG_ZERO: False FLAG_LT: 0 FLAG_GT: 1
INPUT_PORT:  []
OUT_PORT:  []
DATA_MEM:  [841, 392]
---------------------------------------
DEBUG    root:machine.py:309 INC 
TICK: 40764 PC:   1 ADDR:   0 MEM_OUT: 841 ACC: 841 BUFF: 841 DC: 0 FLAG_ZERO: False FLAG_LT: 0 FLAG_GT: 1
INPUT_PORT:  []
OUT_PORT:  []
DATA_MEM:  [841, 392]
---------------------------------------
DEBUG    root:machine.py:309 ST 0
TICK: 40767 PC:   2 ADDR:   0 MEM_OUT: 841 ACC: 842 BUFF: 841 DC: 0 FLAG_ZERO: False FLAG_LT: 0 FLAG_GT: 1
INPUT_PORT:  []
OUT_PORT:  []
DATA_MEM:  [841, 392]
---------------------------------------
DEBUG    root:machine.py:309 CMP 1000
TICK: 40771 PC:   3 ADDR:   0 MEM_OUT: 842 ACC: 842 BUFF: 841 DC: 0 FLAG_ZERO: False FLAG_LT: 0 FLAG_GT: 1
INPUT_PORT:  []
OUT_PORT:  []
DATA_MEM:  [842, 392]
---------------------------------------
DEBUG    root:machine.py:309 JGE 22
TICK: 40774 PC:   4 ADDR:   0 MEM_OUT: 842 ACC: 842 BUFF: 841 DC: 0 FLAG_ZERO: False FLAG_LT: 1 FLAG_GT: 0
INPUT_PORT:  []
OUT_PORT:  []
DATA_MEM:  [842, 392]
---------------------------------------
DEBUG    root:machine.py:309 LD 0
TICK: 40777 PC:   5 ADDR:   0 MEM_OUT: 842 ACC: 842 BUFF: 841 DC: 0 FLAG_ZERO: False FLAG_LT: 1 FLAG_GT: 0
INPUT_PORT:  []
OUT_PORT:  []
DATA_MEM:  [842, 392]
---------------------------------------
DEBUG    root:machine.py:309 MOD 3
TICK: 40781 PC:   6 ADDR:   0 MEM_OUT: 842 ACC: 842 BUFF: 841 DC: 0 FLAG_ZERO: False FLAG_LT: 1 FLAG_GT: 0
INPUT_PORT:  []
OUT_PORT:  []
DATA_MEM:  [842, 392]
---------------------------------------
DEBUG    root:machine.py:309 CMP 0
TICK: 40785 PC:   7 ADDR:   0 MEM_OUT: 842 ACC: 2 BUFF: 842 DC: 0 FLAG_ZERO: False FLAG_LT: 1 FLAG_GT: 0
INPUT_PORT:  []
OUT_PORT:  []
DATA_MEM:  [842, 392]
---------------------------------------
DEBUG    root:machine.py:309 JE 14
TICK: 40788 PC:   8 ADDR:   0 MEM_OUT: 842 ACC: 2 BUFF: 842 DC: 0 FLAG_ZERO: False FLAG_LT: 0 FLAG_GT: 1
INPUT_PORT:  []
OUT_PORT:  []
DATA_MEM:  [842, 392]
---------------------------------------
DEBUG    root:machine.py:309 LD 0
TICK: 40791 PC:   9 ADDR:   0 MEM_OUT: 842 ACC: 2 BUFF: 842 DC: 0 FLAG_ZERO: False FLAG_LT: 0 FLAG_GT: 1
INPUT_PORT:  []
OUT_PORT:  []
DATA_MEM:  [842, 392]
---------------------------------------
DEBUG    root:machine.py:309 MOD 5
TICK: 40795 PC:  10 ADDR:   0 MEM_OUT: 842 ACC: 842 BUFF: 842 DC: 0 FLAG_ZERO: False FLAG_LT: 0 FLAG_GT: 1
INPUT_PORT:  []
OUT_PORT:  []
DATA_MEM:  [842, 392]
---------------------------------------
DEBUG    root:machine.py:309 CMP 0
TICK: 40799 PC:  11 ADDR:   0 MEM_OUT: 842 ACC: 2 BUFF: 842 DC: 0 FLAG_ZERO: False FLAG_LT: 0 FLAG_GT: 1
INPUT_PORT:  []
OUT_PORT:  []
DATA_MEM:  [842, 392]
---------------------------------------
DEBUG    root:machine.py:309 JE 18
TICK: 40802 PC:  12 ADDR:   0 MEM_OUT: 842 ACC: 2 BUFF: 842 DC: 0 FLAG_ZERO: False FLAG_LT: 0 FLAG_GT: 1
INPUT_PORT:  []
OUT_PORT:  []
DATA_MEM:  [842, 392]
---------------------------------------
DEBUG    root:machine.py:309 JMP 0
TICK: 40805 PC:  13 ADDR:   0 MEM_OUT: 842 ACC: 2 BUFF: 842 DC: 0 FLAG_ZERO: False FLAG_LT: 0 FLAG_GT: 1
INPUT_PORT:  []
OUT_PORT:  []
DATA_MEM:  [842, 392]
---------------------------------------
DEBUG    root:machine.py:309 LD 0
TICK: 40808 PC:   0 ADDR:   0 MEM_OUT: 842 ACC: 2 BUFF: 842 DC: 0 FLAG_ZERO: False FLAG_LT: 0 FLAG_GT: 1
INPUT_PORT:  []
OUT_PORT:  []
DATA_MEM:  [842, 392]
---------------------------------------
DEBUG    root:machine.py:309 INC 
TICK: 40812 PC:   1 ADDR:   0 MEM_OUT: 842 ACC: 842 BUFF: 842 DC: 0 FLAG_ZERO: False FLAG_LT: 0 FLAG_GT: 1
INPUT_PORT:  []
OUT_PORT:  []
DATA_MEM:  [842, 392]
---------------------------------------
DEBUG    root:machine.py:309 ST 0
TICK: 40815 PC:   2 ADDR:   0 MEM_OUT: 842 ACC: 843 BUFF: 842 DC: 0 FLAG_ZERO: False FLAG_LT: 0 FLAG_GT: 1
INPUT_PORT:  []
OUT_PORT:  []
DATA_MEM:  [842, 392]
---------------------------------------
DEBUG    root:machine.py:309 CMP 1000
TICK: 40819 PC:   3 ADDR:   0 MEM_OUT: 843 ACC: 843 BUFF: 842 DC: 0 FLAG_ZERO: False FLAG_LT: 0 FLAG_GT: 1
INPUT_PORT:  []
OUT_PORT:  []
DATA_MEM:  [843, 392]
---------------------------------------
DEBUG    root:machine.py:309 JGE 22
TICK: 40822 PC:   4 ADDR:   0 MEM_OUT: 843 ACC: 843 BUFF: 842 DC: 0 FLAG_ZERO: False FLAG_LT: 1 FLAG_GT: 0
INPUT_PORT:  []
OUT_PORT:  []
DATA_MEM:  [843, 392]
---------------------------------------
DEBUG    root:machine.py:309 LD 0
TICK: 40825 PC:   5 ADDR:   0 MEM_OUT: 843 ACC: 843 BUFF: 842 DC: 0 FLAG_ZERO: False FLAG_LT: 1 FLAG_GT: 0
INPUT_PORT:  []
OUT_PORT:  []
DATA_MEM:  [843, 392]
---------------------------------------
DEBUG    root:machine.py:309 MOD 3
TICK: 40829 PC:   6 ADDR:   0 MEM_OUT: 843 ACC: 843 BUFF: 842 DC: 0 FLAG_ZERO: False FLAG_LT: 1 FLAG_GT: 0
INPUT_PORT:  []
OUT_PORT:  []
DATA_MEM:  [843, 392]
---------------------------------------
DEBUG    root:machine.py:309 CMP 0
TICK: 40833 PC:   7 ADDR:   0 MEM_OUT: 843 ACC: 0 BUFF: 843 DC: 0 FLAG_ZERO: False FLAG_LT: 1 FLAG_GT: 0
INPUT_PORT:  []
OUT_PORT:  []
DATA_MEM:  [843, 392]
---------------------------------------
DEBUG    root:machine.py:309 JE 14
TICK: 40836 PC:   8 ADDR:   0 MEM_OUT: 843 ACC: 0 BUFF: 843 DC: 0 FLAG_ZERO: True FLAG_LT: 0 FLAG_GT: 0
INPUT_PORT:  []
OUT_PORT:  []
DATA_MEM:  [843, 392]
---------------------------------------
DEBUG    root:machine.py:309 LD 4
TICK: 40839 PC:  14 ADDR:   0 MEM_OUT: 843 ACC: 0 BUFF: 843 DC: 0 FLAG_ZERO: True FLAG_LT: 0 FLAG_GT: 0
INPUT_PORT:  []
OUT_PORT:  []
DATA_MEM:  [843, 392]
---------------------------------------
DEBUG    root:machine.py:309 INC 
TICK: 40843 PC:  15 ADDR:   1 MEM_OUT: 392 ACC: 392 BUFF: 843 DC: 0 FLAG_ZERO: True FLAG_LT: 0 FLAG_GT: 0
INPUT_PORT:  []
OUT_PORT:  []
DATA_MEM:  [843, 392]
---------------------------------------
DEBUG    root:machine.py:309 ST 4
TICK: 40846 PC:  16 ADDR:   1 MEM_OUT: 392 ACC: 393 BUFF: 843 DC: 0 FLAG_ZERO: True FLAG_LT: 0 FLAG_GT: 0
INPUT_PORT:  []
OUT_PORT:  []
DATA_MEM:  [843, 392]
---------------------------------------
DEBUG    root:machine.py:309 JMP 0
TICK: 40850 PC:  17 ADDR:   1 MEM_OUT: 393 ACC: 393 BUFF: 843 DC: 0 FLAG_ZERO: True FLAG_LT: 0 FLAG_GT: 0
INPUT_PORT:  []
OUT_PORT:  []
DATA_MEM:  [843, 393]
---------------------------------------
DEBUG    root:machine.py:309 LD 0
TICK: 40853 PC:   0 ADDR:   1 MEM_OUT: 393 ACC: 393 BUFF: 843 DC: 0 FLAG_ZERO: True FLAG_LT: 0 FLAG_GT: 0
INPUT_PORT:  []
OUT_PORT:  []
DATA_MEM:  [843, 393]
---------------------------------------
DEBUG    root:machine.py:309 INC 
TICK: 40857 PC:   1 ADDR:   0 MEM_OUT: 843 ACC: 843 BUFF: 843 DC: 0 FLAG_ZERO: True FLAG_LT: 0 FLAG_GT: 0
INPUT_PORT:  []
OUT_PORT:  []
DATA_MEM:  [843, 393]
---------------------------------------
DEBUG    root:machine.py:309 ST 0
TICK: 40860 PC:   2 ADDR:   0 MEM_OUT: 843 ACC: 844 BUFF: 843 DC: 0 FLAG_ZERO: True FLAG_LT: 0 FLAG_GT: 0
INPUT_PORT:  []
OUT_PORT:  []
DATA_MEM:  [843, 393]
---------------------------------------
DEBUG    root:machine.py:309 CMP 1000
TICK: 40864 PC:   3 ADDR:   0 MEM_OUT: 844 ACC: 844 BUFF: 843 DC: 0 FLAG_ZERO: True FLAG_LT: 0 FLAG_GT: 0
INPUT_PORT:  []
OUT_PORT:  []
DATA_MEM:  [844, 393]
---------------------------------------
DEBUG    root:machine.py:309 JGE 22
TICK: 40867 PC:   4 ADDR:   0 MEM_OUT: 844 ACC: 844 BUFF: 843 DC: 0 FLAG_ZERO: False FLAG_LT: 1 FLAG_GT: 0
INPUT_PORT:  []
OUT_PORT:  []
DATA_MEM:  [844, 393]
---------------------------------------
DEBUG    root:machine.py:309 LD 0
TICK: 40870 PC:   5 ADDR:   0 MEM_OUT: 844 ACC: 844 BUFF: 843 DC: 0 FLAG_ZERO: False FLAG_LT: 1 FLAG_GT: 0
INPUT_PORT:  []
OUT_PORT:  []
DATA_MEM:  [844, 393]
---------------------------------------
DEBUG    root:machine.py:309 MOD 3
TICK: 40874 PC:   6 ADDR:   0 MEM_OUT: 844 ACC: 844 BUFF: 843 DC: 0 FLAG_ZERO: False FLAG_LT: 1 FLAG_GT: 0
INPUT_PORT:  []
OUT_PORT:  []
DATA_MEM:  [844, 393]
---------------------------------------
DEBUG    root:machine.py:309 CMP 0
TICK: 40878 PC:   7 ADDR:   0 MEM_OUT: 844 ACC: 1 BUFF: 844 DC: 0 FLAG_ZERO: False FLAG_LT: 1 FLAG_GT: 0
INPUT_PORT:  []
OUT_PORT:  []
DATA_MEM:  [844, 393]
---------------------------------------
DEBUG    root:machine.py:309 JE 14
TICK: 40881 PC:   8 ADDR:   0 MEM_OUT: 844 ACC: 1 BUFF: 844 DC: 0 FLAG_ZERO: False FLAG_LT: 0 FLAG_GT: 1
INPUT_PORT:  []
OUT_PORT:  []
DATA_MEM:  [844, 393]
---------------------------------------
DEBUG    root:machine.py:309 LD 0
TICK: 40884 PC:   9 ADDR:   0 MEM_OUT: 844 ACC: 1 BUFF: 844 DC: 0 FLAG_ZERO: False FLAG_LT: 0 FLAG_GT: 1
INPUT_PORT:  []
OUT_PORT:  []
DATA_MEM:  [844, 393]
---------------------------------------
DEBUG    root:machine.py:309 MOD 5
TICK: 40888 PC:  10 ADDR:   0 MEM_OUT: 844 ACC: 844 BUFF: 844 DC: 0 FLAG_ZERO: False FLAG_LT: 0 FLAG_GT: 1
INPUT_PORT:  []
OUT_PORT:  []
DATA_MEM:  [844, 393]
---------------------------------------
DEBUG    root:machine.py:309 CMP 0
TICK: 40892 PC:  11 ADDR:   0 MEM_OUT: 844 ACC: 4 BUFF: 844 DC: 0 FLAG_ZERO: False FLAG_LT: 0 FLAG_GT: 1
INPUT_PORT:  []
OUT_PORT:  []
DATA_MEM:  [844, 393]
---------------------------------------
DEBUG    root:machine.py:309 JE 18
TICK: 40895 PC:  12 ADDR:   0 MEM_OUT: 844 ACC: 4 BUFF: 844 DC: 0 FLAG_ZERO: False FLAG_LT: 0 FLAG_GT: 1
INPUT_PORT:  []
OUT_PORT:  []
DATA_MEM:  [844, 393]
---------------------------------------
DEBUG    root:machine.py:309 JMP 0
TICK: 40898 PC:  13 ADDR:   0 MEM_OUT: 844 ACC: 4 BUFF: 844 DC: 0 FLAG_ZERO: False FLAG_LT: 0 FLAG_GT: 1
INPUT_PORT:  []
OUT_PORT:  []
DATA_MEM:  [844, 393]
---------------------------------------
DEBUG    root:machine.py:309 LD 0
TICK: 40901 PC:   0 ADDR:   0 MEM_OUT: 844 ACC: 4 BUFF: 844 DC: 0 FLAG_ZERO: False FLAG_LT: 0 FLAG_GT: 1
INPUT_PORT:  []
OUT_PORT:  []
DATA_MEM:  [844, 393]
---------------------------------------
DEBUG    root:machine.py:309 INC 
TICK: 40905 PC:   1 ADDR:   0 MEM_OUT: 844 ACC: 844 BUFF: 844 DC: 0 FLAG_ZERO: False FLAG_LT: 0 FLAG_GT: 1
INPUT_PORT:  []
OUT_PORT:  []
DATA_MEM:  [844, 393]
---------------------------------------
DEBUG    root:machine.py:309 ST 0
TICK: 40908 PC:   2 ADDR:   0 MEM_OUT: 844 ACC: 845 BUFF: 844 DC: 0 FLAG_ZERO: False FLAG_LT: 0 FLAG_GT: 1
INPUT_PORT:  []
OUT_PORT:  []
DATA_MEM:  [844, 393]
---------------------------------------
DEBUG    root:machine.py:309 CMP 1000
TICK: 40912 PC:   3 ADDR:   0 MEM_OUT: 845 ACC: 845 BUFF: 844 DC: 0 FLAG_ZERO: False FLAG_LT: 0 FLAG_GT: 1
INPUT_PORT:  []
OUT_PORT:  []
DATA_MEM:  [845, 393]
---------------------------------------
DEBUG    root:machine.py:309 JGE 22
TICK: 40915 PC:   4 ADDR:   0 MEM_OUT: 845 ACC: 845 BUFF: 844 DC: 0 FLAG_ZERO: False FLAG_LT: 1 FLAG_GT: 0
INPUT_PORT:  []
OUT_PORT:  []
DATA_MEM:  [845, 393]
---------------------------------------
DEBUG    root:machine.py:309 LD 0
TICK: 40918 PC:   5 ADDR:   0 MEM_OUT: 845 ACC: 845 BUFF: 844 DC: 0 FLAG_ZERO: False FLAG_LT: 1 FLAG_GT: 0
INPUT_PORT:  []
OUT_PORT:  []
DATA_MEM:  [845, 393]
---------------------------------------
DEBUG    root:machine.py:309 MOD 3
TICK: 40922 PC:   6 ADDR:   0 MEM_OUT: 845 ACC: 845 BUFF: 844 DC: 0 FLAG_ZERO: False FLAG_LT: 1 FLAG_GT: 0
INPUT_PORT:  []
OUT_PORT:  []
DATA_MEM:  [845, 393]
---------------------------------------
DEBUG    root:machine.py:309 CMP 0
TICK: 40926 PC:   7 ADDR:   0 MEM_OUT: 845 ACC: 2 BUFF: 845 DC: 0 FLAG_ZERO: False FLAG_LT: 1 FLAG_GT: 0
INPUT_PORT:  []
OUT_PORT:  []
DATA_MEM:  [845, 393]
---------------------------------------
DEBUG    root:machine.py:309 JE 14
TICK: 40929 PC:   8 ADDR:   0 MEM_OUT: 845 ACC: 2 BUFF: 845 DC: 0 FLAG_ZERO: False FLAG_LT: 0 FLAG_GT: 1
INPUT_PORT:  []
OUT_PORT:  []
DATA_MEM:  [845, 393]
---------------------------------------
DEBUG    root:machine.py:309 LD 0
TICK: 40932 PC:   9 ADDR:   0 MEM_OUT: 845 ACC: 2 BUFF: 845 DC: 0 FLAG_ZERO: False FLAG_LT: 0 FLAG_GT: 1
INPUT_PORT:  []
OUT_PORT:  []
DATA_MEM:  [845, 393]
---------------------------------------
DEBUG    root:machine.py:309 MOD 5
TICK: 40936 PC:  10 ADDR:   0 MEM_OUT: 845 ACC: 845 BUFF: 845 DC: 0 FLAG_ZERO: False FLAG_LT: 0 FLAG_GT: 1
INPUT_PORT:  []
OUT_PORT:  []
DATA_MEM:  [845, 393]
---------------------------------------
DEBUG    root:machine.py:309 CMP 0
TICK: 40940 PC:  11 ADDR:   0 MEM_OUT: 845 ACC: 0 BUFF: 845 DC: 0 FLAG_ZERO: False FLAG_LT: 0 FLAG_GT: 1
INPUT_PORT:  []
OUT_PORT:  []
DATA_MEM:  [845, 393]
---------------------------------------
DEBUG    root:machine.py:309 JE 18
TICK: 40943 PC:  12 ADDR:   0 MEM_OUT: 845 ACC: 0 BUFF: 845 DC: 0 FLAG_ZERO: True FLAG_LT: 0 FLAG_GT: 0
INPUT_PORT:  []
OUT_PORT:  []
DATA_MEM:  [845, 393]
---------------------------------------
DEBUG    root:machine.py:309 LD 4
TICK: 40946 PC:  18 ADDR:   0 MEM_OUT: 845 ACC: 0 BUFF: 845 DC: 0 FLAG_ZERO: True FLAG_LT: 0 FLAG_GT: 0
INPUT_PORT:  []
OUT_PORT:  []
DATA_MEM:  [845, 393]
---------------------------------------
DEBUG    root:machine.py:309 INC 
TICK: 40950 PC:  19 ADDR:   1 MEM_OUT: 393 ACC: 393 BUFF: 845 DC: 0 FLAG_ZERO: True FLAG_LT: 0 FLAG_GT: 0
INPUT_PORT:  []
OUT_PORT:  []
DATA_MEM:  [845, 393]
---------------------------------------
DEBUG    root:machine.py:309 ST 4
TICK: 40953 PC:  20 ADDR:   1 MEM_OUT: 393 ACC: 394 BUFF: 845 DC: 0 FLAG_ZERO: True FLAG_LT: 0 FLAG_GT: 0
INPUT_PORT:  []
OUT_PORT:  []
DATA_MEM:  [845, 393]
---------------------------------------
DEBUG    root:machine.py:309 JMP 0
TICK: 40957 PC:  21 ADDR:   1 MEM_OUT: 394 ACC: 394 BUFF: 845 DC: 0 FLAG_ZERO: True FLAG_LT: 0 FLAG_GT: 0
INPUT_PORT:  []
OUT_PORT:  []
DATA_MEM:  [845, 394]
---------------------------------------
DEBUG    root:machine.py:309 LD 0
TICK: 40960 PC:   0 ADDR:   1 MEM_OUT: 394 ACC: 394 BUFF: 845 DC: 0 FLAG_ZERO: True FLAG_LT: 0 FLAG_GT: 0
INPUT_PORT:  []
OUT_PORT:  []
DATA_MEM:  [845, 394]
---------------------------------------
DEBUG    root:machine.py:309 INC 
TICK: 40964 PC:   1 ADDR:   0 MEM_OUT: 845 ACC: 845 BUFF: 845 DC: 0 FLAG_ZERO: True FLAG_LT: 0 FLAG_GT: 0
INPUT_PORT:  []
OUT_PORT:  []
DATA_MEM:  [845, 394]
---------------------------------------
DEBUG    root:machine.py:309 ST 0
TICK: 40967 PC:   2 ADDR:   0 MEM_OUT: 845 ACC: 846 BUFF: 845 DC: 0 FLAG_ZERO: True FLAG_LT: 0 FLAG_GT: 0
INPUT_PORT:  []
OUT_PORT:  []
DATA_MEM:  [845, 394]
---------------------------------------
DEBUG    root:machine.py:309 CMP 1000
TICK: 40971 PC:   3 ADDR:   0 MEM_OUT: 846 ACC: 846 BUFF: 845 DC: 0 FLAG_ZERO: True FLAG_LT: 0 FLAG_GT: 0
INPUT_PORT:  []
OUT_PORT:  []
DATA_MEM:  [846, 394]
---------------------------------------
DEBUG    root:machine.py:309 JGE 22
TICK: 40974 PC:   4 ADDR:   0 MEM_OUT: 846 ACC: 846 BUFF: 845 DC: 0 FLAG_ZERO: False FLAG_LT: 1 FLAG_GT: 0
INPUT_PORT:  []
OUT_PORT:  []
DATA_MEM:  [846, 394]
---------------------------------------
DEBUG    root:machine.py:309 LD 0
TICK: 40977 PC:   5 ADDR:   0 MEM_OUT: 846 ACC: 846 BUFF: 845 DC: 0 FLAG_ZERO: False FLAG_LT: 1 FLAG_GT: 0
INPUT_PORT:  []
OUT_PORT:  []
DATA_MEM:  [846, 394]
---------------------------------------
DEBUG    root:machine.py:309 MOD 3
TICK: 40981 PC:   6 ADDR:   0 MEM_OUT: 846 ACC: 846 BUFF: 845 DC: 0 FLAG_ZERO: False FLAG_LT: 1 FLAG_GT: 0
INPUT_PORT:  []
OUT_PORT:  []
DATA_MEM:  [846, 394]
---------------------------------------
DEBUG    root:machine.py:309 CMP 0
TICK: 40985 PC:   7 ADDR:   0 MEM_OUT: 846 ACC: 0 BUFF: 846 DC: 0 FLAG_ZERO: False FLAG_LT: 1 FLAG_GT: 0
INPUT_PORT:  []
OUT_PORT:  []
DATA_MEM:  [846, 394]
---------------------------------------
DEBUG    root:machine.py:309 JE 14
TICK: 40988 PC:   8 ADDR:   0 MEM_OUT: 846 ACC: 0 BUFF: 846 DC: 0 FLAG_ZERO: True FLAG_LT: 0 FLAG_GT: 0
INPUT_PORT:  []
OUT_PORT:  []
DATA_MEM:  [846, 394]
---------------------------------------
DEBUG    root:machine.py:309 LD 4
TICK: 40991 PC:  14 ADDR:   0 MEM_OUT: 846 ACC: 0 BUFF: 846 DC: 0 FLAG_ZERO: True FLAG_LT: 0 FLAG_GT: 0
INPUT_PORT:  []
OUT_PORT:  []
DATA_MEM:  [846, 394]
---------------------------------------
DEBUG    root:machine.py:309 INC 
TICK: 40995 PC:  15 ADDR:   1 MEM_OUT: 394 ACC: 394 BUFF: 846 DC: 0 FLAG_ZERO: True FLAG_LT: 0 FLAG_GT: 0
INPUT_PORT:  []
OUT_PORT:  []
DATA_MEM:  [846, 394]
---------------------------------------
DEBUG    root:machine.py:309 ST 4
TICK: 40998 PC:  16 ADDR:   1 MEM_OUT: 394 ACC: 395 BUFF: 846 DC: 0 FLAG_ZERO: True FLAG_LT: 0 FLAG_GT: 0
INPUT_PORT:  []
OUT_PORT:  []
DATA_MEM:  [846, 394]
---------------------------------------
DEBUG    root:machine.py:309 JMP 0
TICK: 41002 PC:  17 ADDR:   1 MEM_OUT: 395 ACC: 395 BUFF: 846 DC: 0 FLAG_ZERO: True FLAG_LT: 0 FLAG_GT: 0
INPUT_PORT:  []
OUT_PORT:  []
DATA_MEM:  [846, 395]
---------------------------------------
DEBUG    root:machine.py:309 LD 0
TICK: 41005 PC:   0 ADDR:   1 MEM_OUT: 395 ACC: 395 BUFF: 846 DC: 0 FLAG_ZERO: True FLAG_LT: 0 FLAG_GT: 0
INPUT_PORT:  []
OUT_PORT:  []
DATA_MEM:  [846, 395]
---------------------------------------
DEBUG    root:machine.py:309 INC 
TICK: 41009 PC:   1 ADDR:   0 MEM_OUT: 846 ACC: 846 BUFF: 846 DC: 0 FLAG_ZERO: True FLAG_LT: 0 FLAG_GT: 0
INPUT_PORT:  []
OUT_PORT:  []
DATA_MEM:  [846, 395]
---------------------------------------
DEBUG    root:machine.py:309 ST 0
TICK: 41012 PC:   2 ADDR:   0 MEM_OUT: 846 ACC: 847 BUFF: 846 DC: 0 FLAG_ZERO: True FLAG_LT: 0 FLAG_GT: 0
INPUT_PORT:  []
OUT_PORT:  []
DATA_MEM:  [846, 395]
---------------------------------------
DEBUG    root:machine.py:309 CMP 1000
TICK: 41016 PC:   3 ADDR:   0 MEM_OUT: 847 ACC: 847 BUFF: 846 DC: 0 FLAG_ZERO: True FLAG_LT: 0 FLAG_GT: 0
INPUT_PORT:  []
OUT_PORT:  []
DATA_MEM:  [847, 395]
---------------------------------------
DEBUG    root:machine.py:309 JGE 22
TICK: 41019 PC:   4 ADDR:   0 MEM_OUT: 847 ACC: 847 BUFF: 846 DC: 0 FLAG_ZERO: False FLAG_LT: 1 FLAG_GT: 0
INPUT_PORT:  []
OUT_PORT:  []
DATA_MEM:  [847, 395]
---------------------------------------
DEBUG    root:machine.py:309 LD 0
TICK: 41022 PC:   5 ADDR:   0 MEM_OUT: 847 ACC: 847 BUFF: 846 DC: 0 FLAG_ZERO: False FLAG_LT: 1 FLAG_GT: 0
INPUT_PORT:  []
OUT_PORT:  []
DATA_MEM:  [847, 395]
---------------------------------------
DEBUG    root:machine.py:309 MOD 3
TICK: 41026 PC:   6 ADDR:   0 MEM_OUT: 847 ACC: 847 BUFF: 846 DC: 0 FLAG_ZERO: False FLAG_LT: 1 FLAG_GT: 0
INPUT_PORT:  []
OUT_PORT:  []
DATA_MEM:  [847, 395]
---------------------------------------
DEBUG    root:machine.py:309 CMP 0
TICK: 41030 PC:   7 ADDR:   0 MEM_OUT: 847 ACC: 1 BUFF: 847 DC: 0 FLAG_ZERO: False FLAG_LT: 1 FLAG_GT: 0
INPUT_PORT:  []
OUT_PORT:  []
DATA_MEM:  [847, 395]
---------------------------------------
DEBUG    root:machine.py:309 JE 14
TICK: 41033 PC:   8 ADDR:   0 MEM_OUT: 847 ACC: 1 BUFF: 847 DC: 0 FLAG_ZERO: False FLAG_LT: 0 FLAG_GT: 1
INPUT_PORT:  []
OUT_PORT:  []
DATA_MEM:  [847, 395]
---------------------------------------
DEBUG    root:machine.py:309 LD 0
TICK: 41036 PC:   9 ADDR:   0 MEM_OUT: 847 ACC: 1 BUFF: 847 DC: 0 FLAG_ZERO: False FLAG_LT: 0 FLAG_GT: 1
INPUT_PORT:  []
OUT_PORT:  []
DATA_MEM:  [847, 395]
---------------------------------------
DEBUG    root:machine.py:309 MOD 5
TICK: 41040 PC:  10 ADDR:   0 MEM_OUT: 847 ACC: 847 BUFF: 847 DC: 0 FLAG_ZERO: False FLAG_LT: 0 FLAG_GT: 1
INPUT_PORT:  []
OUT_PORT:  []
DATA_MEM:  [847, 395]
---------------------------------------
DEBUG    root:machine.py:309 CMP 0
TICK: 41044 PC:  11 ADDR:   0 MEM_OUT: 847 ACC: 2 BUFF: 847 DC: 0 FLAG_ZERO: False FLAG_LT: 0 FLAG_GT: 1
INPUT_PORT:  []
OUT_PORT:  []
DATA_MEM:  [847, 395]
---------------------------------------
DEBUG    root:machine.py:309 JE 18
TICK: 41047 PC:  12 ADDR:   0 MEM_OUT: 847 ACC: 2 BUFF: 847 DC: 0 FLAG_ZERO: False FLAG_LT: 0 FLAG_GT: 1
INPUT_PORT:  []
OUT_PORT:  []
DATA_MEM:  [847, 395]
---------------------------------------
DEBUG    root:machine.py:309 JMP 0
TICK: 41050 PC:  13 ADDR:   0 MEM_OUT: 847 ACC: 2 BUFF: 847 DC: 0 FLAG_ZERO: False FLAG_LT: 0 FLAG_GT: 1
INPUT_PORT:  []
OUT_PORT:  []
DATA_MEM:  [847, 395]
---------------------------------------
DEBUG    root:machine.py:309 LD 0
TICK: 41053 PC:   0 ADDR:   0 MEM_OUT: 847 ACC: 2 BUFF: 847 DC: 0 FLAG_ZERO: False FLAG_LT: 0 FLAG_GT: 1
INPUT_PORT:  []
OUT_PORT:  []
DATA_MEM:  [847, 395]
---------------------------------------
DEBUG    root:machine.py:309 INC 
TICK: 41057 PC:   1 ADDR:   0 MEM_OUT: 847 ACC: 847 BUFF: 847 DC: 0 FLAG_ZERO: False FLAG_LT: 0 FLAG_GT: 1
INPUT_PORT:  []
OUT_PORT:  []
DATA_MEM:  [847, 395]
---------------------------------------
DEBUG    root:machine.py:309 ST 0
TICK: 41060 PC:   2 ADDR:   0 MEM_OUT: 847 ACC: 848 BUFF: 847 DC: 0 FLAG_ZERO: False FLAG_LT: 0 FLAG_GT: 1
INPUT_PORT:  []
OUT_PORT:  []
DATA_MEM:  [847, 395]
---------------------------------------
DEBUG    root:machine.py:309 CMP 1000
TICK: 41064 PC:   3 ADDR:   0 MEM_OUT: 848 ACC: 848 BUFF: 847 DC: 0 FLAG_ZERO: False FLAG_LT: 0 FLAG_GT: 1
INPUT_PORT:  []
OUT_PORT:  []
DATA_MEM:  [848, 395]
---------------------------------------
DEBUG    root:machine.py:309 JGE 22
TICK: 41067 PC:   4 ADDR:   0 MEM_OUT: 848 ACC: 848 BUFF: 847 DC: 0 FLAG_ZERO: False FLAG_LT: 1 FLAG_GT: 0
INPUT_PORT:  []
OUT_PORT:  []
DATA_MEM:  [848, 395]
---------------------------------------
DEBUG    root:machine.py:309 LD 0
TICK: 41070 PC:   5 ADDR:   0 MEM_OUT: 848 ACC: 848 BUFF: 847 DC: 0 FLAG_ZERO: False FLAG_LT: 1 FLAG_GT: 0
INPUT_PORT:  []
OUT_PORT:  []
DATA_MEM:  [848, 395]
---------------------------------------
DEBUG    root:machine.py:309 MOD 3
TICK: 41074 PC:   6 ADDR:   0 MEM_OUT: 848 ACC: 848 BUFF: 847 DC: 0 FLAG_ZERO: False FLAG_LT: 1 FLAG_GT: 0
INPUT_PORT:  []
OUT_PORT:  []
DATA_MEM:  [848, 395]
---------------------------------------
DEBUG    root:machine.py:309 CMP 0
TICK: 41078 PC:   7 ADDR:   0 MEM_OUT: 848 ACC: 2 BUFF: 848 DC: 0 FLAG_ZERO: False FLAG_LT: 1 FLAG_GT: 0
INPUT_PORT:  []
OUT_PORT:  []
DATA_MEM:  [848, 395]
---------------------------------------
DEBUG    root:machine.py:309 JE 14
TICK: 41081 PC:   8 ADDR:   0 MEM_OUT: 848 ACC: 2 BUFF: 848 DC: 0 FLAG_ZERO: False FLAG_LT: 0 FLAG_GT: 1
INPUT_PORT:  []
OUT_PORT:  []
DATA_MEM:  [848, 395]
---------------------------------------
DEBUG    root:machine.py:309 LD 0
TICK: 41084 PC:   9 ADDR:   0 MEM_OUT: 848 ACC: 2 BUFF: 848 DC: 0 FLAG_ZERO: False FLAG_LT: 0 FLAG_GT: 1
INPUT_PORT:  []
OUT_PORT:  []
DATA_MEM:  [848, 395]
---------------------------------------
DEBUG    root:machine.py:309 MOD 5
TICK: 41088 PC:  10 ADDR:   0 MEM_OUT: 848 ACC: 848 BUFF: 848 DC: 0 FLAG_ZERO: False FLAG_LT: 0 FLAG_GT: 1
INPUT_PORT:  []
OUT_PORT:  []
DATA_MEM:  [848, 395]
---------------------------------------
DEBUG    root:machine.py:309 CMP 0
TICK: 41092 PC:  11 ADDR:   0 MEM_OUT: 848 ACC: 3 BUFF: 848 DC: 0 FLAG_ZERO: False FLAG_LT: 0 FLAG_GT: 1
INPUT_PORT:  []
OUT_PORT:  []
DATA_MEM:  [848, 395]
---------------------------------------
DEBUG    root:machine.py:309 JE 18
TICK: 41095 PC:  12 ADDR:   0 MEM_OUT: 848 ACC: 3 BUFF: 848 DC: 0 FLAG_ZERO: False FLAG_LT: 0 FLAG_GT: 1
INPUT_PORT:  []
OUT_PORT:  []
DATA_MEM:  [848, 395]
---------------------------------------
DEBUG    root:machine.py:309 JMP 0
TICK: 41098 PC:  13 ADDR:   0 MEM_OUT: 848 ACC: 3 BUFF: 848 DC: 0 FLAG_ZERO: False FLAG_LT: 0 FLAG_GT: 1
INPUT_PORT:  []
OUT_PORT:  []
DATA_MEM:  [848, 395]
---------------------------------------
DEBUG    root:machine.py:309 LD 0
TICK: 41101 PC:   0 ADDR:   0 MEM_OUT: 848 ACC: 3 BUFF: 848 DC: 0 FLAG_ZERO: False FLAG_LT: 0 FLAG_GT: 1
INPUT_PORT:  []
OUT_PORT:  []
DATA_MEM:  [848, 395]
---------------------------------------
DEBUG    root:machine.py:309 INC 
TICK: 41105 PC:   1 ADDR:   0 MEM_OUT: 848 ACC: 848 BUFF: 848 DC: 0 FLAG_ZERO: False FLAG_LT: 0 FLAG_GT: 1
INPUT_PORT:  []
OUT_PORT:  []
DATA_MEM:  [848, 395]
---------------------------------------
DEBUG    root:machine.py:309 ST 0
TICK: 41108 PC:   2 ADDR:   0 MEM_OUT: 848 ACC: 849 BUFF: 848 DC: 0 FLAG_ZERO: False FLAG_LT: 0 FLAG_GT: 1
INPUT_PORT:  []
OUT_PORT:  []
DATA_MEM:  [848, 395]
---------------------------------------
DEBUG    root:machine.py:309 CMP 1000
TICK: 41112 PC:   3 ADDR:   0 MEM_OUT: 849 ACC: 849 BUFF: 848 DC: 0 FLAG_ZERO: False FLAG_LT: 0 FLAG_GT: 1
INPUT_PORT:  []
OUT_PORT:  []
DATA_MEM:  [849, 395]
---------------------------------------
DEBUG    root:machine.py:309 JGE 22
TICK: 41115 PC:   4 ADDR:   0 MEM_OUT: 849 ACC: 849 BUFF: 848 DC: 0 FLAG_ZERO: False FLAG_LT: 1 FLAG_GT: 0
INPUT_PORT:  []
OUT_PORT:  []
DATA_MEM:  [849, 395]
---------------------------------------
DEBUG    root:machine.py:309 LD 0
TICK: 41118 PC:   5 ADDR:   0 MEM_OUT: 849 ACC: 849 BUFF: 848 DC: 0 FLAG_ZERO: False FLAG_LT: 1 FLAG_GT: 0
INPUT_PORT:  []
OUT_PORT:  []
DATA_MEM:  [849, 395]
---------------------------------------
DEBUG    root:machine.py:309 MOD 3
TICK: 41122 PC:   6 ADDR:   0 MEM_OUT: 849 ACC: 849 BUFF: 848 DC: 0 FLAG_ZERO: False FLAG_LT: 1 FLAG_GT: 0
INPUT_PORT:  []
OUT_PORT:  []
DATA_MEM:  [849, 395]
---------------------------------------
DEBUG    root:machine.py:309 CMP 0
TICK: 41126 PC:   7 ADDR:   0 MEM_OUT: 849 ACC: 0 BUFF: 849 DC: 0 FLAG_ZERO: False FLAG_LT: 1 FLAG_GT: 0
INPUT_PORT:  []
OUT_PORT:  []
DATA_MEM:  [849, 395]
---------------------------------------
DEBUG    root:machine.py:309 JE 14
TICK: 41129 PC:   8 ADDR:   0 MEM_OUT: 849 ACC: 0 BUFF: 849 DC: 0 FLAG_ZERO: True FLAG_LT: 0 FLAG_GT: 0
INPUT_PORT:  []
OUT_PORT:  []
DATA_MEM:  [849, 395]
---------------------------------------
DEBUG    root:machine.py:309 LD 4
TICK: 41132 PC:  14 ADDR:   0 MEM_OUT: 849 ACC: 0 BUFF: 849 DC: 0 FLAG_ZERO: True FLAG_LT: 0 FLAG_GT: 0
INPUT_PORT:  []
OUT_PORT:  []
DATA_MEM:  [849, 395]
---------------------------------------
DEBUG    root:machine.py:309 INC 
TICK: 41136 PC:  15 ADDR:   1 MEM_OUT: 395 ACC: 395 BUFF: 849 DC: 0 FLAG_ZERO: True FLAG_LT: 0 FLAG_GT: 0
INPUT_PORT:  []
OUT_PORT:  []
DATA_MEM:  [849, 395]
---------------------------------------
DEBUG    root:machine.py:309 ST 4
TICK: 41139 PC:  16 ADDR:   1 MEM_OUT: 395 ACC: 396 BUFF: 849 DC: 0 FLAG_ZERO: True FLAG_LT: 0 FLAG_GT: 0
INPUT_PORT:  []
OUT_PORT:  []
DATA_MEM:  [849, 395]
---------------------------------------
DEBUG    root:machine.py:309 JMP 0
TICK: 41143 PC:  17 ADDR:   1 MEM_OUT: 396 ACC: 396 BUFF: 849 DC: 0 FLAG_ZERO: True FLAG_LT: 0 FLAG_GT: 0
INPUT_PORT:  []
OUT_PORT:  []
DATA_MEM:  [849, 396]
---------------------------------------
DEBUG    root:machine.py:309 LD 0
TICK: 41146 PC:   0 ADDR:   1 MEM_OUT: 396 ACC: 396 BUFF: 849 DC: 0 FLAG_ZERO: True FLAG_LT: 0 FLAG_GT: 0
INPUT_PORT:  []
OUT_PORT:  []
DATA_MEM:  [849, 396]
---------------------------------------
DEBUG    root:machine.py:309 INC 
TICK: 41150 PC:   1 ADDR:   0 MEM_OUT: 849 ACC: 849 BUFF: 849 DC: 0 FLAG_ZERO: True FLAG_LT: 0 FLAG_GT: 0
INPUT_PORT:  []
OUT_PORT:  []
DATA_MEM:  [849, 396]
---------------------------------------
DEBUG    root:machine.py:309 ST 0
TICK: 41153 PC:   2 ADDR:   0 MEM_OUT: 849 ACC: 850 BUFF: 849 DC: 0 FLAG_ZERO: True FLAG_LT: 0 FLAG_GT: 0
INPUT_PORT:  []
OUT_PORT:  []
DATA_MEM:  [849, 396]
---------------------------------------
DEBUG    root:machine.py:309 CMP 1000
TICK: 41157 PC:   3 ADDR:   0 MEM_OUT: 850 ACC: 850 BUFF: 849 DC: 0 FLAG_ZERO: True FLAG_LT: 0 FLAG_GT: 0
INPUT_PORT:  []
OUT_PORT:  []
DATA_MEM:  [850, 396]
---------------------------------------
DEBUG    root:machine.py:309 JGE 22
TICK: 41160 PC:   4 ADDR:   0 MEM_OUT: 850 ACC: 850 BUFF: 849 DC: 0 FLAG_ZERO: False FLAG_LT: 1 FLAG_GT: 0
INPUT_PORT:  []
OUT_PORT:  []
DATA_MEM:  [850, 396]
---------------------------------------
DEBUG    root:machine.py:309 LD 0
TICK: 41163 PC:   5 ADDR:   0 MEM_OUT: 850 ACC: 850 BUFF: 849 DC: 0 FLAG_ZERO: False FLAG_LT: 1 FLAG_GT: 0
INPUT_PORT:  []
OUT_PORT:  []
DATA_MEM:  [850, 396]
---------------------------------------
DEBUG    root:machine.py:309 MOD 3
TICK: 41167 PC:   6 ADDR:   0 MEM_OUT: 850 ACC: 850 BUFF: 849 DC: 0 FLAG_ZERO: False FLAG_LT: 1 FLAG_GT: 0
INPUT_PORT:  []
OUT_PORT:  []
DATA_MEM:  [850, 396]
---------------------------------------
DEBUG    root:machine.py:309 CMP 0
TICK: 41171 PC:   7 ADDR:   0 MEM_OUT: 850 ACC: 1 BUFF: 850 DC: 0 FLAG_ZERO: False FLAG_LT: 1 FLAG_GT: 0
INPUT_PORT:  []
OUT_PORT:  []
DATA_MEM:  [850, 396]
---------------------------------------
DEBUG    root:machine.py:309 JE 14
TICK: 41174 PC:   8 ADDR:   0 MEM_OUT: 850 ACC: 1 BUFF: 850 DC: 0 FLAG_ZERO: False FLAG_LT: 0 FLAG_GT: 1
INPUT_PORT:  []
OUT_PORT:  []
DATA_MEM:  [850, 396]
---------------------------------------
DEBUG    root:machine.py:309 LD 0
TICK: 41177 PC:   9 ADDR:   0 MEM_OUT: 850 ACC: 1 BUFF: 850 DC: 0 FLAG_ZERO: False FLAG_LT: 0 FLAG_GT: 1
INPUT_PORT:  []
OUT_PORT:  []
DATA_MEM:  [850, 396]
---------------------------------------
DEBUG    root:machine.py:309 MOD 5
TICK: 41181 PC:  10 ADDR:   0 MEM_OUT: 850 ACC: 850 BUFF: 850 DC: 0 FLAG_ZERO: False FLAG_LT: 0 FLAG_GT: 1
INPUT_PORT:  []
OUT_PORT:  []
DATA_MEM:  [850, 396]
---------------------------------------
DEBUG    root:machine.py:309 CMP 0
TICK: 41185 PC:  11 ADDR:   0 MEM_OUT: 850 ACC: 0 BUFF: 850 DC: 0 FLAG_ZERO: False FLAG_LT: 0 FLAG_GT: 1
INPUT_PORT:  []
OUT_PORT:  []
DATA_MEM:  [850, 396]
---------------------------------------
DEBUG    root:machine.py:309 JE 18
TICK: 41188 PC:  12 ADDR:   0 MEM_OUT: 850 ACC: 0 BUFF: 850 DC: 0 FLAG_ZERO: True FLAG_LT: 0 FLAG_GT: 0
INPUT_PORT:  []
OUT_PORT:  []
DATA_MEM:  [850, 396]
---------------------------------------
DEBUG    root:machine.py:309 LD 4
TICK: 41191 PC:  18 ADDR:   0 MEM_OUT: 850 ACC: 0 BUFF: 850 DC: 0 FLAG_ZERO: True FLAG_LT: 0 FLAG_GT: 0
INPUT_PORT:  []
OUT_PORT:  []
DATA_MEM:  [850, 396]
---------------------------------------
DEBUG    root:machine.py:309 INC 
TICK: 41195 PC:  19 ADDR:   1 MEM_OUT: 396 ACC: 396 BUFF: 850 DC: 0 FLAG_ZERO: True FLAG_LT: 0 FLAG_GT: 0
INPUT_PORT:  []
OUT_PORT:  []
DATA_MEM:  [850, 396]
---------------------------------------
DEBUG    root:machine.py:309 ST 4
TICK: 41198 PC:  20 ADDR:   1 MEM_OUT: 396 ACC: 397 BUFF: 850 DC: 0 FLAG_ZERO: True FLAG_LT: 0 FLAG_GT: 0
INPUT_PORT:  []
OUT_PORT:  []
DATA_MEM:  [850, 396]
---------------------------------------
DEBUG    root:machine.py:309 JMP 0
TICK: 41202 PC:  21 ADDR:   1 MEM_OUT: 397 ACC: 397 BUFF: 850 DC: 0 FLAG_ZERO: True FLAG_LT: 0 FLAG_GT: 0
INPUT_PORT:  []
OUT_PORT:  []
DATA_MEM:  [850, 397]
---------------------------------------
DEBUG    root:machine.py:309 LD 0
TICK: 41205 PC:   0 ADDR:   1 MEM_OUT: 397 ACC: 397 BUFF: 850 DC: 0 FLAG_ZERO: True FLAG_LT: 0 FLAG_GT: 0
INPUT_PORT:  []
OUT_PORT:  []
DATA_MEM:  [850, 397]
---------------------------------------
DEBUG    root:machine.py:309 INC 
TICK: 41209 PC:   1 ADDR:   0 MEM_OUT: 850 ACC: 850 BUFF: 850 DC: 0 FLAG_ZERO: True FLAG_LT: 0 FLAG_GT: 0
INPUT_PORT:  []
OUT_PORT:  []
DATA_MEM:  [850, 397]
---------------------------------------
DEBUG    root:machine.py:309 ST 0
TICK: 41212 PC:   2 ADDR:   0 MEM_OUT: 850 ACC: 851 BUFF: 850 DC: 0 FLAG_ZERO: True FLAG_LT: 0 FLAG_GT: 0
INPUT_PORT:  []
OUT_PORT:  []
DATA_MEM:  [850, 397]
---------------------------------------
DEBUG    root:machine.py:309 CMP 1000
TICK: 41216 PC:   3 ADDR:   0 MEM_OUT: 851 ACC: 851 BUFF: 850 DC: 0 FLAG_ZERO: True FLAG_LT: 0 FLAG_GT: 0
INPUT_PORT:  []
OUT_PORT:  []
DATA_MEM:  [851, 397]
---------------------------------------
DEBUG    root:machine.py:309 JGE 22
TICK: 41219 PC:   4 ADDR:   0 MEM_OUT: 851 ACC: 851 BUFF: 850 DC: 0 FLAG_ZERO: False FLAG_LT: 1 FLAG_GT: 0
INPUT_PORT:  []
OUT_PORT:  []
DATA_MEM:  [851, 397]
---------------------------------------
DEBUG    root:machine.py:309 LD 0
TICK: 41222 PC:   5 ADDR:   0 MEM_OUT: 851 ACC: 851 BUFF: 850 DC: 0 FLAG_ZERO: False FLAG_LT: 1 FLAG_GT: 0
INPUT_PORT:  []
OUT_PORT:  []
DATA_MEM:  [851, 397]
---------------------------------------
DEBUG    root:machine.py:309 MOD 3
TICK: 41226 PC:   6 ADDR:   0 MEM_OUT: 851 ACC: 851 BUFF: 850 DC: 0 FLAG_ZERO: False FLAG_LT: 1 FLAG_GT: 0
INPUT_PORT:  []
OUT_PORT:  []
DATA_MEM:  [851, 397]
---------------------------------------
DEBUG    root:machine.py:309 CMP 0
TICK: 41230 PC:   7 ADDR:   0 MEM_OUT: 851 ACC: 2 BUFF: 851 DC: 0 FLAG_ZERO: False FLAG_LT: 1 FLAG_GT: 0
INPUT_PORT:  []
OUT_PORT:  []
DATA_MEM:  [851, 397]
---------------------------------------
DEBUG    root:machine.py:309 JE 14
TICK: 41233 PC:   8 ADDR:   0 MEM_OUT: 851 ACC: 2 BUFF: 851 DC: 0 FLAG_ZERO: False FLAG_LT: 0 FLAG_GT: 1
INPUT_PORT:  []
OUT_PORT:  []
DATA_MEM:  [851, 397]
---------------------------------------
DEBUG    root:machine.py:309 LD 0
TICK: 41236 PC:   9 ADDR:   0 MEM_OUT: 851 ACC: 2 BUFF: 851 DC: 0 FLAG_ZERO: False FLAG_LT: 0 FLAG_GT: 1
INPUT_PORT:  []
OUT_PORT:  []
DATA_MEM:  [851, 397]
---------------------------------------
DEBUG    root:machine.py:309 MOD 5
TICK: 41240 PC:  10 ADDR:   0 MEM_OUT: 851 ACC: 851 BUFF: 851 DC: 0 FLAG_ZERO: False FLAG_LT: 0 FLAG_GT: 1
INPUT_PORT:  []
OUT_PORT:  []
DATA_MEM:  [851, 397]
---------------------------------------
DEBUG    root:machine.py:309 CMP 0
TICK: 41244 PC:  11 ADDR:   0 MEM_OUT: 851 ACC: 1 BUFF: 851 DC: 0 FLAG_ZERO: False FLAG_LT: 0 FLAG_GT: 1
INPUT_PORT:  []
OUT_PORT:  []
DATA_MEM:  [851, 397]
---------------------------------------
DEBUG    root:machine.py:309 JE 18
TICK: 41247 PC:  12 ADDR:   0 MEM_OUT: 851 ACC: 1 BUFF: 851 DC: 0 FLAG_ZERO: False FLAG_LT: 0 FLAG_GT: 1
INPUT_PORT:  []
OUT_PORT:  []
DATA_MEM:  [851, 397]
---------------------------------------
DEBUG    root:machine.py:309 JMP 0
TICK: 41250 PC:  13 ADDR:   0 MEM_OUT: 851 ACC: 1 BUFF: 851 DC: 0 FLAG_ZERO: False FLAG_LT: 0 FLAG_GT: 1
INPUT_PORT:  []
OUT_PORT:  []
DATA_MEM:  [851, 397]
---------------------------------------
DEBUG    root:machine.py:309 LD 0
TICK: 41253 PC:   0 ADDR:   0 MEM_OUT: 851 ACC: 1 BUFF: 851 DC: 0 FLAG_ZERO: False FLAG_LT: 0 FLAG_GT: 1
INPUT_PORT:  []
OUT_PORT:  []
DATA_MEM:  [851, 397]
---------------------------------------
DEBUG    root:machine.py:309 INC 
TICK: 41257 PC:   1 ADDR:   0 MEM_OUT: 851 ACC: 851 BUFF: 851 DC: 0 FLAG_ZERO: False FLAG_LT: 0 FLAG_GT: 1
INPUT_PORT:  []
OUT_PORT:  []
DATA_MEM:  [851, 397]
---------------------------------------
DEBUG    root:machine.py:309 ST 0
TICK: 41260 PC:   2 ADDR:   0 MEM_OUT: 851 ACC: 852 BUFF: 851 DC: 0 FLAG_ZERO: False FLAG_LT: 0 FLAG_GT: 1
INPUT_PORT:  []
OUT_PORT:  []
DATA_MEM:  [851, 397]
---------------------------------------
DEBUG    root:machine.py:309 CMP 1000
TICK: 41264 PC:   3 ADDR:   0 MEM_OUT: 852 ACC: 852 BUFF: 851 DC: 0 FLAG_ZERO: False FLAG_LT: 0 FLAG_GT: 1
INPUT_PORT:  []
OUT_PORT:  []
DATA_MEM:  [852, 397]
---------------------------------------
DEBUG    root:machine.py:309 JGE 22
TICK: 41267 PC:   4 ADDR:   0 MEM_OUT: 852 ACC: 852 BUFF: 851 DC: 0 FLAG_ZERO: False FLAG_LT: 1 FLAG_GT: 0
INPUT_PORT:  []
OUT_PORT:  []
DATA_MEM:  [852, 397]
---------------------------------------
DEBUG    root:machine.py:309 LD 0
TICK: 41270 PC:   5 ADDR:   0 MEM_OUT: 852 ACC: 852 BUFF: 851 DC: 0 FLAG_ZERO: False FLAG_LT: 1 FLAG_GT: 0
INPUT_PORT:  []
OUT_PORT:  []
DATA_MEM:  [852, 397]
---------------------------------------
DEBUG    root:machine.py:309 MOD 3
TICK: 41274 PC:   6 ADDR:   0 MEM_OUT: 852 ACC: 852 BUFF: 851 DC: 0 FLAG_ZERO: False FLAG_LT: 1 FLAG_GT: 0
INPUT_PORT:  []
OUT_PORT:  []
DATA_MEM:  [852, 397]
---------------------------------------
DEBUG    root:machine.py:309 CMP 0
TICK: 41278 PC:   7 ADDR:   0 MEM_OUT: 852 ACC: 0 BUFF: 852 DC: 0 FLAG_ZERO: False FLAG_LT: 1 FLAG_GT: 0
INPUT_PORT:  []
OUT_PORT:  []
DATA_MEM:  [852, 397]
---------------------------------------
DEBUG    root:machine.py:309 JE 14
TICK: 41281 PC:   8 ADDR:   0 MEM_OUT: 852 ACC: 0 BUFF: 852 DC: 0 FLAG_ZERO: True FLAG_LT: 0 FLAG_GT: 0
INPUT_PORT:  []
OUT_PORT:  []
DATA_MEM:  [852, 397]
---------------------------------------
DEBUG    root:machine.py:309 LD 4
TICK: 41284 PC:  14 ADDR:   0 MEM_OUT: 852 ACC: 0 BUFF: 852 DC: 0 FLAG_ZERO: True FLAG_LT: 0 FLAG_GT: 0
INPUT_PORT:  []
OUT_PORT:  []
DATA_MEM:  [852, 397]
---------------------------------------
DEBUG    root:machine.py:309 INC 
TICK: 41288 PC:  15 ADDR:   1 MEM_OUT: 397 ACC: 397 BUFF: 852 DC: 0 FLAG_ZERO: True FLAG_LT: 0 FLAG_GT: 0
INPUT_PORT:  []
OUT_PORT:  []
DATA_MEM:  [852, 397]
---------------------------------------
DEBUG    root:machine.py:309 ST 4
TICK: 41291 PC:  16 ADDR:   1 MEM_OUT: 397 ACC: 398 BUFF: 852 DC: 0 FLAG_ZERO: True FLAG_LT: 0 FLAG_GT: 0
INPUT_PORT:  []
OUT_PORT:  []
DATA_MEM:  [852, 397]
---------------------------------------
DEBUG    root:machine.py:309 JMP 0
TICK: 41295 PC:  17 ADDR:   1 MEM_OUT: 398 ACC: 398 BUFF: 852 DC: 0 FLAG_ZERO: True FLAG_LT: 0 FLAG_GT: 0
INPUT_PORT:  []
OUT_PORT:  []
DATA_MEM:  [852, 398]
---------------------------------------
DEBUG    root:machine.py:309 LD 0
TICK: 41298 PC:   0 ADDR:   1 MEM_OUT: 398 ACC: 398 BUFF: 852 DC: 0 FLAG_ZERO: True FLAG_LT: 0 FLAG_GT: 0
INPUT_PORT:  []
OUT_PORT:  []
DATA_MEM:  [852, 398]
---------------------------------------
DEBUG    root:machine.py:309 INC 
TICK: 41302 PC:   1 ADDR:   0 MEM_OUT: 852 ACC: 852 BUFF: 852 DC: 0 FLAG_ZERO: True FLAG_LT: 0 FLAG_GT: 0
INPUT_PORT:  []
OUT_PORT:  []
DATA_MEM:  [852, 398]
---------------------------------------
DEBUG    root:machine.py:309 ST 0
TICK: 41305 PC:   2 ADDR:   0 MEM_OUT: 852 ACC: 853 BUFF: 852 DC: 0 FLAG_ZERO: True FLAG_LT: 0 FLAG_GT: 0
INPUT_PORT:  []
OUT_PORT:  []
DATA_MEM:  [852, 398]
---------------------------------------
DEBUG    root:machine.py:309 CMP 1000
TICK: 41309 PC:   3 ADDR:   0 MEM_OUT: 853 ACC: 853 BUFF: 852 DC: 0 FLAG_ZERO: True FLAG_LT: 0 FLAG_GT: 0
INPUT_PORT:  []
OUT_PORT:  []
DATA_MEM:  [853, 398]
---------------------------------------
DEBUG    root:machine.py:309 JGE 22
TICK: 41312 PC:   4 ADDR:   0 MEM_OUT: 853 ACC: 853 BUFF: 852 DC: 0 FLAG_ZERO: False FLAG_LT: 1 FLAG_GT: 0
INPUT_PORT:  []
OUT_PORT:  []
DATA_MEM:  [853, 398]
---------------------------------------
DEBUG    root:machine.py:309 LD 0
TICK: 41315 PC:   5 ADDR:   0 MEM_OUT: 853 ACC: 853 BUFF: 852 DC: 0 FLAG_ZERO: False FLAG_LT: 1 FLAG_GT: 0
INPUT_PORT:  []
OUT_PORT:  []
DATA_MEM:  [853, 398]
---------------------------------------
DEBUG    root:machine.py:309 MOD 3
TICK: 41319 PC:   6 ADDR:   0 MEM_OUT: 853 ACC: 853 BUFF: 852 DC: 0 FLAG_ZERO: False FLAG_LT: 1 FLAG_GT: 0
INPUT_PORT:  []
OUT_PORT:  []
DATA_MEM:  [853, 398]
---------------------------------------
DEBUG    root:machine.py:309 CMP 0
TICK: 41323 PC:   7 ADDR:   0 MEM_OUT: 853 ACC: 1 BUFF: 853 DC: 0 FLAG_ZERO: False FLAG_LT: 1 FLAG_GT: 0
INPUT_PORT:  []
OUT_PORT:  []
DATA_MEM:  [853, 398]
---------------------------------------
DEBUG    root:machine.py:309 JE 14
TICK: 41326 PC:   8 ADDR:   0 MEM_OUT: 853 ACC: 1 BUFF: 853 DC: 0 FLAG_ZERO: False FLAG_LT: 0 FLAG_GT: 1
INPUT_PORT:  []
OUT_PORT:  []
DATA_MEM:  [853, 398]
---------------------------------------
DEBUG    root:machine.py:309 LD 0
TICK: 41329 PC:   9 ADDR:   0 MEM_OUT: 853 ACC: 1 BUFF: 853 DC: 0 FLAG_ZERO: False FLAG_LT: 0 FLAG_GT: 1
INPUT_PORT:  []
OUT_PORT:  []
DATA_MEM:  [853, 398]
---------------------------------------
DEBUG    root:machine.py:309 MOD 5
TICK: 41333 PC:  10 ADDR:   0 MEM_OUT: 853 ACC: 853 BUFF: 853 DC: 0 FLAG_ZERO: False FLAG_LT: 0 FLAG_GT: 1
INPUT_PORT:  []
OUT_PORT:  []
DATA_MEM:  [853, 398]
---------------------------------------
DEBUG    root:machine.py:309 CMP 0
TICK: 41337 PC:  11 ADDR:   0 MEM_OUT: 853 ACC: 3 BUFF: 853 DC: 0 FLAG_ZERO: False FLAG_LT: 0 FLAG_GT: 1
INPUT_PORT:  []
OUT_PORT:  []
DATA_MEM:  [853, 398]
---------------------------------------
DEBUG    root:machine.py:309 JE 18
TICK: 41340 PC:  12 ADDR:   0 MEM_OUT: 853 ACC: 3 BUFF: 853 DC: 0 FLAG_ZERO: False FLAG_LT: 0 FLAG_GT: 1
INPUT_PORT:  []
OUT_PORT:  []
DATA_MEM:  [853, 398]
---------------------------------------
DEBUG    root:machine.py:309 JMP 0
TICK: 41343 PC:  13 ADDR:   0 MEM_OUT: 853 ACC: 3 BUFF: 853 DC: 0 FLAG_ZERO: False FLAG_LT: 0 FLAG_GT: 1
INPUT_PORT:  []
OUT_PORT:  []
DATA_MEM:  [853, 398]
---------------------------------------
DEBUG    root:machine.py:309 LD 0
TICK: 41346 PC:   0 ADDR:   0 MEM_OUT: 853 ACC: 3 BUFF: 853 DC: 0 FLAG_ZERO: False FLAG_LT: 0 FLAG_GT: 1
INPUT_PORT:  []
OUT_PORT:  []
DATA_MEM:  [853, 398]
---------------------------------------
DEBUG    root:machine.py:309 INC 
TICK: 41350 PC:   1 ADDR:   0 MEM_OUT: 853 ACC: 853 BUFF: 853 DC: 0 FLAG_ZERO: False FLAG_LT: 0 FLAG_GT: 1
INPUT_PORT:  []
OUT_PORT:  []
DATA_MEM:  [853, 398]
---------------------------------------
DEBUG    root:machine.py:309 ST 0
TICK: 41353 PC:   2 ADDR:   0 MEM_OUT: 853 ACC: 854 BUFF: 853 DC: 0 FLAG_ZERO: False FLAG_LT: 0 FLAG_GT: 1
INPUT_PORT:  []
OUT_PORT:  []
DATA_MEM:  [853, 398]
---------------------------------------
DEBUG    root:machine.py:309 CMP 1000
TICK: 41357 PC:   3 ADDR:   0 MEM_OUT: 854 ACC: 854 BUFF: 853 DC: 0 FLAG_ZERO: False FLAG_LT: 0 FLAG_GT: 1
INPUT_PORT:  []
OUT_PORT:  []
DATA_MEM:  [854, 398]
---------------------------------------
DEBUG    root:machine.py:309 JGE 22
TICK: 41360 PC:   4 ADDR:   0 MEM_OUT: 854 ACC: 854 BUFF: 853 DC: 0 FLAG_ZERO: False FLAG_LT: 1 FLAG_GT: 0
INPUT_PORT:  []
OUT_PORT:  []
DATA_MEM:  [854, 398]
---------------------------------------
DEBUG    root:machine.py:309 LD 0
TICK: 41363 PC:   5 ADDR:   0 MEM_OUT: 854 ACC: 854 BUFF: 853 DC: 0 FLAG_ZERO: False FLAG_LT: 1 FLAG_GT: 0
INPUT_PORT:  []
OUT_PORT:  []
DATA_MEM:  [854, 398]
---------------------------------------
DEBUG    root:machine.py:309 MOD 3
TICK: 41367 PC:   6 ADDR:   0 MEM_OUT: 854 ACC: 854 BUFF: 853 DC: 0 FLAG_ZERO: False FLAG_LT: 1 FLAG_GT: 0
INPUT_PORT:  []
OUT_PORT:  []
DATA_MEM:  [854, 398]
---------------------------------------
DEBUG    root:machine.py:309 CMP 0
TICK: 41371 PC:   7 ADDR:   0 MEM_OUT: 854 ACC: 2 BUFF: 854 DC: 0 FLAG_ZERO: False FLAG_LT: 1 FLAG_GT: 0
INPUT_PORT:  []
OUT_PORT:  []
DATA_MEM:  [854, 398]
---------------------------------------
DEBUG    root:machine.py:309 JE 14
TICK: 41374 PC:   8 ADDR:   0 MEM_OUT: 854 ACC: 2 BUFF: 854 DC: 0 FLAG_ZERO: False FLAG_LT: 0 FLAG_GT: 1
INPUT_PORT:  []
OUT_PORT:  []
DATA_MEM:  [854, 398]
---------------------------------------
DEBUG    root:machine.py:309 LD 0
TICK: 41377 PC:   9 ADDR:   0 MEM_OUT: 854 ACC: 2 BUFF: 854 DC: 0 FLAG_ZERO: False FLAG_LT: 0 FLAG_GT: 1
INPUT_PORT:  []
OUT_PORT:  []
DATA_MEM:  [854, 398]
---------------------------------------
DEBUG    root:machine.py:309 MOD 5
TICK: 41381 PC:  10 ADDR:   0 MEM_OUT: 854 ACC: 854 BUFF: 854 DC: 0 FLAG_ZERO: False FLAG_LT: 0 FLAG_GT: 1
INPUT_PORT:  []
OUT_PORT:  []
DATA_MEM:  [854, 398]
---------------------------------------
DEBUG    root:machine.py:309 CMP 0
TICK: 41385 PC:  11 ADDR:   0 MEM_OUT: 854 ACC: 4 BUFF: 854 DC: 0 FLAG_ZERO: False FLAG_LT: 0 FLAG_GT: 1
INPUT_PORT:  []
OUT_PORT:  []
DATA_MEM:  [854, 398]
---------------------------------------
DEBUG    root:machine.py:309 JE 18
TICK: 41388 PC:  12 ADDR:   0 MEM_OUT: 854 ACC: 4 BUFF: 854 DC: 0 FLAG_ZERO: False FLAG_LT: 0 FLAG_GT: 1
INPUT_PORT:  []
OUT_PORT:  []
DATA_MEM:  [854, 398]
---------------------------------------
DEBUG    root:machine.py:309 JMP 0
TICK: 41391 PC:  13 ADDR:   0 MEM_OUT: 854 ACC: 4 BUFF: 854 DC: 0 FLAG_ZERO: False FLAG_LT: 0 FLAG_GT: 1
INPUT_PORT:  []
OUT_PORT:  []
DATA_MEM:  [854, 398]
---------------------------------------
DEBUG    root:machine.py:309 LD 0
TICK: 41394 PC:   0 ADDR:   0 MEM_OUT: 854 ACC: 4 BUFF: 854 DC: 0 FLAG_ZERO: False FLAG_LT: 0 FLAG_GT: 1
INPUT_PORT:  []
OUT_PORT:  []
DATA_MEM:  [854, 398]
---------------------------------------
DEBUG    root:machine.py:309 INC 
TICK: 41398 PC:   1 ADDR:   0 MEM_OUT: 854 ACC: 854 BUFF: 854 DC: 0 FLAG_ZERO: False FLAG_LT: 0 FLAG_GT: 1
INPUT_PORT:  []
OUT_PORT:  []
DATA_MEM:  [854, 398]
---------------------------------------
DEBUG    root:machine.py:309 ST 0
TICK: 41401 PC:   2 ADDR:   0 MEM_OUT: 854 ACC: 855 BUFF: 854 DC: 0 FLAG_ZERO: False FLAG_LT: 0 FLAG_GT: 1
INPUT_PORT:  []
OUT_PORT:  []
DATA_MEM:  [854, 398]
---------------------------------------
DEBUG    root:machine.py:309 CMP 1000
TICK: 41405 PC:   3 ADDR:   0 MEM_OUT: 855 ACC: 855 BUFF: 854 DC: 0 FLAG_ZERO: False FLAG_LT: 0 FLAG_GT: 1
INPUT_PORT:  []
OUT_PORT:  []
DATA_MEM:  [855, 398]
---------------------------------------
DEBUG    root:machine.py:309 JGE 22
TICK: 41408 PC:   4 ADDR:   0 MEM_OUT: 855 ACC: 855 BUFF: 854 DC: 0 FLAG_ZERO: False FLAG_LT: 1 FLAG_GT: 0
INPUT_PORT:  []
OUT_PORT:  []
DATA_MEM:  [855, 398]
---------------------------------------
DEBUG    root:machine.py:309 LD 0
TICK: 41411 PC:   5 ADDR:   0 MEM_OUT: 855 ACC: 855 BUFF: 854 DC: 0 FLAG_ZERO: False FLAG_LT: 1 FLAG_GT: 0
INPUT_PORT:  []
OUT_PORT:  []
DATA_MEM:  [855, 398]
---------------------------------------
DEBUG    root:machine.py:309 MOD 3
TICK: 41415 PC:   6 ADDR:   0 MEM_OUT: 855 ACC: 855 BUFF: 854 DC: 0 FLAG_ZERO: False FLAG_LT: 1 FLAG_GT: 0
INPUT_PORT:  []
OUT_PORT:  []
DATA_MEM:  [855, 398]
---------------------------------------
DEBUG    root:machine.py:309 CMP 0
TICK: 41419 PC:   7 ADDR:   0 MEM_OUT: 855 ACC: 0 BUFF: 855 DC: 0 FLAG_ZERO: False FLAG_LT: 1 FLAG_GT: 0
INPUT_PORT:  []
OUT_PORT:  []
DATA_MEM:  [855, 398]
---------------------------------------
DEBUG    root:machine.py:309 JE 14
TICK: 41422 PC:   8 ADDR:   0 MEM_OUT: 855 ACC: 0 BUFF: 855 DC: 0 FLAG_ZERO: True FLAG_LT: 0 FLAG_GT: 0
INPUT_PORT:  []
OUT_PORT:  []
DATA_MEM:  [855, 398]
---------------------------------------
DEBUG    root:machine.py:309 LD 4
TICK: 41425 PC:  14 ADDR:   0 MEM_OUT: 855 ACC: 0 BUFF: 855 DC: 0 FLAG_ZERO: True FLAG_LT: 0 FLAG_GT: 0
INPUT_PORT:  []
OUT_PORT:  []
DATA_MEM:  [855, 398]
---------------------------------------
DEBUG    root:machine.py:309 INC 
TICK: 41429 PC:  15 ADDR:   1 MEM_OUT: 398 ACC: 398 BUFF: 855 DC: 0 FLAG_ZERO: True FLAG_LT: 0 FLAG_GT: 0
INPUT_PORT:  []
OUT_PORT:  []
DATA_MEM:  [855, 398]
---------------------------------------
DEBUG    root:machine.py:309 ST 4
TICK: 41432 PC:  16 ADDR:   1 MEM_OUT: 398 ACC: 399 BUFF: 855 DC: 0 FLAG_ZERO: True FLAG_LT: 0 FLAG_GT: 0
INPUT_PORT:  []
OUT_PORT:  []
DATA_MEM:  [855, 398]
---------------------------------------
DEBUG    root:machine.py:309 JMP 0
TICK: 41436 PC:  17 ADDR:   1 MEM_OUT: 399 ACC: 399 BUFF: 855 DC: 0 FLAG_ZERO: True FLAG_LT: 0 FLAG_GT: 0
INPUT_PORT:  []
OUT_PORT:  []
DATA_MEM:  [855, 399]
---------------------------------------
DEBUG    root:machine.py:309 LD 0
TICK: 41439 PC:   0 ADDR:   1 MEM_OUT: 399 ACC: 399 BUFF: 855 DC: 0 FLAG_ZERO: True FLAG_LT: 0 FLAG_GT: 0
INPUT_PORT:  []
OUT_PORT:  []
DATA_MEM:  [855, 399]
---------------------------------------
DEBUG    root:machine.py:309 INC 
TICK: 41443 PC:   1 ADDR:   0 MEM_OUT: 855 ACC: 855 BUFF: 855 DC: 0 FLAG_ZERO: True FLAG_LT: 0 FLAG_GT: 0
INPUT_PORT:  []
OUT_PORT:  []
DATA_MEM:  [855, 399]
---------------------------------------
DEBUG    root:machine.py:309 ST 0
TICK: 41446 PC:   2 ADDR:   0 MEM_OUT: 855 ACC: 856 BUFF: 855 DC: 0 FLAG_ZERO: True FLAG_LT: 0 FLAG_GT: 0
INPUT_PORT:  []
OUT_PORT:  []
DATA_MEM:  [855, 399]
---------------------------------------
DEBUG    root:machine.py:309 CMP 1000
TICK: 41450 PC:   3 ADDR:   0 MEM_OUT: 856 ACC: 856 BUFF: 855 DC: 0 FLAG_ZERO: True FLAG_LT: 0 FLAG_GT: 0
INPUT_PORT:  []
OUT_PORT:  []
DATA_MEM:  [856, 399]
---------------------------------------
DEBUG    root:machine.py:309 JGE 22
TICK: 41453 PC:   4 ADDR:   0 MEM_OUT: 856 ACC: 856 BUFF: 855 DC: 0 FLAG_ZERO: False FLAG_LT: 1 FLAG_GT: 0
INPUT_PORT:  []
OUT_PORT:  []
DATA_MEM:  [856, 399]
---------------------------------------
DEBUG    root:machine.py:309 LD 0
TICK: 41456 PC:   5 ADDR:   0 MEM_OUT: 856 ACC: 856 BUFF: 855 DC: 0 FLAG_ZERO: False FLAG_LT: 1 FLAG_GT: 0
INPUT_PORT:  []
OUT_PORT:  []
DATA_MEM:  [856, 399]
---------------------------------------
DEBUG    root:machine.py:309 MOD 3
TICK: 41460 PC:   6 ADDR:   0 MEM_OUT: 856 ACC: 856 BUFF: 855 DC: 0 FLAG_ZERO: False FLAG_LT: 1 FLAG_GT: 0
INPUT_PORT:  []
OUT_PORT:  []
DATA_MEM:  [856, 399]
---------------------------------------
DEBUG    root:machine.py:309 CMP 0
TICK: 41464 PC:   7 ADDR:   0 MEM_OUT: 856 ACC: 1 BUFF: 856 DC: 0 FLAG_ZERO: False FLAG_LT: 1 FLAG_GT: 0
INPUT_PORT:  []
OUT_PORT:  []
DATA_MEM:  [856, 399]
---------------------------------------
DEBUG    root:machine.py:309 JE 14
TICK: 41467 PC:   8 ADDR:   0 MEM_OUT: 856 ACC: 1 BUFF: 856 DC: 0 FLAG_ZERO: False FLAG_LT: 0 FLAG_GT: 1
INPUT_PORT:  []
OUT_PORT:  []
DATA_MEM:  [856, 399]
---------------------------------------
DEBUG    root:machine.py:309 LD 0
TICK: 41470 PC:   9 ADDR:   0 MEM_OUT: 856 ACC: 1 BUFF: 856 DC: 0 FLAG_ZERO: False FLAG_LT: 0 FLAG_GT: 1
INPUT_PORT:  []
OUT_PORT:  []
DATA_MEM:  [856, 399]
---------------------------------------
DEBUG    root:machine.py:309 MOD 5
TICK: 41474 PC:  10 ADDR:   0 MEM_OUT: 856 ACC: 856 BUFF: 856 DC: 0 FLAG_ZERO: False FLAG_LT: 0 FLAG_GT: 1
INPUT_PORT:  []
OUT_PORT:  []
DATA_MEM:  [856, 399]
---------------------------------------
DEBUG    root:machine.py:309 CMP 0
TICK: 41478 PC:  11 ADDR:   0 MEM_OUT: 856 ACC: 1 BUFF: 856 DC: 0 FLAG_ZERO: False FLAG_LT: 0 FLAG_GT: 1
INPUT_PORT:  []
OUT_PORT:  []
DATA_MEM:  [856, 399]
---------------------------------------
DEBUG    root:machine.py:309 JE 18
TICK: 41481 PC:  12 ADDR:   0 MEM_OUT: 856 ACC: 1 BUFF: 856 DC: 0 FLAG_ZERO: False FLAG_LT: 0 FLAG_GT: 1
INPUT_PORT:  []
OUT_PORT:  []
DATA_MEM:  [856, 399]
---------------------------------------
DEBUG    root:machine.py:309 JMP 0
TICK: 41484 PC:  13 ADDR:   0 MEM_OUT: 856 ACC: 1 BUFF: 856 DC: 0 FLAG_ZERO: False FLAG_LT: 0 FLAG_GT: 1
INPUT_PORT:  []
OUT_PORT:  []
DATA_MEM:  [856, 399]
---------------------------------------
DEBUG    root:machine.py:309 LD 0
TICK: 41487 PC:   0 ADDR:   0 MEM_OUT: 856 ACC: 1 BUFF: 856 DC: 0 FLAG_ZERO: False FLAG_LT: 0 FLAG_GT: 1
INPUT_PORT:  []
OUT_PORT:  []
DATA_MEM:  [856, 399]
---------------------------------------
DEBUG    root:machine.py:309 INC 
TICK: 41491 PC:   1 ADDR:   0 MEM_OUT: 856 ACC: 856 BUFF: 856 DC: 0 FLAG_ZERO: False FLAG_LT: 0 FLAG_GT: 1
INPUT_PORT:  []
OUT_PORT:  []
DATA_MEM:  [856, 399]
---------------------------------------
DEBUG    root:machine.py:309 ST 0
TICK: 41494 PC:   2 ADDR:   0 MEM_OUT: 856 ACC: 857 BUFF: 856 DC: 0 FLAG_ZERO: False FLAG_LT: 0 FLAG_GT: 1
INPUT_PORT:  []
OUT_PORT:  []
DATA_MEM:  [856, 399]
---------------------------------------
DEBUG    root:machine.py:309 CMP 1000
TICK: 41498 PC:   3 ADDR:   0 MEM_OUT: 857 ACC: 857 BUFF: 856 DC: 0 FLAG_ZERO: False FLAG_LT: 0 FLAG_GT: 1
INPUT_PORT:  []
OUT_PORT:  []
DATA_MEM:  [857, 399]
---------------------------------------
DEBUG    root:machine.py:309 JGE 22
TICK: 41501 PC:   4 ADDR:   0 MEM_OUT: 857 ACC: 857 BUFF: 856 DC: 0 FLAG_ZERO: False FLAG_LT: 1 FLAG_GT: 0
INPUT_PORT:  []
OUT_PORT:  []
DATA_MEM:  [857, 399]
---------------------------------------
DEBUG    root:machine.py:309 LD 0
TICK: 41504 PC:   5 ADDR:   0 MEM_OUT: 857 ACC: 857 BUFF: 856 DC: 0 FLAG_ZERO: False FLAG_LT: 1 FLAG_GT: 0
INPUT_PORT:  []
OUT_PORT:  []
DATA_MEM:  [857, 399]
---------------------------------------
DEBUG    root:machine.py:309 MOD 3
TICK: 41508 PC:   6 ADDR:   0 MEM_OUT: 857 ACC: 857 BUFF: 856 DC: 0 FLAG_ZERO: False FLAG_LT: 1 FLAG_GT: 0
INPUT_PORT:  []
OUT_PORT:  []
DATA_MEM:  [857, 399]
---------------------------------------
DEBUG    root:machine.py:309 CMP 0
TICK: 41512 PC:   7 ADDR:   0 MEM_OUT: 857 ACC: 2 BUFF: 857 DC: 0 FLAG_ZERO: False FLAG_LT: 1 FLAG_GT: 0
INPUT_PORT:  []
OUT_PORT:  []
DATA_MEM:  [857, 399]
---------------------------------------
DEBUG    root:machine.py:309 JE 14
TICK: 41515 PC:   8 ADDR:   0 MEM_OUT: 857 ACC: 2 BUFF: 857 DC: 0 FLAG_ZERO: False FLAG_LT: 0 FLAG_GT: 1
INPUT_PORT:  []
OUT_PORT:  []
DATA_MEM:  [857, 399]
---------------------------------------
DEBUG    root:machine.py:309 LD 0
TICK: 41518 PC:   9 ADDR:   0 MEM_OUT: 857 ACC: 2 BUFF: 857 DC: 0 FLAG_ZERO: False FLAG_LT: 0 FLAG_GT: 1
INPUT_PORT:  []
OUT_PORT:  []
DATA_MEM:  [857, 399]
---------------------------------------
DEBUG    root:machine.py:309 MOD 5
TICK: 41522 PC:  10 ADDR:   0 MEM_OUT: 857 ACC: 857 BUFF: 857 DC: 0 FLAG_ZERO: False FLAG_LT: 0 FLAG_GT: 1
INPUT_PORT:  []
OUT_PORT:  []
DATA_MEM:  [857, 399]
---------------------------------------
DEBUG    root:machine.py:309 CMP 0
TICK: 41526 PC:  11 ADDR:   0 MEM_OUT: 857 ACC: 2 BUFF: 857 DC: 0 FLAG_ZERO: False FLAG_LT: 0 FLAG_GT: 1
INPUT_PORT:  []
OUT_PORT:  []
DATA_MEM:  [857, 399]
---------------------------------------
DEBUG    root:machine.py:309 JE 18
TICK: 41529 PC:  12 ADDR:   0 MEM_OUT: 857 ACC: 2 BUFF: 857 DC: 0 FLAG_ZERO: False FLAG_LT: 0 FLAG_GT: 1
INPUT_PORT:  []
OUT_PORT:  []
DATA_MEM:  [857, 399]
---------------------------------------
DEBUG    root:machine.py:309 JMP 0
TICK: 41532 PC:  13 ADDR:   0 MEM_OUT: 857 ACC: 2 BUFF: 857 DC: 0 FLAG_ZERO: False FLAG_LT: 0 FLAG_GT: 1
INPUT_PORT:  []
OUT_PORT:  []
DATA_MEM:  [857, 399]
---------------------------------------
DEBUG    root:machine.py:309 LD 0
TICK: 41535 PC:   0 ADDR:   0 MEM_OUT: 857 ACC: 2 BUFF: 857 DC: 0 FLAG_ZERO: False FLAG_LT: 0 FLAG_GT: 1
INPUT_PORT:  []
OUT_PORT:  []
DATA_MEM:  [857, 399]
---------------------------------------
DEBUG    root:machine.py:309 INC 
TICK: 41539 PC:   1 ADDR:   0 MEM_OUT: 857 ACC: 857 BUFF: 857 DC: 0 FLAG_ZERO: False FLAG_LT: 0 FLAG_GT: 1
INPUT_PORT:  []
OUT_PORT:  []
DATA_MEM:  [857, 399]
---------------------------------------
DEBUG    root:machine.py:309 ST 0
TICK: 41542 PC:   2 ADDR:   0 MEM_OUT: 857 ACC: 858 BUFF: 857 DC: 0 FLAG_ZERO: False FLAG_LT: 0 FLAG_GT: 1
INPUT_PORT:  []
OUT_PORT:  []
DATA_MEM:  [857, 399]
---------------------------------------
DEBUG    root:machine.py:309 CMP 1000
TICK: 41546 PC:   3 ADDR:   0 MEM_OUT: 858 ACC: 858 BUFF: 857 DC: 0 FLAG_ZERO: False FLAG_LT: 0 FLAG_GT: 1
INPUT_PORT:  []
OUT_PORT:  []
DATA_MEM:  [858, 399]
---------------------------------------
DEBUG    root:machine.py:309 JGE 22
TICK: 41549 PC:   4 ADDR:   0 MEM_OUT: 858 ACC: 858 BUFF: 857 DC: 0 FLAG_ZERO: False FLAG_LT: 1 FLAG_GT: 0
INPUT_PORT:  []
OUT_PORT:  []
DATA_MEM:  [858, 399]
---------------------------------------
DEBUG    root:machine.py:309 LD 0
TICK: 41552 PC:   5 ADDR:   0 MEM_OUT: 858 ACC: 858 BUFF: 857 DC: 0 FLAG_ZERO: False FLAG_LT: 1 FLAG_GT: 0
INPUT_PORT:  []
OUT_PORT:  []
DATA_MEM:  [858, 399]
---------------------------------------
DEBUG    root:machine.py:309 MOD 3
TICK: 41556 PC:   6 ADDR:   0 MEM_OUT: 858 ACC: 858 BUFF: 857 DC: 0 FLAG_ZERO: False FLAG_LT: 1 FLAG_GT: 0
INPUT_PORT:  []
OUT_PORT:  []
DATA_MEM:  [858, 399]
---------------------------------------
DEBUG    root:machine.py:309 CMP 0
TICK: 41560 PC:   7 ADDR:   0 MEM_OUT: 858 ACC: 0 BUFF: 858 DC: 0 FLAG_ZERO: False FLAG_LT: 1 FLAG_GT: 0
INPUT_PORT:  []
OUT_PORT:  []
DATA_MEM:  [858, 399]
---------------------------------------
DEBUG    root:machine.py:309 JE 14
TICK: 41563 PC:   8 ADDR:   0 MEM_OUT: 858 ACC: 0 BUFF: 858 DC: 0 FLAG_ZERO: True FLAG_LT: 0 FLAG_GT: 0
INPUT_PORT:  []
OUT_PORT:  []
DATA_MEM:  [858, 399]
---------------------------------------
DEBUG    root:machine.py:309 LD 4
TICK: 41566 PC:  14 ADDR:   0 MEM_OUT: 858 ACC: 0 BUFF: 858 DC: 0 FLAG_ZERO: True FLAG_LT: 0 FLAG_GT: 0
INPUT_PORT:  []
OUT_PORT:  []
DATA_MEM:  [858, 399]
---------------------------------------
DEBUG    root:machine.py:309 INC 
TICK: 41570 PC:  15 ADDR:   1 MEM_OUT: 399 ACC: 399 BUFF: 858 DC: 0 FLAG_ZERO: True FLAG_LT: 0 FLAG_GT: 0
INPUT_PORT:  []
OUT_PORT:  []
DATA_MEM:  [858, 399]
---------------------------------------
DEBUG    root:machine.py:309 ST 4
TICK: 41573 PC:  16 ADDR:   1 MEM_OUT: 399 ACC: 400 BUFF: 858 DC: 0 FLAG_ZERO: True FLAG_LT: 0 FLAG_GT: 0
INPUT_PORT:  []
OUT_PORT:  []
DATA_MEM:  [858, 399]
---------------------------------------
DEBUG    root:machine.py:309 JMP 0
TICK: 41577 PC:  17 ADDR:   1 MEM_OUT: 400 ACC: 400 BUFF: 858 DC: 0 FLAG_ZERO: True FLAG_LT: 0 FLAG_GT: 0
INPUT_PORT:  []
OUT_PORT:  []
DATA_MEM:  [858, 400]
---------------------------------------
DEBUG    root:machine.py:309 LD 0
TICK: 41580 PC:   0 ADDR:   1 MEM_OUT: 400 ACC: 400 BUFF: 858 DC: 0 FLAG_ZERO: True FLAG_LT: 0 FLAG_GT: 0
INPUT_PORT:  []
OUT_PORT:  []
DATA_MEM:  [858, 400]
---------------------------------------
DEBUG    root:machine.py:309 INC 
TICK: 41584 PC:   1 ADDR:   0 MEM_OUT: 858 ACC: 858 BUFF: 858 DC: 0 FLAG_ZERO: True FLAG_LT: 0 FLAG_GT: 0
INPUT_PORT:  []
OUT_PORT:  []
DATA_MEM:  [858, 400]
---------------------------------------
DEBUG    root:machine.py:309 ST 0
TICK: 41587 PC:   2 ADDR:   0 MEM_OUT: 858 ACC: 859 BUFF: 858 DC: 0 FLAG_ZERO: True FLAG_LT: 0 FLAG_GT: 0
INPUT_PORT:  []
OUT_PORT:  []
DATA_MEM:  [858, 400]
---------------------------------------
DEBUG    root:machine.py:309 CMP 1000
TICK: 41591 PC:   3 ADDR:   0 MEM_OUT: 859 ACC: 859 BUFF: 858 DC: 0 FLAG_ZERO: True FLAG_LT: 0 FLAG_GT: 0
INPUT_PORT:  []
OUT_PORT:  []
DATA_MEM:  [859, 400]
---------------------------------------
DEBUG    root:machine.py:309 JGE 22
TICK: 41594 PC:   4 ADDR:   0 MEM_OUT: 859 ACC: 859 BUFF: 858 DC: 0 FLAG_ZERO: False FLAG_LT: 1 FLAG_GT: 0
INPUT_PORT:  []
OUT_PORT:  []
DATA_MEM:  [859, 400]
---------------------------------------
DEBUG    root:machine.py:309 LD 0
TICK: 41597 PC:   5 ADDR:   0 MEM_OUT: 859 ACC: 859 BUFF: 858 DC: 0 FLAG_ZERO: False FLAG_LT: 1 FLAG_GT: 0
INPUT_PORT:  []
OUT_PORT:  []
DATA_MEM:  [859, 400]
---------------------------------------
DEBUG    root:machine.py:309 MOD 3
TICK: 41601 PC:   6 ADDR:   0 MEM_OUT: 859 ACC: 859 BUFF: 858 DC: 0 FLAG_ZERO: False FLAG_LT: 1 FLAG_GT: 0
INPUT_PORT:  []
OUT_PORT:  []
DATA_MEM:  [859, 400]
---------------------------------------
DEBUG    root:machine.py:309 CMP 0
TICK: 41605 PC:   7 ADDR:   0 MEM_OUT: 859 ACC: 1 BUFF: 859 DC: 0 FLAG_ZERO: False FLAG_LT: 1 FLAG_GT: 0
INPUT_PORT:  []
OUT_PORT:  []
DATA_MEM:  [859, 400]
---------------------------------------
DEBUG    root:machine.py:309 JE 14
TICK: 41608 PC:   8 ADDR:   0 MEM_OUT: 859 ACC: 1 BUFF: 859 DC: 0 FLAG_ZERO: False FLAG_LT: 0 FLAG_GT: 1
INPUT_PORT:  []
OUT_PORT:  []
DATA_MEM:  [859, 400]
---------------------------------------
DEBUG    root:machine.py:309 LD 0
TICK: 41611 PC:   9 ADDR:   0 MEM_OUT: 859 ACC: 1 BUFF: 859 DC: 0 FLAG_ZERO: False FLAG_LT: 0 FLAG_GT: 1
INPUT_PORT:  []
OUT_PORT:  []
DATA_MEM:  [859, 400]
---------------------------------------
DEBUG    root:machine.py:309 MOD 5
TICK: 41615 PC:  10 ADDR:   0 MEM_OUT: 859 ACC: 859 BUFF: 859 DC: 0 FLAG_ZERO: False FLAG_LT: 0 FLAG_GT: 1
INPUT_PORT:  []
OUT_PORT:  []
DATA_MEM:  [859, 400]
---------------------------------------
DEBUG    root:machine.py:309 CMP 0
TICK: 41619 PC:  11 ADDR:   0 MEM_OUT: 859 ACC: 4 BUFF: 859 DC: 0 FLAG_ZERO: False FLAG_LT: 0 FLAG_GT: 1
INPUT_PORT:  []
OUT_PORT:  []
DATA_MEM:  [859, 400]
---------------------------------------
DEBUG    root:machine.py:309 JE 18
TICK: 41622 PC:  12 ADDR:   0 MEM_OUT: 859 ACC: 4 BUFF: 859 DC: 0 FLAG_ZERO: False FLAG_LT: 0 FLAG_GT: 1
INPUT_PORT:  []
OUT_PORT:  []
DATA_MEM:  [859, 400]
---------------------------------------
DEBUG    root:machine.py:309 JMP 0
TICK: 41625 PC:  13 ADDR:   0 MEM_OUT: 859 ACC: 4 BUFF: 859 DC: 0 FLAG_ZERO: False FLAG_LT: 0 FLAG_GT: 1
INPUT_PORT:  []
OUT_PORT:  []
DATA_MEM:  [859, 400]
---------------------------------------
DEBUG    root:machine.py:309 LD 0
TICK: 41628 PC:   0 ADDR:   0 MEM_OUT: 859 ACC: 4 BUFF: 859 DC: 0 FLAG_ZERO: False FLAG_LT: 0 FLAG_GT: 1
INPUT_PORT:  []
OUT_PORT:  []
DATA_MEM:  [859, 400]
---------------------------------------
DEBUG    root:machine.py:309 INC 
TICK: 41632 PC:   1 ADDR:   0 MEM_OUT: 859 ACC: 859 BUFF: 859 DC: 0 FLAG_ZERO: False FLAG_LT: 0 FLAG_GT: 1
INPUT_PORT:  []
OUT_PORT:  []
DATA_MEM:  [859, 400]
---------------------------------------
DEBUG    root:machine.py:309 ST 0
TICK: 41635 PC:   2 ADDR:   0 MEM_OUT: 859 ACC: 860 BUFF: 859 DC: 0 FLAG_ZERO: False FLAG_LT: 0 FLAG_GT: 1
INPUT_PORT:  []
OUT_PORT:  []
DATA_MEM:  [859, 400]
---------------------------------------
DEBUG    root:machine.py:309 CMP 1000
TICK: 41639 PC:   3 ADDR:   0 MEM_OUT: 860 ACC: 860 BUFF: 859 DC: 0 FLAG_ZERO: False FLAG_LT: 0 FLAG_GT: 1
INPUT_PORT:  []
OUT_PORT:  []
DATA_MEM:  [860, 400]
---------------------------------------
DEBUG    root:machine.py:309 JGE 22
TICK: 41642 PC:   4 ADDR:   0 MEM_OUT: 860 ACC: 860 BUFF: 859 DC: 0 FLAG_ZERO: False FLAG_LT: 1 FLAG_GT: 0
INPUT_PORT:  []
OUT_PORT:  []
DATA_MEM:  [860, 400]
---------------------------------------
DEBUG    root:machine.py:309 LD 0
TICK: 41645 PC:   5 ADDR:   0 MEM_OUT: 860 ACC: 860 BUFF: 859 DC: 0 FLAG_ZERO: False FLAG_LT: 1 FLAG_GT: 0
INPUT_PORT:  []
OUT_PORT:  []
DATA_MEM:  [860, 400]
---------------------------------------
DEBUG    root:machine.py:309 MOD 3
TICK: 41649 PC:   6 ADDR:   0 MEM_OUT: 860 ACC: 860 BUFF: 859 DC: 0 FLAG_ZERO: False FLAG_LT: 1 FLAG_GT: 0
INPUT_PORT:  []
OUT_PORT:  []
DATA_MEM:  [860, 400]
---------------------------------------
DEBUG    root:machine.py:309 CMP 0
TICK: 41653 PC:   7 ADDR:   0 MEM_OUT: 860 ACC: 2 BUFF: 860 DC: 0 FLAG_ZERO: False FLAG_LT: 1 FLAG_GT: 0
INPUT_PORT:  []
OUT_PORT:  []
DATA_MEM:  [860, 400]
---------------------------------------
DEBUG    root:machine.py:309 JE 14
TICK: 41656 PC:   8 ADDR:   0 MEM_OUT: 860 ACC: 2 BUFF: 860 DC: 0 FLAG_ZERO: False FLAG_LT: 0 FLAG_GT: 1
INPUT_PORT:  []
OUT_PORT:  []
DATA_MEM:  [860, 400]
---------------------------------------
DEBUG    root:machine.py:309 LD 0
TICK: 41659 PC:   9 ADDR:   0 MEM_OUT: 860 ACC: 2 BUFF: 860 DC: 0 FLAG_ZERO: False FLAG_LT: 0 FLAG_GT: 1
INPUT_PORT:  []
OUT_PORT:  []
DATA_MEM:  [860, 400]
---------------------------------------
DEBUG    root:machine.py:309 MOD 5
TICK: 41663 PC:  10 ADDR:   0 MEM_OUT: 860 ACC: 860 BUFF: 860 DC: 0 FLAG_ZERO: False FLAG_LT: 0 FLAG_GT: 1
INPUT_PORT:  []
OUT_PORT:  []
DATA_MEM:  [860, 400]
---------------------------------------
DEBUG    root:machine.py:309 CMP 0
TICK: 41667 PC:  11 ADDR:   0 MEM_OUT: 860 ACC: 0 BUFF: 860 DC: 0 FLAG_ZERO: False FLAG_LT: 0 FLAG_GT: 1
INPUT_PORT:  []
OUT_PORT:  []
DATA_MEM:  [860, 400]
---------------------------------------
DEBUG    root:machine.py:309 JE 18
TICK: 41670 PC:  12 ADDR:   0 MEM_OUT: 860 ACC: 0 BUFF: 860 DC: 0 FLAG_ZERO: True FLAG_LT: 0 FLAG_GT: 0
INPUT_PORT:  []
OUT_PORT:  []
DATA_MEM:  [860, 400]
---------------------------------------
DEBUG    root:machine.py:309 LD 4
TICK: 41673 PC:  18 ADDR:   0 MEM_OUT: 860 ACC: 0 BUFF: 860 DC: 0 FLAG_ZERO: True FLAG_LT: 0 FLAG_GT: 0
INPUT_PORT:  []
OUT_PORT:  []
DATA_MEM:  [860, 400]
---------------------------------------
DEBUG    root:machine.py:309 INC 
TICK: 41677 PC:  19 ADDR:   1 MEM_OUT: 400 ACC: 400 BUFF: 860 DC: 0 FLAG_ZERO: True FLAG_LT: 0 FLAG_GT: 0
INPUT_PORT:  []
OUT_PORT:  []
DATA_MEM:  [860, 400]
---------------------------------------
DEBUG    root:machine.py:309 ST 4
TICK: 41680 PC:  20 ADDR:   1 MEM_OUT: 400 ACC: 401 BUFF: 860 DC: 0 FLAG_ZERO: True FLAG_LT: 0 FLAG_GT: 0
INPUT_PORT:  []
OUT_PORT:  []
DATA_MEM:  [860, 400]
---------------------------------------
DEBUG    root:machine.py:309 JMP 0
TICK: 41684 PC:  21 ADDR:   1 MEM_OUT: 401 ACC: 401 BUFF: 860 DC: 0 FLAG_ZERO: True FLAG_LT: 0 FLAG_GT: 0
INPUT_PORT:  []
OUT_PORT:  []
DATA_MEM:  [860, 401]
---------------------------------------
DEBUG    root:machine.py:309 LD 0
TICK: 41687 PC:   0 ADDR:   1 MEM_OUT: 401 ACC: 401 BUFF: 860 DC: 0 FLAG_ZERO: True FLAG_LT: 0 FLAG_GT: 0
INPUT_PORT:  []
OUT_PORT:  []
DATA_MEM:  [860, 401]
---------------------------------------
DEBUG    root:machine.py:309 INC 
TICK: 41691 PC:   1 ADDR:   0 MEM_OUT: 860 ACC: 860 BUFF: 860 DC: 0 FLAG_ZERO: True FLAG_LT: 0 FLAG_GT: 0
INPUT_PORT:  []
OUT_PORT:  []
DATA_MEM:  [860, 401]
---------------------------------------
DEBUG    root:machine.py:309 ST 0
TICK: 41694 PC:   2 ADDR:   0 MEM_OUT: 860 ACC: 861 BUFF: 860 DC: 0 FLAG_ZERO: True FLAG_LT: 0 FLAG_GT: 0
INPUT_PORT:  []
OUT_PORT:  []
DATA_MEM:  [860, 401]
---------------------------------------
DEBUG    root:machine.py:309 CMP 1000
TICK: 41698 PC:   3 ADDR:   0 MEM_OUT: 861 ACC: 861 BUFF: 860 DC: 0 FLAG_ZERO: True FLAG_LT: 0 FLAG_GT: 0
INPUT_PORT:  []
OUT_PORT:  []
DATA_MEM:  [861, 401]
---------------------------------------
DEBUG    root:machine.py:309 JGE 22
TICK: 41701 PC:   4 ADDR:   0 MEM_OUT: 861 ACC: 861 BUFF: 860 DC: 0 FLAG_ZERO: False FLAG_LT: 1 FLAG_GT: 0
INPUT_PORT:  []
OUT_PORT:  []
DATA_MEM:  [861, 401]
---------------------------------------
DEBUG    root:machine.py:309 LD 0
TICK: 41704 PC:   5 ADDR:   0 MEM_OUT: 861 ACC: 861 BUFF: 860 DC: 0 FLAG_ZERO: False FLAG_LT: 1 FLAG_GT: 0
INPUT_PORT:  []
OUT_PORT:  []
DATA_MEM:  [861, 401]
---------------------------------------
DEBUG    root:machine.py:309 MOD 3
TICK: 41708 PC:   6 ADDR:   0 MEM_OUT: 861 ACC: 861 BUFF: 860 DC: 0 FLAG_ZERO: False FLAG_LT: 1 FLAG_GT: 0
INPUT_PORT:  []
OUT_PORT:  []
DATA_MEM:  [861, 401]
---------------------------------------
DEBUG    root:machine.py:309 CMP 0
TICK: 41712 PC:   7 ADDR:   0 MEM_OUT: 861 ACC: 0 BUFF: 861 DC: 0 FLAG_ZERO: False FLAG_LT: 1 FLAG_GT: 0
INPUT_PORT:  []
OUT_PORT:  []
DATA_MEM:  [861, 401]
---------------------------------------
DEBUG    root:machine.py:309 JE 14
TICK: 41715 PC:   8 ADDR:   0 MEM_OUT: 861 ACC: 0 BUFF: 861 DC: 0 FLAG_ZERO: True FLAG_LT: 0 FLAG_GT: 0
INPUT_PORT:  []
OUT_PORT:  []
DATA_MEM:  [861, 401]
---------------------------------------
DEBUG    root:machine.py:309 LD 4
TICK: 41718 PC:  14 ADDR:   0 MEM_OUT: 861 ACC: 0 BUFF: 861 DC: 0 FLAG_ZERO: True FLAG_LT: 0 FLAG_GT: 0
INPUT_PORT:  []
OUT_PORT:  []
DATA_MEM:  [861, 401]
---------------------------------------
DEBUG    root:machine.py:309 INC 
TICK: 41722 PC:  15 ADDR:   1 MEM_OUT: 401 ACC: 401 BUFF: 861 DC: 0 FLAG_ZERO: True FLAG_LT: 0 FLAG_GT: 0
INPUT_PORT:  []
OUT_PORT:  []
DATA_MEM:  [861, 401]
---------------------------------------
DEBUG    root:machine.py:309 ST 4
TICK: 41725 PC:  16 ADDR:   1 MEM_OUT: 401 ACC: 402 BUFF: 861 DC: 0 FLAG_ZERO: True FLAG_LT: 0 FLAG_GT: 0
INPUT_PORT:  []
OUT_PORT:  []
DATA_MEM:  [861, 401]
---------------------------------------
DEBUG    root:machine.py:309 JMP 0
TICK: 41729 PC:  17 ADDR:   1 MEM_OUT: 402 ACC: 402 BUFF: 861 DC: 0 FLAG_ZERO: True FLAG_LT: 0 FLAG_GT: 0
INPUT_PORT:  []
OUT_PORT:  []
DATA_MEM:  [861, 402]
---------------------------------------
DEBUG    root:machine.py:309 LD 0
TICK: 41732 PC:   0 ADDR:   1 MEM_OUT: 402 ACC: 402 BUFF: 861 DC: 0 FLAG_ZERO: True FLAG_LT: 0 FLAG_GT: 0
INPUT_PORT:  []
OUT_PORT:  []
DATA_MEM:  [861, 402]
---------------------------------------
DEBUG    root:machine.py:309 INC 
TICK: 41736 PC:   1 ADDR:   0 MEM_OUT: 861 ACC: 861 BUFF: 861 DC: 0 FLAG_ZERO: True FLAG_LT: 0 FLAG_GT: 0
INPUT_PORT:  []
OUT_PORT:  []
DATA_MEM:  [861, 402]
---------------------------------------
DEBUG    root:machine.py:309 ST 0
TICK: 41739 PC:   2 ADDR:   0 MEM_OUT: 861 ACC: 862 BUFF: 861 DC: 0 FLAG_ZERO: True FLAG_LT: 0 FLAG_GT: 0
INPUT_PORT:  []
OUT_PORT:  []
DATA_MEM:  [861, 402]
---------------------------------------
DEBUG    root:machine.py:309 CMP 1000
TICK: 41743 PC:   3 ADDR:   0 MEM_OUT: 862 ACC: 862 BUFF: 861 DC: 0 FLAG_ZERO: True FLAG_LT: 0 FLAG_GT: 0
INPUT_PORT:  []
OUT_PORT:  []
DATA_MEM:  [862, 402]
---------------------------------------
DEBUG    root:machine.py:309 JGE 22
TICK: 41746 PC:   4 ADDR:   0 MEM_OUT: 862 ACC: 862 BUFF: 861 DC: 0 FLAG_ZERO: False FLAG_LT: 1 FLAG_GT: 0
INPUT_PORT:  []
OUT_PORT:  []
DATA_MEM:  [862, 402]
---------------------------------------
DEBUG    root:machine.py:309 LD 0
TICK: 41749 PC:   5 ADDR:   0 MEM_OUT: 862 ACC: 862 BUFF: 861 DC: 0 FLAG_ZERO: False FLAG_LT: 1 FLAG_GT: 0
INPUT_PORT:  []
OUT_PORT:  []
DATA_MEM:  [862, 402]
---------------------------------------
DEBUG    root:machine.py:309 MOD 3
TICK: 41753 PC:   6 ADDR:   0 MEM_OUT: 862 ACC: 862 BUFF: 861 DC: 0 FLAG_ZERO: False FLAG_LT: 1 FLAG_GT: 0
INPUT_PORT:  []
OUT_PORT:  []
DATA_MEM:  [862, 402]
---------------------------------------
DEBUG    root:machine.py:309 CMP 0
TICK: 41757 PC:   7 ADDR:   0 MEM_OUT: 862 ACC: 1 BUFF: 862 DC: 0 FLAG_ZERO: False FLAG_LT: 1 FLAG_GT: 0
INPUT_PORT:  []
OUT_PORT:  []
DATA_MEM:  [862, 402]
---------------------------------------
DEBUG    root:machine.py:309 JE 14
TICK: 41760 PC:   8 ADDR:   0 MEM_OUT: 862 ACC: 1 BUFF: 862 DC: 0 FLAG_ZERO: False FLAG_LT: 0 FLAG_GT: 1
INPUT_PORT:  []
OUT_PORT:  []
DATA_MEM:  [862, 402]
---------------------------------------
DEBUG    root:machine.py:309 LD 0
TICK: 41763 PC:   9 ADDR:   0 MEM_OUT: 862 ACC: 1 BUFF: 862 DC: 0 FLAG_ZERO: False FLAG_LT: 0 FLAG_GT: 1
INPUT_PORT:  []
OUT_PORT:  []
DATA_MEM:  [862, 402]
---------------------------------------
DEBUG    root:machine.py:309 MOD 5
TICK: 41767 PC:  10 ADDR:   0 MEM_OUT: 862 ACC: 862 BUFF: 862 DC: 0 FLAG_ZERO: False FLAG_LT: 0 FLAG_GT: 1
INPUT_PORT:  []
OUT_PORT:  []
DATA_MEM:  [862, 402]
---------------------------------------
DEBUG    root:machine.py:309 CMP 0
TICK: 41771 PC:  11 ADDR:   0 MEM_OUT: 862 ACC: 2 BUFF: 862 DC: 0 FLAG_ZERO: False FLAG_LT: 0 FLAG_GT: 1
INPUT_PORT:  []
OUT_PORT:  []
DATA_MEM:  [862, 402]
---------------------------------------
DEBUG    root:machine.py:309 JE 18
TICK: 41774 PC:  12 ADDR:   0 MEM_OUT: 862 ACC: 2 BUFF: 862 DC: 0 FLAG_ZERO: False FLAG_LT: 0 FLAG_GT: 1
INPUT_PORT:  []
OUT_PORT:  []
DATA_MEM:  [862, 402]
---------------------------------------
DEBUG    root:machine.py:309 JMP 0
TICK: 41777 PC:  13 ADDR:   0 MEM_OUT: 862 ACC: 2 BUFF: 862 DC: 0 FLAG_ZERO: False FLAG_LT: 0 FLAG_GT: 1
INPUT_PORT:  []
OUT_PORT:  []
DATA_MEM:  [862, 402]
---------------------------------------
DEBUG    root:machine.py:309 LD 0
TICK: 41780 PC:   0 ADDR:   0 MEM_OUT: 862 ACC: 2 BUFF: 862 DC: 0 FLAG_ZERO: False FLAG_LT: 0 FLAG_GT: 1
INPUT_PORT:  []
OUT_PORT:  []
DATA_MEM:  [862, 402]
---------------------------------------
DEBUG    root:machine.py:309 INC 
TICK: 41784 PC:   1 ADDR:   0 MEM_OUT: 862 ACC: 862 BUFF: 862 DC: 0 FLAG_ZERO: False FLAG_LT: 0 FLAG_GT: 1
INPUT_PORT:  []
OUT_PORT:  []
DATA_MEM:  [862, 402]
---------------------------------------
DEBUG    root:machine.py:309 ST 0
TICK: 41787 PC:   2 ADDR:   0 MEM_OUT: 862 ACC: 863 BUFF: 862 DC: 0 FLAG_ZERO: False FLAG_LT: 0 FLAG_GT: 1
INPUT_PORT:  []
OUT_PORT:  []
DATA_MEM:  [862, 402]
---------------------------------------
DEBUG    root:machine.py:309 CMP 1000
TICK: 41791 PC:   3 ADDR:   0 MEM_OUT: 863 ACC: 863 BUFF: 862 DC: 0 FLAG_ZERO: False FLAG_LT: 0 FLAG_GT: 1
INPUT_PORT:  []
OUT_PORT:  []
DATA_MEM:  [863, 402]
---------------------------------------
DEBUG    root:machine.py:309 JGE 22
TICK: 41794 PC:   4 ADDR:   0 MEM_OUT: 863 ACC: 863 BUFF: 862 DC: 0 FLAG_ZERO: False FLAG_LT: 1 FLAG_GT: 0
INPUT_PORT:  []
OUT_PORT:  []
DATA_MEM:  [863, 402]
---------------------------------------
DEBUG    root:machine.py:309 LD 0
TICK: 41797 PC:   5 ADDR:   0 MEM_OUT: 863 ACC: 863 BUFF: 862 DC: 0 FLAG_ZERO: False FLAG_LT: 1 FLAG_GT: 0
INPUT_PORT:  []
OUT_PORT:  []
DATA_MEM:  [863, 402]
---------------------------------------
DEBUG    root:machine.py:309 MOD 3
TICK: 41801 PC:   6 ADDR:   0 MEM_OUT: 863 ACC: 863 BUFF: 862 DC: 0 FLAG_ZERO: False FLAG_LT: 1 FLAG_GT: 0
INPUT_PORT:  []
OUT_PORT:  []
DATA_MEM:  [863, 402]
---------------------------------------
DEBUG    root:machine.py:309 CMP 0
TICK: 41805 PC:   7 ADDR:   0 MEM_OUT: 863 ACC: 2 BUFF: 863 DC: 0 FLAG_ZERO: False FLAG_LT: 1 FLAG_GT: 0
INPUT_PORT:  []
OUT_PORT:  []
DATA_MEM:  [863, 402]
---------------------------------------
DEBUG    root:machine.py:309 JE 14
TICK: 41808 PC:   8 ADDR:   0 MEM_OUT: 863 ACC: 2 BUFF: 863 DC: 0 FLAG_ZERO: False FLAG_LT: 0 FLAG_GT: 1
INPUT_PORT:  []
OUT_PORT:  []
DATA_MEM:  [863, 402]
---------------------------------------
DEBUG    root:machine.py:309 LD 0
TICK: 41811 PC:   9 ADDR:   0 MEM_OUT: 863 ACC: 2 BUFF: 863 DC: 0 FLAG_ZERO: False FLAG_LT: 0 FLAG_GT: 1
INPUT_PORT:  []
OUT_PORT:  []
DATA_MEM:  [863, 402]
---------------------------------------
DEBUG    root:machine.py:309 MOD 5
TICK: 41815 PC:  10 ADDR:   0 MEM_OUT: 863 ACC: 863 BUFF: 863 DC: 0 FLAG_ZERO: False FLAG_LT: 0 FLAG_GT: 1
INPUT_PORT:  []
OUT_PORT:  []
DATA_MEM:  [863, 402]
---------------------------------------
DEBUG    root:machine.py:309 CMP 0
TICK: 41819 PC:  11 ADDR:   0 MEM_OUT: 863 ACC: 3 BUFF: 863 DC: 0 FLAG_ZERO: False FLAG_LT: 0 FLAG_GT: 1
INPUT_PORT:  []
OUT_PORT:  []
DATA_MEM:  [863, 402]
---------------------------------------
DEBUG    root:machine.py:309 JE 18
TICK: 41822 PC:  12 ADDR:   0 MEM_OUT: 863 ACC: 3 BUFF: 863 DC: 0 FLAG_ZERO: False FLAG_LT: 0 FLAG_GT: 1
INPUT_PORT:  []
OUT_PORT:  []
DATA_MEM:  [863, 402]
---------------------------------------
DEBUG    root:machine.py:309 JMP 0
TICK: 41825 PC:  13 ADDR:   0 MEM_OUT: 863 ACC: 3 BUFF: 863 DC: 0 FLAG_ZERO: False FLAG_LT: 0 FLAG_GT: 1
INPUT_PORT:  []
OUT_PORT:  []
DATA_MEM:  [863, 402]
---------------------------------------
DEBUG    root:machine.py:309 LD 0
TICK: 41828 PC:   0 ADDR:   0 MEM_OUT: 863 ACC: 3 BUFF: 863 DC: 0 FLAG_ZERO: False FLAG_LT: 0 FLAG_GT: 1
INPUT_PORT:  []
OUT_PORT:  []
DATA_MEM:  [863, 402]
---------------------------------------
DEBUG    root:machine.py:309 INC 
TICK: 41832 PC:   1 ADDR:   0 MEM_OUT: 863 ACC: 863 BUFF: 863 DC: 0 FLAG_ZERO: False FLAG_LT: 0 FLAG_GT: 1
INPUT_PORT:  []
OUT_PORT:  []
DATA_MEM:  [863, 402]
---------------------------------------
DEBUG    root:machine.py:309 ST 0
TICK: 41835 PC:   2 ADDR:   0 MEM_OUT: 863 ACC: 864 BUFF: 863 DC: 0 FLAG_ZERO: False FLAG_LT: 0 FLAG_GT: 1
INPUT_PORT:  []
OUT_PORT:  []
DATA_MEM:  [863, 402]
---------------------------------------
DEBUG    root:machine.py:309 CMP 1000
TICK: 41839 PC:   3 ADDR:   0 MEM_OUT: 864 ACC: 864 BUFF: 863 DC: 0 FLAG_ZERO: False FLAG_LT: 0 FLAG_GT: 1
INPUT_PORT:  []
OUT_PORT:  []
DATA_MEM:  [864, 402]
---------------------------------------
DEBUG    root:machine.py:309 JGE 22
TICK: 41842 PC:   4 ADDR:   0 MEM_OUT: 864 ACC: 864 BUFF: 863 DC: 0 FLAG_ZERO: False FLAG_LT: 1 FLAG_GT: 0
INPUT_PORT:  []
OUT_PORT:  []
DATA_MEM:  [864, 402]
---------------------------------------
DEBUG    root:machine.py:309 LD 0
TICK: 41845 PC:   5 ADDR:   0 MEM_OUT: 864 ACC: 864 BUFF: 863 DC: 0 FLAG_ZERO: False FLAG_LT: 1 FLAG_GT: 0
INPUT_PORT:  []
OUT_PORT:  []
DATA_MEM:  [864, 402]
---------------------------------------
DEBUG    root:machine.py:309 MOD 3
TICK: 41849 PC:   6 ADDR:   0 MEM_OUT: 864 ACC: 864 BUFF: 863 DC: 0 FLAG_ZERO: False FLAG_LT: 1 FLAG_GT: 0
INPUT_PORT:  []
OUT_PORT:  []
DATA_MEM:  [864, 402]
---------------------------------------
DEBUG    root:machine.py:309 CMP 0
TICK: 41853 PC:   7 ADDR:   0 MEM_OUT: 864 ACC: 0 BUFF: 864 DC: 0 FLAG_ZERO: False FLAG_LT: 1 FLAG_GT: 0
INPUT_PORT:  []
OUT_PORT:  []
DATA_MEM:  [864, 402]
---------------------------------------
DEBUG    root:machine.py:309 JE 14
TICK: 41856 PC:   8 ADDR:   0 MEM_OUT: 864 ACC: 0 BUFF: 864 DC: 0 FLAG_ZERO: True FLAG_LT: 0 FLAG_GT: 0
INPUT_PORT:  []
OUT_PORT:  []
DATA_MEM:  [864, 402]
---------------------------------------
DEBUG    root:machine.py:309 LD 4
TICK: 41859 PC:  14 ADDR:   0 MEM_OUT: 864 ACC: 0 BUFF: 864 DC: 0 FLAG_ZERO: True FLAG_LT: 0 FLAG_GT: 0
INPUT_PORT:  []
OUT_PORT:  []
DATA_MEM:  [864, 402]
---------------------------------------
DEBUG    root:machine.py:309 INC 
TICK: 41863 PC:  15 ADDR:   1 MEM_OUT: 402 ACC: 402 BUFF: 864 DC: 0 FLAG_ZERO: True FLAG_LT: 0 FLAG_GT: 0
INPUT_PORT:  []
OUT_PORT:  []
DATA_MEM:  [864, 402]
---------------------------------------
DEBUG    root:machine.py:309 ST 4
TICK: 41866 PC:  16 ADDR:   1 MEM_OUT: 402 ACC: 403 BUFF: 864 DC: 0 FLAG_ZERO: True FLAG_LT: 0 FLAG_GT: 0
INPUT_PORT:  []
OUT_PORT:  []
DATA_MEM:  [864, 402]
---------------------------------------
DEBUG    root:machine.py:309 JMP 0
TICK: 41870 PC:  17 ADDR:   1 MEM_OUT: 403 ACC: 403 BUFF: 864 DC: 0 FLAG_ZERO: True FLAG_LT: 0 FLAG_GT: 0
INPUT_PORT:  []
OUT_PORT:  []
DATA_MEM:  [864, 403]
---------------------------------------
DEBUG    root:machine.py:309 LD 0
TICK: 41873 PC:   0 ADDR:   1 MEM_OUT: 403 ACC: 403 BUFF: 864 DC: 0 FLAG_ZERO: True FLAG_LT: 0 FLAG_GT: 0
INPUT_PORT:  []
OUT_PORT:  []
DATA_MEM:  [864, 403]
---------------------------------------
DEBUG    root:machine.py:309 INC 
TICK: 41877 PC:   1 ADDR:   0 MEM_OUT: 864 ACC: 864 BUFF: 864 DC: 0 FLAG_ZERO: True FLAG_LT: 0 FLAG_GT: 0
INPUT_PORT:  []
OUT_PORT:  []
DATA_MEM:  [864, 403]
---------------------------------------
DEBUG    root:machine.py:309 ST 0
TICK: 41880 PC:   2 ADDR:   0 MEM_OUT: 864 ACC: 865 BUFF: 864 DC: 0 FLAG_ZERO: True FLAG_LT: 0 FLAG_GT: 0
INPUT_PORT:  []
OUT_PORT:  []
DATA_MEM:  [864, 403]
---------------------------------------
DEBUG    root:machine.py:309 CMP 1000
TICK: 41884 PC:   3 ADDR:   0 MEM_OUT: 865 ACC: 865 BUFF: 864 DC: 0 FLAG_ZERO: True FLAG_LT: 0 FLAG_GT: 0
INPUT_PORT:  []
OUT_PORT:  []
DATA_MEM:  [865, 403]
---------------------------------------
DEBUG    root:machine.py:309 JGE 22
TICK: 41887 PC:   4 ADDR:   0 MEM_OUT: 865 ACC: 865 BUFF: 864 DC: 0 FLAG_ZERO: False FLAG_LT: 1 FLAG_GT: 0
INPUT_PORT:  []
OUT_PORT:  []
DATA_MEM:  [865, 403]
---------------------------------------
DEBUG    root:machine.py:309 LD 0
TICK: 41890 PC:   5 ADDR:   0 MEM_OUT: 865 ACC: 865 BUFF: 864 DC: 0 FLAG_ZERO: False FLAG_LT: 1 FLAG_GT: 0
INPUT_PORT:  []
OUT_PORT:  []
DATA_MEM:  [865, 403]
---------------------------------------
DEBUG    root:machine.py:309 MOD 3
TICK: 41894 PC:   6 ADDR:   0 MEM_OUT: 865 ACC: 865 BUFF: 864 DC: 0 FLAG_ZERO: False FLAG_LT: 1 FLAG_GT: 0
INPUT_PORT:  []
OUT_PORT:  []
DATA_MEM:  [865, 403]
---------------------------------------
DEBUG    root:machine.py:309 CMP 0
TICK: 41898 PC:   7 ADDR:   0 MEM_OUT: 865 ACC: 1 BUFF: 865 DC: 0 FLAG_ZERO: False FLAG_LT: 1 FLAG_GT: 0
INPUT_PORT:  []
OUT_PORT:  []
DATA_MEM:  [865, 403]
---------------------------------------
DEBUG    root:machine.py:309 JE 14
TICK: 41901 PC:   8 ADDR:   0 MEM_OUT: 865 ACC: 1 BUFF: 865 DC: 0 FLAG_ZERO: False FLAG_LT: 0 FLAG_GT: 1
INPUT_PORT:  []
OUT_PORT:  []
DATA_MEM:  [865, 403]
---------------------------------------
DEBUG    root:machine.py:309 LD 0
TICK: 41904 PC:   9 ADDR:   0 MEM_OUT: 865 ACC: 1 BUFF: 865 DC: 0 FLAG_ZERO: False FLAG_LT: 0 FLAG_GT: 1
INPUT_PORT:  []
OUT_PORT:  []
DATA_MEM:  [865, 403]
---------------------------------------
DEBUG    root:machine.py:309 MOD 5
TICK: 41908 PC:  10 ADDR:   0 MEM_OUT: 865 ACC: 865 BUFF: 865 DC: 0 FLAG_ZERO: False FLAG_LT: 0 FLAG_GT: 1
INPUT_PORT:  []
OUT_PORT:  []
DATA_MEM:  [865, 403]
---------------------------------------
DEBUG    root:machine.py:309 CMP 0
TICK: 41912 PC:  11 ADDR:   0 MEM_OUT: 865 ACC: 0 BUFF: 865 DC: 0 FLAG_ZERO: False FLAG_LT: 0 FLAG_GT: 1
INPUT_PORT:  []
OUT_PORT:  []
DATA_MEM:  [865, 403]
---------------------------------------
DEBUG    root:machine.py:309 JE 18
TICK: 41915 PC:  12 ADDR:   0 MEM_OUT: 865 ACC: 0 BUFF: 865 DC: 0 FLAG_ZERO: True FLAG_LT: 0 FLAG_GT: 0
INPUT_PORT:  []
OUT_PORT:  []
DATA_MEM:  [865, 403]
---------------------------------------
DEBUG    root:machine.py:309 LD 4
TICK: 41918 PC:  18 ADDR:   0 MEM_OUT: 865 ACC: 0 BUFF: 865 DC: 0 FLAG_ZERO: True FLAG_LT: 0 FLAG_GT: 0
INPUT_PORT:  []
OUT_PORT:  []
DATA_MEM:  [865, 403]
---------------------------------------
DEBUG    root:machine.py:309 INC 
TICK: 41922 PC:  19 ADDR:   1 MEM_OUT: 403 ACC: 403 BUFF: 865 DC: 0 FLAG_ZERO: True FLAG_LT: 0 FLAG_GT: 0
INPUT_PORT:  []
OUT_PORT:  []
DATA_MEM:  [865, 403]
---------------------------------------
DEBUG    root:machine.py:309 ST 4
TICK: 41925 PC:  20 ADDR:   1 MEM_OUT: 403 ACC: 404 BUFF: 865 DC: 0 FLAG_ZERO: True FLAG_LT: 0 FLAG_GT: 0
INPUT_PORT:  []
OUT_PORT:  []
DATA_MEM:  [865, 403]
---------------------------------------
DEBUG    root:machine.py:309 JMP 0
TICK: 41929 PC:  21 ADDR:   1 MEM_OUT: 404 ACC: 404 BUFF: 865 DC: 0 FLAG_ZERO: True FLAG_LT: 0 FLAG_GT: 0
INPUT_PORT:  []
OUT_PORT:  []
DATA_MEM:  [865, 404]
---------------------------------------
DEBUG    root:machine.py:309 LD 0
TICK: 41932 PC:   0 ADDR:   1 MEM_OUT: 404 ACC: 404 BUFF: 865 DC: 0 FLAG_ZERO: True FLAG_LT: 0 FLAG_GT: 0
INPUT_PORT:  []
OUT_PORT:  []
DATA_MEM:  [865, 404]
---------------------------------------
DEBUG    root:machine.py:309 INC 
TICK: 41936 PC:   1 ADDR:   0 MEM_OUT: 865 ACC: 865 BUFF: 865 DC: 0 FLAG_ZERO: True FLAG_LT: 0 FLAG_GT: 0
INPUT_PORT:  []
OUT_PORT:  []
DATA_MEM:  [865, 404]
---------------------------------------
DEBUG    root:machine.py:309 ST 0
TICK: 41939 PC:   2 ADDR:   0 MEM_OUT: 865 ACC: 866 BUFF: 865 DC: 0 FLAG_ZERO: True FLAG_LT: 0 FLAG_GT: 0
INPUT_PORT:  []
OUT_PORT:  []
DATA_MEM:  [865, 404]
---------------------------------------
DEBUG    root:machine.py:309 CMP 1000
TICK: 41943 PC:   3 ADDR:   0 MEM_OUT: 866 ACC: 866 BUFF: 865 DC: 0 FLAG_ZERO: True FLAG_LT: 0 FLAG_GT: 0
INPUT_PORT:  []
OUT_PORT:  []
DATA_MEM:  [866, 404]
---------------------------------------
DEBUG    root:machine.py:309 JGE 22
TICK: 41946 PC:   4 ADDR:   0 MEM_OUT: 866 ACC: 866 BUFF: 865 DC: 0 FLAG_ZERO: False FLAG_LT: 1 FLAG_GT: 0
INPUT_PORT:  []
OUT_PORT:  []
DATA_MEM:  [866, 404]
---------------------------------------
DEBUG    root:machine.py:309 LD 0
TICK: 41949 PC:   5 ADDR:   0 MEM_OUT: 866 ACC: 866 BUFF: 865 DC: 0 FLAG_ZERO: False FLAG_LT: 1 FLAG_GT: 0
INPUT_PORT:  []
OUT_PORT:  []
DATA_MEM:  [866, 404]
---------------------------------------
DEBUG    root:machine.py:309 MOD 3
TICK: 41953 PC:   6 ADDR:   0 MEM_OUT: 866 ACC: 866 BUFF: 865 DC: 0 FLAG_ZERO: False FLAG_LT: 1 FLAG_GT: 0
INPUT_PORT:  []
OUT_PORT:  []
DATA_MEM:  [866, 404]
---------------------------------------
DEBUG    root:machine.py:309 CMP 0
TICK: 41957 PC:   7 ADDR:   0 MEM_OUT: 866 ACC: 2 BUFF: 866 DC: 0 FLAG_ZERO: False FLAG_LT: 1 FLAG_GT: 0
INPUT_PORT:  []
OUT_PORT:  []
DATA_MEM:  [866, 404]
---------------------------------------
DEBUG    root:machine.py:309 JE 14
TICK: 41960 PC:   8 ADDR:   0 MEM_OUT: 866 ACC: 2 BUFF: 866 DC: 0 FLAG_ZERO: False FLAG_LT: 0 FLAG_GT: 1
INPUT_PORT:  []
OUT_PORT:  []
DATA_MEM:  [866, 404]
---------------------------------------
DEBUG    root:machine.py:309 LD 0
TICK: 41963 PC:   9 ADDR:   0 MEM_OUT: 866 ACC: 2 BUFF: 866 DC: 0 FLAG_ZERO: False FLAG_LT: 0 FLAG_GT: 1
INPUT_PORT:  []
OUT_PORT:  []
DATA_MEM:  [866, 404]
---------------------------------------
DEBUG    root:machine.py:309 MOD 5
TICK: 41967 PC:  10 ADDR:   0 MEM_OUT: 866 ACC: 866 BUFF: 866 DC: 0 FLAG_ZERO: False FLAG_LT: 0 FLAG_GT: 1
INPUT_PORT:  []
OUT_PORT:  []
DATA_MEM:  [866, 404]
---------------------------------------
DEBUG    root:machine.py:309 CMP 0
TICK: 41971 PC:  11 ADDR:   0 MEM_OUT: 866 ACC: 1 BUFF: 866 DC: 0 FLAG_ZERO: False FLAG_LT: 0 FLAG_GT: 1
INPUT_PORT:  []
OUT_PORT:  []
DATA_MEM:  [866, 404]
---------------------------------------
DEBUG    root:machine.py:309 JE 18
TICK: 41974 PC:  12 ADDR:   0 MEM_OUT: 866 ACC: 1 BUFF: 866 DC: 0 FLAG_ZERO: False FLAG_LT: 0 FLAG_GT: 1
INPUT_PORT:  []
OUT_PORT:  []
DATA_MEM:  [866, 404]
---------------------------------------
DEBUG    root:machine.py:309 JMP 0
TICK: 41977 PC:  13 ADDR:   0 MEM_OUT: 866 ACC: 1 BUFF: 866 DC: 0 FLAG_ZERO: False FLAG_LT: 0 FLAG_GT: 1
INPUT_PORT:  []
OUT_PORT:  []
DATA_MEM:  [866, 404]
---------------------------------------
DEBUG    root:machine.py:309 LD 0
TICK: 41980 PC:   0 ADDR:   0 MEM_OUT: 866 ACC: 1 BUFF: 866 DC: 0 FLAG_ZERO: False FLAG_LT: 0 FLAG_GT: 1
INPUT_PORT:  []
OUT_PORT:  []
DATA_MEM:  [866, 404]
---------------------------------------
DEBUG    root:machine.py:309 INC 
TICK: 41984 PC:   1 ADDR:   0 MEM_OUT: 866 ACC: 866 BUFF: 866 DC: 0 FLAG_ZERO: False FLAG_LT: 0 FLAG_GT: 1
INPUT_PORT:  []
OUT_PORT:  []
DATA_MEM:  [866, 404]
---------------------------------------
DEBUG    root:machine.py:309 ST 0
TICK: 41987 PC:   2 ADDR:   0 MEM_OUT: 866 ACC: 867 BUFF: 866 DC: 0 FLAG_ZERO: False FLAG_LT: 0 FLAG_GT: 1
INPUT_PORT:  []
OUT_PORT:  []
DATA_MEM:  [866, 404]
---------------------------------------
DEBUG    root:machine.py:309 CMP 1000
TICK: 41991 PC:   3 ADDR:   0 MEM_OUT: 867 ACC: 867 BUFF: 866 DC: 0 FLAG_ZERO: False FLAG_LT: 0 FLAG_GT: 1
INPUT_PORT:  []
OUT_PORT:  []
DATA_MEM:  [867, 404]
---------------------------------------
DEBUG    root:machine.py:309 JGE 22
TICK: 41994 PC:   4 ADDR:   0 MEM_OUT: 867 ACC: 867 BUFF: 866 DC: 0 FLAG_ZERO: False FLAG_LT: 1 FLAG_GT: 0
INPUT_PORT:  []
OUT_PORT:  []
DATA_MEM:  [867, 404]
---------------------------------------
DEBUG    root:machine.py:309 LD 0
TICK: 41997 PC:   5 ADDR:   0 MEM_OUT: 867 ACC: 867 BUFF: 866 DC: 0 FLAG_ZERO: False FLAG_LT: 1 FLAG_GT: 0
INPUT_PORT:  []
OUT_PORT:  []
DATA_MEM:  [867, 404]
---------------------------------------
DEBUG    root:machine.py:309 MOD 3
TICK: 42001 PC:   6 ADDR:   0 MEM_OUT: 867 ACC: 867 BUFF: 866 DC: 0 FLAG_ZERO: False FLAG_LT: 1 FLAG_GT: 0
INPUT_PORT:  []
OUT_PORT:  []
DATA_MEM:  [867, 404]
---------------------------------------
DEBUG    root:machine.py:309 CMP 0
TICK: 42005 PC:   7 ADDR:   0 MEM_OUT: 867 ACC: 0 BUFF: 867 DC: 0 FLAG_ZERO: False FLAG_LT: 1 FLAG_GT: 0
INPUT_PORT:  []
OUT_PORT:  []
DATA_MEM:  [867, 404]
---------------------------------------
DEBUG    root:machine.py:309 JE 14
TICK: 42008 PC:   8 ADDR:   0 MEM_OUT: 867 ACC: 0 BUFF: 867 DC: 0 FLAG_ZERO: True FLAG_LT: 0 FLAG_GT: 0
INPUT_PORT:  []
OUT_PORT:  []
DATA_MEM:  [867, 404]
---------------------------------------
DEBUG    root:machine.py:309 LD 4
TICK: 42011 PC:  14 ADDR:   0 MEM_OUT: 867 ACC: 0 BUFF: 867 DC: 0 FLAG_ZERO: True FLAG_LT: 0 FLAG_GT: 0
INPUT_PORT:  []
OUT_PORT:  []
DATA_MEM:  [867, 404]
---------------------------------------
DEBUG    root:machine.py:309 INC 
TICK: 42015 PC:  15 ADDR:   1 MEM_OUT: 404 ACC: 404 BUFF: 867 DC: 0 FLAG_ZERO: True FLAG_LT: 0 FLAG_GT: 0
INPUT_PORT:  []
OUT_PORT:  []
DATA_MEM:  [867, 404]
---------------------------------------
DEBUG    root:machine.py:309 ST 4
TICK: 42018 PC:  16 ADDR:   1 MEM_OUT: 404 ACC: 405 BUFF: 867 DC: 0 FLAG_ZERO: True FLAG_LT: 0 FLAG_GT: 0
INPUT_PORT:  []
OUT_PORT:  []
DATA_MEM:  [867, 404]
---------------------------------------
DEBUG    root:machine.py:309 JMP 0
TICK: 42022 PC:  17 ADDR:   1 MEM_OUT: 405 ACC: 405 BUFF: 867 DC: 0 FLAG_ZERO: True FLAG_LT: 0 FLAG_GT: 0
INPUT_PORT:  []
OUT_PORT:  []
DATA_MEM:  [867, 405]
---------------------------------------
DEBUG    root:machine.py:309 LD 0
TICK: 42025 PC:   0 ADDR:   1 MEM_OUT: 405 ACC: 405 BUFF: 867 DC: 0 FLAG_ZERO: True FLAG_LT: 0 FLAG_GT: 0
INPUT_PORT:  []
OUT_PORT:  []
DATA_MEM:  [867, 405]
---------------------------------------
DEBUG    root:machine.py:309 INC 
TICK: 42029 PC:   1 ADDR:   0 MEM_OUT: 867 ACC: 867 BUFF: 867 DC: 0 FLAG_ZERO: True FLAG_LT: 0 FLAG_GT: 0
INPUT_PORT:  []
OUT_PORT:  []
DATA_MEM:  [867, 405]
---------------------------------------
DEBUG    root:machine.py:309 ST 0
TICK: 42032 PC:   2 ADDR:   0 MEM_OUT: 867 ACC: 868 BUFF: 867 DC: 0 FLAG_ZERO: True FLAG_LT: 0 FLAG_GT: 0
INPUT_PORT:  []
OUT_PORT:  []
DATA_MEM:  [867, 405]
---------------------------------------
DEBUG    root:machine.py:309 CMP 1000
TICK: 42036 PC:   3 ADDR:   0 MEM_OUT: 868 ACC: 868 BUFF: 867 DC: 0 FLAG_ZERO: True FLAG_LT: 0 FLAG_GT: 0
INPUT_PORT:  []
OUT_PORT:  []
DATA_MEM:  [868, 405]
---------------------------------------
DEBUG    root:machine.py:309 JGE 22
TICK: 42039 PC:   4 ADDR:   0 MEM_OUT: 868 ACC: 868 BUFF: 867 DC: 0 FLAG_ZERO: False FLAG_LT: 1 FLAG_GT: 0
INPUT_PORT:  []
OUT_PORT:  []
DATA_MEM:  [868, 405]
---------------------------------------
DEBUG    root:machine.py:309 LD 0
TICK: 42042 PC:   5 ADDR:   0 MEM_OUT: 868 ACC: 868 BUFF: 867 DC: 0 FLAG_ZERO: False FLAG_LT: 1 FLAG_GT: 0
INPUT_PORT:  []
OUT_PORT:  []
DATA_MEM:  [868, 405]
---------------------------------------
DEBUG    root:machine.py:309 MOD 3
TICK: 42046 PC:   6 ADDR:   0 MEM_OUT: 868 ACC: 868 BUFF: 867 DC: 0 FLAG_ZERO: False FLAG_LT: 1 FLAG_GT: 0
INPUT_PORT:  []
OUT_PORT:  []
DATA_MEM:  [868, 405]
---------------------------------------
DEBUG    root:machine.py:309 CMP 0
TICK: 42050 PC:   7 ADDR:   0 MEM_OUT: 868 ACC: 1 BUFF: 868 DC: 0 FLAG_ZERO: False FLAG_LT: 1 FLAG_GT: 0
INPUT_PORT:  []
OUT_PORT:  []
DATA_MEM:  [868, 405]
---------------------------------------
DEBUG    root:machine.py:309 JE 14
TICK: 42053 PC:   8 ADDR:   0 MEM_OUT: 868 ACC: 1 BUFF: 868 DC: 0 FLAG_ZERO: False FLAG_LT: 0 FLAG_GT: 1
INPUT_PORT:  []
OUT_PORT:  []
DATA_MEM:  [868, 405]
---------------------------------------
DEBUG    root:machine.py:309 LD 0
TICK: 42056 PC:   9 ADDR:   0 MEM_OUT: 868 ACC: 1 BUFF: 868 DC: 0 FLAG_ZERO: False FLAG_LT: 0 FLAG_GT: 1
INPUT_PORT:  []
OUT_PORT:  []
DATA_MEM:  [868, 405]
---------------------------------------
DEBUG    root:machine.py:309 MOD 5
TICK: 42060 PC:  10 ADDR:   0 MEM_OUT: 868 ACC: 868 BUFF: 868 DC: 0 FLAG_ZERO: False FLAG_LT: 0 FLAG_GT: 1
INPUT_PORT:  []
OUT_PORT:  []
DATA_MEM:  [868, 405]
---------------------------------------
DEBUG    root:machine.py:309 CMP 0
TICK: 42064 PC:  11 ADDR:   0 MEM_OUT: 868 ACC: 3 BUFF: 868 DC: 0 FLAG_ZERO: False FLAG_LT: 0 FLAG_GT: 1
INPUT_PORT:  []
OUT_PORT:  []
DATA_MEM:  [868, 405]
---------------------------------------
DEBUG    root:machine.py:309 JE 18
TICK: 42067 PC:  12 ADDR:   0 MEM_OUT: 868 ACC: 3 BUFF: 868 DC: 0 FLAG_ZERO: False FLAG_LT: 0 FLAG_GT: 1
INPUT_PORT:  []
OUT_PORT:  []
DATA_MEM:  [868, 405]
---------------------------------------
DEBUG    root:machine.py:309 JMP 0
TICK: 42070 PC:  13 ADDR:   0 MEM_OUT: 868 ACC: 3 BUFF: 868 DC: 0 FLAG_ZERO: False FLAG_LT: 0 FLAG_GT: 1
INPUT_PORT:  []
OUT_PORT:  []
DATA_MEM:  [868, 405]
---------------------------------------
DEBUG    root:machine.py:309 LD 0
TICK: 42073 PC:   0 ADDR:   0 MEM_OUT: 868 ACC: 3 BUFF: 868 DC: 0 FLAG_ZERO: False FLAG_LT: 0 FLAG_GT: 1
INPUT_PORT:  []
OUT_PORT:  []
DATA_MEM:  [868, 405]
---------------------------------------
DEBUG    root:machine.py:309 INC 
TICK: 42077 PC:   1 ADDR:   0 MEM_OUT: 868 ACC: 868 BUFF: 868 DC: 0 FLAG_ZERO: False FLAG_LT: 0 FLAG_GT: 1
INPUT_PORT:  []
OUT_PORT:  []
DATA_MEM:  [868, 405]
---------------------------------------
DEBUG    root:machine.py:309 ST 0
TICK: 42080 PC:   2 ADDR:   0 MEM_OUT: 868 ACC: 869 BUFF: 868 DC: 0 FLAG_ZERO: False FLAG_LT: 0 FLAG_GT: 1
INPUT_PORT:  []
OUT_PORT:  []
DATA_MEM:  [868, 405]
---------------------------------------
DEBUG    root:machine.py:309 CMP 1000
TICK: 42084 PC:   3 ADDR:   0 MEM_OUT: 869 ACC: 869 BUFF: 868 DC: 0 FLAG_ZERO: False FLAG_LT: 0 FLAG_GT: 1
INPUT_PORT:  []
OUT_PORT:  []
DATA_MEM:  [869, 405]
---------------------------------------
DEBUG    root:machine.py:309 JGE 22
TICK: 42087 PC:   4 ADDR:   0 MEM_OUT: 869 ACC: 869 BUFF: 868 DC: 0 FLAG_ZERO: False FLAG_LT: 1 FLAG_GT: 0
INPUT_PORT:  []
OUT_PORT:  []
DATA_MEM:  [869, 405]
---------------------------------------
DEBUG    root:machine.py:309 LD 0
TICK: 42090 PC:   5 ADDR:   0 MEM_OUT: 869 ACC: 869 BUFF: 868 DC: 0 FLAG_ZERO: False FLAG_LT: 1 FLAG_GT: 0
INPUT_PORT:  []
OUT_PORT:  []
DATA_MEM:  [869, 405]
---------------------------------------
DEBUG    root:machine.py:309 MOD 3
TICK: 42094 PC:   6 ADDR:   0 MEM_OUT: 869 ACC: 869 BUFF: 868 DC: 0 FLAG_ZERO: False FLAG_LT: 1 FLAG_GT: 0
INPUT_PORT:  []
OUT_PORT:  []
DATA_MEM:  [869, 405]
---------------------------------------
DEBUG    root:machine.py:309 CMP 0
TICK: 42098 PC:   7 ADDR:   0 MEM_OUT: 869 ACC: 2 BUFF: 869 DC: 0 FLAG_ZERO: False FLAG_LT: 1 FLAG_GT: 0
INPUT_PORT:  []
OUT_PORT:  []
DATA_MEM:  [869, 405]
---------------------------------------
DEBUG    root:machine.py:309 JE 14
TICK: 42101 PC:   8 ADDR:   0 MEM_OUT: 869 ACC: 2 BUFF: 869 DC: 0 FLAG_ZERO: False FLAG_LT: 0 FLAG_GT: 1
INPUT_PORT:  []
OUT_PORT:  []
DATA_MEM:  [869, 405]
---------------------------------------
DEBUG    root:machine.py:309 LD 0
TICK: 42104 PC:   9 ADDR:   0 MEM_OUT: 869 ACC: 2 BUFF: 869 DC: 0 FLAG_ZERO: False FLAG_LT: 0 FLAG_GT: 1
INPUT_PORT:  []
OUT_PORT:  []
DATA_MEM:  [869, 405]
---------------------------------------
DEBUG    root:machine.py:309 MOD 5
TICK: 42108 PC:  10 ADDR:   0 MEM_OUT: 869 ACC: 869 BUFF: 869 DC: 0 FLAG_ZERO: False FLAG_LT: 0 FLAG_GT: 1
INPUT_PORT:  []
OUT_PORT:  []
DATA_MEM:  [869, 405]
---------------------------------------
DEBUG    root:machine.py:309 CMP 0
TICK: 42112 PC:  11 ADDR:   0 MEM_OUT: 869 ACC: 4 BUFF: 869 DC: 0 FLAG_ZERO: False FLAG_LT: 0 FLAG_GT: 1
INPUT_PORT:  []
OUT_PORT:  []
DATA_MEM:  [869, 405]
---------------------------------------
DEBUG    root:machine.py:309 JE 18
TICK: 42115 PC:  12 ADDR:   0 MEM_OUT: 869 ACC: 4 BUFF: 869 DC: 0 FLAG_ZERO: False FLAG_LT: 0 FLAG_GT: 1
INPUT_PORT:  []
OUT_PORT:  []
DATA_MEM:  [869, 405]
---------------------------------------
DEBUG    root:machine.py:309 JMP 0
TICK: 42118 PC:  13 ADDR:   0 MEM_OUT: 869 ACC: 4 BUFF: 869 DC: 0 FLAG_ZERO: False FLAG_LT: 0 FLAG_GT: 1
INPUT_PORT:  []
OUT_PORT:  []
DATA_MEM:  [869, 405]
---------------------------------------
DEBUG    root:machine.py:309 LD 0
TICK: 42121 PC:   0 ADDR:   0 MEM_OUT: 869 ACC: 4 BUFF: 869 DC: 0 FLAG_ZERO: False FLAG_LT: 0 FLAG_GT: 1
INPUT_PORT:  []
OUT_PORT:  []
DATA_MEM:  [869, 405]
---------------------------------------
DEBUG    root:machine.py:309 INC 
TICK: 42125 PC:   1 ADDR:   0 MEM_OUT: 869 ACC: 869 BUFF: 869 DC: 0 FLAG_ZERO: False FLAG_LT: 0 FLAG_GT: 1
INPUT_PORT:  []
OUT_PORT:  []
DATA_MEM:  [869, 405]
---------------------------------------
DEBUG    root:machine.py:309 ST 0
TICK: 42128 PC:   2 ADDR:   0 MEM_OUT: 869 ACC: 870 BUFF: 869 DC: 0 FLAG_ZERO: False FLAG_LT: 0 FLAG_GT: 1
INPUT_PORT:  []
OUT_PORT:  []
DATA_MEM:  [869, 405]
---------------------------------------
DEBUG    root:machine.py:309 CMP 1000
TICK: 42132 PC:   3 ADDR:   0 MEM_OUT: 870 ACC: 870 BUFF: 869 DC: 0 FLAG_ZERO: False FLAG_LT: 0 FLAG_GT: 1
INPUT_PORT:  []
OUT_PORT:  []
DATA_MEM:  [870, 405]
---------------------------------------
DEBUG    root:machine.py:309 JGE 22
TICK: 42135 PC:   4 ADDR:   0 MEM_OUT: 870 ACC: 870 BUFF: 869 DC: 0 FLAG_ZERO: False FLAG_LT: 1 FLAG_GT: 0
INPUT_PORT:  []
OUT_PORT:  []
DATA_MEM:  [870, 405]
---------------------------------------
DEBUG    root:machine.py:309 LD 0
TICK: 42138 PC:   5 ADDR:   0 MEM_OUT: 870 ACC: 870 BUFF: 869 DC: 0 FLAG_ZERO: False FLAG_LT: 1 FLAG_GT: 0
INPUT_PORT:  []
OUT_PORT:  []
DATA_MEM:  [870, 405]
---------------------------------------
DEBUG    root:machine.py:309 MOD 3
TICK: 42142 PC:   6 ADDR:   0 MEM_OUT: 870 ACC: 870 BUFF: 869 DC: 0 FLAG_ZERO: False FLAG_LT: 1 FLAG_GT: 0
INPUT_PORT:  []
OUT_PORT:  []
DATA_MEM:  [870, 405]
---------------------------------------
DEBUG    root:machine.py:309 CMP 0
TICK: 42146 PC:   7 ADDR:   0 MEM_OUT: 870 ACC: 0 BUFF: 870 DC: 0 FLAG_ZERO: False FLAG_LT: 1 FLAG_GT: 0
INPUT_PORT:  []
OUT_PORT:  []
DATA_MEM:  [870, 405]
---------------------------------------
DEBUG    root:machine.py:309 JE 14
TICK: 42149 PC:   8 ADDR:   0 MEM_OUT: 870 ACC: 0 BUFF: 870 DC: 0 FLAG_ZERO: True FLAG_LT: 0 FLAG_GT: 0
INPUT_PORT:  []
OUT_PORT:  []
DATA_MEM:  [870, 405]
---------------------------------------
DEBUG    root:machine.py:309 LD 4
TICK: 42152 PC:  14 ADDR:   0 MEM_OUT: 870 ACC: 0 BUFF: 870 DC: 0 FLAG_ZERO: True FLAG_LT: 0 FLAG_GT: 0
INPUT_PORT:  []
OUT_PORT:  []
DATA_MEM:  [870, 405]
---------------------------------------
DEBUG    root:machine.py:309 INC 
TICK: 42156 PC:  15 ADDR:   1 MEM_OUT: 405 ACC: 405 BUFF: 870 DC: 0 FLAG_ZERO: True FLAG_LT: 0 FLAG_GT: 0
INPUT_PORT:  []
OUT_PORT:  []
DATA_MEM:  [870, 405]
---------------------------------------
DEBUG    root:machine.py:309 ST 4
TICK: 42159 PC:  16 ADDR:   1 MEM_OUT: 405 ACC: 406 BUFF: 870 DC: 0 FLAG_ZERO: True FLAG_LT: 0 FLAG_GT: 0
INPUT_PORT:  []
OUT_PORT:  []
DATA_MEM:  [870, 405]
---------------------------------------
DEBUG    root:machine.py:309 JMP 0
TICK: 42163 PC:  17 ADDR:   1 MEM_OUT: 406 ACC: 406 BUFF: 870 DC: 0 FLAG_ZERO: True FLAG_LT: 0 FLAG_GT: 0
INPUT_PORT:  []
OUT_PORT:  []
DATA_MEM:  [870, 406]
---------------------------------------
DEBUG    root:machine.py:309 LD 0
TICK: 42166 PC:   0 ADDR:   1 MEM_OUT: 406 ACC: 406 BUFF: 870 DC: 0 FLAG_ZERO: True FLAG_LT: 0 FLAG_GT: 0
INPUT_PORT:  []
OUT_PORT:  []
DATA_MEM:  [870, 406]
---------------------------------------
DEBUG    root:machine.py:309 INC 
TICK: 42170 PC:   1 ADDR:   0 MEM_OUT: 870 ACC: 870 BUFF: 870 DC: 0 FLAG_ZERO: True FLAG_LT: 0 FLAG_GT: 0
INPUT_PORT:  []
OUT_PORT:  []
DATA_MEM:  [870, 406]
---------------------------------------
DEBUG    root:machine.py:309 ST 0
TICK: 42173 PC:   2 ADDR:   0 MEM_OUT: 870 ACC: 871 BUFF: 870 DC: 0 FLAG_ZERO: True FLAG_LT: 0 FLAG_GT: 0
INPUT_PORT:  []
OUT_PORT:  []
DATA_MEM:  [870, 406]
---------------------------------------
DEBUG    root:machine.py:309 CMP 1000
TICK: 42177 PC:   3 ADDR:   0 MEM_OUT: 871 ACC: 871 BUFF: 870 DC: 0 FLAG_ZERO: True FLAG_LT: 0 FLAG_GT: 0
INPUT_PORT:  []
OUT_PORT:  []
DATA_MEM:  [871, 406]
---------------------------------------
DEBUG    root:machine.py:309 JGE 22
TICK: 42180 PC:   4 ADDR:   0 MEM_OUT: 871 ACC: 871 BUFF: 870 DC: 0 FLAG_ZERO: False FLAG_LT: 1 FLAG_GT: 0
INPUT_PORT:  []
OUT_PORT:  []
DATA_MEM:  [871, 406]
---------------------------------------
DEBUG    root:machine.py:309 LD 0
TICK: 42183 PC:   5 ADDR:   0 MEM_OUT: 871 ACC: 871 BUFF: 870 DC: 0 FLAG_ZERO: False FLAG_LT: 1 FLAG_GT: 0
INPUT_PORT:  []
OUT_PORT:  []
DATA_MEM:  [871, 406]
---------------------------------------
DEBUG    root:machine.py:309 MOD 3
TICK: 42187 PC:   6 ADDR:   0 MEM_OUT: 871 ACC: 871 BUFF: 870 DC: 0 FLAG_ZERO: False FLAG_LT: 1 FLAG_GT: 0
INPUT_PORT:  []
OUT_PORT:  []
DATA_MEM:  [871, 406]
---------------------------------------
DEBUG    root:machine.py:309 CMP 0
TICK: 42191 PC:   7 ADDR:   0 MEM_OUT: 871 ACC: 1 BUFF: 871 DC: 0 FLAG_ZERO: False FLAG_LT: 1 FLAG_GT: 0
INPUT_PORT:  []
OUT_PORT:  []
DATA_MEM:  [871, 406]
---------------------------------------
DEBUG    root:machine.py:309 JE 14
TICK: 42194 PC:   8 ADDR:   0 MEM_OUT: 871 ACC: 1 BUFF: 871 DC: 0 FLAG_ZERO: False FLAG_LT: 0 FLAG_GT: 1
INPUT_PORT:  []
OUT_PORT:  []
DATA_MEM:  [871, 406]
---------------------------------------
DEBUG    root:machine.py:309 LD 0
TICK: 42197 PC:   9 ADDR:   0 MEM_OUT: 871 ACC: 1 BUFF: 871 DC: 0 FLAG_ZERO: False FLAG_LT: 0 FLAG_GT: 1
INPUT_PORT:  []
OUT_PORT:  []
DATA_MEM:  [871, 406]
---------------------------------------
DEBUG    root:machine.py:309 MOD 5
TICK: 42201 PC:  10 ADDR:   0 MEM_OUT: 871 ACC: 871 BUFF: 871 DC: 0 FLAG_ZERO: False FLAG_LT: 0 FLAG_GT: 1
INPUT_PORT:  []
OUT_PORT:  []
DATA_MEM:  [871, 406]
---------------------------------------
DEBUG    root:machine.py:309 CMP 0
TICK: 42205 PC:  11 ADDR:   0 MEM_OUT: 871 ACC: 1 BUFF: 871 DC: 0 FLAG_ZERO: False FLAG_LT: 0 FLAG_GT: 1
INPUT_PORT:  []
OUT_PORT:  []
DATA_MEM:  [871, 406]
---------------------------------------
DEBUG    root:machine.py:309 JE 18
TICK: 42208 PC:  12 ADDR:   0 MEM_OUT: 871 ACC: 1 BUFF: 871 DC: 0 FLAG_ZERO: False FLAG_LT: 0 FLAG_GT: 1
INPUT_PORT:  []
OUT_PORT:  []
DATA_MEM:  [871, 406]
---------------------------------------
DEBUG    root:machine.py:309 JMP 0
TICK: 42211 PC:  13 ADDR:   0 MEM_OUT: 871 ACC: 1 BUFF: 871 DC: 0 FLAG_ZERO: False FLAG_LT: 0 FLAG_GT: 1
INPUT_PORT:  []
OUT_PORT:  []
DATA_MEM:  [871, 406]
---------------------------------------
DEBUG    root:machine.py:309 LD 0
TICK: 42214 PC:   0 ADDR:   0 MEM_OUT: 871 ACC: 1 BUFF: 871 DC: 0 FLAG_ZERO: False FLAG_LT: 0 FLAG_GT: 1
INPUT_PORT:  []
OUT_PORT:  []
DATA_MEM:  [871, 406]
---------------------------------------
DEBUG    root:machine.py:309 INC 
TICK: 42218 PC:   1 ADDR:   0 MEM_OUT: 871 ACC: 871 BUFF: 871 DC: 0 FLAG_ZERO: False FLAG_LT: 0 FLAG_GT: 1
INPUT_PORT:  []
OUT_PORT:  []
DATA_MEM:  [871, 406]
---------------------------------------
DEBUG    root:machine.py:309 ST 0
TICK: 42221 PC:   2 ADDR:   0 MEM_OUT: 871 ACC: 872 BUFF: 871 DC: 0 FLAG_ZERO: False FLAG_LT: 0 FLAG_GT: 1
INPUT_PORT:  []
OUT_PORT:  []
DATA_MEM:  [871, 406]
---------------------------------------
DEBUG    root:machine.py:309 CMP 1000
TICK: 42225 PC:   3 ADDR:   0 MEM_OUT: 872 ACC: 872 BUFF: 871 DC: 0 FLAG_ZERO: False FLAG_LT: 0 FLAG_GT: 1
INPUT_PORT:  []
OUT_PORT:  []
DATA_MEM:  [872, 406]
---------------------------------------
DEBUG    root:machine.py:309 JGE 22
TICK: 42228 PC:   4 ADDR:   0 MEM_OUT: 872 ACC: 872 BUFF: 871 DC: 0 FLAG_ZERO: False FLAG_LT: 1 FLAG_GT: 0
INPUT_PORT:  []
OUT_PORT:  []
DATA_MEM:  [872, 406]
---------------------------------------
DEBUG    root:machine.py:309 LD 0
TICK: 42231 PC:   5 ADDR:   0 MEM_OUT: 872 ACC: 872 BUFF: 871 DC: 0 FLAG_ZERO: False FLAG_LT: 1 FLAG_GT: 0
INPUT_PORT:  []
OUT_PORT:  []
DATA_MEM:  [872, 406]
---------------------------------------
DEBUG    root:machine.py:309 MOD 3
TICK: 42235 PC:   6 ADDR:   0 MEM_OUT: 872 ACC: 872 BUFF: 871 DC: 0 FLAG_ZERO: False FLAG_LT: 1 FLAG_GT: 0
INPUT_PORT:  []
OUT_PORT:  []
DATA_MEM:  [872, 406]
---------------------------------------
DEBUG    root:machine.py:309 CMP 0
TICK: 42239 PC:   7 ADDR:   0 MEM_OUT: 872 ACC: 2 BUFF: 872 DC: 0 FLAG_ZERO: False FLAG_LT: 1 FLAG_GT: 0
INPUT_PORT:  []
OUT_PORT:  []
DATA_MEM:  [872, 406]
---------------------------------------
DEBUG    root:machine.py:309 JE 14
TICK: 42242 PC:   8 ADDR:   0 MEM_OUT: 872 ACC: 2 BUFF: 872 DC: 0 FLAG_ZERO: False FLAG_LT: 0 FLAG_GT: 1
INPUT_PORT:  []
OUT_PORT:  []
DATA_MEM:  [872, 406]
---------------------------------------
DEBUG    root:machine.py:309 LD 0
TICK: 42245 PC:   9 ADDR:   0 MEM_OUT: 872 ACC: 2 BUFF: 872 DC: 0 FLAG_ZERO: False FLAG_LT: 0 FLAG_GT: 1
INPUT_PORT:  []
OUT_PORT:  []
DATA_MEM:  [872, 406]
---------------------------------------
DEBUG    root:machine.py:309 MOD 5
TICK: 42249 PC:  10 ADDR:   0 MEM_OUT: 872 ACC: 872 BUFF: 872 DC: 0 FLAG_ZERO: False FLAG_LT: 0 FLAG_GT: 1
INPUT_PORT:  []
OUT_PORT:  []
DATA_MEM:  [872, 406]
---------------------------------------
DEBUG    root:machine.py:309 CMP 0
TICK: 42253 PC:  11 ADDR:   0 MEM_OUT: 872 ACC: 2 BUFF: 872 DC: 0 FLAG_ZERO: False FLAG_LT: 0 FLAG_GT: 1
INPUT_PORT:  []
OUT_PORT:  []
DATA_MEM:  [872, 406]
---------------------------------------
DEBUG    root:machine.py:309 JE 18
TICK: 42256 PC:  12 ADDR:   0 MEM_OUT: 872 ACC: 2 BUFF: 872 DC: 0 FLAG_ZERO: False FLAG_LT: 0 FLAG_GT: 1
INPUT_PORT:  []
OUT_PORT:  []
DATA_MEM:  [872, 406]
---------------------------------------
DEBUG    root:machine.py:309 JMP 0
TICK: 42259 PC:  13 ADDR:   0 MEM_OUT: 872 ACC: 2 BUFF: 872 DC: 0 FLAG_ZERO: False FLAG_LT: 0 FLAG_GT: 1
INPUT_PORT:  []
OUT_PORT:  []
DATA_MEM:  [872, 406]
---------------------------------------
DEBUG    root:machine.py:309 LD 0
TICK: 42262 PC:   0 ADDR:   0 MEM_OUT: 872 ACC: 2 BUFF: 872 DC: 0 FLAG_ZERO: False FLAG_LT: 0 FLAG_GT: 1
INPUT_PORT:  []
OUT_PORT:  []
DATA_MEM:  [872, 406]
---------------------------------------
DEBUG    root:machine.py:309 INC 
TICK: 42266 PC:   1 ADDR:   0 MEM_OUT: 872 ACC: 872 BUFF: 872 DC: 0 FLAG_ZERO: False FLAG_LT: 0 FLAG_GT: 1
INPUT_PORT:  []
OUT_PORT:  []
DATA_MEM:  [872, 406]
---------------------------------------
DEBUG    root:machine.py:309 ST 0
TICK: 42269 PC:   2 ADDR:   0 MEM_OUT: 872 ACC: 873 BUFF: 872 DC: 0 FLAG_ZERO: False FLAG_LT: 0 FLAG_GT: 1
INPUT_PORT:  []
OUT_PORT:  []
DATA_MEM:  [872, 406]
---------------------------------------
DEBUG    root:machine.py:309 CMP 1000
TICK: 42273 PC:   3 ADDR:   0 MEM_OUT: 873 ACC: 873 BUFF: 872 DC: 0 FLAG_ZERO: False FLAG_LT: 0 FLAG_GT: 1
INPUT_PORT:  []
OUT_PORT:  []
DATA_MEM:  [873, 406]
---------------------------------------
DEBUG    root:machine.py:309 JGE 22
TICK: 42276 PC:   4 ADDR:   0 MEM_OUT: 873 ACC: 873 BUFF: 872 DC: 0 FLAG_ZERO: False FLAG_LT: 1 FLAG_GT: 0
INPUT_PORT:  []
OUT_PORT:  []
DATA_MEM:  [873, 406]
---------------------------------------
DEBUG    root:machine.py:309 LD 0
TICK: 42279 PC:   5 ADDR:   0 MEM_OUT: 873 ACC: 873 BUFF: 872 DC: 0 FLAG_ZERO: False FLAG_LT: 1 FLAG_GT: 0
INPUT_PORT:  []
OUT_PORT:  []
DATA_MEM:  [873, 406]
---------------------------------------
DEBUG    root:machine.py:309 MOD 3
TICK: 42283 PC:   6 ADDR:   0 MEM_OUT: 873 ACC: 873 BUFF: 872 DC: 0 FLAG_ZERO: False FLAG_LT: 1 FLAG_GT: 0
INPUT_PORT:  []
OUT_PORT:  []
DATA_MEM:  [873, 406]
---------------------------------------
DEBUG    root:machine.py:309 CMP 0
TICK: 42287 PC:   7 ADDR:   0 MEM_OUT: 873 ACC: 0 BUFF: 873 DC: 0 FLAG_ZERO: False FLAG_LT: 1 FLAG_GT: 0
INPUT_PORT:  []
OUT_PORT:  []
DATA_MEM:  [873, 406]
---------------------------------------
DEBUG    root:machine.py:309 JE 14
TICK: 42290 PC:   8 ADDR:   0 MEM_OUT: 873 ACC: 0 BUFF: 873 DC: 0 FLAG_ZERO: True FLAG_LT: 0 FLAG_GT: 0
INPUT_PORT:  []
OUT_PORT:  []
DATA_MEM:  [873, 406]
---------------------------------------
DEBUG    root:machine.py:309 LD 4
TICK: 42293 PC:  14 ADDR:   0 MEM_OUT: 873 ACC: 0 BUFF: 873 DC: 0 FLAG_ZERO: True FLAG_LT: 0 FLAG_GT: 0
INPUT_PORT:  []
OUT_PORT:  []
DATA_MEM:  [873, 406]
---------------------------------------
DEBUG    root:machine.py:309 INC 
TICK: 42297 PC:  15 ADDR:   1 MEM_OUT: 406 ACC: 406 BUFF: 873 DC: 0 FLAG_ZERO: True FLAG_LT: 0 FLAG_GT: 0
INPUT_PORT:  []
OUT_PORT:  []
DATA_MEM:  [873, 406]
---------------------------------------
DEBUG    root:machine.py:309 ST 4
TICK: 42300 PC:  16 ADDR:   1 MEM_OUT: 406 ACC: 407 BUFF: 873 DC: 0 FLAG_ZERO: True FLAG_LT: 0 FLAG_GT: 0
INPUT_PORT:  []
OUT_PORT:  []
DATA_MEM:  [873, 406]
---------------------------------------
DEBUG    root:machine.py:309 JMP 0
TICK: 42304 PC:  17 ADDR:   1 MEM_OUT: 407 ACC: 407 BUFF: 873 DC: 0 FLAG_ZERO: True FLAG_LT: 0 FLAG_GT: 0
INPUT_PORT:  []
OUT_PORT:  []
DATA_MEM:  [873, 407]
---------------------------------------
DEBUG    root:machine.py:309 LD 0
TICK: 42307 PC:   0 ADDR:   1 MEM_OUT: 407 ACC: 407 BUFF: 873 DC: 0 FLAG_ZERO: True FLAG_LT: 0 FLAG_GT: 0
INPUT_PORT:  []
OUT_PORT:  []
DATA_MEM:  [873, 407]
---------------------------------------
DEBUG    root:machine.py:309 INC 
TICK: 42311 PC:   1 ADDR:   0 MEM_OUT: 873 ACC: 873 BUFF: 873 DC: 0 FLAG_ZERO: True FLAG_LT: 0 FLAG_GT: 0
INPUT_PORT:  []
OUT_PORT:  []
DATA_MEM:  [873, 407]
---------------------------------------
DEBUG    root:machine.py:309 ST 0
TICK: 42314 PC:   2 ADDR:   0 MEM_OUT: 873 ACC: 874 BUFF: 873 DC: 0 FLAG_ZERO: True FLAG_LT: 0 FLAG_GT: 0
INPUT_PORT:  []
OUT_PORT:  []
DATA_MEM:  [873, 407]
---------------------------------------
DEBUG    root:machine.py:309 CMP 1000
TICK: 42318 PC:   3 ADDR:   0 MEM_OUT: 874 ACC: 874 BUFF: 873 DC: 0 FLAG_ZERO: True FLAG_LT: 0 FLAG_GT: 0
INPUT_PORT:  []
OUT_PORT:  []
DATA_MEM:  [874, 407]
---------------------------------------
DEBUG    root:machine.py:309 JGE 22
TICK: 42321 PC:   4 ADDR:   0 MEM_OUT: 874 ACC: 874 BUFF: 873 DC: 0 FLAG_ZERO: False FLAG_LT: 1 FLAG_GT: 0
INPUT_PORT:  []
OUT_PORT:  []
DATA_MEM:  [874, 407]
---------------------------------------
DEBUG    root:machine.py:309 LD 0
TICK: 42324 PC:   5 ADDR:   0 MEM_OUT: 874 ACC: 874 BUFF: 873 DC: 0 FLAG_ZERO: False FLAG_LT: 1 FLAG_GT: 0
INPUT_PORT:  []
OUT_PORT:  []
DATA_MEM:  [874, 407]
---------------------------------------
DEBUG    root:machine.py:309 MOD 3
TICK: 42328 PC:   6 ADDR:   0 MEM_OUT: 874 ACC: 874 BUFF: 873 DC: 0 FLAG_ZERO: False FLAG_LT: 1 FLAG_GT: 0
INPUT_PORT:  []
OUT_PORT:  []
DATA_MEM:  [874, 407]
---------------------------------------
DEBUG    root:machine.py:309 CMP 0
TICK: 42332 PC:   7 ADDR:   0 MEM_OUT: 874 ACC: 1 BUFF: 874 DC: 0 FLAG_ZERO: False FLAG_LT: 1 FLAG_GT: 0
INPUT_PORT:  []
OUT_PORT:  []
DATA_MEM:  [874, 407]
---------------------------------------
DEBUG    root:machine.py:309 JE 14
TICK: 42335 PC:   8 ADDR:   0 MEM_OUT: 874 ACC: 1 BUFF: 874 DC: 0 FLAG_ZERO: False FLAG_LT: 0 FLAG_GT: 1
INPUT_PORT:  []
OUT_PORT:  []
DATA_MEM:  [874, 407]
---------------------------------------
DEBUG    root:machine.py:309 LD 0
TICK: 42338 PC:   9 ADDR:   0 MEM_OUT: 874 ACC: 1 BUFF: 874 DC: 0 FLAG_ZERO: False FLAG_LT: 0 FLAG_GT: 1
INPUT_PORT:  []
OUT_PORT:  []
DATA_MEM:  [874, 407]
---------------------------------------
DEBUG    root:machine.py:309 MOD 5
TICK: 42342 PC:  10 ADDR:   0 MEM_OUT: 874 ACC: 874 BUFF: 874 DC: 0 FLAG_ZERO: False FLAG_LT: 0 FLAG_GT: 1
INPUT_PORT:  []
OUT_PORT:  []
DATA_MEM:  [874, 407]
---------------------------------------
DEBUG    root:machine.py:309 CMP 0
TICK: 42346 PC:  11 ADDR:   0 MEM_OUT: 874 ACC: 4 BUFF: 874 DC: 0 FLAG_ZERO: False FLAG_LT: 0 FLAG_GT: 1
INPUT_PORT:  []
OUT_PORT:  []
DATA_MEM:  [874, 407]
---------------------------------------
DEBUG    root:machine.py:309 JE 18
TICK: 42349 PC:  12 ADDR:   0 MEM_OUT: 874 ACC: 4 BUFF: 874 DC: 0 FLAG_ZERO: False FLAG_LT: 0 FLAG_GT: 1
INPUT_PORT:  []
OUT_PORT:  []
DATA_MEM:  [874, 407]
---------------------------------------
DEBUG    root:machine.py:309 JMP 0
TICK: 42352 PC:  13 ADDR:   0 MEM_OUT: 874 ACC: 4 BUFF: 874 DC: 0 FLAG_ZERO: False FLAG_LT: 0 FLAG_GT: 1
INPUT_PORT:  []
OUT_PORT:  []
DATA_MEM:  [874, 407]
---------------------------------------
DEBUG    root:machine.py:309 LD 0
TICK: 42355 PC:   0 ADDR:   0 MEM_OUT: 874 ACC: 4 BUFF: 874 DC: 0 FLAG_ZERO: False FLAG_LT: 0 FLAG_GT: 1
INPUT_PORT:  []
OUT_PORT:  []
DATA_MEM:  [874, 407]
---------------------------------------
DEBUG    root:machine.py:309 INC 
TICK: 42359 PC:   1 ADDR:   0 MEM_OUT: 874 ACC: 874 BUFF: 874 DC: 0 FLAG_ZERO: False FLAG_LT: 0 FLAG_GT: 1
INPUT_PORT:  []
OUT_PORT:  []
DATA_MEM:  [874, 407]
---------------------------------------
DEBUG    root:machine.py:309 ST 0
TICK: 42362 PC:   2 ADDR:   0 MEM_OUT: 874 ACC: 875 BUFF: 874 DC: 0 FLAG_ZERO: False FLAG_LT: 0 FLAG_GT: 1
INPUT_PORT:  []
OUT_PORT:  []
DATA_MEM:  [874, 407]
---------------------------------------
DEBUG    root:machine.py:309 CMP 1000
TICK: 42366 PC:   3 ADDR:   0 MEM_OUT: 875 ACC: 875 BUFF: 874 DC: 0 FLAG_ZERO: False FLAG_LT: 0 FLAG_GT: 1
INPUT_PORT:  []
OUT_PORT:  []
DATA_MEM:  [875, 407]
---------------------------------------
DEBUG    root:machine.py:309 JGE 22
TICK: 42369 PC:   4 ADDR:   0 MEM_OUT: 875 ACC: 875 BUFF: 874 DC: 0 FLAG_ZERO: False FLAG_LT: 1 FLAG_GT: 0
INPUT_PORT:  []
OUT_PORT:  []
DATA_MEM:  [875, 407]
---------------------------------------
DEBUG    root:machine.py:309 LD 0
TICK: 42372 PC:   5 ADDR:   0 MEM_OUT: 875 ACC: 875 BUFF: 874 DC: 0 FLAG_ZERO: False FLAG_LT: 1 FLAG_GT: 0
INPUT_PORT:  []
OUT_PORT:  []
DATA_MEM:  [875, 407]
---------------------------------------
DEBUG    root:machine.py:309 MOD 3
TICK: 42376 PC:   6 ADDR:   0 MEM_OUT: 875 ACC: 875 BUFF: 874 DC: 0 FLAG_ZERO: False FLAG_LT: 1 FLAG_GT: 0
INPUT_PORT:  []
OUT_PORT:  []
DATA_MEM:  [875, 407]
---------------------------------------
DEBUG    root:machine.py:309 CMP 0
TICK: 42380 PC:   7 ADDR:   0 MEM_OUT: 875 ACC: 2 BUFF: 875 DC: 0 FLAG_ZERO: False FLAG_LT: 1 FLAG_GT: 0
INPUT_PORT:  []
OUT_PORT:  []
DATA_MEM:  [875, 407]
---------------------------------------
DEBUG    root:machine.py:309 JE 14
TICK: 42383 PC:   8 ADDR:   0 MEM_OUT: 875 ACC: 2 BUFF: 875 DC: 0 FLAG_ZERO: False FLAG_LT: 0 FLAG_GT: 1
INPUT_PORT:  []
OUT_PORT:  []
DATA_MEM:  [875, 407]
---------------------------------------
DEBUG    root:machine.py:309 LD 0
TICK: 42386 PC:   9 ADDR:   0 MEM_OUT: 875 ACC: 2 BUFF: 875 DC: 0 FLAG_ZERO: False FLAG_LT: 0 FLAG_GT: 1
INPUT_PORT:  []
OUT_PORT:  []
DATA_MEM:  [875, 407]
---------------------------------------
DEBUG    root:machine.py:309 MOD 5
TICK: 42390 PC:  10 ADDR:   0 MEM_OUT: 875 ACC: 875 BUFF: 875 DC: 0 FLAG_ZERO: False FLAG_LT: 0 FLAG_GT: 1
INPUT_PORT:  []
OUT_PORT:  []
DATA_MEM:  [875, 407]
---------------------------------------
DEBUG    root:machine.py:309 CMP 0
TICK: 42394 PC:  11 ADDR:   0 MEM_OUT: 875 ACC: 0 BUFF: 875 DC: 0 FLAG_ZERO: False FLAG_LT: 0 FLAG_GT: 1
INPUT_PORT:  []
OUT_PORT:  []
DATA_MEM:  [875, 407]
---------------------------------------
DEBUG    root:machine.py:309 JE 18
TICK: 42397 PC:  12 ADDR:   0 MEM_OUT: 875 ACC: 0 BUFF: 875 DC: 0 FLAG_ZERO: True FLAG_LT: 0 FLAG_GT: 0
INPUT_PORT:  []
OUT_PORT:  []
DATA_MEM:  [875, 407]
---------------------------------------
DEBUG    root:machine.py:309 LD 4
TICK: 42400 PC:  18 ADDR:   0 MEM_OUT: 875 ACC: 0 BUFF: 875 DC: 0 FLAG_ZERO: True FLAG_LT: 0 FLAG_GT: 0
INPUT_PORT:  []
OUT_PORT:  []
DATA_MEM:  [875, 407]
---------------------------------------
DEBUG    root:machine.py:309 INC 
TICK: 42404 PC:  19 ADDR:   1 MEM_OUT: 407 ACC: 407 BUFF: 875 DC: 0 FLAG_ZERO: True FLAG_LT: 0 FLAG_GT: 0
INPUT_PORT:  []
OUT_PORT:  []
DATA_MEM:  [875, 407]
---------------------------------------
DEBUG    root:machine.py:309 ST 4
TICK: 42407 PC:  20 ADDR:   1 MEM_OUT: 407 ACC: 408 BUFF: 875 DC: 0 FLAG_ZERO: True FLAG_LT: 0 FLAG_GT: 0
INPUT_PORT:  []
OUT_PORT:  []
DATA_MEM:  [875, 407]
---------------------------------------
DEBUG    root:machine.py:309 JMP 0
TICK: 42411 PC:  21 ADDR:   1 MEM_OUT: 408 ACC: 408 BUFF: 875 DC: 0 FLAG_ZERO: True FLAG_LT: 0 FLAG_GT: 0
INPUT_PORT:  []
OUT_PORT:  []
DATA_MEM:  [875, 408]
---------------------------------------
DEBUG    root:machine.py:309 LD 0
TICK: 42414 PC:   0 ADDR:   1 MEM_OUT: 408 ACC: 408 BUFF: 875 DC: 0 FLAG_ZERO: True FLAG_LT: 0 FLAG_GT: 0
INPUT_PORT:  []
OUT_PORT:  []
DATA_MEM:  [875, 408]
---------------------------------------
DEBUG    root:machine.py:309 INC 
TICK: 42418 PC:   1 ADDR:   0 MEM_OUT: 875 ACC: 875 BUFF: 875 DC: 0 FLAG_ZERO: True FLAG_LT: 0 FLAG_GT: 0
INPUT_PORT:  []
OUT_PORT:  []
DATA_MEM:  [875, 408]
---------------------------------------
DEBUG    root:machine.py:309 ST 0
TICK: 42421 PC:   2 ADDR:   0 MEM_OUT: 875 ACC: 876 BUFF: 875 DC: 0 FLAG_ZERO: True FLAG_LT: 0 FLAG_GT: 0
INPUT_PORT:  []
OUT_PORT:  []
DATA_MEM:  [875, 408]
---------------------------------------
DEBUG    root:machine.py:309 CMP 1000
TICK: 42425 PC:   3 ADDR:   0 MEM_OUT: 876 ACC: 876 BUFF: 875 DC: 0 FLAG_ZERO: True FLAG_LT: 0 FLAG_GT: 0
INPUT_PORT:  []
OUT_PORT:  []
DATA_MEM:  [876, 408]
---------------------------------------
DEBUG    root:machine.py:309 JGE 22
TICK: 42428 PC:   4 ADDR:   0 MEM_OUT: 876 ACC: 876 BUFF: 875 DC: 0 FLAG_ZERO: False FLAG_LT: 1 FLAG_GT: 0
INPUT_PORT:  []
OUT_PORT:  []
DATA_MEM:  [876, 408]
---------------------------------------
DEBUG    root:machine.py:309 LD 0
TICK: 42431 PC:   5 ADDR:   0 MEM_OUT: 876 ACC: 876 BUFF: 875 DC: 0 FLAG_ZERO: False FLAG_LT: 1 FLAG_GT: 0
INPUT_PORT:  []
OUT_PORT:  []
DATA_MEM:  [876, 408]
---------------------------------------
DEBUG    root:machine.py:309 MOD 3
TICK: 42435 PC:   6 ADDR:   0 MEM_OUT: 876 ACC: 876 BUFF: 875 DC: 0 FLAG_ZERO: False FLAG_LT: 1 FLAG_GT: 0
INPUT_PORT:  []
OUT_PORT:  []
DATA_MEM:  [876, 408]
---------------------------------------
DEBUG    root:machine.py:309 CMP 0
TICK: 42439 PC:   7 ADDR:   0 MEM_OUT: 876 ACC: 0 BUFF: 876 DC: 0 FLAG_ZERO: False FLAG_LT: 1 FLAG_GT: 0
INPUT_PORT:  []
OUT_PORT:  []
DATA_MEM:  [876, 408]
---------------------------------------
DEBUG    root:machine.py:309 JE 14
TICK: 42442 PC:   8 ADDR:   0 MEM_OUT: 876 ACC: 0 BUFF: 876 DC: 0 FLAG_ZERO: True FLAG_LT: 0 FLAG_GT: 0
INPUT_PORT:  []
OUT_PORT:  []
DATA_MEM:  [876, 408]
---------------------------------------
DEBUG    root:machine.py:309 LD 4
TICK: 42445 PC:  14 ADDR:   0 MEM_OUT: 876 ACC: 0 BUFF: 876 DC: 0 FLAG_ZERO: True FLAG_LT: 0 FLAG_GT: 0
INPUT_PORT:  []
OUT_PORT:  []
DATA_MEM:  [876, 408]
---------------------------------------
DEBUG    root:machine.py:309 INC 
TICK: 42449 PC:  15 ADDR:   1 MEM_OUT: 408 ACC: 408 BUFF: 876 DC: 0 FLAG_ZERO: True FLAG_LT: 0 FLAG_GT: 0
INPUT_PORT:  []
OUT_PORT:  []
DATA_MEM:  [876, 408]
---------------------------------------
DEBUG    root:machine.py:309 ST 4
TICK: 42452 PC:  16 ADDR:   1 MEM_OUT: 408 ACC: 409 BUFF: 876 DC: 0 FLAG_ZERO: True FLAG_LT: 0 FLAG_GT: 0
INPUT_PORT:  []
OUT_PORT:  []
DATA_MEM:  [876, 408]
---------------------------------------
DEBUG    root:machine.py:309 JMP 0
TICK: 42456 PC:  17 ADDR:   1 MEM_OUT: 409 ACC: 409 BUFF: 876 DC: 0 FLAG_ZERO: True FLAG_LT: 0 FLAG_GT: 0
INPUT_PORT:  []
OUT_PORT:  []
DATA_MEM:  [876, 409]
---------------------------------------
DEBUG    root:machine.py:309 LD 0
TICK: 42459 PC:   0 ADDR:   1 MEM_OUT: 409 ACC: 409 BUFF: 876 DC: 0 FLAG_ZERO: True FLAG_LT: 0 FLAG_GT: 0
INPUT_PORT:  []
OUT_PORT:  []
DATA_MEM:  [876, 409]
---------------------------------------
DEBUG    root:machine.py:309 INC 
TICK: 42463 PC:   1 ADDR:   0 MEM_OUT: 876 ACC: 876 BUFF: 876 DC: 0 FLAG_ZERO: True FLAG_LT: 0 FLAG_GT: 0
INPUT_PORT:  []
OUT_PORT:  []
DATA_MEM:  [876, 409]
---------------------------------------
DEBUG    root:machine.py:309 ST 0
TICK: 42466 PC:   2 ADDR:   0 MEM_OUT: 876 ACC: 877 BUFF: 876 DC: 0 FLAG_ZERO: True FLAG_LT: 0 FLAG_GT: 0
INPUT_PORT:  []
OUT_PORT:  []
DATA_MEM:  [876, 409]
---------------------------------------
DEBUG    root:machine.py:309 CMP 1000
TICK: 42470 PC:   3 ADDR:   0 MEM_OUT: 877 ACC: 877 BUFF: 876 DC: 0 FLAG_ZERO: True FLAG_LT: 0 FLAG_GT: 0
INPUT_PORT:  []
OUT_PORT:  []
DATA_MEM:  [877, 409]
---------------------------------------
DEBUG    root:machine.py:309 JGE 22
TICK: 42473 PC:   4 ADDR:   0 MEM_OUT: 877 ACC: 877 BUFF: 876 DC: 0 FLAG_ZERO: False FLAG_LT: 1 FLAG_GT: 0
INPUT_PORT:  []
OUT_PORT:  []
DATA_MEM:  [877, 409]
---------------------------------------
DEBUG    root:machine.py:309 LD 0
TICK: 42476 PC:   5 ADDR:   0 MEM_OUT: 877 ACC: 877 BUFF: 876 DC: 0 FLAG_ZERO: False FLAG_LT: 1 FLAG_GT: 0
INPUT_PORT:  []
OUT_PORT:  []
DATA_MEM:  [877, 409]
---------------------------------------
DEBUG    root:machine.py:309 MOD 3
TICK: 42480 PC:   6 ADDR:   0 MEM_OUT: 877 ACC: 877 BUFF: 876 DC: 0 FLAG_ZERO: False FLAG_LT: 1 FLAG_GT: 0
INPUT_PORT:  []
OUT_PORT:  []
DATA_MEM:  [877, 409]
---------------------------------------
DEBUG    root:machine.py:309 CMP 0
TICK: 42484 PC:   7 ADDR:   0 MEM_OUT: 877 ACC: 1 BUFF: 877 DC: 0 FLAG_ZERO: False FLAG_LT: 1 FLAG_GT: 0
INPUT_PORT:  []
OUT_PORT:  []
DATA_MEM:  [877, 409]
---------------------------------------
DEBUG    root:machine.py:309 JE 14
TICK: 42487 PC:   8 ADDR:   0 MEM_OUT: 877 ACC: 1 BUFF: 877 DC: 0 FLAG_ZERO: False FLAG_LT: 0 FLAG_GT: 1
INPUT_PORT:  []
OUT_PORT:  []
DATA_MEM:  [877, 409]
---------------------------------------
DEBUG    root:machine.py:309 LD 0
TICK: 42490 PC:   9 ADDR:   0 MEM_OUT: 877 ACC: 1 BUFF: 877 DC: 0 FLAG_ZERO: False FLAG_LT: 0 FLAG_GT: 1
INPUT_PORT:  []
OUT_PORT:  []
DATA_MEM:  [877, 409]
---------------------------------------
DEBUG    root:machine.py:309 MOD 5
TICK: 42494 PC:  10 ADDR:   0 MEM_OUT: 877 ACC: 877 BUFF: 877 DC: 0 FLAG_ZERO: False FLAG_LT: 0 FLAG_GT: 1
INPUT_PORT:  []
OUT_PORT:  []
DATA_MEM:  [877, 409]
---------------------------------------
DEBUG    root:machine.py:309 CMP 0
TICK: 42498 PC:  11 ADDR:   0 MEM_OUT: 877 ACC: 2 BUFF: 877 DC: 0 FLAG_ZERO: False FLAG_LT: 0 FLAG_GT: 1
INPUT_PORT:  []
OUT_PORT:  []
DATA_MEM:  [877, 409]
---------------------------------------
DEBUG    root:machine.py:309 JE 18
TICK: 42501 PC:  12 ADDR:   0 MEM_OUT: 877 ACC: 2 BUFF: 877 DC: 0 FLAG_ZERO: False FLAG_LT: 0 FLAG_GT: 1
INPUT_PORT:  []
OUT_PORT:  []
DATA_MEM:  [877, 409]
---------------------------------------
DEBUG    root:machine.py:309 JMP 0
TICK: 42504 PC:  13 ADDR:   0 MEM_OUT: 877 ACC: 2 BUFF: 877 DC: 0 FLAG_ZERO: False FLAG_LT: 0 FLAG_GT: 1
INPUT_PORT:  []
OUT_PORT:  []
DATA_MEM:  [877, 409]
---------------------------------------
DEBUG    root:machine.py:309 LD 0
TICK: 42507 PC:   0 ADDR:   0 MEM_OUT: 877 ACC: 2 BUFF: 877 DC: 0 FLAG_ZERO: False FLAG_LT: 0 FLAG_GT: 1
INPUT_PORT:  []
OUT_PORT:  []
DATA_MEM:  [877, 409]
---------------------------------------
DEBUG    root:machine.py:309 INC 
TICK: 42511 PC:   1 ADDR:   0 MEM_OUT: 877 ACC: 877 BUFF: 877 DC: 0 FLAG_ZERO: False FLAG_LT: 0 FLAG_GT: 1
INPUT_PORT:  []
OUT_PORT:  []
DATA_MEM:  [877, 409]
---------------------------------------
DEBUG    root:machine.py:309 ST 0
TICK: 42514 PC:   2 ADDR:   0 MEM_OUT: 877 ACC: 878 BUFF: 877 DC: 0 FLAG_ZERO: False FLAG_LT: 0 FLAG_GT: 1
INPUT_PORT:  []
OUT_PORT:  []
DATA_MEM:  [877, 409]
---------------------------------------
DEBUG    root:machine.py:309 CMP 1000
TICK: 42518 PC:   3 ADDR:   0 MEM_OUT: 878 ACC: 878 BUFF: 877 DC: 0 FLAG_ZERO: False FLAG_LT: 0 FLAG_GT: 1
INPUT_PORT:  []
OUT_PORT:  []
DATA_MEM:  [878, 409]
---------------------------------------
DEBUG    root:machine.py:309 JGE 22
TICK: 42521 PC:   4 ADDR:   0 MEM_OUT: 878 ACC: 878 BUFF: 877 DC: 0 FLAG_ZERO: False FLAG_LT: 1 FLAG_GT: 0
INPUT_PORT:  []
OUT_PORT:  []
DATA_MEM:  [878, 409]
---------------------------------------
DEBUG    root:machine.py:309 LD 0
TICK: 42524 PC:   5 ADDR:   0 MEM_OUT: 878 ACC: 878 BUFF: 877 DC: 0 FLAG_ZERO: False FLAG_LT: 1 FLAG_GT: 0
INPUT_PORT:  []
OUT_PORT:  []
DATA_MEM:  [878, 409]
---------------------------------------
DEBUG    root:machine.py:309 MOD 3
TICK: 42528 PC:   6 ADDR:   0 MEM_OUT: 878 ACC: 878 BUFF: 877 DC: 0 FLAG_ZERO: False FLAG_LT: 1 FLAG_GT: 0
INPUT_PORT:  []
OUT_PORT:  []
DATA_MEM:  [878, 409]
---------------------------------------
DEBUG    root:machine.py:309 CMP 0
TICK: 42532 PC:   7 ADDR:   0 MEM_OUT: 878 ACC: 2 BUFF: 878 DC: 0 FLAG_ZERO: False FLAG_LT: 1 FLAG_GT: 0
INPUT_PORT:  []
OUT_PORT:  []
DATA_MEM:  [878, 409]
---------------------------------------
DEBUG    root:machine.py:309 JE 14
TICK: 42535 PC:   8 ADDR:   0 MEM_OUT: 878 ACC: 2 BUFF: 878 DC: 0 FLAG_ZERO: False FLAG_LT: 0 FLAG_GT: 1
INPUT_PORT:  []
OUT_PORT:  []
DATA_MEM:  [878, 409]
---------------------------------------
DEBUG    root:machine.py:309 LD 0
TICK: 42538 PC:   9 ADDR:   0 MEM_OUT: 878 ACC: 2 BUFF: 878 DC: 0 FLAG_ZERO: False FLAG_LT: 0 FLAG_GT: 1
INPUT_PORT:  []
OUT_PORT:  []
DATA_MEM:  [878, 409]
---------------------------------------
DEBUG    root:machine.py:309 MOD 5
TICK: 42542 PC:  10 ADDR:   0 MEM_OUT: 878 ACC: 878 BUFF: 878 DC: 0 FLAG_ZERO: False FLAG_LT: 0 FLAG_GT: 1
INPUT_PORT:  []
OUT_PORT:  []
DATA_MEM:  [878, 409]
---------------------------------------
DEBUG    root:machine.py:309 CMP 0
TICK: 42546 PC:  11 ADDR:   0 MEM_OUT: 878 ACC: 3 BUFF: 878 DC: 0 FLAG_ZERO: False FLAG_LT: 0 FLAG_GT: 1
INPUT_PORT:  []
OUT_PORT:  []
DATA_MEM:  [878, 409]
---------------------------------------
DEBUG    root:machine.py:309 JE 18
TICK: 42549 PC:  12 ADDR:   0 MEM_OUT: 878 ACC: 3 BUFF: 878 DC: 0 FLAG_ZERO: False FLAG_LT: 0 FLAG_GT: 1
INPUT_PORT:  []
OUT_PORT:  []
DATA_MEM:  [878, 409]
---------------------------------------
DEBUG    root:machine.py:309 JMP 0
TICK: 42552 PC:  13 ADDR:   0 MEM_OUT: 878 ACC: 3 BUFF: 878 DC: 0 FLAG_ZERO: False FLAG_LT: 0 FLAG_GT: 1
INPUT_PORT:  []
OUT_PORT:  []
DATA_MEM:  [878, 409]
---------------------------------------
DEBUG    root:machine.py:309 LD 0
TICK: 42555 PC:   0 ADDR:   0 MEM_OUT: 878 ACC: 3 BUFF: 878 DC: 0 FLAG_ZERO: False FLAG_LT: 0 FLAG_GT: 1
INPUT_PORT:  []
OUT_PORT:  []
DATA_MEM:  [878, 409]
---------------------------------------
DEBUG    root:machine.py:309 INC 
TICK: 42559 PC:   1 ADDR:   0 MEM_OUT: 878 ACC: 878 BUFF: 878 DC: 0 FLAG_ZERO: False FLAG_LT: 0 FLAG_GT: 1
INPUT_PORT:  []
OUT_PORT:  []
DATA_MEM:  [878, 409]
---------------------------------------
DEBUG    root:machine.py:309 ST 0
TICK: 42562 PC:   2 ADDR:   0 MEM_OUT: 878 ACC: 879 BUFF: 878 DC: 0 FLAG_ZERO: False FLAG_LT: 0 FLAG_GT: 1
INPUT_PORT:  []
OUT_PORT:  []
DATA_MEM:  [878, 409]
---------------------------------------
DEBUG    root:machine.py:309 CMP 1000
TICK: 42566 PC:   3 ADDR:   0 MEM_OUT: 879 ACC: 879 BUFF: 878 DC: 0 FLAG_ZERO: False FLAG_LT: 0 FLAG_GT: 1
INPUT_PORT:  []
OUT_PORT:  []
DATA_MEM:  [879, 409]
---------------------------------------
DEBUG    root:machine.py:309 JGE 22
TICK: 42569 PC:   4 ADDR:   0 MEM_OUT: 879 ACC: 879 BUFF: 878 DC: 0 FLAG_ZERO: False FLAG_LT: 1 FLAG_GT: 0
INPUT_PORT:  []
OUT_PORT:  []
DATA_MEM:  [879, 409]
---------------------------------------
DEBUG    root:machine.py:309 LD 0
TICK: 42572 PC:   5 ADDR:   0 MEM_OUT: 879 ACC: 879 BUFF: 878 DC: 0 FLAG_ZERO: False FLAG_LT: 1 FLAG_GT: 0
INPUT_PORT:  []
OUT_PORT:  []
DATA_MEM:  [879, 409]
---------------------------------------
DEBUG    root:machine.py:309 MOD 3
TICK: 42576 PC:   6 ADDR:   0 MEM_OUT: 879 ACC: 879 BUFF: 878 DC: 0 FLAG_ZERO: False FLAG_LT: 1 FLAG_GT: 0
INPUT_PORT:  []
OUT_PORT:  []
DATA_MEM:  [879, 409]
---------------------------------------
DEBUG    root:machine.py:309 CMP 0
TICK: 42580 PC:   7 ADDR:   0 MEM_OUT: 879 ACC: 0 BUFF: 879 DC: 0 FLAG_ZERO: False FLAG_LT: 1 FLAG_GT: 0
INPUT_PORT:  []
OUT_PORT:  []
DATA_MEM:  [879, 409]
---------------------------------------
DEBUG    root:machine.py:309 JE 14
TICK: 42583 PC:   8 ADDR:   0 MEM_OUT: 879 ACC: 0 BUFF: 879 DC: 0 FLAG_ZERO: True FLAG_LT: 0 FLAG_GT: 0
INPUT_PORT:  []
OUT_PORT:  []
DATA_MEM:  [879, 409]
---------------------------------------
DEBUG    root:machine.py:309 LD 4
TICK: 42586 PC:  14 ADDR:   0 MEM_OUT: 879 ACC: 0 BUFF: 879 DC: 0 FLAG_ZERO: True FLAG_LT: 0 FLAG_GT: 0
INPUT_PORT:  []
OUT_PORT:  []
DATA_MEM:  [879, 409]
---------------------------------------
DEBUG    root:machine.py:309 INC 
TICK: 42590 PC:  15 ADDR:   1 MEM_OUT: 409 ACC: 409 BUFF: 879 DC: 0 FLAG_ZERO: True FLAG_LT: 0 FLAG_GT: 0
INPUT_PORT:  []
OUT_PORT:  []
DATA_MEM:  [879, 409]
---------------------------------------
DEBUG    root:machine.py:309 ST 4
TICK: 42593 PC:  16 ADDR:   1 MEM_OUT: 409 ACC: 410 BUFF: 879 DC: 0 FLAG_ZERO: True FLAG_LT: 0 FLAG_GT: 0
INPUT_PORT:  []
OUT_PORT:  []
DATA_MEM:  [879, 409]
---------------------------------------
DEBUG    root:machine.py:309 JMP 0
TICK: 42597 PC:  17 ADDR:   1 MEM_OUT: 410 ACC: 410 BUFF: 879 DC: 0 FLAG_ZERO: True FLAG_LT: 0 FLAG_GT: 0
INPUT_PORT:  []
OUT_PORT:  []
DATA_MEM:  [879, 410]
---------------------------------------
DEBUG    root:machine.py:309 LD 0
TICK: 42600 PC:   0 ADDR:   1 MEM_OUT: 410 ACC: 410 BUFF: 879 DC: 0 FLAG_ZERO: True FLAG_LT: 0 FLAG_GT: 0
INPUT_PORT:  []
OUT_PORT:  []
DATA_MEM:  [879, 410]
---------------------------------------
DEBUG    root:machine.py:309 INC 
TICK: 42604 PC:   1 ADDR:   0 MEM_OUT: 879 ACC: 879 BUFF: 879 DC: 0 FLAG_ZERO: True FLAG_LT: 0 FLAG_GT: 0
INPUT_PORT:  []
OUT_PORT:  []
DATA_MEM:  [879, 410]
---------------------------------------
DEBUG    root:machine.py:309 ST 0
TICK: 42607 PC:   2 ADDR:   0 MEM_OUT: 879 ACC: 880 BUFF: 879 DC: 0 FLAG_ZERO: True FLAG_LT: 0 FLAG_GT: 0
INPUT_PORT:  []
OUT_PORT:  []
DATA_MEM:  [879, 410]
---------------------------------------
DEBUG    root:machine.py:309 CMP 1000
TICK: 42611 PC:   3 ADDR:   0 MEM_OUT: 880 ACC: 880 BUFF: 879 DC: 0 FLAG_ZERO: True FLAG_LT: 0 FLAG_GT: 0
INPUT_PORT:  []
OUT_PORT:  []
DATA_MEM:  [880, 410]
---------------------------------------
DEBUG    root:machine.py:309 JGE 22
TICK: 42614 PC:   4 ADDR:   0 MEM_OUT: 880 ACC: 880 BUFF: 879 DC: 0 FLAG_ZERO: False FLAG_LT: 1 FLAG_GT: 0
INPUT_PORT:  []
OUT_PORT:  []
DATA_MEM:  [880, 410]
---------------------------------------
DEBUG    root:machine.py:309 LD 0
TICK: 42617 PC:   5 ADDR:   0 MEM_OUT: 880 ACC: 880 BUFF: 879 DC: 0 FLAG_ZERO: False FLAG_LT: 1 FLAG_GT: 0
INPUT_PORT:  []
OUT_PORT:  []
DATA_MEM:  [880, 410]
---------------------------------------
DEBUG    root:machine.py:309 MOD 3
TICK: 42621 PC:   6 ADDR:   0 MEM_OUT: 880 ACC: 880 BUFF: 879 DC: 0 FLAG_ZERO: False FLAG_LT: 1 FLAG_GT: 0
INPUT_PORT:  []
OUT_PORT:  []
DATA_MEM:  [880, 410]
---------------------------------------
DEBUG    root:machine.py:309 CMP 0
TICK: 42625 PC:   7 ADDR:   0 MEM_OUT: 880 ACC: 1 BUFF: 880 DC: 0 FLAG_ZERO: False FLAG_LT: 1 FLAG_GT: 0
INPUT_PORT:  []
OUT_PORT:  []
DATA_MEM:  [880, 410]
---------------------------------------
DEBUG    root:machine.py:309 JE 14
TICK: 42628 PC:   8 ADDR:   0 MEM_OUT: 880 ACC: 1 BUFF: 880 DC: 0 FLAG_ZERO: False FLAG_LT: 0 FLAG_GT: 1
INPUT_PORT:  []
OUT_PORT:  []
DATA_MEM:  [880, 410]
---------------------------------------
DEBUG    root:machine.py:309 LD 0
TICK: 42631 PC:   9 ADDR:   0 MEM_OUT: 880 ACC: 1 BUFF: 880 DC: 0 FLAG_ZERO: False FLAG_LT: 0 FLAG_GT: 1
INPUT_PORT:  []
OUT_PORT:  []
DATA_MEM:  [880, 410]
---------------------------------------
DEBUG    root:machine.py:309 MOD 5
TICK: 42635 PC:  10 ADDR:   0 MEM_OUT: 880 ACC: 880 BUFF: 880 DC: 0 FLAG_ZERO: False FLAG_LT: 0 FLAG_GT: 1
INPUT_PORT:  []
OUT_PORT:  []
DATA_MEM:  [880, 410]
---------------------------------------
DEBUG    root:machine.py:309 CMP 0
TICK: 42639 PC:  11 ADDR:   0 MEM_OUT: 880 ACC: 0 BUFF: 880 DC: 0 FLAG_ZERO: False FLAG_LT: 0 FLAG_GT: 1
INPUT_PORT:  []
OUT_PORT:  []
DATA_MEM:  [880, 410]
---------------------------------------
DEBUG    root:machine.py:309 JE 18
TICK: 42642 PC:  12 ADDR:   0 MEM_OUT: 880 ACC: 0 BUFF: 880 DC: 0 FLAG_ZERO: True FLAG_LT: 0 FLAG_GT: 0
INPUT_PORT:  []
OUT_PORT:  []
DATA_MEM:  [880, 410]
---------------------------------------
DEBUG    root:machine.py:309 LD 4
TICK: 42645 PC:  18 ADDR:   0 MEM_OUT: 880 ACC: 0 BUFF: 880 DC: 0 FLAG_ZERO: True FLAG_LT: 0 FLAG_GT: 0
INPUT_PORT:  []
OUT_PORT:  []
DATA_MEM:  [880, 410]
---------------------------------------
DEBUG    root:machine.py:309 INC 
TICK: 42649 PC:  19 ADDR:   1 MEM_OUT: 410 ACC: 410 BUFF: 880 DC: 0 FLAG_ZERO: True FLAG_LT: 0 FLAG_GT: 0
INPUT_PORT:  []
OUT_PORT:  []
DATA_MEM:  [880, 410]
---------------------------------------
DEBUG    root:machine.py:309 ST 4
TICK: 42652 PC:  20 ADDR:   1 MEM_OUT: 410 ACC: 411 BUFF: 880 DC: 0 FLAG_ZERO: True FLAG_LT: 0 FLAG_GT: 0
INPUT_PORT:  []
OUT_PORT:  []
DATA_MEM:  [880, 410]
---------------------------------------
DEBUG    root:machine.py:309 JMP 0
TICK: 42656 PC:  21 ADDR:   1 MEM_OUT: 411 ACC: 411 BUFF: 880 DC: 0 FLAG_ZERO: True FLAG_LT: 0 FLAG_GT: 0
INPUT_PORT:  []
OUT_PORT:  []
DATA_MEM:  [880, 411]
---------------------------------------
DEBUG    root:machine.py:309 LD 0
TICK: 42659 PC:   0 ADDR:   1 MEM_OUT: 411 ACC: 411 BUFF: 880 DC: 0 FLAG_ZERO: True FLAG_LT: 0 FLAG_GT: 0
INPUT_PORT:  []
OUT_PORT:  []
DATA_MEM:  [880, 411]
---------------------------------------
DEBUG    root:machine.py:309 INC 
TICK: 42663 PC:   1 ADDR:   0 MEM_OUT: 880 ACC: 880 BUFF: 880 DC: 0 FLAG_ZERO: True FLAG_LT: 0 FLAG_GT: 0
INPUT_PORT:  []
OUT_PORT:  []
DATA_MEM:  [880, 411]
---------------------------------------
DEBUG    root:machine.py:309 ST 0
TICK: 42666 PC:   2 ADDR:   0 MEM_OUT: 880 ACC: 881 BUFF: 880 DC: 0 FLAG_ZERO: True FLAG_LT: 0 FLAG_GT: 0
INPUT_PORT:  []
OUT_PORT:  []
DATA_MEM:  [880, 411]
---------------------------------------
DEBUG    root:machine.py:309 CMP 1000
TICK: 42670 PC:   3 ADDR:   0 MEM_OUT: 881 ACC: 881 BUFF: 880 DC: 0 FLAG_ZERO: True FLAG_LT: 0 FLAG_GT: 0
INPUT_PORT:  []
OUT_PORT:  []
DATA_MEM:  [881, 411]
---------------------------------------
DEBUG    root:machine.py:309 JGE 22
TICK: 42673 PC:   4 ADDR:   0 MEM_OUT: 881 ACC: 881 BUFF: 880 DC: 0 FLAG_ZERO: False FLAG_LT: 1 FLAG_GT: 0
INPUT_PORT:  []
OUT_PORT:  []
DATA_MEM:  [881, 411]
---------------------------------------
DEBUG    root:machine.py:309 LD 0
TICK: 42676 PC:   5 ADDR:   0 MEM_OUT: 881 ACC: 881 BUFF: 880 DC: 0 FLAG_ZERO: False FLAG_LT: 1 FLAG_GT: 0
INPUT_PORT:  []
OUT_PORT:  []
DATA_MEM:  [881, 411]
---------------------------------------
DEBUG    root:machine.py:309 MOD 3
TICK: 42680 PC:   6 ADDR:   0 MEM_OUT: 881 ACC: 881 BUFF: 880 DC: 0 FLAG_ZERO: False FLAG_LT: 1 FLAG_GT: 0
INPUT_PORT:  []
OUT_PORT:  []
DATA_MEM:  [881, 411]
---------------------------------------
DEBUG    root:machine.py:309 CMP 0
TICK: 42684 PC:   7 ADDR:   0 MEM_OUT: 881 ACC: 2 BUFF: 881 DC: 0 FLAG_ZERO: False FLAG_LT: 1 FLAG_GT: 0
INPUT_PORT:  []
OUT_PORT:  []
DATA_MEM:  [881, 411]
---------------------------------------
DEBUG    root:machine.py:309 JE 14
TICK: 42687 PC:   8 ADDR:   0 MEM_OUT: 881 ACC: 2 BUFF: 881 DC: 0 FLAG_ZERO: False FLAG_LT: 0 FLAG_GT: 1
INPUT_PORT:  []
OUT_PORT:  []
DATA_MEM:  [881, 411]
---------------------------------------
DEBUG    root:machine.py:309 LD 0
TICK: 42690 PC:   9 ADDR:   0 MEM_OUT: 881 ACC: 2 BUFF: 881 DC: 0 FLAG_ZERO: False FLAG_LT: 0 FLAG_GT: 1
INPUT_PORT:  []
OUT_PORT:  []
DATA_MEM:  [881, 411]
---------------------------------------
DEBUG    root:machine.py:309 MOD 5
TICK: 42694 PC:  10 ADDR:   0 MEM_OUT: 881 ACC: 881 BUFF: 881 DC: 0 FLAG_ZERO: False FLAG_LT: 0 FLAG_GT: 1
INPUT_PORT:  []
OUT_PORT:  []
DATA_MEM:  [881, 411]
---------------------------------------
DEBUG    root:machine.py:309 CMP 0
TICK: 42698 PC:  11 ADDR:   0 MEM_OUT: 881 ACC: 1 BUFF: 881 DC: 0 FLAG_ZERO: False FLAG_LT: 0 FLAG_GT: 1
INPUT_PORT:  []
OUT_PORT:  []
DATA_MEM:  [881, 411]
---------------------------------------
DEBUG    root:machine.py:309 JE 18
TICK: 42701 PC:  12 ADDR:   0 MEM_OUT: 881 ACC: 1 BUFF: 881 DC: 0 FLAG_ZERO: False FLAG_LT: 0 FLAG_GT: 1
INPUT_PORT:  []
OUT_PORT:  []
DATA_MEM:  [881, 411]
---------------------------------------
DEBUG    root:machine.py:309 JMP 0
TICK: 42704 PC:  13 ADDR:   0 MEM_OUT: 881 ACC: 1 BUFF: 881 DC: 0 FLAG_ZERO: False FLAG_LT: 0 FLAG_GT: 1
INPUT_PORT:  []
OUT_PORT:  []
DATA_MEM:  [881, 411]
---------------------------------------
DEBUG    root:machine.py:309 LD 0
TICK: 42707 PC:   0 ADDR:   0 MEM_OUT: 881 ACC: 1 BUFF: 881 DC: 0 FLAG_ZERO: False FLAG_LT: 0 FLAG_GT: 1
INPUT_PORT:  []
OUT_PORT:  []
DATA_MEM:  [881, 411]
---------------------------------------
DEBUG    root:machine.py:309 INC 
TICK: 42711 PC:   1 ADDR:   0 MEM_OUT: 881 ACC: 881 BUFF: 881 DC: 0 FLAG_ZERO: False FLAG_LT: 0 FLAG_GT: 1
INPUT_PORT:  []
OUT_PORT:  []
DATA_MEM:  [881, 411]
---------------------------------------
DEBUG    root:machine.py:309 ST 0
TICK: 42714 PC:   2 ADDR:   0 MEM_OUT: 881 ACC: 882 BUFF: 881 DC: 0 FLAG_ZERO: False FLAG_LT: 0 FLAG_GT: 1
INPUT_PORT:  []
OUT_PORT:  []
DATA_MEM:  [881, 411]
---------------------------------------
DEBUG    root:machine.py:309 CMP 1000
TICK: 42718 PC:   3 ADDR:   0 MEM_OUT: 882 ACC: 882 BUFF: 881 DC: 0 FLAG_ZERO: False FLAG_LT: 0 FLAG_GT: 1
INPUT_PORT:  []
OUT_PORT:  []
DATA_MEM:  [882, 411]
---------------------------------------
DEBUG    root:machine.py:309 JGE 22
TICK: 42721 PC:   4 ADDR:   0 MEM_OUT: 882 ACC: 882 BUFF: 881 DC: 0 FLAG_ZERO: False FLAG_LT: 1 FLAG_GT: 0
INPUT_PORT:  []
OUT_PORT:  []
DATA_MEM:  [882, 411]
---------------------------------------
DEBUG    root:machine.py:309 LD 0
TICK: 42724 PC:   5 ADDR:   0 MEM_OUT: 882 ACC: 882 BUFF: 881 DC: 0 FLAG_ZERO: False FLAG_LT: 1 FLAG_GT: 0
INPUT_PORT:  []
OUT_PORT:  []
DATA_MEM:  [882, 411]
---------------------------------------
DEBUG    root:machine.py:309 MOD 3
TICK: 42728 PC:   6 ADDR:   0 MEM_OUT: 882 ACC: 882 BUFF: 881 DC: 0 FLAG_ZERO: False FLAG_LT: 1 FLAG_GT: 0
INPUT_PORT:  []
OUT_PORT:  []
DATA_MEM:  [882, 411]
---------------------------------------
DEBUG    root:machine.py:309 CMP 0
TICK: 42732 PC:   7 ADDR:   0 MEM_OUT: 882 ACC: 0 BUFF: 882 DC: 0 FLAG_ZERO: False FLAG_LT: 1 FLAG_GT: 0
INPUT_PORT:  []
OUT_PORT:  []
DATA_MEM:  [882, 411]
---------------------------------------
DEBUG    root:machine.py:309 JE 14
TICK: 42735 PC:   8 ADDR:   0 MEM_OUT: 882 ACC: 0 BUFF: 882 DC: 0 FLAG_ZERO: True FLAG_LT: 0 FLAG_GT: 0
INPUT_PORT:  []
OUT_PORT:  []
DATA_MEM:  [882, 411]
---------------------------------------
DEBUG    root:machine.py:309 LD 4
TICK: 42738 PC:  14 ADDR:   0 MEM_OUT: 882 ACC: 0 BUFF: 882 DC: 0 FLAG_ZERO: True FLAG_LT: 0 FLAG_GT: 0
INPUT_PORT:  []
OUT_PORT:  []
DATA_MEM:  [882, 411]
---------------------------------------
DEBUG    root:machine.py:309 INC 
TICK: 42742 PC:  15 ADDR:   1 MEM_OUT: 411 ACC: 411 BUFF: 882 DC: 0 FLAG_ZERO: True FLAG_LT: 0 FLAG_GT: 0
INPUT_PORT:  []
OUT_PORT:  []
DATA_MEM:  [882, 411]
---------------------------------------
DEBUG    root:machine.py:309 ST 4
TICK: 42745 PC:  16 ADDR:   1 MEM_OUT: 411 ACC: 412 BUFF: 882 DC: 0 FLAG_ZERO: True FLAG_LT: 0 FLAG_GT: 0
INPUT_PORT:  []
OUT_PORT:  []
DATA_MEM:  [882, 411]
---------------------------------------
DEBUG    root:machine.py:309 JMP 0
TICK: 42749 PC:  17 ADDR:   1 MEM_OUT: 412 ACC: 412 BUFF: 882 DC: 0 FLAG_ZERO: True FLAG_LT: 0 FLAG_GT: 0
INPUT_PORT:  []
OUT_PORT:  []
DATA_MEM:  [882, 412]
---------------------------------------
DEBUG    root:machine.py:309 LD 0
TICK: 42752 PC:   0 ADDR:   1 MEM_OUT: 412 ACC: 412 BUFF: 882 DC: 0 FLAG_ZERO: True FLAG_LT: 0 FLAG_GT: 0
INPUT_PORT:  []
OUT_PORT:  []
DATA_MEM:  [882, 412]
---------------------------------------
DEBUG    root:machine.py:309 INC 
TICK: 42756 PC:   1 ADDR:   0 MEM_OUT: 882 ACC: 882 BUFF: 882 DC: 0 FLAG_ZERO: True FLAG_LT: 0 FLAG_GT: 0
INPUT_PORT:  []
OUT_PORT:  []
DATA_MEM:  [882, 412]
---------------------------------------
DEBUG    root:machine.py:309 ST 0
TICK: 42759 PC:   2 ADDR:   0 MEM_OUT: 882 ACC: 883 BUFF: 882 DC: 0 FLAG_ZERO: True FLAG_LT: 0 FLAG_GT: 0
INPUT_PORT:  []
OUT_PORT:  []
DATA_MEM:  [882, 412]
---------------------------------------
DEBUG    root:machine.py:309 CMP 1000
TICK: 42763 PC:   3 ADDR:   0 MEM_OUT: 883 ACC: 883 BUFF: 882 DC: 0 FLAG_ZERO: True FLAG_LT: 0 FLAG_GT: 0
INPUT_PORT:  []
OUT_PORT:  []
DATA_MEM:  [883, 412]
---------------------------------------
DEBUG    root:machine.py:309 JGE 22
TICK: 42766 PC:   4 ADDR:   0 MEM_OUT: 883 ACC: 883 BUFF: 882 DC: 0 FLAG_ZERO: False FLAG_LT: 1 FLAG_GT: 0
INPUT_PORT:  []
OUT_PORT:  []
DATA_MEM:  [883, 412]
---------------------------------------
DEBUG    root:machine.py:309 LD 0
TICK: 42769 PC:   5 ADDR:   0 MEM_OUT: 883 ACC: 883 BUFF: 882 DC: 0 FLAG_ZERO: False FLAG_LT: 1 FLAG_GT: 0
INPUT_PORT:  []
OUT_PORT:  []
DATA_MEM:  [883, 412]
---------------------------------------
DEBUG    root:machine.py:309 MOD 3
TICK: 42773 PC:   6 ADDR:   0 MEM_OUT: 883 ACC: 883 BUFF: 882 DC: 0 FLAG_ZERO: False FLAG_LT: 1 FLAG_GT: 0
INPUT_PORT:  []
OUT_PORT:  []
DATA_MEM:  [883, 412]
---------------------------------------
DEBUG    root:machine.py:309 CMP 0
TICK: 42777 PC:   7 ADDR:   0 MEM_OUT: 883 ACC: 1 BUFF: 883 DC: 0 FLAG_ZERO: False FLAG_LT: 1 FLAG_GT: 0
INPUT_PORT:  []
OUT_PORT:  []
DATA_MEM:  [883, 412]
---------------------------------------
DEBUG    root:machine.py:309 JE 14
TICK: 42780 PC:   8 ADDR:   0 MEM_OUT: 883 ACC: 1 BUFF: 883 DC: 0 FLAG_ZERO: False FLAG_LT: 0 FLAG_GT: 1
INPUT_PORT:  []
OUT_PORT:  []
DATA_MEM:  [883, 412]
---------------------------------------
DEBUG    root:machine.py:309 LD 0
TICK: 42783 PC:   9 ADDR:   0 MEM_OUT: 883 ACC: 1 BUFF: 883 DC: 0 FLAG_ZERO: False FLAG_LT: 0 FLAG_GT: 1
INPUT_PORT:  []
OUT_PORT:  []
DATA_MEM:  [883, 412]
---------------------------------------
DEBUG    root:machine.py:309 MOD 5
TICK: 42787 PC:  10 ADDR:   0 MEM_OUT: 883 ACC: 883 BUFF: 883 DC: 0 FLAG_ZERO: False FLAG_LT: 0 FLAG_GT: 1
INPUT_PORT:  []
OUT_PORT:  []
DATA_MEM:  [883, 412]
---------------------------------------
DEBUG    root:machine.py:309 CMP 0
TICK: 42791 PC:  11 ADDR:   0 MEM_OUT: 883 ACC: 3 BUFF: 883 DC: 0 FLAG_ZERO: False FLAG_LT: 0 FLAG_GT: 1
INPUT_PORT:  []
OUT_PORT:  []
DATA_MEM:  [883, 412]
---------------------------------------
DEBUG    root:machine.py:309 JE 18
TICK: 42794 PC:  12 ADDR:   0 MEM_OUT: 883 ACC: 3 BUFF: 883 DC: 0 FLAG_ZERO: False FLAG_LT: 0 FLAG_GT: 1
INPUT_PORT:  []
OUT_PORT:  []
DATA_MEM:  [883, 412]
---------------------------------------
DEBUG    root:machine.py:309 JMP 0
TICK: 42797 PC:  13 ADDR:   0 MEM_OUT: 883 ACC: 3 BUFF: 883 DC: 0 FLAG_ZERO: False FLAG_LT: 0 FLAG_GT: 1
INPUT_PORT:  []
OUT_PORT:  []
DATA_MEM:  [883, 412]
---------------------------------------
DEBUG    root:machine.py:309 LD 0
TICK: 42800 PC:   0 ADDR:   0 MEM_OUT: 883 ACC: 3 BUFF: 883 DC: 0 FLAG_ZERO: False FLAG_LT: 0 FLAG_GT: 1
INPUT_PORT:  []
OUT_PORT:  []
DATA_MEM:  [883, 412]
---------------------------------------
DEBUG    root:machine.py:309 INC 
TICK: 42804 PC:   1 ADDR:   0 MEM_OUT: 883 ACC: 883 BUFF: 883 DC: 0 FLAG_ZERO: False FLAG_LT: 0 FLAG_GT: 1
INPUT_PORT:  []
OUT_PORT:  []
DATA_MEM:  [883, 412]
---------------------------------------
DEBUG    root:machine.py:309 ST 0
TICK: 42807 PC:   2 ADDR:   0 MEM_OUT: 883 ACC: 884 BUFF: 883 DC: 0 FLAG_ZERO: False FLAG_LT: 0 FLAG_GT: 1
INPUT_PORT:  []
OUT_PORT:  []
DATA_MEM:  [883, 412]
---------------------------------------
DEBUG    root:machine.py:309 CMP 1000
TICK: 42811 PC:   3 ADDR:   0 MEM_OUT: 884 ACC: 884 BUFF: 883 DC: 0 FLAG_ZERO: False FLAG_LT: 0 FLAG_GT: 1
INPUT_PORT:  []
OUT_PORT:  []
DATA_MEM:  [884, 412]
---------------------------------------
DEBUG    root:machine.py:309 JGE 22
TICK: 42814 PC:   4 ADDR:   0 MEM_OUT: 884 ACC: 884 BUFF: 883 DC: 0 FLAG_ZERO: False FLAG_LT: 1 FLAG_GT: 0
INPUT_PORT:  []
OUT_PORT:  []
DATA_MEM:  [884, 412]
---------------------------------------
DEBUG    root:machine.py:309 LD 0
TICK: 42817 PC:   5 ADDR:   0 MEM_OUT: 884 ACC: 884 BUFF: 883 DC: 0 FLAG_ZERO: False FLAG_LT: 1 FLAG_GT: 0
INPUT_PORT:  []
OUT_PORT:  []
DATA_MEM:  [884, 412]
---------------------------------------
DEBUG    root:machine.py:309 MOD 3
TICK: 42821 PC:   6 ADDR:   0 MEM_OUT: 884 ACC: 884 BUFF: 883 DC: 0 FLAG_ZERO: False FLAG_LT: 1 FLAG_GT: 0
INPUT_PORT:  []
OUT_PORT:  []
DATA_MEM:  [884, 412]
---------------------------------------
DEBUG    root:machine.py:309 CMP 0
TICK: 42825 PC:   7 ADDR:   0 MEM_OUT: 884 ACC: 2 BUFF: 884 DC: 0 FLAG_ZERO: False FLAG_LT: 1 FLAG_GT: 0
INPUT_PORT:  []
OUT_PORT:  []
DATA_MEM:  [884, 412]
---------------------------------------
DEBUG    root:machine.py:309 JE 14
TICK: 42828 PC:   8 ADDR:   0 MEM_OUT: 884 ACC: 2 BUFF: 884 DC: 0 FLAG_ZERO: False FLAG_LT: 0 FLAG_GT: 1
INPUT_PORT:  []
OUT_PORT:  []
DATA_MEM:  [884, 412]
---------------------------------------
DEBUG    root:machine.py:309 LD 0
TICK: 42831 PC:   9 ADDR:   0 MEM_OUT: 884 ACC: 2 BUFF: 884 DC: 0 FLAG_ZERO: False FLAG_LT: 0 FLAG_GT: 1
INPUT_PORT:  []
OUT_PORT:  []
DATA_MEM:  [884, 412]
---------------------------------------
DEBUG    root:machine.py:309 MOD 5
TICK: 42835 PC:  10 ADDR:   0 MEM_OUT: 884 ACC: 884 BUFF: 884 DC: 0 FLAG_ZERO: False FLAG_LT: 0 FLAG_GT: 1
INPUT_PORT:  []
OUT_PORT:  []
DATA_MEM:  [884, 412]
---------------------------------------
DEBUG    root:machine.py:309 CMP 0
TICK: 42839 PC:  11 ADDR:   0 MEM_OUT: 884 ACC: 4 BUFF: 884 DC: 0 FLAG_ZERO: False FLAG_LT: 0 FLAG_GT: 1
INPUT_PORT:  []
OUT_PORT:  []
DATA_MEM:  [884, 412]
---------------------------------------
DEBUG    root:machine.py:309 JE 18
TICK: 42842 PC:  12 ADDR:   0 MEM_OUT: 884 ACC: 4 BUFF: 884 DC: 0 FLAG_ZERO: False FLAG_LT: 0 FLAG_GT: 1
INPUT_PORT:  []
OUT_PORT:  []
DATA_MEM:  [884, 412]
---------------------------------------
DEBUG    root:machine.py:309 JMP 0
TICK: 42845 PC:  13 ADDR:   0 MEM_OUT: 884 ACC: 4 BUFF: 884 DC: 0 FLAG_ZERO: False FLAG_LT: 0 FLAG_GT: 1
INPUT_PORT:  []
OUT_PORT:  []
DATA_MEM:  [884, 412]
---------------------------------------
DEBUG    root:machine.py:309 LD 0
TICK: 42848 PC:   0 ADDR:   0 MEM_OUT: 884 ACC: 4 BUFF: 884 DC: 0 FLAG_ZERO: False FLAG_LT: 0 FLAG_GT: 1
INPUT_PORT:  []
OUT_PORT:  []
DATA_MEM:  [884, 412]
---------------------------------------
DEBUG    root:machine.py:309 INC 
TICK: 42852 PC:   1 ADDR:   0 MEM_OUT: 884 ACC: 884 BUFF: 884 DC: 0 FLAG_ZERO: False FLAG_LT: 0 FLAG_GT: 1
INPUT_PORT:  []
OUT_PORT:  []
DATA_MEM:  [884, 412]
---------------------------------------
DEBUG    root:machine.py:309 ST 0
TICK: 42855 PC:   2 ADDR:   0 MEM_OUT: 884 ACC: 885 BUFF: 884 DC: 0 FLAG_ZERO: False FLAG_LT: 0 FLAG_GT: 1
INPUT_PORT:  []
OUT_PORT:  []
DATA_MEM:  [884, 412]
---------------------------------------
DEBUG    root:machine.py:309 CMP 1000
TICK: 42859 PC:   3 ADDR:   0 MEM_OUT: 885 ACC: 885 BUFF: 884 DC: 0 FLAG_ZERO: False FLAG_LT: 0 FLAG_GT: 1
INPUT_PORT:  []
OUT_PORT:  []
DATA_MEM:  [885, 412]
---------------------------------------
DEBUG    root:machine.py:309 JGE 22
TICK: 42862 PC:   4 ADDR:   0 MEM_OUT: 885 ACC: 885 BUFF: 884 DC: 0 FLAG_ZERO: False FLAG_LT: 1 FLAG_GT: 0
INPUT_PORT:  []
OUT_PORT:  []
DATA_MEM:  [885, 412]
---------------------------------------
DEBUG    root:machine.py:309 LD 0
TICK: 42865 PC:   5 ADDR:   0 MEM_OUT: 885 ACC: 885 BUFF: 884 DC: 0 FLAG_ZERO: False FLAG_LT: 1 FLAG_GT: 0
INPUT_PORT:  []
OUT_PORT:  []
DATA_MEM:  [885, 412]
---------------------------------------
DEBUG    root:machine.py:309 MOD 3
TICK: 42869 PC:   6 ADDR:   0 MEM_OUT: 885 ACC: 885 BUFF: 884 DC: 0 FLAG_ZERO: False FLAG_LT: 1 FLAG_GT: 0
INPUT_PORT:  []
OUT_PORT:  []
DATA_MEM:  [885, 412]
---------------------------------------
DEBUG    root:machine.py:309 CMP 0
TICK: 42873 PC:   7 ADDR:   0 MEM_OUT: 885 ACC: 0 BUFF: 885 DC: 0 FLAG_ZERO: False FLAG_LT: 1 FLAG_GT: 0
INPUT_PORT:  []
OUT_PORT:  []
DATA_MEM:  [885, 412]
---------------------------------------
DEBUG    root:machine.py:309 JE 14
TICK: 42876 PC:   8 ADDR:   0 MEM_OUT: 885 ACC: 0 BUFF: 885 DC: 0 FLAG_ZERO: True FLAG_LT: 0 FLAG_GT: 0
INPUT_PORT:  []
OUT_PORT:  []
DATA_MEM:  [885, 412]
---------------------------------------
DEBUG    root:machine.py:309 LD 4
TICK: 42879 PC:  14 ADDR:   0 MEM_OUT: 885 ACC: 0 BUFF: 885 DC: 0 FLAG_ZERO: True FLAG_LT: 0 FLAG_GT: 0
INPUT_PORT:  []
OUT_PORT:  []
DATA_MEM:  [885, 412]
---------------------------------------
DEBUG    root:machine.py:309 INC 
TICK: 42883 PC:  15 ADDR:   1 MEM_OUT: 412 ACC: 412 BUFF: 885 DC: 0 FLAG_ZERO: True FLAG_LT: 0 FLAG_GT: 0
INPUT_PORT:  []
OUT_PORT:  []
DATA_MEM:  [885, 412]
---------------------------------------
DEBUG    root:machine.py:309 ST 4
TICK: 42886 PC:  16 ADDR:   1 MEM_OUT: 412 ACC: 413 BUFF: 885 DC: 0 FLAG_ZERO: True FLAG_LT: 0 FLAG_GT: 0
INPUT_PORT:  []
OUT_PORT:  []
DATA_MEM:  [885, 412]
---------------------------------------
DEBUG    root:machine.py:309 JMP 0
TICK: 42890 PC:  17 ADDR:   1 MEM_OUT: 413 ACC: 413 BUFF: 885 DC: 0 FLAG_ZERO: True FLAG_LT: 0 FLAG_GT: 0
INPUT_PORT:  []
OUT_PORT:  []
DATA_MEM:  [885, 413]
---------------------------------------
DEBUG    root:machine.py:309 LD 0
TICK: 42893 PC:   0 ADDR:   1 MEM_OUT: 413 ACC: 413 BUFF: 885 DC: 0 FLAG_ZERO: True FLAG_LT: 0 FLAG_GT: 0
INPUT_PORT:  []
OUT_PORT:  []
DATA_MEM:  [885, 413]
---------------------------------------
DEBUG    root:machine.py:309 INC 
TICK: 42897 PC:   1 ADDR:   0 MEM_OUT: 885 ACC: 885 BUFF: 885 DC: 0 FLAG_ZERO: True FLAG_LT: 0 FLAG_GT: 0
INPUT_PORT:  []
OUT_PORT:  []
DATA_MEM:  [885, 413]
---------------------------------------
DEBUG    root:machine.py:309 ST 0
TICK: 42900 PC:   2 ADDR:   0 MEM_OUT: 885 ACC: 886 BUFF: 885 DC: 0 FLAG_ZERO: True FLAG_LT: 0 FLAG_GT: 0
INPUT_PORT:  []
OUT_PORT:  []
DATA_MEM:  [885, 413]
---------------------------------------
DEBUG    root:machine.py:309 CMP 1000
TICK: 42904 PC:   3 ADDR:   0 MEM_OUT: 886 ACC: 886 BUFF: 885 DC: 0 FLAG_ZERO: True FLAG_LT: 0 FLAG_GT: 0
INPUT_PORT:  []
OUT_PORT:  []
DATA_MEM:  [886, 413]
---------------------------------------
DEBUG    root:machine.py:309 JGE 22
TICK: 42907 PC:   4 ADDR:   0 MEM_OUT: 886 ACC: 886 BUFF: 885 DC: 0 FLAG_ZERO: False FLAG_LT: 1 FLAG_GT: 0
INPUT_PORT:  []
OUT_PORT:  []
DATA_MEM:  [886, 413]
---------------------------------------
DEBUG    root:machine.py:309 LD 0
TICK: 42910 PC:   5 ADDR:   0 MEM_OUT: 886 ACC: 886 BUFF: 885 DC: 0 FLAG_ZERO: False FLAG_LT: 1 FLAG_GT: 0
INPUT_PORT:  []
OUT_PORT:  []
DATA_MEM:  [886, 413]
---------------------------------------
DEBUG    root:machine.py:309 MOD 3
TICK: 42914 PC:   6 ADDR:   0 MEM_OUT: 886 ACC: 886 BUFF: 885 DC: 0 FLAG_ZERO: False FLAG_LT: 1 FLAG_GT: 0
INPUT_PORT:  []
OUT_PORT:  []
DATA_MEM:  [886, 413]
---------------------------------------
DEBUG    root:machine.py:309 CMP 0
TICK: 42918 PC:   7 ADDR:   0 MEM_OUT: 886 ACC: 1 BUFF: 886 DC: 0 FLAG_ZERO: False FLAG_LT: 1 FLAG_GT: 0
INPUT_PORT:  []
OUT_PORT:  []
DATA_MEM:  [886, 413]
---------------------------------------
DEBUG    root:machine.py:309 JE 14
TICK: 42921 PC:   8 ADDR:   0 MEM_OUT: 886 ACC: 1 BUFF: 886 DC: 0 FLAG_ZERO: False FLAG_LT: 0 FLAG_GT: 1
INPUT_PORT:  []
OUT_PORT:  []
DATA_MEM:  [886, 413]
---------------------------------------
DEBUG    root:machine.py:309 LD 0
TICK: 42924 PC:   9 ADDR:   0 MEM_OUT: 886 ACC: 1 BUFF: 886 DC: 0 FLAG_ZERO: False FLAG_LT: 0 FLAG_GT: 1
INPUT_PORT:  []
OUT_PORT:  []
DATA_MEM:  [886, 413]
---------------------------------------
DEBUG    root:machine.py:309 MOD 5
TICK: 42928 PC:  10 ADDR:   0 MEM_OUT: 886 ACC: 886 BUFF: 886 DC: 0 FLAG_ZERO: False FLAG_LT: 0 FLAG_GT: 1
INPUT_PORT:  []
OUT_PORT:  []
DATA_MEM:  [886, 413]
---------------------------------------
DEBUG    root:machine.py:309 CMP 0
TICK: 42932 PC:  11 ADDR:   0 MEM_OUT: 886 ACC: 1 BUFF: 886 DC: 0 FLAG_ZERO: False FLAG_LT: 0 FLAG_GT: 1
INPUT_PORT:  []
OUT_PORT:  []
DATA_MEM:  [886, 413]
---------------------------------------
DEBUG    root:machine.py:309 JE 18
TICK: 42935 PC:  12 ADDR:   0 MEM_OUT: 886 ACC: 1 BUFF: 886 DC: 0 FLAG_ZERO: False FLAG_LT: 0 FLAG_GT: 1
INPUT_PORT:  []
OUT_PORT:  []
DATA_MEM:  [886, 413]
---------------------------------------
DEBUG    root:machine.py:309 JMP 0
TICK: 42938 PC:  13 ADDR:   0 MEM_OUT: 886 ACC: 1 BUFF: 886 DC: 0 FLAG_ZERO: False FLAG_LT: 0 FLAG_GT: 1
INPUT_PORT:  []
OUT_PORT:  []
DATA_MEM:  [886, 413]
---------------------------------------
DEBUG    root:machine.py:309 LD 0
TICK: 42941 PC:   0 ADDR:   0 MEM_OUT: 886 ACC: 1 BUFF: 886 DC: 0 FLAG_ZERO: False FLAG_LT: 0 FLAG_GT: 1
INPUT_PORT:  []
OUT_PORT:  []
DATA_MEM:  [886, 413]
---------------------------------------
DEBUG    root:machine.py:309 INC 
TICK: 42945 PC:   1 ADDR:   0 MEM_OUT: 886 ACC: 886 BUFF: 886 DC: 0 FLAG_ZERO: False FLAG_LT: 0 FLAG_GT: 1
INPUT_PORT:  []
OUT_PORT:  []
DATA_MEM:  [886, 413]
---------------------------------------
DEBUG    root:machine.py:309 ST 0
TICK: 42948 PC:   2 ADDR:   0 MEM_OUT: 886 ACC: 887 BUFF: 886 DC: 0 FLAG_ZERO: False FLAG_LT: 0 FLAG_GT: 1
INPUT_PORT:  []
OUT_PORT:  []
DATA_MEM:  [886, 413]
---------------------------------------
DEBUG    root:machine.py:309 CMP 1000
TICK: 42952 PC:   3 ADDR:   0 MEM_OUT: 887 ACC: 887 BUFF: 886 DC: 0 FLAG_ZERO: False FLAG_LT: 0 FLAG_GT: 1
INPUT_PORT:  []
OUT_PORT:  []
DATA_MEM:  [887, 413]
---------------------------------------
DEBUG    root:machine.py:309 JGE 22
TICK: 42955 PC:   4 ADDR:   0 MEM_OUT: 887 ACC: 887 BUFF: 886 DC: 0 FLAG_ZERO: False FLAG_LT: 1 FLAG_GT: 0
INPUT_PORT:  []
OUT_PORT:  []
DATA_MEM:  [887, 413]
---------------------------------------
DEBUG    root:machine.py:309 LD 0
TICK: 42958 PC:   5 ADDR:   0 MEM_OUT: 887 ACC: 887 BUFF: 886 DC: 0 FLAG_ZERO: False FLAG_LT: 1 FLAG_GT: 0
INPUT_PORT:  []
OUT_PORT:  []
DATA_MEM:  [887, 413]
---------------------------------------
DEBUG    root:machine.py:309 MOD 3
TICK: 42962 PC:   6 ADDR:   0 MEM_OUT: 887 ACC: 887 BUFF: 886 DC: 0 FLAG_ZERO: False FLAG_LT: 1 FLAG_GT: 0
INPUT_PORT:  []
OUT_PORT:  []
DATA_MEM:  [887, 413]
---------------------------------------
DEBUG    root:machine.py:309 CMP 0
TICK: 42966 PC:   7 ADDR:   0 MEM_OUT: 887 ACC: 2 BUFF: 887 DC: 0 FLAG_ZERO: False FLAG_LT: 1 FLAG_GT: 0
INPUT_PORT:  []
OUT_PORT:  []
DATA_MEM:  [887, 413]
---------------------------------------
DEBUG    root:machine.py:309 JE 14
TICK: 42969 PC:   8 ADDR:   0 MEM_OUT: 887 ACC: 2 BUFF: 887 DC: 0 FLAG_ZERO: False FLAG_LT: 0 FLAG_GT: 1
INPUT_PORT:  []
OUT_PORT:  []
DATA_MEM:  [887, 413]
---------------------------------------
DEBUG    root:machine.py:309 LD 0
TICK: 42972 PC:   9 ADDR:   0 MEM_OUT: 887 ACC: 2 BUFF: 887 DC: 0 FLAG_ZERO: False FLAG_LT: 0 FLAG_GT: 1
INPUT_PORT:  []
OUT_PORT:  []
DATA_MEM:  [887, 413]
---------------------------------------
DEBUG    root:machine.py:309 MOD 5
TICK: 42976 PC:  10 ADDR:   0 MEM_OUT: 887 ACC: 887 BUFF: 887 DC: 0 FLAG_ZERO: False FLAG_LT: 0 FLAG_GT: 1
INPUT_PORT:  []
OUT_PORT:  []
DATA_MEM:  [887, 413]
---------------------------------------
DEBUG    root:machine.py:309 CMP 0
TICK: 42980 PC:  11 ADDR:   0 MEM_OUT: 887 ACC: 2 BUFF: 887 DC: 0 FLAG_ZERO: False FLAG_LT: 0 FLAG_GT: 1
INPUT_PORT:  []
OUT_PORT:  []
DATA_MEM:  [887, 413]
---------------------------------------
DEBUG    root:machine.py:309 JE 18
TICK: 42983 PC:  12 ADDR:   0 MEM_OUT: 887 ACC: 2 BUFF: 887 DC: 0 FLAG_ZERO: False FLAG_LT: 0 FLAG_GT: 1
INPUT_PORT:  []
OUT_PORT:  []
DATA_MEM:  [887, 413]
---------------------------------------
DEBUG    root:machine.py:309 JMP 0
TICK: 42986 PC:  13 ADDR:   0 MEM_OUT: 887 ACC: 2 BUFF: 887 DC: 0 FLAG_ZERO: False FLAG_LT: 0 FLAG_GT: 1
INPUT_PORT:  []
OUT_PORT:  []
DATA_MEM:  [887, 413]
---------------------------------------
DEBUG    root:machine.py:309 LD 0
TICK: 42989 PC:   0 ADDR:   0 MEM_OUT: 887 ACC: 2 BUFF: 887 DC: 0 FLAG_ZERO: False FLAG_LT: 0 FLAG_GT: 1
INPUT_PORT:  []
OUT_PORT:  []
DATA_MEM:  [887, 413]
---------------------------------------
DEBUG    root:machine.py:309 INC 
TICK: 42993 PC:   1 ADDR:   0 MEM_OUT: 887 ACC: 887 BUFF: 887 DC: 0 FLAG_ZERO: False FLAG_LT: 0 FLAG_GT: 1
INPUT_PORT:  []
OUT_PORT:  []
DATA_MEM:  [887, 413]
---------------------------------------
DEBUG    root:machine.py:309 ST 0
TICK: 42996 PC:   2 ADDR:   0 MEM_OUT: 887 ACC: 888 BUFF: 887 DC: 0 FLAG_ZERO: False FLAG_LT: 0 FLAG_GT: 1
INPUT_PORT:  []
OUT_PORT:  []
DATA_MEM:  [887, 413]
---------------------------------------
DEBUG    root:machine.py:309 CMP 1000
TICK: 43000 PC:   3 ADDR:   0 MEM_OUT: 888 ACC: 888 BUFF: 887 DC: 0 FLAG_ZERO: False FLAG_LT: 0 FLAG_GT: 1
INPUT_PORT:  []
OUT_PORT:  []
DATA_MEM:  [888, 413]
---------------------------------------
DEBUG    root:machine.py:309 JGE 22
TICK: 43003 PC:   4 ADDR:   0 MEM_OUT: 888 ACC: 888 BUFF: 887 DC: 0 FLAG_ZERO: False FLAG_LT: 1 FLAG_GT: 0
INPUT_PORT:  []
OUT_PORT:  []
DATA_MEM:  [888, 413]
---------------------------------------
DEBUG    root:machine.py:309 LD 0
TICK: 43006 PC:   5 ADDR:   0 MEM_OUT: 888 ACC: 888 BUFF: 887 DC: 0 FLAG_ZERO: False FLAG_LT: 1 FLAG_GT: 0
INPUT_PORT:  []
OUT_PORT:  []
DATA_MEM:  [888, 413]
---------------------------------------
DEBUG    root:machine.py:309 MOD 3
TICK: 43010 PC:   6 ADDR:   0 MEM_OUT: 888 ACC: 888 BUFF: 887 DC: 0 FLAG_ZERO: False FLAG_LT: 1 FLAG_GT: 0
INPUT_PORT:  []
OUT_PORT:  []
DATA_MEM:  [888, 413]
---------------------------------------
DEBUG    root:machine.py:309 CMP 0
TICK: 43014 PC:   7 ADDR:   0 MEM_OUT: 888 ACC: 0 BUFF: 888 DC: 0 FLAG_ZERO: False FLAG_LT: 1 FLAG_GT: 0
INPUT_PORT:  []
OUT_PORT:  []
DATA_MEM:  [888, 413]
---------------------------------------
DEBUG    root:machine.py:309 JE 14
TICK: 43017 PC:   8 ADDR:   0 MEM_OUT: 888 ACC: 0 BUFF: 888 DC: 0 FLAG_ZERO: True FLAG_LT: 0 FLAG_GT: 0
INPUT_PORT:  []
OUT_PORT:  []
DATA_MEM:  [888, 413]
---------------------------------------
DEBUG    root:machine.py:309 LD 4
TICK: 43020 PC:  14 ADDR:   0 MEM_OUT: 888 ACC: 0 BUFF: 888 DC: 0 FLAG_ZERO: True FLAG_LT: 0 FLAG_GT: 0
INPUT_PORT:  []
OUT_PORT:  []
DATA_MEM:  [888, 413]
---------------------------------------
DEBUG    root:machine.py:309 INC 
TICK: 43024 PC:  15 ADDR:   1 MEM_OUT: 413 ACC: 413 BUFF: 888 DC: 0 FLAG_ZERO: True FLAG_LT: 0 FLAG_GT: 0
INPUT_PORT:  []
OUT_PORT:  []
DATA_MEM:  [888, 413]
---------------------------------------
DEBUG    root:machine.py:309 ST 4
TICK: 43027 PC:  16 ADDR:   1 MEM_OUT: 413 ACC: 414 BUFF: 888 DC: 0 FLAG_ZERO: True FLAG_LT: 0 FLAG_GT: 0
INPUT_PORT:  []
OUT_PORT:  []
DATA_MEM:  [888, 413]
---------------------------------------
DEBUG    root:machine.py:309 JMP 0
TICK: 43031 PC:  17 ADDR:   1 MEM_OUT: 414 ACC: 414 BUFF: 888 DC: 0 FLAG_ZERO: True FLAG_LT: 0 FLAG_GT: 0
INPUT_PORT:  []
OUT_PORT:  []
DATA_MEM:  [888, 414]
---------------------------------------
DEBUG    root:machine.py:309 LD 0
TICK: 43034 PC:   0 ADDR:   1 MEM_OUT: 414 ACC: 414 BUFF: 888 DC: 0 FLAG_ZERO: True FLAG_LT: 0 FLAG_GT: 0
INPUT_PORT:  []
OUT_PORT:  []
DATA_MEM:  [888, 414]
---------------------------------------
DEBUG    root:machine.py:309 INC 
TICK: 43038 PC:   1 ADDR:   0 MEM_OUT: 888 ACC: 888 BUFF: 888 DC: 0 FLAG_ZERO: True FLAG_LT: 0 FLAG_GT: 0
INPUT_PORT:  []
OUT_PORT:  []
DATA_MEM:  [888, 414]
---------------------------------------
DEBUG    root:machine.py:309 ST 0
TICK: 43041 PC:   2 ADDR:   0 MEM_OUT: 888 ACC: 889 BUFF: 888 DC: 0 FLAG_ZERO: True FLAG_LT: 0 FLAG_GT: 0
INPUT_PORT:  []
OUT_PORT:  []
DATA_MEM:  [888, 414]
---------------------------------------
DEBUG    root:machine.py:309 CMP 1000
TICK: 43045 PC:   3 ADDR:   0 MEM_OUT: 889 ACC: 889 BUFF: 888 DC: 0 FLAG_ZERO: True FLAG_LT: 0 FLAG_GT: 0
INPUT_PORT:  []
OUT_PORT:  []
DATA_MEM:  [889, 414]
---------------------------------------
DEBUG    root:machine.py:309 JGE 22
TICK: 43048 PC:   4 ADDR:   0 MEM_OUT: 889 ACC: 889 BUFF: 888 DC: 0 FLAG_ZERO: False FLAG_LT: 1 FLAG_GT: 0
INPUT_PORT:  []
OUT_PORT:  []
DATA_MEM:  [889, 414]
---------------------------------------
DEBUG    root:machine.py:309 LD 0
TICK: 43051 PC:   5 ADDR:   0 MEM_OUT: 889 ACC: 889 BUFF: 888 DC: 0 FLAG_ZERO: False FLAG_LT: 1 FLAG_GT: 0
INPUT_PORT:  []
OUT_PORT:  []
DATA_MEM:  [889, 414]
---------------------------------------
DEBUG    root:machine.py:309 MOD 3
TICK: 43055 PC:   6 ADDR:   0 MEM_OUT: 889 ACC: 889 BUFF: 888 DC: 0 FLAG_ZERO: False FLAG_LT: 1 FLAG_GT: 0
INPUT_PORT:  []
OUT_PORT:  []
DATA_MEM:  [889, 414]
---------------------------------------
DEBUG    root:machine.py:309 CMP 0
TICK: 43059 PC:   7 ADDR:   0 MEM_OUT: 889 ACC: 1 BUFF: 889 DC: 0 FLAG_ZERO: False FLAG_LT: 1 FLAG_GT: 0
INPUT_PORT:  []
OUT_PORT:  []
DATA_MEM:  [889, 414]
---------------------------------------
DEBUG    root:machine.py:309 JE 14
TICK: 43062 PC:   8 ADDR:   0 MEM_OUT: 889 ACC: 1 BUFF: 889 DC: 0 FLAG_ZERO: False FLAG_LT: 0 FLAG_GT: 1
INPUT_PORT:  []
OUT_PORT:  []
DATA_MEM:  [889, 414]
---------------------------------------
DEBUG    root:machine.py:309 LD 0
TICK: 43065 PC:   9 ADDR:   0 MEM_OUT: 889 ACC: 1 BUFF: 889 DC: 0 FLAG_ZERO: False FLAG_LT: 0 FLAG_GT: 1
INPUT_PORT:  []
OUT_PORT:  []
DATA_MEM:  [889, 414]
---------------------------------------
DEBUG    root:machine.py:309 MOD 5
TICK: 43069 PC:  10 ADDR:   0 MEM_OUT: 889 ACC: 889 BUFF: 889 DC: 0 FLAG_ZERO: False FLAG_LT: 0 FLAG_GT: 1
INPUT_PORT:  []
OUT_PORT:  []
DATA_MEM:  [889, 414]
---------------------------------------
DEBUG    root:machine.py:309 CMP 0
TICK: 43073 PC:  11 ADDR:   0 MEM_OUT: 889 ACC: 4 BUFF: 889 DC: 0 FLAG_ZERO: False FLAG_LT: 0 FLAG_GT: 1
INPUT_PORT:  []
OUT_PORT:  []
DATA_MEM:  [889, 414]
---------------------------------------
DEBUG    root:machine.py:309 JE 18
TICK: 43076 PC:  12 ADDR:   0 MEM_OUT: 889 ACC: 4 BUFF: 889 DC: 0 FLAG_ZERO: False FLAG_LT: 0 FLAG_GT: 1
INPUT_PORT:  []
OUT_PORT:  []
DATA_MEM:  [889, 414]
---------------------------------------
DEBUG    root:machine.py:309 JMP 0
TICK: 43079 PC:  13 ADDR:   0 MEM_OUT: 889 ACC: 4 BUFF: 889 DC: 0 FLAG_ZERO: False FLAG_LT: 0 FLAG_GT: 1
INPUT_PORT:  []
OUT_PORT:  []
DATA_MEM:  [889, 414]
---------------------------------------
DEBUG    root:machine.py:309 LD 0
TICK: 43082 PC:   0 ADDR:   0 MEM_OUT: 889 ACC: 4 BUFF: 889 DC: 0 FLAG_ZERO: False FLAG_LT: 0 FLAG_GT: 1
INPUT_PORT:  []
OUT_PORT:  []
DATA_MEM:  [889, 414]
---------------------------------------
DEBUG    root:machine.py:309 INC 
TICK: 43086 PC:   1 ADDR:   0 MEM_OUT: 889 ACC: 889 BUFF: 889 DC: 0 FLAG_ZERO: False FLAG_LT: 0 FLAG_GT: 1
INPUT_PORT:  []
OUT_PORT:  []
DATA_MEM:  [889, 414]
---------------------------------------
DEBUG    root:machine.py:309 ST 0
TICK: 43089 PC:   2 ADDR:   0 MEM_OUT: 889 ACC: 890 BUFF: 889 DC: 0 FLAG_ZERO: False FLAG_LT: 0 FLAG_GT: 1
INPUT_PORT:  []
OUT_PORT:  []
DATA_MEM:  [889, 414]
---------------------------------------
DEBUG    root:machine.py:309 CMP 1000
TICK: 43093 PC:   3 ADDR:   0 MEM_OUT: 890 ACC: 890 BUFF: 889 DC: 0 FLAG_ZERO: False FLAG_LT: 0 FLAG_GT: 1
INPUT_PORT:  []
OUT_PORT:  []
DATA_MEM:  [890, 414]
---------------------------------------
DEBUG    root:machine.py:309 JGE 22
TICK: 43096 PC:   4 ADDR:   0 MEM_OUT: 890 ACC: 890 BUFF: 889 DC: 0 FLAG_ZERO: False FLAG_LT: 1 FLAG_GT: 0
INPUT_PORT:  []
OUT_PORT:  []
DATA_MEM:  [890, 414]
---------------------------------------
DEBUG    root:machine.py:309 LD 0
TICK: 43099 PC:   5 ADDR:   0 MEM_OUT: 890 ACC: 890 BUFF: 889 DC: 0 FLAG_ZERO: False FLAG_LT: 1 FLAG_GT: 0
INPUT_PORT:  []
OUT_PORT:  []
DATA_MEM:  [890, 414]
---------------------------------------
DEBUG    root:machine.py:309 MOD 3
TICK: 43103 PC:   6 ADDR:   0 MEM_OUT: 890 ACC: 890 BUFF: 889 DC: 0 FLAG_ZERO: False FLAG_LT: 1 FLAG_GT: 0
INPUT_PORT:  []
OUT_PORT:  []
DATA_MEM:  [890, 414]
---------------------------------------
DEBUG    root:machine.py:309 CMP 0
TICK: 43107 PC:   7 ADDR:   0 MEM_OUT: 890 ACC: 2 BUFF: 890 DC: 0 FLAG_ZERO: False FLAG_LT: 1 FLAG_GT: 0
INPUT_PORT:  []
OUT_PORT:  []
DATA_MEM:  [890, 414]
---------------------------------------
DEBUG    root:machine.py:309 JE 14
TICK: 43110 PC:   8 ADDR:   0 MEM_OUT: 890 ACC: 2 BUFF: 890 DC: 0 FLAG_ZERO: False FLAG_LT: 0 FLAG_GT: 1
INPUT_PORT:  []
OUT_PORT:  []
DATA_MEM:  [890, 414]
---------------------------------------
DEBUG    root:machine.py:309 LD 0
TICK: 43113 PC:   9 ADDR:   0 MEM_OUT: 890 ACC: 2 BUFF: 890 DC: 0 FLAG_ZERO: False FLAG_LT: 0 FLAG_GT: 1
INPUT_PORT:  []
OUT_PORT:  []
DATA_MEM:  [890, 414]
---------------------------------------
DEBUG    root:machine.py:309 MOD 5
TICK: 43117 PC:  10 ADDR:   0 MEM_OUT: 890 ACC: 890 BUFF: 890 DC: 0 FLAG_ZERO: False FLAG_LT: 0 FLAG_GT: 1
INPUT_PORT:  []
OUT_PORT:  []
DATA_MEM:  [890, 414]
---------------------------------------
DEBUG    root:machine.py:309 CMP 0
TICK: 43121 PC:  11 ADDR:   0 MEM_OUT: 890 ACC: 0 BUFF: 890 DC: 0 FLAG_ZERO: False FLAG_LT: 0 FLAG_GT: 1
INPUT_PORT:  []
OUT_PORT:  []
DATA_MEM:  [890, 414]
---------------------------------------
DEBUG    root:machine.py:309 JE 18
TICK: 43124 PC:  12 ADDR:   0 MEM_OUT: 890 ACC: 0 BUFF: 890 DC: 0 FLAG_ZERO: True FLAG_LT: 0 FLAG_GT: 0
INPUT_PORT:  []
OUT_PORT:  []
DATA_MEM:  [890, 414]
---------------------------------------
DEBUG    root:machine.py:309 LD 4
TICK: 43127 PC:  18 ADDR:   0 MEM_OUT: 890 ACC: 0 BUFF: 890 DC: 0 FLAG_ZERO: True FLAG_LT: 0 FLAG_GT: 0
INPUT_PORT:  []
OUT_PORT:  []
DATA_MEM:  [890, 414]
---------------------------------------
DEBUG    root:machine.py:309 INC 
TICK: 43131 PC:  19 ADDR:   1 MEM_OUT: 414 ACC: 414 BUFF: 890 DC: 0 FLAG_ZERO: True FLAG_LT: 0 FLAG_GT: 0
INPUT_PORT:  []
OUT_PORT:  []
DATA_MEM:  [890, 414]
---------------------------------------
DEBUG    root:machine.py:309 ST 4
TICK: 43134 PC:  20 ADDR:   1 MEM_OUT: 414 ACC: 415 BUFF: 890 DC: 0 FLAG_ZERO: True FLAG_LT: 0 FLAG_GT: 0
INPUT_PORT:  []
OUT_PORT:  []
DATA_MEM:  [890, 414]
---------------------------------------
DEBUG    root:machine.py:309 JMP 0
TICK: 43138 PC:  21 ADDR:   1 MEM_OUT: 415 ACC: 415 BUFF: 890 DC: 0 FLAG_ZERO: True FLAG_LT: 0 FLAG_GT: 0
INPUT_PORT:  []
OUT_PORT:  []
DATA_MEM:  [890, 415]
---------------------------------------
DEBUG    root:machine.py:309 LD 0
TICK: 43141 PC:   0 ADDR:   1 MEM_OUT: 415 ACC: 415 BUFF: 890 DC: 0 FLAG_ZERO: True FLAG_LT: 0 FLAG_GT: 0
INPUT_PORT:  []
OUT_PORT:  []
DATA_MEM:  [890, 415]
---------------------------------------
DEBUG    root:machine.py:309 INC 
TICK: 43145 PC:   1 ADDR:   0 MEM_OUT: 890 ACC: 890 BUFF: 890 DC: 0 FLAG_ZERO: True FLAG_LT: 0 FLAG_GT: 0
INPUT_PORT:  []
OUT_PORT:  []
DATA_MEM:  [890, 415]
---------------------------------------
DEBUG    root:machine.py:309 ST 0
TICK: 43148 PC:   2 ADDR:   0 MEM_OUT: 890 ACC: 891 BUFF: 890 DC: 0 FLAG_ZERO: True FLAG_LT: 0 FLAG_GT: 0
INPUT_PORT:  []
OUT_PORT:  []
DATA_MEM:  [890, 415]
---------------------------------------
DEBUG    root:machine.py:309 CMP 1000
TICK: 43152 PC:   3 ADDR:   0 MEM_OUT: 891 ACC: 891 BUFF: 890 DC: 0 FLAG_ZERO: True FLAG_LT: 0 FLAG_GT: 0
INPUT_PORT:  []
OUT_PORT:  []
DATA_MEM:  [891, 415]
---------------------------------------
DEBUG    root:machine.py:309 JGE 22
TICK: 43155 PC:   4 ADDR:   0 MEM_OUT: 891 ACC: 891 BUFF: 890 DC: 0 FLAG_ZERO: False FLAG_LT: 1 FLAG_GT: 0
INPUT_PORT:  []
OUT_PORT:  []
DATA_MEM:  [891, 415]
---------------------------------------
DEBUG    root:machine.py:309 LD 0
TICK: 43158 PC:   5 ADDR:   0 MEM_OUT: 891 ACC: 891 BUFF: 890 DC: 0 FLAG_ZERO: False FLAG_LT: 1 FLAG_GT: 0
INPUT_PORT:  []
OUT_PORT:  []
DATA_MEM:  [891, 415]
---------------------------------------
DEBUG    root:machine.py:309 MOD 3
TICK: 43162 PC:   6 ADDR:   0 MEM_OUT: 891 ACC: 891 BUFF: 890 DC: 0 FLAG_ZERO: False FLAG_LT: 1 FLAG_GT: 0
INPUT_PORT:  []
OUT_PORT:  []
DATA_MEM:  [891, 415]
---------------------------------------
DEBUG    root:machine.py:309 CMP 0
TICK: 43166 PC:   7 ADDR:   0 MEM_OUT: 891 ACC: 0 BUFF: 891 DC: 0 FLAG_ZERO: False FLAG_LT: 1 FLAG_GT: 0
INPUT_PORT:  []
OUT_PORT:  []
DATA_MEM:  [891, 415]
---------------------------------------
DEBUG    root:machine.py:309 JE 14
TICK: 43169 PC:   8 ADDR:   0 MEM_OUT: 891 ACC: 0 BUFF: 891 DC: 0 FLAG_ZERO: True FLAG_LT: 0 FLAG_GT: 0
INPUT_PORT:  []
OUT_PORT:  []
DATA_MEM:  [891, 415]
---------------------------------------
DEBUG    root:machine.py:309 LD 4
TICK: 43172 PC:  14 ADDR:   0 MEM_OUT: 891 ACC: 0 BUFF: 891 DC: 0 FLAG_ZERO: True FLAG_LT: 0 FLAG_GT: 0
INPUT_PORT:  []
OUT_PORT:  []
DATA_MEM:  [891, 415]
---------------------------------------
DEBUG    root:machine.py:309 INC 
TICK: 43176 PC:  15 ADDR:   1 MEM_OUT: 415 ACC: 415 BUFF: 891 DC: 0 FLAG_ZERO: True FLAG_LT: 0 FLAG_GT: 0
INPUT_PORT:  []
OUT_PORT:  []
DATA_MEM:  [891, 415]
---------------------------------------
DEBUG    root:machine.py:309 ST 4
TICK: 43179 PC:  16 ADDR:   1 MEM_OUT: 415 ACC: 416 BUFF: 891 DC: 0 FLAG_ZERO: True FLAG_LT: 0 FLAG_GT: 0
INPUT_PORT:  []
OUT_PORT:  []
DATA_MEM:  [891, 415]
---------------------------------------
DEBUG    root:machine.py:309 JMP 0
TICK: 43183 PC:  17 ADDR:   1 MEM_OUT: 416 ACC: 416 BUFF: 891 DC: 0 FLAG_ZERO: True FLAG_LT: 0 FLAG_GT: 0
INPUT_PORT:  []
OUT_PORT:  []
DATA_MEM:  [891, 416]
---------------------------------------
DEBUG    root:machine.py:309 LD 0
TICK: 43186 PC:   0 ADDR:   1 MEM_OUT: 416 ACC: 416 BUFF: 891 DC: 0 FLAG_ZERO: True FLAG_LT: 0 FLAG_GT: 0
INPUT_PORT:  []
OUT_PORT:  []
DATA_MEM:  [891, 416]
---------------------------------------
DEBUG    root:machine.py:309 INC 
TICK: 43190 PC:   1 ADDR:   0 MEM_OUT: 891 ACC: 891 BUFF: 891 DC: 0 FLAG_ZERO: True FLAG_LT: 0 FLAG_GT: 0
INPUT_PORT:  []
OUT_PORT:  []
DATA_MEM:  [891, 416]
---------------------------------------
DEBUG    root:machine.py:309 ST 0
TICK: 43193 PC:   2 ADDR:   0 MEM_OUT: 891 ACC: 892 BUFF: 891 DC: 0 FLAG_ZERO: True FLAG_LT: 0 FLAG_GT: 0
INPUT_PORT:  []
OUT_PORT:  []
DATA_MEM:  [891, 416]
---------------------------------------
DEBUG    root:machine.py:309 CMP 1000
TICK: 43197 PC:   3 ADDR:   0 MEM_OUT: 892 ACC: 892 BUFF: 891 DC: 0 FLAG_ZERO: True FLAG_LT: 0 FLAG_GT: 0
INPUT_PORT:  []
OUT_PORT:  []
DATA_MEM:  [892, 416]
---------------------------------------
DEBUG    root:machine.py:309 JGE 22
TICK: 43200 PC:   4 ADDR:   0 MEM_OUT: 892 ACC: 892 BUFF: 891 DC: 0 FLAG_ZERO: False FLAG_LT: 1 FLAG_GT: 0
INPUT_PORT:  []
OUT_PORT:  []
DATA_MEM:  [892, 416]
---------------------------------------
DEBUG    root:machine.py:309 LD 0
TICK: 43203 PC:   5 ADDR:   0 MEM_OUT: 892 ACC: 892 BUFF: 891 DC: 0 FLAG_ZERO: False FLAG_LT: 1 FLAG_GT: 0
INPUT_PORT:  []
OUT_PORT:  []
DATA_MEM:  [892, 416]
---------------------------------------
DEBUG    root:machine.py:309 MOD 3
TICK: 43207 PC:   6 ADDR:   0 MEM_OUT: 892 ACC: 892 BUFF: 891 DC: 0 FLAG_ZERO: False FLAG_LT: 1 FLAG_GT: 0
INPUT_PORT:  []
OUT_PORT:  []
DATA_MEM:  [892, 416]
---------------------------------------
DEBUG    root:machine.py:309 CMP 0
TICK: 43211 PC:   7 ADDR:   0 MEM_OUT: 892 ACC: 1 BUFF: 892 DC: 0 FLAG_ZERO: False FLAG_LT: 1 FLAG_GT: 0
INPUT_PORT:  []
OUT_PORT:  []
DATA_MEM:  [892, 416]
---------------------------------------
DEBUG    root:machine.py:309 JE 14
TICK: 43214 PC:   8 ADDR:   0 MEM_OUT: 892 ACC: 1 BUFF: 892 DC: 0 FLAG_ZERO: False FLAG_LT: 0 FLAG_GT: 1
INPUT_PORT:  []
OUT_PORT:  []
DATA_MEM:  [892, 416]
---------------------------------------
DEBUG    root:machine.py:309 LD 0
TICK: 43217 PC:   9 ADDR:   0 MEM_OUT: 892 ACC: 1 BUFF: 892 DC: 0 FLAG_ZERO: False FLAG_LT: 0 FLAG_GT: 1
INPUT_PORT:  []
OUT_PORT:  []
DATA_MEM:  [892, 416]
---------------------------------------
DEBUG    root:machine.py:309 MOD 5
TICK: 43221 PC:  10 ADDR:   0 MEM_OUT: 892 ACC: 892 BUFF: 892 DC: 0 FLAG_ZERO: False FLAG_LT: 0 FLAG_GT: 1
INPUT_PORT:  []
OUT_PORT:  []
DATA_MEM:  [892, 416]
---------------------------------------
DEBUG    root:machine.py:309 CMP 0
TICK: 43225 PC:  11 ADDR:   0 MEM_OUT: 892 ACC: 2 BUFF: 892 DC: 0 FLAG_ZERO: False FLAG_LT: 0 FLAG_GT: 1
INPUT_PORT:  []
OUT_PORT:  []
DATA_MEM:  [892, 416]
---------------------------------------
DEBUG    root:machine.py:309 JE 18
TICK: 43228 PC:  12 ADDR:   0 MEM_OUT: 892 ACC: 2 BUFF: 892 DC: 0 FLAG_ZERO: False FLAG_LT: 0 FLAG_GT: 1
INPUT_PORT:  []
OUT_PORT:  []
DATA_MEM:  [892, 416]
---------------------------------------
DEBUG    root:machine.py:309 JMP 0
TICK: 43231 PC:  13 ADDR:   0 MEM_OUT: 892 ACC: 2 BUFF: 892 DC: 0 FLAG_ZERO: False FLAG_LT: 0 FLAG_GT: 1
INPUT_PORT:  []
OUT_PORT:  []
DATA_MEM:  [892, 416]
---------------------------------------
DEBUG    root:machine.py:309 LD 0
TICK: 43234 PC:   0 ADDR:   0 MEM_OUT: 892 ACC: 2 BUFF: 892 DC: 0 FLAG_ZERO: False FLAG_LT: 0 FLAG_GT: 1
INPUT_PORT:  []
OUT_PORT:  []
DATA_MEM:  [892, 416]
---------------------------------------
DEBUG    root:machine.py:309 INC 
TICK: 43238 PC:   1 ADDR:   0 MEM_OUT: 892 ACC: 892 BUFF: 892 DC: 0 FLAG_ZERO: False FLAG_LT: 0 FLAG_GT: 1
INPUT_PORT:  []
OUT_PORT:  []
DATA_MEM:  [892, 416]
---------------------------------------
DEBUG    root:machine.py:309 ST 0
TICK: 43241 PC:   2 ADDR:   0 MEM_OUT: 892 ACC: 893 BUFF: 892 DC: 0 FLAG_ZERO: False FLAG_LT: 0 FLAG_GT: 1
INPUT_PORT:  []
OUT_PORT:  []
DATA_MEM:  [892, 416]
---------------------------------------
DEBUG    root:machine.py:309 CMP 1000
TICK: 43245 PC:   3 ADDR:   0 MEM_OUT: 893 ACC: 893 BUFF: 892 DC: 0 FLAG_ZERO: False FLAG_LT: 0 FLAG_GT: 1
INPUT_PORT:  []
OUT_PORT:  []
DATA_MEM:  [893, 416]
---------------------------------------
DEBUG    root:machine.py:309 JGE 22
TICK: 43248 PC:   4 ADDR:   0 MEM_OUT: 893 ACC: 893 BUFF: 892 DC: 0 FLAG_ZERO: False FLAG_LT: 1 FLAG_GT: 0
INPUT_PORT:  []
OUT_PORT:  []
DATA_MEM:  [893, 416]
---------------------------------------
DEBUG    root:machine.py:309 LD 0
TICK: 43251 PC:   5 ADDR:   0 MEM_OUT: 893 ACC: 893 BUFF: 892 DC: 0 FLAG_ZERO: False FLAG_LT: 1 FLAG_GT: 0
INPUT_PORT:  []
OUT_PORT:  []
DATA_MEM:  [893, 416]
---------------------------------------
DEBUG    root:machine.py:309 MOD 3
TICK: 43255 PC:   6 ADDR:   0 MEM_OUT: 893 ACC: 893 BUFF: 892 DC: 0 FLAG_ZERO: False FLAG_LT: 1 FLAG_GT: 0
INPUT_PORT:  []
OUT_PORT:  []
DATA_MEM:  [893, 416]
---------------------------------------
DEBUG    root:machine.py:309 CMP 0
TICK: 43259 PC:   7 ADDR:   0 MEM_OUT: 893 ACC: 2 BUFF: 893 DC: 0 FLAG_ZERO: False FLAG_LT: 1 FLAG_GT: 0
INPUT_PORT:  []
OUT_PORT:  []
DATA_MEM:  [893, 416]
---------------------------------------
DEBUG    root:machine.py:309 JE 14
TICK: 43262 PC:   8 ADDR:   0 MEM_OUT: 893 ACC: 2 BUFF: 893 DC: 0 FLAG_ZERO: False FLAG_LT: 0 FLAG_GT: 1
INPUT_PORT:  []
OUT_PORT:  []
DATA_MEM:  [893, 416]
---------------------------------------
DEBUG    root:machine.py:309 LD 0
TICK: 43265 PC:   9 ADDR:   0 MEM_OUT: 893 ACC: 2 BUFF: 893 DC: 0 FLAG_ZERO: False FLAG_LT: 0 FLAG_GT: 1
INPUT_PORT:  []
OUT_PORT:  []
DATA_MEM:  [893, 416]
---------------------------------------
DEBUG    root:machine.py:309 MOD 5
TICK: 43269 PC:  10 ADDR:   0 MEM_OUT: 893 ACC: 893 BUFF: 893 DC: 0 FLAG_ZERO: False FLAG_LT: 0 FLAG_GT: 1
INPUT_PORT:  []
OUT_PORT:  []
DATA_MEM:  [893, 416]
---------------------------------------
DEBUG    root:machine.py:309 CMP 0
TICK: 43273 PC:  11 ADDR:   0 MEM_OUT: 893 ACC: 3 BUFF: 893 DC: 0 FLAG_ZERO: False FLAG_LT: 0 FLAG_GT: 1
INPUT_PORT:  []
OUT_PORT:  []
DATA_MEM:  [893, 416]
---------------------------------------
DEBUG    root:machine.py:309 JE 18
TICK: 43276 PC:  12 ADDR:   0 MEM_OUT: 893 ACC: 3 BUFF: 893 DC: 0 FLAG_ZERO: False FLAG_LT: 0 FLAG_GT: 1
INPUT_PORT:  []
OUT_PORT:  []
DATA_MEM:  [893, 416]
---------------------------------------
DEBUG    root:machine.py:309 JMP 0
TICK: 43279 PC:  13 ADDR:   0 MEM_OUT: 893 ACC: 3 BUFF: 893 DC: 0 FLAG_ZERO: False FLAG_LT: 0 FLAG_GT: 1
INPUT_PORT:  []
OUT_PORT:  []
DATA_MEM:  [893, 416]
---------------------------------------
DEBUG    root:machine.py:309 LD 0
TICK: 43282 PC:   0 ADDR:   0 MEM_OUT: 893 ACC: 3 BUFF: 893 DC: 0 FLAG_ZERO: False FLAG_LT: 0 FLAG_GT: 1
INPUT_PORT:  []
OUT_PORT:  []
DATA_MEM:  [893, 416]
---------------------------------------
DEBUG    root:machine.py:309 INC 
TICK: 43286 PC:   1 ADDR:   0 MEM_OUT: 893 ACC: 893 BUFF: 893 DC: 0 FLAG_ZERO: False FLAG_LT: 0 FLAG_GT: 1
INPUT_PORT:  []
OUT_PORT:  []
DATA_MEM:  [893, 416]
---------------------------------------
DEBUG    root:machine.py:309 ST 0
TICK: 43289 PC:   2 ADDR:   0 MEM_OUT: 893 ACC: 894 BUFF: 893 DC: 0 FLAG_ZERO: False FLAG_LT: 0 FLAG_GT: 1
INPUT_PORT:  []
OUT_PORT:  []
DATA_MEM:  [893, 416]
---------------------------------------
DEBUG    root:machine.py:309 CMP 1000
TICK: 43293 PC:   3 ADDR:   0 MEM_OUT: 894 ACC: 894 BUFF: 893 DC: 0 FLAG_ZERO: False FLAG_LT: 0 FLAG_GT: 1
INPUT_PORT:  []
OUT_PORT:  []
DATA_MEM:  [894, 416]
---------------------------------------
DEBUG    root:machine.py:309 JGE 22
TICK: 43296 PC:   4 ADDR:   0 MEM_OUT: 894 ACC: 894 BUFF: 893 DC: 0 FLAG_ZERO: False FLAG_LT: 1 FLAG_GT: 0
INPUT_PORT:  []
OUT_PORT:  []
DATA_MEM:  [894, 416]
---------------------------------------
DEBUG    root:machine.py:309 LD 0
TICK: 43299 PC:   5 ADDR:   0 MEM_OUT: 894 ACC: 894 BUFF: 893 DC: 0 FLAG_ZERO: False FLAG_LT: 1 FLAG_GT: 0
INPUT_PORT:  []
OUT_PORT:  []
DATA_MEM:  [894, 416]
---------------------------------------
DEBUG    root:machine.py:309 MOD 3
TICK: 43303 PC:   6 ADDR:   0 MEM_OUT: 894 ACC: 894 BUFF: 893 DC: 0 FLAG_ZERO: False FLAG_LT: 1 FLAG_GT: 0
INPUT_PORT:  []
OUT_PORT:  []
DATA_MEM:  [894, 416]
---------------------------------------
DEBUG    root:machine.py:309 CMP 0
TICK: 43307 PC:   7 ADDR:   0 MEM_OUT: 894 ACC: 0 BUFF: 894 DC: 0 FLAG_ZERO: False FLAG_LT: 1 FLAG_GT: 0
INPUT_PORT:  []
OUT_PORT:  []
DATA_MEM:  [894, 416]
---------------------------------------
DEBUG    root:machine.py:309 JE 14
TICK: 43310 PC:   8 ADDR:   0 MEM_OUT: 894 ACC: 0 BUFF: 894 DC: 0 FLAG_ZERO: True FLAG_LT: 0 FLAG_GT: 0
INPUT_PORT:  []
OUT_PORT:  []
DATA_MEM:  [894, 416]
---------------------------------------
DEBUG    root:machine.py:309 LD 4
TICK: 43313 PC:  14 ADDR:   0 MEM_OUT: 894 ACC: 0 BUFF: 894 DC: 0 FLAG_ZERO: True FLAG_LT: 0 FLAG_GT: 0
INPUT_PORT:  []
OUT_PORT:  []
DATA_MEM:  [894, 416]
---------------------------------------
DEBUG    root:machine.py:309 INC 
TICK: 43317 PC:  15 ADDR:   1 MEM_OUT: 416 ACC: 416 BUFF: 894 DC: 0 FLAG_ZERO: True FLAG_LT: 0 FLAG_GT: 0
INPUT_PORT:  []
OUT_PORT:  []
DATA_MEM:  [894, 416]
---------------------------------------
DEBUG    root:machine.py:309 ST 4
TICK: 43320 PC:  16 ADDR:   1 MEM_OUT: 416 ACC: 417 BUFF: 894 DC: 0 FLAG_ZERO: True FLAG_LT: 0 FLAG_GT: 0
INPUT_PORT:  []
OUT_PORT:  []
DATA_MEM:  [894, 416]
---------------------------------------
DEBUG    root:machine.py:309 JMP 0
TICK: 43324 PC:  17 ADDR:   1 MEM_OUT: 417 ACC: 417 BUFF: 894 DC: 0 FLAG_ZERO: True FLAG_LT: 0 FLAG_GT: 0
INPUT_PORT:  []
OUT_PORT:  []
DATA_MEM:  [894, 417]
---------------------------------------
DEBUG    root:machine.py:309 LD 0
TICK: 43327 PC:   0 ADDR:   1 MEM_OUT: 417 ACC: 417 BUFF: 894 DC: 0 FLAG_ZERO: True FLAG_LT: 0 FLAG_GT: 0
INPUT_PORT:  []
OUT_PORT:  []
DATA_MEM:  [894, 417]
---------------------------------------
DEBUG    root:machine.py:309 INC 
TICK: 43331 PC:   1 ADDR:   0 MEM_OUT: 894 ACC: 894 BUFF: 894 DC: 0 FLAG_ZERO: True FLAG_LT: 0 FLAG_GT: 0
INPUT_PORT:  []
OUT_PORT:  []
DATA_MEM:  [894, 417]
---------------------------------------
DEBUG    root:machine.py:309 ST 0
TICK: 43334 PC:   2 ADDR:   0 MEM_OUT: 894 ACC: 895 BUFF: 894 DC: 0 FLAG_ZERO: True FLAG_LT: 0 FLAG_GT: 0
INPUT_PORT:  []
OUT_PORT:  []
DATA_MEM:  [894, 417]
---------------------------------------
DEBUG    root:machine.py:309 CMP 1000
TICK: 43338 PC:   3 ADDR:   0 MEM_OUT: 895 ACC: 895 BUFF: 894 DC: 0 FLAG_ZERO: True FLAG_LT: 0 FLAG_GT: 0
INPUT_PORT:  []
OUT_PORT:  []
DATA_MEM:  [895, 417]
---------------------------------------
DEBUG    root:machine.py:309 JGE 22
TICK: 43341 PC:   4 ADDR:   0 MEM_OUT: 895 ACC: 895 BUFF: 894 DC: 0 FLAG_ZERO: False FLAG_LT: 1 FLAG_GT: 0
INPUT_PORT:  []
OUT_PORT:  []
DATA_MEM:  [895, 417]
---------------------------------------
DEBUG    root:machine.py:309 LD 0
TICK: 43344 PC:   5 ADDR:   0 MEM_OUT: 895 ACC: 895 BUFF: 894 DC: 0 FLAG_ZERO: False FLAG_LT: 1 FLAG_GT: 0
INPUT_PORT:  []
OUT_PORT:  []
DATA_MEM:  [895, 417]
---------------------------------------
DEBUG    root:machine.py:309 MOD 3
TICK: 43348 PC:   6 ADDR:   0 MEM_OUT: 895 ACC: 895 BUFF: 894 DC: 0 FLAG_ZERO: False FLAG_LT: 1 FLAG_GT: 0
INPUT_PORT:  []
OUT_PORT:  []
DATA_MEM:  [895, 417]
---------------------------------------
DEBUG    root:machine.py:309 CMP 0
TICK: 43352 PC:   7 ADDR:   0 MEM_OUT: 895 ACC: 1 BUFF: 895 DC: 0 FLAG_ZERO: False FLAG_LT: 1 FLAG_GT: 0
INPUT_PORT:  []
OUT_PORT:  []
DATA_MEM:  [895, 417]
---------------------------------------
DEBUG    root:machine.py:309 JE 14
TICK: 43355 PC:   8 ADDR:   0 MEM_OUT: 895 ACC: 1 BUFF: 895 DC: 0 FLAG_ZERO: False FLAG_LT: 0 FLAG_GT: 1
INPUT_PORT:  []
OUT_PORT:  []
DATA_MEM:  [895, 417]
---------------------------------------
DEBUG    root:machine.py:309 LD 0
TICK: 43358 PC:   9 ADDR:   0 MEM_OUT: 895 ACC: 1 BUFF: 895 DC: 0 FLAG_ZERO: False FLAG_LT: 0 FLAG_GT: 1
INPUT_PORT:  []
OUT_PORT:  []
DATA_MEM:  [895, 417]
---------------------------------------
DEBUG    root:machine.py:309 MOD 5
TICK: 43362 PC:  10 ADDR:   0 MEM_OUT: 895 ACC: 895 BUFF: 895 DC: 0 FLAG_ZERO: False FLAG_LT: 0 FLAG_GT: 1
INPUT_PORT:  []
OUT_PORT:  []
DATA_MEM:  [895, 417]
---------------------------------------
DEBUG    root:machine.py:309 CMP 0
TICK: 43366 PC:  11 ADDR:   0 MEM_OUT: 895 ACC: 0 BUFF: 895 DC: 0 FLAG_ZERO: False FLAG_LT: 0 FLAG_GT: 1
INPUT_PORT:  []
OUT_PORT:  []
DATA_MEM:  [895, 417]
---------------------------------------
DEBUG    root:machine.py:309 JE 18
TICK: 43369 PC:  12 ADDR:   0 MEM_OUT: 895 ACC: 0 BUFF: 895 DC: 0 FLAG_ZERO: True FLAG_LT: 0 FLAG_GT: 0
INPUT_PORT:  []
OUT_PORT:  []
DATA_MEM:  [895, 417]
---------------------------------------
DEBUG    root:machine.py:309 LD 4
TICK: 43372 PC:  18 ADDR:   0 MEM_OUT: 895 ACC: 0 BUFF: 895 DC: 0 FLAG_ZERO: True FLAG_LT: 0 FLAG_GT: 0
INPUT_PORT:  []
OUT_PORT:  []
DATA_MEM:  [895, 417]
---------------------------------------
DEBUG    root:machine.py:309 INC 
TICK: 43376 PC:  19 ADDR:   1 MEM_OUT: 417 ACC: 417 BUFF: 895 DC: 0 FLAG_ZERO: True FLAG_LT: 0 FLAG_GT: 0
INPUT_PORT:  []
OUT_PORT:  []
DATA_MEM:  [895, 417]
---------------------------------------
DEBUG    root:machine.py:309 ST 4
TICK: 43379 PC:  20 ADDR:   1 MEM_OUT: 417 ACC: 418 BUFF: 895 DC: 0 FLAG_ZERO: True FLAG_LT: 0 FLAG_GT: 0
INPUT_PORT:  []
OUT_PORT:  []
DATA_MEM:  [895, 417]
---------------------------------------
DEBUG    root:machine.py:309 JMP 0
TICK: 43383 PC:  21 ADDR:   1 MEM_OUT: 418 ACC: 418 BUFF: 895 DC: 0 FLAG_ZERO: True FLAG_LT: 0 FLAG_GT: 0
INPUT_PORT:  []
OUT_PORT:  []
DATA_MEM:  [895, 418]
---------------------------------------
DEBUG    root:machine.py:309 LD 0
TICK: 43386 PC:   0 ADDR:   1 MEM_OUT: 418 ACC: 418 BUFF: 895 DC: 0 FLAG_ZERO: True FLAG_LT: 0 FLAG_GT: 0
INPUT_PORT:  []
OUT_PORT:  []
DATA_MEM:  [895, 418]
---------------------------------------
DEBUG    root:machine.py:309 INC 
TICK: 43390 PC:   1 ADDR:   0 MEM_OUT: 895 ACC: 895 BUFF: 895 DC: 0 FLAG_ZERO: True FLAG_LT: 0 FLAG_GT: 0
INPUT_PORT:  []
OUT_PORT:  []
DATA_MEM:  [895, 418]
---------------------------------------
DEBUG    root:machine.py:309 ST 0
TICK: 43393 PC:   2 ADDR:   0 MEM_OUT: 895 ACC: 896 BUFF: 895 DC: 0 FLAG_ZERO: True FLAG_LT: 0 FLAG_GT: 0
INPUT_PORT:  []
OUT_PORT:  []
DATA_MEM:  [895, 418]
---------------------------------------
DEBUG    root:machine.py:309 CMP 1000
TICK: 43397 PC:   3 ADDR:   0 MEM_OUT: 896 ACC: 896 BUFF: 895 DC: 0 FLAG_ZERO: True FLAG_LT: 0 FLAG_GT: 0
INPUT_PORT:  []
OUT_PORT:  []
DATA_MEM:  [896, 418]
---------------------------------------
DEBUG    root:machine.py:309 JGE 22
TICK: 43400 PC:   4 ADDR:   0 MEM_OUT: 896 ACC: 896 BUFF: 895 DC: 0 FLAG_ZERO: False FLAG_LT: 1 FLAG_GT: 0
INPUT_PORT:  []
OUT_PORT:  []
DATA_MEM:  [896, 418]
---------------------------------------
DEBUG    root:machine.py:309 LD 0
TICK: 43403 PC:   5 ADDR:   0 MEM_OUT: 896 ACC: 896 BUFF: 895 DC: 0 FLAG_ZERO: False FLAG_LT: 1 FLAG_GT: 0
INPUT_PORT:  []
OUT_PORT:  []
DATA_MEM:  [896, 418]
---------------------------------------
DEBUG    root:machine.py:309 MOD 3
TICK: 43407 PC:   6 ADDR:   0 MEM_OUT: 896 ACC: 896 BUFF: 895 DC: 0 FLAG_ZERO: False FLAG_LT: 1 FLAG_GT: 0
INPUT_PORT:  []
OUT_PORT:  []
DATA_MEM:  [896, 418]
---------------------------------------
DEBUG    root:machine.py:309 CMP 0
TICK: 43411 PC:   7 ADDR:   0 MEM_OUT: 896 ACC: 2 BUFF: 896 DC: 0 FLAG_ZERO: False FLAG_LT: 1 FLAG_GT: 0
INPUT_PORT:  []
OUT_PORT:  []
DATA_MEM:  [896, 418]
---------------------------------------
DEBUG    root:machine.py:309 JE 14
TICK: 43414 PC:   8 ADDR:   0 MEM_OUT: 896 ACC: 2 BUFF: 896 DC: 0 FLAG_ZERO: False FLAG_LT: 0 FLAG_GT: 1
INPUT_PORT:  []
OUT_PORT:  []
DATA_MEM:  [896, 418]
---------------------------------------
DEBUG    root:machine.py:309 LD 0
TICK: 43417 PC:   9 ADDR:   0 MEM_OUT: 896 ACC: 2 BUFF: 896 DC: 0 FLAG_ZERO: False FLAG_LT: 0 FLAG_GT: 1
INPUT_PORT:  []
OUT_PORT:  []
DATA_MEM:  [896, 418]
---------------------------------------
DEBUG    root:machine.py:309 MOD 5
TICK: 43421 PC:  10 ADDR:   0 MEM_OUT: 896 ACC: 896 BUFF: 896 DC: 0 FLAG_ZERO: False FLAG_LT: 0 FLAG_GT: 1
INPUT_PORT:  []
OUT_PORT:  []
DATA_MEM:  [896, 418]
---------------------------------------
DEBUG    root:machine.py:309 CMP 0
TICK: 43425 PC:  11 ADDR:   0 MEM_OUT: 896 ACC: 1 BUFF: 896 DC: 0 FLAG_ZERO: False FLAG_LT: 0 FLAG_GT: 1
INPUT_PORT:  []
OUT_PORT:  []
DATA_MEM:  [896, 418]
---------------------------------------
DEBUG    root:machine.py:309 JE 18
TICK: 43428 PC:  12 ADDR:   0 MEM_OUT: 896 ACC: 1 BUFF: 896 DC: 0 FLAG_ZERO: False FLAG_LT: 0 FLAG_GT: 1
INPUT_PORT:  []
OUT_PORT:  []
DATA_MEM:  [896, 418]
---------------------------------------
DEBUG    root:machine.py:309 JMP 0
TICK: 43431 PC:  13 ADDR:   0 MEM_OUT: 896 ACC: 1 BUFF: 896 DC: 0 FLAG_ZERO: False FLAG_LT: 0 FLAG_GT: 1
INPUT_PORT:  []
OUT_PORT:  []
DATA_MEM:  [896, 418]
---------------------------------------
DEBUG    root:machine.py:309 LD 0
TICK: 43434 PC:   0 ADDR:   0 MEM_OUT: 896 ACC: 1 BUFF: 896 DC: 0 FLAG_ZERO: False FLAG_LT: 0 FLAG_GT: 1
INPUT_PORT:  []
OUT_PORT:  []
DATA_MEM:  [896, 418]
---------------------------------------
DEBUG    root:machine.py:309 INC 
TICK: 43438 PC:   1 ADDR:   0 MEM_OUT: 896 ACC: 896 BUFF: 896 DC: 0 FLAG_ZERO: False FLAG_LT: 0 FLAG_GT: 1
INPUT_PORT:  []
OUT_PORT:  []
DATA_MEM:  [896, 418]
---------------------------------------
DEBUG    root:machine.py:309 ST 0
TICK: 43441 PC:   2 ADDR:   0 MEM_OUT: 896 ACC: 897 BUFF: 896 DC: 0 FLAG_ZERO: False FLAG_LT: 0 FLAG_GT: 1
INPUT_PORT:  []
OUT_PORT:  []
DATA_MEM:  [896, 418]
---------------------------------------
DEBUG    root:machine.py:309 CMP 1000
TICK: 43445 PC:   3 ADDR:   0 MEM_OUT: 897 ACC: 897 BUFF: 896 DC: 0 FLAG_ZERO: False FLAG_LT: 0 FLAG_GT: 1
INPUT_PORT:  []
OUT_PORT:  []
DATA_MEM:  [897, 418]
---------------------------------------
DEBUG    root:machine.py:309 JGE 22
TICK: 43448 PC:   4 ADDR:   0 MEM_OUT: 897 ACC: 897 BUFF: 896 DC: 0 FLAG_ZERO: False FLAG_LT: 1 FLAG_GT: 0
INPUT_PORT:  []
OUT_PORT:  []
DATA_MEM:  [897, 418]
---------------------------------------
DEBUG    root:machine.py:309 LD 0
TICK: 43451 PC:   5 ADDR:   0 MEM_OUT: 897 ACC: 897 BUFF: 896 DC: 0 FLAG_ZERO: False FLAG_LT: 1 FLAG_GT: 0
INPUT_PORT:  []
OUT_PORT:  []
DATA_MEM:  [897, 418]
---------------------------------------
DEBUG    root:machine.py:309 MOD 3
TICK: 43455 PC:   6 ADDR:   0 MEM_OUT: 897 ACC: 897 BUFF: 896 DC: 0 FLAG_ZERO: False FLAG_LT: 1 FLAG_GT: 0
INPUT_PORT:  []
OUT_PORT:  []
DATA_MEM:  [897, 418]
---------------------------------------
DEBUG    root:machine.py:309 CMP 0
TICK: 43459 PC:   7 ADDR:   0 MEM_OUT: 897 ACC: 0 BUFF: 897 DC: 0 FLAG_ZERO: False FLAG_LT: 1 FLAG_GT: 0
INPUT_PORT:  []
OUT_PORT:  []
DATA_MEM:  [897, 418]
---------------------------------------
DEBUG    root:machine.py:309 JE 14
TICK: 43462 PC:   8 ADDR:   0 MEM_OUT: 897 ACC: 0 BUFF: 897 DC: 0 FLAG_ZERO: True FLAG_LT: 0 FLAG_GT: 0
INPUT_PORT:  []
OUT_PORT:  []
DATA_MEM:  [897, 418]
---------------------------------------
DEBUG    root:machine.py:309 LD 4
TICK: 43465 PC:  14 ADDR:   0 MEM_OUT: 897 ACC: 0 BUFF: 897 DC: 0 FLAG_ZERO: True FLAG_LT: 0 FLAG_GT: 0
INPUT_PORT:  []
OUT_PORT:  []
DATA_MEM:  [897, 418]
---------------------------------------
DEBUG    root:machine.py:309 INC 
TICK: 43469 PC:  15 ADDR:   1 MEM_OUT: 418 ACC: 418 BUFF: 897 DC: 0 FLAG_ZERO: True FLAG_LT: 0 FLAG_GT: 0
INPUT_PORT:  []
OUT_PORT:  []
DATA_MEM:  [897, 418]
---------------------------------------
DEBUG    root:machine.py:309 ST 4
TICK: 43472 PC:  16 ADDR:   1 MEM_OUT: 418 ACC: 419 BUFF: 897 DC: 0 FLAG_ZERO: True FLAG_LT: 0 FLAG_GT: 0
INPUT_PORT:  []
OUT_PORT:  []
DATA_MEM:  [897, 418]
---------------------------------------
DEBUG    root:machine.py:309 JMP 0
TICK: 43476 PC:  17 ADDR:   1 MEM_OUT: 419 ACC: 419 BUFF: 897 DC: 0 FLAG_ZERO: True FLAG_LT: 0 FLAG_GT: 0
INPUT_PORT:  []
OUT_PORT:  []
DATA_MEM:  [897, 419]
---------------------------------------
DEBUG    root:machine.py:309 LD 0
TICK: 43479 PC:   0 ADDR:   1 MEM_OUT: 419 ACC: 419 BUFF: 897 DC: 0 FLAG_ZERO: True FLAG_LT: 0 FLAG_GT: 0
INPUT_PORT:  []
OUT_PORT:  []
DATA_MEM:  [897, 419]
---------------------------------------
DEBUG    root:machine.py:309 INC 
TICK: 43483 PC:   1 ADDR:   0 MEM_OUT: 897 ACC: 897 BUFF: 897 DC: 0 FLAG_ZERO: True FLAG_LT: 0 FLAG_GT: 0
INPUT_PORT:  []
OUT_PORT:  []
DATA_MEM:  [897, 419]
---------------------------------------
DEBUG    root:machine.py:309 ST 0
TICK: 43486 PC:   2 ADDR:   0 MEM_OUT: 897 ACC: 898 BUFF: 897 DC: 0 FLAG_ZERO: True FLAG_LT: 0 FLAG_GT: 0
INPUT_PORT:  []
OUT_PORT:  []
DATA_MEM:  [897, 419]
---------------------------------------
DEBUG    root:machine.py:309 CMP 1000
TICK: 43490 PC:   3 ADDR:   0 MEM_OUT: 898 ACC: 898 BUFF: 897 DC: 0 FLAG_ZERO: True FLAG_LT: 0 FLAG_GT: 0
INPUT_PORT:  []
OUT_PORT:  []
DATA_MEM:  [898, 419]
---------------------------------------
DEBUG    root:machine.py:309 JGE 22
TICK: 43493 PC:   4 ADDR:   0 MEM_OUT: 898 ACC: 898 BUFF: 897 DC: 0 FLAG_ZERO: False FLAG_LT: 1 FLAG_GT: 0
INPUT_PORT:  []
OUT_PORT:  []
DATA_MEM:  [898, 419]
---------------------------------------
DEBUG    root:machine.py:309 LD 0
TICK: 43496 PC:   5 ADDR:   0 MEM_OUT: 898 ACC: 898 BUFF: 897 DC: 0 FLAG_ZERO: False FLAG_LT: 1 FLAG_GT: 0
INPUT_PORT:  []
OUT_PORT:  []
DATA_MEM:  [898, 419]
---------------------------------------
DEBUG    root:machine.py:309 MOD 3
TICK: 43500 PC:   6 ADDR:   0 MEM_OUT: 898 ACC: 898 BUFF: 897 DC: 0 FLAG_ZERO: False FLAG_LT: 1 FLAG_GT: 0
INPUT_PORT:  []
OUT_PORT:  []
DATA_MEM:  [898, 419]
---------------------------------------
DEBUG    root:machine.py:309 CMP 0
TICK: 43504 PC:   7 ADDR:   0 MEM_OUT: 898 ACC: 1 BUFF: 898 DC: 0 FLAG_ZERO: False FLAG_LT: 1 FLAG_GT: 0
INPUT_PORT:  []
OUT_PORT:  []
DATA_MEM:  [898, 419]
---------------------------------------
DEBUG    root:machine.py:309 JE 14
TICK: 43507 PC:   8 ADDR:   0 MEM_OUT: 898 ACC: 1 BUFF: 898 DC: 0 FLAG_ZERO: False FLAG_LT: 0 FLAG_GT: 1
INPUT_PORT:  []
OUT_PORT:  []
DATA_MEM:  [898, 419]
---------------------------------------
DEBUG    root:machine.py:309 LD 0
TICK: 43510 PC:   9 ADDR:   0 MEM_OUT: 898 ACC: 1 BUFF: 898 DC: 0 FLAG_ZERO: False FLAG_LT: 0 FLAG_GT: 1
INPUT_PORT:  []
OUT_PORT:  []
DATA_MEM:  [898, 419]
---------------------------------------
DEBUG    root:machine.py:309 MOD 5
TICK: 43514 PC:  10 ADDR:   0 MEM_OUT: 898 ACC: 898 BUFF: 898 DC: 0 FLAG_ZERO: False FLAG_LT: 0 FLAG_GT: 1
INPUT_PORT:  []
OUT_PORT:  []
DATA_MEM:  [898, 419]
---------------------------------------
DEBUG    root:machine.py:309 CMP 0
TICK: 43518 PC:  11 ADDR:   0 MEM_OUT: 898 ACC: 3 BUFF: 898 DC: 0 FLAG_ZERO: False FLAG_LT: 0 FLAG_GT: 1
INPUT_PORT:  []
OUT_PORT:  []
DATA_MEM:  [898, 419]
---------------------------------------
DEBUG    root:machine.py:309 JE 18
TICK: 43521 PC:  12 ADDR:   0 MEM_OUT: 898 ACC: 3 BUFF: 898 DC: 0 FLAG_ZERO: False FLAG_LT: 0 FLAG_GT: 1
INPUT_PORT:  []
OUT_PORT:  []
DATA_MEM:  [898, 419]
---------------------------------------
DEBUG    root:machine.py:309 JMP 0
TICK: 43524 PC:  13 ADDR:   0 MEM_OUT: 898 ACC: 3 BUFF: 898 DC: 0 FLAG_ZERO: False FLAG_LT: 0 FLAG_GT: 1
INPUT_PORT:  []
OUT_PORT:  []
DATA_MEM:  [898, 419]
---------------------------------------
DEBUG    root:machine.py:309 LD 0
TICK: 43527 PC:   0 ADDR:   0 MEM_OUT: 898 ACC: 3 BUFF: 898 DC: 0 FLAG_ZERO: False FLAG_LT: 0 FLAG_GT: 1
INPUT_PORT:  []
OUT_PORT:  []
DATA_MEM:  [898, 419]
---------------------------------------
DEBUG    root:machine.py:309 INC 
TICK: 43531 PC:   1 ADDR:   0 MEM_OUT: 898 ACC: 898 BUFF: 898 DC: 0 FLAG_ZERO: False FLAG_LT: 0 FLAG_GT: 1
INPUT_PORT:  []
OUT_PORT:  []
DATA_MEM:  [898, 419]
---------------------------------------
DEBUG    root:machine.py:309 ST 0
TICK: 43534 PC:   2 ADDR:   0 MEM_OUT: 898 ACC: 899 BUFF: 898 DC: 0 FLAG_ZERO: False FLAG_LT: 0 FLAG_GT: 1
INPUT_PORT:  []
OUT_PORT:  []
DATA_MEM:  [898, 419]
---------------------------------------
DEBUG    root:machine.py:309 CMP 1000
TICK: 43538 PC:   3 ADDR:   0 MEM_OUT: 899 ACC: 899 BUFF: 898 DC: 0 FLAG_ZERO: False FLAG_LT: 0 FLAG_GT: 1
INPUT_PORT:  []
OUT_PORT:  []
DATA_MEM:  [899, 419]
---------------------------------------
DEBUG    root:machine.py:309 JGE 22
TICK: 43541 PC:   4 ADDR:   0 MEM_OUT: 899 ACC: 899 BUFF: 898 DC: 0 FLAG_ZERO: False FLAG_LT: 1 FLAG_GT: 0
INPUT_PORT:  []
OUT_PORT:  []
DATA_MEM:  [899, 419]
---------------------------------------
DEBUG    root:machine.py:309 LD 0
TICK: 43544 PC:   5 ADDR:   0 MEM_OUT: 899 ACC: 899 BUFF: 898 DC: 0 FLAG_ZERO: False FLAG_LT: 1 FLAG_GT: 0
INPUT_PORT:  []
OUT_PORT:  []
DATA_MEM:  [899, 419]
---------------------------------------
DEBUG    root:machine.py:309 MOD 3
TICK: 43548 PC:   6 ADDR:   0 MEM_OUT: 899 ACC: 899 BUFF: 898 DC: 0 FLAG_ZERO: False FLAG_LT: 1 FLAG_GT: 0
INPUT_PORT:  []
OUT_PORT:  []
DATA_MEM:  [899, 419]
---------------------------------------
DEBUG    root:machine.py:309 CMP 0
TICK: 43552 PC:   7 ADDR:   0 MEM_OUT: 899 ACC: 2 BUFF: 899 DC: 0 FLAG_ZERO: False FLAG_LT: 1 FLAG_GT: 0
INPUT_PORT:  []
OUT_PORT:  []
DATA_MEM:  [899, 419]
---------------------------------------
DEBUG    root:machine.py:309 JE 14
TICK: 43555 PC:   8 ADDR:   0 MEM_OUT: 899 ACC: 2 BUFF: 899 DC: 0 FLAG_ZERO: False FLAG_LT: 0 FLAG_GT: 1
INPUT_PORT:  []
OUT_PORT:  []
DATA_MEM:  [899, 419]
---------------------------------------
DEBUG    root:machine.py:309 LD 0
TICK: 43558 PC:   9 ADDR:   0 MEM_OUT: 899 ACC: 2 BUFF: 899 DC: 0 FLAG_ZERO: False FLAG_LT: 0 FLAG_GT: 1
INPUT_PORT:  []
OUT_PORT:  []
DATA_MEM:  [899, 419]
---------------------------------------
DEBUG    root:machine.py:309 MOD 5
TICK: 43562 PC:  10 ADDR:   0 MEM_OUT: 899 ACC: 899 BUFF: 899 DC: 0 FLAG_ZERO: False FLAG_LT: 0 FLAG_GT: 1
INPUT_PORT:  []
OUT_PORT:  []
DATA_MEM:  [899, 419]
---------------------------------------
DEBUG    root:machine.py:309 CMP 0
TICK: 43566 PC:  11 ADDR:   0 MEM_OUT: 899 ACC: 4 BUFF: 899 DC: 0 FLAG_ZERO: False FLAG_LT: 0 FLAG_GT: 1
INPUT_PORT:  []
OUT_PORT:  []
DATA_MEM:  [899, 419]
---------------------------------------
DEBUG    root:machine.py:309 JE 18
TICK: 43569 PC:  12 ADDR:   0 MEM_OUT: 899 ACC: 4 BUFF: 899 DC: 0 FLAG_ZERO: False FLAG_LT: 0 FLAG_GT: 1
INPUT_PORT:  []
OUT_PORT:  []
DATA_MEM:  [899, 419]
---------------------------------------
DEBUG    root:machine.py:309 JMP 0
TICK: 43572 PC:  13 ADDR:   0 MEM_OUT: 899 ACC: 4 BUFF: 899 DC: 0 FLAG_ZERO: False FLAG_LT: 0 FLAG_GT: 1
INPUT_PORT:  []
OUT_PORT:  []
DATA_MEM:  [899, 419]
---------------------------------------
DEBUG    root:machine.py:309 LD 0
TICK: 43575 PC:   0 ADDR:   0 MEM_OUT: 899 ACC: 4 BUFF: 899 DC: 0 FLAG_ZERO: False FLAG_LT: 0 FLAG_GT: 1
INPUT_PORT:  []
OUT_PORT:  []
DATA_MEM:  [899, 419]
---------------------------------------
DEBUG    root:machine.py:309 INC 
TICK: 43579 PC:   1 ADDR:   0 MEM_OUT: 899 ACC: 899 BUFF: 899 DC: 0 FLAG_ZERO: False FLAG_LT: 0 FLAG_GT: 1
INPUT_PORT:  []
OUT_PORT:  []
DATA_MEM:  [899, 419]
---------------------------------------
DEBUG    root:machine.py:309 ST 0
TICK: 43582 PC:   2 ADDR:   0 MEM_OUT: 899 ACC: 900 BUFF: 899 DC: 0 FLAG_ZERO: False FLAG_LT: 0 FLAG_GT: 1
INPUT_PORT:  []
OUT_PORT:  []
DATA_MEM:  [899, 419]
---------------------------------------
DEBUG    root:machine.py:309 CMP 1000
TICK: 43586 PC:   3 ADDR:   0 MEM_OUT: 900 ACC: 900 BUFF: 899 DC: 0 FLAG_ZERO: False FLAG_LT: 0 FLAG_GT: 1
INPUT_PORT:  []
OUT_PORT:  []
DATA_MEM:  [900, 419]
---------------------------------------
DEBUG    root:machine.py:309 JGE 22
TICK: 43589 PC:   4 ADDR:   0 MEM_OUT: 900 ACC: 900 BUFF: 899 DC: 0 FLAG_ZERO: False FLAG_LT: 1 FLAG_GT: 0
INPUT_PORT:  []
OUT_PORT:  []
DATA_MEM:  [900, 419]
---------------------------------------
DEBUG    root:machine.py:309 LD 0
TICK: 43592 PC:   5 ADDR:   0 MEM_OUT: 900 ACC: 900 BUFF: 899 DC: 0 FLAG_ZERO: False FLAG_LT: 1 FLAG_GT: 0
INPUT_PORT:  []
OUT_PORT:  []
DATA_MEM:  [900, 419]
---------------------------------------
DEBUG    root:machine.py:309 MOD 3
TICK: 43596 PC:   6 ADDR:   0 MEM_OUT: 900 ACC: 900 BUFF: 899 DC: 0 FLAG_ZERO: False FLAG_LT: 1 FLAG_GT: 0
INPUT_PORT:  []
OUT_PORT:  []
DATA_MEM:  [900, 419]
---------------------------------------
DEBUG    root:machine.py:309 CMP 0
TICK: 43600 PC:   7 ADDR:   0 MEM_OUT: 900 ACC: 0 BUFF: 900 DC: 0 FLAG_ZERO: False FLAG_LT: 1 FLAG_GT: 0
INPUT_PORT:  []
OUT_PORT:  []
DATA_MEM:  [900, 419]
---------------------------------------
DEBUG    root:machine.py:309 JE 14
TICK: 43603 PC:   8 ADDR:   0 MEM_OUT: 900 ACC: 0 BUFF: 900 DC: 0 FLAG_ZERO: True FLAG_LT: 0 FLAG_GT: 0
INPUT_PORT:  []
OUT_PORT:  []
DATA_MEM:  [900, 419]
---------------------------------------
DEBUG    root:machine.py:309 LD 4
TICK: 43606 PC:  14 ADDR:   0 MEM_OUT: 900 ACC: 0 BUFF: 900 DC: 0 FLAG_ZERO: True FLAG_LT: 0 FLAG_GT: 0
INPUT_PORT:  []
OUT_PORT:  []
DATA_MEM:  [900, 419]
---------------------------------------
DEBUG    root:machine.py:309 INC 
TICK: 43610 PC:  15 ADDR:   1 MEM_OUT: 419 ACC: 419 BUFF: 900 DC: 0 FLAG_ZERO: True FLAG_LT: 0 FLAG_GT: 0
INPUT_PORT:  []
OUT_PORT:  []
DATA_MEM:  [900, 419]
---------------------------------------
DEBUG    root:machine.py:309 ST 4
TICK: 43613 PC:  16 ADDR:   1 MEM_OUT: 419 ACC: 420 BUFF: 900 DC: 0 FLAG_ZERO: True FLAG_LT: 0 FLAG_GT: 0
INPUT_PORT:  []
OUT_PORT:  []
DATA_MEM:  [900, 419]
---------------------------------------
DEBUG    root:machine.py:309 JMP 0
TICK: 43617 PC:  17 ADDR:   1 MEM_OUT: 420 ACC: 420 BUFF: 900 DC: 0 FLAG_ZERO: True FLAG_LT: 0 FLAG_GT: 0
INPUT_PORT:  []
OUT_PORT:  []
DATA_MEM:  [900, 420]
---------------------------------------
DEBUG    root:machine.py:309 LD 0
TICK: 43620 PC:   0 ADDR:   1 MEM_OUT: 420 ACC: 420 BUFF: 900 DC: 0 FLAG_ZERO: True FLAG_LT: 0 FLAG_GT: 0
INPUT_PORT:  []
OUT_PORT:  []
DATA_MEM:  [900, 420]
---------------------------------------
DEBUG    root:machine.py:309 INC 
TICK: 43624 PC:   1 ADDR:   0 MEM_OUT: 900 ACC: 900 BUFF: 900 DC: 0 FLAG_ZERO: True FLAG_LT: 0 FLAG_GT: 0
INPUT_PORT:  []
OUT_PORT:  []
DATA_MEM:  [900, 420]
---------------------------------------
DEBUG    root:machine.py:309 ST 0
TICK: 43627 PC:   2 ADDR:   0 MEM_OUT: 900 ACC: 901 BUFF: 900 DC: 0 FLAG_ZERO: True FLAG_LT: 0 FLAG_GT: 0
INPUT_PORT:  []
OUT_PORT:  []
DATA_MEM:  [900, 420]
---------------------------------------
DEBUG    root:machine.py:309 CMP 1000
TICK: 43631 PC:   3 ADDR:   0 MEM_OUT: 901 ACC: 901 BUFF: 900 DC: 0 FLAG_ZERO: True FLAG_LT: 0 FLAG_GT: 0
INPUT_PORT:  []
OUT_PORT:  []
DATA_MEM:  [901, 420]
---------------------------------------
DEBUG    root:machine.py:309 JGE 22
TICK: 43634 PC:   4 ADDR:   0 MEM_OUT: 901 ACC: 901 BUFF: 900 DC: 0 FLAG_ZERO: False FLAG_LT: 1 FLAG_GT: 0
INPUT_PORT:  []
OUT_PORT:  []
DATA_MEM:  [901, 420]
---------------------------------------
DEBUG    root:machine.py:309 LD 0
TICK: 43637 PC:   5 ADDR:   0 MEM_OUT: 901 ACC: 901 BUFF: 900 DC: 0 FLAG_ZERO: False FLAG_LT: 1 FLAG_GT: 0
INPUT_PORT:  []
OUT_PORT:  []
DATA_MEM:  [901, 420]
---------------------------------------
DEBUG    root:machine.py:309 MOD 3
TICK: 43641 PC:   6 ADDR:   0 MEM_OUT: 901 ACC: 901 BUFF: 900 DC: 0 FLAG_ZERO: False FLAG_LT: 1 FLAG_GT: 0
INPUT_PORT:  []
OUT_PORT:  []
DATA_MEM:  [901, 420]
---------------------------------------
DEBUG    root:machine.py:309 CMP 0
TICK: 43645 PC:   7 ADDR:   0 MEM_OUT: 901 ACC: 1 BUFF: 901 DC: 0 FLAG_ZERO: False FLAG_LT: 1 FLAG_GT: 0
INPUT_PORT:  []
OUT_PORT:  []
DATA_MEM:  [901, 420]
---------------------------------------
DEBUG    root:machine.py:309 JE 14
TICK: 43648 PC:   8 ADDR:   0 MEM_OUT: 901 ACC: 1 BUFF: 901 DC: 0 FLAG_ZERO: False FLAG_LT: 0 FLAG_GT: 1
INPUT_PORT:  []
OUT_PORT:  []
DATA_MEM:  [901, 420]
---------------------------------------
DEBUG    root:machine.py:309 LD 0
TICK: 43651 PC:   9 ADDR:   0 MEM_OUT: 901 ACC: 1 BUFF: 901 DC: 0 FLAG_ZERO: False FLAG_LT: 0 FLAG_GT: 1
INPUT_PORT:  []
OUT_PORT:  []
DATA_MEM:  [901, 420]
---------------------------------------
DEBUG    root:machine.py:309 MOD 5
TICK: 43655 PC:  10 ADDR:   0 MEM_OUT: 901 ACC: 901 BUFF: 901 DC: 0 FLAG_ZERO: False FLAG_LT: 0 FLAG_GT: 1
INPUT_PORT:  []
OUT_PORT:  []
DATA_MEM:  [901, 420]
---------------------------------------
DEBUG    root:machine.py:309 CMP 0
TICK: 43659 PC:  11 ADDR:   0 MEM_OUT: 901 ACC: 1 BUFF: 901 DC: 0 FLAG_ZERO: False FLAG_LT: 0 FLAG_GT: 1
INPUT_PORT:  []
OUT_PORT:  []
DATA_MEM:  [901, 420]
---------------------------------------
DEBUG    root:machine.py:309 JE 18
TICK: 43662 PC:  12 ADDR:   0 MEM_OUT: 901 ACC: 1 BUFF: 901 DC: 0 FLAG_ZERO: False FLAG_LT: 0 FLAG_GT: 1
INPUT_PORT:  []
OUT_PORT:  []
DATA_MEM:  [901, 420]
---------------------------------------
DEBUG    root:machine.py:309 JMP 0
TICK: 43665 PC:  13 ADDR:   0 MEM_OUT: 901 ACC: 1 BUFF: 901 DC: 0 FLAG_ZERO: False FLAG_LT: 0 FLAG_GT: 1
INPUT_PORT:  []
OUT_PORT:  []
DATA_MEM:  [901, 420]
---------------------------------------
DEBUG    root:machine.py:309 LD 0
TICK: 43668 PC:   0 ADDR:   0 MEM_OUT: 901 ACC: 1 BUFF: 901 DC: 0 FLAG_ZERO: False FLAG_LT: 0 FLAG_GT: 1
INPUT_PORT:  []
OUT_PORT:  []
DATA_MEM:  [901, 420]
---------------------------------------
DEBUG    root:machine.py:309 INC 
TICK: 43672 PC:   1 ADDR:   0 MEM_OUT: 901 ACC: 901 BUFF: 901 DC: 0 FLAG_ZERO: False FLAG_LT: 0 FLAG_GT: 1
INPUT_PORT:  []
OUT_PORT:  []
DATA_MEM:  [901, 420]
---------------------------------------
DEBUG    root:machine.py:309 ST 0
TICK: 43675 PC:   2 ADDR:   0 MEM_OUT: 901 ACC: 902 BUFF: 901 DC: 0 FLAG_ZERO: False FLAG_LT: 0 FLAG_GT: 1
INPUT_PORT:  []
OUT_PORT:  []
DATA_MEM:  [901, 420]
---------------------------------------
DEBUG    root:machine.py:309 CMP 1000
TICK: 43679 PC:   3 ADDR:   0 MEM_OUT: 902 ACC: 902 BUFF: 901 DC: 0 FLAG_ZERO: False FLAG_LT: 0 FLAG_GT: 1
INPUT_PORT:  []
OUT_PORT:  []
DATA_MEM:  [902, 420]
---------------------------------------
DEBUG    root:machine.py:309 JGE 22
TICK: 43682 PC:   4 ADDR:   0 MEM_OUT: 902 ACC: 902 BUFF: 901 DC: 0 FLAG_ZERO: False FLAG_LT: 1 FLAG_GT: 0
INPUT_PORT:  []
OUT_PORT:  []
DATA_MEM:  [902, 420]
---------------------------------------
DEBUG    root:machine.py:309 LD 0
TICK: 43685 PC:   5 ADDR:   0 MEM_OUT: 902 ACC: 902 BUFF: 901 DC: 0 FLAG_ZERO: False FLAG_LT: 1 FLAG_GT: 0
INPUT_PORT:  []
OUT_PORT:  []
DATA_MEM:  [902, 420]
---------------------------------------
DEBUG    root:machine.py:309 MOD 3
TICK: 43689 PC:   6 ADDR:   0 MEM_OUT: 902 ACC: 902 BUFF: 901 DC: 0 FLAG_ZERO: False FLAG_LT: 1 FLAG_GT: 0
INPUT_PORT:  []
OUT_PORT:  []
DATA_MEM:  [902, 420]
---------------------------------------
DEBUG    root:machine.py:309 CMP 0
TICK: 43693 PC:   7 ADDR:   0 MEM_OUT: 902 ACC: 2 BUFF: 902 DC: 0 FLAG_ZERO: False FLAG_LT: 1 FLAG_GT: 0
INPUT_PORT:  []
OUT_PORT:  []
DATA_MEM:  [902, 420]
---------------------------------------
DEBUG    root:machine.py:309 JE 14
TICK: 43696 PC:   8 ADDR:   0 MEM_OUT: 902 ACC: 2 BUFF: 902 DC: 0 FLAG_ZERO: False FLAG_LT: 0 FLAG_GT: 1
INPUT_PORT:  []
OUT_PORT:  []
DATA_MEM:  [902, 420]
---------------------------------------
DEBUG    root:machine.py:309 LD 0
TICK: 43699 PC:   9 ADDR:   0 MEM_OUT: 902 ACC: 2 BUFF: 902 DC: 0 FLAG_ZERO: False FLAG_LT: 0 FLAG_GT: 1
INPUT_PORT:  []
OUT_PORT:  []
DATA_MEM:  [902, 420]
---------------------------------------
DEBUG    root:machine.py:309 MOD 5
TICK: 43703 PC:  10 ADDR:   0 MEM_OUT: 902 ACC: 902 BUFF: 902 DC: 0 FLAG_ZERO: False FLAG_LT: 0 FLAG_GT: 1
INPUT_PORT:  []
OUT_PORT:  []
DATA_MEM:  [902, 420]
---------------------------------------
DEBUG    root:machine.py:309 CMP 0
TICK: 43707 PC:  11 ADDR:   0 MEM_OUT: 902 ACC: 2 BUFF: 902 DC: 0 FLAG_ZERO: False FLAG_LT: 0 FLAG_GT: 1
INPUT_PORT:  []
OUT_PORT:  []
DATA_MEM:  [902, 420]
---------------------------------------
DEBUG    root:machine.py:309 JE 18
TICK: 43710 PC:  12 ADDR:   0 MEM_OUT: 902 ACC: 2 BUFF: 902 DC: 0 FLAG_ZERO: False FLAG_LT: 0 FLAG_GT: 1
INPUT_PORT:  []
OUT_PORT:  []
DATA_MEM:  [902, 420]
---------------------------------------
DEBUG    root:machine.py:309 JMP 0
TICK: 43713 PC:  13 ADDR:   0 MEM_OUT: 902 ACC: 2 BUFF: 902 DC: 0 FLAG_ZERO: False FLAG_LT: 0 FLAG_GT: 1
INPUT_PORT:  []
OUT_PORT:  []
DATA_MEM:  [902, 420]
---------------------------------------
DEBUG    root:machine.py:309 LD 0
TICK: 43716 PC:   0 ADDR:   0 MEM_OUT: 902 ACC: 2 BUFF: 902 DC: 0 FLAG_ZERO: False FLAG_LT: 0 FLAG_GT: 1
INPUT_PORT:  []
OUT_PORT:  []
DATA_MEM:  [902, 420]
---------------------------------------
DEBUG    root:machine.py:309 INC 
TICK: 43720 PC:   1 ADDR:   0 MEM_OUT: 902 ACC: 902 BUFF: 902 DC: 0 FLAG_ZERO: False FLAG_LT: 0 FLAG_GT: 1
INPUT_PORT:  []
OUT_PORT:  []
DATA_MEM:  [902, 420]
---------------------------------------
DEBUG    root:machine.py:309 ST 0
TICK: 43723 PC:   2 ADDR:   0 MEM_OUT: 902 ACC: 903 BUFF: 902 DC: 0 FLAG_ZERO: False FLAG_LT: 0 FLAG_GT: 1
INPUT_PORT:  []
OUT_PORT:  []
DATA_MEM:  [902, 420]
---------------------------------------
DEBUG    root:machine.py:309 CMP 1000
TICK: 43727 PC:   3 ADDR:   0 MEM_OUT: 903 ACC: 903 BUFF: 902 DC: 0 FLAG_ZERO: False FLAG_LT: 0 FLAG_GT: 1
INPUT_PORT:  []
OUT_PORT:  []
DATA_MEM:  [903, 420]
---------------------------------------
DEBUG    root:machine.py:309 JGE 22
TICK: 43730 PC:   4 ADDR:   0 MEM_OUT: 903 ACC: 903 BUFF: 902 DC: 0 FLAG_ZERO: False FLAG_LT: 1 FLAG_GT: 0
INPUT_PORT:  []
OUT_PORT:  []
DATA_MEM:  [903, 420]
---------------------------------------
DEBUG    root:machine.py:309 LD 0
TICK: 43733 PC:   5 ADDR:   0 MEM_OUT: 903 ACC: 903 BUFF: 902 DC: 0 FLAG_ZERO: False FLAG_LT: 1 FLAG_GT: 0
INPUT_PORT:  []
OUT_PORT:  []
DATA_MEM:  [903, 420]
---------------------------------------
DEBUG    root:machine.py:309 MOD 3
TICK: 43737 PC:   6 ADDR:   0 MEM_OUT: 903 ACC: 903 BUFF: 902 DC: 0 FLAG_ZERO: False FLAG_LT: 1 FLAG_GT: 0
INPUT_PORT:  []
OUT_PORT:  []
DATA_MEM:  [903, 420]
---------------------------------------
DEBUG    root:machine.py:309 CMP 0
TICK: 43741 PC:   7 ADDR:   0 MEM_OUT: 903 ACC: 0 BUFF: 903 DC: 0 FLAG_ZERO: False FLAG_LT: 1 FLAG_GT: 0
INPUT_PORT:  []
OUT_PORT:  []
DATA_MEM:  [903, 420]
---------------------------------------
DEBUG    root:machine.py:309 JE 14
TICK: 43744 PC:   8 ADDR:   0 MEM_OUT: 903 ACC: 0 BUFF: 903 DC: 0 FLAG_ZERO: True FLAG_LT: 0 FLAG_GT: 0
INPUT_PORT:  []
OUT_PORT:  []
DATA_MEM:  [903, 420]
---------------------------------------
DEBUG    root:machine.py:309 LD 4
TICK: 43747 PC:  14 ADDR:   0 MEM_OUT: 903 ACC: 0 BUFF: 903 DC: 0 FLAG_ZERO: True FLAG_LT: 0 FLAG_GT: 0
INPUT_PORT:  []
OUT_PORT:  []
DATA_MEM:  [903, 420]
---------------------------------------
DEBUG    root:machine.py:309 INC 
TICK: 43751 PC:  15 ADDR:   1 MEM_OUT: 420 ACC: 420 BUFF: 903 DC: 0 FLAG_ZERO: True FLAG_LT: 0 FLAG_GT: 0
INPUT_PORT:  []
OUT_PORT:  []
DATA_MEM:  [903, 420]
---------------------------------------
DEBUG    root:machine.py:309 ST 4
TICK: 43754 PC:  16 ADDR:   1 MEM_OUT: 420 ACC: 421 BUFF: 903 DC: 0 FLAG_ZERO: True FLAG_LT: 0 FLAG_GT: 0
INPUT_PORT:  []
OUT_PORT:  []
DATA_MEM:  [903, 420]
---------------------------------------
DEBUG    root:machine.py:309 JMP 0
TICK: 43758 PC:  17 ADDR:   1 MEM_OUT: 421 ACC: 421 BUFF: 903 DC: 0 FLAG_ZERO: True FLAG_LT: 0 FLAG_GT: 0
INPUT_PORT:  []
OUT_PORT:  []
DATA_MEM:  [903, 421]
---------------------------------------
DEBUG    root:machine.py:309 LD 0
TICK: 43761 PC:   0 ADDR:   1 MEM_OUT: 421 ACC: 421 BUFF: 903 DC: 0 FLAG_ZERO: True FLAG_LT: 0 FLAG_GT: 0
INPUT_PORT:  []
OUT_PORT:  []
DATA_MEM:  [903, 421]
---------------------------------------
DEBUG    root:machine.py:309 INC 
TICK: 43765 PC:   1 ADDR:   0 MEM_OUT: 903 ACC: 903 BUFF: 903 DC: 0 FLAG_ZERO: True FLAG_LT: 0 FLAG_GT: 0
INPUT_PORT:  []
OUT_PORT:  []
DATA_MEM:  [903, 421]
---------------------------------------
DEBUG    root:machine.py:309 ST 0
TICK: 43768 PC:   2 ADDR:   0 MEM_OUT: 903 ACC: 904 BUFF: 903 DC: 0 FLAG_ZERO: True FLAG_LT: 0 FLAG_GT: 0
INPUT_PORT:  []
OUT_PORT:  []
DATA_MEM:  [903, 421]
---------------------------------------
DEBUG    root:machine.py:309 CMP 1000
TICK: 43772 PC:   3 ADDR:   0 MEM_OUT: 904 ACC: 904 BUFF: 903 DC: 0 FLAG_ZERO: True FLAG_LT: 0 FLAG_GT: 0
INPUT_PORT:  []
OUT_PORT:  []
DATA_MEM:  [904, 421]
---------------------------------------
DEBUG    root:machine.py:309 JGE 22
TICK: 43775 PC:   4 ADDR:   0 MEM_OUT: 904 ACC: 904 BUFF: 903 DC: 0 FLAG_ZERO: False FLAG_LT: 1 FLAG_GT: 0
INPUT_PORT:  []
OUT_PORT:  []
DATA_MEM:  [904, 421]
---------------------------------------
DEBUG    root:machine.py:309 LD 0
TICK: 43778 PC:   5 ADDR:   0 MEM_OUT: 904 ACC: 904 BUFF: 903 DC: 0 FLAG_ZERO: False FLAG_LT: 1 FLAG_GT: 0
INPUT_PORT:  []
OUT_PORT:  []
DATA_MEM:  [904, 421]
---------------------------------------
DEBUG    root:machine.py:309 MOD 3
TICK: 43782 PC:   6 ADDR:   0 MEM_OUT: 904 ACC: 904 BUFF: 903 DC: 0 FLAG_ZERO: False FLAG_LT: 1 FLAG_GT: 0
INPUT_PORT:  []
OUT_PORT:  []
DATA_MEM:  [904, 421]
---------------------------------------
DEBUG    root:machine.py:309 CMP 0
TICK: 43786 PC:   7 ADDR:   0 MEM_OUT: 904 ACC: 1 BUFF: 904 DC: 0 FLAG_ZERO: False FLAG_LT: 1 FLAG_GT: 0
INPUT_PORT:  []
OUT_PORT:  []
DATA_MEM:  [904, 421]
---------------------------------------
DEBUG    root:machine.py:309 JE 14
TICK: 43789 PC:   8 ADDR:   0 MEM_OUT: 904 ACC: 1 BUFF: 904 DC: 0 FLAG_ZERO: False FLAG_LT: 0 FLAG_GT: 1
INPUT_PORT:  []
OUT_PORT:  []
DATA_MEM:  [904, 421]
---------------------------------------
DEBUG    root:machine.py:309 LD 0
TICK: 43792 PC:   9 ADDR:   0 MEM_OUT: 904 ACC: 1 BUFF: 904 DC: 0 FLAG_ZERO: False FLAG_LT: 0 FLAG_GT: 1
INPUT_PORT:  []
OUT_PORT:  []
DATA_MEM:  [904, 421]
---------------------------------------
DEBUG    root:machine.py:309 MOD 5
TICK: 43796 PC:  10 ADDR:   0 MEM_OUT: 904 ACC: 904 BUFF: 904 DC: 0 FLAG_ZERO: False FLAG_LT: 0 FLAG_GT: 1
INPUT_PORT:  []
OUT_PORT:  []
DATA_MEM:  [904, 421]
---------------------------------------
DEBUG    root:machine.py:309 CMP 0
TICK: 43800 PC:  11 ADDR:   0 MEM_OUT: 904 ACC: 4 BUFF: 904 DC: 0 FLAG_ZERO: False FLAG_LT: 0 FLAG_GT: 1
INPUT_PORT:  []
OUT_PORT:  []
DATA_MEM:  [904, 421]
---------------------------------------
DEBUG    root:machine.py:309 JE 18
TICK: 43803 PC:  12 ADDR:   0 MEM_OUT: 904 ACC: 4 BUFF: 904 DC: 0 FLAG_ZERO: False FLAG_LT: 0 FLAG_GT: 1
INPUT_PORT:  []
OUT_PORT:  []
DATA_MEM:  [904, 421]
---------------------------------------
DEBUG    root:machine.py:309 JMP 0
TICK: 43806 PC:  13 ADDR:   0 MEM_OUT: 904 ACC: 4 BUFF: 904 DC: 0 FLAG_ZERO: False FLAG_LT: 0 FLAG_GT: 1
INPUT_PORT:  []
OUT_PORT:  []
DATA_MEM:  [904, 421]
---------------------------------------
DEBUG    root:machine.py:309 LD 0
TICK: 43809 PC:   0 ADDR:   0 MEM_OUT: 904 ACC: 4 BUFF: 904 DC: 0 FLAG_ZERO: False FLAG_LT: 0 FLAG_GT: 1
INPUT_PORT:  []
OUT_PORT:  []
DATA_MEM:  [904, 421]
---------------------------------------
DEBUG    root:machine.py:309 INC 
TICK: 43813 PC:   1 ADDR:   0 MEM_OUT: 904 ACC: 904 BUFF: 904 DC: 0 FLAG_ZERO: False FLAG_LT: 0 FLAG_GT: 1
INPUT_PORT:  []
OUT_PORT:  []
DATA_MEM:  [904, 421]
---------------------------------------
DEBUG    root:machine.py:309 ST 0
TICK: 43816 PC:   2 ADDR:   0 MEM_OUT: 904 ACC: 905 BUFF: 904 DC: 0 FLAG_ZERO: False FLAG_LT: 0 FLAG_GT: 1
INPUT_PORT:  []
OUT_PORT:  []
DATA_MEM:  [904, 421]
---------------------------------------
DEBUG    root:machine.py:309 CMP 1000
TICK: 43820 PC:   3 ADDR:   0 MEM_OUT: 905 ACC: 905 BUFF: 904 DC: 0 FLAG_ZERO: False FLAG_LT: 0 FLAG_GT: 1
INPUT_PORT:  []
OUT_PORT:  []
DATA_MEM:  [905, 421]
---------------------------------------
DEBUG    root:machine.py:309 JGE 22
TICK: 43823 PC:   4 ADDR:   0 MEM_OUT: 905 ACC: 905 BUFF: 904 DC: 0 FLAG_ZERO: False FLAG_LT: 1 FLAG_GT: 0
INPUT_PORT:  []
OUT_PORT:  []
DATA_MEM:  [905, 421]
---------------------------------------
DEBUG    root:machine.py:309 LD 0
TICK: 43826 PC:   5 ADDR:   0 MEM_OUT: 905 ACC: 905 BUFF: 904 DC: 0 FLAG_ZERO: False FLAG_LT: 1 FLAG_GT: 0
INPUT_PORT:  []
OUT_PORT:  []
DATA_MEM:  [905, 421]
---------------------------------------
DEBUG    root:machine.py:309 MOD 3
TICK: 43830 PC:   6 ADDR:   0 MEM_OUT: 905 ACC: 905 BUFF: 904 DC: 0 FLAG_ZERO: False FLAG_LT: 1 FLAG_GT: 0
INPUT_PORT:  []
OUT_PORT:  []
DATA_MEM:  [905, 421]
---------------------------------------
DEBUG    root:machine.py:309 CMP 0
TICK: 43834 PC:   7 ADDR:   0 MEM_OUT: 905 ACC: 2 BUFF: 905 DC: 0 FLAG_ZERO: False FLAG_LT: 1 FLAG_GT: 0
INPUT_PORT:  []
OUT_PORT:  []
DATA_MEM:  [905, 421]
---------------------------------------
DEBUG    root:machine.py:309 JE 14
TICK: 43837 PC:   8 ADDR:   0 MEM_OUT: 905 ACC: 2 BUFF: 905 DC: 0 FLAG_ZERO: False FLAG_LT: 0 FLAG_GT: 1
INPUT_PORT:  []
OUT_PORT:  []
DATA_MEM:  [905, 421]
---------------------------------------
DEBUG    root:machine.py:309 LD 0
TICK: 43840 PC:   9 ADDR:   0 MEM_OUT: 905 ACC: 2 BUFF: 905 DC: 0 FLAG_ZERO: False FLAG_LT: 0 FLAG_GT: 1
INPUT_PORT:  []
OUT_PORT:  []
DATA_MEM:  [905, 421]
---------------------------------------
DEBUG    root:machine.py:309 MOD 5
TICK: 43844 PC:  10 ADDR:   0 MEM_OUT: 905 ACC: 905 BUFF: 905 DC: 0 FLAG_ZERO: False FLAG_LT: 0 FLAG_GT: 1
INPUT_PORT:  []
OUT_PORT:  []
DATA_MEM:  [905, 421]
---------------------------------------
DEBUG    root:machine.py:309 CMP 0
TICK: 43848 PC:  11 ADDR:   0 MEM_OUT: 905 ACC: 0 BUFF: 905 DC: 0 FLAG_ZERO: False FLAG_LT: 0 FLAG_GT: 1
INPUT_PORT:  []
OUT_PORT:  []
DATA_MEM:  [905, 421]
---------------------------------------
DEBUG    root:machine.py:309 JE 18
TICK: 43851 PC:  12 ADDR:   0 MEM_OUT: 905 ACC: 0 BUFF: 905 DC: 0 FLAG_ZERO: True FLAG_LT: 0 FLAG_GT: 0
INPUT_PORT:  []
OUT_PORT:  []
DATA_MEM:  [905, 421]
---------------------------------------
DEBUG    root:machine.py:309 LD 4
TICK: 43854 PC:  18 ADDR:   0 MEM_OUT: 905 ACC: 0 BUFF: 905 DC: 0 FLAG_ZERO: True FLAG_LT: 0 FLAG_GT: 0
INPUT_PORT:  []
OUT_PORT:  []
DATA_MEM:  [905, 421]
---------------------------------------
DEBUG    root:machine.py:309 INC 
TICK: 43858 PC:  19 ADDR:   1 MEM_OUT: 421 ACC: 421 BUFF: 905 DC: 0 FLAG_ZERO: True FLAG_LT: 0 FLAG_GT: 0
INPUT_PORT:  []
OUT_PORT:  []
DATA_MEM:  [905, 421]
---------------------------------------
DEBUG    root:machine.py:309 ST 4
TICK: 43861 PC:  20 ADDR:   1 MEM_OUT: 421 ACC: 422 BUFF: 905 DC: 0 FLAG_ZERO: True FLAG_LT: 0 FLAG_GT: 0
INPUT_PORT:  []
OUT_PORT:  []
DATA_MEM:  [905, 421]
---------------------------------------
DEBUG    root:machine.py:309 JMP 0
TICK: 43865 PC:  21 ADDR:   1 MEM_OUT: 422 ACC: 422 BUFF: 905 DC: 0 FLAG_ZERO: True FLAG_LT: 0 FLAG_GT: 0
INPUT_PORT:  []
OUT_PORT:  []
DATA_MEM:  [905, 422]
---------------------------------------
DEBUG    root:machine.py:309 LD 0
TICK: 43868 PC:   0 ADDR:   1 MEM_OUT: 422 ACC: 422 BUFF: 905 DC: 0 FLAG_ZERO: True FLAG_LT: 0 FLAG_GT: 0
INPUT_PORT:  []
OUT_PORT:  []
DATA_MEM:  [905, 422]
---------------------------------------
DEBUG    root:machine.py:309 INC 
TICK: 43872 PC:   1 ADDR:   0 MEM_OUT: 905 ACC: 905 BUFF: 905 DC: 0 FLAG_ZERO: True FLAG_LT: 0 FLAG_GT: 0
INPUT_PORT:  []
OUT_PORT:  []
DATA_MEM:  [905, 422]
---------------------------------------
DEBUG    root:machine.py:309 ST 0
TICK: 43875 PC:   2 ADDR:   0 MEM_OUT: 905 ACC: 906 BUFF: 905 DC: 0 FLAG_ZERO: True FLAG_LT: 0 FLAG_GT: 0
INPUT_PORT:  []
OUT_PORT:  []
DATA_MEM:  [905, 422]
---------------------------------------
DEBUG    root:machine.py:309 CMP 1000
TICK: 43879 PC:   3 ADDR:   0 MEM_OUT: 906 ACC: 906 BUFF: 905 DC: 0 FLAG_ZERO: True FLAG_LT: 0 FLAG_GT: 0
INPUT_PORT:  []
OUT_PORT:  []
DATA_MEM:  [906, 422]
---------------------------------------
DEBUG    root:machine.py:309 JGE 22
TICK: 43882 PC:   4 ADDR:   0 MEM_OUT: 906 ACC: 906 BUFF: 905 DC: 0 FLAG_ZERO: False FLAG_LT: 1 FLAG_GT: 0
INPUT_PORT:  []
OUT_PORT:  []
DATA_MEM:  [906, 422]
---------------------------------------
DEBUG    root:machine.py:309 LD 0
TICK: 43885 PC:   5 ADDR:   0 MEM_OUT: 906 ACC: 906 BUFF: 905 DC: 0 FLAG_ZERO: False FLAG_LT: 1 FLAG_GT: 0
INPUT_PORT:  []
OUT_PORT:  []
DATA_MEM:  [906, 422]
---------------------------------------
DEBUG    root:machine.py:309 MOD 3
TICK: 43889 PC:   6 ADDR:   0 MEM_OUT: 906 ACC: 906 BUFF: 905 DC: 0 FLAG_ZERO: False FLAG_LT: 1 FLAG_GT: 0
INPUT_PORT:  []
OUT_PORT:  []
DATA_MEM:  [906, 422]
---------------------------------------
DEBUG    root:machine.py:309 CMP 0
TICK: 43893 PC:   7 ADDR:   0 MEM_OUT: 906 ACC: 0 BUFF: 906 DC: 0 FLAG_ZERO: False FLAG_LT: 1 FLAG_GT: 0
INPUT_PORT:  []
OUT_PORT:  []
DATA_MEM:  [906, 422]
---------------------------------------
DEBUG    root:machine.py:309 JE 14
TICK: 43896 PC:   8 ADDR:   0 MEM_OUT: 906 ACC: 0 BUFF: 906 DC: 0 FLAG_ZERO: True FLAG_LT: 0 FLAG_GT: 0
INPUT_PORT:  []
OUT_PORT:  []
DATA_MEM:  [906, 422]
---------------------------------------
DEBUG    root:machine.py:309 LD 4
TICK: 43899 PC:  14 ADDR:   0 MEM_OUT: 906 ACC: 0 BUFF: 906 DC: 0 FLAG_ZERO: True FLAG_LT: 0 FLAG_GT: 0
INPUT_PORT:  []
OUT_PORT:  []
DATA_MEM:  [906, 422]
---------------------------------------
DEBUG    root:machine.py:309 INC 
TICK: 43903 PC:  15 ADDR:   1 MEM_OUT: 422 ACC: 422 BUFF: 906 DC: 0 FLAG_ZERO: True FLAG_LT: 0 FLAG_GT: 0
INPUT_PORT:  []
OUT_PORT:  []
DATA_MEM:  [906, 422]
---------------------------------------
DEBUG    root:machine.py:309 ST 4
TICK: 43906 PC:  16 ADDR:   1 MEM_OUT: 422 ACC: 423 BUFF: 906 DC: 0 FLAG_ZERO: True FLAG_LT: 0 FLAG_GT: 0
INPUT_PORT:  []
OUT_PORT:  []
DATA_MEM:  [906, 422]
---------------------------------------
DEBUG    root:machine.py:309 JMP 0
TICK: 43910 PC:  17 ADDR:   1 MEM_OUT: 423 ACC: 423 BUFF: 906 DC: 0 FLAG_ZERO: True FLAG_LT: 0 FLAG_GT: 0
INPUT_PORT:  []
OUT_PORT:  []
DATA_MEM:  [906, 423]
---------------------------------------
DEBUG    root:machine.py:309 LD 0
TICK: 43913 PC:   0 ADDR:   1 MEM_OUT: 423 ACC: 423 BUFF: 906 DC: 0 FLAG_ZERO: True FLAG_LT: 0 FLAG_GT: 0
INPUT_PORT:  []
OUT_PORT:  []
DATA_MEM:  [906, 423]
---------------------------------------
DEBUG    root:machine.py:309 INC 
TICK: 43917 PC:   1 ADDR:   0 MEM_OUT: 906 ACC: 906 BUFF: 906 DC: 0 FLAG_ZERO: True FLAG_LT: 0 FLAG_GT: 0
INPUT_PORT:  []
OUT_PORT:  []
DATA_MEM:  [906, 423]
---------------------------------------
DEBUG    root:machine.py:309 ST 0
TICK: 43920 PC:   2 ADDR:   0 MEM_OUT: 906 ACC: 907 BUFF: 906 DC: 0 FLAG_ZERO: True FLAG_LT: 0 FLAG_GT: 0
INPUT_PORT:  []
OUT_PORT:  []
DATA_MEM:  [906, 423]
---------------------------------------
DEBUG    root:machine.py:309 CMP 1000
TICK: 43924 PC:   3 ADDR:   0 MEM_OUT: 907 ACC: 907 BUFF: 906 DC: 0 FLAG_ZERO: True FLAG_LT: 0 FLAG_GT: 0
INPUT_PORT:  []
OUT_PORT:  []
DATA_MEM:  [907, 423]
---------------------------------------
DEBUG    root:machine.py:309 JGE 22
TICK: 43927 PC:   4 ADDR:   0 MEM_OUT: 907 ACC: 907 BUFF: 906 DC: 0 FLAG_ZERO: False FLAG_LT: 1 FLAG_GT: 0
INPUT_PORT:  []
OUT_PORT:  []
DATA_MEM:  [907, 423]
---------------------------------------
DEBUG    root:machine.py:309 LD 0
TICK: 43930 PC:   5 ADDR:   0 MEM_OUT: 907 ACC: 907 BUFF: 906 DC: 0 FLAG_ZERO: False FLAG_LT: 1 FLAG_GT: 0
INPUT_PORT:  []
OUT_PORT:  []
DATA_MEM:  [907, 423]
---------------------------------------
DEBUG    root:machine.py:309 MOD 3
TICK: 43934 PC:   6 ADDR:   0 MEM_OUT: 907 ACC: 907 BUFF: 906 DC: 0 FLAG_ZERO: False FLAG_LT: 1 FLAG_GT: 0
INPUT_PORT:  []
OUT_PORT:  []
DATA_MEM:  [907, 423]
---------------------------------------
DEBUG    root:machine.py:309 CMP 0
TICK: 43938 PC:   7 ADDR:   0 MEM_OUT: 907 ACC: 1 BUFF: 907 DC: 0 FLAG_ZERO: False FLAG_LT: 1 FLAG_GT: 0
INPUT_PORT:  []
OUT_PORT:  []
DATA_MEM:  [907, 423]
---------------------------------------
DEBUG    root:machine.py:309 JE 14
TICK: 43941 PC:   8 ADDR:   0 MEM_OUT: 907 ACC: 1 BUFF: 907 DC: 0 FLAG_ZERO: False FLAG_LT: 0 FLAG_GT: 1
INPUT_PORT:  []
OUT_PORT:  []
DATA_MEM:  [907, 423]
---------------------------------------
DEBUG    root:machine.py:309 LD 0
TICK: 43944 PC:   9 ADDR:   0 MEM_OUT: 907 ACC: 1 BUFF: 907 DC: 0 FLAG_ZERO: False FLAG_LT: 0 FLAG_GT: 1
INPUT_PORT:  []
OUT_PORT:  []
DATA_MEM:  [907, 423]
---------------------------------------
DEBUG    root:machine.py:309 MOD 5
TICK: 43948 PC:  10 ADDR:   0 MEM_OUT: 907 ACC: 907 BUFF: 907 DC: 0 FLAG_ZERO: False FLAG_LT: 0 FLAG_GT: 1
INPUT_PORT:  []
OUT_PORT:  []
DATA_MEM:  [907, 423]
---------------------------------------
DEBUG    root:machine.py:309 CMP 0
TICK: 43952 PC:  11 ADDR:   0 MEM_OUT: 907 ACC: 2 BUFF: 907 DC: 0 FLAG_ZERO: False FLAG_LT: 0 FLAG_GT: 1
INPUT_PORT:  []
OUT_PORT:  []
DATA_MEM:  [907, 423]
---------------------------------------
DEBUG    root:machine.py:309 JE 18
TICK: 43955 PC:  12 ADDR:   0 MEM_OUT: 907 ACC: 2 BUFF: 907 DC: 0 FLAG_ZERO: False FLAG_LT: 0 FLAG_GT: 1
INPUT_PORT:  []
OUT_PORT:  []
DATA_MEM:  [907, 423]
---------------------------------------
DEBUG    root:machine.py:309 JMP 0
TICK: 43958 PC:  13 ADDR:   0 MEM_OUT: 907 ACC: 2 BUFF: 907 DC: 0 FLAG_ZERO: False FLAG_LT: 0 FLAG_GT: 1
INPUT_PORT:  []
OUT_PORT:  []
DATA_MEM:  [907, 423]
---------------------------------------
DEBUG    root:machine.py:309 LD 0
TICK: 43961 PC:   0 ADDR:   0 MEM_OUT: 907 ACC: 2 BUFF: 907 DC: 0 FLAG_ZERO: False FLAG_LT: 0 FLAG_GT: 1
INPUT_PORT:  []
OUT_PORT:  []
DATA_MEM:  [907, 423]
---------------------------------------
DEBUG    root:machine.py:309 INC 
TICK: 43965 PC:   1 ADDR:   0 MEM_OUT: 907 ACC: 907 BUFF: 907 DC: 0 FLAG_ZERO: False FLAG_LT: 0 FLAG_GT: 1
INPUT_PORT:  []
OUT_PORT:  []
DATA_MEM:  [907, 423]
---------------------------------------
DEBUG    root:machine.py:309 ST 0
TICK: 43968 PC:   2 ADDR:   0 MEM_OUT: 907 ACC: 908 BUFF: 907 DC: 0 FLAG_ZERO: False FLAG_LT: 0 FLAG_GT: 1
INPUT_PORT:  []
OUT_PORT:  []
DATA_MEM:  [907, 423]
---------------------------------------
DEBUG    root:machine.py:309 CMP 1000
TICK: 43972 PC:   3 ADDR:   0 MEM_OUT: 908 ACC: 908 BUFF: 907 DC: 0 FLAG_ZERO: False FLAG_LT: 0 FLAG_GT: 1
INPUT_PORT:  []
OUT_PORT:  []
DATA_MEM:  [908, 423]
---------------------------------------
DEBUG    root:machine.py:309 JGE 22
TICK: 43975 PC:   4 ADDR:   0 MEM_OUT: 908 ACC: 908 BUFF: 907 DC: 0 FLAG_ZERO: False FLAG_LT: 1 FLAG_GT: 0
INPUT_PORT:  []
OUT_PORT:  []
DATA_MEM:  [908, 423]
---------------------------------------
DEBUG    root:machine.py:309 LD 0
TICK: 43978 PC:   5 ADDR:   0 MEM_OUT: 908 ACC: 908 BUFF: 907 DC: 0 FLAG_ZERO: False FLAG_LT: 1 FLAG_GT: 0
INPUT_PORT:  []
OUT_PORT:  []
DATA_MEM:  [908, 423]
---------------------------------------
DEBUG    root:machine.py:309 MOD 3
TICK: 43982 PC:   6 ADDR:   0 MEM_OUT: 908 ACC: 908 BUFF: 907 DC: 0 FLAG_ZERO: False FLAG_LT: 1 FLAG_GT: 0
INPUT_PORT:  []
OUT_PORT:  []
DATA_MEM:  [908, 423]
---------------------------------------
DEBUG    root:machine.py:309 CMP 0
TICK: 43986 PC:   7 ADDR:   0 MEM_OUT: 908 ACC: 2 BUFF: 908 DC: 0 FLAG_ZERO: False FLAG_LT: 1 FLAG_GT: 0
INPUT_PORT:  []
OUT_PORT:  []
DATA_MEM:  [908, 423]
---------------------------------------
DEBUG    root:machine.py:309 JE 14
TICK: 43989 PC:   8 ADDR:   0 MEM_OUT: 908 ACC: 2 BUFF: 908 DC: 0 FLAG_ZERO: False FLAG_LT: 0 FLAG_GT: 1
INPUT_PORT:  []
OUT_PORT:  []
DATA_MEM:  [908, 423]
---------------------------------------
DEBUG    root:machine.py:309 LD 0
TICK: 43992 PC:   9 ADDR:   0 MEM_OUT: 908 ACC: 2 BUFF: 908 DC: 0 FLAG_ZERO: False FLAG_LT: 0 FLAG_GT: 1
INPUT_PORT:  []
OUT_PORT:  []
DATA_MEM:  [908, 423]
---------------------------------------
DEBUG    root:machine.py:309 MOD 5
TICK: 43996 PC:  10 ADDR:   0 MEM_OUT: 908 ACC: 908 BUFF: 908 DC: 0 FLAG_ZERO: False FLAG_LT: 0 FLAG_GT: 1
INPUT_PORT:  []
OUT_PORT:  []
DATA_MEM:  [908, 423]
---------------------------------------
DEBUG    root:machine.py:309 CMP 0
TICK: 44000 PC:  11 ADDR:   0 MEM_OUT: 908 ACC: 3 BUFF: 908 DC: 0 FLAG_ZERO: False FLAG_LT: 0 FLAG_GT: 1
INPUT_PORT:  []
OUT_PORT:  []
DATA_MEM:  [908, 423]
---------------------------------------
DEBUG    root:machine.py:309 JE 18
TICK: 44003 PC:  12 ADDR:   0 MEM_OUT: 908 ACC: 3 BUFF: 908 DC: 0 FLAG_ZERO: False FLAG_LT: 0 FLAG_GT: 1
INPUT_PORT:  []
OUT_PORT:  []
DATA_MEM:  [908, 423]
---------------------------------------
DEBUG    root:machine.py:309 JMP 0
TICK: 44006 PC:  13 ADDR:   0 MEM_OUT: 908 ACC: 3 BUFF: 908 DC: 0 FLAG_ZERO: False FLAG_LT: 0 FLAG_GT: 1
INPUT_PORT:  []
OUT_PORT:  []
DATA_MEM:  [908, 423]
---------------------------------------
DEBUG    root:machine.py:309 LD 0
TICK: 44009 PC:   0 ADDR:   0 MEM_OUT: 908 ACC: 3 BUFF: 908 DC: 0 FLAG_ZERO: False FLAG_LT: 0 FLAG_GT: 1
INPUT_PORT:  []
OUT_PORT:  []
DATA_MEM:  [908, 423]
---------------------------------------
DEBUG    root:machine.py:309 INC 
TICK: 44013 PC:   1 ADDR:   0 MEM_OUT: 908 ACC: 908 BUFF: 908 DC: 0 FLAG_ZERO: False FLAG_LT: 0 FLAG_GT: 1
INPUT_PORT:  []
OUT_PORT:  []
DATA_MEM:  [908, 423]
---------------------------------------
DEBUG    root:machine.py:309 ST 0
TICK: 44016 PC:   2 ADDR:   0 MEM_OUT: 908 ACC: 909 BUFF: 908 DC: 0 FLAG_ZERO: False FLAG_LT: 0 FLAG_GT: 1
INPUT_PORT:  []
OUT_PORT:  []
DATA_MEM:  [908, 423]
---------------------------------------
DEBUG    root:machine.py:309 CMP 1000
TICK: 44020 PC:   3 ADDR:   0 MEM_OUT: 909 ACC: 909 BUFF: 908 DC: 0 FLAG_ZERO: False FLAG_LT: 0 FLAG_GT: 1
INPUT_PORT:  []
OUT_PORT:  []
DATA_MEM:  [909, 423]
---------------------------------------
DEBUG    root:machine.py:309 JGE 22
TICK: 44023 PC:   4 ADDR:   0 MEM_OUT: 909 ACC: 909 BUFF: 908 DC: 0 FLAG_ZERO: False FLAG_LT: 1 FLAG_GT: 0
INPUT_PORT:  []
OUT_PORT:  []
DATA_MEM:  [909, 423]
---------------------------------------
DEBUG    root:machine.py:309 LD 0
TICK: 44026 PC:   5 ADDR:   0 MEM_OUT: 909 ACC: 909 BUFF: 908 DC: 0 FLAG_ZERO: False FLAG_LT: 1 FLAG_GT: 0
INPUT_PORT:  []
OUT_PORT:  []
DATA_MEM:  [909, 423]
---------------------------------------
DEBUG    root:machine.py:309 MOD 3
TICK: 44030 PC:   6 ADDR:   0 MEM_OUT: 909 ACC: 909 BUFF: 908 DC: 0 FLAG_ZERO: False FLAG_LT: 1 FLAG_GT: 0
INPUT_PORT:  []
OUT_PORT:  []
DATA_MEM:  [909, 423]
---------------------------------------
DEBUG    root:machine.py:309 CMP 0
TICK: 44034 PC:   7 ADDR:   0 MEM_OUT: 909 ACC: 0 BUFF: 909 DC: 0 FLAG_ZERO: False FLAG_LT: 1 FLAG_GT: 0
INPUT_PORT:  []
OUT_PORT:  []
DATA_MEM:  [909, 423]
---------------------------------------
DEBUG    root:machine.py:309 JE 14
TICK: 44037 PC:   8 ADDR:   0 MEM_OUT: 909 ACC: 0 BUFF: 909 DC: 0 FLAG_ZERO: True FLAG_LT: 0 FLAG_GT: 0
INPUT_PORT:  []
OUT_PORT:  []
DATA_MEM:  [909, 423]
---------------------------------------
DEBUG    root:machine.py:309 LD 4
TICK: 44040 PC:  14 ADDR:   0 MEM_OUT: 909 ACC: 0 BUFF: 909 DC: 0 FLAG_ZERO: True FLAG_LT: 0 FLAG_GT: 0
INPUT_PORT:  []
OUT_PORT:  []
DATA_MEM:  [909, 423]
---------------------------------------
DEBUG    root:machine.py:309 INC 
TICK: 44044 PC:  15 ADDR:   1 MEM_OUT: 423 ACC: 423 BUFF: 909 DC: 0 FLAG_ZERO: True FLAG_LT: 0 FLAG_GT: 0
INPUT_PORT:  []
OUT_PORT:  []
DATA_MEM:  [909, 423]
---------------------------------------
DEBUG    root:machine.py:309 ST 4
TICK: 44047 PC:  16 ADDR:   1 MEM_OUT: 423 ACC: 424 BUFF: 909 DC: 0 FLAG_ZERO: True FLAG_LT: 0 FLAG_GT: 0
INPUT_PORT:  []
OUT_PORT:  []
DATA_MEM:  [909, 423]
---------------------------------------
DEBUG    root:machine.py:309 JMP 0
TICK: 44051 PC:  17 ADDR:   1 MEM_OUT: 424 ACC: 424 BUFF: 909 DC: 0 FLAG_ZERO: True FLAG_LT: 0 FLAG_GT: 0
INPUT_PORT:  []
OUT_PORT:  []
DATA_MEM:  [909, 424]
---------------------------------------
DEBUG    root:machine.py:309 LD 0
TICK: 44054 PC:   0 ADDR:   1 MEM_OUT: 424 ACC: 424 BUFF: 909 DC: 0 FLAG_ZERO: True FLAG_LT: 0 FLAG_GT: 0
INPUT_PORT:  []
OUT_PORT:  []
DATA_MEM:  [909, 424]
---------------------------------------
DEBUG    root:machine.py:309 INC 
TICK: 44058 PC:   1 ADDR:   0 MEM_OUT: 909 ACC: 909 BUFF: 909 DC: 0 FLAG_ZERO: True FLAG_LT: 0 FLAG_GT: 0
INPUT_PORT:  []
OUT_PORT:  []
DATA_MEM:  [909, 424]
---------------------------------------
DEBUG    root:machine.py:309 ST 0
TICK: 44061 PC:   2 ADDR:   0 MEM_OUT: 909 ACC: 910 BUFF: 909 DC: 0 FLAG_ZERO: True FLAG_LT: 0 FLAG_GT: 0
INPUT_PORT:  []
OUT_PORT:  []
DATA_MEM:  [909, 424]
---------------------------------------
DEBUG    root:machine.py:309 CMP 1000
TICK: 44065 PC:   3 ADDR:   0 MEM_OUT: 910 ACC: 910 BUFF: 909 DC: 0 FLAG_ZERO: True FLAG_LT: 0 FLAG_GT: 0
INPUT_PORT:  []
OUT_PORT:  []
DATA_MEM:  [910, 424]
---------------------------------------
DEBUG    root:machine.py:309 JGE 22
TICK: 44068 PC:   4 ADDR:   0 MEM_OUT: 910 ACC: 910 BUFF: 909 DC: 0 FLAG_ZERO: False FLAG_LT: 1 FLAG_GT: 0
INPUT_PORT:  []
OUT_PORT:  []
DATA_MEM:  [910, 424]
---------------------------------------
DEBUG    root:machine.py:309 LD 0
TICK: 44071 PC:   5 ADDR:   0 MEM_OUT: 910 ACC: 910 BUFF: 909 DC: 0 FLAG_ZERO: False FLAG_LT: 1 FLAG_GT: 0
INPUT_PORT:  []
OUT_PORT:  []
DATA_MEM:  [910, 424]
---------------------------------------
DEBUG    root:machine.py:309 MOD 3
TICK: 44075 PC:   6 ADDR:   0 MEM_OUT: 910 ACC: 910 BUFF: 909 DC: 0 FLAG_ZERO: False FLAG_LT: 1 FLAG_GT: 0
INPUT_PORT:  []
OUT_PORT:  []
DATA_MEM:  [910, 424]
---------------------------------------
DEBUG    root:machine.py:309 CMP 0
TICK: 44079 PC:   7 ADDR:   0 MEM_OUT: 910 ACC: 1 BUFF: 910 DC: 0 FLAG_ZERO: False FLAG_LT: 1 FLAG_GT: 0
INPUT_PORT:  []
OUT_PORT:  []
DATA_MEM:  [910, 424]
---------------------------------------
DEBUG    root:machine.py:309 JE 14
TICK: 44082 PC:   8 ADDR:   0 MEM_OUT: 910 ACC: 1 BUFF: 910 DC: 0 FLAG_ZERO: False FLAG_LT: 0 FLAG_GT: 1
INPUT_PORT:  []
OUT_PORT:  []
DATA_MEM:  [910, 424]
---------------------------------------
DEBUG    root:machine.py:309 LD 0
TICK: 44085 PC:   9 ADDR:   0 MEM_OUT: 910 ACC: 1 BUFF: 910 DC: 0 FLAG_ZERO: False FLAG_LT: 0 FLAG_GT: 1
INPUT_PORT:  []
OUT_PORT:  []
DATA_MEM:  [910, 424]
---------------------------------------
DEBUG    root:machine.py:309 MOD 5
TICK: 44089 PC:  10 ADDR:   0 MEM_OUT: 910 ACC: 910 BUFF: 910 DC: 0 FLAG_ZERO: False FLAG_LT: 0 FLAG_GT: 1
INPUT_PORT:  []
OUT_PORT:  []
DATA_MEM:  [910, 424]
---------------------------------------
DEBUG    root:machine.py:309 CMP 0
TICK: 44093 PC:  11 ADDR:   0 MEM_OUT: 910 ACC: 0 BUFF: 910 DC: 0 FLAG_ZERO: False FLAG_LT: 0 FLAG_GT: 1
INPUT_PORT:  []
OUT_PORT:  []
DATA_MEM:  [910, 424]
---------------------------------------
DEBUG    root:machine.py:309 JE 18
TICK: 44096 PC:  12 ADDR:   0 MEM_OUT: 910 ACC: 0 BUFF: 910 DC: 0 FLAG_ZERO: True FLAG_LT: 0 FLAG_GT: 0
INPUT_PORT:  []
OUT_PORT:  []
DATA_MEM:  [910, 424]
---------------------------------------
DEBUG    root:machine.py:309 LD 4
TICK: 44099 PC:  18 ADDR:   0 MEM_OUT: 910 ACC: 0 BUFF: 910 DC: 0 FLAG_ZERO: True FLAG_LT: 0 FLAG_GT: 0
INPUT_PORT:  []
OUT_PORT:  []
DATA_MEM:  [910, 424]
---------------------------------------
DEBUG    root:machine.py:309 INC 
TICK: 44103 PC:  19 ADDR:   1 MEM_OUT: 424 ACC: 424 BUFF: 910 DC: 0 FLAG_ZERO: True FLAG_LT: 0 FLAG_GT: 0
INPUT_PORT:  []
OUT_PORT:  []
DATA_MEM:  [910, 424]
---------------------------------------
DEBUG    root:machine.py:309 ST 4
TICK: 44106 PC:  20 ADDR:   1 MEM_OUT: 424 ACC: 425 BUFF: 910 DC: 0 FLAG_ZERO: True FLAG_LT: 0 FLAG_GT: 0
INPUT_PORT:  []
OUT_PORT:  []
DATA_MEM:  [910, 424]
---------------------------------------
DEBUG    root:machine.py:309 JMP 0
TICK: 44110 PC:  21 ADDR:   1 MEM_OUT: 425 ACC: 425 BUFF: 910 DC: 0 FLAG_ZERO: True FLAG_LT: 0 FLAG_GT: 0
INPUT_PORT:  []
OUT_PORT:  []
DATA_MEM:  [910, 425]
---------------------------------------
DEBUG    root:machine.py:309 LD 0
TICK: 44113 PC:   0 ADDR:   1 MEM_OUT: 425 ACC: 425 BUFF: 910 DC: 0 FLAG_ZERO: True FLAG_LT: 0 FLAG_GT: 0
INPUT_PORT:  []
OUT_PORT:  []
DATA_MEM:  [910, 425]
---------------------------------------
DEBUG    root:machine.py:309 INC 
TICK: 44117 PC:   1 ADDR:   0 MEM_OUT: 910 ACC: 910 BUFF: 910 DC: 0 FLAG_ZERO: True FLAG_LT: 0 FLAG_GT: 0
INPUT_PORT:  []
OUT_PORT:  []
DATA_MEM:  [910, 425]
---------------------------------------
DEBUG    root:machine.py:309 ST 0
TICK: 44120 PC:   2 ADDR:   0 MEM_OUT: 910 ACC: 911 BUFF: 910 DC: 0 FLAG_ZERO: True FLAG_LT: 0 FLAG_GT: 0
INPUT_PORT:  []
OUT_PORT:  []
DATA_MEM:  [910, 425]
---------------------------------------
DEBUG    root:machine.py:309 CMP 1000
TICK: 44124 PC:   3 ADDR:   0 MEM_OUT: 911 ACC: 911 BUFF: 910 DC: 0 FLAG_ZERO: True FLAG_LT: 0 FLAG_GT: 0
INPUT_PORT:  []
OUT_PORT:  []
DATA_MEM:  [911, 425]
---------------------------------------
DEBUG    root:machine.py:309 JGE 22
TICK: 44127 PC:   4 ADDR:   0 MEM_OUT: 911 ACC: 911 BUFF: 910 DC: 0 FLAG_ZERO: False FLAG_LT: 1 FLAG_GT: 0
INPUT_PORT:  []
OUT_PORT:  []
DATA_MEM:  [911, 425]
---------------------------------------
DEBUG    root:machine.py:309 LD 0
TICK: 44130 PC:   5 ADDR:   0 MEM_OUT: 911 ACC: 911 BUFF: 910 DC: 0 FLAG_ZERO: False FLAG_LT: 1 FLAG_GT: 0
INPUT_PORT:  []
OUT_PORT:  []
DATA_MEM:  [911, 425]
---------------------------------------
DEBUG    root:machine.py:309 MOD 3
TICK: 44134 PC:   6 ADDR:   0 MEM_OUT: 911 ACC: 911 BUFF: 910 DC: 0 FLAG_ZERO: False FLAG_LT: 1 FLAG_GT: 0
INPUT_PORT:  []
OUT_PORT:  []
DATA_MEM:  [911, 425]
---------------------------------------
DEBUG    root:machine.py:309 CMP 0
TICK: 44138 PC:   7 ADDR:   0 MEM_OUT: 911 ACC: 2 BUFF: 911 DC: 0 FLAG_ZERO: False FLAG_LT: 1 FLAG_GT: 0
INPUT_PORT:  []
OUT_PORT:  []
DATA_MEM:  [911, 425]
---------------------------------------
DEBUG    root:machine.py:309 JE 14
TICK: 44141 PC:   8 ADDR:   0 MEM_OUT: 911 ACC: 2 BUFF: 911 DC: 0 FLAG_ZERO: False FLAG_LT: 0 FLAG_GT: 1
INPUT_PORT:  []
OUT_PORT:  []
DATA_MEM:  [911, 425]
---------------------------------------
DEBUG    root:machine.py:309 LD 0
TICK: 44144 PC:   9 ADDR:   0 MEM_OUT: 911 ACC: 2 BUFF: 911 DC: 0 FLAG_ZERO: False FLAG_LT: 0 FLAG_GT: 1
INPUT_PORT:  []
OUT_PORT:  []
DATA_MEM:  [911, 425]
---------------------------------------
DEBUG    root:machine.py:309 MOD 5
TICK: 44148 PC:  10 ADDR:   0 MEM_OUT: 911 ACC: 911 BUFF: 911 DC: 0 FLAG_ZERO: False FLAG_LT: 0 FLAG_GT: 1
INPUT_PORT:  []
OUT_PORT:  []
DATA_MEM:  [911, 425]
---------------------------------------
DEBUG    root:machine.py:309 CMP 0
TICK: 44152 PC:  11 ADDR:   0 MEM_OUT: 911 ACC: 1 BUFF: 911 DC: 0 FLAG_ZERO: False FLAG_LT: 0 FLAG_GT: 1
INPUT_PORT:  []
OUT_PORT:  []
DATA_MEM:  [911, 425]
---------------------------------------
DEBUG    root:machine.py:309 JE 18
TICK: 44155 PC:  12 ADDR:   0 MEM_OUT: 911 ACC: 1 BUFF: 911 DC: 0 FLAG_ZERO: False FLAG_LT: 0 FLAG_GT: 1
INPUT_PORT:  []
OUT_PORT:  []
DATA_MEM:  [911, 425]
---------------------------------------
DEBUG    root:machine.py:309 JMP 0
TICK: 44158 PC:  13 ADDR:   0 MEM_OUT: 911 ACC: 1 BUFF: 911 DC: 0 FLAG_ZERO: False FLAG_LT: 0 FLAG_GT: 1
INPUT_PORT:  []
OUT_PORT:  []
DATA_MEM:  [911, 425]
---------------------------------------
DEBUG    root:machine.py:309 LD 0
TICK: 44161 PC:   0 ADDR:   0 MEM_OUT: 911 ACC: 1 BUFF: 911 DC: 0 FLAG_ZERO: False FLAG_LT: 0 FLAG_GT: 1
INPUT_PORT:  []
OUT_PORT:  []
DATA_MEM:  [911, 425]
---------------------------------------
DEBUG    root:machine.py:309 INC 
TICK: 44165 PC:   1 ADDR:   0 MEM_OUT: 911 ACC: 911 BUFF: 911 DC: 0 FLAG_ZERO: False FLAG_LT: 0 FLAG_GT: 1
INPUT_PORT:  []
OUT_PORT:  []
DATA_MEM:  [911, 425]
---------------------------------------
DEBUG    root:machine.py:309 ST 0
TICK: 44168 PC:   2 ADDR:   0 MEM_OUT: 911 ACC: 912 BUFF: 911 DC: 0 FLAG_ZERO: False FLAG_LT: 0 FLAG_GT: 1
INPUT_PORT:  []
OUT_PORT:  []
DATA_MEM:  [911, 425]
---------------------------------------
DEBUG    root:machine.py:309 CMP 1000
TICK: 44172 PC:   3 ADDR:   0 MEM_OUT: 912 ACC: 912 BUFF: 911 DC: 0 FLAG_ZERO: False FLAG_LT: 0 FLAG_GT: 1
INPUT_PORT:  []
OUT_PORT:  []
DATA_MEM:  [912, 425]
---------------------------------------
DEBUG    root:machine.py:309 JGE 22
TICK: 44175 PC:   4 ADDR:   0 MEM_OUT: 912 ACC: 912 BUFF: 911 DC: 0 FLAG_ZERO: False FLAG_LT: 1 FLAG_GT: 0
INPUT_PORT:  []
OUT_PORT:  []
DATA_MEM:  [912, 425]
---------------------------------------
DEBUG    root:machine.py:309 LD 0
TICK: 44178 PC:   5 ADDR:   0 MEM_OUT: 912 ACC: 912 BUFF: 911 DC: 0 FLAG_ZERO: False FLAG_LT: 1 FLAG_GT: 0
INPUT_PORT:  []
OUT_PORT:  []
DATA_MEM:  [912, 425]
---------------------------------------
DEBUG    root:machine.py:309 MOD 3
TICK: 44182 PC:   6 ADDR:   0 MEM_OUT: 912 ACC: 912 BUFF: 911 DC: 0 FLAG_ZERO: False FLAG_LT: 1 FLAG_GT: 0
INPUT_PORT:  []
OUT_PORT:  []
DATA_MEM:  [912, 425]
---------------------------------------
DEBUG    root:machine.py:309 CMP 0
TICK: 44186 PC:   7 ADDR:   0 MEM_OUT: 912 ACC: 0 BUFF: 912 DC: 0 FLAG_ZERO: False FLAG_LT: 1 FLAG_GT: 0
INPUT_PORT:  []
OUT_PORT:  []
DATA_MEM:  [912, 425]
---------------------------------------
DEBUG    root:machine.py:309 JE 14
TICK: 44189 PC:   8 ADDR:   0 MEM_OUT: 912 ACC: 0 BUFF: 912 DC: 0 FLAG_ZERO: True FLAG_LT: 0 FLAG_GT: 0
INPUT_PORT:  []
OUT_PORT:  []
DATA_MEM:  [912, 425]
---------------------------------------
DEBUG    root:machine.py:309 LD 4
TICK: 44192 PC:  14 ADDR:   0 MEM_OUT: 912 ACC: 0 BUFF: 912 DC: 0 FLAG_ZERO: True FLAG_LT: 0 FLAG_GT: 0
INPUT_PORT:  []
OUT_PORT:  []
DATA_MEM:  [912, 425]
---------------------------------------
DEBUG    root:machine.py:309 INC 
TICK: 44196 PC:  15 ADDR:   1 MEM_OUT: 425 ACC: 425 BUFF: 912 DC: 0 FLAG_ZERO: True FLAG_LT: 0 FLAG_GT: 0
INPUT_PORT:  []
OUT_PORT:  []
DATA_MEM:  [912, 425]
---------------------------------------
DEBUG    root:machine.py:309 ST 4
TICK: 44199 PC:  16 ADDR:   1 MEM_OUT: 425 ACC: 426 BUFF: 912 DC: 0 FLAG_ZERO: True FLAG_LT: 0 FLAG_GT: 0
INPUT_PORT:  []
OUT_PORT:  []
DATA_MEM:  [912, 425]
---------------------------------------
DEBUG    root:machine.py:309 JMP 0
TICK: 44203 PC:  17 ADDR:   1 MEM_OUT: 426 ACC: 426 BUFF: 912 DC: 0 FLAG_ZERO: True FLAG_LT: 0 FLAG_GT: 0
INPUT_PORT:  []
OUT_PORT:  []
DATA_MEM:  [912, 426]
---------------------------------------
DEBUG    root:machine.py:309 LD 0
TICK: 44206 PC:   0 ADDR:   1 MEM_OUT: 426 ACC: 426 BUFF: 912 DC: 0 FLAG_ZERO: True FLAG_LT: 0 FLAG_GT: 0
INPUT_PORT:  []
OUT_PORT:  []
DATA_MEM:  [912, 426]
---------------------------------------
DEBUG    root:machine.py:309 INC 
TICK: 44210 PC:   1 ADDR:   0 MEM_OUT: 912 ACC: 912 BUFF: 912 DC: 0 FLAG_ZERO: True FLAG_LT: 0 FLAG_GT: 0
INPUT_PORT:  []
OUT_PORT:  []
DATA_MEM:  [912, 426]
---------------------------------------
DEBUG    root:machine.py:309 ST 0
TICK: 44213 PC:   2 ADDR:   0 MEM_OUT: 912 ACC: 913 BUFF: 912 DC: 0 FLAG_ZERO: True FLAG_LT: 0 FLAG_GT: 0
INPUT_PORT:  []
OUT_PORT:  []
DATA_MEM:  [912, 426]
---------------------------------------
DEBUG    root:machine.py:309 CMP 1000
TICK: 44217 PC:   3 ADDR:   0 MEM_OUT: 913 ACC: 913 BUFF: 912 DC: 0 FLAG_ZERO: True FLAG_LT: 0 FLAG_GT: 0
INPUT_PORT:  []
OUT_PORT:  []
DATA_MEM:  [913, 426]
---------------------------------------
DEBUG    root:machine.py:309 JGE 22
TICK: 44220 PC:   4 ADDR:   0 MEM_OUT: 913 ACC: 913 BUFF: 912 DC: 0 FLAG_ZERO: False FLAG_LT: 1 FLAG_GT: 0
INPUT_PORT:  []
OUT_PORT:  []
DATA_MEM:  [913, 426]
---------------------------------------
DEBUG    root:machine.py:309 LD 0
TICK: 44223 PC:   5 ADDR:   0 MEM_OUT: 913 ACC: 913 BUFF: 912 DC: 0 FLAG_ZERO: False FLAG_LT: 1 FLAG_GT: 0
INPUT_PORT:  []
OUT_PORT:  []
DATA_MEM:  [913, 426]
---------------------------------------
DEBUG    root:machine.py:309 MOD 3
TICK: 44227 PC:   6 ADDR:   0 MEM_OUT: 913 ACC: 913 BUFF: 912 DC: 0 FLAG_ZERO: False FLAG_LT: 1 FLAG_GT: 0
INPUT_PORT:  []
OUT_PORT:  []
DATA_MEM:  [913, 426]
---------------------------------------
DEBUG    root:machine.py:309 CMP 0
TICK: 44231 PC:   7 ADDR:   0 MEM_OUT: 913 ACC: 1 BUFF: 913 DC: 0 FLAG_ZERO: False FLAG_LT: 1 FLAG_GT: 0
INPUT_PORT:  []
OUT_PORT:  []
DATA_MEM:  [913, 426]
---------------------------------------
DEBUG    root:machine.py:309 JE 14
TICK: 44234 PC:   8 ADDR:   0 MEM_OUT: 913 ACC: 1 BUFF: 913 DC: 0 FLAG_ZERO: False FLAG_LT: 0 FLAG_GT: 1
INPUT_PORT:  []
OUT_PORT:  []
DATA_MEM:  [913, 426]
---------------------------------------
DEBUG    root:machine.py:309 LD 0
TICK: 44237 PC:   9 ADDR:   0 MEM_OUT: 913 ACC: 1 BUFF: 913 DC: 0 FLAG_ZERO: False FLAG_LT: 0 FLAG_GT: 1
INPUT_PORT:  []
OUT_PORT:  []
DATA_MEM:  [913, 426]
---------------------------------------
DEBUG    root:machine.py:309 MOD 5
TICK: 44241 PC:  10 ADDR:   0 MEM_OUT: 913 ACC: 913 BUFF: 913 DC: 0 FLAG_ZERO: False FLAG_LT: 0 FLAG_GT: 1
INPUT_PORT:  []
OUT_PORT:  []
DATA_MEM:  [913, 426]
---------------------------------------
DEBUG    root:machine.py:309 CMP 0
TICK: 44245 PC:  11 ADDR:   0 MEM_OUT: 913 ACC: 3 BUFF: 913 DC: 0 FLAG_ZERO: False FLAG_LT: 0 FLAG_GT: 1
INPUT_PORT:  []
OUT_PORT:  []
DATA_MEM:  [913, 426]
---------------------------------------
DEBUG    root:machine.py:309 JE 18
TICK: 44248 PC:  12 ADDR:   0 MEM_OUT: 913 ACC: 3 BUFF: 913 DC: 0 FLAG_ZERO: False FLAG_LT: 0 FLAG_GT: 1
INPUT_PORT:  []
OUT_PORT:  []
DATA_MEM:  [913, 426]
---------------------------------------
DEBUG    root:machine.py:309 JMP 0
TICK: 44251 PC:  13 ADDR:   0 MEM_OUT: 913 ACC: 3 BUFF: 913 DC: 0 FLAG_ZERO: False FLAG_LT: 0 FLAG_GT: 1
INPUT_PORT:  []
OUT_PORT:  []
DATA_MEM:  [913, 426]
---------------------------------------
DEBUG    root:machine.py:309 LD 0
TICK: 44254 PC:   0 ADDR:   0 MEM_OUT: 913 ACC: 3 BUFF: 913 DC: 0 FLAG_ZERO: False FLAG_LT: 0 FLAG_GT: 1
INPUT_PORT:  []
OUT_PORT:  []
DATA_MEM:  [913, 426]
---------------------------------------
DEBUG    root:machine.py:309 INC 
TICK: 44258 PC:   1 ADDR:   0 MEM_OUT: 913 ACC: 913 BUFF: 913 DC: 0 FLAG_ZERO: False FLAG_LT: 0 FLAG_GT: 1
INPUT_PORT:  []
OUT_PORT:  []
DATA_MEM:  [913, 426]
---------------------------------------
DEBUG    root:machine.py:309 ST 0
TICK: 44261 PC:   2 ADDR:   0 MEM_OUT: 913 ACC: 914 BUFF: 913 DC: 0 FLAG_ZERO: False FLAG_LT: 0 FLAG_GT: 1
INPUT_PORT:  []
OUT_PORT:  []
DATA_MEM:  [913, 426]
---------------------------------------
DEBUG    root:machine.py:309 CMP 1000
TICK: 44265 PC:   3 ADDR:   0 MEM_OUT: 914 ACC: 914 BUFF: 913 DC: 0 FLAG_ZERO: False FLAG_LT: 0 FLAG_GT: 1
INPUT_PORT:  []
OUT_PORT:  []
DATA_MEM:  [914, 426]
---------------------------------------
DEBUG    root:machine.py:309 JGE 22
TICK: 44268 PC:   4 ADDR:   0 MEM_OUT: 914 ACC: 914 BUFF: 913 DC: 0 FLAG_ZERO: False FLAG_LT: 1 FLAG_GT: 0
INPUT_PORT:  []
OUT_PORT:  []
DATA_MEM:  [914, 426]
---------------------------------------
DEBUG    root:machine.py:309 LD 0
TICK: 44271 PC:   5 ADDR:   0 MEM_OUT: 914 ACC: 914 BUFF: 913 DC: 0 FLAG_ZERO: False FLAG_LT: 1 FLAG_GT: 0
INPUT_PORT:  []
OUT_PORT:  []
DATA_MEM:  [914, 426]
---------------------------------------
DEBUG    root:machine.py:309 MOD 3
TICK: 44275 PC:   6 ADDR:   0 MEM_OUT: 914 ACC: 914 BUFF: 913 DC: 0 FLAG_ZERO: False FLAG_LT: 1 FLAG_GT: 0
INPUT_PORT:  []
OUT_PORT:  []
DATA_MEM:  [914, 426]
---------------------------------------
DEBUG    root:machine.py:309 CMP 0
TICK: 44279 PC:   7 ADDR:   0 MEM_OUT: 914 ACC: 2 BUFF: 914 DC: 0 FLAG_ZERO: False FLAG_LT: 1 FLAG_GT: 0
INPUT_PORT:  []
OUT_PORT:  []
DATA_MEM:  [914, 426]
---------------------------------------
DEBUG    root:machine.py:309 JE 14
TICK: 44282 PC:   8 ADDR:   0 MEM_OUT: 914 ACC: 2 BUFF: 914 DC: 0 FLAG_ZERO: False FLAG_LT: 0 FLAG_GT: 1
INPUT_PORT:  []
OUT_PORT:  []
DATA_MEM:  [914, 426]
---------------------------------------
DEBUG    root:machine.py:309 LD 0
TICK: 44285 PC:   9 ADDR:   0 MEM_OUT: 914 ACC: 2 BUFF: 914 DC: 0 FLAG_ZERO: False FLAG_LT: 0 FLAG_GT: 1
INPUT_PORT:  []
OUT_PORT:  []
DATA_MEM:  [914, 426]
---------------------------------------
DEBUG    root:machine.py:309 MOD 5
TICK: 44289 PC:  10 ADDR:   0 MEM_OUT: 914 ACC: 914 BUFF: 914 DC: 0 FLAG_ZERO: False FLAG_LT: 0 FLAG_GT: 1
INPUT_PORT:  []
OUT_PORT:  []
DATA_MEM:  [914, 426]
---------------------------------------
DEBUG    root:machine.py:309 CMP 0
TICK: 44293 PC:  11 ADDR:   0 MEM_OUT: 914 ACC: 4 BUFF: 914 DC: 0 FLAG_ZERO: False FLAG_LT: 0 FLAG_GT: 1
INPUT_PORT:  []
OUT_PORT:  []
DATA_MEM:  [914, 426]
---------------------------------------
DEBUG    root:machine.py:309 JE 18
TICK: 44296 PC:  12 ADDR:   0 MEM_OUT: 914 ACC: 4 BUFF: 914 DC: 0 FLAG_ZERO: False FLAG_LT: 0 FLAG_GT: 1
INPUT_PORT:  []
OUT_PORT:  []
DATA_MEM:  [914, 426]
---------------------------------------
DEBUG    root:machine.py:309 JMP 0
TICK: 44299 PC:  13 ADDR:   0 MEM_OUT: 914 ACC: 4 BUFF: 914 DC: 0 FLAG_ZERO: False FLAG_LT: 0 FLAG_GT: 1
INPUT_PORT:  []
OUT_PORT:  []
DATA_MEM:  [914, 426]
---------------------------------------
DEBUG    root:machine.py:309 LD 0
TICK: 44302 PC:   0 ADDR:   0 MEM_OUT: 914 ACC: 4 BUFF: 914 DC: 0 FLAG_ZERO: False FLAG_LT: 0 FLAG_GT: 1
INPUT_PORT:  []
OUT_PORT:  []
DATA_MEM:  [914, 426]
---------------------------------------
DEBUG    root:machine.py:309 INC 
TICK: 44306 PC:   1 ADDR:   0 MEM_OUT: 914 ACC: 914 BUFF: 914 DC: 0 FLAG_ZERO: False FLAG_LT: 0 FLAG_GT: 1
INPUT_PORT:  []
OUT_PORT:  []
DATA_MEM:  [914, 426]
---------------------------------------
DEBUG    root:machine.py:309 ST 0
TICK: 44309 PC:   2 ADDR:   0 MEM_OUT: 914 ACC: 915 BUFF: 914 DC: 0 FLAG_ZERO: False FLAG_LT: 0 FLAG_GT: 1
INPUT_PORT:  []
OUT_PORT:  []
DATA_MEM:  [914, 426]
---------------------------------------
DEBUG    root:machine.py:309 CMP 1000
TICK: 44313 PC:   3 ADDR:   0 MEM_OUT: 915 ACC: 915 BUFF: 914 DC: 0 FLAG_ZERO: False FLAG_LT: 0 FLAG_GT: 1
INPUT_PORT:  []
OUT_PORT:  []
DATA_MEM:  [915, 426]
---------------------------------------
DEBUG    root:machine.py:309 JGE 22
TICK: 44316 PC:   4 ADDR:   0 MEM_OUT: 915 ACC: 915 BUFF: 914 DC: 0 FLAG_ZERO: False FLAG_LT: 1 FLAG_GT: 0
INPUT_PORT:  []
OUT_PORT:  []
DATA_MEM:  [915, 426]
---------------------------------------
DEBUG    root:machine.py:309 LD 0
TICK: 44319 PC:   5 ADDR:   0 MEM_OUT: 915 ACC: 915 BUFF: 914 DC: 0 FLAG_ZERO: False FLAG_LT: 1 FLAG_GT: 0
INPUT_PORT:  []
OUT_PORT:  []
DATA_MEM:  [915, 426]
---------------------------------------
DEBUG    root:machine.py:309 MOD 3
TICK: 44323 PC:   6 ADDR:   0 MEM_OUT: 915 ACC: 915 BUFF: 914 DC: 0 FLAG_ZERO: False FLAG_LT: 1 FLAG_GT: 0
INPUT_PORT:  []
OUT_PORT:  []
DATA_MEM:  [915, 426]
---------------------------------------
DEBUG    root:machine.py:309 CMP 0
TICK: 44327 PC:   7 ADDR:   0 MEM_OUT: 915 ACC: 0 BUFF: 915 DC: 0 FLAG_ZERO: False FLAG_LT: 1 FLAG_GT: 0
INPUT_PORT:  []
OUT_PORT:  []
DATA_MEM:  [915, 426]
---------------------------------------
DEBUG    root:machine.py:309 JE 14
TICK: 44330 PC:   8 ADDR:   0 MEM_OUT: 915 ACC: 0 BUFF: 915 DC: 0 FLAG_ZERO: True FLAG_LT: 0 FLAG_GT: 0
INPUT_PORT:  []
OUT_PORT:  []
DATA_MEM:  [915, 426]
---------------------------------------
DEBUG    root:machine.py:309 LD 4
TICK: 44333 PC:  14 ADDR:   0 MEM_OUT: 915 ACC: 0 BUFF: 915 DC: 0 FLAG_ZERO: True FLAG_LT: 0 FLAG_GT: 0
INPUT_PORT:  []
OUT_PORT:  []
DATA_MEM:  [915, 426]
---------------------------------------
DEBUG    root:machine.py:309 INC 
TICK: 44337 PC:  15 ADDR:   1 MEM_OUT: 426 ACC: 426 BUFF: 915 DC: 0 FLAG_ZERO: True FLAG_LT: 0 FLAG_GT: 0
INPUT_PORT:  []
OUT_PORT:  []
DATA_MEM:  [915, 426]
---------------------------------------
DEBUG    root:machine.py:309 ST 4
TICK: 44340 PC:  16 ADDR:   1 MEM_OUT: 426 ACC: 427 BUFF: 915 DC: 0 FLAG_ZERO: True FLAG_LT: 0 FLAG_GT: 0
INPUT_PORT:  []
OUT_PORT:  []
DATA_MEM:  [915, 426]
---------------------------------------
DEBUG    root:machine.py:309 JMP 0
TICK: 44344 PC:  17 ADDR:   1 MEM_OUT: 427 ACC: 427 BUFF: 915 DC: 0 FLAG_ZERO: True FLAG_LT: 0 FLAG_GT: 0
INPUT_PORT:  []
OUT_PORT:  []
DATA_MEM:  [915, 427]
---------------------------------------
DEBUG    root:machine.py:309 LD 0
TICK: 44347 PC:   0 ADDR:   1 MEM_OUT: 427 ACC: 427 BUFF: 915 DC: 0 FLAG_ZERO: True FLAG_LT: 0 FLAG_GT: 0
INPUT_PORT:  []
OUT_PORT:  []
DATA_MEM:  [915, 427]
---------------------------------------
DEBUG    root:machine.py:309 INC 
TICK: 44351 PC:   1 ADDR:   0 MEM_OUT: 915 ACC: 915 BUFF: 915 DC: 0 FLAG_ZERO: True FLAG_LT: 0 FLAG_GT: 0
INPUT_PORT:  []
OUT_PORT:  []
DATA_MEM:  [915, 427]
---------------------------------------
DEBUG    root:machine.py:309 ST 0
TICK: 44354 PC:   2 ADDR:   0 MEM_OUT: 915 ACC: 916 BUFF: 915 DC: 0 FLAG_ZERO: True FLAG_LT: 0 FLAG_GT: 0
INPUT_PORT:  []
OUT_PORT:  []
DATA_MEM:  [915, 427]
---------------------------------------
DEBUG    root:machine.py:309 CMP 1000
TICK: 44358 PC:   3 ADDR:   0 MEM_OUT: 916 ACC: 916 BUFF: 915 DC: 0 FLAG_ZERO: True FLAG_LT: 0 FLAG_GT: 0
INPUT_PORT:  []
OUT_PORT:  []
DATA_MEM:  [916, 427]
---------------------------------------
DEBUG    root:machine.py:309 JGE 22
TICK: 44361 PC:   4 ADDR:   0 MEM_OUT: 916 ACC: 916 BUFF: 915 DC: 0 FLAG_ZERO: False FLAG_LT: 1 FLAG_GT: 0
INPUT_PORT:  []
OUT_PORT:  []
DATA_MEM:  [916, 427]
---------------------------------------
DEBUG    root:machine.py:309 LD 0
TICK: 44364 PC:   5 ADDR:   0 MEM_OUT: 916 ACC: 916 BUFF: 915 DC: 0 FLAG_ZERO: False FLAG_LT: 1 FLAG_GT: 0
INPUT_PORT:  []
OUT_PORT:  []
DATA_MEM:  [916, 427]
---------------------------------------
DEBUG    root:machine.py:309 MOD 3
TICK: 44368 PC:   6 ADDR:   0 MEM_OUT: 916 ACC: 916 BUFF: 915 DC: 0 FLAG_ZERO: False FLAG_LT: 1 FLAG_GT: 0
INPUT_PORT:  []
OUT_PORT:  []
DATA_MEM:  [916, 427]
---------------------------------------
DEBUG    root:machine.py:309 CMP 0
TICK: 44372 PC:   7 ADDR:   0 MEM_OUT: 916 ACC: 1 BUFF: 916 DC: 0 FLAG_ZERO: False FLAG_LT: 1 FLAG_GT: 0
INPUT_PORT:  []
OUT_PORT:  []
DATA_MEM:  [916, 427]
---------------------------------------
DEBUG    root:machine.py:309 JE 14
TICK: 44375 PC:   8 ADDR:   0 MEM_OUT: 916 ACC: 1 BUFF: 916 DC: 0 FLAG_ZERO: False FLAG_LT: 0 FLAG_GT: 1
INPUT_PORT:  []
OUT_PORT:  []
DATA_MEM:  [916, 427]
---------------------------------------
DEBUG    root:machine.py:309 LD 0
TICK: 44378 PC:   9 ADDR:   0 MEM_OUT: 916 ACC: 1 BUFF: 916 DC: 0 FLAG_ZERO: False FLAG_LT: 0 FLAG_GT: 1
INPUT_PORT:  []
OUT_PORT:  []
DATA_MEM:  [916, 427]
---------------------------------------
DEBUG    root:machine.py:309 MOD 5
TICK: 44382 PC:  10 ADDR:   0 MEM_OUT: 916 ACC: 916 BUFF: 916 DC: 0 FLAG_ZERO: False FLAG_LT: 0 FLAG_GT: 1
INPUT_PORT:  []
OUT_PORT:  []
DATA_MEM:  [916, 427]
---------------------------------------
DEBUG    root:machine.py:309 CMP 0
TICK: 44386 PC:  11 ADDR:   0 MEM_OUT: 916 ACC: 1 BUFF: 916 DC: 0 FLAG_ZERO: False FLAG_LT: 0 FLAG_GT: 1
INPUT_PORT:  []
OUT_PORT:  []
DATA_MEM:  [916, 427]
---------------------------------------
DEBUG    root:machine.py:309 JE 18
TICK: 44389 PC:  12 ADDR:   0 MEM_OUT: 916 ACC: 1 BUFF: 916 DC: 0 FLAG_ZERO: False FLAG_LT: 0 FLAG_GT: 1
INPUT_PORT:  []
OUT_PORT:  []
DATA_MEM:  [916, 427]
---------------------------------------
DEBUG    root:machine.py:309 JMP 0
TICK: 44392 PC:  13 ADDR:   0 MEM_OUT: 916 ACC: 1 BUFF: 916 DC: 0 FLAG_ZERO: False FLAG_LT: 0 FLAG_GT: 1
INPUT_PORT:  []
OUT_PORT:  []
DATA_MEM:  [916, 427]
---------------------------------------
DEBUG    root:machine.py:309 LD 0
TICK: 44395 PC:   0 ADDR:   0 MEM_OUT: 916 ACC: 1 BUFF: 916 DC: 0 FLAG_ZERO: False FLAG_LT: 0 FLAG_GT: 1
INPUT_PORT:  []
OUT_PORT:  []
DATA_MEM:  [916, 427]
---------------------------------------
DEBUG    root:machine.py:309 INC 
TICK: 44399 PC:   1 ADDR:   0 MEM_OUT: 916 ACC: 916 BUFF: 916 DC: 0 FLAG_ZERO: False FLAG_LT: 0 FLAG_GT: 1
INPUT_PORT:  []
OUT_PORT:  []
DATA_MEM:  [916, 427]
---------------------------------------
DEBUG    root:machine.py:309 ST 0
TICK: 44402 PC:   2 ADDR:   0 MEM_OUT: 916 ACC: 917 BUFF: 916 DC: 0 FLAG_ZERO: False FLAG_LT: 0 FLAG_GT: 1
INPUT_PORT:  []
OUT_PORT:  []
DATA_MEM:  [916, 427]
---------------------------------------
DEBUG    root:machine.py:309 CMP 1000
TICK: 44406 PC:   3 ADDR:   0 MEM_OUT: 917 ACC: 917 BUFF: 916 DC: 0 FLAG_ZERO: False FLAG_LT: 0 FLAG_GT: 1
INPUT_PORT:  []
OUT_PORT:  []
DATA_MEM:  [917, 427]
---------------------------------------
DEBUG    root:machine.py:309 JGE 22
TICK: 44409 PC:   4 ADDR:   0 MEM_OUT: 917 ACC: 917 BUFF: 916 DC: 0 FLAG_ZERO: False FLAG_LT: 1 FLAG_GT: 0
INPUT_PORT:  []
OUT_PORT:  []
DATA_MEM:  [917, 427]
---------------------------------------
DEBUG    root:machine.py:309 LD 0
TICK: 44412 PC:   5 ADDR:   0 MEM_OUT: 917 ACC: 917 BUFF: 916 DC: 0 FLAG_ZERO: False FLAG_LT: 1 FLAG_GT: 0
INPUT_PORT:  []
OUT_PORT:  []
DATA_MEM:  [917, 427]
---------------------------------------
DEBUG    root:machine.py:309 MOD 3
TICK: 44416 PC:   6 ADDR:   0 MEM_OUT: 917 ACC: 917 BUFF: 916 DC: 0 FLAG_ZERO: False FLAG_LT: 1 FLAG_GT: 0
INPUT_PORT:  []
OUT_PORT:  []
DATA_MEM:  [917, 427]
---------------------------------------
DEBUG    root:machine.py:309 CMP 0
TICK: 44420 PC:   7 ADDR:   0 MEM_OUT: 917 ACC: 2 BUFF: 917 DC: 0 FLAG_ZERO: False FLAG_LT: 1 FLAG_GT: 0
INPUT_PORT:  []
OUT_PORT:  []
DATA_MEM:  [917, 427]
---------------------------------------
DEBUG    root:machine.py:309 JE 14
TICK: 44423 PC:   8 ADDR:   0 MEM_OUT: 917 ACC: 2 BUFF: 917 DC: 0 FLAG_ZERO: False FLAG_LT: 0 FLAG_GT: 1
INPUT_PORT:  []
OUT_PORT:  []
DATA_MEM:  [917, 427]
---------------------------------------
DEBUG    root:machine.py:309 LD 0
TICK: 44426 PC:   9 ADDR:   0 MEM_OUT: 917 ACC: 2 BUFF: 917 DC: 0 FLAG_ZERO: False FLAG_LT: 0 FLAG_GT: 1
INPUT_PORT:  []
OUT_PORT:  []
DATA_MEM:  [917, 427]
---------------------------------------
DEBUG    root:machine.py:309 MOD 5
TICK: 44430 PC:  10 ADDR:   0 MEM_OUT: 917 ACC: 917 BUFF: 917 DC: 0 FLAG_ZERO: False FLAG_LT: 0 FLAG_GT: 1
INPUT_PORT:  []
OUT_PORT:  []
DATA_MEM:  [917, 427]
---------------------------------------
DEBUG    root:machine.py:309 CMP 0
TICK: 44434 PC:  11 ADDR:   0 MEM_OUT: 917 ACC: 2 BUFF: 917 DC: 0 FLAG_ZERO: False FLAG_LT: 0 FLAG_GT: 1
INPUT_PORT:  []
OUT_PORT:  []
DATA_MEM:  [917, 427]
---------------------------------------
DEBUG    root:machine.py:309 JE 18
TICK: 44437 PC:  12 ADDR:   0 MEM_OUT: 917 ACC: 2 BUFF: 917 DC: 0 FLAG_ZERO: False FLAG_LT: 0 FLAG_GT: 1
INPUT_PORT:  []
OUT_PORT:  []
DATA_MEM:  [917, 427]
---------------------------------------
DEBUG    root:machine.py:309 JMP 0
TICK: 44440 PC:  13 ADDR:   0 MEM_OUT: 917 ACC: 2 BUFF: 917 DC: 0 FLAG_ZERO: False FLAG_LT: 0 FLAG_GT: 1
INPUT_PORT:  []
OUT_PORT:  []
DATA_MEM:  [917, 427]
---------------------------------------
DEBUG    root:machine.py:309 LD 0
TICK: 44443 PC:   0 ADDR:   0 MEM_OUT: 917 ACC: 2 BUFF: 917 DC: 0 FLAG_ZERO: False FLAG_LT: 0 FLAG_GT: 1
INPUT_PORT:  []
OUT_PORT:  []
DATA_MEM:  [917, 427]
---------------------------------------
DEBUG    root:machine.py:309 INC 
TICK: 44447 PC:   1 ADDR:   0 MEM_OUT: 917 ACC: 917 BUFF: 917 DC: 0 FLAG_ZERO: False FLAG_LT: 0 FLAG_GT: 1
INPUT_PORT:  []
OUT_PORT:  []
DATA_MEM:  [917, 427]
---------------------------------------
DEBUG    root:machine.py:309 ST 0
TICK: 44450 PC:   2 ADDR:   0 MEM_OUT: 917 ACC: 918 BUFF: 917 DC: 0 FLAG_ZERO: False FLAG_LT: 0 FLAG_GT: 1
INPUT_PORT:  []
OUT_PORT:  []
DATA_MEM:  [917, 427]
---------------------------------------
DEBUG    root:machine.py:309 CMP 1000
TICK: 44454 PC:   3 ADDR:   0 MEM_OUT: 918 ACC: 918 BUFF: 917 DC: 0 FLAG_ZERO: False FLAG_LT: 0 FLAG_GT: 1
INPUT_PORT:  []
OUT_PORT:  []
DATA_MEM:  [918, 427]
---------------------------------------
DEBUG    root:machine.py:309 JGE 22
TICK: 44457 PC:   4 ADDR:   0 MEM_OUT: 918 ACC: 918 BUFF: 917 DC: 0 FLAG_ZERO: False FLAG_LT: 1 FLAG_GT: 0
INPUT_PORT:  []
OUT_PORT:  []
DATA_MEM:  [918, 427]
---------------------------------------
DEBUG    root:machine.py:309 LD 0
TICK: 44460 PC:   5 ADDR:   0 MEM_OUT: 918 ACC: 918 BUFF: 917 DC: 0 FLAG_ZERO: False FLAG_LT: 1 FLAG_GT: 0
INPUT_PORT:  []
OUT_PORT:  []
DATA_MEM:  [918, 427]
---------------------------------------
DEBUG    root:machine.py:309 MOD 3
TICK: 44464 PC:   6 ADDR:   0 MEM_OUT: 918 ACC: 918 BUFF: 917 DC: 0 FLAG_ZERO: False FLAG_LT: 1 FLAG_GT: 0
INPUT_PORT:  []
OUT_PORT:  []
DATA_MEM:  [918, 427]
---------------------------------------
DEBUG    root:machine.py:309 CMP 0
TICK: 44468 PC:   7 ADDR:   0 MEM_OUT: 918 ACC: 0 BUFF: 918 DC: 0 FLAG_ZERO: False FLAG_LT: 1 FLAG_GT: 0
INPUT_PORT:  []
OUT_PORT:  []
DATA_MEM:  [918, 427]
---------------------------------------
DEBUG    root:machine.py:309 JE 14
TICK: 44471 PC:   8 ADDR:   0 MEM_OUT: 918 ACC: 0 BUFF: 918 DC: 0 FLAG_ZERO: True FLAG_LT: 0 FLAG_GT: 0
INPUT_PORT:  []
OUT_PORT:  []
DATA_MEM:  [918, 427]
---------------------------------------
DEBUG    root:machine.py:309 LD 4
TICK: 44474 PC:  14 ADDR:   0 MEM_OUT: 918 ACC: 0 BUFF: 918 DC: 0 FLAG_ZERO: True FLAG_LT: 0 FLAG_GT: 0
INPUT_PORT:  []
OUT_PORT:  []
DATA_MEM:  [918, 427]
---------------------------------------
DEBUG    root:machine.py:309 INC 
TICK: 44478 PC:  15 ADDR:   1 MEM_OUT: 427 ACC: 427 BUFF: 918 DC: 0 FLAG_ZERO: True FLAG_LT: 0 FLAG_GT: 0
INPUT_PORT:  []
OUT_PORT:  []
DATA_MEM:  [918, 427]
---------------------------------------
DEBUG    root:machine.py:309 ST 4
TICK: 44481 PC:  16 ADDR:   1 MEM_OUT: 427 ACC: 428 BUFF: 918 DC: 0 FLAG_ZERO: True FLAG_LT: 0 FLAG_GT: 0
INPUT_PORT:  []
OUT_PORT:  []
DATA_MEM:  [918, 427]
---------------------------------------
DEBUG    root:machine.py:309 JMP 0
TICK: 44485 PC:  17 ADDR:   1 MEM_OUT: 428 ACC: 428 BUFF: 918 DC: 0 FLAG_ZERO: True FLAG_LT: 0 FLAG_GT: 0
INPUT_PORT:  []
OUT_PORT:  []
DATA_MEM:  [918, 428]
---------------------------------------
DEBUG    root:machine.py:309 LD 0
TICK: 44488 PC:   0 ADDR:   1 MEM_OUT: 428 ACC: 428 BUFF: 918 DC: 0 FLAG_ZERO: True FLAG_LT: 0 FLAG_GT: 0
INPUT_PORT:  []
OUT_PORT:  []
DATA_MEM:  [918, 428]
---------------------------------------
DEBUG    root:machine.py:309 INC 
TICK: 44492 PC:   1 ADDR:   0 MEM_OUT: 918 ACC: 918 BUFF: 918 DC: 0 FLAG_ZERO: True FLAG_LT: 0 FLAG_GT: 0
INPUT_PORT:  []
OUT_PORT:  []
DATA_MEM:  [918, 428]
---------------------------------------
DEBUG    root:machine.py:309 ST 0
TICK: 44495 PC:   2 ADDR:   0 MEM_OUT: 918 ACC: 919 BUFF: 918 DC: 0 FLAG_ZERO: True FLAG_LT: 0 FLAG_GT: 0
INPUT_PORT:  []
OUT_PORT:  []
DATA_MEM:  [918, 428]
---------------------------------------
DEBUG    root:machine.py:309 CMP 1000
TICK: 44499 PC:   3 ADDR:   0 MEM_OUT: 919 ACC: 919 BUFF: 918 DC: 0 FLAG_ZERO: True FLAG_LT: 0 FLAG_GT: 0
INPUT_PORT:  []
OUT_PORT:  []
DATA_MEM:  [919, 428]
---------------------------------------
DEBUG    root:machine.py:309 JGE 22
TICK: 44502 PC:   4 ADDR:   0 MEM_OUT: 919 ACC: 919 BUFF: 918 DC: 0 FLAG_ZERO: False FLAG_LT: 1 FLAG_GT: 0
INPUT_PORT:  []
OUT_PORT:  []
DATA_MEM:  [919, 428]
---------------------------------------
DEBUG    root:machine.py:309 LD 0
TICK: 44505 PC:   5 ADDR:   0 MEM_OUT: 919 ACC: 919 BUFF: 918 DC: 0 FLAG_ZERO: False FLAG_LT: 1 FLAG_GT: 0
INPUT_PORT:  []
OUT_PORT:  []
DATA_MEM:  [919, 428]
---------------------------------------
DEBUG    root:machine.py:309 MOD 3
TICK: 44509 PC:   6 ADDR:   0 MEM_OUT: 919 ACC: 919 BUFF: 918 DC: 0 FLAG_ZERO: False FLAG_LT: 1 FLAG_GT: 0
INPUT_PORT:  []
OUT_PORT:  []
DATA_MEM:  [919, 428]
---------------------------------------
DEBUG    root:machine.py:309 CMP 0
TICK: 44513 PC:   7 ADDR:   0 MEM_OUT: 919 ACC: 1 BUFF: 919 DC: 0 FLAG_ZERO: False FLAG_LT: 1 FLAG_GT: 0
INPUT_PORT:  []
OUT_PORT:  []
DATA_MEM:  [919, 428]
---------------------------------------
DEBUG    root:machine.py:309 JE 14
TICK: 44516 PC:   8 ADDR:   0 MEM_OUT: 919 ACC: 1 BUFF: 919 DC: 0 FLAG_ZERO: False FLAG_LT: 0 FLAG_GT: 1
INPUT_PORT:  []
OUT_PORT:  []
DATA_MEM:  [919, 428]
---------------------------------------
DEBUG    root:machine.py:309 LD 0
TICK: 44519 PC:   9 ADDR:   0 MEM_OUT: 919 ACC: 1 BUFF: 919 DC: 0 FLAG_ZERO: False FLAG_LT: 0 FLAG_GT: 1
INPUT_PORT:  []
OUT_PORT:  []
DATA_MEM:  [919, 428]
---------------------------------------
DEBUG    root:machine.py:309 MOD 5
TICK: 44523 PC:  10 ADDR:   0 MEM_OUT: 919 ACC: 919 BUFF: 919 DC: 0 FLAG_ZERO: False FLAG_LT: 0 FLAG_GT: 1
INPUT_PORT:  []
OUT_PORT:  []
DATA_MEM:  [919, 428]
---------------------------------------
DEBUG    root:machine.py:309 CMP 0
TICK: 44527 PC:  11 ADDR:   0 MEM_OUT: 919 ACC: 4 BUFF: 919 DC: 0 FLAG_ZERO: False FLAG_LT: 0 FLAG_GT: 1
INPUT_PORT:  []
OUT_PORT:  []
DATA_MEM:  [919, 428]
---------------------------------------
DEBUG    root:machine.py:309 JE 18
TICK: 44530 PC:  12 ADDR:   0 MEM_OUT: 919 ACC: 4 BUFF: 919 DC: 0 FLAG_ZERO: False FLAG_LT: 0 FLAG_GT: 1
INPUT_PORT:  []
OUT_PORT:  []
DATA_MEM:  [919, 428]
---------------------------------------
DEBUG    root:machine.py:309 JMP 0
TICK: 44533 PC:  13 ADDR:   0 MEM_OUT: 919 ACC: 4 BUFF: 919 DC: 0 FLAG_ZERO: False FLAG_LT: 0 FLAG_GT: 1
INPUT_PORT:  []
OUT_PORT:  []
DATA_MEM:  [919, 428]
---------------------------------------
DEBUG    root:machine.py:309 LD 0
TICK: 44536 PC:   0 ADDR:   0 MEM_OUT: 919 ACC: 4 BUFF: 919 DC: 0 FLAG_ZERO: False FLAG_LT: 0 FLAG_GT: 1
INPUT_PORT:  []
OUT_PORT:  []
DATA_MEM:  [919, 428]
---------------------------------------
DEBUG    root:machine.py:309 INC 
TICK: 44540 PC:   1 ADDR:   0 MEM_OUT: 919 ACC: 919 BUFF: 919 DC: 0 FLAG_ZERO: False FLAG_LT: 0 FLAG_GT: 1
INPUT_PORT:  []
OUT_PORT:  []
DATA_MEM:  [919, 428]
---------------------------------------
DEBUG    root:machine.py:309 ST 0
TICK: 44543 PC:   2 ADDR:   0 MEM_OUT: 919 ACC: 920 BUFF: 919 DC: 0 FLAG_ZERO: False FLAG_LT: 0 FLAG_GT: 1
INPUT_PORT:  []
OUT_PORT:  []
DATA_MEM:  [919, 428]
---------------------------------------
DEBUG    root:machine.py:309 CMP 1000
TICK: 44547 PC:   3 ADDR:   0 MEM_OUT: 920 ACC: 920 BUFF: 919 DC: 0 FLAG_ZERO: False FLAG_LT: 0 FLAG_GT: 1
INPUT_PORT:  []
OUT_PORT:  []
DATA_MEM:  [920, 428]
---------------------------------------
DEBUG    root:machine.py:309 JGE 22
TICK: 44550 PC:   4 ADDR:   0 MEM_OUT: 920 ACC: 920 BUFF: 919 DC: 0 FLAG_ZERO: False FLAG_LT: 1 FLAG_GT: 0
INPUT_PORT:  []
OUT_PORT:  []
DATA_MEM:  [920, 428]
---------------------------------------
DEBUG    root:machine.py:309 LD 0
TICK: 44553 PC:   5 ADDR:   0 MEM_OUT: 920 ACC: 920 BUFF: 919 DC: 0 FLAG_ZERO: False FLAG_LT: 1 FLAG_GT: 0
INPUT_PORT:  []
OUT_PORT:  []
DATA_MEM:  [920, 428]
---------------------------------------
DEBUG    root:machine.py:309 MOD 3
TICK: 44557 PC:   6 ADDR:   0 MEM_OUT: 920 ACC: 920 BUFF: 919 DC: 0 FLAG_ZERO: False FLAG_LT: 1 FLAG_GT: 0
INPUT_PORT:  []
OUT_PORT:  []
DATA_MEM:  [920, 428]
---------------------------------------
DEBUG    root:machine.py:309 CMP 0
TICK: 44561 PC:   7 ADDR:   0 MEM_OUT: 920 ACC: 2 BUFF: 920 DC: 0 FLAG_ZERO: False FLAG_LT: 1 FLAG_GT: 0
INPUT_PORT:  []
OUT_PORT:  []
DATA_MEM:  [920, 428]
---------------------------------------
DEBUG    root:machine.py:309 JE 14
TICK: 44564 PC:   8 ADDR:   0 MEM_OUT: 920 ACC: 2 BUFF: 920 DC: 0 FLAG_ZERO: False FLAG_LT: 0 FLAG_GT: 1
INPUT_PORT:  []
OUT_PORT:  []
DATA_MEM:  [920, 428]
---------------------------------------
DEBUG    root:machine.py:309 LD 0
TICK: 44567 PC:   9 ADDR:   0 MEM_OUT: 920 ACC: 2 BUFF: 920 DC: 0 FLAG_ZERO: False FLAG_LT: 0 FLAG_GT: 1
INPUT_PORT:  []
OUT_PORT:  []
DATA_MEM:  [920, 428]
---------------------------------------
DEBUG    root:machine.py:309 MOD 5
TICK: 44571 PC:  10 ADDR:   0 MEM_OUT: 920 ACC: 920 BUFF: 920 DC: 0 FLAG_ZERO: False FLAG_LT: 0 FLAG_GT: 1
INPUT_PORT:  []
OUT_PORT:  []
DATA_MEM:  [920, 428]
---------------------------------------
DEBUG    root:machine.py:309 CMP 0
TICK: 44575 PC:  11 ADDR:   0 MEM_OUT: 920 ACC: 0 BUFF: 920 DC: 0 FLAG_ZERO: False FLAG_LT: 0 FLAG_GT: 1
INPUT_PORT:  []
OUT_PORT:  []
DATA_MEM:  [920, 428]
---------------------------------------
DEBUG    root:machine.py:309 JE 18
TICK: 44578 PC:  12 ADDR:   0 MEM_OUT: 920 ACC: 0 BUFF: 920 DC: 0 FLAG_ZERO: True FLAG_LT: 0 FLAG_GT: 0
INPUT_PORT:  []
OUT_PORT:  []
DATA_MEM:  [920, 428]
---------------------------------------
DEBUG    root:machine.py:309 LD 4
TICK: 44581 PC:  18 ADDR:   0 MEM_OUT: 920 ACC: 0 BUFF: 920 DC: 0 FLAG_ZERO: True FLAG_LT: 0 FLAG_GT: 0
INPUT_PORT:  []
OUT_PORT:  []
DATA_MEM:  [920, 428]
---------------------------------------
DEBUG    root:machine.py:309 INC 
TICK: 44585 PC:  19 ADDR:   1 MEM_OUT: 428 ACC: 428 BUFF: 920 DC: 0 FLAG_ZERO: True FLAG_LT: 0 FLAG_GT: 0
INPUT_PORT:  []
OUT_PORT:  []
DATA_MEM:  [920, 428]
---------------------------------------
DEBUG    root:machine.py:309 ST 4
TICK: 44588 PC:  20 ADDR:   1 MEM_OUT: 428 ACC: 429 BUFF: 920 DC: 0 FLAG_ZERO: True FLAG_LT: 0 FLAG_GT: 0
INPUT_PORT:  []
OUT_PORT:  []
DATA_MEM:  [920, 428]
---------------------------------------
DEBUG    root:machine.py:309 JMP 0
TICK: 44592 PC:  21 ADDR:   1 MEM_OUT: 429 ACC: 429 BUFF: 920 DC: 0 FLAG_ZERO: True FLAG_LT: 0 FLAG_GT: 0
INPUT_PORT:  []
OUT_PORT:  []
DATA_MEM:  [920, 429]
---------------------------------------
DEBUG    root:machine.py:309 LD 0
TICK: 44595 PC:   0 ADDR:   1 MEM_OUT: 429 ACC: 429 BUFF: 920 DC: 0 FLAG_ZERO: True FLAG_LT: 0 FLAG_GT: 0
INPUT_PORT:  []
OUT_PORT:  []
DATA_MEM:  [920, 429]
---------------------------------------
DEBUG    root:machine.py:309 INC 
TICK: 44599 PC:   1 ADDR:   0 MEM_OUT: 920 ACC: 920 BUFF: 920 DC: 0 FLAG_ZERO: True FLAG_LT: 0 FLAG_GT: 0
INPUT_PORT:  []
OUT_PORT:  []
DATA_MEM:  [920, 429]
---------------------------------------
DEBUG    root:machine.py:309 ST 0
TICK: 44602 PC:   2 ADDR:   0 MEM_OUT: 920 ACC: 921 BUFF: 920 DC: 0 FLAG_ZERO: True FLAG_LT: 0 FLAG_GT: 0
INPUT_PORT:  []
OUT_PORT:  []
DATA_MEM:  [920, 429]
---------------------------------------
DEBUG    root:machine.py:309 CMP 1000
TICK: 44606 PC:   3 ADDR:   0 MEM_OUT: 921 ACC: 921 BUFF: 920 DC: 0 FLAG_ZERO: True FLAG_LT: 0 FLAG_GT: 0
INPUT_PORT:  []
OUT_PORT:  []
DATA_MEM:  [921, 429]
---------------------------------------
DEBUG    root:machine.py:309 JGE 22
TICK: 44609 PC:   4 ADDR:   0 MEM_OUT: 921 ACC: 921 BUFF: 920 DC: 0 FLAG_ZERO: False FLAG_LT: 1 FLAG_GT: 0
INPUT_PORT:  []
OUT_PORT:  []
DATA_MEM:  [921, 429]
---------------------------------------
DEBUG    root:machine.py:309 LD 0
TICK: 44612 PC:   5 ADDR:   0 MEM_OUT: 921 ACC: 921 BUFF: 920 DC: 0 FLAG_ZERO: False FLAG_LT: 1 FLAG_GT: 0
INPUT_PORT:  []
OUT_PORT:  []
DATA_MEM:  [921, 429]
---------------------------------------
DEBUG    root:machine.py:309 MOD 3
TICK: 44616 PC:   6 ADDR:   0 MEM_OUT: 921 ACC: 921 BUFF: 920 DC: 0 FLAG_ZERO: False FLAG_LT: 1 FLAG_GT: 0
INPUT_PORT:  []
OUT_PORT:  []
DATA_MEM:  [921, 429]
---------------------------------------
DEBUG    root:machine.py:309 CMP 0
TICK: 44620 PC:   7 ADDR:   0 MEM_OUT: 921 ACC: 0 BUFF: 921 DC: 0 FLAG_ZERO: False FLAG_LT: 1 FLAG_GT: 0
INPUT_PORT:  []
OUT_PORT:  []
DATA_MEM:  [921, 429]
---------------------------------------
DEBUG    root:machine.py:309 JE 14
TICK: 44623 PC:   8 ADDR:   0 MEM_OUT: 921 ACC: 0 BUFF: 921 DC: 0 FLAG_ZERO: True FLAG_LT: 0 FLAG_GT: 0
INPUT_PORT:  []
OUT_PORT:  []
DATA_MEM:  [921, 429]
---------------------------------------
DEBUG    root:machine.py:309 LD 4
TICK: 44626 PC:  14 ADDR:   0 MEM_OUT: 921 ACC: 0 BUFF: 921 DC: 0 FLAG_ZERO: True FLAG_LT: 0 FLAG_GT: 0
INPUT_PORT:  []
OUT_PORT:  []
DATA_MEM:  [921, 429]
---------------------------------------
DEBUG    root:machine.py:309 INC 
TICK: 44630 PC:  15 ADDR:   1 MEM_OUT: 429 ACC: 429 BUFF: 921 DC: 0 FLAG_ZERO: True FLAG_LT: 0 FLAG_GT: 0
INPUT_PORT:  []
OUT_PORT:  []
DATA_MEM:  [921, 429]
---------------------------------------
DEBUG    root:machine.py:309 ST 4
TICK: 44633 PC:  16 ADDR:   1 MEM_OUT: 429 ACC: 430 BUFF: 921 DC: 0 FLAG_ZERO: True FLAG_LT: 0 FLAG_GT: 0
INPUT_PORT:  []
OUT_PORT:  []
DATA_MEM:  [921, 429]
---------------------------------------
DEBUG    root:machine.py:309 JMP 0
TICK: 44637 PC:  17 ADDR:   1 MEM_OUT: 430 ACC: 430 BUFF: 921 DC: 0 FLAG_ZERO: True FLAG_LT: 0 FLAG_GT: 0
INPUT_PORT:  []
OUT_PORT:  []
DATA_MEM:  [921, 430]
---------------------------------------
DEBUG    root:machine.py:309 LD 0
TICK: 44640 PC:   0 ADDR:   1 MEM_OUT: 430 ACC: 430 BUFF: 921 DC: 0 FLAG_ZERO: True FLAG_LT: 0 FLAG_GT: 0
INPUT_PORT:  []
OUT_PORT:  []
DATA_MEM:  [921, 430]
---------------------------------------
DEBUG    root:machine.py:309 INC 
TICK: 44644 PC:   1 ADDR:   0 MEM_OUT: 921 ACC: 921 BUFF: 921 DC: 0 FLAG_ZERO: True FLAG_LT: 0 FLAG_GT: 0
INPUT_PORT:  []
OUT_PORT:  []
DATA_MEM:  [921, 430]
---------------------------------------
DEBUG    root:machine.py:309 ST 0
TICK: 44647 PC:   2 ADDR:   0 MEM_OUT: 921 ACC: 922 BUFF: 921 DC: 0 FLAG_ZERO: True FLAG_LT: 0 FLAG_GT: 0
INPUT_PORT:  []
OUT_PORT:  []
DATA_MEM:  [921, 430]
---------------------------------------
DEBUG    root:machine.py:309 CMP 1000
TICK: 44651 PC:   3 ADDR:   0 MEM_OUT: 922 ACC: 922 BUFF: 921 DC: 0 FLAG_ZERO: True FLAG_LT: 0 FLAG_GT: 0
INPUT_PORT:  []
OUT_PORT:  []
DATA_MEM:  [922, 430]
---------------------------------------
DEBUG    root:machine.py:309 JGE 22
TICK: 44654 PC:   4 ADDR:   0 MEM_OUT: 922 ACC: 922 BUFF: 921 DC: 0 FLAG_ZERO: False FLAG_LT: 1 FLAG_GT: 0
INPUT_PORT:  []
OUT_PORT:  []
DATA_MEM:  [922, 430]
---------------------------------------
DEBUG    root:machine.py:309 LD 0
TICK: 44657 PC:   5 ADDR:   0 MEM_OUT: 922 ACC: 922 BUFF: 921 DC: 0 FLAG_ZERO: False FLAG_LT: 1 FLAG_GT: 0
INPUT_PORT:  []
OUT_PORT:  []
DATA_MEM:  [922, 430]
---------------------------------------
DEBUG    root:machine.py:309 MOD 3
TICK: 44661 PC:   6 ADDR:   0 MEM_OUT: 922 ACC: 922 BUFF: 921 DC: 0 FLAG_ZERO: False FLAG_LT: 1 FLAG_GT: 0
INPUT_PORT:  []
OUT_PORT:  []
DATA_MEM:  [922, 430]
---------------------------------------
DEBUG    root:machine.py:309 CMP 0
TICK: 44665 PC:   7 ADDR:   0 MEM_OUT: 922 ACC: 1 BUFF: 922 DC: 0 FLAG_ZERO: False FLAG_LT: 1 FLAG_GT: 0
INPUT_PORT:  []
OUT_PORT:  []
DATA_MEM:  [922, 430]
---------------------------------------
DEBUG    root:machine.py:309 JE 14
TICK: 44668 PC:   8 ADDR:   0 MEM_OUT: 922 ACC: 1 BUFF: 922 DC: 0 FLAG_ZERO: False FLAG_LT: 0 FLAG_GT: 1
INPUT_PORT:  []
OUT_PORT:  []
DATA_MEM:  [922, 430]
---------------------------------------
DEBUG    root:machine.py:309 LD 0
TICK: 44671 PC:   9 ADDR:   0 MEM_OUT: 922 ACC: 1 BUFF: 922 DC: 0 FLAG_ZERO: False FLAG_LT: 0 FLAG_GT: 1
INPUT_PORT:  []
OUT_PORT:  []
DATA_MEM:  [922, 430]
---------------------------------------
DEBUG    root:machine.py:309 MOD 5
TICK: 44675 PC:  10 ADDR:   0 MEM_OUT: 922 ACC: 922 BUFF: 922 DC: 0 FLAG_ZERO: False FLAG_LT: 0 FLAG_GT: 1
INPUT_PORT:  []
OUT_PORT:  []
DATA_MEM:  [922, 430]
---------------------------------------
DEBUG    root:machine.py:309 CMP 0
TICK: 44679 PC:  11 ADDR:   0 MEM_OUT: 922 ACC: 2 BUFF: 922 DC: 0 FLAG_ZERO: False FLAG_LT: 0 FLAG_GT: 1
INPUT_PORT:  []
OUT_PORT:  []
DATA_MEM:  [922, 430]
---------------------------------------
DEBUG    root:machine.py:309 JE 18
TICK: 44682 PC:  12 ADDR:   0 MEM_OUT: 922 ACC: 2 BUFF: 922 DC: 0 FLAG_ZERO: False FLAG_LT: 0 FLAG_GT: 1
INPUT_PORT:  []
OUT_PORT:  []
DATA_MEM:  [922, 430]
---------------------------------------
DEBUG    root:machine.py:309 JMP 0
TICK: 44685 PC:  13 ADDR:   0 MEM_OUT: 922 ACC: 2 BUFF: 922 DC: 0 FLAG_ZERO: False FLAG_LT: 0 FLAG_GT: 1
INPUT_PORT:  []
OUT_PORT:  []
DATA_MEM:  [922, 430]
---------------------------------------
DEBUG    root:machine.py:309 LD 0
TICK: 44688 PC:   0 ADDR:   0 MEM_OUT: 922 ACC: 2 BUFF: 922 DC: 0 FLAG_ZERO: False FLAG_LT: 0 FLAG_GT: 1
INPUT_PORT:  []
OUT_PORT:  []
DATA_MEM:  [922, 430]
---------------------------------------
DEBUG    root:machine.py:309 INC 
TICK: 44692 PC:   1 ADDR:   0 MEM_OUT: 922 ACC: 922 BUFF: 922 DC: 0 FLAG_ZERO: False FLAG_LT: 0 FLAG_GT: 1
INPUT_PORT:  []
OUT_PORT:  []
DATA_MEM:  [922, 430]
---------------------------------------
DEBUG    root:machine.py:309 ST 0
TICK: 44695 PC:   2 ADDR:   0 MEM_OUT: 922 ACC: 923 BUFF: 922 DC: 0 FLAG_ZERO: False FLAG_LT: 0 FLAG_GT: 1
INPUT_PORT:  []
OUT_PORT:  []
DATA_MEM:  [922, 430]
---------------------------------------
DEBUG    root:machine.py:309 CMP 1000
TICK: 44699 PC:   3 ADDR:   0 MEM_OUT: 923 ACC: 923 BUFF: 922 DC: 0 FLAG_ZERO: False FLAG_LT: 0 FLAG_GT: 1
INPUT_PORT:  []
OUT_PORT:  []
DATA_MEM:  [923, 430]
---------------------------------------
DEBUG    root:machine.py:309 JGE 22
TICK: 44702 PC:   4 ADDR:   0 MEM_OUT: 923 ACC: 923 BUFF: 922 DC: 0 FLAG_ZERO: False FLAG_LT: 1 FLAG_GT: 0
INPUT_PORT:  []
OUT_PORT:  []
DATA_MEM:  [923, 430]
---------------------------------------
DEBUG    root:machine.py:309 LD 0
TICK: 44705 PC:   5 ADDR:   0 MEM_OUT: 923 ACC: 923 BUFF: 922 DC: 0 FLAG_ZERO: False FLAG_LT: 1 FLAG_GT: 0
INPUT_PORT:  []
OUT_PORT:  []
DATA_MEM:  [923, 430]
---------------------------------------
DEBUG    root:machine.py:309 MOD 3
TICK: 44709 PC:   6 ADDR:   0 MEM_OUT: 923 ACC: 923 BUFF: 922 DC: 0 FLAG_ZERO: False FLAG_LT: 1 FLAG_GT: 0
INPUT_PORT:  []
OUT_PORT:  []
DATA_MEM:  [923, 430]
---------------------------------------
DEBUG    root:machine.py:309 CMP 0
TICK: 44713 PC:   7 ADDR:   0 MEM_OUT: 923 ACC: 2 BUFF: 923 DC: 0 FLAG_ZERO: False FLAG_LT: 1 FLAG_GT: 0
INPUT_PORT:  []
OUT_PORT:  []
DATA_MEM:  [923, 430]
---------------------------------------
DEBUG    root:machine.py:309 JE 14
TICK: 44716 PC:   8 ADDR:   0 MEM_OUT: 923 ACC: 2 BUFF: 923 DC: 0 FLAG_ZERO: False FLAG_LT: 0 FLAG_GT: 1
INPUT_PORT:  []
OUT_PORT:  []
DATA_MEM:  [923, 430]
---------------------------------------
DEBUG    root:machine.py:309 LD 0
TICK: 44719 PC:   9 ADDR:   0 MEM_OUT: 923 ACC: 2 BUFF: 923 DC: 0 FLAG_ZERO: False FLAG_LT: 0 FLAG_GT: 1
INPUT_PORT:  []
OUT_PORT:  []
DATA_MEM:  [923, 430]
---------------------------------------
DEBUG    root:machine.py:309 MOD 5
TICK: 44723 PC:  10 ADDR:   0 MEM_OUT: 923 ACC: 923 BUFF: 923 DC: 0 FLAG_ZERO: False FLAG_LT: 0 FLAG_GT: 1
INPUT_PORT:  []
OUT_PORT:  []
DATA_MEM:  [923, 430]
---------------------------------------
DEBUG    root:machine.py:309 CMP 0
TICK: 44727 PC:  11 ADDR:   0 MEM_OUT: 923 ACC: 3 BUFF: 923 DC: 0 FLAG_ZERO: False FLAG_LT: 0 FLAG_GT: 1
INPUT_PORT:  []
OUT_PORT:  []
DATA_MEM:  [923, 430]
---------------------------------------
DEBUG    root:machine.py:309 JE 18
TICK: 44730 PC:  12 ADDR:   0 MEM_OUT: 923 ACC: 3 BUFF: 923 DC: 0 FLAG_ZERO: False FLAG_LT: 0 FLAG_GT: 1
INPUT_PORT:  []
OUT_PORT:  []
DATA_MEM:  [923, 430]
---------------------------------------
DEBUG    root:machine.py:309 JMP 0
TICK: 44733 PC:  13 ADDR:   0 MEM_OUT: 923 ACC: 3 BUFF: 923 DC: 0 FLAG_ZERO: False FLAG_LT: 0 FLAG_GT: 1
INPUT_PORT:  []
OUT_PORT:  []
DATA_MEM:  [923, 430]
---------------------------------------
DEBUG    root:machine.py:309 LD 0
TICK: 44736 PC:   0 ADDR:   0 MEM_OUT: 923 ACC: 3 BUFF: 923 DC: 0 FLAG_ZERO: False FLAG_LT: 0 FLAG_GT: 1
INPUT_PORT:  []
OUT_PORT:  []
DATA_MEM:  [923, 430]
---------------------------------------
DEBUG    root:machine.py:309 INC 
TICK: 44740 PC:   1 ADDR:   0 MEM_OUT: 923 ACC: 923 BUFF: 923 DC: 0 FLAG_ZERO: False FLAG_LT: 0 FLAG_GT: 1
INPUT_PORT:  []
OUT_PORT:  []
DATA_MEM:  [923, 430]
---------------------------------------
DEBUG    root:machine.py:309 ST 0
TICK: 44743 PC:   2 ADDR:   0 MEM_OUT: 923 ACC: 924 BUFF: 923 DC: 0 FLAG_ZERO: False FLAG_LT: 0 FLAG_GT: 1
INPUT_PORT:  []
OUT_PORT:  []
DATA_MEM:  [923, 430]
---------------------------------------
DEBUG    root:machine.py:309 CMP 1000
TICK: 44747 PC:   3 ADDR:   0 MEM_OUT: 924 ACC: 924 BUFF: 923 DC: 0 FLAG_ZERO: False FLAG_LT: 0 FLAG_GT: 1
INPUT_PORT:  []
OUT_PORT:  []
DATA_MEM:  [924, 430]
---------------------------------------
DEBUG    root:machine.py:309 JGE 22
TICK: 44750 PC:   4 ADDR:   0 MEM_OUT: 924 ACC: 924 BUFF: 923 DC: 0 FLAG_ZERO: False FLAG_LT: 1 FLAG_GT: 0
INPUT_PORT:  []
OUT_PORT:  []
DATA_MEM:  [924, 430]
---------------------------------------
DEBUG    root:machine.py:309 LD 0
TICK: 44753 PC:   5 ADDR:   0 MEM_OUT: 924 ACC: 924 BUFF: 923 DC: 0 FLAG_ZERO: False FLAG_LT: 1 FLAG_GT: 0
INPUT_PORT:  []
OUT_PORT:  []
DATA_MEM:  [924, 430]
---------------------------------------
DEBUG    root:machine.py:309 MOD 3
TICK: 44757 PC:   6 ADDR:   0 MEM_OUT: 924 ACC: 924 BUFF: 923 DC: 0 FLAG_ZERO: False FLAG_LT: 1 FLAG_GT: 0
INPUT_PORT:  []
OUT_PORT:  []
DATA_MEM:  [924, 430]
---------------------------------------
DEBUG    root:machine.py:309 CMP 0
TICK: 44761 PC:   7 ADDR:   0 MEM_OUT: 924 ACC: 0 BUFF: 924 DC: 0 FLAG_ZERO: False FLAG_LT: 1 FLAG_GT: 0
INPUT_PORT:  []
OUT_PORT:  []
DATA_MEM:  [924, 430]
---------------------------------------
DEBUG    root:machine.py:309 JE 14
TICK: 44764 PC:   8 ADDR:   0 MEM_OUT: 924 ACC: 0 BUFF: 924 DC: 0 FLAG_ZERO: True FLAG_LT: 0 FLAG_GT: 0
INPUT_PORT:  []
OUT_PORT:  []
DATA_MEM:  [924, 430]
---------------------------------------
DEBUG    root:machine.py:309 LD 4
TICK: 44767 PC:  14 ADDR:   0 MEM_OUT: 924 ACC: 0 BUFF: 924 DC: 0 FLAG_ZERO: True FLAG_LT: 0 FLAG_GT: 0
INPUT_PORT:  []
OUT_PORT:  []
DATA_MEM:  [924, 430]
---------------------------------------
DEBUG    root:machine.py:309 INC 
TICK: 44771 PC:  15 ADDR:   1 MEM_OUT: 430 ACC: 430 BUFF: 924 DC: 0 FLAG_ZERO: True FLAG_LT: 0 FLAG_GT: 0
INPUT_PORT:  []
OUT_PORT:  []
DATA_MEM:  [924, 430]
---------------------------------------
DEBUG    root:machine.py:309 ST 4
TICK: 44774 PC:  16 ADDR:   1 MEM_OUT: 430 ACC: 431 BUFF: 924 DC: 0 FLAG_ZERO: True FLAG_LT: 0 FLAG_GT: 0
INPUT_PORT:  []
OUT_PORT:  []
DATA_MEM:  [924, 430]
---------------------------------------
DEBUG    root:machine.py:309 JMP 0
TICK: 44778 PC:  17 ADDR:   1 MEM_OUT: 431 ACC: 431 BUFF: 924 DC: 0 FLAG_ZERO: True FLAG_LT: 0 FLAG_GT: 0
INPUT_PORT:  []
OUT_PORT:  []
DATA_MEM:  [924, 431]
---------------------------------------
DEBUG    root:machine.py:309 LD 0
TICK: 44781 PC:   0 ADDR:   1 MEM_OUT: 431 ACC: 431 BUFF: 924 DC: 0 FLAG_ZERO: True FLAG_LT: 0 FLAG_GT: 0
INPUT_PORT:  []
OUT_PORT:  []
DATA_MEM:  [924, 431]
---------------------------------------
DEBUG    root:machine.py:309 INC 
TICK: 44785 PC:   1 ADDR:   0 MEM_OUT: 924 ACC: 924 BUFF: 924 DC: 0 FLAG_ZERO: True FLAG_LT: 0 FLAG_GT: 0
INPUT_PORT:  []
OUT_PORT:  []
DATA_MEM:  [924, 431]
---------------------------------------
DEBUG    root:machine.py:309 ST 0
TICK: 44788 PC:   2 ADDR:   0 MEM_OUT: 924 ACC: 925 BUFF: 924 DC: 0 FLAG_ZERO: True FLAG_LT: 0 FLAG_GT: 0
INPUT_PORT:  []
OUT_PORT:  []
DATA_MEM:  [924, 431]
---------------------------------------
DEBUG    root:machine.py:309 CMP 1000
TICK: 44792 PC:   3 ADDR:   0 MEM_OUT: 925 ACC: 925 BUFF: 924 DC: 0 FLAG_ZERO: True FLAG_LT: 0 FLAG_GT: 0
INPUT_PORT:  []
OUT_PORT:  []
DATA_MEM:  [925, 431]
---------------------------------------
DEBUG    root:machine.py:309 JGE 22
TICK: 44795 PC:   4 ADDR:   0 MEM_OUT: 925 ACC: 925 BUFF: 924 DC: 0 FLAG_ZERO: False FLAG_LT: 1 FLAG_GT: 0
INPUT_PORT:  []
OUT_PORT:  []
DATA_MEM:  [925, 431]
---------------------------------------
DEBUG    root:machine.py:309 LD 0
TICK: 44798 PC:   5 ADDR:   0 MEM_OUT: 925 ACC: 925 BUFF: 924 DC: 0 FLAG_ZERO: False FLAG_LT: 1 FLAG_GT: 0
INPUT_PORT:  []
OUT_PORT:  []
DATA_MEM:  [925, 431]
---------------------------------------
DEBUG    root:machine.py:309 MOD 3
TICK: 44802 PC:   6 ADDR:   0 MEM_OUT: 925 ACC: 925 BUFF: 924 DC: 0 FLAG_ZERO: False FLAG_LT: 1 FLAG_GT: 0
INPUT_PORT:  []
OUT_PORT:  []
DATA_MEM:  [925, 431]
---------------------------------------
DEBUG    root:machine.py:309 CMP 0
TICK: 44806 PC:   7 ADDR:   0 MEM_OUT: 925 ACC: 1 BUFF: 925 DC: 0 FLAG_ZERO: False FLAG_LT: 1 FLAG_GT: 0
INPUT_PORT:  []
OUT_PORT:  []
DATA_MEM:  [925, 431]
---------------------------------------
DEBUG    root:machine.py:309 JE 14
TICK: 44809 PC:   8 ADDR:   0 MEM_OUT: 925 ACC: 1 BUFF: 925 DC: 0 FLAG_ZERO: False FLAG_LT: 0 FLAG_GT: 1
INPUT_PORT:  []
OUT_PORT:  []
DATA_MEM:  [925, 431]
---------------------------------------
DEBUG    root:machine.py:309 LD 0
TICK: 44812 PC:   9 ADDR:   0 MEM_OUT: 925 ACC: 1 BUFF: 925 DC: 0 FLAG_ZERO: False FLAG_LT: 0 FLAG_GT: 1
INPUT_PORT:  []
OUT_PORT:  []
DATA_MEM:  [925, 431]
---------------------------------------
DEBUG    root:machine.py:309 MOD 5
TICK: 44816 PC:  10 ADDR:   0 MEM_OUT: 925 ACC: 925 BUFF: 925 DC: 0 FLAG_ZERO: False FLAG_LT: 0 FLAG_GT: 1
INPUT_PORT:  []
OUT_PORT:  []
DATA_MEM:  [925, 431]
---------------------------------------
DEBUG    root:machine.py:309 CMP 0
TICK: 44820 PC:  11 ADDR:   0 MEM_OUT: 925 ACC: 0 BUFF: 925 DC: 0 FLAG_ZERO: False FLAG_LT: 0 FLAG_GT: 1
INPUT_PORT:  []
OUT_PORT:  []
DATA_MEM:  [925, 431]
---------------------------------------
DEBUG    root:machine.py:309 JE 18
TICK: 44823 PC:  12 ADDR:   0 MEM_OUT: 925 ACC: 0 BUFF: 925 DC: 0 FLAG_ZERO: True FLAG_LT: 0 FLAG_GT: 0
INPUT_PORT:  []
OUT_PORT:  []
DATA_MEM:  [925, 431]
---------------------------------------
DEBUG    root:machine.py:309 LD 4
TICK: 44826 PC:  18 ADDR:   0 MEM_OUT: 925 ACC: 0 BUFF: 925 DC: 0 FLAG_ZERO: True FLAG_LT: 0 FLAG_GT: 0
INPUT_PORT:  []
OUT_PORT:  []
DATA_MEM:  [925, 431]
---------------------------------------
DEBUG    root:machine.py:309 INC 
TICK: 44830 PC:  19 ADDR:   1 MEM_OUT: 431 ACC: 431 BUFF: 925 DC: 0 FLAG_ZERO: True FLAG_LT: 0 FLAG_GT: 0
INPUT_PORT:  []
OUT_PORT:  []
DATA_MEM:  [925, 431]
---------------------------------------
DEBUG    root:machine.py:309 ST 4
TICK: 44833 PC:  20 ADDR:   1 MEM_OUT: 431 ACC: 432 BUFF: 925 DC: 0 FLAG_ZERO: True FLAG_LT: 0 FLAG_GT: 0
INPUT_PORT:  []
OUT_PORT:  []
DATA_MEM:  [925, 431]
---------------------------------------
DEBUG    root:machine.py:309 JMP 0
TICK: 44837 PC:  21 ADDR:   1 MEM_OUT: 432 ACC: 432 BUFF: 925 DC: 0 FLAG_ZERO: True FLAG_LT: 0 FLAG_GT: 0
INPUT_PORT:  []
OUT_PORT:  []
DATA_MEM:  [925, 432]
---------------------------------------
DEBUG    root:machine.py:309 LD 0
TICK: 44840 PC:   0 ADDR:   1 MEM_OUT: 432 ACC: 432 BUFF: 925 DC: 0 FLAG_ZERO: True FLAG_LT: 0 FLAG_GT: 0
INPUT_PORT:  []
OUT_PORT:  []
DATA_MEM:  [925, 432]
---------------------------------------
DEBUG    root:machine.py:309 INC 
TICK: 44844 PC:   1 ADDR:   0 MEM_OUT: 925 ACC: 925 BUFF: 925 DC: 0 FLAG_ZERO: True FLAG_LT: 0 FLAG_GT: 0
INPUT_PORT:  []
OUT_PORT:  []
DATA_MEM:  [925, 432]
---------------------------------------
DEBUG    root:machine.py:309 ST 0
TICK: 44847 PC:   2 ADDR:   0 MEM_OUT: 925 ACC: 926 BUFF: 925 DC: 0 FLAG_ZERO: True FLAG_LT: 0 FLAG_GT: 0
INPUT_PORT:  []
OUT_PORT:  []
DATA_MEM:  [925, 432]
---------------------------------------
DEBUG    root:machine.py:309 CMP 1000
TICK: 44851 PC:   3 ADDR:   0 MEM_OUT: 926 ACC: 926 BUFF: 925 DC: 0 FLAG_ZERO: True FLAG_LT: 0 FLAG_GT: 0
INPUT_PORT:  []
OUT_PORT:  []
DATA_MEM:  [926, 432]
---------------------------------------
DEBUG    root:machine.py:309 JGE 22
TICK: 44854 PC:   4 ADDR:   0 MEM_OUT: 926 ACC: 926 BUFF: 925 DC: 0 FLAG_ZERO: False FLAG_LT: 1 FLAG_GT: 0
INPUT_PORT:  []
OUT_PORT:  []
DATA_MEM:  [926, 432]
---------------------------------------
DEBUG    root:machine.py:309 LD 0
TICK: 44857 PC:   5 ADDR:   0 MEM_OUT: 926 ACC: 926 BUFF: 925 DC: 0 FLAG_ZERO: False FLAG_LT: 1 FLAG_GT: 0
INPUT_PORT:  []
OUT_PORT:  []
DATA_MEM:  [926, 432]
---------------------------------------
DEBUG    root:machine.py:309 MOD 3
TICK: 44861 PC:   6 ADDR:   0 MEM_OUT: 926 ACC: 926 BUFF: 925 DC: 0 FLAG_ZERO: False FLAG_LT: 1 FLAG_GT: 0
INPUT_PORT:  []
OUT_PORT:  []
DATA_MEM:  [926, 432]
---------------------------------------
DEBUG    root:machine.py:309 CMP 0
TICK: 44865 PC:   7 ADDR:   0 MEM_OUT: 926 ACC: 2 BUFF: 926 DC: 0 FLAG_ZERO: False FLAG_LT: 1 FLAG_GT: 0
INPUT_PORT:  []
OUT_PORT:  []
DATA_MEM:  [926, 432]
---------------------------------------
DEBUG    root:machine.py:309 JE 14
TICK: 44868 PC:   8 ADDR:   0 MEM_OUT: 926 ACC: 2 BUFF: 926 DC: 0 FLAG_ZERO: False FLAG_LT: 0 FLAG_GT: 1
INPUT_PORT:  []
OUT_PORT:  []
DATA_MEM:  [926, 432]
---------------------------------------
DEBUG    root:machine.py:309 LD 0
TICK: 44871 PC:   9 ADDR:   0 MEM_OUT: 926 ACC: 2 BUFF: 926 DC: 0 FLAG_ZERO: False FLAG_LT: 0 FLAG_GT: 1
INPUT_PORT:  []
OUT_PORT:  []
DATA_MEM:  [926, 432]
---------------------------------------
DEBUG    root:machine.py:309 MOD 5
TICK: 44875 PC:  10 ADDR:   0 MEM_OUT: 926 ACC: 926 BUFF: 926 DC: 0 FLAG_ZERO: False FLAG_LT: 0 FLAG_GT: 1
INPUT_PORT:  []
OUT_PORT:  []
DATA_MEM:  [926, 432]
---------------------------------------
DEBUG    root:machine.py:309 CMP 0
TICK: 44879 PC:  11 ADDR:   0 MEM_OUT: 926 ACC: 1 BUFF: 926 DC: 0 FLAG_ZERO: False FLAG_LT: 0 FLAG_GT: 1
INPUT_PORT:  []
OUT_PORT:  []
DATA_MEM:  [926, 432]
---------------------------------------
DEBUG    root:machine.py:309 JE 18
TICK: 44882 PC:  12 ADDR:   0 MEM_OUT: 926 ACC: 1 BUFF: 926 DC: 0 FLAG_ZERO: False FLAG_LT: 0 FLAG_GT: 1
INPUT_PORT:  []
OUT_PORT:  []
DATA_MEM:  [926, 432]
---------------------------------------
DEBUG    root:machine.py:309 JMP 0
TICK: 44885 PC:  13 ADDR:   0 MEM_OUT: 926 ACC: 1 BUFF: 926 DC: 0 FLAG_ZERO: False FLAG_LT: 0 FLAG_GT: 1
INPUT_PORT:  []
OUT_PORT:  []
DATA_MEM:  [926, 432]
---------------------------------------
DEBUG    root:machine.py:309 LD 0
TICK: 44888 PC:   0 ADDR:   0 MEM_OUT: 926 ACC: 1 BUFF: 926 DC: 0 FLAG_ZERO: False FLAG_LT: 0 FLAG_GT: 1
INPUT_PORT:  []
OUT_PORT:  []
DATA_MEM:  [926, 432]
---------------------------------------
DEBUG    root:machine.py:309 INC 
TICK: 44892 PC:   1 ADDR:   0 MEM_OUT: 926 ACC: 926 BUFF: 926 DC: 0 FLAG_ZERO: False FLAG_LT: 0 FLAG_GT: 1
INPUT_PORT:  []
OUT_PORT:  []
DATA_MEM:  [926, 432]
---------------------------------------
DEBUG    root:machine.py:309 ST 0
TICK: 44895 PC:   2 ADDR:   0 MEM_OUT: 926 ACC: 927 BUFF: 926 DC: 0 FLAG_ZERO: False FLAG_LT: 0 FLAG_GT: 1
INPUT_PORT:  []
OUT_PORT:  []
DATA_MEM:  [926, 432]
---------------------------------------
DEBUG    root:machine.py:309 CMP 1000
TICK: 44899 PC:   3 ADDR:   0 MEM_OUT: 927 ACC: 927 BUFF: 926 DC: 0 FLAG_ZERO: False FLAG_LT: 0 FLAG_GT: 1
INPUT_PORT:  []
OUT_PORT:  []
DATA_MEM:  [927, 432]
---------------------------------------
DEBUG    root:machine.py:309 JGE 22
TICK: 44902 PC:   4 ADDR:   0 MEM_OUT: 927 ACC: 927 BUFF: 926 DC: 0 FLAG_ZERO: False FLAG_LT: 1 FLAG_GT: 0
INPUT_PORT:  []
OUT_PORT:  []
DATA_MEM:  [927, 432]
---------------------------------------
DEBUG    root:machine.py:309 LD 0
TICK: 44905 PC:   5 ADDR:   0 MEM_OUT: 927 ACC: 927 BUFF: 926 DC: 0 FLAG_ZERO: False FLAG_LT: 1 FLAG_GT: 0
INPUT_PORT:  []
OUT_PORT:  []
DATA_MEM:  [927, 432]
---------------------------------------
DEBUG    root:machine.py:309 MOD 3
TICK: 44909 PC:   6 ADDR:   0 MEM_OUT: 927 ACC: 927 BUFF: 926 DC: 0 FLAG_ZERO: False FLAG_LT: 1 FLAG_GT: 0
INPUT_PORT:  []
OUT_PORT:  []
DATA_MEM:  [927, 432]
---------------------------------------
DEBUG    root:machine.py:309 CMP 0
TICK: 44913 PC:   7 ADDR:   0 MEM_OUT: 927 ACC: 0 BUFF: 927 DC: 0 FLAG_ZERO: False FLAG_LT: 1 FLAG_GT: 0
INPUT_PORT:  []
OUT_PORT:  []
DATA_MEM:  [927, 432]
---------------------------------------
DEBUG    root:machine.py:309 JE 14
TICK: 44916 PC:   8 ADDR:   0 MEM_OUT: 927 ACC: 0 BUFF: 927 DC: 0 FLAG_ZERO: True FLAG_LT: 0 FLAG_GT: 0
INPUT_PORT:  []
OUT_PORT:  []
DATA_MEM:  [927, 432]
---------------------------------------
DEBUG    root:machine.py:309 LD 4
TICK: 44919 PC:  14 ADDR:   0 MEM_OUT: 927 ACC: 0 BUFF: 927 DC: 0 FLAG_ZERO: True FLAG_LT: 0 FLAG_GT: 0
INPUT_PORT:  []
OUT_PORT:  []
DATA_MEM:  [927, 432]
---------------------------------------
DEBUG    root:machine.py:309 INC 
TICK: 44923 PC:  15 ADDR:   1 MEM_OUT: 432 ACC: 432 BUFF: 927 DC: 0 FLAG_ZERO: True FLAG_LT: 0 FLAG_GT: 0
INPUT_PORT:  []
OUT_PORT:  []
DATA_MEM:  [927, 432]
---------------------------------------
DEBUG    root:machine.py:309 ST 4
TICK: 44926 PC:  16 ADDR:   1 MEM_OUT: 432 ACC: 433 BUFF: 927 DC: 0 FLAG_ZERO: True FLAG_LT: 0 FLAG_GT: 0
INPUT_PORT:  []
OUT_PORT:  []
DATA_MEM:  [927, 432]
---------------------------------------
DEBUG    root:machine.py:309 JMP 0
TICK: 44930 PC:  17 ADDR:   1 MEM_OUT: 433 ACC: 433 BUFF: 927 DC: 0 FLAG_ZERO: True FLAG_LT: 0 FLAG_GT: 0
INPUT_PORT:  []
OUT_PORT:  []
DATA_MEM:  [927, 433]
---------------------------------------
DEBUG    root:machine.py:309 LD 0
TICK: 44933 PC:   0 ADDR:   1 MEM_OUT: 433 ACC: 433 BUFF: 927 DC: 0 FLAG_ZERO: True FLAG_LT: 0 FLAG_GT: 0
INPUT_PORT:  []
OUT_PORT:  []
DATA_MEM:  [927, 433]
---------------------------------------
DEBUG    root:machine.py:309 INC 
TICK: 44937 PC:   1 ADDR:   0 MEM_OUT: 927 ACC: 927 BUFF: 927 DC: 0 FLAG_ZERO: True FLAG_LT: 0 FLAG_GT: 0
INPUT_PORT:  []
OUT_PORT:  []
DATA_MEM:  [927, 433]
---------------------------------------
DEBUG    root:machine.py:309 ST 0
TICK: 44940 PC:   2 ADDR:   0 MEM_OUT: 927 ACC: 928 BUFF: 927 DC: 0 FLAG_ZERO: True FLAG_LT: 0 FLAG_GT: 0
INPUT_PORT:  []
OUT_PORT:  []
DATA_MEM:  [927, 433]
---------------------------------------
DEBUG    root:machine.py:309 CMP 1000
TICK: 44944 PC:   3 ADDR:   0 MEM_OUT: 928 ACC: 928 BUFF: 927 DC: 0 FLAG_ZERO: True FLAG_LT: 0 FLAG_GT: 0
INPUT_PORT:  []
OUT_PORT:  []
DATA_MEM:  [928, 433]
---------------------------------------
DEBUG    root:machine.py:309 JGE 22
TICK: 44947 PC:   4 ADDR:   0 MEM_OUT: 928 ACC: 928 BUFF: 927 DC: 0 FLAG_ZERO: False FLAG_LT: 1 FLAG_GT: 0
INPUT_PORT:  []
OUT_PORT:  []
DATA_MEM:  [928, 433]
---------------------------------------
DEBUG    root:machine.py:309 LD 0
TICK: 44950 PC:   5 ADDR:   0 MEM_OUT: 928 ACC: 928 BUFF: 927 DC: 0 FLAG_ZERO: False FLAG_LT: 1 FLAG_GT: 0
INPUT_PORT:  []
OUT_PORT:  []
DATA_MEM:  [928, 433]
---------------------------------------
DEBUG    root:machine.py:309 MOD 3
TICK: 44954 PC:   6 ADDR:   0 MEM_OUT: 928 ACC: 928 BUFF: 927 DC: 0 FLAG_ZERO: False FLAG_LT: 1 FLAG_GT: 0
INPUT_PORT:  []
OUT_PORT:  []
DATA_MEM:  [928, 433]
---------------------------------------
DEBUG    root:machine.py:309 CMP 0
TICK: 44958 PC:   7 ADDR:   0 MEM_OUT: 928 ACC: 1 BUFF: 928 DC: 0 FLAG_ZERO: False FLAG_LT: 1 FLAG_GT: 0
INPUT_PORT:  []
OUT_PORT:  []
DATA_MEM:  [928, 433]
---------------------------------------
DEBUG    root:machine.py:309 JE 14
TICK: 44961 PC:   8 ADDR:   0 MEM_OUT: 928 ACC: 1 BUFF: 928 DC: 0 FLAG_ZERO: False FLAG_LT: 0 FLAG_GT: 1
INPUT_PORT:  []
OUT_PORT:  []
DATA_MEM:  [928, 433]
---------------------------------------
DEBUG    root:machine.py:309 LD 0
TICK: 44964 PC:   9 ADDR:   0 MEM_OUT: 928 ACC: 1 BUFF: 928 DC: 0 FLAG_ZERO: False FLAG_LT: 0 FLAG_GT: 1
INPUT_PORT:  []
OUT_PORT:  []
DATA_MEM:  [928, 433]
---------------------------------------
DEBUG    root:machine.py:309 MOD 5
TICK: 44968 PC:  10 ADDR:   0 MEM_OUT: 928 ACC: 928 BUFF: 928 DC: 0 FLAG_ZERO: False FLAG_LT: 0 FLAG_GT: 1
INPUT_PORT:  []
OUT_PORT:  []
DATA_MEM:  [928, 433]
---------------------------------------
DEBUG    root:machine.py:309 CMP 0
TICK: 44972 PC:  11 ADDR:   0 MEM_OUT: 928 ACC: 3 BUFF: 928 DC: 0 FLAG_ZERO: False FLAG_LT: 0 FLAG_GT: 1
INPUT_PORT:  []
OUT_PORT:  []
DATA_MEM:  [928, 433]
---------------------------------------
DEBUG    root:machine.py:309 JE 18
TICK: 44975 PC:  12 ADDR:   0 MEM_OUT: 928 ACC: 3 BUFF: 928 DC: 0 FLAG_ZERO: False FLAG_LT: 0 FLAG_GT: 1
INPUT_PORT:  []
OUT_PORT:  []
DATA_MEM:  [928, 433]
---------------------------------------
DEBUG    root:machine.py:309 JMP 0
TICK: 44978 PC:  13 ADDR:   0 MEM_OUT: 928 ACC: 3 BUFF: 928 DC: 0 FLAG_ZERO: False FLAG_LT: 0 FLAG_GT: 1
INPUT_PORT:  []
OUT_PORT:  []
DATA_MEM:  [928, 433]
---------------------------------------
DEBUG    root:machine.py:309 LD 0
TICK: 44981 PC:   0 ADDR:   0 MEM_OUT: 928 ACC: 3 BUFF: 928 DC: 0 FLAG_ZERO: False FLAG_LT: 0 FLAG_GT: 1
INPUT_PORT:  []
OUT_PORT:  []
DATA_MEM:  [928, 433]
---------------------------------------
DEBUG    root:machine.py:309 INC 
TICK: 44985 PC:   1 ADDR:   0 MEM_OUT: 928 ACC: 928 BUFF: 928 DC: 0 FLAG_ZERO: False FLAG_LT: 0 FLAG_GT: 1
INPUT_PORT:  []
OUT_PORT:  []
DATA_MEM:  [928, 433]
---------------------------------------
DEBUG    root:machine.py:309 ST 0
TICK: 44988 PC:   2 ADDR:   0 MEM_OUT: 928 ACC: 929 BUFF: 928 DC: 0 FLAG_ZERO: False FLAG_LT: 0 FLAG_GT: 1
INPUT_PORT:  []
OUT_PORT:  []
DATA_MEM:  [928, 433]
---------------------------------------
DEBUG    root:machine.py:309 CMP 1000
TICK: 44992 PC:   3 ADDR:   0 MEM_OUT: 929 ACC: 929 BUFF: 928 DC: 0 FLAG_ZERO: False FLAG_LT: 0 FLAG_GT: 1
INPUT_PORT:  []
OUT_PORT:  []
DATA_MEM:  [929, 433]
---------------------------------------
DEBUG    root:machine.py:309 JGE 22
TICK: 44995 PC:   4 ADDR:   0 MEM_OUT: 929 ACC: 929 BUFF: 928 DC: 0 FLAG_ZERO: False FLAG_LT: 1 FLAG_GT: 0
INPUT_PORT:  []
OUT_PORT:  []
DATA_MEM:  [929, 433]
---------------------------------------
DEBUG    root:machine.py:309 LD 0
TICK: 44998 PC:   5 ADDR:   0 MEM_OUT: 929 ACC: 929 BUFF: 928 DC: 0 FLAG_ZERO: False FLAG_LT: 1 FLAG_GT: 0
INPUT_PORT:  []
OUT_PORT:  []
DATA_MEM:  [929, 433]
---------------------------------------
DEBUG    root:machine.py:309 MOD 3
TICK: 45002 PC:   6 ADDR:   0 MEM_OUT: 929 ACC: 929 BUFF: 928 DC: 0 FLAG_ZERO: False FLAG_LT: 1 FLAG_GT: 0
INPUT_PORT:  []
OUT_PORT:  []
DATA_MEM:  [929, 433]
---------------------------------------
DEBUG    root:machine.py:309 CMP 0
TICK: 45006 PC:   7 ADDR:   0 MEM_OUT: 929 ACC: 2 BUFF: 929 DC: 0 FLAG_ZERO: False FLAG_LT: 1 FLAG_GT: 0
INPUT_PORT:  []
OUT_PORT:  []
DATA_MEM:  [929, 433]
---------------------------------------
DEBUG    root:machine.py:309 JE 14
TICK: 45009 PC:   8 ADDR:   0 MEM_OUT: 929 ACC: 2 BUFF: 929 DC: 0 FLAG_ZERO: False FLAG_LT: 0 FLAG_GT: 1
INPUT_PORT:  []
OUT_PORT:  []
DATA_MEM:  [929, 433]
---------------------------------------
DEBUG    root:machine.py:309 LD 0
TICK: 45012 PC:   9 ADDR:   0 MEM_OUT: 929 ACC: 2 BUFF: 929 DC: 0 FLAG_ZERO: False FLAG_LT: 0 FLAG_GT: 1
INPUT_PORT:  []
OUT_PORT:  []
DATA_MEM:  [929, 433]
---------------------------------------
DEBUG    root:machine.py:309 MOD 5
TICK: 45016 PC:  10 ADDR:   0 MEM_OUT: 929 ACC: 929 BUFF: 929 DC: 0 FLAG_ZERO: False FLAG_LT: 0 FLAG_GT: 1
INPUT_PORT:  []
OUT_PORT:  []
DATA_MEM:  [929, 433]
---------------------------------------
DEBUG    root:machine.py:309 CMP 0
TICK: 45020 PC:  11 ADDR:   0 MEM_OUT: 929 ACC: 4 BUFF: 929 DC: 0 FLAG_ZERO: False FLAG_LT: 0 FLAG_GT: 1
INPUT_PORT:  []
OUT_PORT:  []
DATA_MEM:  [929, 433]
---------------------------------------
DEBUG    root:machine.py:309 JE 18
TICK: 45023 PC:  12 ADDR:   0 MEM_OUT: 929 ACC: 4 BUFF: 929 DC: 0 FLAG_ZERO: False FLAG_LT: 0 FLAG_GT: 1
INPUT_PORT:  []
OUT_PORT:  []
DATA_MEM:  [929, 433]
---------------------------------------
DEBUG    root:machine.py:309 JMP 0
TICK: 45026 PC:  13 ADDR:   0 MEM_OUT: 929 ACC: 4 BUFF: 929 DC: 0 FLAG_ZERO: False FLAG_LT: 0 FLAG_GT: 1
INPUT_PORT:  []
OUT_PORT:  []
DATA_MEM:  [929, 433]
---------------------------------------
DEBUG    root:machine.py:309 LD 0
TICK: 45029 PC:   0 ADDR:   0 MEM_OUT: 929 ACC: 4 BUFF: 929 DC: 0 FLAG_ZERO: False FLAG_LT: 0 FLAG_GT: 1
INPUT_PORT:  []
OUT_PORT:  []
DATA_MEM:  [929, 433]
---------------------------------------
DEBUG    root:machine.py:309 INC 
TICK: 45033 PC:   1 ADDR:   0 MEM_OUT: 929 ACC: 929 BUFF: 929 DC: 0 FLAG_ZERO: False FLAG_LT: 0 FLAG_GT: 1
INPUT_PORT:  []
OUT_PORT:  []
DATA_MEM:  [929, 433]
---------------------------------------
DEBUG    root:machine.py:309 ST 0
TICK: 45036 PC:   2 ADDR:   0 MEM_OUT: 929 ACC: 930 BUFF: 929 DC: 0 FLAG_ZERO: False FLAG_LT: 0 FLAG_GT: 1
INPUT_PORT:  []
OUT_PORT:  []
DATA_MEM:  [929, 433]
---------------------------------------
DEBUG    root:machine.py:309 CMP 1000
TICK: 45040 PC:   3 ADDR:   0 MEM_OUT: 930 ACC: 930 BUFF: 929 DC: 0 FLAG_ZERO: False FLAG_LT: 0 FLAG_GT: 1
INPUT_PORT:  []
OUT_PORT:  []
DATA_MEM:  [930, 433]
---------------------------------------
DEBUG    root:machine.py:309 JGE 22
TICK: 45043 PC:   4 ADDR:   0 MEM_OUT: 930 ACC: 930 BUFF: 929 DC: 0 FLAG_ZERO: False FLAG_LT: 1 FLAG_GT: 0
INPUT_PORT:  []
OUT_PORT:  []
DATA_MEM:  [930, 433]
---------------------------------------
DEBUG    root:machine.py:309 LD 0
TICK: 45046 PC:   5 ADDR:   0 MEM_OUT: 930 ACC: 930 BUFF: 929 DC: 0 FLAG_ZERO: False FLAG_LT: 1 FLAG_GT: 0
INPUT_PORT:  []
OUT_PORT:  []
DATA_MEM:  [930, 433]
---------------------------------------
DEBUG    root:machine.py:309 MOD 3
TICK: 45050 PC:   6 ADDR:   0 MEM_OUT: 930 ACC: 930 BUFF: 929 DC: 0 FLAG_ZERO: False FLAG_LT: 1 FLAG_GT: 0
INPUT_PORT:  []
OUT_PORT:  []
DATA_MEM:  [930, 433]
---------------------------------------
DEBUG    root:machine.py:309 CMP 0
TICK: 45054 PC:   7 ADDR:   0 MEM_OUT: 930 ACC: 0 BUFF: 930 DC: 0 FLAG_ZERO: False FLAG_LT: 1 FLAG_GT: 0
INPUT_PORT:  []
OUT_PORT:  []
DATA_MEM:  [930, 433]
---------------------------------------
DEBUG    root:machine.py:309 JE 14
TICK: 45057 PC:   8 ADDR:   0 MEM_OUT: 930 ACC: 0 BUFF: 930 DC: 0 FLAG_ZERO: True FLAG_LT: 0 FLAG_GT: 0
INPUT_PORT:  []
OUT_PORT:  []
DATA_MEM:  [930, 433]
---------------------------------------
DEBUG    root:machine.py:309 LD 4
TICK: 45060 PC:  14 ADDR:   0 MEM_OUT: 930 ACC: 0 BUFF: 930 DC: 0 FLAG_ZERO: True FLAG_LT: 0 FLAG_GT: 0
INPUT_PORT:  []
OUT_PORT:  []
DATA_MEM:  [930, 433]
---------------------------------------
DEBUG    root:machine.py:309 INC 
TICK: 45064 PC:  15 ADDR:   1 MEM_OUT: 433 ACC: 433 BUFF: 930 DC: 0 FLAG_ZERO: True FLAG_LT: 0 FLAG_GT: 0
INPUT_PORT:  []
OUT_PORT:  []
DATA_MEM:  [930, 433]
---------------------------------------
DEBUG    root:machine.py:309 ST 4
TICK: 45067 PC:  16 ADDR:   1 MEM_OUT: 433 ACC: 434 BUFF: 930 DC: 0 FLAG_ZERO: True FLAG_LT: 0 FLAG_GT: 0
INPUT_PORT:  []
OUT_PORT:  []
DATA_MEM:  [930, 433]
---------------------------------------
DEBUG    root:machine.py:309 JMP 0
TICK: 45071 PC:  17 ADDR:   1 MEM_OUT: 434 ACC: 434 BUFF: 930 DC: 0 FLAG_ZERO: True FLAG_LT: 0 FLAG_GT: 0
INPUT_PORT:  []
OUT_PORT:  []
DATA_MEM:  [930, 434]
---------------------------------------
DEBUG    root:machine.py:309 LD 0
TICK: 45074 PC:   0 ADDR:   1 MEM_OUT: 434 ACC: 434 BUFF: 930 DC: 0 FLAG_ZERO: True FLAG_LT: 0 FLAG_GT: 0
INPUT_PORT:  []
OUT_PORT:  []
DATA_MEM:  [930, 434]
---------------------------------------
DEBUG    root:machine.py:309 INC 
TICK: 45078 PC:   1 ADDR:   0 MEM_OUT: 930 ACC: 930 BUFF: 930 DC: 0 FLAG_ZERO: True FLAG_LT: 0 FLAG_GT: 0
INPUT_PORT:  []
OUT_PORT:  []
DATA_MEM:  [930, 434]
---------------------------------------
DEBUG    root:machine.py:309 ST 0
TICK: 45081 PC:   2 ADDR:   0 MEM_OUT: 930 ACC: 931 BUFF: 930 DC: 0 FLAG_ZERO: True FLAG_LT: 0 FLAG_GT: 0
INPUT_PORT:  []
OUT_PORT:  []
DATA_MEM:  [930, 434]
---------------------------------------
DEBUG    root:machine.py:309 CMP 1000
TICK: 45085 PC:   3 ADDR:   0 MEM_OUT: 931 ACC: 931 BUFF: 930 DC: 0 FLAG_ZERO: True FLAG_LT: 0 FLAG_GT: 0
INPUT_PORT:  []
OUT_PORT:  []
DATA_MEM:  [931, 434]
---------------------------------------
DEBUG    root:machine.py:309 JGE 22
TICK: 45088 PC:   4 ADDR:   0 MEM_OUT: 931 ACC: 931 BUFF: 930 DC: 0 FLAG_ZERO: False FLAG_LT: 1 FLAG_GT: 0
INPUT_PORT:  []
OUT_PORT:  []
DATA_MEM:  [931, 434]
---------------------------------------
DEBUG    root:machine.py:309 LD 0
TICK: 45091 PC:   5 ADDR:   0 MEM_OUT: 931 ACC: 931 BUFF: 930 DC: 0 FLAG_ZERO: False FLAG_LT: 1 FLAG_GT: 0
INPUT_PORT:  []
OUT_PORT:  []
DATA_MEM:  [931, 434]
---------------------------------------
DEBUG    root:machine.py:309 MOD 3
TICK: 45095 PC:   6 ADDR:   0 MEM_OUT: 931 ACC: 931 BUFF: 930 DC: 0 FLAG_ZERO: False FLAG_LT: 1 FLAG_GT: 0
INPUT_PORT:  []
OUT_PORT:  []
DATA_MEM:  [931, 434]
---------------------------------------
DEBUG    root:machine.py:309 CMP 0
TICK: 45099 PC:   7 ADDR:   0 MEM_OUT: 931 ACC: 1 BUFF: 931 DC: 0 FLAG_ZERO: False FLAG_LT: 1 FLAG_GT: 0
INPUT_PORT:  []
OUT_PORT:  []
DATA_MEM:  [931, 434]
---------------------------------------
DEBUG    root:machine.py:309 JE 14
TICK: 45102 PC:   8 ADDR:   0 MEM_OUT: 931 ACC: 1 BUFF: 931 DC: 0 FLAG_ZERO: False FLAG_LT: 0 FLAG_GT: 1
INPUT_PORT:  []
OUT_PORT:  []
DATA_MEM:  [931, 434]
---------------------------------------
DEBUG    root:machine.py:309 LD 0
TICK: 45105 PC:   9 ADDR:   0 MEM_OUT: 931 ACC: 1 BUFF: 931 DC: 0 FLAG_ZERO: False FLAG_LT: 0 FLAG_GT: 1
INPUT_PORT:  []
OUT_PORT:  []
DATA_MEM:  [931, 434]
---------------------------------------
DEBUG    root:machine.py:309 MOD 5
TICK: 45109 PC:  10 ADDR:   0 MEM_OUT: 931 ACC: 931 BUFF: 931 DC: 0 FLAG_ZERO: False FLAG_LT: 0 FLAG_GT: 1
INPUT_PORT:  []
OUT_PORT:  []
DATA_MEM:  [931, 434]
---------------------------------------
DEBUG    root:machine.py:309 CMP 0
TICK: 45113 PC:  11 ADDR:   0 MEM_OUT: 931 ACC: 1 BUFF: 931 DC: 0 FLAG_ZERO: False FLAG_LT: 0 FLAG_GT: 1
INPUT_PORT:  []
OUT_PORT:  []
DATA_MEM:  [931, 434]
---------------------------------------
DEBUG    root:machine.py:309 JE 18
TICK: 45116 PC:  12 ADDR:   0 MEM_OUT: 931 ACC: 1 BUFF: 931 DC: 0 FLAG_ZERO: False FLAG_LT: 0 FLAG_GT: 1
INPUT_PORT:  []
OUT_PORT:  []
DATA_MEM:  [931, 434]
---------------------------------------
DEBUG    root:machine.py:309 JMP 0
TICK: 45119 PC:  13 ADDR:   0 MEM_OUT: 931 ACC: 1 BUFF: 931 DC: 0 FLAG_ZERO: False FLAG_LT: 0 FLAG_GT: 1
INPUT_PORT:  []
OUT_PORT:  []
DATA_MEM:  [931, 434]
---------------------------------------
DEBUG    root:machine.py:309 LD 0
TICK: 45122 PC:   0 ADDR:   0 MEM_OUT: 931 ACC: 1 BUFF: 931 DC: 0 FLAG_ZERO: False FLAG_LT: 0 FLAG_GT: 1
INPUT_PORT:  []
OUT_PORT:  []
DATA_MEM:  [931, 434]
---------------------------------------
DEBUG    root:machine.py:309 INC 
TICK: 45126 PC:   1 ADDR:   0 MEM_OUT: 931 ACC: 931 BUFF: 931 DC: 0 FLAG_ZERO: False FLAG_LT: 0 FLAG_GT: 1
INPUT_PORT:  []
OUT_PORT:  []
DATA_MEM:  [931, 434]
---------------------------------------
DEBUG    root:machine.py:309 ST 0
TICK: 45129 PC:   2 ADDR:   0 MEM_OUT: 931 ACC: 932 BUFF: 931 DC: 0 FLAG_ZERO: False FLAG_LT: 0 FLAG_GT: 1
INPUT_PORT:  []
OUT_PORT:  []
DATA_MEM:  [931, 434]
---------------------------------------
DEBUG    root:machine.py:309 CMP 1000
TICK: 45133 PC:   3 ADDR:   0 MEM_OUT: 932 ACC: 932 BUFF: 931 DC: 0 FLAG_ZERO: False FLAG_LT: 0 FLAG_GT: 1
INPUT_PORT:  []
OUT_PORT:  []
DATA_MEM:  [932, 434]
---------------------------------------
DEBUG    root:machine.py:309 JGE 22
TICK: 45136 PC:   4 ADDR:   0 MEM_OUT: 932 ACC: 932 BUFF: 931 DC: 0 FLAG_ZERO: False FLAG_LT: 1 FLAG_GT: 0
INPUT_PORT:  []
OUT_PORT:  []
DATA_MEM:  [932, 434]
---------------------------------------
DEBUG    root:machine.py:309 LD 0
TICK: 45139 PC:   5 ADDR:   0 MEM_OUT: 932 ACC: 932 BUFF: 931 DC: 0 FLAG_ZERO: False FLAG_LT: 1 FLAG_GT: 0
INPUT_PORT:  []
OUT_PORT:  []
DATA_MEM:  [932, 434]
---------------------------------------
DEBUG    root:machine.py:309 MOD 3
TICK: 45143 PC:   6 ADDR:   0 MEM_OUT: 932 ACC: 932 BUFF: 931 DC: 0 FLAG_ZERO: False FLAG_LT: 1 FLAG_GT: 0
INPUT_PORT:  []
OUT_PORT:  []
DATA_MEM:  [932, 434]
---------------------------------------
DEBUG    root:machine.py:309 CMP 0
TICK: 45147 PC:   7 ADDR:   0 MEM_OUT: 932 ACC: 2 BUFF: 932 DC: 0 FLAG_ZERO: False FLAG_LT: 1 FLAG_GT: 0
INPUT_PORT:  []
OUT_PORT:  []
DATA_MEM:  [932, 434]
---------------------------------------
DEBUG    root:machine.py:309 JE 14
TICK: 45150 PC:   8 ADDR:   0 MEM_OUT: 932 ACC: 2 BUFF: 932 DC: 0 FLAG_ZERO: False FLAG_LT: 0 FLAG_GT: 1
INPUT_PORT:  []
OUT_PORT:  []
DATA_MEM:  [932, 434]
---------------------------------------
DEBUG    root:machine.py:309 LD 0
TICK: 45153 PC:   9 ADDR:   0 MEM_OUT: 932 ACC: 2 BUFF: 932 DC: 0 FLAG_ZERO: False FLAG_LT: 0 FLAG_GT: 1
INPUT_PORT:  []
OUT_PORT:  []
DATA_MEM:  [932, 434]
---------------------------------------
DEBUG    root:machine.py:309 MOD 5
TICK: 45157 PC:  10 ADDR:   0 MEM_OUT: 932 ACC: 932 BUFF: 932 DC: 0 FLAG_ZERO: False FLAG_LT: 0 FLAG_GT: 1
INPUT_PORT:  []
OUT_PORT:  []
DATA_MEM:  [932, 434]
---------------------------------------
DEBUG    root:machine.py:309 CMP 0
TICK: 45161 PC:  11 ADDR:   0 MEM_OUT: 932 ACC: 2 BUFF: 932 DC: 0 FLAG_ZERO: False FLAG_LT: 0 FLAG_GT: 1
INPUT_PORT:  []
OUT_PORT:  []
DATA_MEM:  [932, 434]
---------------------------------------
DEBUG    root:machine.py:309 JE 18
TICK: 45164 PC:  12 ADDR:   0 MEM_OUT: 932 ACC: 2 BUFF: 932 DC: 0 FLAG_ZERO: False FLAG_LT: 0 FLAG_GT: 1
INPUT_PORT:  []
OUT_PORT:  []
DATA_MEM:  [932, 434]
---------------------------------------
DEBUG    root:machine.py:309 JMP 0
TICK: 45167 PC:  13 ADDR:   0 MEM_OUT: 932 ACC: 2 BUFF: 932 DC: 0 FLAG_ZERO: False FLAG_LT: 0 FLAG_GT: 1
INPUT_PORT:  []
OUT_PORT:  []
DATA_MEM:  [932, 434]
---------------------------------------
DEBUG    root:machine.py:309 LD 0
TICK: 45170 PC:   0 ADDR:   0 MEM_OUT: 932 ACC: 2 BUFF: 932 DC: 0 FLAG_ZERO: False FLAG_LT: 0 FLAG_GT: 1
INPUT_PORT:  []
OUT_PORT:  []
DATA_MEM:  [932, 434]
---------------------------------------
DEBUG    root:machine.py:309 INC 
TICK: 45174 PC:   1 ADDR:   0 MEM_OUT: 932 ACC: 932 BUFF: 932 DC: 0 FLAG_ZERO: False FLAG_LT: 0 FLAG_GT: 1
INPUT_PORT:  []
OUT_PORT:  []
DATA_MEM:  [932, 434]
---------------------------------------
DEBUG    root:machine.py:309 ST 0
TICK: 45177 PC:   2 ADDR:   0 MEM_OUT: 932 ACC: 933 BUFF: 932 DC: 0 FLAG_ZERO: False FLAG_LT: 0 FLAG_GT: 1
INPUT_PORT:  []
OUT_PORT:  []
DATA_MEM:  [932, 434]
---------------------------------------
DEBUG    root:machine.py:309 CMP 1000
TICK: 45181 PC:   3 ADDR:   0 MEM_OUT: 933 ACC: 933 BUFF: 932 DC: 0 FLAG_ZERO: False FLAG_LT: 0 FLAG_GT: 1
INPUT_PORT:  []
OUT_PORT:  []
DATA_MEM:  [933, 434]
---------------------------------------
DEBUG    root:machine.py:309 JGE 22
TICK: 45184 PC:   4 ADDR:   0 MEM_OUT: 933 ACC: 933 BUFF: 932 DC: 0 FLAG_ZERO: False FLAG_LT: 1 FLAG_GT: 0
INPUT_PORT:  []
OUT_PORT:  []
DATA_MEM:  [933, 434]
---------------------------------------
DEBUG    root:machine.py:309 LD 0
TICK: 45187 PC:   5 ADDR:   0 MEM_OUT: 933 ACC: 933 BUFF: 932 DC: 0 FLAG_ZERO: False FLAG_LT: 1 FLAG_GT: 0
INPUT_PORT:  []
OUT_PORT:  []
DATA_MEM:  [933, 434]
---------------------------------------
DEBUG    root:machine.py:309 MOD 3
TICK: 45191 PC:   6 ADDR:   0 MEM_OUT: 933 ACC: 933 BUFF: 932 DC: 0 FLAG_ZERO: False FLAG_LT: 1 FLAG_GT: 0
INPUT_PORT:  []
OUT_PORT:  []
DATA_MEM:  [933, 434]
---------------------------------------
DEBUG    root:machine.py:309 CMP 0
TICK: 45195 PC:   7 ADDR:   0 MEM_OUT: 933 ACC: 0 BUFF: 933 DC: 0 FLAG_ZERO: False FLAG_LT: 1 FLAG_GT: 0
INPUT_PORT:  []
OUT_PORT:  []
DATA_MEM:  [933, 434]
---------------------------------------
DEBUG    root:machine.py:309 JE 14
TICK: 45198 PC:   8 ADDR:   0 MEM_OUT: 933 ACC: 0 BUFF: 933 DC: 0 FLAG_ZERO: True FLAG_LT: 0 FLAG_GT: 0
INPUT_PORT:  []
OUT_PORT:  []
DATA_MEM:  [933, 434]
---------------------------------------
DEBUG    root:machine.py:309 LD 4
TICK: 45201 PC:  14 ADDR:   0 MEM_OUT: 933 ACC: 0 BUFF: 933 DC: 0 FLAG_ZERO: True FLAG_LT: 0 FLAG_GT: 0
INPUT_PORT:  []
OUT_PORT:  []
DATA_MEM:  [933, 434]
---------------------------------------
DEBUG    root:machine.py:309 INC 
TICK: 45205 PC:  15 ADDR:   1 MEM_OUT: 434 ACC: 434 BUFF: 933 DC: 0 FLAG_ZERO: True FLAG_LT: 0 FLAG_GT: 0
INPUT_PORT:  []
OUT_PORT:  []
DATA_MEM:  [933, 434]
---------------------------------------
DEBUG    root:machine.py:309 ST 4
TICK: 45208 PC:  16 ADDR:   1 MEM_OUT: 434 ACC: 435 BUFF: 933 DC: 0 FLAG_ZERO: True FLAG_LT: 0 FLAG_GT: 0
INPUT_PORT:  []
OUT_PORT:  []
DATA_MEM:  [933, 434]
---------------------------------------
DEBUG    root:machine.py:309 JMP 0
TICK: 45212 PC:  17 ADDR:   1 MEM_OUT: 435 ACC: 435 BUFF: 933 DC: 0 FLAG_ZERO: True FLAG_LT: 0 FLAG_GT: 0
INPUT_PORT:  []
OUT_PORT:  []
DATA_MEM:  [933, 435]
---------------------------------------
DEBUG    root:machine.py:309 LD 0
TICK: 45215 PC:   0 ADDR:   1 MEM_OUT: 435 ACC: 435 BUFF: 933 DC: 0 FLAG_ZERO: True FLAG_LT: 0 FLAG_GT: 0
INPUT_PORT:  []
OUT_PORT:  []
DATA_MEM:  [933, 435]
---------------------------------------
DEBUG    root:machine.py:309 INC 
TICK: 45219 PC:   1 ADDR:   0 MEM_OUT: 933 ACC: 933 BUFF: 933 DC: 0 FLAG_ZERO: True FLAG_LT: 0 FLAG_GT: 0
INPUT_PORT:  []
OUT_PORT:  []
DATA_MEM:  [933, 435]
---------------------------------------
DEBUG    root:machine.py:309 ST 0
TICK: 45222 PC:   2 ADDR:   0 MEM_OUT: 933 ACC: 934 BUFF: 933 DC: 0 FLAG_ZERO: True FLAG_LT: 0 FLAG_GT: 0
INPUT_PORT:  []
OUT_PORT:  []
DATA_MEM:  [933, 435]
---------------------------------------
DEBUG    root:machine.py:309 CMP 1000
TICK: 45226 PC:   3 ADDR:   0 MEM_OUT: 934 ACC: 934 BUFF: 933 DC: 0 FLAG_ZERO: True FLAG_LT: 0 FLAG_GT: 0
INPUT_PORT:  []
OUT_PORT:  []
DATA_MEM:  [934, 435]
---------------------------------------
DEBUG    root:machine.py:309 JGE 22
TICK: 45229 PC:   4 ADDR:   0 MEM_OUT: 934 ACC: 934 BUFF: 933 DC: 0 FLAG_ZERO: False FLAG_LT: 1 FLAG_GT: 0
INPUT_PORT:  []
OUT_PORT:  []
DATA_MEM:  [934, 435]
---------------------------------------
DEBUG    root:machine.py:309 LD 0
TICK: 45232 PC:   5 ADDR:   0 MEM_OUT: 934 ACC: 934 BUFF: 933 DC: 0 FLAG_ZERO: False FLAG_LT: 1 FLAG_GT: 0
INPUT_PORT:  []
OUT_PORT:  []
DATA_MEM:  [934, 435]
---------------------------------------
DEBUG    root:machine.py:309 MOD 3
TICK: 45236 PC:   6 ADDR:   0 MEM_OUT: 934 ACC: 934 BUFF: 933 DC: 0 FLAG_ZERO: False FLAG_LT: 1 FLAG_GT: 0
INPUT_PORT:  []
OUT_PORT:  []
DATA_MEM:  [934, 435]
---------------------------------------
DEBUG    root:machine.py:309 CMP 0
TICK: 45240 PC:   7 ADDR:   0 MEM_OUT: 934 ACC: 1 BUFF: 934 DC: 0 FLAG_ZERO: False FLAG_LT: 1 FLAG_GT: 0
INPUT_PORT:  []
OUT_PORT:  []
DATA_MEM:  [934, 435]
---------------------------------------
DEBUG    root:machine.py:309 JE 14
TICK: 45243 PC:   8 ADDR:   0 MEM_OUT: 934 ACC: 1 BUFF: 934 DC: 0 FLAG_ZERO: False FLAG_LT: 0 FLAG_GT: 1
INPUT_PORT:  []
OUT_PORT:  []
DATA_MEM:  [934, 435]
---------------------------------------
DEBUG    root:machine.py:309 LD 0
TICK: 45246 PC:   9 ADDR:   0 MEM_OUT: 934 ACC: 1 BUFF: 934 DC: 0 FLAG_ZERO: False FLAG_LT: 0 FLAG_GT: 1
INPUT_PORT:  []
OUT_PORT:  []
DATA_MEM:  [934, 435]
---------------------------------------
DEBUG    root:machine.py:309 MOD 5
TICK: 45250 PC:  10 ADDR:   0 MEM_OUT: 934 ACC: 934 BUFF: 934 DC: 0 FLAG_ZERO: False FLAG_LT: 0 FLAG_GT: 1
INPUT_PORT:  []
OUT_PORT:  []
DATA_MEM:  [934, 435]
---------------------------------------
DEBUG    root:machine.py:309 CMP 0
TICK: 45254 PC:  11 ADDR:   0 MEM_OUT: 934 ACC: 4 BUFF: 934 DC: 0 FLAG_ZERO: False FLAG_LT: 0 FLAG_GT: 1
INPUT_PORT:  []
OUT_PORT:  []
DATA_MEM:  [934, 435]
---------------------------------------
DEBUG    root:machine.py:309 JE 18
TICK: 45257 PC:  12 ADDR:   0 MEM_OUT: 934 ACC: 4 BUFF: 934 DC: 0 FLAG_ZERO: False FLAG_LT: 0 FLAG_GT: 1
INPUT_PORT:  []
OUT_PORT:  []
DATA_MEM:  [934, 435]
---------------------------------------
DEBUG    root:machine.py:309 JMP 0
TICK: 45260 PC:  13 ADDR:   0 MEM_OUT: 934 ACC: 4 BUFF: 934 DC: 0 FLAG_ZERO: False FLAG_LT: 0 FLAG_GT: 1
INPUT_PORT:  []
OUT_PORT:  []
DATA_MEM:  [934, 435]
---------------------------------------
DEBUG    root:machine.py:309 LD 0
TICK: 45263 PC:   0 ADDR:   0 MEM_OUT: 934 ACC: 4 BUFF: 934 DC: 0 FLAG_ZERO: False FLAG_LT: 0 FLAG_GT: 1
INPUT_PORT:  []
OUT_PORT:  []
DATA_MEM:  [934, 435]
---------------------------------------
DEBUG    root:machine.py:309 INC 
TICK: 45267 PC:   1 ADDR:   0 MEM_OUT: 934 ACC: 934 BUFF: 934 DC: 0 FLAG_ZERO: False FLAG_LT: 0 FLAG_GT: 1
INPUT_PORT:  []
OUT_PORT:  []
DATA_MEM:  [934, 435]
---------------------------------------
DEBUG    root:machine.py:309 ST 0
TICK: 45270 PC:   2 ADDR:   0 MEM_OUT: 934 ACC: 935 BUFF: 934 DC: 0 FLAG_ZERO: False FLAG_LT: 0 FLAG_GT: 1
INPUT_PORT:  []
OUT_PORT:  []
DATA_MEM:  [934, 435]
---------------------------------------
DEBUG    root:machine.py:309 CMP 1000
TICK: 45274 PC:   3 ADDR:   0 MEM_OUT: 935 ACC: 935 BUFF: 934 DC: 0 FLAG_ZERO: False FLAG_LT: 0 FLAG_GT: 1
INPUT_PORT:  []
OUT_PORT:  []
DATA_MEM:  [935, 435]
---------------------------------------
DEBUG    root:machine.py:309 JGE 22
TICK: 45277 PC:   4 ADDR:   0 MEM_OUT: 935 ACC: 935 BUFF: 934 DC: 0 FLAG_ZERO: False FLAG_LT: 1 FLAG_GT: 0
INPUT_PORT:  []
OUT_PORT:  []
DATA_MEM:  [935, 435]
---------------------------------------
DEBUG    root:machine.py:309 LD 0
TICK: 45280 PC:   5 ADDR:   0 MEM_OUT: 935 ACC: 935 BUFF: 934 DC: 0 FLAG_ZERO: False FLAG_LT: 1 FLAG_GT: 0
INPUT_PORT:  []
OUT_PORT:  []
DATA_MEM:  [935, 435]
---------------------------------------
DEBUG    root:machine.py:309 MOD 3
TICK: 45284 PC:   6 ADDR:   0 MEM_OUT: 935 ACC: 935 BUFF: 934 DC: 0 FLAG_ZERO: False FLAG_LT: 1 FLAG_GT: 0
INPUT_PORT:  []
OUT_PORT:  []
DATA_MEM:  [935, 435]
---------------------------------------
DEBUG    root:machine.py:309 CMP 0
TICK: 45288 PC:   7 ADDR:   0 MEM_OUT: 935 ACC: 2 BUFF: 935 DC: 0 FLAG_ZERO: False FLAG_LT: 1 FLAG_GT: 0
INPUT_PORT:  []
OUT_PORT:  []
DATA_MEM:  [935, 435]
---------------------------------------
DEBUG    root:machine.py:309 JE 14
TICK: 45291 PC:   8 ADDR:   0 MEM_OUT: 935 ACC: 2 BUFF: 935 DC: 0 FLAG_ZERO: False FLAG_LT: 0 FLAG_GT: 1
INPUT_PORT:  []
OUT_PORT:  []
DATA_MEM:  [935, 435]
---------------------------------------
DEBUG    root:machine.py:309 LD 0
TICK: 45294 PC:   9 ADDR:   0 MEM_OUT: 935 ACC: 2 BUFF: 935 DC: 0 FLAG_ZERO: False FLAG_LT: 0 FLAG_GT: 1
INPUT_PORT:  []
OUT_PORT:  []
DATA_MEM:  [935, 435]
---------------------------------------
DEBUG    root:machine.py:309 MOD 5
TICK: 45298 PC:  10 ADDR:   0 MEM_OUT: 935 ACC: 935 BUFF: 935 DC: 0 FLAG_ZERO: False FLAG_LT: 0 FLAG_GT: 1
INPUT_PORT:  []
OUT_PORT:  []
DATA_MEM:  [935, 435]
---------------------------------------
DEBUG    root:machine.py:309 CMP 0
TICK: 45302 PC:  11 ADDR:   0 MEM_OUT: 935 ACC: 0 BUFF: 935 DC: 0 FLAG_ZERO: False FLAG_LT: 0 FLAG_GT: 1
INPUT_PORT:  []
OUT_PORT:  []
DATA_MEM:  [935, 435]
---------------------------------------
DEBUG    root:machine.py:309 JE 18
TICK: 45305 PC:  12 ADDR:   0 MEM_OUT: 935 ACC: 0 BUFF: 935 DC: 0 FLAG_ZERO: True FLAG_LT: 0 FLAG_GT: 0
INPUT_PORT:  []
OUT_PORT:  []
DATA_MEM:  [935, 435]
---------------------------------------
DEBUG    root:machine.py:309 LD 4
TICK: 45308 PC:  18 ADDR:   0 MEM_OUT: 935 ACC: 0 BUFF: 935 DC: 0 FLAG_ZERO: True FLAG_LT: 0 FLAG_GT: 0
INPUT_PORT:  []
OUT_PORT:  []
DATA_MEM:  [935, 435]
---------------------------------------
DEBUG    root:machine.py:309 INC 
TICK: 45312 PC:  19 ADDR:   1 MEM_OUT: 435 ACC: 435 BUFF: 935 DC: 0 FLAG_ZERO: True FLAG_LT: 0 FLAG_GT: 0
INPUT_PORT:  []
OUT_PORT:  []
DATA_MEM:  [935, 435]
---------------------------------------
DEBUG    root:machine.py:309 ST 4
TICK: 45315 PC:  20 ADDR:   1 MEM_OUT: 435 ACC: 436 BUFF: 935 DC: 0 FLAG_ZERO: True FLAG_LT: 0 FLAG_GT: 0
INPUT_PORT:  []
OUT_PORT:  []
DATA_MEM:  [935, 435]
---------------------------------------
DEBUG    root:machine.py:309 JMP 0
TICK: 45319 PC:  21 ADDR:   1 MEM_OUT: 436 ACC: 436 BUFF: 935 DC: 0 FLAG_ZERO: True FLAG_LT: 0 FLAG_GT: 0
INPUT_PORT:  []
OUT_PORT:  []
DATA_MEM:  [935, 436]
---------------------------------------
DEBUG    root:machine.py:309 LD 0
TICK: 45322 PC:   0 ADDR:   1 MEM_OUT: 436 ACC: 436 BUFF: 935 DC: 0 FLAG_ZERO: True FLAG_LT: 0 FLAG_GT: 0
INPUT_PORT:  []
OUT_PORT:  []
DATA_MEM:  [935, 436]
---------------------------------------
DEBUG    root:machine.py:309 INC 
TICK: 45326 PC:   1 ADDR:   0 MEM_OUT: 935 ACC: 935 BUFF: 935 DC: 0 FLAG_ZERO: True FLAG_LT: 0 FLAG_GT: 0
INPUT_PORT:  []
OUT_PORT:  []
DATA_MEM:  [935, 436]
---------------------------------------
DEBUG    root:machine.py:309 ST 0
TICK: 45329 PC:   2 ADDR:   0 MEM_OUT: 935 ACC: 936 BUFF: 935 DC: 0 FLAG_ZERO: True FLAG_LT: 0 FLAG_GT: 0
INPUT_PORT:  []
OUT_PORT:  []
DATA_MEM:  [935, 436]
---------------------------------------
DEBUG    root:machine.py:309 CMP 1000
TICK: 45333 PC:   3 ADDR:   0 MEM_OUT: 936 ACC: 936 BUFF: 935 DC: 0 FLAG_ZERO: True FLAG_LT: 0 FLAG_GT: 0
INPUT_PORT:  []
OUT_PORT:  []
DATA_MEM:  [936, 436]
---------------------------------------
DEBUG    root:machine.py:309 JGE 22
TICK: 45336 PC:   4 ADDR:   0 MEM_OUT: 936 ACC: 936 BUFF: 935 DC: 0 FLAG_ZERO: False FLAG_LT: 1 FLAG_GT: 0
INPUT_PORT:  []
OUT_PORT:  []
DATA_MEM:  [936, 436]
---------------------------------------
DEBUG    root:machine.py:309 LD 0
TICK: 45339 PC:   5 ADDR:   0 MEM_OUT: 936 ACC: 936 BUFF: 935 DC: 0 FLAG_ZERO: False FLAG_LT: 1 FLAG_GT: 0
INPUT_PORT:  []
OUT_PORT:  []
DATA_MEM:  [936, 436]
---------------------------------------
DEBUG    root:machine.py:309 MOD 3
TICK: 45343 PC:   6 ADDR:   0 MEM_OUT: 936 ACC: 936 BUFF: 935 DC: 0 FLAG_ZERO: False FLAG_LT: 1 FLAG_GT: 0
INPUT_PORT:  []
OUT_PORT:  []
DATA_MEM:  [936, 436]
---------------------------------------
DEBUG    root:machine.py:309 CMP 0
TICK: 45347 PC:   7 ADDR:   0 MEM_OUT: 936 ACC: 0 BUFF: 936 DC: 0 FLAG_ZERO: False FLAG_LT: 1 FLAG_GT: 0
INPUT_PORT:  []
OUT_PORT:  []
DATA_MEM:  [936, 436]
---------------------------------------
DEBUG    root:machine.py:309 JE 14
TICK: 45350 PC:   8 ADDR:   0 MEM_OUT: 936 ACC: 0 BUFF: 936 DC: 0 FLAG_ZERO: True FLAG_LT: 0 FLAG_GT: 0
INPUT_PORT:  []
OUT_PORT:  []
DATA_MEM:  [936, 436]
---------------------------------------
DEBUG    root:machine.py:309 LD 4
TICK: 45353 PC:  14 ADDR:   0 MEM_OUT: 936 ACC: 0 BUFF: 936 DC: 0 FLAG_ZERO: True FLAG_LT: 0 FLAG_GT: 0
INPUT_PORT:  []
OUT_PORT:  []
DATA_MEM:  [936, 436]
---------------------------------------
DEBUG    root:machine.py:309 INC 
TICK: 45357 PC:  15 ADDR:   1 MEM_OUT: 436 ACC: 436 BUFF: 936 DC: 0 FLAG_ZERO: True FLAG_LT: 0 FLAG_GT: 0
INPUT_PORT:  []
OUT_PORT:  []
DATA_MEM:  [936, 436]
---------------------------------------
DEBUG    root:machine.py:309 ST 4
TICK: 45360 PC:  16 ADDR:   1 MEM_OUT: 436 ACC: 437 BUFF: 936 DC: 0 FLAG_ZERO: True FLAG_LT: 0 FLAG_GT: 0
INPUT_PORT:  []
OUT_PORT:  []
DATA_MEM:  [936, 436]
---------------------------------------
DEBUG    root:machine.py:309 JMP 0
TICK: 45364 PC:  17 ADDR:   1 MEM_OUT: 437 ACC: 437 BUFF: 936 DC: 0 FLAG_ZERO: True FLAG_LT: 0 FLAG_GT: 0
INPUT_PORT:  []
OUT_PORT:  []
DATA_MEM:  [936, 437]
---------------------------------------
DEBUG    root:machine.py:309 LD 0
TICK: 45367 PC:   0 ADDR:   1 MEM_OUT: 437 ACC: 437 BUFF: 936 DC: 0 FLAG_ZERO: True FLAG_LT: 0 FLAG_GT: 0
INPUT_PORT:  []
OUT_PORT:  []
DATA_MEM:  [936, 437]
---------------------------------------
DEBUG    root:machine.py:309 INC 
TICK: 45371 PC:   1 ADDR:   0 MEM_OUT: 936 ACC: 936 BUFF: 936 DC: 0 FLAG_ZERO: True FLAG_LT: 0 FLAG_GT: 0
INPUT_PORT:  []
OUT_PORT:  []
DATA_MEM:  [936, 437]
---------------------------------------
DEBUG    root:machine.py:309 ST 0
TICK: 45374 PC:   2 ADDR:   0 MEM_OUT: 936 ACC: 937 BUFF: 936 DC: 0 FLAG_ZERO: True FLAG_LT: 0 FLAG_GT: 0
INPUT_PORT:  []
OUT_PORT:  []
DATA_MEM:  [936, 437]
---------------------------------------
DEBUG    root:machine.py:309 CMP 1000
TICK: 45378 PC:   3 ADDR:   0 MEM_OUT: 937 ACC: 937 BUFF: 936 DC: 0 FLAG_ZERO: True FLAG_LT: 0 FLAG_GT: 0
INPUT_PORT:  []
OUT_PORT:  []
DATA_MEM:  [937, 437]
---------------------------------------
DEBUG    root:machine.py:309 JGE 22
TICK: 45381 PC:   4 ADDR:   0 MEM_OUT: 937 ACC: 937 BUFF: 936 DC: 0 FLAG_ZERO: False FLAG_LT: 1 FLAG_GT: 0
INPUT_PORT:  []
OUT_PORT:  []
DATA_MEM:  [937, 437]
---------------------------------------
DEBUG    root:machine.py:309 LD 0
TICK: 45384 PC:   5 ADDR:   0 MEM_OUT: 937 ACC: 937 BUFF: 936 DC: 0 FLAG_ZERO: False FLAG_LT: 1 FLAG_GT: 0
INPUT_PORT:  []
OUT_PORT:  []
DATA_MEM:  [937, 437]
---------------------------------------
DEBUG    root:machine.py:309 MOD 3
TICK: 45388 PC:   6 ADDR:   0 MEM_OUT: 937 ACC: 937 BUFF: 936 DC: 0 FLAG_ZERO: False FLAG_LT: 1 FLAG_GT: 0
INPUT_PORT:  []
OUT_PORT:  []
DATA_MEM:  [937, 437]
---------------------------------------
DEBUG    root:machine.py:309 CMP 0
TICK: 45392 PC:   7 ADDR:   0 MEM_OUT: 937 ACC: 1 BUFF: 937 DC: 0 FLAG_ZERO: False FLAG_LT: 1 FLAG_GT: 0
INPUT_PORT:  []
OUT_PORT:  []
DATA_MEM:  [937, 437]
---------------------------------------
DEBUG    root:machine.py:309 JE 14
TICK: 45395 PC:   8 ADDR:   0 MEM_OUT: 937 ACC: 1 BUFF: 937 DC: 0 FLAG_ZERO: False FLAG_LT: 0 FLAG_GT: 1
INPUT_PORT:  []
OUT_PORT:  []
DATA_MEM:  [937, 437]
---------------------------------------
DEBUG    root:machine.py:309 LD 0
TICK: 45398 PC:   9 ADDR:   0 MEM_OUT: 937 ACC: 1 BUFF: 937 DC: 0 FLAG_ZERO: False FLAG_LT: 0 FLAG_GT: 1
INPUT_PORT:  []
OUT_PORT:  []
DATA_MEM:  [937, 437]
---------------------------------------
DEBUG    root:machine.py:309 MOD 5
TICK: 45402 PC:  10 ADDR:   0 MEM_OUT: 937 ACC: 937 BUFF: 937 DC: 0 FLAG_ZERO: False FLAG_LT: 0 FLAG_GT: 1
INPUT_PORT:  []
OUT_PORT:  []
DATA_MEM:  [937, 437]
---------------------------------------
DEBUG    root:machine.py:309 CMP 0
TICK: 45406 PC:  11 ADDR:   0 MEM_OUT: 937 ACC: 2 BUFF: 937 DC: 0 FLAG_ZERO: False FLAG_LT: 0 FLAG_GT: 1
INPUT_PORT:  []
OUT_PORT:  []
DATA_MEM:  [937, 437]
---------------------------------------
DEBUG    root:machine.py:309 JE 18
TICK: 45409 PC:  12 ADDR:   0 MEM_OUT: 937 ACC: 2 BUFF: 937 DC: 0 FLAG_ZERO: False FLAG_LT: 0 FLAG_GT: 1
INPUT_PORT:  []
OUT_PORT:  []
DATA_MEM:  [937, 437]
---------------------------------------
DEBUG    root:machine.py:309 JMP 0
TICK: 45412 PC:  13 ADDR:   0 MEM_OUT: 937 ACC: 2 BUFF: 937 DC: 0 FLAG_ZERO: False FLAG_LT: 0 FLAG_GT: 1
INPUT_PORT:  []
OUT_PORT:  []
DATA_MEM:  [937, 437]
---------------------------------------
DEBUG    root:machine.py:309 LD 0
TICK: 45415 PC:   0 ADDR:   0 MEM_OUT: 937 ACC: 2 BUFF: 937 DC: 0 FLAG_ZERO: False FLAG_LT: 0 FLAG_GT: 1
INPUT_PORT:  []
OUT_PORT:  []
DATA_MEM:  [937, 437]
---------------------------------------
DEBUG    root:machine.py:309 INC 
TICK: 45419 PC:   1 ADDR:   0 MEM_OUT: 937 ACC: 937 BUFF: 937 DC: 0 FLAG_ZERO: False FLAG_LT: 0 FLAG_GT: 1
INPUT_PORT:  []
OUT_PORT:  []
DATA_MEM:  [937, 437]
---------------------------------------
DEBUG    root:machine.py:309 ST 0
TICK: 45422 PC:   2 ADDR:   0 MEM_OUT: 937 ACC: 938 BUFF: 937 DC: 0 FLAG_ZERO: False FLAG_LT: 0 FLAG_GT: 1
INPUT_PORT:  []
OUT_PORT:  []
DATA_MEM:  [937, 437]
---------------------------------------
DEBUG    root:machine.py:309 CMP 1000
TICK: 45426 PC:   3 ADDR:   0 MEM_OUT: 938 ACC: 938 BUFF: 937 DC: 0 FLAG_ZERO: False FLAG_LT: 0 FLAG_GT: 1
INPUT_PORT:  []
OUT_PORT:  []
DATA_MEM:  [938, 437]
---------------------------------------
DEBUG    root:machine.py:309 JGE 22
TICK: 45429 PC:   4 ADDR:   0 MEM_OUT: 938 ACC: 938 BUFF: 937 DC: 0 FLAG_ZERO: False FLAG_LT: 1 FLAG_GT: 0
INPUT_PORT:  []
OUT_PORT:  []
DATA_MEM:  [938, 437]
---------------------------------------
DEBUG    root:machine.py:309 LD 0
TICK: 45432 PC:   5 ADDR:   0 MEM_OUT: 938 ACC: 938 BUFF: 937 DC: 0 FLAG_ZERO: False FLAG_LT: 1 FLAG_GT: 0
INPUT_PORT:  []
OUT_PORT:  []
DATA_MEM:  [938, 437]
---------------------------------------
DEBUG    root:machine.py:309 MOD 3
TICK: 45436 PC:   6 ADDR:   0 MEM_OUT: 938 ACC: 938 BUFF: 937 DC: 0 FLAG_ZERO: False FLAG_LT: 1 FLAG_GT: 0
INPUT_PORT:  []
OUT_PORT:  []
DATA_MEM:  [938, 437]
---------------------------------------
DEBUG    root:machine.py:309 CMP 0
TICK: 45440 PC:   7 ADDR:   0 MEM_OUT: 938 ACC: 2 BUFF: 938 DC: 0 FLAG_ZERO: False FLAG_LT: 1 FLAG_GT: 0
INPUT_PORT:  []
OUT_PORT:  []
DATA_MEM:  [938, 437]
---------------------------------------
DEBUG    root:machine.py:309 JE 14
TICK: 45443 PC:   8 ADDR:   0 MEM_OUT: 938 ACC: 2 BUFF: 938 DC: 0 FLAG_ZERO: False FLAG_LT: 0 FLAG_GT: 1
INPUT_PORT:  []
OUT_PORT:  []
DATA_MEM:  [938, 437]
---------------------------------------
DEBUG    root:machine.py:309 LD 0
TICK: 45446 PC:   9 ADDR:   0 MEM_OUT: 938 ACC: 2 BUFF: 938 DC: 0 FLAG_ZERO: False FLAG_LT: 0 FLAG_GT: 1
INPUT_PORT:  []
OUT_PORT:  []
DATA_MEM:  [938, 437]
---------------------------------------
DEBUG    root:machine.py:309 MOD 5
TICK: 45450 PC:  10 ADDR:   0 MEM_OUT: 938 ACC: 938 BUFF: 938 DC: 0 FLAG_ZERO: False FLAG_LT: 0 FLAG_GT: 1
INPUT_PORT:  []
OUT_PORT:  []
DATA_MEM:  [938, 437]
---------------------------------------
DEBUG    root:machine.py:309 CMP 0
TICK: 45454 PC:  11 ADDR:   0 MEM_OUT: 938 ACC: 3 BUFF: 938 DC: 0 FLAG_ZERO: False FLAG_LT: 0 FLAG_GT: 1
INPUT_PORT:  []
OUT_PORT:  []
DATA_MEM:  [938, 437]
---------------------------------------
DEBUG    root:machine.py:309 JE 18
TICK: 45457 PC:  12 ADDR:   0 MEM_OUT: 938 ACC: 3 BUFF: 938 DC: 0 FLAG_ZERO: False FLAG_LT: 0 FLAG_GT: 1
INPUT_PORT:  []
OUT_PORT:  []
DATA_MEM:  [938, 437]
---------------------------------------
DEBUG    root:machine.py:309 JMP 0
TICK: 45460 PC:  13 ADDR:   0 MEM_OUT: 938 ACC: 3 BUFF: 938 DC: 0 FLAG_ZERO: False FLAG_LT: 0 FLAG_GT: 1
INPUT_PORT:  []
OUT_PORT:  []
DATA_MEM:  [938, 437]
---------------------------------------
DEBUG    root:machine.py:309 LD 0
TICK: 45463 PC:   0 ADDR:   0 MEM_OUT: 938 ACC: 3 BUFF: 938 DC: 0 FLAG_ZERO: False FLAG_LT: 0 FLAG_GT: 1
INPUT_PORT:  []
OUT_PORT:  []
DATA_MEM:  [938, 437]
---------------------------------------
DEBUG    root:machine.py:309 INC 
TICK: 45467 PC:   1 ADDR:   0 MEM_OUT: 938 ACC: 938 BUFF: 938 DC: 0 FLAG_ZERO: False FLAG_LT: 0 FLAG_GT: 1
INPUT_PORT:  []
OUT_PORT:  []
DATA_MEM:  [938, 437]
---------------------------------------
DEBUG    root:machine.py:309 ST 0
TICK: 45470 PC:   2 ADDR:   0 MEM_OUT: 938 ACC: 939 BUFF: 938 DC: 0 FLAG_ZERO: False FLAG_LT: 0 FLAG_GT: 1
INPUT_PORT:  []
OUT_PORT:  []
DATA_MEM:  [938, 437]
---------------------------------------
DEBUG    root:machine.py:309 CMP 1000
TICK: 45474 PC:   3 ADDR:   0 MEM_OUT: 939 ACC: 939 BUFF: 938 DC: 0 FLAG_ZERO: False FLAG_LT: 0 FLAG_GT: 1
INPUT_PORT:  []
OUT_PORT:  []
DATA_MEM:  [939, 437]
---------------------------------------
DEBUG    root:machine.py:309 JGE 22
TICK: 45477 PC:   4 ADDR:   0 MEM_OUT: 939 ACC: 939 BUFF: 938 DC: 0 FLAG_ZERO: False FLAG_LT: 1 FLAG_GT: 0
INPUT_PORT:  []
OUT_PORT:  []
DATA_MEM:  [939, 437]
---------------------------------------
DEBUG    root:machine.py:309 LD 0
TICK: 45480 PC:   5 ADDR:   0 MEM_OUT: 939 ACC: 939 BUFF: 938 DC: 0 FLAG_ZERO: False FLAG_LT: 1 FLAG_GT: 0
INPUT_PORT:  []
OUT_PORT:  []
DATA_MEM:  [939, 437]
---------------------------------------
DEBUG    root:machine.py:309 MOD 3
TICK: 45484 PC:   6 ADDR:   0 MEM_OUT: 939 ACC: 939 BUFF: 938 DC: 0 FLAG_ZERO: False FLAG_LT: 1 FLAG_GT: 0
INPUT_PORT:  []
OUT_PORT:  []
DATA_MEM:  [939, 437]
---------------------------------------
DEBUG    root:machine.py:309 CMP 0
TICK: 45488 PC:   7 ADDR:   0 MEM_OUT: 939 ACC: 0 BUFF: 939 DC: 0 FLAG_ZERO: False FLAG_LT: 1 FLAG_GT: 0
INPUT_PORT:  []
OUT_PORT:  []
DATA_MEM:  [939, 437]
---------------------------------------
DEBUG    root:machine.py:309 JE 14
TICK: 45491 PC:   8 ADDR:   0 MEM_OUT: 939 ACC: 0 BUFF: 939 DC: 0 FLAG_ZERO: True FLAG_LT: 0 FLAG_GT: 0
INPUT_PORT:  []
OUT_PORT:  []
DATA_MEM:  [939, 437]
---------------------------------------
DEBUG    root:machine.py:309 LD 4
TICK: 45494 PC:  14 ADDR:   0 MEM_OUT: 939 ACC: 0 BUFF: 939 DC: 0 FLAG_ZERO: True FLAG_LT: 0 FLAG_GT: 0
INPUT_PORT:  []
OUT_PORT:  []
DATA_MEM:  [939, 437]
---------------------------------------
DEBUG    root:machine.py:309 INC 
TICK: 45498 PC:  15 ADDR:   1 MEM_OUT: 437 ACC: 437 BUFF: 939 DC: 0 FLAG_ZERO: True FLAG_LT: 0 FLAG_GT: 0
INPUT_PORT:  []
OUT_PORT:  []
DATA_MEM:  [939, 437]
---------------------------------------
DEBUG    root:machine.py:309 ST 4
TICK: 45501 PC:  16 ADDR:   1 MEM_OUT: 437 ACC: 438 BUFF: 939 DC: 0 FLAG_ZERO: True FLAG_LT: 0 FLAG_GT: 0
INPUT_PORT:  []
OUT_PORT:  []
DATA_MEM:  [939, 437]
---------------------------------------
DEBUG    root:machine.py:309 JMP 0
TICK: 45505 PC:  17 ADDR:   1 MEM_OUT: 438 ACC: 438 BUFF: 939 DC: 0 FLAG_ZERO: True FLAG_LT: 0 FLAG_GT: 0
INPUT_PORT:  []
OUT_PORT:  []
DATA_MEM:  [939, 438]
---------------------------------------
DEBUG    root:machine.py:309 LD 0
TICK: 45508 PC:   0 ADDR:   1 MEM_OUT: 438 ACC: 438 BUFF: 939 DC: 0 FLAG_ZERO: True FLAG_LT: 0 FLAG_GT: 0
INPUT_PORT:  []
OUT_PORT:  []
DATA_MEM:  [939, 438]
---------------------------------------
DEBUG    root:machine.py:309 INC 
TICK: 45512 PC:   1 ADDR:   0 MEM_OUT: 939 ACC: 939 BUFF: 939 DC: 0 FLAG_ZERO: True FLAG_LT: 0 FLAG_GT: 0
INPUT_PORT:  []
OUT_PORT:  []
DATA_MEM:  [939, 438]
---------------------------------------
DEBUG    root:machine.py:309 ST 0
TICK: 45515 PC:   2 ADDR:   0 MEM_OUT: 939 ACC: 940 BUFF: 939 DC: 0 FLAG_ZERO: True FLAG_LT: 0 FLAG_GT: 0
INPUT_PORT:  []
OUT_PORT:  []
DATA_MEM:  [939, 438]
---------------------------------------
DEBUG    root:machine.py:309 CMP 1000
TICK: 45519 PC:   3 ADDR:   0 MEM_OUT: 940 ACC: 940 BUFF: 939 DC: 0 FLAG_ZERO: True FLAG_LT: 0 FLAG_GT: 0
INPUT_PORT:  []
OUT_PORT:  []
DATA_MEM:  [940, 438]
---------------------------------------
DEBUG    root:machine.py:309 JGE 22
TICK: 45522 PC:   4 ADDR:   0 MEM_OUT: 940 ACC: 940 BUFF: 939 DC: 0 FLAG_ZERO: False FLAG_LT: 1 FLAG_GT: 0
INPUT_PORT:  []
OUT_PORT:  []
DATA_MEM:  [940, 438]
---------------------------------------
DEBUG    root:machine.py:309 LD 0
TICK: 45525 PC:   5 ADDR:   0 MEM_OUT: 940 ACC: 940 BUFF: 939 DC: 0 FLAG_ZERO: False FLAG_LT: 1 FLAG_GT: 0
INPUT_PORT:  []
OUT_PORT:  []
DATA_MEM:  [940, 438]
---------------------------------------
DEBUG    root:machine.py:309 MOD 3
TICK: 45529 PC:   6 ADDR:   0 MEM_OUT: 940 ACC: 940 BUFF: 939 DC: 0 FLAG_ZERO: False FLAG_LT: 1 FLAG_GT: 0
INPUT_PORT:  []
OUT_PORT:  []
DATA_MEM:  [940, 438]
---------------------------------------
DEBUG    root:machine.py:309 CMP 0
TICK: 45533 PC:   7 ADDR:   0 MEM_OUT: 940 ACC: 1 BUFF: 940 DC: 0 FLAG_ZERO: False FLAG_LT: 1 FLAG_GT: 0
INPUT_PORT:  []
OUT_PORT:  []
DATA_MEM:  [940, 438]
---------------------------------------
DEBUG    root:machine.py:309 JE 14
TICK: 45536 PC:   8 ADDR:   0 MEM_OUT: 940 ACC: 1 BUFF: 940 DC: 0 FLAG_ZERO: False FLAG_LT: 0 FLAG_GT: 1
INPUT_PORT:  []
OUT_PORT:  []
DATA_MEM:  [940, 438]
---------------------------------------
DEBUG    root:machine.py:309 LD 0
TICK: 45539 PC:   9 ADDR:   0 MEM_OUT: 940 ACC: 1 BUFF: 940 DC: 0 FLAG_ZERO: False FLAG_LT: 0 FLAG_GT: 1
INPUT_PORT:  []
OUT_PORT:  []
DATA_MEM:  [940, 438]
---------------------------------------
DEBUG    root:machine.py:309 MOD 5
TICK: 45543 PC:  10 ADDR:   0 MEM_OUT: 940 ACC: 940 BUFF: 940 DC: 0 FLAG_ZERO: False FLAG_LT: 0 FLAG_GT: 1
INPUT_PORT:  []
OUT_PORT:  []
DATA_MEM:  [940, 438]
---------------------------------------
DEBUG    root:machine.py:309 CMP 0
TICK: 45547 PC:  11 ADDR:   0 MEM_OUT: 940 ACC: 0 BUFF: 940 DC: 0 FLAG_ZERO: False FLAG_LT: 0 FLAG_GT: 1
INPUT_PORT:  []
OUT_PORT:  []
DATA_MEM:  [940, 438]
---------------------------------------
DEBUG    root:machine.py:309 JE 18
TICK: 45550 PC:  12 ADDR:   0 MEM_OUT: 940 ACC: 0 BUFF: 940 DC: 0 FLAG_ZERO: True FLAG_LT: 0 FLAG_GT: 0
INPUT_PORT:  []
OUT_PORT:  []
DATA_MEM:  [940, 438]
---------------------------------------
DEBUG    root:machine.py:309 LD 4
TICK: 45553 PC:  18 ADDR:   0 MEM_OUT: 940 ACC: 0 BUFF: 940 DC: 0 FLAG_ZERO: True FLAG_LT: 0 FLAG_GT: 0
INPUT_PORT:  []
OUT_PORT:  []
DATA_MEM:  [940, 438]
---------------------------------------
DEBUG    root:machine.py:309 INC 
TICK: 45557 PC:  19 ADDR:   1 MEM_OUT: 438 ACC: 438 BUFF: 940 DC: 0 FLAG_ZERO: True FLAG_LT: 0 FLAG_GT: 0
INPUT_PORT:  []
OUT_PORT:  []
DATA_MEM:  [940, 438]
---------------------------------------
DEBUG    root:machine.py:309 ST 4
TICK: 45560 PC:  20 ADDR:   1 MEM_OUT: 438 ACC: 439 BUFF: 940 DC: 0 FLAG_ZERO: True FLAG_LT: 0 FLAG_GT: 0
INPUT_PORT:  []
OUT_PORT:  []
DATA_MEM:  [940, 438]
---------------------------------------
DEBUG    root:machine.py:309 JMP 0
TICK: 45564 PC:  21 ADDR:   1 MEM_OUT: 439 ACC: 439 BUFF: 940 DC: 0 FLAG_ZERO: True FLAG_LT: 0 FLAG_GT: 0
INPUT_PORT:  []
OUT_PORT:  []
DATA_MEM:  [940, 439]
---------------------------------------
DEBUG    root:machine.py:309 LD 0
TICK: 45567 PC:   0 ADDR:   1 MEM_OUT: 439 ACC: 439 BUFF: 940 DC: 0 FLAG_ZERO: True FLAG_LT: 0 FLAG_GT: 0
INPUT_PORT:  []
OUT_PORT:  []
DATA_MEM:  [940, 439]
---------------------------------------
DEBUG    root:machine.py:309 INC 
TICK: 45571 PC:   1 ADDR:   0 MEM_OUT: 940 ACC: 940 BUFF: 940 DC: 0 FLAG_ZERO: True FLAG_LT: 0 FLAG_GT: 0
INPUT_PORT:  []
OUT_PORT:  []
DATA_MEM:  [940, 439]
---------------------------------------
DEBUG    root:machine.py:309 ST 0
TICK: 45574 PC:   2 ADDR:   0 MEM_OUT: 940 ACC: 941 BUFF: 940 DC: 0 FLAG_ZERO: True FLAG_LT: 0 FLAG_GT: 0
INPUT_PORT:  []
OUT_PORT:  []
DATA_MEM:  [940, 439]
---------------------------------------
DEBUG    root:machine.py:309 CMP 1000
TICK: 45578 PC:   3 ADDR:   0 MEM_OUT: 941 ACC: 941 BUFF: 940 DC: 0 FLAG_ZERO: True FLAG_LT: 0 FLAG_GT: 0
INPUT_PORT:  []
OUT_PORT:  []
DATA_MEM:  [941, 439]
---------------------------------------
DEBUG    root:machine.py:309 JGE 22
TICK: 45581 PC:   4 ADDR:   0 MEM_OUT: 941 ACC: 941 BUFF: 940 DC: 0 FLAG_ZERO: False FLAG_LT: 1 FLAG_GT: 0
INPUT_PORT:  []
OUT_PORT:  []
DATA_MEM:  [941, 439]
---------------------------------------
DEBUG    root:machine.py:309 LD 0
TICK: 45584 PC:   5 ADDR:   0 MEM_OUT: 941 ACC: 941 BUFF: 940 DC: 0 FLAG_ZERO: False FLAG_LT: 1 FLAG_GT: 0
INPUT_PORT:  []
OUT_PORT:  []
DATA_MEM:  [941, 439]
---------------------------------------
DEBUG    root:machine.py:309 MOD 3
TICK: 45588 PC:   6 ADDR:   0 MEM_OUT: 941 ACC: 941 BUFF: 940 DC: 0 FLAG_ZERO: False FLAG_LT: 1 FLAG_GT: 0
INPUT_PORT:  []
OUT_PORT:  []
DATA_MEM:  [941, 439]
---------------------------------------
DEBUG    root:machine.py:309 CMP 0
TICK: 45592 PC:   7 ADDR:   0 MEM_OUT: 941 ACC: 2 BUFF: 941 DC: 0 FLAG_ZERO: False FLAG_LT: 1 FLAG_GT: 0
INPUT_PORT:  []
OUT_PORT:  []
DATA_MEM:  [941, 439]
---------------------------------------
DEBUG    root:machine.py:309 JE 14
TICK: 45595 PC:   8 ADDR:   0 MEM_OUT: 941 ACC: 2 BUFF: 941 DC: 0 FLAG_ZERO: False FLAG_LT: 0 FLAG_GT: 1
INPUT_PORT:  []
OUT_PORT:  []
DATA_MEM:  [941, 439]
---------------------------------------
DEBUG    root:machine.py:309 LD 0
TICK: 45598 PC:   9 ADDR:   0 MEM_OUT: 941 ACC: 2 BUFF: 941 DC: 0 FLAG_ZERO: False FLAG_LT: 0 FLAG_GT: 1
INPUT_PORT:  []
OUT_PORT:  []
DATA_MEM:  [941, 439]
---------------------------------------
DEBUG    root:machine.py:309 MOD 5
TICK: 45602 PC:  10 ADDR:   0 MEM_OUT: 941 ACC: 941 BUFF: 941 DC: 0 FLAG_ZERO: False FLAG_LT: 0 FLAG_GT: 1
INPUT_PORT:  []
OUT_PORT:  []
DATA_MEM:  [941, 439]
---------------------------------------
DEBUG    root:machine.py:309 CMP 0
TICK: 45606 PC:  11 ADDR:   0 MEM_OUT: 941 ACC: 1 BUFF: 941 DC: 0 FLAG_ZERO: False FLAG_LT: 0 FLAG_GT: 1
INPUT_PORT:  []
OUT_PORT:  []
DATA_MEM:  [941, 439]
---------------------------------------
DEBUG    root:machine.py:309 JE 18
TICK: 45609 PC:  12 ADDR:   0 MEM_OUT: 941 ACC: 1 BUFF: 941 DC: 0 FLAG_ZERO: False FLAG_LT: 0 FLAG_GT: 1
INPUT_PORT:  []
OUT_PORT:  []
DATA_MEM:  [941, 439]
---------------------------------------
DEBUG    root:machine.py:309 JMP 0
TICK: 45612 PC:  13 ADDR:   0 MEM_OUT: 941 ACC: 1 BUFF: 941 DC: 0 FLAG_ZERO: False FLAG_LT: 0 FLAG_GT: 1
INPUT_PORT:  []
OUT_PORT:  []
DATA_MEM:  [941, 439]
---------------------------------------
DEBUG    root:machine.py:309 LD 0
TICK: 45615 PC:   0 ADDR:   0 MEM_OUT: 941 ACC: 1 BUFF: 941 DC: 0 FLAG_ZERO: False FLAG_LT: 0 FLAG_GT: 1
INPUT_PORT:  []
OUT_PORT:  []
DATA_MEM:  [941, 439]
---------------------------------------
DEBUG    root:machine.py:309 INC 
TICK: 45619 PC:   1 ADDR:   0 MEM_OUT: 941 ACC: 941 BUFF: 941 DC: 0 FLAG_ZERO: False FLAG_LT: 0 FLAG_GT: 1
INPUT_PORT:  []
OUT_PORT:  []
DATA_MEM:  [941, 439]
---------------------------------------
DEBUG    root:machine.py:309 ST 0
TICK: 45622 PC:   2 ADDR:   0 MEM_OUT: 941 ACC: 942 BUFF: 941 DC: 0 FLAG_ZERO: False FLAG_LT: 0 FLAG_GT: 1
INPUT_PORT:  []
OUT_PORT:  []
DATA_MEM:  [941, 439]
---------------------------------------
DEBUG    root:machine.py:309 CMP 1000
TICK: 45626 PC:   3 ADDR:   0 MEM_OUT: 942 ACC: 942 BUFF: 941 DC: 0 FLAG_ZERO: False FLAG_LT: 0 FLAG_GT: 1
INPUT_PORT:  []
OUT_PORT:  []
DATA_MEM:  [942, 439]
---------------------------------------
DEBUG    root:machine.py:309 JGE 22
TICK: 45629 PC:   4 ADDR:   0 MEM_OUT: 942 ACC: 942 BUFF: 941 DC: 0 FLAG_ZERO: False FLAG_LT: 1 FLAG_GT: 0
INPUT_PORT:  []
OUT_PORT:  []
DATA_MEM:  [942, 439]
---------------------------------------
DEBUG    root:machine.py:309 LD 0
TICK: 45632 PC:   5 ADDR:   0 MEM_OUT: 942 ACC: 942 BUFF: 941 DC: 0 FLAG_ZERO: False FLAG_LT: 1 FLAG_GT: 0
INPUT_PORT:  []
OUT_PORT:  []
DATA_MEM:  [942, 439]
---------------------------------------
DEBUG    root:machine.py:309 MOD 3
TICK: 45636 PC:   6 ADDR:   0 MEM_OUT: 942 ACC: 942 BUFF: 941 DC: 0 FLAG_ZERO: False FLAG_LT: 1 FLAG_GT: 0
INPUT_PORT:  []
OUT_PORT:  []
DATA_MEM:  [942, 439]
---------------------------------------
DEBUG    root:machine.py:309 CMP 0
TICK: 45640 PC:   7 ADDR:   0 MEM_OUT: 942 ACC: 0 BUFF: 942 DC: 0 FLAG_ZERO: False FLAG_LT: 1 FLAG_GT: 0
INPUT_PORT:  []
OUT_PORT:  []
DATA_MEM:  [942, 439]
---------------------------------------
DEBUG    root:machine.py:309 JE 14
TICK: 45643 PC:   8 ADDR:   0 MEM_OUT: 942 ACC: 0 BUFF: 942 DC: 0 FLAG_ZERO: True FLAG_LT: 0 FLAG_GT: 0
INPUT_PORT:  []
OUT_PORT:  []
DATA_MEM:  [942, 439]
---------------------------------------
DEBUG    root:machine.py:309 LD 4
TICK: 45646 PC:  14 ADDR:   0 MEM_OUT: 942 ACC: 0 BUFF: 942 DC: 0 FLAG_ZERO: True FLAG_LT: 0 FLAG_GT: 0
INPUT_PORT:  []
OUT_PORT:  []
DATA_MEM:  [942, 439]
---------------------------------------
DEBUG    root:machine.py:309 INC 
TICK: 45650 PC:  15 ADDR:   1 MEM_OUT: 439 ACC: 439 BUFF: 942 DC: 0 FLAG_ZERO: True FLAG_LT: 0 FLAG_GT: 0
INPUT_PORT:  []
OUT_PORT:  []
DATA_MEM:  [942, 439]
---------------------------------------
DEBUG    root:machine.py:309 ST 4
TICK: 45653 PC:  16 ADDR:   1 MEM_OUT: 439 ACC: 440 BUFF: 942 DC: 0 FLAG_ZERO: True FLAG_LT: 0 FLAG_GT: 0
INPUT_PORT:  []
OUT_PORT:  []
DATA_MEM:  [942, 439]
---------------------------------------
DEBUG    root:machine.py:309 JMP 0
TICK: 45657 PC:  17 ADDR:   1 MEM_OUT: 440 ACC: 440 BUFF: 942 DC: 0 FLAG_ZERO: True FLAG_LT: 0 FLAG_GT: 0
INPUT_PORT:  []
OUT_PORT:  []
DATA_MEM:  [942, 440]
---------------------------------------
DEBUG    root:machine.py:309 LD 0
TICK: 45660 PC:   0 ADDR:   1 MEM_OUT: 440 ACC: 440 BUFF: 942 DC: 0 FLAG_ZERO: True FLAG_LT: 0 FLAG_GT: 0
INPUT_PORT:  []
OUT_PORT:  []
DATA_MEM:  [942, 440]
---------------------------------------
DEBUG    root:machine.py:309 INC 
TICK: 45664 PC:   1 ADDR:   0 MEM_OUT: 942 ACC: 942 BUFF: 942 DC: 0 FLAG_ZERO: True FLAG_LT: 0 FLAG_GT: 0
INPUT_PORT:  []
OUT_PORT:  []
DATA_MEM:  [942, 440]
---------------------------------------
DEBUG    root:machine.py:309 ST 0
TICK: 45667 PC:   2 ADDR:   0 MEM_OUT: 942 ACC: 943 BUFF: 942 DC: 0 FLAG_ZERO: True FLAG_LT: 0 FLAG_GT: 0
INPUT_PORT:  []
OUT_PORT:  []
DATA_MEM:  [942, 440]
---------------------------------------
DEBUG    root:machine.py:309 CMP 1000
TICK: 45671 PC:   3 ADDR:   0 MEM_OUT: 943 ACC: 943 BUFF: 942 DC: 0 FLAG_ZERO: True FLAG_LT: 0 FLAG_GT: 0
INPUT_PORT:  []
OUT_PORT:  []
DATA_MEM:  [943, 440]
---------------------------------------
DEBUG    root:machine.py:309 JGE 22
TICK: 45674 PC:   4 ADDR:   0 MEM_OUT: 943 ACC: 943 BUFF: 942 DC: 0 FLAG_ZERO: False FLAG_LT: 1 FLAG_GT: 0
INPUT_PORT:  []
OUT_PORT:  []
DATA_MEM:  [943, 440]
---------------------------------------
DEBUG    root:machine.py:309 LD 0
TICK: 45677 PC:   5 ADDR:   0 MEM_OUT: 943 ACC: 943 BUFF: 942 DC: 0 FLAG_ZERO: False FLAG_LT: 1 FLAG_GT: 0
INPUT_PORT:  []
OUT_PORT:  []
DATA_MEM:  [943, 440]
---------------------------------------
DEBUG    root:machine.py:309 MOD 3
TICK: 45681 PC:   6 ADDR:   0 MEM_OUT: 943 ACC: 943 BUFF: 942 DC: 0 FLAG_ZERO: False FLAG_LT: 1 FLAG_GT: 0
INPUT_PORT:  []
OUT_PORT:  []
DATA_MEM:  [943, 440]
---------------------------------------
DEBUG    root:machine.py:309 CMP 0
TICK: 45685 PC:   7 ADDR:   0 MEM_OUT: 943 ACC: 1 BUFF: 943 DC: 0 FLAG_ZERO: False FLAG_LT: 1 FLAG_GT: 0
INPUT_PORT:  []
OUT_PORT:  []
DATA_MEM:  [943, 440]
---------------------------------------
DEBUG    root:machine.py:309 JE 14
TICK: 45688 PC:   8 ADDR:   0 MEM_OUT: 943 ACC: 1 BUFF: 943 DC: 0 FLAG_ZERO: False FLAG_LT: 0 FLAG_GT: 1
INPUT_PORT:  []
OUT_PORT:  []
DATA_MEM:  [943, 440]
---------------------------------------
DEBUG    root:machine.py:309 LD 0
TICK: 45691 PC:   9 ADDR:   0 MEM_OUT: 943 ACC: 1 BUFF: 943 DC: 0 FLAG_ZERO: False FLAG_LT: 0 FLAG_GT: 1
INPUT_PORT:  []
OUT_PORT:  []
DATA_MEM:  [943, 440]
---------------------------------------
DEBUG    root:machine.py:309 MOD 5
TICK: 45695 PC:  10 ADDR:   0 MEM_OUT: 943 ACC: 943 BUFF: 943 DC: 0 FLAG_ZERO: False FLAG_LT: 0 FLAG_GT: 1
INPUT_PORT:  []
OUT_PORT:  []
DATA_MEM:  [943, 440]
---------------------------------------
DEBUG    root:machine.py:309 CMP 0
TICK: 45699 PC:  11 ADDR:   0 MEM_OUT: 943 ACC: 3 BUFF: 943 DC: 0 FLAG_ZERO: False FLAG_LT: 0 FLAG_GT: 1
INPUT_PORT:  []
OUT_PORT:  []
DATA_MEM:  [943, 440]
---------------------------------------
DEBUG    root:machine.py:309 JE 18
TICK: 45702 PC:  12 ADDR:   0 MEM_OUT: 943 ACC: 3 BUFF: 943 DC: 0 FLAG_ZERO: False FLAG_LT: 0 FLAG_GT: 1
INPUT_PORT:  []
OUT_PORT:  []
DATA_MEM:  [943, 440]
---------------------------------------
DEBUG    root:machine.py:309 JMP 0
TICK: 45705 PC:  13 ADDR:   0 MEM_OUT: 943 ACC: 3 BUFF: 943 DC: 0 FLAG_ZERO: False FLAG_LT: 0 FLAG_GT: 1
INPUT_PORT:  []
OUT_PORT:  []
DATA_MEM:  [943, 440]
---------------------------------------
DEBUG    root:machine.py:309 LD 0
TICK: 45708 PC:   0 ADDR:   0 MEM_OUT: 943 ACC: 3 BUFF: 943 DC: 0 FLAG_ZERO: False FLAG_LT: 0 FLAG_GT: 1
INPUT_PORT:  []
OUT_PORT:  []
DATA_MEM:  [943, 440]
---------------------------------------
DEBUG    root:machine.py:309 INC 
TICK: 45712 PC:   1 ADDR:   0 MEM_OUT: 943 ACC: 943 BUFF: 943 DC: 0 FLAG_ZERO: False FLAG_LT: 0 FLAG_GT: 1
INPUT_PORT:  []
OUT_PORT:  []
DATA_MEM:  [943, 440]
---------------------------------------
DEBUG    root:machine.py:309 ST 0
TICK: 45715 PC:   2 ADDR:   0 MEM_OUT: 943 ACC: 944 BUFF: 943 DC: 0 FLAG_ZERO: False FLAG_LT: 0 FLAG_GT: 1
INPUT_PORT:  []
OUT_PORT:  []
DATA_MEM:  [943, 440]
---------------------------------------
DEBUG    root:machine.py:309 CMP 1000
TICK: 45719 PC:   3 ADDR:   0 MEM_OUT: 944 ACC: 944 BUFF: 943 DC: 0 FLAG_ZERO: False FLAG_LT: 0 FLAG_GT: 1
INPUT_PORT:  []
OUT_PORT:  []
DATA_MEM:  [944, 440]
---------------------------------------
DEBUG    root:machine.py:309 JGE 22
TICK: 45722 PC:   4 ADDR:   0 MEM_OUT: 944 ACC: 944 BUFF: 943 DC: 0 FLAG_ZERO: False FLAG_LT: 1 FLAG_GT: 0
INPUT_PORT:  []
OUT_PORT:  []
DATA_MEM:  [944, 440]
---------------------------------------
DEBUG    root:machine.py:309 LD 0
TICK: 45725 PC:   5 ADDR:   0 MEM_OUT: 944 ACC: 944 BUFF: 943 DC: 0 FLAG_ZERO: False FLAG_LT: 1 FLAG_GT: 0
INPUT_PORT:  []
OUT_PORT:  []
DATA_MEM:  [944, 440]
---------------------------------------
DEBUG    root:machine.py:309 MOD 3
TICK: 45729 PC:   6 ADDR:   0 MEM_OUT: 944 ACC: 944 BUFF: 943 DC: 0 FLAG_ZERO: False FLAG_LT: 1 FLAG_GT: 0
INPUT_PORT:  []
OUT_PORT:  []
DATA_MEM:  [944, 440]
---------------------------------------
DEBUG    root:machine.py:309 CMP 0
TICK: 45733 PC:   7 ADDR:   0 MEM_OUT: 944 ACC: 2 BUFF: 944 DC: 0 FLAG_ZERO: False FLAG_LT: 1 FLAG_GT: 0
INPUT_PORT:  []
OUT_PORT:  []
DATA_MEM:  [944, 440]
---------------------------------------
DEBUG    root:machine.py:309 JE 14
TICK: 45736 PC:   8 ADDR:   0 MEM_OUT: 944 ACC: 2 BUFF: 944 DC: 0 FLAG_ZERO: False FLAG_LT: 0 FLAG_GT: 1
INPUT_PORT:  []
OUT_PORT:  []
DATA_MEM:  [944, 440]
---------------------------------------
DEBUG    root:machine.py:309 LD 0
TICK: 45739 PC:   9 ADDR:   0 MEM_OUT: 944 ACC: 2 BUFF: 944 DC: 0 FLAG_ZERO: False FLAG_LT: 0 FLAG_GT: 1
INPUT_PORT:  []
OUT_PORT:  []
DATA_MEM:  [944, 440]
---------------------------------------
DEBUG    root:machine.py:309 MOD 5
TICK: 45743 PC:  10 ADDR:   0 MEM_OUT: 944 ACC: 944 BUFF: 944 DC: 0 FLAG_ZERO: False FLAG_LT: 0 FLAG_GT: 1
INPUT_PORT:  []
OUT_PORT:  []
DATA_MEM:  [944, 440]
---------------------------------------
DEBUG    root:machine.py:309 CMP 0
TICK: 45747 PC:  11 ADDR:   0 MEM_OUT: 944 ACC: 4 BUFF: 944 DC: 0 FLAG_ZERO: False FLAG_LT: 0 FLAG_GT: 1
INPUT_PORT:  []
OUT_PORT:  []
DATA_MEM:  [944, 440]
---------------------------------------
DEBUG    root:machine.py:309 JE 18
TICK: 45750 PC:  12 ADDR:   0 MEM_OUT: 944 ACC: 4 BUFF: 944 DC: 0 FLAG_ZERO: False FLAG_LT: 0 FLAG_GT: 1
INPUT_PORT:  []
OUT_PORT:  []
DATA_MEM:  [944, 440]
---------------------------------------
DEBUG    root:machine.py:309 JMP 0
TICK: 45753 PC:  13 ADDR:   0 MEM_OUT: 944 ACC: 4 BUFF: 944 DC: 0 FLAG_ZERO: False FLAG_LT: 0 FLAG_GT: 1
INPUT_PORT:  []
OUT_PORT:  []
DATA_MEM:  [944, 440]
---------------------------------------
DEBUG    root:machine.py:309 LD 0
TICK: 45756 PC:   0 ADDR:   0 MEM_OUT: 944 ACC: 4 BUFF: 944 DC: 0 FLAG_ZERO: False FLAG_LT: 0 FLAG_GT: 1
INPUT_PORT:  []
OUT_PORT:  []
DATA_MEM:  [944, 440]
---------------------------------------
DEBUG    root:machine.py:309 INC 
TICK: 45760 PC:   1 ADDR:   0 MEM_OUT: 944 ACC: 944 BUFF: 944 DC: 0 FLAG_ZERO: False FLAG_LT: 0 FLAG_GT: 1
INPUT_PORT:  []
OUT_PORT:  []
DATA_MEM:  [944, 440]
---------------------------------------
DEBUG    root:machine.py:309 ST 0
TICK: 45763 PC:   2 ADDR:   0 MEM_OUT: 944 ACC: 945 BUFF: 944 DC: 0 FLAG_ZERO: False FLAG_LT: 0 FLAG_GT: 1
INPUT_PORT:  []
OUT_PORT:  []
DATA_MEM:  [944, 440]
---------------------------------------
DEBUG    root:machine.py:309 CMP 1000
TICK: 45767 PC:   3 ADDR:   0 MEM_OUT: 945 ACC: 945 BUFF: 944 DC: 0 FLAG_ZERO: False FLAG_LT: 0 FLAG_GT: 1
INPUT_PORT:  []
OUT_PORT:  []
DATA_MEM:  [945, 440]
---------------------------------------
DEBUG    root:machine.py:309 JGE 22
TICK: 45770 PC:   4 ADDR:   0 MEM_OUT: 945 ACC: 945 BUFF: 944 DC: 0 FLAG_ZERO: False FLAG_LT: 1 FLAG_GT: 0
INPUT_PORT:  []
OUT_PORT:  []
DATA_MEM:  [945, 440]
---------------------------------------
DEBUG    root:machine.py:309 LD 0
TICK: 45773 PC:   5 ADDR:   0 MEM_OUT: 945 ACC: 945 BUFF: 944 DC: 0 FLAG_ZERO: False FLAG_LT: 1 FLAG_GT: 0
INPUT_PORT:  []
OUT_PORT:  []
DATA_MEM:  [945, 440]
---------------------------------------
DEBUG    root:machine.py:309 MOD 3
TICK: 45777 PC:   6 ADDR:   0 MEM_OUT: 945 ACC: 945 BUFF: 944 DC: 0 FLAG_ZERO: False FLAG_LT: 1 FLAG_GT: 0
INPUT_PORT:  []
OUT_PORT:  []
DATA_MEM:  [945, 440]
---------------------------------------
DEBUG    root:machine.py:309 CMP 0
TICK: 45781 PC:   7 ADDR:   0 MEM_OUT: 945 ACC: 0 BUFF: 945 DC: 0 FLAG_ZERO: False FLAG_LT: 1 FLAG_GT: 0
INPUT_PORT:  []
OUT_PORT:  []
DATA_MEM:  [945, 440]
---------------------------------------
DEBUG    root:machine.py:309 JE 14
TICK: 45784 PC:   8 ADDR:   0 MEM_OUT: 945 ACC: 0 BUFF: 945 DC: 0 FLAG_ZERO: True FLAG_LT: 0 FLAG_GT: 0
INPUT_PORT:  []
OUT_PORT:  []
DATA_MEM:  [945, 440]
---------------------------------------
DEBUG    root:machine.py:309 LD 4
TICK: 45787 PC:  14 ADDR:   0 MEM_OUT: 945 ACC: 0 BUFF: 945 DC: 0 FLAG_ZERO: True FLAG_LT: 0 FLAG_GT: 0
INPUT_PORT:  []
OUT_PORT:  []
DATA_MEM:  [945, 440]
---------------------------------------
DEBUG    root:machine.py:309 INC 
TICK: 45791 PC:  15 ADDR:   1 MEM_OUT: 440 ACC: 440 BUFF: 945 DC: 0 FLAG_ZERO: True FLAG_LT: 0 FLAG_GT: 0
INPUT_PORT:  []
OUT_PORT:  []
DATA_MEM:  [945, 440]
---------------------------------------
DEBUG    root:machine.py:309 ST 4
TICK: 45794 PC:  16 ADDR:   1 MEM_OUT: 440 ACC: 441 BUFF: 945 DC: 0 FLAG_ZERO: True FLAG_LT: 0 FLAG_GT: 0
INPUT_PORT:  []
OUT_PORT:  []
DATA_MEM:  [945, 440]
---------------------------------------
DEBUG    root:machine.py:309 JMP 0
TICK: 45798 PC:  17 ADDR:   1 MEM_OUT: 441 ACC: 441 BUFF: 945 DC: 0 FLAG_ZERO: True FLAG_LT: 0 FLAG_GT: 0
INPUT_PORT:  []
OUT_PORT:  []
DATA_MEM:  [945, 441]
---------------------------------------
DEBUG    root:machine.py:309 LD 0
TICK: 45801 PC:   0 ADDR:   1 MEM_OUT: 441 ACC: 441 BUFF: 945 DC: 0 FLAG_ZERO: True FLAG_LT: 0 FLAG_GT: 0
INPUT_PORT:  []
OUT_PORT:  []
DATA_MEM:  [945, 441]
---------------------------------------
DEBUG    root:machine.py:309 INC 
TICK: 45805 PC:   1 ADDR:   0 MEM_OUT: 945 ACC: 945 BUFF: 945 DC: 0 FLAG_ZERO: True FLAG_LT: 0 FLAG_GT: 0
INPUT_PORT:  []
OUT_PORT:  []
DATA_MEM:  [945, 441]
---------------------------------------
DEBUG    root:machine.py:309 ST 0
TICK: 45808 PC:   2 ADDR:   0 MEM_OUT: 945 ACC: 946 BUFF: 945 DC: 0 FLAG_ZERO: True FLAG_LT: 0 FLAG_GT: 0
INPUT_PORT:  []
OUT_PORT:  []
DATA_MEM:  [945, 441]
---------------------------------------
DEBUG    root:machine.py:309 CMP 1000
TICK: 45812 PC:   3 ADDR:   0 MEM_OUT: 946 ACC: 946 BUFF: 945 DC: 0 FLAG_ZERO: True FLAG_LT: 0 FLAG_GT: 0
INPUT_PORT:  []
OUT_PORT:  []
DATA_MEM:  [946, 441]
---------------------------------------
DEBUG    root:machine.py:309 JGE 22
TICK: 45815 PC:   4 ADDR:   0 MEM_OUT: 946 ACC: 946 BUFF: 945 DC: 0 FLAG_ZERO: False FLAG_LT: 1 FLAG_GT: 0
INPUT_PORT:  []
OUT_PORT:  []
DATA_MEM:  [946, 441]
---------------------------------------
DEBUG    root:machine.py:309 LD 0
TICK: 45818 PC:   5 ADDR:   0 MEM_OUT: 946 ACC: 946 BUFF: 945 DC: 0 FLAG_ZERO: False FLAG_LT: 1 FLAG_GT: 0
INPUT_PORT:  []
OUT_PORT:  []
DATA_MEM:  [946, 441]
---------------------------------------
DEBUG    root:machine.py:309 MOD 3
TICK: 45822 PC:   6 ADDR:   0 MEM_OUT: 946 ACC: 946 BUFF: 945 DC: 0 FLAG_ZERO: False FLAG_LT: 1 FLAG_GT: 0
INPUT_PORT:  []
OUT_PORT:  []
DATA_MEM:  [946, 441]
---------------------------------------
DEBUG    root:machine.py:309 CMP 0
TICK: 45826 PC:   7 ADDR:   0 MEM_OUT: 946 ACC: 1 BUFF: 946 DC: 0 FLAG_ZERO: False FLAG_LT: 1 FLAG_GT: 0
INPUT_PORT:  []
OUT_PORT:  []
DATA_MEM:  [946, 441]
---------------------------------------
DEBUG    root:machine.py:309 JE 14
TICK: 45829 PC:   8 ADDR:   0 MEM_OUT: 946 ACC: 1 BUFF: 946 DC: 0 FLAG_ZERO: False FLAG_LT: 0 FLAG_GT: 1
INPUT_PORT:  []
OUT_PORT:  []
DATA_MEM:  [946, 441]
---------------------------------------
DEBUG    root:machine.py:309 LD 0
TICK: 45832 PC:   9 ADDR:   0 MEM_OUT: 946 ACC: 1 BUFF: 946 DC: 0 FLAG_ZERO: False FLAG_LT: 0 FLAG_GT: 1
INPUT_PORT:  []
OUT_PORT:  []
DATA_MEM:  [946, 441]
---------------------------------------
DEBUG    root:machine.py:309 MOD 5
TICK: 45836 PC:  10 ADDR:   0 MEM_OUT: 946 ACC: 946 BUFF: 946 DC: 0 FLAG_ZERO: False FLAG_LT: 0 FLAG_GT: 1
INPUT_PORT:  []
OUT_PORT:  []
DATA_MEM:  [946, 441]
---------------------------------------
DEBUG    root:machine.py:309 CMP 0
TICK: 45840 PC:  11 ADDR:   0 MEM_OUT: 946 ACC: 1 BUFF: 946 DC: 0 FLAG_ZERO: False FLAG_LT: 0 FLAG_GT: 1
INPUT_PORT:  []
OUT_PORT:  []
DATA_MEM:  [946, 441]
---------------------------------------
DEBUG    root:machine.py:309 JE 18
TICK: 45843 PC:  12 ADDR:   0 MEM_OUT: 946 ACC: 1 BUFF: 946 DC: 0 FLAG_ZERO: False FLAG_LT: 0 FLAG_GT: 1
INPUT_PORT:  []
OUT_PORT:  []
DATA_MEM:  [946, 441]
---------------------------------------
DEBUG    root:machine.py:309 JMP 0
TICK: 45846 PC:  13 ADDR:   0 MEM_OUT: 946 ACC: 1 BUFF: 946 DC: 0 FLAG_ZERO: False FLAG_LT: 0 FLAG_GT: 1
INPUT_PORT:  []
OUT_PORT:  []
DATA_MEM:  [946, 441]
---------------------------------------
DEBUG    root:machine.py:309 LD 0
TICK: 45849 PC:   0 ADDR:   0 MEM_OUT: 946 ACC: 1 BUFF: 946 DC: 0 FLAG_ZERO: False FLAG_LT: 0 FLAG_GT: 1
INPUT_PORT:  []
OUT_PORT:  []
DATA_MEM:  [946, 441]
---------------------------------------
DEBUG    root:machine.py:309 INC 
TICK: 45853 PC:   1 ADDR:   0 MEM_OUT: 946 ACC: 946 BUFF: 946 DC: 0 FLAG_ZERO: False FLAG_LT: 0 FLAG_GT: 1
INPUT_PORT:  []
OUT_PORT:  []
DATA_MEM:  [946, 441]
---------------------------------------
DEBUG    root:machine.py:309 ST 0
TICK: 45856 PC:   2 ADDR:   0 MEM_OUT: 946 ACC: 947 BUFF: 946 DC: 0 FLAG_ZERO: False FLAG_LT: 0 FLAG_GT: 1
INPUT_PORT:  []
OUT_PORT:  []
DATA_MEM:  [946, 441]
---------------------------------------
DEBUG    root:machine.py:309 CMP 1000
TICK: 45860 PC:   3 ADDR:   0 MEM_OUT: 947 ACC: 947 BUFF: 946 DC: 0 FLAG_ZERO: False FLAG_LT: 0 FLAG_GT: 1
INPUT_PORT:  []
OUT_PORT:  []
DATA_MEM:  [947, 441]
---------------------------------------
DEBUG    root:machine.py:309 JGE 22
TICK: 45863 PC:   4 ADDR:   0 MEM_OUT: 947 ACC: 947 BUFF: 946 DC: 0 FLAG_ZERO: False FLAG_LT: 1 FLAG_GT: 0
INPUT_PORT:  []
OUT_PORT:  []
DATA_MEM:  [947, 441]
---------------------------------------
DEBUG    root:machine.py:309 LD 0
TICK: 45866 PC:   5 ADDR:   0 MEM_OUT: 947 ACC: 947 BUFF: 946 DC: 0 FLAG_ZERO: False FLAG_LT: 1 FLAG_GT: 0
INPUT_PORT:  []
OUT_PORT:  []
DATA_MEM:  [947, 441]
---------------------------------------
DEBUG    root:machine.py:309 MOD 3
TICK: 45870 PC:   6 ADDR:   0 MEM_OUT: 947 ACC: 947 BUFF: 946 DC: 0 FLAG_ZERO: False FLAG_LT: 1 FLAG_GT: 0
INPUT_PORT:  []
OUT_PORT:  []
DATA_MEM:  [947, 441]
---------------------------------------
DEBUG    root:machine.py:309 CMP 0
TICK: 45874 PC:   7 ADDR:   0 MEM_OUT: 947 ACC: 2 BUFF: 947 DC: 0 FLAG_ZERO: False FLAG_LT: 1 FLAG_GT: 0
INPUT_PORT:  []
OUT_PORT:  []
DATA_MEM:  [947, 441]
---------------------------------------
DEBUG    root:machine.py:309 JE 14
TICK: 45877 PC:   8 ADDR:   0 MEM_OUT: 947 ACC: 2 BUFF: 947 DC: 0 FLAG_ZERO: False FLAG_LT: 0 FLAG_GT: 1
INPUT_PORT:  []
OUT_PORT:  []
DATA_MEM:  [947, 441]
---------------------------------------
DEBUG    root:machine.py:309 LD 0
TICK: 45880 PC:   9 ADDR:   0 MEM_OUT: 947 ACC: 2 BUFF: 947 DC: 0 FLAG_ZERO: False FLAG_LT: 0 FLAG_GT: 1
INPUT_PORT:  []
OUT_PORT:  []
DATA_MEM:  [947, 441]
---------------------------------------
DEBUG    root:machine.py:309 MOD 5
TICK: 45884 PC:  10 ADDR:   0 MEM_OUT: 947 ACC: 947 BUFF: 947 DC: 0 FLAG_ZERO: False FLAG_LT: 0 FLAG_GT: 1
INPUT_PORT:  []
OUT_PORT:  []
DATA_MEM:  [947, 441]
---------------------------------------
DEBUG    root:machine.py:309 CMP 0
TICK: 45888 PC:  11 ADDR:   0 MEM_OUT: 947 ACC: 2 BUFF: 947 DC: 0 FLAG_ZERO: False FLAG_LT: 0 FLAG_GT: 1
INPUT_PORT:  []
OUT_PORT:  []
DATA_MEM:  [947, 441]
---------------------------------------
DEBUG    root:machine.py:309 JE 18
TICK: 45891 PC:  12 ADDR:   0 MEM_OUT: 947 ACC: 2 BUFF: 947 DC: 0 FLAG_ZERO: False FLAG_LT: 0 FLAG_GT: 1
INPUT_PORT:  []
OUT_PORT:  []
DATA_MEM:  [947, 441]
---------------------------------------
DEBUG    root:machine.py:309 JMP 0
TICK: 45894 PC:  13 ADDR:   0 MEM_OUT: 947 ACC: 2 BUFF: 947 DC: 0 FLAG_ZERO: False FLAG_LT: 0 FLAG_GT: 1
INPUT_PORT:  []
OUT_PORT:  []
DATA_MEM:  [947, 441]
---------------------------------------
DEBUG    root:machine.py:309 LD 0
TICK: 45897 PC:   0 ADDR:   0 MEM_OUT: 947 ACC: 2 BUFF: 947 DC: 0 FLAG_ZERO: False FLAG_LT: 0 FLAG_GT: 1
INPUT_PORT:  []
OUT_PORT:  []
DATA_MEM:  [947, 441]
---------------------------------------
DEBUG    root:machine.py:309 INC 
TICK: 45901 PC:   1 ADDR:   0 MEM_OUT: 947 ACC: 947 BUFF: 947 DC: 0 FLAG_ZERO: False FLAG_LT: 0 FLAG_GT: 1
INPUT_PORT:  []
OUT_PORT:  []
DATA_MEM:  [947, 441]
---------------------------------------
DEBUG    root:machine.py:309 ST 0
TICK: 45904 PC:   2 ADDR:   0 MEM_OUT: 947 ACC: 948 BUFF: 947 DC: 0 FLAG_ZERO: False FLAG_LT: 0 FLAG_GT: 1
INPUT_PORT:  []
OUT_PORT:  []
DATA_MEM:  [947, 441]
---------------------------------------
DEBUG    root:machine.py:309 CMP 1000
TICK: 45908 PC:   3 ADDR:   0 MEM_OUT: 948 ACC: 948 BUFF: 947 DC: 0 FLAG_ZERO: False FLAG_LT: 0 FLAG_GT: 1
INPUT_PORT:  []
OUT_PORT:  []
DATA_MEM:  [948, 441]
---------------------------------------
DEBUG    root:machine.py:309 JGE 22
TICK: 45911 PC:   4 ADDR:   0 MEM_OUT: 948 ACC: 948 BUFF: 947 DC: 0 FLAG_ZERO: False FLAG_LT: 1 FLAG_GT: 0
INPUT_PORT:  []
OUT_PORT:  []
DATA_MEM:  [948, 441]
---------------------------------------
DEBUG    root:machine.py:309 LD 0
TICK: 45914 PC:   5 ADDR:   0 MEM_OUT: 948 ACC: 948 BUFF: 947 DC: 0 FLAG_ZERO: False FLAG_LT: 1 FLAG_GT: 0
INPUT_PORT:  []
OUT_PORT:  []
DATA_MEM:  [948, 441]
---------------------------------------
DEBUG    root:machine.py:309 MOD 3
TICK: 45918 PC:   6 ADDR:   0 MEM_OUT: 948 ACC: 948 BUFF: 947 DC: 0 FLAG_ZERO: False FLAG_LT: 1 FLAG_GT: 0
INPUT_PORT:  []
OUT_PORT:  []
DATA_MEM:  [948, 441]
---------------------------------------
DEBUG    root:machine.py:309 CMP 0
TICK: 45922 PC:   7 ADDR:   0 MEM_OUT: 948 ACC: 0 BUFF: 948 DC: 0 FLAG_ZERO: False FLAG_LT: 1 FLAG_GT: 0
INPUT_PORT:  []
OUT_PORT:  []
DATA_MEM:  [948, 441]
---------------------------------------
DEBUG    root:machine.py:309 JE 14
TICK: 45925 PC:   8 ADDR:   0 MEM_OUT: 948 ACC: 0 BUFF: 948 DC: 0 FLAG_ZERO: True FLAG_LT: 0 FLAG_GT: 0
INPUT_PORT:  []
OUT_PORT:  []
DATA_MEM:  [948, 441]
---------------------------------------
DEBUG    root:machine.py:309 LD 4
TICK: 45928 PC:  14 ADDR:   0 MEM_OUT: 948 ACC: 0 BUFF: 948 DC: 0 FLAG_ZERO: True FLAG_LT: 0 FLAG_GT: 0
INPUT_PORT:  []
OUT_PORT:  []
DATA_MEM:  [948, 441]
---------------------------------------
DEBUG    root:machine.py:309 INC 
TICK: 45932 PC:  15 ADDR:   1 MEM_OUT: 441 ACC: 441 BUFF: 948 DC: 0 FLAG_ZERO: True FLAG_LT: 0 FLAG_GT: 0
INPUT_PORT:  []
OUT_PORT:  []
DATA_MEM:  [948, 441]
---------------------------------------
DEBUG    root:machine.py:309 ST 4
TICK: 45935 PC:  16 ADDR:   1 MEM_OUT: 441 ACC: 442 BUFF: 948 DC: 0 FLAG_ZERO: True FLAG_LT: 0 FLAG_GT: 0
INPUT_PORT:  []
OUT_PORT:  []
DATA_MEM:  [948, 441]
---------------------------------------
DEBUG    root:machine.py:309 JMP 0
TICK: 45939 PC:  17 ADDR:   1 MEM_OUT: 442 ACC: 442 BUFF: 948 DC: 0 FLAG_ZERO: True FLAG_LT: 0 FLAG_GT: 0
INPUT_PORT:  []
OUT_PORT:  []
DATA_MEM:  [948, 442]
---------------------------------------
DEBUG    root:machine.py:309 LD 0
TICK: 45942 PC:   0 ADDR:   1 MEM_OUT: 442 ACC: 442 BUFF: 948 DC: 0 FLAG_ZERO: True FLAG_LT: 0 FLAG_GT: 0
INPUT_PORT:  []
OUT_PORT:  []
DATA_MEM:  [948, 442]
---------------------------------------
DEBUG    root:machine.py:309 INC 
TICK: 45946 PC:   1 ADDR:   0 MEM_OUT: 948 ACC: 948 BUFF: 948 DC: 0 FLAG_ZERO: True FLAG_LT: 0 FLAG_GT: 0
INPUT_PORT:  []
OUT_PORT:  []
DATA_MEM:  [948, 442]
---------------------------------------
DEBUG    root:machine.py:309 ST 0
TICK: 45949 PC:   2 ADDR:   0 MEM_OUT: 948 ACC: 949 BUFF: 948 DC: 0 FLAG_ZERO: True FLAG_LT: 0 FLAG_GT: 0
INPUT_PORT:  []
OUT_PORT:  []
DATA_MEM:  [948, 442]
---------------------------------------
DEBUG    root:machine.py:309 CMP 1000
TICK: 45953 PC:   3 ADDR:   0 MEM_OUT: 949 ACC: 949 BUFF: 948 DC: 0 FLAG_ZERO: True FLAG_LT: 0 FLAG_GT: 0
INPUT_PORT:  []
OUT_PORT:  []
DATA_MEM:  [949, 442]
---------------------------------------
DEBUG    root:machine.py:309 JGE 22
TICK: 45956 PC:   4 ADDR:   0 MEM_OUT: 949 ACC: 949 BUFF: 948 DC: 0 FLAG_ZERO: False FLAG_LT: 1 FLAG_GT: 0
INPUT_PORT:  []
OUT_PORT:  []
DATA_MEM:  [949, 442]
---------------------------------------
DEBUG    root:machine.py:309 LD 0
TICK: 45959 PC:   5 ADDR:   0 MEM_OUT: 949 ACC: 949 BUFF: 948 DC: 0 FLAG_ZERO: False FLAG_LT: 1 FLAG_GT: 0
INPUT_PORT:  []
OUT_PORT:  []
DATA_MEM:  [949, 442]
---------------------------------------
DEBUG    root:machine.py:309 MOD 3
TICK: 45963 PC:   6 ADDR:   0 MEM_OUT: 949 ACC: 949 BUFF: 948 DC: 0 FLAG_ZERO: False FLAG_LT: 1 FLAG_GT: 0
INPUT_PORT:  []
OUT_PORT:  []
DATA_MEM:  [949, 442]
---------------------------------------
DEBUG    root:machine.py:309 CMP 0
TICK: 45967 PC:   7 ADDR:   0 MEM_OUT: 949 ACC: 1 BUFF: 949 DC: 0 FLAG_ZERO: False FLAG_LT: 1 FLAG_GT: 0
INPUT_PORT:  []
OUT_PORT:  []
DATA_MEM:  [949, 442]
---------------------------------------
DEBUG    root:machine.py:309 JE 14
TICK: 45970 PC:   8 ADDR:   0 MEM_OUT: 949 ACC: 1 BUFF: 949 DC: 0 FLAG_ZERO: False FLAG_LT: 0 FLAG_GT: 1
INPUT_PORT:  []
OUT_PORT:  []
DATA_MEM:  [949, 442]
---------------------------------------
DEBUG    root:machine.py:309 LD 0
TICK: 45973 PC:   9 ADDR:   0 MEM_OUT: 949 ACC: 1 BUFF: 949 DC: 0 FLAG_ZERO: False FLAG_LT: 0 FLAG_GT: 1
INPUT_PORT:  []
OUT_PORT:  []
DATA_MEM:  [949, 442]
---------------------------------------
DEBUG    root:machine.py:309 MOD 5
TICK: 45977 PC:  10 ADDR:   0 MEM_OUT: 949 ACC: 949 BUFF: 949 DC: 0 FLAG_ZERO: False FLAG_LT: 0 FLAG_GT: 1
INPUT_PORT:  []
OUT_PORT:  []
DATA_MEM:  [949, 442]
---------------------------------------
DEBUG    root:machine.py:309 CMP 0
TICK: 45981 PC:  11 ADDR:   0 MEM_OUT: 949 ACC: 4 BUFF: 949 DC: 0 FLAG_ZERO: False FLAG_LT: 0 FLAG_GT: 1
INPUT_PORT:  []
OUT_PORT:  []
DATA_MEM:  [949, 442]
---------------------------------------
DEBUG    root:machine.py:309 JE 18
TICK: 45984 PC:  12 ADDR:   0 MEM_OUT: 949 ACC: 4 BUFF: 949 DC: 0 FLAG_ZERO: False FLAG_LT: 0 FLAG_GT: 1
INPUT_PORT:  []
OUT_PORT:  []
DATA_MEM:  [949, 442]
---------------------------------------
DEBUG    root:machine.py:309 JMP 0
TICK: 45987 PC:  13 ADDR:   0 MEM_OUT: 949 ACC: 4 BUFF: 949 DC: 0 FLAG_ZERO: False FLAG_LT: 0 FLAG_GT: 1
INPUT_PORT:  []
OUT_PORT:  []
DATA_MEM:  [949, 442]
---------------------------------------
DEBUG    root:machine.py:309 LD 0
TICK: 45990 PC:   0 ADDR:   0 MEM_OUT: 949 ACC: 4 BUFF: 949 DC: 0 FLAG_ZERO: False FLAG_LT: 0 FLAG_GT: 1
INPUT_PORT:  []
OUT_PORT:  []
DATA_MEM:  [949, 442]
---------------------------------------
DEBUG    root:machine.py:309 INC 
TICK: 45994 PC:   1 ADDR:   0 MEM_OUT: 949 ACC: 949 BUFF: 949 DC: 0 FLAG_ZERO: False FLAG_LT: 0 FLAG_GT: 1
INPUT_PORT:  []
OUT_PORT:  []
DATA_MEM:  [949, 442]
---------------------------------------
DEBUG    root:machine.py:309 ST 0
TICK: 45997 PC:   2 ADDR:   0 MEM_OUT: 949 ACC: 950 BUFF: 949 DC: 0 FLAG_ZERO: False FLAG_LT: 0 FLAG_GT: 1
INPUT_PORT:  []
OUT_PORT:  []
DATA_MEM:  [949, 442]
---------------------------------------
DEBUG    root:machine.py:309 CMP 1000
TICK: 46001 PC:   3 ADDR:   0 MEM_OUT: 950 ACC: 950 BUFF: 949 DC: 0 FLAG_ZERO: False FLAG_LT: 0 FLAG_GT: 1
INPUT_PORT:  []
OUT_PORT:  []
DATA_MEM:  [950, 442]
---------------------------------------
DEBUG    root:machine.py:309 JGE 22
TICK: 46004 PC:   4 ADDR:   0 MEM_OUT: 950 ACC: 950 BUFF: 949 DC: 0 FLAG_ZERO: False FLAG_LT: 1 FLAG_GT: 0
INPUT_PORT:  []
OUT_PORT:  []
DATA_MEM:  [950, 442]
---------------------------------------
DEBUG    root:machine.py:309 LD 0
TICK: 46007 PC:   5 ADDR:   0 MEM_OUT: 950 ACC: 950 BUFF: 949 DC: 0 FLAG_ZERO: False FLAG_LT: 1 FLAG_GT: 0
INPUT_PORT:  []
OUT_PORT:  []
DATA_MEM:  [950, 442]
---------------------------------------
DEBUG    root:machine.py:309 MOD 3
TICK: 46011 PC:   6 ADDR:   0 MEM_OUT: 950 ACC: 950 BUFF: 949 DC: 0 FLAG_ZERO: False FLAG_LT: 1 FLAG_GT: 0
INPUT_PORT:  []
OUT_PORT:  []
DATA_MEM:  [950, 442]
---------------------------------------
DEBUG    root:machine.py:309 CMP 0
TICK: 46015 PC:   7 ADDR:   0 MEM_OUT: 950 ACC: 2 BUFF: 950 DC: 0 FLAG_ZERO: False FLAG_LT: 1 FLAG_GT: 0
INPUT_PORT:  []
OUT_PORT:  []
DATA_MEM:  [950, 442]
---------------------------------------
DEBUG    root:machine.py:309 JE 14
TICK: 46018 PC:   8 ADDR:   0 MEM_OUT: 950 ACC: 2 BUFF: 950 DC: 0 FLAG_ZERO: False FLAG_LT: 0 FLAG_GT: 1
INPUT_PORT:  []
OUT_PORT:  []
DATA_MEM:  [950, 442]
---------------------------------------
DEBUG    root:machine.py:309 LD 0
TICK: 46021 PC:   9 ADDR:   0 MEM_OUT: 950 ACC: 2 BUFF: 950 DC: 0 FLAG_ZERO: False FLAG_LT: 0 FLAG_GT: 1
INPUT_PORT:  []
OUT_PORT:  []
DATA_MEM:  [950, 442]
---------------------------------------
DEBUG    root:machine.py:309 MOD 5
TICK: 46025 PC:  10 ADDR:   0 MEM_OUT: 950 ACC: 950 BUFF: 950 DC: 0 FLAG_ZERO: False FLAG_LT: 0 FLAG_GT: 1
INPUT_PORT:  []
OUT_PORT:  []
DATA_MEM:  [950, 442]
---------------------------------------
DEBUG    root:machine.py:309 CMP 0
TICK: 46029 PC:  11 ADDR:   0 MEM_OUT: 950 ACC: 0 BUFF: 950 DC: 0 FLAG_ZERO: False FLAG_LT: 0 FLAG_GT: 1
INPUT_PORT:  []
OUT_PORT:  []
DATA_MEM:  [950, 442]
---------------------------------------
DEBUG    root:machine.py:309 JE 18
TICK: 46032 PC:  12 ADDR:   0 MEM_OUT: 950 ACC: 0 BUFF: 950 DC: 0 FLAG_ZERO: True FLAG_LT: 0 FLAG_GT: 0
INPUT_PORT:  []
OUT_PORT:  []
DATA_MEM:  [950, 442]
---------------------------------------
DEBUG    root:machine.py:309 LD 4
TICK: 46035 PC:  18 ADDR:   0 MEM_OUT: 950 ACC: 0 BUFF: 950 DC: 0 FLAG_ZERO: True FLAG_LT: 0 FLAG_GT: 0
INPUT_PORT:  []
OUT_PORT:  []
DATA_MEM:  [950, 442]
---------------------------------------
DEBUG    root:machine.py:309 INC 
TICK: 46039 PC:  19 ADDR:   1 MEM_OUT: 442 ACC: 442 BUFF: 950 DC: 0 FLAG_ZERO: True FLAG_LT: 0 FLAG_GT: 0
INPUT_PORT:  []
OUT_PORT:  []
DATA_MEM:  [950, 442]
---------------------------------------
DEBUG    root:machine.py:309 ST 4
TICK: 46042 PC:  20 ADDR:   1 MEM_OUT: 442 ACC: 443 BUFF: 950 DC: 0 FLAG_ZERO: True FLAG_LT: 0 FLAG_GT: 0
INPUT_PORT:  []
OUT_PORT:  []
DATA_MEM:  [950, 442]
---------------------------------------
DEBUG    root:machine.py:309 JMP 0
TICK: 46046 PC:  21 ADDR:   1 MEM_OUT: 443 ACC: 443 BUFF: 950 DC: 0 FLAG_ZERO: True FLAG_LT: 0 FLAG_GT: 0
INPUT_PORT:  []
OUT_PORT:  []
DATA_MEM:  [950, 443]
---------------------------------------
DEBUG    root:machine.py:309 LD 0
TICK: 46049 PC:   0 ADDR:   1 MEM_OUT: 443 ACC: 443 BUFF: 950 DC: 0 FLAG_ZERO: True FLAG_LT: 0 FLAG_GT: 0
INPUT_PORT:  []
OUT_PORT:  []
DATA_MEM:  [950, 443]
---------------------------------------
DEBUG    root:machine.py:309 INC 
TICK: 46053 PC:   1 ADDR:   0 MEM_OUT: 950 ACC: 950 BUFF: 950 DC: 0 FLAG_ZERO: True FLAG_LT: 0 FLAG_GT: 0
INPUT_PORT:  []
OUT_PORT:  []
DATA_MEM:  [950, 443]
---------------------------------------
DEBUG    root:machine.py:309 ST 0
TICK: 46056 PC:   2 ADDR:   0 MEM_OUT: 950 ACC: 951 BUFF: 950 DC: 0 FLAG_ZERO: True FLAG_LT: 0 FLAG_GT: 0
INPUT_PORT:  []
OUT_PORT:  []
DATA_MEM:  [950, 443]
---------------------------------------
DEBUG    root:machine.py:309 CMP 1000
TICK: 46060 PC:   3 ADDR:   0 MEM_OUT: 951 ACC: 951 BUFF: 950 DC: 0 FLAG_ZERO: True FLAG_LT: 0 FLAG_GT: 0
INPUT_PORT:  []
OUT_PORT:  []
DATA_MEM:  [951, 443]
---------------------------------------
DEBUG    root:machine.py:309 JGE 22
TICK: 46063 PC:   4 ADDR:   0 MEM_OUT: 951 ACC: 951 BUFF: 950 DC: 0 FLAG_ZERO: False FLAG_LT: 1 FLAG_GT: 0
INPUT_PORT:  []
OUT_PORT:  []
DATA_MEM:  [951, 443]
---------------------------------------
DEBUG    root:machine.py:309 LD 0
TICK: 46066 PC:   5 ADDR:   0 MEM_OUT: 951 ACC: 951 BUFF: 950 DC: 0 FLAG_ZERO: False FLAG_LT: 1 FLAG_GT: 0
INPUT_PORT:  []
OUT_PORT:  []
DATA_MEM:  [951, 443]
---------------------------------------
DEBUG    root:machine.py:309 MOD 3
TICK: 46070 PC:   6 ADDR:   0 MEM_OUT: 951 ACC: 951 BUFF: 950 DC: 0 FLAG_ZERO: False FLAG_LT: 1 FLAG_GT: 0
INPUT_PORT:  []
OUT_PORT:  []
DATA_MEM:  [951, 443]
---------------------------------------
DEBUG    root:machine.py:309 CMP 0
TICK: 46074 PC:   7 ADDR:   0 MEM_OUT: 951 ACC: 0 BUFF: 951 DC: 0 FLAG_ZERO: False FLAG_LT: 1 FLAG_GT: 0
INPUT_PORT:  []
OUT_PORT:  []
DATA_MEM:  [951, 443]
---------------------------------------
DEBUG    root:machine.py:309 JE 14
TICK: 46077 PC:   8 ADDR:   0 MEM_OUT: 951 ACC: 0 BUFF: 951 DC: 0 FLAG_ZERO: True FLAG_LT: 0 FLAG_GT: 0
INPUT_PORT:  []
OUT_PORT:  []
DATA_MEM:  [951, 443]
---------------------------------------
DEBUG    root:machine.py:309 LD 4
TICK: 46080 PC:  14 ADDR:   0 MEM_OUT: 951 ACC: 0 BUFF: 951 DC: 0 FLAG_ZERO: True FLAG_LT: 0 FLAG_GT: 0
INPUT_PORT:  []
OUT_PORT:  []
DATA_MEM:  [951, 443]
---------------------------------------
DEBUG    root:machine.py:309 INC 
TICK: 46084 PC:  15 ADDR:   1 MEM_OUT: 443 ACC: 443 BUFF: 951 DC: 0 FLAG_ZERO: True FLAG_LT: 0 FLAG_GT: 0
INPUT_PORT:  []
OUT_PORT:  []
DATA_MEM:  [951, 443]
---------------------------------------
DEBUG    root:machine.py:309 ST 4
TICK: 46087 PC:  16 ADDR:   1 MEM_OUT: 443 ACC: 444 BUFF: 951 DC: 0 FLAG_ZERO: True FLAG_LT: 0 FLAG_GT: 0
INPUT_PORT:  []
OUT_PORT:  []
DATA_MEM:  [951, 443]
---------------------------------------
DEBUG    root:machine.py:309 JMP 0
TICK: 46091 PC:  17 ADDR:   1 MEM_OUT: 444 ACC: 444 BUFF: 951 DC: 0 FLAG_ZERO: True FLAG_LT: 0 FLAG_GT: 0
INPUT_PORT:  []
OUT_PORT:  []
DATA_MEM:  [951, 444]
---------------------------------------
DEBUG    root:machine.py:309 LD 0
TICK: 46094 PC:   0 ADDR:   1 MEM_OUT: 444 ACC: 444 BUFF: 951 DC: 0 FLAG_ZERO: True FLAG_LT: 0 FLAG_GT: 0
INPUT_PORT:  []
OUT_PORT:  []
DATA_MEM:  [951, 444]
---------------------------------------
DEBUG    root:machine.py:309 INC 
TICK: 46098 PC:   1 ADDR:   0 MEM_OUT: 951 ACC: 951 BUFF: 951 DC: 0 FLAG_ZERO: True FLAG_LT: 0 FLAG_GT: 0
INPUT_PORT:  []
OUT_PORT:  []
DATA_MEM:  [951, 444]
---------------------------------------
DEBUG    root:machine.py:309 ST 0
TICK: 46101 PC:   2 ADDR:   0 MEM_OUT: 951 ACC: 952 BUFF: 951 DC: 0 FLAG_ZERO: True FLAG_LT: 0 FLAG_GT: 0
INPUT_PORT:  []
OUT_PORT:  []
DATA_MEM:  [951, 444]
---------------------------------------
DEBUG    root:machine.py:309 CMP 1000
TICK: 46105 PC:   3 ADDR:   0 MEM_OUT: 952 ACC: 952 BUFF: 951 DC: 0 FLAG_ZERO: True FLAG_LT: 0 FLAG_GT: 0
INPUT_PORT:  []
OUT_PORT:  []
DATA_MEM:  [952, 444]
---------------------------------------
DEBUG    root:machine.py:309 JGE 22
TICK: 46108 PC:   4 ADDR:   0 MEM_OUT: 952 ACC: 952 BUFF: 951 DC: 0 FLAG_ZERO: False FLAG_LT: 1 FLAG_GT: 0
INPUT_PORT:  []
OUT_PORT:  []
DATA_MEM:  [952, 444]
---------------------------------------
DEBUG    root:machine.py:309 LD 0
TICK: 46111 PC:   5 ADDR:   0 MEM_OUT: 952 ACC: 952 BUFF: 951 DC: 0 FLAG_ZERO: False FLAG_LT: 1 FLAG_GT: 0
INPUT_PORT:  []
OUT_PORT:  []
DATA_MEM:  [952, 444]
---------------------------------------
DEBUG    root:machine.py:309 MOD 3
TICK: 46115 PC:   6 ADDR:   0 MEM_OUT: 952 ACC: 952 BUFF: 951 DC: 0 FLAG_ZERO: False FLAG_LT: 1 FLAG_GT: 0
INPUT_PORT:  []
OUT_PORT:  []
DATA_MEM:  [952, 444]
---------------------------------------
DEBUG    root:machine.py:309 CMP 0
TICK: 46119 PC:   7 ADDR:   0 MEM_OUT: 952 ACC: 1 BUFF: 952 DC: 0 FLAG_ZERO: False FLAG_LT: 1 FLAG_GT: 0
INPUT_PORT:  []
OUT_PORT:  []
DATA_MEM:  [952, 444]
---------------------------------------
DEBUG    root:machine.py:309 JE 14
TICK: 46122 PC:   8 ADDR:   0 MEM_OUT: 952 ACC: 1 BUFF: 952 DC: 0 FLAG_ZERO: False FLAG_LT: 0 FLAG_GT: 1
INPUT_PORT:  []
OUT_PORT:  []
DATA_MEM:  [952, 444]
---------------------------------------
DEBUG    root:machine.py:309 LD 0
TICK: 46125 PC:   9 ADDR:   0 MEM_OUT: 952 ACC: 1 BUFF: 952 DC: 0 FLAG_ZERO: False FLAG_LT: 0 FLAG_GT: 1
INPUT_PORT:  []
OUT_PORT:  []
DATA_MEM:  [952, 444]
---------------------------------------
DEBUG    root:machine.py:309 MOD 5
TICK: 46129 PC:  10 ADDR:   0 MEM_OUT: 952 ACC: 952 BUFF: 952 DC: 0 FLAG_ZERO: False FLAG_LT: 0 FLAG_GT: 1
INPUT_PORT:  []
OUT_PORT:  []
DATA_MEM:  [952, 444]
---------------------------------------
DEBUG    root:machine.py:309 CMP 0
TICK: 46133 PC:  11 ADDR:   0 MEM_OUT: 952 ACC: 2 BUFF: 952 DC: 0 FLAG_ZERO: False FLAG_LT: 0 FLAG_GT: 1
INPUT_PORT:  []
OUT_PORT:  []
DATA_MEM:  [952, 444]
---------------------------------------
DEBUG    root:machine.py:309 JE 18
TICK: 46136 PC:  12 ADDR:   0 MEM_OUT: 952 ACC: 2 BUFF: 952 DC: 0 FLAG_ZERO: False FLAG_LT: 0 FLAG_GT: 1
INPUT_PORT:  []
OUT_PORT:  []
DATA_MEM:  [952, 444]
---------------------------------------
DEBUG    root:machine.py:309 JMP 0
TICK: 46139 PC:  13 ADDR:   0 MEM_OUT: 952 ACC: 2 BUFF: 952 DC: 0 FLAG_ZERO: False FLAG_LT: 0 FLAG_GT: 1
INPUT_PORT:  []
OUT_PORT:  []
DATA_MEM:  [952, 444]
---------------------------------------
DEBUG    root:machine.py:309 LD 0
TICK: 46142 PC:   0 ADDR:   0 MEM_OUT: 952 ACC: 2 BUFF: 952 DC: 0 FLAG_ZERO: False FLAG_LT: 0 FLAG_GT: 1
INPUT_PORT:  []
OUT_PORT:  []
DATA_MEM:  [952, 444]
---------------------------------------
DEBUG    root:machine.py:309 INC 
TICK: 46146 PC:   1 ADDR:   0 MEM_OUT: 952 ACC: 952 BUFF: 952 DC: 0 FLAG_ZERO: False FLAG_LT: 0 FLAG_GT: 1
INPUT_PORT:  []
OUT_PORT:  []
DATA_MEM:  [952, 444]
---------------------------------------
DEBUG    root:machine.py:309 ST 0
TICK: 46149 PC:   2 ADDR:   0 MEM_OUT: 952 ACC: 953 BUFF: 952 DC: 0 FLAG_ZERO: False FLAG_LT: 0 FLAG_GT: 1
INPUT_PORT:  []
OUT_PORT:  []
DATA_MEM:  [952, 444]
---------------------------------------
DEBUG    root:machine.py:309 CMP 1000
TICK: 46153 PC:   3 ADDR:   0 MEM_OUT: 953 ACC: 953 BUFF: 952 DC: 0 FLAG_ZERO: False FLAG_LT: 0 FLAG_GT: 1
INPUT_PORT:  []
OUT_PORT:  []
DATA_MEM:  [953, 444]
---------------------------------------
DEBUG    root:machine.py:309 JGE 22
TICK: 46156 PC:   4 ADDR:   0 MEM_OUT: 953 ACC: 953 BUFF: 952 DC: 0 FLAG_ZERO: False FLAG_LT: 1 FLAG_GT: 0
INPUT_PORT:  []
OUT_PORT:  []
DATA_MEM:  [953, 444]
---------------------------------------
DEBUG    root:machine.py:309 LD 0
TICK: 46159 PC:   5 ADDR:   0 MEM_OUT: 953 ACC: 953 BUFF: 952 DC: 0 FLAG_ZERO: False FLAG_LT: 1 FLAG_GT: 0
INPUT_PORT:  []
OUT_PORT:  []
DATA_MEM:  [953, 444]
---------------------------------------
DEBUG    root:machine.py:309 MOD 3
TICK: 46163 PC:   6 ADDR:   0 MEM_OUT: 953 ACC: 953 BUFF: 952 DC: 0 FLAG_ZERO: False FLAG_LT: 1 FLAG_GT: 0
INPUT_PORT:  []
OUT_PORT:  []
DATA_MEM:  [953, 444]
---------------------------------------
DEBUG    root:machine.py:309 CMP 0
TICK: 46167 PC:   7 ADDR:   0 MEM_OUT: 953 ACC: 2 BUFF: 953 DC: 0 FLAG_ZERO: False FLAG_LT: 1 FLAG_GT: 0
INPUT_PORT:  []
OUT_PORT:  []
DATA_MEM:  [953, 444]
---------------------------------------
DEBUG    root:machine.py:309 JE 14
TICK: 46170 PC:   8 ADDR:   0 MEM_OUT: 953 ACC: 2 BUFF: 953 DC: 0 FLAG_ZERO: False FLAG_LT: 0 FLAG_GT: 1
INPUT_PORT:  []
OUT_PORT:  []
DATA_MEM:  [953, 444]
---------------------------------------
DEBUG    root:machine.py:309 LD 0
TICK: 46173 PC:   9 ADDR:   0 MEM_OUT: 953 ACC: 2 BUFF: 953 DC: 0 FLAG_ZERO: False FLAG_LT: 0 FLAG_GT: 1
INPUT_PORT:  []
OUT_PORT:  []
DATA_MEM:  [953, 444]
---------------------------------------
DEBUG    root:machine.py:309 MOD 5
TICK: 46177 PC:  10 ADDR:   0 MEM_OUT: 953 ACC: 953 BUFF: 953 DC: 0 FLAG_ZERO: False FLAG_LT: 0 FLAG_GT: 1
INPUT_PORT:  []
OUT_PORT:  []
DATA_MEM:  [953, 444]
---------------------------------------
DEBUG    root:machine.py:309 CMP 0
TICK: 46181 PC:  11 ADDR:   0 MEM_OUT: 953 ACC: 3 BUFF: 953 DC: 0 FLAG_ZERO: False FLAG_LT: 0 FLAG_GT: 1
INPUT_PORT:  []
OUT_PORT:  []
DATA_MEM:  [953, 444]
---------------------------------------
DEBUG    root:machine.py:309 JE 18
TICK: 46184 PC:  12 ADDR:   0 MEM_OUT: 953 ACC: 3 BUFF: 953 DC: 0 FLAG_ZERO: False FLAG_LT: 0 FLAG_GT: 1
INPUT_PORT:  []
OUT_PORT:  []
DATA_MEM:  [953, 444]
---------------------------------------
DEBUG    root:machine.py:309 JMP 0
TICK: 46187 PC:  13 ADDR:   0 MEM_OUT: 953 ACC: 3 BUFF: 953 DC: 0 FLAG_ZERO: False FLAG_LT: 0 FLAG_GT: 1
INPUT_PORT:  []
OUT_PORT:  []
DATA_MEM:  [953, 444]
---------------------------------------
DEBUG    root:machine.py:309 LD 0
TICK: 46190 PC:   0 ADDR:   0 MEM_OUT: 953 ACC: 3 BUFF: 953 DC: 0 FLAG_ZERO: False FLAG_LT: 0 FLAG_GT: 1
INPUT_PORT:  []
OUT_PORT:  []
DATA_MEM:  [953, 444]
---------------------------------------
DEBUG    root:machine.py:309 INC 
TICK: 46194 PC:   1 ADDR:   0 MEM_OUT: 953 ACC: 953 BUFF: 953 DC: 0 FLAG_ZERO: False FLAG_LT: 0 FLAG_GT: 1
INPUT_PORT:  []
OUT_PORT:  []
DATA_MEM:  [953, 444]
---------------------------------------
DEBUG    root:machine.py:309 ST 0
TICK: 46197 PC:   2 ADDR:   0 MEM_OUT: 953 ACC: 954 BUFF: 953 DC: 0 FLAG_ZERO: False FLAG_LT: 0 FLAG_GT: 1
INPUT_PORT:  []
OUT_PORT:  []
DATA_MEM:  [953, 444]
---------------------------------------
DEBUG    root:machine.py:309 CMP 1000
TICK: 46201 PC:   3 ADDR:   0 MEM_OUT: 954 ACC: 954 BUFF: 953 DC: 0 FLAG_ZERO: False FLAG_LT: 0 FLAG_GT: 1
INPUT_PORT:  []
OUT_PORT:  []
DATA_MEM:  [954, 444]
---------------------------------------
DEBUG    root:machine.py:309 JGE 22
TICK: 46204 PC:   4 ADDR:   0 MEM_OUT: 954 ACC: 954 BUFF: 953 DC: 0 FLAG_ZERO: False FLAG_LT: 1 FLAG_GT: 0
INPUT_PORT:  []
OUT_PORT:  []
DATA_MEM:  [954, 444]
---------------------------------------
DEBUG    root:machine.py:309 LD 0
TICK: 46207 PC:   5 ADDR:   0 MEM_OUT: 954 ACC: 954 BUFF: 953 DC: 0 FLAG_ZERO: False FLAG_LT: 1 FLAG_GT: 0
INPUT_PORT:  []
OUT_PORT:  []
DATA_MEM:  [954, 444]
---------------------------------------
DEBUG    root:machine.py:309 MOD 3
TICK: 46211 PC:   6 ADDR:   0 MEM_OUT: 954 ACC: 954 BUFF: 953 DC: 0 FLAG_ZERO: False FLAG_LT: 1 FLAG_GT: 0
INPUT_PORT:  []
OUT_PORT:  []
DATA_MEM:  [954, 444]
---------------------------------------
DEBUG    root:machine.py:309 CMP 0
TICK: 46215 PC:   7 ADDR:   0 MEM_OUT: 954 ACC: 0 BUFF: 954 DC: 0 FLAG_ZERO: False FLAG_LT: 1 FLAG_GT: 0
INPUT_PORT:  []
OUT_PORT:  []
DATA_MEM:  [954, 444]
---------------------------------------
DEBUG    root:machine.py:309 JE 14
TICK: 46218 PC:   8 ADDR:   0 MEM_OUT: 954 ACC: 0 BUFF: 954 DC: 0 FLAG_ZERO: True FLAG_LT: 0 FLAG_GT: 0
INPUT_PORT:  []
OUT_PORT:  []
DATA_MEM:  [954, 444]
---------------------------------------
DEBUG    root:machine.py:309 LD 4
TICK: 46221 PC:  14 ADDR:   0 MEM_OUT: 954 ACC: 0 BUFF: 954 DC: 0 FLAG_ZERO: True FLAG_LT: 0 FLAG_GT: 0
INPUT_PORT:  []
OUT_PORT:  []
DATA_MEM:  [954, 444]
---------------------------------------
DEBUG    root:machine.py:309 INC 
TICK: 46225 PC:  15 ADDR:   1 MEM_OUT: 444 ACC: 444 BUFF: 954 DC: 0 FLAG_ZERO: True FLAG_LT: 0 FLAG_GT: 0
INPUT_PORT:  []
OUT_PORT:  []
DATA_MEM:  [954, 444]
---------------------------------------
DEBUG    root:machine.py:309 ST 4
TICK: 46228 PC:  16 ADDR:   1 MEM_OUT: 444 ACC: 445 BUFF: 954 DC: 0 FLAG_ZERO: True FLAG_LT: 0 FLAG_GT: 0
INPUT_PORT:  []
OUT_PORT:  []
DATA_MEM:  [954, 444]
---------------------------------------
DEBUG    root:machine.py:309 JMP 0
TICK: 46232 PC:  17 ADDR:   1 MEM_OUT: 445 ACC: 445 BUFF: 954 DC: 0 FLAG_ZERO: True FLAG_LT: 0 FLAG_GT: 0
INPUT_PORT:  []
OUT_PORT:  []
DATA_MEM:  [954, 445]
---------------------------------------
DEBUG    root:machine.py:309 LD 0
TICK: 46235 PC:   0 ADDR:   1 MEM_OUT: 445 ACC: 445 BUFF: 954 DC: 0 FLAG_ZERO: True FLAG_LT: 0 FLAG_GT: 0
INPUT_PORT:  []
OUT_PORT:  []
DATA_MEM:  [954, 445]
---------------------------------------
DEBUG    root:machine.py:309 INC 
TICK: 46239 PC:   1 ADDR:   0 MEM_OUT: 954 ACC: 954 BUFF: 954 DC: 0 FLAG_ZERO: True FLAG_LT: 0 FLAG_GT: 0
INPUT_PORT:  []
OUT_PORT:  []
DATA_MEM:  [954, 445]
---------------------------------------
DEBUG    root:machine.py:309 ST 0
TICK: 46242 PC:   2 ADDR:   0 MEM_OUT: 954 ACC: 955 BUFF: 954 DC: 0 FLAG_ZERO: True FLAG_LT: 0 FLAG_GT: 0
INPUT_PORT:  []
OUT_PORT:  []
DATA_MEM:  [954, 445]
---------------------------------------
DEBUG    root:machine.py:309 CMP 1000
TICK: 46246 PC:   3 ADDR:   0 MEM_OUT: 955 ACC: 955 BUFF: 954 DC: 0 FLAG_ZERO: True FLAG_LT: 0 FLAG_GT: 0
INPUT_PORT:  []
OUT_PORT:  []
DATA_MEM:  [955, 445]
---------------------------------------
DEBUG    root:machine.py:309 JGE 22
TICK: 46249 PC:   4 ADDR:   0 MEM_OUT: 955 ACC: 955 BUFF: 954 DC: 0 FLAG_ZERO: False FLAG_LT: 1 FLAG_GT: 0
INPUT_PORT:  []
OUT_PORT:  []
DATA_MEM:  [955, 445]
---------------------------------------
DEBUG    root:machine.py:309 LD 0
TICK: 46252 PC:   5 ADDR:   0 MEM_OUT: 955 ACC: 955 BUFF: 954 DC: 0 FLAG_ZERO: False FLAG_LT: 1 FLAG_GT: 0
INPUT_PORT:  []
OUT_PORT:  []
DATA_MEM:  [955, 445]
---------------------------------------
DEBUG    root:machine.py:309 MOD 3
TICK: 46256 PC:   6 ADDR:   0 MEM_OUT: 955 ACC: 955 BUFF: 954 DC: 0 FLAG_ZERO: False FLAG_LT: 1 FLAG_GT: 0
INPUT_PORT:  []
OUT_PORT:  []
DATA_MEM:  [955, 445]
---------------------------------------
DEBUG    root:machine.py:309 CMP 0
TICK: 46260 PC:   7 ADDR:   0 MEM_OUT: 955 ACC: 1 BUFF: 955 DC: 0 FLAG_ZERO: False FLAG_LT: 1 FLAG_GT: 0
INPUT_PORT:  []
OUT_PORT:  []
DATA_MEM:  [955, 445]
---------------------------------------
DEBUG    root:machine.py:309 JE 14
TICK: 46263 PC:   8 ADDR:   0 MEM_OUT: 955 ACC: 1 BUFF: 955 DC: 0 FLAG_ZERO: False FLAG_LT: 0 FLAG_GT: 1
INPUT_PORT:  []
OUT_PORT:  []
DATA_MEM:  [955, 445]
---------------------------------------
DEBUG    root:machine.py:309 LD 0
TICK: 46266 PC:   9 ADDR:   0 MEM_OUT: 955 ACC: 1 BUFF: 955 DC: 0 FLAG_ZERO: False FLAG_LT: 0 FLAG_GT: 1
INPUT_PORT:  []
OUT_PORT:  []
DATA_MEM:  [955, 445]
---------------------------------------
DEBUG    root:machine.py:309 MOD 5
TICK: 46270 PC:  10 ADDR:   0 MEM_OUT: 955 ACC: 955 BUFF: 955 DC: 0 FLAG_ZERO: False FLAG_LT: 0 FLAG_GT: 1
INPUT_PORT:  []
OUT_PORT:  []
DATA_MEM:  [955, 445]
---------------------------------------
DEBUG    root:machine.py:309 CMP 0
TICK: 46274 PC:  11 ADDR:   0 MEM_OUT: 955 ACC: 0 BUFF: 955 DC: 0 FLAG_ZERO: False FLAG_LT: 0 FLAG_GT: 1
INPUT_PORT:  []
OUT_PORT:  []
DATA_MEM:  [955, 445]
---------------------------------------
DEBUG    root:machine.py:309 JE 18
TICK: 46277 PC:  12 ADDR:   0 MEM_OUT: 955 ACC: 0 BUFF: 955 DC: 0 FLAG_ZERO: True FLAG_LT: 0 FLAG_GT: 0
INPUT_PORT:  []
OUT_PORT:  []
DATA_MEM:  [955, 445]
---------------------------------------
DEBUG    root:machine.py:309 LD 4
TICK: 46280 PC:  18 ADDR:   0 MEM_OUT: 955 ACC: 0 BUFF: 955 DC: 0 FLAG_ZERO: True FLAG_LT: 0 FLAG_GT: 0
INPUT_PORT:  []
OUT_PORT:  []
DATA_MEM:  [955, 445]
---------------------------------------
DEBUG    root:machine.py:309 INC 
TICK: 46284 PC:  19 ADDR:   1 MEM_OUT: 445 ACC: 445 BUFF: 955 DC: 0 FLAG_ZERO: True FLAG_LT: 0 FLAG_GT: 0
INPUT_PORT:  []
OUT_PORT:  []
DATA_MEM:  [955, 445]
---------------------------------------
DEBUG    root:machine.py:309 ST 4
TICK: 46287 PC:  20 ADDR:   1 MEM_OUT: 445 ACC: 446 BUFF: 955 DC: 0 FLAG_ZERO: True FLAG_LT: 0 FLAG_GT: 0
INPUT_PORT:  []
OUT_PORT:  []
DATA_MEM:  [955, 445]
---------------------------------------
DEBUG    root:machine.py:309 JMP 0
TICK: 46291 PC:  21 ADDR:   1 MEM_OUT: 446 ACC: 446 BUFF: 955 DC: 0 FLAG_ZERO: True FLAG_LT: 0 FLAG_GT: 0
INPUT_PORT:  []
OUT_PORT:  []
DATA_MEM:  [955, 446]
---------------------------------------
DEBUG    root:machine.py:309 LD 0
TICK: 46294 PC:   0 ADDR:   1 MEM_OUT: 446 ACC: 446 BUFF: 955 DC: 0 FLAG_ZERO: True FLAG_LT: 0 FLAG_GT: 0
INPUT_PORT:  []
OUT_PORT:  []
DATA_MEM:  [955, 446]
---------------------------------------
DEBUG    root:machine.py:309 INC 
TICK: 46298 PC:   1 ADDR:   0 MEM_OUT: 955 ACC: 955 BUFF: 955 DC: 0 FLAG_ZERO: True FLAG_LT: 0 FLAG_GT: 0
INPUT_PORT:  []
OUT_PORT:  []
DATA_MEM:  [955, 446]
---------------------------------------
DEBUG    root:machine.py:309 ST 0
TICK: 46301 PC:   2 ADDR:   0 MEM_OUT: 955 ACC: 956 BUFF: 955 DC: 0 FLAG_ZERO: True FLAG_LT: 0 FLAG_GT: 0
INPUT_PORT:  []
OUT_PORT:  []
DATA_MEM:  [955, 446]
---------------------------------------
DEBUG    root:machine.py:309 CMP 1000
TICK: 46305 PC:   3 ADDR:   0 MEM_OUT: 956 ACC: 956 BUFF: 955 DC: 0 FLAG_ZERO: True FLAG_LT: 0 FLAG_GT: 0
INPUT_PORT:  []
OUT_PORT:  []
DATA_MEM:  [956, 446]
---------------------------------------
DEBUG    root:machine.py:309 JGE 22
TICK: 46308 PC:   4 ADDR:   0 MEM_OUT: 956 ACC: 956 BUFF: 955 DC: 0 FLAG_ZERO: False FLAG_LT: 1 FLAG_GT: 0
INPUT_PORT:  []
OUT_PORT:  []
DATA_MEM:  [956, 446]
---------------------------------------
DEBUG    root:machine.py:309 LD 0
TICK: 46311 PC:   5 ADDR:   0 MEM_OUT: 956 ACC: 956 BUFF: 955 DC: 0 FLAG_ZERO: False FLAG_LT: 1 FLAG_GT: 0
INPUT_PORT:  []
OUT_PORT:  []
DATA_MEM:  [956, 446]
---------------------------------------
DEBUG    root:machine.py:309 MOD 3
TICK: 46315 PC:   6 ADDR:   0 MEM_OUT: 956 ACC: 956 BUFF: 955 DC: 0 FLAG_ZERO: False FLAG_LT: 1 FLAG_GT: 0
INPUT_PORT:  []
OUT_PORT:  []
DATA_MEM:  [956, 446]
---------------------------------------
DEBUG    root:machine.py:309 CMP 0
TICK: 46319 PC:   7 ADDR:   0 MEM_OUT: 956 ACC: 2 BUFF: 956 DC: 0 FLAG_ZERO: False FLAG_LT: 1 FLAG_GT: 0
INPUT_PORT:  []
OUT_PORT:  []
DATA_MEM:  [956, 446]
---------------------------------------
DEBUG    root:machine.py:309 JE 14
TICK: 46322 PC:   8 ADDR:   0 MEM_OUT: 956 ACC: 2 BUFF: 956 DC: 0 FLAG_ZERO: False FLAG_LT: 0 FLAG_GT: 1
INPUT_PORT:  []
OUT_PORT:  []
DATA_MEM:  [956, 446]
---------------------------------------
DEBUG    root:machine.py:309 LD 0
TICK: 46325 PC:   9 ADDR:   0 MEM_OUT: 956 ACC: 2 BUFF: 956 DC: 0 FLAG_ZERO: False FLAG_LT: 0 FLAG_GT: 1
INPUT_PORT:  []
OUT_PORT:  []
DATA_MEM:  [956, 446]
---------------------------------------
DEBUG    root:machine.py:309 MOD 5
TICK: 46329 PC:  10 ADDR:   0 MEM_OUT: 956 ACC: 956 BUFF: 956 DC: 0 FLAG_ZERO: False FLAG_LT: 0 FLAG_GT: 1
INPUT_PORT:  []
OUT_PORT:  []
DATA_MEM:  [956, 446]
---------------------------------------
DEBUG    root:machine.py:309 CMP 0
TICK: 46333 PC:  11 ADDR:   0 MEM_OUT: 956 ACC: 1 BUFF: 956 DC: 0 FLAG_ZERO: False FLAG_LT: 0 FLAG_GT: 1
INPUT_PORT:  []
OUT_PORT:  []
DATA_MEM:  [956, 446]
---------------------------------------
DEBUG    root:machine.py:309 JE 18
TICK: 46336 PC:  12 ADDR:   0 MEM_OUT: 956 ACC: 1 BUFF: 956 DC: 0 FLAG_ZERO: False FLAG_LT: 0 FLAG_GT: 1
INPUT_PORT:  []
OUT_PORT:  []
DATA_MEM:  [956, 446]
---------------------------------------
DEBUG    root:machine.py:309 JMP 0
TICK: 46339 PC:  13 ADDR:   0 MEM_OUT: 956 ACC: 1 BUFF: 956 DC: 0 FLAG_ZERO: False FLAG_LT: 0 FLAG_GT: 1
INPUT_PORT:  []
OUT_PORT:  []
DATA_MEM:  [956, 446]
---------------------------------------
DEBUG    root:machine.py:309 LD 0
TICK: 46342 PC:   0 ADDR:   0 MEM_OUT: 956 ACC: 1 BUFF: 956 DC: 0 FLAG_ZERO: False FLAG_LT: 0 FLAG_GT: 1
INPUT_PORT:  []
OUT_PORT:  []
DATA_MEM:  [956, 446]
---------------------------------------
DEBUG    root:machine.py:309 INC 
TICK: 46346 PC:   1 ADDR:   0 MEM_OUT: 956 ACC: 956 BUFF: 956 DC: 0 FLAG_ZERO: False FLAG_LT: 0 FLAG_GT: 1
INPUT_PORT:  []
OUT_PORT:  []
DATA_MEM:  [956, 446]
---------------------------------------
DEBUG    root:machine.py:309 ST 0
TICK: 46349 PC:   2 ADDR:   0 MEM_OUT: 956 ACC: 957 BUFF: 956 DC: 0 FLAG_ZERO: False FLAG_LT: 0 FLAG_GT: 1
INPUT_PORT:  []
OUT_PORT:  []
DATA_MEM:  [956, 446]
---------------------------------------
DEBUG    root:machine.py:309 CMP 1000
TICK: 46353 PC:   3 ADDR:   0 MEM_OUT: 957 ACC: 957 BUFF: 956 DC: 0 FLAG_ZERO: False FLAG_LT: 0 FLAG_GT: 1
INPUT_PORT:  []
OUT_PORT:  []
DATA_MEM:  [957, 446]
---------------------------------------
DEBUG    root:machine.py:309 JGE 22
TICK: 46356 PC:   4 ADDR:   0 MEM_OUT: 957 ACC: 957 BUFF: 956 DC: 0 FLAG_ZERO: False FLAG_LT: 1 FLAG_GT: 0
INPUT_PORT:  []
OUT_PORT:  []
DATA_MEM:  [957, 446]
---------------------------------------
DEBUG    root:machine.py:309 LD 0
TICK: 46359 PC:   5 ADDR:   0 MEM_OUT: 957 ACC: 957 BUFF: 956 DC: 0 FLAG_ZERO: False FLAG_LT: 1 FLAG_GT: 0
INPUT_PORT:  []
OUT_PORT:  []
DATA_MEM:  [957, 446]
---------------------------------------
DEBUG    root:machine.py:309 MOD 3
TICK: 46363 PC:   6 ADDR:   0 MEM_OUT: 957 ACC: 957 BUFF: 956 DC: 0 FLAG_ZERO: False FLAG_LT: 1 FLAG_GT: 0
INPUT_PORT:  []
OUT_PORT:  []
DATA_MEM:  [957, 446]
---------------------------------------
DEBUG    root:machine.py:309 CMP 0
TICK: 46367 PC:   7 ADDR:   0 MEM_OUT: 957 ACC: 0 BUFF: 957 DC: 0 FLAG_ZERO: False FLAG_LT: 1 FLAG_GT: 0
INPUT_PORT:  []
OUT_PORT:  []
DATA_MEM:  [957, 446]
---------------------------------------
DEBUG    root:machine.py:309 JE 14
TICK: 46370 PC:   8 ADDR:   0 MEM_OUT: 957 ACC: 0 BUFF: 957 DC: 0 FLAG_ZERO: True FLAG_LT: 0 FLAG_GT: 0
INPUT_PORT:  []
OUT_PORT:  []
DATA_MEM:  [957, 446]
---------------------------------------
DEBUG    root:machine.py:309 LD 4
TICK: 46373 PC:  14 ADDR:   0 MEM_OUT: 957 ACC: 0 BUFF: 957 DC: 0 FLAG_ZERO: True FLAG_LT: 0 FLAG_GT: 0
INPUT_PORT:  []
OUT_PORT:  []
DATA_MEM:  [957, 446]
---------------------------------------
DEBUG    root:machine.py:309 INC 
TICK: 46377 PC:  15 ADDR:   1 MEM_OUT: 446 ACC: 446 BUFF: 957 DC: 0 FLAG_ZERO: True FLAG_LT: 0 FLAG_GT: 0
INPUT_PORT:  []
OUT_PORT:  []
DATA_MEM:  [957, 446]
---------------------------------------
DEBUG    root:machine.py:309 ST 4
TICK: 46380 PC:  16 ADDR:   1 MEM_OUT: 446 ACC: 447 BUFF: 957 DC: 0 FLAG_ZERO: True FLAG_LT: 0 FLAG_GT: 0
INPUT_PORT:  []
OUT_PORT:  []
DATA_MEM:  [957, 446]
---------------------------------------
DEBUG    root:machine.py:309 JMP 0
TICK: 46384 PC:  17 ADDR:   1 MEM_OUT: 447 ACC: 447 BUFF: 957 DC: 0 FLAG_ZERO: True FLAG_LT: 0 FLAG_GT: 0
INPUT_PORT:  []
OUT_PORT:  []
DATA_MEM:  [957, 447]
---------------------------------------
DEBUG    root:machine.py:309 LD 0
TICK: 46387 PC:   0 ADDR:   1 MEM_OUT: 447 ACC: 447 BUFF: 957 DC: 0 FLAG_ZERO: True FLAG_LT: 0 FLAG_GT: 0
INPUT_PORT:  []
OUT_PORT:  []
DATA_MEM:  [957, 447]
---------------------------------------
DEBUG    root:machine.py:309 INC 
TICK: 46391 PC:   1 ADDR:   0 MEM_OUT: 957 ACC: 957 BUFF: 957 DC: 0 FLAG_ZERO: True FLAG_LT: 0 FLAG_GT: 0
INPUT_PORT:  []
OUT_PORT:  []
DATA_MEM:  [957, 447]
---------------------------------------
DEBUG    root:machine.py:309 ST 0
TICK: 46394 PC:   2 ADDR:   0 MEM_OUT: 957 ACC: 958 BUFF: 957 DC: 0 FLAG_ZERO: True FLAG_LT: 0 FLAG_GT: 0
INPUT_PORT:  []
OUT_PORT:  []
DATA_MEM:  [957, 447]
---------------------------------------
DEBUG    root:machine.py:309 CMP 1000
TICK: 46398 PC:   3 ADDR:   0 MEM_OUT: 958 ACC: 958 BUFF: 957 DC: 0 FLAG_ZERO: True FLAG_LT: 0 FLAG_GT: 0
INPUT_PORT:  []
OUT_PORT:  []
DATA_MEM:  [958, 447]
---------------------------------------
DEBUG    root:machine.py:309 JGE 22
TICK: 46401 PC:   4 ADDR:   0 MEM_OUT: 958 ACC: 958 BUFF: 957 DC: 0 FLAG_ZERO: False FLAG_LT: 1 FLAG_GT: 0
INPUT_PORT:  []
OUT_PORT:  []
DATA_MEM:  [958, 447]
---------------------------------------
DEBUG    root:machine.py:309 LD 0
TICK: 46404 PC:   5 ADDR:   0 MEM_OUT: 958 ACC: 958 BUFF: 957 DC: 0 FLAG_ZERO: False FLAG_LT: 1 FLAG_GT: 0
INPUT_PORT:  []
OUT_PORT:  []
DATA_MEM:  [958, 447]
---------------------------------------
DEBUG    root:machine.py:309 MOD 3
TICK: 46408 PC:   6 ADDR:   0 MEM_OUT: 958 ACC: 958 BUFF: 957 DC: 0 FLAG_ZERO: False FLAG_LT: 1 FLAG_GT: 0
INPUT_PORT:  []
OUT_PORT:  []
DATA_MEM:  [958, 447]
---------------------------------------
DEBUG    root:machine.py:309 CMP 0
TICK: 46412 PC:   7 ADDR:   0 MEM_OUT: 958 ACC: 1 BUFF: 958 DC: 0 FLAG_ZERO: False FLAG_LT: 1 FLAG_GT: 0
INPUT_PORT:  []
OUT_PORT:  []
DATA_MEM:  [958, 447]
---------------------------------------
DEBUG    root:machine.py:309 JE 14
TICK: 46415 PC:   8 ADDR:   0 MEM_OUT: 958 ACC: 1 BUFF: 958 DC: 0 FLAG_ZERO: False FLAG_LT: 0 FLAG_GT: 1
INPUT_PORT:  []
OUT_PORT:  []
DATA_MEM:  [958, 447]
---------------------------------------
DEBUG    root:machine.py:309 LD 0
TICK: 46418 PC:   9 ADDR:   0 MEM_OUT: 958 ACC: 1 BUFF: 958 DC: 0 FLAG_ZERO: False FLAG_LT: 0 FLAG_GT: 1
INPUT_PORT:  []
OUT_PORT:  []
DATA_MEM:  [958, 447]
---------------------------------------
DEBUG    root:machine.py:309 MOD 5
TICK: 46422 PC:  10 ADDR:   0 MEM_OUT: 958 ACC: 958 BUFF: 958 DC: 0 FLAG_ZERO: False FLAG_LT: 0 FLAG_GT: 1
INPUT_PORT:  []
OUT_PORT:  []
DATA_MEM:  [958, 447]
---------------------------------------
DEBUG    root:machine.py:309 CMP 0
TICK: 46426 PC:  11 ADDR:   0 MEM_OUT: 958 ACC: 3 BUFF: 958 DC: 0 FLAG_ZERO: False FLAG_LT: 0 FLAG_GT: 1
INPUT_PORT:  []
OUT_PORT:  []
DATA_MEM:  [958, 447]
---------------------------------------
DEBUG    root:machine.py:309 JE 18
TICK: 46429 PC:  12 ADDR:   0 MEM_OUT: 958 ACC: 3 BUFF: 958 DC: 0 FLAG_ZERO: False FLAG_LT: 0 FLAG_GT: 1
INPUT_PORT:  []
OUT_PORT:  []
DATA_MEM:  [958, 447]
---------------------------------------
DEBUG    root:machine.py:309 JMP 0
TICK: 46432 PC:  13 ADDR:   0 MEM_OUT: 958 ACC: 3 BUFF: 958 DC: 0 FLAG_ZERO: False FLAG_LT: 0 FLAG_GT: 1
INPUT_PORT:  []
OUT_PORT:  []
DATA_MEM:  [958, 447]
---------------------------------------
DEBUG    root:machine.py:309 LD 0
TICK: 46435 PC:   0 ADDR:   0 MEM_OUT: 958 ACC: 3 BUFF: 958 DC: 0 FLAG_ZERO: False FLAG_LT: 0 FLAG_GT: 1
INPUT_PORT:  []
OUT_PORT:  []
DATA_MEM:  [958, 447]
---------------------------------------
DEBUG    root:machine.py:309 INC 
TICK: 46439 PC:   1 ADDR:   0 MEM_OUT: 958 ACC: 958 BUFF: 958 DC: 0 FLAG_ZERO: False FLAG_LT: 0 FLAG_GT: 1
INPUT_PORT:  []
OUT_PORT:  []
DATA_MEM:  [958, 447]
---------------------------------------
DEBUG    root:machine.py:309 ST 0
TICK: 46442 PC:   2 ADDR:   0 MEM_OUT: 958 ACC: 959 BUFF: 958 DC: 0 FLAG_ZERO: False FLAG_LT: 0 FLAG_GT: 1
INPUT_PORT:  []
OUT_PORT:  []
DATA_MEM:  [958, 447]
---------------------------------------
DEBUG    root:machine.py:309 CMP 1000
TICK: 46446 PC:   3 ADDR:   0 MEM_OUT: 959 ACC: 959 BUFF: 958 DC: 0 FLAG_ZERO: False FLAG_LT: 0 FLAG_GT: 1
INPUT_PORT:  []
OUT_PORT:  []
DATA_MEM:  [959, 447]
---------------------------------------
DEBUG    root:machine.py:309 JGE 22
TICK: 46449 PC:   4 ADDR:   0 MEM_OUT: 959 ACC: 959 BUFF: 958 DC: 0 FLAG_ZERO: False FLAG_LT: 1 FLAG_GT: 0
INPUT_PORT:  []
OUT_PORT:  []
DATA_MEM:  [959, 447]
---------------------------------------
DEBUG    root:machine.py:309 LD 0
TICK: 46452 PC:   5 ADDR:   0 MEM_OUT: 959 ACC: 959 BUFF: 958 DC: 0 FLAG_ZERO: False FLAG_LT: 1 FLAG_GT: 0
INPUT_PORT:  []
OUT_PORT:  []
DATA_MEM:  [959, 447]
---------------------------------------
DEBUG    root:machine.py:309 MOD 3
TICK: 46456 PC:   6 ADDR:   0 MEM_OUT: 959 ACC: 959 BUFF: 958 DC: 0 FLAG_ZERO: False FLAG_LT: 1 FLAG_GT: 0
INPUT_PORT:  []
OUT_PORT:  []
DATA_MEM:  [959, 447]
---------------------------------------
DEBUG    root:machine.py:309 CMP 0
TICK: 46460 PC:   7 ADDR:   0 MEM_OUT: 959 ACC: 2 BUFF: 959 DC: 0 FLAG_ZERO: False FLAG_LT: 1 FLAG_GT: 0
INPUT_PORT:  []
OUT_PORT:  []
DATA_MEM:  [959, 447]
---------------------------------------
DEBUG    root:machine.py:309 JE 14
TICK: 46463 PC:   8 ADDR:   0 MEM_OUT: 959 ACC: 2 BUFF: 959 DC: 0 FLAG_ZERO: False FLAG_LT: 0 FLAG_GT: 1
INPUT_PORT:  []
OUT_PORT:  []
DATA_MEM:  [959, 447]
---------------------------------------
DEBUG    root:machine.py:309 LD 0
TICK: 46466 PC:   9 ADDR:   0 MEM_OUT: 959 ACC: 2 BUFF: 959 DC: 0 FLAG_ZERO: False FLAG_LT: 0 FLAG_GT: 1
INPUT_PORT:  []
OUT_PORT:  []
DATA_MEM:  [959, 447]
---------------------------------------
DEBUG    root:machine.py:309 MOD 5
TICK: 46470 PC:  10 ADDR:   0 MEM_OUT: 959 ACC: 959 BUFF: 959 DC: 0 FLAG_ZERO: False FLAG_LT: 0 FLAG_GT: 1
INPUT_PORT:  []
OUT_PORT:  []
DATA_MEM:  [959, 447]
---------------------------------------
DEBUG    root:machine.py:309 CMP 0
TICK: 46474 PC:  11 ADDR:   0 MEM_OUT: 959 ACC: 4 BUFF: 959 DC: 0 FLAG_ZERO: False FLAG_LT: 0 FLAG_GT: 1
INPUT_PORT:  []
OUT_PORT:  []
DATA_MEM:  [959, 447]
---------------------------------------
DEBUG    root:machine.py:309 JE 18
TICK: 46477 PC:  12 ADDR:   0 MEM_OUT: 959 ACC: 4 BUFF: 959 DC: 0 FLAG_ZERO: False FLAG_LT: 0 FLAG_GT: 1
INPUT_PORT:  []
OUT_PORT:  []
DATA_MEM:  [959, 447]
---------------------------------------
DEBUG    root:machine.py:309 JMP 0
TICK: 46480 PC:  13 ADDR:   0 MEM_OUT: 959 ACC: 4 BUFF: 959 DC: 0 FLAG_ZERO: False FLAG_LT: 0 FLAG_GT: 1
INPUT_PORT:  []
OUT_PORT:  []
DATA_MEM:  [959, 447]
---------------------------------------
DEBUG    root:machine.py:309 LD 0
TICK: 46483 PC:   0 ADDR:   0 MEM_OUT: 959 ACC: 4 BUFF: 959 DC: 0 FLAG_ZERO: False FLAG_LT: 0 FLAG_GT: 1
INPUT_PORT:  []
OUT_PORT:  []
DATA_MEM:  [959, 447]
---------------------------------------
DEBUG    root:machine.py:309 INC 
TICK: 46487 PC:   1 ADDR:   0 MEM_OUT: 959 ACC: 959 BUFF: 959 DC: 0 FLAG_ZERO: False FLAG_LT: 0 FLAG_GT: 1
INPUT_PORT:  []
OUT_PORT:  []
DATA_MEM:  [959, 447]
---------------------------------------
DEBUG    root:machine.py:309 ST 0
TICK: 46490 PC:   2 ADDR:   0 MEM_OUT: 959 ACC: 960 BUFF: 959 DC: 0 FLAG_ZERO: False FLAG_LT: 0 FLAG_GT: 1
INPUT_PORT:  []
OUT_PORT:  []
DATA_MEM:  [959, 447]
---------------------------------------
DEBUG    root:machine.py:309 CMP 1000
TICK: 46494 PC:   3 ADDR:   0 MEM_OUT: 960 ACC: 960 BUFF: 959 DC: 0 FLAG_ZERO: False FLAG_LT: 0 FLAG_GT: 1
INPUT_PORT:  []
OUT_PORT:  []
DATA_MEM:  [960, 447]
---------------------------------------
DEBUG    root:machine.py:309 JGE 22
TICK: 46497 PC:   4 ADDR:   0 MEM_OUT: 960 ACC: 960 BUFF: 959 DC: 0 FLAG_ZERO: False FLAG_LT: 1 FLAG_GT: 0
INPUT_PORT:  []
OUT_PORT:  []
DATA_MEM:  [960, 447]
---------------------------------------
DEBUG    root:machine.py:309 LD 0
TICK: 46500 PC:   5 ADDR:   0 MEM_OUT: 960 ACC: 960 BUFF: 959 DC: 0 FLAG_ZERO: False FLAG_LT: 1 FLAG_GT: 0
INPUT_PORT:  []
OUT_PORT:  []
DATA_MEM:  [960, 447]
---------------------------------------
DEBUG    root:machine.py:309 MOD 3
TICK: 46504 PC:   6 ADDR:   0 MEM_OUT: 960 ACC: 960 BUFF: 959 DC: 0 FLAG_ZERO: False FLAG_LT: 1 FLAG_GT: 0
INPUT_PORT:  []
OUT_PORT:  []
DATA_MEM:  [960, 447]
---------------------------------------
DEBUG    root:machine.py:309 CMP 0
TICK: 46508 PC:   7 ADDR:   0 MEM_OUT: 960 ACC: 0 BUFF: 960 DC: 0 FLAG_ZERO: False FLAG_LT: 1 FLAG_GT: 0
INPUT_PORT:  []
OUT_PORT:  []
DATA_MEM:  [960, 447]
---------------------------------------
DEBUG    root:machine.py:309 JE 14
TICK: 46511 PC:   8 ADDR:   0 MEM_OUT: 960 ACC: 0 BUFF: 960 DC: 0 FLAG_ZERO: True FLAG_LT: 0 FLAG_GT: 0
INPUT_PORT:  []
OUT_PORT:  []
DATA_MEM:  [960, 447]
---------------------------------------
DEBUG    root:machine.py:309 LD 4
TICK: 46514 PC:  14 ADDR:   0 MEM_OUT: 960 ACC: 0 BUFF: 960 DC: 0 FLAG_ZERO: True FLAG_LT: 0 FLAG_GT: 0
INPUT_PORT:  []
OUT_PORT:  []
DATA_MEM:  [960, 447]
---------------------------------------
DEBUG    root:machine.py:309 INC 
TICK: 46518 PC:  15 ADDR:   1 MEM_OUT: 447 ACC: 447 BUFF: 960 DC: 0 FLAG_ZERO: True FLAG_LT: 0 FLAG_GT: 0
INPUT_PORT:  []
OUT_PORT:  []
DATA_MEM:  [960, 447]
---------------------------------------
DEBUG    root:machine.py:309 ST 4
TICK: 46521 PC:  16 ADDR:   1 MEM_OUT: 447 ACC: 448 BUFF: 960 DC: 0 FLAG_ZERO: True FLAG_LT: 0 FLAG_GT: 0
INPUT_PORT:  []
OUT_PORT:  []
DATA_MEM:  [960, 447]
---------------------------------------
DEBUG    root:machine.py:309 JMP 0
TICK: 46525 PC:  17 ADDR:   1 MEM_OUT: 448 ACC: 448 BUFF: 960 DC: 0 FLAG_ZERO: True FLAG_LT: 0 FLAG_GT: 0
INPUT_PORT:  []
OUT_PORT:  []
DATA_MEM:  [960, 448]
---------------------------------------
DEBUG    root:machine.py:309 LD 0
TICK: 46528 PC:   0 ADDR:   1 MEM_OUT: 448 ACC: 448 BUFF: 960 DC: 0 FLAG_ZERO: True FLAG_LT: 0 FLAG_GT: 0
INPUT_PORT:  []
OUT_PORT:  []
DATA_MEM:  [960, 448]
---------------------------------------
DEBUG    root:machine.py:309 INC 
TICK: 46532 PC:   1 ADDR:   0 MEM_OUT: 960 ACC: 960 BUFF: 960 DC: 0 FLAG_ZERO: True FLAG_LT: 0 FLAG_GT: 0
INPUT_PORT:  []
OUT_PORT:  []
DATA_MEM:  [960, 448]
---------------------------------------
DEBUG    root:machine.py:309 ST 0
TICK: 46535 PC:   2 ADDR:   0 MEM_OUT: 960 ACC: 961 BUFF: 960 DC: 0 FLAG_ZERO: True FLAG_LT: 0 FLAG_GT: 0
INPUT_PORT:  []
OUT_PORT:  []
DATA_MEM:  [960, 448]
---------------------------------------
DEBUG    root:machine.py:309 CMP 1000
TICK: 46539 PC:   3 ADDR:   0 MEM_OUT: 961 ACC: 961 BUFF: 960 DC: 0 FLAG_ZERO: True FLAG_LT: 0 FLAG_GT: 0
INPUT_PORT:  []
OUT_PORT:  []
DATA_MEM:  [961, 448]
---------------------------------------
DEBUG    root:machine.py:309 JGE 22
TICK: 46542 PC:   4 ADDR:   0 MEM_OUT: 961 ACC: 961 BUFF: 960 DC: 0 FLAG_ZERO: False FLAG_LT: 1 FLAG_GT: 0
INPUT_PORT:  []
OUT_PORT:  []
DATA_MEM:  [961, 448]
---------------------------------------
DEBUG    root:machine.py:309 LD 0
TICK: 46545 PC:   5 ADDR:   0 MEM_OUT: 961 ACC: 961 BUFF: 960 DC: 0 FLAG_ZERO: False FLAG_LT: 1 FLAG_GT: 0
INPUT_PORT:  []
OUT_PORT:  []
DATA_MEM:  [961, 448]
---------------------------------------
DEBUG    root:machine.py:309 MOD 3
TICK: 46549 PC:   6 ADDR:   0 MEM_OUT: 961 ACC: 961 BUFF: 960 DC: 0 FLAG_ZERO: False FLAG_LT: 1 FLAG_GT: 0
INPUT_PORT:  []
OUT_PORT:  []
DATA_MEM:  [961, 448]
---------------------------------------
DEBUG    root:machine.py:309 CMP 0
TICK: 46553 PC:   7 ADDR:   0 MEM_OUT: 961 ACC: 1 BUFF: 961 DC: 0 FLAG_ZERO: False FLAG_LT: 1 FLAG_GT: 0
INPUT_PORT:  []
OUT_PORT:  []
DATA_MEM:  [961, 448]
---------------------------------------
DEBUG    root:machine.py:309 JE 14
TICK: 46556 PC:   8 ADDR:   0 MEM_OUT: 961 ACC: 1 BUFF: 961 DC: 0 FLAG_ZERO: False FLAG_LT: 0 FLAG_GT: 1
INPUT_PORT:  []
OUT_PORT:  []
DATA_MEM:  [961, 448]
---------------------------------------
DEBUG    root:machine.py:309 LD 0
TICK: 46559 PC:   9 ADDR:   0 MEM_OUT: 961 ACC: 1 BUFF: 961 DC: 0 FLAG_ZERO: False FLAG_LT: 0 FLAG_GT: 1
INPUT_PORT:  []
OUT_PORT:  []
DATA_MEM:  [961, 448]
---------------------------------------
DEBUG    root:machine.py:309 MOD 5
TICK: 46563 PC:  10 ADDR:   0 MEM_OUT: 961 ACC: 961 BUFF: 961 DC: 0 FLAG_ZERO: False FLAG_LT: 0 FLAG_GT: 1
INPUT_PORT:  []
OUT_PORT:  []
DATA_MEM:  [961, 448]
---------------------------------------
DEBUG    root:machine.py:309 CMP 0
TICK: 46567 PC:  11 ADDR:   0 MEM_OUT: 961 ACC: 1 BUFF: 961 DC: 0 FLAG_ZERO: False FLAG_LT: 0 FLAG_GT: 1
INPUT_PORT:  []
OUT_PORT:  []
DATA_MEM:  [961, 448]
---------------------------------------
DEBUG    root:machine.py:309 JE 18
TICK: 46570 PC:  12 ADDR:   0 MEM_OUT: 961 ACC: 1 BUFF: 961 DC: 0 FLAG_ZERO: False FLAG_LT: 0 FLAG_GT: 1
INPUT_PORT:  []
OUT_PORT:  []
DATA_MEM:  [961, 448]
---------------------------------------
DEBUG    root:machine.py:309 JMP 0
TICK: 46573 PC:  13 ADDR:   0 MEM_OUT: 961 ACC: 1 BUFF: 961 DC: 0 FLAG_ZERO: False FLAG_LT: 0 FLAG_GT: 1
INPUT_PORT:  []
OUT_PORT:  []
DATA_MEM:  [961, 448]
---------------------------------------
DEBUG    root:machine.py:309 LD 0
TICK: 46576 PC:   0 ADDR:   0 MEM_OUT: 961 ACC: 1 BUFF: 961 DC: 0 FLAG_ZERO: False FLAG_LT: 0 FLAG_GT: 1
INPUT_PORT:  []
OUT_PORT:  []
DATA_MEM:  [961, 448]
---------------------------------------
DEBUG    root:machine.py:309 INC 
TICK: 46580 PC:   1 ADDR:   0 MEM_OUT: 961 ACC: 961 BUFF: 961 DC: 0 FLAG_ZERO: False FLAG_LT: 0 FLAG_GT: 1
INPUT_PORT:  []
OUT_PORT:  []
DATA_MEM:  [961, 448]
---------------------------------------
DEBUG    root:machine.py:309 ST 0
TICK: 46583 PC:   2 ADDR:   0 MEM_OUT: 961 ACC: 962 BUFF: 961 DC: 0 FLAG_ZERO: False FLAG_LT: 0 FLAG_GT: 1
INPUT_PORT:  []
OUT_PORT:  []
DATA_MEM:  [961, 448]
---------------------------------------
DEBUG    root:machine.py:309 CMP 1000
TICK: 46587 PC:   3 ADDR:   0 MEM_OUT: 962 ACC: 962 BUFF: 961 DC: 0 FLAG_ZERO: False FLAG_LT: 0 FLAG_GT: 1
INPUT_PORT:  []
OUT_PORT:  []
DATA_MEM:  [962, 448]
---------------------------------------
DEBUG    root:machine.py:309 JGE 22
TICK: 46590 PC:   4 ADDR:   0 MEM_OUT: 962 ACC: 962 BUFF: 961 DC: 0 FLAG_ZERO: False FLAG_LT: 1 FLAG_GT: 0
INPUT_PORT:  []
OUT_PORT:  []
DATA_MEM:  [962, 448]
---------------------------------------
DEBUG    root:machine.py:309 LD 0
TICK: 46593 PC:   5 ADDR:   0 MEM_OUT: 962 ACC: 962 BUFF: 961 DC: 0 FLAG_ZERO: False FLAG_LT: 1 FLAG_GT: 0
INPUT_PORT:  []
OUT_PORT:  []
DATA_MEM:  [962, 448]
---------------------------------------
DEBUG    root:machine.py:309 MOD 3
TICK: 46597 PC:   6 ADDR:   0 MEM_OUT: 962 ACC: 962 BUFF: 961 DC: 0 FLAG_ZERO: False FLAG_LT: 1 FLAG_GT: 0
INPUT_PORT:  []
OUT_PORT:  []
DATA_MEM:  [962, 448]
---------------------------------------
DEBUG    root:machine.py:309 CMP 0
TICK: 46601 PC:   7 ADDR:   0 MEM_OUT: 962 ACC: 2 BUFF: 962 DC: 0 FLAG_ZERO: False FLAG_LT: 1 FLAG_GT: 0
INPUT_PORT:  []
OUT_PORT:  []
DATA_MEM:  [962, 448]
---------------------------------------
DEBUG    root:machine.py:309 JE 14
TICK: 46604 PC:   8 ADDR:   0 MEM_OUT: 962 ACC: 2 BUFF: 962 DC: 0 FLAG_ZERO: False FLAG_LT: 0 FLAG_GT: 1
INPUT_PORT:  []
OUT_PORT:  []
DATA_MEM:  [962, 448]
---------------------------------------
DEBUG    root:machine.py:309 LD 0
TICK: 46607 PC:   9 ADDR:   0 MEM_OUT: 962 ACC: 2 BUFF: 962 DC: 0 FLAG_ZERO: False FLAG_LT: 0 FLAG_GT: 1
INPUT_PORT:  []
OUT_PORT:  []
DATA_MEM:  [962, 448]
---------------------------------------
DEBUG    root:machine.py:309 MOD 5
TICK: 46611 PC:  10 ADDR:   0 MEM_OUT: 962 ACC: 962 BUFF: 962 DC: 0 FLAG_ZERO: False FLAG_LT: 0 FLAG_GT: 1
INPUT_PORT:  []
OUT_PORT:  []
DATA_MEM:  [962, 448]
---------------------------------------
DEBUG    root:machine.py:309 CMP 0
TICK: 46615 PC:  11 ADDR:   0 MEM_OUT: 962 ACC: 2 BUFF: 962 DC: 0 FLAG_ZERO: False FLAG_LT: 0 FLAG_GT: 1
INPUT_PORT:  []
OUT_PORT:  []
DATA_MEM:  [962, 448]
---------------------------------------
DEBUG    root:machine.py:309 JE 18
TICK: 46618 PC:  12 ADDR:   0 MEM_OUT: 962 ACC: 2 BUFF: 962 DC: 0 FLAG_ZERO: False FLAG_LT: 0 FLAG_GT: 1
INPUT_PORT:  []
OUT_PORT:  []
DATA_MEM:  [962, 448]
---------------------------------------
DEBUG    root:machine.py:309 JMP 0
TICK: 46621 PC:  13 ADDR:   0 MEM_OUT: 962 ACC: 2 BUFF: 962 DC: 0 FLAG_ZERO: False FLAG_LT: 0 FLAG_GT: 1
INPUT_PORT:  []
OUT_PORT:  []
DATA_MEM:  [962, 448]
---------------------------------------
DEBUG    root:machine.py:309 LD 0
TICK: 46624 PC:   0 ADDR:   0 MEM_OUT: 962 ACC: 2 BUFF: 962 DC: 0 FLAG_ZERO: False FLAG_LT: 0 FLAG_GT: 1
INPUT_PORT:  []
OUT_PORT:  []
DATA_MEM:  [962, 448]
---------------------------------------
DEBUG    root:machine.py:309 INC 
TICK: 46628 PC:   1 ADDR:   0 MEM_OUT: 962 ACC: 962 BUFF: 962 DC: 0 FLAG_ZERO: False FLAG_LT: 0 FLAG_GT: 1
INPUT_PORT:  []
OUT_PORT:  []
DATA_MEM:  [962, 448]
---------------------------------------
DEBUG    root:machine.py:309 ST 0
TICK: 46631 PC:   2 ADDR:   0 MEM_OUT: 962 ACC: 963 BUFF: 962 DC: 0 FLAG_ZERO: False FLAG_LT: 0 FLAG_GT: 1
INPUT_PORT:  []
OUT_PORT:  []
DATA_MEM:  [962, 448]
---------------------------------------
DEBUG    root:machine.py:309 CMP 1000
TICK: 46635 PC:   3 ADDR:   0 MEM_OUT: 963 ACC: 963 BUFF: 962 DC: 0 FLAG_ZERO: False FLAG_LT: 0 FLAG_GT: 1
INPUT_PORT:  []
OUT_PORT:  []
DATA_MEM:  [963, 448]
---------------------------------------
DEBUG    root:machine.py:309 JGE 22
TICK: 46638 PC:   4 ADDR:   0 MEM_OUT: 963 ACC: 963 BUFF: 962 DC: 0 FLAG_ZERO: False FLAG_LT: 1 FLAG_GT: 0
INPUT_PORT:  []
OUT_PORT:  []
DATA_MEM:  [963, 448]
---------------------------------------
DEBUG    root:machine.py:309 LD 0
TICK: 46641 PC:   5 ADDR:   0 MEM_OUT: 963 ACC: 963 BUFF: 962 DC: 0 FLAG_ZERO: False FLAG_LT: 1 FLAG_GT: 0
INPUT_PORT:  []
OUT_PORT:  []
DATA_MEM:  [963, 448]
---------------------------------------
DEBUG    root:machine.py:309 MOD 3
TICK: 46645 PC:   6 ADDR:   0 MEM_OUT: 963 ACC: 963 BUFF: 962 DC: 0 FLAG_ZERO: False FLAG_LT: 1 FLAG_GT: 0
INPUT_PORT:  []
OUT_PORT:  []
DATA_MEM:  [963, 448]
---------------------------------------
DEBUG    root:machine.py:309 CMP 0
TICK: 46649 PC:   7 ADDR:   0 MEM_OUT: 963 ACC: 0 BUFF: 963 DC: 0 FLAG_ZERO: False FLAG_LT: 1 FLAG_GT: 0
INPUT_PORT:  []
OUT_PORT:  []
DATA_MEM:  [963, 448]
---------------------------------------
DEBUG    root:machine.py:309 JE 14
TICK: 46652 PC:   8 ADDR:   0 MEM_OUT: 963 ACC: 0 BUFF: 963 DC: 0 FLAG_ZERO: True FLAG_LT: 0 FLAG_GT: 0
INPUT_PORT:  []
OUT_PORT:  []
DATA_MEM:  [963, 448]
---------------------------------------
DEBUG    root:machine.py:309 LD 4
TICK: 46655 PC:  14 ADDR:   0 MEM_OUT: 963 ACC: 0 BUFF: 963 DC: 0 FLAG_ZERO: True FLAG_LT: 0 FLAG_GT: 0
INPUT_PORT:  []
OUT_PORT:  []
DATA_MEM:  [963, 448]
---------------------------------------
DEBUG    root:machine.py:309 INC 
TICK: 46659 PC:  15 ADDR:   1 MEM_OUT: 448 ACC: 448 BUFF: 963 DC: 0 FLAG_ZERO: True FLAG_LT: 0 FLAG_GT: 0
INPUT_PORT:  []
OUT_PORT:  []
DATA_MEM:  [963, 448]
---------------------------------------
DEBUG    root:machine.py:309 ST 4
TICK: 46662 PC:  16 ADDR:   1 MEM_OUT: 448 ACC: 449 BUFF: 963 DC: 0 FLAG_ZERO: True FLAG_LT: 0 FLAG_GT: 0
INPUT_PORT:  []
OUT_PORT:  []
DATA_MEM:  [963, 448]
---------------------------------------
DEBUG    root:machine.py:309 JMP 0
TICK: 46666 PC:  17 ADDR:   1 MEM_OUT: 449 ACC: 449 BUFF: 963 DC: 0 FLAG_ZERO: True FLAG_LT: 0 FLAG_GT: 0
INPUT_PORT:  []
OUT_PORT:  []
DATA_MEM:  [963, 449]
---------------------------------------
DEBUG    root:machine.py:309 LD 0
TICK: 46669 PC:   0 ADDR:   1 MEM_OUT: 449 ACC: 449 BUFF: 963 DC: 0 FLAG_ZERO: True FLAG_LT: 0 FLAG_GT: 0
INPUT_PORT:  []
OUT_PORT:  []
DATA_MEM:  [963, 449]
---------------------------------------
DEBUG    root:machine.py:309 INC 
TICK: 46673 PC:   1 ADDR:   0 MEM_OUT: 963 ACC: 963 BUFF: 963 DC: 0 FLAG_ZERO: True FLAG_LT: 0 FLAG_GT: 0
INPUT_PORT:  []
OUT_PORT:  []
DATA_MEM:  [963, 449]
---------------------------------------
DEBUG    root:machine.py:309 ST 0
TICK: 46676 PC:   2 ADDR:   0 MEM_OUT: 963 ACC: 964 BUFF: 963 DC: 0 FLAG_ZERO: True FLAG_LT: 0 FLAG_GT: 0
INPUT_PORT:  []
OUT_PORT:  []
DATA_MEM:  [963, 449]
---------------------------------------
DEBUG    root:machine.py:309 CMP 1000
TICK: 46680 PC:   3 ADDR:   0 MEM_OUT: 964 ACC: 964 BUFF: 963 DC: 0 FLAG_ZERO: True FLAG_LT: 0 FLAG_GT: 0
INPUT_PORT:  []
OUT_PORT:  []
DATA_MEM:  [964, 449]
---------------------------------------
DEBUG    root:machine.py:309 JGE 22
TICK: 46683 PC:   4 ADDR:   0 MEM_OUT: 964 ACC: 964 BUFF: 963 DC: 0 FLAG_ZERO: False FLAG_LT: 1 FLAG_GT: 0
INPUT_PORT:  []
OUT_PORT:  []
DATA_MEM:  [964, 449]
---------------------------------------
DEBUG    root:machine.py:309 LD 0
TICK: 46686 PC:   5 ADDR:   0 MEM_OUT: 964 ACC: 964 BUFF: 963 DC: 0 FLAG_ZERO: False FLAG_LT: 1 FLAG_GT: 0
INPUT_PORT:  []
OUT_PORT:  []
DATA_MEM:  [964, 449]
---------------------------------------
DEBUG    root:machine.py:309 MOD 3
TICK: 46690 PC:   6 ADDR:   0 MEM_OUT: 964 ACC: 964 BUFF: 963 DC: 0 FLAG_ZERO: False FLAG_LT: 1 FLAG_GT: 0
INPUT_PORT:  []
OUT_PORT:  []
DATA_MEM:  [964, 449]
---------------------------------------
DEBUG    root:machine.py:309 CMP 0
TICK: 46694 PC:   7 ADDR:   0 MEM_OUT: 964 ACC: 1 BUFF: 964 DC: 0 FLAG_ZERO: False FLAG_LT: 1 FLAG_GT: 0
INPUT_PORT:  []
OUT_PORT:  []
DATA_MEM:  [964, 449]
---------------------------------------
DEBUG    root:machine.py:309 JE 14
TICK: 46697 PC:   8 ADDR:   0 MEM_OUT: 964 ACC: 1 BUFF: 964 DC: 0 FLAG_ZERO: False FLAG_LT: 0 FLAG_GT: 1
INPUT_PORT:  []
OUT_PORT:  []
DATA_MEM:  [964, 449]
---------------------------------------
DEBUG    root:machine.py:309 LD 0
TICK: 46700 PC:   9 ADDR:   0 MEM_OUT: 964 ACC: 1 BUFF: 964 DC: 0 FLAG_ZERO: False FLAG_LT: 0 FLAG_GT: 1
INPUT_PORT:  []
OUT_PORT:  []
DATA_MEM:  [964, 449]
---------------------------------------
DEBUG    root:machine.py:309 MOD 5
TICK: 46704 PC:  10 ADDR:   0 MEM_OUT: 964 ACC: 964 BUFF: 964 DC: 0 FLAG_ZERO: False FLAG_LT: 0 FLAG_GT: 1
INPUT_PORT:  []
OUT_PORT:  []
DATA_MEM:  [964, 449]
---------------------------------------
DEBUG    root:machine.py:309 CMP 0
TICK: 46708 PC:  11 ADDR:   0 MEM_OUT: 964 ACC: 4 BUFF: 964 DC: 0 FLAG_ZERO: False FLAG_LT: 0 FLAG_GT: 1
INPUT_PORT:  []
OUT_PORT:  []
DATA_MEM:  [964, 449]
---------------------------------------
DEBUG    root:machine.py:309 JE 18
TICK: 46711 PC:  12 ADDR:   0 MEM_OUT: 964 ACC: 4 BUFF: 964 DC: 0 FLAG_ZERO: False FLAG_LT: 0 FLAG_GT: 1
INPUT_PORT:  []
OUT_PORT:  []
DATA_MEM:  [964, 449]
---------------------------------------
DEBUG    root:machine.py:309 JMP 0
TICK: 46714 PC:  13 ADDR:   0 MEM_OUT: 964 ACC: 4 BUFF: 964 DC: 0 FLAG_ZERO: False FLAG_LT: 0 FLAG_GT: 1
INPUT_PORT:  []
OUT_PORT:  []
DATA_MEM:  [964, 449]
---------------------------------------
DEBUG    root:machine.py:309 LD 0
TICK: 46717 PC:   0 ADDR:   0 MEM_OUT: 964 ACC: 4 BUFF: 964 DC: 0 FLAG_ZERO: False FLAG_LT: 0 FLAG_GT: 1
INPUT_PORT:  []
OUT_PORT:  []
DATA_MEM:  [964, 449]
---------------------------------------
DEBUG    root:machine.py:309 INC 
TICK: 46721 PC:   1 ADDR:   0 MEM_OUT: 964 ACC: 964 BUFF: 964 DC: 0 FLAG_ZERO: False FLAG_LT: 0 FLAG_GT: 1
INPUT_PORT:  []
OUT_PORT:  []
DATA_MEM:  [964, 449]
---------------------------------------
DEBUG    root:machine.py:309 ST 0
TICK: 46724 PC:   2 ADDR:   0 MEM_OUT: 964 ACC: 965 BUFF: 964 DC: 0 FLAG_ZERO: False FLAG_LT: 0 FLAG_GT: 1
INPUT_PORT:  []
OUT_PORT:  []
DATA_MEM:  [964, 449]
---------------------------------------
DEBUG    root:machine.py:309 CMP 1000
TICK: 46728 PC:   3 ADDR:   0 MEM_OUT: 965 ACC: 965 BUFF: 964 DC: 0 FLAG_ZERO: False FLAG_LT: 0 FLAG_GT: 1
INPUT_PORT:  []
OUT_PORT:  []
DATA_MEM:  [965, 449]
---------------------------------------
DEBUG    root:machine.py:309 JGE 22
TICK: 46731 PC:   4 ADDR:   0 MEM_OUT: 965 ACC: 965 BUFF: 964 DC: 0 FLAG_ZERO: False FLAG_LT: 1 FLAG_GT: 0
INPUT_PORT:  []
OUT_PORT:  []
DATA_MEM:  [965, 449]
---------------------------------------
DEBUG    root:machine.py:309 LD 0
TICK: 46734 PC:   5 ADDR:   0 MEM_OUT: 965 ACC: 965 BUFF: 964 DC: 0 FLAG_ZERO: False FLAG_LT: 1 FLAG_GT: 0
INPUT_PORT:  []
OUT_PORT:  []
DATA_MEM:  [965, 449]
---------------------------------------
DEBUG    root:machine.py:309 MOD 3
TICK: 46738 PC:   6 ADDR:   0 MEM_OUT: 965 ACC: 965 BUFF: 964 DC: 0 FLAG_ZERO: False FLAG_LT: 1 FLAG_GT: 0
INPUT_PORT:  []
OUT_PORT:  []
DATA_MEM:  [965, 449]
---------------------------------------
DEBUG    root:machine.py:309 CMP 0
TICK: 46742 PC:   7 ADDR:   0 MEM_OUT: 965 ACC: 2 BUFF: 965 DC: 0 FLAG_ZERO: False FLAG_LT: 1 FLAG_GT: 0
INPUT_PORT:  []
OUT_PORT:  []
DATA_MEM:  [965, 449]
---------------------------------------
DEBUG    root:machine.py:309 JE 14
TICK: 46745 PC:   8 ADDR:   0 MEM_OUT: 965 ACC: 2 BUFF: 965 DC: 0 FLAG_ZERO: False FLAG_LT: 0 FLAG_GT: 1
INPUT_PORT:  []
OUT_PORT:  []
DATA_MEM:  [965, 449]
---------------------------------------
DEBUG    root:machine.py:309 LD 0
TICK: 46748 PC:   9 ADDR:   0 MEM_OUT: 965 ACC: 2 BUFF: 965 DC: 0 FLAG_ZERO: False FLAG_LT: 0 FLAG_GT: 1
INPUT_PORT:  []
OUT_PORT:  []
DATA_MEM:  [965, 449]
---------------------------------------
DEBUG    root:machine.py:309 MOD 5
TICK: 46752 PC:  10 ADDR:   0 MEM_OUT: 965 ACC: 965 BUFF: 965 DC: 0 FLAG_ZERO: False FLAG_LT: 0 FLAG_GT: 1
INPUT_PORT:  []
OUT_PORT:  []
DATA_MEM:  [965, 449]
---------------------------------------
DEBUG    root:machine.py:309 CMP 0
TICK: 46756 PC:  11 ADDR:   0 MEM_OUT: 965 ACC: 0 BUFF: 965 DC: 0 FLAG_ZERO: False FLAG_LT: 0 FLAG_GT: 1
INPUT_PORT:  []
OUT_PORT:  []
DATA_MEM:  [965, 449]
---------------------------------------
DEBUG    root:machine.py:309 JE 18
TICK: 46759 PC:  12 ADDR:   0 MEM_OUT: 965 ACC: 0 BUFF: 965 DC: 0 FLAG_ZERO: True FLAG_LT: 0 FLAG_GT: 0
INPUT_PORT:  []
OUT_PORT:  []
DATA_MEM:  [965, 449]
---------------------------------------
DEBUG    root:machine.py:309 LD 4
TICK: 46762 PC:  18 ADDR:   0 MEM_OUT: 965 ACC: 0 BUFF: 965 DC: 0 FLAG_ZERO: True FLAG_LT: 0 FLAG_GT: 0
INPUT_PORT:  []
OUT_PORT:  []
DATA_MEM:  [965, 449]
---------------------------------------
DEBUG    root:machine.py:309 INC 
TICK: 46766 PC:  19 ADDR:   1 MEM_OUT: 449 ACC: 449 BUFF: 965 DC: 0 FLAG_ZERO: True FLAG_LT: 0 FLAG_GT: 0
INPUT_PORT:  []
OUT_PORT:  []
DATA_MEM:  [965, 449]
---------------------------------------
DEBUG    root:machine.py:309 ST 4
TICK: 46769 PC:  20 ADDR:   1 MEM_OUT: 449 ACC: 450 BUFF: 965 DC: 0 FLAG_ZERO: True FLAG_LT: 0 FLAG_GT: 0
INPUT_PORT:  []
OUT_PORT:  []
DATA_MEM:  [965, 449]
---------------------------------------
DEBUG    root:machine.py:309 JMP 0
TICK: 46773 PC:  21 ADDR:   1 MEM_OUT: 450 ACC: 450 BUFF: 965 DC: 0 FLAG_ZERO: True FLAG_LT: 0 FLAG_GT: 0
INPUT_PORT:  []
OUT_PORT:  []
DATA_MEM:  [965, 450]
---------------------------------------
DEBUG    root:machine.py:309 LD 0
TICK: 46776 PC:   0 ADDR:   1 MEM_OUT: 450 ACC: 450 BUFF: 965 DC: 0 FLAG_ZERO: True FLAG_LT: 0 FLAG_GT: 0
INPUT_PORT:  []
OUT_PORT:  []
DATA_MEM:  [965, 450]
---------------------------------------
DEBUG    root:machine.py:309 INC 
TICK: 46780 PC:   1 ADDR:   0 MEM_OUT: 965 ACC: 965 BUFF: 965 DC: 0 FLAG_ZERO: True FLAG_LT: 0 FLAG_GT: 0
INPUT_PORT:  []
OUT_PORT:  []
DATA_MEM:  [965, 450]
---------------------------------------
DEBUG    root:machine.py:309 ST 0
TICK: 46783 PC:   2 ADDR:   0 MEM_OUT: 965 ACC: 966 BUFF: 965 DC: 0 FLAG_ZERO: True FLAG_LT: 0 FLAG_GT: 0
INPUT_PORT:  []
OUT_PORT:  []
DATA_MEM:  [965, 450]
---------------------------------------
DEBUG    root:machine.py:309 CMP 1000
TICK: 46787 PC:   3 ADDR:   0 MEM_OUT: 966 ACC: 966 BUFF: 965 DC: 0 FLAG_ZERO: True FLAG_LT: 0 FLAG_GT: 0
INPUT_PORT:  []
OUT_PORT:  []
DATA_MEM:  [966, 450]
---------------------------------------
DEBUG    root:machine.py:309 JGE 22
TICK: 46790 PC:   4 ADDR:   0 MEM_OUT: 966 ACC: 966 BUFF: 965 DC: 0 FLAG_ZERO: False FLAG_LT: 1 FLAG_GT: 0
INPUT_PORT:  []
OUT_PORT:  []
DATA_MEM:  [966, 450]
---------------------------------------
DEBUG    root:machine.py:309 LD 0
TICK: 46793 PC:   5 ADDR:   0 MEM_OUT: 966 ACC: 966 BUFF: 965 DC: 0 FLAG_ZERO: False FLAG_LT: 1 FLAG_GT: 0
INPUT_PORT:  []
OUT_PORT:  []
DATA_MEM:  [966, 450]
---------------------------------------
DEBUG    root:machine.py:309 MOD 3
TICK: 46797 PC:   6 ADDR:   0 MEM_OUT: 966 ACC: 966 BUFF: 965 DC: 0 FLAG_ZERO: False FLAG_LT: 1 FLAG_GT: 0
INPUT_PORT:  []
OUT_PORT:  []
DATA_MEM:  [966, 450]
---------------------------------------
DEBUG    root:machine.py:309 CMP 0
TICK: 46801 PC:   7 ADDR:   0 MEM_OUT: 966 ACC: 0 BUFF: 966 DC: 0 FLAG_ZERO: False FLAG_LT: 1 FLAG_GT: 0
INPUT_PORT:  []
OUT_PORT:  []
DATA_MEM:  [966, 450]
---------------------------------------
DEBUG    root:machine.py:309 JE 14
TICK: 46804 PC:   8 ADDR:   0 MEM_OUT: 966 ACC: 0 BUFF: 966 DC: 0 FLAG_ZERO: True FLAG_LT: 0 FLAG_GT: 0
INPUT_PORT:  []
OUT_PORT:  []
DATA_MEM:  [966, 450]
---------------------------------------
DEBUG    root:machine.py:309 LD 4
TICK: 46807 PC:  14 ADDR:   0 MEM_OUT: 966 ACC: 0 BUFF: 966 DC: 0 FLAG_ZERO: True FLAG_LT: 0 FLAG_GT: 0
INPUT_PORT:  []
OUT_PORT:  []
DATA_MEM:  [966, 450]
---------------------------------------
DEBUG    root:machine.py:309 INC 
TICK: 46811 PC:  15 ADDR:   1 MEM_OUT: 450 ACC: 450 BUFF: 966 DC: 0 FLAG_ZERO: True FLAG_LT: 0 FLAG_GT: 0
INPUT_PORT:  []
OUT_PORT:  []
DATA_MEM:  [966, 450]
---------------------------------------
DEBUG    root:machine.py:309 ST 4
TICK: 46814 PC:  16 ADDR:   1 MEM_OUT: 450 ACC: 451 BUFF: 966 DC: 0 FLAG_ZERO: True FLAG_LT: 0 FLAG_GT: 0
INPUT_PORT:  []
OUT_PORT:  []
DATA_MEM:  [966, 450]
---------------------------------------
DEBUG    root:machine.py:309 JMP 0
TICK: 46818 PC:  17 ADDR:   1 MEM_OUT: 451 ACC: 451 BUFF: 966 DC: 0 FLAG_ZERO: True FLAG_LT: 0 FLAG_GT: 0
INPUT_PORT:  []
OUT_PORT:  []
DATA_MEM:  [966, 451]
---------------------------------------
DEBUG    root:machine.py:309 LD 0
TICK: 46821 PC:   0 ADDR:   1 MEM_OUT: 451 ACC: 451 BUFF: 966 DC: 0 FLAG_ZERO: True FLAG_LT: 0 FLAG_GT: 0
INPUT_PORT:  []
OUT_PORT:  []
DATA_MEM:  [966, 451]
---------------------------------------
DEBUG    root:machine.py:309 INC 
TICK: 46825 PC:   1 ADDR:   0 MEM_OUT: 966 ACC: 966 BUFF: 966 DC: 0 FLAG_ZERO: True FLAG_LT: 0 FLAG_GT: 0
INPUT_PORT:  []
OUT_PORT:  []
DATA_MEM:  [966, 451]
---------------------------------------
DEBUG    root:machine.py:309 ST 0
TICK: 46828 PC:   2 ADDR:   0 MEM_OUT: 966 ACC: 967 BUFF: 966 DC: 0 FLAG_ZERO: True FLAG_LT: 0 FLAG_GT: 0
INPUT_PORT:  []
OUT_PORT:  []
DATA_MEM:  [966, 451]
---------------------------------------
DEBUG    root:machine.py:309 CMP 1000
TICK: 46832 PC:   3 ADDR:   0 MEM_OUT: 967 ACC: 967 BUFF: 966 DC: 0 FLAG_ZERO: True FLAG_LT: 0 FLAG_GT: 0
INPUT_PORT:  []
OUT_PORT:  []
DATA_MEM:  [967, 451]
---------------------------------------
DEBUG    root:machine.py:309 JGE 22
TICK: 46835 PC:   4 ADDR:   0 MEM_OUT: 967 ACC: 967 BUFF: 966 DC: 0 FLAG_ZERO: False FLAG_LT: 1 FLAG_GT: 0
INPUT_PORT:  []
OUT_PORT:  []
DATA_MEM:  [967, 451]
---------------------------------------
DEBUG    root:machine.py:309 LD 0
TICK: 46838 PC:   5 ADDR:   0 MEM_OUT: 967 ACC: 967 BUFF: 966 DC: 0 FLAG_ZERO: False FLAG_LT: 1 FLAG_GT: 0
INPUT_PORT:  []
OUT_PORT:  []
DATA_MEM:  [967, 451]
---------------------------------------
DEBUG    root:machine.py:309 MOD 3
TICK: 46842 PC:   6 ADDR:   0 MEM_OUT: 967 ACC: 967 BUFF: 966 DC: 0 FLAG_ZERO: False FLAG_LT: 1 FLAG_GT: 0
INPUT_PORT:  []
OUT_PORT:  []
DATA_MEM:  [967, 451]
---------------------------------------
DEBUG    root:machine.py:309 CMP 0
TICK: 46846 PC:   7 ADDR:   0 MEM_OUT: 967 ACC: 1 BUFF: 967 DC: 0 FLAG_ZERO: False FLAG_LT: 1 FLAG_GT: 0
INPUT_PORT:  []
OUT_PORT:  []
DATA_MEM:  [967, 451]
---------------------------------------
DEBUG    root:machine.py:309 JE 14
TICK: 46849 PC:   8 ADDR:   0 MEM_OUT: 967 ACC: 1 BUFF: 967 DC: 0 FLAG_ZERO: False FLAG_LT: 0 FLAG_GT: 1
INPUT_PORT:  []
OUT_PORT:  []
DATA_MEM:  [967, 451]
---------------------------------------
DEBUG    root:machine.py:309 LD 0
TICK: 46852 PC:   9 ADDR:   0 MEM_OUT: 967 ACC: 1 BUFF: 967 DC: 0 FLAG_ZERO: False FLAG_LT: 0 FLAG_GT: 1
INPUT_PORT:  []
OUT_PORT:  []
DATA_MEM:  [967, 451]
---------------------------------------
DEBUG    root:machine.py:309 MOD 5
TICK: 46856 PC:  10 ADDR:   0 MEM_OUT: 967 ACC: 967 BUFF: 967 DC: 0 FLAG_ZERO: False FLAG_LT: 0 FLAG_GT: 1
INPUT_PORT:  []
OUT_PORT:  []
DATA_MEM:  [967, 451]
---------------------------------------
DEBUG    root:machine.py:309 CMP 0
TICK: 46860 PC:  11 ADDR:   0 MEM_OUT: 967 ACC: 2 BUFF: 967 DC: 0 FLAG_ZERO: False FLAG_LT: 0 FLAG_GT: 1
INPUT_PORT:  []
OUT_PORT:  []
DATA_MEM:  [967, 451]
---------------------------------------
DEBUG    root:machine.py:309 JE 18
TICK: 46863 PC:  12 ADDR:   0 MEM_OUT: 967 ACC: 2 BUFF: 967 DC: 0 FLAG_ZERO: False FLAG_LT: 0 FLAG_GT: 1
INPUT_PORT:  []
OUT_PORT:  []
DATA_MEM:  [967, 451]
---------------------------------------
DEBUG    root:machine.py:309 JMP 0
TICK: 46866 PC:  13 ADDR:   0 MEM_OUT: 967 ACC: 2 BUFF: 967 DC: 0 FLAG_ZERO: False FLAG_LT: 0 FLAG_GT: 1
INPUT_PORT:  []
OUT_PORT:  []
DATA_MEM:  [967, 451]
---------------------------------------
DEBUG    root:machine.py:309 LD 0
TICK: 46869 PC:   0 ADDR:   0 MEM_OUT: 967 ACC: 2 BUFF: 967 DC: 0 FLAG_ZERO: False FLAG_LT: 0 FLAG_GT: 1
INPUT_PORT:  []
OUT_PORT:  []
DATA_MEM:  [967, 451]
---------------------------------------
DEBUG    root:machine.py:309 INC 
TICK: 46873 PC:   1 ADDR:   0 MEM_OUT: 967 ACC: 967 BUFF: 967 DC: 0 FLAG_ZERO: False FLAG_LT: 0 FLAG_GT: 1
INPUT_PORT:  []
OUT_PORT:  []
DATA_MEM:  [967, 451]
---------------------------------------
DEBUG    root:machine.py:309 ST 0
TICK: 46876 PC:   2 ADDR:   0 MEM_OUT: 967 ACC: 968 BUFF: 967 DC: 0 FLAG_ZERO: False FLAG_LT: 0 FLAG_GT: 1
INPUT_PORT:  []
OUT_PORT:  []
DATA_MEM:  [967, 451]
---------------------------------------
DEBUG    root:machine.py:309 CMP 1000
TICK: 46880 PC:   3 ADDR:   0 MEM_OUT: 968 ACC: 968 BUFF: 967 DC: 0 FLAG_ZERO: False FLAG_LT: 0 FLAG_GT: 1
INPUT_PORT:  []
OUT_PORT:  []
DATA_MEM:  [968, 451]
---------------------------------------
DEBUG    root:machine.py:309 JGE 22
TICK: 46883 PC:   4 ADDR:   0 MEM_OUT: 968 ACC: 968 BUFF: 967 DC: 0 FLAG_ZERO: False FLAG_LT: 1 FLAG_GT: 0
INPUT_PORT:  []
OUT_PORT:  []
DATA_MEM:  [968, 451]
---------------------------------------
DEBUG    root:machine.py:309 LD 0
TICK: 46886 PC:   5 ADDR:   0 MEM_OUT: 968 ACC: 968 BUFF: 967 DC: 0 FLAG_ZERO: False FLAG_LT: 1 FLAG_GT: 0
INPUT_PORT:  []
OUT_PORT:  []
DATA_MEM:  [968, 451]
---------------------------------------
DEBUG    root:machine.py:309 MOD 3
TICK: 46890 PC:   6 ADDR:   0 MEM_OUT: 968 ACC: 968 BUFF: 967 DC: 0 FLAG_ZERO: False FLAG_LT: 1 FLAG_GT: 0
INPUT_PORT:  []
OUT_PORT:  []
DATA_MEM:  [968, 451]
---------------------------------------
DEBUG    root:machine.py:309 CMP 0
TICK: 46894 PC:   7 ADDR:   0 MEM_OUT: 968 ACC: 2 BUFF: 968 DC: 0 FLAG_ZERO: False FLAG_LT: 1 FLAG_GT: 0
INPUT_PORT:  []
OUT_PORT:  []
DATA_MEM:  [968, 451]
---------------------------------------
DEBUG    root:machine.py:309 JE 14
TICK: 46897 PC:   8 ADDR:   0 MEM_OUT: 968 ACC: 2 BUFF: 968 DC: 0 FLAG_ZERO: False FLAG_LT: 0 FLAG_GT: 1
INPUT_PORT:  []
OUT_PORT:  []
DATA_MEM:  [968, 451]
---------------------------------------
DEBUG    root:machine.py:309 LD 0
TICK: 46900 PC:   9 ADDR:   0 MEM_OUT: 968 ACC: 2 BUFF: 968 DC: 0 FLAG_ZERO: False FLAG_LT: 0 FLAG_GT: 1
INPUT_PORT:  []
OUT_PORT:  []
DATA_MEM:  [968, 451]
---------------------------------------
DEBUG    root:machine.py:309 MOD 5
TICK: 46904 PC:  10 ADDR:   0 MEM_OUT: 968 ACC: 968 BUFF: 968 DC: 0 FLAG_ZERO: False FLAG_LT: 0 FLAG_GT: 1
INPUT_PORT:  []
OUT_PORT:  []
DATA_MEM:  [968, 451]
---------------------------------------
DEBUG    root:machine.py:309 CMP 0
TICK: 46908 PC:  11 ADDR:   0 MEM_OUT: 968 ACC: 3 BUFF: 968 DC: 0 FLAG_ZERO: False FLAG_LT: 0 FLAG_GT: 1
INPUT_PORT:  []
OUT_PORT:  []
DATA_MEM:  [968, 451]
---------------------------------------
DEBUG    root:machine.py:309 JE 18
TICK: 46911 PC:  12 ADDR:   0 MEM_OUT: 968 ACC: 3 BUFF: 968 DC: 0 FLAG_ZERO: False FLAG_LT: 0 FLAG_GT: 1
INPUT_PORT:  []
OUT_PORT:  []
DATA_MEM:  [968, 451]
---------------------------------------
DEBUG    root:machine.py:309 JMP 0
TICK: 46914 PC:  13 ADDR:   0 MEM_OUT: 968 ACC: 3 BUFF: 968 DC: 0 FLAG_ZERO: False FLAG_LT: 0 FLAG_GT: 1
INPUT_PORT:  []
OUT_PORT:  []
DATA_MEM:  [968, 451]
---------------------------------------
DEBUG    root:machine.py:309 LD 0
TICK: 46917 PC:   0 ADDR:   0 MEM_OUT: 968 ACC: 3 BUFF: 968 DC: 0 FLAG_ZERO: False FLAG_LT: 0 FLAG_GT: 1
INPUT_PORT:  []
OUT_PORT:  []
DATA_MEM:  [968, 451]
---------------------------------------
DEBUG    root:machine.py:309 INC 
TICK: 46921 PC:   1 ADDR:   0 MEM_OUT: 968 ACC: 968 BUFF: 968 DC: 0 FLAG_ZERO: False FLAG_LT: 0 FLAG_GT: 1
INPUT_PORT:  []
OUT_PORT:  []
DATA_MEM:  [968, 451]
---------------------------------------
DEBUG    root:machine.py:309 ST 0
TICK: 46924 PC:   2 ADDR:   0 MEM_OUT: 968 ACC: 969 BUFF: 968 DC: 0 FLAG_ZERO: False FLAG_LT: 0 FLAG_GT: 1
INPUT_PORT:  []
OUT_PORT:  []
DATA_MEM:  [968, 451]
---------------------------------------
DEBUG    root:machine.py:309 CMP 1000
TICK: 46928 PC:   3 ADDR:   0 MEM_OUT: 969 ACC: 969 BUFF: 968 DC: 0 FLAG_ZERO: False FLAG_LT: 0 FLAG_GT: 1
INPUT_PORT:  []
OUT_PORT:  []
DATA_MEM:  [969, 451]
---------------------------------------
DEBUG    root:machine.py:309 JGE 22
TICK: 46931 PC:   4 ADDR:   0 MEM_OUT: 969 ACC: 969 BUFF: 968 DC: 0 FLAG_ZERO: False FLAG_LT: 1 FLAG_GT: 0
INPUT_PORT:  []
OUT_PORT:  []
DATA_MEM:  [969, 451]
---------------------------------------
DEBUG    root:machine.py:309 LD 0
TICK: 46934 PC:   5 ADDR:   0 MEM_OUT: 969 ACC: 969 BUFF: 968 DC: 0 FLAG_ZERO: False FLAG_LT: 1 FLAG_GT: 0
INPUT_PORT:  []
OUT_PORT:  []
DATA_MEM:  [969, 451]
---------------------------------------
DEBUG    root:machine.py:309 MOD 3
TICK: 46938 PC:   6 ADDR:   0 MEM_OUT: 969 ACC: 969 BUFF: 968 DC: 0 FLAG_ZERO: False FLAG_LT: 1 FLAG_GT: 0
INPUT_PORT:  []
OUT_PORT:  []
DATA_MEM:  [969, 451]
---------------------------------------
DEBUG    root:machine.py:309 CMP 0
TICK: 46942 PC:   7 ADDR:   0 MEM_OUT: 969 ACC: 0 BUFF: 969 DC: 0 FLAG_ZERO: False FLAG_LT: 1 FLAG_GT: 0
INPUT_PORT:  []
OUT_PORT:  []
DATA_MEM:  [969, 451]
---------------------------------------
DEBUG    root:machine.py:309 JE 14
TICK: 46945 PC:   8 ADDR:   0 MEM_OUT: 969 ACC: 0 BUFF: 969 DC: 0 FLAG_ZERO: True FLAG_LT: 0 FLAG_GT: 0
INPUT_PORT:  []
OUT_PORT:  []
DATA_MEM:  [969, 451]
---------------------------------------
DEBUG    root:machine.py:309 LD 4
TICK: 46948 PC:  14 ADDR:   0 MEM_OUT: 969 ACC: 0 BUFF: 969 DC: 0 FLAG_ZERO: True FLAG_LT: 0 FLAG_GT: 0
INPUT_PORT:  []
OUT_PORT:  []
DATA_MEM:  [969, 451]
---------------------------------------
DEBUG    root:machine.py:309 INC 
TICK: 46952 PC:  15 ADDR:   1 MEM_OUT: 451 ACC: 451 BUFF: 969 DC: 0 FLAG_ZERO: True FLAG_LT: 0 FLAG_GT: 0
INPUT_PORT:  []
OUT_PORT:  []
DATA_MEM:  [969, 451]
---------------------------------------
DEBUG    root:machine.py:309 ST 4
TICK: 46955 PC:  16 ADDR:   1 MEM_OUT: 451 ACC: 452 BUFF: 969 DC: 0 FLAG_ZERO: True FLAG_LT: 0 FLAG_GT: 0
INPUT_PORT:  []
OUT_PORT:  []
DATA_MEM:  [969, 451]
---------------------------------------
DEBUG    root:machine.py:309 JMP 0
TICK: 46959 PC:  17 ADDR:   1 MEM_OUT: 452 ACC: 452 BUFF: 969 DC: 0 FLAG_ZERO: True FLAG_LT: 0 FLAG_GT: 0
INPUT_PORT:  []
OUT_PORT:  []
DATA_MEM:  [969, 452]
---------------------------------------
DEBUG    root:machine.py:309 LD 0
TICK: 46962 PC:   0 ADDR:   1 MEM_OUT: 452 ACC: 452 BUFF: 969 DC: 0 FLAG_ZERO: True FLAG_LT: 0 FLAG_GT: 0
INPUT_PORT:  []
OUT_PORT:  []
DATA_MEM:  [969, 452]
---------------------------------------
DEBUG    root:machine.py:309 INC 
TICK: 46966 PC:   1 ADDR:   0 MEM_OUT: 969 ACC: 969 BUFF: 969 DC: 0 FLAG_ZERO: True FLAG_LT: 0 FLAG_GT: 0
INPUT_PORT:  []
OUT_PORT:  []
DATA_MEM:  [969, 452]
---------------------------------------
DEBUG    root:machine.py:309 ST 0
TICK: 46969 PC:   2 ADDR:   0 MEM_OUT: 969 ACC: 970 BUFF: 969 DC: 0 FLAG_ZERO: True FLAG_LT: 0 FLAG_GT: 0
INPUT_PORT:  []
OUT_PORT:  []
DATA_MEM:  [969, 452]
---------------------------------------
DEBUG    root:machine.py:309 CMP 1000
TICK: 46973 PC:   3 ADDR:   0 MEM_OUT: 970 ACC: 970 BUFF: 969 DC: 0 FLAG_ZERO: True FLAG_LT: 0 FLAG_GT: 0
INPUT_PORT:  []
OUT_PORT:  []
DATA_MEM:  [970, 452]
---------------------------------------
DEBUG    root:machine.py:309 JGE 22
TICK: 46976 PC:   4 ADDR:   0 MEM_OUT: 970 ACC: 970 BUFF: 969 DC: 0 FLAG_ZERO: False FLAG_LT: 1 FLAG_GT: 0
INPUT_PORT:  []
OUT_PORT:  []
DATA_MEM:  [970, 452]
---------------------------------------
DEBUG    root:machine.py:309 LD 0
TICK: 46979 PC:   5 ADDR:   0 MEM_OUT: 970 ACC: 970 BUFF: 969 DC: 0 FLAG_ZERO: False FLAG_LT: 1 FLAG_GT: 0
INPUT_PORT:  []
OUT_PORT:  []
DATA_MEM:  [970, 452]
---------------------------------------
DEBUG    root:machine.py:309 MOD 3
TICK: 46983 PC:   6 ADDR:   0 MEM_OUT: 970 ACC: 970 BUFF: 969 DC: 0 FLAG_ZERO: False FLAG_LT: 1 FLAG_GT: 0
INPUT_PORT:  []
OUT_PORT:  []
DATA_MEM:  [970, 452]
---------------------------------------
DEBUG    root:machine.py:309 CMP 0
TICK: 46987 PC:   7 ADDR:   0 MEM_OUT: 970 ACC: 1 BUFF: 970 DC: 0 FLAG_ZERO: False FLAG_LT: 1 FLAG_GT: 0
INPUT_PORT:  []
OUT_PORT:  []
DATA_MEM:  [970, 452]
---------------------------------------
DEBUG    root:machine.py:309 JE 14
TICK: 46990 PC:   8 ADDR:   0 MEM_OUT: 970 ACC: 1 BUFF: 970 DC: 0 FLAG_ZERO: False FLAG_LT: 0 FLAG_GT: 1
INPUT_PORT:  []
OUT_PORT:  []
DATA_MEM:  [970, 452]
---------------------------------------
DEBUG    root:machine.py:309 LD 0
TICK: 46993 PC:   9 ADDR:   0 MEM_OUT: 970 ACC: 1 BUFF: 970 DC: 0 FLAG_ZERO: False FLAG_LT: 0 FLAG_GT: 1
INPUT_PORT:  []
OUT_PORT:  []
DATA_MEM:  [970, 452]
---------------------------------------
DEBUG    root:machine.py:309 MOD 5
TICK: 46997 PC:  10 ADDR:   0 MEM_OUT: 970 ACC: 970 BUFF: 970 DC: 0 FLAG_ZERO: False FLAG_LT: 0 FLAG_GT: 1
INPUT_PORT:  []
OUT_PORT:  []
DATA_MEM:  [970, 452]
---------------------------------------
DEBUG    root:machine.py:309 CMP 0
TICK: 47001 PC:  11 ADDR:   0 MEM_OUT: 970 ACC: 0 BUFF: 970 DC: 0 FLAG_ZERO: False FLAG_LT: 0 FLAG_GT: 1
INPUT_PORT:  []
OUT_PORT:  []
DATA_MEM:  [970, 452]
---------------------------------------
DEBUG    root:machine.py:309 JE 18
TICK: 47004 PC:  12 ADDR:   0 MEM_OUT: 970 ACC: 0 BUFF: 970 DC: 0 FLAG_ZERO: True FLAG_LT: 0 FLAG_GT: 0
INPUT_PORT:  []
OUT_PORT:  []
DATA_MEM:  [970, 452]
---------------------------------------
DEBUG    root:machine.py:309 LD 4
TICK: 47007 PC:  18 ADDR:   0 MEM_OUT: 970 ACC: 0 BUFF: 970 DC: 0 FLAG_ZERO: True FLAG_LT: 0 FLAG_GT: 0
INPUT_PORT:  []
OUT_PORT:  []
DATA_MEM:  [970, 452]
---------------------------------------
DEBUG    root:machine.py:309 INC 
TICK: 47011 PC:  19 ADDR:   1 MEM_OUT: 452 ACC: 452 BUFF: 970 DC: 0 FLAG_ZERO: True FLAG_LT: 0 FLAG_GT: 0
INPUT_PORT:  []
OUT_PORT:  []
DATA_MEM:  [970, 452]
---------------------------------------
DEBUG    root:machine.py:309 ST 4
TICK: 47014 PC:  20 ADDR:   1 MEM_OUT: 452 ACC: 453 BUFF: 970 DC: 0 FLAG_ZERO: True FLAG_LT: 0 FLAG_GT: 0
INPUT_PORT:  []
OUT_PORT:  []
DATA_MEM:  [970, 452]
---------------------------------------
DEBUG    root:machine.py:309 JMP 0
TICK: 47018 PC:  21 ADDR:   1 MEM_OUT: 453 ACC: 453 BUFF: 970 DC: 0 FLAG_ZERO: True FLAG_LT: 0 FLAG_GT: 0
INPUT_PORT:  []
OUT_PORT:  []
DATA_MEM:  [970, 453]
---------------------------------------
DEBUG    root:machine.py:309 LD 0
TICK: 47021 PC:   0 ADDR:   1 MEM_OUT: 453 ACC: 453 BUFF: 970 DC: 0 FLAG_ZERO: True FLAG_LT: 0 FLAG_GT: 0
INPUT_PORT:  []
OUT_PORT:  []
DATA_MEM:  [970, 453]
---------------------------------------
DEBUG    root:machine.py:309 INC 
TICK: 47025 PC:   1 ADDR:   0 MEM_OUT: 970 ACC: 970 BUFF: 970 DC: 0 FLAG_ZERO: True FLAG_LT: 0 FLAG_GT: 0
INPUT_PORT:  []
OUT_PORT:  []
DATA_MEM:  [970, 453]
---------------------------------------
DEBUG    root:machine.py:309 ST 0
TICK: 47028 PC:   2 ADDR:   0 MEM_OUT: 970 ACC: 971 BUFF: 970 DC: 0 FLAG_ZERO: True FLAG_LT: 0 FLAG_GT: 0
INPUT_PORT:  []
OUT_PORT:  []
DATA_MEM:  [970, 453]
---------------------------------------
DEBUG    root:machine.py:309 CMP 1000
TICK: 47032 PC:   3 ADDR:   0 MEM_OUT: 971 ACC: 971 BUFF: 970 DC: 0 FLAG_ZERO: True FLAG_LT: 0 FLAG_GT: 0
INPUT_PORT:  []
OUT_PORT:  []
DATA_MEM:  [971, 453]
---------------------------------------
DEBUG    root:machine.py:309 JGE 22
TICK: 47035 PC:   4 ADDR:   0 MEM_OUT: 971 ACC: 971 BUFF: 970 DC: 0 FLAG_ZERO: False FLAG_LT: 1 FLAG_GT: 0
INPUT_PORT:  []
OUT_PORT:  []
DATA_MEM:  [971, 453]
---------------------------------------
DEBUG    root:machine.py:309 LD 0
TICK: 47038 PC:   5 ADDR:   0 MEM_OUT: 971 ACC: 971 BUFF: 970 DC: 0 FLAG_ZERO: False FLAG_LT: 1 FLAG_GT: 0
INPUT_PORT:  []
OUT_PORT:  []
DATA_MEM:  [971, 453]
---------------------------------------
DEBUG    root:machine.py:309 MOD 3
TICK: 47042 PC:   6 ADDR:   0 MEM_OUT: 971 ACC: 971 BUFF: 970 DC: 0 FLAG_ZERO: False FLAG_LT: 1 FLAG_GT: 0
INPUT_PORT:  []
OUT_PORT:  []
DATA_MEM:  [971, 453]
---------------------------------------
DEBUG    root:machine.py:309 CMP 0
TICK: 47046 PC:   7 ADDR:   0 MEM_OUT: 971 ACC: 2 BUFF: 971 DC: 0 FLAG_ZERO: False FLAG_LT: 1 FLAG_GT: 0
INPUT_PORT:  []
OUT_PORT:  []
DATA_MEM:  [971, 453]
---------------------------------------
DEBUG    root:machine.py:309 JE 14
TICK: 47049 PC:   8 ADDR:   0 MEM_OUT: 971 ACC: 2 BUFF: 971 DC: 0 FLAG_ZERO: False FLAG_LT: 0 FLAG_GT: 1
INPUT_PORT:  []
OUT_PORT:  []
DATA_MEM:  [971, 453]
---------------------------------------
DEBUG    root:machine.py:309 LD 0
TICK: 47052 PC:   9 ADDR:   0 MEM_OUT: 971 ACC: 2 BUFF: 971 DC: 0 FLAG_ZERO: False FLAG_LT: 0 FLAG_GT: 1
INPUT_PORT:  []
OUT_PORT:  []
DATA_MEM:  [971, 453]
---------------------------------------
DEBUG    root:machine.py:309 MOD 5
TICK: 47056 PC:  10 ADDR:   0 MEM_OUT: 971 ACC: 971 BUFF: 971 DC: 0 FLAG_ZERO: False FLAG_LT: 0 FLAG_GT: 1
INPUT_PORT:  []
OUT_PORT:  []
DATA_MEM:  [971, 453]
---------------------------------------
DEBUG    root:machine.py:309 CMP 0
TICK: 47060 PC:  11 ADDR:   0 MEM_OUT: 971 ACC: 1 BUFF: 971 DC: 0 FLAG_ZERO: False FLAG_LT: 0 FLAG_GT: 1
INPUT_PORT:  []
OUT_PORT:  []
DATA_MEM:  [971, 453]
---------------------------------------
DEBUG    root:machine.py:309 JE 18
TICK: 47063 PC:  12 ADDR:   0 MEM_OUT: 971 ACC: 1 BUFF: 971 DC: 0 FLAG_ZERO: False FLAG_LT: 0 FLAG_GT: 1
INPUT_PORT:  []
OUT_PORT:  []
DATA_MEM:  [971, 453]
---------------------------------------
DEBUG    root:machine.py:309 JMP 0
TICK: 47066 PC:  13 ADDR:   0 MEM_OUT: 971 ACC: 1 BUFF: 971 DC: 0 FLAG_ZERO: False FLAG_LT: 0 FLAG_GT: 1
INPUT_PORT:  []
OUT_PORT:  []
DATA_MEM:  [971, 453]
---------------------------------------
DEBUG    root:machine.py:309 LD 0
TICK: 47069 PC:   0 ADDR:   0 MEM_OUT: 971 ACC: 1 BUFF: 971 DC: 0 FLAG_ZERO: False FLAG_LT: 0 FLAG_GT: 1
INPUT_PORT:  []
OUT_PORT:  []
DATA_MEM:  [971, 453]
---------------------------------------
DEBUG    root:machine.py:309 INC 
TICK: 47073 PC:   1 ADDR:   0 MEM_OUT: 971 ACC: 971 BUFF: 971 DC: 0 FLAG_ZERO: False FLAG_LT: 0 FLAG_GT: 1
INPUT_PORT:  []
OUT_PORT:  []
DATA_MEM:  [971, 453]
---------------------------------------
DEBUG    root:machine.py:309 ST 0
TICK: 47076 PC:   2 ADDR:   0 MEM_OUT: 971 ACC: 972 BUFF: 971 DC: 0 FLAG_ZERO: False FLAG_LT: 0 FLAG_GT: 1
INPUT_PORT:  []
OUT_PORT:  []
DATA_MEM:  [971, 453]
---------------------------------------
DEBUG    root:machine.py:309 CMP 1000
TICK: 47080 PC:   3 ADDR:   0 MEM_OUT: 972 ACC: 972 BUFF: 971 DC: 0 FLAG_ZERO: False FLAG_LT: 0 FLAG_GT: 1
INPUT_PORT:  []
OUT_PORT:  []
DATA_MEM:  [972, 453]
---------------------------------------
DEBUG    root:machine.py:309 JGE 22
TICK: 47083 PC:   4 ADDR:   0 MEM_OUT: 972 ACC: 972 BUFF: 971 DC: 0 FLAG_ZERO: False FLAG_LT: 1 FLAG_GT: 0
INPUT_PORT:  []
OUT_PORT:  []
DATA_MEM:  [972, 453]
---------------------------------------
DEBUG    root:machine.py:309 LD 0
TICK: 47086 PC:   5 ADDR:   0 MEM_OUT: 972 ACC: 972 BUFF: 971 DC: 0 FLAG_ZERO: False FLAG_LT: 1 FLAG_GT: 0
INPUT_PORT:  []
OUT_PORT:  []
DATA_MEM:  [972, 453]
---------------------------------------
DEBUG    root:machine.py:309 MOD 3
TICK: 47090 PC:   6 ADDR:   0 MEM_OUT: 972 ACC: 972 BUFF: 971 DC: 0 FLAG_ZERO: False FLAG_LT: 1 FLAG_GT: 0
INPUT_PORT:  []
OUT_PORT:  []
DATA_MEM:  [972, 453]
---------------------------------------
DEBUG    root:machine.py:309 CMP 0
TICK: 47094 PC:   7 ADDR:   0 MEM_OUT: 972 ACC: 0 BUFF: 972 DC: 0 FLAG_ZERO: False FLAG_LT: 1 FLAG_GT: 0
INPUT_PORT:  []
OUT_PORT:  []
DATA_MEM:  [972, 453]
---------------------------------------
DEBUG    root:machine.py:309 JE 14
TICK: 47097 PC:   8 ADDR:   0 MEM_OUT: 972 ACC: 0 BUFF: 972 DC: 0 FLAG_ZERO: True FLAG_LT: 0 FLAG_GT: 0
INPUT_PORT:  []
OUT_PORT:  []
DATA_MEM:  [972, 453]
---------------------------------------
DEBUG    root:machine.py:309 LD 4
TICK: 47100 PC:  14 ADDR:   0 MEM_OUT: 972 ACC: 0 BUFF: 972 DC: 0 FLAG_ZERO: True FLAG_LT: 0 FLAG_GT: 0
INPUT_PORT:  []
OUT_PORT:  []
DATA_MEM:  [972, 453]
---------------------------------------
DEBUG    root:machine.py:309 INC 
TICK: 47104 PC:  15 ADDR:   1 MEM_OUT: 453 ACC: 453 BUFF: 972 DC: 0 FLAG_ZERO: True FLAG_LT: 0 FLAG_GT: 0
INPUT_PORT:  []
OUT_PORT:  []
DATA_MEM:  [972, 453]
---------------------------------------
DEBUG    root:machine.py:309 ST 4
TICK: 47107 PC:  16 ADDR:   1 MEM_OUT: 453 ACC: 454 BUFF: 972 DC: 0 FLAG_ZERO: True FLAG_LT: 0 FLAG_GT: 0
INPUT_PORT:  []
OUT_PORT:  []
DATA_MEM:  [972, 453]
---------------------------------------
DEBUG    root:machine.py:309 JMP 0
TICK: 47111 PC:  17 ADDR:   1 MEM_OUT: 454 ACC: 454 BUFF: 972 DC: 0 FLAG_ZERO: True FLAG_LT: 0 FLAG_GT: 0
INPUT_PORT:  []
OUT_PORT:  []
DATA_MEM:  [972, 454]
---------------------------------------
DEBUG    root:machine.py:309 LD 0
TICK: 47114 PC:   0 ADDR:   1 MEM_OUT: 454 ACC: 454 BUFF: 972 DC: 0 FLAG_ZERO: True FLAG_LT: 0 FLAG_GT: 0
INPUT_PORT:  []
OUT_PORT:  []
DATA_MEM:  [972, 454]
---------------------------------------
DEBUG    root:machine.py:309 INC 
TICK: 47118 PC:   1 ADDR:   0 MEM_OUT: 972 ACC: 972 BUFF: 972 DC: 0 FLAG_ZERO: True FLAG_LT: 0 FLAG_GT: 0
INPUT_PORT:  []
OUT_PORT:  []
DATA_MEM:  [972, 454]
---------------------------------------
DEBUG    root:machine.py:309 ST 0
TICK: 47121 PC:   2 ADDR:   0 MEM_OUT: 972 ACC: 973 BUFF: 972 DC: 0 FLAG_ZERO: True FLAG_LT: 0 FLAG_GT: 0
INPUT_PORT:  []
OUT_PORT:  []
DATA_MEM:  [972, 454]
---------------------------------------
DEBUG    root:machine.py:309 CMP 1000
TICK: 47125 PC:   3 ADDR:   0 MEM_OUT: 973 ACC: 973 BUFF: 972 DC: 0 FLAG_ZERO: True FLAG_LT: 0 FLAG_GT: 0
INPUT_PORT:  []
OUT_PORT:  []
DATA_MEM:  [973, 454]
---------------------------------------
DEBUG    root:machine.py:309 JGE 22
TICK: 47128 PC:   4 ADDR:   0 MEM_OUT: 973 ACC: 973 BUFF: 972 DC: 0 FLAG_ZERO: False FLAG_LT: 1 FLAG_GT: 0
INPUT_PORT:  []
OUT_PORT:  []
DATA_MEM:  [973, 454]
---------------------------------------
DEBUG    root:machine.py:309 LD 0
TICK: 47131 PC:   5 ADDR:   0 MEM_OUT: 973 ACC: 973 BUFF: 972 DC: 0 FLAG_ZERO: False FLAG_LT: 1 FLAG_GT: 0
INPUT_PORT:  []
OUT_PORT:  []
DATA_MEM:  [973, 454]
---------------------------------------
DEBUG    root:machine.py:309 MOD 3
TICK: 47135 PC:   6 ADDR:   0 MEM_OUT: 973 ACC: 973 BUFF: 972 DC: 0 FLAG_ZERO: False FLAG_LT: 1 FLAG_GT: 0
INPUT_PORT:  []
OUT_PORT:  []
DATA_MEM:  [973, 454]
---------------------------------------
DEBUG    root:machine.py:309 CMP 0
TICK: 47139 PC:   7 ADDR:   0 MEM_OUT: 973 ACC: 1 BUFF: 973 DC: 0 FLAG_ZERO: False FLAG_LT: 1 FLAG_GT: 0
INPUT_PORT:  []
OUT_PORT:  []
DATA_MEM:  [973, 454]
---------------------------------------
DEBUG    root:machine.py:309 JE 14
TICK: 47142 PC:   8 ADDR:   0 MEM_OUT: 973 ACC: 1 BUFF: 973 DC: 0 FLAG_ZERO: False FLAG_LT: 0 FLAG_GT: 1
INPUT_PORT:  []
OUT_PORT:  []
DATA_MEM:  [973, 454]
---------------------------------------
DEBUG    root:machine.py:309 LD 0
TICK: 47145 PC:   9 ADDR:   0 MEM_OUT: 973 ACC: 1 BUFF: 973 DC: 0 FLAG_ZERO: False FLAG_LT: 0 FLAG_GT: 1
INPUT_PORT:  []
OUT_PORT:  []
DATA_MEM:  [973, 454]
---------------------------------------
DEBUG    root:machine.py:309 MOD 5
TICK: 47149 PC:  10 ADDR:   0 MEM_OUT: 973 ACC: 973 BUFF: 973 DC: 0 FLAG_ZERO: False FLAG_LT: 0 FLAG_GT: 1
INPUT_PORT:  []
OUT_PORT:  []
DATA_MEM:  [973, 454]
---------------------------------------
DEBUG    root:machine.py:309 CMP 0
TICK: 47153 PC:  11 ADDR:   0 MEM_OUT: 973 ACC: 3 BUFF: 973 DC: 0 FLAG_ZERO: False FLAG_LT: 0 FLAG_GT: 1
INPUT_PORT:  []
OUT_PORT:  []
DATA_MEM:  [973, 454]
---------------------------------------
DEBUG    root:machine.py:309 JE 18
TICK: 47156 PC:  12 ADDR:   0 MEM_OUT: 973 ACC: 3 BUFF: 973 DC: 0 FLAG_ZERO: False FLAG_LT: 0 FLAG_GT: 1
INPUT_PORT:  []
OUT_PORT:  []
DATA_MEM:  [973, 454]
---------------------------------------
DEBUG    root:machine.py:309 JMP 0
TICK: 47159 PC:  13 ADDR:   0 MEM_OUT: 973 ACC: 3 BUFF: 973 DC: 0 FLAG_ZERO: False FLAG_LT: 0 FLAG_GT: 1
INPUT_PORT:  []
OUT_PORT:  []
DATA_MEM:  [973, 454]
---------------------------------------
DEBUG    root:machine.py:309 LD 0
TICK: 47162 PC:   0 ADDR:   0 MEM_OUT: 973 ACC: 3 BUFF: 973 DC: 0 FLAG_ZERO: False FLAG_LT: 0 FLAG_GT: 1
INPUT_PORT:  []
OUT_PORT:  []
DATA_MEM:  [973, 454]
---------------------------------------
DEBUG    root:machine.py:309 INC 
TICK: 47166 PC:   1 ADDR:   0 MEM_OUT: 973 ACC: 973 BUFF: 973 DC: 0 FLAG_ZERO: False FLAG_LT: 0 FLAG_GT: 1
INPUT_PORT:  []
OUT_PORT:  []
DATA_MEM:  [973, 454]
---------------------------------------
DEBUG    root:machine.py:309 ST 0
TICK: 47169 PC:   2 ADDR:   0 MEM_OUT: 973 ACC: 974 BUFF: 973 DC: 0 FLAG_ZERO: False FLAG_LT: 0 FLAG_GT: 1
INPUT_PORT:  []
OUT_PORT:  []
DATA_MEM:  [973, 454]
---------------------------------------
DEBUG    root:machine.py:309 CMP 1000
TICK: 47173 PC:   3 ADDR:   0 MEM_OUT: 974 ACC: 974 BUFF: 973 DC: 0 FLAG_ZERO: False FLAG_LT: 0 FLAG_GT: 1
INPUT_PORT:  []
OUT_PORT:  []
DATA_MEM:  [974, 454]
---------------------------------------
DEBUG    root:machine.py:309 JGE 22
TICK: 47176 PC:   4 ADDR:   0 MEM_OUT: 974 ACC: 974 BUFF: 973 DC: 0 FLAG_ZERO: False FLAG_LT: 1 FLAG_GT: 0
INPUT_PORT:  []
OUT_PORT:  []
DATA_MEM:  [974, 454]
---------------------------------------
DEBUG    root:machine.py:309 LD 0
TICK: 47179 PC:   5 ADDR:   0 MEM_OUT: 974 ACC: 974 BUFF: 973 DC: 0 FLAG_ZERO: False FLAG_LT: 1 FLAG_GT: 0
INPUT_PORT:  []
OUT_PORT:  []
DATA_MEM:  [974, 454]
---------------------------------------
DEBUG    root:machine.py:309 MOD 3
TICK: 47183 PC:   6 ADDR:   0 MEM_OUT: 974 ACC: 974 BUFF: 973 DC: 0 FLAG_ZERO: False FLAG_LT: 1 FLAG_GT: 0
INPUT_PORT:  []
OUT_PORT:  []
DATA_MEM:  [974, 454]
---------------------------------------
DEBUG    root:machine.py:309 CMP 0
TICK: 47187 PC:   7 ADDR:   0 MEM_OUT: 974 ACC: 2 BUFF: 974 DC: 0 FLAG_ZERO: False FLAG_LT: 1 FLAG_GT: 0
INPUT_PORT:  []
OUT_PORT:  []
DATA_MEM:  [974, 454]
---------------------------------------
DEBUG    root:machine.py:309 JE 14
TICK: 47190 PC:   8 ADDR:   0 MEM_OUT: 974 ACC: 2 BUFF: 974 DC: 0 FLAG_ZERO: False FLAG_LT: 0 FLAG_GT: 1
INPUT_PORT:  []
OUT_PORT:  []
DATA_MEM:  [974, 454]
---------------------------------------
DEBUG    root:machine.py:309 LD 0
TICK: 47193 PC:   9 ADDR:   0 MEM_OUT: 974 ACC: 2 BUFF: 974 DC: 0 FLAG_ZERO: False FLAG_LT: 0 FLAG_GT: 1
INPUT_PORT:  []
OUT_PORT:  []
DATA_MEM:  [974, 454]
---------------------------------------
DEBUG    root:machine.py:309 MOD 5
TICK: 47197 PC:  10 ADDR:   0 MEM_OUT: 974 ACC: 974 BUFF: 974 DC: 0 FLAG_ZERO: False FLAG_LT: 0 FLAG_GT: 1
INPUT_PORT:  []
OUT_PORT:  []
DATA_MEM:  [974, 454]
---------------------------------------
DEBUG    root:machine.py:309 CMP 0
TICK: 47201 PC:  11 ADDR:   0 MEM_OUT: 974 ACC: 4 BUFF: 974 DC: 0 FLAG_ZERO: False FLAG_LT: 0 FLAG_GT: 1
INPUT_PORT:  []
OUT_PORT:  []
DATA_MEM:  [974, 454]
---------------------------------------
DEBUG    root:machine.py:309 JE 18
TICK: 47204 PC:  12 ADDR:   0 MEM_OUT: 974 ACC: 4 BUFF: 974 DC: 0 FLAG_ZERO: False FLAG_LT: 0 FLAG_GT: 1
INPUT_PORT:  []
OUT_PORT:  []
DATA_MEM:  [974, 454]
---------------------------------------
DEBUG    root:machine.py:309 JMP 0
TICK: 47207 PC:  13 ADDR:   0 MEM_OUT: 974 ACC: 4 BUFF: 974 DC: 0 FLAG_ZERO: False FLAG_LT: 0 FLAG_GT: 1
INPUT_PORT:  []
OUT_PORT:  []
DATA_MEM:  [974, 454]
---------------------------------------
DEBUG    root:machine.py:309 LD 0
TICK: 47210 PC:   0 ADDR:   0 MEM_OUT: 974 ACC: 4 BUFF: 974 DC: 0 FLAG_ZERO: False FLAG_LT: 0 FLAG_GT: 1
INPUT_PORT:  []
OUT_PORT:  []
DATA_MEM:  [974, 454]
---------------------------------------
DEBUG    root:machine.py:309 INC 
TICK: 47214 PC:   1 ADDR:   0 MEM_OUT: 974 ACC: 974 BUFF: 974 DC: 0 FLAG_ZERO: False FLAG_LT: 0 FLAG_GT: 1
INPUT_PORT:  []
OUT_PORT:  []
DATA_MEM:  [974, 454]
---------------------------------------
DEBUG    root:machine.py:309 ST 0
TICK: 47217 PC:   2 ADDR:   0 MEM_OUT: 974 ACC: 975 BUFF: 974 DC: 0 FLAG_ZERO: False FLAG_LT: 0 FLAG_GT: 1
INPUT_PORT:  []
OUT_PORT:  []
DATA_MEM:  [974, 454]
---------------------------------------
DEBUG    root:machine.py:309 CMP 1000
TICK: 47221 PC:   3 ADDR:   0 MEM_OUT: 975 ACC: 975 BUFF: 974 DC: 0 FLAG_ZERO: False FLAG_LT: 0 FLAG_GT: 1
INPUT_PORT:  []
OUT_PORT:  []
DATA_MEM:  [975, 454]
---------------------------------------
DEBUG    root:machine.py:309 JGE 22
TICK: 47224 PC:   4 ADDR:   0 MEM_OUT: 975 ACC: 975 BUFF: 974 DC: 0 FLAG_ZERO: False FLAG_LT: 1 FLAG_GT: 0
INPUT_PORT:  []
OUT_PORT:  []
DATA_MEM:  [975, 454]
---------------------------------------
DEBUG    root:machine.py:309 LD 0
TICK: 47227 PC:   5 ADDR:   0 MEM_OUT: 975 ACC: 975 BUFF: 974 DC: 0 FLAG_ZERO: False FLAG_LT: 1 FLAG_GT: 0
INPUT_PORT:  []
OUT_PORT:  []
DATA_MEM:  [975, 454]
---------------------------------------
DEBUG    root:machine.py:309 MOD 3
TICK: 47231 PC:   6 ADDR:   0 MEM_OUT: 975 ACC: 975 BUFF: 974 DC: 0 FLAG_ZERO: False FLAG_LT: 1 FLAG_GT: 0
INPUT_PORT:  []
OUT_PORT:  []
DATA_MEM:  [975, 454]
---------------------------------------
DEBUG    root:machine.py:309 CMP 0
TICK: 47235 PC:   7 ADDR:   0 MEM_OUT: 975 ACC: 0 BUFF: 975 DC: 0 FLAG_ZERO: False FLAG_LT: 1 FLAG_GT: 0
INPUT_PORT:  []
OUT_PORT:  []
DATA_MEM:  [975, 454]
---------------------------------------
DEBUG    root:machine.py:309 JE 14
TICK: 47238 PC:   8 ADDR:   0 MEM_OUT: 975 ACC: 0 BUFF: 975 DC: 0 FLAG_ZERO: True FLAG_LT: 0 FLAG_GT: 0
INPUT_PORT:  []
OUT_PORT:  []
DATA_MEM:  [975, 454]
---------------------------------------
DEBUG    root:machine.py:309 LD 4
TICK: 47241 PC:  14 ADDR:   0 MEM_OUT: 975 ACC: 0 BUFF: 975 DC: 0 FLAG_ZERO: True FLAG_LT: 0 FLAG_GT: 0
INPUT_PORT:  []
OUT_PORT:  []
DATA_MEM:  [975, 454]
---------------------------------------
DEBUG    root:machine.py:309 INC 
TICK: 47245 PC:  15 ADDR:   1 MEM_OUT: 454 ACC: 454 BUFF: 975 DC: 0 FLAG_ZERO: True FLAG_LT: 0 FLAG_GT: 0
INPUT_PORT:  []
OUT_PORT:  []
DATA_MEM:  [975, 454]
---------------------------------------
DEBUG    root:machine.py:309 ST 4
TICK: 47248 PC:  16 ADDR:   1 MEM_OUT: 454 ACC: 455 BUFF: 975 DC: 0 FLAG_ZERO: True FLAG_LT: 0 FLAG_GT: 0
INPUT_PORT:  []
OUT_PORT:  []
DATA_MEM:  [975, 454]
---------------------------------------
DEBUG    root:machine.py:309 JMP 0
TICK: 47252 PC:  17 ADDR:   1 MEM_OUT: 455 ACC: 455 BUFF: 975 DC: 0 FLAG_ZERO: True FLAG_LT: 0 FLAG_GT: 0
INPUT_PORT:  []
OUT_PORT:  []
DATA_MEM:  [975, 455]
---------------------------------------
DEBUG    root:machine.py:309 LD 0
TICK: 47255 PC:   0 ADDR:   1 MEM_OUT: 455 ACC: 455 BUFF: 975 DC: 0 FLAG_ZERO: True FLAG_LT: 0 FLAG_GT: 0
INPUT_PORT:  []
OUT_PORT:  []
DATA_MEM:  [975, 455]
---------------------------------------
DEBUG    root:machine.py:309 INC 
TICK: 47259 PC:   1 ADDR:   0 MEM_OUT: 975 ACC: 975 BUFF: 975 DC: 0 FLAG_ZERO: True FLAG_LT: 0 FLAG_GT: 0
INPUT_PORT:  []
OUT_PORT:  []
DATA_MEM:  [975, 455]
---------------------------------------
DEBUG    root:machine.py:309 ST 0
TICK: 47262 PC:   2 ADDR:   0 MEM_OUT: 975 ACC: 976 BUFF: 975 DC: 0 FLAG_ZERO: True FLAG_LT: 0 FLAG_GT: 0
INPUT_PORT:  []
OUT_PORT:  []
DATA_MEM:  [975, 455]
---------------------------------------
DEBUG    root:machine.py:309 CMP 1000
TICK: 47266 PC:   3 ADDR:   0 MEM_OUT: 976 ACC: 976 BUFF: 975 DC: 0 FLAG_ZERO: True FLAG_LT: 0 FLAG_GT: 0
INPUT_PORT:  []
OUT_PORT:  []
DATA_MEM:  [976, 455]
---------------------------------------
DEBUG    root:machine.py:309 JGE 22
TICK: 47269 PC:   4 ADDR:   0 MEM_OUT: 976 ACC: 976 BUFF: 975 DC: 0 FLAG_ZERO: False FLAG_LT: 1 FLAG_GT: 0
INPUT_PORT:  []
OUT_PORT:  []
DATA_MEM:  [976, 455]
---------------------------------------
DEBUG    root:machine.py:309 LD 0
TICK: 47272 PC:   5 ADDR:   0 MEM_OUT: 976 ACC: 976 BUFF: 975 DC: 0 FLAG_ZERO: False FLAG_LT: 1 FLAG_GT: 0
INPUT_PORT:  []
OUT_PORT:  []
DATA_MEM:  [976, 455]
---------------------------------------
DEBUG    root:machine.py:309 MOD 3
TICK: 47276 PC:   6 ADDR:   0 MEM_OUT: 976 ACC: 976 BUFF: 975 DC: 0 FLAG_ZERO: False FLAG_LT: 1 FLAG_GT: 0
INPUT_PORT:  []
OUT_PORT:  []
DATA_MEM:  [976, 455]
---------------------------------------
DEBUG    root:machine.py:309 CMP 0
TICK: 47280 PC:   7 ADDR:   0 MEM_OUT: 976 ACC: 1 BUFF: 976 DC: 0 FLAG_ZERO: False FLAG_LT: 1 FLAG_GT: 0
INPUT_PORT:  []
OUT_PORT:  []
DATA_MEM:  [976, 455]
---------------------------------------
DEBUG    root:machine.py:309 JE 14
TICK: 47283 PC:   8 ADDR:   0 MEM_OUT: 976 ACC: 1 BUFF: 976 DC: 0 FLAG_ZERO: False FLAG_LT: 0 FLAG_GT: 1
INPUT_PORT:  []
OUT_PORT:  []
DATA_MEM:  [976, 455]
---------------------------------------
DEBUG    root:machine.py:309 LD 0
TICK: 47286 PC:   9 ADDR:   0 MEM_OUT: 976 ACC: 1 BUFF: 976 DC: 0 FLAG_ZERO: False FLAG_LT: 0 FLAG_GT: 1
INPUT_PORT:  []
OUT_PORT:  []
DATA_MEM:  [976, 455]
---------------------------------------
DEBUG    root:machine.py:309 MOD 5
TICK: 47290 PC:  10 ADDR:   0 MEM_OUT: 976 ACC: 976 BUFF: 976 DC: 0 FLAG_ZERO: False FLAG_LT: 0 FLAG_GT: 1
INPUT_PORT:  []
OUT_PORT:  []
DATA_MEM:  [976, 455]
---------------------------------------
DEBUG    root:machine.py:309 CMP 0
TICK: 47294 PC:  11 ADDR:   0 MEM_OUT: 976 ACC: 1 BUFF: 976 DC: 0 FLAG_ZERO: False FLAG_LT: 0 FLAG_GT: 1
INPUT_PORT:  []
OUT_PORT:  []
DATA_MEM:  [976, 455]
---------------------------------------
DEBUG    root:machine.py:309 JE 18
TICK: 47297 PC:  12 ADDR:   0 MEM_OUT: 976 ACC: 1 BUFF: 976 DC: 0 FLAG_ZERO: False FLAG_LT: 0 FLAG_GT: 1
INPUT_PORT:  []
OUT_PORT:  []
DATA_MEM:  [976, 455]
---------------------------------------
DEBUG    root:machine.py:309 JMP 0
TICK: 47300 PC:  13 ADDR:   0 MEM_OUT: 976 ACC: 1 BUFF: 976 DC: 0 FLAG_ZERO: False FLAG_LT: 0 FLAG_GT: 1
INPUT_PORT:  []
OUT_PORT:  []
DATA_MEM:  [976, 455]
---------------------------------------
DEBUG    root:machine.py:309 LD 0
TICK: 47303 PC:   0 ADDR:   0 MEM_OUT: 976 ACC: 1 BUFF: 976 DC: 0 FLAG_ZERO: False FLAG_LT: 0 FLAG_GT: 1
INPUT_PORT:  []
OUT_PORT:  []
DATA_MEM:  [976, 455]
---------------------------------------
DEBUG    root:machine.py:309 INC 
TICK: 47307 PC:   1 ADDR:   0 MEM_OUT: 976 ACC: 976 BUFF: 976 DC: 0 FLAG_ZERO: False FLAG_LT: 0 FLAG_GT: 1
INPUT_PORT:  []
OUT_PORT:  []
DATA_MEM:  [976, 455]
---------------------------------------
DEBUG    root:machine.py:309 ST 0
TICK: 47310 PC:   2 ADDR:   0 MEM_OUT: 976 ACC: 977 BUFF: 976 DC: 0 FLAG_ZERO: False FLAG_LT: 0 FLAG_GT: 1
INPUT_PORT:  []
OUT_PORT:  []
DATA_MEM:  [976, 455]
---------------------------------------
DEBUG    root:machine.py:309 CMP 1000
TICK: 47314 PC:   3 ADDR:   0 MEM_OUT: 977 ACC: 977 BUFF: 976 DC: 0 FLAG_ZERO: False FLAG_LT: 0 FLAG_GT: 1
INPUT_PORT:  []
OUT_PORT:  []
DATA_MEM:  [977, 455]
---------------------------------------
DEBUG    root:machine.py:309 JGE 22
TICK: 47317 PC:   4 ADDR:   0 MEM_OUT: 977 ACC: 977 BUFF: 976 DC: 0 FLAG_ZERO: False FLAG_LT: 1 FLAG_GT: 0
INPUT_PORT:  []
OUT_PORT:  []
DATA_MEM:  [977, 455]
---------------------------------------
DEBUG    root:machine.py:309 LD 0
TICK: 47320 PC:   5 ADDR:   0 MEM_OUT: 977 ACC: 977 BUFF: 976 DC: 0 FLAG_ZERO: False FLAG_LT: 1 FLAG_GT: 0
INPUT_PORT:  []
OUT_PORT:  []
DATA_MEM:  [977, 455]
---------------------------------------
DEBUG    root:machine.py:309 MOD 3
TICK: 47324 PC:   6 ADDR:   0 MEM_OUT: 977 ACC: 977 BUFF: 976 DC: 0 FLAG_ZERO: False FLAG_LT: 1 FLAG_GT: 0
INPUT_PORT:  []
OUT_PORT:  []
DATA_MEM:  [977, 455]
---------------------------------------
DEBUG    root:machine.py:309 CMP 0
TICK: 47328 PC:   7 ADDR:   0 MEM_OUT: 977 ACC: 2 BUFF: 977 DC: 0 FLAG_ZERO: False FLAG_LT: 1 FLAG_GT: 0
INPUT_PORT:  []
OUT_PORT:  []
DATA_MEM:  [977, 455]
---------------------------------------
DEBUG    root:machine.py:309 JE 14
TICK: 47331 PC:   8 ADDR:   0 MEM_OUT: 977 ACC: 2 BUFF: 977 DC: 0 FLAG_ZERO: False FLAG_LT: 0 FLAG_GT: 1
INPUT_PORT:  []
OUT_PORT:  []
DATA_MEM:  [977, 455]
---------------------------------------
DEBUG    root:machine.py:309 LD 0
TICK: 47334 PC:   9 ADDR:   0 MEM_OUT: 977 ACC: 2 BUFF: 977 DC: 0 FLAG_ZERO: False FLAG_LT: 0 FLAG_GT: 1
INPUT_PORT:  []
OUT_PORT:  []
DATA_MEM:  [977, 455]
---------------------------------------
DEBUG    root:machine.py:309 MOD 5
TICK: 47338 PC:  10 ADDR:   0 MEM_OUT: 977 ACC: 977 BUFF: 977 DC: 0 FLAG_ZERO: False FLAG_LT: 0 FLAG_GT: 1
INPUT_PORT:  []
OUT_PORT:  []
DATA_MEM:  [977, 455]
---------------------------------------
DEBUG    root:machine.py:309 CMP 0
TICK: 47342 PC:  11 ADDR:   0 MEM_OUT: 977 ACC: 2 BUFF: 977 DC: 0 FLAG_ZERO: False FLAG_LT: 0 FLAG_GT: 1
INPUT_PORT:  []
OUT_PORT:  []
DATA_MEM:  [977, 455]
---------------------------------------
DEBUG    root:machine.py:309 JE 18
TICK: 47345 PC:  12 ADDR:   0 MEM_OUT: 977 ACC: 2 BUFF: 977 DC: 0 FLAG_ZERO: False FLAG_LT: 0 FLAG_GT: 1
INPUT_PORT:  []
OUT_PORT:  []
DATA_MEM:  [977, 455]
---------------------------------------
DEBUG    root:machine.py:309 JMP 0
TICK: 47348 PC:  13 ADDR:   0 MEM_OUT: 977 ACC: 2 BUFF: 977 DC: 0 FLAG_ZERO: False FLAG_LT: 0 FLAG_GT: 1
INPUT_PORT:  []
OUT_PORT:  []
DATA_MEM:  [977, 455]
---------------------------------------
DEBUG    root:machine.py:309 LD 0
TICK: 47351 PC:   0 ADDR:   0 MEM_OUT: 977 ACC: 2 BUFF: 977 DC: 0 FLAG_ZERO: False FLAG_LT: 0 FLAG_GT: 1
INPUT_PORT:  []
OUT_PORT:  []
DATA_MEM:  [977, 455]
---------------------------------------
DEBUG    root:machine.py:309 INC 
TICK: 47355 PC:   1 ADDR:   0 MEM_OUT: 977 ACC: 977 BUFF: 977 DC: 0 FLAG_ZERO: False FLAG_LT: 0 FLAG_GT: 1
INPUT_PORT:  []
OUT_PORT:  []
DATA_MEM:  [977, 455]
---------------------------------------
DEBUG    root:machine.py:309 ST 0
TICK: 47358 PC:   2 ADDR:   0 MEM_OUT: 977 ACC: 978 BUFF: 977 DC: 0 FLAG_ZERO: False FLAG_LT: 0 FLAG_GT: 1
INPUT_PORT:  []
OUT_PORT:  []
DATA_MEM:  [977, 455]
---------------------------------------
DEBUG    root:machine.py:309 CMP 1000
TICK: 47362 PC:   3 ADDR:   0 MEM_OUT: 978 ACC: 978 BUFF: 977 DC: 0 FLAG_ZERO: False FLAG_LT: 0 FLAG_GT: 1
INPUT_PORT:  []
OUT_PORT:  []
DATA_MEM:  [978, 455]
---------------------------------------
DEBUG    root:machine.py:309 JGE 22
TICK: 47365 PC:   4 ADDR:   0 MEM_OUT: 978 ACC: 978 BUFF: 977 DC: 0 FLAG_ZERO: False FLAG_LT: 1 FLAG_GT: 0
INPUT_PORT:  []
OUT_PORT:  []
DATA_MEM:  [978, 455]
---------------------------------------
DEBUG    root:machine.py:309 LD 0
TICK: 47368 PC:   5 ADDR:   0 MEM_OUT: 978 ACC: 978 BUFF: 977 DC: 0 FLAG_ZERO: False FLAG_LT: 1 FLAG_GT: 0
INPUT_PORT:  []
OUT_PORT:  []
DATA_MEM:  [978, 455]
---------------------------------------
DEBUG    root:machine.py:309 MOD 3
TICK: 47372 PC:   6 ADDR:   0 MEM_OUT: 978 ACC: 978 BUFF: 977 DC: 0 FLAG_ZERO: False FLAG_LT: 1 FLAG_GT: 0
INPUT_PORT:  []
OUT_PORT:  []
DATA_MEM:  [978, 455]
---------------------------------------
DEBUG    root:machine.py:309 CMP 0
TICK: 47376 PC:   7 ADDR:   0 MEM_OUT: 978 ACC: 0 BUFF: 978 DC: 0 FLAG_ZERO: False FLAG_LT: 1 FLAG_GT: 0
INPUT_PORT:  []
OUT_PORT:  []
DATA_MEM:  [978, 455]
---------------------------------------
DEBUG    root:machine.py:309 JE 14
TICK: 47379 PC:   8 ADDR:   0 MEM_OUT: 978 ACC: 0 BUFF: 978 DC: 0 FLAG_ZERO: True FLAG_LT: 0 FLAG_GT: 0
INPUT_PORT:  []
OUT_PORT:  []
DATA_MEM:  [978, 455]
---------------------------------------
DEBUG    root:machine.py:309 LD 4
TICK: 47382 PC:  14 ADDR:   0 MEM_OUT: 978 ACC: 0 BUFF: 978 DC: 0 FLAG_ZERO: True FLAG_LT: 0 FLAG_GT: 0
INPUT_PORT:  []
OUT_PORT:  []
DATA_MEM:  [978, 455]
---------------------------------------
DEBUG    root:machine.py:309 INC 
TICK: 47386 PC:  15 ADDR:   1 MEM_OUT: 455 ACC: 455 BUFF: 978 DC: 0 FLAG_ZERO: True FLAG_LT: 0 FLAG_GT: 0
INPUT_PORT:  []
OUT_PORT:  []
DATA_MEM:  [978, 455]
---------------------------------------
DEBUG    root:machine.py:309 ST 4
TICK: 47389 PC:  16 ADDR:   1 MEM_OUT: 455 ACC: 456 BUFF: 978 DC: 0 FLAG_ZERO: True FLAG_LT: 0 FLAG_GT: 0
INPUT_PORT:  []
OUT_PORT:  []
DATA_MEM:  [978, 455]
---------------------------------------
DEBUG    root:machine.py:309 JMP 0
TICK: 47393 PC:  17 ADDR:   1 MEM_OUT: 456 ACC: 456 BUFF: 978 DC: 0 FLAG_ZERO: True FLAG_LT: 0 FLAG_GT: 0
INPUT_PORT:  []
OUT_PORT:  []
DATA_MEM:  [978, 456]
---------------------------------------
DEBUG    root:machine.py:309 LD 0
TICK: 47396 PC:   0 ADDR:   1 MEM_OUT: 456 ACC: 456 BUFF: 978 DC: 0 FLAG_ZERO: True FLAG_LT: 0 FLAG_GT: 0
INPUT_PORT:  []
OUT_PORT:  []
DATA_MEM:  [978, 456]
---------------------------------------
DEBUG    root:machine.py:309 INC 
TICK: 47400 PC:   1 ADDR:   0 MEM_OUT: 978 ACC: 978 BUFF: 978 DC: 0 FLAG_ZERO: True FLAG_LT: 0 FLAG_GT: 0
INPUT_PORT:  []
OUT_PORT:  []
DATA_MEM:  [978, 456]
---------------------------------------
DEBUG    root:machine.py:309 ST 0
TICK: 47403 PC:   2 ADDR:   0 MEM_OUT: 978 ACC: 979 BUFF: 978 DC: 0 FLAG_ZERO: True FLAG_LT: 0 FLAG_GT: 0
INPUT_PORT:  []
OUT_PORT:  []
DATA_MEM:  [978, 456]
---------------------------------------
DEBUG    root:machine.py:309 CMP 1000
TICK: 47407 PC:   3 ADDR:   0 MEM_OUT: 979 ACC: 979 BUFF: 978 DC: 0 FLAG_ZERO: True FLAG_LT: 0 FLAG_GT: 0
INPUT_PORT:  []
OUT_PORT:  []
DATA_MEM:  [979, 456]
---------------------------------------
DEBUG    root:machine.py:309 JGE 22
TICK: 47410 PC:   4 ADDR:   0 MEM_OUT: 979 ACC: 979 BUFF: 978 DC: 0 FLAG_ZERO: False FLAG_LT: 1 FLAG_GT: 0
INPUT_PORT:  []
OUT_PORT:  []
DATA_MEM:  [979, 456]
---------------------------------------
DEBUG    root:machine.py:309 LD 0
TICK: 47413 PC:   5 ADDR:   0 MEM_OUT: 979 ACC: 979 BUFF: 978 DC: 0 FLAG_ZERO: False FLAG_LT: 1 FLAG_GT: 0
INPUT_PORT:  []
OUT_PORT:  []
DATA_MEM:  [979, 456]
---------------------------------------
DEBUG    root:machine.py:309 MOD 3
TICK: 47417 PC:   6 ADDR:   0 MEM_OUT: 979 ACC: 979 BUFF: 978 DC: 0 FLAG_ZERO: False FLAG_LT: 1 FLAG_GT: 0
INPUT_PORT:  []
OUT_PORT:  []
DATA_MEM:  [979, 456]
---------------------------------------
DEBUG    root:machine.py:309 CMP 0
TICK: 47421 PC:   7 ADDR:   0 MEM_OUT: 979 ACC: 1 BUFF: 979 DC: 0 FLAG_ZERO: False FLAG_LT: 1 FLAG_GT: 0
INPUT_PORT:  []
OUT_PORT:  []
DATA_MEM:  [979, 456]
---------------------------------------
DEBUG    root:machine.py:309 JE 14
TICK: 47424 PC:   8 ADDR:   0 MEM_OUT: 979 ACC: 1 BUFF: 979 DC: 0 FLAG_ZERO: False FLAG_LT: 0 FLAG_GT: 1
INPUT_PORT:  []
OUT_PORT:  []
DATA_MEM:  [979, 456]
---------------------------------------
DEBUG    root:machine.py:309 LD 0
TICK: 47427 PC:   9 ADDR:   0 MEM_OUT: 979 ACC: 1 BUFF: 979 DC: 0 FLAG_ZERO: False FLAG_LT: 0 FLAG_GT: 1
INPUT_PORT:  []
OUT_PORT:  []
DATA_MEM:  [979, 456]
---------------------------------------
DEBUG    root:machine.py:309 MOD 5
TICK: 47431 PC:  10 ADDR:   0 MEM_OUT: 979 ACC: 979 BUFF: 979 DC: 0 FLAG_ZERO: False FLAG_LT: 0 FLAG_GT: 1
INPUT_PORT:  []
OUT_PORT:  []
DATA_MEM:  [979, 456]
---------------------------------------
DEBUG    root:machine.py:309 CMP 0
TICK: 47435 PC:  11 ADDR:   0 MEM_OUT: 979 ACC: 4 BUFF: 979 DC: 0 FLAG_ZERO: False FLAG_LT: 0 FLAG_GT: 1
INPUT_PORT:  []
OUT_PORT:  []
DATA_MEM:  [979, 456]
---------------------------------------
DEBUG    root:machine.py:309 JE 18
TICK: 47438 PC:  12 ADDR:   0 MEM_OUT: 979 ACC: 4 BUFF: 979 DC: 0 FLAG_ZERO: False FLAG_LT: 0 FLAG_GT: 1
INPUT_PORT:  []
OUT_PORT:  []
DATA_MEM:  [979, 456]
---------------------------------------
DEBUG    root:machine.py:309 JMP 0
TICK: 47441 PC:  13 ADDR:   0 MEM_OUT: 979 ACC: 4 BUFF: 979 DC: 0 FLAG_ZERO: False FLAG_LT: 0 FLAG_GT: 1
INPUT_PORT:  []
OUT_PORT:  []
DATA_MEM:  [979, 456]
---------------------------------------
DEBUG    root:machine.py:309 LD 0
TICK: 47444 PC:   0 ADDR:   0 MEM_OUT: 979 ACC: 4 BUFF: 979 DC: 0 FLAG_ZERO: False FLAG_LT: 0 FLAG_GT: 1
INPUT_PORT:  []
OUT_PORT:  []
DATA_MEM:  [979, 456]
---------------------------------------
DEBUG    root:machine.py:309 INC 
TICK: 47448 PC:   1 ADDR:   0 MEM_OUT: 979 ACC: 979 BUFF: 979 DC: 0 FLAG_ZERO: False FLAG_LT: 0 FLAG_GT: 1
INPUT_PORT:  []
OUT_PORT:  []
DATA_MEM:  [979, 456]
---------------------------------------
DEBUG    root:machine.py:309 ST 0
TICK: 47451 PC:   2 ADDR:   0 MEM_OUT: 979 ACC: 980 BUFF: 979 DC: 0 FLAG_ZERO: False FLAG_LT: 0 FLAG_GT: 1
INPUT_PORT:  []
OUT_PORT:  []
DATA_MEM:  [979, 456]
---------------------------------------
DEBUG    root:machine.py:309 CMP 1000
TICK: 47455 PC:   3 ADDR:   0 MEM_OUT: 980 ACC: 980 BUFF: 979 DC: 0 FLAG_ZERO: False FLAG_LT: 0 FLAG_GT: 1
INPUT_PORT:  []
OUT_PORT:  []
DATA_MEM:  [980, 456]
---------------------------------------
DEBUG    root:machine.py:309 JGE 22
TICK: 47458 PC:   4 ADDR:   0 MEM_OUT: 980 ACC: 980 BUFF: 979 DC: 0 FLAG_ZERO: False FLAG_LT: 1 FLAG_GT: 0
INPUT_PORT:  []
OUT_PORT:  []
DATA_MEM:  [980, 456]
---------------------------------------
DEBUG    root:machine.py:309 LD 0
TICK: 47461 PC:   5 ADDR:   0 MEM_OUT: 980 ACC: 980 BUFF: 979 DC: 0 FLAG_ZERO: False FLAG_LT: 1 FLAG_GT: 0
INPUT_PORT:  []
OUT_PORT:  []
DATA_MEM:  [980, 456]
---------------------------------------
DEBUG    root:machine.py:309 MOD 3
TICK: 47465 PC:   6 ADDR:   0 MEM_OUT: 980 ACC: 980 BUFF: 979 DC: 0 FLAG_ZERO: False FLAG_LT: 1 FLAG_GT: 0
INPUT_PORT:  []
OUT_PORT:  []
DATA_MEM:  [980, 456]
---------------------------------------
DEBUG    root:machine.py:309 CMP 0
TICK: 47469 PC:   7 ADDR:   0 MEM_OUT: 980 ACC: 2 BUFF: 980 DC: 0 FLAG_ZERO: False FLAG_LT: 1 FLAG_GT: 0
INPUT_PORT:  []
OUT_PORT:  []
DATA_MEM:  [980, 456]
---------------------------------------
DEBUG    root:machine.py:309 JE 14
TICK: 47472 PC:   8 ADDR:   0 MEM_OUT: 980 ACC: 2 BUFF: 980 DC: 0 FLAG_ZERO: False FLAG_LT: 0 FLAG_GT: 1
INPUT_PORT:  []
OUT_PORT:  []
DATA_MEM:  [980, 456]
---------------------------------------
DEBUG    root:machine.py:309 LD 0
TICK: 47475 PC:   9 ADDR:   0 MEM_OUT: 980 ACC: 2 BUFF: 980 DC: 0 FLAG_ZERO: False FLAG_LT: 0 FLAG_GT: 1
INPUT_PORT:  []
OUT_PORT:  []
DATA_MEM:  [980, 456]
---------------------------------------
DEBUG    root:machine.py:309 MOD 5
TICK: 47479 PC:  10 ADDR:   0 MEM_OUT: 980 ACC: 980 BUFF: 980 DC: 0 FLAG_ZERO: False FLAG_LT: 0 FLAG_GT: 1
INPUT_PORT:  []
OUT_PORT:  []
DATA_MEM:  [980, 456]
---------------------------------------
DEBUG    root:machine.py:309 CMP 0
TICK: 47483 PC:  11 ADDR:   0 MEM_OUT: 980 ACC: 0 BUFF: 980 DC: 0 FLAG_ZERO: False FLAG_LT: 0 FLAG_GT: 1
INPUT_PORT:  []
OUT_PORT:  []
DATA_MEM:  [980, 456]
---------------------------------------
DEBUG    root:machine.py:309 JE 18
TICK: 47486 PC:  12 ADDR:   0 MEM_OUT: 980 ACC: 0 BUFF: 980 DC: 0 FLAG_ZERO: True FLAG_LT: 0 FLAG_GT: 0
INPUT_PORT:  []
OUT_PORT:  []
DATA_MEM:  [980, 456]
---------------------------------------
DEBUG    root:machine.py:309 LD 4
TICK: 47489 PC:  18 ADDR:   0 MEM_OUT: 980 ACC: 0 BUFF: 980 DC: 0 FLAG_ZERO: True FLAG_LT: 0 FLAG_GT: 0
INPUT_PORT:  []
OUT_PORT:  []
DATA_MEM:  [980, 456]
---------------------------------------
DEBUG    root:machine.py:309 INC 
TICK: 47493 PC:  19 ADDR:   1 MEM_OUT: 456 ACC: 456 BUFF: 980 DC: 0 FLAG_ZERO: True FLAG_LT: 0 FLAG_GT: 0
INPUT_PORT:  []
OUT_PORT:  []
DATA_MEM:  [980, 456]
---------------------------------------
DEBUG    root:machine.py:309 ST 4
TICK: 47496 PC:  20 ADDR:   1 MEM_OUT: 456 ACC: 457 BUFF: 980 DC: 0 FLAG_ZERO: True FLAG_LT: 0 FLAG_GT: 0
INPUT_PORT:  []
OUT_PORT:  []
DATA_MEM:  [980, 456]
---------------------------------------
DEBUG    root:machine.py:309 JMP 0
TICK: 47500 PC:  21 ADDR:   1 MEM_OUT: 457 ACC: 457 BUFF: 980 DC: 0 FLAG_ZERO: True FLAG_LT: 0 FLAG_GT: 0
INPUT_PORT:  []
OUT_PORT:  []
DATA_MEM:  [980, 457]
---------------------------------------
DEBUG    root:machine.py:309 LD 0
TICK: 47503 PC:   0 ADDR:   1 MEM_OUT: 457 ACC: 457 BUFF: 980 DC: 0 FLAG_ZERO: True FLAG_LT: 0 FLAG_GT: 0
INPUT_PORT:  []
OUT_PORT:  []
DATA_MEM:  [980, 457]
---------------------------------------
DEBUG    root:machine.py:309 INC 
TICK: 47507 PC:   1 ADDR:   0 MEM_OUT: 980 ACC: 980 BUFF: 980 DC: 0 FLAG_ZERO: True FLAG_LT: 0 FLAG_GT: 0
INPUT_PORT:  []
OUT_PORT:  []
DATA_MEM:  [980, 457]
---------------------------------------
DEBUG    root:machine.py:309 ST 0
TICK: 47510 PC:   2 ADDR:   0 MEM_OUT: 980 ACC: 981 BUFF: 980 DC: 0 FLAG_ZERO: True FLAG_LT: 0 FLAG_GT: 0
INPUT_PORT:  []
OUT_PORT:  []
DATA_MEM:  [980, 457]
---------------------------------------
DEBUG    root:machine.py:309 CMP 1000
TICK: 47514 PC:   3 ADDR:   0 MEM_OUT: 981 ACC: 981 BUFF: 980 DC: 0 FLAG_ZERO: True FLAG_LT: 0 FLAG_GT: 0
INPUT_PORT:  []
OUT_PORT:  []
DATA_MEM:  [981, 457]
---------------------------------------
DEBUG    root:machine.py:309 JGE 22
TICK: 47517 PC:   4 ADDR:   0 MEM_OUT: 981 ACC: 981 BUFF: 980 DC: 0 FLAG_ZERO: False FLAG_LT: 1 FLAG_GT: 0
INPUT_PORT:  []
OUT_PORT:  []
DATA_MEM:  [981, 457]
---------------------------------------
DEBUG    root:machine.py:309 LD 0
TICK: 47520 PC:   5 ADDR:   0 MEM_OUT: 981 ACC: 981 BUFF: 980 DC: 0 FLAG_ZERO: False FLAG_LT: 1 FLAG_GT: 0
INPUT_PORT:  []
OUT_PORT:  []
DATA_MEM:  [981, 457]
---------------------------------------
DEBUG    root:machine.py:309 MOD 3
TICK: 47524 PC:   6 ADDR:   0 MEM_OUT: 981 ACC: 981 BUFF: 980 DC: 0 FLAG_ZERO: False FLAG_LT: 1 FLAG_GT: 0
INPUT_PORT:  []
OUT_PORT:  []
DATA_MEM:  [981, 457]
---------------------------------------
DEBUG    root:machine.py:309 CMP 0
TICK: 47528 PC:   7 ADDR:   0 MEM_OUT: 981 ACC: 0 BUFF: 981 DC: 0 FLAG_ZERO: False FLAG_LT: 1 FLAG_GT: 0
INPUT_PORT:  []
OUT_PORT:  []
DATA_MEM:  [981, 457]
---------------------------------------
DEBUG    root:machine.py:309 JE 14
TICK: 47531 PC:   8 ADDR:   0 MEM_OUT: 981 ACC: 0 BUFF: 981 DC: 0 FLAG_ZERO: True FLAG_LT: 0 FLAG_GT: 0
INPUT_PORT:  []
OUT_PORT:  []
DATA_MEM:  [981, 457]
---------------------------------------
DEBUG    root:machine.py:309 LD 4
TICK: 47534 PC:  14 ADDR:   0 MEM_OUT: 981 ACC: 0 BUFF: 981 DC: 0 FLAG_ZERO: True FLAG_LT: 0 FLAG_GT: 0
INPUT_PORT:  []
OUT_PORT:  []
DATA_MEM:  [981, 457]
---------------------------------------
DEBUG    root:machine.py:309 INC 
TICK: 47538 PC:  15 ADDR:   1 MEM_OUT: 457 ACC: 457 BUFF: 981 DC: 0 FLAG_ZERO: True FLAG_LT: 0 FLAG_GT: 0
INPUT_PORT:  []
OUT_PORT:  []
DATA_MEM:  [981, 457]
---------------------------------------
DEBUG    root:machine.py:309 ST 4
TICK: 47541 PC:  16 ADDR:   1 MEM_OUT: 457 ACC: 458 BUFF: 981 DC: 0 FLAG_ZERO: True FLAG_LT: 0 FLAG_GT: 0
INPUT_PORT:  []
OUT_PORT:  []
DATA_MEM:  [981, 457]
---------------------------------------
DEBUG    root:machine.py:309 JMP 0
TICK: 47545 PC:  17 ADDR:   1 MEM_OUT: 458 ACC: 458 BUFF: 981 DC: 0 FLAG_ZERO: True FLAG_LT: 0 FLAG_GT: 0
INPUT_PORT:  []
OUT_PORT:  []
DATA_MEM:  [981, 458]
---------------------------------------
DEBUG    root:machine.py:309 LD 0
TICK: 47548 PC:   0 ADDR:   1 MEM_OUT: 458 ACC: 458 BUFF: 981 DC: 0 FLAG_ZERO: True FLAG_LT: 0 FLAG_GT: 0
INPUT_PORT:  []
OUT_PORT:  []
DATA_MEM:  [981, 458]
---------------------------------------
DEBUG    root:machine.py:309 INC 
TICK: 47552 PC:   1 ADDR:   0 MEM_OUT: 981 ACC: 981 BUFF: 981 DC: 0 FLAG_ZERO: True FLAG_LT: 0 FLAG_GT: 0
INPUT_PORT:  []
OUT_PORT:  []
DATA_MEM:  [981, 458]
---------------------------------------
DEBUG    root:machine.py:309 ST 0
TICK: 47555 PC:   2 ADDR:   0 MEM_OUT: 981 ACC: 982 BUFF: 981 DC: 0 FLAG_ZERO: True FLAG_LT: 0 FLAG_GT: 0
INPUT_PORT:  []
OUT_PORT:  []
DATA_MEM:  [981, 458]
---------------------------------------
DEBUG    root:machine.py:309 CMP 1000
TICK: 47559 PC:   3 ADDR:   0 MEM_OUT: 982 ACC: 982 BUFF: 981 DC: 0 FLAG_ZERO: True FLAG_LT: 0 FLAG_GT: 0
INPUT_PORT:  []
OUT_PORT:  []
DATA_MEM:  [982, 458]
---------------------------------------
DEBUG    root:machine.py:309 JGE 22
TICK: 47562 PC:   4 ADDR:   0 MEM_OUT: 982 ACC: 982 BUFF: 981 DC: 0 FLAG_ZERO: False FLAG_LT: 1 FLAG_GT: 0
INPUT_PORT:  []
OUT_PORT:  []
DATA_MEM:  [982, 458]
---------------------------------------
DEBUG    root:machine.py:309 LD 0
TICK: 47565 PC:   5 ADDR:   0 MEM_OUT: 982 ACC: 982 BUFF: 981 DC: 0 FLAG_ZERO: False FLAG_LT: 1 FLAG_GT: 0
INPUT_PORT:  []
OUT_PORT:  []
DATA_MEM:  [982, 458]
---------------------------------------
DEBUG    root:machine.py:309 MOD 3
TICK: 47569 PC:   6 ADDR:   0 MEM_OUT: 982 ACC: 982 BUFF: 981 DC: 0 FLAG_ZERO: False FLAG_LT: 1 FLAG_GT: 0
INPUT_PORT:  []
OUT_PORT:  []
DATA_MEM:  [982, 458]
---------------------------------------
DEBUG    root:machine.py:309 CMP 0
TICK: 47573 PC:   7 ADDR:   0 MEM_OUT: 982 ACC: 1 BUFF: 982 DC: 0 FLAG_ZERO: False FLAG_LT: 1 FLAG_GT: 0
INPUT_PORT:  []
OUT_PORT:  []
DATA_MEM:  [982, 458]
---------------------------------------
DEBUG    root:machine.py:309 JE 14
TICK: 47576 PC:   8 ADDR:   0 MEM_OUT: 982 ACC: 1 BUFF: 982 DC: 0 FLAG_ZERO: False FLAG_LT: 0 FLAG_GT: 1
INPUT_PORT:  []
OUT_PORT:  []
DATA_MEM:  [982, 458]
---------------------------------------
DEBUG    root:machine.py:309 LD 0
TICK: 47579 PC:   9 ADDR:   0 MEM_OUT: 982 ACC: 1 BUFF: 982 DC: 0 FLAG_ZERO: False FLAG_LT: 0 FLAG_GT: 1
INPUT_PORT:  []
OUT_PORT:  []
DATA_MEM:  [982, 458]
---------------------------------------
DEBUG    root:machine.py:309 MOD 5
TICK: 47583 PC:  10 ADDR:   0 MEM_OUT: 982 ACC: 982 BUFF: 982 DC: 0 FLAG_ZERO: False FLAG_LT: 0 FLAG_GT: 1
INPUT_PORT:  []
OUT_PORT:  []
DATA_MEM:  [982, 458]
---------------------------------------
DEBUG    root:machine.py:309 CMP 0
TICK: 47587 PC:  11 ADDR:   0 MEM_OUT: 982 ACC: 2 BUFF: 982 DC: 0 FLAG_ZERO: False FLAG_LT: 0 FLAG_GT: 1
INPUT_PORT:  []
OUT_PORT:  []
DATA_MEM:  [982, 458]
---------------------------------------
DEBUG    root:machine.py:309 JE 18
TICK: 47590 PC:  12 ADDR:   0 MEM_OUT: 982 ACC: 2 BUFF: 982 DC: 0 FLAG_ZERO: False FLAG_LT: 0 FLAG_GT: 1
INPUT_PORT:  []
OUT_PORT:  []
DATA_MEM:  [982, 458]
---------------------------------------
DEBUG    root:machine.py:309 JMP 0
TICK: 47593 PC:  13 ADDR:   0 MEM_OUT: 982 ACC: 2 BUFF: 982 DC: 0 FLAG_ZERO: False FLAG_LT: 0 FLAG_GT: 1
INPUT_PORT:  []
OUT_PORT:  []
DATA_MEM:  [982, 458]
---------------------------------------
DEBUG    root:machine.py:309 LD 0
TICK: 47596 PC:   0 ADDR:   0 MEM_OUT: 982 ACC: 2 BUFF: 982 DC: 0 FLAG_ZERO: False FLAG_LT: 0 FLAG_GT: 1
INPUT_PORT:  []
OUT_PORT:  []
DATA_MEM:  [982, 458]
---------------------------------------
DEBUG    root:machine.py:309 INC 
TICK: 47600 PC:   1 ADDR:   0 MEM_OUT: 982 ACC: 982 BUFF: 982 DC: 0 FLAG_ZERO: False FLAG_LT: 0 FLAG_GT: 1
INPUT_PORT:  []
OUT_PORT:  []
DATA_MEM:  [982, 458]
---------------------------------------
DEBUG    root:machine.py:309 ST 0
TICK: 47603 PC:   2 ADDR:   0 MEM_OUT: 982 ACC: 983 BUFF: 982 DC: 0 FLAG_ZERO: False FLAG_LT: 0 FLAG_GT: 1
INPUT_PORT:  []
OUT_PORT:  []
DATA_MEM:  [982, 458]
---------------------------------------
DEBUG    root:machine.py:309 CMP 1000
TICK: 47607 PC:   3 ADDR:   0 MEM_OUT: 983 ACC: 983 BUFF: 982 DC: 0 FLAG_ZERO: False FLAG_LT: 0 FLAG_GT: 1
INPUT_PORT:  []
OUT_PORT:  []
DATA_MEM:  [983, 458]
---------------------------------------
DEBUG    root:machine.py:309 JGE 22
TICK: 47610 PC:   4 ADDR:   0 MEM_OUT: 983 ACC: 983 BUFF: 982 DC: 0 FLAG_ZERO: False FLAG_LT: 1 FLAG_GT: 0
INPUT_PORT:  []
OUT_PORT:  []
DATA_MEM:  [983, 458]
---------------------------------------
DEBUG    root:machine.py:309 LD 0
TICK: 47613 PC:   5 ADDR:   0 MEM_OUT: 983 ACC: 983 BUFF: 982 DC: 0 FLAG_ZERO: False FLAG_LT: 1 FLAG_GT: 0
INPUT_PORT:  []
OUT_PORT:  []
DATA_MEM:  [983, 458]
---------------------------------------
DEBUG    root:machine.py:309 MOD 3
TICK: 47617 PC:   6 ADDR:   0 MEM_OUT: 983 ACC: 983 BUFF: 982 DC: 0 FLAG_ZERO: False FLAG_LT: 1 FLAG_GT: 0
INPUT_PORT:  []
OUT_PORT:  []
DATA_MEM:  [983, 458]
---------------------------------------
DEBUG    root:machine.py:309 CMP 0
TICK: 47621 PC:   7 ADDR:   0 MEM_OUT: 983 ACC: 2 BUFF: 983 DC: 0 FLAG_ZERO: False FLAG_LT: 1 FLAG_GT: 0
INPUT_PORT:  []
OUT_PORT:  []
DATA_MEM:  [983, 458]
---------------------------------------
DEBUG    root:machine.py:309 JE 14
TICK: 47624 PC:   8 ADDR:   0 MEM_OUT: 983 ACC: 2 BUFF: 983 DC: 0 FLAG_ZERO: False FLAG_LT: 0 FLAG_GT: 1
INPUT_PORT:  []
OUT_PORT:  []
DATA_MEM:  [983, 458]
---------------------------------------
DEBUG    root:machine.py:309 LD 0
TICK: 47627 PC:   9 ADDR:   0 MEM_OUT: 983 ACC: 2 BUFF: 983 DC: 0 FLAG_ZERO: False FLAG_LT: 0 FLAG_GT: 1
INPUT_PORT:  []
OUT_PORT:  []
DATA_MEM:  [983, 458]
---------------------------------------
DEBUG    root:machine.py:309 MOD 5
TICK: 47631 PC:  10 ADDR:   0 MEM_OUT: 983 ACC: 983 BUFF: 983 DC: 0 FLAG_ZERO: False FLAG_LT: 0 FLAG_GT: 1
INPUT_PORT:  []
OUT_PORT:  []
DATA_MEM:  [983, 458]
---------------------------------------
DEBUG    root:machine.py:309 CMP 0
TICK: 47635 PC:  11 ADDR:   0 MEM_OUT: 983 ACC: 3 BUFF: 983 DC: 0 FLAG_ZERO: False FLAG_LT: 0 FLAG_GT: 1
INPUT_PORT:  []
OUT_PORT:  []
DATA_MEM:  [983, 458]
---------------------------------------
DEBUG    root:machine.py:309 JE 18
TICK: 47638 PC:  12 ADDR:   0 MEM_OUT: 983 ACC: 3 BUFF: 983 DC: 0 FLAG_ZERO: False FLAG_LT: 0 FLAG_GT: 1
INPUT_PORT:  []
OUT_PORT:  []
DATA_MEM:  [983, 458]
---------------------------------------
DEBUG    root:machine.py:309 JMP 0
TICK: 47641 PC:  13 ADDR:   0 MEM_OUT: 983 ACC: 3 BUFF: 983 DC: 0 FLAG_ZERO: False FLAG_LT: 0 FLAG_GT: 1
INPUT_PORT:  []
OUT_PORT:  []
DATA_MEM:  [983, 458]
---------------------------------------
DEBUG    root:machine.py:309 LD 0
TICK: 47644 PC:   0 ADDR:   0 MEM_OUT: 983 ACC: 3 BUFF: 983 DC: 0 FLAG_ZERO: False FLAG_LT: 0 FLAG_GT: 1
INPUT_PORT:  []
OUT_PORT:  []
DATA_MEM:  [983, 458]
---------------------------------------
DEBUG    root:machine.py:309 INC 
TICK: 47648 PC:   1 ADDR:   0 MEM_OUT: 983 ACC: 983 BUFF: 983 DC: 0 FLAG_ZERO: False FLAG_LT: 0 FLAG_GT: 1
INPUT_PORT:  []
OUT_PORT:  []
DATA_MEM:  [983, 458]
---------------------------------------
DEBUG    root:machine.py:309 ST 0
TICK: 47651 PC:   2 ADDR:   0 MEM_OUT: 983 ACC: 984 BUFF: 983 DC: 0 FLAG_ZERO: False FLAG_LT: 0 FLAG_GT: 1
INPUT_PORT:  []
OUT_PORT:  []
DATA_MEM:  [983, 458]
---------------------------------------
DEBUG    root:machine.py:309 CMP 1000
TICK: 47655 PC:   3 ADDR:   0 MEM_OUT: 984 ACC: 984 BUFF: 983 DC: 0 FLAG_ZERO: False FLAG_LT: 0 FLAG_GT: 1
INPUT_PORT:  []
OUT_PORT:  []
DATA_MEM:  [984, 458]
---------------------------------------
DEBUG    root:machine.py:309 JGE 22
TICK: 47658 PC:   4 ADDR:   0 MEM_OUT: 984 ACC: 984 BUFF: 983 DC: 0 FLAG_ZERO: False FLAG_LT: 1 FLAG_GT: 0
INPUT_PORT:  []
OUT_PORT:  []
DATA_MEM:  [984, 458]
---------------------------------------
DEBUG    root:machine.py:309 LD 0
TICK: 47661 PC:   5 ADDR:   0 MEM_OUT: 984 ACC: 984 BUFF: 983 DC: 0 FLAG_ZERO: False FLAG_LT: 1 FLAG_GT: 0
INPUT_PORT:  []
OUT_PORT:  []
DATA_MEM:  [984, 458]
---------------------------------------
DEBUG    root:machine.py:309 MOD 3
TICK: 47665 PC:   6 ADDR:   0 MEM_OUT: 984 ACC: 984 BUFF: 983 DC: 0 FLAG_ZERO: False FLAG_LT: 1 FLAG_GT: 0
INPUT_PORT:  []
OUT_PORT:  []
DATA_MEM:  [984, 458]
---------------------------------------
DEBUG    root:machine.py:309 CMP 0
TICK: 47669 PC:   7 ADDR:   0 MEM_OUT: 984 ACC: 0 BUFF: 984 DC: 0 FLAG_ZERO: False FLAG_LT: 1 FLAG_GT: 0
INPUT_PORT:  []
OUT_PORT:  []
DATA_MEM:  [984, 458]
---------------------------------------
DEBUG    root:machine.py:309 JE 14
TICK: 47672 PC:   8 ADDR:   0 MEM_OUT: 984 ACC: 0 BUFF: 984 DC: 0 FLAG_ZERO: True FLAG_LT: 0 FLAG_GT: 0
INPUT_PORT:  []
OUT_PORT:  []
DATA_MEM:  [984, 458]
---------------------------------------
DEBUG    root:machine.py:309 LD 4
TICK: 47675 PC:  14 ADDR:   0 MEM_OUT: 984 ACC: 0 BUFF: 984 DC: 0 FLAG_ZERO: True FLAG_LT: 0 FLAG_GT: 0
INPUT_PORT:  []
OUT_PORT:  []
DATA_MEM:  [984, 458]
---------------------------------------
DEBUG    root:machine.py:309 INC 
TICK: 47679 PC:  15 ADDR:   1 MEM_OUT: 458 ACC: 458 BUFF: 984 DC: 0 FLAG_ZERO: True FLAG_LT: 0 FLAG_GT: 0
INPUT_PORT:  []
OUT_PORT:  []
DATA_MEM:  [984, 458]
---------------------------------------
DEBUG    root:machine.py:309 ST 4
TICK: 47682 PC:  16 ADDR:   1 MEM_OUT: 458 ACC: 459 BUFF: 984 DC: 0 FLAG_ZERO: True FLAG_LT: 0 FLAG_GT: 0
INPUT_PORT:  []
OUT_PORT:  []
DATA_MEM:  [984, 458]
---------------------------------------
DEBUG    root:machine.py:309 JMP 0
TICK: 47686 PC:  17 ADDR:   1 MEM_OUT: 459 ACC: 459 BUFF: 984 DC: 0 FLAG_ZERO: True FLAG_LT: 0 FLAG_GT: 0
INPUT_PORT:  []
OUT_PORT:  []
DATA_MEM:  [984, 459]
---------------------------------------
DEBUG    root:machine.py:309 LD 0
TICK: 47689 PC:   0 ADDR:   1 MEM_OUT: 459 ACC: 459 BUFF: 984 DC: 0 FLAG_ZERO: True FLAG_LT: 0 FLAG_GT: 0
INPUT_PORT:  []
OUT_PORT:  []
DATA_MEM:  [984, 459]
---------------------------------------
DEBUG    root:machine.py:309 INC 
TICK: 47693 PC:   1 ADDR:   0 MEM_OUT: 984 ACC: 984 BUFF: 984 DC: 0 FLAG_ZERO: True FLAG_LT: 0 FLAG_GT: 0
INPUT_PORT:  []
OUT_PORT:  []
DATA_MEM:  [984, 459]
---------------------------------------
DEBUG    root:machine.py:309 ST 0
TICK: 47696 PC:   2 ADDR:   0 MEM_OUT: 984 ACC: 985 BUFF: 984 DC: 0 FLAG_ZERO: True FLAG_LT: 0 FLAG_GT: 0
INPUT_PORT:  []
OUT_PORT:  []
DATA_MEM:  [984, 459]
---------------------------------------
DEBUG    root:machine.py:309 CMP 1000
TICK: 47700 PC:   3 ADDR:   0 MEM_OUT: 985 ACC: 985 BUFF: 984 DC: 0 FLAG_ZERO: True FLAG_LT: 0 FLAG_GT: 0
INPUT_PORT:  []
OUT_PORT:  []
DATA_MEM:  [985, 459]
---------------------------------------
DEBUG    root:machine.py:309 JGE 22
TICK: 47703 PC:   4 ADDR:   0 MEM_OUT: 985 ACC: 985 BUFF: 984 DC: 0 FLAG_ZERO: False FLAG_LT: 1 FLAG_GT: 0
INPUT_PORT:  []
OUT_PORT:  []
DATA_MEM:  [985, 459]
---------------------------------------
DEBUG    root:machine.py:309 LD 0
TICK: 47706 PC:   5 ADDR:   0 MEM_OUT: 985 ACC: 985 BUFF: 984 DC: 0 FLAG_ZERO: False FLAG_LT: 1 FLAG_GT: 0
INPUT_PORT:  []
OUT_PORT:  []
DATA_MEM:  [985, 459]
---------------------------------------
DEBUG    root:machine.py:309 MOD 3
TICK: 47710 PC:   6 ADDR:   0 MEM_OUT: 985 ACC: 985 BUFF: 984 DC: 0 FLAG_ZERO: False FLAG_LT: 1 FLAG_GT: 0
INPUT_PORT:  []
OUT_PORT:  []
DATA_MEM:  [985, 459]
---------------------------------------
DEBUG    root:machine.py:309 CMP 0
TICK: 47714 PC:   7 ADDR:   0 MEM_OUT: 985 ACC: 1 BUFF: 985 DC: 0 FLAG_ZERO: False FLAG_LT: 1 FLAG_GT: 0
INPUT_PORT:  []
OUT_PORT:  []
DATA_MEM:  [985, 459]
---------------------------------------
DEBUG    root:machine.py:309 JE 14
TICK: 47717 PC:   8 ADDR:   0 MEM_OUT: 985 ACC: 1 BUFF: 985 DC: 0 FLAG_ZERO: False FLAG_LT: 0 FLAG_GT: 1
INPUT_PORT:  []
OUT_PORT:  []
DATA_MEM:  [985, 459]
---------------------------------------
DEBUG    root:machine.py:309 LD 0
TICK: 47720 PC:   9 ADDR:   0 MEM_OUT: 985 ACC: 1 BUFF: 985 DC: 0 FLAG_ZERO: False FLAG_LT: 0 FLAG_GT: 1
INPUT_PORT:  []
OUT_PORT:  []
DATA_MEM:  [985, 459]
---------------------------------------
DEBUG    root:machine.py:309 MOD 5
TICK: 47724 PC:  10 ADDR:   0 MEM_OUT: 985 ACC: 985 BUFF: 985 DC: 0 FLAG_ZERO: False FLAG_LT: 0 FLAG_GT: 1
INPUT_PORT:  []
OUT_PORT:  []
DATA_MEM:  [985, 459]
---------------------------------------
DEBUG    root:machine.py:309 CMP 0
TICK: 47728 PC:  11 ADDR:   0 MEM_OUT: 985 ACC: 0 BUFF: 985 DC: 0 FLAG_ZERO: False FLAG_LT: 0 FLAG_GT: 1
INPUT_PORT:  []
OUT_PORT:  []
DATA_MEM:  [985, 459]
---------------------------------------
DEBUG    root:machine.py:309 JE 18
TICK: 47731 PC:  12 ADDR:   0 MEM_OUT: 985 ACC: 0 BUFF: 985 DC: 0 FLAG_ZERO: True FLAG_LT: 0 FLAG_GT: 0
INPUT_PORT:  []
OUT_PORT:  []
DATA_MEM:  [985, 459]
---------------------------------------
DEBUG    root:machine.py:309 LD 4
TICK: 47734 PC:  18 ADDR:   0 MEM_OUT: 985 ACC: 0 BUFF: 985 DC: 0 FLAG_ZERO: True FLAG_LT: 0 FLAG_GT: 0
INPUT_PORT:  []
OUT_PORT:  []
DATA_MEM:  [985, 459]
---------------------------------------
DEBUG    root:machine.py:309 INC 
TICK: 47738 PC:  19 ADDR:   1 MEM_OUT: 459 ACC: 459 BUFF: 985 DC: 0 FLAG_ZERO: True FLAG_LT: 0 FLAG_GT: 0
INPUT_PORT:  []
OUT_PORT:  []
DATA_MEM:  [985, 459]
---------------------------------------
DEBUG    root:machine.py:309 ST 4
TICK: 47741 PC:  20 ADDR:   1 MEM_OUT: 459 ACC: 460 BUFF: 985 DC: 0 FLAG_ZERO: True FLAG_LT: 0 FLAG_GT: 0
INPUT_PORT:  []
OUT_PORT:  []
DATA_MEM:  [985, 459]
---------------------------------------
DEBUG    root:machine.py:309 JMP 0
TICK: 47745 PC:  21 ADDR:   1 MEM_OUT: 460 ACC: 460 BUFF: 985 DC: 0 FLAG_ZERO: True FLAG_LT: 0 FLAG_GT: 0
INPUT_PORT:  []
OUT_PORT:  []
DATA_MEM:  [985, 460]
---------------------------------------
DEBUG    root:machine.py:309 LD 0
TICK: 47748 PC:   0 ADDR:   1 MEM_OUT: 460 ACC: 460 BUFF: 985 DC: 0 FLAG_ZERO: True FLAG_LT: 0 FLAG_GT: 0
INPUT_PORT:  []
OUT_PORT:  []
DATA_MEM:  [985, 460]
---------------------------------------
DEBUG    root:machine.py:309 INC 
TICK: 47752 PC:   1 ADDR:   0 MEM_OUT: 985 ACC: 985 BUFF: 985 DC: 0 FLAG_ZERO: True FLAG_LT: 0 FLAG_GT: 0
INPUT_PORT:  []
OUT_PORT:  []
DATA_MEM:  [985, 460]
---------------------------------------
DEBUG    root:machine.py:309 ST 0
TICK: 47755 PC:   2 ADDR:   0 MEM_OUT: 985 ACC: 986 BUFF: 985 DC: 0 FLAG_ZERO: True FLAG_LT: 0 FLAG_GT: 0
INPUT_PORT:  []
OUT_PORT:  []
DATA_MEM:  [985, 460]
---------------------------------------
DEBUG    root:machine.py:309 CMP 1000
TICK: 47759 PC:   3 ADDR:   0 MEM_OUT: 986 ACC: 986 BUFF: 985 DC: 0 FLAG_ZERO: True FLAG_LT: 0 FLAG_GT: 0
INPUT_PORT:  []
OUT_PORT:  []
DATA_MEM:  [986, 460]
---------------------------------------
DEBUG    root:machine.py:309 JGE 22
TICK: 47762 PC:   4 ADDR:   0 MEM_OUT: 986 ACC: 986 BUFF: 985 DC: 0 FLAG_ZERO: False FLAG_LT: 1 FLAG_GT: 0
INPUT_PORT:  []
OUT_PORT:  []
DATA_MEM:  [986, 460]
---------------------------------------
DEBUG    root:machine.py:309 LD 0
TICK: 47765 PC:   5 ADDR:   0 MEM_OUT: 986 ACC: 986 BUFF: 985 DC: 0 FLAG_ZERO: False FLAG_LT: 1 FLAG_GT: 0
INPUT_PORT:  []
OUT_PORT:  []
DATA_MEM:  [986, 460]
---------------------------------------
DEBUG    root:machine.py:309 MOD 3
TICK: 47769 PC:   6 ADDR:   0 MEM_OUT: 986 ACC: 986 BUFF: 985 DC: 0 FLAG_ZERO: False FLAG_LT: 1 FLAG_GT: 0
INPUT_PORT:  []
OUT_PORT:  []
DATA_MEM:  [986, 460]
---------------------------------------
DEBUG    root:machine.py:309 CMP 0
TICK: 47773 PC:   7 ADDR:   0 MEM_OUT: 986 ACC: 2 BUFF: 986 DC: 0 FLAG_ZERO: False FLAG_LT: 1 FLAG_GT: 0
INPUT_PORT:  []
OUT_PORT:  []
DATA_MEM:  [986, 460]
---------------------------------------
DEBUG    root:machine.py:309 JE 14
TICK: 47776 PC:   8 ADDR:   0 MEM_OUT: 986 ACC: 2 BUFF: 986 DC: 0 FLAG_ZERO: False FLAG_LT: 0 FLAG_GT: 1
INPUT_PORT:  []
OUT_PORT:  []
DATA_MEM:  [986, 460]
---------------------------------------
DEBUG    root:machine.py:309 LD 0
TICK: 47779 PC:   9 ADDR:   0 MEM_OUT: 986 ACC: 2 BUFF: 986 DC: 0 FLAG_ZERO: False FLAG_LT: 0 FLAG_GT: 1
INPUT_PORT:  []
OUT_PORT:  []
DATA_MEM:  [986, 460]
---------------------------------------
DEBUG    root:machine.py:309 MOD 5
TICK: 47783 PC:  10 ADDR:   0 MEM_OUT: 986 ACC: 986 BUFF: 986 DC: 0 FLAG_ZERO: False FLAG_LT: 0 FLAG_GT: 1
INPUT_PORT:  []
OUT_PORT:  []
DATA_MEM:  [986, 460]
---------------------------------------
DEBUG    root:machine.py:309 CMP 0
TICK: 47787 PC:  11 ADDR:   0 MEM_OUT: 986 ACC: 1 BUFF: 986 DC: 0 FLAG_ZERO: False FLAG_LT: 0 FLAG_GT: 1
INPUT_PORT:  []
OUT_PORT:  []
DATA_MEM:  [986, 460]
---------------------------------------
DEBUG    root:machine.py:309 JE 18
TICK: 47790 PC:  12 ADDR:   0 MEM_OUT: 986 ACC: 1 BUFF: 986 DC: 0 FLAG_ZERO: False FLAG_LT: 0 FLAG_GT: 1
INPUT_PORT:  []
OUT_PORT:  []
DATA_MEM:  [986, 460]
---------------------------------------
DEBUG    root:machine.py:309 JMP 0
TICK: 47793 PC:  13 ADDR:   0 MEM_OUT: 986 ACC: 1 BUFF: 986 DC: 0 FLAG_ZERO: False FLAG_LT: 0 FLAG_GT: 1
INPUT_PORT:  []
OUT_PORT:  []
DATA_MEM:  [986, 460]
---------------------------------------
DEBUG    root:machine.py:309 LD 0
TICK: 47796 PC:   0 ADDR:   0 MEM_OUT: 986 ACC: 1 BUFF: 986 DC: 0 FLAG_ZERO: False FLAG_LT: 0 FLAG_GT: 1
INPUT_PORT:  []
OUT_PORT:  []
DATA_MEM:  [986, 460]
---------------------------------------
DEBUG    root:machine.py:309 INC 
TICK: 47800 PC:   1 ADDR:   0 MEM_OUT: 986 ACC: 986 BUFF: 986 DC: 0 FLAG_ZERO: False FLAG_LT: 0 FLAG_GT: 1
INPUT_PORT:  []
OUT_PORT:  []
DATA_MEM:  [986, 460]
---------------------------------------
DEBUG    root:machine.py:309 ST 0
TICK: 47803 PC:   2 ADDR:   0 MEM_OUT: 986 ACC: 987 BUFF: 986 DC: 0 FLAG_ZERO: False FLAG_LT: 0 FLAG_GT: 1
INPUT_PORT:  []
OUT_PORT:  []
DATA_MEM:  [986, 460]
---------------------------------------
DEBUG    root:machine.py:309 CMP 1000
TICK: 47807 PC:   3 ADDR:   0 MEM_OUT: 987 ACC: 987 BUFF: 986 DC: 0 FLAG_ZERO: False FLAG_LT: 0 FLAG_GT: 1
INPUT_PORT:  []
OUT_PORT:  []
DATA_MEM:  [987, 460]
---------------------------------------
DEBUG    root:machine.py:309 JGE 22
TICK: 47810 PC:   4 ADDR:   0 MEM_OUT: 987 ACC: 987 BUFF: 986 DC: 0 FLAG_ZERO: False FLAG_LT: 1 FLAG_GT: 0
INPUT_PORT:  []
OUT_PORT:  []
DATA_MEM:  [987, 460]
---------------------------------------
DEBUG    root:machine.py:309 LD 0
TICK: 47813 PC:   5 ADDR:   0 MEM_OUT: 987 ACC: 987 BUFF: 986 DC: 0 FLAG_ZERO: False FLAG_LT: 1 FLAG_GT: 0
INPUT_PORT:  []
OUT_PORT:  []
DATA_MEM:  [987, 460]
---------------------------------------
DEBUG    root:machine.py:309 MOD 3
TICK: 47817 PC:   6 ADDR:   0 MEM_OUT: 987 ACC: 987 BUFF: 986 DC: 0 FLAG_ZERO: False FLAG_LT: 1 FLAG_GT: 0
INPUT_PORT:  []
OUT_PORT:  []
DATA_MEM:  [987, 460]
---------------------------------------
DEBUG    root:machine.py:309 CMP 0
TICK: 47821 PC:   7 ADDR:   0 MEM_OUT: 987 ACC: 0 BUFF: 987 DC: 0 FLAG_ZERO: False FLAG_LT: 1 FLAG_GT: 0
INPUT_PORT:  []
OUT_PORT:  []
DATA_MEM:  [987, 460]
---------------------------------------
DEBUG    root:machine.py:309 JE 14
TICK: 47824 PC:   8 ADDR:   0 MEM_OUT: 987 ACC: 0 BUFF: 987 DC: 0 FLAG_ZERO: True FLAG_LT: 0 FLAG_GT: 0
INPUT_PORT:  []
OUT_PORT:  []
DATA_MEM:  [987, 460]
---------------------------------------
DEBUG    root:machine.py:309 LD 4
TICK: 47827 PC:  14 ADDR:   0 MEM_OUT: 987 ACC: 0 BUFF: 987 DC: 0 FLAG_ZERO: True FLAG_LT: 0 FLAG_GT: 0
INPUT_PORT:  []
OUT_PORT:  []
DATA_MEM:  [987, 460]
---------------------------------------
DEBUG    root:machine.py:309 INC 
TICK: 47831 PC:  15 ADDR:   1 MEM_OUT: 460 ACC: 460 BUFF: 987 DC: 0 FLAG_ZERO: True FLAG_LT: 0 FLAG_GT: 0
INPUT_PORT:  []
OUT_PORT:  []
DATA_MEM:  [987, 460]
---------------------------------------
DEBUG    root:machine.py:309 ST 4
TICK: 47834 PC:  16 ADDR:   1 MEM_OUT: 460 ACC: 461 BUFF: 987 DC: 0 FLAG_ZERO: True FLAG_LT: 0 FLAG_GT: 0
INPUT_PORT:  []
OUT_PORT:  []
DATA_MEM:  [987, 460]
---------------------------------------
DEBUG    root:machine.py:309 JMP 0
TICK: 47838 PC:  17 ADDR:   1 MEM_OUT: 461 ACC: 461 BUFF: 987 DC: 0 FLAG_ZERO: True FLAG_LT: 0 FLAG_GT: 0
INPUT_PORT:  []
OUT_PORT:  []
DATA_MEM:  [987, 461]
---------------------------------------
DEBUG    root:machine.py:309 LD 0
TICK: 47841 PC:   0 ADDR:   1 MEM_OUT: 461 ACC: 461 BUFF: 987 DC: 0 FLAG_ZERO: True FLAG_LT: 0 FLAG_GT: 0
INPUT_PORT:  []
OUT_PORT:  []
DATA_MEM:  [987, 461]
---------------------------------------
DEBUG    root:machine.py:309 INC 
TICK: 47845 PC:   1 ADDR:   0 MEM_OUT: 987 ACC: 987 BUFF: 987 DC: 0 FLAG_ZERO: True FLAG_LT: 0 FLAG_GT: 0
INPUT_PORT:  []
OUT_PORT:  []
DATA_MEM:  [987, 461]
---------------------------------------
DEBUG    root:machine.py:309 ST 0
TICK: 47848 PC:   2 ADDR:   0 MEM_OUT: 987 ACC: 988 BUFF: 987 DC: 0 FLAG_ZERO: True FLAG_LT: 0 FLAG_GT: 0
INPUT_PORT:  []
OUT_PORT:  []
DATA_MEM:  [987, 461]
---------------------------------------
DEBUG    root:machine.py:309 CMP 1000
TICK: 47852 PC:   3 ADDR:   0 MEM_OUT: 988 ACC: 988 BUFF: 987 DC: 0 FLAG_ZERO: True FLAG_LT: 0 FLAG_GT: 0
INPUT_PORT:  []
OUT_PORT:  []
DATA_MEM:  [988, 461]
---------------------------------------
DEBUG    root:machine.py:309 JGE 22
TICK: 47855 PC:   4 ADDR:   0 MEM_OUT: 988 ACC: 988 BUFF: 987 DC: 0 FLAG_ZERO: False FLAG_LT: 1 FLAG_GT: 0
INPUT_PORT:  []
OUT_PORT:  []
DATA_MEM:  [988, 461]
---------------------------------------
DEBUG    root:machine.py:309 LD 0
TICK: 47858 PC:   5 ADDR:   0 MEM_OUT: 988 ACC: 988 BUFF: 987 DC: 0 FLAG_ZERO: False FLAG_LT: 1 FLAG_GT: 0
INPUT_PORT:  []
OUT_PORT:  []
DATA_MEM:  [988, 461]
---------------------------------------
DEBUG    root:machine.py:309 MOD 3
TICK: 47862 PC:   6 ADDR:   0 MEM_OUT: 988 ACC: 988 BUFF: 987 DC: 0 FLAG_ZERO: False FLAG_LT: 1 FLAG_GT: 0
INPUT_PORT:  []
OUT_PORT:  []
DATA_MEM:  [988, 461]
---------------------------------------
DEBUG    root:machine.py:309 CMP 0
TICK: 47866 PC:   7 ADDR:   0 MEM_OUT: 988 ACC: 1 BUFF: 988 DC: 0 FLAG_ZERO: False FLAG_LT: 1 FLAG_GT: 0
INPUT_PORT:  []
OUT_PORT:  []
DATA_MEM:  [988, 461]
---------------------------------------
DEBUG    root:machine.py:309 JE 14
TICK: 47869 PC:   8 ADDR:   0 MEM_OUT: 988 ACC: 1 BUFF: 988 DC: 0 FLAG_ZERO: False FLAG_LT: 0 FLAG_GT: 1
INPUT_PORT:  []
OUT_PORT:  []
DATA_MEM:  [988, 461]
---------------------------------------
DEBUG    root:machine.py:309 LD 0
TICK: 47872 PC:   9 ADDR:   0 MEM_OUT: 988 ACC: 1 BUFF: 988 DC: 0 FLAG_ZERO: False FLAG_LT: 0 FLAG_GT: 1
INPUT_PORT:  []
OUT_PORT:  []
DATA_MEM:  [988, 461]
---------------------------------------
DEBUG    root:machine.py:309 MOD 5
TICK: 47876 PC:  10 ADDR:   0 MEM_OUT: 988 ACC: 988 BUFF: 988 DC: 0 FLAG_ZERO: False FLAG_LT: 0 FLAG_GT: 1
INPUT_PORT:  []
OUT_PORT:  []
DATA_MEM:  [988, 461]
---------------------------------------
DEBUG    root:machine.py:309 CMP 0
TICK: 47880 PC:  11 ADDR:   0 MEM_OUT: 988 ACC: 3 BUFF: 988 DC: 0 FLAG_ZERO: False FLAG_LT: 0 FLAG_GT: 1
INPUT_PORT:  []
OUT_PORT:  []
DATA_MEM:  [988, 461]
---------------------------------------
DEBUG    root:machine.py:309 JE 18
TICK: 47883 PC:  12 ADDR:   0 MEM_OUT: 988 ACC: 3 BUFF: 988 DC: 0 FLAG_ZERO: False FLAG_LT: 0 FLAG_GT: 1
INPUT_PORT:  []
OUT_PORT:  []
DATA_MEM:  [988, 461]
---------------------------------------
DEBUG    root:machine.py:309 JMP 0
TICK: 47886 PC:  13 ADDR:   0 MEM_OUT: 988 ACC: 3 BUFF: 988 DC: 0 FLAG_ZERO: False FLAG_LT: 0 FLAG_GT: 1
INPUT_PORT:  []
OUT_PORT:  []
DATA_MEM:  [988, 461]
---------------------------------------
DEBUG    root:machine.py:309 LD 0
TICK: 47889 PC:   0 ADDR:   0 MEM_OUT: 988 ACC: 3 BUFF: 988 DC: 0 FLAG_ZERO: False FLAG_LT: 0 FLAG_GT: 1
INPUT_PORT:  []
OUT_PORT:  []
DATA_MEM:  [988, 461]
---------------------------------------
DEBUG    root:machine.py:309 INC 
TICK: 47893 PC:   1 ADDR:   0 MEM_OUT: 988 ACC: 988 BUFF: 988 DC: 0 FLAG_ZERO: False FLAG_LT: 0 FLAG_GT: 1
INPUT_PORT:  []
OUT_PORT:  []
DATA_MEM:  [988, 461]
---------------------------------------
DEBUG    root:machine.py:309 ST 0
TICK: 47896 PC:   2 ADDR:   0 MEM_OUT: 988 ACC: 989 BUFF: 988 DC: 0 FLAG_ZERO: False FLAG_LT: 0 FLAG_GT: 1
INPUT_PORT:  []
OUT_PORT:  []
DATA_MEM:  [988, 461]
---------------------------------------
DEBUG    root:machine.py:309 CMP 1000
TICK: 47900 PC:   3 ADDR:   0 MEM_OUT: 989 ACC: 989 BUFF: 988 DC: 0 FLAG_ZERO: False FLAG_LT: 0 FLAG_GT: 1
INPUT_PORT:  []
OUT_PORT:  []
DATA_MEM:  [989, 461]
---------------------------------------
DEBUG    root:machine.py:309 JGE 22
TICK: 47903 PC:   4 ADDR:   0 MEM_OUT: 989 ACC: 989 BUFF: 988 DC: 0 FLAG_ZERO: False FLAG_LT: 1 FLAG_GT: 0
INPUT_PORT:  []
OUT_PORT:  []
DATA_MEM:  [989, 461]
---------------------------------------
DEBUG    root:machine.py:309 LD 0
TICK: 47906 PC:   5 ADDR:   0 MEM_OUT: 989 ACC: 989 BUFF: 988 DC: 0 FLAG_ZERO: False FLAG_LT: 1 FLAG_GT: 0
INPUT_PORT:  []
OUT_PORT:  []
DATA_MEM:  [989, 461]
---------------------------------------
DEBUG    root:machine.py:309 MOD 3
TICK: 47910 PC:   6 ADDR:   0 MEM_OUT: 989 ACC: 989 BUFF: 988 DC: 0 FLAG_ZERO: False FLAG_LT: 1 FLAG_GT: 0
INPUT_PORT:  []
OUT_PORT:  []
DATA_MEM:  [989, 461]
---------------------------------------
DEBUG    root:machine.py:309 CMP 0
TICK: 47914 PC:   7 ADDR:   0 MEM_OUT: 989 ACC: 2 BUFF: 989 DC: 0 FLAG_ZERO: False FLAG_LT: 1 FLAG_GT: 0
INPUT_PORT:  []
OUT_PORT:  []
DATA_MEM:  [989, 461]
---------------------------------------
DEBUG    root:machine.py:309 JE 14
TICK: 47917 PC:   8 ADDR:   0 MEM_OUT: 989 ACC: 2 BUFF: 989 DC: 0 FLAG_ZERO: False FLAG_LT: 0 FLAG_GT: 1
INPUT_PORT:  []
OUT_PORT:  []
DATA_MEM:  [989, 461]
---------------------------------------
DEBUG    root:machine.py:309 LD 0
TICK: 47920 PC:   9 ADDR:   0 MEM_OUT: 989 ACC: 2 BUFF: 989 DC: 0 FLAG_ZERO: False FLAG_LT: 0 FLAG_GT: 1
INPUT_PORT:  []
OUT_PORT:  []
DATA_MEM:  [989, 461]
---------------------------------------
DEBUG    root:machine.py:309 MOD 5
TICK: 47924 PC:  10 ADDR:   0 MEM_OUT: 989 ACC: 989 BUFF: 989 DC: 0 FLAG_ZERO: False FLAG_LT: 0 FLAG_GT: 1
INPUT_PORT:  []
OUT_PORT:  []
DATA_MEM:  [989, 461]
---------------------------------------
DEBUG    root:machine.py:309 CMP 0
TICK: 47928 PC:  11 ADDR:   0 MEM_OUT: 989 ACC: 4 BUFF: 989 DC: 0 FLAG_ZERO: False FLAG_LT: 0 FLAG_GT: 1
INPUT_PORT:  []
OUT_PORT:  []
DATA_MEM:  [989, 461]
---------------------------------------
DEBUG    root:machine.py:309 JE 18
TICK: 47931 PC:  12 ADDR:   0 MEM_OUT: 989 ACC: 4 BUFF: 989 DC: 0 FLAG_ZERO: False FLAG_LT: 0 FLAG_GT: 1
INPUT_PORT:  []
OUT_PORT:  []
DATA_MEM:  [989, 461]
---------------------------------------
DEBUG    root:machine.py:309 JMP 0
TICK: 47934 PC:  13 ADDR:   0 MEM_OUT: 989 ACC: 4 BUFF: 989 DC: 0 FLAG_ZERO: False FLAG_LT: 0 FLAG_GT: 1
INPUT_PORT:  []
OUT_PORT:  []
DATA_MEM:  [989, 461]
---------------------------------------
DEBUG    root:machine.py:309 LD 0
TICK: 47937 PC:   0 ADDR:   0 MEM_OUT: 989 ACC: 4 BUFF: 989 DC: 0 FLAG_ZERO: False FLAG_LT: 0 FLAG_GT: 1
INPUT_PORT:  []
OUT_PORT:  []
DATA_MEM:  [989, 461]
---------------------------------------
DEBUG    root:machine.py:309 INC 
TICK: 47941 PC:   1 ADDR:   0 MEM_OUT: 989 ACC: 989 BUFF: 989 DC: 0 FLAG_ZERO: False FLAG_LT: 0 FLAG_GT: 1
INPUT_PORT:  []
OUT_PORT:  []
DATA_MEM:  [989, 461]
---------------------------------------
DEBUG    root:machine.py:309 ST 0
TICK: 47944 PC:   2 ADDR:   0 MEM_OUT: 989 ACC: 990 BUFF: 989 DC: 0 FLAG_ZERO: False FLAG_LT: 0 FLAG_GT: 1
INPUT_PORT:  []
OUT_PORT:  []
DATA_MEM:  [989, 461]
---------------------------------------
DEBUG    root:machine.py:309 CMP 1000
TICK: 47948 PC:   3 ADDR:   0 MEM_OUT: 990 ACC: 990 BUFF: 989 DC: 0 FLAG_ZERO: False FLAG_LT: 0 FLAG_GT: 1
INPUT_PORT:  []
OUT_PORT:  []
DATA_MEM:  [990, 461]
---------------------------------------
DEBUG    root:machine.py:309 JGE 22
TICK: 47951 PC:   4 ADDR:   0 MEM_OUT: 990 ACC: 990 BUFF: 989 DC: 0 FLAG_ZERO: False FLAG_LT: 1 FLAG_GT: 0
INPUT_PORT:  []
OUT_PORT:  []
DATA_MEM:  [990, 461]
---------------------------------------
DEBUG    root:machine.py:309 LD 0
TICK: 47954 PC:   5 ADDR:   0 MEM_OUT: 990 ACC: 990 BUFF: 989 DC: 0 FLAG_ZERO: False FLAG_LT: 1 FLAG_GT: 0
INPUT_PORT:  []
OUT_PORT:  []
DATA_MEM:  [990, 461]
---------------------------------------
DEBUG    root:machine.py:309 MOD 3
TICK: 47958 PC:   6 ADDR:   0 MEM_OUT: 990 ACC: 990 BUFF: 989 DC: 0 FLAG_ZERO: False FLAG_LT: 1 FLAG_GT: 0
INPUT_PORT:  []
OUT_PORT:  []
DATA_MEM:  [990, 461]
---------------------------------------
DEBUG    root:machine.py:309 CMP 0
TICK: 47962 PC:   7 ADDR:   0 MEM_OUT: 990 ACC: 0 BUFF: 990 DC: 0 FLAG_ZERO: False FLAG_LT: 1 FLAG_GT: 0
INPUT_PORT:  []
OUT_PORT:  []
DATA_MEM:  [990, 461]
---------------------------------------
DEBUG    root:machine.py:309 JE 14
TICK: 47965 PC:   8 ADDR:   0 MEM_OUT: 990 ACC: 0 BUFF: 990 DC: 0 FLAG_ZERO: True FLAG_LT: 0 FLAG_GT: 0
INPUT_PORT:  []
OUT_PORT:  []
DATA_MEM:  [990, 461]
---------------------------------------
DEBUG    root:machine.py:309 LD 4
TICK: 47968 PC:  14 ADDR:   0 MEM_OUT: 990 ACC: 0 BUFF: 990 DC: 0 FLAG_ZERO: True FLAG_LT: 0 FLAG_GT: 0
INPUT_PORT:  []
OUT_PORT:  []
DATA_MEM:  [990, 461]
---------------------------------------
DEBUG    root:machine.py:309 INC 
TICK: 47972 PC:  15 ADDR:   1 MEM_OUT: 461 ACC: 461 BUFF: 990 DC: 0 FLAG_ZERO: True FLAG_LT: 0 FLAG_GT: 0
INPUT_PORT:  []
OUT_PORT:  []
DATA_MEM:  [990, 461]
---------------------------------------
DEBUG    root:machine.py:309 ST 4
TICK: 47975 PC:  16 ADDR:   1 MEM_OUT: 461 ACC: 462 BUFF: 990 DC: 0 FLAG_ZERO: True FLAG_LT: 0 FLAG_GT: 0
INPUT_PORT:  []
OUT_PORT:  []
DATA_MEM:  [990, 461]
---------------------------------------
DEBUG    root:machine.py:309 JMP 0
TICK: 47979 PC:  17 ADDR:   1 MEM_OUT: 462 ACC: 462 BUFF: 990 DC: 0 FLAG_ZERO: True FLAG_LT: 0 FLAG_GT: 0
INPUT_PORT:  []
OUT_PORT:  []
DATA_MEM:  [990, 462]
---------------------------------------
DEBUG    root:machine.py:309 LD 0
TICK: 47982 PC:   0 ADDR:   1 MEM_OUT: 462 ACC: 462 BUFF: 990 DC: 0 FLAG_ZERO: True FLAG_LT: 0 FLAG_GT: 0
INPUT_PORT:  []
OUT_PORT:  []
DATA_MEM:  [990, 462]
---------------------------------------
DEBUG    root:machine.py:309 INC 
TICK: 47986 PC:   1 ADDR:   0 MEM_OUT: 990 ACC: 990 BUFF: 990 DC: 0 FLAG_ZERO: True FLAG_LT: 0 FLAG_GT: 0
INPUT_PORT:  []
OUT_PORT:  []
DATA_MEM:  [990, 462]
---------------------------------------
DEBUG    root:machine.py:309 ST 0
TICK: 47989 PC:   2 ADDR:   0 MEM_OUT: 990 ACC: 991 BUFF: 990 DC: 0 FLAG_ZERO: True FLAG_LT: 0 FLAG_GT: 0
INPUT_PORT:  []
OUT_PORT:  []
DATA_MEM:  [990, 462]
---------------------------------------
DEBUG    root:machine.py:309 CMP 1000
TICK: 47993 PC:   3 ADDR:   0 MEM_OUT: 991 ACC: 991 BUFF: 990 DC: 0 FLAG_ZERO: True FLAG_LT: 0 FLAG_GT: 0
INPUT_PORT:  []
OUT_PORT:  []
DATA_MEM:  [991, 462]
---------------------------------------
DEBUG    root:machine.py:309 JGE 22
TICK: 47996 PC:   4 ADDR:   0 MEM_OUT: 991 ACC: 991 BUFF: 990 DC: 0 FLAG_ZERO: False FLAG_LT: 1 FLAG_GT: 0
INPUT_PORT:  []
OUT_PORT:  []
DATA_MEM:  [991, 462]
---------------------------------------
DEBUG    root:machine.py:309 LD 0
TICK: 47999 PC:   5 ADDR:   0 MEM_OUT: 991 ACC: 991 BUFF: 990 DC: 0 FLAG_ZERO: False FLAG_LT: 1 FLAG_GT: 0
INPUT_PORT:  []
OUT_PORT:  []
DATA_MEM:  [991, 462]
---------------------------------------
DEBUG    root:machine.py:309 MOD 3
TICK: 48003 PC:   6 ADDR:   0 MEM_OUT: 991 ACC: 991 BUFF: 990 DC: 0 FLAG_ZERO: False FLAG_LT: 1 FLAG_GT: 0
INPUT_PORT:  []
OUT_PORT:  []
DATA_MEM:  [991, 462]
---------------------------------------
DEBUG    root:machine.py:309 CMP 0
TICK: 48007 PC:   7 ADDR:   0 MEM_OUT: 991 ACC: 1 BUFF: 991 DC: 0 FLAG_ZERO: False FLAG_LT: 1 FLAG_GT: 0
INPUT_PORT:  []
OUT_PORT:  []
DATA_MEM:  [991, 462]
---------------------------------------
DEBUG    root:machine.py:309 JE 14
TICK: 48010 PC:   8 ADDR:   0 MEM_OUT: 991 ACC: 1 BUFF: 991 DC: 0 FLAG_ZERO: False FLAG_LT: 0 FLAG_GT: 1
INPUT_PORT:  []
OUT_PORT:  []
DATA_MEM:  [991, 462]
---------------------------------------
DEBUG    root:machine.py:309 LD 0
TICK: 48013 PC:   9 ADDR:   0 MEM_OUT: 991 ACC: 1 BUFF: 991 DC: 0 FLAG_ZERO: False FLAG_LT: 0 FLAG_GT: 1
INPUT_PORT:  []
OUT_PORT:  []
DATA_MEM:  [991, 462]
---------------------------------------
DEBUG    root:machine.py:309 MOD 5
TICK: 48017 PC:  10 ADDR:   0 MEM_OUT: 991 ACC: 991 BUFF: 991 DC: 0 FLAG_ZERO: False FLAG_LT: 0 FLAG_GT: 1
INPUT_PORT:  []
OUT_PORT:  []
DATA_MEM:  [991, 462]
---------------------------------------
DEBUG    root:machine.py:309 CMP 0
TICK: 48021 PC:  11 ADDR:   0 MEM_OUT: 991 ACC: 1 BUFF: 991 DC: 0 FLAG_ZERO: False FLAG_LT: 0 FLAG_GT: 1
INPUT_PORT:  []
OUT_PORT:  []
DATA_MEM:  [991, 462]
---------------------------------------
DEBUG    root:machine.py:309 JE 18
TICK: 48024 PC:  12 ADDR:   0 MEM_OUT: 991 ACC: 1 BUFF: 991 DC: 0 FLAG_ZERO: False FLAG_LT: 0 FLAG_GT: 1
INPUT_PORT:  []
OUT_PORT:  []
DATA_MEM:  [991, 462]
---------------------------------------
DEBUG    root:machine.py:309 JMP 0
TICK: 48027 PC:  13 ADDR:   0 MEM_OUT: 991 ACC: 1 BUFF: 991 DC: 0 FLAG_ZERO: False FLAG_LT: 0 FLAG_GT: 1
INPUT_PORT:  []
OUT_PORT:  []
DATA_MEM:  [991, 462]
---------------------------------------
DEBUG    root:machine.py:309 LD 0
TICK: 48030 PC:   0 ADDR:   0 MEM_OUT: 991 ACC: 1 BUFF: 991 DC: 0 FLAG_ZERO: False FLAG_LT: 0 FLAG_GT: 1
INPUT_PORT:  []
OUT_PORT:  []
DATA_MEM:  [991, 462]
---------------------------------------
DEBUG    root:machine.py:309 INC 
TICK: 48034 PC:   1 ADDR:   0 MEM_OUT: 991 ACC: 991 BUFF: 991 DC: 0 FLAG_ZERO: False FLAG_LT: 0 FLAG_GT: 1
INPUT_PORT:  []
OUT_PORT:  []
DATA_MEM:  [991, 462]
---------------------------------------
DEBUG    root:machine.py:309 ST 0
TICK: 48037 PC:   2 ADDR:   0 MEM_OUT: 991 ACC: 992 BUFF: 991 DC: 0 FLAG_ZERO: False FLAG_LT: 0 FLAG_GT: 1
INPUT_PORT:  []
OUT_PORT:  []
DATA_MEM:  [991, 462]
---------------------------------------
DEBUG    root:machine.py:309 CMP 1000
TICK: 48041 PC:   3 ADDR:   0 MEM_OUT: 992 ACC: 992 BUFF: 991 DC: 0 FLAG_ZERO: False FLAG_LT: 0 FLAG_GT: 1
INPUT_PORT:  []
OUT_PORT:  []
DATA_MEM:  [992, 462]
---------------------------------------
DEBUG    root:machine.py:309 JGE 22
TICK: 48044 PC:   4 ADDR:   0 MEM_OUT: 992 ACC: 992 BUFF: 991 DC: 0 FLAG_ZERO: False FLAG_LT: 1 FLAG_GT: 0
INPUT_PORT:  []
OUT_PORT:  []
DATA_MEM:  [992, 462]
---------------------------------------
DEBUG    root:machine.py:309 LD 0
TICK: 48047 PC:   5 ADDR:   0 MEM_OUT: 992 ACC: 992 BUFF: 991 DC: 0 FLAG_ZERO: False FLAG_LT: 1 FLAG_GT: 0
INPUT_PORT:  []
OUT_PORT:  []
DATA_MEM:  [992, 462]
---------------------------------------
DEBUG    root:machine.py:309 MOD 3
TICK: 48051 PC:   6 ADDR:   0 MEM_OUT: 992 ACC: 992 BUFF: 991 DC: 0 FLAG_ZERO: False FLAG_LT: 1 FLAG_GT: 0
INPUT_PORT:  []
OUT_PORT:  []
DATA_MEM:  [992, 462]
---------------------------------------
DEBUG    root:machine.py:309 CMP 0
TICK: 48055 PC:   7 ADDR:   0 MEM_OUT: 992 ACC: 2 BUFF: 992 DC: 0 FLAG_ZERO: False FLAG_LT: 1 FLAG_GT: 0
INPUT_PORT:  []
OUT_PORT:  []
DATA_MEM:  [992, 462]
---------------------------------------
DEBUG    root:machine.py:309 JE 14
TICK: 48058 PC:   8 ADDR:   0 MEM_OUT: 992 ACC: 2 BUFF: 992 DC: 0 FLAG_ZERO: False FLAG_LT: 0 FLAG_GT: 1
INPUT_PORT:  []
OUT_PORT:  []
DATA_MEM:  [992, 462]
---------------------------------------
DEBUG    root:machine.py:309 LD 0
TICK: 48061 PC:   9 ADDR:   0 MEM_OUT: 992 ACC: 2 BUFF: 992 DC: 0 FLAG_ZERO: False FLAG_LT: 0 FLAG_GT: 1
INPUT_PORT:  []
OUT_PORT:  []
DATA_MEM:  [992, 462]
---------------------------------------
DEBUG    root:machine.py:309 MOD 5
TICK: 48065 PC:  10 ADDR:   0 MEM_OUT: 992 ACC: 992 BUFF: 992 DC: 0 FLAG_ZERO: False FLAG_LT: 0 FLAG_GT: 1
INPUT_PORT:  []
OUT_PORT:  []
DATA_MEM:  [992, 462]
---------------------------------------
DEBUG    root:machine.py:309 CMP 0
TICK: 48069 PC:  11 ADDR:   0 MEM_OUT: 992 ACC: 2 BUFF: 992 DC: 0 FLAG_ZERO: False FLAG_LT: 0 FLAG_GT: 1
INPUT_PORT:  []
OUT_PORT:  []
DATA_MEM:  [992, 462]
---------------------------------------
DEBUG    root:machine.py:309 JE 18
TICK: 48072 PC:  12 ADDR:   0 MEM_OUT: 992 ACC: 2 BUFF: 992 DC: 0 FLAG_ZERO: False FLAG_LT: 0 FLAG_GT: 1
INPUT_PORT:  []
OUT_PORT:  []
DATA_MEM:  [992, 462]
---------------------------------------
DEBUG    root:machine.py:309 JMP 0
TICK: 48075 PC:  13 ADDR:   0 MEM_OUT: 992 ACC: 2 BUFF: 992 DC: 0 FLAG_ZERO: False FLAG_LT: 0 FLAG_GT: 1
INPUT_PORT:  []
OUT_PORT:  []
DATA_MEM:  [992, 462]
---------------------------------------
DEBUG    root:machine.py:309 LD 0
TICK: 48078 PC:   0 ADDR:   0 MEM_OUT: 992 ACC: 2 BUFF: 992 DC: 0 FLAG_ZERO: False FLAG_LT: 0 FLAG_GT: 1
INPUT_PORT:  []
OUT_PORT:  []
DATA_MEM:  [992, 462]
---------------------------------------
DEBUG    root:machine.py:309 INC 
TICK: 48082 PC:   1 ADDR:   0 MEM_OUT: 992 ACC: 992 BUFF: 992 DC: 0 FLAG_ZERO: False FLAG_LT: 0 FLAG_GT: 1
INPUT_PORT:  []
OUT_PORT:  []
DATA_MEM:  [992, 462]
---------------------------------------
DEBUG    root:machine.py:309 ST 0
TICK: 48085 PC:   2 ADDR:   0 MEM_OUT: 992 ACC: 993 BUFF: 992 DC: 0 FLAG_ZERO: False FLAG_LT: 0 FLAG_GT: 1
INPUT_PORT:  []
OUT_PORT:  []
DATA_MEM:  [992, 462]
---------------------------------------
DEBUG    root:machine.py:309 CMP 1000
TICK: 48089 PC:   3 ADDR:   0 MEM_OUT: 993 ACC: 993 BUFF: 992 DC: 0 FLAG_ZERO: False FLAG_LT: 0 FLAG_GT: 1
INPUT_PORT:  []
OUT_PORT:  []
DATA_MEM:  [993, 462]
---------------------------------------
DEBUG    root:machine.py:309 JGE 22
TICK: 48092 PC:   4 ADDR:   0 MEM_OUT: 993 ACC: 993 BUFF: 992 DC: 0 FLAG_ZERO: False FLAG_LT: 1 FLAG_GT: 0
INPUT_PORT:  []
OUT_PORT:  []
DATA_MEM:  [993, 462]
---------------------------------------
DEBUG    root:machine.py:309 LD 0
TICK: 48095 PC:   5 ADDR:   0 MEM_OUT: 993 ACC: 993 BUFF: 992 DC: 0 FLAG_ZERO: False FLAG_LT: 1 FLAG_GT: 0
INPUT_PORT:  []
OUT_PORT:  []
DATA_MEM:  [993, 462]
---------------------------------------
DEBUG    root:machine.py:309 MOD 3
TICK: 48099 PC:   6 ADDR:   0 MEM_OUT: 993 ACC: 993 BUFF: 992 DC: 0 FLAG_ZERO: False FLAG_LT: 1 FLAG_GT: 0
INPUT_PORT:  []
OUT_PORT:  []
DATA_MEM:  [993, 462]
---------------------------------------
DEBUG    root:machine.py:309 CMP 0
TICK: 48103 PC:   7 ADDR:   0 MEM_OUT: 993 ACC: 0 BUFF: 993 DC: 0 FLAG_ZERO: False FLAG_LT: 1 FLAG_GT: 0
INPUT_PORT:  []
OUT_PORT:  []
DATA_MEM:  [993, 462]
---------------------------------------
DEBUG    root:machine.py:309 JE 14
TICK: 48106 PC:   8 ADDR:   0 MEM_OUT: 993 ACC: 0 BUFF: 993 DC: 0 FLAG_ZERO: True FLAG_LT: 0 FLAG_GT: 0
INPUT_PORT:  []
OUT_PORT:  []
DATA_MEM:  [993, 462]
---------------------------------------
DEBUG    root:machine.py:309 LD 4
TICK: 48109 PC:  14 ADDR:   0 MEM_OUT: 993 ACC: 0 BUFF: 993 DC: 0 FLAG_ZERO: True FLAG_LT: 0 FLAG_GT: 0
INPUT_PORT:  []
OUT_PORT:  []
DATA_MEM:  [993, 462]
---------------------------------------
DEBUG    root:machine.py:309 INC 
TICK: 48113 PC:  15 ADDR:   1 MEM_OUT: 462 ACC: 462 BUFF: 993 DC: 0 FLAG_ZERO: True FLAG_LT: 0 FLAG_GT: 0
INPUT_PORT:  []
OUT_PORT:  []
DATA_MEM:  [993, 462]
---------------------------------------
DEBUG    root:machine.py:309 ST 4
TICK: 48116 PC:  16 ADDR:   1 MEM_OUT: 462 ACC: 463 BUFF: 993 DC: 0 FLAG_ZERO: True FLAG_LT: 0 FLAG_GT: 0
INPUT_PORT:  []
OUT_PORT:  []
DATA_MEM:  [993, 462]
---------------------------------------
DEBUG    root:machine.py:309 JMP 0
TICK: 48120 PC:  17 ADDR:   1 MEM_OUT: 463 ACC: 463 BUFF: 993 DC: 0 FLAG_ZERO: True FLAG_LT: 0 FLAG_GT: 0
INPUT_PORT:  []
OUT_PORT:  []
DATA_MEM:  [993, 463]
---------------------------------------
DEBUG    root:machine.py:309 LD 0
TICK: 48123 PC:   0 ADDR:   1 MEM_OUT: 463 ACC: 463 BUFF: 993 DC: 0 FLAG_ZERO: True FLAG_LT: 0 FLAG_GT: 0
INPUT_PORT:  []
OUT_PORT:  []
DATA_MEM:  [993, 463]
---------------------------------------
DEBUG    root:machine.py:309 INC 
TICK: 48127 PC:   1 ADDR:   0 MEM_OUT: 993 ACC: 993 BUFF: 993 DC: 0 FLAG_ZERO: True FLAG_LT: 0 FLAG_GT: 0
INPUT_PORT:  []
OUT_PORT:  []
DATA_MEM:  [993, 463]
---------------------------------------
DEBUG    root:machine.py:309 ST 0
TICK: 48130 PC:   2 ADDR:   0 MEM_OUT: 993 ACC: 994 BUFF: 993 DC: 0 FLAG_ZERO: True FLAG_LT: 0 FLAG_GT: 0
INPUT_PORT:  []
OUT_PORT:  []
DATA_MEM:  [993, 463]
---------------------------------------
DEBUG    root:machine.py:309 CMP 1000
TICK: 48134 PC:   3 ADDR:   0 MEM_OUT: 994 ACC: 994 BUFF: 993 DC: 0 FLAG_ZERO: True FLAG_LT: 0 FLAG_GT: 0
INPUT_PORT:  []
OUT_PORT:  []
DATA_MEM:  [994, 463]
---------------------------------------
DEBUG    root:machine.py:309 JGE 22
TICK: 48137 PC:   4 ADDR:   0 MEM_OUT: 994 ACC: 994 BUFF: 993 DC: 0 FLAG_ZERO: False FLAG_LT: 1 FLAG_GT: 0
INPUT_PORT:  []
OUT_PORT:  []
DATA_MEM:  [994, 463]
---------------------------------------
DEBUG    root:machine.py:309 LD 0
TICK: 48140 PC:   5 ADDR:   0 MEM_OUT: 994 ACC: 994 BUFF: 993 DC: 0 FLAG_ZERO: False FLAG_LT: 1 FLAG_GT: 0
INPUT_PORT:  []
OUT_PORT:  []
DATA_MEM:  [994, 463]
---------------------------------------
DEBUG    root:machine.py:309 MOD 3
TICK: 48144 PC:   6 ADDR:   0 MEM_OUT: 994 ACC: 994 BUFF: 993 DC: 0 FLAG_ZERO: False FLAG_LT: 1 FLAG_GT: 0
INPUT_PORT:  []
OUT_PORT:  []
DATA_MEM:  [994, 463]
---------------------------------------
DEBUG    root:machine.py:309 CMP 0
TICK: 48148 PC:   7 ADDR:   0 MEM_OUT: 994 ACC: 1 BUFF: 994 DC: 0 FLAG_ZERO: False FLAG_LT: 1 FLAG_GT: 0
INPUT_PORT:  []
OUT_PORT:  []
DATA_MEM:  [994, 463]
---------------------------------------
DEBUG    root:machine.py:309 JE 14
TICK: 48151 PC:   8 ADDR:   0 MEM_OUT: 994 ACC: 1 BUFF: 994 DC: 0 FLAG_ZERO: False FLAG_LT: 0 FLAG_GT: 1
INPUT_PORT:  []
OUT_PORT:  []
DATA_MEM:  [994, 463]
---------------------------------------
DEBUG    root:machine.py:309 LD 0
TICK: 48154 PC:   9 ADDR:   0 MEM_OUT: 994 ACC: 1 BUFF: 994 DC: 0 FLAG_ZERO: False FLAG_LT: 0 FLAG_GT: 1
INPUT_PORT:  []
OUT_PORT:  []
DATA_MEM:  [994, 463]
---------------------------------------
DEBUG    root:machine.py:309 MOD 5
TICK: 48158 PC:  10 ADDR:   0 MEM_OUT: 994 ACC: 994 BUFF: 994 DC: 0 FLAG_ZERO: False FLAG_LT: 0 FLAG_GT: 1
INPUT_PORT:  []
OUT_PORT:  []
DATA_MEM:  [994, 463]
---------------------------------------
DEBUG    root:machine.py:309 CMP 0
TICK: 48162 PC:  11 ADDR:   0 MEM_OUT: 994 ACC: 4 BUFF: 994 DC: 0 FLAG_ZERO: False FLAG_LT: 0 FLAG_GT: 1
INPUT_PORT:  []
OUT_PORT:  []
DATA_MEM:  [994, 463]
---------------------------------------
DEBUG    root:machine.py:309 JE 18
TICK: 48165 PC:  12 ADDR:   0 MEM_OUT: 994 ACC: 4 BUFF: 994 DC: 0 FLAG_ZERO: False FLAG_LT: 0 FLAG_GT: 1
INPUT_PORT:  []
OUT_PORT:  []
DATA_MEM:  [994, 463]
---------------------------------------
DEBUG    root:machine.py:309 JMP 0
TICK: 48168 PC:  13 ADDR:   0 MEM_OUT: 994 ACC: 4 BUFF: 994 DC: 0 FLAG_ZERO: False FLAG_LT: 0 FLAG_GT: 1
INPUT_PORT:  []
OUT_PORT:  []
DATA_MEM:  [994, 463]
---------------------------------------
DEBUG    root:machine.py:309 LD 0
TICK: 48171 PC:   0 ADDR:   0 MEM_OUT: 994 ACC: 4 BUFF: 994 DC: 0 FLAG_ZERO: False FLAG_LT: 0 FLAG_GT: 1
INPUT_PORT:  []
OUT_PORT:  []
DATA_MEM:  [994, 463]
---------------------------------------
DEBUG    root:machine.py:309 INC 
TICK: 48175 PC:   1 ADDR:   0 MEM_OUT: 994 ACC: 994 BUFF: 994 DC: 0 FLAG_ZERO: False FLAG_LT: 0 FLAG_GT: 1
INPUT_PORT:  []
OUT_PORT:  []
DATA_MEM:  [994, 463]
---------------------------------------
DEBUG    root:machine.py:309 ST 0
TICK: 48178 PC:   2 ADDR:   0 MEM_OUT: 994 ACC: 995 BUFF: 994 DC: 0 FLAG_ZERO: False FLAG_LT: 0 FLAG_GT: 1
INPUT_PORT:  []
OUT_PORT:  []
DATA_MEM:  [994, 463]
---------------------------------------
DEBUG    root:machine.py:309 CMP 1000
TICK: 48182 PC:   3 ADDR:   0 MEM_OUT: 995 ACC: 995 BUFF: 994 DC: 0 FLAG_ZERO: False FLAG_LT: 0 FLAG_GT: 1
INPUT_PORT:  []
OUT_PORT:  []
DATA_MEM:  [995, 463]
---------------------------------------
DEBUG    root:machine.py:309 JGE 22
TICK: 48185 PC:   4 ADDR:   0 MEM_OUT: 995 ACC: 995 BUFF: 994 DC: 0 FLAG_ZERO: False FLAG_LT: 1 FLAG_GT: 0
INPUT_PORT:  []
OUT_PORT:  []
DATA_MEM:  [995, 463]
---------------------------------------
DEBUG    root:machine.py:309 LD 0
TICK: 48188 PC:   5 ADDR:   0 MEM_OUT: 995 ACC: 995 BUFF: 994 DC: 0 FLAG_ZERO: False FLAG_LT: 1 FLAG_GT: 0
INPUT_PORT:  []
OUT_PORT:  []
DATA_MEM:  [995, 463]
---------------------------------------
DEBUG    root:machine.py:309 MOD 3
TICK: 48192 PC:   6 ADDR:   0 MEM_OUT: 995 ACC: 995 BUFF: 994 DC: 0 FLAG_ZERO: False FLAG_LT: 1 FLAG_GT: 0
INPUT_PORT:  []
OUT_PORT:  []
DATA_MEM:  [995, 463]
---------------------------------------
DEBUG    root:machine.py:309 CMP 0
TICK: 48196 PC:   7 ADDR:   0 MEM_OUT: 995 ACC: 2 BUFF: 995 DC: 0 FLAG_ZERO: False FLAG_LT: 1 FLAG_GT: 0
INPUT_PORT:  []
OUT_PORT:  []
DATA_MEM:  [995, 463]
---------------------------------------
DEBUG    root:machine.py:309 JE 14
TICK: 48199 PC:   8 ADDR:   0 MEM_OUT: 995 ACC: 2 BUFF: 995 DC: 0 FLAG_ZERO: False FLAG_LT: 0 FLAG_GT: 1
INPUT_PORT:  []
OUT_PORT:  []
DATA_MEM:  [995, 463]
---------------------------------------
DEBUG    root:machine.py:309 LD 0
TICK: 48202 PC:   9 ADDR:   0 MEM_OUT: 995 ACC: 2 BUFF: 995 DC: 0 FLAG_ZERO: False FLAG_LT: 0 FLAG_GT: 1
INPUT_PORT:  []
OUT_PORT:  []
DATA_MEM:  [995, 463]
---------------------------------------
DEBUG    root:machine.py:309 MOD 5
TICK: 48206 PC:  10 ADDR:   0 MEM_OUT: 995 ACC: 995 BUFF: 995 DC: 0 FLAG_ZERO: False FLAG_LT: 0 FLAG_GT: 1
INPUT_PORT:  []
OUT_PORT:  []
DATA_MEM:  [995, 463]
---------------------------------------
DEBUG    root:machine.py:309 CMP 0
TICK: 48210 PC:  11 ADDR:   0 MEM_OUT: 995 ACC: 0 BUFF: 995 DC: 0 FLAG_ZERO: False FLAG_LT: 0 FLAG_GT: 1
INPUT_PORT:  []
OUT_PORT:  []
DATA_MEM:  [995, 463]
---------------------------------------
DEBUG    root:machine.py:309 JE 18
TICK: 48213 PC:  12 ADDR:   0 MEM_OUT: 995 ACC: 0 BUFF: 995 DC: 0 FLAG_ZERO: True FLAG_LT: 0 FLAG_GT: 0
INPUT_PORT:  []
OUT_PORT:  []
DATA_MEM:  [995, 463]
---------------------------------------
DEBUG    root:machine.py:309 LD 4
TICK: 48216 PC:  18 ADDR:   0 MEM_OUT: 995 ACC: 0 BUFF: 995 DC: 0 FLAG_ZERO: True FLAG_LT: 0 FLAG_GT: 0
INPUT_PORT:  []
OUT_PORT:  []
DATA_MEM:  [995, 463]
---------------------------------------
DEBUG    root:machine.py:309 INC 
TICK: 48220 PC:  19 ADDR:   1 MEM_OUT: 463 ACC: 463 BUFF: 995 DC: 0 FLAG_ZERO: True FLAG_LT: 0 FLAG_GT: 0
INPUT_PORT:  []
OUT_PORT:  []
DATA_MEM:  [995, 463]
---------------------------------------
DEBUG    root:machine.py:309 ST 4
TICK: 48223 PC:  20 ADDR:   1 MEM_OUT: 463 ACC: 464 BUFF: 995 DC: 0 FLAG_ZERO: True FLAG_LT: 0 FLAG_GT: 0
INPUT_PORT:  []
OUT_PORT:  []
DATA_MEM:  [995, 463]
---------------------------------------
DEBUG    root:machine.py:309 JMP 0
TICK: 48227 PC:  21 ADDR:   1 MEM_OUT: 464 ACC: 464 BUFF: 995 DC: 0 FLAG_ZERO: True FLAG_LT: 0 FLAG_GT: 0
INPUT_PORT:  []
OUT_PORT:  []
DATA_MEM:  [995, 464]
---------------------------------------
DEBUG    root:machine.py:309 LD 0
TICK: 48230 PC:   0 ADDR:   1 MEM_OUT: 464 ACC: 464 BUFF: 995 DC: 0 FLAG_ZERO: True FLAG_LT: 0 FLAG_GT: 0
INPUT_PORT:  []
OUT_PORT:  []
DATA_MEM:  [995, 464]
---------------------------------------
DEBUG    root:machine.py:309 INC 
TICK: 48234 PC:   1 ADDR:   0 MEM_OUT: 995 ACC: 995 BUFF: 995 DC: 0 FLAG_ZERO: True FLAG_LT: 0 FLAG_GT: 0
INPUT_PORT:  []
OUT_PORT:  []
DATA_MEM:  [995, 464]
---------------------------------------
DEBUG    root:machine.py:309 ST 0
TICK: 48237 PC:   2 ADDR:   0 MEM_OUT: 995 ACC: 996 BUFF: 995 DC: 0 FLAG_ZERO: True FLAG_LT: 0 FLAG_GT: 0
INPUT_PORT:  []
OUT_PORT:  []
DATA_MEM:  [995, 464]
---------------------------------------
DEBUG    root:machine.py:309 CMP 1000
TICK: 48241 PC:   3 ADDR:   0 MEM_OUT: 996 ACC: 996 BUFF: 995 DC: 0 FLAG_ZERO: True FLAG_LT: 0 FLAG_GT: 0
INPUT_PORT:  []
OUT_PORT:  []
DATA_MEM:  [996, 464]
---------------------------------------
DEBUG    root:machine.py:309 JGE 22
TICK: 48244 PC:   4 ADDR:   0 MEM_OUT: 996 ACC: 996 BUFF: 995 DC: 0 FLAG_ZERO: False FLAG_LT: 1 FLAG_GT: 0
INPUT_PORT:  []
OUT_PORT:  []
DATA_MEM:  [996, 464]
---------------------------------------
DEBUG    root:machine.py:309 LD 0
TICK: 48247 PC:   5 ADDR:   0 MEM_OUT: 996 ACC: 996 BUFF: 995 DC: 0 FLAG_ZERO: False FLAG_LT: 1 FLAG_GT: 0
INPUT_PORT:  []
OUT_PORT:  []
DATA_MEM:  [996, 464]
---------------------------------------
DEBUG    root:machine.py:309 MOD 3
TICK: 48251 PC:   6 ADDR:   0 MEM_OUT: 996 ACC: 996 BUFF: 995 DC: 0 FLAG_ZERO: False FLAG_LT: 1 FLAG_GT: 0
INPUT_PORT:  []
OUT_PORT:  []
DATA_MEM:  [996, 464]
---------------------------------------
DEBUG    root:machine.py:309 CMP 0
TICK: 48255 PC:   7 ADDR:   0 MEM_OUT: 996 ACC: 0 BUFF: 996 DC: 0 FLAG_ZERO: False FLAG_LT: 1 FLAG_GT: 0
INPUT_PORT:  []
OUT_PORT:  []
DATA_MEM:  [996, 464]
---------------------------------------
DEBUG    root:machine.py:309 JE 14
TICK: 48258 PC:   8 ADDR:   0 MEM_OUT: 996 ACC: 0 BUFF: 996 DC: 0 FLAG_ZERO: True FLAG_LT: 0 FLAG_GT: 0
INPUT_PORT:  []
OUT_PORT:  []
DATA_MEM:  [996, 464]
---------------------------------------
DEBUG    root:machine.py:309 LD 4
TICK: 48261 PC:  14 ADDR:   0 MEM_OUT: 996 ACC: 0 BUFF: 996 DC: 0 FLAG_ZERO: True FLAG_LT: 0 FLAG_GT: 0
INPUT_PORT:  []
OUT_PORT:  []
DATA_MEM:  [996, 464]
---------------------------------------
DEBUG    root:machine.py:309 INC 
TICK: 48265 PC:  15 ADDR:   1 MEM_OUT: 464 ACC: 464 BUFF: 996 DC: 0 FLAG_ZERO: True FLAG_LT: 0 FLAG_GT: 0
INPUT_PORT:  []
OUT_PORT:  []
DATA_MEM:  [996, 464]
---------------------------------------
DEBUG    root:machine.py:309 ST 4
TICK: 48268 PC:  16 ADDR:   1 MEM_OUT: 464 ACC: 465 BUFF: 996 DC: 0 FLAG_ZERO: True FLAG_LT: 0 FLAG_GT: 0
INPUT_PORT:  []
OUT_PORT:  []
DATA_MEM:  [996, 464]
---------------------------------------
DEBUG    root:machine.py:309 JMP 0
TICK: 48272 PC:  17 ADDR:   1 MEM_OUT: 465 ACC: 465 BUFF: 996 DC: 0 FLAG_ZERO: True FLAG_LT: 0 FLAG_GT: 0
INPUT_PORT:  []
OUT_PORT:  []
DATA_MEM:  [996, 465]
---------------------------------------
DEBUG    root:machine.py:309 LD 0
TICK: 48275 PC:   0 ADDR:   1 MEM_OUT: 465 ACC: 465 BUFF: 996 DC: 0 FLAG_ZERO: True FLAG_LT: 0 FLAG_GT: 0
INPUT_PORT:  []
OUT_PORT:  []
DATA_MEM:  [996, 465]
---------------------------------------
DEBUG    root:machine.py:309 INC 
TICK: 48279 PC:   1 ADDR:   0 MEM_OUT: 996 ACC: 996 BUFF: 996 DC: 0 FLAG_ZERO: True FLAG_LT: 0 FLAG_GT: 0
INPUT_PORT:  []
OUT_PORT:  []
DATA_MEM:  [996, 465]
---------------------------------------
DEBUG    root:machine.py:309 ST 0
TICK: 48282 PC:   2 ADDR:   0 MEM_OUT: 996 ACC: 997 BUFF: 996 DC: 0 FLAG_ZERO: True FLAG_LT: 0 FLAG_GT: 0
INPUT_PORT:  []
OUT_PORT:  []
DATA_MEM:  [996, 465]
---------------------------------------
DEBUG    root:machine.py:309 CMP 1000
TICK: 48286 PC:   3 ADDR:   0 MEM_OUT: 997 ACC: 997 BUFF: 996 DC: 0 FLAG_ZERO: True FLAG_LT: 0 FLAG_GT: 0
INPUT_PORT:  []
OUT_PORT:  []
DATA_MEM:  [997, 465]
---------------------------------------
DEBUG    root:machine.py:309 JGE 22
TICK: 48289 PC:   4 ADDR:   0 MEM_OUT: 997 ACC: 997 BUFF: 996 DC: 0 FLAG_ZERO: False FLAG_LT: 1 FLAG_GT: 0
INPUT_PORT:  []
OUT_PORT:  []
DATA_MEM:  [997, 465]
---------------------------------------
DEBUG    root:machine.py:309 LD 0
TICK: 48292 PC:   5 ADDR:   0 MEM_OUT: 997 ACC: 997 BUFF: 996 DC: 0 FLAG_ZERO: False FLAG_LT: 1 FLAG_GT: 0
INPUT_PORT:  []
OUT_PORT:  []
DATA_MEM:  [997, 465]
---------------------------------------
DEBUG    root:machine.py:309 MOD 3
TICK: 48296 PC:   6 ADDR:   0 MEM_OUT: 997 ACC: 997 BUFF: 996 DC: 0 FLAG_ZERO: False FLAG_LT: 1 FLAG_GT: 0
INPUT_PORT:  []
OUT_PORT:  []
DATA_MEM:  [997, 465]
---------------------------------------
DEBUG    root:machine.py:309 CMP 0
TICK: 48300 PC:   7 ADDR:   0 MEM_OUT: 997 ACC: 1 BUFF: 997 DC: 0 FLAG_ZERO: False FLAG_LT: 1 FLAG_GT: 0
INPUT_PORT:  []
OUT_PORT:  []
DATA_MEM:  [997, 465]
---------------------------------------
DEBUG    root:machine.py:309 JE 14
TICK: 48303 PC:   8 ADDR:   0 MEM_OUT: 997 ACC: 1 BUFF: 997 DC: 0 FLAG_ZERO: False FLAG_LT: 0 FLAG_GT: 1
INPUT_PORT:  []
OUT_PORT:  []
DATA_MEM:  [997, 465]
---------------------------------------
DEBUG    root:machine.py:309 LD 0
TICK: 48306 PC:   9 ADDR:   0 MEM_OUT: 997 ACC: 1 BUFF: 997 DC: 0 FLAG_ZERO: False FLAG_LT: 0 FLAG_GT: 1
INPUT_PORT:  []
OUT_PORT:  []
DATA_MEM:  [997, 465]
---------------------------------------
DEBUG    root:machine.py:309 MOD 5
TICK: 48310 PC:  10 ADDR:   0 MEM_OUT: 997 ACC: 997 BUFF: 997 DC: 0 FLAG_ZERO: False FLAG_LT: 0 FLAG_GT: 1
INPUT_PORT:  []
OUT_PORT:  []
DATA_MEM:  [997, 465]
---------------------------------------
DEBUG    root:machine.py:309 CMP 0
TICK: 48314 PC:  11 ADDR:   0 MEM_OUT: 997 ACC: 2 BUFF: 997 DC: 0 FLAG_ZERO: False FLAG_LT: 0 FLAG_GT: 1
INPUT_PORT:  []
OUT_PORT:  []
DATA_MEM:  [997, 465]
---------------------------------------
DEBUG    root:machine.py:309 JE 18
TICK: 48317 PC:  12 ADDR:   0 MEM_OUT: 997 ACC: 2 BUFF: 997 DC: 0 FLAG_ZERO: False FLAG_LT: 0 FLAG_GT: 1
INPUT_PORT:  []
OUT_PORT:  []
DATA_MEM:  [997, 465]
---------------------------------------
DEBUG    root:machine.py:309 JMP 0
TICK: 48320 PC:  13 ADDR:   0 MEM_OUT: 997 ACC: 2 BUFF: 997 DC: 0 FLAG_ZERO: False FLAG_LT: 0 FLAG_GT: 1
INPUT_PORT:  []
OUT_PORT:  []
DATA_MEM:  [997, 465]
---------------------------------------
DEBUG    root:machine.py:309 LD 0
TICK: 48323 PC:   0 ADDR:   0 MEM_OUT: 997 ACC: 2 BUFF: 997 DC: 0 FLAG_ZERO: False FLAG_LT: 0 FLAG_GT: 1
INPUT_PORT:  []
OUT_PORT:  []
DATA_MEM:  [997, 465]
---------------------------------------
DEBUG    root:machine.py:309 INC 
TICK: 48327 PC:   1 ADDR:   0 MEM_OUT: 997 ACC: 997 BUFF: 997 DC: 0 FLAG_ZERO: False FLAG_LT: 0 FLAG_GT: 1
INPUT_PORT:  []
OUT_PORT:  []
DATA_MEM:  [997, 465]
---------------------------------------
DEBUG    root:machine.py:309 ST 0
TICK: 48330 PC:   2 ADDR:   0 MEM_OUT: 997 ACC: 998 BUFF: 997 DC: 0 FLAG_ZERO: False FLAG_LT: 0 FLAG_GT: 1
INPUT_PORT:  []
OUT_PORT:  []
DATA_MEM:  [997, 465]
---------------------------------------
DEBUG    root:machine.py:309 CMP 1000
TICK: 48334 PC:   3 ADDR:   0 MEM_OUT: 998 ACC: 998 BUFF: 997 DC: 0 FLAG_ZERO: False FLAG_LT: 0 FLAG_GT: 1
INPUT_PORT:  []
OUT_PORT:  []
DATA_MEM:  [998, 465]
---------------------------------------
DEBUG    root:machine.py:309 JGE 22
TICK: 48337 PC:   4 ADDR:   0 MEM_OUT: 998 ACC: 998 BUFF: 997 DC: 0 FLAG_ZERO: False FLAG_LT: 1 FLAG_GT: 0
INPUT_PORT:  []
OUT_PORT:  []
DATA_MEM:  [998, 465]
---------------------------------------
DEBUG    root:machine.py:309 LD 0
TICK: 48340 PC:   5 ADDR:   0 MEM_OUT: 998 ACC: 998 BUFF: 997 DC: 0 FLAG_ZERO: False FLAG_LT: 1 FLAG_GT: 0
INPUT_PORT:  []
OUT_PORT:  []
DATA_MEM:  [998, 465]
---------------------------------------
DEBUG    root:machine.py:309 MOD 3
TICK: 48344 PC:   6 ADDR:   0 MEM_OUT: 998 ACC: 998 BUFF: 997 DC: 0 FLAG_ZERO: False FLAG_LT: 1 FLAG_GT: 0
INPUT_PORT:  []
OUT_PORT:  []
DATA_MEM:  [998, 465]
---------------------------------------
DEBUG    root:machine.py:309 CMP 0
TICK: 48348 PC:   7 ADDR:   0 MEM_OUT: 998 ACC: 2 BUFF: 998 DC: 0 FLAG_ZERO: False FLAG_LT: 1 FLAG_GT: 0
INPUT_PORT:  []
OUT_PORT:  []
DATA_MEM:  [998, 465]
---------------------------------------
DEBUG    root:machine.py:309 JE 14
TICK: 48351 PC:   8 ADDR:   0 MEM_OUT: 998 ACC: 2 BUFF: 998 DC: 0 FLAG_ZERO: False FLAG_LT: 0 FLAG_GT: 1
INPUT_PORT:  []
OUT_PORT:  []
DATA_MEM:  [998, 465]
---------------------------------------
DEBUG    root:machine.py:309 LD 0
TICK: 48354 PC:   9 ADDR:   0 MEM_OUT: 998 ACC: 2 BUFF: 998 DC: 0 FLAG_ZERO: False FLAG_LT: 0 FLAG_GT: 1
INPUT_PORT:  []
OUT_PORT:  []
DATA_MEM:  [998, 465]
---------------------------------------
DEBUG    root:machine.py:309 MOD 5
TICK: 48358 PC:  10 ADDR:   0 MEM_OUT: 998 ACC: 998 BUFF: 998 DC: 0 FLAG_ZERO: False FLAG_LT: 0 FLAG_GT: 1
INPUT_PORT:  []
OUT_PORT:  []
DATA_MEM:  [998, 465]
---------------------------------------
DEBUG    root:machine.py:309 CMP 0
TICK: 48362 PC:  11 ADDR:   0 MEM_OUT: 998 ACC: 3 BUFF: 998 DC: 0 FLAG_ZERO: False FLAG_LT: 0 FLAG_GT: 1
INPUT_PORT:  []
OUT_PORT:  []
DATA_MEM:  [998, 465]
---------------------------------------
DEBUG    root:machine.py:309 JE 18
TICK: 48365 PC:  12 ADDR:   0 MEM_OUT: 998 ACC: 3 BUFF: 998 DC: 0 FLAG_ZERO: False FLAG_LT: 0 FLAG_GT: 1
INPUT_PORT:  []
OUT_PORT:  []
DATA_MEM:  [998, 465]
---------------------------------------
DEBUG    root:machine.py:309 JMP 0
TICK: 48368 PC:  13 ADDR:   0 MEM_OUT: 998 ACC: 3 BUFF: 998 DC: 0 FLAG_ZERO: False FLAG_LT: 0 FLAG_GT: 1
INPUT_PORT:  []
OUT_PORT:  []
DATA_MEM:  [998, 465]
---------------------------------------
DEBUG    root:machine.py:309 LD 0
TICK: 48371 PC:   0 ADDR:   0 MEM_OUT: 998 ACC: 3 BUFF: 998 DC: 0 FLAG_ZERO: False FLAG_LT: 0 FLAG_GT: 1
INPUT_PORT:  []
OUT_PORT:  []
DATA_MEM:  [998, 465]
---------------------------------------
DEBUG    root:machine.py:309 INC 
TICK: 48375 PC:   1 ADDR:   0 MEM_OUT: 998 ACC: 998 BUFF: 998 DC: 0 FLAG_ZERO: False FLAG_LT: 0 FLAG_GT: 1
INPUT_PORT:  []
OUT_PORT:  []
DATA_MEM:  [998, 465]
---------------------------------------
DEBUG    root:machine.py:309 ST 0
TICK: 48378 PC:   2 ADDR:   0 MEM_OUT: 998 ACC: 999 BUFF: 998 DC: 0 FLAG_ZERO: False FLAG_LT: 0 FLAG_GT: 1
INPUT_PORT:  []
OUT_PORT:  []
DATA_MEM:  [998, 465]
---------------------------------------
DEBUG    root:machine.py:309 CMP 1000
TICK: 48382 PC:   3 ADDR:   0 MEM_OUT: 999 ACC: 999 BUFF: 998 DC: 0 FLAG_ZERO: False FLAG_LT: 0 FLAG_GT: 1
INPUT_PORT:  []
OUT_PORT:  []
DATA_MEM:  [999, 465]
---------------------------------------
DEBUG    root:machine.py:309 JGE 22
TICK: 48385 PC:   4 ADDR:   0 MEM_OUT: 999 ACC: 999 BUFF: 998 DC: 0 FLAG_ZERO: False FLAG_LT: 1 FLAG_GT: 0
INPUT_PORT:  []
OUT_PORT:  []
DATA_MEM:  [999, 465]
---------------------------------------
DEBUG    root:machine.py:309 LD 0
TICK: 48388 PC:   5 ADDR:   0 MEM_OUT: 999 ACC: 999 BUFF: 998 DC: 0 FLAG_ZERO: False FLAG_LT: 1 FLAG_GT: 0
INPUT_PORT:  []
OUT_PORT:  []
DATA_MEM:  [999, 465]
---------------------------------------
DEBUG    root:machine.py:309 MOD 3
TICK: 48392 PC:   6 ADDR:   0 MEM_OUT: 999 ACC: 999 BUFF: 998 DC: 0 FLAG_ZERO: False FLAG_LT: 1 FLAG_GT: 0
INPUT_PORT:  []
OUT_PORT:  []
DATA_MEM:  [999, 465]
---------------------------------------
DEBUG    root:machine.py:309 CMP 0
TICK: 48396 PC:   7 ADDR:   0 MEM_OUT: 999 ACC: 0 BUFF: 999 DC: 0 FLAG_ZERO: False FLAG_LT: 1 FLAG_GT: 0
INPUT_PORT:  []
OUT_PORT:  []
DATA_MEM:  [999, 465]
---------------------------------------
DEBUG    root:machine.py:309 JE 14
TICK: 48399 PC:   8 ADDR:   0 MEM_OUT: 999 ACC: 0 BUFF: 999 DC: 0 FLAG_ZERO: True FLAG_LT: 0 FLAG_GT: 0
INPUT_PORT:  []
OUT_PORT:  []
DATA_MEM:  [999, 465]
---------------------------------------
DEBUG    root:machine.py:309 LD 4
TICK: 48402 PC:  14 ADDR:   0 MEM_OUT: 999 ACC: 0 BUFF: 999 DC: 0 FLAG_ZERO: True FLAG_LT: 0 FLAG_GT: 0
INPUT_PORT:  []
OUT_PORT:  []
DATA_MEM:  [999, 465]
---------------------------------------
DEBUG    root:machine.py:309 INC 
TICK: 48406 PC:  15 ADDR:   1 MEM_OUT: 465 ACC: 465 BUFF: 999 DC: 0 FLAG_ZERO: True FLAG_LT: 0 FLAG_GT: 0
INPUT_PORT:  []
OUT_PORT:  []
DATA_MEM:  [999, 465]
---------------------------------------
DEBUG    root:machine.py:309 ST 4
TICK: 48409 PC:  16 ADDR:   1 MEM_OUT: 465 ACC: 466 BUFF: 999 DC: 0 FLAG_ZERO: True FLAG_LT: 0 FLAG_GT: 0
INPUT_PORT:  []
OUT_PORT:  []
DATA_MEM:  [999, 465]
---------------------------------------
DEBUG    root:machine.py:309 JMP 0
TICK: 48413 PC:  17 ADDR:   1 MEM_OUT: 466 ACC: 466 BUFF: 999 DC: 0 FLAG_ZERO: True FLAG_LT: 0 FLAG_GT: 0
INPUT_PORT:  []
OUT_PORT:  []
DATA_MEM:  [999, 466]
---------------------------------------
DEBUG    root:machine.py:309 LD 0
TICK: 48416 PC:   0 ADDR:   1 MEM_OUT: 466 ACC: 466 BUFF: 999 DC: 0 FLAG_ZERO: True FLAG_LT: 0 FLAG_GT: 0
INPUT_PORT:  []
OUT_PORT:  []
DATA_MEM:  [999, 466]
---------------------------------------
DEBUG    root:machine.py:309 INC 
TICK: 48420 PC:   1 ADDR:   0 MEM_OUT: 999 ACC: 999 BUFF: 999 DC: 0 FLAG_ZERO: True FLAG_LT: 0 FLAG_GT: 0
INPUT_PORT:  []
OUT_PORT:  []
DATA_MEM:  [999, 466]
---------------------------------------
DEBUG    root:machine.py:309 ST 0
TICK: 48423 PC:   2 ADDR:   0 MEM_OUT: 999 ACC: 1000 BUFF: 999 DC: 0 FLAG_ZERO: True FLAG_LT: 0 FLAG_GT: 0
INPUT_PORT:  []
OUT_PORT:  []
DATA_MEM:  [999, 466]
---------------------------------------
DEBUG    root:machine.py:309 CMP 1000
TICK: 48427 PC:   3 ADDR:   0 MEM_OUT: 1000 ACC: 1000 BUFF: 999 DC: 0 FLAG_ZERO: True FLAG_LT: 0 FLAG_GT: 0
INPUT_PORT:  []
OUT_PORT:  []
DATA_MEM:  [1000, 466]
---------------------------------------
DEBUG    root:machine.py:309 JGE 22
TICK: 48430 PC:   4 ADDR:   0 MEM_OUT: 1000 ACC: 1000 BUFF: 999 DC: 0 FLAG_ZERO: False FLAG_LT: 0 FLAG_GT: 0
INPUT_PORT:  []
OUT_PORT:  []
DATA_MEM:  [1000, 466]
---------------------------------------
DEBUG    root:machine.py:309 LD 0
TICK: 48433 PC:   5 ADDR:   0 MEM_OUT: 1000 ACC: 1000 BUFF: 999 DC: 0 FLAG_ZERO: False FLAG_LT: 0 FLAG_GT: 0
INPUT_PORT:  []
OUT_PORT:  []
DATA_MEM:  [1000, 466]
---------------------------------------
DEBUG    root:machine.py:309 MOD 3
TICK: 48437 PC:   6 ADDR:   0 MEM_OUT: 1000 ACC: 1000 BUFF: 999 DC: 0 FLAG_ZERO: False FLAG_LT: 0 FLAG_GT: 0
INPUT_PORT:  []
OUT_PORT:  []
DATA_MEM:  [1000, 466]
---------------------------------------
DEBUG    root:machine.py:309 CMP 0
TICK: 48441 PC:   7 ADDR:   0 MEM_OUT: 1000 ACC: 1 BUFF: 1000 DC: 0 FLAG_ZERO: False FLAG_LT: 0 FLAG_GT: 0
INPUT_PORT:  []
OUT_PORT:  []
DATA_MEM:  [1000, 466]
---------------------------------------
DEBUG    root:machine.py:309 JE 14
TICK: 48444 PC:   8 ADDR:   0 MEM_OUT: 1000 ACC: 1 BUFF: 1000 DC: 0 FLAG_ZERO: False FLAG_LT: 0 FLAG_GT: 1
INPUT_PORT:  []
OUT_PORT:  []
DATA_MEM:  [1000, 466]
---------------------------------------
DEBUG    root:machine.py:309 LD 0
TICK: 48447 PC:   9 ADDR:   0 MEM_OUT: 1000 ACC: 1 BUFF: 1000 DC: 0 FLAG_ZERO: False FLAG_LT: 0 FLAG_GT: 1
INPUT_PORT:  []
OUT_PORT:  []
DATA_MEM:  [1000, 466]
---------------------------------------
DEBUG    root:machine.py:309 MOD 5
TICK: 48451 PC:  10 ADDR:   0 MEM_OUT: 1000 ACC: 1000 BUFF: 1000 DC: 0 FLAG_ZERO: False FLAG_LT: 0 FLAG_GT: 1
INPUT_PORT:  []
OUT_PORT:  []
DATA_MEM:  [1000, 466]
---------------------------------------
DEBUG    root:machine.py:309 CMP 0
TICK: 48455 PC:  11 ADDR:   0 MEM_OUT: 1000 ACC: 0 BUFF: 1000 DC: 0 FLAG_ZERO: False FLAG_LT: 0 FLAG_GT: 1
INPUT_PORT:  []
OUT_PORT:  []
DATA_MEM:  [1000, 466]
---------------------------------------
DEBUG    root:machine.py:309 JE 18
TICK: 48458 PC:  12 ADDR:   0 MEM_OUT: 1000 ACC: 0 BUFF: 1000 DC: 0 FLAG_ZERO: True FLAG_LT: 0 FLAG_GT: 0
INPUT_PORT:  []
OUT_PORT:  []
DATA_MEM:  [1000, 466]
---------------------------------------
DEBUG    root:machine.py:309 LD 4
TICK: 48461 PC:  18 ADDR:   0 MEM_OUT: 1000 ACC: 0 BUFF: 1000 DC: 0 FLAG_ZERO: True FLAG_LT: 0 FLAG_GT: 0
INPUT_PORT:  []
OUT_PORT:  []
DATA_MEM:  [1000, 466]
---------------------------------------
DEBUG    root:machine.py:309 INC 
TICK: 48465 PC:  19 ADDR:   1 MEM_OUT: 466 ACC: 466 BUFF: 1000 DC: 0 FLAG_ZERO: True FLAG_LT: 0 FLAG_GT: 0
INPUT_PORT:  []
OUT_PORT:  []
DATA_MEM:  [1000, 466]
---------------------------------------
DEBUG    root:machine.py:309 ST 4
TICK: 48468 PC:  20 ADDR:   1 MEM_OUT: 466 ACC: 467 BUFF: 1000 DC: 0 FLAG_ZERO: True FLAG_LT: 0 FLAG_GT: 0
INPUT_PORT:  []
OUT_PORT:  []
DATA_MEM:  [1000, 466]
---------------------------------------
DEBUG    root:machine.py:309 JMP 0
TICK: 48472 PC:  21 ADDR:   1 MEM_OUT: 467 ACC: 467 BUFF: 1000 DC: 0 FLAG_ZERO: True FLAG_LT: 0 FLAG_GT: 0
INPUT_PORT:  []
OUT_PORT:  []
DATA_MEM:  [1000, 467]
---------------------------------------
DEBUG    root:machine.py:309 LD 0
TICK: 48475 PC:   0 ADDR:   1 MEM_OUT: 467 ACC: 467 BUFF: 1000 DC: 0 FLAG_ZERO: True FLAG_LT: 0 FLAG_GT: 0
INPUT_PORT:  []
OUT_PORT:  []
DATA_MEM:  [1000, 467]
---------------------------------------
DEBUG    root:machine.py:309 INC 
TICK: 48479 PC:   1 ADDR:   0 MEM_OUT: 1000 ACC: 1000 BUFF: 1000 DC: 0 FLAG_ZERO: True FLAG_LT: 0 FLAG_GT: 0
INPUT_PORT:  []
OUT_PORT:  []
DATA_MEM:  [1000, 467]
---------------------------------------
DEBUG    root:machine.py:309 ST 0
TICK: 48482 PC:   2 ADDR:   0 MEM_OUT: 1000 ACC: 1001 BUFF: 1000 DC: 0 FLAG_ZERO: True FLAG_LT: 0 FLAG_GT: 0
INPUT_PORT:  []
OUT_PORT:  []
DATA_MEM:  [1000, 467]
---------------------------------------
DEBUG    root:machine.py:309 CMP 1000
TICK: 48486 PC:   3 ADDR:   0 MEM_OUT: 1001 ACC: 1001 BUFF: 1000 DC: 0 FLAG_ZERO: True FLAG_LT: 0 FLAG_GT: 0
INPUT_PORT:  []
OUT_PORT:  []
DATA_MEM:  [1001, 467]
---------------------------------------
DEBUG    root:machine.py:309 JGE 22
TICK: 48489 PC:   4 ADDR:   0 MEM_OUT: 1001 ACC: 1001 BUFF: 1000 DC: 0 FLAG_ZERO: False FLAG_LT: 0 FLAG_GT: 1
INPUT_PORT:  []
OUT_PORT:  []
DATA_MEM:  [1001, 467]
---------------------------------------
DEBUG    root:machine.py:309 HLT 
TICK: 48492 PC:  22 ADDR:   0 MEM_OUT: 1001 ACC: 1001 BUFF: 1000 DC: 0 FLAG_ZERO: False FLAG_LT: 0 FLAG_GT: 1
INPUT_PORT:  []
OUT_PORT:  []
DATA_MEM:  [1001, 467]
---------------------------------------
INFO     root:machine.py:317 output_buffer: ''
